06-05 17:06:47.038 10335 10354 D M_InsDal: Lcom/fsck/k9/mail/filter/PeekableInputStream;--->peek()I
06-05 17:06:47.038 10335 10354 D M_InsDal: Lcom/fsck/k9/mail/store/imap/ImapResponseParser;--->parseToken(Lcom/fsck/k9/mail/store/imap/ImapList;)Ljava/lang/Object;
06-05 17:06:47.038 10335 10354 D M_InsDal: Lcom/fsck/k9/mail/filter/PeekableInputStream;--->peek()I
06-05 17:06:47.038 10335 10354 D M_InsDal: Lcom/fsck/k9/mail/store/imap/ImapResponseParser;--->expect(C)V
06-05 17:06:47.038 10335 10354 D M_InsDal: Lcom/fsck/k9/mail/filter/PeekableInputStream;--->read()I
06-05 17:06:47.038 10335 10354 D M_InsDal: Lcom/fsck/k9/mail/filter/PeekableInputStream;--->peek()I
06-05 17:06:47.038 10335 10354 D M_InsDal: Lcom/fsck/k9/mail/store/imap/ImapResponseParser;--->parseBareString(Z)Ljava/lang/String;
06-05 17:06:47.038 10335 10354 D M_InsDal: Lcom/fsck/k9/mail/filter/PeekableInputStream;--->peek()I
06-05 17:06:47.038 10335 10354 D M_InsDal: Lcom/fsck/k9/mail/filter/PeekableInputStream;--->read()I
06-05 17:06:47.038 10335 10354 D M_InsDal: Lcom/fsck/k9/mail/filter/PeekableInputStream;--->peek()I
06-05 17:06:47.038 10335 10354 D M_InsDal: Lcom/fsck/k9/mail/filter/PeekableInputStream;--->read()I
06-05 17:06:47.038 10335 10354 D M_InsDal: Lcom/fsck/k9/mail/filter/PeekableInputStream;--->peek()I
06-05 17:06:47.038 10335 10354 D M_InsDal: Lcom/fsck/k9/mail/filter/PeekableInputStream;--->read()I
06-05 17:06:47.038 10335 10354 D M_InsDal: Lcom/fsck/k9/mail/filter/PeekableInputStream;--->peek()I
06-05 17:06:47.038 10335 10354 D M_InsDal: Lcom/fsck/k9/mail/filter/PeekableInputStream;--->read()I
06-05 17:06:47.038 10335 10354 D M_InsDal: Lcom/fsck/k9/mail/filter/PeekableInputStream;--->peek()I
06-05 17:06:47.038 10335 10354 D M_InsDal: Lcom/fsck/k9/mail/store/imap/ImapResponseParser;--->parseToken(Lcom/fsck/k9/mail/store/imap/ImapList;)Ljava/lang/Object;
06-05 17:06:47.038 10335 10354 D M_InsDal: Lcom/fsck/k9/mail/filter/PeekableInputStream;--->peek()I
06-05 17:06:47.038 10335 10354 D M_InsDal: Lcom/fsck/k9/mail/store/imap/ImapResponseParser;--->parseList(Lcom/fsck/k9/mail/store/imap/ImapList;CC)Lcom/fsck/k9/mail/store/imap/ImapList;
06-05 17:06:47.038 10335 10354 D M_InsDal: Lcom/fsck/k9/mail/store/imap/ImapResponseParser;--->expect(C)V
06-05 17:06:47.038 10335 10354 D M_InsDal: Lcom/fsck/k9/mail/filter/PeekableInputStream;--->read()I
06-05 17:06:47.038 10335 10354 D M_InsDal: Lcom/fsck/k9/mail/store/imap/ImapList;---><init>()V
06-05 17:06:47.038 10335 10354 D M_InsDal: Lcom/fsck/k9/mail/store/imap/ImapResponseParser;--->parseToken(Lcom/fsck/k9/mail/store/imap/ImapList;)Ljava/lang/Object;
06-05 17:06:47.038 10335 10354 D M_InsDal: Lcom/fsck/k9/mail/filter/PeekableInputStream;--->peek()I
06-05 17:06:47.038 10335 10354 D M_InsDal: Lcom/fsck/k9/mail/store/imap/ImapResponseParser;--->parseBareString(Z)Ljava/lang/String;
06-05 17:06:47.038 10335 10354 D M_InsDal: Lcom/fsck/k9/mail/filter/PeekableInputStream;--->peek()I
06-05 17:06:47.038 10335 10354 D M_InsDal: Lcom/fsck/k9/mail/filter/PeekableInputStream;--->read()I
06-05 17:06:47.038 10335 10354 D M_InsDal: Lcom/fsck/k9/mail/filter/PeekableInputStream;--->peek()I
06-05 17:06:47.038 10335 10354 D M_InsDal: Lcom/fsck/k9/mail/filter/PeekableInputStream;--->read()I
06-05 17:06:47.038 10335 10354 D M_InsDal: Lcom/fsck/k9/mail/filter/PeekableInputStream;--->peek()I
06-05 17:06:47.038 10335 10354 D M_InsDal: Lcom/fsck/k9/mail/filter/PeekableInputStream;--->read()I
06-05 17:06:47.038 10335 10354 D M_InsDal: Lcom/fsck/k9/mail/filter/PeekableInputStream;--->peek()I
06-05 17:06:47.038 10335 10354 D M_InsDal: Lcom/fsck/k9/mail/filter/PeekableInputStream;--->read()I
06-05 17:06:47.038 10335 10354 D M_InsDal: Lcom/fsck/k9/mail/filter/PeekableInputStream;--->peek()I
06-05 17:06:47.038 10335 10354 D M_InsDal: Lcom/fsck/k9/mail/filter/PeekableInputStream;--->read()I
06-05 17:06:47.038 10335 10354 D M_InsDal: Lcom/fsck/k9/mail/filter/PeekableInputStream;--->peek()I
06-05 17:06:47.038 10335 10354 D M_InsDal: Lcom/fsck/k9/mail/filter/PeekableInputStream;--->read()I
06-05 17:06:47.038 10335 10354 D M_InsDal: Lcom/fsck/k9/mail/filter/PeekableInputStream;--->peek()I
06-05 17:06:47.038 10335 10354 D M_InsDal: Lcom/fsck/k9/mail/filter/PeekableInputStream;--->read()I
06-05 17:06:47.038 10335 10354 D M_InsDal: Lcom/fsck/k9/mail/filter/PeekableInputStream;--->peek()I
06-05 17:06:47.038 10335 10354 D M_InsDal: Lcom/fsck/k9/mail/filter/PeekableInputStream;--->read()I
06-05 17:06:47.038 10335 10354 D M_InsDal: Lcom/fsck/k9/mail/filter/PeekableInputStream;--->peek()I
06-05 17:06:47.038 10335 10354 D M_InsDal: Lcom/fsck/k9/mail/filter/PeekableInputStream;--->read()I
06-05 17:06:47.038 10335 10406 D M_InsDal: Lcom/fsck/k9/mail/K9MailLib;--->isDebug()Z
06-05 17:06:47.038 10335 10354 D M_InsDal: Lcom/fsck/k9/mail/filter/PeekableInputStream;--->peek()I
06-05 17:06:47.038 10335 10354 D M_InsDal: Lcom/fsck/k9/mail/filter/PeekableInputStream;--->read()I
06-05 17:06:47.038 10335 10406 D M_InsDal: Lcom/fsck/k9/K9$2;--->enabled()Z
06-05 17:06:47.038 10335 10354 D M_InsDal: Lcom/fsck/k9/mail/filter/PeekableInputStream;--->peek()I
06-05 17:06:47.038 10335 10354 D M_InsDal: Lcom/fsck/k9/mail/filter/PeekableInputStream;--->read()I
06-05 17:06:47.038 10335 10406 D M_InsDal: Lcom/fsck/k9/mail/store/imap/ImapConnection;--->getLogId()Ljava/lang/String;
06-05 17:06:47.038 10335 10354 D M_InsDal: Lcom/fsck/k9/mail/filter/PeekableInputStream;--->peek()I
06-05 17:06:47.038 10335 10354 D M_InsDal: Lcom/fsck/k9/mail/filter/PeekableInputStream;--->read()I
06-05 17:06:47.038 10335 10354 D M_InsDal: Lcom/fsck/k9/mail/filter/PeekableInputStream;--->peek()I
06-05 17:06:47.038 10335 10406 D M_InsDal: Lcom/fsck/k9/mail/store/imap/ImapResponseParser;--->readStatusResponse(Ljava/lang/String;Ljava/lang/String;Ljava/lang/String;Lcom/fsck/k9/mail/store/imap/UntaggedHandler;)Ljava/util/List;
06-05 17:06:47.038 10335 10354 D M_InsDal: Lcom/fsck/k9/mail/filter/PeekableInputStream;--->read()I
06-05 17:06:47.038 10335 10406 D M_InsDal: Lcom/fsck/k9/mail/store/imap/ImapResponseParser;--->readResponse()Lcom/fsck/k9/mail/store/imap/ImapResponse;
06-05 17:06:47.038 10335 10354 D M_InsDal: Lcom/fsck/k9/mail/filter/PeekableInputStream;--->peek()I
06-05 17:06:47.038 10335 10354 D M_InsDal: Lcom/fsck/k9/mail/store/imap/ImapResponseParser;--->parseToken(Lcom/fsck/k9/mail/store/imap/ImapList;)Ljava/lang/Object;
06-05 17:06:47.038 10335 10406 D M_InsDal: Lcom/fsck/k9/mail/store/imap/ImapResponseParser;--->readResponse(Lcom/fsck/k9/mail/store/imap/ImapResponseCallback;)Lcom/fsck/k9/mail/store/imap/ImapResponse;
06-05 17:06:47.038 10335 10354 D M_InsDal: Lcom/fsck/k9/mail/filter/PeekableInputStream;--->peek()I
06-05 17:06:47.038 10335 10406 D M_InsDal: Lcom/fsck/k9/mail/filter/PeekableInputStream;--->peek()I
06-05 17:06:47.038 10335 10354 D M_InsDal: Lcom/fsck/k9/mail/store/imap/ImapResponseParser;--->expect(C)V
06-05 17:06:47.038 10335 10354 D M_InsDal: Lcom/fsck/k9/mail/filter/PeekableInputStream;--->read()I
06-05 17:06:47.038 10335 10354 D M_InsDal: Lcom/fsck/k9/mail/filter/PeekableInputStream;--->peek()I
06-05 17:06:47.038 10335 10354 D M_InsDal: Lcom/fsck/k9/mail/store/imap/ImapResponseParser;--->parseList(Lcom/fsck/k9/mail/store/imap/ImapList;CC)Lcom/fsck/k9/mail/store/imap/ImapList;
06-05 17:06:47.038 10335 10354 D M_InsDal: Lcom/fsck/k9/mail/store/imap/ImapResponseParser;--->expect(C)V
06-05 17:06:47.038 10335 10354 D M_InsDal: Lcom/fsck/k9/mail/filter/PeekableInputStream;--->read()I
06-05 17:06:47.038 10335 10354 D M_InsDal: Lcom/fsck/k9/mail/store/imap/ImapList;---><init>()V
06-05 17:06:47.038 10335 10354 D M_InsDal: Lcom/fsck/k9/mail/store/imap/ImapResponseParser;--->parseToken(Lcom/fsck/k9/mail/store/imap/ImapList;)Ljava/lang/Object;
06-05 17:06:47.038 10335 10354 D M_InsDal: Lcom/fsck/k9/mail/filter/PeekableInputStream;--->peek()I
06-05 17:06:47.038 10335 10354 D M_InsDal: Lcom/fsck/k9/mail/store/imap/ImapResponseParser;--->parseBareString(Z)Ljava/lang/String;
06-05 17:06:47.038 10335 10354 D M_InsDal: Lcom/fsck/k9/mail/filter/PeekableInputStream;--->peek()I
06-05 17:06:47.038 10335 10354 D M_InsDal: Lcom/fsck/k9/mail/filter/PeekableInputStream;--->read()I
06-05 17:06:47.038 10335 10354 D M_InsDal: Lcom/fsck/k9/mail/filter/PeekableInputStream;--->peek()I
06-05 17:06:47.038 10335 10354 D M_InsDal: Lcom/fsck/k9/mail/filter/PeekableInputStream;--->read()I
06-05 17:06:47.038 10335 10354 D M_InsDal: Lcom/fsck/k9/mail/filter/PeekableInputStream;--->peek()I
06-05 17:06:47.038 10335 10354 D M_InsDal: Lcom/fsck/k9/mail/filter/PeekableInputStream;--->read()I
06-05 17:06:47.038 10335 10354 D M_InsDal: Lcom/fsck/k9/mail/filter/PeekableInputStream;--->peek()I
06-05 17:06:47.038 10335 10354 D M_InsDal: Lcom/fsck/k9/mail/filter/PeekableInputStream;--->read()I
06-05 17:06:47.038 10335 10354 D M_InsDal: Lcom/fsck/k9/mail/filter/PeekableInputStream;--->peek()I
06-05 17:06:47.038 10335 10354 D M_InsDal: Lcom/fsck/k9/mail/store/imap/ImapResponseParser;--->parseToken(Lcom/fsck/k9/mail/store/imap/ImapList;)Ljava/lang/Object;
06-05 17:06:47.038 10335 10354 D M_InsDal: Lcom/fsck/k9/mail/filter/PeekableInputStream;--->peek()I
06-05 17:06:47.038 10335 10354 D M_InsDal: Lcom/fsck/k9/mail/store/imap/ImapResponseParser;--->expect(C)V
06-05 17:06:47.038 10335 10354 D M_InsDal: Lcom/fsck/k9/mail/filter/PeekableInputStream;--->read()I
06-05 17:06:47.038 10335 10354 D M_InsDal: Lcom/fsck/k9/mail/filter/PeekableInputStream;--->peek()I
06-05 17:06:47.038 10335 10354 D M_InsDal: Lcom/fsck/k9/mail/store/imap/ImapResponseParser;--->parseBareString(Z)Ljava/lang/String;
06-05 17:06:47.038 10335 10354 D M_InsDal: Lcom/fsck/k9/mail/filter/PeekableInputStream;--->peek()I
06-05 17:06:47.038 10335 10354 D M_InsDal: Lcom/fsck/k9/mail/filter/PeekableInputStream;--->read()I
06-05 17:06:47.038 10335 10354 D M_InsDal: Lcom/fsck/k9/mail/filter/PeekableInputStream;--->peek()I
06-05 17:06:47.038 10335 10354 D M_InsDal: Lcom/fsck/k9/mail/filter/PeekableInputStream;--->read()I
06-05 17:06:47.038 10335 10354 D M_InsDal: Lcom/fsck/k9/mail/filter/PeekableInputStream;--->peek()I
06-05 17:06:47.038 10335 10354 D M_InsDal: Lcom/fsck/k9/mail/filter/PeekableInputStream;--->read()I
06-05 17:06:47.038 10335 10354 D M_InsDal: Lcom/fsck/k9/mail/filter/PeekableInputStream;--->peek()I
06-05 17:06:47.038 10335 10354 D M_InsDal: Lcom/fsck/k9/mail/filter/PeekableInputStream;--->read()I
06-05 17:06:47.038 10335 10354 D M_InsDal: Lcom/fsck/k9/mail/filter/PeekableInputStream;--->peek()I
06-05 17:06:47.038 10335 10354 D M_InsDal: Lcom/fsck/k9/mail/filter/PeekableInputStream;--->read()I
06-05 17:06:47.038 10335 10354 D M_InsDal: Lcom/fsck/k9/mail/filter/PeekableInputStream;--->peek()I
06-05 17:06:47.038 10335 10354 D M_InsDal: Lcom/fsck/k9/mail/filter/PeekableInputStream;--->read()I
06-05 17:06:47.038 10335 10354 D M_InsDal: Lcom/fsck/k9/mail/filter/PeekableInputStream;--->peek()I
06-05 17:06:47.038 10335 10354 D M_InsDal: Lcom/fsck/k9/mail/filter/PeekableInputStream;--->read()I
06-05 17:06:47.038 10335 10354 D M_InsDal: Lcom/fsck/k9/mail/filter/PeekableInputStream;--->peek()I
06-05 17:06:47.038 10335 10354 D M_InsDal: Lcom/fsck/k9/mail/store/imap/ImapResponseParser;--->parseToken(Lcom/fsck/k9/mail/store/imap/ImapList;)Ljava/lang/Object;
06-05 17:06:47.038 10335 10354 D M_InsDal: Lcom/fsck/k9/mail/filter/PeekableInputStream;--->peek()I
06-05 17:06:47.038 10335 10354 D M_InsDal: Lcom/fsck/k9/mail/store/imap/ImapResponseParser;--->expect(C)V
06-05 17:06:47.038 10335 10354 D M_InsDal: Lcom/fsck/k9/mail/filter/PeekableInputStream;--->read()I
06-05 17:06:47.038 10335 10354 D M_InsDal: Lcom/fsck/k9/mail/filter/PeekableInputStream;--->peek()I
06-05 17:06:47.038 10335 10354 D M_InsDal: Lcom/fsck/k9/mail/store/imap/ImapResponseParser;--->parseBareString(Z)Ljava/lang/String;
06-05 17:06:47.038 10335 10354 D M_InsDal: Lcom/fsck/k9/mail/filter/PeekableInputStream;--->peek()I
06-05 17:06:47.038 10335 10354 D M_InsDal: Lcom/fsck/k9/mail/filter/PeekableInputStream;--->read()I
06-05 17:06:47.038 10335 10354 D M_InsDal: Lcom/fsck/k9/mail/filter/PeekableInputStream;--->peek()I
06-05 17:06:47.038 10335 10354 D M_InsDal: Lcom/fsck/k9/mail/filter/PeekableInputStream;--->read()I
06-05 17:06:47.038 10335 10354 D M_InsDal: Lcom/fsck/k9/mail/filter/PeekableInputStream;--->peek()I
06-05 17:06:47.038 10335 10354 D M_InsDal: Lcom/fsck/k9/mail/filter/PeekableInputStream;--->read()I
06-05 17:06:47.038 10335 10354 D M_InsDal: Lcom/fsck/k9/mail/filter/PeekableInputStream;--->peek()I
06-05 17:06:47.038 10335 10354 D M_InsDal: Lcom/fsck/k9/mail/filter/PeekableInputStream;--->read()I
06-05 17:06:47.038 10335 10354 D M_InsDal: Lcom/fsck/k9/mail/filter/PeekableInputStream;--->peek()I
06-05 17:06:47.038 10335 10354 D M_InsDal: Lcom/fsck/k9/mail/store/imap/ImapResponseParser;--->parseToken(Lcom/fsck/k9/mail/store/imap/ImapList;)Ljava/lang/Object;
06-05 17:06:47.039 10335 10354 D M_InsDal: Lcom/fsck/k9/mail/filter/PeekableInputStream;--->peek()I
06-05 17:06:47.039 10335 10354 D M_InsDal: Lcom/fsck/k9/mail/store/imap/ImapResponseParser;--->expect(C)V
06-05 17:06:47.039 10335 10354 D M_InsDal: Lcom/fsck/k9/mail/filter/PeekableInputStream;--->read()I
06-05 17:06:47.039 10335 10354 D M_InsDal: Lcom/fsck/k9/mail/filter/PeekableInputStream;--->peek()I
06-05 17:06:47.039 10335 10354 D M_InsDal: Lcom/fsck/k9/mail/store/imap/ImapResponseParser;--->parseBareString(Z)Ljava/lang/String;
06-05 17:06:47.039 10335 10354 D M_InsDal: Lcom/fsck/k9/mail/filter/PeekableInputStream;--->peek()I
06-05 17:06:47.039 10335 10354 D M_InsDal: Lcom/fsck/k9/mail/filter/PeekableInputStream;--->read()I
06-05 17:06:47.039 10335 10354 D M_InsDal: Lcom/fsck/k9/mail/filter/PeekableInputStream;--->peek()I
06-05 17:06:47.039 10335 10354 D M_InsDal: Lcom/fsck/k9/mail/filter/PeekableInputStream;--->read()I
06-05 17:06:47.039 10335 10354 D M_InsDal: Lcom/fsck/k9/mail/filter/PeekableInputStream;--->peek()I
06-05 17:06:47.039 10335 10354 D M_InsDal: Lcom/fsck/k9/mail/filter/PeekableInputStream;--->read()I
06-05 17:06:47.039 10335 10354 D M_InsDal: Lcom/fsck/k9/mail/filter/PeekableInputStream;--->peek()I
06-05 17:06:47.039 10335 10354 D M_InsDal: Lcom/fsck/k9/mail/filter/PeekableInputStream;--->read()I
06-05 17:06:47.039 10335 10354 D M_InsDal: Lcom/fsck/k9/mail/filter/PeekableInputStream;--->peek()I
06-05 17:06:47.039 10335 10354 D M_InsDal: Lcom/fsck/k9/mail/filter/PeekableInputStream;--->read()I
06-05 17:06:47.039 10335 10354 D M_InsDal: Lcom/fsck/k9/mail/filter/PeekableInputStream;--->peek()I
06-05 17:06:47.039 10335 10354 D M_InsDal: Lcom/fsck/k9/mail/filter/PeekableInputStream;--->read()I
06-05 17:06:47.039 10335 10354 D M_InsDal: Lcom/fsck/k9/mail/filter/PeekableInputStream;--->peek()I
06-05 17:06:47.039 10335 10354 D M_InsDal: Lcom/fsck/k9/mail/filter/PeekableInputStream;--->read()I
06-05 17:06:47.039 10335 10354 D M_InsDal: Lcom/fsck/k9/mail/filter/PeekableInputStream;--->peek()I
06-05 17:06:47.039 10335 10354 D M_InsDal: Lcom/fsck/k9/mail/filter/PeekableInputStream;--->read()I
06-05 17:06:47.039 10335 10354 D M_InsDal: Lcom/fsck/k9/mail/filter/PeekableInputStream;--->peek()I
06-05 17:06:47.039 10335 10354 D M_InsDal: Lcom/fsck/k9/mail/filter/PeekableInputStream;--->read()I
06-05 17:06:47.039 10335 10354 D M_InsDal: Lcom/fsck/k9/mail/filter/PeekableInputStream;--->peek()I
06-05 17:06:47.039 10335 10354 D M_InsDal: Lcom/fsck/k9/mail/filter/PeekableInputStream;--->read()I
06-05 17:06:47.039 10335 10354 D M_InsDal: Lcom/fsck/k9/mail/filter/PeekableInputStream;--->peek()I
06-05 17:06:47.039 10335 10354 D M_InsDal: Lcom/fsck/k9/mail/filter/PeekableInputStream;--->read()I
06-05 17:06:47.039 10335 10354 D M_InsDal: Lcom/fsck/k9/mail/filter/PeekableInputStream;--->peek()I
06-05 17:06:47.039 10335 10354 D M_InsDal: Lcom/fsck/k9/mail/filter/PeekableInputStream;--->read()I
06-05 17:06:47.039 10335 10354 D M_InsDal: Lcom/fsck/k9/mail/filter/PeekableInputStream;--->peek()I
06-05 17:06:47.039 10335 10354 D M_InsDal: Lcom/fsck/k9/mail/store/imap/ImapResponseParser;--->parseToken(Lcom/fsck/k9/mail/store/imap/ImapList;)Ljava/lang/Object;
06-05 17:06:47.039 10335 10354 D M_InsDal: Lcom/fsck/k9/mail/filter/PeekableInputStream;--->peek()I
06-05 17:06:47.039 10335 10354 D M_InsDal: Lcom/fsck/k9/mail/store/imap/ImapResponseParser;--->expect(C)V
06-05 17:06:47.039 10335 10354 D M_InsDal: Lcom/fsck/k9/mail/filter/PeekableInputStream;--->read()I
06-05 17:06:47.039 10335 10354 D M_InsDal: Lcom/fsck/k9/mail/filter/PeekableInputStream;--->peek()I
06-05 17:06:47.039 10335 10354 D M_InsDal: Lcom/fsck/k9/mail/store/imap/ImapResponseParser;--->parseBareString(Z)Ljava/lang/String;
06-05 17:06:47.039 10335 10354 D M_InsDal: Lcom/fsck/k9/mail/filter/PeekableInputStream;--->peek()I
06-05 17:06:47.039 10335 10354 D M_InsDal: Lcom/fsck/k9/mail/filter/PeekableInputStream;--->read()I
06-05 17:06:47.039 10335 10354 D M_InsDal: Lcom/fsck/k9/mail/filter/PeekableInputStream;--->peek()I
06-05 17:06:47.039 10335 10354 D M_InsDal: Lcom/fsck/k9/mail/filter/PeekableInputStream;--->read()I
06-05 17:06:47.039 10335 10354 D M_InsDal: Lcom/fsck/k9/mail/filter/PeekableInputStream;--->peek()I
06-05 17:06:47.039 10335 10354 D M_InsDal: Lcom/fsck/k9/mail/store/imap/ImapResponseParser;--->parseToken(Lcom/fsck/k9/mail/store/imap/ImapList;)Ljava/lang/Object;
06-05 17:06:47.039 10335 10354 D M_InsDal: Lcom/fsck/k9/mail/filter/PeekableInputStream;--->peek()I
06-05 17:06:47.039 10335 10354 D M_InsDal: Lcom/fsck/k9/mail/store/imap/ImapResponseParser;--->expect(C)V
06-05 17:06:47.039 10335 10354 D M_InsDal: Lcom/fsck/k9/mail/filter/PeekableInputStream;--->read()I
06-05 17:06:47.039 10335 10354 D M_InsDal: Lcom/fsck/k9/mail/filter/PeekableInputStream;--->peek()I
06-05 17:06:47.039 10335 10354 D M_InsDal: Lcom/fsck/k9/mail/store/imap/ImapResponseParser;--->parseBareString(Z)Ljava/lang/String;
06-05 17:06:47.039 10335 10354 D M_InsDal: Lcom/fsck/k9/mail/filter/PeekableInputStream;--->peek()I
06-05 17:06:47.039 10335 10354 D M_InsDal: Lcom/fsck/k9/mail/filter/PeekableInputStream;--->read()I
06-05 17:06:47.039 10335 10354 D M_InsDal: Lcom/fsck/k9/mail/filter/PeekableInputStream;--->peek()I
06-05 17:06:47.039 10335 10354 D M_InsDal: Lcom/fsck/k9/mail/filter/PeekableInputStream;--->read()I
06-05 17:06:47.039 10335 10354 D M_InsDal: Lcom/fsck/k9/mail/filter/PeekableInputStream;--->peek()I
06-05 17:06:47.039 10335 10354 D M_InsDal: Lcom/fsck/k9/mail/store/imap/ImapResponseParser;--->parseToken(Lcom/fsck/k9/mail/store/imap/ImapList;)Ljava/lang/Object;
06-05 17:06:47.039 10335 10354 D M_InsDal: Lcom/fsck/k9/mail/filter/PeekableInputStream;--->peek()I
06-05 17:06:47.039 10335 10354 D M_InsDal: Lcom/fsck/k9/mail/store/imap/ImapResponseParser;--->expect(C)V
06-05 17:06:47.039 10335 10354 D M_InsDal: Lcom/fsck/k9/mail/filter/PeekableInputStream;--->read()I
06-05 17:06:47.039 10335 10354 D M_InsDal: Lcom/fsck/k9/mail/filter/PeekableInputStream;--->peek()I
06-05 17:06:47.039 10335 10354 D M_InsDal: Lcom/fsck/k9/mail/store/imap/ImapResponseParser;--->parseBareString(Z)Ljava/lang/String;
06-05 17:06:47.039 10335 10354 D M_InsDal: Lcom/fsck/k9/mail/filter/PeekableInputStream;--->peek()I
06-05 17:06:47.039 10335 10354 D M_InsDal: Lcom/fsck/k9/mail/filter/PeekableInputStream;--->read()I
06-05 17:06:47.039 10335 10354 D M_InsDal: Lcom/fsck/k9/mail/filter/PeekableInputStream;--->peek()I
06-05 17:06:47.039 10335 10354 D M_InsDal: Lcom/fsck/k9/mail/filter/PeekableInputStream;--->read()I
06-05 17:06:47.039 10335 10354 D M_InsDal: Lcom/fsck/k9/mail/filter/PeekableInputStream;--->peek()I
06-05 17:06:47.039 10335 10354 D M_InsDal: Lcom/fsck/k9/mail/filter/PeekableInputStream;--->read()I
06-05 17:06:47.039 10335 10354 D M_InsDal: Lcom/fsck/k9/mail/filter/PeekableInputStream;--->peek()I
06-05 17:06:47.039 10335 10354 D M_InsDal: Lcom/fsck/k9/mail/filter/PeekableInputStream;--->read()I
06-05 17:06:47.039 10335 10354 D M_InsDal: Lcom/fsck/k9/mail/filter/PeekableInputStream;--->peek()I
06-05 17:06:47.039 10335 10354 D M_InsDal: Lcom/fsck/k9/mail/filter/PeekableInputStream;--->read()I
06-05 17:06:47.039 10335 10354 D M_InsDal: Lcom/fsck/k9/mail/filter/PeekableInputStream;--->peek()I
06-05 17:06:47.039 10335 10354 D M_InsDal: Lcom/fsck/k9/mail/filter/PeekableInputStream;--->read()I
06-05 17:06:47.039 10335 10354 D M_InsDal: Lcom/fsck/k9/mail/filter/PeekableInputStream;--->peek()I
06-05 17:06:47.039 10335 10354 D M_InsDal: Lcom/fsck/k9/mail/filter/PeekableInputStream;--->read()I
06-05 17:06:47.039 10335 10354 D M_InsDal: Lcom/fsck/k9/mail/filter/PeekableInputStream;--->peek()I
06-05 17:06:47.039 10335 10354 D M_InsDal: Lcom/fsck/k9/mail/filter/PeekableInputStream;--->read()I
06-05 17:06:47.039 10335 10354 D M_InsDal: Lcom/fsck/k9/mail/filter/PeekableInputStream;--->peek()I
06-05 17:06:47.110 10335 10354 D M_InsDal: Lcom/fsck/k9/mail/store/imap/ImapResponseParser;--->readUntaggedResponse(Lcom/fsck/k9/mail/store/imap/ImapResponseCallback;)V
06-05 17:06:47.110 10335 10354 D M_InsDal: Lcom/fsck/k9/mail/store/imap/ImapResponseParser;--->parseUntaggedResponse()V
06-05 17:06:47.110 10335 10354 D M_InsDal: Lcom/fsck/k9/mail/store/imap/ImapResponseParser;--->expect(C)V
06-05 17:06:47.110 10335 10354 D M_InsDal: Lcom/fsck/k9/mail/filter/PeekableInputStream;--->read()I
06-05 17:06:47.110 10335 10354 D M_InsDal: Lcom/fsck/k9/mail/store/imap/ImapResponseParser;--->expect(C)V
06-05 17:06:47.110 10335 10354 D M_InsDal: Lcom/fsck/k9/mail/filter/PeekableInputStream;--->read()I
06-05 17:06:47.110 10335 10354 D M_InsDal: Lcom/fsck/k9/mail/store/imap/ImapResponse;--->newUntaggedResponse(Lcom/fsck/k9/mail/store/imap/ImapResponseCallback;)Lcom/fsck/k9/mail/store/imap/ImapResponse;
06-05 17:06:47.110 10335 10354 D M_InsDal: Lcom/fsck/k9/mail/store/imap/ImapResponse;---><init>(Lcom/fsck/k9/mail/store/imap/ImapResponseCallback;ZLjava/lang/String;)V
06-05 17:06:47.110 10335 10354 D M_InsDal: Lcom/fsck/k9/mail/store/imap/ImapList;---><init>()V
06-05 17:06:47.110 10335 10354 D M_InsDal: Lcom/fsck/k9/mail/store/imap/ImapResponseParser;--->readTokens(Lcom/fsck/k9/mail/store/imap/ImapResponse;)V
06-05 17:06:47.110 10335 10354 D M_InsDal: Lcom/fsck/k9/mail/store/imap/ImapResponseParser;--->readToken(Lcom/fsck/k9/mail/store/imap/ImapResponse;)Ljava/lang/Object;
06-05 17:06:47.110 10335 10354 D M_InsDal: Lcom/fsck/k9/mail/store/imap/ImapResponseParser;--->parseToken(Lcom/fsck/k9/mail/store/imap/ImapList;)Ljava/lang/Object;
06-05 17:06:47.110 10335 10354 D M_InsDal: Lcom/fsck/k9/mail/filter/PeekableInputStream;--->peek()I
06-05 17:06:47.110 10335 10354 D M_InsDal: Lcom/fsck/k9/mail/store/imap/ImapResponseParser;--->parseBareString(Z)Ljava/lang/String;
06-05 17:06:47.110 10335 10354 D M_InsDal: Lcom/fsck/k9/mail/filter/PeekableInputStream;--->peek()I
06-05 17:06:47.110 10335 10354 D M_InsDal: Lcom/fsck/k9/mail/filter/PeekableInputStream;--->read()I
06-05 17:06:47.110 10335 10354 D M_InsDal: Lcom/fsck/k9/mail/filter/PeekableInputStream;--->peek()I
06-05 17:06:47.111 10335 10354 D M_InsDal: Lcom/fsck/k9/mail/store/imap/ImapResponseParser;--->checkTokenIsString(Ljava/lang/Object;)V
06-05 17:06:47.111 10335 10354 D M_InsDal: Lcom/fsck/k9/mail/store/imap/ImapResponseParser;--->isStatusResponse(Ljava/lang/String;)Z
06-05 17:06:47.111 10335 10354 D M_InsDal: Lcom/fsck/k9/mail/store/imap/ImapResponseParser;--->equalsIgnoreCase(Ljava/lang/Object;Ljava/lang/String;)Z
06-05 17:06:47.111 10335 10354 D M_InsDal: Lcom/fsck/k9/mail/store/imap/ImapResponseParser;--->equalsIgnoreCase(Ljava/lang/Object;Ljava/lang/String;)Z
06-05 17:06:47.111 10335 10354 D M_InsDal: Lcom/fsck/k9/mail/store/imap/ImapResponseParser;--->readToken(Lcom/fsck/k9/mail/store/imap/ImapResponse;)Ljava/lang/Object;
06-05 17:06:47.111 10335 10354 D M_InsDal: Lcom/fsck/k9/mail/store/imap/ImapResponseParser;--->parseToken(Lcom/fsck/k9/mail/store/imap/ImapList;)Ljava/lang/Object;
06-05 17:06:47.111 10335 10354 D M_InsDal: Lcom/fsck/k9/mail/filter/PeekableInputStream;--->peek()I
06-05 17:06:47.111 10335 10354 D M_InsDal: Lcom/fsck/k9/mail/store/imap/ImapResponseParser;--->expect(C)V
06-05 17:06:47.111 10335 10354 D M_InsDal: Lcom/fsck/k9/mail/filter/PeekableInputStream;--->read()I
06-05 17:06:47.111 10335 10354 D M_InsDal: Lcom/fsck/k9/mail/filter/PeekableInputStream;--->peek()I
06-05 17:06:47.111 10335 10354 D M_InsDal: Lcom/fsck/k9/mail/store/imap/ImapResponseParser;--->parseBareString(Z)Ljava/lang/String;
06-05 17:06:47.111 10335 10354 D M_InsDal: Lcom/fsck/k9/mail/filter/PeekableInputStream;--->peek()I
06-05 17:06:47.111 10335 10354 D M_InsDal: Lcom/fsck/k9/mail/filter/PeekableInputStream;--->read()I
06-05 17:06:47.111 10335 10354 D M_InsDal: Lcom/fsck/k9/mail/filter/PeekableInputStream;--->peek()I
06-05 17:06:47.111 10335 10354 D M_InsDal: Lcom/fsck/k9/mail/filter/PeekableInputStream;--->read()I
06-05 17:06:47.111 10335 10354 D M_InsDal: Lcom/fsck/k9/mail/filter/PeekableInputStream;--->peek()I
06-05 17:06:47.111 10335 10354 D M_InsDal: Lcom/fsck/k9/mail/filter/PeekableInputStream;--->read()I
06-05 17:06:47.111 10335 10354 D M_InsDal: Lcom/fsck/k9/mail/filter/PeekableInputStream;--->peek()I
06-05 17:06:47.111 10335 10354 D M_InsDal: Lcom/fsck/k9/mail/filter/PeekableInputStream;--->read()I
06-05 17:06:47.111 10335 10354 D M_InsDal: Lcom/fsck/k9/mail/filter/PeekableInputStream;--->peek()I
06-05 17:06:47.111 10335 10354 D M_InsDal: Lcom/fsck/k9/mail/filter/PeekableInputStream;--->read()I
06-05 17:06:47.111 10335 10354 D M_InsDal: Lcom/fsck/k9/mail/filter/PeekableInputStream;--->peek()I
06-05 17:06:47.111 10335 10354 D M_InsDal: Lcom/fsck/k9/mail/store/imap/ImapResponseParser;--->readToken(Lcom/fsck/k9/mail/store/imap/ImapResponse;)Ljava/lang/Object;
06-05 17:06:47.111 10335 10354 D M_InsDal: Lcom/fsck/k9/mail/store/imap/ImapResponseParser;--->parseToken(Lcom/fsck/k9/mail/store/imap/ImapList;)Ljava/lang/Object;
06-05 17:06:47.111 10335 10354 D M_InsDal: Lcom/fsck/k9/mail/filter/PeekableInputStream;--->peek()I
06-05 17:06:47.111 10335 10354 D M_InsDal: Lcom/fsck/k9/mail/store/imap/ImapResponseParser;--->expect(C)V
06-05 17:06:47.111 10335 10354 D M_InsDal: Lcom/fsck/k9/mail/filter/PeekableInputStream;--->read()I
06-05 17:06:47.111 10335 10354 D M_InsDal: Lcom/fsck/k9/mail/filter/PeekableInputStream;--->peek()I
06-05 17:06:47.111 10335 10354 D M_InsDal: Lcom/fsck/k9/mail/store/imap/ImapResponseParser;--->parseList(Lcom/fsck/k9/mail/store/imap/ImapList;CC)Lcom/fsck/k9/mail/store/imap/ImapList;
06-05 17:06:47.112 10335 10354 D M_InsDal: Lcom/fsck/k9/mail/store/imap/ImapResponseParser;--->expect(C)V
06-05 17:06:47.112 10335 10354 D M_InsDal: Lcom/fsck/k9/mail/filter/PeekableInputStream;--->read()I
06-05 17:06:47.112 10335 10354 D M_InsDal: Lcom/fsck/k9/mail/store/imap/ImapList;---><init>()V
06-05 17:06:47.112 10335 10354 D M_InsDal: Lcom/fsck/k9/mail/store/imap/ImapResponseParser;--->parseToken(Lcom/fsck/k9/mail/store/imap/ImapList;)Ljava/lang/Object;
06-05 17:06:47.112 10335 10354 D M_InsDal: Lcom/fsck/k9/mail/filter/PeekableInputStream;--->peek()I
06-05 17:06:47.112 10335 10354 D M_InsDal: Lcom/fsck/k9/mail/store/imap/ImapResponseParser;--->parseBareString(Z)Ljava/lang/String;
06-05 17:06:47.112 10335 10354 D M_InsDal: Lcom/fsck/k9/mail/filter/PeekableInputStream;--->peek()I
06-05 17:06:47.112 10335 10354 D M_InsDal: Lcom/fsck/k9/mail/filter/PeekableInputStream;--->read()I
06-05 17:06:47.112 10335 10354 D M_InsDal: Lcom/fsck/k9/mail/filter/PeekableInputStream;--->peek()I
06-05 17:06:47.112 10335 10354 D M_InsDal: Lcom/fsck/k9/mail/filter/PeekableInputStream;--->read()I
06-05 17:06:47.112 10335 10354 D M_InsDal: Lcom/fsck/k9/mail/filter/PeekableInputStream;--->peek()I
06-05 17:06:47.112 10335 10354 D M_InsDal: Lcom/fsck/k9/mail/filter/PeekableInputStream;--->read()I
06-05 17:06:47.112 10335 10354 D M_InsDal: Lcom/fsck/k9/mail/filter/PeekableInputStream;--->peek()I
06-05 17:06:47.112 10335 10354 D M_InsDal: Lcom/fsck/k9/mail/store/imap/ImapResponseParser;--->parseToken(Lcom/fsck/k9/mail/store/imap/ImapList;)Ljava/lang/Object;
06-05 17:06:47.112 10335 10354 D M_InsDal: Lcom/fsck/k9/mail/filter/PeekableInputStream;--->peek()I
06-05 17:06:47.112 10335 10354 D M_InsDal: Lcom/fsck/k9/mail/store/imap/ImapResponseParser;--->expect(C)V
06-05 17:06:47.112 10335 10354 D M_InsDal: Lcom/fsck/k9/mail/filter/PeekableInputStream;--->read()I
06-05 17:06:47.112 10335 10354 D M_InsDal: Lcom/fsck/k9/mail/filter/PeekableInputStream;--->peek()I
06-05 17:06:47.112 10335 10354 D M_InsDal: Lcom/fsck/k9/mail/store/imap/ImapResponseParser;--->parseBareString(Z)Ljava/lang/String;
06-05 17:06:47.112 10335 10354 D M_InsDal: Lcom/fsck/k9/mail/filter/PeekableInputStream;--->peek()I
06-05 17:06:47.112 10335 10354 D M_InsDal: Lcom/fsck/k9/mail/filter/PeekableInputStream;--->read()I
06-05 17:06:47.112 10335 10354 D M_InsDal: Lcom/fsck/k9/mail/filter/PeekableInputStream;--->peek()I
06-05 17:06:47.112 10335 10354 D M_InsDal: Lcom/fsck/k9/mail/store/imap/ImapResponseParser;--->parseToken(Lcom/fsck/k9/mail/store/imap/ImapList;)Ljava/lang/Object;
06-05 17:06:47.112 10335 10354 D M_InsDal: Lcom/fsck/k9/mail/filter/PeekableInputStream;--->peek()I
06-05 17:06:47.112 10335 10354 D M_InsDal: Lcom/fsck/k9/mail/store/imap/ImapResponseParser;--->expect(C)V
06-05 17:06:47.112 10335 10354 D M_InsDal: Lcom/fsck/k9/mail/filter/PeekableInputStream;--->read()I
06-05 17:06:47.112 10335 10354 D M_InsDal: Lcom/fsck/k9/mail/filter/PeekableInputStream;--->peek()I
06-05 17:06:47.112 10335 10354 D M_InsDal: Lcom/fsck/k9/mail/store/imap/ImapResponseParser;--->parseBareString(Z)Ljava/lang/String;
06-05 17:06:47.112 10335 10354 D M_InsDal: Lcom/fsck/k9/mail/filter/PeekableInputStream;--->peek()I
06-05 17:06:47.112 10335 10354 D M_InsDal: Lcom/fsck/k9/mail/filter/PeekableInputStream;--->read()I
06-05 17:06:47.112 10335 10354 D M_InsDal: Lcom/fsck/k9/mail/filter/PeekableInputStream;--->peek()I
06-05 17:06:47.112 10335 10354 D M_InsDal: Lcom/fsck/k9/mail/filter/PeekableInputStream;--->read()I
06-05 17:06:47.112 10335 10354 D M_InsDal: Lcom/fsck/k9/mail/filter/PeekableInputStream;--->peek()I
06-05 17:06:47.112 10335 10354 D M_InsDal: Lcom/fsck/k9/mail/filter/PeekableInputStream;--->read()I
06-05 17:06:47.112 10335 10354 D M_InsDal: Lcom/fsck/k9/mail/filter/PeekableInputStream;--->peek()I
06-05 17:06:47.112 10335 10354 D M_InsDal: Lcom/fsck/k9/mail/filter/PeekableInputStream;--->read()I
06-05 17:06:47.112 10335 10354 D M_InsDal: Lcom/fsck/k9/mail/filter/PeekableInputStream;--->peek()I
06-05 17:06:47.112 10335 10354 D M_InsDal: Lcom/fsck/k9/mail/store/imap/ImapResponseParser;--->parseToken(Lcom/fsck/k9/mail/store/imap/ImapList;)Ljava/lang/Object;
06-05 17:06:47.112 10335 10354 D M_InsDal: Lcom/fsck/k9/mail/filter/PeekableInputStream;--->peek()I
06-05 17:06:47.112 10335 10354 D M_InsDal: Lcom/fsck/k9/mail/store/imap/ImapResponseParser;--->parseList(Lcom/fsck/k9/mail/store/imap/ImapList;CC)Lcom/fsck/k9/mail/store/imap/ImapList;
06-05 17:06:47.112 10335 10354 D M_InsDal: Lcom/fsck/k9/mail/store/imap/ImapResponseParser;--->expect(C)V
06-05 17:06:47.112 10335 10354 D M_InsDal: Lcom/fsck/k9/mail/filter/PeekableInputStream;--->read()I
06-05 17:06:47.112 10335 10354 D M_InsDal: Lcom/fsck/k9/mail/store/imap/ImapList;---><init>()V
06-05 17:06:47.112 10335 10354 D M_InsDal: Lcom/fsck/k9/mail/store/imap/ImapResponseParser;--->parseToken(Lcom/fsck/k9/mail/store/imap/ImapList;)Ljava/lang/Object;
06-05 17:06:47.112 10335 10354 D M_InsDal: Lcom/fsck/k9/mail/filter/PeekableInputStream;--->peek()I
06-05 17:06:47.112 10335 10354 D M_InsDal: Lcom/fsck/k9/mail/store/imap/ImapResponseParser;--->expect(C)V
06-05 17:06:47.112 10335 10354 D M_InsDal: Lcom/fsck/k9/mail/filter/PeekableInputStream;--->read()I
06-05 17:06:47.112 10335 10354 D M_InsDal: Lcom/fsck/k9/mail/store/imap/ImapResponseParser;--->parseToken(Lcom/fsck/k9/mail/store/imap/ImapList;)Ljava/lang/Object;
06-05 17:06:47.112 10335 10354 D M_InsDal: Lcom/fsck/k9/mail/filter/PeekableInputStream;--->peek()I
06-05 17:06:47.112 10335 10354 D M_InsDal: Lcom/fsck/k9/mail/store/imap/ImapResponseParser;--->expect(C)V
06-05 17:06:47.112 10335 10354 D M_InsDal: Lcom/fsck/k9/mail/filter/PeekableInputStream;--->read()I
06-05 17:06:47.112 10335 10354 D M_InsDal: Lcom/fsck/k9/mail/filter/PeekableInputStream;--->peek()I
06-05 17:06:47.112 10335 10354 D M_InsDal: Lcom/fsck/k9/mail/store/imap/ImapResponseParser;--->parseLiteral()Ljava/lang/Object;
06-05 17:06:47.112 10335 10354 D M_InsDal: Lcom/fsck/k9/mail/store/imap/ImapResponseParser;--->expect(C)V
06-05 17:06:47.112 10335 10354 D M_InsDal: Lcom/fsck/k9/mail/filter/PeekableInputStream;--->read()I
06-05 17:06:47.112 10335 10354 D M_InsDal: Lcom/fsck/k9/mail/store/imap/ImapResponseParser;--->readStringUntil(C)Ljava/lang/String;
06-05 17:06:47.112 10335 10354 D M_InsDal: Lcom/fsck/k9/mail/filter/PeekableInputStream;--->read()I
06-05 17:06:47.112 10335 10354 D M_InsDal: Lcom/fsck/k9/mail/filter/PeekableInputStream;--->read()I
06-05 17:06:47.112 10335 10354 D M_InsDal: Lcom/fsck/k9/mail/store/imap/ImapResponseParser;--->expect(C)V
06-05 17:06:47.112 10335 10354 D M_InsDal: Lcom/fsck/k9/mail/filter/PeekableInputStream;--->read()I
06-05 17:06:47.112 10335 10354 D M_InsDal: Lcom/fsck/k9/mail/store/imap/ImapResponseParser;--->expect(C)V
06-05 17:06:47.112 10335 10354 D M_InsDal: Lcom/fsck/k9/mail/filter/PeekableInputStream;--->read()I
06-05 17:06:47.112 10335 10354 D M_InsDal: Lcom/fsck/k9/mail/store/imap/ImapResponse;--->getCallback()Lcom/fsck/k9/mail/store/imap/ImapResponseCallback;
06-05 17:06:47.112 10335 10354 D M_InsDal: Lcom/fsck/k9/mail/filter/FixedLengthInputStream;---><init>(Ljava/io/InputStream;I)V
06-05 17:06:47.112 10335 10354 D M_InsDal: Lcom/fsck/k9/mail/store/imap/ImapResponse;--->getCallback()Lcom/fsck/k9/mail/store/imap/ImapResponseCallback;
06-05 17:06:47.112 10335 10354 D M_InsDal: Lcom/fsck/k9/mail/store/imap/FetchBodyCallback;--->foundLiteral(Lcom/fsck/k9/mail/store/imap/ImapResponse;Lcom/fsck/k9/mail/filter/FixedLengthInputStream;)Ljava/lang/Object;
06-05 17:06:47.112 10335 10354 D M_InsDal: Lcom/fsck/k9/mail/store/imap/ImapResponse;--->getTag()Ljava/lang/String;
06-05 17:06:47.112 10335 10354 D M_InsDal: Lcom/fsck/k9/mail/store/imap/ImapResponseParser;--->equalsIgnoreCase(Ljava/lang/Object;Ljava/lang/String;)Z
06-05 17:06:47.112 10335 10354 D M_InsDal: Lcom/fsck/k9/mail/store/imap/ImapList;--->getKeyedValue(Ljava/lang/String;)Ljava/lang/Object;
06-05 17:06:47.112 10335 10354 D M_InsDal: Lcom/fsck/k9/mail/store/imap/ImapResponseParser;--->equalsIgnoreCase(Ljava/lang/Object;Ljava/lang/String;)Z
06-05 17:06:47.112 10335 10354 D M_InsDal: Lcom/fsck/k9/mail/store/imap/ImapResponseParser;--->equalsIgnoreCase(Ljava/lang/Object;Ljava/lang/String;)Z
06-05 17:06:47.112 10335 10354 D M_InsDal: Lcom/fsck/k9/mail/store/imap/ImapList;--->getKeyedString(Ljava/lang/String;)Ljava/lang/String;
06-05 17:06:47.112 10335 10354 D M_InsDal: Lcom/fsck/k9/mail/store/imap/ImapList;--->getKeyedValue(Ljava/lang/String;)Ljava/lang/Object;
06-05 17:06:47.112 10335 10354 D M_InsDal: Lcom/fsck/k9/mail/store/imap/ImapResponseParser;--->equalsIgnoreCase(Ljava/lang/Object;Ljava/lang/String;)Z
06-05 17:06:47.112 10335 10354 D M_InsDal: Lcom/fsck/k9/mail/internet/MimeMessage;--->parse(Ljava/io/InputStream;)V
06-05 17:06:47.112 10335 10354 D M_InsDal: Lcom/fsck/k9/mail/internet/MimeMessage;--->parse(Ljava/io/InputStream;Z)V
06-05 17:06:47.112 10335 10354 D M_InsDal: Lcom/fsck/k9/mail/internet/MimeHeader;--->clear()V
06-05 17:06:47.112 10335 10354 D M_InsDal: Lcom/fsck/k9/mail/DefaultBodyFactory;---><init>()V
06-05 17:06:47.112 10335 10354 D M_InsDal: Lcom/fsck/k9/mail/internet/MimeMessage$MimeMessageBuilder;---><init>(Lcom/fsck/k9/mail/internet/MimeMessage;Lcom/fsck/k9/mail/BodyFactory;)V
06-05 17:06:47.112 10335 10354 D M_InsDal: Lcom/fsck/k9/mail/internet/MimeMessage$MimeMessageBuilder;--->startMessage()V
06-05 17:06:47.112 10335 10354 D M_InsDal: Lcom/fsck/k9/mail/internet/MimeMessage$MimeMessageBuilder;--->startHeader()V
06-05 17:06:47.112 10335 10354 D M_InsDal: Lcom/fsck/k9/mail/internet/MimeMessage$MimeMessageBuilder;--->expect(Ljava/lang/Class;)V
06-05 17:06:47.112 10335 10354 D M_InsDal: Lcom/fsck/k9/mail/filter/FixedLengthInputStream;--->read()I
06-05 17:06:47.112 10335 10354 D M_InsDal: Lcom/fsck/k9/mail/filter/PeekableInputStream;--->read()I
06-05 17:06:47.112 10335 10354 D M_InsDal: Lcom/fsck/k9/mail/filter/FixedLengthInputStream;--->read()I
06-05 17:06:47.112 10335 10354 D M_InsDal: Lcom/fsck/k9/mail/filter/PeekableInputStream;--->read()I
06-05 17:06:47.112 10335 10354 D M_InsDal: Lcom/fsck/k9/mail/filter/FixedLengthInputStream;--->read()I
06-05 17:06:47.112 10335 10354 D M_InsDal: Lcom/fsck/k9/mail/filter/PeekableInputStream;--->read()I
06-05 17:06:47.112 10335 10354 D M_InsDal: Lcom/fsck/k9/mail/filter/FixedLengthInputStream;--->read()I
06-05 17:06:47.112 10335 10354 D M_InsDal: Lcom/fsck/k9/mail/filter/PeekableInputStream;--->read()I
06-05 17:06:47.112 10335 10354 D M_InsDal: Lcom/fsck/k9/mail/filter/FixedLengthInputStream;--->read()I
06-05 17:06:47.112 10335 10354 D M_InsDal: Lcom/fsck/k9/mail/filter/PeekableInputStream;--->read()I
06-05 17:06:47.112 10335 10354 D M_InsDal: Lcom/fsck/k9/mail/filter/FixedLengthInputStream;--->read()I
06-05 17:06:47.112 10335 10354 D M_InsDal: Lcom/fsck/k9/mail/filter/PeekableInputStream;--->read()I
06-05 17:06:47.112 10335 10354 D M_InsDal: Lcom/fsck/k9/mail/filter/FixedLengthInputStream;--->read()I
06-05 17:06:47.112 10335 10354 D M_InsDal: Lcom/fsck/k9/mail/filter/PeekableInputStream;--->read()I
06-05 17:06:47.112 10335 10354 D M_InsDal: Lcom/fsck/k9/mail/filter/FixedLengthInputStream;--->read()I
06-05 17:06:47.112 10335 10354 D M_InsDal: Lcom/fsck/k9/mail/filter/PeekableInputStream;--->read()I
06-05 17:06:47.112 10335 10354 D M_InsDal: Lcom/fsck/k9/mail/filter/FixedLengthInputStream;--->read()I
06-05 17:06:47.112 10335 10354 D M_InsDal: Lcom/fsck/k9/mail/filter/PeekableInputStream;--->read()I
06-05 17:06:47.112 10335 10354 D M_InsDal: Lcom/fsck/k9/mail/filter/FixedLengthInputStream;--->read()I
06-05 17:06:47.112 10335 10354 D M_InsDal: Lcom/fsck/k9/mail/filter/PeekableInputStream;--->read()I
06-05 17:06:47.112 10335 10354 D M_InsDal: Lcom/fsck/k9/mail/filter/FixedLengthInputStream;--->read()I
06-05 17:06:47.112 10335 10354 D M_InsDal: Lcom/fsck/k9/mail/filter/PeekableInputStream;--->read()I
06-05 17:06:47.112 10335 10354 D M_InsDal: Lcom/fsck/k9/mail/filter/FixedLengthInputStream;--->read()I
06-05 17:06:47.112 10335 10354 D M_InsDal: Lcom/fsck/k9/mail/filter/PeekableInputStream;--->read()I
06-05 17:06:47.112 10335 10354 D M_InsDal: Lcom/fsck/k9/mail/filter/FixedLengthInputStream;--->read()I
06-05 17:06:47.112 10335 10354 D M_InsDal: Lcom/fsck/k9/mail/filter/PeekableInputStream;--->read()I
06-05 17:06:47.112 10335 10354 D M_InsDal: Lcom/fsck/k9/mail/filter/FixedLengthInputStream;--->read()I
06-05 17:06:47.112 10335 10354 D M_InsDal: Lcom/fsck/k9/mail/filter/PeekableInputStream;--->read()I
06-05 17:06:47.112 10335 10354 D M_InsDal: Lcom/fsck/k9/mail/filter/FixedLengthInputStream;--->read()I
06-05 17:06:47.112 10335 10354 D M_InsDal: Lcom/fsck/k9/mail/filter/PeekableInputStream;--->read()I
06-05 17:06:47.112 10335 10354 D M_InsDal: Lcom/fsck/k9/mail/filter/FixedLengthInputStream;--->read()I
06-05 17:06:47.112 10335 10354 D M_InsDal: Lcom/fsck/k9/mail/filter/PeekableInputStream;--->read()I
06-05 17:06:47.112 10335 10354 D M_InsDal: Lcom/fsck/k9/mail/filter/FixedLengthInputStream;--->read()I
06-05 17:06:47.112 10335 10354 D M_InsDal: Lcom/fsck/k9/mail/filter/PeekableInputStream;--->read()I
06-05 17:06:47.112 10335 10354 D M_InsDal: Lcom/fsck/k9/mail/filter/FixedLengthInputStream;--->read()I
06-05 17:06:47.112 10335 10354 D M_InsDal: Lcom/fsck/k9/mail/filter/PeekableInputStream;--->read()I
06-05 17:06:47.112 10335 10354 D M_InsDal: Lcom/fsck/k9/mail/filter/FixedLengthInputStream;--->read()I
06-05 17:06:47.112 10335 10354 D M_InsDal: Lcom/fsck/k9/mail/filter/PeekableInputStream;--->read()I
06-05 17:06:47.112 10335 10354 D M_InsDal: Lcom/fsck/k9/mail/filter/FixedLengthInputStream;--->read()I
06-05 17:06:47.112 10335 10354 D M_InsDal: Lcom/fsck/k9/mail/filter/PeekableInputStream;--->read()I
06-05 17:06:47.112 10335 10354 D M_InsDal: Lcom/fsck/k9/mail/filter/FixedLengthInputStream;--->read()I
06-05 17:06:47.112 10335 10354 D M_InsDal: Lcom/fsck/k9/mail/filter/PeekableInputStream;--->read()I
06-05 17:06:47.112 10335 10354 D M_InsDal: Lcom/fsck/k9/mail/filter/FixedLengthInputStream;--->read()I
06-05 17:06:47.112 10335 10354 D M_InsDal: Lcom/fsck/k9/mail/filter/PeekableInputStream;--->read()I
06-05 17:06:47.112 10335 10354 D M_InsDal: Lcom/fsck/k9/mail/filter/FixedLengthInputStream;--->read()I
06-05 17:06:47.112 10335 10354 D M_InsDal: Lcom/fsck/k9/mail/filter/PeekableInputStream;--->read()I
06-05 17:06:47.112 10335 10354 D M_InsDal: Lcom/fsck/k9/mail/filter/FixedLengthInputStream;--->read()I
06-05 17:06:47.112 10335 10354 D M_InsDal: Lcom/fsck/k9/mail/filter/PeekableInputStream;--->read()I
06-05 17:06:47.112 10335 10354 D M_InsDal: Lcom/fsck/k9/mail/filter/FixedLengthInputStream;--->read()I
06-05 17:06:47.112 10335 10354 D M_InsDal: Lcom/fsck/k9/mail/filter/PeekableInputStream;--->read()I
06-05 17:06:47.112 10335 10354 D M_InsDal: Lcom/fsck/k9/mail/filter/FixedLengthInputStream;--->read()I
06-05 17:06:47.112 10335 10354 D M_InsDal: Lcom/fsck/k9/mail/filter/PeekableInputStream;--->read()I
06-05 17:06:47.112 10335 10354 D M_InsDal: Lcom/fsck/k9/mail/filter/FixedLengthInputStream;--->read()I
06-05 17:06:47.112 10335 10354 D M_InsDal: Lcom/fsck/k9/mail/filter/PeekableInputStream;--->read()I
06-05 17:06:47.112 10335 10354 D M_InsDal: Lcom/fsck/k9/mail/filter/FixedLengthInputStream;--->read()I
06-05 17:06:47.112 10335 10354 D M_InsDal: Lcom/fsck/k9/mail/filter/PeekableInputStream;--->read()I
06-05 17:06:47.112 10335 10354 D M_InsDal: Lcom/fsck/k9/mail/filter/FixedLengthInputStream;--->read()I
06-05 17:06:47.112 10335 10354 D M_InsDal: Lcom/fsck/k9/mail/filter/PeekableInputStream;--->read()I
06-05 17:06:47.112 10335 10354 D M_InsDal: Lcom/fsck/k9/mail/filter/FixedLengthInputStream;--->read()I
06-05 17:06:47.112 10335 10354 D M_InsDal: Lcom/fsck/k9/mail/filter/PeekableInputStream;--->read()I
06-05 17:06:47.112 10335 10354 D M_InsDal: Lcom/fsck/k9/mail/filter/FixedLengthInputStream;--->read()I
06-05 17:06:47.112 10335 10354 D M_InsDal: Lcom/fsck/k9/mail/filter/PeekableInputStream;--->read()I
06-05 17:06:47.112 10335 10354 D M_InsDal: Lcom/fsck/k9/mail/filter/FixedLengthInputStream;--->read()I
06-05 17:06:47.112 10335 10354 D M_InsDal: Lcom/fsck/k9/mail/filter/PeekableInputStream;--->read()I
06-05 17:06:47.112 10335 10354 D M_InsDal: Lcom/fsck/k9/mail/filter/FixedLengthInputStream;--->read()I
06-05 17:06:47.112 10335 10354 D M_InsDal: Lcom/fsck/k9/mail/filter/PeekableInputStream;--->read()I
06-05 17:06:47.112 10335 10354 D M_InsDal: Lcom/fsck/k9/mail/filter/FixedLengthInputStream;--->read()I
06-05 17:06:47.112 10335 10354 D M_InsDal: Lcom/fsck/k9/mail/filter/PeekableInputStream;--->read()I
06-05 17:06:47.112 10335 10354 D M_InsDal: Lcom/fsck/k9/mail/filter/FixedLengthInputStream;--->read()I
06-05 17:06:47.112 10335 10354 D M_InsDal: Lcom/fsck/k9/mail/filter/PeekableInputStream;--->read()I
06-05 17:06:47.112 10335 10354 D M_InsDal: Lcom/fsck/k9/mail/filter/FixedLengthInputStream;--->read()I
06-05 17:06:47.112 10335 10354 D M_InsDal: Lcom/fsck/k9/mail/filter/PeekableInputStream;--->read()I
06-05 17:06:47.112 10335 10354 D M_InsDal: Lcom/fsck/k9/mail/filter/FixedLengthInputStream;--->read()I
06-05 17:06:47.112 10335 10354 D M_InsDal: Lcom/fsck/k9/mail/filter/PeekableInputStream;--->read()I
06-05 17:06:47.112 10335 10354 D M_InsDal: Lcom/fsck/k9/mail/filter/FixedLengthInputStream;--->read()I
06-05 17:06:47.112 10335 10354 D M_InsDal: Lcom/fsck/k9/mail/filter/PeekableInputStream;--->read()I
06-05 17:06:47.112 10335 10354 D M_InsDal: Lcom/fsck/k9/mail/filter/FixedLengthInputStream;--->read()I
06-05 17:06:47.112 10335 10354 D M_InsDal: Lcom/fsck/k9/mail/filter/PeekableInputStream;--->read()I
06-05 17:06:47.112 10335 10354 D M_InsDal: Lcom/fsck/k9/mail/filter/FixedLengthInputStream;--->read()I
06-05 17:06:47.112 10335 10354 D M_InsDal: Lcom/fsck/k9/mail/filter/PeekableInputStream;--->read()I
06-05 17:06:47.112 10335 10354 D M_InsDal: Lcom/fsck/k9/mail/filter/FixedLengthInputStream;--->read()I
06-05 17:06:47.112 10335 10354 D M_InsDal: Lcom/fsck/k9/mail/filter/PeekableInputStream;--->read()I
06-05 17:06:47.112 10335 10354 D M_InsDal: Lcom/fsck/k9/mail/filter/FixedLengthInputStream;--->read()I
06-05 17:06:47.112 10335 10354 D M_InsDal: Lcom/fsck/k9/mail/filter/PeekableInputStream;--->read()I
06-05 17:06:47.112 10335 10354 D M_InsDal: Lcom/fsck/k9/mail/filter/FixedLengthInputStream;--->read()I
06-05 17:06:47.112 10335 10354 D M_InsDal: Lcom/fsck/k9/mail/filter/PeekableInputStream;--->read()I
06-05 17:06:47.112 10335 10354 D M_InsDal: Lcom/fsck/k9/mail/filter/FixedLengthInputStream;--->read()I
06-05 17:06:47.112 10335 10354 D M_InsDal: Lcom/fsck/k9/mail/filter/PeekableInputStream;--->read()I
06-05 17:06:47.112 10335 10354 D M_InsDal: Lcom/fsck/k9/mail/filter/FixedLengthInputStream;--->read()I
06-05 17:06:47.112 10335 10354 D M_InsDal: Lcom/fsck/k9/mail/filter/PeekableInputStream;--->read()I
06-05 17:06:47.112 10335 10354 D M_InsDal: Lcom/fsck/k9/mail/filter/FixedLengthInputStream;--->read()I
06-05 17:06:47.112 10335 10354 D M_InsDal: Lcom/fsck/k9/mail/filter/PeekableInputStream;--->read()I
06-05 17:06:47.112 10335 10354 D M_InsDal: Lcom/fsck/k9/mail/filter/FixedLengthInputStream;--->read()I
06-05 17:06:47.112 10335 10354 D M_InsDal: Lcom/fsck/k9/mail/filter/PeekableInputStream;--->read()I
06-05 17:06:47.112 10335 10354 D M_InsDal: Lcom/fsck/k9/mail/filter/FixedLengthInputStream;--->read()I
06-05 17:06:47.112 10335 10354 D M_InsDal: Lcom/fsck/k9/mail/filter/PeekableInputStream;--->read()I
06-05 17:06:47.112 10335 10354 D M_InsDal: Lcom/fsck/k9/mail/filter/FixedLengthInputStream;--->read()I
06-05 17:06:47.112 10335 10354 D M_InsDal: Lcom/fsck/k9/mail/filter/PeekableInputStream;--->read()I
06-05 17:06:47.112 10335 10354 D M_InsDal: Lcom/fsck/k9/mail/filter/FixedLengthInputStream;--->read()I
06-05 17:06:47.112 10335 10354 D M_InsDal: Lcom/fsck/k9/mail/filter/PeekableInputStream;--->read()I
06-05 17:06:47.112 10335 10354 D M_InsDal: Lcom/fsck/k9/mail/filter/FixedLengthInputStream;--->read()I
06-05 17:06:47.112 10335 10354 D M_InsDal: Lcom/fsck/k9/mail/filter/PeekableInputStream;--->read()I
06-05 17:06:47.112 10335 10354 D M_InsDal: Lcom/fsck/k9/mail/filter/FixedLengthInputStream;--->read()I
06-05 17:06:47.112 10335 10354 D M_InsDal: Lcom/fsck/k9/mail/filter/PeekableInputStream;--->read()I
06-05 17:06:47.112 10335 10354 D M_InsDal: Lcom/fsck/k9/mail/filter/FixedLengthInputStream;--->read()I
06-05 17:06:47.112 10335 10354 D M_InsDal: Lcom/fsck/k9/mail/filter/PeekableInputStream;--->read()I
06-05 17:06:47.112 10335 10354 D M_InsDal: Lcom/fsck/k9/mail/filter/FixedLengthInputStream;--->read()I
06-05 17:06:47.112 10335 10354 D M_InsDal: Lcom/fsck/k9/mail/filter/PeekableInputStream;--->read()I
06-05 17:06:47.112 10335 10354 D M_InsDal: Lcom/fsck/k9/mail/filter/FixedLengthInputStream;--->read()I
06-05 17:06:47.112 10335 10354 D M_InsDal: Lcom/fsck/k9/mail/filter/PeekableInputStream;--->read()I
06-05 17:06:47.112 10335 10354 D M_InsDal: Lcom/fsck/k9/mail/filter/FixedLengthInputStream;--->read()I
06-05 17:06:47.112 10335 10354 D M_InsDal: Lcom/fsck/k9/mail/filter/PeekableInputStream;--->read()I
06-05 17:06:47.112 10335 10354 D M_InsDal: Lcom/fsck/k9/mail/filter/FixedLengthInputStream;--->read()I
06-05 17:06:47.113 10335 10354 D M_InsDal: Lcom/fsck/k9/mail/filter/PeekableInputStream;--->read()I
06-05 17:06:47.113 10335 10354 D M_InsDal: Lcom/fsck/k9/mail/filter/FixedLengthInputStream;--->read()I
06-05 17:06:47.113 10335 10354 D M_InsDal: Lcom/fsck/k9/mail/filter/PeekableInputStream;--->read()I
06-05 17:06:47.113 10335 10354 D M_InsDal: Lcom/fsck/k9/mail/filter/FixedLengthInputStream;--->read()I
06-05 17:06:47.113 10335 10354 D M_InsDal: Lcom/fsck/k9/mail/filter/PeekableInputStream;--->read()I
06-05 17:06:47.113 10335 10354 D M_InsDal: Lcom/fsck/k9/mail/filter/FixedLengthInputStream;--->read()I
06-05 17:06:47.113 10335 10354 D M_InsDal: Lcom/fsck/k9/mail/filter/PeekableInputStream;--->read()I
06-05 17:06:47.113 10335 10354 D M_InsDal: Lcom/fsck/k9/mail/filter/FixedLengthInputStream;--->read()I
06-05 17:06:47.113 10335 10354 D M_InsDal: Lcom/fsck/k9/mail/filter/PeekableInputStream;--->read()I
06-05 17:06:47.113 10335 10354 D M_InsDal: Lcom/fsck/k9/mail/filter/FixedLengthInputStream;--->read()I
06-05 17:06:47.113 10335 10354 D M_InsDal: Lcom/fsck/k9/mail/filter/PeekableInputStream;--->read()I
06-05 17:06:47.113 10335 10354 D M_InsDal: Lcom/fsck/k9/mail/filter/FixedLengthInputStream;--->read()I
06-05 17:06:47.113 10335 10354 D M_InsDal: Lcom/fsck/k9/mail/filter/PeekableInputStream;--->read()I
06-05 17:06:47.113 10335 10354 D M_InsDal: Lcom/fsck/k9/mail/filter/FixedLengthInputStream;--->read()I
06-05 17:06:47.113 10335 10354 D M_InsDal: Lcom/fsck/k9/mail/filter/PeekableInputStream;--->read()I
06-05 17:06:47.113 10335 10354 D M_InsDal: Lcom/fsck/k9/mail/filter/FixedLengthInputStream;--->read()I
06-05 17:06:47.113 10335 10354 D M_InsDal: Lcom/fsck/k9/mail/filter/PeekableInputStream;--->read()I
06-05 17:06:47.113 10335 10354 D M_InsDal: Lcom/fsck/k9/mail/filter/FixedLengthInputStream;--->read()I
06-05 17:06:47.113 10335 10354 D M_InsDal: Lcom/fsck/k9/mail/filter/PeekableInputStream;--->read()I
06-05 17:06:47.113 10335 10354 D M_InsDal: Lcom/fsck/k9/mail/filter/FixedLengthInputStream;--->read()I
06-05 17:06:47.113 10335 10354 D M_InsDal: Lcom/fsck/k9/mail/filter/PeekableInputStream;--->read()I
06-05 17:06:47.113 10335 10354 D M_InsDal: Lcom/fsck/k9/mail/filter/FixedLengthInputStream;--->read()I
06-05 17:06:47.113 10335 10354 D M_InsDal: Lcom/fsck/k9/mail/filter/PeekableInputStream;--->read()I
06-05 17:06:47.113 10335 10354 D M_InsDal: Lcom/fsck/k9/mail/filter/FixedLengthInputStream;--->read()I
06-05 17:06:47.113 10335 10354 D M_InsDal: Lcom/fsck/k9/mail/filter/PeekableInputStream;--->read()I
