06-04 12:41:19.494 15619 15619 D M_InsDal: Lcom/csipsimple/utils/PreferencesProviderWrapper;--->getPreferenceBooleanValue(Ljava/lang/String;Z)Z
06-04 12:41:19.494 15619 15619 D M_InsDal: Lcom/csipsimple/api/SipConfigManager;--->getPreferenceBooleanValue(Landroid/content/Context;Ljava/lang/String;Ljava/lang/Boolean;)Ljava/lang/Boolean;
06-04 12:41:19.494 15619 15619 D M_InsDal: Lcom/csipsimple/api/SipConfigManager;--->getPrefUriForKey(Ljava/lang/String;)Landroid/net/Uri;
06-04 12:41:19.495 15595 15610 D M_InsDal: Lcom/csipsimple/service/PreferenceProvider;--->query(Landroid/net/Uri;[Ljava/lang/String;Ljava/lang/String;[Ljava/lang/String;Ljava/lang/String;)Landroid/database/Cursor;
06-04 12:41:19.495 15595 15610 D M_InsDal: Lcom/csipsimple/utils/PreferencesWrapper;--->getPreferenceBooleanValue(Ljava/lang/String;)Ljava/lang/Boolean;
06-04 12:41:19.495 15595 15610 D M_InsDal: Lcom/csipsimple/utils/PreferencesWrapper;--->gPrefBooleanValue(Landroid/content/SharedPreferences;Ljava/lang/String;)Ljava/lang/Boolean;
06-04 12:41:19.495 15595 15595 D M_InsDal: Lcom/csipsimple/ui/dialpad/DigitsEditText;--->isTextSelectable()Z
06-04 12:41:19.495 15595 15595 D M_InsDal: Lcom/csipsimple/widgets/Dialpad;--->onMeasure(II)V
06-04 12:41:19.495 15619 15619 D M_InsDal: Lcom/csipsimple/utils/PreferencesProviderWrapper;--->isValidConnectionForIncoming()Z
06-04 12:41:19.496 15619 15619 D M_InsDal: Lcom/csipsimple/utils/PreferencesProviderWrapper;--->isValidConnectionFor(Landroid/net/NetworkInfo;Ljava/lang/String;)Z
06-04 12:41:19.496 15619 15619 D M_InsDal: Lcom/csipsimple/utils/PreferencesProviderWrapper;--->isValidWifiConnectionFor(Landroid/net/NetworkInfo;Ljava/lang/String;)Z
06-04 12:41:19.496 15619 15619 D M_InsDal: Lcom/csipsimple/utils/PreferencesProviderWrapper;--->getPreferenceBooleanValue(Ljava/lang/String;Z)Z
06-04 12:41:19.496 15619 15619 D M_InsDal: Lcom/csipsimple/api/SipConfigManager;--->getPreferenceBooleanValue(Landroid/content/Context;Ljava/lang/String;Ljava/lang/Boolean;)Ljava/lang/Boolean;
06-04 12:41:19.496 15619 15619 D M_InsDal: Lcom/csipsimple/api/SipConfigManager;--->getPrefUriForKey(Ljava/lang/String;)Landroid/net/Uri;
06-04 12:41:19.496 15595 15610 D M_InsDal: Lcom/csipsimple/service/PreferenceProvider;--->query(Landroid/net/Uri;[Ljava/lang/String;Ljava/lang/String;[Ljava/lang/String;Ljava/lang/String;)Landroid/database/Cursor;
06-04 12:41:19.496 15595 15610 D M_InsDal: Lcom/csipsimple/utils/PreferencesWrapper;--->getPreferenceBooleanValue(Ljava/lang/String;)Ljava/lang/Boolean;
06-04 12:41:19.496 15595 15610 D M_InsDal: Lcom/csipsimple/utils/PreferencesWrapper;--->gPrefBooleanValue(Landroid/content/SharedPreferences;Ljava/lang/String;)Ljava/lang/Boolean;
06-04 12:41:19.497 15619 15619 D M_InsDal: Lcom/csipsimple/utils/Log;--->d(Ljava/lang/String;Ljava/lang/String;)V
06-04 12:41:19.497 15619 15619 D M_InsDal: Lcom/csipsimple/utils/PreferencesProviderWrapper;--->isValidConnectionForOutgoing()Z
06-04 12:41:19.497 15619 15619 D M_InsDal: Lcom/csipsimple/utils/PreferencesProviderWrapper;--->getPreferenceBooleanValue(Ljava/lang/String;Z)Z
06-04 12:41:19.497 15619 15619 D M_InsDal: Lcom/csipsimple/api/SipConfigManager;--->getPreferenceBooleanValue(Landroid/content/Context;Ljava/lang/String;Ljava/lang/Boolean;)Ljava/lang/Boolean;
06-04 12:41:19.497 15619 15619 D M_InsDal: Lcom/csipsimple/api/SipConfigManager;--->getPrefUriForKey(Ljava/lang/String;)Landroid/net/Uri;
06-04 12:41:19.497 15595 15610 D M_InsDal: Lcom/csipsimple/service/PreferenceProvider;--->query(Landroid/net/Uri;[Ljava/lang/String;Ljava/lang/String;[Ljava/lang/String;Ljava/lang/String;)Landroid/database/Cursor;
06-04 12:41:19.497 15595 15610 D M_InsDal: Lcom/csipsimple/utils/PreferencesWrapper;--->getPreferenceBooleanValue(Ljava/lang/String;)Ljava/lang/Boolean;
06-04 12:41:19.497 15595 15610 D M_InsDal: Lcom/csipsimple/utils/PreferencesWrapper;--->gPrefBooleanValue(Landroid/content/SharedPreferences;Ljava/lang/String;)Ljava/lang/Boolean;
06-04 12:41:19.498 15595 15595 D M_InsDal: Lcom/csipsimple/ui/SipHome$TabsAdapter;--->getCount()I
06-04 12:41:19.498 15595 15595 D M_InsDal: Lcom/csipsimple/ui/SipHome$TabsAdapter;--->getCount()I
06-04 12:41:19.498 15595 15595 D M_InsDal: Lcom/csipsimple/ui/dialpad/DialerLayout;--->onMeasure(II)V
06-04 12:41:19.498 15595 15595 D M_InsDal: Lcom/csipsimple/widgets/Dialpad;--->onMeasure(II)V
06-04 12:41:19.499 15595 15595 D M_InsDal: Lcom/csipsimple/ui/SipHome$TabsAdapter;--->getCount()I
06-04 12:41:19.499 15595 15595 D M_InsDal: Lcom/csipsimple/ui/SipHome$TabsAdapter;--->getCount()I
06-04 12:41:19.499 15619 15619 D M_InsDal: Lcom/csipsimple/utils/PreferencesProviderWrapper;--->isValidConnectionFor(Landroid/net/NetworkInfo;Ljava/lang/String;)Z
06-04 12:41:19.499 15619 15619 D M_InsDal: Lcom/csipsimple/utils/PreferencesProviderWrapper;--->isValidWifiConnectionFor(Landroid/net/NetworkInfo;Ljava/lang/String;)Z
06-04 12:41:19.499 15619 15619 D M_InsDal: Lcom/csipsimple/utils/PreferencesProviderWrapper;--->getPreferenceBooleanValue(Ljava/lang/String;Z)Z
06-04 12:41:19.499 15619 15619 D M_InsDal: Lcom/csipsimple/api/SipConfigManager;--->getPreferenceBooleanValue(Landroid/content/Context;Ljava/lang/String;Ljava/lang/Boolean;)Ljava/lang/Boolean;
06-04 12:41:19.499 15619 15619 D M_InsDal: Lcom/csipsimple/api/SipConfigManager;--->getPrefUriForKey(Ljava/lang/String;)Landroid/net/Uri;
06-04 12:41:19.499 15595 15610 D M_InsDal: Lcom/csipsimple/service/PreferenceProvider;--->query(Landroid/net/Uri;[Ljava/lang/String;Ljava/lang/String;[Ljava/lang/String;Ljava/lang/String;)Landroid/database/Cursor;
06-04 12:41:19.499 15595 15595 D M_InsDal: Lcom/csipsimple/ui/dialpad/DialerLayout;--->onMeasure(II)V
06-04 12:41:19.499 15595 15610 D M_InsDal: Lcom/csipsimple/utils/PreferencesWrapper;--->getPreferenceBooleanValue(Ljava/lang/String;)Ljava/lang/Boolean;
06-04 12:41:19.499 15595 15610 D M_InsDal: Lcom/csipsimple/utils/PreferencesWrapper;--->gPrefBooleanValue(Landroid/content/SharedPreferences;Ljava/lang/String;)Ljava/lang/Boolean;
06-04 12:41:19.499 15595 15595 D M_InsDal: Lcom/csipsimple/widgets/Dialpad;--->onMeasure(II)V
06-04 12:41:19.499 15595 15595 D M_InsDal: Lcom/csipsimple/ui/dialpad/DigitsEditText;--->onLayout(ZIIII)V
06-04 12:41:19.499 15595 15595 D M_InsDal: Lcom/csipsimple/ui/dialpad/DigitsEditText;--->setIsDigit(ZZ)V
06-04 12:41:19.500 15595 15595 D M_InsDal: Lcom/csipsimple/ui/SipHome$1;--->run()V
06-04 12:41:19.500 15595 15595 D M_InsDal: Lcom/csipsimple/ui/SipHome;--->refreshWarningTabDisplay()V
06-04 12:41:19.500 15595 15595 D M_InsDal: Lcom/csipsimple/ui/SipHome$TabsAdapter;--->getPositionForId(I)Ljava/lang/Integer;
06-04 12:41:19.500 15619 15619 D M_InsDal: Lcom/csipsimple/utils/Log;--->d(Ljava/lang/String;Ljava/lang/String;)V
06-04 12:41:19.500 15595 15595 D M_InsDal: Lcom/csipsimple/ui/SipHome$1;--->run()V
06-04 12:41:19.500 15619 15619 D M_InsDal: Lcom/csipsimple/service/SipService;--->loadStack()Z
06-04 12:41:19.500 15595 15595 D M_InsDal: Lcom/csipsimple/ui/SipHome;--->refreshWarningTabDisplay()V
06-04 12:41:19.500 15619 15619 D M_InsDal: Lcom/csipsimple/pjsip/PjSipService;---><clinit>()V
06-04 12:41:19.500 15595 15595 D M_InsDal: Lcom/csipsimple/ui/SipHome$TabsAdapter;--->getPositionForId(I)Ljava/lang/Integer;
06-04 12:41:19.500 15619 15619 D M_InsDal: Lcom/csipsimple/pjsip/PjSipService;---><init>()V
06-04 12:41:19.500 15619 15619 D M_InsDal: Lcom/csipsimple/pjsip/PjSipService;--->setService(Lcom/csipsimple/service/SipService;)V
06-04 12:41:19.501 15619 15619 D M_InsDal: Lcom/csipsimple/service/SipService;--->getPrefs()Lcom/csipsimple/utils/PreferencesProviderWrapper;
06-04 12:41:19.501 15619 15619 D M_InsDal: Lcom/csipsimple/pjsip/PjSipService;--->tryToLoadStack()Z
06-04 12:41:19.502 15595 15595 D M_InsDal: Lcom/csipsimple/ui/prefs/PrefsFast;---><init>()V
06-04 12:41:19.503 15595 15595 D M_InsDal: Lcom/csipsimple/ui/prefs/PrefsFast;--->onCreate(Landroid/os/Bundle;)V
06-04 12:41:19.511 15595 15595 D M_InsDal: Lcom/csipsimple/ui/prefs/PrefsFast;--->updateFromPrefs()V
06-04 12:41:19.511 15595 15595 D M_InsDal: Lcom/csipsimple/api/SipConfigManager;--->getPreferenceBooleanValue(Landroid/content/Context;Ljava/lang/String;)Ljava/lang/Boolean;
06-04 12:41:19.511 15595 15595 D M_InsDal: Lcom/csipsimple/api/SipConfigManager;--->getPreferenceBooleanValue(Landroid/content/Context;Ljava/lang/String;Ljava/lang/Boolean;)Ljava/lang/Boolean;
06-04 12:41:19.511 15595 15595 D M_InsDal: Lcom/csipsimple/api/SipConfigManager;--->getPrefUriForKey(Ljava/lang/String;)Landroid/net/Uri;
06-04 12:41:19.511 15595 15595 D M_InsDal: Lcom/csipsimple/service/PreferenceProvider;--->query(Landroid/net/Uri;[Ljava/lang/String;Ljava/lang/String;[Ljava/lang/String;Ljava/lang/String;)Landroid/database/Cursor;
06-04 12:41:19.511 15595 15595 D M_InsDal: Lcom/csipsimple/utils/PreferencesWrapper;--->getPreferenceBooleanValue(Ljava/lang/String;)Ljava/lang/Boolean;
06-04 12:41:19.511 15595 15595 D M_InsDal: Lcom/csipsimple/utils/PreferencesWrapper;--->gPrefBooleanValue(Landroid/content/SharedPreferences;Ljava/lang/String;)Ljava/lang/Boolean;
06-04 12:41:19.511 15595 15595 D M_InsDal: Lcom/csipsimple/api/SipConfigManager;--->getPreferenceBooleanValue(Landroid/content/Context;Ljava/lang/String;Ljava/lang/Boolean;)Ljava/lang/Boolean;
06-04 12:41:19.511 15595 15595 D M_InsDal: Lcom/csipsimple/api/SipConfigManager;--->getPrefUriForKey(Ljava/lang/String;)Landroid/net/Uri;
06-04 12:41:19.511 15595 15595 D M_InsDal: Lcom/csipsimple/service/PreferenceProvider;--->query(Landroid/net/Uri;[Ljava/lang/String;Ljava/lang/String;[Ljava/lang/String;Ljava/lang/String;)Landroid/database/Cursor;
06-04 12:41:19.511 15595 15595 D M_InsDal: Lcom/csipsimple/utils/PreferencesWrapper;--->getPreferenceBooleanValue(Ljava/lang/String;)Ljava/lang/Boolean;
06-04 12:41:19.511 15595 15595 D M_InsDal: Lcom/csipsimple/utils/PreferencesWrapper;--->gPrefBooleanValue(Landroid/content/SharedPreferences;Ljava/lang/String;)Ljava/lang/Boolean;
06-04 12:41:19.511 15595 15595 D M_InsDal: Lcom/csipsimple/api/SipConfigManager;--->getPreferenceBooleanValue(Landroid/content/Context;Ljava/lang/String;Ljava/lang/Boolean;)Ljava/lang/Boolean;
06-04 12:41:19.511 15595 15595 D M_InsDal: Lcom/csipsimple/api/SipConfigManager;--->getPrefUriForKey(Ljava/lang/String;)Landroid/net/Uri;
06-04 12:41:19.511 15595 15595 D M_InsDal: Lcom/csipsimple/service/PreferenceProvider;--->query(Landroid/net/Uri;[Ljava/lang/String;Ljava/lang/String;[Ljava/lang/String;Ljava/lang/String;)Landroid/database/Cursor;
06-04 12:41:19.511 15595 15595 D M_InsDal: Lcom/csipsimple/utils/PreferencesWrapper;--->getPreferenceBooleanValue(Ljava/lang/String;)Ljava/lang/Boolean;
06-04 12:41:19.511 15595 15595 D M_InsDal: Lcom/csipsimple/utils/PreferencesWrapper;--->gPrefBooleanValue(Landroid/content/SharedPreferences;Ljava/lang/String;)Ljava/lang/Boolean;
06-04 12:41:19.511 15595 15595 D M_InsDal: Lcom/csipsimple/api/SipConfigManager;--->getPreferenceBooleanValue(Landroid/content/Context;Ljava/lang/String;Ljava/lang/Boolean;)Ljava/lang/Boolean;
06-04 12:41:19.511 15595 15595 D M_InsDal: Lcom/csipsimple/api/SipConfigManager;--->getPrefUriForKey(Ljava/lang/String;)Landroid/net/Uri;
06-04 12:41:19.511 15595 15595 D M_InsDal: Lcom/csipsimple/service/PreferenceProvider;--->query(Landroid/net/Uri;[Ljava/lang/String;Ljava/lang/String;[Ljava/lang/String;Ljava/lang/String;)Landroid/database/Cursor;
06-04 12:41:19.511 15595 15595 D M_InsDal: Lcom/csipsimple/utils/PreferencesWrapper;--->getPreferenceBooleanValue(Ljava/lang/String;)Ljava/lang/Boolean;
06-04 12:41:19.511 15595 15595 D M_InsDal: Lcom/csipsimple/utils/PreferencesWrapper;--->gPrefBooleanValue(Landroid/content/SharedPreferences;Ljava/lang/String;)Ljava/lang/Boolean;
06-04 12:41:19.511 15595 15595 D M_InsDal: Lcom/csipsimple/api/SipConfigManager;--->getPreferenceBooleanValue(Landroid/content/Context;Ljava/lang/String;Ljava/lang/Boolean;)Ljava/lang/Boolean;
06-04 12:41:19.511 15595 15595 D M_InsDal: Lcom/csipsimple/api/SipConfigManager;--->getPrefUriForKey(Ljava/lang/String;)Landroid/net/Uri;
06-04 12:41:19.511 15595 15595 D M_InsDal: Lcom/csipsimple/service/PreferenceProvider;--->query(Landroid/net/Uri;[Ljava/lang/String;Ljava/lang/String;[Ljava/lang/String;Ljava/lang/String;)Landroid/database/Cursor;
06-04 12:41:19.511 15595 15595 D M_InsDal: Lcom/csipsimple/utils/PreferencesWrapper;--->getPreferenceBooleanValue(Ljava/lang/String;)Ljava/lang/Boolean;
06-04 12:41:19.511 15595 15595 D M_InsDal: Lcom/csipsimple/utils/PreferencesWrapper;--->gPrefBooleanValue(Landroid/content/SharedPreferences;Ljava/lang/String;)Ljava/lang/Boolean;
06-04 12:41:19.511 15595 15595 D M_InsDal: Lcom/csipsimple/api/SipConfigManager;--->getPreferenceBooleanValue(Landroid/content/Context;Ljava/lang/String;Ljava/lang/Boolean;)Ljava/lang/Boolean;
06-04 12:41:19.511 15595 15595 D M_InsDal: Lcom/csipsimple/api/SipConfigManager;--->getPrefUriForKey(Ljava/lang/String;)Landroid/net/Uri;
06-04 12:41:19.511 15595 15595 D M_InsDal: Lcom/csipsimple/service/PreferenceProvider;--->query(Landroid/net/Uri;[Ljava/lang/String;Ljava/lang/String;[Ljava/lang/String;Ljava/lang/String;)Landroid/database/Cursor;
06-04 12:41:19.511 15595 15595 D M_InsDal: Lcom/csipsimple/utils/PreferencesWrapper;--->getPreferenceBooleanValue(Ljava/lang/String;)Ljava/lang/Boolean;
06-04 12:41:19.511 15595 15595 D M_InsDal: Lcom/csipsimple/utils/PreferencesWrapper;--->gPrefBooleanValue(Landroid/content/SharedPreferences;Ljava/lang/String;)Ljava/lang/Boolean;
06-04 12:41:19.511 15595 15595 D M_InsDal: Lcom/csipsimple/api/SipConfigManager;--->getPreferenceBooleanValue(Landroid/content/Context;Ljava/lang/String;Ljava/lang/Boolean;)Ljava/lang/Boolean;
06-04 12:41:19.511 15595 15595 D M_InsDal: Lcom/csipsimple/api/SipConfigManager;--->getPrefUriForKey(Ljava/lang/String;)Landroid/net/Uri;
06-04 12:41:19.511 15595 15595 D M_InsDal: Lcom/csipsimple/service/PreferenceProvider;--->query(Landroid/net/Uri;[Ljava/lang/String;Ljava/lang/String;[Ljava/lang/String;Ljava/lang/String;)Landroid/database/Cursor;
06-04 12:41:19.511 15595 15595 D M_InsDal: Lcom/csipsimple/utils/PreferencesWrapper;--->getPreferenceBooleanValue(Ljava/lang/String;)Ljava/lang/Boolean;
06-04 12:41:19.511 15595 15595 D M_InsDal: Lcom/csipsimple/utils/PreferencesWrapper;--->gPrefBooleanValue(Landroid/content/SharedPreferences;Ljava/lang/String;)Ljava/lang/Boolean;
06-04 12:41:19.511 15595 15595 D M_InsDal: Lcom/csipsimple/api/SipConfigManager;--->getPreferenceBooleanValue(Landroid/content/Context;Ljava/lang/String;Ljava/lang/Boolean;)Ljava/lang/Boolean;
06-04 12:41:19.511 15595 15595 D M_InsDal: Lcom/csipsimple/api/SipConfigManager;--->getPrefUriForKey(Ljava/lang/String;)Landroid/net/Uri;
06-04 12:41:19.511 15595 15595 D M_InsDal: Lcom/csipsimple/service/PreferenceProvider;--->query(Landroid/net/Uri;[Ljava/lang/String;Ljava/lang/String;[Ljava/lang/String;Ljava/lang/String;)Landroid/database/Cursor;
06-04 12:41:19.511 15595 15595 D M_InsDal: Lcom/csipsimple/utils/PreferencesWrapper;--->getPreferenceBooleanValue(Ljava/lang/String;)Ljava/lang/Boolean;
06-04 12:41:19.511 15595 15595 D M_InsDal: Lcom/csipsimple/utils/PreferencesWrapper;--->gPrefBooleanValue(Landroid/content/SharedPreferences;Ljava/lang/String;)Ljava/lang/Boolean;
06-04 12:41:19.511 15595 15595 D M_InsDal: Lcom/csipsimple/api/SipConfigManager;--->getPreferenceBooleanValue(Landroid/content/Context;Ljava/lang/String;Ljava/lang/Boolean;)Ljava/lang/Boolean;
06-04 12:41:19.511 15595 15595 D M_InsDal: Lcom/csipsimple/api/SipConfigManager;--->getPrefUriForKey(Ljava/lang/String;)Landroid/net/Uri;
06-04 12:41:19.511 15595 15595 D M_InsDal: Lcom/csipsimple/service/PreferenceProvider;--->query(Landroid/net/Uri;[Ljava/lang/String;Ljava/lang/String;[Ljava/lang/String;Ljava/lang/String;)Landroid/database/Cursor;
06-04 12:41:19.511 15595 15595 D M_InsDal: Lcom/csipsimple/utils/PreferencesWrapper;--->getPreferenceBooleanValue(Ljava/lang/String;)Ljava/lang/Boolean;
06-04 12:41:19.511 15595 15595 D M_InsDal: Lcom/csipsimple/utils/PreferencesWrapper;--->gPrefBooleanValue(Landroid/content/SharedPreferences;Ljava/lang/String;)Ljava/lang/Boolean;
06-04 12:41:19.511 15595 15595 D M_InsDal: Lcom/csipsimple/api/SipConfigManager;--->getPreferenceBooleanValue(Landroid/content/Context;Ljava/lang/String;Ljava/lang/Boolean;)Ljava/lang/Boolean;
06-04 12:41:19.511 15595 15595 D M_InsDal: Lcom/csipsimple/api/SipConfigManager;--->getPrefUriForKey(Ljava/lang/String;)Landroid/net/Uri;
06-04 12:41:19.511 15595 15595 D M_InsDal: Lcom/csipsimple/service/PreferenceProvider;--->query(Landroid/net/Uri;[Ljava/lang/String;Ljava/lang/String;[Ljava/lang/String;Ljava/lang/String;)Landroid/database/Cursor;
06-04 12:41:19.511 15595 15595 D M_InsDal: Lcom/csipsimple/utils/PreferencesWrapper;--->getPreferenceBooleanValue(Ljava/lang/String;)Ljava/lang/Boolean;
06-04 12:41:19.511 15595 15595 D M_InsDal: Lcom/csipsimple/utils/PreferencesWrapper;--->gPrefBooleanValue(Landroid/content/SharedPreferences;Ljava/lang/String;)Ljava/lang/Boolean;
06-04 12:41:19.511 15595 15595 D M_InsDal: Lcom/csipsimple/ui/prefs/PrefsFast$Profile;---><clinit>()V
06-04 12:41:19.511 15595 15595 D M_InsDal: Lcom/csipsimple/ui/prefs/PrefsFast$Profile;---><init>(Ljava/lang/String;I)V
06-04 12:41:19.511 15595 15595 D M_InsDal: Lcom/csipsimple/ui/prefs/PrefsFast$Profile;---><init>(Ljava/lang/String;I)V
06-04 12:41:19.511 15595 15595 D M_InsDal: Lcom/csipsimple/ui/prefs/PrefsFast;--->setProfile(Lcom/csipsimple/ui/prefs/PrefsFast$Profile;)V
06-04 12:41:19.521 15619 15619 D M_InsDal: Lcom/csipsimple/utils/Log;--->e(Ljava/lang/String;Ljava/lang/String;Ljava/lang/Throwable;)V
06-04 12:41:19.521 15619 15619 D M_InsDal: Lcom/csipsimple/service/SipService;--->notifyUserOfMessage(Ljava/lang/String;)V
06-04 12:41:19.522 15619 15619 D M_InsDal: Lcom/csipsimple/service/SipService$ServiceHandler;--->handleMessage(Landroid/os/Message;)V
06-04 12:41:20.816 15595 15595 D M_InsDal: Lcom/csipsimple/ui/SipHome;--->onCreateOptionsMenu(Lcom/actionbarsherlock/view/Menu;)Z
06-04 12:41:20.816 15595 15595 D M_InsDal: Lcom/csipsimple/utils/CustomDistribution;--->getCustomDistributionWizard()Lcom/csipsimple/wizards/WizardUtils$WizardInfo;
06-04 12:41:20.816 15595 15595 D M_InsDal: Lcom/csipsimple/utils/CustomDistribution;--->distributionWantsOtherAccounts()Z
06-04 12:41:20.816 15595 15595 D M_InsDal: Lcom/csipsimple/utils/Compatibility;--->isCompatible(I)Z
06-04 12:41:20.816 15595 15595 D M_InsDal: Lcom/csipsimple/ui/calllog/CallLogListFragment;--->onCreateOptionsMenu(Lcom/actionbarsherlock/view/Menu;Lcom/actionbarsherlock/view/MenuInflater;)V
06-04 12:41:20.816 15595 15595 D M_InsDal: Lcom/csipsimple/ui/calllog/CallLogListFragment$3;---><init>(Lcom/csipsimple/ui/calllog/CallLogListFragment;)V
06-04 12:41:20.820 15595 15595 D M_InsDal: Lcom/csipsimple/ui/SipHome$TabsAdapter;--->getCount()I
06-04 12:41:20.820 15595 15595 D M_InsDal: Lcom/csipsimple/ui/SipHome$TabsAdapter;--->getCount()I
06-04 12:41:20.820 15595 15595 D M_InsDal: Lcom/csipsimple/ui/dialpad/DialerLayout;--->onMeasure(II)V
06-04 12:41:20.820 15595 15595 D M_InsDal: Lcom/csipsimple/widgets/Dialpad;--->onMeasure(II)V
06-04 12:41:20.821 15595 15595 D M_InsDal: Lcom/csipsimple/ui/SipHome$TabsAdapter;--->getCount()I
06-04 12:41:20.821 15595 15595 D M_InsDal: Lcom/csipsimple/ui/SipHome$TabsAdapter;--->getCount()I
06-04 12:41:20.821 15595 15595 D M_InsDal: Lcom/csipsimple/ui/dialpad/DigitsEditText;--->onLayout(ZIIII)V
06-04 12:41:20.821 15595 15595 D M_InsDal: Lcom/csipsimple/ui/dialpad/DigitsEditText;--->setIsDigit(ZZ)V
06-04 12:41:20.822 15595 15595 D M_InsDal: Lcom/csipsimple/ui/SipHome$TabsAdapter;--->getCount()I
06-04 12:41:20.930 15595 15595 D M_InsDal: Lcom/csipsimple/widgets/CSSListFragment;--->onLoadFinished(Landroid/support/v4/content/Loader;Landroid/database/Cursor;)V
06-04 12:41:20.930 15595 15595 D M_InsDal: Lcom/csipsimple/ui/calllog/CallLogListFragment;--->changeCursor(Landroid/database/Cursor;)V
06-04 12:41:20.930 15595 15595 D M_InsDal: Lcom/csipsimple/ui/calllog/GroupingListAdapter;--->changeCursor(Landroid/database/Cursor;)V
06-04 12:41:20.930 15595 15595 D M_InsDal: Lcom/csipsimple/ui/calllog/GroupingListAdapter;--->resetCache()V
06-04 12:41:20.930 15595 15595 D M_InsDal: Lcom/csipsimple/ui/calllog/GroupingListAdapter;--->findGroups()V
06-04 12:41:20.930 15595 15595 D M_InsDal: Lcom/csipsimple/ui/calllog/CallLogAdapter;--->addGroups(Landroid/database/Cursor;)V
06-04 12:41:20.930 15595 15595 D M_InsDal: Lcom/csipsimple/ui/calllog/CallLogGroupBuilder;--->addGroups(Landroid/database/Cursor;)V
06-04 12:41:20.930 15595 15595 D M_InsDal: Lcom/csipsimple/ui/calllog/GroupingListAdapter;--->getCount()I
06-04 12:41:20.930 15595 15595 D M_InsDal: Lcom/csipsimple/ui/calllog/GroupingListAdapter;--->getCount()I
06-04 12:41:20.930 15595 15595 D M_InsDal: Lcom/csipsimple/widgets/CSSListFragment;--->setListShownNoAnimation(Z)V
06-04 12:41:20.930 15595 15595 D M_InsDal: Lcom/csipsimple/widgets/CSSListFragment;--->setListShown(ZZ)V
06-04 12:41:20.930 15595 15595 D M_InsDal: Lcom/csipsimple/widgets/CSSListFragment;--->ensureCustomList()V
06-04 12:41:20.930 15595 15595 D M_InsDal: Lcom/csipsimple/ui/dialpad/DialerFragment$1;--->onServiceConnected(Landroid/content/ComponentName;Landroid/os/IBinder;)V
06-04 12:41:20.930 15595 15595 D M_InsDal: Lcom/csipsimple/api/ISipService$Stub;--->asInterface(Landroid/os/IBinder;)Lcom/csipsimple/api/ISipService;
06-04 12:41:20.930 15595 15595 D M_InsDal: Lcom/csipsimple/api/ISipService$Stub$Proxy;---><init>(Landroid/os/IBinder;)V
06-04 12:41:21.357 15595 15595 D M_InsDal: Lcom/csipsimple/ui/SipHome$TabsAdapter;--->getCount()I
06-04 12:41:21.358 15595 15595 D M_InsDal: Lcom/csipsimple/ui/SipHome$TabsAdapter;--->getCount()I
