05-15 16:48:19.606 25430 25455 D M_InsDal: Lcom/fsck/k9/mail/store/imap/ImapResponseParser;--->equalsIgnoreCase(Ljava/lang/Object;Ljava/lang/String;)Z
05-15 16:48:19.606 25430 25455 D M_InsDal: Lcom/fsck/k9/mail/store/imap/ImapResponseParser;--->equalsIgnoreCase(Ljava/lang/Object;Ljava/lang/String;)Z
05-15 16:48:19.606 25430 25455 D M_InsDal: Lcom/fsck/k9/mail/store/imap/ImapFolder;--->handlePermanentFlags(Lcom/fsck/k9/mail/store/imap/ImapResponse;)V
05-15 16:48:19.606 25430 25449 D M_InsDal: Lcom/fsck/k9/Account;--->getDescription()Ljava/lang/String;
05-15 16:48:19.606 25430 25455 D M_InsDal: Lcom/fsck/k9/mail/store/imap/PermanentFlagsResponse;--->parse(Lcom/fsck/k9/mail/store/imap/ImapResponse;)Lcom/fsck/k9/mail/store/imap/PermanentFlagsResponse;
05-15 16:48:19.606 25430 25455 D M_InsDal: Lcom/fsck/k9/mail/store/imap/ImapResponse;--->isTagged()Z
05-15 16:48:19.606 25430 25455 D M_InsDal: Lcom/fsck/k9/mail/store/imap/ImapResponseParser;--->equalsIgnoreCase(Ljava/lang/Object;Ljava/lang/String;)Z
05-15 16:48:19.606 25430 25455 D M_InsDal: Lcom/fsck/k9/mail/store/imap/ImapFolder;--->handlePermanentFlags(Lcom/fsck/k9/mail/store/imap/ImapResponse;)V
05-15 16:48:19.606 25430 25455 D M_InsDal: Lcom/fsck/k9/mail/store/imap/PermanentFlagsResponse;--->parse(Lcom/fsck/k9/mail/store/imap/ImapResponse;)Lcom/fsck/k9/mail/store/imap/PermanentFlagsResponse;
05-15 16:48:19.606 25430 25455 D M_InsDal: Lcom/fsck/k9/mail/store/imap/ImapResponse;--->isTagged()Z
05-15 16:48:19.606 25430 25455 D M_InsDal: Lcom/fsck/k9/mail/store/imap/ImapResponseParser;--->equalsIgnoreCase(Ljava/lang/Object;Ljava/lang/String;)Z
05-15 16:48:19.606 25430 25455 D M_InsDal: Lcom/fsck/k9/mail/store/imap/ImapList;--->isList(I)Z
05-15 16:48:19.606 25430 25455 D M_InsDal: Lcom/fsck/k9/mail/store/imap/ImapList;--->inRange(I)Z
05-15 16:48:19.606 25430 25455 D M_InsDal: Lcom/fsck/k9/mail/store/imap/ImapList;--->getList(I)Lcom/fsck/k9/mail/store/imap/ImapList;
05-15 16:48:19.606 25430 25455 D M_InsDal: Lcom/fsck/k9/mail/store/imap/ImapResponseParser;--->equalsIgnoreCase(Ljava/lang/Object;Ljava/lang/String;)Z
05-15 16:48:19.606 25430 25455 D M_InsDal: Lcom/fsck/k9/mail/store/imap/ImapList;--->isList(I)Z
05-15 16:48:19.606 25430 25455 D M_InsDal: Lcom/fsck/k9/mail/store/imap/ImapList;--->inRange(I)Z
05-15 16:48:19.606 25430 25449 D M_InsDal: Lcom/fsck/k9/controller/MemorizingMessagingListener$Memory;---><init>(Lcom/fsck/k9/Account;Ljava/lang/String;)V
05-15 16:48:19.606 25430 25455 D M_InsDal: Lcom/fsck/k9/mail/store/imap/ImapList;--->getList(I)Lcom/fsck/k9/mail/store/imap/ImapList;
05-15 16:48:19.606 25430 25449 D M_InsDal: Lcom/fsck/k9/controller/MemorizingMessagingListener;--->getMemoryKey(Lcom/fsck/k9/Account;Ljava/lang/String;)Ljava/lang/String;
05-15 16:48:19.606 25430 25449 D M_InsDal: Lcom/fsck/k9/Account;--->getDescription()Ljava/lang/String;
05-15 16:48:19.606 25430 25455 D M_InsDal: Lcom/fsck/k9/mail/store/imap/PermanentFlagsResponse;---><init>(Ljava/util/Set;Z)V
05-15 16:48:19.606 25430 25455 D M_InsDal: Lcom/fsck/k9/mail/store/imap/ImapStore;--->getPermanentFlagsIndex()Ljava/util/Set;
05-15 16:48:19.606 25430 25455 D M_InsDal: Lcom/fsck/k9/mail/store/imap/PermanentFlagsResponse;--->getFlags()Ljava/util/Set;
05-15 16:48:19.606 25430 25455 D M_InsDal: Lcom/fsck/k9/mail/store/imap/PermanentFlagsResponse;--->canCreateKeywords()Z
05-15 16:48:19.606 25430 25455 D M_InsDal: Lcom/fsck/k9/mail/store/imap/ImapFolder;--->handlePermanentFlags(Lcom/fsck/k9/mail/store/imap/ImapResponse;)V
05-15 16:48:19.606 25430 25455 D M_InsDal: Lcom/fsck/k9/mail/store/imap/ImapUtility;--->getLastResponse(Ljava/util/List;)Lcom/fsck/k9/mail/store/imap/ImapResponse;
05-15 16:48:19.606 25430 25455 D M_InsDal: Lcom/fsck/k9/mail/store/imap/ImapFolder;--->handleSelectOrExamineOkResponse(Lcom/fsck/k9/mail/store/imap/ImapResponse;)V
05-15 16:48:19.606 25430 25449 D M_InsDal: Lcom/fsck/k9/controller/MemorizingMessagingListener$MemorizingState;---><clinit>()V
05-15 16:48:19.606 25430 25455 D M_InsDal: Lcom/fsck/k9/mail/store/imap/SelectOrExamineResponse;--->parse(Lcom/fsck/k9/mail/store/imap/ImapResponse;)Lcom/fsck/k9/mail/store/imap/SelectOrExamineResponse;
05-15 16:48:19.606 25430 25455 D M_InsDal: Lcom/fsck/k9/mail/store/imap/ImapResponse;--->isTagged()Z
05-15 16:48:19.606 25430 25455 D M_InsDal: Lcom/fsck/k9/mail/store/imap/ImapResponseParser;--->equalsIgnoreCase(Ljava/lang/Object;Ljava/lang/String;)Z
05-15 16:48:19.606 25430 25449 D M_InsDal: Lcom/fsck/k9/controller/MemorizingMessagingListener$MemorizingState;---><init>(Ljava/lang/String;I)V
05-15 16:48:19.606 25430 25449 D M_InsDal: Lcom/fsck/k9/Account;--->getOutboxFolderName()Ljava/lang/String;
05-15 16:48:19.606 25430 25455 D M_InsDal: Lcom/fsck/k9/mail/store/imap/SelectOrExamineResponse;---><init>(Ljava/lang/Boolean;)V
05-15 16:48:19.606 25430 25455 D M_InsDal: Lcom/fsck/k9/mail/store/imap/SelectOrExamineResponse;--->hasOpenMode()Z
05-15 16:48:19.606 25430 25449 D M_InsDal: Lcom/fsck/k9/controller/imap/ImapSync;--->processPendingCommandsSynchronous(Lcom/fsck/k9/Account;)V
05-15 16:48:19.606 25430 25455 D M_InsDal: Lcom/fsck/k9/mail/store/imap/ImapFolderPusher$PushRunnable;--->checkConnectionNotNull(Lcom/fsck/k9/mail/store/imap/ImapConnection;)V
05-15 16:48:19.606 25430 25449 D M_InsDal: Lcom/fsck/k9/Account;--->getUuid()Ljava/lang/String;
05-15 16:48:19.606 25430 25449 D M_InsDal: Lcom/fsck/k9/mailstore/LocalStore;--->getPendingCommands()Ljava/util/List;
05-15 16:48:19.606 25430 25455 D M_InsDal: Lcom/fsck/k9/mail/store/imap/ImapStore;--->getStoreConfig()Lcom/fsck/k9/mail/store/StoreConfig;
05-15 16:48:19.606 25430 25455 D M_InsDal: Lcom/fsck/k9/Account;--->isPushPollOnConnect()Z
05-15 16:48:19.606 25430 25455 D M_InsDal: Lcom/fsck/k9/mail/store/imap/ImapFolderPusher$PushRunnable;--->syncFolderOnConnect()V
05-15 16:48:19.606 25430 25455 D M_InsDal: Lcom/fsck/k9/mail/store/imap/ImapFolderPusher$PushRunnable;--->processStoredUntaggedResponses()V
05-15 16:48:19.606 25430 25455 D M_InsDal: Lcom/fsck/k9/mail/store/imap/ImapFolderPusher$PushRunnable;--->getAndClearStoredUntaggedResponses()Ljava/util/List;
05-15 16:48:19.606 25430 25449 D M_InsDal: Lcom/fsck/k9/mailstore/LocalStore$9;---><init>(Lcom/fsck/k9/mailstore/LocalStore;)V
05-15 16:48:19.606 25430 25455 D M_InsDal: Lcom/fsck/k9/mail/K9MailLib;--->isDebug()Z
05-15 16:48:19.606 25430 25449 D M_InsDal: Lcom/fsck/k9/mailstore/LockableDatabase;--->execute(ZLcom/fsck/k9/mailstore/LockableDatabase$DbCallback;)Ljava/lang/Object;
05-15 16:48:19.606 25430 25455 D M_InsDal: Lcom/fsck/k9/K9$2;--->enabled()Z
05-15 16:48:19.606 25430 25449 D M_InsDal: Lcom/fsck/k9/mailstore/LockableDatabase;--->lockRead()V
05-15 16:48:19.606 25430 25455 D M_InsDal: Lcom/fsck/k9/mail/store/imap/ImapFolder;--->handleUntaggedResponse(Lcom/fsck/k9/mail/store/imap/ImapResponse;)V
05-15 16:48:19.606 25430 25449 D M_InsDal: Lcom/fsck/k9/helper/Utility;--->closeQuietly(Landroid/database/Cursor;)V
05-15 16:48:19.606 25430 25449 D M_InsDal: Lcom/fsck/k9/mailstore/LockableDatabase;--->unlockRead()V
05-15 16:48:19.606 25430 25449 D M_InsDal: Lcom/fsck/k9/mailstore/LockableDatabase;--->getStorageManager()Lcom/fsck/k9/mailstore/StorageManager;
05-15 16:48:19.606 25430 25449 D M_InsDal: Lcom/fsck/k9/mailstore/StorageManager;--->getInstance(Landroid/content/Context;)Lcom/fsck/k9/mailstore/StorageManager;
05-15 16:48:19.607 25430 25449 D M_InsDal: Lcom/fsck/k9/mailstore/StorageManager;--->unlockProvider(Ljava/lang/String;)V
05-15 16:48:19.607 25430 25449 D M_InsDal: Lcom/fsck/k9/mailstore/StorageManager;--->getProvider(Ljava/lang/String;)Lcom/fsck/k9/mailstore/StorageManager$StorageProvider;
05-15 16:48:19.607 25430 25449 D M_InsDal: Lcom/fsck/k9/Account;--->getLocalStore()Lcom/fsck/k9/mailstore/LocalStore;
05-15 16:48:19.607 25430 25449 D M_InsDal: Lcom/fsck/k9/mailstore/LocalStore;--->getInstance(Lcom/fsck/k9/Account;Landroid/content/Context;)Lcom/fsck/k9/mailstore/LocalStore;
05-15 16:48:19.607 25430 25449 D M_InsDal: Lcom/fsck/k9/Account;--->getUuid()Ljava/lang/String;
05-15 16:48:19.607 25430 25449 D M_InsDal: Lcom/fsck/k9/mailstore/LocalStore;--->getFolder(Ljava/lang/String;)Lcom/fsck/k9/mailstore/LocalFolder;
05-15 16:48:19.607 25430 25449 D M_InsDal: Lcom/fsck/k9/mailstore/LocalFolder;---><init>(Lcom/fsck/k9/mailstore/LocalStore;Ljava/lang/String;)V
05-15 16:48:19.607 25430 25449 D M_InsDal: Lcom/fsck/k9/mail/Folder;---><init>()V
05-15 16:48:19.607 25430 25449 D M_InsDal: Lcom/fsck/k9/mailstore/LocalStore;--->getAttachmentInfoExtractor()Lcom/fsck/k9/message/extractors/AttachmentInfoExtractor;
05-15 16:48:19.607 25430 25449 D M_InsDal: Lcom/fsck/k9/mailstore/LocalFolder;--->getAccount()Lcom/fsck/k9/Account;
05-15 16:48:19.607 25430 25449 D M_InsDal: Lcom/fsck/k9/mailstore/LocalStore;--->getAccount()Lcom/fsck/k9/Account;
05-15 16:48:19.607 25430 25449 D M_InsDal: Lcom/fsck/k9/Account;--->getInboxFolderName()Ljava/lang/String;
05-15 16:48:19.607 25430 25449 D M_InsDal: Lcom/fsck/k9/mailstore/LocalFolder;--->getName()Ljava/lang/String;
05-15 16:48:19.607 25430 25449 D M_InsDal: Lcom/fsck/k9/mailstore/LocalFolder;--->open(I)V
05-15 16:48:19.607 25430 25449 D M_InsDal: Lcom/fsck/k9/mailstore/LocalFolder;--->isOpen()Z
05-15 16:48:19.607 25430 25449 D M_InsDal: Lcom/fsck/k9/mailstore/LocalFolder;--->isOpen()Z
05-15 16:48:19.607 25430 25449 D M_InsDal: Lcom/fsck/k9/mailstore/LocalStore;--->getDatabase()Lcom/fsck/k9/mailstore/LockableDatabase;
05-15 16:48:19.607 25430 25449 D M_InsDal: Lcom/fsck/k9/mailstore/LocalFolder$1;---><init>(Lcom/fsck/k9/mailstore/LocalFolder;I)V
05-15 16:48:19.607 25430 25449 D M_InsDal: Lcom/fsck/k9/mailstore/LockableDatabase;--->execute(ZLcom/fsck/k9/mailstore/LockableDatabase$DbCallback;)Ljava/lang/Object;
05-15 16:48:19.607 25430 25449 D M_InsDal: Lcom/fsck/k9/mailstore/LockableDatabase;--->lockRead()V
05-15 16:48:19.607 25430 25449 D M_InsDal: Lcom/fsck/k9/mailstore/LockableDatabase;--->getStorageManager()Lcom/fsck/k9/mailstore/StorageManager;
05-15 16:48:19.607 25430 25449 D M_InsDal: Lcom/fsck/k9/mailstore/StorageManager;--->getInstance(Landroid/content/Context;)Lcom/fsck/k9/mailstore/StorageManager;
05-15 16:48:19.607 25430 25449 D M_InsDal: Lcom/fsck/k9/mailstore/StorageManager;--->lockProvider(Ljava/lang/String;)V
05-15 16:48:19.607 25430 25449 D M_InsDal: Lcom/fsck/k9/mailstore/StorageManager;--->getProvider(Ljava/lang/String;)Lcom/fsck/k9/mailstore/StorageManager$StorageProvider;
05-15 16:48:19.607 25430 25449 D M_InsDal: Lcom/fsck/k9/mailstore/StorageManager$InternalStorageProvider;--->isReady(Landroid/content/Context;)Z
05-15 16:48:19.607 25430 25449 D M_InsDal: Lcom/fsck/k9/K9;--->isDebug()Z
05-15 16:48:19.607 25430 25449 D M_InsDal: Lcom/fsck/k9/mailstore/LocalFolder$1;--->doDbWork(Landroid/database/sqlite/SQLiteDatabase;)Ljava/lang/Void;
05-15 16:48:19.607 25430 25449 D M_InsDal: Lcom/fsck/k9/mailstore/LocalFolder;--->open(Landroid/database/Cursor;)V
05-15 16:48:19.607 25430 25449 D M_InsDal: Lcom/fsck/k9/mail/Folder;--->setStatus(Ljava/lang/String;)V
05-15 16:48:19.607 25430 25449 D M_InsDal: Lcom/fsck/k9/mail/Folder;--->setLastChecked(J)V
05-15 16:48:19.607 25430 25449 D M_InsDal: Lcom/fsck/k9/mail/Folder;--->setLastPush(J)V
05-15 16:48:19.607 25430 25449 D M_InsDal: Lcom/fsck/k9/mail/Folder$FolderClass;--->valueOf(Ljava/lang/String;)Lcom/fsck/k9/mail/Folder$FolderClass;
05-15 16:48:19.607 25430 25449 D M_InsDal: Lcom/fsck/k9/mail/Folder$FolderClass;--->valueOf(Ljava/lang/String;)Lcom/fsck/k9/mail/Folder$FolderClass;
05-15 16:48:19.607 25430 25449 D M_InsDal: Lcom/fsck/k9/mailstore/LocalFolder$MoreMessages;--->fromDatabaseName(Ljava/lang/String;)Lcom/fsck/k9/mailstore/LocalFolder$MoreMessages;
05-15 16:48:19.607 25430 25449 D M_InsDal: Lcom/fsck/k9/mailstore/LocalFolder$MoreMessages;--->values()[Lcom/fsck/k9/mailstore/LocalFolder$MoreMessages;
05-15 16:48:19.607 25430 25449 D M_InsDal: Lcom/fsck/k9/helper/Utility;--->closeQuietly(Landroid/database/Cursor;)V
05-15 16:48:19.607 25430 25449 D M_InsDal: Lcom/fsck/k9/mailstore/LockableDatabase;--->unlockRead()V
05-15 16:48:19.607 25430 25449 D M_InsDal: Lcom/fsck/k9/mailstore/LockableDatabase;--->getStorageManager()Lcom/fsck/k9/mailstore/StorageManager;
05-15 16:48:19.607 25430 25449 D M_InsDal: Lcom/fsck/k9/mailstore/StorageManager;--->getInstance(Landroid/content/Context;)Lcom/fsck/k9/mailstore/StorageManager;
05-15 16:48:19.607 25430 25449 D M_InsDal: Lcom/fsck/k9/mailstore/StorageManager;--->unlockProvider(Ljava/lang/String;)V
05-15 16:48:19.607 25430 25449 D M_InsDal: Lcom/fsck/k9/mailstore/StorageManager;--->getProvider(Ljava/lang/String;)Lcom/fsck/k9/mailstore/StorageManager$StorageProvider;
05-15 16:48:19.607 25430 25449 D M_InsDal: Lcom/fsck/k9/mailstore/LocalFolder;--->updateLastUid()V
05-15 16:48:19.607 25430 25449 D M_InsDal: Lcom/fsck/k9/mailstore/LocalStore;--->getDatabase()Lcom/fsck/k9/mailstore/LockableDatabase;
05-15 16:48:19.607 25430 25449 D M_InsDal: Lcom/fsck/k9/mailstore/LocalFolder$26;---><init>(Lcom/fsck/k9/mailstore/LocalFolder;)V
05-15 16:48:19.607 25430 25449 D M_InsDal: Lcom/fsck/k9/mailstore/LockableDatabase;--->execute(ZLcom/fsck/k9/mailstore/LockableDatabase$DbCallback;)Ljava/lang/Object;
05-15 16:48:19.607 25430 25449 D M_InsDal: Lcom/fsck/k9/mailstore/LockableDatabase;--->lockRead()V
05-15 16:48:19.607 25430 25449 D M_InsDal: Lcom/fsck/k9/mailstore/LockableDatabase;--->getStorageManager()Lcom/fsck/k9/mailstore/StorageManager;
05-15 16:48:19.607 25430 25449 D M_InsDal: Lcom/fsck/k9/mailstore/StorageManager;--->getInstance(Landroid/content/Context;)Lcom/fsck/k9/mailstore/StorageManager;
05-15 16:48:19.607 25430 25449 D M_InsDal: Lcom/fsck/k9/mailstore/StorageManager;--->lockProvider(Ljava/lang/String;)V
05-15 16:48:19.607 25430 25449 D M_InsDal: Lcom/fsck/k9/mailstore/StorageManager;--->getProvider(Ljava/lang/String;)Lcom/fsck/k9/mailstore/StorageManager$StorageProvider;
05-15 16:48:19.607 25430 25449 D M_InsDal: Lcom/fsck/k9/mailstore/StorageManager$InternalStorageProvider;--->isReady(Landroid/content/Context;)Z
05-15 16:48:19.607 25430 25449 D M_InsDal: Lcom/fsck/k9/K9;--->isDebug()Z
05-15 16:48:19.607 25430 25449 D M_InsDal: Lcom/fsck/k9/mailstore/LocalFolder$26;--->doDbWork(Landroid/database/sqlite/SQLiteDatabase;)Ljava/lang/Integer;
05-15 16:48:19.607 25430 25449 D M_InsDal: Lcom/fsck/k9/mailstore/LocalFolder;--->open(I)V
05-15 16:48:19.607 25430 25449 D M_InsDal: Lcom/fsck/k9/mailstore/LocalFolder;--->isOpen()Z
05-15 16:48:19.607 25430 25449 D M_InsDal: Lcom/fsck/k9/mailstore/LocalFolder;--->getMode()I
05-15 16:48:19.607 25430 25449 D M_InsDal: Lcom/fsck/k9/helper/Utility;--->closeQuietly(Landroid/database/Cursor;)V
05-15 16:48:19.607 25430 25449 D M_InsDal: Lcom/fsck/k9/mailstore/LockableDatabase;--->unlockRead()V
05-15 16:48:19.607 25430 25449 D M_InsDal: Lcom/fsck/k9/mailstore/LockableDatabase;--->getStorageManager()Lcom/fsck/k9/mailstore/StorageManager;
05-15 16:48:19.607 25430 25449 D M_InsDal: Lcom/fsck/k9/mailstore/StorageManager;--->getInstance(Landroid/content/Context;)Lcom/fsck/k9/mailstore/StorageManager;
05-15 16:48:19.607 25430 25449 D M_InsDal: Lcom/fsck/k9/mailstore/StorageManager;--->unlockProvider(Ljava/lang/String;)V
05-15 16:48:19.607 25430 25449 D M_InsDal: Lcom/fsck/k9/mailstore/StorageManager;--->getProvider(Ljava/lang/String;)Lcom/fsck/k9/mailstore/StorageManager$StorageProvider;
05-15 16:48:19.607 25430 25449 D M_InsDal: Lcom/fsck/k9/mailstore/LocalFolder;--->getAllMessagesAndEffectiveDates()Ljava/util/Map;
05-15 16:48:19.607 25430 25449 D M_InsDal: Lcom/fsck/k9/mailstore/LocalStore;--->getDatabase()Lcom/fsck/k9/mailstore/LockableDatabase;
05-15 16:48:19.607 25430 25449 D M_InsDal: Lcom/fsck/k9/mailstore/LocalFolder$11;---><init>(Lcom/fsck/k9/mailstore/LocalFolder;)V
05-15 16:48:19.607 25430 25449 D M_InsDal: Lcom/fsck/k9/mailstore/LockableDatabase;--->execute(ZLcom/fsck/k9/mailstore/LockableDatabase$DbCallback;)Ljava/lang/Object;
05-15 16:48:19.607 25430 25449 D M_InsDal: Lcom/fsck/k9/mailstore/LockableDatabase;--->lockRead()V
05-15 16:48:19.607 25430 25449 D M_InsDal: Lcom/fsck/k9/mailstore/LockableDatabase;--->getStorageManager()Lcom/fsck/k9/mailstore/StorageManager;
05-15 16:48:19.607 25430 25449 D M_InsDal: Lcom/fsck/k9/mailstore/StorageManager;--->getInstance(Landroid/content/Context;)Lcom/fsck/k9/mailstore/StorageManager;
05-15 16:48:19.607 25430 25449 D M_InsDal: Lcom/fsck/k9/mailstore/StorageManager;--->lockProvider(Ljava/lang/String;)V
05-15 16:48:19.607 25430 25449 D M_InsDal: Lcom/fsck/k9/mailstore/StorageManager;--->getProvider(Ljava/lang/String;)Lcom/fsck/k9/mailstore/StorageManager$StorageProvider;
05-15 16:48:19.607 25430 25449 D M_InsDal: Lcom/fsck/k9/mailstore/StorageManager$InternalStorageProvider;--->isReady(Landroid/content/Context;)Z
05-15 16:48:19.607 25430 25449 D M_InsDal: Lcom/fsck/k9/K9;--->isDebug()Z
05-15 16:48:19.607 25430 25449 D M_InsDal: Lcom/fsck/k9/mailstore/LocalFolder$11;--->doDbWork(Landroid/database/sqlite/SQLiteDatabase;)Ljava/util/Map;
05-15 16:48:19.607 25430 25449 D M_InsDal: Lcom/fsck/k9/mailstore/LocalFolder;--->open(I)V
05-15 16:48:19.607 25430 25449 D M_InsDal: Lcom/fsck/k9/mailstore/LocalFolder;--->isOpen()Z
05-15 16:48:19.607 25430 25449 D M_InsDal: Lcom/fsck/k9/mailstore/LocalFolder;--->getMode()I
05-15 16:48:19.607 25430 25449 D M_InsDal: Lcom/fsck/k9/helper/Utility;--->closeQuietly(Landroid/database/Cursor;)V
05-15 16:48:19.607 25430 25449 D M_InsDal: Lcom/fsck/k9/mailstore/LockableDatabase;--->unlockRead()V
05-15 16:48:19.607 25430 25449 D M_InsDal: Lcom/fsck/k9/mailstore/LockableDatabase;--->getStorageManager()Lcom/fsck/k9/mailstore/StorageManager;
05-15 16:48:19.607 25430 25449 D M_InsDal: Lcom/fsck/k9/mailstore/StorageManager;--->getInstance(Landroid/content/Context;)Lcom/fsck/k9/mailstore/StorageManager;
05-15 16:48:19.607 25430 25449 D M_InsDal: Lcom/fsck/k9/mailstore/StorageManager;--->unlockProvider(Ljava/lang/String;)V
05-15 16:48:19.607 25430 25449 D M_InsDal: Lcom/fsck/k9/mailstore/StorageManager;--->getProvider(Ljava/lang/String;)Lcom/fsck/k9/mailstore/StorageManager$StorageProvider;
05-15 16:48:19.607 25430 25449 D M_InsDal: Lcom/fsck/k9/notification/NotificationController;--->clearAuthenticationErrorNotification(Lcom/fsck/k9/Account;Z)V
05-15 16:48:19.607 25430 25449 D M_InsDal: Lcom/fsck/k9/notification/AuthenticationErrorNotifications;--->clearAuthenticationErrorNotification(Lcom/fsck/k9/Account;Z)V
05-15 16:48:19.607 25430 25449 D M_InsDal: Lcom/fsck/k9/notification/NotificationIds;--->getAuthenticationErrorNotificationId(Lcom/fsck/k9/Account;Z)I
05-15 16:48:19.607 25430 25449 D M_InsDal: Lcom/fsck/k9/notification/NotificationIds;--->getBaseNotificationId(Lcom/fsck/k9/Account;)I
05-15 16:48:19.607 25430 25449 D M_InsDal: Lcom/fsck/k9/Account;--->getAccountNumber()I
05-15 16:48:19.607 25430 25449 D M_InsDal: Lcom/fsck/k9/notification/AuthenticationErrorNotifications;--->getNotificationManager()Landroid/support/v4/app/NotificationManagerCompat;
05-15 16:48:19.607 25430 25449 D M_InsDal: Lcom/fsck/k9/notification/NotificationController;--->getNotificationManager()Landroid/support/v4/app/NotificationManagerCompat;
05-15 16:48:19.608 25430 25449 D M_InsDal: Lcom/fsck/k9/mail/store/imap/ImapFolder;--->getMessageCount()I
05-15 16:48:19.608 25430 25449 D M_InsDal: Lcom/fsck/k9/mailstore/LocalFolder;--->getVisibleLimit()I
05-15 16:48:19.608 25430 25449 D M_InsDal: Lcom/fsck/k9/mailstore/LocalFolder;--->open(I)V
05-15 16:48:19.608 25430 25449 D M_InsDal: Lcom/fsck/k9/mailstore/LocalFolder;--->isOpen()Z
05-15 16:48:19.608 25430 25449 D M_InsDal: Lcom/fsck/k9/mailstore/LocalFolder;--->getMode()I
05-15 16:48:19.608 25430 25449 D M_InsDal: Lcom/fsck/k9/Account;--->getEarliestPollDate()Ljava/util/Date;
05-15 16:48:19.608 25430 25449 D M_InsDal: Lcom/fsck/k9/Account;--->getMaximumPolledMessageAge()I
05-15 16:48:19.608 25430 25449 D M_InsDal: Lcom/fsck/k9/mailstore/LocalFolder;--->getMoreMessages()Lcom/fsck/k9/mailstore/LocalFolder$MoreMessages;
05-15 16:48:19.608 25430 25449 D M_InsDal: Lcom/fsck/k9/Account;--->syncRemoteDeletions()Z
05-15 16:48:19.608 25430 25449 D M_InsDal: Lcom/fsck/k9/mailstore/LocalFolder;--->getMessagesByUids(Ljava/util/List;)Ljava/util/List;
05-15 16:48:19.608 25430 25449 D M_InsDal: Lcom/fsck/k9/mailstore/LocalFolder;--->open(I)V
05-15 16:48:19.608 25430 25449 D M_InsDal: Lcom/fsck/k9/mailstore/LocalFolder;--->isOpen()Z
05-15 16:48:19.608 25430 25449 D M_InsDal: Lcom/fsck/k9/mailstore/LocalFolder;--->getMode()I
05-15 16:48:19.608 25430 25449 D M_InsDal: Lcom/fsck/k9/controller/imap/ImapSync;--->downloadMessages(Lcom/fsck/k9/Account;Lcom/fsck/k9/mail/Folder;Lcom/fsck/k9/mailstore/LocalFolder;Ljava/util/List;ZZ)I
05-15 16:48:19.608 25430 25449 D M_InsDal: Lcom/fsck/k9/Account;--->getEarliestPollDate()Ljava/util/Date;
05-15 16:48:19.608 25430 25449 D M_InsDal: Lcom/fsck/k9/Account;--->getMaximumPolledMessageAge()I
05-15 16:48:19.608 25430 25449 D M_InsDal: Lcom/fsck/k9/mail/store/imap/ImapFolder;--->getName()Ljava/lang/String;
05-15 16:48:19.608 25430 25449 D M_InsDal: Lcom/fsck/k9/Account;--->getStats(Landroid/content/Context;)Lcom/fsck/k9/AccountStats;
05-15 16:48:19.608 25430 25449 D M_InsDal: Lcom/fsck/k9/Account;--->isAvailable(Landroid/content/Context;)Z
05-15 16:48:19.608 25430 25449 D M_InsDal: Lcom/fsck/k9/Account;--->getLocalStorageProviderId()Ljava/lang/String;
05-15 16:48:19.608 25430 25449 D M_InsDal: Lcom/fsck/k9/mailstore/StorageManager;--->getInstance(Landroid/content/Context;)Lcom/fsck/k9/mailstore/StorageManager;
05-15 16:48:19.608 25430 25449 D M_InsDal: Lcom/fsck/k9/mailstore/StorageManager;--->isReady(Ljava/lang/String;)Z
05-15 16:48:19.608 25430 25449 D M_InsDal: Lcom/fsck/k9/mailstore/StorageManager;--->getProvider(Ljava/lang/String;)Lcom/fsck/k9/mailstore/StorageManager$StorageProvider;
05-15 16:48:19.608 25430 25449 D M_InsDal: Lcom/fsck/k9/mailstore/StorageManager$InternalStorageProvider;--->isReady(Landroid/content/Context;)Z
05-15 16:48:19.608 25430 25449 D M_InsDal: Lcom/fsck/k9/AccountStats;---><init>()V
05-15 16:48:19.608 25430 25449 D M_InsDal: Lcom/fsck/k9/Account;--->getUuid()Ljava/lang/String;
05-15 16:48:19.608 25430 25449 D M_InsDal: Lcom/fsck/k9/search/LocalSearch;---><clinit>()V
05-15 16:48:19.608 25430 25449 D M_InsDal: Lcom/fsck/k9/search/LocalSearch$1;---><init>()V
05-15 16:48:19.608 25430 25449 D M_InsDal: Lcom/fsck/k9/search/LocalSearch;---><init>()V
05-15 16:48:19.608 25430 25449 D M_InsDal: Lcom/fsck/k9/Account;--->excludeSpecialFolders(Lcom/fsck/k9/search/LocalSearch;)V
05-15 16:48:19.608 25430 25449 D M_InsDal: Lcom/fsck/k9/Account;--->getTrashFolderName()Ljava/lang/String;
05-15 16:48:19.608 25430 25449 D M_InsDal: Lcom/fsck/k9/Account;--->excludeSpecialFolder(Lcom/fsck/k9/search/LocalSearch;Ljava/lang/String;)V
05-15 16:48:19.608 25430 25449 D M_InsDal: Lcom/fsck/k9/search/SearchSpecification$SearchField;---><clinit>()V
05-15 16:48:19.608 25430 25449 D M_InsDal: Lcom/fsck/k9/search/SearchSpecification$SearchField;---><init>(Ljava/lang/String;I)V
05-15 16:48:19.608 25430 25449 D M_InsDal: Lcom/fsck/k9/search/SearchSpecification$SearchField;---><init>(Ljava/lang/String;I)V
05-15 16:48:19.608 25430 25449 D M_InsDal: Lcom/fsck/k9/search/SearchSpecification$Attribute;---><clinit>()V
05-15 16:48:19.608 25430 25449 D M_InsDal: Lcom/fsck/k9/search/SearchSpecification$Attribute;---><init>(Ljava/lang/String;I)V
05-15 16:48:19.608 25430 25449 D M_InsDal: Lcom/fsck/k9/search/SearchSpecification$Attribute;---><init>(Ljava/lang/String;I)V
05-15 16:48:19.608 25430 25449 D M_InsDal: Lcom/fsck/k9/search/LocalSearch;--->and(Lcom/fsck/k9/search/SearchSpecification$SearchField;Ljava/lang/String;Lcom/fsck/k9/search/SearchSpecification$Attribute;)V
05-15 16:48:19.608 25430 25449 D M_InsDal: Lcom/fsck/k9/search/SearchSpecification$SearchCondition;---><clinit>()V
05-15 16:48:19.608 25430 25449 D M_InsDal: Lcom/fsck/k9/search/SearchSpecification$SearchCondition$1;---><init>()V
05-15 16:48:19.608 25430 25449 D M_InsDal: Lcom/fsck/k9/search/SearchSpecification$SearchCondition;---><init>(Lcom/fsck/k9/search/SearchSpecification$SearchField;Lcom/fsck/k9/search/SearchSpecification$Attribute;Ljava/lang/String;)V
05-15 16:48:19.608 25430 25449 D M_InsDal: Lcom/fsck/k9/search/LocalSearch;--->and(Lcom/fsck/k9/search/SearchSpecification$SearchCondition;)Lcom/fsck/k9/search/ConditionsTreeNode;
05-15 16:48:19.608 25430 25449 D M_InsDal: Lcom/fsck/k9/search/ConditionsTreeNode;---><clinit>()V
05-15 16:48:19.608 25430 25449 D M_InsDal: Lcom/fsck/k9/search/ConditionsTreeNode$1;---><init>()V
05-15 16:48:19.608 25430 25449 D M_InsDal: Lcom/fsck/k9/search/ConditionsTreeNode;---><init>(Lcom/fsck/k9/search/SearchSpecification$SearchCondition;)V
05-15 16:48:19.608 25430 25449 D M_InsDal: Lcom/fsck/k9/search/ConditionsTreeNode$Operator;---><clinit>()V
05-15 16:48:19.608 25430 25449 D M_InsDal: Lcom/fsck/k9/search/ConditionsTreeNode$Operator;---><init>(Ljava/lang/String;I)V
05-15 16:48:19.608 25430 25449 D M_InsDal: Lcom/fsck/k9/search/ConditionsTreeNode$Operator;---><init>(Ljava/lang/String;I)V
05-15 16:48:19.608 25430 25449 D M_InsDal: Lcom/fsck/k9/search/LocalSearch;--->and(Lcom/fsck/k9/search/ConditionsTreeNode;)Lcom/fsck/k9/search/ConditionsTreeNode;
05-15 16:48:19.608 25430 25449 D M_InsDal: Lcom/fsck/k9/search/ConditionsTreeNode;--->getLeafSet()Ljava/util/Set;
05-15 16:48:19.608 25430 25449 D M_InsDal: Lcom/fsck/k9/search/ConditionsTreeNode;--->getLeafSet(Ljava/util/Set;)Ljava/util/Set;
05-15 16:48:19.608 25430 25449 D M_InsDal: Lcom/fsck/k9/Account;--->getDraftsFolderName()Ljava/lang/String;
05-15 16:48:19.608 25430 25449 D M_InsDal: Lcom/fsck/k9/Account;--->excludeSpecialFolder(Lcom/fsck/k9/search/LocalSearch;Ljava/lang/String;)V
05-15 16:48:19.608 25430 25449 D M_InsDal: Lcom/fsck/k9/search/LocalSearch;--->and(Lcom/fsck/k9/search/SearchSpecification$SearchField;Ljava/lang/String;Lcom/fsck/k9/search/SearchSpecification$Attribute;)V
05-15 16:48:19.608 25430 25449 D M_InsDal: Lcom/fsck/k9/search/SearchSpecification$SearchCondition;---><init>(Lcom/fsck/k9/search/SearchSpecification$SearchField;Lcom/fsck/k9/search/SearchSpecification$Attribute;Ljava/lang/String;)V
05-15 16:48:19.608 25430 25449 D M_InsDal: Lcom/fsck/k9/search/LocalSearch;--->and(Lcom/fsck/k9/search/SearchSpecification$SearchCondition;)Lcom/fsck/k9/search/ConditionsTreeNode;
05-15 16:48:19.608 25430 25449 D M_InsDal: Lcom/fsck/k9/search/ConditionsTreeNode;---><init>(Lcom/fsck/k9/search/SearchSpecification$SearchCondition;)V
05-15 16:48:19.608 25430 25449 D M_InsDal: Lcom/fsck/k9/search/LocalSearch;--->and(Lcom/fsck/k9/search/ConditionsTreeNode;)Lcom/fsck/k9/search/ConditionsTreeNode;
05-15 16:48:19.608 25430 25449 D M_InsDal: Lcom/fsck/k9/search/ConditionsTreeNode;--->getLeafSet()Ljava/util/Set;
05-15 16:48:19.608 25430 25449 D M_InsDal: Lcom/fsck/k9/search/ConditionsTreeNode;--->getLeafSet(Ljava/util/Set;)Ljava/util/Set;
05-15 16:48:19.608 25430 25449 D M_InsDal: Lcom/fsck/k9/search/ConditionsTreeNode;--->and(Lcom/fsck/k9/search/ConditionsTreeNode;)Lcom/fsck/k9/search/ConditionsTreeNode;
05-15 16:48:19.608 25430 25449 D M_InsDal: Lcom/fsck/k9/search/ConditionsTreeNode;--->add(Lcom/fsck/k9/search/ConditionsTreeNode;Lcom/fsck/k9/search/ConditionsTreeNode$Operator;)Lcom/fsck/k9/search/ConditionsTreeNode;
05-15 16:48:19.608 25430 25449 D M_InsDal: Lcom/fsck/k9/search/ConditionsTreeNode;---><init>(Lcom/fsck/k9/search/ConditionsTreeNode;Lcom/fsck/k9/search/ConditionsTreeNode$Operator;)V
05-15 16:48:19.608 25430 25449 D M_InsDal: Lcom/fsck/k9/Account;--->getSpamFolderName()Ljava/lang/String;
05-15 16:48:19.608 25430 25449 D M_InsDal: Lcom/fsck/k9/Account;--->excludeSpecialFolder(Lcom/fsck/k9/search/LocalSearch;Ljava/lang/String;)V
05-15 16:48:19.608 25430 25449 D M_InsDal: Lcom/fsck/k9/search/LocalSearch;--->and(Lcom/fsck/k9/search/SearchSpecification$SearchField;Ljava/lang/String;Lcom/fsck/k9/search/SearchSpecification$Attribute;)V
05-15 16:48:19.608 25430 25449 D M_InsDal: Lcom/fsck/k9/search/SearchSpecification$SearchCondition;---><init>(Lcom/fsck/k9/search/SearchSpecification$SearchField;Lcom/fsck/k9/search/SearchSpecification$Attribute;Ljava/lang/String;)V
05-15 16:48:19.608 25430 25449 D M_InsDal: Lcom/fsck/k9/search/LocalSearch;--->and(Lcom/fsck/k9/search/SearchSpecification$SearchCondition;)Lcom/fsck/k9/search/ConditionsTreeNode;
05-15 16:48:19.608 25430 25449 D M_InsDal: Lcom/fsck/k9/search/ConditionsTreeNode;---><init>(Lcom/fsck/k9/search/SearchSpecification$SearchCondition;)V
05-15 16:48:19.608 25430 25449 D M_InsDal: Lcom/fsck/k9/search/LocalSearch;--->and(Lcom/fsck/k9/search/ConditionsTreeNode;)Lcom/fsck/k9/search/ConditionsTreeNode;
05-15 16:48:19.608 25430 25449 D M_InsDal: Lcom/fsck/k9/search/ConditionsTreeNode;--->getLeafSet()Ljava/util/Set;
05-15 16:48:19.608 25430 25449 D M_InsDal: Lcom/fsck/k9/search/ConditionsTreeNode;--->getLeafSet(Ljava/util/Set;)Ljava/util/Set;
05-15 16:48:19.608 25430 25449 D M_InsDal: Lcom/fsck/k9/search/ConditionsTreeNode;--->and(Lcom/fsck/k9/search/ConditionsTreeNode;)Lcom/fsck/k9/search/ConditionsTreeNode;
05-15 16:48:19.608 25430 25449 D M_InsDal: Lcom/fsck/k9/search/ConditionsTreeNode;--->add(Lcom/fsck/k9/search/ConditionsTreeNode;Lcom/fsck/k9/search/ConditionsTreeNode$Operator;)Lcom/fsck/k9/search/ConditionsTreeNode;
05-15 16:48:19.608 25430 25449 D M_InsDal: Lcom/fsck/k9/search/ConditionsTreeNode;---><init>(Lcom/fsck/k9/search/ConditionsTreeNode;Lcom/fsck/k9/search/ConditionsTreeNode$Operator;)V
05-15 16:48:19.608 25430 25449 D M_InsDal: Lcom/fsck/k9/Account;--->getOutboxFolderName()Ljava/lang/String;
05-15 16:48:19.608 25430 25449 D M_InsDal: Lcom/fsck/k9/Account;--->excludeSpecialFolder(Lcom/fsck/k9/search/LocalSearch;Ljava/lang/String;)V
05-15 16:48:19.608 25430 25449 D M_InsDal: Lcom/fsck/k9/search/LocalSearch;--->and(Lcom/fsck/k9/search/SearchSpecification$SearchField;Ljava/lang/String;Lcom/fsck/k9/search/SearchSpecification$Attribute;)V
05-15 16:48:19.608 25430 25449 D M_InsDal: Lcom/fsck/k9/search/SearchSpecification$SearchCondition;---><init>(Lcom/fsck/k9/search/SearchSpecification$SearchField;Lcom/fsck/k9/search/SearchSpecification$Attribute;Ljava/lang/String;)V
05-15 16:48:19.608 25430 25449 D M_InsDal: Lcom/fsck/k9/search/LocalSearch;--->and(Lcom/fsck/k9/search/SearchSpecification$SearchCondition;)Lcom/fsck/k9/search/ConditionsTreeNode;
05-15 16:48:19.608 25430 25449 D M_InsDal: Lcom/fsck/k9/search/ConditionsTreeNode;---><init>(Lcom/fsck/k9/search/SearchSpecification$SearchCondition;)V
05-15 16:48:19.608 25430 25449 D M_InsDal: Lcom/fsck/k9/search/LocalSearch;--->and(Lcom/fsck/k9/search/ConditionsTreeNode;)Lcom/fsck/k9/search/ConditionsTreeNode;
05-15 16:48:19.608 25430 25449 D M_InsDal: Lcom/fsck/k9/search/ConditionsTreeNode;--->getLeafSet()Ljava/util/Set;
05-15 16:48:19.608 25430 25449 D M_InsDal: Lcom/fsck/k9/search/ConditionsTreeNode;--->getLeafSet(Ljava/util/Set;)Ljava/util/Set;
05-15 16:48:19.608 25430 25449 D M_InsDal: Lcom/fsck/k9/search/ConditionsTreeNode;--->and(Lcom/fsck/k9/search/ConditionsTreeNode;)Lcom/fsck/k9/search/ConditionsTreeNode;
05-15 16:48:19.608 25430 25449 D M_InsDal: Lcom/fsck/k9/search/ConditionsTreeNode;--->add(Lcom/fsck/k9/search/ConditionsTreeNode;Lcom/fsck/k9/search/ConditionsTreeNode$Operator;)Lcom/fsck/k9/search/ConditionsTreeNode;
05-15 16:48:19.608 25430 25449 D M_InsDal: Lcom/fsck/k9/search/ConditionsTreeNode;---><init>(Lcom/fsck/k9/search/ConditionsTreeNode;Lcom/fsck/k9/search/ConditionsTreeNode$Operator;)V
05-15 16:48:19.608 25430 25449 D M_InsDal: Lcom/fsck/k9/Account;--->getSentFolderName()Ljava/lang/String;
05-15 16:48:19.608 25430 25449 D M_InsDal: Lcom/fsck/k9/Account;--->excludeSpecialFolder(Lcom/fsck/k9/search/LocalSearch;Ljava/lang/String;)V
05-15 16:48:19.608 25430 25449 D M_InsDal: Lcom/fsck/k9/search/LocalSearch;--->and(Lcom/fsck/k9/search/SearchSpecification$SearchField;Ljava/lang/String;Lcom/fsck/k9/search/SearchSpecification$Attribute;)V
05-15 16:48:19.608 25430 25449 D M_InsDal: Lcom/fsck/k9/search/SearchSpecification$SearchCondition;---><init>(Lcom/fsck/k9/search/SearchSpecification$SearchField;Lcom/fsck/k9/search/SearchSpecification$Attribute;Ljava/lang/String;)V
05-15 16:48:19.608 25430 25449 D M_InsDal: Lcom/fsck/k9/search/LocalSearch;--->and(Lcom/fsck/k9/search/SearchSpecification$SearchCondition;)Lcom/fsck/k9/search/ConditionsTreeNode;
05-15 16:48:19.608 25430 25449 D M_InsDal: Lcom/fsck/k9/search/ConditionsTreeNode;---><init>(Lcom/fsck/k9/search/SearchSpecification$SearchCondition;)V
05-15 16:48:19.608 25430 25449 D M_InsDal: Lcom/fsck/k9/search/LocalSearch;--->and(Lcom/fsck/k9/search/ConditionsTreeNode;)Lcom/fsck/k9/search/ConditionsTreeNode;
05-15 16:48:19.608 25430 25449 D M_InsDal: Lcom/fsck/k9/search/ConditionsTreeNode;--->getLeafSet()Ljava/util/Set;
05-15 16:48:19.608 25430 25449 D M_InsDal: Lcom/fsck/k9/search/ConditionsTreeNode;--->getLeafSet(Ljava/util/Set;)Ljava/util/Set;
05-15 16:48:19.608 25430 25449 D M_InsDal: Lcom/fsck/k9/search/ConditionsTreeNode;--->and(Lcom/fsck/k9/search/ConditionsTreeNode;)Lcom/fsck/k9/search/ConditionsTreeNode;
05-15 16:48:19.608 25430 25449 D M_InsDal: Lcom/fsck/k9/search/ConditionsTreeNode;--->add(Lcom/fsck/k9/search/ConditionsTreeNode;Lcom/fsck/k9/search/ConditionsTreeNode$Operator;)Lcom/fsck/k9/search/ConditionsTreeNode;
05-15 16:48:19.608 25430 25449 D M_InsDal: Lcom/fsck/k9/search/ConditionsTreeNode;---><init>(Lcom/fsck/k9/search/ConditionsTreeNode;Lcom/fsck/k9/search/ConditionsTreeNode$Operator;)V
05-15 16:48:19.608 25430 25449 D M_InsDal: Lcom/fsck/k9/Account;--->getInboxFolderName()Ljava/lang/String;
05-15 16:48:19.608 25430 25449 D M_InsDal: Lcom/fsck/k9/search/SearchSpecification$SearchCondition;---><init>(Lcom/fsck/k9/search/SearchSpecification$SearchField;Lcom/fsck/k9/search/SearchSpecification$Attribute;Ljava/lang/String;)V
05-15 16:48:19.608 25430 25449 D M_InsDal: Lcom/fsck/k9/search/LocalSearch;--->or(Lcom/fsck/k9/search/SearchSpecification$SearchCondition;)Lcom/fsck/k9/search/ConditionsTreeNode;
05-15 16:48:19.608 25430 25449 D M_InsDal: Lcom/fsck/k9/search/ConditionsTreeNode;---><init>(Lcom/fsck/k9/search/SearchSpecification$SearchCondition;)V
05-15 16:48:19.608 25430 25449 D M_InsDal: Lcom/fsck/k9/search/LocalSearch;--->or(Lcom/fsck/k9/search/ConditionsTreeNode;)Lcom/fsck/k9/search/ConditionsTreeNode;
05-15 16:48:19.608 25430 25449 D M_InsDal: Lcom/fsck/k9/search/ConditionsTreeNode;--->getLeafSet()Ljava/util/Set;
05-15 16:48:19.608 25430 25449 D M_InsDal: Lcom/fsck/k9/search/ConditionsTreeNode;--->getLeafSet(Ljava/util/Set;)Ljava/util/Set;
05-15 16:48:19.608 25430 25449 D M_InsDal: Lcom/fsck/k9/search/ConditionsTreeNode;--->or(Lcom/fsck/k9/search/ConditionsTreeNode;)Lcom/fsck/k9/search/ConditionsTreeNode;
05-15 16:48:19.608 25430 25449 D M_InsDal: Lcom/fsck/k9/search/ConditionsTreeNode;--->add(Lcom/fsck/k9/search/ConditionsTreeNode;Lcom/fsck/k9/search/ConditionsTreeNode$Operator;)Lcom/fsck/k9/search/ConditionsTreeNode;
05-15 16:48:19.608 25430 25449 D M_InsDal: Lcom/fsck/k9/search/ConditionsTreeNode;---><init>(Lcom/fsck/k9/search/ConditionsTreeNode;Lcom/fsck/k9/search/ConditionsTreeNode$Operator;)V
05-15 16:48:19.608 25430 25449 D M_InsDal: Lcom/fsck/k9/Account;--->limitToDisplayableFolders(Lcom/fsck/k9/search/LocalSearch;)V
05-15 16:48:19.608 25430 25449 D M_InsDal: Lcom/fsck/k9/Account;--->getFolderDisplayMode()Lcom/fsck/k9/Account$FolderMode;
05-15 16:48:19.608 25430 25449 D M_InsDal: Lcom/fsck/k9/Account$1;---><clinit>()V
05-15 16:48:19.608 25430 25449 D M_InsDal: Lcom/fsck/k9/Account$FolderMode;--->values()[Lcom/fsck/k9/Account$FolderMode;
05-15 16:48:19.608 25430 25449 D M_InsDal: Lcom/fsck/k9/search/LocalSearch;--->and(Lcom/fsck/k9/search/SearchSpecification$SearchField;Ljava/lang/String;Lcom/fsck/k9/search/SearchSpecification$Attribute;)V
05-15 16:48:19.608 25430 25449 D M_InsDal: Lcom/fsck/k9/search/SearchSpecification$SearchCondition;---><init>(Lcom/fsck/k9/search/SearchSpecification$SearchField;Lcom/fsck/k9/search/SearchSpecification$Attribute;Ljava/lang/String;)V
05-15 16:48:19.608 25430 25449 D M_InsDal: Lcom/fsck/k9/search/LocalSearch;--->and(Lcom/fsck/k9/search/SearchSpecification$SearchCondition;)Lcom/fsck/k9/search/ConditionsTreeNode;
05-15 16:48:19.608 25430 25449 D M_InsDal: Lcom/fsck/k9/search/ConditionsTreeNode;---><init>(Lcom/fsck/k9/search/SearchSpecification$SearchCondition;)V
05-15 16:48:19.608 25430 25449 D M_InsDal: Lcom/fsck/k9/search/LocalSearch;--->and(Lcom/fsck/k9/search/ConditionsTreeNode;)Lcom/fsck/k9/search/ConditionsTreeNode;
05-15 16:48:19.608 25430 25449 D M_InsDal: Lcom/fsck/k9/search/ConditionsTreeNode;--->getLeafSet()Ljava/util/Set;
05-15 16:48:19.608 25430 25449 D M_InsDal: Lcom/fsck/k9/search/ConditionsTreeNode;--->getLeafSet(Ljava/util/Set;)Ljava/util/Set;
05-15 16:48:19.611 25430 25449 D M_InsDal: Lcom/fsck/k9/helper/Utility;--->closeQuietly(Landroid/database/Cursor;)V
05-15 16:48:19.612 25430 25449 D M_InsDal: Lcom/fsck/k9/Account;--->getLocalStore()Lcom/fsck/k9/mailstore/LocalStore;
05-15 16:48:19.612 25430 25449 D M_InsDal: Lcom/fsck/k9/mailstore/LocalStore;--->getInstance(Lcom/fsck/k9/Account;Landroid/content/Context;)Lcom/fsck/k9/mailstore/LocalStore;
05-15 16:48:19.612 25430 25449 D M_InsDal: Lcom/fsck/k9/Account;--->getUuid()Ljava/lang/String;
05-15 16:48:19.612 25430 25449 D M_InsDal: Lcom/fsck/k9/K9;--->measureAccounts()Z
05-15 16:48:19.612 25430 25449 D M_InsDal: Lcom/fsck/k9/mailstore/LocalStore;--->getSize()J
05-15 16:48:19.612 25430 25449 D M_InsDal: Lcom/fsck/k9/mailstore/StorageManager;--->getInstance(Landroid/content/Context;)Lcom/fsck/k9/mailstore/StorageManager;
05-15 16:48:19.612 25430 25449 D M_InsDal: Lcom/fsck/k9/Account;--->getUuid()Ljava/lang/String;
05-15 16:48:19.612 25430 25449 D M_InsDal: Lcom/fsck/k9/mailstore/LockableDatabase;--->getStorageProviderId()Ljava/lang/String;
05-15 16:48:19.612 25430 25449 D M_InsDal: Lcom/fsck/k9/mailstore/StorageManager;--->getAttachmentDirectory(Ljava/lang/String;Ljava/lang/String;)Ljava/io/File;
05-15 16:48:19.612 25430 25449 D M_InsDal: Lcom/fsck/k9/mailstore/StorageManager;--->getProvider(Ljava/lang/String;)Lcom/fsck/k9/mailstore/StorageManager$StorageProvider;
05-15 16:48:19.612 25430 25449 D M_InsDal: Lcom/fsck/k9/mailstore/StorageManager$InternalStorageProvider;--->getAttachmentDirectory(Landroid/content/Context;Ljava/lang/String;)Ljava/io/File;
05-15 16:48:19.612 25430 25449 D M_InsDal: Lcom/fsck/k9/mailstore/LocalStore$1;---><init>(Lcom/fsck/k9/mailstore/LocalStore;Ljava/io/File;Lcom/fsck/k9/mailstore/StorageManager;)V
05-15 16:48:19.612 25430 25449 D M_InsDal: Lcom/fsck/k9/mailstore/LockableDatabase;--->execute(ZLcom/fsck/k9/mailstore/LockableDatabase$DbCallback;)Ljava/lang/Object;
05-15 16:48:19.612 25430 25449 D M_InsDal: Lcom/fsck/k9/mailstore/LockableDatabase;--->lockRead()V
05-15 16:48:19.612 25430 25449 D M_InsDal: Lcom/fsck/k9/mailstore/LockableDatabase;--->getStorageManager()Lcom/fsck/k9/mailstore/StorageManager;
05-15 16:48:19.612 25430 25449 D M_InsDal: Lcom/fsck/k9/mailstore/StorageManager;--->getInstance(Landroid/content/Context;)Lcom/fsck/k9/mailstore/StorageManager;
05-15 16:48:19.612 25430 25449 D M_InsDal: Lcom/fsck/k9/mailstore/StorageManager;--->lockProvider(Ljava/lang/String;)V
05-15 16:48:19.612 25430 25449 D M_InsDal: Lcom/fsck/k9/mailstore/StorageManager;--->getProvider(Ljava/lang/String;)Lcom/fsck/k9/mailstore/StorageManager$StorageProvider;
05-15 16:48:19.612 25430 25449 D M_InsDal: Lcom/fsck/k9/mailstore/StorageManager$InternalStorageProvider;--->isReady(Landroid/content/Context;)Z
05-15 16:48:19.612 25430 25449 D M_InsDal: Lcom/fsck/k9/K9;--->isDebug()Z
05-15 16:48:19.612 25430 25449 D M_InsDal: Lcom/fsck/k9/mailstore/LocalStore$1;--->doDbWork(Landroid/database/sqlite/SQLiteDatabase;)Ljava/lang/Long;
05-15 16:48:19.612 25430 25449 D M_InsDal: Lcom/fsck/k9/Account;--->getUuid()Ljava/lang/String;
05-15 16:48:19.612 25430 25449 D M_InsDal: Lcom/fsck/k9/mailstore/LockableDatabase;--->getStorageProviderId()Ljava/lang/String;
05-15 16:48:19.612 25430 25449 D M_InsDal: Lcom/fsck/k9/mailstore/StorageManager;--->getDatabase(Ljava/lang/String;Ljava/lang/String;)Ljava/io/File;
05-15 16:48:19.612 25430 25449 D M_InsDal: Lcom/fsck/k9/mailstore/StorageManager;--->getProvider(Ljava/lang/String;)Lcom/fsck/k9/mailstore/StorageManager$StorageProvider;
05-15 16:48:19.612 25430 25449 D M_InsDal: Lcom/fsck/k9/mailstore/StorageManager$InternalStorageProvider;--->getDatabase(Landroid/content/Context;Ljava/lang/String;)Ljava/io/File;
05-15 16:48:19.612 25430 25449 D M_InsDal: Lcom/fsck/k9/mailstore/LockableDatabase;--->unlockRead()V
05-15 16:48:19.612 25430 25449 D M_InsDal: Lcom/fsck/k9/mailstore/LockableDatabase;--->getStorageManager()Lcom/fsck/k9/mailstore/StorageManager;
05-15 16:48:19.612 25430 25449 D M_InsDal: Lcom/fsck/k9/mailstore/StorageManager;--->getInstance(Landroid/content/Context;)Lcom/fsck/k9/mailstore/StorageManager;
05-15 16:48:19.612 25430 25449 D M_InsDal: Lcom/fsck/k9/mailstore/StorageManager;--->unlockProvider(Ljava/lang/String;)V
05-15 16:48:19.612 25430 25449 D M_InsDal: Lcom/fsck/k9/mailstore/StorageManager;--->getProvider(Ljava/lang/String;)Lcom/fsck/k9/mailstore/StorageManager$StorageProvider;
05-15 16:48:19.612 25430 25449 D M_InsDal: Lcom/fsck/k9/controller/imap/ImapSync;--->getListeners()Ljava/util/Set;
05-15 16:48:19.612 25430 25449 D M_InsDal: Lcom/fsck/k9/controller/MessagingController;--->getListeners()Ljava/util/Set;
05-15 16:48:19.612 25430 25449 D M_InsDal: Lcom/fsck/k9/controller/MemorizingMessagingListener;--->synchronizeMailboxProgress(Lcom/fsck/k9/Account;Ljava/lang/String;II)V
05-15 16:48:19.612 25430 25449 D M_InsDal: Lcom/fsck/k9/controller/MemorizingMessagingListener;--->getMemory(Lcom/fsck/k9/Account;Ljava/lang/String;)Lcom/fsck/k9/controller/MemorizingMessagingListener$Memory;
05-15 16:48:19.612 25430 25449 D M_InsDal: Lcom/fsck/k9/controller/MemorizingMessagingListener;--->getMemoryKey(Lcom/fsck/k9/Account;Ljava/lang/String;)Ljava/lang/String;
05-15 16:48:19.612 25430 25449 D M_InsDal: Lcom/fsck/k9/Account;--->getDescription()Ljava/lang/String;
05-15 16:48:19.612 25430 25449 D M_InsDal: Lcom/fsck/k9/controller/SimpleMessagingListener;--->synchronizeMailboxProgress(Lcom/fsck/k9/Account;Ljava/lang/String;II)V
05-15 16:48:19.612 25430 25449 D M_InsDal: Lcom/fsck/k9/controller/SimpleMessagingListener;--->synchronizeMailboxProgress(Lcom/fsck/k9/Account;Ljava/lang/String;II)V
05-15 16:48:19.612 25430 25449 D M_InsDal: Lcom/fsck/k9/mail/FetchProfile;---><init>()V
05-15 16:48:19.612 25430 25449 D M_InsDal: Lcom/fsck/k9/mail/FetchProfile$Item;---><clinit>()V
05-15 16:48:19.612 25430 25449 D M_InsDal: Lcom/fsck/k9/mail/FetchProfile$Item;---><init>(Ljava/lang/String;I)V
05-15 16:48:19.612 25430 25449 D M_InsDal: Lcom/fsck/k9/mail/FetchProfile$Item;---><init>(Ljava/lang/String;I)V
05-15 16:48:19.612 25430 25449 D M_InsDal: Lcom/fsck/k9/controller/imap/ImapSync;--->downloadSmallMessages(Lcom/fsck/k9/Account;Lcom/fsck/k9/mail/Folder;Lcom/fsck/k9/mailstore/LocalFolder;Ljava/util/List;Ljava/util/concurrent/atomic/AtomicInteger;ILjava/util/concurrent/atomic/AtomicInteger;ILcom/fsck/k9/mail/FetchProfile;)V
05-15 16:48:19.612 25430 25449 D M_InsDal: Lcom/fsck/k9/mail/store/imap/ImapFolder;--->getName()Ljava/lang/String;
05-15 16:48:19.612 25430 25449 D M_InsDal: Lcom/fsck/k9/Account;--->getEarliestPollDate()Ljava/util/Date;
05-15 16:48:19.612 25430 25449 D M_InsDal: Lcom/fsck/k9/Account;--->getMaximumPolledMessageAge()I
05-15 16:48:19.612 25430 25449 D M_InsDal: Lcom/fsck/k9/controller/imap/ImapSync$3;---><init>(Lcom/fsck/k9/controller/imap/ImapSync;Ljava/util/Date;Ljava/util/concurrent/atomic/AtomicInteger;Lcom/fsck/k9/mailstore/LocalFolder;Ljava/util/concurrent/atomic/AtomicInteger;Lcom/fsck/k9/Account;Ljava/lang/String;II)V
05-15 16:48:19.612 25430 25449 D M_InsDal: Lcom/fsck/k9/mail/store/imap/ImapFolder;--->fetch(Ljava/util/List;Lcom/fsck/k9/mail/FetchProfile;Lcom/fsck/k9/mail/MessageRetrievalListener;)V
05-15 16:48:19.612 25430 25449 D M_InsDal: Lcom/fsck/k9/mail/FetchProfile;---><init>()V
05-15 16:48:19.612 25430 25449 D M_InsDal: Lcom/fsck/k9/controller/imap/ImapSync;--->downloadLargeMessages(Lcom/fsck/k9/Account;Lcom/fsck/k9/mail/Folder;Lcom/fsck/k9/mailstore/LocalFolder;Ljava/util/List;Ljava/util/concurrent/atomic/AtomicInteger;ILjava/util/concurrent/atomic/AtomicInteger;ILcom/fsck/k9/mail/FetchProfile;)V
05-15 16:48:19.612 25430 25449 D M_InsDal: Lcom/fsck/k9/mail/store/imap/ImapFolder;--->getName()Ljava/lang/String;
05-15 16:48:19.612 25430 25449 D M_InsDal: Lcom/fsck/k9/Account;--->getEarliestPollDate()Ljava/util/Date;
05-15 16:48:19.612 25430 25449 D M_InsDal: Lcom/fsck/k9/Account;--->getMaximumPolledMessageAge()I
05-15 16:48:19.612 25430 25449 D M_InsDal: Lcom/fsck/k9/mail/store/imap/ImapFolder;--->fetch(Ljava/util/List;Lcom/fsck/k9/mail/FetchProfile;Lcom/fsck/k9/mail/MessageRetrievalListener;)V
05-15 16:48:19.612 25430 25449 D M_InsDal: Lcom/fsck/k9/controller/imap/ImapSync;--->refreshLocalMessageFlags(Lcom/fsck/k9/Account;Lcom/fsck/k9/mail/Folder;Lcom/fsck/k9/mailstore/LocalFolder;Ljava/util/List;Ljava/util/concurrent/atomic/AtomicInteger;I)V
05-15 16:48:19.612 25430 25449 D M_InsDal: Lcom/fsck/k9/mail/store/imap/ImapFolder;--->getName()Ljava/lang/String;
05-15 16:48:19.612 25430 25449 D M_InsDal: Lcom/fsck/k9/mail/FetchProfile;---><init>()V
05-15 16:48:19.612 25430 25449 D M_InsDal: Lcom/fsck/k9/mail/store/imap/ImapFolder;--->fetch(Ljava/util/List;Lcom/fsck/k9/mail/FetchProfile;Lcom/fsck/k9/mail/MessageRetrievalListener;)V
05-15 16:48:19.612 25430 25449 D M_InsDal: Lcom/fsck/k9/controller/imap/ImapSync$1;---><init>(Lcom/fsck/k9/controller/imap/ImapSync;Lcom/fsck/k9/Account;Ljava/lang/String;)V
05-15 16:48:19.612 25430 25449 D M_InsDal: Lcom/fsck/k9/mailstore/LocalFolder;--->purgeToVisibleLimit(Lcom/fsck/k9/mailstore/MessageRemovalListener;)V
05-15 16:48:19.613 25430 25449 D M_InsDal: Lcom/fsck/k9/activity/Search;---><clinit>()V
05-15 16:48:19.613 25430 25449 D M_InsDal: Lcom/fsck/k9/activity/Search;--->isActive()Z
05-15 16:48:19.613 25430 25449 D M_InsDal: Lcom/fsck/k9/mailstore/LocalFolder;--->open(I)V
05-15 16:48:19.613 25430 25449 D M_InsDal: Lcom/fsck/k9/mailstore/LocalFolder;--->isOpen()Z
05-15 16:48:19.613 25430 25449 D M_InsDal: Lcom/fsck/k9/mailstore/LocalFolder;--->getMode()I
05-15 16:48:19.613 25430 25449 D M_InsDal: Lcom/fsck/k9/mailstore/LocalStore;--->getDatabase()Lcom/fsck/k9/mailstore/LockableDatabase;
05-15 16:48:19.613 25430 25449 D M_InsDal: Lcom/fsck/k9/mailstore/LocalFolder$6;---><init>(Lcom/fsck/k9/mailstore/LocalFolder;Lcom/fsck/k9/mailstore/MessageRemovalListener;)V
05-15 16:48:19.613 25430 25449 D M_InsDal: Lcom/fsck/k9/mailstore/LockableDatabase;--->execute(ZLcom/fsck/k9/mailstore/LockableDatabase$DbCallback;)Ljava/lang/Object;
05-15 16:48:19.613 25430 25449 D M_InsDal: Lcom/fsck/k9/mailstore/LockableDatabase;--->lockRead()V
05-15 16:48:19.613 25430 25449 D M_InsDal: Lcom/fsck/k9/mailstore/LockableDatabase;--->getStorageManager()Lcom/fsck/k9/mailstore/StorageManager;
05-15 16:48:19.613 25430 25449 D M_InsDal: Lcom/fsck/k9/mailstore/StorageManager;--->getInstance(Landroid/content/Context;)Lcom/fsck/k9/mailstore/StorageManager;
05-15 16:48:19.613 25430 25449 D M_InsDal: Lcom/fsck/k9/mailstore/StorageManager;--->lockProvider(Ljava/lang/String;)V
05-15 16:48:19.613 25430 25449 D M_InsDal: Lcom/fsck/k9/mailstore/StorageManager;--->getProvider(Ljava/lang/String;)Lcom/fsck/k9/mailstore/StorageManager$StorageProvider;
05-15 16:48:19.613 25430 25449 D M_InsDal: Lcom/fsck/k9/mailstore/StorageManager$InternalStorageProvider;--->isReady(Landroid/content/Context;)Z
05-15 16:48:19.613 25430 25449 D M_InsDal: Lcom/fsck/k9/K9;--->isDebug()Z
05-15 16:48:19.613 25430 25449 D M_InsDal: Lcom/fsck/k9/mailstore/LocalFolder$6;--->doDbWork(Landroid/database/sqlite/SQLiteDatabase;)Ljava/lang/Void;
05-15 16:48:19.613 25430 25449 D M_InsDal: Lcom/fsck/k9/mailstore/LocalFolder;--->getDatabaseId()J
05-15 16:48:19.613 25430 25449 D M_InsDal: Lcom/fsck/k9/helper/Utility;--->closeQuietly(Landroid/database/Cursor;)V
05-15 16:48:19.613 25430 25449 D M_InsDal: Lcom/fsck/k9/mailstore/LockableDatabase;--->unlockRead()V
05-15 16:48:19.613 25430 25449 D M_InsDal: Lcom/fsck/k9/mailstore/LockableDatabase;--->getStorageManager()Lcom/fsck/k9/mailstore/StorageManager;
05-15 16:48:19.613 25430 25449 D M_InsDal: Lcom/fsck/k9/mailstore/StorageManager;--->getInstance(Landroid/content/Context;)Lcom/fsck/k9/mailstore/StorageManager;
05-15 16:48:19.613 25430 25449 D M_InsDal: Lcom/fsck/k9/mailstore/StorageManager;--->unlockProvider(Ljava/lang/String;)V
05-15 16:48:19.613 25430 25449 D M_InsDal: Lcom/fsck/k9/mailstore/StorageManager;--->getProvider(Ljava/lang/String;)Lcom/fsck/k9/mailstore/StorageManager$StorageProvider;
05-15 16:48:19.613 25430 25449 D M_InsDal: Lcom/fsck/k9/mailstore/LocalFolder;--->getUnreadMessageCount()I
05-15 16:48:19.613 25430 25449 D M_InsDal: Lcom/fsck/k9/mailstore/LocalStore;--->getDatabase()Lcom/fsck/k9/mailstore/LockableDatabase;
05-15 16:48:19.613 25430 25449 D M_InsDal: Lcom/fsck/k9/mailstore/LocalFolder$4;---><init>(Lcom/fsck/k9/mailstore/LocalFolder;)V
05-15 16:48:19.613 25430 25449 D M_InsDal: Lcom/fsck/k9/mailstore/LockableDatabase;--->execute(ZLcom/fsck/k9/mailstore/LockableDatabase$DbCallback;)Ljava/lang/Object;
05-15 16:48:19.613 25430 25449 D M_InsDal: Lcom/fsck/k9/mailstore/LockableDatabase;--->lockRead()V
05-15 16:48:19.613 25430 25449 D M_InsDal: Lcom/fsck/k9/mailstore/LockableDatabase;--->getStorageManager()Lcom/fsck/k9/mailstore/StorageManager;
05-15 16:48:19.613 25430 25449 D M_InsDal: Lcom/fsck/k9/mailstore/StorageManager;--->getInstance(Landroid/content/Context;)Lcom/fsck/k9/mailstore/StorageManager;
05-15 16:48:19.613 25430 25449 D M_InsDal: Lcom/fsck/k9/mailstore/StorageManager;--->lockProvider(Ljava/lang/String;)V
05-15 16:48:19.613 25430 25449 D M_InsDal: Lcom/fsck/k9/mailstore/StorageManager;--->getProvider(Ljava/lang/String;)Lcom/fsck/k9/mailstore/StorageManager$StorageProvider;
