06-05 15:42:59.770 10309 10334 D M_InsDal: Lcom/fsck/k9/mail/Folder;---><init>()V
06-05 15:42:59.770 10309 10334 D M_InsDal: Lcom/fsck/k9/mailstore/LocalStore;--->getAttachmentInfoExtractor()Lcom/fsck/k9/message/extractors/AttachmentInfoExtractor;
06-05 15:42:59.770 10309 10334 D M_InsDal: Lcom/fsck/k9/mailstore/LocalFolder;--->getAccount()Lcom/fsck/k9/Account;
06-05 15:42:59.770 10309 10334 D M_InsDal: Lcom/fsck/k9/mailstore/LocalStore;--->getAccount()Lcom/fsck/k9/Account;
06-05 15:42:59.770 10309 10334 D M_InsDal: Lcom/fsck/k9/Account;--->getInboxFolderName()Ljava/lang/String;
06-05 15:42:59.770 10309 10334 D M_InsDal: Lcom/fsck/k9/mailstore/LocalFolder;--->getName()Ljava/lang/String;
06-05 15:42:59.770 10309 10334 D M_InsDal: Lcom/fsck/k9/mailstore/LocalFolder;--->open(I)V
06-05 15:42:59.770 10309 10334 D M_InsDal: Lcom/fsck/k9/mailstore/LocalFolder;--->isOpen()Z
06-05 15:42:59.770 10309 10334 D M_InsDal: Lcom/fsck/k9/mailstore/LocalFolder;--->isOpen()Z
06-05 15:42:59.770 10309 10334 D M_InsDal: Lcom/fsck/k9/mailstore/LocalStore;--->getDatabase()Lcom/fsck/k9/mailstore/LockableDatabase;
06-05 15:42:59.770 10309 10334 D M_InsDal: Lcom/fsck/k9/mailstore/LocalFolder$1;---><init>(Lcom/fsck/k9/mailstore/LocalFolder;I)V
06-05 15:42:59.770 10309 10334 D M_InsDal: Lcom/fsck/k9/mailstore/LockableDatabase;--->execute(ZLcom/fsck/k9/mailstore/LockableDatabase$DbCallback;)Ljava/lang/Object;
06-05 15:42:59.770 10309 10334 D M_InsDal: Lcom/fsck/k9/mailstore/LockableDatabase;--->lockRead()V
06-05 15:42:59.770 10309 10334 D M_InsDal: Lcom/fsck/k9/mailstore/LockableDatabase;--->getStorageManager()Lcom/fsck/k9/mailstore/StorageManager;
06-05 15:42:59.770 10309 10334 D M_InsDal: Lcom/fsck/k9/mailstore/StorageManager;--->getInstance(Landroid/content/Context;)Lcom/fsck/k9/mailstore/StorageManager;
06-05 15:42:59.770 10309 10334 D M_InsDal: Lcom/fsck/k9/mailstore/StorageManager;--->lockProvider(Ljava/lang/String;)V
06-05 15:42:59.770 10309 10334 D M_InsDal: Lcom/fsck/k9/mailstore/StorageManager;--->getProvider(Ljava/lang/String;)Lcom/fsck/k9/mailstore/StorageManager$StorageProvider;
06-05 15:42:59.770 10309 10334 D M_InsDal: Lcom/fsck/k9/mailstore/StorageManager$InternalStorageProvider;--->isReady(Landroid/content/Context;)Z
06-05 15:42:59.770 10309 10334 D M_InsDal: Lcom/fsck/k9/K9;--->isDebug()Z
06-05 15:42:59.770 10309 10334 D M_InsDal: Lcom/fsck/k9/mailstore/LocalFolder$1;--->doDbWork(Landroid/database/sqlite/SQLiteDatabase;)Ljava/lang/Void;
06-05 15:42:59.770 10309 10334 D M_InsDal: Lcom/fsck/k9/mailstore/LocalFolder;--->open(Landroid/database/Cursor;)V
06-05 15:42:59.770 10309 10334 D M_InsDal: Lcom/fsck/k9/mail/Folder;--->setStatus(Ljava/lang/String;)V
06-05 15:42:59.770 10309 10334 D M_InsDal: Lcom/fsck/k9/mail/Folder;--->setLastChecked(J)V
06-05 15:42:59.770 10309 10334 D M_InsDal: Lcom/fsck/k9/mail/Folder;--->setLastPush(J)V
06-05 15:42:59.770 10309 10334 D M_InsDal: Lcom/fsck/k9/mail/Folder$FolderClass;--->valueOf(Ljava/lang/String;)Lcom/fsck/k9/mail/Folder$FolderClass;
06-05 15:42:59.770 10309 10334 D M_InsDal: Lcom/fsck/k9/mail/Folder$FolderClass;--->valueOf(Ljava/lang/String;)Lcom/fsck/k9/mail/Folder$FolderClass;
06-05 15:42:59.770 10309 10334 D M_InsDal: Lcom/fsck/k9/mailstore/LocalFolder$MoreMessages;--->fromDatabaseName(Ljava/lang/String;)Lcom/fsck/k9/mailstore/LocalFolder$MoreMessages;
06-05 15:42:59.770 10309 10334 D M_InsDal: Lcom/fsck/k9/mailstore/LocalFolder$MoreMessages;--->values()[Lcom/fsck/k9/mailstore/LocalFolder$MoreMessages;
06-05 15:42:59.770 10309 10334 D M_InsDal: Lcom/fsck/k9/helper/Utility;--->closeQuietly(Landroid/database/Cursor;)V
06-05 15:42:59.770 10309 10334 D M_InsDal: Lcom/fsck/k9/mailstore/LockableDatabase;--->unlockRead()V
06-05 15:42:59.770 10309 10334 D M_InsDal: Lcom/fsck/k9/mailstore/LockableDatabase;--->getStorageManager()Lcom/fsck/k9/mailstore/StorageManager;
06-05 15:42:59.770 10309 10334 D M_InsDal: Lcom/fsck/k9/mailstore/StorageManager;--->getInstance(Landroid/content/Context;)Lcom/fsck/k9/mailstore/StorageManager;
06-05 15:42:59.770 10309 10334 D M_InsDal: Lcom/fsck/k9/mailstore/StorageManager;--->unlockProvider(Ljava/lang/String;)V
06-05 15:42:59.770 10309 10334 D M_InsDal: Lcom/fsck/k9/mailstore/StorageManager;--->getProvider(Ljava/lang/String;)Lcom/fsck/k9/mailstore/StorageManager$StorageProvider;
06-05 15:42:59.770 10309 10334 D M_InsDal: Lcom/fsck/k9/mailstore/LocalFolder;--->getPushState()Ljava/lang/String;
06-05 15:42:59.770 10309 10334 D M_InsDal: Lcom/fsck/k9/mailstore/LocalFolder;--->close()V
06-05 15:42:59.770 10309 10334 D M_InsDal: Lcom/fsck/k9/mail/store/imap/ImapPushState;--->parse(Ljava/lang/String;)Lcom/fsck/k9/mail/store/imap/ImapPushState;
06-05 15:42:59.770 10309 10334 D M_InsDal: Lcom/fsck/k9/mail/store/imap/ImapPushState;--->createDefaultImapPushState()Lcom/fsck/k9/mail/store/imap/ImapPushState;
06-05 15:42:59.770 10309 10334 D M_InsDal: Lcom/fsck/k9/mail/store/imap/ImapPushState;---><init>(J)V
06-05 15:42:59.770 10309 10334 D M_InsDal: Lcom/fsck/k9/mail/K9MailLib;--->isDebug()Z
06-05 15:42:59.770 10309 10334 D M_InsDal: Lcom/fsck/k9/K9$2;--->enabled()Z
06-05 15:42:59.770 10309 10334 D M_InsDal: Lcom/fsck/k9/mail/store/imap/ImapFolderPusher$PushRunnable;--->openConnectionIfNecessary()Z
06-05 15:42:59.770 10309 10334 D M_InsDal: Lcom/fsck/k9/mail/store/imap/ImapFolder;--->internalOpen(I)Ljava/util/List;
06-05 15:42:59.770 10309 10331 D M_InsDal: Lcom/fsck/k9/service/MailService;--->isSyncDisabled()Z
06-05 15:42:59.770 10309 10334 D M_InsDal: Lcom/fsck/k9/mail/store/imap/ImapFolder;--->isOpen()Z
06-05 15:42:59.770 10309 10331 D M_InsDal: Lcom/fsck/k9/controller/MessagingController;--->getInstance(Landroid/content/Context;)Lcom/fsck/k9/controller/MessagingController;
06-05 15:42:59.770 10309 10334 D M_InsDal: Lcom/fsck/k9/mail/store/imap/ImapStore;--->releaseConnection(Lcom/fsck/k9/mail/store/imap/ImapConnection;)V
06-05 15:42:59.770 10309 10334 D M_InsDal: Lcom/fsck/k9/mail/store/imap/ImapStore;--->getConnection()Lcom/fsck/k9/mail/store/imap/ImapConnection;
06-05 15:42:59.770 10309 10334 D M_InsDal: Lcom/fsck/k9/mail/store/imap/ImapStore;--->pollConnection()Lcom/fsck/k9/mail/store/imap/ImapConnection;
06-05 15:42:59.770 10309 10331 D M_InsDal: Lcom/fsck/k9/controller/MessagingController;--->systemStatusChanged()V
06-05 15:42:59.770 10309 10334 D M_InsDal: Lcom/fsck/k9/mail/store/imap/ImapStore;--->createImapConnection()Lcom/fsck/k9/mail/store/imap/ImapConnection;
06-05 15:42:59.770 10309 10331 D M_InsDal: Lcom/fsck/k9/controller/MessagingController;--->getListeners()Ljava/util/Set;
06-05 15:42:59.770 10309 10334 D M_InsDal: Lcom/fsck/k9/mail/store/imap/ImapStore$StoreImapSettings;---><init>(Lcom/fsck/k9/mail/store/imap/ImapStore;)V
06-05 15:42:59.770 10309 10334 D M_InsDal: Lcom/fsck/k9/mail/store/imap/ImapConnection;---><init>(Lcom/fsck/k9/mail/store/imap/ImapSettings;Lcom/fsck/k9/mail/ssl/TrustedSocketFactory;Landroid/net/ConnectivityManager;Lcom/fsck/k9/mail/oauth/OAuth2TokenProvider;)V
06-05 15:42:59.770 10309 10334 D M_InsDal: Lcom/fsck/k9/mail/store/imap/ImapFolder;--->getPrefixedName()Ljava/lang/String;
06-05 15:42:59.770 10309 10334 D M_InsDal: Lcom/fsck/k9/mail/store/imap/ImapStore;--->getStoreConfig()Lcom/fsck/k9/mail/store/StoreConfig;
06-05 15:42:59.770 10309 10331 D M_InsDal: Lcom/fsck/k9/controller/SimpleMessagingListener;--->systemStatusChanged()V
06-05 15:42:59.770 10309 10334 D M_InsDal: Lcom/fsck/k9/Account;--->getInboxFolderName()Ljava/lang/String;
06-05 15:42:59.770 10309 10331 D M_InsDal: Lcom/fsck/k9/controller/SimpleMessagingListener;--->systemStatusChanged()V
06-05 15:42:59.770 10309 10334 D M_InsDal: Lcom/fsck/k9/mail/store/imap/ImapConnection;--->open()V
06-05 15:42:59.770 10309 10331 D M_InsDal: Lcom/fsck/k9/controller/SimpleMessagingListener;--->systemStatusChanged()V
06-05 15:42:59.770 10309 10334 D M_InsDal: Lcom/fsck/k9/mail/store/imap/ImapConnection;--->adjustDNSCacheTTL()V
06-05 15:42:59.770 10309 10334 D M_InsDal: Lcom/fsck/k9/mail/store/imap/ImapConnection;--->connect()Ljava/net/Socket;
06-05 15:42:59.770 10309 10331 D M_InsDal: Lcom/fsck/k9/mail/power/TracingPowerManager$TracingWakeLock;--->release()V
06-05 15:42:59.770 10309 10334 D M_InsDal: Lcom/fsck/k9/mail/store/imap/ImapStore$StoreImapSettings;--->getHost()Ljava/lang/String;
06-05 15:42:59.770 10309 10331 D M_InsDal: Lcom/fsck/k9/mail/K9MailLib;--->isDebug()Z
06-05 15:42:59.770 10309 10331 D M_InsDal: Lcom/fsck/k9/K9$2;--->enabled()Z
06-05 15:42:59.770 10309 10331 D M_InsDal: Lcom/fsck/k9/mail/power/TracingPowerManager$TracingWakeLock;--->cancelNotification()V
06-05 15:42:59.771 10309 10334 D M_InsDal: Lcom/fsck/k9/mail/store/imap/ImapConnection;--->connectToAddress(Ljava/net/InetAddress;)Ljava/net/Socket;
06-05 15:42:59.771 10309 10334 D M_InsDal: Lcom/fsck/k9/mail/store/imap/ImapStore$StoreImapSettings;--->getHost()Ljava/lang/String;
06-05 15:42:59.771 10309 10334 D M_InsDal: Lcom/fsck/k9/mail/store/imap/ImapStore$StoreImapSettings;--->getPort()I
06-05 15:42:59.771 10309 10334 D M_InsDal: Lcom/fsck/k9/mail/store/imap/ImapStore$StoreImapSettings;--->getClientCertificateAlias()Ljava/lang/String;
06-05 15:42:59.771 10309 10334 D M_InsDal: Lcom/fsck/k9/mail/K9MailLib;--->isDebug()Z
06-05 15:42:59.771 10309 10334 D M_InsDal: Lcom/fsck/k9/K9$2;--->enabled()Z
06-05 15:42:59.771 10309 10334 D M_InsDal: Lcom/fsck/k9/mail/store/imap/ImapStore$StoreImapSettings;--->getConnectionSecurity()Lcom/fsck/k9/mail/ConnectionSecurity;
06-05 15:42:59.771 10309 10334 D M_InsDal: Lcom/fsck/k9/mail/ssl/DefaultTrustedSocketFactory;--->createSocket(Ljava/net/Socket;Ljava/lang/String;ILjava/lang/String;)Ljava/net/Socket;
06-05 15:42:59.771 10309 10334 D M_InsDal: Lcom/fsck/k9/mail/ssl/TrustManagerFactory;--->get(Ljava/lang/String;I)Ljavax/net/ssl/X509TrustManager;
06-05 15:42:59.771 10309 10334 D M_InsDal: Lcom/fsck/k9/mail/ssl/TrustManagerFactory$SecureX509TrustManager;--->getInstance(Ljava/lang/String;I)Ljavax/net/ssl/X509TrustManager;
06-05 15:42:59.771 10309 10334 D M_InsDal: Lcom/fsck/k9/mail/ssl/DefaultTrustedSocketFactory;--->hardenSocket(Ljavax/net/ssl/SSLSocket;)V
06-05 15:42:59.771 10309 10334 D M_InsDal: Lcom/fsck/k9/mail/ssl/DefaultTrustedSocketFactory;--->setSniHost(Ljavax/net/ssl/SSLSocketFactory;Ljavax/net/ssl/SSLSocket;Ljava/lang/String;)V
06-05 15:42:59.771 10309 10334 D M_InsDal: Lcom/fsck/k9/mail/ssl/DefaultTrustedSocketFactory;--->setHostnameViaReflection(Ljavax/net/ssl/SSLSocket;Ljava/lang/String;)V
06-05 15:42:59.795 10309 10333 D M_InsDal: Lcom/fsck/k9/mail/store/imap/ImapConnection;--->configureSocket()V
06-05 15:42:59.795 10309 10334 D M_InsDal: Lcom/fsck/k9/mail/store/imap/ImapConnection;--->configureSocket()V
06-05 15:42:59.795 10309 10333 D M_InsDal: Lcom/fsck/k9/mail/store/imap/ImapConnection;--->setUpStreamsAndParserFromSocket()V
06-05 15:42:59.795 10309 10334 D M_InsDal: Lcom/fsck/k9/mail/store/imap/ImapConnection;--->setUpStreamsAndParserFromSocket()V
06-05 15:42:59.824 10309 10334 D M_InsDal: Lcom/fsck/k9/mail/ssl/TrustManagerFactory$SecureX509TrustManager;--->checkServerTrusted([Ljava/security/cert/X509Certificate;Ljava/lang/String;)V
06-05 15:42:59.853 10309 10334 D M_InsDal: Lcom/fsck/k9/mail/store/imap/ImapConnection;--->setUpStreamsAndParser(Ljava/io/InputStream;Ljava/io/OutputStream;)V
06-05 15:42:59.854 10309 10334 D M_InsDal: Lcom/fsck/k9/mail/filter/PeekableInputStream;---><init>(Ljava/io/InputStream;)V
06-05 15:42:59.854 10309 10334 D M_InsDal: Lcom/fsck/k9/mail/store/imap/ImapResponseParser;---><init>(Lcom/fsck/k9/mail/filter/PeekableInputStream;)V
06-05 15:42:59.854 10309 10334 D M_InsDal: Lcom/fsck/k9/mail/store/imap/ImapConnection;--->readInitialResponse()V
06-05 15:42:59.854 10309 10334 D M_InsDal: Lcom/fsck/k9/mail/store/imap/ImapResponseParser;--->readResponse()Lcom/fsck/k9/mail/store/imap/ImapResponse;
06-05 15:42:59.854 10309 10334 D M_InsDal: Lcom/fsck/k9/mail/store/imap/ImapResponseParser;--->readResponse(Lcom/fsck/k9/mail/store/imap/ImapResponseCallback;)Lcom/fsck/k9/mail/store/imap/ImapResponse;
06-05 15:42:59.854 10309 10334 D M_InsDal: Lcom/fsck/k9/mail/filter/PeekableInputStream;--->peek()I
06-05 15:42:59.896 10309 10333 D M_InsDal: Lcom/fsck/k9/mail/ssl/TrustManagerFactory$SecureX509TrustManager;--->checkServerTrusted([Ljava/security/cert/X509Certificate;Ljava/lang/String;)V
06-05 15:42:59.925 10309 10333 D M_InsDal: Lcom/fsck/k9/mail/store/imap/ImapConnection;--->setUpStreamsAndParser(Ljava/io/InputStream;Ljava/io/OutputStream;)V
06-05 15:42:59.925 10309 10333 D M_InsDal: Lcom/fsck/k9/mail/filter/PeekableInputStream;---><init>(Ljava/io/InputStream;)V
06-05 15:42:59.925 10309 10333 D M_InsDal: Lcom/fsck/k9/mail/store/imap/ImapResponseParser;---><init>(Lcom/fsck/k9/mail/filter/PeekableInputStream;)V
06-05 15:42:59.925 10309 10333 D M_InsDal: Lcom/fsck/k9/mail/store/imap/ImapConnection;--->readInitialResponse()V
06-05 15:42:59.925 10309 10333 D M_InsDal: Lcom/fsck/k9/mail/store/imap/ImapResponseParser;--->readResponse()Lcom/fsck/k9/mail/store/imap/ImapResponse;
06-05 15:42:59.925 10309 10333 D M_InsDal: Lcom/fsck/k9/mail/store/imap/ImapResponseParser;--->readResponse(Lcom/fsck/k9/mail/store/imap/ImapResponseCallback;)Lcom/fsck/k9/mail/store/imap/ImapResponse;
06-05 15:42:59.925 10309 10333 D M_InsDal: Lcom/fsck/k9/mail/filter/PeekableInputStream;--->peek()I
06-05 15:42:59.936 10309 10333 D M_InsDal: Lcom/fsck/k9/mail/store/imap/ImapResponseParser;--->readUntaggedResponse(Lcom/fsck/k9/mail/store/imap/ImapResponseCallback;)V
06-05 15:42:59.936 10309 10333 D M_InsDal: Lcom/fsck/k9/mail/store/imap/ImapResponseParser;--->parseUntaggedResponse()V
06-05 15:42:59.936 10309 10333 D M_InsDal: Lcom/fsck/k9/mail/store/imap/ImapResponseParser;--->expect(C)V
06-05 15:42:59.936 10309 10333 D M_InsDal: Lcom/fsck/k9/mail/filter/PeekableInputStream;--->read()I
06-05 15:42:59.936 10309 10333 D M_InsDal: Lcom/fsck/k9/mail/store/imap/ImapResponseParser;--->expect(C)V
06-05 15:42:59.936 10309 10333 D M_InsDal: Lcom/fsck/k9/mail/filter/PeekableInputStream;--->read()I
06-05 15:42:59.936 10309 10333 D M_InsDal: Lcom/fsck/k9/mail/store/imap/ImapList;---><clinit>()V
06-05 15:42:59.936 10309 10333 D M_InsDal: Lcom/fsck/k9/mail/store/imap/ImapResponse;--->newUntaggedResponse(Lcom/fsck/k9/mail/store/imap/ImapResponseCallback;)Lcom/fsck/k9/mail/store/imap/ImapResponse;
06-05 15:42:59.936 10309 10333 D M_InsDal: Lcom/fsck/k9/mail/store/imap/ImapResponse;---><init>(Lcom/fsck/k9/mail/store/imap/ImapResponseCallback;ZLjava/lang/String;)V
06-05 15:42:59.936 10309 10333 D M_InsDal: Lcom/fsck/k9/mail/store/imap/ImapList;---><init>()V
06-05 15:42:59.936 10309 10333 D M_InsDal: Lcom/fsck/k9/mail/store/imap/ImapResponseParser;--->readTokens(Lcom/fsck/k9/mail/store/imap/ImapResponse;)V
06-05 15:42:59.936 10309 10333 D M_InsDal: Lcom/fsck/k9/mail/store/imap/ImapResponseParser;--->readToken(Lcom/fsck/k9/mail/store/imap/ImapResponse;)Ljava/lang/Object;
06-05 15:42:59.936 10309 10333 D M_InsDal: Lcom/fsck/k9/mail/store/imap/ImapResponseParser;--->parseToken(Lcom/fsck/k9/mail/store/imap/ImapList;)Ljava/lang/Object;
06-05 15:42:59.936 10309 10333 D M_InsDal: Lcom/fsck/k9/mail/filter/PeekableInputStream;--->peek()I
06-05 15:42:59.936 10309 10333 D M_InsDal: Lcom/fsck/k9/mail/store/imap/ImapResponseParser;--->parseBareString(Z)Ljava/lang/String;
06-05 15:42:59.936 10309 10333 D M_InsDal: Lcom/fsck/k9/mail/filter/PeekableInputStream;--->peek()I
06-05 15:42:59.936 10309 10333 D M_InsDal: Lcom/fsck/k9/mail/filter/PeekableInputStream;--->read()I
06-05 15:42:59.936 10309 10333 D M_InsDal: Lcom/fsck/k9/mail/filter/PeekableInputStream;--->peek()I
06-05 15:42:59.936 10309 10333 D M_InsDal: Lcom/fsck/k9/mail/filter/PeekableInputStream;--->read()I
06-05 15:42:59.936 10309 10333 D M_InsDal: Lcom/fsck/k9/mail/filter/PeekableInputStream;--->peek()I
06-05 15:42:59.936 10309 10333 D M_InsDal: Lcom/fsck/k9/mail/store/imap/ImapResponseParser;--->checkTokenIsString(Ljava/lang/Object;)V
06-05 15:42:59.936 10309 10333 D M_InsDal: Lcom/fsck/k9/mail/store/imap/ImapResponseParser;--->isStatusResponse(Ljava/lang/String;)Z
06-05 15:42:59.936 10309 10333 D M_InsDal: Lcom/fsck/k9/mail/store/imap/ImapResponseParser;--->parseResponseText(Lcom/fsck/k9/mail/store/imap/ImapResponse;)V
06-05 15:42:59.936 10309 10333 D M_InsDal: Lcom/fsck/k9/mail/store/imap/ImapResponseParser;--->skipIfSpace()V
06-05 15:42:59.936 10309 10333 D M_InsDal: Lcom/fsck/k9/mail/filter/PeekableInputStream;--->peek()I
06-05 15:42:59.936 10309 10333 D M_InsDal: Lcom/fsck/k9/mail/store/imap/ImapResponseParser;--->expect(C)V
06-05 15:42:59.936 10309 10333 D M_InsDal: Lcom/fsck/k9/mail/filter/PeekableInputStream;--->read()I
06-05 15:42:59.936 10309 10333 D M_InsDal: Lcom/fsck/k9/mail/filter/PeekableInputStream;--->peek()I
06-05 15:42:59.936 10309 10333 D M_InsDal: Lcom/fsck/k9/mail/store/imap/ImapResponseParser;--->parseList(Lcom/fsck/k9/mail/store/imap/ImapList;CC)Lcom/fsck/k9/mail/store/imap/ImapList;
06-05 15:42:59.936 10309 10333 D M_InsDal: Lcom/fsck/k9/mail/store/imap/ImapResponseParser;--->expect(C)V
06-05 15:42:59.936 10309 10333 D M_InsDal: Lcom/fsck/k9/mail/filter/PeekableInputStream;--->read()I
06-05 15:42:59.936 10309 10333 D M_InsDal: Lcom/fsck/k9/mail/store/imap/ImapList;---><init>()V
06-05 15:42:59.936 10309 10333 D M_InsDal: Lcom/fsck/k9/mail/store/imap/ImapResponseParser;--->parseToken(Lcom/fsck/k9/mail/store/imap/ImapList;)Ljava/lang/Object;
06-05 15:42:59.936 10309 10333 D M_InsDal: Lcom/fsck/k9/mail/filter/PeekableInputStream;--->peek()I
06-05 15:42:59.936 10309 10333 D M_InsDal: Lcom/fsck/k9/mail/store/imap/ImapResponseParser;--->parseBareString(Z)Ljava/lang/String;
06-05 15:42:59.936 10309 10333 D M_InsDal: Lcom/fsck/k9/mail/filter/PeekableInputStream;--->peek()I
06-05 15:42:59.936 10309 10333 D M_InsDal: Lcom/fsck/k9/mail/filter/PeekableInputStream;--->read()I
06-05 15:42:59.936 10309 10333 D M_InsDal: Lcom/fsck/k9/mail/filter/PeekableInputStream;--->peek()I
06-05 15:42:59.936 10309 10333 D M_InsDal: Lcom/fsck/k9/mail/filter/PeekableInputStream;--->read()I
06-05 15:42:59.936 10309 10333 D M_InsDal: Lcom/fsck/k9/mail/filter/PeekableInputStream;--->peek()I
06-05 15:42:59.936 10309 10333 D M_InsDal: Lcom/fsck/k9/mail/filter/PeekableInputStream;--->read()I
06-05 15:42:59.936 10309 10333 D M_InsDal: Lcom/fsck/k9/mail/filter/PeekableInputStream;--->peek()I
06-05 15:42:59.936 10309 10333 D M_InsDal: Lcom/fsck/k9/mail/filter/PeekableInputStream;--->read()I
06-05 15:42:59.936 10309 10333 D M_InsDal: Lcom/fsck/k9/mail/filter/PeekableInputStream;--->peek()I
06-05 15:42:59.936 10309 10333 D M_InsDal: Lcom/fsck/k9/mail/filter/PeekableInputStream;--->read()I
06-05 15:42:59.936 10309 10333 D M_InsDal: Lcom/fsck/k9/mail/filter/PeekableInputStream;--->peek()I
06-05 15:42:59.936 10309 10333 D M_InsDal: Lcom/fsck/k9/mail/filter/PeekableInputStream;--->read()I
06-05 15:42:59.936 10309 10333 D M_InsDal: Lcom/fsck/k9/mail/filter/PeekableInputStream;--->peek()I
06-05 15:42:59.936 10309 10333 D M_InsDal: Lcom/fsck/k9/mail/filter/PeekableInputStream;--->read()I
06-05 15:42:59.936 10309 10333 D M_InsDal: Lcom/fsck/k9/mail/filter/PeekableInputStream;--->peek()I
06-05 15:42:59.936 10309 10333 D M_InsDal: Lcom/fsck/k9/mail/filter/PeekableInputStream;--->read()I
06-05 15:42:59.936 10309 10333 D M_InsDal: Lcom/fsck/k9/mail/filter/PeekableInputStream;--->peek()I
06-05 15:42:59.936 10309 10333 D M_InsDal: Lcom/fsck/k9/mail/filter/PeekableInputStream;--->read()I
06-05 15:42:59.936 10309 10333 D M_InsDal: Lcom/fsck/k9/mail/filter/PeekableInputStream;--->peek()I
06-05 15:42:59.936 10309 10333 D M_InsDal: Lcom/fsck/k9/mail/filter/PeekableInputStream;--->read()I
06-05 15:42:59.936 10309 10333 D M_InsDal: Lcom/fsck/k9/mail/filter/PeekableInputStream;--->peek()I
06-05 15:42:59.936 10309 10333 D M_InsDal: Lcom/fsck/k9/mail/store/imap/ImapResponseParser;--->parseToken(Lcom/fsck/k9/mail/store/imap/ImapList;)Ljava/lang/Object;
06-05 15:42:59.936 10309 10333 D M_InsDal: Lcom/fsck/k9/mail/filter/PeekableInputStream;--->peek()I
06-05 15:42:59.936 10309 10333 D M_InsDal: Lcom/fsck/k9/mail/store/imap/ImapResponseParser;--->expect(C)V
06-05 15:42:59.936 10309 10333 D M_InsDal: Lcom/fsck/k9/mail/filter/PeekableInputStream;--->read()I
06-05 15:42:59.936 10309 10333 D M_InsDal: Lcom/fsck/k9/mail/filter/PeekableInputStream;--->peek()I
06-05 15:42:59.936 10309 10333 D M_InsDal: Lcom/fsck/k9/mail/store/imap/ImapResponseParser;--->parseBareString(Z)Ljava/lang/String;
06-05 15:42:59.936 10309 10333 D M_InsDal: Lcom/fsck/k9/mail/filter/PeekableInputStream;--->peek()I
06-05 15:42:59.936 10309 10333 D M_InsDal: Lcom/fsck/k9/mail/filter/PeekableInputStream;--->read()I
06-05 15:42:59.936 10309 10333 D M_InsDal: Lcom/fsck/k9/mail/filter/PeekableInputStream;--->peek()I
06-05 15:42:59.936 10309 10333 D M_InsDal: Lcom/fsck/k9/mail/filter/PeekableInputStream;--->read()I
06-05 15:42:59.936 10309 10333 D M_InsDal: Lcom/fsck/k9/mail/filter/PeekableInputStream;--->peek()I
06-05 15:42:59.936 10309 10333 D M_InsDal: Lcom/fsck/k9/mail/filter/PeekableInputStream;--->read()I
06-05 15:42:59.936 10309 10333 D M_InsDal: Lcom/fsck/k9/mail/filter/PeekableInputStream;--->peek()I
06-05 15:42:59.936 10309 10333 D M_InsDal: Lcom/fsck/k9/mail/filter/PeekableInputStream;--->read()I
06-05 15:42:59.936 10309 10333 D M_InsDal: Lcom/fsck/k9/mail/filter/PeekableInputStream;--->peek()I
06-05 15:42:59.936 10309 10333 D M_InsDal: Lcom/fsck/k9/mail/filter/PeekableInputStream;--->read()I
06-05 15:42:59.936 10309 10333 D M_InsDal: Lcom/fsck/k9/mail/filter/PeekableInputStream;--->peek()I
06-05 15:42:59.936 10309 10333 D M_InsDal: Lcom/fsck/k9/mail/store/imap/ImapResponseParser;--->parseToken(Lcom/fsck/k9/mail/store/imap/ImapList;)Ljava/lang/Object;
06-05 15:42:59.936 10309 10333 D M_InsDal: Lcom/fsck/k9/mail/filter/PeekableInputStream;--->peek()I
06-05 15:42:59.936 10309 10333 D M_InsDal: Lcom/fsck/k9/mail/store/imap/ImapResponseParser;--->expect(C)V
06-05 15:42:59.936 10309 10333 D M_InsDal: Lcom/fsck/k9/mail/filter/PeekableInputStream;--->read()I
06-05 15:42:59.936 10309 10333 D M_InsDal: Lcom/fsck/k9/mail/filter/PeekableInputStream;--->peek()I
06-05 15:42:59.936 10309 10333 D M_InsDal: Lcom/fsck/k9/mail/store/imap/ImapResponseParser;--->parseBareString(Z)Ljava/lang/String;
06-05 15:42:59.936 10309 10333 D M_InsDal: Lcom/fsck/k9/mail/filter/PeekableInputStream;--->peek()I
06-05 15:42:59.936 10309 10333 D M_InsDal: Lcom/fsck/k9/mail/filter/PeekableInputStream;--->read()I
06-05 15:42:59.936 10309 10333 D M_InsDal: Lcom/fsck/k9/mail/filter/PeekableInputStream;--->peek()I
06-05 15:42:59.936 10309 10333 D M_InsDal: Lcom/fsck/k9/mail/filter/PeekableInputStream;--->read()I
06-05 15:42:59.936 10309 10333 D M_InsDal: Lcom/fsck/k9/mail/filter/PeekableInputStream;--->peek()I
06-05 15:42:59.936 10309 10333 D M_InsDal: Lcom/fsck/k9/mail/filter/PeekableInputStream;--->read()I
06-05 15:42:59.936 10309 10333 D M_InsDal: Lcom/fsck/k9/mail/filter/PeekableInputStream;--->peek()I
06-05 15:42:59.936 10309 10333 D M_InsDal: Lcom/fsck/k9/mail/filter/PeekableInputStream;--->read()I
06-05 15:42:59.936 10309 10333 D M_InsDal: Lcom/fsck/k9/mail/filter/PeekableInputStream;--->peek()I
06-05 15:42:59.936 10309 10333 D M_InsDal: Lcom/fsck/k9/mail/filter/PeekableInputStream;--->read()I
06-05 15:42:59.936 10309 10333 D M_InsDal: Lcom/fsck/k9/mail/filter/PeekableInputStream;--->peek()I
06-05 15:42:59.936 10309 10333 D M_InsDal: Lcom/fsck/k9/mail/filter/PeekableInputStream;--->read()I
06-05 15:42:59.936 10309 10333 D M_InsDal: Lcom/fsck/k9/mail/filter/PeekableInputStream;--->peek()I
06-05 15:42:59.936 10309 10333 D M_InsDal: Lcom/fsck/k9/mail/filter/PeekableInputStream;--->read()I
06-05 15:42:59.936 10309 10333 D M_InsDal: Lcom/fsck/k9/mail/filter/PeekableInputStream;--->peek()I
06-05 15:42:59.936 10309 10333 D M_InsDal: Lcom/fsck/k9/mail/filter/PeekableInputStream;--->read()I
06-05 15:42:59.936 10309 10333 D M_InsDal: Lcom/fsck/k9/mail/filter/PeekableInputStream;--->peek()I
06-05 15:42:59.936 10309 10333 D M_InsDal: Lcom/fsck/k9/mail/filter/PeekableInputStream;--->read()I
06-05 15:42:59.936 10309 10333 D M_InsDal: Lcom/fsck/k9/mail/filter/PeekableInputStream;--->peek()I
06-05 15:42:59.936 10309 10333 D M_InsDal: Lcom/fsck/k9/mail/store/imap/ImapResponseParser;--->parseToken(Lcom/fsck/k9/mail/store/imap/ImapList;)Ljava/lang/Object;
06-05 15:42:59.936 10309 10333 D M_InsDal: Lcom/fsck/k9/mail/filter/PeekableInputStream;--->peek()I
06-05 15:42:59.936 10309 10333 D M_InsDal: Lcom/fsck/k9/mail/store/imap/ImapResponseParser;--->expect(C)V
06-05 15:42:59.936 10309 10333 D M_InsDal: Lcom/fsck/k9/mail/filter/PeekableInputStream;--->read()I
06-05 15:42:59.936 10309 10333 D M_InsDal: Lcom/fsck/k9/mail/filter/PeekableInputStream;--->peek()I
06-05 15:42:59.936 10309 10333 D M_InsDal: Lcom/fsck/k9/mail/store/imap/ImapResponseParser;--->parseBareString(Z)Ljava/lang/String;
06-05 15:42:59.936 10309 10333 D M_InsDal: Lcom/fsck/k9/mail/filter/PeekableInputStream;--->peek()I
06-05 15:42:59.936 10309 10333 D M_InsDal: Lcom/fsck/k9/mail/filter/PeekableInputStream;--->read()I
06-05 15:42:59.936 10309 10333 D M_InsDal: Lcom/fsck/k9/mail/filter/PeekableInputStream;--->peek()I
06-05 15:42:59.936 10309 10333 D M_InsDal: Lcom/fsck/k9/mail/filter/PeekableInputStream;--->read()I
06-05 15:42:59.936 10309 10333 D M_InsDal: Lcom/fsck/k9/mail/filter/PeekableInputStream;--->peek()I
06-05 15:42:59.936 10309 10333 D M_InsDal: Lcom/fsck/k9/mail/store/imap/ImapResponseParser;--->parseToken(Lcom/fsck/k9/mail/store/imap/ImapList;)Ljava/lang/Object;
06-05 15:42:59.936 10309 10333 D M_InsDal: Lcom/fsck/k9/mail/filter/PeekableInputStream;--->peek()I
06-05 15:42:59.936 10309 10333 D M_InsDal: Lcom/fsck/k9/mail/store/imap/ImapResponseParser;--->expect(C)V
06-05 15:42:59.936 10309 10333 D M_InsDal: Lcom/fsck/k9/mail/filter/PeekableInputStream;--->read()I
06-05 15:42:59.936 10309 10333 D M_InsDal: Lcom/fsck/k9/mail/filter/PeekableInputStream;--->peek()I
06-05 15:42:59.936 10309 10333 D M_InsDal: Lcom/fsck/k9/mail/store/imap/ImapResponseParser;--->parseBareString(Z)Ljava/lang/String;
06-05 15:42:59.936 10309 10333 D M_InsDal: Lcom/fsck/k9/mail/filter/PeekableInputStream;--->peek()I
06-05 15:42:59.936 10309 10333 D M_InsDal: Lcom/fsck/k9/mail/filter/PeekableInputStream;--->read()I
06-05 15:42:59.936 10309 10333 D M_InsDal: Lcom/fsck/k9/mail/filter/PeekableInputStream;--->peek()I
06-05 15:42:59.936 10309 10333 D M_InsDal: Lcom/fsck/k9/mail/filter/PeekableInputStream;--->read()I
06-05 15:42:59.936 10309 10333 D M_InsDal: Lcom/fsck/k9/mail/filter/PeekableInputStream;--->peek()I
06-05 15:42:59.936 10309 10333 D M_InsDal: Lcom/fsck/k9/mail/filter/PeekableInputStream;--->read()I
06-05 15:42:59.936 10309 10333 D M_InsDal: Lcom/fsck/k9/mail/filter/PeekableInputStream;--->peek()I
06-05 15:42:59.936 10309 10333 D M_InsDal: Lcom/fsck/k9/mail/filter/PeekableInputStream;--->read()I
06-05 15:42:59.936 10309 10333 D M_InsDal: Lcom/fsck/k9/mail/filter/PeekableInputStream;--->peek()I
06-05 15:42:59.936 10309 10333 D M_InsDal: Lcom/fsck/k9/mail/filter/PeekableInputStream;--->read()I
06-05 15:42:59.936 10309 10333 D M_InsDal: Lcom/fsck/k9/mail/filter/PeekableInputStream;--->peek()I
06-05 15:42:59.936 10309 10333 D M_InsDal: Lcom/fsck/k9/mail/filter/PeekableInputStream;--->read()I
06-05 15:42:59.936 10309 10333 D M_InsDal: Lcom/fsck/k9/mail/filter/PeekableInputStream;--->peek()I
06-05 15:42:59.936 10309 10333 D M_InsDal: Lcom/fsck/k9/mail/filter/PeekableInputStream;--->read()I
06-05 15:42:59.936 10309 10333 D M_InsDal: Lcom/fsck/k9/mail/filter/PeekableInputStream;--->peek()I
06-05 15:42:59.936 10309 10333 D M_InsDal: Lcom/fsck/k9/mail/filter/PeekableInputStream;--->read()I
06-05 15:42:59.936 10309 10333 D M_InsDal: Lcom/fsck/k9/mail/filter/PeekableInputStream;--->peek()I
06-05 15:42:59.936 10309 10333 D M_InsDal: Lcom/fsck/k9/mail/filter/PeekableInputStream;--->read()I
06-05 15:42:59.936 10309 10333 D M_InsDal: Lcom/fsck/k9/mail/filter/PeekableInputStream;--->peek()I
06-05 15:42:59.936 10309 10333 D M_InsDal: Lcom/fsck/k9/mail/filter/PeekableInputStream;--->read()I
06-05 15:42:59.936 10309 10333 D M_InsDal: Lcom/fsck/k9/mail/filter/PeekableInputStream;--->peek()I
06-05 15:42:59.936 10309 10333 D M_InsDal: Lcom/fsck/k9/mail/store/imap/ImapResponseParser;--->parseToken(Lcom/fsck/k9/mail/store/imap/ImapList;)Ljava/lang/Object;
06-05 15:42:59.936 10309 10333 D M_InsDal: Lcom/fsck/k9/mail/filter/PeekableInputStream;--->peek()I
06-05 15:42:59.936 10309 10333 D M_InsDal: Lcom/fsck/k9/mail/store/imap/ImapResponseParser;--->expect(C)V
06-05 15:42:59.936 10309 10333 D M_InsDal: Lcom/fsck/k9/mail/filter/PeekableInputStream;--->read()I
06-05 15:42:59.936 10309 10333 D M_InsDal: Lcom/fsck/k9/mail/filter/PeekableInputStream;--->peek()I
06-05 15:42:59.936 10309 10333 D M_InsDal: Lcom/fsck/k9/mail/store/imap/ImapResponseParser;--->parseBareString(Z)Ljava/lang/String;
06-05 15:42:59.936 10309 10333 D M_InsDal: Lcom/fsck/k9/mail/filter/PeekableInputStream;--->peek()I
06-05 15:42:59.936 10309 10333 D M_InsDal: Lcom/fsck/k9/mail/filter/PeekableInputStream;--->read()I
06-05 15:42:59.936 10309 10333 D M_InsDal: Lcom/fsck/k9/mail/filter/PeekableInputStream;--->peek()I
06-05 15:42:59.936 10309 10333 D M_InsDal: Lcom/fsck/k9/mail/filter/PeekableInputStream;--->read()I
06-05 15:42:59.936 10309 10333 D M_InsDal: Lcom/fsck/k9/mail/filter/PeekableInputStream;--->peek()I
06-05 15:42:59.936 10309 10333 D M_InsDal: Lcom/fsck/k9/mail/filter/PeekableInputStream;--->read()I
06-05 15:42:59.936 10309 10333 D M_InsDal: Lcom/fsck/k9/mail/filter/PeekableInputStream;--->peek()I
06-05 15:42:59.936 10309 10333 D M_InsDal: Lcom/fsck/k9/mail/filter/PeekableInputStream;--->read()I
06-05 15:42:59.936 10309 10333 D M_InsDal: Lcom/fsck/k9/mail/filter/PeekableInputStream;--->peek()I
06-05 15:42:59.936 10309 10333 D M_InsDal: Lcom/fsck/k9/mail/filter/PeekableInputStream;--->read()I
06-05 15:42:59.936 10309 10333 D M_InsDal: Lcom/fsck/k9/mail/filter/PeekableInputStream;--->peek()I
06-05 15:42:59.936 10309 10333 D M_InsDal: Lcom/fsck/k9/mail/filter/PeekableInputStream;--->read()I
06-05 15:42:59.936 10309 10333 D M_InsDal: Lcom/fsck/k9/mail/filter/PeekableInputStream;--->peek()I
06-05 15:42:59.936 10309 10333 D M_InsDal: Lcom/fsck/k9/mail/filter/PeekableInputStream;--->read()I
06-05 15:42:59.936 10309 10333 D M_InsDal: Lcom/fsck/k9/mail/filter/PeekableInputStream;--->peek()I
06-05 15:42:59.936 10309 10333 D M_InsDal: Lcom/fsck/k9/mail/filter/PeekableInputStream;--->read()I
06-05 15:42:59.936 10309 10333 D M_InsDal: Lcom/fsck/k9/mail/filter/PeekableInputStream;--->peek()I
06-05 15:42:59.936 10309 10333 D M_InsDal: Lcom/fsck/k9/mail/filter/PeekableInputStream;--->read()I
06-05 15:42:59.936 10309 10333 D M_InsDal: Lcom/fsck/k9/mail/filter/PeekableInputStream;--->peek()I
06-05 15:42:59.936 10309 10333 D M_InsDal: Lcom/fsck/k9/mail/filter/PeekableInputStream;--->read()I
06-05 15:42:59.936 10309 10333 D M_InsDal: Lcom/fsck/k9/mail/filter/PeekableInputStream;--->peek()I
06-05 15:42:59.936 10309 10333 D M_InsDal: Lcom/fsck/k9/mail/store/imap/ImapResponseParser;--->parseToken(Lcom/fsck/k9/mail/store/imap/ImapList;)Ljava/lang/Object;
06-05 15:42:59.936 10309 10333 D M_InsDal: Lcom/fsck/k9/mail/filter/PeekableInputStream;--->peek()I
06-05 15:42:59.936 10309 10333 D M_InsDal: Lcom/fsck/k9/mail/store/imap/ImapResponseParser;--->expect(C)V
06-05 15:42:59.936 10309 10333 D M_InsDal: Lcom/fsck/k9/mail/filter/PeekableInputStream;--->read()I
06-05 15:42:59.936 10309 10333 D M_InsDal: Lcom/fsck/k9/mail/filter/PeekableInputStream;--->peek()I
06-05 15:42:59.936 10309 10333 D M_InsDal: Lcom/fsck/k9/mail/store/imap/ImapResponseParser;--->parseBareString(Z)Ljava/lang/String;
06-05 15:42:59.936 10309 10333 D M_InsDal: Lcom/fsck/k9/mail/filter/PeekableInputStream;--->peek()I
06-05 15:42:59.936 10309 10333 D M_InsDal: Lcom/fsck/k9/mail/filter/PeekableInputStream;--->read()I
06-05 15:42:59.936 10309 10333 D M_InsDal: Lcom/fsck/k9/mail/filter/PeekableInputStream;--->peek()I
06-05 15:42:59.936 10309 10333 D M_InsDal: Lcom/fsck/k9/mail/filter/PeekableInputStream;--->read()I
06-05 15:42:59.936 10309 10333 D M_InsDal: Lcom/fsck/k9/mail/filter/PeekableInputStream;--->peek()I
06-05 15:42:59.936 10309 10333 D M_InsDal: Lcom/fsck/k9/mail/filter/PeekableInputStream;--->read()I
06-05 15:42:59.936 10309 10333 D M_InsDal: Lcom/fsck/k9/mail/filter/PeekableInputStream;--->peek()I
06-05 15:42:59.936 10309 10333 D M_InsDal: Lcom/fsck/k9/mail/filter/PeekableInputStream;--->read()I
06-05 15:42:59.936 10309 10333 D M_InsDal: Lcom/fsck/k9/mail/filter/PeekableInputStream;--->peek()I
06-05 15:42:59.936 10309 10333 D M_InsDal: Lcom/fsck/k9/mail/filter/PeekableInputStream;--->read()I
06-05 15:42:59.936 10309 10333 D M_InsDal: Lcom/fsck/k9/mail/filter/PeekableInputStream;--->peek()I
06-05 15:42:59.936 10309 10333 D M_InsDal: Lcom/fsck/k9/mail/filter/PeekableInputStream;--->read()I
06-05 15:42:59.936 10309 10333 D M_InsDal: Lcom/fsck/k9/mail/filter/PeekableInputStream;--->peek()I
06-05 15:42:59.936 10309 10333 D M_InsDal: Lcom/fsck/k9/mail/filter/PeekableInputStream;--->read()I
06-05 15:42:59.936 10309 10333 D M_InsDal: Lcom/fsck/k9/mail/filter/PeekableInputStream;--->peek()I
06-05 15:42:59.936 10309 10333 D M_InsDal: Lcom/fsck/k9/mail/filter/PeekableInputStream;--->read()I
06-05 15:42:59.936 10309 10333 D M_InsDal: Lcom/fsck/k9/mail/filter/PeekableInputStream;--->peek()I
06-05 15:42:59.936 10309 10333 D M_InsDal: Lcom/fsck/k9/mail/filter/PeekableInputStream;--->read()I
06-05 15:42:59.936 10309 10333 D M_InsDal: Lcom/fsck/k9/mail/filter/PeekableInputStream;--->peek()I
06-05 15:42:59.936 10309 10333 D M_InsDal: Lcom/fsck/k9/mail/filter/PeekableInputStream;--->read()I
06-05 15:42:59.936 10309 10333 D M_InsDal: Lcom/fsck/k9/mail/filter/PeekableInputStream;--->peek()I
06-05 15:42:59.936 10309 10333 D M_InsDal: Lcom/fsck/k9/mail/filter/PeekableInputStream;--->read()I
06-05 15:42:59.936 10309 10333 D M_InsDal: Lcom/fsck/k9/mail/filter/PeekableInputStream;--->peek()I
06-05 15:42:59.936 10309 10333 D M_InsDal: Lcom/fsck/k9/mail/filter/PeekableInputStream;--->read()I
06-05 15:42:59.936 10309 10333 D M_InsDal: Lcom/fsck/k9/mail/filter/PeekableInputStream;--->peek()I
06-05 15:42:59.936 10309 10333 D M_InsDal: Lcom/fsck/k9/mail/store/imap/ImapResponseParser;--->parseToken(Lcom/fsck/k9/mail/store/imap/ImapList;)Ljava/lang/Object;
06-05 15:42:59.936 10309 10333 D M_InsDal: Lcom/fsck/k9/mail/filter/PeekableInputStream;--->peek()I
06-05 15:42:59.936 10309 10333 D M_InsDal: Lcom/fsck/k9/mail/store/imap/ImapResponseParser;--->expect(C)V
06-05 15:42:59.936 10309 10333 D M_InsDal: Lcom/fsck/k9/mail/filter/PeekableInputStream;--->read()I
06-05 15:42:59.936 10309 10333 D M_InsDal: Lcom/fsck/k9/mail/filter/PeekableInputStream;--->peek()I
06-05 15:42:59.936 10309 10333 D M_InsDal: Lcom/fsck/k9/mail/store/imap/ImapResponseParser;--->parseBareString(Z)Ljava/lang/String;
06-05 15:42:59.936 10309 10333 D M_InsDal: Lcom/fsck/k9/mail/filter/PeekableInputStream;--->peek()I
06-05 15:42:59.936 10309 10333 D M_InsDal: Lcom/fsck/k9/mail/filter/PeekableInputStream;--->read()I
06-05 15:42:59.936 10309 10333 D M_InsDal: Lcom/fsck/k9/mail/filter/PeekableInputStream;--->peek()I
06-05 15:42:59.936 10309 10333 D M_InsDal: Lcom/fsck/k9/mail/filter/PeekableInputStream;--->read()I
06-05 15:42:59.936 10309 10333 D M_InsDal: Lcom/fsck/k9/mail/filter/PeekableInputStream;--->peek()I
06-05 15:42:59.936 10309 10333 D M_InsDal: Lcom/fsck/k9/mail/filter/PeekableInputStream;--->read()I
06-05 15:42:59.936 10309 10333 D M_InsDal: Lcom/fsck/k9/mail/filter/PeekableInputStream;--->peek()I
06-05 15:42:59.936 10309 10333 D M_InsDal: Lcom/fsck/k9/mail/filter/PeekableInputStream;--->read()I
06-05 15:42:59.936 10309 10333 D M_InsDal: Lcom/fsck/k9/mail/filter/PeekableInputStream;--->peek()I
06-05 15:42:59.936 10309 10333 D M_InsDal: Lcom/fsck/k9/mail/filter/PeekableInputStream;--->read()I
06-05 15:42:59.936 10309 10333 D M_InsDal: Lcom/fsck/k9/mail/filter/PeekableInputStream;--->peek()I
06-05 15:42:59.936 10309 10333 D M_InsDal: Lcom/fsck/k9/mail/filter/PeekableInputStream;--->read()I
06-05 15:42:59.936 10309 10333 D M_InsDal: Lcom/fsck/k9/mail/filter/PeekableInputStream;--->peek()I
06-05 15:42:59.936 10309 10333 D M_InsDal: Lcom/fsck/k9/mail/filter/PeekableInputStream;--->read()I
06-05 15:42:59.936 10309 10333 D M_InsDal: Lcom/fsck/k9/mail/filter/PeekableInputStream;--->peek()I
06-05 15:42:59.936 10309 10333 D M_InsDal: Lcom/fsck/k9/mail/filter/PeekableInputStream;--->read()I
06-05 15:42:59.936 10309 10333 D M_InsDal: Lcom/fsck/k9/mail/filter/PeekableInputStream;--->peek()I
06-05 15:42:59.936 10309 10333 D M_InsDal: Lcom/fsck/k9/mail/filter/PeekableInputStream;--->read()I
06-05 15:42:59.936 10309 10333 D M_InsDal: Lcom/fsck/k9/mail/filter/PeekableInputStream;--->peek()I
06-05 15:42:59.936 10309 10333 D M_InsDal: Lcom/fsck/k9/mail/store/imap/ImapResponseParser;--->parseToken(Lcom/fsck/k9/mail/store/imap/ImapList;)Ljava/lang/Object;
06-05 15:42:59.936 10309 10333 D M_InsDal: Lcom/fsck/k9/mail/filter/PeekableInputStream;--->peek()I
06-05 15:42:59.936 10309 10333 D M_InsDal: Lcom/fsck/k9/mail/store/imap/ImapResponseParser;--->expect(C)V
06-05 15:42:59.936 10309 10333 D M_InsDal: Lcom/fsck/k9/mail/filter/PeekableInputStream;--->read()I
06-05 15:42:59.936 10309 10333 D M_InsDal: Lcom/fsck/k9/mail/store/imap/ImapResponseParser;--->skipIfSpace()V
06-05 15:42:59.936 10309 10333 D M_InsDal: Lcom/fsck/k9/mail/filter/PeekableInputStream;--->peek()I
06-05 15:42:59.936 10309 10333 D M_InsDal: Lcom/fsck/k9/mail/store/imap/ImapResponseParser;--->expect(C)V
06-05 15:42:59.936 10309 10333 D M_InsDal: Lcom/fsck/k9/mail/filter/PeekableInputStream;--->read()I
06-05 15:42:59.937 10309 10333 D M_InsDal: Lcom/fsck/k9/mail/store/imap/ImapResponseParser;--->readStringUntilEndOfLine()Ljava/lang/String;
06-05 15:42:59.937 10309 10333 D M_InsDal: Lcom/fsck/k9/mail/store/imap/ImapResponseParser;--->readStringUntil(C)Ljava/lang/String;
06-05 15:42:59.937 10309 10333 D M_InsDal: Lcom/fsck/k9/mail/filter/PeekableInputStream;--->read()I
06-05 15:42:59.937 10309 10333 D M_InsDal: Lcom/fsck/k9/mail/filter/PeekableInputStream;--->read()I
06-05 15:42:59.937 10309 10333 D M_InsDal: Lcom/fsck/k9/mail/store/imap/ImapResponseParser;--->expect(C)V
06-05 15:42:59.937 10309 10333 D M_InsDal: Lcom/fsck/k9/mail/filter/PeekableInputStream;--->read()I
06-05 15:42:59.937 10309 10333 D M_InsDal: Lcom/fsck/k9/mail/K9MailLib;--->isDebug()Z
06-05 15:42:59.937 10309 10333 D M_InsDal: Lcom/fsck/k9/K9$2;--->enabled()Z
06-05 15:42:59.937 10309 10333 D M_InsDal: Lcom/fsck/k9/mail/store/imap/ImapConnection;--->extractCapabilities(Ljava/util/List;)Ljava/util/List;
06-05 15:42:59.937 10309 10333 D M_InsDal: Lcom/fsck/k9/mail/store/imap/CapabilityResponse;--->parse(Ljava/util/List;)Lcom/fsck/k9/mail/store/imap/CapabilityResponse;
06-05 15:42:59.937 10309 10333 D M_InsDal: Lcom/fsck/k9/mail/store/imap/ImapResponseParser;--->equalsIgnoreCase(Ljava/lang/Object;Ljava/lang/String;)Z
06-05 15:42:59.937 10309 10333 D M_InsDal: Lcom/fsck/k9/mail/store/imap/ImapList;--->isList(I)Z
06-05 15:42:59.937 10309 10333 D M_InsDal: Lcom/fsck/k9/mail/store/imap/ImapList;--->inRange(I)Z
06-05 15:42:59.937 10309 10333 D M_InsDal: Lcom/fsck/k9/mail/store/imap/ImapList;--->getList(I)Lcom/fsck/k9/mail/store/imap/ImapList;
06-05 15:42:59.937 10309 10333 D M_InsDal: Lcom/fsck/k9/mail/store/imap/CapabilityResponse;--->parse(Lcom/fsck/k9/mail/store/imap/ImapList;)Lcom/fsck/k9/mail/store/imap/CapabilityResponse;
06-05 15:42:59.937 10309 10333 D M_InsDal: Lcom/fsck/k9/mail/store/imap/ImapResponseParser;--->equalsIgnoreCase(Ljava/lang/Object;Ljava/lang/String;)Z
06-05 15:42:59.937 10309 10333 D M_InsDal: Lcom/fsck/k9/mail/store/imap/ImapList;--->isString(I)Z
06-05 15:42:59.937 10309 10333 D M_InsDal: Lcom/fsck/k9/mail/store/imap/ImapList;--->inRange(I)Z
06-05 15:42:59.937 10309 10333 D M_InsDal: Lcom/fsck/k9/mail/store/imap/ImapList;--->getString(I)Ljava/lang/String;
06-05 15:42:59.937 10309 10333 D M_InsDal: Lcom/fsck/k9/mail/store/imap/ImapList;--->isString(I)Z
06-05 15:42:59.937 10309 10333 D M_InsDal: Lcom/fsck/k9/mail/store/imap/ImapList;--->inRange(I)Z
06-05 15:42:59.937 10309 10333 D M_InsDal: Lcom/fsck/k9/mail/store/imap/ImapList;--->getString(I)Ljava/lang/String;
06-05 15:42:59.937 10309 10333 D M_InsDal: Lcom/fsck/k9/mail/store/imap/ImapList;--->isString(I)Z
06-05 15:42:59.937 10309 10333 D M_InsDal: Lcom/fsck/k9/mail/store/imap/ImapList;--->inRange(I)Z
06-05 15:42:59.937 10309 10333 D M_InsDal: Lcom/fsck/k9/mail/store/imap/ImapList;--->getString(I)Ljava/lang/String;
06-05 15:42:59.937 10309 10333 D M_InsDal: Lcom/fsck/k9/mail/store/imap/ImapList;--->isString(I)Z
06-05 15:42:59.937 10309 10333 D M_InsDal: Lcom/fsck/k9/mail/store/imap/ImapList;--->inRange(I)Z
06-05 15:42:59.937 10309 10333 D M_InsDal: Lcom/fsck/k9/mail/store/imap/ImapList;--->getString(I)Ljava/lang/String;
06-05 15:42:59.937 10309 10333 D M_InsDal: Lcom/fsck/k9/mail/store/imap/ImapList;--->isString(I)Z
06-05 15:42:59.937 10309 10333 D M_InsDal: Lcom/fsck/k9/mail/store/imap/ImapList;--->inRange(I)Z
06-05 15:42:59.937 10309 10333 D M_InsDal: Lcom/fsck/k9/mail/store/imap/ImapList;--->getString(I)Ljava/lang/String;
06-05 15:42:59.937 10309 10333 D M_InsDal: Lcom/fsck/k9/mail/store/imap/ImapList;--->isString(I)Z
06-05 15:42:59.937 10309 10333 D M_InsDal: Lcom/fsck/k9/mail/store/imap/ImapList;--->inRange(I)Z
06-05 15:42:59.937 10309 10333 D M_InsDal: Lcom/fsck/k9/mail/store/imap/ImapList;--->getString(I)Ljava/lang/String;
06-05 15:42:59.937 10309 10333 D M_InsDal: Lcom/fsck/k9/mail/store/imap/ImapList;--->isString(I)Z
06-05 15:42:59.937 10309 10333 D M_InsDal: Lcom/fsck/k9/mail/store/imap/ImapList;--->inRange(I)Z
06-05 15:42:59.937 10309 10333 D M_InsDal: Lcom/fsck/k9/mail/store/imap/ImapList;--->getString(I)Ljava/lang/String;
06-05 15:42:59.937 10309 10333 D M_InsDal: Lcom/fsck/k9/mail/store/imap/CapabilityResponse;---><init>(Ljava/util/Set;)V
06-05 15:42:59.937 10309 10333 D M_InsDal: Lcom/fsck/k9/mail/store/imap/CapabilityResponse;--->getCapabilities()Ljava/util/Set;
06-05 15:42:59.937 10309 10333 D M_InsDal: Lcom/fsck/k9/mail/K9MailLib;--->isDebug()Z
06-05 15:42:59.937 10309 10333 D M_InsDal: Lcom/fsck/k9/K9$2;--->enabled()Z
06-05 15:42:59.937 10309 10333 D M_InsDal: Lcom/fsck/k9/mail/store/imap/ImapConnection;--->requestCapabilitiesIfNecessary()V
06-05 15:42:59.937 10309 10333 D M_InsDal: Lcom/fsck/k9/mail/store/imap/ImapConnection;--->upgradeToTlsIfNecessary()V
06-05 15:42:59.937 10309 10333 D M_InsDal: Lcom/fsck/k9/mail/store/imap/ImapStore$StoreImapSettings;--->getConnectionSecurity()Lcom/fsck/k9/mail/ConnectionSecurity;
06-05 15:42:59.937 10309 10333 D M_InsDal: Lcom/fsck/k9/mail/store/imap/ImapConnection;--->authenticate()Ljava/util/List;
06-05 15:42:59.937 10309 10333 D M_InsDal: Lcom/fsck/k9/mail/store/imap/ImapConnection$2;---><clinit>()V
06-05 15:42:59.937 10309 10333 D M_InsDal: Lcom/fsck/k9/mail/AuthType;--->values()[Lcom/fsck/k9/mail/AuthType;
06-05 15:42:59.937 10309 10333 D M_InsDal: Lcom/fsck/k9/mail/store/imap/ImapStore$StoreImapSettings;--->getAuthType()Lcom/fsck/k9/mail/AuthType;
06-05 15:42:59.937 10309 10333 D M_InsDal: Lcom/fsck/k9/mail/store/imap/ImapConnection;--->hasCapability(Ljava/lang/String;)Z
06-05 15:42:59.937 10309 10333 D M_InsDal: Lcom/fsck/k9/mail/store/imap/ImapConnection;--->saslAuthPlainWithLoginFallback()Ljava/util/List;
06-05 15:42:59.937 10309 10333 D M_InsDal: Lcom/fsck/k9/mail/store/imap/ImapConnection;--->saslAuthPlain()Ljava/util/List;
06-05 15:42:59.937 10309 10333 D M_InsDal: Lcom/fsck/k9/mail/store/imap/ImapConnection;--->sendCommand(Ljava/lang/String;Z)Ljava/lang/String;
06-05 15:42:59.937 10309 10333 D M_InsDal: Lcom/fsck/k9/mail/store/imap/ImapConnection;--->open()V
06-05 15:42:59.937 10309 10333 D M_InsDal: Lcom/fsck/k9/mail/K9MailLib;--->isDebug()Z
06-05 15:42:59.937 10309 10333 D M_InsDal: Lcom/fsck/k9/K9$2;--->enabled()Z
06-05 15:42:59.937 10309 10333 D M_InsDal: Lcom/fsck/k9/mail/store/imap/ImapConnection;--->readContinuationResponse(Ljava/lang/String;)Lcom/fsck/k9/mail/store/imap/ImapResponse;
06-05 15:42:59.937 10309 10333 D M_InsDal: Lcom/fsck/k9/mail/store/imap/ImapConnection;--->readResponse()Lcom/fsck/k9/mail/store/imap/ImapResponse;
06-05 15:42:59.937 10309 10333 D M_InsDal: Lcom/fsck/k9/mail/store/imap/ImapConnection;--->readResponse(Lcom/fsck/k9/mail/store/imap/ImapResponseCallback;)Lcom/fsck/k9/mail/store/imap/ImapResponse;
06-05 15:42:59.937 10309 10333 D M_InsDal: Lcom/fsck/k9/mail/store/imap/ImapResponseParser;--->readResponse(Lcom/fsck/k9/mail/store/imap/ImapResponseCallback;)Lcom/fsck/k9/mail/store/imap/ImapResponse;
06-05 15:42:59.937 10309 10333 D M_InsDal: Lcom/fsck/k9/mail/filter/PeekableInputStream;--->peek()I
06-05 15:42:59.986 10309 10333 D M_InsDal: Lcom/fsck/k9/mail/store/imap/ImapResponseParser;--->readContinuationRequest(Lcom/fsck/k9/mail/store/imap/ImapResponseCallback;)V
06-05 15:42:59.986 10309 10333 D M_InsDal: Lcom/fsck/k9/mail/store/imap/ImapResponseParser;--->parseCommandContinuationRequest()Z
06-05 15:42:59.986 10309 10333 D M_InsDal: Lcom/fsck/k9/mail/store/imap/ImapResponseParser;--->expect(C)V
06-05 15:42:59.986 10309 10333 D M_InsDal: Lcom/fsck/k9/mail/filter/PeekableInputStream;--->read()I
06-05 15:42:59.986 10309 10333 D M_InsDal: Lcom/fsck/k9/mail/store/imap/ImapResponse;--->newContinuationRequest(Lcom/fsck/k9/mail/store/imap/ImapResponseCallback;)Lcom/fsck/k9/mail/store/imap/ImapResponse;
06-05 15:42:59.986 10309 10333 D M_InsDal: Lcom/fsck/k9/mail/store/imap/ImapResponse;---><init>(Lcom/fsck/k9/mail/store/imap/ImapResponseCallback;ZLjava/lang/String;)V
06-05 15:42:59.986 10309 10333 D M_InsDal: Lcom/fsck/k9/mail/store/imap/ImapList;---><init>()V
06-05 15:42:59.986 10309 10333 D M_InsDal: Lcom/fsck/k9/mail/store/imap/ImapResponseParser;--->skipIfSpace()V
06-05 15:42:59.986 10309 10333 D M_InsDal: Lcom/fsck/k9/mail/filter/PeekableInputStream;--->peek()I
06-05 15:42:59.986 10309 10333 D M_InsDal: Lcom/fsck/k9/mail/store/imap/ImapResponseParser;--->expect(C)V
06-05 15:42:59.986 10309 10333 D M_InsDal: Lcom/fsck/k9/mail/filter/PeekableInputStream;--->read()I
06-05 15:42:59.986 10309 10333 D M_InsDal: Lcom/fsck/k9/mail/store/imap/ImapResponseParser;--->readStringUntilEndOfLine()Ljava/lang/String;
06-05 15:42:59.986 10309 10333 D M_InsDal: Lcom/fsck/k9/mail/store/imap/ImapResponseParser;--->readStringUntil(C)Ljava/lang/String;
06-05 15:42:59.986 10309 10333 D M_InsDal: Lcom/fsck/k9/mail/filter/PeekableInputStream;--->read()I
06-05 15:42:59.986 10309 10333 D M_InsDal: Lcom/fsck/k9/mail/store/imap/ImapResponseParser;--->expect(C)V
06-05 15:42:59.986 10309 10333 D M_InsDal: Lcom/fsck/k9/mail/filter/PeekableInputStream;--->read()I
06-05 15:42:59.986 10309 10333 D M_InsDal: Lcom/fsck/k9/mail/K9MailLib;--->isDebug()Z
06-05 15:42:59.986 10309 10333 D M_InsDal: Lcom/fsck/k9/K9$2;--->enabled()Z
06-05 15:42:59.986 10309 10333 D M_InsDal: Lcom/fsck/k9/mail/store/imap/ImapResponse;--->getTag()Ljava/lang/String;
06-05 15:42:59.986 10309 10333 D M_InsDal: Lcom/fsck/k9/mail/store/imap/ImapResponse;--->isContinuationRequested()Z
06-05 15:42:59.986 10309 10333 D M_InsDal: Lcom/fsck/k9/mail/store/imap/ImapStore$StoreImapSettings;--->getUsername()Ljava/lang/String;
06-05 15:42:59.986 10309 10333 D M_InsDal: Lcom/fsck/k9/mail/store/imap/ImapStore$StoreImapSettings;--->getPassword()Ljava/lang/String;
06-05 15:42:59.986 10309 10333 D M_InsDal: Lcom/fsck/k9/mail/filter/Base64;--->encodeBase64([B)[B
06-05 15:42:59.986 10309 10333 D M_InsDal: Lcom/fsck/k9/mail/filter/Base64;--->encodeBase64([BZ)[B
06-05 15:42:59.986 10309 10333 D M_InsDal: Lcom/fsck/k9/mail/filter/Base64;---><init>(I)V
06-05 15:42:59.986 10309 10333 D M_InsDal: Lcom/fsck/k9/mail/filter/Base64;---><init>(I[B)V
06-05 15:42:59.986 10309 10333 D M_InsDal: Lcom/fsck/k9/mail/filter/Base64;--->containsBase64Byte([B)Z
06-05 15:42:59.986 10309 10333 D M_InsDal: Lcom/fsck/k9/mail/filter/Base64;--->isBase64(B)Z
06-05 15:42:59.986 10309 10333 D M_InsDal: Lcom/fsck/k9/mail/filter/Base64;--->isBase64(B)Z
06-05 15:42:59.986 10309 10333 D M_InsDal: Lcom/fsck/k9/mail/filter/Base64;--->setInitialBuffer([BII)V
06-05 15:42:59.986 10309 10333 D M_InsDal: Lcom/fsck/k9/mail/filter/Base64;--->encode([BII)V
06-05 15:42:59.986 10309 10333 D M_InsDal: Lcom/fsck/k9/mail/filter/Base64;--->encode([BII)V
06-05 15:42:59.986 10309 10333 D M_InsDal: Lcom/fsck/k9/mail/store/imap/ImapConnection;--->getLogId()Ljava/lang/String;
06-05 15:42:59.986 10309 10333 D M_InsDal: Lcom/fsck/k9/mail/store/imap/ImapResponseParser;--->readStatusResponse(Ljava/lang/String;Ljava/lang/String;Ljava/lang/String;Lcom/fsck/k9/mail/store/imap/UntaggedHandler;)Ljava/util/List;
06-05 15:42:59.986 10309 10333 D M_InsDal: Lcom/fsck/k9/mail/store/imap/ImapResponseParser;--->readResponse()Lcom/fsck/k9/mail/store/imap/ImapResponse;
06-05 15:42:59.986 10309 10333 D M_InsDal: Lcom/fsck/k9/mail/store/imap/ImapResponseParser;--->readResponse(Lcom/fsck/k9/mail/store/imap/ImapResponseCallback;)Lcom/fsck/k9/mail/store/imap/ImapResponse;
06-05 15:42:59.986 10309 10333 D M_InsDal: Lcom/fsck/k9/mail/filter/PeekableInputStream;--->peek()I
06-05 15:43:00.069 10309 10309 D M_InsDal: Lcom/fsck/k9/service/CoreService;--->onDestroy()V
06-05 15:43:00.070 10309 10309 D M_InsDal: Lcom/fsck/k9/service/PushService;---><init>()V
06-05 15:43:00.070 10309 10309 D M_InsDal: Lcom/fsck/k9/service/CoreService;---><init>()V
06-05 15:43:00.070 10309 10309 D M_InsDal: Lcom/fsck/k9/service/CoreService;--->onCreate()V
06-05 15:43:00.070 10309 10309 D M_InsDal: Lcom/fsck/k9/service/PushService;--->onCreate()V
06-05 15:43:00.070 10309 10309 D M_InsDal: Lcom/fsck/k9/service/CoreService;--->setAutoShutdown(Z)V
06-05 15:43:00.070 10309 10309 D M_InsDal: Lcom/fsck/k9/service/CoreService;--->onStartCommand(Landroid/content/Intent;II)I
06-05 15:43:00.070 10309 10309 D M_InsDal: Lcom/fsck/k9/service/CoreService;--->acquireWakeLock(Landroid/content/Context;Ljava/lang/String;J)Lcom/fsck/k9/mail/power/TracingPowerManager$TracingWakeLock;
