05-15 16:53:12.394 26731 26755 D M_InsDal: Lcom/fsck/k9/mail/store/imap/ImapFolder;--->handlePossibleUidNext(Lcom/fsck/k9/mail/store/imap/ImapResponse;)V
05-15 16:53:12.394 26731 26755 D M_InsDal: Lcom/fsck/k9/mail/store/imap/ImapResponseParser;--->equalsIgnoreCase(Ljava/lang/Object;Ljava/lang/String;)Z
05-15 16:53:12.394 26731 26755 D M_InsDal: Lcom/fsck/k9/mail/store/imap/ImapFolderPusher;--->handleUntaggedResponse(Lcom/fsck/k9/mail/store/imap/ImapResponse;)V
05-15 16:53:12.394 26731 26755 D M_InsDal: Lcom/fsck/k9/mail/store/imap/ImapResponse;--->getTag()Ljava/lang/String;
05-15 16:53:12.394 26731 26755 D M_InsDal: Lcom/fsck/k9/mail/store/imap/ImapFolder;--->handlePermanentFlags(Lcom/fsck/k9/mail/store/imap/ImapResponse;)V
05-15 16:53:12.394 26731 26755 D M_InsDal: Lcom/fsck/k9/mail/store/imap/PermanentFlagsResponse;--->parse(Lcom/fsck/k9/mail/store/imap/ImapResponse;)Lcom/fsck/k9/mail/store/imap/PermanentFlagsResponse;
05-15 16:53:12.394 26731 26755 D M_InsDal: Lcom/fsck/k9/mail/store/imap/ImapResponse;--->isTagged()Z
05-15 16:53:12.394 26731 26755 D M_InsDal: Lcom/fsck/k9/mail/store/imap/ImapResponseParser;--->equalsIgnoreCase(Ljava/lang/Object;Ljava/lang/String;)Z
05-15 16:53:12.394 26731 26755 D M_InsDal: Lcom/fsck/k9/mail/store/imap/ImapFolder;--->handlePermanentFlags(Lcom/fsck/k9/mail/store/imap/ImapResponse;)V
05-15 16:53:12.394 26731 26755 D M_InsDal: Lcom/fsck/k9/mail/store/imap/PermanentFlagsResponse;--->parse(Lcom/fsck/k9/mail/store/imap/ImapResponse;)Lcom/fsck/k9/mail/store/imap/PermanentFlagsResponse;
05-15 16:53:12.394 26731 26755 D M_InsDal: Lcom/fsck/k9/mail/store/imap/ImapResponse;--->isTagged()Z
05-15 16:53:12.394 26731 26755 D M_InsDal: Lcom/fsck/k9/mail/store/imap/ImapResponseParser;--->equalsIgnoreCase(Ljava/lang/Object;Ljava/lang/String;)Z
05-15 16:53:12.394 26731 26755 D M_InsDal: Lcom/fsck/k9/mail/store/imap/ImapFolder;--->handlePermanentFlags(Lcom/fsck/k9/mail/store/imap/ImapResponse;)V
05-15 16:53:12.394 26731 26755 D M_InsDal: Lcom/fsck/k9/mail/store/imap/PermanentFlagsResponse;--->parse(Lcom/fsck/k9/mail/store/imap/ImapResponse;)Lcom/fsck/k9/mail/store/imap/PermanentFlagsResponse;
05-15 16:53:12.394 26731 26755 D M_InsDal: Lcom/fsck/k9/mail/store/imap/ImapResponse;--->isTagged()Z
05-15 16:53:12.394 26731 26755 D M_InsDal: Lcom/fsck/k9/mail/store/imap/ImapResponseParser;--->equalsIgnoreCase(Ljava/lang/Object;Ljava/lang/String;)Z
05-15 16:53:12.394 26731 26755 D M_InsDal: Lcom/fsck/k9/mail/store/imap/ImapList;--->isList(I)Z
05-15 16:53:12.394 26731 26755 D M_InsDal: Lcom/fsck/k9/mail/store/imap/ImapList;--->inRange(I)Z
05-15 16:53:12.394 26731 26755 D M_InsDal: Lcom/fsck/k9/mail/store/imap/ImapList;--->getList(I)Lcom/fsck/k9/mail/store/imap/ImapList;
05-15 16:53:12.394 26731 26755 D M_InsDal: Lcom/fsck/k9/mail/store/imap/ImapResponseParser;--->equalsIgnoreCase(Ljava/lang/Object;Ljava/lang/String;)Z
05-15 16:53:12.394 26731 26755 D M_InsDal: Lcom/fsck/k9/mail/store/imap/ImapFolder;--->handlePermanentFlags(Lcom/fsck/k9/mail/store/imap/ImapResponse;)V
05-15 16:53:12.394 26731 26755 D M_InsDal: Lcom/fsck/k9/mail/store/imap/PermanentFlagsResponse;--->parse(Lcom/fsck/k9/mail/store/imap/ImapResponse;)Lcom/fsck/k9/mail/store/imap/PermanentFlagsResponse;
05-15 16:53:12.394 26731 26755 D M_InsDal: Lcom/fsck/k9/mail/store/imap/ImapResponse;--->isTagged()Z
05-15 16:53:12.394 26731 26755 D M_InsDal: Lcom/fsck/k9/mail/store/imap/ImapResponseParser;--->equalsIgnoreCase(Ljava/lang/Object;Ljava/lang/String;)Z
05-15 16:53:12.394 26731 26755 D M_InsDal: Lcom/fsck/k9/mail/store/imap/ImapList;--->isList(I)Z
05-15 16:53:12.394 26731 26755 D M_InsDal: Lcom/fsck/k9/mail/store/imap/ImapList;--->inRange(I)Z
05-15 16:53:12.394 26731 26755 D M_InsDal: Lcom/fsck/k9/mail/store/imap/ImapList;--->getList(I)Lcom/fsck/k9/mail/store/imap/ImapList;
05-15 16:53:12.394 26731 26755 D M_InsDal: Lcom/fsck/k9/mail/store/imap/ImapResponseParser;--->equalsIgnoreCase(Ljava/lang/Object;Ljava/lang/String;)Z
05-15 16:53:12.394 26731 26755 D M_InsDal: Lcom/fsck/k9/mail/store/imap/ImapFolder;--->handlePermanentFlags(Lcom/fsck/k9/mail/store/imap/ImapResponse;)V
05-15 16:53:12.394 26731 26755 D M_InsDal: Lcom/fsck/k9/mail/store/imap/PermanentFlagsResponse;--->parse(Lcom/fsck/k9/mail/store/imap/ImapResponse;)Lcom/fsck/k9/mail/store/imap/PermanentFlagsResponse;
05-15 16:53:12.394 26731 26755 D M_InsDal: Lcom/fsck/k9/mail/store/imap/ImapResponse;--->isTagged()Z
05-15 16:53:12.394 26731 26755 D M_InsDal: Lcom/fsck/k9/mail/store/imap/ImapResponseParser;--->equalsIgnoreCase(Ljava/lang/Object;Ljava/lang/String;)Z
05-15 16:53:12.394 26731 26755 D M_InsDal: Lcom/fsck/k9/mail/store/imap/ImapFolder;--->handlePermanentFlags(Lcom/fsck/k9/mail/store/imap/ImapResponse;)V
05-15 16:53:12.394 26731 26755 D M_InsDal: Lcom/fsck/k9/mail/store/imap/PermanentFlagsResponse;--->parse(Lcom/fsck/k9/mail/store/imap/ImapResponse;)Lcom/fsck/k9/mail/store/imap/PermanentFlagsResponse;
05-15 16:53:12.394 26731 26755 D M_InsDal: Lcom/fsck/k9/mail/store/imap/ImapResponse;--->isTagged()Z
05-15 16:53:12.394 26731 26755 D M_InsDal: Lcom/fsck/k9/mail/store/imap/ImapResponseParser;--->equalsIgnoreCase(Ljava/lang/Object;Ljava/lang/String;)Z
05-15 16:53:12.394 26731 26755 D M_InsDal: Lcom/fsck/k9/mail/store/imap/ImapList;--->isList(I)Z
05-15 16:53:12.394 26731 26755 D M_InsDal: Lcom/fsck/k9/mail/store/imap/ImapList;--->inRange(I)Z
05-15 16:53:12.394 26731 26755 D M_InsDal: Lcom/fsck/k9/mail/store/imap/ImapList;--->getList(I)Lcom/fsck/k9/mail/store/imap/ImapList;
05-15 16:53:12.394 26731 26755 D M_InsDal: Lcom/fsck/k9/mail/store/imap/ImapResponseParser;--->equalsIgnoreCase(Ljava/lang/Object;Ljava/lang/String;)Z
05-15 16:53:12.394 26731 26755 D M_InsDal: Lcom/fsck/k9/mail/store/imap/ImapList;--->isList(I)Z
05-15 16:53:12.394 26731 26755 D M_InsDal: Lcom/fsck/k9/mail/store/imap/ImapList;--->inRange(I)Z
05-15 16:53:12.394 26731 26755 D M_InsDal: Lcom/fsck/k9/mail/store/imap/ImapList;--->getList(I)Lcom/fsck/k9/mail/store/imap/ImapList;
05-15 16:53:12.394 26731 26755 D M_InsDal: Lcom/fsck/k9/mail/store/imap/PermanentFlagsResponse;---><init>(Ljava/util/Set;Z)V
05-15 16:53:12.394 26731 26755 D M_InsDal: Lcom/fsck/k9/mail/store/imap/ImapStore;--->getPermanentFlagsIndex()Ljava/util/Set;
05-15 16:53:12.394 26731 26756 D M_InsDal: Lcom/fsck/k9/mail/store/imap/ImapResponseParser;--->readTaggedResponse(Lcom/fsck/k9/mail/store/imap/ImapResponseCallback;)V
05-15 16:53:12.394 26731 26755 D M_InsDal: Lcom/fsck/k9/mail/store/imap/PermanentFlagsResponse;--->getFlags()Ljava/util/Set;
05-15 16:53:12.394 26731 26756 D M_InsDal: Lcom/fsck/k9/mail/store/imap/ImapResponseParser;--->parseTaggedResponse()Ljava/lang/String;
05-15 16:53:12.394 26731 26756 D M_InsDal: Lcom/fsck/k9/mail/store/imap/ImapResponseParser;--->readStringUntil(C)Ljava/lang/String;
05-15 16:53:12.394 26731 26755 D M_InsDal: Lcom/fsck/k9/mail/store/imap/PermanentFlagsResponse;--->canCreateKeywords()Z
05-15 16:53:12.394 26731 26755 D M_InsDal: Lcom/fsck/k9/mail/store/imap/ImapFolder;--->handlePermanentFlags(Lcom/fsck/k9/mail/store/imap/ImapResponse;)V
05-15 16:53:12.394 26731 26755 D M_InsDal: Lcom/fsck/k9/mail/store/imap/PermanentFlagsResponse;--->parse(Lcom/fsck/k9/mail/store/imap/ImapResponse;)Lcom/fsck/k9/mail/store/imap/PermanentFlagsResponse;
05-15 16:53:12.394 26731 26755 D M_InsDal: Lcom/fsck/k9/mail/store/imap/ImapResponse;--->isTagged()Z
05-15 16:53:12.394 26731 26756 D M_InsDal: Lcom/fsck/k9/mail/filter/PeekableInputStream;--->read()I
05-15 16:53:12.394 26731 26756 D M_InsDal: Lcom/fsck/k9/mail/filter/PeekableInputStream;--->read()I
05-15 16:53:12.394 26731 26755 D M_InsDal: Lcom/fsck/k9/mail/store/imap/ImapUtility;--->getLastResponse(Ljava/util/List;)Lcom/fsck/k9/mail/store/imap/ImapResponse;
05-15 16:53:12.394 26731 26756 D M_InsDal: Lcom/fsck/k9/mail/store/imap/ImapResponse;--->newTaggedResponse(Lcom/fsck/k9/mail/store/imap/ImapResponseCallback;Ljava/lang/String;)Lcom/fsck/k9/mail/store/imap/ImapResponse;
05-15 16:53:12.394 26731 26756 D M_InsDal: Lcom/fsck/k9/mail/store/imap/ImapResponse;---><init>(Lcom/fsck/k9/mail/store/imap/ImapResponseCallback;ZLjava/lang/String;)V
05-15 16:53:12.394 26731 26755 D M_InsDal: Lcom/fsck/k9/mail/store/imap/ImapFolder;--->handleSelectOrExamineOkResponse(Lcom/fsck/k9/mail/store/imap/ImapResponse;)V
05-15 16:53:12.394 26731 26756 D M_InsDal: Lcom/fsck/k9/mail/store/imap/ImapList;---><init>()V
05-15 16:53:12.394 26731 26756 D M_InsDal: Lcom/fsck/k9/mail/store/imap/ImapResponseParser;--->readTokens(Lcom/fsck/k9/mail/store/imap/ImapResponse;)V
05-15 16:53:12.394 26731 26756 D M_InsDal: Lcom/fsck/k9/mail/store/imap/ImapResponseParser;--->readToken(Lcom/fsck/k9/mail/store/imap/ImapResponse;)Ljava/lang/Object;
05-15 16:53:12.394 26731 26756 D M_InsDal: Lcom/fsck/k9/mail/store/imap/ImapResponseParser;--->parseToken(Lcom/fsck/k9/mail/store/imap/ImapList;)Ljava/lang/Object;
05-15 16:53:12.394 26731 26756 D M_InsDal: Lcom/fsck/k9/mail/filter/PeekableInputStream;--->peek()I
05-15 16:53:12.394 26731 26756 D M_InsDal: Lcom/fsck/k9/mail/store/imap/ImapResponseParser;--->parseBareString(Z)Ljava/lang/String;
05-15 16:53:12.394 26731 26756 D M_InsDal: Lcom/fsck/k9/mail/filter/PeekableInputStream;--->peek()I
05-15 16:53:12.394 26731 26756 D M_InsDal: Lcom/fsck/k9/mail/filter/PeekableInputStream;--->read()I
05-15 16:53:12.394 26731 26755 D M_InsDal: Lcom/fsck/k9/mail/store/imap/SelectOrExamineResponse;--->parse(Lcom/fsck/k9/mail/store/imap/ImapResponse;)Lcom/fsck/k9/mail/store/imap/SelectOrExamineResponse;
05-15 16:53:12.394 26731 26756 D M_InsDal: Lcom/fsck/k9/mail/filter/PeekableInputStream;--->peek()I
05-15 16:53:12.394 26731 26755 D M_InsDal: Lcom/fsck/k9/mail/store/imap/ImapResponse;--->isTagged()Z
05-15 16:53:12.394 26731 26756 D M_InsDal: Lcom/fsck/k9/mail/filter/PeekableInputStream;--->read()I
05-15 16:53:12.394 26731 26755 D M_InsDal: Lcom/fsck/k9/mail/store/imap/ImapResponseParser;--->equalsIgnoreCase(Ljava/lang/Object;Ljava/lang/String;)Z
05-15 16:53:12.394 26731 26756 D M_InsDal: Lcom/fsck/k9/mail/filter/PeekableInputStream;--->peek()I
05-15 16:53:12.394 26731 26755 D M_InsDal: Lcom/fsck/k9/mail/store/imap/ImapList;--->isList(I)Z
05-15 16:53:12.394 26731 26756 D M_InsDal: Lcom/fsck/k9/mail/store/imap/ImapResponseParser;--->checkTokenIsString(Ljava/lang/Object;)V
05-15 16:53:12.394 26731 26755 D M_InsDal: Lcom/fsck/k9/mail/store/imap/ImapList;--->inRange(I)Z
05-15 16:53:12.394 26731 26756 D M_InsDal: Lcom/fsck/k9/mail/store/imap/ImapResponseParser;--->isStatusResponse(Ljava/lang/String;)Z
05-15 16:53:12.394 26731 26755 D M_InsDal: Lcom/fsck/k9/mail/store/imap/ImapList;--->getList(I)Lcom/fsck/k9/mail/store/imap/ImapList;
05-15 16:53:12.394 26731 26756 D M_InsDal: Lcom/fsck/k9/mail/store/imap/ImapResponseParser;--->parseResponseText(Lcom/fsck/k9/mail/store/imap/ImapResponse;)V
05-15 16:53:12.394 26731 26755 D M_InsDal: Lcom/fsck/k9/mail/store/imap/ImapList;--->isString(I)Z
05-15 16:53:12.394 26731 26756 D M_InsDal: Lcom/fsck/k9/mail/store/imap/ImapResponseParser;--->skipIfSpace()V
05-15 16:53:12.394 26731 26755 D M_InsDal: Lcom/fsck/k9/mail/store/imap/ImapList;--->inRange(I)Z
05-15 16:53:12.394 26731 26756 D M_InsDal: Lcom/fsck/k9/mail/filter/PeekableInputStream;--->peek()I
05-15 16:53:12.394 26731 26755 D M_InsDal: Lcom/fsck/k9/mail/store/imap/ImapList;--->getString(I)Ljava/lang/String;
05-15 16:53:12.394 26731 26756 D M_InsDal: Lcom/fsck/k9/mail/store/imap/ImapResponseParser;--->expect(C)V
05-15 16:53:12.394 26731 26756 D M_InsDal: Lcom/fsck/k9/mail/filter/PeekableInputStream;--->read()I
05-15 16:53:12.394 26731 26756 D M_InsDal: Lcom/fsck/k9/mail/filter/PeekableInputStream;--->peek()I
05-15 16:53:12.394 26731 26756 D M_InsDal: Lcom/fsck/k9/mail/store/imap/ImapResponseParser;--->readStringUntilEndOfLine()Ljava/lang/String;
05-15 16:53:12.394 26731 26756 D M_InsDal: Lcom/fsck/k9/mail/store/imap/ImapResponseParser;--->readStringUntil(C)Ljava/lang/String;
05-15 16:53:12.394 26731 26755 D M_InsDal: Lcom/fsck/k9/mail/store/imap/SelectOrExamineResponse;---><init>(Ljava/lang/Boolean;)V
05-15 16:53:12.394 26731 26756 D M_InsDal: Lcom/fsck/k9/mail/filter/PeekableInputStream;--->read()I
05-15 16:53:12.394 26731 26756 D M_InsDal: Lcom/fsck/k9/mail/filter/PeekableInputStream;--->read()I
05-15 16:53:12.394 26731 26755 D M_InsDal: Lcom/fsck/k9/mail/store/imap/SelectOrExamineResponse;--->hasOpenMode()Z
05-15 16:53:12.394 26731 26756 D M_InsDal: Lcom/fsck/k9/mail/filter/PeekableInputStream;--->read()I
05-15 16:53:12.394 26731 26756 D M_InsDal: Lcom/fsck/k9/mail/filter/PeekableInputStream;--->read()I
05-15 16:53:12.394 26731 26755 D M_InsDal: Lcom/fsck/k9/mail/store/imap/SelectOrExamineResponse;--->getOpenMode()I
05-15 16:53:12.394 26731 26756 D M_InsDal: Lcom/fsck/k9/mail/filter/PeekableInputStream;--->read()I
05-15 16:53:12.394 26731 26755 D M_InsDal: Lcom/fsck/k9/mail/store/imap/SelectOrExamineResponse;--->hasOpenMode()Z
05-15 16:53:12.394 26731 26756 D M_InsDal: Lcom/fsck/k9/mail/filter/PeekableInputStream;--->read()I
05-15 16:53:12.394 26731 26756 D M_InsDal: Lcom/fsck/k9/mail/filter/PeekableInputStream;--->read()I
05-15 16:53:12.394 26731 26755 D M_InsDal: Lcom/fsck/k9/mail/store/imap/ImapFolderPusher$PushRunnable;--->checkConnectionNotNull(Lcom/fsck/k9/mail/store/imap/ImapConnection;)V
05-15 16:53:12.394 26731 26756 D M_InsDal: Lcom/fsck/k9/mail/filter/PeekableInputStream;--->read()I
05-15 16:53:12.394 26731 26756 D M_InsDal: Lcom/fsck/k9/mail/filter/PeekableInputStream;--->read()I
05-15 16:53:12.394 26731 26755 D M_InsDal: Lcom/fsck/k9/mail/store/imap/ImapFolderPusher$PushRunnable;--->checkConnectionIdleCapable(Lcom/fsck/k9/mail/store/imap/ImapConnection;)V
05-15 16:53:12.394 26731 26756 D M_InsDal: Lcom/fsck/k9/mail/filter/PeekableInputStream;--->read()I
05-15 16:53:12.394 26731 26756 D M_InsDal: Lcom/fsck/k9/mail/filter/PeekableInputStream;--->read()I
05-15 16:53:12.394 26731 26755 D M_InsDal: Lcom/fsck/k9/mail/store/imap/ImapConnection;--->isIdleCapable()Z
05-15 16:53:12.394 26731 26756 D M_InsDal: Lcom/fsck/k9/mail/filter/PeekableInputStream;--->read()I
05-15 16:53:12.394 26731 26755 D M_InsDal: Lcom/fsck/k9/mail/K9MailLib;--->isDebug()Z
05-15 16:53:12.394 26731 26756 D M_InsDal: Lcom/fsck/k9/mail/filter/PeekableInputStream;--->read()I
05-15 16:53:12.394 26731 26756 D M_InsDal: Lcom/fsck/k9/mail/store/imap/ImapResponseParser;--->expect(C)V
05-15 16:53:12.394 26731 26755 D M_InsDal: Lcom/fsck/k9/K9$2;--->enabled()Z
05-15 16:53:12.394 26731 26756 D M_InsDal: Lcom/fsck/k9/mail/filter/PeekableInputStream;--->read()I
05-15 16:53:12.394 26731 26756 D M_InsDal: Lcom/fsck/k9/mail/K9MailLib;--->isDebug()Z
05-15 16:53:12.394 26731 26756 D M_InsDal: Lcom/fsck/k9/K9$2;--->enabled()Z
05-15 16:53:12.394 26731 26755 D M_InsDal: Lcom/fsck/k9/mail/store/imap/ImapStore;--->getStoreConfig()Lcom/fsck/k9/mail/store/StoreConfig;
05-15 16:53:12.394 26731 26756 D M_InsDal: Lcom/fsck/k9/mail/store/imap/ImapResponse;--->getTag()Ljava/lang/String;
05-15 16:53:12.394 26731 26756 D M_InsDal: Lcom/fsck/k9/mail/store/imap/ImapResponse;--->getTag()Ljava/lang/String;
05-15 16:53:12.394 26731 26756 D M_InsDal: Lcom/fsck/k9/mail/store/imap/ImapResponse;--->getTag()Ljava/lang/String;
05-15 16:53:12.394 26731 26755 D M_InsDal: Lcom/fsck/k9/Account;--->isPushPollOnConnect()Z
05-15 16:53:12.394 26731 26756 D M_InsDal: Lcom/fsck/k9/mail/store/imap/ImapResponseParser;--->equalsIgnoreCase(Ljava/lang/Object;Ljava/lang/String;)Z
05-15 16:53:12.394 26731 26755 D M_InsDal: Lcom/fsck/k9/mail/store/imap/ImapFolderPusher$PushRunnable;--->syncFolderOnConnect()V
05-15 16:53:12.394 26731 26756 D M_InsDal: Lcom/fsck/k9/mail/store/imap/ImapConnection;--->extractOrRequestCapabilities(Ljava/util/List;)Ljava/util/List;
05-15 16:53:12.394 26731 26755 D M_InsDal: Lcom/fsck/k9/mail/store/imap/ImapFolderPusher$PushRunnable;--->processStoredUntaggedResponses()V
05-15 16:53:12.394 26731 26756 D M_InsDal: Lcom/fsck/k9/mail/store/imap/CapabilityResponse;--->parse(Ljava/util/List;)Lcom/fsck/k9/mail/store/imap/CapabilityResponse;
05-15 16:53:12.394 26731 26755 D M_InsDal: Lcom/fsck/k9/mail/store/imap/ImapFolderPusher$PushRunnable;--->getAndClearStoredUntaggedResponses()Ljava/util/List;
05-15 16:53:12.394 26731 26756 D M_InsDal: Lcom/fsck/k9/mail/store/imap/ImapResponseParser;--->equalsIgnoreCase(Ljava/lang/Object;Ljava/lang/String;)Z
05-15 16:53:12.394 26731 26756 D M_InsDal: Lcom/fsck/k9/mail/store/imap/ImapList;--->isList(I)Z
05-15 16:53:12.394 26731 26755 D M_InsDal: Lcom/fsck/k9/mail/K9MailLib;--->isDebug()Z
05-15 16:53:12.394 26731 26756 D M_InsDal: Lcom/fsck/k9/mail/store/imap/ImapList;--->inRange(I)Z
05-15 16:53:12.394 26731 26755 D M_InsDal: Lcom/fsck/k9/K9$2;--->enabled()Z
05-15 16:53:12.394 26731 26756 D M_InsDal: Lcom/fsck/k9/mail/store/imap/ImapResponse;--->getTag()Ljava/lang/String;
05-15 16:53:12.394 26731 26756 D M_InsDal: Lcom/fsck/k9/mail/store/imap/ImapConnection;--->getLogId()Ljava/lang/String;
05-15 16:53:12.394 26731 26756 D M_InsDal: Lcom/fsck/k9/mail/store/imap/ImapConnection;--->requestCapabilities()V
05-15 16:53:12.394 26731 26756 D M_InsDal: Lcom/fsck/k9/mail/store/imap/ImapConnection;--->executeSimpleCommand(Ljava/lang/String;)Ljava/util/List;
05-15 16:53:12.394 26731 26756 D M_InsDal: Lcom/fsck/k9/mail/store/imap/ImapConnection;--->executeSimpleCommand(Ljava/lang/String;Z)Ljava/util/List;
05-15 16:53:12.394 26731 26756 D M_InsDal: Lcom/fsck/k9/mail/store/imap/ImapConnection;--->sendCommand(Ljava/lang/String;Z)Ljava/lang/String;
05-15 16:53:12.394 26731 26756 D M_InsDal: Lcom/fsck/k9/mail/store/imap/ImapConnection;--->open()V
05-15 16:53:12.394 26731 26755 D M_InsDal: Lcom/fsck/k9/mail/store/imap/ImapFolderPusher$PushRunnable;--->processUntaggedResponses(Ljava/util/List;)V
05-15 16:53:12.394 26731 26756 D M_InsDal: Lcom/fsck/k9/mail/K9MailLib;--->isDebug()Z
05-15 16:53:12.394 26731 26756 D M_InsDal: Lcom/fsck/k9/K9$2;--->enabled()Z
05-15 16:53:12.394 26731 26756 D M_InsDal: Lcom/fsck/k9/mail/store/imap/ImapConnection;--->getLogId()Ljava/lang/String;
05-15 16:53:12.394 26731 26756 D M_InsDal: Lcom/fsck/k9/mail/store/imap/ImapResponseParser;--->readStatusResponse(Ljava/lang/String;Ljava/lang/String;Ljava/lang/String;Lcom/fsck/k9/mail/store/imap/UntaggedHandler;)Ljava/util/List;
05-15 16:53:12.394 26731 26756 D M_InsDal: Lcom/fsck/k9/mail/store/imap/ImapResponseParser;--->readResponse()Lcom/fsck/k9/mail/store/imap/ImapResponse;
05-15 16:53:12.394 26731 26755 D M_InsDal: Lcom/fsck/k9/mail/store/imap/ImapFolderPusher$PushRunnable;--->processUntaggedResponse(JLcom/fsck/k9/mail/store/imap/ImapResponse;Ljava/util/List;Ljava/util/List;)I
05-15 16:53:12.394 26731 26756 D M_InsDal: Lcom/fsck/k9/mail/store/imap/ImapResponseParser;--->readResponse(Lcom/fsck/k9/mail/store/imap/ImapResponseCallback;)Lcom/fsck/k9/mail/store/imap/ImapResponse;
05-15 16:53:12.394 26731 26756 D M_InsDal: Lcom/fsck/k9/mail/filter/PeekableInputStream;--->peek()I
05-15 16:53:12.394 26731 26755 D M_InsDal: Lcom/fsck/k9/mail/store/imap/ImapFolder;--->handleUntaggedResponse(Lcom/fsck/k9/mail/store/imap/ImapResponse;)V
05-15 16:53:12.394 26731 26755 D M_InsDal: Lcom/fsck/k9/mail/store/imap/ImapResponse;--->getTag()Ljava/lang/String;
05-15 16:53:12.394 26731 26755 D M_InsDal: Lcom/fsck/k9/mail/store/imap/ImapResponseParser;--->equalsIgnoreCase(Ljava/lang/Object;Ljava/lang/String;)Z
05-15 16:53:12.394 26731 26755 D M_InsDal: Lcom/fsck/k9/mail/store/imap/ImapList;--->getNumber(I)I
05-15 16:53:12.394 26731 26755 D M_InsDal: Lcom/fsck/k9/mail/store/imap/ImapList;--->getString(I)Ljava/lang/String;
05-15 16:53:12.394 26731 26755 D M_InsDal: Lcom/fsck/k9/mail/K9MailLib;--->isDebug()Z
05-15 16:53:12.394 26731 26755 D M_InsDal: Lcom/fsck/k9/K9$2;--->enabled()Z
05-15 16:53:12.394 26731 26755 D M_InsDal: Lcom/fsck/k9/mail/store/imap/ImapFolder;--->handlePossibleUidNext(Lcom/fsck/k9/mail/store/imap/ImapResponse;)V
05-15 16:53:12.394 26731 26755 D M_InsDal: Lcom/fsck/k9/mail/store/imap/ImapResponseParser;--->equalsIgnoreCase(Ljava/lang/Object;Ljava/lang/String;)Z
05-15 16:53:12.394 26731 26755 D M_InsDal: Lcom/fsck/k9/mail/store/imap/ImapResponseParser;--->equalsIgnoreCase(Ljava/lang/Object;Ljava/lang/String;)Z
05-15 16:53:12.394 26731 26755 D M_InsDal: Lcom/fsck/k9/mail/store/imap/ImapFolderPusher;--->superHandleUntaggedResponse(Lcom/fsck/k9/mail/store/imap/ImapResponse;)V
05-15 16:53:12.394 26731 26755 D M_InsDal: Lcom/fsck/k9/mail/store/imap/ImapResponse;--->getTag()Ljava/lang/String;
05-15 16:53:12.394 26731 26755 D M_InsDal: Lcom/fsck/k9/mail/store/imap/ImapResponseParser;--->equalsIgnoreCase(Ljava/lang/Object;Ljava/lang/String;)Z
05-15 16:53:12.394 26731 26755 D M_InsDal: Lcom/fsck/k9/mail/store/imap/ImapResponseParser;--->equalsIgnoreCase(Ljava/lang/Object;Ljava/lang/String;)Z
05-15 16:53:12.394 26731 26755 D M_InsDal: Lcom/fsck/k9/mail/K9MailLib;--->isDebug()Z
05-15 16:53:12.394 26731 26755 D M_InsDal: Lcom/fsck/k9/K9$2;--->enabled()Z
05-15 16:53:12.394 26731 26755 D M_InsDal: Lcom/fsck/k9/mail/store/imap/ImapFolderPusher$PushRunnable;--->getAndClearStoredUntaggedResponses()Ljava/util/List;
05-15 16:53:12.394 26731 26755 D M_InsDal: Lcom/fsck/k9/controller/MessagingControllerPushReceiver;--->syncFolder(Lcom/fsck/k9/mail/Folder;)V
05-15 16:53:12.394 26731 26755 D M_InsDal: Lcom/fsck/k9/mail/store/imap/ImapFolder;--->getName()Ljava/lang/String;
05-15 16:53:12.395 26731 26755 D M_InsDal: Lcom/fsck/k9/mail/store/imap/ImapFolder;--->getName()Ljava/lang/String;
05-15 16:53:12.395 26731 26755 D M_InsDal: Lcom/fsck/k9/controller/MessagingControllerPushReceiver$1;---><init>(Lcom/fsck/k9/controller/MessagingControllerPushReceiver;Ljava/util/concurrent/CountDownLatch;)V
05-15 16:53:12.395 26731 26755 D M_InsDal: Lcom/fsck/k9/controller/SimpleMessagingListener;---><init>()V
05-15 16:53:12.395 26731 26755 D M_InsDal: Lcom/fsck/k9/controller/MessagingController;--->synchronizeMailbox(Lcom/fsck/k9/Account;Ljava/lang/String;Lcom/fsck/k9/controller/MessagingListener;Lcom/fsck/k9/mail/Folder;)V
05-15 16:53:12.395 26731 26755 D M_InsDal: Lcom/fsck/k9/controller/MessagingController$9;---><init>(Lcom/fsck/k9/controller/MessagingController;Lcom/fsck/k9/Account;Ljava/lang/String;Lcom/fsck/k9/controller/MessagingListener;Lcom/fsck/k9/mail/Folder;)V
05-15 16:53:12.395 26731 26755 D M_InsDal: Lcom/fsck/k9/controller/MessagingController;--->putBackground(Ljava/lang/String;Lcom/fsck/k9/controller/MessagingListener;Ljava/lang/Runnable;)V
05-15 16:53:12.395 26731 26755 D M_InsDal: Lcom/fsck/k9/controller/MessagingController;--->putCommand(Ljava/util/concurrent/BlockingQueue;Ljava/lang/String;Lcom/fsck/k9/controller/MessagingListener;Ljava/lang/Runnable;Z)V
05-15 16:53:12.395 26731 26755 D M_InsDal: Lcom/fsck/k9/controller/MessagingController$Command;---><init>()V
05-15 16:53:12.395 26731 26755 D M_InsDal: Lcom/fsck/k9/mail/store/imap/ImapFolder;--->getName()Ljava/lang/String;
05-15 16:53:12.395 26731 26750 D M_InsDal: Lcom/fsck/k9/controller/MessagingController$9;--->run()V
05-15 16:53:12.395 26731 26750 D M_InsDal: Lcom/fsck/k9/controller/MessagingController;--->synchronizeMailboxSynchronous(Lcom/fsck/k9/Account;Ljava/lang/String;Lcom/fsck/k9/controller/MessagingListener;Lcom/fsck/k9/mail/Folder;)V
05-15 16:53:12.395 26731 26750 D M_InsDal: Lcom/fsck/k9/controller/MessagingController;--->getRemoteMessageStore(Lcom/fsck/k9/Account;)Lcom/fsck/k9/controller/RemoteMessageStore;
05-15 16:53:12.395 26731 26750 D M_InsDal: Lcom/fsck/k9/Account;--->getStoreUri()Ljava/lang/String;
05-15 16:53:12.395 26731 26750 D M_InsDal: Lcom/fsck/k9/controller/MessagingController;--->getImapMessageStore()Lcom/fsck/k9/controller/imap/ImapMessageStore;
05-15 16:53:12.395 26731 26750 D M_InsDal: Lcom/fsck/k9/controller/imap/ImapMessageStore;---><init>(Lcom/fsck/k9/notification/NotificationController;Lcom/fsck/k9/controller/MessagingController;Landroid/content/Context;)V
05-15 16:53:12.395 26731 26750 D M_InsDal: Lcom/fsck/k9/controller/imap/ImapSync;---><init>(Lcom/fsck/k9/notification/NotificationController;Lcom/fsck/k9/controller/MessagingController;Landroid/content/Context;)V
05-15 16:53:12.395 26731 26750 D M_InsDal: Lcom/fsck/k9/controller/imap/ImapMessageStore;--->sync(Lcom/fsck/k9/Account;Ljava/lang/String;Lcom/fsck/k9/controller/MessagingListener;Lcom/fsck/k9/mail/Folder;)V
05-15 16:53:12.395 26731 26750 D M_InsDal: Lcom/fsck/k9/controller/imap/ImapSync;--->sync(Lcom/fsck/k9/Account;Ljava/lang/String;Lcom/fsck/k9/controller/MessagingListener;Lcom/fsck/k9/mail/Folder;)V
05-15 16:53:12.395 26731 26750 D M_InsDal: Lcom/fsck/k9/controller/imap/ImapSync;--->synchronizeMailboxSynchronous(Lcom/fsck/k9/Account;Ljava/lang/String;Lcom/fsck/k9/controller/MessagingListener;Lcom/fsck/k9/mail/Folder;)V
05-15 16:53:12.395 26731 26750 D M_InsDal: Lcom/fsck/k9/Account;--->getDescription()Ljava/lang/String;
05-15 16:53:12.395 26731 26750 D M_InsDal: Lcom/fsck/k9/controller/imap/ImapSync;--->getListeners(Lcom/fsck/k9/controller/MessagingListener;)Ljava/util/Set;
05-15 16:53:12.395 26731 26750 D M_InsDal: Lcom/fsck/k9/controller/MessagingController;--->getListeners(Lcom/fsck/k9/controller/MessagingListener;)Ljava/util/Set;
05-15 16:53:12.395 26731 26750 D M_InsDal: Lcom/fsck/k9/controller/MemorizingMessagingListener;--->synchronizeMailboxStarted(Lcom/fsck/k9/Account;Ljava/lang/String;)V
05-15 16:53:12.395 26731 26750 D M_InsDal: Lcom/fsck/k9/controller/MemorizingMessagingListener;--->getMemory(Lcom/fsck/k9/Account;Ljava/lang/String;)Lcom/fsck/k9/controller/MemorizingMessagingListener$Memory;
05-15 16:53:12.395 26731 26750 D M_InsDal: Lcom/fsck/k9/controller/MemorizingMessagingListener;--->getMemoryKey(Lcom/fsck/k9/Account;Ljava/lang/String;)Ljava/lang/String;
05-15 16:53:12.395 26731 26750 D M_InsDal: Lcom/fsck/k9/Account;--->getDescription()Ljava/lang/String;
05-15 16:53:12.395 26731 26750 D M_InsDal: Lcom/fsck/k9/controller/MemorizingMessagingListener$Memory;---><init>(Lcom/fsck/k9/Account;Ljava/lang/String;)V
05-15 16:53:12.395 26731 26750 D M_InsDal: Lcom/fsck/k9/controller/MemorizingMessagingListener;--->getMemoryKey(Lcom/fsck/k9/Account;Ljava/lang/String;)Ljava/lang/String;
05-15 16:53:12.395 26731 26750 D M_InsDal: Lcom/fsck/k9/Account;--->getDescription()Ljava/lang/String;
05-15 16:53:12.395 26731 26750 D M_InsDal: Lcom/fsck/k9/controller/MemorizingMessagingListener$MemorizingState;---><clinit>()V
05-15 16:53:12.395 26731 26750 D M_InsDal: Lcom/fsck/k9/controller/MemorizingMessagingListener$MemorizingState;---><init>(Ljava/lang/String;I)V
05-15 16:53:12.395 26731 26750 D M_InsDal: Lcom/fsck/k9/controller/MemorizingMessagingListener$MemorizingState;---><init>(Ljava/lang/String;I)V
05-15 16:53:12.395 26731 26750 D M_InsDal: Lcom/fsck/k9/controller/SimpleMessagingListener;--->synchronizeMailboxStarted(Lcom/fsck/k9/Account;Ljava/lang/String;)V
05-15 16:53:12.395 26731 26750 D M_InsDal: Lcom/fsck/k9/controller/SimpleMessagingListener;--->synchronizeMailboxStarted(Lcom/fsck/k9/Account;Ljava/lang/String;)V
05-15 16:53:12.395 26731 26750 D M_InsDal: Lcom/fsck/k9/Account;--->getOutboxFolderName()Ljava/lang/String;
05-15 16:53:12.395 26731 26750 D M_InsDal: Lcom/fsck/k9/Account;--->getDescription()Ljava/lang/String;
05-15 16:53:12.395 26731 26750 D M_InsDal: Lcom/fsck/k9/controller/imap/ImapSync;--->processPendingCommandsSynchronous(Lcom/fsck/k9/Account;)V
05-15 16:53:12.395 26731 26750 D M_InsDal: Lcom/fsck/k9/controller/MessagingController;--->processPendingCommandsSynchronous(Lcom/fsck/k9/Account;)V
05-15 16:53:12.395 26731 26750 D M_InsDal: Lcom/fsck/k9/Account;--->getLocalStore()Lcom/fsck/k9/mailstore/LocalStore;
05-15 16:53:12.395 26731 26750 D M_InsDal: Lcom/fsck/k9/mailstore/LocalStore;--->getInstance(Lcom/fsck/k9/Account;Landroid/content/Context;)Lcom/fsck/k9/mailstore/LocalStore;
05-15 16:53:12.395 26731 26750 D M_InsDal: Lcom/fsck/k9/Account;--->getUuid()Ljava/lang/String;
05-15 16:53:12.395 26731 26750 D M_InsDal: Lcom/fsck/k9/mailstore/LocalStore;--->getPendingCommands()Ljava/util/List;
05-15 16:53:12.395 26731 26750 D M_InsDal: Lcom/fsck/k9/mailstore/LocalStore$9;---><init>(Lcom/fsck/k9/mailstore/LocalStore;)V
05-15 16:53:12.395 26731 26750 D M_InsDal: Lcom/fsck/k9/mailstore/LockableDatabase;--->execute(ZLcom/fsck/k9/mailstore/LockableDatabase$DbCallback;)Ljava/lang/Object;
05-15 16:53:12.395 26731 26750 D M_InsDal: Lcom/fsck/k9/mailstore/LockableDatabase;--->lockRead()V
05-15 16:53:12.395 26731 26750 D M_InsDal: Lcom/fsck/k9/mailstore/LockableDatabase;--->getStorageManager()Lcom/fsck/k9/mailstore/StorageManager;
05-15 16:53:12.395 26731 26750 D M_InsDal: Lcom/fsck/k9/mailstore/StorageManager;--->getInstance(Landroid/content/Context;)Lcom/fsck/k9/mailstore/StorageManager;
05-15 16:53:12.395 26731 26750 D M_InsDal: Lcom/fsck/k9/mailstore/StorageManager;--->lockProvider(Ljava/lang/String;)V
05-15 16:53:12.395 26731 26750 D M_InsDal: Lcom/fsck/k9/mailstore/StorageManager;--->getProvider(Ljava/lang/String;)Lcom/fsck/k9/mailstore/StorageManager$StorageProvider;
05-15 16:53:12.395 26731 26750 D M_InsDal: Lcom/fsck/k9/mailstore/StorageManager$InternalStorageProvider;--->isReady(Landroid/content/Context;)Z
05-15 16:53:12.395 26731 26750 D M_InsDal: Lcom/fsck/k9/K9;--->isDebug()Z
05-15 16:53:12.395 26731 26750 D M_InsDal: Lcom/fsck/k9/mailstore/LocalStore$9;--->doDbWork(Landroid/database/sqlite/SQLiteDatabase;)Ljava/util/List;
05-15 16:53:12.396 26731 26750 D M_InsDal: Lcom/fsck/k9/helper/Utility;--->closeQuietly(Landroid/database/Cursor;)V
05-15 16:53:12.396 26731 26750 D M_InsDal: Lcom/fsck/k9/mailstore/LockableDatabase;--->unlockRead()V
05-15 16:53:12.396 26731 26750 D M_InsDal: Lcom/fsck/k9/mailstore/LockableDatabase;--->getStorageManager()Lcom/fsck/k9/mailstore/StorageManager;
05-15 16:53:12.396 26731 26750 D M_InsDal: Lcom/fsck/k9/mailstore/StorageManager;--->getInstance(Landroid/content/Context;)Lcom/fsck/k9/mailstore/StorageManager;
05-15 16:53:12.396 26731 26750 D M_InsDal: Lcom/fsck/k9/mailstore/StorageManager;--->unlockProvider(Ljava/lang/String;)V
05-15 16:53:12.396 26731 26750 D M_InsDal: Lcom/fsck/k9/mailstore/StorageManager;--->getProvider(Ljava/lang/String;)Lcom/fsck/k9/mailstore/StorageManager$StorageProvider;
05-15 16:53:12.396 26731 26750 D M_InsDal: Lcom/fsck/k9/Account;--->getLocalStore()Lcom/fsck/k9/mailstore/LocalStore;
05-15 16:53:12.396 26731 26750 D M_InsDal: Lcom/fsck/k9/mailstore/LocalStore;--->getInstance(Lcom/fsck/k9/Account;Landroid/content/Context;)Lcom/fsck/k9/mailstore/LocalStore;
05-15 16:53:12.396 26731 26750 D M_InsDal: Lcom/fsck/k9/Account;--->getUuid()Ljava/lang/String;
05-15 16:53:12.396 26731 26750 D M_InsDal: Lcom/fsck/k9/mailstore/LocalStore;--->getFolder(Ljava/lang/String;)Lcom/fsck/k9/mailstore/LocalFolder;
05-15 16:53:12.396 26731 26750 D M_InsDal: Lcom/fsck/k9/mailstore/LocalFolder;---><init>(Lcom/fsck/k9/mailstore/LocalStore;Ljava/lang/String;)V
05-15 16:53:12.396 26731 26750 D M_InsDal: Lcom/fsck/k9/mail/Folder;---><init>()V
05-15 16:53:12.396 26731 26750 D M_InsDal: Lcom/fsck/k9/mailstore/LocalStore;--->getAttachmentInfoExtractor()Lcom/fsck/k9/message/extractors/AttachmentInfoExtractor;
05-15 16:53:12.396 26731 26750 D M_InsDal: Lcom/fsck/k9/mailstore/LocalFolder;--->getAccount()Lcom/fsck/k9/Account;
05-15 16:53:12.396 26731 26750 D M_InsDal: Lcom/fsck/k9/mailstore/LocalStore;--->getAccount()Lcom/fsck/k9/Account;
05-15 16:53:12.396 26731 26750 D M_InsDal: Lcom/fsck/k9/Account;--->getInboxFolderName()Ljava/lang/String;
05-15 16:53:12.396 26731 26750 D M_InsDal: Lcom/fsck/k9/mailstore/LocalFolder;--->getName()Ljava/lang/String;
05-15 16:53:12.396 26731 26750 D M_InsDal: Lcom/fsck/k9/mailstore/LocalFolder;--->open(I)V
05-15 16:53:12.396 26731 26750 D M_InsDal: Lcom/fsck/k9/mailstore/LocalFolder;--->isOpen()Z
05-15 16:53:12.396 26731 26750 D M_InsDal: Lcom/fsck/k9/mailstore/LocalFolder;--->isOpen()Z
05-15 16:53:12.396 26731 26750 D M_InsDal: Lcom/fsck/k9/mailstore/LocalStore;--->getDatabase()Lcom/fsck/k9/mailstore/LockableDatabase;
05-15 16:53:12.396 26731 26750 D M_InsDal: Lcom/fsck/k9/mailstore/LocalFolder$1;---><init>(Lcom/fsck/k9/mailstore/LocalFolder;I)V
05-15 16:53:12.396 26731 26750 D M_InsDal: Lcom/fsck/k9/mailstore/LockableDatabase;--->execute(ZLcom/fsck/k9/mailstore/LockableDatabase$DbCallback;)Ljava/lang/Object;
05-15 16:53:12.396 26731 26750 D M_InsDal: Lcom/fsck/k9/mailstore/LockableDatabase;--->lockRead()V
05-15 16:53:12.396 26731 26750 D M_InsDal: Lcom/fsck/k9/mailstore/LockableDatabase;--->getStorageManager()Lcom/fsck/k9/mailstore/StorageManager;
05-15 16:53:12.396 26731 26750 D M_InsDal: Lcom/fsck/k9/mailstore/StorageManager;--->getInstance(Landroid/content/Context;)Lcom/fsck/k9/mailstore/StorageManager;
05-15 16:53:12.396 26731 26750 D M_InsDal: Lcom/fsck/k9/mailstore/StorageManager;--->lockProvider(Ljava/lang/String;)V
05-15 16:53:12.396 26731 26750 D M_InsDal: Lcom/fsck/k9/mailstore/StorageManager;--->getProvider(Ljava/lang/String;)Lcom/fsck/k9/mailstore/StorageManager$StorageProvider;
05-15 16:53:12.396 26731 26750 D M_InsDal: Lcom/fsck/k9/mailstore/StorageManager$InternalStorageProvider;--->isReady(Landroid/content/Context;)Z
05-15 16:53:12.396 26731 26750 D M_InsDal: Lcom/fsck/k9/K9;--->isDebug()Z
05-15 16:53:12.396 26731 26750 D M_InsDal: Lcom/fsck/k9/mailstore/LocalFolder$1;--->doDbWork(Landroid/database/sqlite/SQLiteDatabase;)Ljava/lang/Void;
05-15 16:53:12.396 26731 26750 D M_InsDal: Lcom/fsck/k9/mailstore/LocalFolder;--->open(Landroid/database/Cursor;)V
05-15 16:53:12.396 26731 26750 D M_InsDal: Lcom/fsck/k9/mail/Folder;--->setStatus(Ljava/lang/String;)V
05-15 16:53:12.396 26731 26750 D M_InsDal: Lcom/fsck/k9/mail/Folder;--->setLastChecked(J)V
05-15 16:53:12.396 26731 26750 D M_InsDal: Lcom/fsck/k9/mail/Folder;--->setLastPush(J)V
05-15 16:53:12.396 26731 26750 D M_InsDal: Lcom/fsck/k9/mail/Folder$FolderClass;--->valueOf(Ljava/lang/String;)Lcom/fsck/k9/mail/Folder$FolderClass;
05-15 16:53:12.396 26731 26750 D M_InsDal: Lcom/fsck/k9/mail/Folder$FolderClass;--->valueOf(Ljava/lang/String;)Lcom/fsck/k9/mail/Folder$FolderClass;
05-15 16:53:12.396 26731 26750 D M_InsDal: Lcom/fsck/k9/mailstore/LocalFolder$MoreMessages;--->fromDatabaseName(Ljava/lang/String;)Lcom/fsck/k9/mailstore/LocalFolder$MoreMessages;
05-15 16:53:12.396 26731 26750 D M_InsDal: Lcom/fsck/k9/mailstore/LocalFolder$MoreMessages;--->values()[Lcom/fsck/k9/mailstore/LocalFolder$MoreMessages;
05-15 16:53:12.396 26731 26750 D M_InsDal: Lcom/fsck/k9/helper/Utility;--->closeQuietly(Landroid/database/Cursor;)V
05-15 16:53:12.396 26731 26750 D M_InsDal: Lcom/fsck/k9/mailstore/LockableDatabase;--->unlockRead()V
05-15 16:53:12.396 26731 26750 D M_InsDal: Lcom/fsck/k9/mailstore/LockableDatabase;--->getStorageManager()Lcom/fsck/k9/mailstore/StorageManager;
05-15 16:53:12.396 26731 26750 D M_InsDal: Lcom/fsck/k9/mailstore/StorageManager;--->getInstance(Landroid/content/Context;)Lcom/fsck/k9/mailstore/StorageManager;
05-15 16:53:12.396 26731 26750 D M_InsDal: Lcom/fsck/k9/mailstore/StorageManager;--->unlockProvider(Ljava/lang/String;)V
05-15 16:53:12.396 26731 26750 D M_InsDal: Lcom/fsck/k9/mailstore/StorageManager;--->getProvider(Ljava/lang/String;)Lcom/fsck/k9/mailstore/StorageManager$StorageProvider;
05-15 16:53:12.396 26731 26750 D M_InsDal: Lcom/fsck/k9/mailstore/LocalFolder;--->updateLastUid()V
05-15 16:53:12.396 26731 26750 D M_InsDal: Lcom/fsck/k9/mailstore/LocalStore;--->getDatabase()Lcom/fsck/k9/mailstore/LockableDatabase;
05-15 16:53:12.396 26731 26750 D M_InsDal: Lcom/fsck/k9/mailstore/LocalFolder$26;---><init>(Lcom/fsck/k9/mailstore/LocalFolder;)V
05-15 16:53:12.396 26731 26750 D M_InsDal: Lcom/fsck/k9/mailstore/LockableDatabase;--->execute(ZLcom/fsck/k9/mailstore/LockableDatabase$DbCallback;)Ljava/lang/Object;
05-15 16:53:12.396 26731 26750 D M_InsDal: Lcom/fsck/k9/mailstore/LockableDatabase;--->lockRead()V
05-15 16:53:12.396 26731 26750 D M_InsDal: Lcom/fsck/k9/mailstore/LockableDatabase;--->getStorageManager()Lcom/fsck/k9/mailstore/StorageManager;
05-15 16:53:12.396 26731 26750 D M_InsDal: Lcom/fsck/k9/mailstore/StorageManager;--->getInstance(Landroid/content/Context;)Lcom/fsck/k9/mailstore/StorageManager;
05-15 16:53:12.396 26731 26750 D M_InsDal: Lcom/fsck/k9/mailstore/StorageManager;--->lockProvider(Ljava/lang/String;)V
05-15 16:53:12.396 26731 26750 D M_InsDal: Lcom/fsck/k9/mailstore/StorageManager;--->getProvider(Ljava/lang/String;)Lcom/fsck/k9/mailstore/StorageManager$StorageProvider;
05-15 16:53:12.396 26731 26750 D M_InsDal: Lcom/fsck/k9/mailstore/StorageManager$InternalStorageProvider;--->isReady(Landroid/content/Context;)Z
05-15 16:53:12.396 26731 26750 D M_InsDal: Lcom/fsck/k9/K9;--->isDebug()Z
05-15 16:53:12.396 26731 26750 D M_InsDal: Lcom/fsck/k9/mailstore/LocalFolder$26;--->doDbWork(Landroid/database/sqlite/SQLiteDatabase;)Ljava/lang/Integer;
05-15 16:53:12.396 26731 26750 D M_InsDal: Lcom/fsck/k9/mailstore/LocalFolder;--->open(I)V
05-15 16:53:12.396 26731 26750 D M_InsDal: Lcom/fsck/k9/mailstore/LocalFolder;--->isOpen()Z
05-15 16:53:12.396 26731 26750 D M_InsDal: Lcom/fsck/k9/mailstore/LocalFolder;--->getMode()I
05-15 16:53:12.396 26731 26750 D M_InsDal: Lcom/fsck/k9/helper/Utility;--->closeQuietly(Landroid/database/Cursor;)V
05-15 16:53:12.396 26731 26750 D M_InsDal: Lcom/fsck/k9/mailstore/LockableDatabase;--->unlockRead()V
05-15 16:53:12.396 26731 26750 D M_InsDal: Lcom/fsck/k9/mailstore/LockableDatabase;--->getStorageManager()Lcom/fsck/k9/mailstore/StorageManager;
05-15 16:53:12.396 26731 26750 D M_InsDal: Lcom/fsck/k9/mailstore/StorageManager;--->getInstance(Landroid/content/Context;)Lcom/fsck/k9/mailstore/StorageManager;
05-15 16:53:12.396 26731 26750 D M_InsDal: Lcom/fsck/k9/mailstore/StorageManager;--->unlockProvider(Ljava/lang/String;)V
05-15 16:53:12.396 26731 26750 D M_InsDal: Lcom/fsck/k9/mailstore/StorageManager;--->getProvider(Ljava/lang/String;)Lcom/fsck/k9/mailstore/StorageManager$StorageProvider;
05-15 16:53:12.396 26731 26750 D M_InsDal: Lcom/fsck/k9/mailstore/LocalFolder;--->getAllMessagesAndEffectiveDates()Ljava/util/Map;
05-15 16:53:12.396 26731 26750 D M_InsDal: Lcom/fsck/k9/mailstore/LocalStore;--->getDatabase()Lcom/fsck/k9/mailstore/LockableDatabase;
05-15 16:53:12.396 26731 26750 D M_InsDal: Lcom/fsck/k9/mailstore/LocalFolder$11;---><init>(Lcom/fsck/k9/mailstore/LocalFolder;)V
05-15 16:53:12.396 26731 26750 D M_InsDal: Lcom/fsck/k9/mailstore/LockableDatabase;--->execute(ZLcom/fsck/k9/mailstore/LockableDatabase$DbCallback;)Ljava/lang/Object;
05-15 16:53:12.396 26731 26750 D M_InsDal: Lcom/fsck/k9/mailstore/LockableDatabase;--->lockRead()V
05-15 16:53:12.396 26731 26750 D M_InsDal: Lcom/fsck/k9/mailstore/LockableDatabase;--->getStorageManager()Lcom/fsck/k9/mailstore/StorageManager;
05-15 16:53:12.396 26731 26750 D M_InsDal: Lcom/fsck/k9/mailstore/StorageManager;--->getInstance(Landroid/content/Context;)Lcom/fsck/k9/mailstore/StorageManager;
05-15 16:53:12.396 26731 26750 D M_InsDal: Lcom/fsck/k9/mailstore/StorageManager;--->lockProvider(Ljava/lang/String;)V
05-15 16:53:12.396 26731 26750 D M_InsDal: Lcom/fsck/k9/mailstore/StorageManager;--->getProvider(Ljava/lang/String;)Lcom/fsck/k9/mailstore/StorageManager$StorageProvider;
05-15 16:53:12.396 26731 26750 D M_InsDal: Lcom/fsck/k9/mailstore/StorageManager$InternalStorageProvider;--->isReady(Landroid/content/Context;)Z
05-15 16:53:12.396 26731 26750 D M_InsDal: Lcom/fsck/k9/K9;--->isDebug()Z
05-15 16:53:12.396 26731 26750 D M_InsDal: Lcom/fsck/k9/mailstore/LocalFolder$11;--->doDbWork(Landroid/database/sqlite/SQLiteDatabase;)Ljava/util/Map;
05-15 16:53:12.396 26731 26750 D M_InsDal: Lcom/fsck/k9/mailstore/LocalFolder;--->open(I)V
05-15 16:53:12.396 26731 26750 D M_InsDal: Lcom/fsck/k9/mailstore/LocalFolder;--->isOpen()Z
05-15 16:53:12.396 26731 26750 D M_InsDal: Lcom/fsck/k9/mailstore/LocalFolder;--->getMode()I
05-15 16:53:12.396 26731 26750 D M_InsDal: Lcom/fsck/k9/helper/Utility;--->closeQuietly(Landroid/database/Cursor;)V
05-15 16:53:12.396 26731 26750 D M_InsDal: Lcom/fsck/k9/mailstore/LockableDatabase;--->unlockRead()V
05-15 16:53:12.396 26731 26750 D M_InsDal: Lcom/fsck/k9/mailstore/LockableDatabase;--->getStorageManager()Lcom/fsck/k9/mailstore/StorageManager;
05-15 16:53:12.396 26731 26750 D M_InsDal: Lcom/fsck/k9/mailstore/StorageManager;--->getInstance(Landroid/content/Context;)Lcom/fsck/k9/mailstore/StorageManager;
05-15 16:53:12.396 26731 26750 D M_InsDal: Lcom/fsck/k9/mailstore/StorageManager;--->unlockProvider(Ljava/lang/String;)V
05-15 16:53:12.396 26731 26750 D M_InsDal: Lcom/fsck/k9/mailstore/StorageManager;--->getProvider(Ljava/lang/String;)Lcom/fsck/k9/mailstore/StorageManager$StorageProvider;
05-15 16:53:12.396 26731 26750 D M_InsDal: Lcom/fsck/k9/notification/NotificationController;--->clearAuthenticationErrorNotification(Lcom/fsck/k9/Account;Z)V
05-15 16:53:12.397 26731 26750 D M_InsDal: Lcom/fsck/k9/notification/AuthenticationErrorNotifications;--->clearAuthenticationErrorNotification(Lcom/fsck/k9/Account;Z)V
05-15 16:53:12.397 26731 26750 D M_InsDal: Lcom/fsck/k9/notification/NotificationIds;--->getAuthenticationErrorNotificationId(Lcom/fsck/k9/Account;Z)I
05-15 16:53:12.397 26731 26750 D M_InsDal: Lcom/fsck/k9/notification/NotificationIds;--->getBaseNotificationId(Lcom/fsck/k9/Account;)I
05-15 16:53:12.397 26731 26750 D M_InsDal: Lcom/fsck/k9/Account;--->getAccountNumber()I
05-15 16:53:12.397 26731 26750 D M_InsDal: Lcom/fsck/k9/notification/AuthenticationErrorNotifications;--->getNotificationManager()Landroid/support/v4/app/NotificationManagerCompat;
05-15 16:53:12.397 26731 26750 D M_InsDal: Lcom/fsck/k9/notification/NotificationController;--->getNotificationManager()Landroid/support/v4/app/NotificationManagerCompat;
05-15 16:53:12.397 26731 26750 D M_InsDal: Lcom/fsck/k9/mail/store/imap/ImapFolder;--->getMessageCount()I
05-15 16:53:12.397 26731 26750 D M_InsDal: Lcom/fsck/k9/mailstore/LocalFolder;--->getVisibleLimit()I
05-15 16:53:12.397 26731 26750 D M_InsDal: Lcom/fsck/k9/mailstore/LocalFolder;--->open(I)V
05-15 16:53:12.397 26731 26750 D M_InsDal: Lcom/fsck/k9/mailstore/LocalFolder;--->isOpen()Z
05-15 16:53:12.397 26731 26750 D M_InsDal: Lcom/fsck/k9/mailstore/LocalFolder;--->getMode()I
05-15 16:53:12.397 26731 26750 D M_InsDal: Lcom/fsck/k9/Account;--->getEarliestPollDate()Ljava/util/Date;
05-15 16:53:12.397 26731 26750 D M_InsDal: Lcom/fsck/k9/Account;--->getMaximumPolledMessageAge()I
05-15 16:53:12.397 26731 26750 D M_InsDal: Lcom/fsck/k9/controller/imap/ImapSync;--->getListeners(Lcom/fsck/k9/controller/MessagingListener;)Ljava/util/Set;
05-15 16:53:12.397 26731 26750 D M_InsDal: Lcom/fsck/k9/controller/MessagingController;--->getListeners(Lcom/fsck/k9/controller/MessagingListener;)Ljava/util/Set;
05-15 16:53:12.397 26731 26750 D M_InsDal: Lcom/fsck/k9/controller/SimpleMessagingListener;--->synchronizeMailboxHeadersStarted(Lcom/fsck/k9/Account;Ljava/lang/String;)V
05-15 16:53:12.397 26731 26750 D M_InsDal: Lcom/fsck/k9/controller/SimpleMessagingListener;--->synchronizeMailboxHeadersStarted(Lcom/fsck/k9/Account;Ljava/lang/String;)V
05-15 16:53:12.397 26731 26750 D M_InsDal: Lcom/fsck/k9/mail/store/imap/ImapFolder;--->getMessages(IILjava/util/Date;Lcom/fsck/k9/mail/MessageRetrievalListener;)Ljava/util/List;
05-15 16:53:12.397 26731 26750 D M_InsDal: Lcom/fsck/k9/mail/store/imap/ImapFolder;--->getMessages(IILjava/util/Date;ZLcom/fsck/k9/mail/MessageRetrievalListener;)Ljava/util/List;
05-15 16:53:12.397 26731 26750 D M_InsDal: Lcom/fsck/k9/mail/store/imap/ImapFolder;--->checkOpen()V
05-15 16:53:12.397 26731 26750 D M_InsDal: Lcom/fsck/k9/mail/store/imap/ImapFolder;--->isOpen()Z
05-15 16:53:12.397 26731 26750 D M_InsDal: Lcom/fsck/k9/mail/store/imap/ImapFolder;--->getDateSearchString(Ljava/util/Date;)Ljava/lang/String;
05-15 16:53:12.397 26731 26750 D M_InsDal: Lcom/fsck/k9/mail/store/imap/ImapConnection;--->executeSimpleCommand(Ljava/lang/String;)Ljava/util/List;
05-15 16:53:12.397 26731 26750 D M_InsDal: Lcom/fsck/k9/mail/store/imap/ImapConnection;--->executeSimpleCommand(Ljava/lang/String;Z)Ljava/util/List;
05-15 16:53:12.397 26731 26750 D M_InsDal: Lcom/fsck/k9/mail/store/imap/ImapConnection;--->sendCommand(Ljava/lang/String;Z)Ljava/lang/String;
05-15 16:53:12.397 26731 26750 D M_InsDal: Lcom/fsck/k9/mail/store/imap/ImapConnection;--->open()V
05-15 16:53:12.397 26731 26750 D M_InsDal: Lcom/fsck/k9/mail/K9MailLib;--->isDebug()Z
05-15 16:53:12.397 26731 26750 D M_InsDal: Lcom/fsck/k9/K9$2;--->enabled()Z
05-15 16:53:12.397 26731 26750 D M_InsDal: Lcom/fsck/k9/mail/store/imap/ImapConnection;--->getLogId()Ljava/lang/String;
05-15 16:53:12.397 26731 26750 D M_InsDal: Lcom/fsck/k9/mail/store/imap/ImapResponseParser;--->readStatusResponse(Ljava/lang/String;Ljava/lang/String;Ljava/lang/String;Lcom/fsck/k9/mail/store/imap/UntaggedHandler;)Ljava/util/List;
05-15 16:53:12.397 26731 26750 D M_InsDal: Lcom/fsck/k9/mail/store/imap/ImapResponseParser;--->readResponse()Lcom/fsck/k9/mail/store/imap/ImapResponse;
05-15 16:53:12.397 26731 26750 D M_InsDal: Lcom/fsck/k9/mail/store/imap/ImapResponseParser;--->readResponse(Lcom/fsck/k9/mail/store/imap/ImapResponseCallback;)Lcom/fsck/k9/mail/store/imap/ImapResponse;
05-15 16:53:12.397 26731 26750 D M_InsDal: Lcom/fsck/k9/mail/filter/PeekableInputStream;--->peek()I
05-15 16:53:12.422 26731 26756 D M_InsDal: Lcom/fsck/k9/mail/store/imap/ImapResponseParser;--->readUntaggedResponse(Lcom/fsck/k9/mail/store/imap/ImapResponseCallback;)V
05-15 16:53:12.422 26731 26756 D M_InsDal: Lcom/fsck/k9/mail/store/imap/ImapResponseParser;--->parseUntaggedResponse()V
05-15 16:53:12.422 26731 26756 D M_InsDal: Lcom/fsck/k9/mail/store/imap/ImapResponseParser;--->expect(C)V
05-15 16:53:12.422 26731 26756 D M_InsDal: Lcom/fsck/k9/mail/filter/PeekableInputStream;--->read()I
05-15 16:53:12.422 26731 26756 D M_InsDal: Lcom/fsck/k9/mail/store/imap/ImapResponseParser;--->expect(C)V
05-15 16:53:12.422 26731 26756 D M_InsDal: Lcom/fsck/k9/mail/filter/PeekableInputStream;--->read()I
05-15 16:53:12.422 26731 26756 D M_InsDal: Lcom/fsck/k9/mail/store/imap/ImapResponse;--->newUntaggedResponse(Lcom/fsck/k9/mail/store/imap/ImapResponseCallback;)Lcom/fsck/k9/mail/store/imap/ImapResponse;
05-15 16:53:12.422 26731 26756 D M_InsDal: Lcom/fsck/k9/mail/store/imap/ImapResponse;---><init>(Lcom/fsck/k9/mail/store/imap/ImapResponseCallback;ZLjava/lang/String;)V
05-15 16:53:12.422 26731 26756 D M_InsDal: Lcom/fsck/k9/mail/store/imap/ImapList;---><init>()V
05-15 16:53:12.422 26731 26756 D M_InsDal: Lcom/fsck/k9/mail/store/imap/ImapResponseParser;--->readTokens(Lcom/fsck/k9/mail/store/imap/ImapResponse;)V
05-15 16:53:12.422 26731 26756 D M_InsDal: Lcom/fsck/k9/mail/store/imap/ImapResponseParser;--->readToken(Lcom/fsck/k9/mail/store/imap/ImapResponse;)Ljava/lang/Object;
05-15 16:53:12.422 26731 26756 D M_InsDal: Lcom/fsck/k9/mail/store/imap/ImapResponseParser;--->parseToken(Lcom/fsck/k9/mail/store/imap/ImapList;)Ljava/lang/Object;
05-15 16:53:12.422 26731 26756 D M_InsDal: Lcom/fsck/k9/mail/filter/PeekableInputStream;--->peek()I
05-15 16:53:12.422 26731 26756 D M_InsDal: Lcom/fsck/k9/mail/store/imap/ImapResponseParser;--->parseBareString(Z)Ljava/lang/String;
05-15 16:53:12.422 26731 26756 D M_InsDal: Lcom/fsck/k9/mail/filter/PeekableInputStream;--->peek()I
05-15 16:53:12.422 26731 26756 D M_InsDal: Lcom/fsck/k9/mail/filter/PeekableInputStream;--->read()I
05-15 16:53:12.422 26731 26756 D M_InsDal: Lcom/fsck/k9/mail/filter/PeekableInputStream;--->peek()I
05-15 16:53:12.422 26731 26756 D M_InsDal: Lcom/fsck/k9/mail/filter/PeekableInputStream;--->read()I
05-15 16:53:12.422 26731 26756 D M_InsDal: Lcom/fsck/k9/mail/filter/PeekableInputStream;--->peek()I
05-15 16:53:12.422 26731 26756 D M_InsDal: Lcom/fsck/k9/mail/filter/PeekableInputStream;--->read()I
05-15 16:53:12.422 26731 26756 D M_InsDal: Lcom/fsck/k9/mail/filter/PeekableInputStream;--->peek()I
05-15 16:53:12.422 26731 26756 D M_InsDal: Lcom/fsck/k9/mail/filter/PeekableInputStream;--->read()I
05-15 16:53:12.422 26731 26756 D M_InsDal: Lcom/fsck/k9/mail/filter/PeekableInputStream;--->peek()I
05-15 16:53:12.422 26731 26756 D M_InsDal: Lcom/fsck/k9/mail/filter/PeekableInputStream;--->read()I
05-15 16:53:12.422 26731 26756 D M_InsDal: Lcom/fsck/k9/mail/filter/PeekableInputStream;--->peek()I
05-15 16:53:12.422 26731 26756 D M_InsDal: Lcom/fsck/k9/mail/filter/PeekableInputStream;--->read()I
05-15 16:53:12.422 26731 26756 D M_InsDal: Lcom/fsck/k9/mail/filter/PeekableInputStream;--->peek()I
05-15 16:53:12.422 26731 26756 D M_InsDal: Lcom/fsck/k9/mail/filter/PeekableInputStream;--->read()I
05-15 16:53:12.422 26731 26756 D M_InsDal: Lcom/fsck/k9/mail/filter/PeekableInputStream;--->peek()I
05-15 16:53:12.422 26731 26756 D M_InsDal: Lcom/fsck/k9/mail/filter/PeekableInputStream;--->read()I
05-15 16:53:12.422 26731 26756 D M_InsDal: Lcom/fsck/k9/mail/filter/PeekableInputStream;--->peek()I
05-15 16:53:12.422 26731 26756 D M_InsDal: Lcom/fsck/k9/mail/filter/PeekableInputStream;--->read()I
05-15 16:53:12.422 26731 26756 D M_InsDal: Lcom/fsck/k9/mail/filter/PeekableInputStream;--->peek()I
05-15 16:53:12.422 26731 26756 D M_InsDal: Lcom/fsck/k9/mail/filter/PeekableInputStream;--->read()I
05-15 16:53:12.422 26731 26756 D M_InsDal: Lcom/fsck/k9/mail/filter/PeekableInputStream;--->peek()I
05-15 16:53:12.422 26731 26756 D M_InsDal: Lcom/fsck/k9/mail/store/imap/ImapResponseParser;--->checkTokenIsString(Ljava/lang/Object;)V
05-15 16:53:12.422 26731 26756 D M_InsDal: Lcom/fsck/k9/mail/store/imap/ImapResponseParser;--->isStatusResponse(Ljava/lang/String;)Z
05-15 16:53:12.422 26731 26756 D M_InsDal: Lcom/fsck/k9/mail/store/imap/ImapResponseParser;--->equalsIgnoreCase(Ljava/lang/Object;Ljava/lang/String;)Z
05-15 16:53:12.422 26731 26756 D M_InsDal: Lcom/fsck/k9/mail/store/imap/ImapResponseParser;--->equalsIgnoreCase(Ljava/lang/Object;Ljava/lang/String;)Z
05-15 16:53:12.422 26731 26756 D M_InsDal: Lcom/fsck/k9/mail/store/imap/ImapResponseParser;--->readToken(Lcom/fsck/k9/mail/store/imap/ImapResponse;)Ljava/lang/Object;
05-15 16:53:12.422 26731 26756 D M_InsDal: Lcom/fsck/k9/mail/store/imap/ImapResponseParser;--->parseToken(Lcom/fsck/k9/mail/store/imap/ImapList;)Ljava/lang/Object;
