05-15 16:55:12.472 27299 27318 D M_InsDal: Lcom/fsck/k9/mailstore/LockableDatabase;--->getStorageManager()Lcom/fsck/k9/mailstore/StorageManager;
05-15 16:55:12.472 27299 27318 D M_InsDal: Lcom/fsck/k9/mailstore/StorageManager;--->getInstance(Landroid/content/Context;)Lcom/fsck/k9/mailstore/StorageManager;
05-15 16:55:12.472 27299 27318 D M_InsDal: Lcom/fsck/k9/mailstore/StorageManager;--->unlockProvider(Ljava/lang/String;)V
05-15 16:55:12.472 27299 27318 D M_InsDal: Lcom/fsck/k9/mailstore/StorageManager;--->getProvider(Ljava/lang/String;)Lcom/fsck/k9/mailstore/StorageManager$StorageProvider;
05-15 16:55:12.472 27299 27318 D M_InsDal: Lcom/fsck/k9/mailstore/LocalFolder;--->getDatabaseId()J
05-15 16:55:12.472 27299 27318 D M_InsDal: Lcom/fsck/k9/search/SqlQueryBuilder;--->buildWhereClauseInternal(Lcom/fsck/k9/Account;Lcom/fsck/k9/search/ConditionsTreeNode;Ljava/lang/StringBuilder;Ljava/util/List;)V
05-15 16:55:12.472 27299 27318 D M_InsDal: Lcom/fsck/k9/search/SqlQueryBuilder;--->getFolderId(Lcom/fsck/k9/Account;Ljava/lang/String;)J
05-15 16:55:12.472 27299 27318 D M_InsDal: Lcom/fsck/k9/Account;--->getLocalStore()Lcom/fsck/k9/mailstore/LocalStore;
05-15 16:55:12.472 27299 27318 D M_InsDal: Lcom/fsck/k9/mailstore/LocalStore;--->getInstance(Lcom/fsck/k9/Account;Landroid/content/Context;)Lcom/fsck/k9/mailstore/LocalStore;
05-15 16:55:12.472 27299 27318 D M_InsDal: Lcom/fsck/k9/Account;--->getUuid()Ljava/lang/String;
05-15 16:55:12.472 27299 27318 D M_InsDal: Lcom/fsck/k9/mailstore/LocalStore;--->getFolder(Ljava/lang/String;)Lcom/fsck/k9/mailstore/LocalFolder;
05-15 16:55:12.472 27299 27318 D M_InsDal: Lcom/fsck/k9/mailstore/LocalFolder;---><init>(Lcom/fsck/k9/mailstore/LocalStore;Ljava/lang/String;)V
05-15 16:55:12.472 27299 27318 D M_InsDal: Lcom/fsck/k9/mail/Folder;---><init>()V
05-15 16:55:12.472 27299 27318 D M_InsDal: Lcom/fsck/k9/mailstore/LocalStore;--->getAttachmentInfoExtractor()Lcom/fsck/k9/message/extractors/AttachmentInfoExtractor;
05-15 16:55:12.472 27299 27318 D M_InsDal: Lcom/fsck/k9/mailstore/LocalFolder;--->getAccount()Lcom/fsck/k9/Account;
05-15 16:55:12.472 27299 27318 D M_InsDal: Lcom/fsck/k9/mailstore/LocalStore;--->getAccount()Lcom/fsck/k9/Account;
05-15 16:55:12.472 27299 27318 D M_InsDal: Lcom/fsck/k9/Account;--->getInboxFolderName()Ljava/lang/String;
05-15 16:55:12.472 27299 27318 D M_InsDal: Lcom/fsck/k9/mailstore/LocalFolder;--->getName()Ljava/lang/String;
05-15 16:55:12.472 27299 27318 D M_InsDal: Lcom/fsck/k9/mailstore/LocalFolder;--->open(I)V
05-15 16:55:12.472 27299 27318 D M_InsDal: Lcom/fsck/k9/mailstore/LocalFolder;--->isOpen()Z
05-15 16:55:12.472 27299 27318 D M_InsDal: Lcom/fsck/k9/mailstore/LocalFolder;--->isOpen()Z
05-15 16:55:12.472 27299 27318 D M_InsDal: Lcom/fsck/k9/mailstore/LocalStore;--->getDatabase()Lcom/fsck/k9/mailstore/LockableDatabase;
05-15 16:55:12.472 27299 27318 D M_InsDal: Lcom/fsck/k9/mailstore/LocalFolder$1;---><init>(Lcom/fsck/k9/mailstore/LocalFolder;I)V
05-15 16:55:12.472 27299 27318 D M_InsDal: Lcom/fsck/k9/mailstore/LockableDatabase;--->execute(ZLcom/fsck/k9/mailstore/LockableDatabase$DbCallback;)Ljava/lang/Object;
05-15 16:55:12.472 27299 27318 D M_InsDal: Lcom/fsck/k9/mailstore/LockableDatabase;--->lockRead()V
05-15 16:55:12.472 27299 27318 D M_InsDal: Lcom/fsck/k9/mailstore/LockableDatabase;--->getStorageManager()Lcom/fsck/k9/mailstore/StorageManager;
05-15 16:55:12.472 27299 27318 D M_InsDal: Lcom/fsck/k9/mailstore/StorageManager;--->getInstance(Landroid/content/Context;)Lcom/fsck/k9/mailstore/StorageManager;
05-15 16:55:12.472 27299 27318 D M_InsDal: Lcom/fsck/k9/mailstore/StorageManager;--->lockProvider(Ljava/lang/String;)V
05-15 16:55:12.472 27299 27318 D M_InsDal: Lcom/fsck/k9/mailstore/StorageManager;--->getProvider(Ljava/lang/String;)Lcom/fsck/k9/mailstore/StorageManager$StorageProvider;
05-15 16:55:12.472 27299 27318 D M_InsDal: Lcom/fsck/k9/mailstore/StorageManager$InternalStorageProvider;--->isReady(Landroid/content/Context;)Z
05-15 16:55:12.472 27299 27318 D M_InsDal: Lcom/fsck/k9/K9;--->isDebug()Z
05-15 16:55:12.472 27299 27318 D M_InsDal: Lcom/fsck/k9/mailstore/LocalFolder$1;--->doDbWork(Landroid/database/sqlite/SQLiteDatabase;)Ljava/lang/Void;
05-15 16:55:12.472 27299 27318 D M_InsDal: Lcom/fsck/k9/mailstore/LocalFolder;--->open(Landroid/database/Cursor;)V
05-15 16:55:12.472 27299 27318 D M_InsDal: Lcom/fsck/k9/mail/Folder;--->setStatus(Ljava/lang/String;)V
05-15 16:55:12.472 27299 27318 D M_InsDal: Lcom/fsck/k9/mail/Folder;--->setLastChecked(J)V
05-15 16:55:12.472 27299 27318 D M_InsDal: Lcom/fsck/k9/mail/Folder;--->setLastPush(J)V
05-15 16:55:12.472 27299 27318 D M_InsDal: Lcom/fsck/k9/mail/Folder$FolderClass;--->valueOf(Ljava/lang/String;)Lcom/fsck/k9/mail/Folder$FolderClass;
05-15 16:55:12.472 27299 27318 D M_InsDal: Lcom/fsck/k9/mail/Folder$FolderClass;--->valueOf(Ljava/lang/String;)Lcom/fsck/k9/mail/Folder$FolderClass;
05-15 16:55:12.472 27299 27318 D M_InsDal: Lcom/fsck/k9/mailstore/LocalFolder$MoreMessages;--->fromDatabaseName(Ljava/lang/String;)Lcom/fsck/k9/mailstore/LocalFolder$MoreMessages;
05-15 16:55:12.472 27299 27318 D M_InsDal: Lcom/fsck/k9/mailstore/LocalFolder$MoreMessages;--->values()[Lcom/fsck/k9/mailstore/LocalFolder$MoreMessages;
05-15 16:55:12.472 27299 27318 D M_InsDal: Lcom/fsck/k9/helper/Utility;--->closeQuietly(Landroid/database/Cursor;)V
05-15 16:55:12.472 27299 27318 D M_InsDal: Lcom/fsck/k9/mailstore/LockableDatabase;--->unlockRead()V
05-15 16:55:12.472 27299 27318 D M_InsDal: Lcom/fsck/k9/mailstore/LockableDatabase;--->getStorageManager()Lcom/fsck/k9/mailstore/StorageManager;
05-15 16:55:12.472 27299 27318 D M_InsDal: Lcom/fsck/k9/mailstore/StorageManager;--->getInstance(Landroid/content/Context;)Lcom/fsck/k9/mailstore/StorageManager;
05-15 16:55:12.472 27299 27318 D M_InsDal: Lcom/fsck/k9/mailstore/StorageManager;--->unlockProvider(Ljava/lang/String;)V
05-15 16:55:12.472 27299 27318 D M_InsDal: Lcom/fsck/k9/mailstore/StorageManager;--->getProvider(Ljava/lang/String;)Lcom/fsck/k9/mailstore/StorageManager$StorageProvider;
05-15 16:55:12.472 27299 27318 D M_InsDal: Lcom/fsck/k9/mailstore/LocalFolder;--->getDatabaseId()J
05-15 16:55:12.472 27299 27318 D M_InsDal: Lcom/fsck/k9/search/SqlQueryBuilder;--->buildWhereClauseInternal(Lcom/fsck/k9/Account;Lcom/fsck/k9/search/ConditionsTreeNode;Ljava/lang/StringBuilder;Ljava/util/List;)V
05-15 16:55:12.472 27299 27318 D M_InsDal: Lcom/fsck/k9/search/SqlQueryBuilder;--->appendCondition(Lcom/fsck/k9/search/SearchSpecification$SearchCondition;Ljava/lang/StringBuilder;Ljava/util/List;)V
05-15 16:55:12.472 27299 27318 D M_InsDal: Lcom/fsck/k9/search/SqlQueryBuilder;--->getColumnName(Lcom/fsck/k9/search/SearchSpecification$SearchCondition;)Ljava/lang/String;
05-15 16:55:12.472 27299 27318 D M_InsDal: Lcom/fsck/k9/search/SqlQueryBuilder;--->appendExprRight(Lcom/fsck/k9/search/SearchSpecification$SearchCondition;Ljava/lang/StringBuilder;Ljava/util/List;)V
05-15 16:55:12.472 27299 27318 D M_InsDal: Lcom/fsck/k9/search/SqlQueryBuilder;--->isNumberColumn(Lcom/fsck/k9/search/SearchSpecification$SearchField;)Z
05-15 16:55:12.472 27299 27318 D M_InsDal: Lcom/fsck/k9/provider/EmailProvider;--->query(Landroid/net/Uri;[Ljava/lang/String;Ljava/lang/String;[Ljava/lang/String;Ljava/lang/String;)Landroid/database/Cursor;
05-15 16:55:12.472 27299 27318 D M_InsDal: Lcom/fsck/k9/provider/EmailProvider;--->getAccountStats(Ljava/lang/String;[Ljava/lang/String;Ljava/lang/String;[Ljava/lang/String;)Landroid/database/Cursor;
05-15 16:55:12.472 27299 27318 D M_InsDal: Lcom/fsck/k9/provider/EmailProvider;--->getAccount(Ljava/lang/String;)Lcom/fsck/k9/Account;
05-15 16:55:12.472 27299 27318 D M_InsDal: Lcom/fsck/k9/Preferences;--->getPreferences(Landroid/content/Context;)Lcom/fsck/k9/Preferences;
05-15 16:55:12.472 27299 27318 D M_InsDal: Lcom/fsck/k9/Preferences;--->getAccount(Ljava/lang/String;)Lcom/fsck/k9/Account;
05-15 16:55:12.472 27299 27323 D M_InsDal: Lcom/fsck/k9/mail/store/imap/ImapResponseParser;--->readUntaggedResponse(Lcom/fsck/k9/mail/store/imap/ImapResponseCallback;)V
05-15 16:55:12.472 27299 27318 D M_InsDal: Lcom/fsck/k9/provider/EmailProvider;--->getDatabase(Lcom/fsck/k9/Account;)Lcom/fsck/k9/mailstore/LockableDatabase;
05-15 16:55:12.472 27299 27318 D M_InsDal: Lcom/fsck/k9/Account;--->getLocalStore()Lcom/fsck/k9/mailstore/LocalStore;
05-15 16:55:12.472 27299 27323 D M_InsDal: Lcom/fsck/k9/mail/store/imap/ImapResponseParser;--->parseUntaggedResponse()V
05-15 16:55:12.472 27299 27318 D M_InsDal: Lcom/fsck/k9/mailstore/LocalStore;--->getInstance(Lcom/fsck/k9/Account;Landroid/content/Context;)Lcom/fsck/k9/mailstore/LocalStore;
05-15 16:55:12.472 27299 27323 D M_InsDal: Lcom/fsck/k9/mail/store/imap/ImapResponseParser;--->expect(C)V
05-15 16:55:12.472 27299 27318 D M_InsDal: Lcom/fsck/k9/Account;--->getUuid()Ljava/lang/String;
05-15 16:55:12.472 27299 27323 D M_InsDal: Lcom/fsck/k9/mail/filter/PeekableInputStream;--->read()I
05-15 16:55:12.472 27299 27323 D M_InsDal: Lcom/fsck/k9/mail/store/imap/ImapResponseParser;--->expect(C)V
05-15 16:55:12.472 27299 27323 D M_InsDal: Lcom/fsck/k9/mail/filter/PeekableInputStream;--->read()I
05-15 16:55:12.472 27299 27318 D M_InsDal: Lcom/fsck/k9/mailstore/LocalStore;--->getDatabase()Lcom/fsck/k9/mailstore/LockableDatabase;
05-15 16:55:12.472 27299 27323 D M_InsDal: Lcom/fsck/k9/mail/store/imap/ImapResponse;--->newUntaggedResponse(Lcom/fsck/k9/mail/store/imap/ImapResponseCallback;)Lcom/fsck/k9/mail/store/imap/ImapResponse;
05-15 16:55:12.472 27299 27323 D M_InsDal: Lcom/fsck/k9/mail/store/imap/ImapResponse;---><init>(Lcom/fsck/k9/mail/store/imap/ImapResponseCallback;ZLjava/lang/String;)V
05-15 16:55:12.472 27299 27323 D M_InsDal: Lcom/fsck/k9/mail/store/imap/ImapList;---><init>()V
05-15 16:55:12.472 27299 27323 D M_InsDal: Lcom/fsck/k9/mail/store/imap/ImapResponseParser;--->readTokens(Lcom/fsck/k9/mail/store/imap/ImapResponse;)V
05-15 16:55:12.472 27299 27323 D M_InsDal: Lcom/fsck/k9/mail/store/imap/ImapResponseParser;--->readToken(Lcom/fsck/k9/mail/store/imap/ImapResponse;)Ljava/lang/Object;
05-15 16:55:12.472 27299 27323 D M_InsDal: Lcom/fsck/k9/mail/store/imap/ImapResponseParser;--->parseToken(Lcom/fsck/k9/mail/store/imap/ImapList;)Ljava/lang/Object;
05-15 16:55:12.472 27299 27323 D M_InsDal: Lcom/fsck/k9/mail/filter/PeekableInputStream;--->peek()I
05-15 16:55:12.472 27299 27318 D M_InsDal: Lcom/fsck/k9/provider/EmailProvider;--->containsAny(Ljava/lang/String;[Ljava/lang/String;)Z
05-15 16:55:12.472 27299 27323 D M_InsDal: Lcom/fsck/k9/mail/store/imap/ImapResponseParser;--->parseBareString(Z)Ljava/lang/String;
05-15 16:55:12.472 27299 27323 D M_InsDal: Lcom/fsck/k9/mail/filter/PeekableInputStream;--->peek()I
05-15 16:55:12.472 27299 27323 D M_InsDal: Lcom/fsck/k9/mail/filter/PeekableInputStream;--->read()I
05-15 16:55:12.472 27299 27323 D M_InsDal: Lcom/fsck/k9/mail/filter/PeekableInputStream;--->peek()I
05-15 16:55:12.472 27299 27323 D M_InsDal: Lcom/fsck/k9/mail/store/imap/ImapResponseParser;--->checkTokenIsString(Ljava/lang/Object;)V
05-15 16:55:12.472 27299 27323 D M_InsDal: Lcom/fsck/k9/mail/store/imap/ImapResponseParser;--->isStatusResponse(Ljava/lang/String;)Z
05-15 16:55:12.473 27299 27323 D M_InsDal: Lcom/fsck/k9/mail/store/imap/ImapResponseParser;--->equalsIgnoreCase(Ljava/lang/Object;Ljava/lang/String;)Z
05-15 16:55:12.473 27299 27323 D M_InsDal: Lcom/fsck/k9/mail/store/imap/ImapResponseParser;--->equalsIgnoreCase(Ljava/lang/Object;Ljava/lang/String;)Z
05-15 16:55:12.473 27299 27323 D M_InsDal: Lcom/fsck/k9/mail/store/imap/ImapResponseParser;--->readToken(Lcom/fsck/k9/mail/store/imap/ImapResponse;)Ljava/lang/Object;
05-15 16:55:12.473 27299 27323 D M_InsDal: Lcom/fsck/k9/mail/store/imap/ImapResponseParser;--->parseToken(Lcom/fsck/k9/mail/store/imap/ImapList;)Ljava/lang/Object;
05-15 16:55:12.473 27299 27323 D M_InsDal: Lcom/fsck/k9/mail/filter/PeekableInputStream;--->peek()I
05-15 16:55:12.473 27299 27323 D M_InsDal: Lcom/fsck/k9/mail/store/imap/ImapResponseParser;--->expect(C)V
05-15 16:55:12.473 27299 27323 D M_InsDal: Lcom/fsck/k9/mail/filter/PeekableInputStream;--->read()I
05-15 16:55:12.473 27299 27323 D M_InsDal: Lcom/fsck/k9/mail/filter/PeekableInputStream;--->peek()I
05-15 16:55:12.473 27299 27323 D M_InsDal: Lcom/fsck/k9/mail/store/imap/ImapResponseParser;--->parseBareString(Z)Ljava/lang/String;
05-15 16:55:12.473 27299 27323 D M_InsDal: Lcom/fsck/k9/mail/filter/PeekableInputStream;--->peek()I
05-15 16:55:12.473 27299 27323 D M_InsDal: Lcom/fsck/k9/mail/filter/PeekableInputStream;--->read()I
05-15 16:55:12.473 27299 27323 D M_InsDal: Lcom/fsck/k9/mail/filter/PeekableInputStream;--->peek()I
05-15 16:55:12.473 27299 27323 D M_InsDal: Lcom/fsck/k9/mail/filter/PeekableInputStream;--->read()I
05-15 16:55:12.473 27299 27323 D M_InsDal: Lcom/fsck/k9/mail/filter/PeekableInputStream;--->peek()I
05-15 16:55:12.473 27299 27323 D M_InsDal: Lcom/fsck/k9/mail/filter/PeekableInputStream;--->read()I
05-15 16:55:12.473 27299 27323 D M_InsDal: Lcom/fsck/k9/mail/filter/PeekableInputStream;--->peek()I
05-15 16:55:12.473 27299 27323 D M_InsDal: Lcom/fsck/k9/mail/filter/PeekableInputStream;--->read()I
05-15 16:55:12.473 27299 27323 D M_InsDal: Lcom/fsck/k9/mail/filter/PeekableInputStream;--->peek()I
05-15 16:55:12.473 27299 27323 D M_InsDal: Lcom/fsck/k9/mail/filter/PeekableInputStream;--->read()I
05-15 16:55:12.473 27299 27323 D M_InsDal: Lcom/fsck/k9/mail/filter/PeekableInputStream;--->peek()I
05-15 16:55:12.473 27299 27323 D M_InsDal: Lcom/fsck/k9/mail/filter/PeekableInputStream;--->read()I
05-15 16:55:12.473 27299 27323 D M_InsDal: Lcom/fsck/k9/mail/filter/PeekableInputStream;--->peek()I
05-15 16:55:12.473 27299 27323 D M_InsDal: Lcom/fsck/k9/mail/store/imap/ImapResponseParser;--->readToken(Lcom/fsck/k9/mail/store/imap/ImapResponse;)Ljava/lang/Object;
05-15 16:55:12.473 27299 27323 D M_InsDal: Lcom/fsck/k9/mail/store/imap/ImapResponseParser;--->parseToken(Lcom/fsck/k9/mail/store/imap/ImapList;)Ljava/lang/Object;
05-15 16:55:12.473 27299 27323 D M_InsDal: Lcom/fsck/k9/mail/filter/PeekableInputStream;--->peek()I
05-15 16:55:12.473 27299 27323 D M_InsDal: Lcom/fsck/k9/mail/store/imap/ImapResponseParser;--->expect(C)V
05-15 16:55:12.473 27299 27323 D M_InsDal: Lcom/fsck/k9/mail/filter/PeekableInputStream;--->read()I
05-15 16:55:12.473 27299 27323 D M_InsDal: Lcom/fsck/k9/mail/store/imap/ImapResponseParser;--->expect(C)V
05-15 16:55:12.473 27299 27323 D M_InsDal: Lcom/fsck/k9/mail/filter/PeekableInputStream;--->read()I
05-15 16:55:12.473 27299 27318 D M_InsDal: Lcom/fsck/k9/provider/EmailProvider$4;---><init>(Lcom/fsck/k9/provider/EmailProvider;Ljava/lang/StringBuilder;[Ljava/lang/String;)V
05-15 16:55:12.473 27299 27323 D M_InsDal: Lcom/fsck/k9/mail/K9MailLib;--->isDebug()Z
05-15 16:55:12.473 27299 27318 D M_InsDal: Lcom/fsck/k9/mailstore/LockableDatabase;--->execute(ZLcom/fsck/k9/mailstore/LockableDatabase$DbCallback;)Ljava/lang/Object;
05-15 16:55:12.473 27299 27318 D M_InsDal: Lcom/fsck/k9/mailstore/LockableDatabase;--->lockRead()V
05-15 16:55:12.473 27299 27323 D M_InsDal: Lcom/fsck/k9/K9$2;--->enabled()Z
05-15 16:55:12.473 27299 27318 D M_InsDal: Lcom/fsck/k9/mailstore/LockableDatabase;--->getStorageManager()Lcom/fsck/k9/mailstore/StorageManager;
05-15 16:55:12.473 27299 27323 D M_InsDal: Lcom/fsck/k9/mail/store/imap/ImapResponse;--->getTag()Ljava/lang/String;
05-15 16:55:12.473 27299 27318 D M_InsDal: Lcom/fsck/k9/mailstore/StorageManager;--->getInstance(Landroid/content/Context;)Lcom/fsck/k9/mailstore/StorageManager;
05-15 16:55:12.473 27299 27323 D M_InsDal: Lcom/fsck/k9/mail/store/imap/ImapResponse;--->getTag()Ljava/lang/String;
05-15 16:55:12.473 27299 27318 D M_InsDal: Lcom/fsck/k9/mailstore/StorageManager;--->lockProvider(Ljava/lang/String;)V
05-15 16:55:12.473 27299 27323 D M_InsDal: Lcom/fsck/k9/mail/store/imap/ImapResponse;--->getTag()Ljava/lang/String;
05-15 16:55:12.473 27299 27323 D M_InsDal: Lcom/fsck/k9/mail/store/imap/ImapResponseParser;--->readResponse()Lcom/fsck/k9/mail/store/imap/ImapResponse;
05-15 16:55:12.473 27299 27318 D M_InsDal: Lcom/fsck/k9/mailstore/StorageManager;--->getProvider(Ljava/lang/String;)Lcom/fsck/k9/mailstore/StorageManager$StorageProvider;
05-15 16:55:12.473 27299 27323 D M_InsDal: Lcom/fsck/k9/mail/store/imap/ImapResponseParser;--->readResponse(Lcom/fsck/k9/mail/store/imap/ImapResponseCallback;)Lcom/fsck/k9/mail/store/imap/ImapResponse;
05-15 16:55:12.473 27299 27323 D M_InsDal: Lcom/fsck/k9/mail/filter/PeekableInputStream;--->peek()I
05-15 16:55:12.473 27299 27323 D M_InsDal: Lcom/fsck/k9/mail/store/imap/ImapResponseParser;--->readUntaggedResponse(Lcom/fsck/k9/mail/store/imap/ImapResponseCallback;)V
05-15 16:55:12.473 27299 27323 D M_InsDal: Lcom/fsck/k9/mail/store/imap/ImapResponseParser;--->parseUntaggedResponse()V
05-15 16:55:12.473 27299 27323 D M_InsDal: Lcom/fsck/k9/mail/store/imap/ImapResponseParser;--->expect(C)V
05-15 16:55:12.473 27299 27323 D M_InsDal: Lcom/fsck/k9/mail/filter/PeekableInputStream;--->read()I
05-15 16:55:12.473 27299 27323 D M_InsDal: Lcom/fsck/k9/mail/store/imap/ImapResponseParser;--->expect(C)V
05-15 16:55:12.473 27299 27318 D M_InsDal: Lcom/fsck/k9/mailstore/StorageManager$InternalStorageProvider;--->isReady(Landroid/content/Context;)Z
05-15 16:55:12.473 27299 27323 D M_InsDal: Lcom/fsck/k9/mail/filter/PeekableInputStream;--->read()I
05-15 16:55:12.473 27299 27318 D M_InsDal: Lcom/fsck/k9/K9;--->isDebug()Z
05-15 16:55:12.473 27299 27318 D M_InsDal: Lcom/fsck/k9/provider/EmailProvider$4;--->doDbWork(Landroid/database/sqlite/SQLiteDatabase;)Landroid/database/Cursor;
05-15 16:55:12.473 27299 27323 D M_InsDal: Lcom/fsck/k9/mail/store/imap/ImapResponse;--->newUntaggedResponse(Lcom/fsck/k9/mail/store/imap/ImapResponseCallback;)Lcom/fsck/k9/mail/store/imap/ImapResponse;
05-15 16:55:12.473 27299 27323 D M_InsDal: Lcom/fsck/k9/mail/store/imap/ImapResponse;---><init>(Lcom/fsck/k9/mail/store/imap/ImapResponseCallback;ZLjava/lang/String;)V
05-15 16:55:12.473 27299 27323 D M_InsDal: Lcom/fsck/k9/mail/store/imap/ImapList;---><init>()V
05-15 16:55:12.473 27299 27323 D M_InsDal: Lcom/fsck/k9/mail/store/imap/ImapResponseParser;--->readTokens(Lcom/fsck/k9/mail/store/imap/ImapResponse;)V
05-15 16:55:12.473 27299 27323 D M_InsDal: Lcom/fsck/k9/mail/store/imap/ImapResponseParser;--->readToken(Lcom/fsck/k9/mail/store/imap/ImapResponse;)Ljava/lang/Object;
05-15 16:55:12.473 27299 27323 D M_InsDal: Lcom/fsck/k9/mail/store/imap/ImapResponseParser;--->parseToken(Lcom/fsck/k9/mail/store/imap/ImapList;)Ljava/lang/Object;
05-15 16:55:12.473 27299 27323 D M_InsDal: Lcom/fsck/k9/mail/filter/PeekableInputStream;--->peek()I
05-15 16:55:12.473 27299 27323 D M_InsDal: Lcom/fsck/k9/mail/store/imap/ImapResponseParser;--->parseBareString(Z)Ljava/lang/String;
05-15 16:55:12.473 27299 27323 D M_InsDal: Lcom/fsck/k9/mail/filter/PeekableInputStream;--->peek()I
05-15 16:55:12.473 27299 27323 D M_InsDal: Lcom/fsck/k9/mail/filter/PeekableInputStream;--->read()I
05-15 16:55:12.473 27299 27323 D M_InsDal: Lcom/fsck/k9/mail/filter/PeekableInputStream;--->peek()I
05-15 16:55:12.473 27299 27323 D M_InsDal: Lcom/fsck/k9/mail/store/imap/ImapResponseParser;--->checkTokenIsString(Ljava/lang/Object;)V
05-15 16:55:12.473 27299 27323 D M_InsDal: Lcom/fsck/k9/mail/store/imap/ImapResponseParser;--->isStatusResponse(Ljava/lang/String;)Z
05-15 16:55:12.473 27299 27323 D M_InsDal: Lcom/fsck/k9/mail/store/imap/ImapResponseParser;--->equalsIgnoreCase(Ljava/lang/Object;Ljava/lang/String;)Z
05-15 16:55:12.473 27299 27323 D M_InsDal: Lcom/fsck/k9/mail/store/imap/ImapResponseParser;--->equalsIgnoreCase(Ljava/lang/Object;Ljava/lang/String;)Z
05-15 16:55:12.473 27299 27323 D M_InsDal: Lcom/fsck/k9/mail/store/imap/ImapResponseParser;--->readToken(Lcom/fsck/k9/mail/store/imap/ImapResponse;)Ljava/lang/Object;
05-15 16:55:12.473 27299 27323 D M_InsDal: Lcom/fsck/k9/mail/store/imap/ImapResponseParser;--->parseToken(Lcom/fsck/k9/mail/store/imap/ImapList;)Ljava/lang/Object;
05-15 16:55:12.473 27299 27323 D M_InsDal: Lcom/fsck/k9/mail/filter/PeekableInputStream;--->peek()I
05-15 16:55:12.473 27299 27323 D M_InsDal: Lcom/fsck/k9/mail/store/imap/ImapResponseParser;--->expect(C)V
05-15 16:55:12.473 27299 27323 D M_InsDal: Lcom/fsck/k9/mail/filter/PeekableInputStream;--->read()I
05-15 16:55:12.473 27299 27323 D M_InsDal: Lcom/fsck/k9/mail/filter/PeekableInputStream;--->peek()I
05-15 16:55:12.473 27299 27323 D M_InsDal: Lcom/fsck/k9/mail/store/imap/ImapResponseParser;--->parseBareString(Z)Ljava/lang/String;
05-15 16:55:12.473 27299 27323 D M_InsDal: Lcom/fsck/k9/mail/filter/PeekableInputStream;--->peek()I
05-15 16:55:12.473 27299 27323 D M_InsDal: Lcom/fsck/k9/mail/filter/PeekableInputStream;--->read()I
05-15 16:55:12.473 27299 27323 D M_InsDal: Lcom/fsck/k9/mail/filter/PeekableInputStream;--->peek()I
05-15 16:55:12.473 27299 27323 D M_InsDal: Lcom/fsck/k9/mail/filter/PeekableInputStream;--->read()I
05-15 16:55:12.473 27299 27323 D M_InsDal: Lcom/fsck/k9/mail/filter/PeekableInputStream;--->peek()I
05-15 16:55:12.473 27299 27323 D M_InsDal: Lcom/fsck/k9/mail/filter/PeekableInputStream;--->read()I
05-15 16:55:12.473 27299 27323 D M_InsDal: Lcom/fsck/k9/mail/filter/PeekableInputStream;--->peek()I
05-15 16:55:12.473 27299 27323 D M_InsDal: Lcom/fsck/k9/mail/filter/PeekableInputStream;--->read()I
05-15 16:55:12.473 27299 27323 D M_InsDal: Lcom/fsck/k9/mail/filter/PeekableInputStream;--->peek()I
05-15 16:55:12.473 27299 27323 D M_InsDal: Lcom/fsck/k9/mail/filter/PeekableInputStream;--->read()I
05-15 16:55:12.473 27299 27323 D M_InsDal: Lcom/fsck/k9/mail/filter/PeekableInputStream;--->peek()I
05-15 16:55:12.473 27299 27323 D M_InsDal: Lcom/fsck/k9/mail/filter/PeekableInputStream;--->read()I
05-15 16:55:12.473 27299 27323 D M_InsDal: Lcom/fsck/k9/mail/filter/PeekableInputStream;--->peek()I
05-15 16:55:12.473 27299 27323 D M_InsDal: Lcom/fsck/k9/mail/store/imap/ImapResponseParser;--->readToken(Lcom/fsck/k9/mail/store/imap/ImapResponse;)Ljava/lang/Object;
05-15 16:55:12.473 27299 27323 D M_InsDal: Lcom/fsck/k9/mail/store/imap/ImapResponseParser;--->parseToken(Lcom/fsck/k9/mail/store/imap/ImapList;)Ljava/lang/Object;
05-15 16:55:12.473 27299 27323 D M_InsDal: Lcom/fsck/k9/mail/filter/PeekableInputStream;--->peek()I
05-15 16:55:12.473 27299 27323 D M_InsDal: Lcom/fsck/k9/mail/store/imap/ImapResponseParser;--->expect(C)V
05-15 16:55:12.473 27299 27323 D M_InsDal: Lcom/fsck/k9/mail/filter/PeekableInputStream;--->read()I
05-15 16:55:12.473 27299 27323 D M_InsDal: Lcom/fsck/k9/mail/store/imap/ImapResponseParser;--->expect(C)V
05-15 16:55:12.473 27299 27323 D M_InsDal: Lcom/fsck/k9/mail/filter/PeekableInputStream;--->read()I
05-15 16:55:12.473 27299 27323 D M_InsDal: Lcom/fsck/k9/mail/K9MailLib;--->isDebug()Z
05-15 16:55:12.473 27299 27323 D M_InsDal: Lcom/fsck/k9/K9$2;--->enabled()Z
05-15 16:55:12.473 27299 27323 D M_InsDal: Lcom/fsck/k9/mail/store/imap/ImapResponse;--->getTag()Ljava/lang/String;
05-15 16:55:12.473 27299 27323 D M_InsDal: Lcom/fsck/k9/mail/store/imap/ImapResponse;--->getTag()Ljava/lang/String;
05-15 16:55:12.473 27299 27323 D M_InsDal: Lcom/fsck/k9/mail/store/imap/ImapResponseParser;--->readResponse()Lcom/fsck/k9/mail/store/imap/ImapResponse;
05-15 16:55:12.473 27299 27323 D M_InsDal: Lcom/fsck/k9/mail/store/imap/ImapResponseParser;--->readResponse(Lcom/fsck/k9/mail/store/imap/ImapResponseCallback;)Lcom/fsck/k9/mail/store/imap/ImapResponse;
05-15 16:55:12.473 27299 27323 D M_InsDal: Lcom/fsck/k9/mail/filter/PeekableInputStream;--->peek()I
05-15 16:55:12.473 27299 27323 D M_InsDal: Lcom/fsck/k9/mail/store/imap/ImapResponseParser;--->readUntaggedResponse(Lcom/fsck/k9/mail/store/imap/ImapResponseCallback;)V
05-15 16:55:12.473 27299 27323 D M_InsDal: Lcom/fsck/k9/mail/store/imap/ImapResponseParser;--->parseUntaggedResponse()V
05-15 16:55:12.473 27299 27323 D M_InsDal: Lcom/fsck/k9/mail/store/imap/ImapResponseParser;--->expect(C)V
05-15 16:55:12.473 27299 27323 D M_InsDal: Lcom/fsck/k9/mail/filter/PeekableInputStream;--->read()I
05-15 16:55:12.473 27299 27323 D M_InsDal: Lcom/fsck/k9/mail/store/imap/ImapResponseParser;--->expect(C)V
05-15 16:55:12.473 27299 27318 D M_InsDal: Lcom/fsck/k9/mailstore/LockableDatabase;--->unlockRead()V
05-15 16:55:12.473 27299 27323 D M_InsDal: Lcom/fsck/k9/mail/filter/PeekableInputStream;--->read()I
05-15 16:55:12.473 27299 27323 D M_InsDal: Lcom/fsck/k9/mail/store/imap/ImapResponse;--->newUntaggedResponse(Lcom/fsck/k9/mail/store/imap/ImapResponseCallback;)Lcom/fsck/k9/mail/store/imap/ImapResponse;
05-15 16:55:12.473 27299 27318 D M_InsDal: Lcom/fsck/k9/mailstore/LockableDatabase;--->getStorageManager()Lcom/fsck/k9/mailstore/StorageManager;
05-15 16:55:12.473 27299 27323 D M_InsDal: Lcom/fsck/k9/mail/store/imap/ImapResponse;---><init>(Lcom/fsck/k9/mail/store/imap/ImapResponseCallback;ZLjava/lang/String;)V
05-15 16:55:12.473 27299 27318 D M_InsDal: Lcom/fsck/k9/mailstore/StorageManager;--->getInstance(Landroid/content/Context;)Lcom/fsck/k9/mailstore/StorageManager;
05-15 16:55:12.473 27299 27323 D M_InsDal: Lcom/fsck/k9/mail/store/imap/ImapList;---><init>()V
05-15 16:55:12.473 27299 27323 D M_InsDal: Lcom/fsck/k9/mail/store/imap/ImapResponseParser;--->readTokens(Lcom/fsck/k9/mail/store/imap/ImapResponse;)V
05-15 16:55:12.473 27299 27318 D M_InsDal: Lcom/fsck/k9/mailstore/StorageManager;--->unlockProvider(Ljava/lang/String;)V
05-15 16:55:12.473 27299 27323 D M_InsDal: Lcom/fsck/k9/mail/store/imap/ImapResponseParser;--->readToken(Lcom/fsck/k9/mail/store/imap/ImapResponse;)Ljava/lang/Object;
05-15 16:55:12.473 27299 27323 D M_InsDal: Lcom/fsck/k9/mail/store/imap/ImapResponseParser;--->parseToken(Lcom/fsck/k9/mail/store/imap/ImapList;)Ljava/lang/Object;
05-15 16:55:12.473 27299 27323 D M_InsDal: Lcom/fsck/k9/mail/filter/PeekableInputStream;--->peek()I
05-15 16:55:12.473 27299 27318 D M_InsDal: Lcom/fsck/k9/mailstore/StorageManager;--->getProvider(Ljava/lang/String;)Lcom/fsck/k9/mailstore/StorageManager$StorageProvider;
05-15 16:55:12.473 27299 27323 D M_InsDal: Lcom/fsck/k9/mail/store/imap/ImapResponseParser;--->parseBareString(Z)Ljava/lang/String;
05-15 16:55:12.473 27299 27323 D M_InsDal: Lcom/fsck/k9/mail/filter/PeekableInputStream;--->peek()I
05-15 16:55:12.473 27299 27323 D M_InsDal: Lcom/fsck/k9/mail/filter/PeekableInputStream;--->read()I
05-15 16:55:12.473 27299 27323 D M_InsDal: Lcom/fsck/k9/mail/filter/PeekableInputStream;--->peek()I
05-15 16:55:12.473 27299 27323 D M_InsDal: Lcom/fsck/k9/mail/filter/PeekableInputStream;--->read()I
05-15 16:55:12.473 27299 27323 D M_InsDal: Lcom/fsck/k9/mail/filter/PeekableInputStream;--->peek()I
05-15 16:55:12.473 27299 27323 D M_InsDal: Lcom/fsck/k9/mail/store/imap/ImapResponseParser;--->checkTokenIsString(Ljava/lang/Object;)V
05-15 16:55:12.473 27299 27323 D M_InsDal: Lcom/fsck/k9/mail/store/imap/ImapResponseParser;--->isStatusResponse(Ljava/lang/String;)Z
05-15 16:55:12.473 27299 27323 D M_InsDal: Lcom/fsck/k9/mail/store/imap/ImapResponseParser;--->parseResponseText(Lcom/fsck/k9/mail/store/imap/ImapResponse;)V
05-15 16:55:12.473 27299 27323 D M_InsDal: Lcom/fsck/k9/mail/store/imap/ImapResponseParser;--->skipIfSpace()V
05-15 16:55:12.473 27299 27323 D M_InsDal: Lcom/fsck/k9/mail/filter/PeekableInputStream;--->peek()I
05-15 16:55:12.473 27299 27323 D M_InsDal: Lcom/fsck/k9/mail/store/imap/ImapResponseParser;--->expect(C)V
05-15 16:55:12.473 27299 27323 D M_InsDal: Lcom/fsck/k9/mail/filter/PeekableInputStream;--->read()I
05-15 16:55:12.473 27299 27323 D M_InsDal: Lcom/fsck/k9/mail/filter/PeekableInputStream;--->peek()I
05-15 16:55:12.473 27299 27323 D M_InsDal: Lcom/fsck/k9/mail/store/imap/ImapResponseParser;--->parseList(Lcom/fsck/k9/mail/store/imap/ImapList;CC)Lcom/fsck/k9/mail/store/imap/ImapList;
05-15 16:55:12.473 27299 27323 D M_InsDal: Lcom/fsck/k9/mail/store/imap/ImapResponseParser;--->expect(C)V
05-15 16:55:12.473 27299 27323 D M_InsDal: Lcom/fsck/k9/mail/filter/PeekableInputStream;--->read()I
05-15 16:55:12.473 27299 27323 D M_InsDal: Lcom/fsck/k9/mail/store/imap/ImapList;---><init>()V
05-15 16:55:12.473 27299 27323 D M_InsDal: Lcom/fsck/k9/mail/store/imap/ImapResponseParser;--->parseToken(Lcom/fsck/k9/mail/store/imap/ImapList;)Ljava/lang/Object;
05-15 16:55:12.473 27299 27323 D M_InsDal: Lcom/fsck/k9/mail/filter/PeekableInputStream;--->peek()I
05-15 16:55:12.473 27299 27323 D M_InsDal: Lcom/fsck/k9/mail/store/imap/ImapResponseParser;--->parseBareString(Z)Ljava/lang/String;
05-15 16:55:12.473 27299 27323 D M_InsDal: Lcom/fsck/k9/mail/filter/PeekableInputStream;--->peek()I
05-15 16:55:12.473 27299 27323 D M_InsDal: Lcom/fsck/k9/mail/filter/PeekableInputStream;--->read()I
05-15 16:55:12.473 27299 27323 D M_InsDal: Lcom/fsck/k9/mail/filter/PeekableInputStream;--->peek()I
05-15 16:55:12.473 27299 27323 D M_InsDal: Lcom/fsck/k9/mail/filter/PeekableInputStream;--->read()I
05-15 16:55:12.473 27299 27323 D M_InsDal: Lcom/fsck/k9/mail/filter/PeekableInputStream;--->peek()I
05-15 16:55:12.473 27299 27323 D M_InsDal: Lcom/fsck/k9/mail/filter/PeekableInputStream;--->read()I
05-15 16:55:12.473 27299 27323 D M_InsDal: Lcom/fsck/k9/mail/filter/PeekableInputStream;--->peek()I
05-15 16:55:12.473 27299 27323 D M_InsDal: Lcom/fsck/k9/mail/filter/PeekableInputStream;--->read()I
05-15 16:55:12.473 27299 27323 D M_InsDal: Lcom/fsck/k9/mail/filter/PeekableInputStream;--->peek()I
05-15 16:55:12.473 27299 27323 D M_InsDal: Lcom/fsck/k9/mail/filter/PeekableInputStream;--->read()I
05-15 16:55:12.473 27299 27323 D M_InsDal: Lcom/fsck/k9/mail/filter/PeekableInputStream;--->peek()I
05-15 16:55:12.473 27299 27323 D M_InsDal: Lcom/fsck/k9/mail/filter/PeekableInputStream;--->read()I
05-15 16:55:12.473 27299 27323 D M_InsDal: Lcom/fsck/k9/mail/filter/PeekableInputStream;--->peek()I
05-15 16:55:12.473 27299 27323 D M_InsDal: Lcom/fsck/k9/mail/filter/PeekableInputStream;--->read()I
05-15 16:55:12.473 27299 27323 D M_InsDal: Lcom/fsck/k9/mail/filter/PeekableInputStream;--->peek()I
05-15 16:55:12.473 27299 27323 D M_InsDal: Lcom/fsck/k9/mail/filter/PeekableInputStream;--->read()I
05-15 16:55:12.473 27299 27323 D M_InsDal: Lcom/fsck/k9/mail/filter/PeekableInputStream;--->peek()I
05-15 16:55:12.473 27299 27323 D M_InsDal: Lcom/fsck/k9/mail/filter/PeekableInputStream;--->read()I
05-15 16:55:12.473 27299 27323 D M_InsDal: Lcom/fsck/k9/mail/filter/PeekableInputStream;--->peek()I
05-15 16:55:12.473 27299 27323 D M_InsDal: Lcom/fsck/k9/mail/filter/PeekableInputStream;--->read()I
05-15 16:55:12.473 27299 27323 D M_InsDal: Lcom/fsck/k9/mail/filter/PeekableInputStream;--->peek()I
05-15 16:55:12.473 27299 27323 D M_InsDal: Lcom/fsck/k9/mail/filter/PeekableInputStream;--->read()I
05-15 16:55:12.473 27299 27323 D M_InsDal: Lcom/fsck/k9/mail/filter/PeekableInputStream;--->peek()I
05-15 16:55:12.473 27299 27323 D M_InsDal: Lcom/fsck/k9/mail/store/imap/ImapResponseParser;--->parseToken(Lcom/fsck/k9/mail/store/imap/ImapList;)Ljava/lang/Object;
05-15 16:55:12.473 27299 27323 D M_InsDal: Lcom/fsck/k9/mail/filter/PeekableInputStream;--->peek()I
05-15 16:55:12.473 27299 27323 D M_InsDal: Lcom/fsck/k9/mail/store/imap/ImapResponseParser;--->expect(C)V
05-15 16:55:12.473 27299 27323 D M_InsDal: Lcom/fsck/k9/mail/filter/PeekableInputStream;--->read()I
05-15 16:55:12.473 27299 27323 D M_InsDal: Lcom/fsck/k9/mail/filter/PeekableInputStream;--->peek()I
05-15 16:55:12.473 27299 27323 D M_InsDal: Lcom/fsck/k9/mail/store/imap/ImapResponseParser;--->parseBareString(Z)Ljava/lang/String;
05-15 16:55:12.473 27299 27323 D M_InsDal: Lcom/fsck/k9/mail/filter/PeekableInputStream;--->peek()I
05-15 16:55:12.473 27299 27323 D M_InsDal: Lcom/fsck/k9/mail/filter/PeekableInputStream;--->read()I
05-15 16:55:12.473 27299 27323 D M_InsDal: Lcom/fsck/k9/mail/filter/PeekableInputStream;--->peek()I
05-15 16:55:12.473 27299 27323 D M_InsDal: Lcom/fsck/k9/mail/filter/PeekableInputStream;--->read()I
05-15 16:55:12.473 27299 27323 D M_InsDal: Lcom/fsck/k9/mail/filter/PeekableInputStream;--->peek()I
05-15 16:55:12.473 27299 27323 D M_InsDal: Lcom/fsck/k9/mail/filter/PeekableInputStream;--->read()I
05-15 16:55:12.473 27299 27323 D M_InsDal: Lcom/fsck/k9/mail/filter/PeekableInputStream;--->peek()I
05-15 16:55:12.473 27299 27323 D M_InsDal: Lcom/fsck/k9/mail/filter/PeekableInputStream;--->read()I
05-15 16:55:12.473 27299 27323 D M_InsDal: Lcom/fsck/k9/mail/filter/PeekableInputStream;--->peek()I
05-15 16:55:12.473 27299 27323 D M_InsDal: Lcom/fsck/k9/mail/filter/PeekableInputStream;--->read()I
05-15 16:55:12.473 27299 27323 D M_InsDal: Lcom/fsck/k9/mail/filter/PeekableInputStream;--->peek()I
05-15 16:55:12.473 27299 27323 D M_InsDal: Lcom/fsck/k9/mail/filter/PeekableInputStream;--->read()I
05-15 16:55:12.473 27299 27323 D M_InsDal: Lcom/fsck/k9/mail/filter/PeekableInputStream;--->peek()I
05-15 16:55:12.473 27299 27323 D M_InsDal: Lcom/fsck/k9/mail/filter/PeekableInputStream;--->read()I
05-15 16:55:12.473 27299 27323 D M_InsDal: Lcom/fsck/k9/mail/filter/PeekableInputStream;--->peek()I
05-15 16:55:12.473 27299 27323 D M_InsDal: Lcom/fsck/k9/mail/filter/PeekableInputStream;--->read()I
05-15 16:55:12.473 27299 27323 D M_InsDal: Lcom/fsck/k9/mail/filter/PeekableInputStream;--->peek()I
05-15 16:55:12.473 27299 27323 D M_InsDal: Lcom/fsck/k9/mail/filter/PeekableInputStream;--->read()I
05-15 16:55:12.473 27299 27323 D M_InsDal: Lcom/fsck/k9/mail/filter/PeekableInputStream;--->peek()I
05-15 16:55:12.473 27299 27323 D M_InsDal: Lcom/fsck/k9/mail/filter/PeekableInputStream;--->read()I
05-15 16:55:12.473 27299 27323 D M_InsDal: Lcom/fsck/k9/mail/filter/PeekableInputStream;--->peek()I
05-15 16:55:12.473 27299 27323 D M_InsDal: Lcom/fsck/k9/mail/store/imap/ImapResponseParser;--->parseToken(Lcom/fsck/k9/mail/store/imap/ImapList;)Ljava/lang/Object;
05-15 16:55:12.473 27299 27323 D M_InsDal: Lcom/fsck/k9/mail/filter/PeekableInputStream;--->peek()I
05-15 16:55:12.473 27299 27323 D M_InsDal: Lcom/fsck/k9/mail/store/imap/ImapResponseParser;--->expect(C)V
05-15 16:55:12.473 27299 27323 D M_InsDal: Lcom/fsck/k9/mail/filter/PeekableInputStream;--->read()I
05-15 16:55:12.473 27299 27323 D M_InsDal: Lcom/fsck/k9/mail/store/imap/ImapResponseParser;--->skipIfSpace()V
05-15 16:55:12.473 27299 27323 D M_InsDal: Lcom/fsck/k9/mail/filter/PeekableInputStream;--->peek()I
05-15 16:55:12.473 27299 27323 D M_InsDal: Lcom/fsck/k9/mail/store/imap/ImapResponseParser;--->expect(C)V
05-15 16:55:12.473 27299 27323 D M_InsDal: Lcom/fsck/k9/mail/filter/PeekableInputStream;--->read()I
05-15 16:55:12.473 27299 27323 D M_InsDal: Lcom/fsck/k9/mail/store/imap/ImapResponseParser;--->readStringUntilEndOfLine()Ljava/lang/String;
05-15 16:55:12.473 27299 27323 D M_InsDal: Lcom/fsck/k9/mail/store/imap/ImapResponseParser;--->readStringUntil(C)Ljava/lang/String;
05-15 16:55:12.473 27299 27323 D M_InsDal: Lcom/fsck/k9/mail/filter/PeekableInputStream;--->read()I
05-15 16:55:12.473 27299 27323 D M_InsDal: Lcom/fsck/k9/mail/filter/PeekableInputStream;--->read()I
05-15 16:55:12.473 27299 27323 D M_InsDal: Lcom/fsck/k9/mail/store/imap/ImapResponseParser;--->expect(C)V
05-15 16:55:12.473 27299 27323 D M_InsDal: Lcom/fsck/k9/mail/filter/PeekableInputStream;--->read()I
05-15 16:55:12.473 27299 27323 D M_InsDal: Lcom/fsck/k9/mail/K9MailLib;--->isDebug()Z
05-15 16:55:12.473 27299 27323 D M_InsDal: Lcom/fsck/k9/K9$2;--->enabled()Z
05-15 16:55:12.473 27299 27323 D M_InsDal: Lcom/fsck/k9/mail/store/imap/ImapResponse;--->getTag()Ljava/lang/String;
05-15 16:55:12.473 27299 27323 D M_InsDal: Lcom/fsck/k9/mail/store/imap/ImapResponse;--->getTag()Ljava/lang/String;
05-15 16:55:12.473 27299 27323 D M_InsDal: Lcom/fsck/k9/mail/store/imap/ImapResponseParser;--->readResponse()Lcom/fsck/k9/mail/store/imap/ImapResponse;
05-15 16:55:12.473 27299 27323 D M_InsDal: Lcom/fsck/k9/mail/store/imap/ImapResponseParser;--->readResponse(Lcom/fsck/k9/mail/store/imap/ImapResponseCallback;)Lcom/fsck/k9/mail/store/imap/ImapResponse;
05-15 16:55:12.473 27299 27323 D M_InsDal: Lcom/fsck/k9/mail/filter/PeekableInputStream;--->peek()I
05-15 16:55:12.473 27299 27323 D M_InsDal: Lcom/fsck/k9/mail/store/imap/ImapResponseParser;--->readUntaggedResponse(Lcom/fsck/k9/mail/store/imap/ImapResponseCallback;)V
05-15 16:55:12.473 27299 27323 D M_InsDal: Lcom/fsck/k9/mail/store/imap/ImapResponseParser;--->parseUntaggedResponse()V
05-15 16:55:12.473 27299 27323 D M_InsDal: Lcom/fsck/k9/mail/store/imap/ImapResponseParser;--->expect(C)V
05-15 16:55:12.473 27299 27323 D M_InsDal: Lcom/fsck/k9/mail/filter/PeekableInputStream;--->read()I
05-15 16:55:12.473 27299 27323 D M_InsDal: Lcom/fsck/k9/mail/store/imap/ImapResponseParser;--->expect(C)V
05-15 16:55:12.473 27299 27323 D M_InsDal: Lcom/fsck/k9/mail/filter/PeekableInputStream;--->read()I
05-15 16:55:12.473 27299 27323 D M_InsDal: Lcom/fsck/k9/mail/store/imap/ImapResponse;--->newUntaggedResponse(Lcom/fsck/k9/mail/store/imap/ImapResponseCallback;)Lcom/fsck/k9/mail/store/imap/ImapResponse;
05-15 16:55:12.473 27299 27323 D M_InsDal: Lcom/fsck/k9/mail/store/imap/ImapResponse;---><init>(Lcom/fsck/k9/mail/store/imap/ImapResponseCallback;ZLjava/lang/String;)V
05-15 16:55:12.473 27299 27323 D M_InsDal: Lcom/fsck/k9/mail/store/imap/ImapList;---><init>()V
05-15 16:55:12.473 27299 27323 D M_InsDal: Lcom/fsck/k9/mail/store/imap/ImapResponseParser;--->readTokens(Lcom/fsck/k9/mail/store/imap/ImapResponse;)V
05-15 16:55:12.473 27299 27323 D M_InsDal: Lcom/fsck/k9/mail/store/imap/ImapResponseParser;--->readToken(Lcom/fsck/k9/mail/store/imap/ImapResponse;)Ljava/lang/Object;
05-15 16:55:12.473 27299 27323 D M_InsDal: Lcom/fsck/k9/mail/store/imap/ImapResponseParser;--->parseToken(Lcom/fsck/k9/mail/store/imap/ImapList;)Ljava/lang/Object;
05-15 16:55:12.473 27299 27323 D M_InsDal: Lcom/fsck/k9/mail/filter/PeekableInputStream;--->peek()I
05-15 16:55:12.473 27299 27323 D M_InsDal: Lcom/fsck/k9/mail/store/imap/ImapResponseParser;--->parseBareString(Z)Ljava/lang/String;
05-15 16:55:12.473 27299 27323 D M_InsDal: Lcom/fsck/k9/mail/filter/PeekableInputStream;--->peek()I
05-15 16:55:12.473 27299 27323 D M_InsDal: Lcom/fsck/k9/mail/filter/PeekableInputStream;--->read()I
05-15 16:55:12.473 27299 27323 D M_InsDal: Lcom/fsck/k9/mail/filter/PeekableInputStream;--->peek()I
05-15 16:55:12.473 27299 27323 D M_InsDal: Lcom/fsck/k9/mail/filter/PeekableInputStream;--->read()I
05-15 16:55:12.473 27299 27323 D M_InsDal: Lcom/fsck/k9/mail/filter/PeekableInputStream;--->peek()I
05-15 16:55:12.473 27299 27323 D M_InsDal: Lcom/fsck/k9/mail/store/imap/ImapResponseParser;--->checkTokenIsString(Ljava/lang/Object;)V
05-15 16:55:12.473 27299 27323 D M_InsDal: Lcom/fsck/k9/mail/store/imap/ImapResponseParser;--->isStatusResponse(Ljava/lang/String;)Z
05-15 16:55:12.473 27299 27323 D M_InsDal: Lcom/fsck/k9/mail/store/imap/ImapResponseParser;--->parseResponseText(Lcom/fsck/k9/mail/store/imap/ImapResponse;)V
05-15 16:55:12.473 27299 27323 D M_InsDal: Lcom/fsck/k9/mail/store/imap/ImapResponseParser;--->skipIfSpace()V
05-15 16:55:12.473 27299 27323 D M_InsDal: Lcom/fsck/k9/mail/filter/PeekableInputStream;--->peek()I
05-15 16:55:12.473 27299 27323 D M_InsDal: Lcom/fsck/k9/mail/store/imap/ImapResponseParser;--->expect(C)V
05-15 16:55:12.473 27299 27323 D M_InsDal: Lcom/fsck/k9/mail/filter/PeekableInputStream;--->read()I
05-15 16:55:12.473 27299 27323 D M_InsDal: Lcom/fsck/k9/mail/filter/PeekableInputStream;--->peek()I
05-15 16:55:12.473 27299 27323 D M_InsDal: Lcom/fsck/k9/mail/store/imap/ImapResponseParser;--->parseList(Lcom/fsck/k9/mail/store/imap/ImapList;CC)Lcom/fsck/k9/mail/store/imap/ImapList;
05-15 16:55:12.473 27299 27323 D M_InsDal: Lcom/fsck/k9/mail/store/imap/ImapResponseParser;--->expect(C)V
05-15 16:55:12.473 27299 27323 D M_InsDal: Lcom/fsck/k9/mail/filter/PeekableInputStream;--->read()I
05-15 16:55:12.473 27299 27323 D M_InsDal: Lcom/fsck/k9/mail/store/imap/ImapList;---><init>()V
05-15 16:55:12.473 27299 27323 D M_InsDal: Lcom/fsck/k9/mail/store/imap/ImapResponseParser;--->parseToken(Lcom/fsck/k9/mail/store/imap/ImapList;)Ljava/lang/Object;
05-15 16:55:12.473 27299 27323 D M_InsDal: Lcom/fsck/k9/mail/filter/PeekableInputStream;--->peek()I
05-15 16:55:12.473 27299 27323 D M_InsDal: Lcom/fsck/k9/mail/store/imap/ImapResponseParser;--->parseBareString(Z)Ljava/lang/String;
05-15 16:55:12.473 27299 27323 D M_InsDal: Lcom/fsck/k9/mail/filter/PeekableInputStream;--->peek()I
05-15 16:55:12.473 27299 27323 D M_InsDal: Lcom/fsck/k9/mail/filter/PeekableInputStream;--->read()I
05-15 16:55:12.476 27299 27318 D M_InsDal: Lcom/fsck/k9/message/extractors/PreviewResult$PreviewType;---><clinit>()V
05-15 16:55:12.476 27299 27318 D M_InsDal: Lcom/fsck/k9/message/extractors/PreviewResult$PreviewType;---><init>(Ljava/lang/String;I)V
05-15 16:55:12.476 27299 27318 D M_InsDal: Lcom/fsck/k9/message/extractors/PreviewResult$PreviewType;---><init>(Ljava/lang/String;I)V
05-15 16:55:12.476 27299 27318 D M_InsDal: Lcom/fsck/k9/mailstore/DatabasePreviewType;---><init>(Ljava/lang/String;ILjava/lang/String;Lcom/fsck/k9/message/extractors/PreviewResult$PreviewType;)V
05-15 16:55:12.476 27299 27318 D M_InsDal: Lcom/fsck/k9/mailstore/DatabasePreviewType;---><init>(Ljava/lang/String;ILjava/lang/String;Lcom/fsck/k9/message/extractors/PreviewResult$PreviewType;)V
05-15 16:55:12.476 27299 27318 D M_InsDal: Lcom/fsck/k9/mailstore/DatabasePreviewType;--->fromDatabaseValue(Ljava/lang/String;)Lcom/fsck/k9/mailstore/DatabasePreviewType;
05-15 16:55:12.476 27299 27318 D M_InsDal: Lcom/fsck/k9/mailstore/DatabasePreviewType;--->values()[Lcom/fsck/k9/mailstore/DatabasePreviewType;
05-15 16:55:12.476 27299 27318 D M_InsDal: Lcom/fsck/k9/mailstore/DatabasePreviewType;--->getDatabaseValue()Ljava/lang/String;
05-15 16:55:12.476 27299 27318 D M_InsDal: Lcom/fsck/k9/mailstore/DatabasePreviewType;--->getDatabaseValue()Ljava/lang/String;
05-15 16:55:12.476 27299 27318 D M_InsDal: Lcom/fsck/k9/mailstore/DatabasePreviewType;--->getPreviewType()Lcom/fsck/k9/message/extractors/PreviewResult$PreviewType;
05-15 16:55:12.476 27299 27318 D M_InsDal: Lcom/fsck/k9/mail/Message;--->setFlag(Lcom/fsck/k9/mail/Flag;Z)V
05-15 16:55:12.476 27299 27318 D M_InsDal: Lcom/fsck/k9/mailstore/LocalMessage;--->setFlagInternal(Lcom/fsck/k9/mail/Flag;Z)V
05-15 16:55:12.476 27299 27318 D M_InsDal: Lcom/fsck/k9/mail/Message;--->setFlag(Lcom/fsck/k9/mail/Flag;Z)V
05-15 16:55:12.476 27299 27318 D M_InsDal: Lcom/fsck/k9/mailstore/LocalMessage;--->setFlagInternal(Lcom/fsck/k9/mail/Flag;Z)V
05-15 16:55:12.476 27299 27318 D M_InsDal: Lcom/fsck/k9/mail/Message;--->setFlag(Lcom/fsck/k9/mail/Flag;Z)V
05-15 16:55:12.476 27299 27318 D M_InsDal: Lcom/fsck/k9/mailstore/LocalMessage;--->setFlagInternal(Lcom/fsck/k9/mail/Flag;Z)V
05-15 16:55:12.476 27299 27318 D M_InsDal: Lcom/fsck/k9/mail/Message;--->setFlag(Lcom/fsck/k9/mail/Flag;Z)V
05-15 16:55:12.476 27299 27318 D M_InsDal: Lcom/fsck/k9/mailstore/LocalMessage;--->setFlagInternal(Lcom/fsck/k9/mail/Flag;Z)V
05-15 16:55:12.476 27299 27318 D M_InsDal: Lcom/fsck/k9/mail/Message;--->setFlag(Lcom/fsck/k9/mail/Flag;Z)V
05-15 16:55:12.476 27299 27318 D M_InsDal: Lcom/fsck/k9/mailstore/LocalMessage;--->setFlagInternal(Lcom/fsck/k9/mail/Flag;Z)V
05-15 16:55:12.476 27299 27318 D M_InsDal: Lcom/fsck/k9/mailstore/LocalMessage;--->setMessagePartId(J)V
05-15 16:55:12.476 27299 27318 D M_InsDal: Lcom/fsck/k9/mail/message/MessageHeaderParser;--->parse(Lcom/fsck/k9/mail/Part;Ljava/io/InputStream;)V
05-15 16:55:12.476 27299 27318 D M_InsDal: Lcom/fsck/k9/mail/message/MessageHeaderParser;--->getMimeStreamParser()Lorg/apache/james/mime4j/parser/MimeStreamParser;
05-15 16:55:12.477 27299 27318 D M_InsDal: Lcom/fsck/k9/mail/message/MessageHeaderParser$MessageHeaderParserContentHandler;---><init>(Lcom/fsck/k9/mail/Part;)V
05-15 16:55:12.477 27299 27318 D M_InsDal: Lcom/fsck/k9/mail/message/MessageHeaderParser$MessageHeaderParserContentHandler;--->startMessage()V
05-15 16:55:12.477 27299 27318 D M_InsDal: Lcom/fsck/k9/mail/message/MessageHeaderParser$MessageHeaderParserContentHandler;--->startHeader()V
05-15 16:55:12.477 27299 27318 D M_InsDal: Lcom/fsck/k9/mail/message/MessageHeaderParser$MessageHeaderParserContentHandler;--->field(Lorg/apache/james/mime4j/stream/Field;)V
05-15 16:55:12.477 27299 27318 D M_InsDal: Lcom/fsck/k9/mail/internet/MimeMessage;--->addRawHeader(Ljava/lang/String;Ljava/lang/String;)V
05-15 16:55:12.477 27299 27318 D M_InsDal: Lcom/fsck/k9/mail/internet/MimeHeader;--->addRawHeader(Ljava/lang/String;Ljava/lang/String;)V
05-15 16:55:12.477 27299 27318 D M_InsDal: Lcom/fsck/k9/mail/internet/MimeHeader$Field;--->newRawField(Ljava/lang/String;Ljava/lang/String;)Lcom/fsck/k9/mail/internet/MimeHeader$Field;
05-15 16:55:12.477 27299 27318 D M_InsDal: Lcom/fsck/k9/mail/internet/MimeHeader$Field;---><init>(Ljava/lang/String;Ljava/lang/String;Ljava/lang/String;)V
05-15 16:55:12.477 27299 27318 D M_InsDal: Lcom/fsck/k9/mail/message/MessageHeaderParser$MessageHeaderParserContentHandler;--->field(Lorg/apache/james/mime4j/stream/Field;)V
05-15 16:55:12.477 27299 27318 D M_InsDal: Lcom/fsck/k9/mail/internet/MimeMessage;--->addRawHeader(Ljava/lang/String;Ljava/lang/String;)V
05-15 16:55:12.477 27299 27318 D M_InsDal: Lcom/fsck/k9/mail/internet/MimeHeader;--->addRawHeader(Ljava/lang/String;Ljava/lang/String;)V
05-15 16:55:12.477 27299 27318 D M_InsDal: Lcom/fsck/k9/mail/internet/MimeHeader$Field;--->newRawField(Ljava/lang/String;Ljava/lang/String;)Lcom/fsck/k9/mail/internet/MimeHeader$Field;
05-15 16:55:12.477 27299 27318 D M_InsDal: Lcom/fsck/k9/mail/internet/MimeHeader$Field;---><init>(Ljava/lang/String;Ljava/lang/String;Ljava/lang/String;)V
05-15 16:55:12.477 27299 27318 D M_InsDal: Lcom/fsck/k9/mail/message/MessageHeaderParser$MessageHeaderParserContentHandler;--->field(Lorg/apache/james/mime4j/stream/Field;)V
05-15 16:55:12.477 27299 27318 D M_InsDal: Lcom/fsck/k9/mail/internet/MimeMessage;--->addRawHeader(Ljava/lang/String;Ljava/lang/String;)V
05-15 16:55:12.477 27299 27318 D M_InsDal: Lcom/fsck/k9/mail/internet/MimeHeader;--->addRawHeader(Ljava/lang/String;Ljava/lang/String;)V
05-15 16:55:12.477 27299 27318 D M_InsDal: Lcom/fsck/k9/mail/internet/MimeHeader$Field;--->newRawField(Ljava/lang/String;Ljava/lang/String;)Lcom/fsck/k9/mail/internet/MimeHeader$Field;
05-15 16:55:12.477 27299 27318 D M_InsDal: Lcom/fsck/k9/mail/internet/MimeHeader$Field;---><init>(Ljava/lang/String;Ljava/lang/String;Ljava/lang/String;)V
05-15 16:55:12.477 27299 27318 D M_InsDal: Lcom/fsck/k9/mail/message/MessageHeaderParser$MessageHeaderParserContentHandler;--->field(Lorg/apache/james/mime4j/stream/Field;)V
05-15 16:55:12.477 27299 27318 D M_InsDal: Lcom/fsck/k9/mail/internet/MimeMessage;--->addRawHeader(Ljava/lang/String;Ljava/lang/String;)V
05-15 16:55:12.477 27299 27318 D M_InsDal: Lcom/fsck/k9/mail/internet/MimeHeader;--->addRawHeader(Ljava/lang/String;Ljava/lang/String;)V
05-15 16:55:12.477 27299 27318 D M_InsDal: Lcom/fsck/k9/mail/internet/MimeHeader$Field;--->newRawField(Ljava/lang/String;Ljava/lang/String;)Lcom/fsck/k9/mail/internet/MimeHeader$Field;
05-15 16:55:12.477 27299 27318 D M_InsDal: Lcom/fsck/k9/mail/internet/MimeHeader$Field;---><init>(Ljava/lang/String;Ljava/lang/String;Ljava/lang/String;)V
05-15 16:55:12.477 27299 27318 D M_InsDal: Lcom/fsck/k9/mail/message/MessageHeaderParser$MessageHeaderParserContentHandler;--->field(Lorg/apache/james/mime4j/stream/Field;)V
05-15 16:55:12.477 27299 27318 D M_InsDal: Lcom/fsck/k9/mail/internet/MimeMessage;--->addRawHeader(Ljava/lang/String;Ljava/lang/String;)V
05-15 16:55:12.477 27299 27318 D M_InsDal: Lcom/fsck/k9/mail/internet/MimeHeader;--->addRawHeader(Ljava/lang/String;Ljava/lang/String;)V
05-15 16:55:12.477 27299 27318 D M_InsDal: Lcom/fsck/k9/mail/internet/MimeHeader$Field;--->newRawField(Ljava/lang/String;Ljava/lang/String;)Lcom/fsck/k9/mail/internet/MimeHeader$Field;
05-15 16:55:12.477 27299 27318 D M_InsDal: Lcom/fsck/k9/mail/internet/MimeHeader$Field;---><init>(Ljava/lang/String;Ljava/lang/String;Ljava/lang/String;)V
05-15 16:55:12.477 27299 27318 D M_InsDal: Lcom/fsck/k9/mail/message/MessageHeaderParser$MessageHeaderParserContentHandler;--->field(Lorg/apache/james/mime4j/stream/Field;)V
05-15 16:55:12.477 27299 27318 D M_InsDal: Lcom/fsck/k9/mail/internet/MimeMessage;--->addRawHeader(Ljava/lang/String;Ljava/lang/String;)V
05-15 16:55:12.477 27299 27318 D M_InsDal: Lcom/fsck/k9/mail/internet/MimeHeader;--->addRawHeader(Ljava/lang/String;Ljava/lang/String;)V
05-15 16:55:12.477 27299 27318 D M_InsDal: Lcom/fsck/k9/mail/internet/MimeHeader$Field;--->newRawField(Ljava/lang/String;Ljava/lang/String;)Lcom/fsck/k9/mail/internet/MimeHeader$Field;
05-15 16:55:12.477 27299 27318 D M_InsDal: Lcom/fsck/k9/mail/internet/MimeHeader$Field;---><init>(Ljava/lang/String;Ljava/lang/String;Ljava/lang/String;)V
05-15 16:55:12.477 27299 27318 D M_InsDal: Lcom/fsck/k9/mail/message/MessageHeaderParser$MessageHeaderParserContentHandler;--->field(Lorg/apache/james/mime4j/stream/Field;)V
05-15 16:55:12.477 27299 27318 D M_InsDal: Lcom/fsck/k9/mail/internet/MimeMessage;--->addRawHeader(Ljava/lang/String;Ljava/lang/String;)V
05-15 16:55:12.477 27299 27318 D M_InsDal: Lcom/fsck/k9/mail/internet/MimeHeader;--->addRawHeader(Ljava/lang/String;Ljava/lang/String;)V
05-15 16:55:12.477 27299 27318 D M_InsDal: Lcom/fsck/k9/mail/internet/MimeHeader$Field;--->newRawField(Ljava/lang/String;Ljava/lang/String;)Lcom/fsck/k9/mail/internet/MimeHeader$Field;
05-15 16:55:12.477 27299 27318 D M_InsDal: Lcom/fsck/k9/mail/internet/MimeHeader$Field;---><init>(Ljava/lang/String;Ljava/lang/String;Ljava/lang/String;)V
05-15 16:55:12.477 27299 27318 D M_InsDal: Lcom/fsck/k9/mail/message/MessageHeaderParser$MessageHeaderParserContentHandler;--->field(Lorg/apache/james/mime4j/stream/Field;)V
05-15 16:55:12.477 27299 27318 D M_InsDal: Lcom/fsck/k9/mail/internet/MimeMessage;--->addRawHeader(Ljava/lang/String;Ljava/lang/String;)V
05-15 16:55:12.477 27299 27318 D M_InsDal: Lcom/fsck/k9/mail/internet/MimeHeader;--->addRawHeader(Ljava/lang/String;Ljava/lang/String;)V
05-15 16:55:12.477 27299 27318 D M_InsDal: Lcom/fsck/k9/mail/internet/MimeHeader$Field;--->newRawField(Ljava/lang/String;Ljava/lang/String;)Lcom/fsck/k9/mail/internet/MimeHeader$Field;
