06-05 15:53:30.657 13869 13869 D M_InsDal: Lcom/fsck/k9/provider/EmailProvider$SpecialColumnsCursor;--->getLong(I)J
06-05 15:53:30.657 13869 13869 D M_InsDal: Lcom/fsck/k9/provider/EmailProvider$SpecialColumnsCursor;--->getLong(I)J
06-05 15:53:30.657 13869 13869 D M_InsDal: Lcom/fsck/k9/provider/EmailProvider$SpecialColumnsCursor;--->getColumnName(I)Ljava/lang/String;
06-05 15:53:30.657 13869 13869 D M_InsDal: Lcom/fsck/k9/cache/EmailProviderCache;--->getValueForMessage(Ljava/lang/Long;Ljava/lang/String;)Ljava/lang/String;
06-05 15:53:30.657 13869 13869 D M_InsDal: Lcom/fsck/k9/cache/EmailProviderCache;--->getValueForThread(Ljava/lang/Long;Ljava/lang/String;)Ljava/lang/String;
06-05 15:53:30.657 13869 13869 D M_InsDal: Lcom/fsck/k9/provider/EmailProvider$SpecialColumnsCursor;--->getInt(I)I
06-05 15:53:30.657 13869 13869 D M_InsDal: Lcom/fsck/k9/cache/EmailProviderCacheCursor;--->getInt(I)I
06-05 15:53:30.657 13869 13869 D M_InsDal: Lcom/fsck/k9/provider/EmailProvider$SpecialColumnsCursor;--->getLong(I)J
06-05 15:53:30.657 13869 13869 D M_InsDal: Lcom/fsck/k9/provider/EmailProvider$SpecialColumnsCursor;--->getLong(I)J
06-05 15:53:30.657 13869 13869 D M_InsDal: Lcom/fsck/k9/provider/EmailProvider$SpecialColumnsCursor;--->getColumnName(I)Ljava/lang/String;
06-05 15:53:30.657 13869 13869 D M_InsDal: Lcom/fsck/k9/cache/EmailProviderCache;--->getValueForMessage(Ljava/lang/Long;Ljava/lang/String;)Ljava/lang/String;
06-05 15:53:30.657 13869 13869 D M_InsDal: Lcom/fsck/k9/cache/EmailProviderCache;--->getValueForThread(Ljava/lang/Long;Ljava/lang/String;)Ljava/lang/String;
06-05 15:53:30.657 13869 13869 D M_InsDal: Lcom/fsck/k9/provider/EmailProvider$SpecialColumnsCursor;--->getInt(I)I
06-05 15:53:30.657 13869 13869 D M_InsDal: Lcom/fsck/k9/cache/EmailProviderCacheCursor;--->getInt(I)I
06-05 15:53:30.657 13869 13869 D M_InsDal: Lcom/fsck/k9/provider/EmailProvider$SpecialColumnsCursor;--->getLong(I)J
06-05 15:53:30.657 13869 13869 D M_InsDal: Lcom/fsck/k9/provider/EmailProvider$SpecialColumnsCursor;--->getLong(I)J
06-05 15:53:30.657 13869 13869 D M_InsDal: Lcom/fsck/k9/provider/EmailProvider$SpecialColumnsCursor;--->getColumnName(I)Ljava/lang/String;
06-05 15:53:30.657 13869 13869 D M_InsDal: Lcom/fsck/k9/cache/EmailProviderCache;--->getValueForMessage(Ljava/lang/Long;Ljava/lang/String;)Ljava/lang/String;
06-05 15:53:30.657 13869 13869 D M_InsDal: Lcom/fsck/k9/cache/EmailProviderCache;--->getValueForThread(Ljava/lang/Long;Ljava/lang/String;)Ljava/lang/String;
06-05 15:53:30.657 13869 13869 D M_InsDal: Lcom/fsck/k9/provider/EmailProvider$SpecialColumnsCursor;--->getInt(I)I
06-05 15:53:30.657 13869 13869 D M_InsDal: Lcom/fsck/k9/cache/EmailProviderCacheCursor;--->getInt(I)I
06-05 15:53:30.657 13869 13869 D M_InsDal: Lcom/fsck/k9/provider/EmailProvider$SpecialColumnsCursor;--->getLong(I)J
06-05 15:53:30.657 13869 13869 D M_InsDal: Lcom/fsck/k9/provider/EmailProvider$SpecialColumnsCursor;--->getLong(I)J
06-05 15:53:30.657 13869 13869 D M_InsDal: Lcom/fsck/k9/provider/EmailProvider$SpecialColumnsCursor;--->getColumnName(I)Ljava/lang/String;
06-05 15:53:30.657 13869 13869 D M_InsDal: Lcom/fsck/k9/cache/EmailProviderCache;--->getValueForMessage(Ljava/lang/Long;Ljava/lang/String;)Ljava/lang/String;
06-05 15:53:30.657 13869 13869 D M_InsDal: Lcom/fsck/k9/cache/EmailProviderCache;--->getValueForThread(Ljava/lang/Long;Ljava/lang/String;)Ljava/lang/String;
06-05 15:53:30.657 13869 13869 D M_InsDal: Lcom/fsck/k9/provider/EmailProvider$SpecialColumnsCursor;--->getInt(I)I
06-05 15:53:30.657 13869 13869 D M_InsDal: Lcom/fsck/k9/provider/EmailProvider$SpecialColumnsCursor;--->getLong(I)J
06-05 15:53:30.657 13869 13869 D M_InsDal: Lcom/fsck/k9/Account;--->getChipColor()I
06-05 15:53:30.657 13869 13869 D M_InsDal: Lcom/fsck/k9/cache/EmailProviderCacheCursor;--->getPosition()I
06-05 15:53:30.657 13869 13869 D M_InsDal: Lcom/fsck/k9/fragment/MessageListAdapter;--->updateContactBadge(Lcom/fsck/k9/fragment/MessageViewHolder;Lcom/fsck/k9/mail/Address;)V
06-05 15:53:30.657 13869 13869 D M_InsDal: Lcom/fsck/k9/helper/Utility;--->setContactForBadge(Lcom/fsck/k9/ui/ContactBadge;Lcom/fsck/k9/mail/Address;)V
06-05 15:53:30.657 13869 13869 D M_InsDal: Lcom/fsck/k9/mail/Address;--->getPersonal()Ljava/lang/String;
06-05 15:53:30.657 13869 13869 D M_InsDal: Lcom/fsck/k9/mail/Address;--->getAddress()Ljava/lang/String;
06-05 15:53:30.657 13869 13869 D M_InsDal: Lcom/fsck/k9/ui/ContactBadge;--->assignContactFromEmail(Ljava/lang/String;ZLandroid/os/Bundle;)V
06-05 15:53:30.657 13869 13869 D M_InsDal: Lcom/fsck/k9/ui/ContactBadge;--->onContactUriChanged()V
06-05 15:53:30.657 13869 13869 D M_InsDal: Lcom/fsck/k9/ui/ContactBadge;--->isAssigned()Z
06-05 15:53:30.657 13869 13869 D M_InsDal: Lcom/fsck/k9/activity/misc/ContactPictureLoader;--->loadContactPicture(Lcom/fsck/k9/mail/Address;Landroid/widget/ImageView;)V
06-05 15:53:30.657 13869 13869 D M_InsDal: Lcom/fsck/k9/mail/Address;--->getAddress()Ljava/lang/String;
06-05 15:53:30.657 13869 13869 D M_InsDal: Lcom/fsck/k9/helper/Contacts;--->getPhotoUri(Ljava/lang/String;)Landroid/net/Uri;
06-05 15:53:30.657 13869 13869 D M_InsDal: Lcom/fsck/k9/helper/Contacts;--->getContactByAddress(Ljava/lang/String;)Landroid/database/Cursor;
06-05 15:53:30.659 13869 13869 D M_InsDal: Lcom/fsck/k9/activity/misc/ContactPictureLoader;--->loadContactPicture(Landroid/net/Uri;Lcom/fsck/k9/mail/Address;Landroid/widget/ImageView;)V
06-05 15:53:30.659 13869 13869 D M_InsDal: Lcom/fsck/k9/activity/misc/ContactPictureLoader;--->loadFallbackPicture(Lcom/fsck/k9/mail/Address;Landroid/widget/ImageView;)V
06-05 15:53:30.660 13869 13869 D M_InsDal: Lcom/fsck/k9/activity/misc/ContactPictureLoader$FallbackGlideModelLoader;---><init>(Lcom/fsck/k9/activity/misc/ContactPictureLoader;)V
06-05 15:53:30.660 13869 13869 D M_InsDal: Lcom/fsck/k9/activity/misc/ContactPictureLoader$FallbackGlideBitmapDecoder;---><init>(Lcom/fsck/k9/activity/misc/ContactPictureLoader;Landroid/content/Context;)V
06-05 15:53:30.660 13869 13869 D M_InsDal: Lcom/fsck/k9/activity/misc/ContactPictureLoader$FallbackGlideParams;---><init>(Lcom/fsck/k9/activity/misc/ContactPictureLoader;Lcom/fsck/k9/mail/Address;)V
06-05 15:53:30.660 13869 13869 D M_InsDal: Lcom/fsck/k9/fragment/MessageListAdapter;--->setBackgroundColor(Landroid/view/View;ZZ)V
06-05 15:53:30.660 13869 13869 D M_InsDal: Lcom/fsck/k9/K9;--->useBackgroundAsUnreadIndicator()Z
06-05 15:53:30.660 13869 13869 D M_InsDal: Lcom/fsck/k9/fragment/MessageListAdapter;--->updateWithThreadCount(Lcom/fsck/k9/fragment/MessageViewHolder;I)V
06-05 15:53:30.660 13869 13869 D M_InsDal: Lcom/fsck/k9/fragment/MessageListAdapter;--->recipientSigil(ZZ)Ljava/lang/String;
06-05 15:53:30.660 13869 13869 D M_InsDal: Lcom/fsck/k9/fragment/MessageListAdapter;--->getPreview(Landroid/database/Cursor;)Ljava/lang/String;
06-05 15:53:30.660 13869 13869 D M_InsDal: Lcom/fsck/k9/provider/EmailProvider$SpecialColumnsCursor;--->getString(I)Ljava/lang/String;
06-05 15:53:30.660 13869 13869 D M_InsDal: Lcom/fsck/k9/mailstore/DatabasePreviewType;--->fromDatabaseValue(Ljava/lang/String;)Lcom/fsck/k9/mailstore/DatabasePreviewType;
06-05 15:53:30.660 13869 13869 D M_InsDal: Lcom/fsck/k9/mailstore/DatabasePreviewType;--->values()[Lcom/fsck/k9/mailstore/DatabasePreviewType;
06-05 15:53:30.660 13869 13869 D M_InsDal: Lcom/fsck/k9/mailstore/DatabasePreviewType;--->getDatabaseValue()Ljava/lang/String;
06-05 15:53:30.660 13869 13869 D M_InsDal: Lcom/fsck/k9/mailstore/DatabasePreviewType;--->getDatabaseValue()Ljava/lang/String;
06-05 15:53:30.660 13869 13869 D M_InsDal: Lcom/fsck/k9/provider/EmailProvider$SpecialColumnsCursor;--->getString(I)Ljava/lang/String;
06-05 15:53:30.660 13869 13869 D M_InsDal: Lcom/fsck/k9/fragment/MessageListAdapter;--->formatPreviewText(Landroid/widget/TextView;Ljava/lang/CharSequence;Ljava/lang/String;)V
06-05 15:53:30.660 13869 13869 D M_InsDal: Lcom/fsck/k9/fragment/MessageListAdapter;--->buildSenderSpan()Landroid/text/style/AbsoluteSizeSpan;
06-05 15:53:30.660 13869 13869 D M_InsDal: Lcom/fsck/k9/FontSizes;--->getMessageListSender()I
06-05 15:53:30.660 13869 13869 D M_InsDal: Lcom/fsck/k9/fragment/MessageListAdapter;--->buildPreviewSpanColor()I
06-05 15:53:30.660 13869 13869 D M_InsDal: Lcom/fsck/k9/K9;--->getK9Theme()Lcom/fsck/k9/K9$Theme;
06-05 15:53:30.660 13869 13869 D M_InsDal: Lcom/fsck/k9/fragment/MessageListAdapter;--->buildStatusHolder(ZZ)Landroid/graphics/drawable/Drawable;
06-05 15:53:30.660 13869 13869 D M_InsDal: Lcom/fsck/k9/cache/EmailProviderCacheCursor;--->getCount()I
06-05 15:53:30.660 13869 13869 D M_InsDal: Lcom/fsck/k9/cache/EmailProviderCacheCursor;--->moveToPosition(I)Z
06-05 15:53:30.660 13869 13869 D M_InsDal: Lcom/fsck/k9/provider/EmailProvider$SpecialColumnsCursor;--->getLong(I)J
06-05 15:53:30.660 13869 13869 D M_InsDal: Lcom/fsck/k9/cache/EmailProviderCacheCursor;--->getCount()I
06-05 15:53:30.660 13869 13869 D M_InsDal: Lcom/fsck/k9/cache/EmailProviderCacheCursor;--->getCount()I
06-05 15:53:30.660 13869 13869 D M_InsDal: Lcom/fsck/k9/cache/EmailProviderCacheCursor;--->moveToPosition(I)Z
06-05 15:53:30.660 13869 13869 D M_InsDal: Lcom/fsck/k9/provider/EmailProvider$SpecialColumnsCursor;--->getLong(I)J
06-05 15:53:30.661 13869 13869 D M_InsDal: Lcom/fsck/k9/cache/EmailProviderCacheCursor;--->getCount()I
06-05 15:53:30.661 13869 13869 D M_InsDal: Lcom/fsck/k9/cache/EmailProviderCacheCursor;--->moveToPosition(I)Z
06-05 15:53:30.661 13869 13869 D M_InsDal: Lcom/fsck/k9/provider/EmailProvider$SpecialColumnsCursor;--->getLong(I)J
06-05 15:53:30.661 13869 13869 D M_InsDal: Lcom/fsck/k9/cache/EmailProviderCacheCursor;--->getCount()I
06-05 15:53:30.661 13869 13869 D M_InsDal: Lcom/fsck/k9/cache/EmailProviderCacheCursor;--->moveToPosition(I)Z
06-05 15:53:30.661 13869 13869 D M_InsDal: Lcom/fsck/k9/fragment/MessageListAdapter;--->bindView(Landroid/view/View;Landroid/content/Context;Landroid/database/Cursor;)V
06-05 15:53:30.661 13869 13869 D M_InsDal: Lcom/fsck/k9/fragment/MessageListFragment;--->getAccountFromCursor(Landroid/database/Cursor;)Lcom/fsck/k9/Account;
06-05 15:53:30.661 13869 13869 D M_InsDal: Lcom/fsck/k9/Preferences;--->getAccount(Ljava/lang/String;)Lcom/fsck/k9/Account;
06-05 15:53:30.661 13869 13869 D M_InsDal: Lcom/fsck/k9/provider/EmailProvider$SpecialColumnsCursor;--->getString(I)Ljava/lang/String;
06-05 15:53:30.661 13869 13869 D M_InsDal: Lcom/fsck/k9/provider/EmailProvider$SpecialColumnsCursor;--->getString(I)Ljava/lang/String;
06-05 15:53:30.661 13869 13869 D M_InsDal: Lcom/fsck/k9/mail/Address;--->unpack(Ljava/lang/String;)[Lcom/fsck/k9/mail/Address;
06-05 15:53:30.661 13869 13869 D M_InsDal: Lcom/fsck/k9/mail/Address;---><init>(Ljava/lang/String;Ljava/lang/String;Z)V
06-05 15:53:30.661 13869 13869 D M_InsDal: Lcom/fsck/k9/mail/Address;--->unpack(Ljava/lang/String;)[Lcom/fsck/k9/mail/Address;
06-05 15:53:30.661 13869 13869 D M_InsDal: Lcom/fsck/k9/mail/Address;---><init>(Ljava/lang/String;Ljava/lang/String;Z)V
06-05 15:53:30.661 13869 13869 D M_InsDal: Lcom/fsck/k9/mail/Address;--->unpack(Ljava/lang/String;)[Lcom/fsck/k9/mail/Address;
06-05 15:53:30.661 13869 13869 D M_InsDal: Lcom/fsck/k9/helper/MessageHelper;--->toMe(Lcom/fsck/k9/Account;[Lcom/fsck/k9/mail/Address;)Z
06-05 15:53:30.661 13869 13869 D M_InsDal: Lcom/fsck/k9/Account;--->isAnIdentity(Lcom/fsck/k9/mail/Address;)Z
06-05 15:53:30.661 13869 13869 D M_InsDal: Lcom/fsck/k9/Account;--->findIdentity(Lcom/fsck/k9/mail/Address;)Lcom/fsck/k9/Identity;
06-05 15:53:30.661 13869 13869 D M_InsDal: Lcom/fsck/k9/Identity;--->getEmail()Ljava/lang/String;
06-05 15:53:30.661 13869 13869 D M_InsDal: Lcom/fsck/k9/mail/Address;--->getAddress()Ljava/lang/String;
06-05 15:53:30.661 13869 13869 D M_InsDal: Lcom/fsck/k9/helper/MessageHelper;--->toMe(Lcom/fsck/k9/Account;[Lcom/fsck/k9/mail/Address;)Z
06-05 15:53:30.661 13869 13869 D M_InsDal: Lcom/fsck/k9/Account;--->isAnIdentity(Lcom/fsck/k9/mail/Address;)Z
06-05 15:53:30.661 13869 13869 D M_InsDal: Lcom/fsck/k9/Account;--->findIdentity(Lcom/fsck/k9/mail/Address;)Lcom/fsck/k9/Identity;
06-05 15:53:30.661 13869 13869 D M_InsDal: Lcom/fsck/k9/Identity;--->getEmail()Ljava/lang/String;
06-05 15:53:30.661 13869 13869 D M_InsDal: Lcom/fsck/k9/mail/Address;--->getAddress()Ljava/lang/String;
06-05 15:53:30.661 13869 13869 D M_InsDal: Lcom/fsck/k9/helper/MessageHelper;--->toMe(Lcom/fsck/k9/Account;[Lcom/fsck/k9/mail/Address;)Z
06-05 15:53:30.661 13869 13869 D M_InsDal: Lcom/fsck/k9/helper/MessageHelper;--->getDisplayName(Lcom/fsck/k9/Account;[Lcom/fsck/k9/mail/Address;[Lcom/fsck/k9/mail/Address;)Ljava/lang/CharSequence;
06-05 15:53:30.661 13869 13869 D M_InsDal: Lcom/fsck/k9/K9;--->showContactName()Z
06-05 15:53:30.661 13869 13869 D M_InsDal: Lcom/fsck/k9/Account;--->isAnIdentity(Lcom/fsck/k9/mail/Address;)Z
06-05 15:53:30.661 13869 13869 D M_InsDal: Lcom/fsck/k9/Account;--->findIdentity(Lcom/fsck/k9/mail/Address;)Lcom/fsck/k9/Identity;
06-05 15:53:30.661 13869 13869 D M_InsDal: Lcom/fsck/k9/Identity;--->getEmail()Ljava/lang/String;
06-05 15:53:30.661 13869 13869 D M_InsDal: Lcom/fsck/k9/mail/Address;--->getAddress()Ljava/lang/String;
06-05 15:53:30.661 13869 13869 D M_InsDal: Lcom/fsck/k9/helper/MessageHelper;--->toFriendly([Lcom/fsck/k9/mail/Address;Lcom/fsck/k9/helper/Contacts;)Ljava/lang/CharSequence;
06-05 15:53:30.661 13869 13869 D M_InsDal: Lcom/fsck/k9/helper/MessageHelper;--->toFriendly(Lcom/fsck/k9/mail/Address;Lcom/fsck/k9/helper/Contacts;)Ljava/lang/CharSequence;
06-05 15:53:30.661 13869 13869 D M_InsDal: Lcom/fsck/k9/K9;--->showCorrespondentNames()Z
06-05 15:53:30.661 13869 13869 D M_InsDal: Lcom/fsck/k9/K9;--->changeContactNameColor()Z
06-05 15:53:30.661 13869 13869 D M_InsDal: Lcom/fsck/k9/K9;--->getContactNameColor()I
06-05 15:53:30.661 13869 13869 D M_InsDal: Lcom/fsck/k9/helper/MessageHelper;--->toFriendly(Lcom/fsck/k9/mail/Address;Lcom/fsck/k9/helper/Contacts;ZZI)Ljava/lang/CharSequence;
06-05 15:53:30.661 13869 13869 D M_InsDal: Lcom/fsck/k9/mail/Address;--->getPersonal()Ljava/lang/String;
06-05 15:53:30.661 13869 13869 D M_InsDal: Lcom/fsck/k9/mail/Address;--->getPersonal()Ljava/lang/String;
06-05 15:53:30.661 13869 13869 D M_InsDal: Lcom/fsck/k9/helper/MessageHelper;--->isSpoofAddress(Ljava/lang/String;)Z
06-05 15:53:30.661 13869 13869 D M_InsDal: Lcom/fsck/k9/mail/Address;--->getPersonal()Ljava/lang/String;
06-05 15:53:30.661 13869 13869 D M_InsDal: Lcom/fsck/k9/provider/EmailProvider$SpecialColumnsCursor;--->getLong(I)J
06-05 15:53:30.661 13869 13869 D M_InsDal: Lcom/fsck/k9/fragment/MessageListAdapter;--->fetchCounterPartyAddress(Z[Lcom/fsck/k9/mail/Address;[Lcom/fsck/k9/mail/Address;[Lcom/fsck/k9/mail/Address;)Lcom/fsck/k9/mail/Address;
06-05 15:53:30.661 13869 13869 D M_InsDal: Lcom/fsck/k9/cache/EmailProviderCacheCursor;--->getInt(I)I
06-05 15:53:30.661 13869 13869 D M_InsDal: Lcom/fsck/k9/provider/EmailProvider$SpecialColumnsCursor;--->getLong(I)J
06-05 15:53:30.661 13869 13869 D M_InsDal: Lcom/fsck/k9/provider/EmailProvider$SpecialColumnsCursor;--->getLong(I)J
06-05 15:53:30.661 13869 13869 D M_InsDal: Lcom/fsck/k9/provider/EmailProvider$SpecialColumnsCursor;--->getColumnName(I)Ljava/lang/String;
06-05 15:53:30.661 13869 13869 D M_InsDal: Lcom/fsck/k9/cache/EmailProviderCache;--->getValueForMessage(Ljava/lang/Long;Ljava/lang/String;)Ljava/lang/String;
06-05 15:53:30.661 13869 13869 D M_InsDal: Lcom/fsck/k9/cache/EmailProviderCache;--->getValueForThread(Ljava/lang/Long;Ljava/lang/String;)Ljava/lang/String;
06-05 15:53:30.661 13869 13869 D M_InsDal: Lcom/fsck/k9/provider/EmailProvider$SpecialColumnsCursor;--->getInt(I)I
06-05 15:53:30.661 13869 13869 D M_InsDal: Lcom/fsck/k9/provider/EmailProvider$SpecialColumnsCursor;--->getString(I)Ljava/lang/String;
06-05 15:53:30.661 13869 13869 D M_InsDal: Lcom/fsck/k9/fragment/MlfUtils;--->buildSubject(Ljava/lang/String;Ljava/lang/String;I)Ljava/lang/String;
06-05 15:53:30.661 13869 13869 D M_InsDal: Lcom/fsck/k9/cache/EmailProviderCacheCursor;--->getInt(I)I
06-05 15:53:30.661 13869 13869 D M_InsDal: Lcom/fsck/k9/provider/EmailProvider$SpecialColumnsCursor;--->getLong(I)J
06-05 15:53:30.661 13869 13869 D M_InsDal: Lcom/fsck/k9/provider/EmailProvider$SpecialColumnsCursor;--->getLong(I)J
06-05 15:53:30.661 13869 13869 D M_InsDal: Lcom/fsck/k9/provider/EmailProvider$SpecialColumnsCursor;--->getColumnName(I)Ljava/lang/String;
06-05 15:53:30.661 13869 13869 D M_InsDal: Lcom/fsck/k9/cache/EmailProviderCache;--->getValueForMessage(Ljava/lang/Long;Ljava/lang/String;)Ljava/lang/String;
06-05 15:53:30.661 13869 13869 D M_InsDal: Lcom/fsck/k9/cache/EmailProviderCache;--->getValueForThread(Ljava/lang/Long;Ljava/lang/String;)Ljava/lang/String;
06-05 15:53:30.661 13869 13869 D M_InsDal: Lcom/fsck/k9/provider/EmailProvider$SpecialColumnsCursor;--->getInt(I)I
06-05 15:53:30.661 13869 13869 D M_InsDal: Lcom/fsck/k9/cache/EmailProviderCacheCursor;--->getInt(I)I
06-05 15:53:30.661 13869 13869 D M_InsDal: Lcom/fsck/k9/provider/EmailProvider$SpecialColumnsCursor;--->getLong(I)J
06-05 15:53:30.661 13869 13869 D M_InsDal: Lcom/fsck/k9/provider/EmailProvider$SpecialColumnsCursor;--->getLong(I)J
06-05 15:53:30.661 13869 13869 D M_InsDal: Lcom/fsck/k9/provider/EmailProvider$SpecialColumnsCursor;--->getColumnName(I)Ljava/lang/String;
06-05 15:53:30.661 13869 13869 D M_InsDal: Lcom/fsck/k9/cache/EmailProviderCache;--->getValueForMessage(Ljava/lang/Long;Ljava/lang/String;)Ljava/lang/String;
06-05 15:53:30.661 13869 13869 D M_InsDal: Lcom/fsck/k9/cache/EmailProviderCache;--->getValueForThread(Ljava/lang/Long;Ljava/lang/String;)Ljava/lang/String;
06-05 15:53:30.661 13869 13869 D M_InsDal: Lcom/fsck/k9/provider/EmailProvider$SpecialColumnsCursor;--->getInt(I)I
06-05 15:53:30.661 13869 13869 D M_InsDal: Lcom/fsck/k9/cache/EmailProviderCacheCursor;--->getInt(I)I
06-05 15:53:30.661 13869 13869 D M_InsDal: Lcom/fsck/k9/provider/EmailProvider$SpecialColumnsCursor;--->getLong(I)J
06-05 15:53:30.661 13869 13869 D M_InsDal: Lcom/fsck/k9/provider/EmailProvider$SpecialColumnsCursor;--->getLong(I)J
06-05 15:53:30.661 13869 13869 D M_InsDal: Lcom/fsck/k9/provider/EmailProvider$SpecialColumnsCursor;--->getColumnName(I)Ljava/lang/String;
06-05 15:53:30.661 13869 13869 D M_InsDal: Lcom/fsck/k9/cache/EmailProviderCache;--->getValueForMessage(Ljava/lang/Long;Ljava/lang/String;)Ljava/lang/String;
06-05 15:53:30.661 13869 13869 D M_InsDal: Lcom/fsck/k9/cache/EmailProviderCache;--->getValueForThread(Ljava/lang/Long;Ljava/lang/String;)Ljava/lang/String;
06-05 15:53:30.661 13869 13869 D M_InsDal: Lcom/fsck/k9/provider/EmailProvider$SpecialColumnsCursor;--->getInt(I)I
06-05 15:53:30.661 13869 13869 D M_InsDal: Lcom/fsck/k9/cache/EmailProviderCacheCursor;--->getInt(I)I
06-05 15:53:30.661 13869 13869 D M_InsDal: Lcom/fsck/k9/provider/EmailProvider$SpecialColumnsCursor;--->getLong(I)J
06-05 15:53:30.661 13869 13869 D M_InsDal: Lcom/fsck/k9/provider/EmailProvider$SpecialColumnsCursor;--->getLong(I)J
06-05 15:53:30.661 13869 13869 D M_InsDal: Lcom/fsck/k9/provider/EmailProvider$SpecialColumnsCursor;--->getColumnName(I)Ljava/lang/String;
06-05 15:53:30.661 13869 13869 D M_InsDal: Lcom/fsck/k9/cache/EmailProviderCache;--->getValueForMessage(Ljava/lang/Long;Ljava/lang/String;)Ljava/lang/String;
06-05 15:53:30.661 13869 13869 D M_InsDal: Lcom/fsck/k9/cache/EmailProviderCache;--->getValueForThread(Ljava/lang/Long;Ljava/lang/String;)Ljava/lang/String;
06-05 15:53:30.661 13869 13869 D M_InsDal: Lcom/fsck/k9/provider/EmailProvider$SpecialColumnsCursor;--->getInt(I)I
06-05 15:53:30.661 13869 13869 D M_InsDal: Lcom/fsck/k9/cache/EmailProviderCacheCursor;--->getInt(I)I
06-05 15:53:30.661 13869 13869 D M_InsDal: Lcom/fsck/k9/provider/EmailProvider$SpecialColumnsCursor;--->getLong(I)J
06-05 15:53:30.661 13869 13869 D M_InsDal: Lcom/fsck/k9/provider/EmailProvider$SpecialColumnsCursor;--->getLong(I)J
06-05 15:53:30.661 13869 13869 D M_InsDal: Lcom/fsck/k9/provider/EmailProvider$SpecialColumnsCursor;--->getColumnName(I)Ljava/lang/String;
06-05 15:53:30.661 13869 13869 D M_InsDal: Lcom/fsck/k9/cache/EmailProviderCache;--->getValueForMessage(Ljava/lang/Long;Ljava/lang/String;)Ljava/lang/String;
06-05 15:53:30.661 13869 13869 D M_InsDal: Lcom/fsck/k9/cache/EmailProviderCache;--->getValueForThread(Ljava/lang/Long;Ljava/lang/String;)Ljava/lang/String;
06-05 15:53:30.661 13869 13869 D M_InsDal: Lcom/fsck/k9/provider/EmailProvider$SpecialColumnsCursor;--->getInt(I)I
06-05 15:53:30.661 13869 13869 D M_InsDal: Lcom/fsck/k9/provider/EmailProvider$SpecialColumnsCursor;--->getLong(I)J
06-05 15:53:30.661 13869 13869 D M_InsDal: Lcom/fsck/k9/Account;--->getChipColor()I
06-05 15:53:30.661 13869 13869 D M_InsDal: Lcom/fsck/k9/cache/EmailProviderCacheCursor;--->getPosition()I
06-05 15:53:30.661 13869 13869 D M_InsDal: Lcom/fsck/k9/fragment/MessageListAdapter;--->updateContactBadge(Lcom/fsck/k9/fragment/MessageViewHolder;Lcom/fsck/k9/mail/Address;)V
06-05 15:53:30.661 13869 13869 D M_InsDal: Lcom/fsck/k9/helper/Utility;--->setContactForBadge(Lcom/fsck/k9/ui/ContactBadge;Lcom/fsck/k9/mail/Address;)V
06-05 15:53:30.661 13869 13869 D M_InsDal: Lcom/fsck/k9/mail/Address;--->getPersonal()Ljava/lang/String;
06-05 15:53:30.661 13869 13869 D M_InsDal: Lcom/fsck/k9/mail/Address;--->getAddress()Ljava/lang/String;
06-05 15:53:30.661 13869 13869 D M_InsDal: Lcom/fsck/k9/ui/ContactBadge;--->assignContactFromEmail(Ljava/lang/String;ZLandroid/os/Bundle;)V
06-05 15:53:30.661 13869 13869 D M_InsDal: Lcom/fsck/k9/ui/ContactBadge;--->onContactUriChanged()V
06-05 15:53:30.661 13869 13869 D M_InsDal: Lcom/fsck/k9/ui/ContactBadge;--->isAssigned()Z
06-05 15:53:30.661 13869 13869 D M_InsDal: Lcom/fsck/k9/activity/misc/ContactPictureLoader;--->loadContactPicture(Lcom/fsck/k9/mail/Address;Landroid/widget/ImageView;)V
06-05 15:53:30.661 13869 13869 D M_InsDal: Lcom/fsck/k9/mail/Address;--->getAddress()Ljava/lang/String;
06-05 15:53:30.661 13869 13869 D M_InsDal: Lcom/fsck/k9/helper/Contacts;--->getPhotoUri(Ljava/lang/String;)Landroid/net/Uri;
06-05 15:53:30.661 13869 13869 D M_InsDal: Lcom/fsck/k9/helper/Contacts;--->getContactByAddress(Ljava/lang/String;)Landroid/database/Cursor;
06-05 15:53:30.663 13869 13869 D M_InsDal: Lcom/fsck/k9/activity/misc/ContactPictureLoader;--->loadContactPicture(Landroid/net/Uri;Lcom/fsck/k9/mail/Address;Landroid/widget/ImageView;)V
06-05 15:53:30.663 13869 13869 D M_InsDal: Lcom/fsck/k9/activity/misc/ContactPictureLoader;--->loadFallbackPicture(Lcom/fsck/k9/mail/Address;Landroid/widget/ImageView;)V
06-05 15:53:30.663 13869 13869 D M_InsDal: Lcom/fsck/k9/activity/misc/ContactPictureLoader$FallbackGlideModelLoader;---><init>(Lcom/fsck/k9/activity/misc/ContactPictureLoader;)V
06-05 15:53:30.663 13869 13869 D M_InsDal: Lcom/fsck/k9/activity/misc/ContactPictureLoader$FallbackGlideBitmapDecoder;---><init>(Lcom/fsck/k9/activity/misc/ContactPictureLoader;Landroid/content/Context;)V
06-05 15:53:30.663 13869 13869 D M_InsDal: Lcom/fsck/k9/activity/misc/ContactPictureLoader$FallbackGlideParams;---><init>(Lcom/fsck/k9/activity/misc/ContactPictureLoader;Lcom/fsck/k9/mail/Address;)V
06-05 15:53:30.663 13869 13869 D M_InsDal: Lcom/fsck/k9/fragment/MessageListAdapter;--->setBackgroundColor(Landroid/view/View;ZZ)V
06-05 15:53:30.663 13869 13869 D M_InsDal: Lcom/fsck/k9/K9;--->useBackgroundAsUnreadIndicator()Z
06-05 15:53:30.663 13869 13869 D M_InsDal: Lcom/fsck/k9/fragment/MessageListAdapter;--->updateWithThreadCount(Lcom/fsck/k9/fragment/MessageViewHolder;I)V
06-05 15:53:30.663 13869 13869 D M_InsDal: Lcom/fsck/k9/fragment/MessageListAdapter;--->recipientSigil(ZZ)Ljava/lang/String;
06-05 15:53:30.663 13869 13869 D M_InsDal: Lcom/fsck/k9/fragment/MessageListAdapter;--->getPreview(Landroid/database/Cursor;)Ljava/lang/String;
06-05 15:53:30.663 13869 13869 D M_InsDal: Lcom/fsck/k9/provider/EmailProvider$SpecialColumnsCursor;--->getString(I)Ljava/lang/String;
06-05 15:53:30.663 13869 13869 D M_InsDal: Lcom/fsck/k9/mailstore/DatabasePreviewType;--->fromDatabaseValue(Ljava/lang/String;)Lcom/fsck/k9/mailstore/DatabasePreviewType;
06-05 15:53:30.663 13869 13869 D M_InsDal: Lcom/fsck/k9/mailstore/DatabasePreviewType;--->values()[Lcom/fsck/k9/mailstore/DatabasePreviewType;
06-05 15:53:30.663 13869 13869 D M_InsDal: Lcom/fsck/k9/mailstore/DatabasePreviewType;--->getDatabaseValue()Ljava/lang/String;
06-05 15:53:30.663 13869 13869 D M_InsDal: Lcom/fsck/k9/mailstore/DatabasePreviewType;--->getDatabaseValue()Ljava/lang/String;
06-05 15:53:30.663 13869 13869 D M_InsDal: Lcom/fsck/k9/provider/EmailProvider$SpecialColumnsCursor;--->getString(I)Ljava/lang/String;
06-05 15:53:30.663 13869 13869 D M_InsDal: Lcom/fsck/k9/fragment/MessageListAdapter;--->formatPreviewText(Landroid/widget/TextView;Ljava/lang/CharSequence;Ljava/lang/String;)V
06-05 15:53:30.663 13869 13869 D M_InsDal: Lcom/fsck/k9/fragment/MessageListAdapter;--->buildSenderSpan()Landroid/text/style/AbsoluteSizeSpan;
06-05 15:53:30.663 13869 13869 D M_InsDal: Lcom/fsck/k9/FontSizes;--->getMessageListSender()I
06-05 15:53:30.664 13869 13869 D M_InsDal: Lcom/fsck/k9/fragment/MessageListAdapter;--->buildPreviewSpanColor()I
06-05 15:53:30.664 13869 13869 D M_InsDal: Lcom/fsck/k9/K9;--->getK9Theme()Lcom/fsck/k9/K9$Theme;
06-05 15:53:30.664 13869 13869 D M_InsDal: Lcom/fsck/k9/fragment/MessageListAdapter;--->buildStatusHolder(ZZ)Landroid/graphics/drawable/Drawable;
06-05 15:53:30.664 13869 13869 D M_InsDal: Lcom/fsck/k9/cache/EmailProviderCacheCursor;--->getCount()I
06-05 15:53:30.664 13869 13869 D M_InsDal: Lcom/fsck/k9/cache/EmailProviderCacheCursor;--->moveToPosition(I)Z
06-05 15:53:30.664 13869 13869 D M_InsDal: Lcom/fsck/k9/provider/EmailProvider$SpecialColumnsCursor;--->getLong(I)J
06-05 15:53:30.664 13869 13869 D M_InsDal: Lcom/fsck/k9/cache/EmailProviderCacheCursor;--->getCount()I
06-05 15:53:30.664 13869 13869 D M_InsDal: Lcom/fsck/k9/cache/EmailProviderCacheCursor;--->getCount()I
06-05 15:53:30.771 13869 13869 D M_InsDal: Lcom/fsck/k9/cache/EmailProviderCacheCursor;--->getCount()I
06-05 15:53:30.771 13869 13869 D M_InsDal: Lcom/fsck/k9/cache/EmailProviderCacheCursor;--->getCount()I
06-05 15:53:30.858 13869 13894 D M_InsDal: Lcom/fsck/k9/mail/store/imap/ImapResponseParser;--->readTaggedResponse(Lcom/fsck/k9/mail/store/imap/ImapResponseCallback;)V
06-05 15:53:30.858 13869 13894 D M_InsDal: Lcom/fsck/k9/mail/store/imap/ImapResponseParser;--->parseTaggedResponse()Ljava/lang/String;
06-05 15:53:30.858 13869 13894 D M_InsDal: Lcom/fsck/k9/mail/store/imap/ImapResponseParser;--->readStringUntil(C)Ljava/lang/String;
06-05 15:53:30.858 13869 13894 D M_InsDal: Lcom/fsck/k9/mail/filter/PeekableInputStream;--->read()I
06-05 15:53:30.858 13869 13894 D M_InsDal: Lcom/fsck/k9/mail/filter/PeekableInputStream;--->read()I
06-05 15:53:30.858 13869 13894 D M_InsDal: Lcom/fsck/k9/mail/store/imap/ImapResponse;--->newTaggedResponse(Lcom/fsck/k9/mail/store/imap/ImapResponseCallback;Ljava/lang/String;)Lcom/fsck/k9/mail/store/imap/ImapResponse;
06-05 15:53:30.858 13869 13894 D M_InsDal: Lcom/fsck/k9/mail/store/imap/ImapResponse;---><init>(Lcom/fsck/k9/mail/store/imap/ImapResponseCallback;ZLjava/lang/String;)V
06-05 15:53:30.858 13869 13894 D M_InsDal: Lcom/fsck/k9/mail/store/imap/ImapList;---><init>()V
06-05 15:53:30.858 13869 13894 D M_InsDal: Lcom/fsck/k9/mail/store/imap/ImapResponseParser;--->readTokens(Lcom/fsck/k9/mail/store/imap/ImapResponse;)V
06-05 15:53:30.858 13869 13894 D M_InsDal: Lcom/fsck/k9/mail/store/imap/ImapResponseParser;--->readToken(Lcom/fsck/k9/mail/store/imap/ImapResponse;)Ljava/lang/Object;
06-05 15:53:30.858 13869 13894 D M_InsDal: Lcom/fsck/k9/mail/store/imap/ImapResponseParser;--->parseToken(Lcom/fsck/k9/mail/store/imap/ImapList;)Ljava/lang/Object;
06-05 15:53:30.858 13869 13894 D M_InsDal: Lcom/fsck/k9/mail/filter/PeekableInputStream;--->peek()I
06-05 15:53:30.858 13869 13894 D M_InsDal: Lcom/fsck/k9/mail/store/imap/ImapResponseParser;--->parseBareString(Z)Ljava/lang/String;
06-05 15:53:30.858 13869 13894 D M_InsDal: Lcom/fsck/k9/mail/filter/PeekableInputStream;--->peek()I
06-05 15:53:30.858 13869 13894 D M_InsDal: Lcom/fsck/k9/mail/filter/PeekableInputStream;--->read()I
06-05 15:53:30.858 13869 13894 D M_InsDal: Lcom/fsck/k9/mail/filter/PeekableInputStream;--->peek()I
06-05 15:53:30.858 13869 13894 D M_InsDal: Lcom/fsck/k9/mail/filter/PeekableInputStream;--->read()I
06-05 15:53:30.858 13869 13894 D M_InsDal: Lcom/fsck/k9/mail/filter/PeekableInputStream;--->peek()I
06-05 15:53:30.859 13869 13894 D M_InsDal: Lcom/fsck/k9/mail/store/imap/ImapResponseParser;--->checkTokenIsString(Ljava/lang/Object;)V
06-05 15:53:30.859 13869 13894 D M_InsDal: Lcom/fsck/k9/mail/store/imap/ImapResponseParser;--->isStatusResponse(Ljava/lang/String;)Z
06-05 15:53:30.859 13869 13894 D M_InsDal: Lcom/fsck/k9/mail/store/imap/ImapResponseParser;--->parseResponseText(Lcom/fsck/k9/mail/store/imap/ImapResponse;)V
06-05 15:53:30.859 13869 13894 D M_InsDal: Lcom/fsck/k9/mail/store/imap/ImapResponseParser;--->skipIfSpace()V
06-05 15:53:30.859 13869 13894 D M_InsDal: Lcom/fsck/k9/mail/filter/PeekableInputStream;--->peek()I
06-05 15:53:30.859 13869 13894 D M_InsDal: Lcom/fsck/k9/mail/store/imap/ImapResponseParser;--->expect(C)V
06-05 15:53:30.859 13869 13894 D M_InsDal: Lcom/fsck/k9/mail/filter/PeekableInputStream;--->read()I
06-05 15:53:30.859 13869 13894 D M_InsDal: Lcom/fsck/k9/mail/filter/PeekableInputStream;--->peek()I
06-05 15:53:30.859 13869 13894 D M_InsDal: Lcom/fsck/k9/mail/store/imap/ImapResponseParser;--->readStringUntilEndOfLine()Ljava/lang/String;
06-05 15:53:30.859 13869 13894 D M_InsDal: Lcom/fsck/k9/mail/store/imap/ImapResponseParser;--->readStringUntil(C)Ljava/lang/String;
06-05 15:53:30.859 13869 13894 D M_InsDal: Lcom/fsck/k9/mail/filter/PeekableInputStream;--->read()I
06-05 15:53:30.859 13869 13894 D M_InsDal: Lcom/fsck/k9/mail/filter/PeekableInputStream;--->read()I
06-05 15:53:30.859 13869 13894 D M_InsDal: Lcom/fsck/k9/mail/store/imap/ImapResponseParser;--->expect(C)V
06-05 15:53:30.859 13869 13894 D M_InsDal: Lcom/fsck/k9/mail/filter/PeekableInputStream;--->read()I
06-05 15:53:30.859 13869 13894 D M_InsDal: Lcom/fsck/k9/mail/K9MailLib;--->isDebug()Z
06-05 15:53:30.859 13869 13894 D M_InsDal: Lcom/fsck/k9/K9$2;--->enabled()Z
06-05 15:53:30.859 13869 13894 D M_InsDal: Lcom/fsck/k9/mail/store/imap/ImapResponse;--->getTag()Ljava/lang/String;
06-05 15:53:30.859 13869 13894 D M_InsDal: Lcom/fsck/k9/mail/store/imap/ImapResponse;--->getTag()Ljava/lang/String;
06-05 15:53:30.859 13869 13894 D M_InsDal: Lcom/fsck/k9/mail/store/imap/ImapResponseParser;--->equalsIgnoreCase(Ljava/lang/Object;Ljava/lang/String;)Z
06-05 15:53:30.859 13869 13894 D M_InsDal: Lcom/fsck/k9/mail/store/imap/ImapConnection;--->extractOrRequestCapabilities(Ljava/util/List;)Ljava/util/List;
06-05 15:53:30.859 13869 13894 D M_InsDal: Lcom/fsck/k9/mail/store/imap/CapabilityResponse;--->parse(Ljava/util/List;)Lcom/fsck/k9/mail/store/imap/CapabilityResponse;
06-05 15:53:30.859 13869 13894 D M_InsDal: Lcom/fsck/k9/mail/store/imap/ImapResponseParser;--->equalsIgnoreCase(Ljava/lang/Object;Ljava/lang/String;)Z
06-05 15:53:30.859 13869 13894 D M_InsDal: Lcom/fsck/k9/mail/store/imap/ImapList;--->isList(I)Z
06-05 15:53:30.859 13869 13894 D M_InsDal: Lcom/fsck/k9/mail/store/imap/ImapList;--->inRange(I)Z
06-05 15:53:30.859 13869 13894 D M_InsDal: Lcom/fsck/k9/mail/store/imap/ImapResponse;--->getTag()Ljava/lang/String;
06-05 15:53:30.859 13869 13894 D M_InsDal: Lcom/fsck/k9/mail/store/imap/ImapConnection;--->getLogId()Ljava/lang/String;
06-05 15:53:30.859 13869 13894 D M_InsDal: Lcom/fsck/k9/mail/store/imap/ImapConnection;--->requestCapabilities()V
06-05 15:53:30.859 13869 13894 D M_InsDal: Lcom/fsck/k9/mail/store/imap/ImapConnection;--->executeSimpleCommand(Ljava/lang/String;)Ljava/util/List;
06-05 15:53:30.859 13869 13894 D M_InsDal: Lcom/fsck/k9/mail/store/imap/ImapConnection;--->executeSimpleCommand(Ljava/lang/String;Z)Ljava/util/List;
06-05 15:53:30.859 13869 13894 D M_InsDal: Lcom/fsck/k9/mail/store/imap/ImapConnection;--->sendCommand(Ljava/lang/String;Z)Ljava/lang/String;
06-05 15:53:30.859 13869 13894 D M_InsDal: Lcom/fsck/k9/mail/store/imap/ImapConnection;--->open()V
06-05 15:53:30.859 13869 13894 D M_InsDal: Lcom/fsck/k9/mail/K9MailLib;--->isDebug()Z
06-05 15:53:30.860 13869 13894 D M_InsDal: Lcom/fsck/k9/K9$2;--->enabled()Z
06-05 15:53:30.860 13869 13894 D M_InsDal: Lcom/fsck/k9/mail/store/imap/ImapConnection;--->getLogId()Ljava/lang/String;
06-05 15:53:30.860 13869 13894 D M_InsDal: Lcom/fsck/k9/mail/store/imap/ImapResponseParser;--->readStatusResponse(Ljava/lang/String;Ljava/lang/String;Ljava/lang/String;Lcom/fsck/k9/mail/store/imap/UntaggedHandler;)Ljava/util/List;
06-05 15:53:30.860 13869 13894 D M_InsDal: Lcom/fsck/k9/mail/store/imap/ImapResponseParser;--->readResponse()Lcom/fsck/k9/mail/store/imap/ImapResponse;
06-05 15:53:30.860 13869 13894 D M_InsDal: Lcom/fsck/k9/mail/store/imap/ImapResponseParser;--->readResponse(Lcom/fsck/k9/mail/store/imap/ImapResponseCallback;)Lcom/fsck/k9/mail/store/imap/ImapResponse;
06-05 15:53:30.860 13869 13894 D M_InsDal: Lcom/fsck/k9/mail/filter/PeekableInputStream;--->peek()I
06-05 15:53:30.885 13869 13869 D M_InsDal: Lcom/fsck/k9/activity/misc/ContactPictureLoader$FallbackGlideModelLoader;--->getResourceFetcher(Lcom/fsck/k9/activity/misc/ContactPictureLoader$FallbackGlideParams;II)Lcom/bumptech/glide/load/data/DataFetcher;
06-05 15:53:30.885 13869 13869 D M_InsDal: Lcom/fsck/k9/activity/misc/ContactPictureLoader$FallbackGlideModelLoader$1;---><init>(Lcom/fsck/k9/activity/misc/ContactPictureLoader$FallbackGlideModelLoader;Lcom/fsck/k9/activity/misc/ContactPictureLoader$FallbackGlideParams;)V
06-05 15:53:30.885 13869 13869 D M_InsDal: Lcom/fsck/k9/activity/misc/ContactPictureLoader$FallbackGlideModelLoader$1;--->getId()Ljava/lang/String;
06-05 15:53:30.885 13869 13869 D M_InsDal: Lcom/fsck/k9/activity/misc/ContactPictureLoader$FallbackGlideParams;--->getId()Ljava/lang/String;
06-05 15:53:30.885 13869 13869 D M_InsDal: Lcom/fsck/k9/mail/Address;--->getAddress()Ljava/lang/String;
06-05 15:53:30.885 13869 13869 D M_InsDal: Lcom/fsck/k9/mail/Address;--->getPersonal()Ljava/lang/String;
06-05 15:53:30.885 13869 13869 D M_InsDal: Lcom/fsck/k9/activity/misc/ContactPictureLoader$FallbackGlideBitmapDecoder;--->getId()Ljava/lang/String;
06-05 15:53:30.886 13869 13869 D M_InsDal: Lcom/fsck/k9/activity/misc/ContactPictureLoader$FallbackGlideModelLoader;--->getResourceFetcher(Lcom/fsck/k9/activity/misc/ContactPictureLoader$FallbackGlideParams;II)Lcom/bumptech/glide/load/data/DataFetcher;
06-05 15:53:30.886 13869 13869 D M_InsDal: Lcom/fsck/k9/activity/misc/ContactPictureLoader$FallbackGlideModelLoader$1;---><init>(Lcom/fsck/k9/activity/misc/ContactPictureLoader$FallbackGlideModelLoader;Lcom/fsck/k9/activity/misc/ContactPictureLoader$FallbackGlideParams;)V
06-05 15:53:30.886 13869 13869 D M_InsDal: Lcom/fsck/k9/activity/misc/ContactPictureLoader$FallbackGlideModelLoader$1;--->getId()Ljava/lang/String;
06-05 15:53:30.886 13869 13869 D M_InsDal: Lcom/fsck/k9/activity/misc/ContactPictureLoader$FallbackGlideParams;--->getId()Ljava/lang/String;
06-05 15:53:30.886 13869 13869 D M_InsDal: Lcom/fsck/k9/mail/Address;--->getAddress()Ljava/lang/String;
06-05 15:53:30.886 13869 13869 D M_InsDal: Lcom/fsck/k9/mail/Address;--->getPersonal()Ljava/lang/String;
06-05 15:53:30.886 13869 13869 D M_InsDal: Lcom/fsck/k9/activity/misc/ContactPictureLoader$FallbackGlideBitmapDecoder;--->getId()Ljava/lang/String;
06-05 15:53:30.886 13869 13869 D M_InsDal: Lcom/fsck/k9/activity/misc/ContactPictureLoader$FallbackGlideModelLoader;--->getResourceFetcher(Lcom/fsck/k9/activity/misc/ContactPictureLoader$FallbackGlideParams;II)Lcom/bumptech/glide/load/data/DataFetcher;
06-05 15:53:30.886 13869 13869 D M_InsDal: Lcom/fsck/k9/activity/misc/ContactPictureLoader$FallbackGlideModelLoader$1;---><init>(Lcom/fsck/k9/activity/misc/ContactPictureLoader$FallbackGlideModelLoader;Lcom/fsck/k9/activity/misc/ContactPictureLoader$FallbackGlideParams;)V
06-05 15:53:30.886 13869 13869 D M_InsDal: Lcom/fsck/k9/activity/misc/ContactPictureLoader$FallbackGlideModelLoader$1;--->getId()Ljava/lang/String;
06-05 15:53:30.886 13869 13869 D M_InsDal: Lcom/fsck/k9/activity/misc/ContactPictureLoader$FallbackGlideParams;--->getId()Ljava/lang/String;
06-05 15:53:30.886 13869 13869 D M_InsDal: Lcom/fsck/k9/mail/Address;--->getAddress()Ljava/lang/String;
06-05 15:53:30.886 13869 13869 D M_InsDal: Lcom/fsck/k9/mail/Address;--->getPersonal()Ljava/lang/String;
06-05 15:53:30.886 13869 13869 D M_InsDal: Lcom/fsck/k9/activity/misc/ContactPictureLoader$FallbackGlideBitmapDecoder;--->getId()Ljava/lang/String;
06-05 15:53:30.886 13869 13869 D M_InsDal: Lcom/fsck/k9/activity/misc/ContactPictureLoader$FallbackGlideBitmapDecoder;--->getId()Ljava/lang/String;
06-05 15:53:30.886 13869 13869 D M_InsDal: Lcom/fsck/k9/activity/misc/ContactPictureLoader$FallbackGlideModelLoader;--->getResourceFetcher(Lcom/fsck/k9/activity/misc/ContactPictureLoader$FallbackGlideParams;II)Lcom/bumptech/glide/load/data/DataFetcher;
06-05 15:53:30.886 13869 13869 D M_InsDal: Lcom/fsck/k9/activity/misc/ContactPictureLoader$FallbackGlideModelLoader$1;---><init>(Lcom/fsck/k9/activity/misc/ContactPictureLoader$FallbackGlideModelLoader;Lcom/fsck/k9/activity/misc/ContactPictureLoader$FallbackGlideParams;)V
06-05 15:53:30.886 13869 13869 D M_InsDal: Lcom/fsck/k9/activity/misc/ContactPictureLoader$FallbackGlideModelLoader$1;--->getId()Ljava/lang/String;
06-05 15:53:30.886 13869 13869 D M_InsDal: Lcom/fsck/k9/activity/misc/ContactPictureLoader$FallbackGlideParams;--->getId()Ljava/lang/String;
06-05 15:53:30.886 13869 13869 D M_InsDal: Lcom/fsck/k9/mail/Address;--->getAddress()Ljava/lang/String;
06-05 15:53:30.886 13869 13869 D M_InsDal: Lcom/fsck/k9/mail/Address;--->getPersonal()Ljava/lang/String;
06-05 15:53:30.886 13869 13869 D M_InsDal: Lcom/fsck/k9/activity/misc/ContactPictureLoader$FallbackGlideBitmapDecoder;--->getId()Ljava/lang/String;
06-05 15:53:30.886 13869 13869 D M_InsDal: Lcom/fsck/k9/activity/misc/ContactPictureLoader$FallbackGlideBitmapDecoder;--->getId()Ljava/lang/String;
06-05 15:53:30.886 13869 13869 D M_InsDal: Lcom/fsck/k9/activity/misc/ContactPictureLoader$FallbackGlideModelLoader;--->getResourceFetcher(Lcom/fsck/k9/activity/misc/ContactPictureLoader$FallbackGlideParams;II)Lcom/bumptech/glide/load/data/DataFetcher;
06-05 15:53:30.886 13869 13869 D M_InsDal: Lcom/fsck/k9/activity/misc/ContactPictureLoader$FallbackGlideModelLoader$1;---><init>(Lcom/fsck/k9/activity/misc/ContactPictureLoader$FallbackGlideModelLoader;Lcom/fsck/k9/activity/misc/ContactPictureLoader$FallbackGlideParams;)V
06-05 15:53:30.886 13869 13869 D M_InsDal: Lcom/fsck/k9/activity/misc/ContactPictureLoader$FallbackGlideModelLoader$1;--->getId()Ljava/lang/String;
06-05 15:53:30.886 13869 13869 D M_InsDal: Lcom/fsck/k9/activity/misc/ContactPictureLoader$FallbackGlideParams;--->getId()Ljava/lang/String;
06-05 15:53:30.886 13869 13869 D M_InsDal: Lcom/fsck/k9/mail/Address;--->getAddress()Ljava/lang/String;
06-05 15:53:30.887 13869 13869 D M_InsDal: Lcom/fsck/k9/mail/Address;--->getPersonal()Ljava/lang/String;
06-05 15:53:30.887 13869 13869 D M_InsDal: Lcom/fsck/k9/activity/misc/ContactPictureLoader$FallbackGlideBitmapDecoder;--->getId()Ljava/lang/String;
06-05 15:53:30.887 13869 13869 D M_InsDal: Lcom/fsck/k9/activity/misc/ContactPictureLoader$FallbackGlideModelLoader;--->getResourceFetcher(Lcom/fsck/k9/activity/misc/ContactPictureLoader$FallbackGlideParams;II)Lcom/bumptech/glide/load/data/DataFetcher;
06-05 15:53:30.887 13869 13869 D M_InsDal: Lcom/fsck/k9/activity/misc/ContactPictureLoader$FallbackGlideModelLoader$1;---><init>(Lcom/fsck/k9/activity/misc/ContactPictureLoader$FallbackGlideModelLoader;Lcom/fsck/k9/activity/misc/ContactPictureLoader$FallbackGlideParams;)V
06-05 15:53:30.887 13869 13869 D M_InsDal: Lcom/fsck/k9/activity/misc/ContactPictureLoader$FallbackGlideModelLoader$1;--->getId()Ljava/lang/String;
06-05 15:53:30.887 13869 13869 D M_InsDal: Lcom/fsck/k9/activity/misc/ContactPictureLoader$FallbackGlideParams;--->getId()Ljava/lang/String;
06-05 15:53:30.887 13869 13869 D M_InsDal: Lcom/fsck/k9/mail/Address;--->getAddress()Ljava/lang/String;
06-05 15:53:30.887 13869 13869 D M_InsDal: Lcom/fsck/k9/mail/Address;--->getPersonal()Ljava/lang/String;
06-05 15:53:30.887 13869 13869 D M_InsDal: Lcom/fsck/k9/activity/misc/ContactPictureLoader$FallbackGlideBitmapDecoder;--->getId()Ljava/lang/String;
06-05 15:53:30.887 13869 13869 D M_InsDal: Lcom/fsck/k9/activity/misc/ContactPictureLoader$FallbackGlideBitmapDecoder;--->getId()Ljava/lang/String;
06-05 15:53:30.887 13869 13869 D M_InsDal: Lcom/fsck/k9/activity/misc/ContactPictureLoader$FallbackGlideModelLoader;--->getResourceFetcher(Lcom/fsck/k9/activity/misc/ContactPictureLoader$FallbackGlideParams;II)Lcom/bumptech/glide/load/data/DataFetcher;
06-05 15:53:30.887 13869 13869 D M_InsDal: Lcom/fsck/k9/activity/misc/ContactPictureLoader$FallbackGlideModelLoader$1;---><init>(Lcom/fsck/k9/activity/misc/ContactPictureLoader$FallbackGlideModelLoader;Lcom/fsck/k9/activity/misc/ContactPictureLoader$FallbackGlideParams;)V
06-05 15:53:30.887 13869 13869 D M_InsDal: Lcom/fsck/k9/activity/misc/ContactPictureLoader$FallbackGlideModelLoader$1;--->getId()Ljava/lang/String;
06-05 15:53:30.887 13869 13869 D M_InsDal: Lcom/fsck/k9/activity/misc/ContactPictureLoader$FallbackGlideParams;--->getId()Ljava/lang/String;
06-05 15:53:30.887 13869 13869 D M_InsDal: Lcom/fsck/k9/mail/Address;--->getAddress()Ljava/lang/String;
06-05 15:53:30.887 13869 13869 D M_InsDal: Lcom/fsck/k9/mail/Address;--->getPersonal()Ljava/lang/String;
06-05 15:53:30.887 13869 13869 D M_InsDal: Lcom/fsck/k9/activity/misc/ContactPictureLoader$FallbackGlideBitmapDecoder;--->getId()Ljava/lang/String;
06-05 15:53:30.887 13869 13869 D M_InsDal: Lcom/fsck/k9/activity/misc/ContactPictureLoader$FallbackGlideBitmapDecoder;--->getId()Ljava/lang/String;
06-05 15:53:30.887 13869 13869 D M_InsDal: Lcom/fsck/k9/activity/misc/ContactPictureLoader$FallbackGlideModelLoader;--->getResourceFetcher(Lcom/fsck/k9/activity/misc/ContactPictureLoader$FallbackGlideParams;II)Lcom/bumptech/glide/load/data/DataFetcher;
06-05 15:53:30.887 13869 13869 D M_InsDal: Lcom/fsck/k9/activity/misc/ContactPictureLoader$FallbackGlideModelLoader$1;---><init>(Lcom/fsck/k9/activity/misc/ContactPictureLoader$FallbackGlideModelLoader;Lcom/fsck/k9/activity/misc/ContactPictureLoader$FallbackGlideParams;)V
06-05 15:53:30.887 13869 13869 D M_InsDal: Lcom/fsck/k9/activity/misc/ContactPictureLoader$FallbackGlideModelLoader$1;--->getId()Ljava/lang/String;
06-05 15:53:30.887 13869 13869 D M_InsDal: Lcom/fsck/k9/activity/misc/ContactPictureLoader$FallbackGlideParams;--->getId()Ljava/lang/String;
06-05 15:53:30.887 13869 13869 D M_InsDal: Lcom/fsck/k9/mail/Address;--->getAddress()Ljava/lang/String;
06-05 15:53:30.887 13869 13869 D M_InsDal: Lcom/fsck/k9/mail/Address;--->getPersonal()Ljava/lang/String;
06-05 15:53:30.887 13869 13869 D M_InsDal: Lcom/fsck/k9/activity/misc/ContactPictureLoader$FallbackGlideBitmapDecoder;--->getId()Ljava/lang/String;
06-05 15:53:30.887 13869 13869 D M_InsDal: Lcom/fsck/k9/activity/misc/ContactPictureLoader$FallbackGlideModelLoader;--->getResourceFetcher(Lcom/fsck/k9/activity/misc/ContactPictureLoader$FallbackGlideParams;II)Lcom/bumptech/glide/load/data/DataFetcher;
06-05 15:53:30.887 13869 13869 D M_InsDal: Lcom/fsck/k9/activity/misc/ContactPictureLoader$FallbackGlideModelLoader$1;---><init>(Lcom/fsck/k9/activity/misc/ContactPictureLoader$FallbackGlideModelLoader;Lcom/fsck/k9/activity/misc/ContactPictureLoader$FallbackGlideParams;)V
06-05 15:53:30.887 13869 13869 D M_InsDal: Lcom/fsck/k9/activity/misc/ContactPictureLoader$FallbackGlideModelLoader$1;--->getId()Ljava/lang/String;
06-05 15:53:30.887 13869 13869 D M_InsDal: Lcom/fsck/k9/activity/misc/ContactPictureLoader$FallbackGlideParams;--->getId()Ljava/lang/String;
06-05 15:53:30.887 13869 13869 D M_InsDal: Lcom/fsck/k9/mail/Address;--->getAddress()Ljava/lang/String;
06-05 15:53:30.887 13869 13869 D M_InsDal: Lcom/fsck/k9/mail/Address;--->getPersonal()Ljava/lang/String;
06-05 15:53:30.887 13869 13869 D M_InsDal: Lcom/fsck/k9/activity/misc/ContactPictureLoader$FallbackGlideBitmapDecoder;--->getId()Ljava/lang/String;
06-05 15:53:30.887 13869 13869 D M_InsDal: Lcom/fsck/k9/activity/misc/ContactPictureLoader$FallbackGlideBitmapDecoder;--->getId()Ljava/lang/String;
06-05 15:53:30.888 13869 13869 D M_InsDal: Lcom/fsck/k9/cache/EmailProviderCacheCursor;--->getCount()I
06-05 15:53:30.888 13869 13894 D M_InsDal: Lcom/fsck/k9/mail/store/imap/ImapResponseParser;--->readUntaggedResponse(Lcom/fsck/k9/mail/store/imap/ImapResponseCallback;)V
06-05 15:53:30.888 13869 13869 D M_InsDal: Lcom/fsck/k9/cache/EmailProviderCacheCursor;--->getCount()I
06-05 15:53:30.888 13869 13894 D M_InsDal: Lcom/fsck/k9/mail/store/imap/ImapResponseParser;--->parseUntaggedResponse()V
06-05 15:53:30.888 13869 13894 D M_InsDal: Lcom/fsck/k9/mail/store/imap/ImapResponseParser;--->expect(C)V
06-05 15:53:30.888 13869 13894 D M_InsDal: Lcom/fsck/k9/mail/filter/PeekableInputStream;--->read()I
06-05 15:53:30.888 13869 13894 D M_InsDal: Lcom/fsck/k9/mail/store/imap/ImapResponseParser;--->expect(C)V
06-05 15:53:30.888 13869 13894 D M_InsDal: Lcom/fsck/k9/mail/filter/PeekableInputStream;--->read()I
06-05 15:53:30.888 13869 13894 D M_InsDal: Lcom/fsck/k9/mail/store/imap/ImapResponse;--->newUntaggedResponse(Lcom/fsck/k9/mail/store/imap/ImapResponseCallback;)Lcom/fsck/k9/mail/store/imap/ImapResponse;
06-05 15:53:30.888 13869 13869 D M_InsDal: Lcom/fsck/k9/cache/EmailProviderCacheCursor;--->getCount()I
06-05 15:53:30.888 13869 13869 D M_InsDal: Lcom/fsck/k9/cache/EmailProviderCacheCursor;--->getCount()I
06-05 15:53:30.888 13869 13894 D M_InsDal: Lcom/fsck/k9/mail/store/imap/ImapResponse;---><init>(Lcom/fsck/k9/mail/store/imap/ImapResponseCallback;ZLjava/lang/String;)V
06-05 15:53:30.888 13869 13869 D M_InsDal: Lcom/fsck/k9/cache/EmailProviderCacheCursor;--->getCount()I
06-05 15:53:30.888 13869 13894 D M_InsDal: Lcom/fsck/k9/mail/store/imap/ImapList;---><init>()V
06-05 15:53:30.888 13869 13869 D M_InsDal: Lcom/fsck/k9/cache/EmailProviderCacheCursor;--->getCount()I
06-05 15:53:30.888 13869 13869 D M_InsDal: Lcom/fsck/k9/cache/EmailProviderCacheCursor;--->getCount()I
06-05 15:53:30.888 13869 13894 D M_InsDal: Lcom/fsck/k9/mail/store/imap/ImapResponseParser;--->readTokens(Lcom/fsck/k9/mail/store/imap/ImapResponse;)V
06-05 15:53:30.888 13869 13903 D M_InsDal: Lcom/fsck/k9/activity/misc/ContactPictureLoader$FallbackGlideModelLoader$1;--->loadData(Lcom/bumptech/glide/Priority;)Lcom/fsck/k9/activity/misc/ContactPictureLoader$FallbackGlideParams;
06-05 15:53:30.888 13869 13894 D M_InsDal: Lcom/fsck/k9/mail/store/imap/ImapResponseParser;--->readToken(Lcom/fsck/k9/mail/store/imap/ImapResponse;)Ljava/lang/Object;
06-05 15:53:30.888 13869 13894 D M_InsDal: Lcom/fsck/k9/mail/store/imap/ImapResponseParser;--->parseToken(Lcom/fsck/k9/mail/store/imap/ImapList;)Ljava/lang/Object;
06-05 15:53:30.888 13869 13894 D M_InsDal: Lcom/fsck/k9/mail/filter/PeekableInputStream;--->peek()I
06-05 15:53:30.888 13869 13902 D M_InsDal: Lcom/fsck/k9/activity/misc/ContactPictureLoader$FallbackGlideModelLoader$1;--->loadData(Lcom/bumptech/glide/Priority;)Lcom/fsck/k9/activity/misc/ContactPictureLoader$FallbackGlideParams;
06-05 15:53:30.888 13869 13894 D M_InsDal: Lcom/fsck/k9/mail/store/imap/ImapResponseParser;--->parseBareString(Z)Ljava/lang/String;
06-05 15:53:30.888 13869 13894 D M_InsDal: Lcom/fsck/k9/mail/filter/PeekableInputStream;--->peek()I
06-05 15:53:30.888 13869 13894 D M_InsDal: Lcom/fsck/k9/mail/filter/PeekableInputStream;--->read()I
06-05 15:53:30.888 13869 13894 D M_InsDal: Lcom/fsck/k9/mail/filter/PeekableInputStream;--->peek()I
06-05 15:53:30.888 13869 13894 D M_InsDal: Lcom/fsck/k9/mail/filter/PeekableInputStream;--->read()I
06-05 15:53:30.888 13869 13894 D M_InsDal: Lcom/fsck/k9/mail/filter/PeekableInputStream;--->peek()I
06-05 15:53:30.888 13869 13894 D M_InsDal: Lcom/fsck/k9/mail/filter/PeekableInputStream;--->read()I
06-05 15:53:30.888 13869 13894 D M_InsDal: Lcom/fsck/k9/mail/filter/PeekableInputStream;--->peek()I
06-05 15:53:30.888 13869 13894 D M_InsDal: Lcom/fsck/k9/mail/filter/PeekableInputStream;--->read()I
06-05 15:53:30.888 13869 13894 D M_InsDal: Lcom/fsck/k9/mail/filter/PeekableInputStream;--->peek()I
06-05 15:53:30.888 13869 13894 D M_InsDal: Lcom/fsck/k9/mail/filter/PeekableInputStream;--->read()I
06-05 15:53:30.888 13869 13894 D M_InsDal: Lcom/fsck/k9/mail/filter/PeekableInputStream;--->peek()I
06-05 15:53:30.888 13869 13894 D M_InsDal: Lcom/fsck/k9/mail/filter/PeekableInputStream;--->read()I
06-05 15:53:30.888 13869 13894 D M_InsDal: Lcom/fsck/k9/mail/filter/PeekableInputStream;--->peek()I
06-05 15:53:30.888 13869 13894 D M_InsDal: Lcom/fsck/k9/mail/filter/PeekableInputStream;--->read()I
06-05 15:53:30.888 13869 13894 D M_InsDal: Lcom/fsck/k9/mail/filter/PeekableInputStream;--->peek()I
06-05 15:53:30.888 13869 13894 D M_InsDal: Lcom/fsck/k9/mail/filter/PeekableInputStream;--->read()I
06-05 15:53:30.888 13869 13894 D M_InsDal: Lcom/fsck/k9/mail/filter/PeekableInputStream;--->peek()I
06-05 15:53:30.888 13869 13894 D M_InsDal: Lcom/fsck/k9/mail/filter/PeekableInputStream;--->read()I
06-05 15:53:30.888 13869 13894 D M_InsDal: Lcom/fsck/k9/mail/filter/PeekableInputStream;--->peek()I
06-05 15:53:30.888 13869 13894 D M_InsDal: Lcom/fsck/k9/mail/filter/PeekableInputStream;--->read()I
06-05 15:53:30.888 13869 13894 D M_InsDal: Lcom/fsck/k9/mail/filter/PeekableInputStream;--->peek()I
06-05 15:53:30.888 13869 13894 D M_InsDal: Lcom/fsck/k9/mail/store/imap/ImapResponseParser;--->checkTokenIsString(Ljava/lang/Object;)V
06-05 15:53:30.888 13869 13894 D M_InsDal: Lcom/fsck/k9/mail/store/imap/ImapResponseParser;--->isStatusResponse(Ljava/lang/String;)Z
06-05 15:53:30.888 13869 13894 D M_InsDal: Lcom/fsck/k9/mail/store/imap/ImapResponseParser;--->equalsIgnoreCase(Ljava/lang/Object;Ljava/lang/String;)Z
