06-05 15:53:30.888 13869 13894 D M_InsDal: Lcom/fsck/k9/mail/store/imap/ImapResponseParser;--->equalsIgnoreCase(Ljava/lang/Object;Ljava/lang/String;)Z
06-05 15:53:30.888 13869 13894 D M_InsDal: Lcom/fsck/k9/mail/store/imap/ImapResponseParser;--->readToken(Lcom/fsck/k9/mail/store/imap/ImapResponse;)Ljava/lang/Object;
06-05 15:53:30.888 13869 13894 D M_InsDal: Lcom/fsck/k9/mail/store/imap/ImapResponseParser;--->parseToken(Lcom/fsck/k9/mail/store/imap/ImapList;)Ljava/lang/Object;
06-05 15:53:30.888 13869 13894 D M_InsDal: Lcom/fsck/k9/mail/filter/PeekableInputStream;--->peek()I
06-05 15:53:30.888 13869 13894 D M_InsDal: Lcom/fsck/k9/mail/store/imap/ImapResponseParser;--->expect(C)V
06-05 15:53:30.888 13869 13894 D M_InsDal: Lcom/fsck/k9/mail/filter/PeekableInputStream;--->read()I
06-05 15:53:30.888 13869 13894 D M_InsDal: Lcom/fsck/k9/mail/filter/PeekableInputStream;--->peek()I
06-05 15:53:30.888 13869 13894 D M_InsDal: Lcom/fsck/k9/mail/store/imap/ImapResponseParser;--->parseBareString(Z)Ljava/lang/String;
06-05 15:53:30.888 13869 13894 D M_InsDal: Lcom/fsck/k9/mail/filter/PeekableInputStream;--->peek()I
06-05 15:53:30.888 13869 13894 D M_InsDal: Lcom/fsck/k9/mail/filter/PeekableInputStream;--->read()I
06-05 15:53:30.888 13869 13894 D M_InsDal: Lcom/fsck/k9/mail/filter/PeekableInputStream;--->peek()I
06-05 15:53:30.888 13869 13894 D M_InsDal: Lcom/fsck/k9/mail/filter/PeekableInputStream;--->read()I
06-05 15:53:30.888 13869 13894 D M_InsDal: Lcom/fsck/k9/mail/filter/PeekableInputStream;--->peek()I
06-05 15:53:30.888 13869 13894 D M_InsDal: Lcom/fsck/k9/mail/filter/PeekableInputStream;--->read()I
06-05 15:53:30.888 13869 13894 D M_InsDal: Lcom/fsck/k9/mail/filter/PeekableInputStream;--->peek()I
06-05 15:53:30.888 13869 13894 D M_InsDal: Lcom/fsck/k9/mail/filter/PeekableInputStream;--->read()I
06-05 15:53:30.888 13869 13894 D M_InsDal: Lcom/fsck/k9/mail/filter/PeekableInputStream;--->peek()I
06-05 15:53:30.888 13869 13894 D M_InsDal: Lcom/fsck/k9/mail/filter/PeekableInputStream;--->read()I
06-05 15:53:30.888 13869 13894 D M_InsDal: Lcom/fsck/k9/mail/filter/PeekableInputStream;--->peek()I
06-05 15:53:30.888 13869 13894 D M_InsDal: Lcom/fsck/k9/mail/store/imap/ImapResponseParser;--->readToken(Lcom/fsck/k9/mail/store/imap/ImapResponse;)Ljava/lang/Object;
06-05 15:53:30.888 13869 13894 D M_InsDal: Lcom/fsck/k9/mail/store/imap/ImapResponseParser;--->parseToken(Lcom/fsck/k9/mail/store/imap/ImapList;)Ljava/lang/Object;
06-05 15:53:30.888 13869 13894 D M_InsDal: Lcom/fsck/k9/mail/filter/PeekableInputStream;--->peek()I
06-05 15:53:30.888 13869 13894 D M_InsDal: Lcom/fsck/k9/mail/store/imap/ImapResponseParser;--->expect(C)V
06-05 15:53:30.888 13869 13894 D M_InsDal: Lcom/fsck/k9/mail/filter/PeekableInputStream;--->read()I
06-05 15:53:30.888 13869 13894 D M_InsDal: Lcom/fsck/k9/mail/filter/PeekableInputStream;--->peek()I
06-05 15:53:30.888 13869 13894 D M_InsDal: Lcom/fsck/k9/mail/store/imap/ImapResponseParser;--->parseBareString(Z)Ljava/lang/String;
06-05 15:53:30.888 13869 13894 D M_InsDal: Lcom/fsck/k9/mail/filter/PeekableInputStream;--->peek()I
06-05 15:53:30.888 13869 13894 D M_InsDal: Lcom/fsck/k9/mail/filter/PeekableInputStream;--->read()I
06-05 15:53:30.888 13869 13894 D M_InsDal: Lcom/fsck/k9/mail/filter/PeekableInputStream;--->peek()I
06-05 15:53:30.888 13869 13894 D M_InsDal: Lcom/fsck/k9/mail/filter/PeekableInputStream;--->read()I
06-05 15:53:30.888 13869 13894 D M_InsDal: Lcom/fsck/k9/mail/filter/PeekableInputStream;--->peek()I
06-05 15:53:30.888 13869 13894 D M_InsDal: Lcom/fsck/k9/mail/filter/PeekableInputStream;--->read()I
06-05 15:53:30.888 13869 13894 D M_InsDal: Lcom/fsck/k9/mail/filter/PeekableInputStream;--->peek()I
06-05 15:53:30.888 13869 13894 D M_InsDal: Lcom/fsck/k9/mail/filter/PeekableInputStream;--->read()I
06-05 15:53:30.888 13869 13894 D M_InsDal: Lcom/fsck/k9/mail/filter/PeekableInputStream;--->peek()I
06-05 15:53:30.888 13869 13894 D M_InsDal: Lcom/fsck/k9/mail/filter/PeekableInputStream;--->read()I
06-05 15:53:30.888 13869 13894 D M_InsDal: Lcom/fsck/k9/mail/filter/PeekableInputStream;--->peek()I
06-05 15:53:30.888 13869 13894 D M_InsDal: Lcom/fsck/k9/mail/filter/PeekableInputStream;--->read()I
06-05 15:53:30.888 13869 13894 D M_InsDal: Lcom/fsck/k9/mail/filter/PeekableInputStream;--->peek()I
06-05 15:53:30.888 13869 13894 D M_InsDal: Lcom/fsck/k9/mail/filter/PeekableInputStream;--->read()I
06-05 15:53:30.888 13869 13894 D M_InsDal: Lcom/fsck/k9/mail/filter/PeekableInputStream;--->peek()I
06-05 15:53:30.888 13869 13894 D M_InsDal: Lcom/fsck/k9/mail/filter/PeekableInputStream;--->read()I
06-05 15:53:30.888 13869 13894 D M_InsDal: Lcom/fsck/k9/mail/filter/PeekableInputStream;--->peek()I
06-05 15:53:30.888 13869 13894 D M_InsDal: Lcom/fsck/k9/mail/filter/PeekableInputStream;--->read()I
06-05 15:53:30.888 13869 13894 D M_InsDal: Lcom/fsck/k9/mail/filter/PeekableInputStream;--->peek()I
06-05 15:53:30.888 13869 13894 D M_InsDal: Lcom/fsck/k9/mail/store/imap/ImapResponseParser;--->readToken(Lcom/fsck/k9/mail/store/imap/ImapResponse;)Ljava/lang/Object;
06-05 15:53:30.888 13869 13894 D M_InsDal: Lcom/fsck/k9/mail/store/imap/ImapResponseParser;--->parseToken(Lcom/fsck/k9/mail/store/imap/ImapList;)Ljava/lang/Object;
06-05 15:53:30.888 13869 13894 D M_InsDal: Lcom/fsck/k9/mail/filter/PeekableInputStream;--->peek()I
06-05 15:53:30.888 13869 13894 D M_InsDal: Lcom/fsck/k9/mail/store/imap/ImapResponseParser;--->expect(C)V
06-05 15:53:30.888 13869 13894 D M_InsDal: Lcom/fsck/k9/mail/filter/PeekableInputStream;--->read()I
06-05 15:53:30.888 13869 13894 D M_InsDal: Lcom/fsck/k9/mail/filter/PeekableInputStream;--->peek()I
06-05 15:53:30.888 13869 13894 D M_InsDal: Lcom/fsck/k9/mail/store/imap/ImapResponseParser;--->parseBareString(Z)Ljava/lang/String;
06-05 15:53:30.888 13869 13894 D M_InsDal: Lcom/fsck/k9/mail/filter/PeekableInputStream;--->peek()I
06-05 15:53:30.888 13869 13894 D M_InsDal: Lcom/fsck/k9/mail/filter/PeekableInputStream;--->read()I
06-05 15:53:30.888 13869 13894 D M_InsDal: Lcom/fsck/k9/mail/filter/PeekableInputStream;--->peek()I
06-05 15:53:30.888 13869 13894 D M_InsDal: Lcom/fsck/k9/mail/filter/PeekableInputStream;--->read()I
06-05 15:53:30.888 13869 13894 D M_InsDal: Lcom/fsck/k9/mail/filter/PeekableInputStream;--->peek()I
06-05 15:53:30.888 13869 13894 D M_InsDal: Lcom/fsck/k9/mail/filter/PeekableInputStream;--->read()I
06-05 15:53:30.888 13869 13894 D M_InsDal: Lcom/fsck/k9/mail/filter/PeekableInputStream;--->peek()I
06-05 15:53:30.888 13869 13894 D M_InsDal: Lcom/fsck/k9/mail/filter/PeekableInputStream;--->read()I
06-05 15:53:30.888 13869 13894 D M_InsDal: Lcom/fsck/k9/mail/filter/PeekableInputStream;--->peek()I
06-05 15:53:30.888 13869 13894 D M_InsDal: Lcom/fsck/k9/mail/filter/PeekableInputStream;--->read()I
06-05 15:53:30.888 13869 13894 D M_InsDal: Lcom/fsck/k9/mail/filter/PeekableInputStream;--->peek()I
06-05 15:53:30.888 13869 13894 D M_InsDal: Lcom/fsck/k9/mail/store/imap/ImapResponseParser;--->readToken(Lcom/fsck/k9/mail/store/imap/ImapResponse;)Ljava/lang/Object;
06-05 15:53:30.888 13869 13894 D M_InsDal: Lcom/fsck/k9/mail/store/imap/ImapResponseParser;--->parseToken(Lcom/fsck/k9/mail/store/imap/ImapList;)Ljava/lang/Object;
06-05 15:53:30.888 13869 13894 D M_InsDal: Lcom/fsck/k9/mail/filter/PeekableInputStream;--->peek()I
06-05 15:53:30.888 13869 13894 D M_InsDal: Lcom/fsck/k9/mail/store/imap/ImapResponseParser;--->expect(C)V
06-05 15:53:30.888 13869 13894 D M_InsDal: Lcom/fsck/k9/mail/filter/PeekableInputStream;--->read()I
06-05 15:53:30.888 13869 13894 D M_InsDal: Lcom/fsck/k9/mail/filter/PeekableInputStream;--->peek()I
06-05 15:53:30.888 13869 13894 D M_InsDal: Lcom/fsck/k9/mail/store/imap/ImapResponseParser;--->parseBareString(Z)Ljava/lang/String;
06-05 15:53:30.888 13869 13894 D M_InsDal: Lcom/fsck/k9/mail/filter/PeekableInputStream;--->peek()I
06-05 15:53:30.888 13869 13894 D M_InsDal: Lcom/fsck/k9/mail/filter/PeekableInputStream;--->read()I
06-05 15:53:30.888 13869 13894 D M_InsDal: Lcom/fsck/k9/mail/filter/PeekableInputStream;--->peek()I
06-05 15:53:30.888 13869 13894 D M_InsDal: Lcom/fsck/k9/mail/filter/PeekableInputStream;--->read()I
06-05 15:53:30.888 13869 13894 D M_InsDal: Lcom/fsck/k9/mail/filter/PeekableInputStream;--->peek()I
06-05 15:53:30.888 13869 13894 D M_InsDal: Lcom/fsck/k9/mail/filter/PeekableInputStream;--->read()I
06-05 15:53:30.888 13869 13894 D M_InsDal: Lcom/fsck/k9/mail/filter/PeekableInputStream;--->peek()I
06-05 15:53:30.888 13869 13894 D M_InsDal: Lcom/fsck/k9/mail/filter/PeekableInputStream;--->read()I
06-05 15:53:30.888 13869 13894 D M_InsDal: Lcom/fsck/k9/mail/filter/PeekableInputStream;--->peek()I
06-05 15:53:30.888 13869 13894 D M_InsDal: Lcom/fsck/k9/mail/store/imap/ImapResponseParser;--->readToken(Lcom/fsck/k9/mail/store/imap/ImapResponse;)Ljava/lang/Object;
06-05 15:53:30.888 13869 13894 D M_InsDal: Lcom/fsck/k9/mail/store/imap/ImapResponseParser;--->parseToken(Lcom/fsck/k9/mail/store/imap/ImapList;)Ljava/lang/Object;
06-05 15:53:30.888 13869 13894 D M_InsDal: Lcom/fsck/k9/mail/filter/PeekableInputStream;--->peek()I
06-05 15:53:30.888 13869 13894 D M_InsDal: Lcom/fsck/k9/mail/store/imap/ImapResponseParser;--->expect(C)V
06-05 15:53:30.888 13869 13894 D M_InsDal: Lcom/fsck/k9/mail/filter/PeekableInputStream;--->read()I
06-05 15:53:30.888 13869 13894 D M_InsDal: Lcom/fsck/k9/mail/filter/PeekableInputStream;--->peek()I
06-05 15:53:30.888 13869 13894 D M_InsDal: Lcom/fsck/k9/mail/store/imap/ImapResponseParser;--->parseBareString(Z)Ljava/lang/String;
06-05 15:53:30.888 13869 13894 D M_InsDal: Lcom/fsck/k9/mail/filter/PeekableInputStream;--->peek()I
06-05 15:53:30.888 13869 13894 D M_InsDal: Lcom/fsck/k9/mail/filter/PeekableInputStream;--->read()I
06-05 15:53:30.888 13869 13894 D M_InsDal: Lcom/fsck/k9/mail/filter/PeekableInputStream;--->peek()I
06-05 15:53:30.888 13869 13894 D M_InsDal: Lcom/fsck/k9/mail/filter/PeekableInputStream;--->read()I
06-05 15:53:30.888 13869 13894 D M_InsDal: Lcom/fsck/k9/mail/filter/PeekableInputStream;--->peek()I
06-05 15:53:30.888 13869 13894 D M_InsDal: Lcom/fsck/k9/mail/filter/PeekableInputStream;--->read()I
06-05 15:53:30.888 13869 13894 D M_InsDal: Lcom/fsck/k9/mail/filter/PeekableInputStream;--->peek()I
06-05 15:53:30.888 13869 13894 D M_InsDal: Lcom/fsck/k9/mail/filter/PeekableInputStream;--->read()I
06-05 15:53:30.888 13869 13894 D M_InsDal: Lcom/fsck/k9/mail/filter/PeekableInputStream;--->peek()I
06-05 15:53:30.888 13869 13894 D M_InsDal: Lcom/fsck/k9/mail/store/imap/ImapResponseParser;--->readToken(Lcom/fsck/k9/mail/store/imap/ImapResponse;)Ljava/lang/Object;
06-05 15:53:30.888 13869 13894 D M_InsDal: Lcom/fsck/k9/mail/store/imap/ImapResponseParser;--->parseToken(Lcom/fsck/k9/mail/store/imap/ImapList;)Ljava/lang/Object;
06-05 15:53:30.888 13869 13894 D M_InsDal: Lcom/fsck/k9/mail/filter/PeekableInputStream;--->peek()I
06-05 15:53:30.888 13869 13894 D M_InsDal: Lcom/fsck/k9/mail/store/imap/ImapResponseParser;--->expect(C)V
06-05 15:53:30.888 13869 13894 D M_InsDal: Lcom/fsck/k9/mail/filter/PeekableInputStream;--->read()I
06-05 15:53:30.888 13869 13894 D M_InsDal: Lcom/fsck/k9/mail/filter/PeekableInputStream;--->peek()I
06-05 15:53:30.888 13869 13894 D M_InsDal: Lcom/fsck/k9/mail/store/imap/ImapResponseParser;--->parseBareString(Z)Ljava/lang/String;
06-05 15:53:30.888 13869 13894 D M_InsDal: Lcom/fsck/k9/mail/filter/PeekableInputStream;--->peek()I
06-05 15:53:30.888 13869 13894 D M_InsDal: Lcom/fsck/k9/mail/filter/PeekableInputStream;--->read()I
06-05 15:53:30.888 13869 13894 D M_InsDal: Lcom/fsck/k9/mail/filter/PeekableInputStream;--->peek()I
06-05 15:53:30.888 13869 13894 D M_InsDal: Lcom/fsck/k9/mail/filter/PeekableInputStream;--->read()I
06-05 15:53:30.888 13869 13894 D M_InsDal: Lcom/fsck/k9/mail/filter/PeekableInputStream;--->peek()I
06-05 15:53:30.888 13869 13894 D M_InsDal: Lcom/fsck/k9/mail/filter/PeekableInputStream;--->read()I
06-05 15:53:30.888 13869 13894 D M_InsDal: Lcom/fsck/k9/mail/filter/PeekableInputStream;--->peek()I
06-05 15:53:30.888 13869 13894 D M_InsDal: Lcom/fsck/k9/mail/filter/PeekableInputStream;--->read()I
06-05 15:53:30.888 13869 13894 D M_InsDal: Lcom/fsck/k9/mail/filter/PeekableInputStream;--->peek()I
06-05 15:53:30.888 13869 13894 D M_InsDal: Lcom/fsck/k9/mail/filter/PeekableInputStream;--->read()I
06-05 15:53:30.888 13869 13894 D M_InsDal: Lcom/fsck/k9/mail/filter/PeekableInputStream;--->peek()I
06-05 15:53:30.888 13869 13894 D M_InsDal: Lcom/fsck/k9/mail/filter/PeekableInputStream;--->read()I
06-05 15:53:30.888 13869 13894 D M_InsDal: Lcom/fsck/k9/mail/filter/PeekableInputStream;--->peek()I
06-05 15:53:30.888 13869 13894 D M_InsDal: Lcom/fsck/k9/mail/filter/PeekableInputStream;--->read()I
06-05 15:53:30.888 13869 13894 D M_InsDal: Lcom/fsck/k9/mail/filter/PeekableInputStream;--->peek()I
06-05 15:53:30.888 13869 13894 D M_InsDal: Lcom/fsck/k9/mail/filter/PeekableInputStream;--->read()I
06-05 15:53:30.888 13869 13894 D M_InsDal: Lcom/fsck/k9/mail/filter/PeekableInputStream;--->peek()I
06-05 15:53:30.888 13869 13894 D M_InsDal: Lcom/fsck/k9/mail/filter/PeekableInputStream;--->read()I
06-05 15:53:30.888 13869 13894 D M_InsDal: Lcom/fsck/k9/mail/filter/PeekableInputStream;--->peek()I
06-05 15:53:30.888 13869 13894 D M_InsDal: Lcom/fsck/k9/mail/filter/PeekableInputStream;--->read()I
06-05 15:53:30.888 13869 13894 D M_InsDal: Lcom/fsck/k9/mail/filter/PeekableInputStream;--->peek()I
06-05 15:53:30.888 13869 13894 D M_InsDal: Lcom/fsck/k9/mail/filter/PeekableInputStream;--->read()I
06-05 15:53:30.888 13869 13894 D M_InsDal: Lcom/fsck/k9/mail/filter/PeekableInputStream;--->peek()I
06-05 15:53:30.888 13869 13894 D M_InsDal: Lcom/fsck/k9/mail/filter/PeekableInputStream;--->read()I
06-05 15:53:30.888 13869 13894 D M_InsDal: Lcom/fsck/k9/mail/filter/PeekableInputStream;--->peek()I
06-05 15:53:30.888 13869 13894 D M_InsDal: Lcom/fsck/k9/mail/filter/PeekableInputStream;--->read()I
06-05 15:53:30.888 13869 13902 D M_InsDal: Lcom/fsck/k9/activity/misc/ContactPictureLoader$FallbackGlideBitmapDecoder;--->decode(Lcom/fsck/k9/activity/misc/ContactPictureLoader$FallbackGlideParams;II)Lcom/bumptech/glide/load/engine/Resource;
06-05 15:53:30.890 13869 13904 D M_InsDal: Lcom/fsck/k9/activity/misc/ContactPictureLoader$FallbackGlideModelLoader$1;--->loadData(Lcom/bumptech/glide/Priority;)Lcom/fsck/k9/activity/misc/ContactPictureLoader$FallbackGlideParams;
06-05 15:53:30.890 13869 13904 D M_InsDal: Lcom/fsck/k9/activity/misc/ContactPictureLoader$FallbackGlideBitmapDecoder;--->decode(Lcom/fsck/k9/activity/misc/ContactPictureLoader$FallbackGlideParams;II)Lcom/bumptech/glide/load/engine/Resource;
06-05 15:53:30.890 13869 13903 D M_InsDal: Lcom/fsck/k9/activity/misc/ContactPictureLoader$FallbackGlideBitmapDecoder;--->decode(Lcom/fsck/k9/activity/misc/ContactPictureLoader$FallbackGlideParams;II)Lcom/bumptech/glide/load/engine/Resource;
06-05 15:53:30.890 13869 13894 D M_InsDal: Lcom/fsck/k9/mail/filter/PeekableInputStream;--->peek()I
06-05 15:53:30.890 13869 13894 D M_InsDal: Lcom/fsck/k9/mail/filter/PeekableInputStream;--->read()I
06-05 15:53:30.890 13869 13894 D M_InsDal: Lcom/fsck/k9/mail/filter/PeekableInputStream;--->peek()I
06-05 15:53:30.890 13869 13894 D M_InsDal: Lcom/fsck/k9/mail/filter/PeekableInputStream;--->read()I
06-05 15:53:30.890 13869 13894 D M_InsDal: Lcom/fsck/k9/mail/filter/PeekableInputStream;--->peek()I
06-05 15:53:30.890 13869 13894 D M_InsDal: Lcom/fsck/k9/mail/filter/PeekableInputStream;--->read()I
06-05 15:53:30.890 13869 13894 D M_InsDal: Lcom/fsck/k9/mail/filter/PeekableInputStream;--->peek()I
06-05 15:53:30.890 13869 13894 D M_InsDal: Lcom/fsck/k9/mail/filter/PeekableInputStream;--->read()I
06-05 15:53:30.890 13869 13894 D M_InsDal: Lcom/fsck/k9/mail/filter/PeekableInputStream;--->peek()I
06-05 15:53:30.890 13869 13894 D M_InsDal: Lcom/fsck/k9/mail/store/imap/ImapResponseParser;--->readToken(Lcom/fsck/k9/mail/store/imap/ImapResponse;)Ljava/lang/Object;
06-05 15:53:30.890 13869 13894 D M_InsDal: Lcom/fsck/k9/mail/store/imap/ImapResponseParser;--->parseToken(Lcom/fsck/k9/mail/store/imap/ImapList;)Ljava/lang/Object;
06-05 15:53:30.890 13869 13894 D M_InsDal: Lcom/fsck/k9/mail/filter/PeekableInputStream;--->peek()I
06-05 15:53:30.890 13869 13894 D M_InsDal: Lcom/fsck/k9/mail/store/imap/ImapResponseParser;--->expect(C)V
06-05 15:53:30.890 13869 13894 D M_InsDal: Lcom/fsck/k9/mail/filter/PeekableInputStream;--->read()I
06-05 15:53:30.890 13869 13894 D M_InsDal: Lcom/fsck/k9/mail/filter/PeekableInputStream;--->peek()I
06-05 15:53:30.890 13869 13894 D M_InsDal: Lcom/fsck/k9/mail/store/imap/ImapResponseParser;--->parseBareString(Z)Ljava/lang/String;
06-05 15:53:30.890 13869 13894 D M_InsDal: Lcom/fsck/k9/mail/filter/PeekableInputStream;--->peek()I
06-05 15:53:30.890 13869 13894 D M_InsDal: Lcom/fsck/k9/mail/filter/PeekableInputStream;--->read()I
06-05 15:53:30.890 13869 13894 D M_InsDal: Lcom/fsck/k9/mail/filter/PeekableInputStream;--->peek()I
06-05 15:53:30.890 13869 13894 D M_InsDal: Lcom/fsck/k9/mail/filter/PeekableInputStream;--->read()I
06-05 15:53:30.890 13869 13894 D M_InsDal: Lcom/fsck/k9/mail/filter/PeekableInputStream;--->peek()I
06-05 15:53:30.890 13869 13903 D M_InsDal: Lcom/fsck/k9/activity/misc/ContactPictureLoader;--->drawTextAndBgColorOnBitmap(Landroid/graphics/Bitmap;Lcom/fsck/k9/activity/misc/ContactPictureLoader$FallbackGlideParams;)Landroid/graphics/Bitmap;
06-05 15:53:30.890 13869 13894 D M_InsDal: Lcom/fsck/k9/mail/filter/PeekableInputStream;--->read()I
06-05 15:53:30.890 13869 13894 D M_InsDal: Lcom/fsck/k9/mail/filter/PeekableInputStream;--->peek()I
06-05 15:53:30.890 13869 13894 D M_InsDal: Lcom/fsck/k9/mail/filter/PeekableInputStream;--->read()I
06-05 15:53:30.890 13869 13894 D M_InsDal: Lcom/fsck/k9/mail/filter/PeekableInputStream;--->peek()I
06-05 15:53:30.890 13869 13894 D M_InsDal: Lcom/fsck/k9/mail/filter/PeekableInputStream;--->read()I
06-05 15:53:30.890 13869 13894 D M_InsDal: Lcom/fsck/k9/mail/filter/PeekableInputStream;--->peek()I
06-05 15:53:30.890 13869 13894 D M_InsDal: Lcom/fsck/k9/mail/filter/PeekableInputStream;--->read()I
06-05 15:53:30.890 13869 13903 D M_InsDal: Lcom/fsck/k9/activity/misc/ContactPictureLoader;--->calcUnknownContactColor(Lcom/fsck/k9/mail/Address;)I
06-05 15:53:30.890 13869 13894 D M_InsDal: Lcom/fsck/k9/mail/filter/PeekableInputStream;--->peek()I
06-05 15:53:30.890 13869 13903 D M_InsDal: Lcom/fsck/k9/mail/Address;--->hashCode()I
06-05 15:53:30.890 13869 13894 D M_InsDal: Lcom/fsck/k9/mail/filter/PeekableInputStream;--->read()I
06-05 15:53:30.890 13869 13894 D M_InsDal: Lcom/fsck/k9/mail/filter/PeekableInputStream;--->peek()I
06-05 15:53:30.890 13869 13894 D M_InsDal: Lcom/fsck/k9/mail/filter/PeekableInputStream;--->read()I
06-05 15:53:30.890 13869 13894 D M_InsDal: Lcom/fsck/k9/mail/filter/PeekableInputStream;--->peek()I
06-05 15:53:30.890 13869 13894 D M_InsDal: Lcom/fsck/k9/mail/filter/PeekableInputStream;--->read()I
06-05 15:53:30.890 13869 13894 D M_InsDal: Lcom/fsck/k9/mail/filter/PeekableInputStream;--->peek()I
06-05 15:53:30.890 13869 13894 D M_InsDal: Lcom/fsck/k9/mail/store/imap/ImapResponseParser;--->readToken(Lcom/fsck/k9/mail/store/imap/ImapResponse;)Ljava/lang/Object;
06-05 15:53:30.890 13869 13903 D M_InsDal: Lcom/fsck/k9/activity/misc/ContactPictureLoader;--->calcUnknownContactLetter(Lcom/fsck/k9/mail/Address;)Ljava/lang/String;
06-05 15:53:30.890 13869 13894 D M_InsDal: Lcom/fsck/k9/mail/store/imap/ImapResponseParser;--->parseToken(Lcom/fsck/k9/mail/store/imap/ImapList;)Ljava/lang/Object;
06-05 15:53:30.890 13869 13903 D M_InsDal: Lcom/fsck/k9/mail/Address;--->getPersonal()Ljava/lang/String;
06-05 15:53:30.890 13869 13894 D M_InsDal: Lcom/fsck/k9/mail/filter/PeekableInputStream;--->peek()I
06-05 15:53:30.890 13869 13894 D M_InsDal: Lcom/fsck/k9/mail/store/imap/ImapResponseParser;--->expect(C)V
06-05 15:53:30.890 13869 13894 D M_InsDal: Lcom/fsck/k9/mail/filter/PeekableInputStream;--->read()I
06-05 15:53:30.890 13869 13894 D M_InsDal: Lcom/fsck/k9/mail/filter/PeekableInputStream;--->peek()I
06-05 15:53:30.890 13869 13894 D M_InsDal: Lcom/fsck/k9/mail/store/imap/ImapResponseParser;--->parseBareString(Z)Ljava/lang/String;
06-05 15:53:30.890 13869 13894 D M_InsDal: Lcom/fsck/k9/mail/filter/PeekableInputStream;--->peek()I
06-05 15:53:30.890 13869 13894 D M_InsDal: Lcom/fsck/k9/mail/filter/PeekableInputStream;--->read()I
06-05 15:53:30.890 13869 13894 D M_InsDal: Lcom/fsck/k9/mail/filter/PeekableInputStream;--->peek()I
06-05 15:53:30.890 13869 13894 D M_InsDal: Lcom/fsck/k9/mail/filter/PeekableInputStream;--->read()I
06-05 15:53:30.890 13869 13894 D M_InsDal: Lcom/fsck/k9/mail/filter/PeekableInputStream;--->peek()I
06-05 15:53:30.890 13869 13894 D M_InsDal: Lcom/fsck/k9/mail/filter/PeekableInputStream;--->read()I
06-05 15:53:30.890 13869 13894 D M_InsDal: Lcom/fsck/k9/mail/filter/PeekableInputStream;--->peek()I
06-05 15:53:30.890 13869 13894 D M_InsDal: Lcom/fsck/k9/mail/filter/PeekableInputStream;--->read()I
06-05 15:53:30.890 13869 13894 D M_InsDal: Lcom/fsck/k9/mail/filter/PeekableInputStream;--->peek()I
06-05 15:53:30.890 13869 13894 D M_InsDal: Lcom/fsck/k9/mail/filter/PeekableInputStream;--->read()I
06-05 15:53:30.890 13869 13894 D M_InsDal: Lcom/fsck/k9/mail/filter/PeekableInputStream;--->peek()I
06-05 15:53:30.890 13869 13894 D M_InsDal: Lcom/fsck/k9/mail/filter/PeekableInputStream;--->read()I
06-05 15:53:30.890 13869 13894 D M_InsDal: Lcom/fsck/k9/mail/filter/PeekableInputStream;--->peek()I
06-05 15:53:30.890 13869 13894 D M_InsDal: Lcom/fsck/k9/mail/filter/PeekableInputStream;--->read()I
06-05 15:53:30.890 13869 13894 D M_InsDal: Lcom/fsck/k9/mail/filter/PeekableInputStream;--->peek()I
06-05 15:53:30.890 13869 13894 D M_InsDal: Lcom/fsck/k9/mail/filter/PeekableInputStream;--->read()I
06-05 15:53:30.890 13869 13894 D M_InsDal: Lcom/fsck/k9/mail/filter/PeekableInputStream;--->peek()I
06-05 15:53:30.890 13869 13894 D M_InsDal: Lcom/fsck/k9/mail/store/imap/ImapResponseParser;--->readToken(Lcom/fsck/k9/mail/store/imap/ImapResponse;)Ljava/lang/Object;
06-05 15:53:30.890 13869 13894 D M_InsDal: Lcom/fsck/k9/mail/store/imap/ImapResponseParser;--->parseToken(Lcom/fsck/k9/mail/store/imap/ImapList;)Ljava/lang/Object;
06-05 15:53:30.890 13869 13894 D M_InsDal: Lcom/fsck/k9/mail/filter/PeekableInputStream;--->peek()I
06-05 15:53:30.890 13869 13894 D M_InsDal: Lcom/fsck/k9/mail/store/imap/ImapResponseParser;--->expect(C)V
06-05 15:53:30.890 13869 13894 D M_InsDal: Lcom/fsck/k9/mail/filter/PeekableInputStream;--->read()I
06-05 15:53:30.890 13869 13894 D M_InsDal: Lcom/fsck/k9/mail/filter/PeekableInputStream;--->peek()I
06-05 15:53:30.890 13869 13894 D M_InsDal: Lcom/fsck/k9/mail/store/imap/ImapResponseParser;--->parseBareString(Z)Ljava/lang/String;
06-05 15:53:30.890 13869 13894 D M_InsDal: Lcom/fsck/k9/mail/filter/PeekableInputStream;--->peek()I
06-05 15:53:30.890 13869 13894 D M_InsDal: Lcom/fsck/k9/mail/filter/PeekableInputStream;--->read()I
06-05 15:53:30.890 13869 13902 D M_InsDal: Lcom/fsck/k9/activity/misc/ContactPictureLoader;--->drawTextAndBgColorOnBitmap(Landroid/graphics/Bitmap;Lcom/fsck/k9/activity/misc/ContactPictureLoader$FallbackGlideParams;)Landroid/graphics/Bitmap;
06-05 15:53:30.890 13869 13894 D M_InsDal: Lcom/fsck/k9/mail/filter/PeekableInputStream;--->peek()I
06-05 15:53:30.890 13869 13894 D M_InsDal: Lcom/fsck/k9/mail/filter/PeekableInputStream;--->read()I
06-05 15:53:30.890 13869 13894 D M_InsDal: Lcom/fsck/k9/mail/filter/PeekableInputStream;--->peek()I
06-05 15:53:30.890 13869 13894 D M_InsDal: Lcom/fsck/k9/mail/store/imap/ImapResponseParser;--->readToken(Lcom/fsck/k9/mail/store/imap/ImapResponse;)Ljava/lang/Object;
06-05 15:53:30.890 13869 13894 D M_InsDal: Lcom/fsck/k9/mail/store/imap/ImapResponseParser;--->parseToken(Lcom/fsck/k9/mail/store/imap/ImapList;)Ljava/lang/Object;
06-05 15:53:30.890 13869 13894 D M_InsDal: Lcom/fsck/k9/mail/filter/PeekableInputStream;--->peek()I
06-05 15:53:30.890 13869 13894 D M_InsDal: Lcom/fsck/k9/mail/store/imap/ImapResponseParser;--->expect(C)V
06-05 15:53:30.890 13869 13902 D M_InsDal: Lcom/fsck/k9/activity/misc/ContactPictureLoader;--->calcUnknownContactColor(Lcom/fsck/k9/mail/Address;)I
06-05 15:53:30.890 13869 13894 D M_InsDal: Lcom/fsck/k9/mail/filter/PeekableInputStream;--->read()I
06-05 15:53:30.890 13869 13894 D M_InsDal: Lcom/fsck/k9/mail/filter/PeekableInputStream;--->peek()I
06-05 15:53:30.890 13869 13902 D M_InsDal: Lcom/fsck/k9/mail/Address;--->hashCode()I
06-05 15:53:30.890 13869 13894 D M_InsDal: Lcom/fsck/k9/mail/store/imap/ImapResponseParser;--->parseBareString(Z)Ljava/lang/String;
06-05 15:53:30.890 13869 13894 D M_InsDal: Lcom/fsck/k9/mail/filter/PeekableInputStream;--->peek()I
06-05 15:53:30.890 13869 13894 D M_InsDal: Lcom/fsck/k9/mail/filter/PeekableInputStream;--->read()I
06-05 15:53:30.890 13869 13902 D M_InsDal: Lcom/fsck/k9/activity/misc/ContactPictureLoader;--->calcUnknownContactLetter(Lcom/fsck/k9/mail/Address;)Ljava/lang/String;
06-05 15:53:30.890 13869 13894 D M_InsDal: Lcom/fsck/k9/mail/filter/PeekableInputStream;--->peek()I
06-05 15:53:30.890 13869 13902 D M_InsDal: Lcom/fsck/k9/mail/Address;--->getPersonal()Ljava/lang/String;
06-05 15:53:30.890 13869 13894 D M_InsDal: Lcom/fsck/k9/mail/filter/PeekableInputStream;--->read()I
06-05 15:53:30.890 13869 13894 D M_InsDal: Lcom/fsck/k9/mail/filter/PeekableInputStream;--->peek()I
06-05 15:53:30.890 13869 13894 D M_InsDal: Lcom/fsck/k9/mail/filter/PeekableInputStream;--->read()I
06-05 15:53:30.890 13869 13894 D M_InsDal: Lcom/fsck/k9/mail/filter/PeekableInputStream;--->peek()I
06-05 15:53:30.890 13869 13894 D M_InsDal: Lcom/fsck/k9/mail/filter/PeekableInputStream;--->read()I
06-05 15:53:30.890 13869 13894 D M_InsDal: Lcom/fsck/k9/mail/filter/PeekableInputStream;--->peek()I
06-05 15:53:30.890 13869 13894 D M_InsDal: Lcom/fsck/k9/mail/filter/PeekableInputStream;--->read()I
06-05 15:53:30.890 13869 13894 D M_InsDal: Lcom/fsck/k9/mail/filter/PeekableInputStream;--->peek()I
06-05 15:53:30.890 13869 13894 D M_InsDal: Lcom/fsck/k9/mail/filter/PeekableInputStream;--->read()I
06-05 15:53:30.890 13869 13894 D M_InsDal: Lcom/fsck/k9/mail/filter/PeekableInputStream;--->peek()I
06-05 15:53:30.890 13869 13894 D M_InsDal: Lcom/fsck/k9/mail/filter/PeekableInputStream;--->read()I
06-05 15:53:30.890 13869 13894 D M_InsDal: Lcom/fsck/k9/mail/filter/PeekableInputStream;--->peek()I
06-05 15:53:30.890 13869 13894 D M_InsDal: Lcom/fsck/k9/mail/store/imap/ImapResponseParser;--->readToken(Lcom/fsck/k9/mail/store/imap/ImapResponse;)Ljava/lang/Object;
06-05 15:53:30.890 13869 13894 D M_InsDal: Lcom/fsck/k9/mail/store/imap/ImapResponseParser;--->parseToken(Lcom/fsck/k9/mail/store/imap/ImapList;)Ljava/lang/Object;
06-05 15:53:30.890 13869 13894 D M_InsDal: Lcom/fsck/k9/mail/filter/PeekableInputStream;--->peek()I
06-05 15:53:30.890 13869 13894 D M_InsDal: Lcom/fsck/k9/mail/store/imap/ImapResponseParser;--->expect(C)V
06-05 15:53:30.890 13869 13894 D M_InsDal: Lcom/fsck/k9/mail/filter/PeekableInputStream;--->read()I
06-05 15:53:30.890 13869 13894 D M_InsDal: Lcom/fsck/k9/mail/filter/PeekableInputStream;--->peek()I
06-05 15:53:30.890 13869 13894 D M_InsDal: Lcom/fsck/k9/mail/store/imap/ImapResponseParser;--->parseBareString(Z)Ljava/lang/String;
06-05 15:53:30.890 13869 13894 D M_InsDal: Lcom/fsck/k9/mail/filter/PeekableInputStream;--->peek()I
06-05 15:53:30.890 13869 13894 D M_InsDal: Lcom/fsck/k9/mail/filter/PeekableInputStream;--->read()I
06-05 15:53:30.890 13869 13894 D M_InsDal: Lcom/fsck/k9/mail/filter/PeekableInputStream;--->peek()I
06-05 15:53:30.890 13869 13894 D M_InsDal: Lcom/fsck/k9/mail/filter/PeekableInputStream;--->read()I
06-05 15:53:30.890 13869 13894 D M_InsDal: Lcom/fsck/k9/mail/filter/PeekableInputStream;--->peek()I
06-05 15:53:30.890 13869 13894 D M_InsDal: Lcom/fsck/k9/mail/filter/PeekableInputStream;--->read()I
06-05 15:53:30.890 13869 13894 D M_InsDal: Lcom/fsck/k9/mail/filter/PeekableInputStream;--->peek()I
06-05 15:53:30.890 13869 13894 D M_InsDal: Lcom/fsck/k9/mail/filter/PeekableInputStream;--->read()I
06-05 15:53:30.890 13869 13894 D M_InsDal: Lcom/fsck/k9/mail/filter/PeekableInputStream;--->peek()I
06-05 15:53:30.890 13869 13894 D M_InsDal: Lcom/fsck/k9/mail/filter/PeekableInputStream;--->read()I
06-05 15:53:30.890 13869 13894 D M_InsDal: Lcom/fsck/k9/mail/filter/PeekableInputStream;--->peek()I
06-05 15:53:30.890 13869 13894 D M_InsDal: Lcom/fsck/k9/mail/filter/PeekableInputStream;--->read()I
06-05 15:53:30.890 13869 13894 D M_InsDal: Lcom/fsck/k9/mail/filter/PeekableInputStream;--->peek()I
06-05 15:53:30.890 13869 13894 D M_InsDal: Lcom/fsck/k9/mail/filter/PeekableInputStream;--->read()I
06-05 15:53:30.890 13869 13894 D M_InsDal: Lcom/fsck/k9/mail/filter/PeekableInputStream;--->peek()I
06-05 15:53:30.890 13869 13894 D M_InsDal: Lcom/fsck/k9/mail/filter/PeekableInputStream;--->read()I
06-05 15:53:30.890 13869 13894 D M_InsDal: Lcom/fsck/k9/mail/filter/PeekableInputStream;--->peek()I
06-05 15:53:30.891 13869 13894 D M_InsDal: Lcom/fsck/k9/mail/filter/PeekableInputStream;--->read()I
06-05 15:53:30.891 13869 13894 D M_InsDal: Lcom/fsck/k9/mail/filter/PeekableInputStream;--->peek()I
06-05 15:53:30.891 13869 13894 D M_InsDal: Lcom/fsck/k9/mail/filter/PeekableInputStream;--->read()I
06-05 15:53:30.891 13869 13894 D M_InsDal: Lcom/fsck/k9/mail/filter/PeekableInputStream;--->peek()I
06-05 15:53:30.891 13869 13894 D M_InsDal: Lcom/fsck/k9/mail/filter/PeekableInputStream;--->read()I
06-05 15:53:30.891 13869 13894 D M_InsDal: Lcom/fsck/k9/mail/filter/PeekableInputStream;--->peek()I
06-05 15:53:30.891 13869 13894 D M_InsDal: Lcom/fsck/k9/mail/filter/PeekableInputStream;--->read()I
06-05 15:53:30.891 13869 13894 D M_InsDal: Lcom/fsck/k9/mail/filter/PeekableInputStream;--->peek()I
06-05 15:53:30.891 13869 13894 D M_InsDal: Lcom/fsck/k9/mail/filter/PeekableInputStream;--->read()I
06-05 15:53:30.891 13869 13894 D M_InsDal: Lcom/fsck/k9/mail/filter/PeekableInputStream;--->peek()I
06-05 15:53:30.891 13869 13903 D M_InsDal: Lcom/fsck/k9/activity/misc/ContactPictureLoader$FallbackGlideModelLoader$1;--->cleanup()V
06-05 15:53:30.891 13869 13894 D M_InsDal: Lcom/fsck/k9/mail/filter/PeekableInputStream;--->read()I
06-05 15:53:30.891 13869 13894 D M_InsDal: Lcom/fsck/k9/mail/filter/PeekableInputStream;--->peek()I
06-05 15:53:30.891 13869 13894 D M_InsDal: Lcom/fsck/k9/mail/filter/PeekableInputStream;--->read()I
06-05 15:53:30.891 13869 13894 D M_InsDal: Lcom/fsck/k9/mail/filter/PeekableInputStream;--->peek()I
06-05 15:53:30.891 13869 13894 D M_InsDal: Lcom/fsck/k9/mail/filter/PeekableInputStream;--->read()I
06-05 15:53:30.891 13869 13894 D M_InsDal: Lcom/fsck/k9/mail/filter/PeekableInputStream;--->peek()I
06-05 15:53:30.891 13869 13904 D M_InsDal: Lcom/fsck/k9/activity/misc/ContactPictureLoader;--->drawTextAndBgColorOnBitmap(Landroid/graphics/Bitmap;Lcom/fsck/k9/activity/misc/ContactPictureLoader$FallbackGlideParams;)Landroid/graphics/Bitmap;
06-05 15:53:30.891 13869 13894 D M_InsDal: Lcom/fsck/k9/mail/store/imap/ImapResponseParser;--->readToken(Lcom/fsck/k9/mail/store/imap/ImapResponse;)Ljava/lang/Object;
06-05 15:53:30.891 13869 13894 D M_InsDal: Lcom/fsck/k9/mail/store/imap/ImapResponseParser;--->parseToken(Lcom/fsck/k9/mail/store/imap/ImapList;)Ljava/lang/Object;
06-05 15:53:30.891 13869 13904 D M_InsDal: Lcom/fsck/k9/activity/misc/ContactPictureLoader;--->calcUnknownContactColor(Lcom/fsck/k9/mail/Address;)I
06-05 15:53:30.891 13869 13894 D M_InsDal: Lcom/fsck/k9/mail/filter/PeekableInputStream;--->peek()I
06-05 15:53:30.891 13869 13904 D M_InsDal: Lcom/fsck/k9/mail/Address;--->hashCode()I
06-05 15:53:30.891 13869 13894 D M_InsDal: Lcom/fsck/k9/mail/store/imap/ImapResponseParser;--->expect(C)V
06-05 15:53:30.891 13869 13894 D M_InsDal: Lcom/fsck/k9/mail/filter/PeekableInputStream;--->read()I
06-05 15:53:30.891 13869 13904 D M_InsDal: Lcom/fsck/k9/activity/misc/ContactPictureLoader;--->calcUnknownContactLetter(Lcom/fsck/k9/mail/Address;)Ljava/lang/String;
06-05 15:53:30.891 13869 13894 D M_InsDal: Lcom/fsck/k9/mail/store/imap/ImapResponseParser;--->expect(C)V
06-05 15:53:30.891 13869 13904 D M_InsDal: Lcom/fsck/k9/mail/Address;--->getPersonal()Ljava/lang/String;
06-05 15:53:30.891 13869 13894 D M_InsDal: Lcom/fsck/k9/mail/filter/PeekableInputStream;--->read()I
06-05 15:53:30.891 13869 13894 D M_InsDal: Lcom/fsck/k9/mail/K9MailLib;--->isDebug()Z
06-05 15:53:30.891 13869 13894 D M_InsDal: Lcom/fsck/k9/K9$2;--->enabled()Z
06-05 15:53:30.891 13869 13894 D M_InsDal: Lcom/fsck/k9/mail/store/imap/ImapResponse;--->getTag()Ljava/lang/String;
06-05 15:53:30.891 13869 13894 D M_InsDal: Lcom/fsck/k9/mail/store/imap/ImapResponse;--->getTag()Ljava/lang/String;
06-05 15:53:30.891 13869 13894 D M_InsDal: Lcom/fsck/k9/mail/store/imap/ImapResponseParser;--->readResponse()Lcom/fsck/k9/mail/store/imap/ImapResponse;
06-05 15:53:30.891 13869 13894 D M_InsDal: Lcom/fsck/k9/mail/store/imap/ImapResponseParser;--->readResponse(Lcom/fsck/k9/mail/store/imap/ImapResponseCallback;)Lcom/fsck/k9/mail/store/imap/ImapResponse;
06-05 15:53:30.891 13869 13894 D M_InsDal: Lcom/fsck/k9/mail/filter/PeekableInputStream;--->peek()I
06-05 15:53:30.891 13869 13894 D M_InsDal: Lcom/fsck/k9/mail/store/imap/ImapResponseParser;--->readTaggedResponse(Lcom/fsck/k9/mail/store/imap/ImapResponseCallback;)V
06-05 15:53:30.891 13869 13894 D M_InsDal: Lcom/fsck/k9/mail/store/imap/ImapResponseParser;--->parseTaggedResponse()Ljava/lang/String;
06-05 15:53:30.891 13869 13894 D M_InsDal: Lcom/fsck/k9/mail/store/imap/ImapResponseParser;--->readStringUntil(C)Ljava/lang/String;
06-05 15:53:30.891 13869 13894 D M_InsDal: Lcom/fsck/k9/mail/filter/PeekableInputStream;--->read()I
06-05 15:53:30.891 13869 13894 D M_InsDal: Lcom/fsck/k9/mail/filter/PeekableInputStream;--->read()I
06-05 15:53:30.891 13869 13894 D M_InsDal: Lcom/fsck/k9/mail/store/imap/ImapResponse;--->newTaggedResponse(Lcom/fsck/k9/mail/store/imap/ImapResponseCallback;Ljava/lang/String;)Lcom/fsck/k9/mail/store/imap/ImapResponse;
06-05 15:53:30.891 13869 13894 D M_InsDal: Lcom/fsck/k9/mail/store/imap/ImapResponse;---><init>(Lcom/fsck/k9/mail/store/imap/ImapResponseCallback;ZLjava/lang/String;)V
06-05 15:53:30.891 13869 13894 D M_InsDal: Lcom/fsck/k9/mail/store/imap/ImapList;---><init>()V
06-05 15:53:30.891 13869 13894 D M_InsDal: Lcom/fsck/k9/mail/store/imap/ImapResponseParser;--->readTokens(Lcom/fsck/k9/mail/store/imap/ImapResponse;)V
06-05 15:53:30.891 13869 13894 D M_InsDal: Lcom/fsck/k9/mail/store/imap/ImapResponseParser;--->readToken(Lcom/fsck/k9/mail/store/imap/ImapResponse;)Ljava/lang/Object;
06-05 15:53:30.891 13869 13894 D M_InsDal: Lcom/fsck/k9/mail/store/imap/ImapResponseParser;--->parseToken(Lcom/fsck/k9/mail/store/imap/ImapList;)Ljava/lang/Object;
06-05 15:53:30.891 13869 13894 D M_InsDal: Lcom/fsck/k9/mail/filter/PeekableInputStream;--->peek()I
06-05 15:53:30.891 13869 13894 D M_InsDal: Lcom/fsck/k9/mail/store/imap/ImapResponseParser;--->parseBareString(Z)Ljava/lang/String;
06-05 15:53:30.891 13869 13894 D M_InsDal: Lcom/fsck/k9/mail/filter/PeekableInputStream;--->peek()I
06-05 15:53:30.891 13869 13894 D M_InsDal: Lcom/fsck/k9/mail/filter/PeekableInputStream;--->read()I
06-05 15:53:30.891 13869 13894 D M_InsDal: Lcom/fsck/k9/mail/filter/PeekableInputStream;--->peek()I
06-05 15:53:30.891 13869 13894 D M_InsDal: Lcom/fsck/k9/mail/filter/PeekableInputStream;--->read()I
06-05 15:53:30.891 13869 13894 D M_InsDal: Lcom/fsck/k9/mail/filter/PeekableInputStream;--->peek()I
06-05 15:53:30.891 13869 13894 D M_InsDal: Lcom/fsck/k9/mail/store/imap/ImapResponseParser;--->checkTokenIsString(Ljava/lang/Object;)V
06-05 15:53:30.891 13869 13894 D M_InsDal: Lcom/fsck/k9/mail/store/imap/ImapResponseParser;--->isStatusResponse(Ljava/lang/String;)Z
06-05 15:53:30.891 13869 13894 D M_InsDal: Lcom/fsck/k9/mail/store/imap/ImapResponseParser;--->parseResponseText(Lcom/fsck/k9/mail/store/imap/ImapResponse;)V
06-05 15:53:30.891 13869 13894 D M_InsDal: Lcom/fsck/k9/mail/store/imap/ImapResponseParser;--->skipIfSpace()V
06-05 15:53:30.891 13869 13894 D M_InsDal: Lcom/fsck/k9/mail/filter/PeekableInputStream;--->peek()I
06-05 15:53:30.891 13869 13894 D M_InsDal: Lcom/fsck/k9/mail/store/imap/ImapResponseParser;--->expect(C)V
06-05 15:53:30.891 13869 13894 D M_InsDal: Lcom/fsck/k9/mail/filter/PeekableInputStream;--->read()I
06-05 15:53:30.891 13869 13894 D M_InsDal: Lcom/fsck/k9/mail/filter/PeekableInputStream;--->peek()I
06-05 15:53:30.891 13869 13894 D M_InsDal: Lcom/fsck/k9/mail/store/imap/ImapResponseParser;--->readStringUntilEndOfLine()Ljava/lang/String;
06-05 15:53:30.891 13869 13894 D M_InsDal: Lcom/fsck/k9/mail/store/imap/ImapResponseParser;--->readStringUntil(C)Ljava/lang/String;
06-05 15:53:30.891 13869 13894 D M_InsDal: Lcom/fsck/k9/mail/filter/PeekableInputStream;--->read()I
06-05 15:53:30.891 13869 13894 D M_InsDal: Lcom/fsck/k9/mail/filter/PeekableInputStream;--->read()I
06-05 15:53:30.891 13869 13894 D M_InsDal: Lcom/fsck/k9/mail/store/imap/ImapResponseParser;--->expect(C)V
06-05 15:53:30.891 13869 13894 D M_InsDal: Lcom/fsck/k9/mail/filter/PeekableInputStream;--->read()I
06-05 15:53:30.891 13869 13894 D M_InsDal: Lcom/fsck/k9/mail/K9MailLib;--->isDebug()Z
06-05 15:53:30.891 13869 13894 D M_InsDal: Lcom/fsck/k9/K9$2;--->enabled()Z
06-05 15:53:30.891 13869 13894 D M_InsDal: Lcom/fsck/k9/mail/store/imap/ImapResponse;--->getTag()Ljava/lang/String;
06-05 15:53:30.891 13869 13894 D M_InsDal: Lcom/fsck/k9/mail/store/imap/ImapResponse;--->getTag()Ljava/lang/String;
06-05 15:53:30.891 13869 13894 D M_InsDal: Lcom/fsck/k9/mail/store/imap/ImapResponseParser;--->equalsIgnoreCase(Ljava/lang/Object;Ljava/lang/String;)Z
06-05 15:53:30.891 13869 13894 D M_InsDal: Lcom/fsck/k9/mail/store/imap/ImapConnection;--->extractCapabilities(Ljava/util/List;)Ljava/util/List;
06-05 15:53:30.891 13869 13894 D M_InsDal: Lcom/fsck/k9/mail/store/imap/CapabilityResponse;--->parse(Ljava/util/List;)Lcom/fsck/k9/mail/store/imap/CapabilityResponse;
06-05 15:53:30.891 13869 13894 D M_InsDal: Lcom/fsck/k9/mail/store/imap/ImapResponseParser;--->equalsIgnoreCase(Ljava/lang/Object;Ljava/lang/String;)Z
06-05 15:53:30.891 13869 13894 D M_InsDal: Lcom/fsck/k9/mail/store/imap/ImapResponse;--->getTag()Ljava/lang/String;
06-05 15:53:30.891 13869 13894 D M_InsDal: Lcom/fsck/k9/mail/store/imap/CapabilityResponse;--->parse(Lcom/fsck/k9/mail/store/imap/ImapList;)Lcom/fsck/k9/mail/store/imap/CapabilityResponse;
06-05 15:53:30.891 13869 13894 D M_InsDal: Lcom/fsck/k9/mail/store/imap/ImapResponseParser;--->equalsIgnoreCase(Ljava/lang/Object;Ljava/lang/String;)Z
06-05 15:53:30.891 13869 13894 D M_InsDal: Lcom/fsck/k9/mail/store/imap/ImapList;--->isString(I)Z
06-05 15:53:30.891 13869 13894 D M_InsDal: Lcom/fsck/k9/mail/store/imap/ImapList;--->inRange(I)Z
06-05 15:53:30.891 13869 13894 D M_InsDal: Lcom/fsck/k9/mail/store/imap/ImapList;--->getString(I)Ljava/lang/String;
06-05 15:53:30.891 13869 13894 D M_InsDal: Lcom/fsck/k9/mail/store/imap/ImapList;--->isString(I)Z
06-05 15:53:30.891 13869 13894 D M_InsDal: Lcom/fsck/k9/mail/store/imap/ImapList;--->inRange(I)Z
06-05 15:53:30.891 13869 13894 D M_InsDal: Lcom/fsck/k9/mail/store/imap/ImapList;--->getString(I)Ljava/lang/String;
06-05 15:53:30.891 13869 13894 D M_InsDal: Lcom/fsck/k9/mail/store/imap/ImapList;--->isString(I)Z
06-05 15:53:30.891 13869 13894 D M_InsDal: Lcom/fsck/k9/mail/store/imap/ImapList;--->inRange(I)Z
06-05 15:53:30.891 13869 13894 D M_InsDal: Lcom/fsck/k9/mail/store/imap/ImapList;--->getString(I)Ljava/lang/String;
06-05 15:53:30.891 13869 13894 D M_InsDal: Lcom/fsck/k9/mail/store/imap/ImapList;--->isString(I)Z
06-05 15:53:30.891 13869 13894 D M_InsDal: Lcom/fsck/k9/mail/store/imap/ImapList;--->inRange(I)Z
06-05 15:53:30.891 13869 13894 D M_InsDal: Lcom/fsck/k9/mail/store/imap/ImapList;--->getString(I)Ljava/lang/String;
06-05 15:53:30.891 13869 13894 D M_InsDal: Lcom/fsck/k9/mail/store/imap/ImapList;--->isString(I)Z
06-05 15:53:30.891 13869 13904 D M_InsDal: Lcom/fsck/k9/activity/misc/ContactPictureLoader$FallbackGlideModelLoader$1;--->cleanup()V
06-05 15:53:30.891 13869 13894 D M_InsDal: Lcom/fsck/k9/mail/store/imap/ImapList;--->inRange(I)Z
06-05 15:53:30.891 13869 13894 D M_InsDal: Lcom/fsck/k9/mail/store/imap/ImapList;--->getString(I)Ljava/lang/String;
06-05 15:53:30.891 13869 13894 D M_InsDal: Lcom/fsck/k9/mail/store/imap/ImapList;--->isString(I)Z
06-05 15:53:30.891 13869 13894 D M_InsDal: Lcom/fsck/k9/mail/store/imap/ImapList;--->inRange(I)Z
06-05 15:53:30.891 13869 13894 D M_InsDal: Lcom/fsck/k9/mail/store/imap/ImapList;--->getString(I)Ljava/lang/String;
06-05 15:53:30.891 13869 13894 D M_InsDal: Lcom/fsck/k9/mail/store/imap/ImapList;--->isString(I)Z
06-05 15:53:30.891 13869 13894 D M_InsDal: Lcom/fsck/k9/mail/store/imap/ImapList;--->inRange(I)Z
06-05 15:53:30.891 13869 13894 D M_InsDal: Lcom/fsck/k9/mail/store/imap/ImapList;--->getString(I)Ljava/lang/String;
06-05 15:53:30.891 13869 13894 D M_InsDal: Lcom/fsck/k9/mail/store/imap/ImapList;--->isString(I)Z
06-05 15:53:30.891 13869 13894 D M_InsDal: Lcom/fsck/k9/mail/store/imap/ImapList;--->inRange(I)Z
06-05 15:53:30.891 13869 13894 D M_InsDal: Lcom/fsck/k9/mail/store/imap/ImapList;--->getString(I)Ljava/lang/String;
06-05 15:53:30.891 13869 13894 D M_InsDal: Lcom/fsck/k9/mail/store/imap/ImapList;--->isString(I)Z
06-05 15:53:30.891 13869 13894 D M_InsDal: Lcom/fsck/k9/mail/store/imap/ImapList;--->inRange(I)Z
06-05 15:53:30.891 13869 13894 D M_InsDal: Lcom/fsck/k9/mail/store/imap/ImapList;--->getString(I)Ljava/lang/String;
06-05 15:53:30.891 13869 13894 D M_InsDal: Lcom/fsck/k9/mail/store/imap/ImapList;--->isString(I)Z
06-05 15:53:30.891 13869 13894 D M_InsDal: Lcom/fsck/k9/mail/store/imap/ImapList;--->inRange(I)Z
06-05 15:53:30.891 13869 13894 D M_InsDal: Lcom/fsck/k9/mail/store/imap/ImapList;--->getString(I)Ljava/lang/String;
06-05 15:53:30.891 13869 13894 D M_InsDal: Lcom/fsck/k9/mail/store/imap/ImapList;--->isString(I)Z
06-05 15:53:30.891 13869 13894 D M_InsDal: Lcom/fsck/k9/mail/store/imap/ImapList;--->inRange(I)Z
06-05 15:53:30.891 13869 13894 D M_InsDal: Lcom/fsck/k9/mail/store/imap/ImapList;--->getString(I)Ljava/lang/String;
06-05 15:53:30.891 13869 13894 D M_InsDal: Lcom/fsck/k9/mail/store/imap/CapabilityResponse;---><init>(Ljava/util/Set;)V
06-05 15:53:30.891 13869 13894 D M_InsDal: Lcom/fsck/k9/mail/store/imap/CapabilityResponse;--->getCapabilities()Ljava/util/Set;
06-05 15:53:30.891 13869 13894 D M_InsDal: Lcom/fsck/k9/mail/K9MailLib;--->isDebug()Z
06-05 15:53:30.891 13869 13894 D M_InsDal: Lcom/fsck/k9/K9$2;--->enabled()Z
06-05 15:53:30.891 13869 13894 D M_InsDal: Lcom/fsck/k9/mail/store/imap/ImapConnection;--->enableCompressionIfRequested()V
06-05 15:53:30.891 13869 13894 D M_InsDal: Lcom/fsck/k9/mail/store/imap/ImapConnection;--->hasCapability(Ljava/lang/String;)Z
06-05 15:53:30.891 13869 13894 D M_InsDal: Lcom/fsck/k9/mail/store/imap/ImapConnection;--->shouldEnableCompression()Z
06-05 15:53:30.891 13869 13902 D M_InsDal: Lcom/fsck/k9/activity/misc/ContactPictureLoader$FallbackGlideModelLoader$1;--->cleanup()V
06-05 15:53:30.891 13869 13894 D M_InsDal: Lcom/fsck/k9/mail/K9MailLib;--->isDebug()Z
06-05 15:53:30.891 13869 13894 D M_InsDal: Lcom/fsck/k9/K9$2;--->enabled()Z
06-05 15:53:30.891 13869 13894 D M_InsDal: Lcom/fsck/k9/mail/NetworkType;--->fromConnectivityManagerType(I)Lcom/fsck/k9/mail/NetworkType;
06-05 15:53:30.891 13869 13894 D M_InsDal: Lcom/fsck/k9/mail/store/imap/ImapStore$StoreImapSettings;--->useCompression(Lcom/fsck/k9/mail/NetworkType;)Z
06-05 15:53:30.891 13869 13894 D M_InsDal: Lcom/fsck/k9/Account;--->useCompression(Lcom/fsck/k9/mail/NetworkType;)Z
06-05 15:53:30.891 13869 13894 D M_InsDal: Lcom/fsck/k9/mail/K9MailLib;--->isDebug()Z
06-05 15:53:30.891 13869 13894 D M_InsDal: Lcom/fsck/k9/K9$2;--->enabled()Z
06-05 15:53:30.891 13869 13894 D M_InsDal: Lcom/fsck/k9/mail/store/imap/ImapConnection;--->enableCompression()V
06-05 15:53:30.891 13869 13894 D M_InsDal: Lcom/fsck/k9/mail/store/imap/ImapConnection;--->executeSimpleCommand(Ljava/lang/String;)Ljava/util/List;
06-05 15:53:30.891 13869 13894 D M_InsDal: Lcom/fsck/k9/mail/store/imap/ImapConnection;--->executeSimpleCommand(Ljava/lang/String;Z)Ljava/util/List;
06-05 15:53:30.891 13869 13894 D M_InsDal: Lcom/fsck/k9/mail/store/imap/ImapConnection;--->sendCommand(Ljava/lang/String;Z)Ljava/lang/String;
06-05 15:53:30.891 13869 13894 D M_InsDal: Lcom/fsck/k9/mail/store/imap/ImapConnection;--->open()V
06-05 15:53:30.892 13869 13905 D M_InsDal: Lcom/fsck/k9/activity/misc/ContactPictureLoader$FallbackGlideModelLoader$1;--->loadData(Lcom/bumptech/glide/Priority;)Lcom/fsck/k9/activity/misc/ContactPictureLoader$FallbackGlideParams;
06-05 15:53:30.892 13869 13905 D M_InsDal: Lcom/fsck/k9/activity/misc/ContactPictureLoader$FallbackGlideBitmapDecoder;--->decode(Lcom/fsck/k9/activity/misc/ContactPictureLoader$FallbackGlideParams;II)Lcom/bumptech/glide/load/engine/Resource;
06-05 15:53:30.892 13869 13894 D M_InsDal: Lcom/fsck/k9/mail/K9MailLib;--->isDebug()Z
06-05 15:53:30.892 13869 13894 D M_InsDal: Lcom/fsck/k9/K9$2;--->enabled()Z
06-05 15:53:30.892 13869 13894 D M_InsDal: Lcom/fsck/k9/mail/store/imap/ImapConnection;--->getLogId()Ljava/lang/String;
06-05 15:53:30.892 13869 13894 D M_InsDal: Lcom/fsck/k9/mail/store/imap/ImapResponseParser;--->readStatusResponse(Ljava/lang/String;Ljava/lang/String;Ljava/lang/String;Lcom/fsck/k9/mail/store/imap/UntaggedHandler;)Ljava/util/List;
06-05 15:53:30.892 13869 13894 D M_InsDal: Lcom/fsck/k9/mail/store/imap/ImapResponseParser;--->readResponse()Lcom/fsck/k9/mail/store/imap/ImapResponse;
06-05 15:53:30.892 13869 13894 D M_InsDal: Lcom/fsck/k9/mail/store/imap/ImapResponseParser;--->readResponse(Lcom/fsck/k9/mail/store/imap/ImapResponseCallback;)Lcom/fsck/k9/mail/store/imap/ImapResponse;
06-05 15:53:30.892 13869 13894 D M_InsDal: Lcom/fsck/k9/mail/filter/PeekableInputStream;--->peek()I
06-05 15:53:30.892 13869 13905 D M_InsDal: Lcom/fsck/k9/activity/misc/ContactPictureLoader;--->drawTextAndBgColorOnBitmap(Landroid/graphics/Bitmap;Lcom/fsck/k9/activity/misc/ContactPictureLoader$FallbackGlideParams;)Landroid/graphics/Bitmap;
06-05 15:53:30.892 13869 13905 D M_InsDal: Lcom/fsck/k9/activity/misc/ContactPictureLoader;--->calcUnknownContactColor(Lcom/fsck/k9/mail/Address;)I
06-05 15:53:30.892 13869 13905 D M_InsDal: Lcom/fsck/k9/mail/Address;--->hashCode()I
06-05 15:53:30.892 13869 13905 D M_InsDal: Lcom/fsck/k9/activity/misc/ContactPictureLoader;--->calcUnknownContactLetter(Lcom/fsck/k9/mail/Address;)Ljava/lang/String;
06-05 15:53:30.892 13869 13905 D M_InsDal: Lcom/fsck/k9/mail/Address;--->getPersonal()Ljava/lang/String;
06-05 15:53:30.892 13869 13905 D M_InsDal: Lcom/fsck/k9/activity/misc/ContactPictureLoader$FallbackGlideModelLoader$1;--->cleanup()V
06-05 15:53:30.921 13869 13894 D M_InsDal: Lcom/fsck/k9/mail/store/imap/ImapResponseParser;--->readTaggedResponse(Lcom/fsck/k9/mail/store/imap/ImapResponseCallback;)V
06-05 15:53:30.921 13869 13894 D M_InsDal: Lcom/fsck/k9/mail/store/imap/ImapResponseParser;--->parseTaggedResponse()Ljava/lang/String;
06-05 15:53:30.921 13869 13894 D M_InsDal: Lcom/fsck/k9/mail/store/imap/ImapResponseParser;--->readStringUntil(C)Ljava/lang/String;
06-05 15:53:30.921 13869 13894 D M_InsDal: Lcom/fsck/k9/mail/filter/PeekableInputStream;--->read()I
06-05 15:53:30.921 13869 13894 D M_InsDal: Lcom/fsck/k9/mail/filter/PeekableInputStream;--->read()I
06-05 15:53:30.921 13869 13894 D M_InsDal: Lcom/fsck/k9/mail/store/imap/ImapResponse;--->newTaggedResponse(Lcom/fsck/k9/mail/store/imap/ImapResponseCallback;Ljava/lang/String;)Lcom/fsck/k9/mail/store/imap/ImapResponse;
06-05 15:53:30.921 13869 13894 D M_InsDal: Lcom/fsck/k9/mail/store/imap/ImapResponse;---><init>(Lcom/fsck/k9/mail/store/imap/ImapResponseCallback;ZLjava/lang/String;)V
06-05 15:53:30.921 13869 13894 D M_InsDal: Lcom/fsck/k9/mail/store/imap/ImapList;---><init>()V
06-05 15:53:30.921 13869 13894 D M_InsDal: Lcom/fsck/k9/mail/store/imap/ImapResponseParser;--->readTokens(Lcom/fsck/k9/mail/store/imap/ImapResponse;)V
06-05 15:53:30.921 13869 13894 D M_InsDal: Lcom/fsck/k9/mail/store/imap/ImapResponseParser;--->readToken(Lcom/fsck/k9/mail/store/imap/ImapResponse;)Ljava/lang/Object;
06-05 15:53:30.921 13869 13894 D M_InsDal: Lcom/fsck/k9/mail/store/imap/ImapResponseParser;--->parseToken(Lcom/fsck/k9/mail/store/imap/ImapList;)Ljava/lang/Object;
06-05 15:53:30.921 13869 13894 D M_InsDal: Lcom/fsck/k9/mail/filter/PeekableInputStream;--->peek()I
06-05 15:53:30.921 13869 13894 D M_InsDal: Lcom/fsck/k9/mail/store/imap/ImapResponseParser;--->parseBareString(Z)Ljava/lang/String;
06-05 15:53:30.921 13869 13894 D M_InsDal: Lcom/fsck/k9/mail/filter/PeekableInputStream;--->peek()I
06-05 15:53:30.921 13869 13894 D M_InsDal: Lcom/fsck/k9/mail/filter/PeekableInputStream;--->read()I
06-05 15:53:30.921 13869 13894 D M_InsDal: Lcom/fsck/k9/mail/filter/PeekableInputStream;--->peek()I
06-05 15:53:30.921 13869 13894 D M_InsDal: Lcom/fsck/k9/mail/filter/PeekableInputStream;--->read()I
06-05 15:53:30.921 13869 13894 D M_InsDal: Lcom/fsck/k9/mail/filter/PeekableInputStream;--->peek()I
06-05 15:53:30.921 13869 13894 D M_InsDal: Lcom/fsck/k9/mail/store/imap/ImapResponseParser;--->checkTokenIsString(Ljava/lang/Object;)V
06-05 15:53:30.921 13869 13894 D M_InsDal: Lcom/fsck/k9/mail/store/imap/ImapResponseParser;--->isStatusResponse(Ljava/lang/String;)Z
06-05 15:53:30.921 13869 13894 D M_InsDal: Lcom/fsck/k9/mail/store/imap/ImapResponseParser;--->parseResponseText(Lcom/fsck/k9/mail/store/imap/ImapResponse;)V
06-05 15:53:30.921 13869 13894 D M_InsDal: Lcom/fsck/k9/mail/store/imap/ImapResponseParser;--->skipIfSpace()V
06-05 15:53:30.921 13869 13894 D M_InsDal: Lcom/fsck/k9/mail/filter/PeekableInputStream;--->peek()I
06-05 15:53:30.921 13869 13894 D M_InsDal: Lcom/fsck/k9/mail/store/imap/ImapResponseParser;--->expect(C)V
06-05 15:53:30.921 13869 13894 D M_InsDal: Lcom/fsck/k9/mail/filter/PeekableInputStream;--->read()I
06-05 15:53:30.921 13869 13894 D M_InsDal: Lcom/fsck/k9/mail/filter/PeekableInputStream;--->peek()I
