05-15 16:39:40.411 23090 23114 D M_InsDal: Lcom/fsck/k9/mailstore/LocalFolder;--->open(I)V
05-15 16:39:40.411 23090 23114 D M_InsDal: Lcom/fsck/k9/mailstore/LocalFolder;--->isOpen()Z
05-15 16:39:40.411 23090 23114 D M_InsDal: Lcom/fsck/k9/mailstore/LocalFolder;--->isOpen()Z
05-15 16:39:40.411 23090 23114 D M_InsDal: Lcom/fsck/k9/mailstore/LocalStore;--->getDatabase()Lcom/fsck/k9/mailstore/LockableDatabase;
05-15 16:39:40.411 23090 23113 D M_InsDal: Lcom/fsck/k9/mailstore/LocalFolder;--->open(Landroid/database/Cursor;)V
05-15 16:39:40.411 23090 23114 D M_InsDal: Lcom/fsck/k9/mailstore/LocalFolder$1;---><init>(Lcom/fsck/k9/mailstore/LocalFolder;I)V
05-15 16:39:40.411 23090 23114 D M_InsDal: Lcom/fsck/k9/mailstore/LockableDatabase;--->execute(ZLcom/fsck/k9/mailstore/LockableDatabase$DbCallback;)Ljava/lang/Object;
05-15 16:39:40.411 23090 23114 D M_InsDal: Lcom/fsck/k9/mailstore/LockableDatabase;--->lockRead()V
05-15 16:39:40.411 23090 23113 D M_InsDal: Lcom/fsck/k9/mail/Folder;--->setStatus(Ljava/lang/String;)V
05-15 16:39:40.411 23090 23113 D M_InsDal: Lcom/fsck/k9/mail/Folder;--->setLastChecked(J)V
05-15 16:39:40.411 23090 23114 D M_InsDal: Lcom/fsck/k9/mailstore/LockableDatabase;--->getStorageManager()Lcom/fsck/k9/mailstore/StorageManager;
05-15 16:39:40.411 23090 23113 D M_InsDal: Lcom/fsck/k9/mail/Folder;--->setLastPush(J)V
05-15 16:39:40.411 23090 23114 D M_InsDal: Lcom/fsck/k9/mailstore/StorageManager;--->getInstance(Landroid/content/Context;)Lcom/fsck/k9/mailstore/StorageManager;
05-15 16:39:40.411 23090 23113 D M_InsDal: Lcom/fsck/k9/mail/Folder$FolderClass;--->valueOf(Ljava/lang/String;)Lcom/fsck/k9/mail/Folder$FolderClass;
05-15 16:39:40.411 23090 23114 D M_InsDal: Lcom/fsck/k9/mailstore/StorageManager;--->lockProvider(Ljava/lang/String;)V
05-15 16:39:40.411 23090 23114 D M_InsDal: Lcom/fsck/k9/mailstore/StorageManager;--->getProvider(Ljava/lang/String;)Lcom/fsck/k9/mailstore/StorageManager$StorageProvider;
05-15 16:39:40.411 23090 23113 D M_InsDal: Lcom/fsck/k9/mail/Folder$FolderClass;--->valueOf(Ljava/lang/String;)Lcom/fsck/k9/mail/Folder$FolderClass;
05-15 16:39:40.411 23090 23113 D M_InsDal: Lcom/fsck/k9/mail/Folder$FolderClass;--->valueOf(Ljava/lang/String;)Lcom/fsck/k9/mail/Folder$FolderClass;
05-15 16:39:40.412 23090 23113 D M_InsDal: Lcom/fsck/k9/mailstore/LocalFolder$MoreMessages;--->fromDatabaseName(Ljava/lang/String;)Lcom/fsck/k9/mailstore/LocalFolder$MoreMessages;
05-15 16:39:40.413 23090 23090 D M_InsDal: Lcom/fsck/k9/service/MailService$5;---><clinit>()V
05-15 16:39:40.413 23090 23090 D M_InsDal: Lcom/fsck/k9/K9$BACKGROUND_OPS;--->values()[Lcom/fsck/k9/K9$BACKGROUND_OPS;
05-15 16:39:40.413 23090 23090 D M_InsDal: Lcom/fsck/k9/service/MailService;--->rescheduleAllInBackground(ZZLjava/lang/Integer;)V
05-15 16:39:40.413 23090 23090 D M_InsDal: Lcom/fsck/k9/service/MailService$1;---><init>(Lcom/fsck/k9/service/MailService;ZZ)V
05-15 16:39:40.413 23090 23090 D M_InsDal: Lcom/fsck/k9/service/CoreService;--->execute(Landroid/content/Context;Ljava/lang/Runnable;ILjava/lang/Integer;)V
05-15 16:39:40.413 23090 23090 D M_InsDal: Lcom/fsck/k9/service/CoreService;--->acquireWakeLock(Landroid/content/Context;Ljava/lang/String;J)Lcom/fsck/k9/mail/power/TracingPowerManager$TracingWakeLock;
05-15 16:39:40.413 23090 23090 D M_InsDal: Lcom/fsck/k9/mail/power/TracingPowerManager;--->getPowerManager(Landroid/content/Context;)Lcom/fsck/k9/mail/power/TracingPowerManager;
05-15 16:39:40.413 23090 23090 D M_InsDal: Lcom/fsck/k9/mail/power/TracingPowerManager;--->newWakeLock(ILjava/lang/String;)Lcom/fsck/k9/mail/power/TracingPowerManager$TracingWakeLock;
05-15 16:39:40.413 23090 23090 D M_InsDal: Lcom/fsck/k9/mail/power/TracingPowerManager$TracingWakeLock;---><init>(Lcom/fsck/k9/mail/power/TracingPowerManager;ILjava/lang/String;)V
05-15 16:39:40.413 23090 23090 D M_InsDal: Lcom/fsck/k9/mail/K9MailLib;--->isDebug()Z
05-15 16:39:40.413 23090 23090 D M_InsDal: Lcom/fsck/k9/K9$2;--->enabled()Z
05-15 16:39:40.413 23090 23090 D M_InsDal: Lcom/fsck/k9/mail/power/TracingPowerManager$TracingWakeLock;--->setReferenceCounted(Z)V
05-15 16:39:40.413 23090 23090 D M_InsDal: Lcom/fsck/k9/mail/power/TracingPowerManager$TracingWakeLock;--->acquire(J)V
05-15 16:39:40.414 23090 23113 D M_InsDal: Lcom/fsck/k9/AccountStats;---><init>()V
05-15 16:39:40.414 23090 23113 D M_InsDal: Lcom/fsck/k9/activity/Accounts$1;--->accountStatusChanged(Lcom/fsck/k9/BaseAccount;Lcom/fsck/k9/AccountStats;)V
05-15 16:39:40.414 23090 23113 D M_InsDal: Lcom/fsck/k9/search/SearchAccount;--->getUuid()Ljava/lang/String;
05-15 16:39:40.414 23090 23113 D M_InsDal: Lcom/fsck/k9/search/SearchAccount;--->getUuid()Ljava/lang/String;
05-15 16:39:40.414 23090 23113 D M_InsDal: Lcom/fsck/k9/activity/Accounts$AccountsHandler;--->dataChanged()V
05-15 16:39:40.414 23090 23113 D M_InsDal: Lcom/fsck/k9/activity/Accounts$AccountsHandler$2;---><init>(Lcom/fsck/k9/activity/Accounts$AccountsHandler;)V
05-15 16:39:40.414 23090 23090 D M_InsDal: Lcom/fsck/k9/mail/K9MailLib;--->isDebug()Z
05-15 16:39:40.414 23090 23090 D M_InsDal: Lcom/fsck/k9/K9$2;--->enabled()Z
05-15 16:39:40.414 23090 23090 D M_InsDal: Lcom/fsck/k9/mail/power/TracingPowerManager$TracingWakeLock;--->raiseNotification()V
05-15 16:39:40.414 23090 23113 D M_InsDal: Lcom/fsck/k9/activity/Accounts$AccountsHandler;--->progress(I)V
05-15 16:39:40.414 23090 23113 D M_InsDal: Lcom/fsck/k9/activity/Accounts$AccountsHandler$6;---><init>(Lcom/fsck/k9/activity/Accounts$AccountsHandler;I)V
05-15 16:39:40.414 23090 23090 D M_InsDal: Lcom/fsck/k9/service/CoreService$1;---><init>(Lcom/fsck/k9/service/CoreService;Ljava/lang/Runnable;Ljava/lang/Integer;Lcom/fsck/k9/mail/power/TracingPowerManager$TracingWakeLock;Z)V
05-15 16:39:40.414 23090 23114 D M_InsDal: Lcom/fsck/k9/helper/Utility;--->closeQuietly(Landroid/database/Cursor;)V
05-15 16:39:40.414 23090 23090 D M_InsDal: Lcom/fsck/k9/service/MailService;--->isSyncDisabled()Z
05-15 16:39:40.414 23090 23090 D M_InsDal: Lcom/fsck/k9/mail/power/TracingPowerManager$TracingWakeLock;--->release()V
05-15 16:39:40.414 23090 23090 D M_InsDal: Lcom/fsck/k9/mail/K9MailLib;--->isDebug()Z
05-15 16:39:40.414 23090 23090 D M_InsDal: Lcom/fsck/k9/K9$2;--->enabled()Z
05-15 16:39:40.414 23090 23090 D M_InsDal: Lcom/fsck/k9/mail/power/TracingPowerManager$TracingWakeLock;--->cancelNotification()V
05-15 16:39:40.414 23090 23116 D M_InsDal: Lcom/fsck/k9/service/CoreService$1;--->run()V
05-15 16:39:40.414 23090 23116 D M_InsDal: Lcom/fsck/k9/service/MailService;--->isSyncDisabled()Z
05-15 16:39:40.414 23090 23116 D M_InsDal: Lcom/fsck/k9/service/MailService$1;--->run()V
05-15 16:39:40.414 23090 23116 D M_InsDal: Lcom/fsck/k9/service/MailService;--->reschedulePoll(ZZZ)V
05-15 16:39:40.414 23090 23116 D M_InsDal: Lcom/fsck/k9/Preferences;--->getPreferences(Landroid/content/Context;)Lcom/fsck/k9/Preferences;
05-15 16:39:40.414 23090 23116 D M_InsDal: Lcom/fsck/k9/Preferences;--->getStorage()Lcom/fsck/k9/preferences/Storage;
05-15 16:39:40.414 23090 23116 D M_InsDal: Lcom/fsck/k9/preferences/Storage;--->getInt(Ljava/lang/String;I)I
05-15 16:39:40.414 23090 23116 D M_InsDal: Lcom/fsck/k9/preferences/Storage;--->getLong(Ljava/lang/String;J)J
05-15 16:39:40.414 23090 23116 D M_InsDal: Lcom/fsck/k9/Preferences;--->getAvailableAccounts()Ljava/util/Collection;
05-15 16:39:40.414 23090 23116 D M_InsDal: Lcom/fsck/k9/Preferences;--->getAccounts()Ljava/util/List;
05-15 16:39:40.414 23090 23116 D M_InsDal: Lcom/fsck/k9/Account;--->isEnabled()Z
05-15 16:39:40.414 23090 23116 D M_InsDal: Lcom/fsck/k9/Account;--->isAvailable(Landroid/content/Context;)Z
05-15 16:39:40.414 23090 23116 D M_InsDal: Lcom/fsck/k9/Account;--->getLocalStorageProviderId()Ljava/lang/String;
05-15 16:39:40.414 23090 23116 D M_InsDal: Lcom/fsck/k9/mailstore/StorageManager;--->getInstance(Landroid/content/Context;)Lcom/fsck/k9/mailstore/StorageManager;
05-15 16:39:40.414 23090 23116 D M_InsDal: Lcom/fsck/k9/mailstore/StorageManager;--->isReady(Ljava/lang/String;)Z
05-15 16:39:40.414 23090 23116 D M_InsDal: Lcom/fsck/k9/mailstore/StorageManager;--->getProvider(Ljava/lang/String;)Lcom/fsck/k9/mailstore/StorageManager$StorageProvider;
05-15 16:39:40.414 23090 23116 D M_InsDal: Lcom/fsck/k9/mailstore/StorageManager$InternalStorageProvider;--->isReady(Landroid/content/Context;)Z
05-15 16:39:40.414 23090 23116 D M_InsDal: Lcom/fsck/k9/Account;--->getAutomaticCheckIntervalMinutes()I
05-15 16:39:40.414 23090 23116 D M_InsDal: Lcom/fsck/k9/preferences/Storage;--->edit()Lcom/fsck/k9/preferences/StorageEditor;
05-15 16:39:40.414 23090 23114 D M_InsDal: Lcom/fsck/k9/Account;--->getLocalStore()Lcom/fsck/k9/mailstore/LocalStore;
05-15 16:39:40.414 23090 23116 D M_InsDal: Lcom/fsck/k9/preferences/StorageEditor;---><init>(Lcom/fsck/k9/preferences/Storage;)V
05-15 16:39:40.414 23090 23114 D M_InsDal: Lcom/fsck/k9/mailstore/LocalStore;--->getInstance(Lcom/fsck/k9/Account;Landroid/content/Context;)Lcom/fsck/k9/mailstore/LocalStore;
05-15 16:39:40.414 23090 23114 D M_InsDal: Lcom/fsck/k9/Account;--->getUuid()Ljava/lang/String;
05-15 16:39:40.414 23090 23116 D M_InsDal: Lcom/fsck/k9/preferences/Storage;--->getAll()Ljava/util/Map;
05-15 16:39:40.414 23090 23114 D M_InsDal: Lcom/fsck/k9/K9;--->measureAccounts()Z
05-15 16:39:40.414 23090 23114 D M_InsDal: Lcom/fsck/k9/mailstore/LocalStore;--->getSize()J
05-15 16:39:40.414 23090 23114 D M_InsDal: Lcom/fsck/k9/mailstore/StorageManager;--->getInstance(Landroid/content/Context;)Lcom/fsck/k9/mailstore/StorageManager;
05-15 16:39:40.414 23090 23114 D M_InsDal: Lcom/fsck/k9/Account;--->getUuid()Ljava/lang/String;
05-15 16:39:40.414 23090 23114 D M_InsDal: Lcom/fsck/k9/mailstore/LockableDatabase;--->getStorageProviderId()Ljava/lang/String;
05-15 16:39:40.414 23090 23114 D M_InsDal: Lcom/fsck/k9/mailstore/StorageManager;--->getAttachmentDirectory(Ljava/lang/String;Ljava/lang/String;)Ljava/io/File;
05-15 16:39:40.414 23090 23114 D M_InsDal: Lcom/fsck/k9/mailstore/StorageManager;--->getProvider(Ljava/lang/String;)Lcom/fsck/k9/mailstore/StorageManager$StorageProvider;
05-15 16:39:40.414 23090 23114 D M_InsDal: Lcom/fsck/k9/mailstore/StorageManager$InternalStorageProvider;--->getAttachmentDirectory(Landroid/content/Context;Ljava/lang/String;)Ljava/io/File;
05-15 16:39:40.414 23090 23116 D M_InsDal: Lcom/fsck/k9/preferences/StorageEditor;--->putInt(Ljava/lang/String;I)Lcom/fsck/k9/preferences/StorageEditor;
05-15 16:39:40.414 23090 23116 D M_InsDal: Lcom/fsck/k9/preferences/StorageEditor;--->commit()Z
05-15 16:39:40.414 23090 23116 D M_InsDal: Lcom/fsck/k9/preferences/StorageEditor;--->commitChanges()V
05-15 16:39:40.414 23090 23116 D M_InsDal: Lcom/fsck/k9/preferences/StorageEditor$1;---><init>(Lcom/fsck/k9/preferences/StorageEditor;)V
05-15 16:39:40.414 23090 23116 D M_InsDal: Lcom/fsck/k9/preferences/Storage;--->doInTransaction(Ljava/lang/Runnable;)V
05-15 16:39:40.414 23090 23114 D M_InsDal: Lcom/fsck/k9/mailstore/LocalStore$1;---><init>(Lcom/fsck/k9/mailstore/LocalStore;Ljava/io/File;Lcom/fsck/k9/mailstore/StorageManager;)V
05-15 16:39:40.414 23090 23114 D M_InsDal: Lcom/fsck/k9/mailstore/LockableDatabase;--->execute(ZLcom/fsck/k9/mailstore/LockableDatabase$DbCallback;)Ljava/lang/Object;
05-15 16:39:40.414 23090 23114 D M_InsDal: Lcom/fsck/k9/mailstore/LockableDatabase;--->lockRead()V
05-15 16:39:40.415 23090 23114 D M_InsDal: Lcom/fsck/k9/mailstore/LockableDatabase;--->getStorageManager()Lcom/fsck/k9/mailstore/StorageManager;
05-15 16:39:40.415 23090 23114 D M_InsDal: Lcom/fsck/k9/mailstore/StorageManager;--->getInstance(Landroid/content/Context;)Lcom/fsck/k9/mailstore/StorageManager;
05-15 16:39:40.415 23090 23114 D M_InsDal: Lcom/fsck/k9/mailstore/StorageManager;--->lockProvider(Ljava/lang/String;)V
05-15 16:39:40.415 23090 23114 D M_InsDal: Lcom/fsck/k9/mailstore/StorageManager;--->getProvider(Ljava/lang/String;)Lcom/fsck/k9/mailstore/StorageManager$StorageProvider;
05-15 16:39:40.415 23090 23114 D M_InsDal: Lcom/fsck/k9/mailstore/StorageManager$InternalStorageProvider;--->isReady(Landroid/content/Context;)Z
05-15 16:39:40.415 23090 23114 D M_InsDal: Lcom/fsck/k9/K9;--->isDebug()Z
05-15 16:39:40.415 23090 23116 D M_InsDal: Lcom/fsck/k9/preferences/Storage;--->openDB()Landroid/database/sqlite/SQLiteDatabase;
05-15 16:39:40.415 23090 23114 D M_InsDal: Lcom/fsck/k9/mailstore/LocalStore$1;--->doDbWork(Landroid/database/sqlite/SQLiteDatabase;)Ljava/lang/Long;
05-15 16:39:40.415 23090 23114 D M_InsDal: Lcom/fsck/k9/Account;--->getUuid()Ljava/lang/String;
05-15 16:39:40.415 23090 23114 D M_InsDal: Lcom/fsck/k9/mailstore/LockableDatabase;--->getStorageProviderId()Ljava/lang/String;
05-15 16:39:40.415 23090 23114 D M_InsDal: Lcom/fsck/k9/mailstore/StorageManager;--->getDatabase(Ljava/lang/String;Ljava/lang/String;)Ljava/io/File;
05-15 16:39:40.415 23090 23114 D M_InsDal: Lcom/fsck/k9/mailstore/StorageManager;--->getProvider(Ljava/lang/String;)Lcom/fsck/k9/mailstore/StorageManager$StorageProvider;
05-15 16:39:40.415 23090 23114 D M_InsDal: Lcom/fsck/k9/mailstore/StorageManager$InternalStorageProvider;--->getDatabase(Landroid/content/Context;Ljava/lang/String;)Ljava/io/File;
05-15 16:39:40.415 23090 23114 D M_InsDal: Lcom/fsck/k9/mailstore/LockableDatabase;--->unlockRead()V
05-15 16:39:40.415 23090 23114 D M_InsDal: Lcom/fsck/k9/mailstore/LockableDatabase;--->getStorageManager()Lcom/fsck/k9/mailstore/StorageManager;
05-15 16:39:40.415 23090 23114 D M_InsDal: Lcom/fsck/k9/mailstore/StorageManager;--->getInstance(Landroid/content/Context;)Lcom/fsck/k9/mailstore/StorageManager;
05-15 16:39:40.415 23090 23114 D M_InsDal: Lcom/fsck/k9/mailstore/StorageManager;--->unlockProvider(Ljava/lang/String;)V
05-15 16:39:40.415 23090 23114 D M_InsDal: Lcom/fsck/k9/mailstore/StorageManager;--->getProvider(Ljava/lang/String;)Lcom/fsck/k9/mailstore/StorageManager$StorageProvider;
05-15 16:39:40.415 23090 23114 D M_InsDal: Lcom/fsck/k9/activity/Accounts$1;--->accountStatusChanged(Lcom/fsck/k9/BaseAccount;Lcom/fsck/k9/AccountStats;)V
05-15 16:39:40.415 23090 23114 D M_InsDal: Lcom/fsck/k9/Account;--->getUuid()Ljava/lang/String;
05-15 16:39:40.415 23090 23114 D M_InsDal: Lcom/fsck/k9/Account;--->getUuid()Ljava/lang/String;
05-15 16:39:40.415 23090 23114 D M_InsDal: Lcom/fsck/k9/activity/Accounts$AccountsHandler;--->dataChanged()V
05-15 16:39:40.415 23090 23114 D M_InsDal: Lcom/fsck/k9/activity/Accounts$AccountsHandler$2;---><init>(Lcom/fsck/k9/activity/Accounts$AccountsHandler;)V
05-15 16:39:40.415 23090 23114 D M_InsDal: Lcom/fsck/k9/Account;--->hashCode()I
05-15 16:39:40.415 23090 23114 D M_InsDal: Lcom/fsck/k9/activity/Accounts$AccountsHandler;--->progress(I)V
05-15 16:39:40.415 23090 23114 D M_InsDal: Lcom/fsck/k9/activity/Accounts$AccountsHandler$6;---><init>(Lcom/fsck/k9/activity/Accounts$AccountsHandler;I)V
05-15 16:39:40.415 23090 23114 D M_InsDal: Lcom/fsck/k9/activity/Accounts$AccountsHandler;--->refreshTitle()V
05-15 16:39:40.415 23090 23114 D M_InsDal: Lcom/fsck/k9/activity/Accounts$AccountsHandler$1;---><init>(Lcom/fsck/k9/activity/Accounts$AccountsHandler;)V
05-15 16:39:40.416 23090 23116 D M_InsDal: Lcom/fsck/k9/preferences/StorageEditor$1;--->run()V
05-15 16:39:40.416 23090 23116 D M_InsDal: Lcom/fsck/k9/preferences/Storage;--->put(Ljava/util/Map;)V
05-15 16:39:40.416 23090 23116 D M_InsDal: Lcom/fsck/k9/service/MailService;--->cancel()V
05-15 16:39:40.416 23090 23116 D M_InsDal: Lcom/fsck/k9/service/CoreReceiver;---><clinit>()V
05-15 16:39:40.416 23090 23116 D M_InsDal: Lcom/fsck/k9/service/BootReceiver;--->cancelIntent(Landroid/content/Context;Landroid/content/Intent;)V
05-15 16:39:40.417 23090 23116 D M_InsDal: Lcom/fsck/k9/service/MailService;--->reschedulePushers(ZZ)V
05-15 16:39:40.417 23090 23116 D M_InsDal: Lcom/fsck/k9/service/MailService;--->stopPushers()V
05-15 16:39:40.417 23090 23116 D M_InsDal: Lcom/fsck/k9/controller/MessagingController;--->getInstance(Landroid/content/Context;)Lcom/fsck/k9/controller/MessagingController;
05-15 16:39:40.417 23090 23116 D M_InsDal: Lcom/fsck/k9/controller/MessagingController;--->stopAllPushing()V
05-15 16:39:40.417 23090 23116 D M_InsDal: Lcom/fsck/k9/service/PushService;--->stopService(Landroid/content/Context;)V
05-15 16:39:40.417 23090 23116 D M_InsDal: Lcom/fsck/k9/service/CoreService;--->addWakeLock(Landroid/content/Context;Landroid/content/Intent;)V
05-15 16:39:40.417 23090 23116 D M_InsDal: Lcom/fsck/k9/service/CoreService;--->acquireWakeLock(Landroid/content/Context;Ljava/lang/String;J)Lcom/fsck/k9/mail/power/TracingPowerManager$TracingWakeLock;
05-15 16:39:40.417 23090 23116 D M_InsDal: Lcom/fsck/k9/mail/power/TracingPowerManager;--->getPowerManager(Landroid/content/Context;)Lcom/fsck/k9/mail/power/TracingPowerManager;
05-15 16:39:40.417 23090 23116 D M_InsDal: Lcom/fsck/k9/mail/power/TracingPowerManager;--->newWakeLock(ILjava/lang/String;)Lcom/fsck/k9/mail/power/TracingPowerManager$TracingWakeLock;
05-15 16:39:40.417 23090 23116 D M_InsDal: Lcom/fsck/k9/mail/power/TracingPowerManager$TracingWakeLock;---><init>(Lcom/fsck/k9/mail/power/TracingPowerManager;ILjava/lang/String;)V
05-15 16:39:40.417 23090 23116 D M_InsDal: Lcom/fsck/k9/mail/K9MailLib;--->isDebug()Z
05-15 16:39:40.417 23090 23116 D M_InsDal: Lcom/fsck/k9/K9$2;--->enabled()Z
05-15 16:39:40.417 23090 23116 D M_InsDal: Lcom/fsck/k9/mail/power/TracingPowerManager$TracingWakeLock;--->setReferenceCounted(Z)V
05-15 16:39:40.417 23090 23116 D M_InsDal: Lcom/fsck/k9/mail/power/TracingPowerManager$TracingWakeLock;--->acquire(J)V
05-15 16:39:40.418 23090 23116 D M_InsDal: Lcom/fsck/k9/mail/K9MailLib;--->isDebug()Z
05-15 16:39:40.418 23090 23116 D M_InsDal: Lcom/fsck/k9/K9$2;--->enabled()Z
05-15 16:39:40.418 23090 23116 D M_InsDal: Lcom/fsck/k9/mail/power/TracingPowerManager$TracingWakeLock;--->raiseNotification()V
05-15 16:39:40.418 23090 23116 D M_InsDal: Lcom/fsck/k9/service/CoreService;--->registerWakeLock(Lcom/fsck/k9/mail/power/TracingPowerManager$TracingWakeLock;)Ljava/lang/Integer;
05-15 16:39:40.418 23090 23116 D M_InsDal: Lcom/fsck/k9/service/MailService;--->setupPushers()V
05-15 16:39:40.418 23090 23116 D M_InsDal: Lcom/fsck/k9/Preferences;--->getPreferences(Landroid/content/Context;)Lcom/fsck/k9/Preferences;
05-15 16:39:40.418 23090 23116 D M_InsDal: Lcom/fsck/k9/Preferences;--->getAccounts()Ljava/util/List;
05-15 16:39:40.418 23090 23116 D M_InsDal: Lcom/fsck/k9/Account;--->getDescription()Ljava/lang/String;
05-15 16:39:40.418 23090 23116 D M_InsDal: Lcom/fsck/k9/Account;--->isEnabled()Z
05-15 16:39:40.418 23090 23116 D M_InsDal: Lcom/fsck/k9/Account;--->isAvailable(Landroid/content/Context;)Z
05-15 16:39:40.418 23090 23116 D M_InsDal: Lcom/fsck/k9/Account;--->getLocalStorageProviderId()Ljava/lang/String;
05-15 16:39:40.418 23090 23116 D M_InsDal: Lcom/fsck/k9/mailstore/StorageManager;--->getInstance(Landroid/content/Context;)Lcom/fsck/k9/mailstore/StorageManager;
05-15 16:39:40.418 23090 23116 D M_InsDal: Lcom/fsck/k9/mailstore/StorageManager;--->isReady(Ljava/lang/String;)Z
05-15 16:39:40.418 23090 23116 D M_InsDal: Lcom/fsck/k9/mailstore/StorageManager;--->getProvider(Ljava/lang/String;)Lcom/fsck/k9/mailstore/StorageManager$StorageProvider;
05-15 16:39:40.418 23090 23116 D M_InsDal: Lcom/fsck/k9/mailstore/StorageManager$InternalStorageProvider;--->isReady(Landroid/content/Context;)Z
05-15 16:39:40.418 23090 23116 D M_InsDal: Lcom/fsck/k9/controller/MessagingController;--->getInstance(Landroid/content/Context;)Lcom/fsck/k9/controller/MessagingController;
05-15 16:39:40.418 23090 23116 D M_InsDal: Lcom/fsck/k9/controller/MessagingController;--->setupPushing(Lcom/fsck/k9/Account;)Z
05-15 16:39:40.418 23090 23116 D M_InsDal: Lcom/fsck/k9/Account;--->hashCode()I
05-15 16:39:40.418 23090 23116 D M_InsDal: Lcom/fsck/k9/Account;--->getFolderDisplayMode()Lcom/fsck/k9/Account$FolderMode;
05-15 16:39:40.418 23090 23116 D M_InsDal: Lcom/fsck/k9/Account;--->getFolderPushMode()Lcom/fsck/k9/Account$FolderMode;
05-15 16:39:40.418 23090 23116 D M_InsDal: Lcom/fsck/k9/Account;--->getLocalStore()Lcom/fsck/k9/mailstore/LocalStore;
05-15 16:39:40.418 23090 23116 D M_InsDal: Lcom/fsck/k9/mailstore/LocalStore;--->getInstance(Lcom/fsck/k9/Account;Landroid/content/Context;)Lcom/fsck/k9/mailstore/LocalStore;
05-15 16:39:40.418 23090 23116 D M_InsDal: Lcom/fsck/k9/Account;--->getUuid()Ljava/lang/String;
05-15 16:39:40.418 23090 23116 D M_InsDal: Lcom/fsck/k9/mailstore/LocalStore;--->getPersonalNamespaces(Z)Ljava/util/List;
05-15 16:39:40.418 23090 23116 D M_InsDal: Lcom/fsck/k9/mailstore/LocalStore$6;---><init>(Lcom/fsck/k9/mailstore/LocalStore;Ljava/util/List;)V
05-15 16:39:40.418 23090 23116 D M_InsDal: Lcom/fsck/k9/mailstore/LockableDatabase;--->execute(ZLcom/fsck/k9/mailstore/LockableDatabase$DbCallback;)Ljava/lang/Object;
05-15 16:39:40.418 23090 23116 D M_InsDal: Lcom/fsck/k9/mailstore/LockableDatabase;--->lockRead()V
05-15 16:39:40.418 23090 23116 D M_InsDal: Lcom/fsck/k9/mailstore/LockableDatabase;--->getStorageManager()Lcom/fsck/k9/mailstore/StorageManager;
05-15 16:39:40.418 23090 23116 D M_InsDal: Lcom/fsck/k9/mailstore/StorageManager;--->getInstance(Landroid/content/Context;)Lcom/fsck/k9/mailstore/StorageManager;
05-15 16:39:40.418 23090 23116 D M_InsDal: Lcom/fsck/k9/mailstore/StorageManager;--->lockProvider(Ljava/lang/String;)V
05-15 16:39:40.418 23090 23116 D M_InsDal: Lcom/fsck/k9/mailstore/StorageManager;--->getProvider(Ljava/lang/String;)Lcom/fsck/k9/mailstore/StorageManager$StorageProvider;
05-15 16:39:40.418 23090 23116 D M_InsDal: Lcom/fsck/k9/mailstore/StorageManager$InternalStorageProvider;--->isReady(Landroid/content/Context;)Z
05-15 16:39:40.418 23090 23116 D M_InsDal: Lcom/fsck/k9/K9;--->isDebug()Z
05-15 16:39:40.418 23090 23116 D M_InsDal: Lcom/fsck/k9/mailstore/LocalStore$6;--->doDbWork(Landroid/database/sqlite/SQLiteDatabase;)Ljava/util/List;
05-15 16:39:40.419 23090 23116 D M_InsDal: Lcom/fsck/k9/mailstore/LocalFolder;---><init>(Lcom/fsck/k9/mailstore/LocalStore;Ljava/lang/String;)V
05-15 16:39:40.419 23090 23116 D M_InsDal: Lcom/fsck/k9/mail/Folder;---><init>()V
05-15 16:39:40.419 23090 23116 D M_InsDal: Lcom/fsck/k9/mailstore/LocalStore;--->getAttachmentInfoExtractor()Lcom/fsck/k9/message/extractors/AttachmentInfoExtractor;
05-15 16:39:40.419 23090 23116 D M_InsDal: Lcom/fsck/k9/mailstore/LocalFolder;--->getAccount()Lcom/fsck/k9/Account;
05-15 16:39:40.419 23090 23116 D M_InsDal: Lcom/fsck/k9/mailstore/LocalStore;--->getAccount()Lcom/fsck/k9/Account;
05-15 16:39:40.419 23090 23116 D M_InsDal: Lcom/fsck/k9/Account;--->getInboxFolderName()Ljava/lang/String;
05-15 16:39:40.419 23090 23116 D M_InsDal: Lcom/fsck/k9/mailstore/LocalFolder;--->getName()Ljava/lang/String;
05-15 16:39:40.419 23090 23116 D M_InsDal: Lcom/fsck/k9/mailstore/LocalFolder;--->open(Landroid/database/Cursor;)V
05-15 16:39:40.419 23090 23116 D M_InsDal: Lcom/fsck/k9/mail/Folder;--->setStatus(Ljava/lang/String;)V
05-15 16:39:40.419 23090 23116 D M_InsDal: Lcom/fsck/k9/mail/Folder;--->setLastChecked(J)V
05-15 16:39:40.419 23090 23116 D M_InsDal: Lcom/fsck/k9/mail/Folder;--->setLastPush(J)V
05-15 16:39:40.419 23090 23116 D M_InsDal: Lcom/fsck/k9/mail/Folder$FolderClass;--->valueOf(Ljava/lang/String;)Lcom/fsck/k9/mail/Folder$FolderClass;
05-15 16:39:40.419 23090 23116 D M_InsDal: Lcom/fsck/k9/mail/Folder$FolderClass;--->valueOf(Ljava/lang/String;)Lcom/fsck/k9/mail/Folder$FolderClass;
05-15 16:39:40.419 23090 23116 D M_InsDal: Lcom/fsck/k9/mailstore/LocalFolder$MoreMessages;--->fromDatabaseName(Ljava/lang/String;)Lcom/fsck/k9/mailstore/LocalFolder$MoreMessages;
05-15 16:39:40.419 23090 23116 D M_InsDal: Lcom/fsck/k9/mailstore/LocalFolder$MoreMessages;--->values()[Lcom/fsck/k9/mailstore/LocalFolder$MoreMessages;
05-15 16:39:40.419 23090 23116 D M_InsDal: Lcom/fsck/k9/mailstore/LocalFolder;---><init>(Lcom/fsck/k9/mailstore/LocalStore;Ljava/lang/String;)V
05-15 16:39:40.419 23090 23116 D M_InsDal: Lcom/fsck/k9/mail/Folder;---><init>()V
05-15 16:39:40.419 23090 23116 D M_InsDal: Lcom/fsck/k9/mailstore/LocalStore;--->getAttachmentInfoExtractor()Lcom/fsck/k9/message/extractors/AttachmentInfoExtractor;
05-15 16:39:40.419 23090 23116 D M_InsDal: Lcom/fsck/k9/mailstore/LocalFolder;--->getAccount()Lcom/fsck/k9/Account;
05-15 16:39:40.419 23090 23116 D M_InsDal: Lcom/fsck/k9/mailstore/LocalStore;--->getAccount()Lcom/fsck/k9/Account;
05-15 16:39:40.419 23090 23116 D M_InsDal: Lcom/fsck/k9/Account;--->getInboxFolderName()Ljava/lang/String;
05-15 16:39:40.419 23090 23116 D M_InsDal: Lcom/fsck/k9/mailstore/LocalFolder;--->getName()Ljava/lang/String;
05-15 16:39:40.419 23090 23116 D M_InsDal: Lcom/fsck/k9/mailstore/LocalFolder;--->open(Landroid/database/Cursor;)V
05-15 16:39:40.419 23090 23116 D M_InsDal: Lcom/fsck/k9/mail/Folder;--->setStatus(Ljava/lang/String;)V
05-15 16:39:40.419 23090 23116 D M_InsDal: Lcom/fsck/k9/mail/Folder;--->setLastChecked(J)V
05-15 16:39:40.419 23090 23116 D M_InsDal: Lcom/fsck/k9/mail/Folder;--->setLastPush(J)V
05-15 16:39:40.419 23090 23116 D M_InsDal: Lcom/fsck/k9/mail/Folder$FolderClass;--->valueOf(Ljava/lang/String;)Lcom/fsck/k9/mail/Folder$FolderClass;
05-15 16:39:40.419 23090 23116 D M_InsDal: Lcom/fsck/k9/mail/Folder$FolderClass;--->valueOf(Ljava/lang/String;)Lcom/fsck/k9/mail/Folder$FolderClass;
05-15 16:39:40.419 23090 23116 D M_InsDal: Lcom/fsck/k9/mailstore/LocalFolder$MoreMessages;--->fromDatabaseName(Ljava/lang/String;)Lcom/fsck/k9/mailstore/LocalFolder$MoreMessages;
05-15 16:39:40.419 23090 23116 D M_InsDal: Lcom/fsck/k9/mailstore/LocalFolder$MoreMessages;--->values()[Lcom/fsck/k9/mailstore/LocalFolder$MoreMessages;
05-15 16:39:40.419 23090 23116 D M_InsDal: Lcom/fsck/k9/mailstore/LocalFolder;---><init>(Lcom/fsck/k9/mailstore/LocalStore;Ljava/lang/String;)V
05-15 16:39:40.419 23090 23116 D M_InsDal: Lcom/fsck/k9/mail/Folder;---><init>()V
05-15 16:39:40.419 23090 23116 D M_InsDal: Lcom/fsck/k9/mailstore/LocalStore;--->getAttachmentInfoExtractor()Lcom/fsck/k9/message/extractors/AttachmentInfoExtractor;
05-15 16:39:40.419 23090 23116 D M_InsDal: Lcom/fsck/k9/mailstore/LocalFolder;--->getAccount()Lcom/fsck/k9/Account;
05-15 16:39:40.419 23090 23116 D M_InsDal: Lcom/fsck/k9/mailstore/LocalStore;--->getAccount()Lcom/fsck/k9/Account;
05-15 16:39:40.419 23090 23116 D M_InsDal: Lcom/fsck/k9/Account;--->getInboxFolderName()Ljava/lang/String;
05-15 16:39:40.419 23090 23116 D M_InsDal: Lcom/fsck/k9/mailstore/LocalFolder;--->getName()Ljava/lang/String;
05-15 16:39:40.419 23090 23116 D M_InsDal: Lcom/fsck/k9/mailstore/LocalFolder;--->open(Landroid/database/Cursor;)V
05-15 16:39:40.419 23090 23116 D M_InsDal: Lcom/fsck/k9/mail/Folder;--->setStatus(Ljava/lang/String;)V
05-15 16:39:40.419 23090 23116 D M_InsDal: Lcom/fsck/k9/mail/Folder;--->setLastChecked(J)V
05-15 16:39:40.419 23090 23116 D M_InsDal: Lcom/fsck/k9/mail/Folder;--->setLastPush(J)V
05-15 16:39:40.419 23090 23116 D M_InsDal: Lcom/fsck/k9/mail/Folder$FolderClass;--->valueOf(Ljava/lang/String;)Lcom/fsck/k9/mail/Folder$FolderClass;
05-15 16:39:40.419 23090 23116 D M_InsDal: Lcom/fsck/k9/mail/Folder$FolderClass;--->valueOf(Ljava/lang/String;)Lcom/fsck/k9/mail/Folder$FolderClass;
05-15 16:39:40.419 23090 23116 D M_InsDal: Lcom/fsck/k9/mailstore/LocalFolder$MoreMessages;--->fromDatabaseName(Ljava/lang/String;)Lcom/fsck/k9/mailstore/LocalFolder$MoreMessages;
05-15 16:39:40.419 23090 23116 D M_InsDal: Lcom/fsck/k9/mailstore/LocalFolder$MoreMessages;--->values()[Lcom/fsck/k9/mailstore/LocalFolder$MoreMessages;
05-15 16:39:40.419 23090 23116 D M_InsDal: Lcom/fsck/k9/mailstore/LocalFolder;---><init>(Lcom/fsck/k9/mailstore/LocalStore;Ljava/lang/String;)V
05-15 16:39:40.419 23090 23116 D M_InsDal: Lcom/fsck/k9/mail/Folder;---><init>()V
05-15 16:39:40.419 23090 23116 D M_InsDal: Lcom/fsck/k9/mailstore/LocalStore;--->getAttachmentInfoExtractor()Lcom/fsck/k9/message/extractors/AttachmentInfoExtractor;
05-15 16:39:40.419 23090 23116 D M_InsDal: Lcom/fsck/k9/mailstore/LocalFolder;--->getAccount()Lcom/fsck/k9/Account;
05-15 16:39:40.419 23090 23116 D M_InsDal: Lcom/fsck/k9/mailstore/LocalStore;--->getAccount()Lcom/fsck/k9/Account;
05-15 16:39:40.419 23090 23116 D M_InsDal: Lcom/fsck/k9/Account;--->getInboxFolderName()Ljava/lang/String;
05-15 16:39:40.419 23090 23116 D M_InsDal: Lcom/fsck/k9/mailstore/LocalFolder;--->getName()Ljava/lang/String;
05-15 16:39:40.419 23090 23116 D M_InsDal: Lcom/fsck/k9/mailstore/LocalFolder;--->open(Landroid/database/Cursor;)V
05-15 16:39:40.419 23090 23116 D M_InsDal: Lcom/fsck/k9/mail/Folder;--->setStatus(Ljava/lang/String;)V
05-15 16:39:40.419 23090 23116 D M_InsDal: Lcom/fsck/k9/mail/Folder;--->setLastChecked(J)V
05-15 16:39:40.419 23090 23116 D M_InsDal: Lcom/fsck/k9/mail/Folder;--->setLastPush(J)V
05-15 16:39:40.419 23090 23116 D M_InsDal: Lcom/fsck/k9/mail/Folder$FolderClass;--->valueOf(Ljava/lang/String;)Lcom/fsck/k9/mail/Folder$FolderClass;
05-15 16:39:40.419 23090 23116 D M_InsDal: Lcom/fsck/k9/mail/Folder$FolderClass;--->valueOf(Ljava/lang/String;)Lcom/fsck/k9/mail/Folder$FolderClass;
05-15 16:39:40.419 23090 23116 D M_InsDal: Lcom/fsck/k9/mailstore/LocalFolder$MoreMessages;--->fromDatabaseName(Ljava/lang/String;)Lcom/fsck/k9/mailstore/LocalFolder$MoreMessages;
05-15 16:39:40.419 23090 23116 D M_InsDal: Lcom/fsck/k9/mailstore/LocalFolder$MoreMessages;--->values()[Lcom/fsck/k9/mailstore/LocalFolder$MoreMessages;
05-15 16:39:40.419 23090 23116 D M_InsDal: Lcom/fsck/k9/mailstore/LocalFolder;---><init>(Lcom/fsck/k9/mailstore/LocalStore;Ljava/lang/String;)V
05-15 16:39:40.419 23090 23116 D M_InsDal: Lcom/fsck/k9/mail/Folder;---><init>()V
05-15 16:39:40.419 23090 23116 D M_InsDal: Lcom/fsck/k9/mailstore/LocalStore;--->getAttachmentInfoExtractor()Lcom/fsck/k9/message/extractors/AttachmentInfoExtractor;
05-15 16:39:40.419 23090 23116 D M_InsDal: Lcom/fsck/k9/mailstore/LocalFolder;--->getAccount()Lcom/fsck/k9/Account;
05-15 16:39:40.419 23090 23116 D M_InsDal: Lcom/fsck/k9/mailstore/LocalStore;--->getAccount()Lcom/fsck/k9/Account;
05-15 16:39:40.419 23090 23116 D M_InsDal: Lcom/fsck/k9/Account;--->getInboxFolderName()Ljava/lang/String;
05-15 16:39:40.419 23090 23116 D M_InsDal: Lcom/fsck/k9/mailstore/LocalFolder;--->getName()Ljava/lang/String;
05-15 16:39:40.419 23090 23116 D M_InsDal: Lcom/fsck/k9/mailstore/LocalFolder;--->open(Landroid/database/Cursor;)V
05-15 16:39:40.419 23090 23116 D M_InsDal: Lcom/fsck/k9/mail/Folder;--->setStatus(Ljava/lang/String;)V
05-15 16:39:40.419 23090 23116 D M_InsDal: Lcom/fsck/k9/mail/Folder;--->setLastChecked(J)V
05-15 16:39:40.419 23090 23116 D M_InsDal: Lcom/fsck/k9/mail/Folder;--->setLastPush(J)V
05-15 16:39:40.419 23090 23116 D M_InsDal: Lcom/fsck/k9/mail/Folder$FolderClass;--->valueOf(Ljava/lang/String;)Lcom/fsck/k9/mail/Folder$FolderClass;
05-15 16:39:40.419 23090 23116 D M_InsDal: Lcom/fsck/k9/mail/Folder$FolderClass;--->valueOf(Ljava/lang/String;)Lcom/fsck/k9/mail/Folder$FolderClass;
05-15 16:39:40.419 23090 23116 D M_InsDal: Lcom/fsck/k9/mailstore/LocalFolder$MoreMessages;--->fromDatabaseName(Ljava/lang/String;)Lcom/fsck/k9/mailstore/LocalFolder$MoreMessages;
05-15 16:39:40.419 23090 23116 D M_InsDal: Lcom/fsck/k9/mailstore/LocalFolder$MoreMessages;--->values()[Lcom/fsck/k9/mailstore/LocalFolder$MoreMessages;
05-15 16:39:40.419 23090 23116 D M_InsDal: Lcom/fsck/k9/mailstore/LocalFolder;---><init>(Lcom/fsck/k9/mailstore/LocalStore;Ljava/lang/String;)V
05-15 16:39:40.419 23090 23116 D M_InsDal: Lcom/fsck/k9/mail/Folder;---><init>()V
05-15 16:39:40.419 23090 23116 D M_InsDal: Lcom/fsck/k9/mailstore/LocalStore;--->getAttachmentInfoExtractor()Lcom/fsck/k9/message/extractors/AttachmentInfoExtractor;
05-15 16:39:40.419 23090 23116 D M_InsDal: Lcom/fsck/k9/mailstore/LocalFolder;--->getAccount()Lcom/fsck/k9/Account;
05-15 16:39:40.419 23090 23116 D M_InsDal: Lcom/fsck/k9/mailstore/LocalStore;--->getAccount()Lcom/fsck/k9/Account;
05-15 16:39:40.419 23090 23116 D M_InsDal: Lcom/fsck/k9/Account;--->getInboxFolderName()Ljava/lang/String;
05-15 16:39:40.419 23090 23116 D M_InsDal: Lcom/fsck/k9/mailstore/LocalFolder;--->getName()Ljava/lang/String;
05-15 16:39:40.419 23090 23116 D M_InsDal: Lcom/fsck/k9/mailstore/LocalFolder;--->open(Landroid/database/Cursor;)V
05-15 16:39:40.419 23090 23116 D M_InsDal: Lcom/fsck/k9/mail/Folder;--->setStatus(Ljava/lang/String;)V
05-15 16:39:40.419 23090 23116 D M_InsDal: Lcom/fsck/k9/mail/Folder;--->setLastChecked(J)V
05-15 16:39:40.419 23090 23116 D M_InsDal: Lcom/fsck/k9/mail/Folder;--->setLastPush(J)V
05-15 16:39:40.419 23090 23116 D M_InsDal: Lcom/fsck/k9/mail/Folder$FolderClass;--->valueOf(Ljava/lang/String;)Lcom/fsck/k9/mail/Folder$FolderClass;
05-15 16:39:40.419 23090 23116 D M_InsDal: Lcom/fsck/k9/mail/Folder$FolderClass;--->valueOf(Ljava/lang/String;)Lcom/fsck/k9/mail/Folder$FolderClass;
05-15 16:39:40.419 23090 23116 D M_InsDal: Lcom/fsck/k9/mailstore/LocalFolder$MoreMessages;--->fromDatabaseName(Ljava/lang/String;)Lcom/fsck/k9/mailstore/LocalFolder$MoreMessages;
05-15 16:39:40.419 23090 23116 D M_InsDal: Lcom/fsck/k9/mailstore/LocalFolder$MoreMessages;--->values()[Lcom/fsck/k9/mailstore/LocalFolder$MoreMessages;
05-15 16:39:40.419 23090 23116 D M_InsDal: Lcom/fsck/k9/mailstore/LocalFolder;---><init>(Lcom/fsck/k9/mailstore/LocalStore;Ljava/lang/String;)V
05-15 16:39:40.419 23090 23116 D M_InsDal: Lcom/fsck/k9/mail/Folder;---><init>()V
05-15 16:39:40.419 23090 23116 D M_InsDal: Lcom/fsck/k9/mailstore/LocalStore;--->getAttachmentInfoExtractor()Lcom/fsck/k9/message/extractors/AttachmentInfoExtractor;
05-15 16:39:40.419 23090 23116 D M_InsDal: Lcom/fsck/k9/mailstore/LocalFolder;--->getAccount()Lcom/fsck/k9/Account;
05-15 16:39:40.419 23090 23116 D M_InsDal: Lcom/fsck/k9/mailstore/LocalStore;--->getAccount()Lcom/fsck/k9/Account;
05-15 16:39:40.419 23090 23116 D M_InsDal: Lcom/fsck/k9/Account;--->getInboxFolderName()Ljava/lang/String;
05-15 16:39:40.419 23090 23116 D M_InsDal: Lcom/fsck/k9/mailstore/LocalFolder;--->getName()Ljava/lang/String;
05-15 16:39:40.419 23090 23116 D M_InsDal: Lcom/fsck/k9/mailstore/LocalFolder;--->open(Landroid/database/Cursor;)V
05-15 16:39:40.419 23090 23116 D M_InsDal: Lcom/fsck/k9/mail/Folder;--->setStatus(Ljava/lang/String;)V
05-15 16:39:40.419 23090 23116 D M_InsDal: Lcom/fsck/k9/mail/Folder;--->setLastChecked(J)V
05-15 16:39:40.419 23090 23116 D M_InsDal: Lcom/fsck/k9/mail/Folder;--->setLastPush(J)V
05-15 16:39:40.419 23090 23116 D M_InsDal: Lcom/fsck/k9/mail/Folder$FolderClass;--->valueOf(Ljava/lang/String;)Lcom/fsck/k9/mail/Folder$FolderClass;
05-15 16:39:40.419 23090 23116 D M_InsDal: Lcom/fsck/k9/mail/Folder$FolderClass;--->valueOf(Ljava/lang/String;)Lcom/fsck/k9/mail/Folder$FolderClass;
05-15 16:39:40.419 23090 23116 D M_InsDal: Lcom/fsck/k9/mailstore/LocalFolder$MoreMessages;--->fromDatabaseName(Ljava/lang/String;)Lcom/fsck/k9/mailstore/LocalFolder$MoreMessages;
05-15 16:39:40.419 23090 23116 D M_InsDal: Lcom/fsck/k9/mailstore/LocalFolder$MoreMessages;--->values()[Lcom/fsck/k9/mailstore/LocalFolder$MoreMessages;
05-15 16:39:40.419 23090 23116 D M_InsDal: Lcom/fsck/k9/mailstore/LocalFolder;---><init>(Lcom/fsck/k9/mailstore/LocalStore;Ljava/lang/String;)V
05-15 16:39:40.419 23090 23116 D M_InsDal: Lcom/fsck/k9/mail/Folder;---><init>()V
05-15 16:39:40.419 23090 23116 D M_InsDal: Lcom/fsck/k9/mailstore/LocalStore;--->getAttachmentInfoExtractor()Lcom/fsck/k9/message/extractors/AttachmentInfoExtractor;
05-15 16:39:40.419 23090 23116 D M_InsDal: Lcom/fsck/k9/mailstore/LocalFolder;--->getAccount()Lcom/fsck/k9/Account;
05-15 16:39:40.419 23090 23116 D M_InsDal: Lcom/fsck/k9/mailstore/LocalStore;--->getAccount()Lcom/fsck/k9/Account;
05-15 16:39:40.419 23090 23116 D M_InsDal: Lcom/fsck/k9/Account;--->getInboxFolderName()Ljava/lang/String;
05-15 16:39:40.419 23090 23116 D M_InsDal: Lcom/fsck/k9/mailstore/LocalFolder;--->getName()Ljava/lang/String;
05-15 16:39:40.419 23090 23116 D M_InsDal: Lcom/fsck/k9/mailstore/LocalFolder;--->open(Landroid/database/Cursor;)V
05-15 16:39:40.419 23090 23116 D M_InsDal: Lcom/fsck/k9/mail/Folder;--->setStatus(Ljava/lang/String;)V
05-15 16:39:40.419 23090 23116 D M_InsDal: Lcom/fsck/k9/mail/Folder;--->setLastChecked(J)V
05-15 16:39:40.419 23090 23116 D M_InsDal: Lcom/fsck/k9/mail/Folder;--->setLastPush(J)V
05-15 16:39:40.419 23090 23116 D M_InsDal: Lcom/fsck/k9/mail/Folder$FolderClass;--->valueOf(Ljava/lang/String;)Lcom/fsck/k9/mail/Folder$FolderClass;
05-15 16:39:40.419 23090 23116 D M_InsDal: Lcom/fsck/k9/mail/Folder$FolderClass;--->valueOf(Ljava/lang/String;)Lcom/fsck/k9/mail/Folder$FolderClass;
05-15 16:39:40.419 23090 23116 D M_InsDal: Lcom/fsck/k9/mailstore/LocalFolder$MoreMessages;--->fromDatabaseName(Ljava/lang/String;)Lcom/fsck/k9/mailstore/LocalFolder$MoreMessages;
05-15 16:39:40.419 23090 23116 D M_InsDal: Lcom/fsck/k9/mailstore/LocalFolder$MoreMessages;--->values()[Lcom/fsck/k9/mailstore/LocalFolder$MoreMessages;
05-15 16:39:40.419 23090 23116 D M_InsDal: Lcom/fsck/k9/mailstore/LocalFolder;---><init>(Lcom/fsck/k9/mailstore/LocalStore;Ljava/lang/String;)V
05-15 16:39:40.419 23090 23116 D M_InsDal: Lcom/fsck/k9/mail/Folder;---><init>()V
05-15 16:39:40.419 23090 23116 D M_InsDal: Lcom/fsck/k9/mailstore/LocalStore;--->getAttachmentInfoExtractor()Lcom/fsck/k9/message/extractors/AttachmentInfoExtractor;
05-15 16:39:40.419 23090 23116 D M_InsDal: Lcom/fsck/k9/mailstore/LocalFolder;--->getAccount()Lcom/fsck/k9/Account;
05-15 16:39:40.419 23090 23116 D M_InsDal: Lcom/fsck/k9/mailstore/LocalStore;--->getAccount()Lcom/fsck/k9/Account;
05-15 16:39:40.419 23090 23116 D M_InsDal: Lcom/fsck/k9/Account;--->getInboxFolderName()Ljava/lang/String;
05-15 16:39:40.419 23090 23116 D M_InsDal: Lcom/fsck/k9/mailstore/LocalFolder;--->getName()Ljava/lang/String;
05-15 16:39:40.419 23090 23116 D M_InsDal: Lcom/fsck/k9/mailstore/LocalFolder;--->open(Landroid/database/Cursor;)V
05-15 16:39:40.419 23090 23116 D M_InsDal: Lcom/fsck/k9/mail/Folder;--->setStatus(Ljava/lang/String;)V
05-15 16:39:40.419 23090 23116 D M_InsDal: Lcom/fsck/k9/mail/Folder;--->setLastChecked(J)V
05-15 16:39:40.419 23090 23116 D M_InsDal: Lcom/fsck/k9/mail/Folder;--->setLastPush(J)V
05-15 16:39:40.419 23090 23116 D M_InsDal: Lcom/fsck/k9/mail/Folder$FolderClass;--->valueOf(Ljava/lang/String;)Lcom/fsck/k9/mail/Folder$FolderClass;
05-15 16:39:40.419 23090 23116 D M_InsDal: Lcom/fsck/k9/mail/Folder$FolderClass;--->valueOf(Ljava/lang/String;)Lcom/fsck/k9/mail/Folder$FolderClass;
05-15 16:39:40.419 23090 23116 D M_InsDal: Lcom/fsck/k9/mailstore/LocalFolder$MoreMessages;--->fromDatabaseName(Ljava/lang/String;)Lcom/fsck/k9/mailstore/LocalFolder$MoreMessages;
05-15 16:39:40.419 23090 23116 D M_InsDal: Lcom/fsck/k9/mailstore/LocalFolder$MoreMessages;--->values()[Lcom/fsck/k9/mailstore/LocalFolder$MoreMessages;
05-15 16:39:40.419 23090 23116 D M_InsDal: Lcom/fsck/k9/mailstore/LocalFolder;---><init>(Lcom/fsck/k9/mailstore/LocalStore;Ljava/lang/String;)V
05-15 16:39:40.419 23090 23116 D M_InsDal: Lcom/fsck/k9/mail/Folder;---><init>()V
05-15 16:39:40.419 23090 23116 D M_InsDal: Lcom/fsck/k9/mailstore/LocalStore;--->getAttachmentInfoExtractor()Lcom/fsck/k9/message/extractors/AttachmentInfoExtractor;
05-15 16:39:40.419 23090 23116 D M_InsDal: Lcom/fsck/k9/mailstore/LocalFolder;--->getAccount()Lcom/fsck/k9/Account;
05-15 16:39:40.419 23090 23116 D M_InsDal: Lcom/fsck/k9/mailstore/LocalStore;--->getAccount()Lcom/fsck/k9/Account;
05-15 16:39:40.419 23090 23116 D M_InsDal: Lcom/fsck/k9/Account;--->getInboxFolderName()Ljava/lang/String;
05-15 16:39:40.419 23090 23116 D M_InsDal: Lcom/fsck/k9/mailstore/LocalFolder;--->getName()Ljava/lang/String;
05-15 16:39:40.419 23090 23116 D M_InsDal: Lcom/fsck/k9/mailstore/LocalFolder;--->open(Landroid/database/Cursor;)V
05-15 16:39:40.419 23090 23116 D M_InsDal: Lcom/fsck/k9/mail/Folder;--->setStatus(Ljava/lang/String;)V
05-15 16:39:40.419 23090 23116 D M_InsDal: Lcom/fsck/k9/mail/Folder;--->setLastChecked(J)V
05-15 16:39:40.419 23090 23116 D M_InsDal: Lcom/fsck/k9/mail/Folder;--->setLastPush(J)V
05-15 16:39:40.419 23090 23116 D M_InsDal: Lcom/fsck/k9/mail/Folder$FolderClass;--->valueOf(Ljava/lang/String;)Lcom/fsck/k9/mail/Folder$FolderClass;
05-15 16:39:40.419 23090 23116 D M_InsDal: Lcom/fsck/k9/mail/Folder$FolderClass;--->valueOf(Ljava/lang/String;)Lcom/fsck/k9/mail/Folder$FolderClass;
05-15 16:39:40.419 23090 23116 D M_InsDal: Lcom/fsck/k9/mailstore/LocalFolder$MoreMessages;--->fromDatabaseName(Ljava/lang/String;)Lcom/fsck/k9/mailstore/LocalFolder$MoreMessages;
05-15 16:39:40.419 23090 23116 D M_InsDal: Lcom/fsck/k9/mailstore/LocalFolder$MoreMessages;--->values()[Lcom/fsck/k9/mailstore/LocalFolder$MoreMessages;
05-15 16:39:40.419 23090 23116 D M_InsDal: Lcom/fsck/k9/mailstore/LocalFolder;---><init>(Lcom/fsck/k9/mailstore/LocalStore;Ljava/lang/String;)V
05-15 16:39:40.419 23090 23116 D M_InsDal: Lcom/fsck/k9/mail/Folder;---><init>()V
05-15 16:39:40.419 23090 23116 D M_InsDal: Lcom/fsck/k9/mailstore/LocalStore;--->getAttachmentInfoExtractor()Lcom/fsck/k9/message/extractors/AttachmentInfoExtractor;
05-15 16:39:40.419 23090 23116 D M_InsDal: Lcom/fsck/k9/mailstore/LocalFolder;--->getAccount()Lcom/fsck/k9/Account;
05-15 16:39:40.419 23090 23116 D M_InsDal: Lcom/fsck/k9/mailstore/LocalStore;--->getAccount()Lcom/fsck/k9/Account;
05-15 16:39:40.419 23090 23116 D M_InsDal: Lcom/fsck/k9/Account;--->getInboxFolderName()Ljava/lang/String;
05-15 16:39:40.419 23090 23116 D M_InsDal: Lcom/fsck/k9/mailstore/LocalFolder;--->getName()Ljava/lang/String;
05-15 16:39:40.419 23090 23116 D M_InsDal: Lcom/fsck/k9/mailstore/LocalFolder;--->open(Landroid/database/Cursor;)V
05-15 16:39:40.419 23090 23116 D M_InsDal: Lcom/fsck/k9/mail/Folder;--->setStatus(Ljava/lang/String;)V
05-15 16:39:40.419 23090 23116 D M_InsDal: Lcom/fsck/k9/mail/Folder;--->setLastChecked(J)V
05-15 16:39:40.419 23090 23116 D M_InsDal: Lcom/fsck/k9/mail/Folder;--->setLastPush(J)V
05-15 16:39:40.419 23090 23116 D M_InsDal: Lcom/fsck/k9/mail/Folder$FolderClass;--->valueOf(Ljava/lang/String;)Lcom/fsck/k9/mail/Folder$FolderClass;
05-15 16:39:40.419 23090 23116 D M_InsDal: Lcom/fsck/k9/mail/Folder$FolderClass;--->valueOf(Ljava/lang/String;)Lcom/fsck/k9/mail/Folder$FolderClass;
05-15 16:39:40.419 23090 23116 D M_InsDal: Lcom/fsck/k9/mailstore/LocalFolder$MoreMessages;--->fromDatabaseName(Ljava/lang/String;)Lcom/fsck/k9/mailstore/LocalFolder$MoreMessages;
05-15 16:39:40.419 23090 23116 D M_InsDal: Lcom/fsck/k9/mailstore/LocalFolder$MoreMessages;--->values()[Lcom/fsck/k9/mailstore/LocalFolder$MoreMessages;
05-15 16:39:40.419 23090 23116 D M_InsDal: Lcom/fsck/k9/mailstore/LocalFolder;---><init>(Lcom/fsck/k9/mailstore/LocalStore;Ljava/lang/String;)V
05-15 16:39:40.419 23090 23116 D M_InsDal: Lcom/fsck/k9/mail/Folder;---><init>()V
05-15 16:39:40.419 23090 23116 D M_InsDal: Lcom/fsck/k9/mailstore/LocalStore;--->getAttachmentInfoExtractor()Lcom/fsck/k9/message/extractors/AttachmentInfoExtractor;
05-15 16:39:40.419 23090 23116 D M_InsDal: Lcom/fsck/k9/mailstore/LocalFolder;--->getAccount()Lcom/fsck/k9/Account;
05-15 16:39:40.419 23090 23116 D M_InsDal: Lcom/fsck/k9/mailstore/LocalStore;--->getAccount()Lcom/fsck/k9/Account;
05-15 16:39:40.419 23090 23116 D M_InsDal: Lcom/fsck/k9/Account;--->getInboxFolderName()Ljava/lang/String;
05-15 16:39:40.419 23090 23116 D M_InsDal: Lcom/fsck/k9/mailstore/LocalFolder;--->getName()Ljava/lang/String;
05-15 16:39:40.419 23090 23116 D M_InsDal: Lcom/fsck/k9/mailstore/LocalFolder;--->open(Landroid/database/Cursor;)V
05-15 16:39:40.419 23090 23116 D M_InsDal: Lcom/fsck/k9/mail/Folder;--->setStatus(Ljava/lang/String;)V
05-15 16:39:40.419 23090 23116 D M_InsDal: Lcom/fsck/k9/mail/Folder;--->setLastChecked(J)V
05-15 16:39:40.419 23090 23116 D M_InsDal: Lcom/fsck/k9/mail/Folder;--->setLastPush(J)V
05-15 16:39:40.419 23090 23116 D M_InsDal: Lcom/fsck/k9/mail/Folder$FolderClass;--->valueOf(Ljava/lang/String;)Lcom/fsck/k9/mail/Folder$FolderClass;
05-15 16:39:40.419 23090 23116 D M_InsDal: Lcom/fsck/k9/mail/Folder$FolderClass;--->valueOf(Ljava/lang/String;)Lcom/fsck/k9/mail/Folder$FolderClass;
05-15 16:39:40.419 23090 23116 D M_InsDal: Lcom/fsck/k9/mailstore/LocalFolder$MoreMessages;--->fromDatabaseName(Ljava/lang/String;)Lcom/fsck/k9/mailstore/LocalFolder$MoreMessages;
05-15 16:39:40.419 23090 23116 D M_InsDal: Lcom/fsck/k9/mailstore/LocalFolder$MoreMessages;--->values()[Lcom/fsck/k9/mailstore/LocalFolder$MoreMessages;
05-15 16:39:40.419 23090 23116 D M_InsDal: Lcom/fsck/k9/helper/Utility;--->closeQuietly(Landroid/database/Cursor;)V
05-15 16:39:40.419 23090 23116 D M_InsDal: Lcom/fsck/k9/mailstore/LockableDatabase;--->unlockRead()V
05-15 16:39:40.419 23090 23116 D M_InsDal: Lcom/fsck/k9/mailstore/LockableDatabase;--->getStorageManager()Lcom/fsck/k9/mailstore/StorageManager;
05-15 16:39:40.419 23090 23116 D M_InsDal: Lcom/fsck/k9/mailstore/StorageManager;--->getInstance(Landroid/content/Context;)Lcom/fsck/k9/mailstore/StorageManager;
05-15 16:39:40.419 23090 23116 D M_InsDal: Lcom/fsck/k9/mailstore/StorageManager;--->unlockProvider(Ljava/lang/String;)V
05-15 16:39:40.419 23090 23116 D M_InsDal: Lcom/fsck/k9/mailstore/StorageManager;--->getProvider(Ljava/lang/String;)Lcom/fsck/k9/mailstore/StorageManager$StorageProvider;
05-15 16:39:40.419 23090 23116 D M_InsDal: Lcom/fsck/k9/mailstore/LocalFolder;--->getName()Ljava/lang/String;
05-15 16:39:40.419 23090 23116 D M_InsDal: Lcom/fsck/k9/Account;--->getOutboxFolderName()Ljava/lang/String;
05-15 16:39:40.419 23090 23116 D M_InsDal: Lcom/fsck/k9/mailstore/LocalFolder;--->open(I)V
05-15 16:39:40.419 23090 23116 D M_InsDal: Lcom/fsck/k9/mailstore/LocalFolder;--->isOpen()Z
05-15 16:39:40.419 23090 23116 D M_InsDal: Lcom/fsck/k9/mailstore/LocalFolder;--->getMode()I
05-15 16:39:40.419 23090 23116 D M_InsDal: Lcom/fsck/k9/mailstore/LocalFolder;--->getDisplayClass()Lcom/fsck/k9/mail/Folder$FolderClass;
05-15 16:39:40.419 23090 23116 D M_InsDal: Lcom/fsck/k9/mailstore/LocalFolder;--->getPushClass()Lcom/fsck/k9/mail/Folder$FolderClass;
05-15 16:39:40.419 23090 23116 D M_InsDal: Lcom/fsck/k9/controller/MessagingController;--->modeMismatch(Lcom/fsck/k9/Account$FolderMode;Lcom/fsck/k9/mail/Folder$FolderClass;)Z
05-15 16:39:40.419 23090 23116 D M_InsDal: Lcom/fsck/k9/controller/MessagingController;--->modeMismatch(Lcom/fsck/k9/Account$FolderMode;Lcom/fsck/k9/mail/Folder$FolderClass;)Z
05-15 16:39:40.419 23090 23116 D M_InsDal: Lcom/fsck/k9/mailstore/LocalFolder;--->getName()Ljava/lang/String;
05-15 16:39:40.419 23090 23116 D M_InsDal: Lcom/fsck/k9/Account;--->getOutboxFolderName()Ljava/lang/String;
05-15 16:39:40.419 23090 23116 D M_InsDal: Lcom/fsck/k9/mailstore/LocalFolder;--->open(I)V
05-15 16:39:40.419 23090 23116 D M_InsDal: Lcom/fsck/k9/mailstore/LocalFolder;--->isOpen()Z
05-15 16:39:40.419 23090 23116 D M_InsDal: Lcom/fsck/k9/mailstore/LocalFolder;--->getMode()I
05-15 16:39:40.419 23090 23116 D M_InsDal: Lcom/fsck/k9/mailstore/LocalFolder;--->getDisplayClass()Lcom/fsck/k9/mail/Folder$FolderClass;
05-15 16:39:40.419 23090 23116 D M_InsDal: Lcom/fsck/k9/mailstore/LocalFolder;--->getPushClass()Lcom/fsck/k9/mail/Folder$FolderClass;
05-15 16:39:40.419 23090 23116 D M_InsDal: Lcom/fsck/k9/controller/MessagingController;--->modeMismatch(Lcom/fsck/k9/Account$FolderMode;Lcom/fsck/k9/mail/Folder$FolderClass;)Z
05-15 16:39:40.419 23090 23116 D M_InsDal: Lcom/fsck/k9/controller/MessagingController;--->modeMismatch(Lcom/fsck/k9/Account$FolderMode;Lcom/fsck/k9/mail/Folder$FolderClass;)Z
05-15 16:39:40.419 23090 23116 D M_InsDal: Lcom/fsck/k9/mailstore/LocalFolder;--->getName()Ljava/lang/String;
05-15 16:39:40.419 23090 23116 D M_InsDal: Lcom/fsck/k9/Account;--->getOutboxFolderName()Ljava/lang/String;
05-15 16:39:40.419 23090 23116 D M_InsDal: Lcom/fsck/k9/mailstore/LocalFolder;--->open(I)V
05-15 16:39:40.419 23090 23116 D M_InsDal: Lcom/fsck/k9/mailstore/LocalFolder;--->isOpen()Z
05-15 16:39:40.419 23090 23116 D M_InsDal: Lcom/fsck/k9/mailstore/LocalFolder;--->getMode()I
05-15 16:39:40.419 23090 23116 D M_InsDal: Lcom/fsck/k9/mailstore/LocalFolder;--->getDisplayClass()Lcom/fsck/k9/mail/Folder$FolderClass;
05-15 16:39:40.419 23090 23116 D M_InsDal: Lcom/fsck/k9/mailstore/LocalFolder;--->getPushClass()Lcom/fsck/k9/mail/Folder$FolderClass;
05-15 16:39:40.419 23090 23116 D M_InsDal: Lcom/fsck/k9/controller/MessagingController;--->modeMismatch(Lcom/fsck/k9/Account$FolderMode;Lcom/fsck/k9/mail/Folder$FolderClass;)Z
05-15 16:39:40.419 23090 23116 D M_InsDal: Lcom/fsck/k9/controller/MessagingController;--->modeMismatch(Lcom/fsck/k9/Account$FolderMode;Lcom/fsck/k9/mail/Folder$FolderClass;)Z
05-15 16:39:40.419 23090 23116 D M_InsDal: Lcom/fsck/k9/Account;--->getDescription()Ljava/lang/String;
05-15 16:39:40.419 23090 23116 D M_InsDal: Lcom/fsck/k9/mailstore/LocalFolder;--->getName()Ljava/lang/String;
05-15 16:39:40.419 23090 23116 D M_InsDal: Lcom/fsck/k9/mailstore/LocalFolder;--->getName()Ljava/lang/String;
05-15 16:39:40.419 23090 23116 D M_InsDal: Lcom/fsck/k9/Account;--->getOutboxFolderName()Ljava/lang/String;
05-15 16:39:40.419 23090 23116 D M_InsDal: Lcom/fsck/k9/mailstore/LocalFolder;--->open(I)V
05-15 16:39:40.419 23090 23116 D M_InsDal: Lcom/fsck/k9/mailstore/LocalFolder;--->isOpen()Z
05-15 16:39:40.419 23090 23116 D M_InsDal: Lcom/fsck/k9/mailstore/LocalFolder;--->getMode()I
05-15 16:39:40.419 23090 23116 D M_InsDal: Lcom/fsck/k9/mailstore/LocalFolder;--->getDisplayClass()Lcom/fsck/k9/mail/Folder$FolderClass;
05-15 16:39:40.419 23090 23116 D M_InsDal: Lcom/fsck/k9/mailstore/LocalFolder;--->getPushClass()Lcom/fsck/k9/mail/Folder$FolderClass;
05-15 16:39:40.419 23090 23116 D M_InsDal: Lcom/fsck/k9/controller/MessagingController;--->modeMismatch(Lcom/fsck/k9/Account$FolderMode;Lcom/fsck/k9/mail/Folder$FolderClass;)Z
05-15 16:39:40.419 23090 23116 D M_InsDal: Lcom/fsck/k9/controller/MessagingController;--->modeMismatch(Lcom/fsck/k9/Account$FolderMode;Lcom/fsck/k9/mail/Folder$FolderClass;)Z
05-15 16:39:40.419 23090 23116 D M_InsDal: Lcom/fsck/k9/mailstore/LocalFolder;--->getName()Ljava/lang/String;
05-15 16:39:40.419 23090 23116 D M_InsDal: Lcom/fsck/k9/Account;--->getOutboxFolderName()Ljava/lang/String;
05-15 16:39:40.419 23090 23116 D M_InsDal: Lcom/fsck/k9/mailstore/LocalFolder;--->getName()Ljava/lang/String;
