05-15 16:39:40.368 23090 23090 D M_InsDal: Lcom/fsck/k9/notification/DeviceNotifications;---><init>(Lcom/fsck/k9/notification/NotificationController;Lcom/fsck/k9/notification/NotificationActionCreator;Lcom/fsck/k9/notification/LockScreenNotification;Lcom/fsck/k9/notification/WearNotifications;)V
05-15 16:39:40.368 23090 23090 D M_InsDal: Lcom/fsck/k9/notification/BaseNotifications;---><init>(Lcom/fsck/k9/notification/NotificationController;Lcom/fsck/k9/notification/NotificationActionCreator;)V
05-15 16:39:40.368 23090 23090 D M_InsDal: Lcom/fsck/k9/notification/NotificationController;--->getContext()Landroid/content/Context;
05-15 16:39:40.368 23090 23090 D M_InsDal: Lcom/fsck/k9/notification/NewMailNotifications;---><init>(Lcom/fsck/k9/notification/NotificationController;Lcom/fsck/k9/notification/NotificationContentCreator;Lcom/fsck/k9/notification/DeviceNotifications;Lcom/fsck/k9/notification/WearNotifications;)V
05-15 16:39:40.368 23090 23090 D M_InsDal: Lcom/fsck/k9/helper/Contacts;---><clinit>()V
05-15 16:39:40.368 23090 23090 D M_InsDal: Lcom/fsck/k9/helper/Contacts;--->getInstance(Landroid/content/Context;)Lcom/fsck/k9/helper/Contacts;
05-15 16:39:40.368 23090 23090 D M_InsDal: Lcom/fsck/k9/helper/Contacts;---><init>(Landroid/content/Context;)V
05-15 16:39:40.368 23090 23090 D M_InsDal: Lcom/fsck/k9/mail/TransportProvider;---><clinit>()V
05-15 16:39:40.368 23090 23090 D M_InsDal: Lcom/fsck/k9/mail/TransportProvider;---><init>()V
05-15 16:39:40.368 23090 23090 D M_InsDal: Lcom/fsck/k9/mail/TransportProvider;--->getInstance()Lcom/fsck/k9/mail/TransportProvider;
05-15 16:39:40.369 23090 23090 D M_InsDal: Lcom/fsck/k9/controller/MessagingController;---><init>(Landroid/content/Context;Lcom/fsck/k9/notification/NotificationController;Lcom/fsck/k9/helper/Contacts;Lcom/fsck/k9/mail/TransportProvider;)V
05-15 16:39:40.369 23090 23090 D M_InsDal: Lcom/fsck/k9/controller/MemorizingMessagingListener;---><init>()V
05-15 16:39:40.369 23090 23090 D M_InsDal: Lcom/fsck/k9/controller/SimpleMessagingListener;---><init>()V
05-15 16:39:40.369 23090 23090 D M_InsDal: Lcom/fsck/k9/controller/MessagingController$1;---><init>(Lcom/fsck/k9/controller/MessagingController;)V
05-15 16:39:40.369 23090 23090 D M_InsDal: Lcom/fsck/k9/controller/MessagingController;--->addListener(Lcom/fsck/k9/controller/MessagingListener;)V
05-15 16:39:40.369 23090 23090 D M_InsDal: Lcom/fsck/k9/controller/MessagingController;--->refreshListener(Lcom/fsck/k9/controller/MessagingListener;)V
05-15 16:39:40.369 23090 23090 D M_InsDal: Lcom/fsck/k9/controller/MemorizingMessagingListener;--->refreshOther(Lcom/fsck/k9/controller/MessagingListener;)V
05-15 16:39:40.369 23090 23109 D M_InsDal: Lcom/fsck/k9/controller/MessagingController$1;--->run()V
05-15 16:39:40.369 23090 23090 D M_InsDal: Lcom/fsck/k9/K9$3;---><init>(Lcom/fsck/k9/K9;)V
05-15 16:39:40.369 23090 23090 D M_InsDal: Lcom/fsck/k9/controller/SimpleMessagingListener;---><init>()V
05-15 16:39:40.369 23090 23090 D M_InsDal: Lcom/fsck/k9/controller/MessagingController;--->addListener(Lcom/fsck/k9/controller/MessagingListener;)V
05-15 16:39:40.369 23090 23090 D M_InsDal: Lcom/fsck/k9/controller/MessagingController;--->refreshListener(Lcom/fsck/k9/controller/MessagingListener;)V
05-15 16:39:40.369 23090 23090 D M_InsDal: Lcom/fsck/k9/controller/MemorizingMessagingListener;--->refreshOther(Lcom/fsck/k9/controller/MessagingListener;)V
05-15 16:39:40.369 23090 23109 D M_InsDal: Lcom/fsck/k9/controller/MessagingController;--->runInBackground()V
05-15 16:39:40.369 23090 23090 D M_InsDal: Lcom/fsck/k9/K9;--->notifyObservers()V
05-15 16:39:40.369 23090 23090 D M_InsDal: Lcom/fsck/k9/provider/MessageProvider$1;--->initializeComponent(Landroid/app/Application;)V
05-15 16:39:40.369 23090 23090 D M_InsDal: Lcom/fsck/k9/controller/MessagingController;--->getInstance(Landroid/content/Context;)Lcom/fsck/k9/controller/MessagingController;
05-15 16:39:40.369 23090 23090 D M_InsDal: Lcom/fsck/k9/provider/MessageProvider$1$1;---><init>(Lcom/fsck/k9/provider/MessageProvider$1;Landroid/app/Application;)V
05-15 16:39:40.369 23090 23090 D M_InsDal: Lcom/fsck/k9/controller/SimpleMessagingListener;---><init>()V
05-15 16:39:40.369 23090 23090 D M_InsDal: Lcom/fsck/k9/controller/MessagingController;--->addListener(Lcom/fsck/k9/controller/MessagingListener;)V
05-15 16:39:40.369 23090 23090 D M_InsDal: Lcom/fsck/k9/controller/MessagingController;--->refreshListener(Lcom/fsck/k9/controller/MessagingListener;)V
05-15 16:39:40.369 23090 23090 D M_InsDal: Lcom/fsck/k9/controller/MemorizingMessagingListener;--->refreshOther(Lcom/fsck/k9/controller/MessagingListener;)V
05-15 16:39:40.372 23090 23090 D M_InsDal: Lcom/fsck/k9/activity/Accounts;---><clinit>()V
05-15 16:39:40.372 23090 23090 D M_InsDal: Lcom/fsck/k9/activity/Accounts;---><init>()V
05-15 16:39:40.372 23090 23090 D M_InsDal: Lcom/fsck/k9/activity/K9ListActivity;---><init>()V
05-15 16:39:40.372 23090 23090 D M_InsDal: Lcom/fsck/k9/activity/Accounts$AccountsHandler;---><init>(Lcom/fsck/k9/activity/Accounts;)V
05-15 16:39:40.372 23090 23090 D M_InsDal: Lcom/fsck/k9/K9;--->getFontSizes()Lcom/fsck/k9/FontSizes;
05-15 16:39:40.372 23090 23090 D M_InsDal: Lcom/fsck/k9/activity/Accounts$1;---><init>(Lcom/fsck/k9/activity/Accounts;)V
05-15 16:39:40.372 23090 23090 D M_InsDal: Lcom/fsck/k9/activity/ActivityListener;---><init>()V
05-15 16:39:40.372 23090 23090 D M_InsDal: Lcom/fsck/k9/controller/SimpleMessagingListener;---><init>()V
05-15 16:39:40.372 23090 23090 D M_InsDal: Lcom/fsck/k9/activity/ActivityListener$1;---><init>(Lcom/fsck/k9/activity/ActivityListener;)V
05-15 16:39:40.372 23090 23090 D M_InsDal: Lcom/fsck/k9/activity/Accounts$2;---><init>(Lcom/fsck/k9/activity/Accounts;)V
05-15 16:39:40.373 23090 23090 D M_InsDal: Lcom/fsck/k9/activity/K9ListActivity;--->onCreate(Landroid/os/Bundle;)V
05-15 16:39:40.373 23090 23090 D M_InsDal: Lcom/fsck/k9/activity/K9ActivityCommon;--->newInstance(Landroid/app/Activity;)Lcom/fsck/k9/activity/K9ActivityCommon;
05-15 16:39:40.373 23090 23090 D M_InsDal: Lcom/fsck/k9/activity/K9ActivityCommon;---><init>(Landroid/app/Activity;)V
05-15 16:39:40.373 23090 23090 D M_InsDal: Lcom/fsck/k9/K9;--->getK9Language()Ljava/lang/String;
05-15 16:39:40.373 23090 23090 D M_InsDal: Lcom/fsck/k9/activity/K9ActivityCommon;--->setLanguage(Landroid/content/Context;Ljava/lang/String;)V
05-15 16:39:40.373 23090 23090 D M_InsDal: Lcom/fsck/k9/K9;--->getK9ThemeResourceId()I
05-15 16:39:40.373 23090 23090 D M_InsDal: Lcom/fsck/k9/K9;--->getK9ThemeResourceId(Lcom/fsck/k9/K9$Theme;)I
05-15 16:39:40.374 23090 23090 D M_InsDal: Lcom/fsck/k9/activity/Accounts;--->onCreate(Landroid/os/Bundle;)V
05-15 16:39:40.374 23090 23090 D M_InsDal: Lcom/fsck/k9/K9;--->isHideSpecialAccounts()Z
05-15 16:39:40.374 23090 23090 D M_InsDal: Lcom/fsck/k9/activity/Accounts;--->createSpecialAccounts()V
05-15 16:39:40.374 23090 23090 D M_InsDal: Lcom/fsck/k9/search/SearchAccount;--->createUnifiedInboxAccount(Landroid/content/Context;)Lcom/fsck/k9/search/SearchAccount;
05-15 16:39:40.374 23090 23090 D M_InsDal: Lcom/fsck/k9/search/LocalSearch;---><clinit>()V
05-15 16:39:40.374 23090 23090 D M_InsDal: Lcom/fsck/k9/search/LocalSearch$1;---><init>()V
05-15 16:39:40.374 23090 23090 D M_InsDal: Lcom/fsck/k9/search/LocalSearch;---><init>(Ljava/lang/String;)V
05-15 16:39:40.374 23090 23090 D M_InsDal: Lcom/fsck/k9/search/SearchSpecification$SearchField;---><clinit>()V
05-15 16:39:40.374 23090 23090 D M_InsDal: Lcom/fsck/k9/search/SearchSpecification$SearchField;---><init>(Ljava/lang/String;I)V
05-15 16:39:40.374 23090 23090 D M_InsDal: Lcom/fsck/k9/search/SearchSpecification$SearchField;---><init>(Ljava/lang/String;I)V
05-15 16:39:40.374 23090 23090 D M_InsDal: Lcom/fsck/k9/search/SearchSpecification$Attribute;---><clinit>()V
05-15 16:39:40.374 23090 23090 D M_InsDal: Lcom/fsck/k9/search/SearchSpecification$Attribute;---><init>(Ljava/lang/String;I)V
05-15 16:39:40.374 23090 23090 D M_InsDal: Lcom/fsck/k9/search/SearchSpecification$Attribute;---><init>(Ljava/lang/String;I)V
05-15 16:39:40.374 23090 23090 D M_InsDal: Lcom/fsck/k9/search/LocalSearch;--->and(Lcom/fsck/k9/search/SearchSpecification$SearchField;Ljava/lang/String;Lcom/fsck/k9/search/SearchSpecification$Attribute;)V
05-15 16:39:40.374 23090 23090 D M_InsDal: Lcom/fsck/k9/search/SearchSpecification$SearchCondition;---><clinit>()V
05-15 16:39:40.374 23090 23090 D M_InsDal: Lcom/fsck/k9/search/SearchSpecification$SearchCondition$1;---><init>()V
05-15 16:39:40.374 23090 23090 D M_InsDal: Lcom/fsck/k9/search/SearchSpecification$SearchCondition;---><init>(Lcom/fsck/k9/search/SearchSpecification$SearchField;Lcom/fsck/k9/search/SearchSpecification$Attribute;Ljava/lang/String;)V
05-15 16:39:40.374 23090 23090 D M_InsDal: Lcom/fsck/k9/search/LocalSearch;--->and(Lcom/fsck/k9/search/SearchSpecification$SearchCondition;)Lcom/fsck/k9/search/ConditionsTreeNode;
05-15 16:39:40.374 23090 23090 D M_InsDal: Lcom/fsck/k9/search/ConditionsTreeNode;---><clinit>()V
05-15 16:39:40.374 23090 23090 D M_InsDal: Lcom/fsck/k9/search/ConditionsTreeNode$1;---><init>()V
05-15 16:39:40.374 23090 23090 D M_InsDal: Lcom/fsck/k9/search/ConditionsTreeNode;---><init>(Lcom/fsck/k9/search/SearchSpecification$SearchCondition;)V
05-15 16:39:40.374 23090 23090 D M_InsDal: Lcom/fsck/k9/search/ConditionsTreeNode$Operator;---><clinit>()V
05-15 16:39:40.374 23090 23090 D M_InsDal: Lcom/fsck/k9/search/ConditionsTreeNode$Operator;---><init>(Ljava/lang/String;I)V
05-15 16:39:40.374 23090 23090 D M_InsDal: Lcom/fsck/k9/search/ConditionsTreeNode$Operator;---><init>(Ljava/lang/String;I)V
05-15 16:39:40.374 23090 23090 D M_InsDal: Lcom/fsck/k9/search/LocalSearch;--->and(Lcom/fsck/k9/search/ConditionsTreeNode;)Lcom/fsck/k9/search/ConditionsTreeNode;
05-15 16:39:40.374 23090 23090 D M_InsDal: Lcom/fsck/k9/search/ConditionsTreeNode;--->getLeafSet()Ljava/util/Set;
05-15 16:39:40.374 23090 23090 D M_InsDal: Lcom/fsck/k9/search/ConditionsTreeNode;--->getLeafSet(Ljava/util/Set;)Ljava/util/Set;
05-15 16:39:40.374 23090 23090 D M_InsDal: Lcom/fsck/k9/search/SearchAccount;---><init>(Ljava/lang/String;Lcom/fsck/k9/search/LocalSearch;Ljava/lang/String;Ljava/lang/String;)V
05-15 16:39:40.374 23090 23090 D M_InsDal: Lcom/fsck/k9/search/SearchAccount;--->createAllMessagesAccount(Landroid/content/Context;)Lcom/fsck/k9/search/SearchAccount;
05-15 16:39:40.374 23090 23090 D M_InsDal: Lcom/fsck/k9/search/LocalSearch;---><init>(Ljava/lang/String;)V
05-15 16:39:40.374 23090 23090 D M_InsDal: Lcom/fsck/k9/search/LocalSearch;--->and(Lcom/fsck/k9/search/SearchSpecification$SearchField;Ljava/lang/String;Lcom/fsck/k9/search/SearchSpecification$Attribute;)V
05-15 16:39:40.374 23090 23090 D M_InsDal: Lcom/fsck/k9/search/SearchSpecification$SearchCondition;---><init>(Lcom/fsck/k9/search/SearchSpecification$SearchField;Lcom/fsck/k9/search/SearchSpecification$Attribute;Ljava/lang/String;)V
05-15 16:39:40.374 23090 23090 D M_InsDal: Lcom/fsck/k9/search/LocalSearch;--->and(Lcom/fsck/k9/search/SearchSpecification$SearchCondition;)Lcom/fsck/k9/search/ConditionsTreeNode;
05-15 16:39:40.374 23090 23090 D M_InsDal: Lcom/fsck/k9/search/ConditionsTreeNode;---><init>(Lcom/fsck/k9/search/SearchSpecification$SearchCondition;)V
05-15 16:39:40.374 23090 23090 D M_InsDal: Lcom/fsck/k9/search/LocalSearch;--->and(Lcom/fsck/k9/search/ConditionsTreeNode;)Lcom/fsck/k9/search/ConditionsTreeNode;
05-15 16:39:40.374 23090 23090 D M_InsDal: Lcom/fsck/k9/search/ConditionsTreeNode;--->getLeafSet()Ljava/util/Set;
05-15 16:39:40.374 23090 23090 D M_InsDal: Lcom/fsck/k9/search/ConditionsTreeNode;--->getLeafSet(Ljava/util/Set;)Ljava/util/Set;
05-15 16:39:40.374 23090 23090 D M_InsDal: Lcom/fsck/k9/search/SearchAccount;---><init>(Ljava/lang/String;Lcom/fsck/k9/search/LocalSearch;Ljava/lang/String;Ljava/lang/String;)V
05-15 16:39:40.374 23090 23090 D M_InsDal: Lcom/fsck/k9/Preferences;--->getPreferences(Landroid/content/Context;)Lcom/fsck/k9/Preferences;
05-15 16:39:40.374 23090 23090 D M_InsDal: Lcom/fsck/k9/Preferences;--->getAccounts()Ljava/util/List;
05-15 16:39:40.375 23090 23090 D M_InsDal: Lcom/fsck/k9/activity/UpgradeDatabases;--->actionUpgradeDatabases(Landroid/content/Context;Landroid/content/Intent;)Z
05-15 16:39:40.375 23090 23090 D M_InsDal: Lcom/fsck/k9/K9;--->areDatabasesUpToDate()Z
05-15 16:39:40.389 23090 23090 D M_InsDal: Lcom/fsck/k9/activity/Accounts;--->initializeActionBar()V
05-15 16:39:40.391 23090 23090 D M_InsDal: Lcom/fsck/k9/view/MessageTitleView;---><init>(Landroid/content/Context;Landroid/util/AttributeSet;)V
05-15 16:39:40.391 23090 23090 D M_InsDal: Lcom/fsck/k9/view/MessageTitleView;---><init>(Landroid/content/Context;Landroid/util/AttributeSet;I)V
05-15 16:39:40.392 23090 23090 D M_InsDal: Lcom/fsck/k9/view/MessageTitleView;--->onTextChanged(Ljava/lang/CharSequence;III)V
05-15 16:39:40.393 23090 23090 D M_InsDal: Lcom/fsck/k9/activity/Accounts;--->restoreAccountStats(Landroid/os/Bundle;)V
05-15 16:39:40.393 23090 23090 D M_InsDal: Lcom/fsck/k9/activity/Accounts$AccountsHandler;--->setViewTitle()V
05-15 16:39:40.393 23090 23090 D M_InsDal: Lcom/fsck/k9/activity/ActivityListener;--->getOperation(Landroid/content/Context;)Ljava/lang/String;
05-15 16:39:40.393 23090 23090 D M_InsDal: Lcom/fsck/k9/service/MailService;--->getNextPollTime()J
05-15 16:39:40.393 23090 23090 D M_InsDal: Lcom/fsck/k9/K9;--->isDebug()Z
05-15 16:39:40.393 23090 23090 D M_InsDal: Lcom/fsck/k9/service/MailService;--->isSyncDisabled()Z
05-15 16:39:40.397 23090 23090 D M_InsDal: Lcom/fsck/k9/activity/K9ListActivity;--->onResume()V
05-15 16:39:40.397 23090 23090 D M_InsDal: Lcom/fsck/k9/activity/Accounts;--->onResume()V
05-15 16:39:40.397 23090 23090 D M_InsDal: Lcom/fsck/k9/activity/Accounts;--->refresh()V
05-15 16:39:40.397 23090 23090 D M_InsDal: Lcom/fsck/k9/Preferences;--->getPreferences(Landroid/content/Context;)Lcom/fsck/k9/Preferences;
05-15 16:39:40.397 23090 23090 D M_InsDal: Lcom/fsck/k9/Preferences;--->getAccounts()Ljava/util/List;
05-15 16:39:40.397 23090 23090 D M_InsDal: Lcom/fsck/k9/K9;--->isHideSpecialAccounts()Z
05-15 16:39:40.397 23090 23090 D M_InsDal: Lcom/fsck/k9/activity/Accounts$AccountsAdapter;---><init>(Lcom/fsck/k9/activity/Accounts;Ljava/util/List;)V
05-15 16:39:40.398 23090 23090 D M_InsDal: Lcom/fsck/k9/activity/Accounts$AccountsHandler;--->progress(I)V
05-15 16:39:40.398 23090 23090 D M_InsDal: Lcom/fsck/k9/activity/Accounts$AccountsHandler$6;---><init>(Lcom/fsck/k9/activity/Accounts$AccountsHandler;I)V
05-15 16:39:40.398 23090 23090 D M_InsDal: Lcom/fsck/k9/activity/Accounts$AccountsHandler$6;--->run()V
05-15 16:39:40.398 23090 23090 D M_InsDal: Lcom/fsck/k9/activity/Accounts$AccountsHandler;--->refreshTitle()V
05-15 16:39:40.398 23090 23090 D M_InsDal: Lcom/fsck/k9/activity/Accounts$AccountsHandler$1;---><init>(Lcom/fsck/k9/activity/Accounts$AccountsHandler;)V
05-15 16:39:40.398 23090 23090 D M_InsDal: Lcom/fsck/k9/activity/Accounts$AccountsHandler$1;--->run()V
05-15 16:39:40.398 23090 23090 D M_InsDal: Lcom/fsck/k9/activity/Accounts$AccountsHandler;--->setViewTitle()V
05-15 16:39:40.398 23090 23090 D M_InsDal: Lcom/fsck/k9/activity/ActivityListener;--->getOperation(Landroid/content/Context;)Ljava/lang/String;
05-15 16:39:40.398 23090 23090 D M_InsDal: Lcom/fsck/k9/service/MailService;--->getNextPollTime()J
05-15 16:39:40.398 23090 23090 D M_InsDal: Lcom/fsck/k9/K9;--->isDebug()Z
05-15 16:39:40.398 23090 23090 D M_InsDal: Lcom/fsck/k9/service/MailService;--->isSyncDisabled()Z
05-15 16:39:40.398 23090 23090 D M_InsDal: Lcom/fsck/k9/controller/MessagingController;--->getInstance(Landroid/content/Context;)Lcom/fsck/k9/controller/MessagingController;
05-15 16:39:40.398 23090 23090 D M_InsDal: Lcom/fsck/k9/K9;--->countSearchMessages()Z
05-15 16:39:40.398 23090 23090 D M_InsDal: Lcom/fsck/k9/controller/MessagingController;--->getSearchAccountStats(Lcom/fsck/k9/search/SearchAccount;Lcom/fsck/k9/controller/MessagingListener;)V
05-15 16:39:40.398 23090 23090 D M_InsDal: Lcom/fsck/k9/controller/MessagingController$23;---><init>(Lcom/fsck/k9/controller/MessagingController;Lcom/fsck/k9/search/SearchAccount;Lcom/fsck/k9/controller/MessagingListener;)V
05-15 16:39:40.399 23090 23090 D M_InsDal: Lcom/fsck/k9/K9;--->countSearchMessages()Z
05-15 16:39:40.399 23090 23090 D M_InsDal: Lcom/fsck/k9/controller/MessagingController;--->getSearchAccountStats(Lcom/fsck/k9/search/SearchAccount;Lcom/fsck/k9/controller/MessagingListener;)V
05-15 16:39:40.399 23090 23090 D M_InsDal: Lcom/fsck/k9/controller/MessagingController$23;---><init>(Lcom/fsck/k9/controller/MessagingController;Lcom/fsck/k9/search/SearchAccount;Lcom/fsck/k9/controller/MessagingListener;)V
05-15 16:39:40.399 23090 23090 D M_InsDal: Lcom/fsck/k9/Account;--->hashCode()I
05-15 16:39:40.399 23090 23090 D M_InsDal: Lcom/fsck/k9/controller/MessagingController;--->getAccountStats(Landroid/content/Context;Lcom/fsck/k9/Account;Lcom/fsck/k9/controller/MessagingListener;)V
05-15 16:39:40.399 23090 23112 D M_InsDal: Lcom/fsck/k9/controller/MessagingController$23;--->run()V
05-15 16:39:40.399 23090 23112 D M_InsDal: Lcom/fsck/k9/controller/MessagingController;--->getSearchAccountStatsSynchronous(Lcom/fsck/k9/search/SearchAccount;Lcom/fsck/k9/controller/MessagingListener;)Lcom/fsck/k9/AccountStats;
05-15 16:39:40.399 23090 23112 D M_InsDal: Lcom/fsck/k9/Preferences;--->getPreferences(Landroid/content/Context;)Lcom/fsck/k9/Preferences;
05-15 16:39:40.399 23090 23112 D M_InsDal: Lcom/fsck/k9/search/SearchAccount;--->getRelatedSearch()Lcom/fsck/k9/search/LocalSearch;
05-15 16:39:40.399 23090 23112 D M_InsDal: Lcom/fsck/k9/search/LocalSearch;--->getAccountUuids()[Ljava/lang/String;
05-15 16:39:40.399 23090 23112 D M_InsDal: Lcom/fsck/k9/search/LocalSearch;--->searchAllAccounts()Z
05-15 16:39:40.399 23090 23113 D M_InsDal: Lcom/fsck/k9/controller/MessagingController$23;--->run()V
05-15 16:39:40.399 23090 23112 D M_InsDal: Lcom/fsck/k9/Preferences;--->getAccounts()Ljava/util/List;
05-15 16:39:40.399 23090 23113 D M_InsDal: Lcom/fsck/k9/controller/MessagingController;--->getSearchAccountStatsSynchronous(Lcom/fsck/k9/search/SearchAccount;Lcom/fsck/k9/controller/MessagingListener;)Lcom/fsck/k9/AccountStats;
05-15 16:39:40.399 23090 23113 D M_InsDal: Lcom/fsck/k9/Preferences;--->getPreferences(Landroid/content/Context;)Lcom/fsck/k9/Preferences;
05-15 16:39:40.399 23090 23113 D M_InsDal: Lcom/fsck/k9/search/SearchAccount;--->getRelatedSearch()Lcom/fsck/k9/search/LocalSearch;
05-15 16:39:40.399 23090 23113 D M_InsDal: Lcom/fsck/k9/search/LocalSearch;--->getAccountUuids()[Ljava/lang/String;
05-15 16:39:40.399 23090 23090 D M_InsDal: Lcom/fsck/k9/controller/MessagingController$22;---><init>(Lcom/fsck/k9/controller/MessagingController;Lcom/fsck/k9/Account;Landroid/content/Context;Lcom/fsck/k9/controller/MessagingListener;)V
05-15 16:39:40.399 23090 23113 D M_InsDal: Lcom/fsck/k9/search/LocalSearch;--->searchAllAccounts()Z
05-15 16:39:40.399 23090 23113 D M_InsDal: Lcom/fsck/k9/Preferences;--->getAccounts()Ljava/util/List;
05-15 16:39:40.399 23090 23112 D M_InsDal: Lcom/fsck/k9/search/LocalSearch;--->getConditions()Lcom/fsck/k9/search/ConditionsTreeNode;
05-15 16:39:40.399 23090 23113 D M_InsDal: Lcom/fsck/k9/search/LocalSearch;--->getConditions()Lcom/fsck/k9/search/ConditionsTreeNode;
05-15 16:39:40.399 23090 23113 D M_InsDal: Lcom/fsck/k9/search/SqlQueryBuilder;--->buildWhereClause(Lcom/fsck/k9/Account;Lcom/fsck/k9/search/ConditionsTreeNode;Ljava/lang/StringBuilder;Ljava/util/List;)V
05-15 16:39:40.399 23090 23113 D M_InsDal: Lcom/fsck/k9/search/SqlQueryBuilder;--->buildWhereClauseInternal(Lcom/fsck/k9/Account;Lcom/fsck/k9/search/ConditionsTreeNode;Ljava/lang/StringBuilder;Ljava/util/List;)V
05-15 16:39:40.399 23090 23112 D M_InsDal: Lcom/fsck/k9/search/SqlQueryBuilder;--->buildWhereClause(Lcom/fsck/k9/Account;Lcom/fsck/k9/search/ConditionsTreeNode;Ljava/lang/StringBuilder;Ljava/util/List;)V
05-15 16:39:40.399 23090 23112 D M_InsDal: Lcom/fsck/k9/search/SqlQueryBuilder;--->buildWhereClauseInternal(Lcom/fsck/k9/Account;Lcom/fsck/k9/search/ConditionsTreeNode;Ljava/lang/StringBuilder;Ljava/util/List;)V
05-15 16:39:40.399 23090 23112 D M_InsDal: Lcom/fsck/k9/search/SqlQueryBuilder$1;---><clinit>()V
05-15 16:39:40.399 23090 23112 D M_InsDal: Lcom/fsck/k9/search/SearchSpecification$Attribute;--->values()[Lcom/fsck/k9/search/SearchSpecification$Attribute;
05-15 16:39:40.399 23090 23090 D M_InsDal: Lcom/fsck/k9/controller/MessagingController;--->getInstance(Landroid/content/Context;)Lcom/fsck/k9/controller/MessagingController;
05-15 16:39:40.399 23090 23090 D M_InsDal: Lcom/fsck/k9/controller/MessagingController;--->addListener(Lcom/fsck/k9/controller/MessagingListener;)V
05-15 16:39:40.399 23090 23112 D M_InsDal: Lcom/fsck/k9/search/SearchSpecification$SearchField;--->values()[Lcom/fsck/k9/search/SearchSpecification$SearchField;
05-15 16:39:40.399 23090 23090 D M_InsDal: Lcom/fsck/k9/controller/MessagingController;--->refreshListener(Lcom/fsck/k9/controller/MessagingListener;)V
05-15 16:39:40.399 23090 23112 D M_InsDal: Lcom/fsck/k9/Account$Searchable;--->values()[Lcom/fsck/k9/Account$Searchable;
05-15 16:39:40.399 23090 23090 D M_InsDal: Lcom/fsck/k9/controller/MemorizingMessagingListener;--->refreshOther(Lcom/fsck/k9/controller/MessagingListener;)V
05-15 16:39:40.399 23090 23114 D M_InsDal: Lcom/fsck/k9/controller/MessagingController$22;--->run()V
05-15 16:39:40.400 23090 23090 D M_InsDal: Lcom/fsck/k9/mailstore/StorageManager;--->getInstance(Landroid/content/Context;)Lcom/fsck/k9/mailstore/StorageManager;
05-15 16:39:40.400 23090 23112 D M_InsDal: Lcom/fsck/k9/search/SqlQueryBuilder;--->appendCondition(Lcom/fsck/k9/search/SearchSpecification$SearchCondition;Ljava/lang/StringBuilder;Ljava/util/List;)V
05-15 16:39:40.400 23090 23114 D M_InsDal: Lcom/fsck/k9/Account;--->getStats(Landroid/content/Context;)Lcom/fsck/k9/AccountStats;
05-15 16:39:40.400 23090 23114 D M_InsDal: Lcom/fsck/k9/Account;--->isAvailable(Landroid/content/Context;)Z
05-15 16:39:40.400 23090 23114 D M_InsDal: Lcom/fsck/k9/Account;--->getLocalStorageProviderId()Ljava/lang/String;
05-15 16:39:40.400 23090 23090 D M_InsDal: Lcom/fsck/k9/mailstore/StorageManager;--->addListener(Lcom/fsck/k9/mailstore/StorageManager$StorageListener;)V
05-15 16:39:40.400 23090 23114 D M_InsDal: Lcom/fsck/k9/mailstore/StorageManager;--->getInstance(Landroid/content/Context;)Lcom/fsck/k9/mailstore/StorageManager;
05-15 16:39:40.400 23090 23114 D M_InsDal: Lcom/fsck/k9/mailstore/StorageManager;--->isReady(Ljava/lang/String;)Z
05-15 16:39:40.400 23090 23112 D M_InsDal: Lcom/fsck/k9/search/SqlQueryBuilder;--->getColumnName(Lcom/fsck/k9/search/SearchSpecification$SearchCondition;)Ljava/lang/String;
05-15 16:39:40.400 23090 23090 D M_InsDal: Lcom/fsck/k9/activity/ActivityListener;--->onResume(Landroid/content/Context;)V
05-15 16:39:40.400 23090 23114 D M_InsDal: Lcom/fsck/k9/mailstore/StorageManager;--->getProvider(Ljava/lang/String;)Lcom/fsck/k9/mailstore/StorageManager$StorageProvider;
05-15 16:39:40.400 23090 23112 D M_InsDal: Lcom/fsck/k9/search/SqlQueryBuilder;--->appendExprRight(Lcom/fsck/k9/search/SearchSpecification$SearchCondition;Ljava/lang/StringBuilder;Ljava/util/List;)V
05-15 16:39:40.400 23090 23114 D M_InsDal: Lcom/fsck/k9/mailstore/StorageManager$InternalStorageProvider;--->isReady(Landroid/content/Context;)Z
05-15 16:39:40.400 23090 23112 D M_InsDal: Lcom/fsck/k9/search/SqlQueryBuilder;--->isNumberColumn(Lcom/fsck/k9/search/SearchSpecification$SearchField;)Z
05-15 16:39:40.400 23090 23114 D M_InsDal: Lcom/fsck/k9/AccountStats;---><init>()V
05-15 16:39:40.400 23090 23114 D M_InsDal: Lcom/fsck/k9/Account;--->getUuid()Ljava/lang/String;
05-15 16:39:40.400 23090 23112 D M_InsDal: Lcom/fsck/k9/Account;--->getUuid()Ljava/lang/String;
05-15 16:39:40.400 23090 23114 D M_InsDal: Lcom/fsck/k9/search/LocalSearch;---><init>()V
05-15 16:39:40.400 23090 23114 D M_InsDal: Lcom/fsck/k9/Account;--->excludeSpecialFolders(Lcom/fsck/k9/search/LocalSearch;)V
05-15 16:39:40.400 23090 23114 D M_InsDal: Lcom/fsck/k9/Account;--->getTrashFolderName()Ljava/lang/String;
05-15 16:39:40.400 23090 23114 D M_InsDal: Lcom/fsck/k9/Account;--->excludeSpecialFolder(Lcom/fsck/k9/search/LocalSearch;Ljava/lang/String;)V
05-15 16:39:40.400 23090 23114 D M_InsDal: Lcom/fsck/k9/search/LocalSearch;--->and(Lcom/fsck/k9/search/SearchSpecification$SearchField;Ljava/lang/String;Lcom/fsck/k9/search/SearchSpecification$Attribute;)V
05-15 16:39:40.400 23090 23114 D M_InsDal: Lcom/fsck/k9/search/SearchSpecification$SearchCondition;---><init>(Lcom/fsck/k9/search/SearchSpecification$SearchField;Lcom/fsck/k9/search/SearchSpecification$Attribute;Ljava/lang/String;)V
05-15 16:39:40.400 23090 23114 D M_InsDal: Lcom/fsck/k9/search/LocalSearch;--->and(Lcom/fsck/k9/search/SearchSpecification$SearchCondition;)Lcom/fsck/k9/search/ConditionsTreeNode;
05-15 16:39:40.400 23090 23114 D M_InsDal: Lcom/fsck/k9/search/ConditionsTreeNode;---><init>(Lcom/fsck/k9/search/SearchSpecification$SearchCondition;)V
05-15 16:39:40.400 23090 23114 D M_InsDal: Lcom/fsck/k9/search/LocalSearch;--->and(Lcom/fsck/k9/search/ConditionsTreeNode;)Lcom/fsck/k9/search/ConditionsTreeNode;
05-15 16:39:40.400 23090 23114 D M_InsDal: Lcom/fsck/k9/search/ConditionsTreeNode;--->getLeafSet()Ljava/util/Set;
05-15 16:39:40.400 23090 23114 D M_InsDal: Lcom/fsck/k9/search/ConditionsTreeNode;--->getLeafSet(Ljava/util/Set;)Ljava/util/Set;
05-15 16:39:40.400 23090 23114 D M_InsDal: Lcom/fsck/k9/Account;--->getDraftsFolderName()Ljava/lang/String;
05-15 16:39:40.400 23090 23114 D M_InsDal: Lcom/fsck/k9/Account;--->excludeSpecialFolder(Lcom/fsck/k9/search/LocalSearch;Ljava/lang/String;)V
05-15 16:39:40.400 23090 23114 D M_InsDal: Lcom/fsck/k9/search/LocalSearch;--->and(Lcom/fsck/k9/search/SearchSpecification$SearchField;Ljava/lang/String;Lcom/fsck/k9/search/SearchSpecification$Attribute;)V
05-15 16:39:40.400 23090 23114 D M_InsDal: Lcom/fsck/k9/search/SearchSpecification$SearchCondition;---><init>(Lcom/fsck/k9/search/SearchSpecification$SearchField;Lcom/fsck/k9/search/SearchSpecification$Attribute;Ljava/lang/String;)V
05-15 16:39:40.400 23090 23114 D M_InsDal: Lcom/fsck/k9/search/LocalSearch;--->and(Lcom/fsck/k9/search/SearchSpecification$SearchCondition;)Lcom/fsck/k9/search/ConditionsTreeNode;
05-15 16:39:40.400 23090 23114 D M_InsDal: Lcom/fsck/k9/search/ConditionsTreeNode;---><init>(Lcom/fsck/k9/search/SearchSpecification$SearchCondition;)V
05-15 16:39:40.400 23090 23114 D M_InsDal: Lcom/fsck/k9/search/LocalSearch;--->and(Lcom/fsck/k9/search/ConditionsTreeNode;)Lcom/fsck/k9/search/ConditionsTreeNode;
05-15 16:39:40.400 23090 23114 D M_InsDal: Lcom/fsck/k9/search/ConditionsTreeNode;--->getLeafSet()Ljava/util/Set;
05-15 16:39:40.400 23090 23114 D M_InsDal: Lcom/fsck/k9/search/ConditionsTreeNode;--->getLeafSet(Ljava/util/Set;)Ljava/util/Set;
05-15 16:39:40.400 23090 23114 D M_InsDal: Lcom/fsck/k9/search/ConditionsTreeNode;--->and(Lcom/fsck/k9/search/ConditionsTreeNode;)Lcom/fsck/k9/search/ConditionsTreeNode;
05-15 16:39:40.400 23090 23114 D M_InsDal: Lcom/fsck/k9/search/ConditionsTreeNode;--->add(Lcom/fsck/k9/search/ConditionsTreeNode;Lcom/fsck/k9/search/ConditionsTreeNode$Operator;)Lcom/fsck/k9/search/ConditionsTreeNode;
05-15 16:39:40.400 23090 23112 D M_InsDal: Lcom/fsck/k9/provider/EmailProvider;--->query(Landroid/net/Uri;[Ljava/lang/String;Ljava/lang/String;[Ljava/lang/String;Ljava/lang/String;)Landroid/database/Cursor;
05-15 16:39:40.400 23090 23113 D M_InsDal: Lcom/fsck/k9/Account;--->getSearchableFolders()Lcom/fsck/k9/Account$Searchable;
05-15 16:39:40.400 23090 23113 D M_InsDal: Lcom/fsck/k9/search/LocalSearch;---><init>()V
05-15 16:39:40.400 23090 23113 D M_InsDal: Lcom/fsck/k9/Account;--->excludeUnwantedFolders(Lcom/fsck/k9/search/LocalSearch;)V
05-15 16:39:40.400 23090 23113 D M_InsDal: Lcom/fsck/k9/Account;--->getTrashFolderName()Ljava/lang/String;
05-15 16:39:40.400 23090 23113 D M_InsDal: Lcom/fsck/k9/Account;--->excludeSpecialFolder(Lcom/fsck/k9/search/LocalSearch;Ljava/lang/String;)V
05-15 16:39:40.400 23090 23113 D M_InsDal: Lcom/fsck/k9/search/LocalSearch;--->and(Lcom/fsck/k9/search/SearchSpecification$SearchField;Ljava/lang/String;Lcom/fsck/k9/search/SearchSpecification$Attribute;)V
05-15 16:39:40.400 23090 23113 D M_InsDal: Lcom/fsck/k9/search/SearchSpecification$SearchCondition;---><init>(Lcom/fsck/k9/search/SearchSpecification$SearchField;Lcom/fsck/k9/search/SearchSpecification$Attribute;Ljava/lang/String;)V
05-15 16:39:40.400 23090 23113 D M_InsDal: Lcom/fsck/k9/search/LocalSearch;--->and(Lcom/fsck/k9/search/SearchSpecification$SearchCondition;)Lcom/fsck/k9/search/ConditionsTreeNode;
05-15 16:39:40.400 23090 23112 D M_InsDal: Lcom/fsck/k9/provider/EmailProvider;--->getAccountStats(Ljava/lang/String;[Ljava/lang/String;Ljava/lang/String;[Ljava/lang/String;)Landroid/database/Cursor;
05-15 16:39:40.400 23090 23113 D M_InsDal: Lcom/fsck/k9/search/ConditionsTreeNode;---><init>(Lcom/fsck/k9/search/SearchSpecification$SearchCondition;)V
05-15 16:39:40.400 23090 23113 D M_InsDal: Lcom/fsck/k9/search/LocalSearch;--->and(Lcom/fsck/k9/search/ConditionsTreeNode;)Lcom/fsck/k9/search/ConditionsTreeNode;
05-15 16:39:40.400 23090 23112 D M_InsDal: Lcom/fsck/k9/provider/EmailProvider;--->getAccount(Ljava/lang/String;)Lcom/fsck/k9/Account;
05-15 16:39:40.400 23090 23113 D M_InsDal: Lcom/fsck/k9/search/ConditionsTreeNode;--->getLeafSet()Ljava/util/Set;
05-15 16:39:40.400 23090 23113 D M_InsDal: Lcom/fsck/k9/search/ConditionsTreeNode;--->getLeafSet(Ljava/util/Set;)Ljava/util/Set;
05-15 16:39:40.400 23090 23112 D M_InsDal: Lcom/fsck/k9/Preferences;--->getPreferences(Landroid/content/Context;)Lcom/fsck/k9/Preferences;
05-15 16:39:40.400 23090 23114 D M_InsDal: Lcom/fsck/k9/search/ConditionsTreeNode;---><init>(Lcom/fsck/k9/search/ConditionsTreeNode;Lcom/fsck/k9/search/ConditionsTreeNode$Operator;)V
05-15 16:39:40.400 23090 23112 D M_InsDal: Lcom/fsck/k9/Preferences;--->getAccount(Ljava/lang/String;)Lcom/fsck/k9/Account;
05-15 16:39:40.400 23090 23114 D M_InsDal: Lcom/fsck/k9/Account;--->getSpamFolderName()Ljava/lang/String;
05-15 16:39:40.400 23090 23114 D M_InsDal: Lcom/fsck/k9/Account;--->excludeSpecialFolder(Lcom/fsck/k9/search/LocalSearch;Ljava/lang/String;)V
05-15 16:39:40.400 23090 23112 D M_InsDal: Lcom/fsck/k9/provider/EmailProvider;--->getDatabase(Lcom/fsck/k9/Account;)Lcom/fsck/k9/mailstore/LockableDatabase;
05-15 16:39:40.400 23090 23114 D M_InsDal: Lcom/fsck/k9/search/LocalSearch;--->and(Lcom/fsck/k9/search/SearchSpecification$SearchField;Ljava/lang/String;Lcom/fsck/k9/search/SearchSpecification$Attribute;)V
05-15 16:39:40.400 23090 23114 D M_InsDal: Lcom/fsck/k9/search/SearchSpecification$SearchCondition;---><init>(Lcom/fsck/k9/search/SearchSpecification$SearchField;Lcom/fsck/k9/search/SearchSpecification$Attribute;Ljava/lang/String;)V
05-15 16:39:40.400 23090 23112 D M_InsDal: Lcom/fsck/k9/Account;--->getLocalStore()Lcom/fsck/k9/mailstore/LocalStore;
05-15 16:39:40.400 23090 23114 D M_InsDal: Lcom/fsck/k9/search/LocalSearch;--->and(Lcom/fsck/k9/search/SearchSpecification$SearchCondition;)Lcom/fsck/k9/search/ConditionsTreeNode;
05-15 16:39:40.400 23090 23114 D M_InsDal: Lcom/fsck/k9/search/ConditionsTreeNode;---><init>(Lcom/fsck/k9/search/SearchSpecification$SearchCondition;)V
05-15 16:39:40.400 23090 23114 D M_InsDal: Lcom/fsck/k9/search/LocalSearch;--->and(Lcom/fsck/k9/search/ConditionsTreeNode;)Lcom/fsck/k9/search/ConditionsTreeNode;
05-15 16:39:40.400 23090 23114 D M_InsDal: Lcom/fsck/k9/search/ConditionsTreeNode;--->getLeafSet()Ljava/util/Set;
05-15 16:39:40.400 23090 23114 D M_InsDal: Lcom/fsck/k9/search/ConditionsTreeNode;--->getLeafSet(Ljava/util/Set;)Ljava/util/Set;
05-15 16:39:40.400 23090 23114 D M_InsDal: Lcom/fsck/k9/search/ConditionsTreeNode;--->and(Lcom/fsck/k9/search/ConditionsTreeNode;)Lcom/fsck/k9/search/ConditionsTreeNode;
05-15 16:39:40.400 23090 23114 D M_InsDal: Lcom/fsck/k9/search/ConditionsTreeNode;--->add(Lcom/fsck/k9/search/ConditionsTreeNode;Lcom/fsck/k9/search/ConditionsTreeNode$Operator;)Lcom/fsck/k9/search/ConditionsTreeNode;
05-15 16:39:40.400 23090 23114 D M_InsDal: Lcom/fsck/k9/search/ConditionsTreeNode;---><init>(Lcom/fsck/k9/search/ConditionsTreeNode;Lcom/fsck/k9/search/ConditionsTreeNode$Operator;)V
05-15 16:39:40.400 23090 23114 D M_InsDal: Lcom/fsck/k9/Account;--->getOutboxFolderName()Ljava/lang/String;
05-15 16:39:40.400 23090 23114 D M_InsDal: Lcom/fsck/k9/Account;--->excludeSpecialFolder(Lcom/fsck/k9/search/LocalSearch;Ljava/lang/String;)V
05-15 16:39:40.400 23090 23114 D M_InsDal: Lcom/fsck/k9/search/LocalSearch;--->and(Lcom/fsck/k9/search/SearchSpecification$SearchField;Ljava/lang/String;Lcom/fsck/k9/search/SearchSpecification$Attribute;)V
05-15 16:39:40.400 23090 23114 D M_InsDal: Lcom/fsck/k9/search/SearchSpecification$SearchCondition;---><init>(Lcom/fsck/k9/search/SearchSpecification$SearchField;Lcom/fsck/k9/search/SearchSpecification$Attribute;Ljava/lang/String;)V
05-15 16:39:40.400 23090 23114 D M_InsDal: Lcom/fsck/k9/search/LocalSearch;--->and(Lcom/fsck/k9/search/SearchSpecification$SearchCondition;)Lcom/fsck/k9/search/ConditionsTreeNode;
05-15 16:39:40.400 23090 23114 D M_InsDal: Lcom/fsck/k9/search/ConditionsTreeNode;---><init>(Lcom/fsck/k9/search/SearchSpecification$SearchCondition;)V
05-15 16:39:40.400 23090 23114 D M_InsDal: Lcom/fsck/k9/search/LocalSearch;--->and(Lcom/fsck/k9/search/ConditionsTreeNode;)Lcom/fsck/k9/search/ConditionsTreeNode;
05-15 16:39:40.400 23090 23114 D M_InsDal: Lcom/fsck/k9/search/ConditionsTreeNode;--->getLeafSet()Ljava/util/Set;
05-15 16:39:40.400 23090 23114 D M_InsDal: Lcom/fsck/k9/search/ConditionsTreeNode;--->getLeafSet(Ljava/util/Set;)Ljava/util/Set;
05-15 16:39:40.400 23090 23114 D M_InsDal: Lcom/fsck/k9/search/ConditionsTreeNode;--->and(Lcom/fsck/k9/search/ConditionsTreeNode;)Lcom/fsck/k9/search/ConditionsTreeNode;
05-15 16:39:40.400 23090 23114 D M_InsDal: Lcom/fsck/k9/search/ConditionsTreeNode;--->add(Lcom/fsck/k9/search/ConditionsTreeNode;Lcom/fsck/k9/search/ConditionsTreeNode$Operator;)Lcom/fsck/k9/search/ConditionsTreeNode;
05-15 16:39:40.400 23090 23114 D M_InsDal: Lcom/fsck/k9/search/ConditionsTreeNode;---><init>(Lcom/fsck/k9/search/ConditionsTreeNode;Lcom/fsck/k9/search/ConditionsTreeNode$Operator;)V
05-15 16:39:40.400 23090 23114 D M_InsDal: Lcom/fsck/k9/Account;--->getSentFolderName()Ljava/lang/String;
05-15 16:39:40.400 23090 23114 D M_InsDal: Lcom/fsck/k9/Account;--->excludeSpecialFolder(Lcom/fsck/k9/search/LocalSearch;Ljava/lang/String;)V
05-15 16:39:40.400 23090 23114 D M_InsDal: Lcom/fsck/k9/search/LocalSearch;--->and(Lcom/fsck/k9/search/SearchSpecification$SearchField;Ljava/lang/String;Lcom/fsck/k9/search/SearchSpecification$Attribute;)V
05-15 16:39:40.400 23090 23114 D M_InsDal: Lcom/fsck/k9/search/SearchSpecification$SearchCondition;---><init>(Lcom/fsck/k9/search/SearchSpecification$SearchField;Lcom/fsck/k9/search/SearchSpecification$Attribute;Ljava/lang/String;)V
05-15 16:39:40.400 23090 23114 D M_InsDal: Lcom/fsck/k9/search/LocalSearch;--->and(Lcom/fsck/k9/search/SearchSpecification$SearchCondition;)Lcom/fsck/k9/search/ConditionsTreeNode;
05-15 16:39:40.400 23090 23114 D M_InsDal: Lcom/fsck/k9/search/ConditionsTreeNode;---><init>(Lcom/fsck/k9/search/SearchSpecification$SearchCondition;)V
05-15 16:39:40.400 23090 23114 D M_InsDal: Lcom/fsck/k9/search/LocalSearch;--->and(Lcom/fsck/k9/search/ConditionsTreeNode;)Lcom/fsck/k9/search/ConditionsTreeNode;
05-15 16:39:40.400 23090 23114 D M_InsDal: Lcom/fsck/k9/search/ConditionsTreeNode;--->getLeafSet()Ljava/util/Set;
05-15 16:39:40.400 23090 23112 D M_InsDal: Lcom/fsck/k9/mailstore/LocalStore;---><clinit>()V
05-15 16:39:40.400 23090 23114 D M_InsDal: Lcom/fsck/k9/search/ConditionsTreeNode;--->getLeafSet(Ljava/util/Set;)Ljava/util/Set;
05-15 16:39:40.400 23090 23114 D M_InsDal: Lcom/fsck/k9/search/ConditionsTreeNode;--->and(Lcom/fsck/k9/search/ConditionsTreeNode;)Lcom/fsck/k9/search/ConditionsTreeNode;
05-15 16:39:40.400 23090 23114 D M_InsDal: Lcom/fsck/k9/search/ConditionsTreeNode;--->add(Lcom/fsck/k9/search/ConditionsTreeNode;Lcom/fsck/k9/search/ConditionsTreeNode$Operator;)Lcom/fsck/k9/search/ConditionsTreeNode;
05-15 16:39:40.400 23090 23114 D M_InsDal: Lcom/fsck/k9/search/ConditionsTreeNode;---><init>(Lcom/fsck/k9/search/ConditionsTreeNode;Lcom/fsck/k9/search/ConditionsTreeNode$Operator;)V
05-15 16:39:40.400 23090 23114 D M_InsDal: Lcom/fsck/k9/Account;--->getInboxFolderName()Ljava/lang/String;
05-15 16:39:40.400 23090 23114 D M_InsDal: Lcom/fsck/k9/search/SearchSpecification$SearchCondition;---><init>(Lcom/fsck/k9/search/SearchSpecification$SearchField;Lcom/fsck/k9/search/SearchSpecification$Attribute;Ljava/lang/String;)V
05-15 16:39:40.400 23090 23112 D M_InsDal: Lcom/fsck/k9/mailstore/LocalStore;--->getInstance(Lcom/fsck/k9/Account;Landroid/content/Context;)Lcom/fsck/k9/mailstore/LocalStore;
05-15 16:39:40.400 23090 23112 D M_InsDal: Lcom/fsck/k9/Account;--->getUuid()Ljava/lang/String;
05-15 16:39:40.400 23090 23114 D M_InsDal: Lcom/fsck/k9/search/LocalSearch;--->or(Lcom/fsck/k9/search/SearchSpecification$SearchCondition;)Lcom/fsck/k9/search/ConditionsTreeNode;
05-15 16:39:40.400 23090 23114 D M_InsDal: Lcom/fsck/k9/search/ConditionsTreeNode;---><init>(Lcom/fsck/k9/search/SearchSpecification$SearchCondition;)V
05-15 16:39:40.400 23090 23114 D M_InsDal: Lcom/fsck/k9/search/LocalSearch;--->or(Lcom/fsck/k9/search/ConditionsTreeNode;)Lcom/fsck/k9/search/ConditionsTreeNode;
05-15 16:39:40.400 23090 23114 D M_InsDal: Lcom/fsck/k9/search/ConditionsTreeNode;--->getLeafSet()Ljava/util/Set;
05-15 16:39:40.400 23090 23114 D M_InsDal: Lcom/fsck/k9/search/ConditionsTreeNode;--->getLeafSet(Ljava/util/Set;)Ljava/util/Set;
05-15 16:39:40.400 23090 23112 D M_InsDal: Lcom/fsck/k9/mailstore/LocalStore;---><init>(Lcom/fsck/k9/Account;Landroid/content/Context;)V
05-15 16:39:40.400 23090 23113 D M_InsDal: Lcom/fsck/k9/Account;--->getSpamFolderName()Ljava/lang/String;
05-15 16:39:40.400 23090 23113 D M_InsDal: Lcom/fsck/k9/Account;--->excludeSpecialFolder(Lcom/fsck/k9/search/LocalSearch;Ljava/lang/String;)V
05-15 16:39:40.400 23090 23112 D M_InsDal: Lcom/fsck/k9/mail/Store;---><init>()V
05-15 16:39:40.400 23090 23113 D M_InsDal: Lcom/fsck/k9/search/LocalSearch;--->and(Lcom/fsck/k9/search/SearchSpecification$SearchField;Ljava/lang/String;Lcom/fsck/k9/search/SearchSpecification$Attribute;)V
05-15 16:39:40.400 23090 23113 D M_InsDal: Lcom/fsck/k9/search/SearchSpecification$SearchCondition;---><init>(Lcom/fsck/k9/search/SearchSpecification$SearchField;Lcom/fsck/k9/search/SearchSpecification$Attribute;Ljava/lang/String;)V
05-15 16:39:40.400 23090 23113 D M_InsDal: Lcom/fsck/k9/search/LocalSearch;--->and(Lcom/fsck/k9/search/SearchSpecification$SearchCondition;)Lcom/fsck/k9/search/ConditionsTreeNode;
05-15 16:39:40.400 23090 23113 D M_InsDal: Lcom/fsck/k9/search/ConditionsTreeNode;---><init>(Lcom/fsck/k9/search/SearchSpecification$SearchCondition;)V
05-15 16:39:40.400 23090 23113 D M_InsDal: Lcom/fsck/k9/search/LocalSearch;--->and(Lcom/fsck/k9/search/ConditionsTreeNode;)Lcom/fsck/k9/search/ConditionsTreeNode;
05-15 16:39:40.400 23090 23113 D M_InsDal: Lcom/fsck/k9/search/ConditionsTreeNode;--->getLeafSet()Ljava/util/Set;
05-15 16:39:40.400 23090 23113 D M_InsDal: Lcom/fsck/k9/search/ConditionsTreeNode;--->getLeafSet(Ljava/util/Set;)Ljava/util/Set;
05-15 16:39:40.400 23090 23113 D M_InsDal: Lcom/fsck/k9/search/ConditionsTreeNode;--->and(Lcom/fsck/k9/search/ConditionsTreeNode;)Lcom/fsck/k9/search/ConditionsTreeNode;
05-15 16:39:40.400 23090 23113 D M_InsDal: Lcom/fsck/k9/search/ConditionsTreeNode;--->add(Lcom/fsck/k9/search/ConditionsTreeNode;Lcom/fsck/k9/search/ConditionsTreeNode$Operator;)Lcom/fsck/k9/search/ConditionsTreeNode;
05-15 16:39:40.400 23090 23112 D M_InsDal: Lcom/fsck/k9/message/extractors/MessagePreviewCreator;--->newInstance()Lcom/fsck/k9/message/extractors/MessagePreviewCreator;
05-15 16:39:40.400 23090 23113 D M_InsDal: Lcom/fsck/k9/search/ConditionsTreeNode;---><init>(Lcom/fsck/k9/search/ConditionsTreeNode;Lcom/fsck/k9/search/ConditionsTreeNode$Operator;)V
05-15 16:39:40.400 23090 23113 D M_InsDal: Lcom/fsck/k9/Account;--->getOutboxFolderName()Ljava/lang/String;
05-15 16:39:40.400 23090 23113 D M_InsDal: Lcom/fsck/k9/Account;--->excludeSpecialFolder(Lcom/fsck/k9/search/LocalSearch;Ljava/lang/String;)V
05-15 16:39:40.400 23090 23113 D M_InsDal: Lcom/fsck/k9/search/LocalSearch;--->and(Lcom/fsck/k9/search/SearchSpecification$SearchField;Ljava/lang/String;Lcom/fsck/k9/search/SearchSpecification$Attribute;)V
05-15 16:39:40.400 23090 23113 D M_InsDal: Lcom/fsck/k9/search/SearchSpecification$SearchCondition;---><init>(Lcom/fsck/k9/search/SearchSpecification$SearchField;Lcom/fsck/k9/search/SearchSpecification$Attribute;Ljava/lang/String;)V
05-15 16:39:40.400 23090 23113 D M_InsDal: Lcom/fsck/k9/search/LocalSearch;--->and(Lcom/fsck/k9/search/SearchSpecification$SearchCondition;)Lcom/fsck/k9/search/ConditionsTreeNode;
05-15 16:39:40.400 23090 23113 D M_InsDal: Lcom/fsck/k9/search/ConditionsTreeNode;---><init>(Lcom/fsck/k9/search/SearchSpecification$SearchCondition;)V
05-15 16:39:40.400 23090 23112 D M_InsDal: Lcom/fsck/k9/message/extractors/TextPartFinder;---><init>()V
05-15 16:39:40.400 23090 23113 D M_InsDal: Lcom/fsck/k9/search/LocalSearch;--->and(Lcom/fsck/k9/search/ConditionsTreeNode;)Lcom/fsck/k9/search/ConditionsTreeNode;
05-15 16:39:40.400 23090 23113 D M_InsDal: Lcom/fsck/k9/search/ConditionsTreeNode;--->getLeafSet()Ljava/util/Set;
05-15 16:39:40.400 23090 23113 D M_InsDal: Lcom/fsck/k9/search/ConditionsTreeNode;--->getLeafSet(Ljava/util/Set;)Ljava/util/Set;
05-15 16:39:40.400 23090 23113 D M_InsDal: Lcom/fsck/k9/search/ConditionsTreeNode;--->and(Lcom/fsck/k9/search/ConditionsTreeNode;)Lcom/fsck/k9/search/ConditionsTreeNode;
05-15 16:39:40.400 23090 23113 D M_InsDal: Lcom/fsck/k9/search/ConditionsTreeNode;--->add(Lcom/fsck/k9/search/ConditionsTreeNode;Lcom/fsck/k9/search/ConditionsTreeNode$Operator;)Lcom/fsck/k9/search/ConditionsTreeNode;
05-15 16:39:40.400 23090 23113 D M_InsDal: Lcom/fsck/k9/search/ConditionsTreeNode;---><init>(Lcom/fsck/k9/search/ConditionsTreeNode;Lcom/fsck/k9/search/ConditionsTreeNode$Operator;)V
05-15 16:39:40.400 23090 23112 D M_InsDal: Lcom/fsck/k9/message/extractors/PreviewTextExtractor;---><init>()V
05-15 16:39:40.400 23090 23113 D M_InsDal: Lcom/fsck/k9/Account;--->getInboxFolderName()Ljava/lang/String;
05-15 16:39:40.400 23090 23113 D M_InsDal: Lcom/fsck/k9/search/SearchSpecification$SearchCondition;---><init>(Lcom/fsck/k9/search/SearchSpecification$SearchField;Lcom/fsck/k9/search/SearchSpecification$Attribute;Ljava/lang/String;)V
05-15 16:39:40.400 23090 23113 D M_InsDal: Lcom/fsck/k9/search/LocalSearch;--->or(Lcom/fsck/k9/search/SearchSpecification$SearchCondition;)Lcom/fsck/k9/search/ConditionsTreeNode;
05-15 16:39:40.400 23090 23113 D M_InsDal: Lcom/fsck/k9/search/ConditionsTreeNode;---><init>(Lcom/fsck/k9/search/SearchSpecification$SearchCondition;)V
05-15 16:39:40.400 23090 23113 D M_InsDal: Lcom/fsck/k9/search/LocalSearch;--->or(Lcom/fsck/k9/search/ConditionsTreeNode;)Lcom/fsck/k9/search/ConditionsTreeNode;
05-15 16:39:40.400 23090 23113 D M_InsDal: Lcom/fsck/k9/search/ConditionsTreeNode;--->getLeafSet()Ljava/util/Set;
05-15 16:39:40.400 23090 23112 D M_InsDal: Lcom/fsck/k9/message/extractors/EncryptionDetector;---><init>(Lcom/fsck/k9/message/extractors/TextPartFinder;)V
05-15 16:39:40.400 23090 23113 D M_InsDal: Lcom/fsck/k9/search/ConditionsTreeNode;--->getLeafSet(Ljava/util/Set;)Ljava/util/Set;
05-15 16:39:40.400 23090 23112 D M_InsDal: Lcom/fsck/k9/message/extractors/MessagePreviewCreator;---><init>(Lcom/fsck/k9/message/extractors/TextPartFinder;Lcom/fsck/k9/message/extractors/PreviewTextExtractor;Lcom/fsck/k9/message/extractors/EncryptionDetector;)V
05-15 16:39:40.400 23090 23114 D M_InsDal: Lcom/fsck/k9/search/ConditionsTreeNode;--->or(Lcom/fsck/k9/search/ConditionsTreeNode;)Lcom/fsck/k9/search/ConditionsTreeNode;
05-15 16:39:40.400 23090 23114 D M_InsDal: Lcom/fsck/k9/search/ConditionsTreeNode;--->add(Lcom/fsck/k9/search/ConditionsTreeNode;Lcom/fsck/k9/search/ConditionsTreeNode$Operator;)Lcom/fsck/k9/search/ConditionsTreeNode;
05-15 16:39:40.400 23090 23114 D M_InsDal: Lcom/fsck/k9/search/ConditionsTreeNode;---><init>(Lcom/fsck/k9/search/ConditionsTreeNode;Lcom/fsck/k9/search/ConditionsTreeNode$Operator;)V
05-15 16:39:40.400 23090 23114 D M_InsDal: Lcom/fsck/k9/Account;--->limitToDisplayableFolders(Lcom/fsck/k9/search/LocalSearch;)V
05-15 16:39:40.400 23090 23112 D M_InsDal: Lcom/fsck/k9/message/extractors/MessageFulltextCreator;--->newInstance()Lcom/fsck/k9/message/extractors/MessageFulltextCreator;
05-15 16:39:40.400 23090 23114 D M_InsDal: Lcom/fsck/k9/Account;--->getFolderDisplayMode()Lcom/fsck/k9/Account$FolderMode;
05-15 16:39:40.400 23090 23112 D M_InsDal: Lcom/fsck/k9/message/extractors/TextPartFinder;---><init>()V
05-15 16:39:40.400 23090 23112 D M_InsDal: Lcom/fsck/k9/message/extractors/EncryptionDetector;---><init>(Lcom/fsck/k9/message/extractors/TextPartFinder;)V
05-15 16:39:40.400 23090 23112 D M_InsDal: Lcom/fsck/k9/message/extractors/MessageFulltextCreator;---><init>(Lcom/fsck/k9/message/extractors/TextPartFinder;Lcom/fsck/k9/message/extractors/EncryptionDetector;)V
05-15 16:39:40.400 23090 23114 D M_InsDal: Lcom/fsck/k9/Account$1;---><clinit>()V
05-15 16:39:40.400 23090 23113 D M_InsDal: Lcom/fsck/k9/search/ConditionsTreeNode;--->or(Lcom/fsck/k9/search/ConditionsTreeNode;)Lcom/fsck/k9/search/ConditionsTreeNode;
05-15 16:39:40.400 23090 23112 D M_InsDal: Lcom/fsck/k9/message/extractors/AttachmentCounter;--->newInstance()Lcom/fsck/k9/message/extractors/AttachmentCounter;
05-15 16:39:40.400 23090 23112 D M_InsDal: Lcom/fsck/k9/message/extractors/TextPartFinder;---><init>()V
05-15 16:39:40.400 23090 23113 D M_InsDal: Lcom/fsck/k9/search/ConditionsTreeNode;--->add(Lcom/fsck/k9/search/ConditionsTreeNode;Lcom/fsck/k9/search/ConditionsTreeNode$Operator;)Lcom/fsck/k9/search/ConditionsTreeNode;
05-15 16:39:40.400 23090 23112 D M_InsDal: Lcom/fsck/k9/message/extractors/EncryptionDetector;---><init>(Lcom/fsck/k9/message/extractors/TextPartFinder;)V
05-15 16:39:40.400 23090 23113 D M_InsDal: Lcom/fsck/k9/search/ConditionsTreeNode;---><init>(Lcom/fsck/k9/search/ConditionsTreeNode;Lcom/fsck/k9/search/ConditionsTreeNode$Operator;)V
05-15 16:39:40.400 23090 23113 D M_InsDal: Lcom/fsck/k9/search/LocalSearch;--->getConditions()Lcom/fsck/k9/search/ConditionsTreeNode;
05-15 16:39:40.400 23090 23112 D M_InsDal: Lcom/fsck/k9/message/extractors/AttachmentCounter;---><init>(Lcom/fsck/k9/message/extractors/EncryptionDetector;)V
05-15 16:39:40.400 23090 23113 D M_InsDal: Lcom/fsck/k9/search/SqlQueryBuilder;--->buildWhereClauseInternal(Lcom/fsck/k9/Account;Lcom/fsck/k9/search/ConditionsTreeNode;Ljava/lang/StringBuilder;Ljava/util/List;)V
05-15 16:39:40.400 23090 23113 D M_InsDal: Lcom/fsck/k9/search/SqlQueryBuilder;--->buildWhereClauseInternal(Lcom/fsck/k9/Account;Lcom/fsck/k9/search/ConditionsTreeNode;Ljava/lang/StringBuilder;Ljava/util/List;)V
05-15 16:39:40.400 23090 23113 D M_InsDal: Lcom/fsck/k9/search/SqlQueryBuilder;--->getFolderId(Lcom/fsck/k9/Account;Ljava/lang/String;)J
05-15 16:39:40.400 23090 23113 D M_InsDal: Lcom/fsck/k9/Account;--->getLocalStore()Lcom/fsck/k9/mailstore/LocalStore;
05-15 16:39:40.400 23090 23112 D M_InsDal: Lcom/fsck/k9/controller/PendingCommandSerializer;---><clinit>()V
05-15 16:39:40.400 23090 23113 D M_InsDal: Lcom/fsck/k9/mailstore/LocalStore;--->getInstance(Lcom/fsck/k9/Account;Landroid/content/Context;)Lcom/fsck/k9/mailstore/LocalStore;
05-15 16:39:40.400 23090 23113 D M_InsDal: Lcom/fsck/k9/Account;--->getUuid()Ljava/lang/String;
05-15 16:39:40.400 23090 23112 D M_InsDal: Lcom/fsck/k9/controller/PendingCommandSerializer;---><init>()V
05-15 16:39:40.400 23090 23114 D M_InsDal: Lcom/fsck/k9/Account$FolderMode;--->values()[Lcom/fsck/k9/Account$FolderMode;
05-15 16:39:40.400 23090 23114 D M_InsDal: Lcom/fsck/k9/mail/Folder$FolderClass;---><clinit>()V
05-15 16:39:40.400 23090 23114 D M_InsDal: Lcom/fsck/k9/mail/Folder$FolderClass;---><init>(Ljava/lang/String;I)V
05-15 16:39:40.400 23090 23114 D M_InsDal: Lcom/fsck/k9/mail/Folder$FolderClass;---><init>(Ljava/lang/String;I)V
05-15 16:39:40.400 23090 23114 D M_InsDal: Lcom/fsck/k9/search/LocalSearch;--->and(Lcom/fsck/k9/search/SearchSpecification$SearchField;Ljava/lang/String;Lcom/fsck/k9/search/SearchSpecification$Attribute;)V
05-15 16:39:40.400 23090 23114 D M_InsDal: Lcom/fsck/k9/search/SearchSpecification$SearchCondition;---><init>(Lcom/fsck/k9/search/SearchSpecification$SearchField;Lcom/fsck/k9/search/SearchSpecification$Attribute;Ljava/lang/String;)V
05-15 16:39:40.400 23090 23114 D M_InsDal: Lcom/fsck/k9/search/LocalSearch;--->and(Lcom/fsck/k9/search/SearchSpecification$SearchCondition;)Lcom/fsck/k9/search/ConditionsTreeNode;
05-15 16:39:40.400 23090 23114 D M_InsDal: Lcom/fsck/k9/search/ConditionsTreeNode;---><init>(Lcom/fsck/k9/search/SearchSpecification$SearchCondition;)V
05-15 16:39:40.400 23090 23114 D M_InsDal: Lcom/fsck/k9/search/LocalSearch;--->and(Lcom/fsck/k9/search/ConditionsTreeNode;)Lcom/fsck/k9/search/ConditionsTreeNode;
05-15 16:39:40.400 23090 23114 D M_InsDal: Lcom/fsck/k9/search/ConditionsTreeNode;--->getLeafSet()Ljava/util/Set;
05-15 16:39:40.400 23090 23114 D M_InsDal: Lcom/fsck/k9/search/ConditionsTreeNode;--->getLeafSet(Ljava/util/Set;)Ljava/util/Set;
05-15 16:39:40.400 23090 23114 D M_InsDal: Lcom/fsck/k9/search/ConditionsTreeNode;--->and(Lcom/fsck/k9/search/ConditionsTreeNode;)Lcom/fsck/k9/search/ConditionsTreeNode;
05-15 16:39:40.400 23090 23114 D M_InsDal: Lcom/fsck/k9/search/ConditionsTreeNode;--->add(Lcom/fsck/k9/search/ConditionsTreeNode;Lcom/fsck/k9/search/ConditionsTreeNode$Operator;)Lcom/fsck/k9/search/ConditionsTreeNode;
05-15 16:39:40.400 23090 23114 D M_InsDal: Lcom/fsck/k9/search/ConditionsTreeNode;---><init>(Lcom/fsck/k9/search/ConditionsTreeNode;Lcom/fsck/k9/search/ConditionsTreeNode$Operator;)V
