--------- beginning of main
--------- beginning of system
05-28 22:59:11.466 30461 30461 D M_InsDal: Lcom/ichi2/anki/AnkiDroidApp;---><clinit>()V
05-28 22:59:11.466 30461 30461 D M_InsDal: Lcom/ichi2/anki/AnkiDroidApp;---><init>()V
05-28 22:59:11.466 30461 30461 D M_InsDal: Lcom/ichi2/anki/provider/CardContentProvider;---><clinit>()V
05-28 22:59:11.466 30461 30461 D M_InsDal: Lcom/ichi2/anki/FlashCardsContract$Note;---><clinit>()V
05-28 22:59:11.466 30461 30461 D M_InsDal: Lcom/ichi2/anki/FlashCardsContract;---><clinit>()V
05-28 22:59:11.466 30461 30461 D M_InsDal: Lcom/ichi2/anki/provider/CardContentProvider;---><init>()V
05-28 22:59:11.466 30461 30461 D M_InsDal: Lcom/ichi2/anki/provider/CardContentProvider;--->onCreate()Z
05-28 22:59:11.468 30461 30461 D M_InsDal: Lcom/ichi2/anki/AnkiDroidApp;--->onCreate()V
05-28 22:59:11.468 30461 30461 D M_InsDal: Lcom/ichi2/anki/AnkiDroidApp;--->getSharedPrefs(Landroid/content/Context;)Landroid/content/SharedPreferences;
05-28 22:59:11.471 30461 30461 D M_InsDal: Lcom/ichi2/anki/AnkiDroidApp$ProductionCrashReportingTree;---><clinit>()V
05-28 22:59:11.471 30461 30461 D M_InsDal: Lcom/ichi2/anki/AnkiDroidApp$ProductionCrashReportingTree;---><init>()V
05-28 22:59:11.471 30461 30461 D M_InsDal: Lcom/ichi2/anki/AnkiDroidApp;--->setAcraReportingMode(Ljava/lang/String;)V
05-28 22:59:11.472 30461 30461 D M_InsDal: Lcom/ichi2/anki/AnkiDroidApp;--->setLanguage(Ljava/lang/String;)V
05-28 22:59:11.472 30461 30461 D M_InsDal: Lcom/ichi2/anki/AnkiDroidApp;--->getInstance()Lcom/ichi2/anki/AnkiDroidApp;
05-28 22:59:11.472 30461 30461 D M_InsDal: Lcom/ichi2/anki/AnkiDroidApp;--->getInstance()Lcom/ichi2/anki/AnkiDroidApp;
05-28 22:59:11.472 30461 30461 D M_InsDal: Lcom/ichi2/anki/AnkiDroidApp;--->getSharedPrefs(Landroid/content/Context;)Landroid/content/SharedPreferences;
05-28 22:59:11.472 30461 30461 D M_InsDal: Lcom/ichi2/anki/AnkiDroidApp;--->getInstance()Lcom/ichi2/anki/AnkiDroidApp;
05-28 22:59:11.472 30461 30461 D M_InsDal: Lcom/ichi2/anki/AnkiDroidApp;--->getInstance()Lcom/ichi2/anki/AnkiDroidApp;
05-28 22:59:11.498 30461 30461 D M_InsDal: Lcom/ichi2/anki/CollectionHelper;--->hasStorageAccessPermission(Landroid/content/Context;)Z
05-28 22:59:11.498 30461 30461 D M_InsDal: Lcom/ichi2/anki/CollectionHelper;--->getCurrentAnkiDroidDirectory(Landroid/content/Context;)Ljava/lang/String;
05-28 22:59:11.498 30461 30461 D M_InsDal: Lcom/ichi2/anki/CollectionHelper;--->getDefaultAnkiDroidDirectory()Ljava/lang/String;
05-28 22:59:11.499 30461 30461 D M_InsDal: Lcom/ichi2/anki/CollectionHelper;--->initializeAnkiDroidDirectory(Ljava/lang/String;)V
05-28 22:59:11.502 30461 30461 D M_InsDal: Lcom/ichi2/anki/CardBrowser;---><clinit>()V
05-28 22:59:11.502 30461 30461 D M_InsDal: Lcom/ichi2/anki/CardBrowser;---><init>()V
05-28 22:59:11.502 30461 30461 D M_InsDal: Lcom/ichi2/anki/NavigationDrawerActivity;---><init>()V
05-28 22:59:11.502 30461 30461 D M_InsDal: Lcom/ichi2/anki/AnkiActivity;---><init>()V
05-28 22:59:11.503 30461 30461 D M_InsDal: Lcom/ichi2/anki/dialogs/DialogHandler;---><init>(Lcom/ichi2/anki/AnkiActivity;)V
05-28 22:59:11.503 30461 30461 D M_InsDal: Lcom/ichi2/anki/CardBrowser$1;---><init>(Lcom/ichi2/anki/CardBrowser;)V
05-28 22:59:11.503 30461 30461 D M_InsDal: Lcom/ichi2/anki/CardBrowser$2;---><init>(Lcom/ichi2/anki/CardBrowser;)V
05-28 22:59:11.503 30461 30461 D M_InsDal: Lcom/ichi2/anki/CardBrowser$3;---><init>(Lcom/ichi2/anki/CardBrowser;)V
05-28 22:59:11.503 30461 30461 D M_InsDal: Lcom/ichi2/anki/CardBrowser$13;---><init>(Lcom/ichi2/anki/CardBrowser;)V
05-28 22:59:11.503 30461 30461 D M_InsDal: Lcom/ichi2/anki/CardBrowser$14;---><init>(Lcom/ichi2/anki/CardBrowser;)V
05-28 22:59:11.503 30461 30461 D M_InsDal: Lcom/ichi2/anki/CardBrowser$15;---><init>(Lcom/ichi2/anki/CardBrowser;)V
05-28 22:59:11.503 30461 30461 D M_InsDal: Lcom/ichi2/anki/CardBrowser$16;---><init>(Lcom/ichi2/anki/CardBrowser;)V
05-28 22:59:11.503 30461 30461 D M_InsDal: Lcom/ichi2/anki/CardBrowser$17;---><init>(Lcom/ichi2/anki/CardBrowser;)V
05-28 22:59:11.505 30461 30461 D M_InsDal: Lcom/ichi2/anki/AnkiActivity;--->onCreate(Landroid/os/Bundle;)V
05-28 22:59:11.505 30461 30461 D M_InsDal: Lcom/ichi2/anki/AnkiDroidApp;--->getSharedPrefs(Landroid/content/Context;)Landroid/content/SharedPreferences;
05-28 22:59:11.508 30461 30461 D M_InsDal: Lcom/ichi2/anki/CardBrowser;--->onCreate(Landroid/os/Bundle;)V
05-28 22:59:11.552 30461 30461 D M_InsDal: Lcom/ichi2/anki/NavigationDrawerActivity;--->initNavigationDrawer(Landroid/view/View;)V
05-28 22:59:11.554 30461 30461 D M_InsDal: Lcom/ichi2/anki/NavigationDrawerActivity$1;---><init>(Lcom/ichi2/anki/NavigationDrawerActivity;)V
05-28 22:59:11.554 30461 30461 D M_InsDal: Lcom/ichi2/anki/AnkiDroidApp;--->getSharedPrefs(Landroid/content/Context;)Landroid/content/SharedPreferences;
05-28 22:59:11.554 30461 30461 D M_InsDal: Lcom/ichi2/anki/NavigationDrawerActivity$2;---><init>(Lcom/ichi2/anki/NavigationDrawerActivity;Landroid/content/SharedPreferences;)V
05-28 22:59:11.554 30461 30461 D M_InsDal: Lcom/ichi2/anki/NavigationDrawerActivity$3;---><init>(Lcom/ichi2/anki/NavigationDrawerActivity;Landroid/app/Activity;Landroid/support/v4/widget/DrawerLayout;II)V
05-28 22:59:11.555 30461 30461 D M_InsDal: Lcom/ichi2/anki/AnkiActivity;--->startLoadingCollection()V
05-28 22:59:11.555 30461 30461 D M_InsDal: Lcom/ichi2/anki/AnkiActivity;--->colIsOpen()Z
05-28 22:59:11.555 30461 30461 D M_InsDal: Lcom/ichi2/anki/CollectionHelper;--->getInstance()Lcom/ichi2/anki/CollectionHelper;
05-28 22:59:11.555 30461 30461 D M_InsDal: Lcom/ichi2/anki/CollectionHelper$LazyHolder;---><clinit>()V
05-28 22:59:11.555 30461 30461 D M_InsDal: Lcom/ichi2/anki/CollectionHelper;---><init>()V
05-28 22:59:11.555 30461 30461 D M_InsDal: Lcom/ichi2/anki/CollectionHelper;--->colIsOpen()Z
05-28 22:59:11.555 30461 30461 D M_InsDal: Lcom/ichi2/anki/AnkiActivity;--->showProgressBar()V
05-28 22:59:11.555 30461 30461 D M_InsDal: Lcom/ichi2/anki/AnkiActivity;--->onCreateLoader(ILandroid/os/Bundle;)Landroid/support/v4/content/Loader;
05-28 22:59:11.584 30461 30461 D M_InsDal: Lcom/ichi2/anki/CollectionHelper;--->getInstance()Lcom/ichi2/anki/CollectionHelper;
05-28 22:59:11.584 30461 30461 D M_InsDal: Lcom/ichi2/anki/CollectionHelper;--->isCollectionLocked()Z
05-28 22:59:11.585 30461 30461 D M_InsDal: Lcom/ichi2/anki/AnkiActivity;--->onStart()V
05-28 22:59:11.585 30461 30485 D M_InsDal: Lcom/ichi2/anki/CollectionHelper;--->getInstance()Lcom/ichi2/anki/CollectionHelper;
05-28 22:59:11.585 30461 30485 D M_InsDal: Lcom/ichi2/anki/CollectionHelper;--->getCol(Landroid/content/Context;)Lcom/ichi2/libanki/Collection;
05-28 22:59:11.585 30461 30485 D M_InsDal: Lcom/ichi2/anki/CollectionHelper;--->getCollectionPath(Landroid/content/Context;)Ljava/lang/String;
05-28 22:59:11.585 30461 30485 D M_InsDal: Lcom/ichi2/anki/CollectionHelper;--->getCurrentAnkiDroidDirectory(Landroid/content/Context;)Ljava/lang/String;
05-28 22:59:11.585 30461 30485 D M_InsDal: Lcom/ichi2/anki/CollectionHelper;--->getDefaultAnkiDroidDirectory()Ljava/lang/String;
05-28 22:59:11.586 30461 30485 D M_InsDal: Lcom/ichi2/anki/CollectionHelper;--->colIsOpen()Z
05-28 22:59:11.586 30461 30485 D M_InsDal: Lcom/ichi2/anki/CollectionHelper;--->getParentDirectory(Ljava/lang/String;)Ljava/lang/String;
05-28 22:59:11.586 30461 30485 D M_InsDal: Lcom/ichi2/anki/CollectionHelper;--->initializeAnkiDroidDirectory(Ljava/lang/String;)V
05-28 22:59:11.586 30461 30485 D M_InsDal: Lcom/ichi2/anki/AnkiDroidApp$ProductionCrashReportingTree;--->i(Ljava/lang/String;[Ljava/lang/Object;)V
05-28 22:59:11.586 30461 30485 D M_InsDal: Lcom/ichi2/anki/AnkiDroidApp$ProductionCrashReportingTree;--->formatString(Ljava/lang/String;[Ljava/lang/Object;)Ljava/lang/String;
05-28 22:59:11.587 30461 30461 D M_InsDal: Lcom/ichi2/anki/NavigationDrawerActivity;--->onPostCreate(Landroid/os/Bundle;)V
05-28 22:59:11.588 30461 30461 D M_InsDal: Lcom/ichi2/anki/CardBrowser;--->onResume()V
05-28 22:59:11.588 30461 30461 D M_InsDal: Lcom/ichi2/anki/AnkiActivity;--->onResume()V
05-28 22:59:11.589 30461 30461 D M_InsDal: Lcom/ichi2/anki/dialogs/DialogHandler;--->readMessage()V
05-28 22:59:11.589 30461 30461 D M_InsDal: Lcom/ichi2/anki/NavigationDrawerActivity;--->selectNavigationItem(I)V
05-28 22:59:11.596 30461 30485 D M_InsDal: Lcom/ichi2/anki/AnkiDroidApp;--->getInstance()Lcom/ichi2/anki/AnkiDroidApp;
05-28 22:59:11.876 30461 30461 D M_InsDal: Lcom/ichi2/anki/CardBrowser;--->onCreateOptionsMenu(Landroid/view/Menu;)Z
05-28 22:59:11.884 30461 30461 D M_InsDal: Lcom/ichi2/anki/AnkiActivity;--->getCol()Lcom/ichi2/libanki/Collection;
05-28 22:59:11.885 30461 30461 D M_InsDal: Lcom/ichi2/anki/CollectionHelper;--->getInstance()Lcom/ichi2/anki/CollectionHelper;
05-28 22:59:11.885 30461 30461 D M_InsDal: Lcom/ichi2/anki/CollectionHelper;--->getCol(Landroid/content/Context;)Lcom/ichi2/libanki/Collection;
05-28 22:59:11.885 30461 30461 D M_InsDal: Lcom/ichi2/anki/CollectionHelper;--->getCollectionPath(Landroid/content/Context;)Ljava/lang/String;
05-28 22:59:11.885 30461 30461 D M_InsDal: Lcom/ichi2/anki/CollectionHelper;--->getCurrentAnkiDroidDirectory(Landroid/content/Context;)Ljava/lang/String;
05-28 22:59:11.885 30461 30461 D M_InsDal: Lcom/ichi2/anki/CollectionHelper;--->getDefaultAnkiDroidDirectory()Ljava/lang/String;
05-28 22:59:11.886 30461 30461 D M_InsDal: Lcom/ichi2/anki/CollectionHelper;--->colIsOpen()Z
05-28 22:59:11.886 30461 30461 D M_InsDal: Lcom/ichi2/anki/CardBrowser$9;---><init>(Lcom/ichi2/anki/CardBrowser;)V
05-28 22:59:11.886 30461 30461 D M_InsDal: Lcom/ichi2/anki/CardBrowser$10;---><init>(Lcom/ichi2/anki/CardBrowser;)V
05-28 22:59:11.886 30461 30461 D M_InsDal: Lcom/ichi2/anki/CardBrowser$11;---><init>(Lcom/ichi2/anki/CardBrowser;)V
05-28 22:59:11.889 30461 30461 D M_InsDal: Lcom/ichi2/anki/AnkiActivity;--->onLoadFinished(Landroid/support/v4/content/Loader;Lcom/ichi2/libanki/Collection;)V
05-28 22:59:11.889 30461 30461 D M_InsDal: Lcom/ichi2/anki/AnkiActivity;--->hideProgressBar()V
05-28 22:59:11.889 30461 30461 D M_InsDal: Lcom/ichi2/anki/AnkiActivity;--->colIsOpen()Z
05-28 22:59:11.889 30461 30461 D M_InsDal: Lcom/ichi2/anki/CollectionHelper;--->getInstance()Lcom/ichi2/anki/CollectionHelper;
05-28 22:59:11.889 30461 30461 D M_InsDal: Lcom/ichi2/anki/CollectionHelper;--->colIsOpen()Z
05-28 22:59:11.889 30461 30461 D M_InsDal: Lcom/ichi2/anki/AnkiActivity;--->onCollectionLoaded(Lcom/ichi2/libanki/Collection;)V
05-28 22:59:11.889 30461 30461 D M_InsDal: Lcom/ichi2/anki/CardBrowser;--->onCollectionLoaded(Lcom/ichi2/libanki/Collection;)V
05-28 22:59:11.889 30461 30461 D M_InsDal: Lcom/ichi2/anki/AnkiActivity;--->getCol()Lcom/ichi2/libanki/Collection;
05-28 22:59:11.889 30461 30461 D M_InsDal: Lcom/ichi2/anki/CollectionHelper;--->getInstance()Lcom/ichi2/anki/CollectionHelper;
05-28 22:59:11.889 30461 30461 D M_InsDal: Lcom/ichi2/anki/CollectionHelper;--->getCol(Landroid/content/Context;)Lcom/ichi2/libanki/Collection;
05-28 22:59:11.889 30461 30461 D M_InsDal: Lcom/ichi2/anki/CollectionHelper;--->getCollectionPath(Landroid/content/Context;)Ljava/lang/String;
05-28 22:59:11.889 30461 30461 D M_InsDal: Lcom/ichi2/anki/CollectionHelper;--->getCurrentAnkiDroidDirectory(Landroid/content/Context;)Ljava/lang/String;
05-28 22:59:11.889 30461 30461 D M_InsDal: Lcom/ichi2/anki/CollectionHelper;--->getDefaultAnkiDroidDirectory()Ljava/lang/String;
05-28 22:59:11.889 30461 30461 D M_InsDal: Lcom/ichi2/anki/CollectionHelper;--->colIsOpen()Z
05-28 22:59:11.889 30461 30461 D M_InsDal: Lcom/ichi2/anki/AnkiActivity;--->getCol()Lcom/ichi2/libanki/Collection;
05-28 22:59:11.889 30461 30461 D M_InsDal: Lcom/ichi2/anki/CollectionHelper;--->getInstance()Lcom/ichi2/anki/CollectionHelper;
05-28 22:59:11.889 30461 30461 D M_InsDal: Lcom/ichi2/anki/CollectionHelper;--->getCol(Landroid/content/Context;)Lcom/ichi2/libanki/Collection;
05-28 22:59:11.889 30461 30461 D M_InsDal: Lcom/ichi2/anki/CollectionHelper;--->getCollectionPath(Landroid/content/Context;)Ljava/lang/String;
05-28 22:59:11.889 30461 30461 D M_InsDal: Lcom/ichi2/anki/CollectionHelper;--->getCurrentAnkiDroidDirectory(Landroid/content/Context;)Ljava/lang/String;
05-28 22:59:11.889 30461 30461 D M_InsDal: Lcom/ichi2/anki/CollectionHelper;--->getDefaultAnkiDroidDirectory()Ljava/lang/String;
05-28 22:59:11.890 30461 30461 D M_InsDal: Lcom/ichi2/anki/CollectionHelper;--->colIsOpen()Z
05-28 22:59:11.890 30461 30461 D M_InsDal: Lcom/ichi2/anki/CardBrowser;--->registerExternalStorageListener()V
05-28 22:59:11.890 30461 30461 D M_InsDal: Lcom/ichi2/anki/CardBrowser$18;---><init>(Lcom/ichi2/anki/CardBrowser;)V
05-28 22:59:11.890 30461 30461 D M_InsDal: Lcom/ichi2/anki/AnkiDroidApp;--->getSharedPrefs(Landroid/content/Context;)Landroid/content/SharedPreferences;
05-28 22:59:11.890 30461 30461 D M_InsDal: Lcom/ichi2/anki/AnkiActivity;--->getCol()Lcom/ichi2/libanki/Collection;
05-28 22:59:11.890 30461 30461 D M_InsDal: Lcom/ichi2/anki/CollectionHelper;--->getInstance()Lcom/ichi2/anki/CollectionHelper;
05-28 22:59:11.890 30461 30461 D M_InsDal: Lcom/ichi2/anki/CollectionHelper;--->getCol(Landroid/content/Context;)Lcom/ichi2/libanki/Collection;
05-28 22:59:11.890 30461 30461 D M_InsDal: Lcom/ichi2/anki/CollectionHelper;--->getCollectionPath(Landroid/content/Context;)Ljava/lang/String;
05-28 22:59:11.890 30461 30461 D M_InsDal: Lcom/ichi2/anki/CollectionHelper;--->getCurrentAnkiDroidDirectory(Landroid/content/Context;)Ljava/lang/String;
05-28 22:59:11.890 30461 30461 D M_InsDal: Lcom/ichi2/anki/CollectionHelper;--->getDefaultAnkiDroidDirectory()Ljava/lang/String;
05-28 22:59:11.891 30461 30461 D M_InsDal: Lcom/ichi2/anki/CollectionHelper;--->colIsOpen()Z
05-28 22:59:11.891 30461 30461 D M_InsDal: Lcom/ichi2/anki/widgets/DeckDropDownAdapter;---><init>(Landroid/content/Context;Ljava/util/ArrayList;)V
05-28 22:59:11.891 30461 30461 D M_InsDal: Lcom/ichi2/anki/widgets/DeckDropDownAdapter;--->getCount()I
05-28 22:59:11.891 30461 30461 D M_InsDal: Lcom/ichi2/anki/widgets/DeckDropDownAdapter;--->getCount()I
05-28 22:59:11.891 30461 30461 D M_InsDal: Lcom/ichi2/anki/widgets/DeckDropDownAdapter;--->getItemId(I)J
05-28 22:59:11.891 30461 30461 D M_InsDal: Lcom/ichi2/anki/widgets/DeckDropDownAdapter;--->getItemId(I)J
05-28 22:59:11.891 30461 30461 D M_InsDal: Lcom/ichi2/anki/CardBrowser$4;---><init>(Lcom/ichi2/anki/CardBrowser;)V
05-28 22:59:11.891 30461 30461 D M_InsDal: Lcom/ichi2/anki/AnkiActivity;--->getCol()Lcom/ichi2/libanki/Collection;
05-28 22:59:11.891 30461 30461 D M_InsDal: Lcom/ichi2/anki/CollectionHelper;--->getInstance()Lcom/ichi2/anki/CollectionHelper;
05-28 22:59:11.891 30461 30461 D M_InsDal: Lcom/ichi2/anki/CollectionHelper;--->getCol(Landroid/content/Context;)Lcom/ichi2/libanki/Collection;
05-28 22:59:11.891 30461 30461 D M_InsDal: Lcom/ichi2/anki/CollectionHelper;--->getCollectionPath(Landroid/content/Context;)Ljava/lang/String;
05-28 22:59:11.891 30461 30461 D M_InsDal: Lcom/ichi2/anki/CollectionHelper;--->getCurrentAnkiDroidDirectory(Landroid/content/Context;)Ljava/lang/String;
05-28 22:59:11.891 30461 30461 D M_InsDal: Lcom/ichi2/anki/CollectionHelper;--->getDefaultAnkiDroidDirectory()Ljava/lang/String;
05-28 22:59:11.892 30461 30461 D M_InsDal: Lcom/ichi2/anki/CollectionHelper;--->colIsOpen()Z
05-28 22:59:11.892 30461 30461 D M_InsDal: Lcom/ichi2/anki/AnkiActivity;--->getCol()Lcom/ichi2/libanki/Collection;
05-28 22:59:11.892 30461 30461 D M_InsDal: Lcom/ichi2/anki/CollectionHelper;--->getInstance()Lcom/ichi2/anki/CollectionHelper;
05-28 22:59:11.892 30461 30461 D M_InsDal: Lcom/ichi2/anki/CollectionHelper;--->getCol(Landroid/content/Context;)Lcom/ichi2/libanki/Collection;
05-28 22:59:11.892 30461 30461 D M_InsDal: Lcom/ichi2/anki/CollectionHelper;--->getCollectionPath(Landroid/content/Context;)Ljava/lang/String;
05-28 22:59:11.892 30461 30461 D M_InsDal: Lcom/ichi2/anki/CollectionHelper;--->getCurrentAnkiDroidDirectory(Landroid/content/Context;)Ljava/lang/String;
05-28 22:59:11.892 30461 30461 D M_InsDal: Lcom/ichi2/anki/CollectionHelper;--->getDefaultAnkiDroidDirectory()Ljava/lang/String;
05-28 22:59:11.892 30461 30461 D M_InsDal: Lcom/ichi2/anki/CollectionHelper;--->colIsOpen()Z
05-28 22:59:11.892 30461 30461 D M_InsDal: Lcom/ichi2/anki/AnkiActivity;--->getCol()Lcom/ichi2/libanki/Collection;
05-28 22:59:11.892 30461 30461 D M_InsDal: Lcom/ichi2/anki/CollectionHelper;--->getInstance()Lcom/ichi2/anki/CollectionHelper;
05-28 22:59:11.892 30461 30461 D M_InsDal: Lcom/ichi2/anki/CollectionHelper;--->getCol(Landroid/content/Context;)Lcom/ichi2/libanki/Collection;
05-28 22:59:11.892 30461 30461 D M_InsDal: Lcom/ichi2/anki/CollectionHelper;--->getCollectionPath(Landroid/content/Context;)Ljava/lang/String;
05-28 22:59:11.892 30461 30461 D M_InsDal: Lcom/ichi2/anki/CollectionHelper;--->getCurrentAnkiDroidDirectory(Landroid/content/Context;)Ljava/lang/String;
05-28 22:59:11.892 30461 30461 D M_InsDal: Lcom/ichi2/anki/CollectionHelper;--->getDefaultAnkiDroidDirectory()Ljava/lang/String;
05-28 22:59:11.892 30461 30461 D M_InsDal: Lcom/ichi2/anki/CollectionHelper;--->colIsOpen()Z
05-28 22:59:11.893 30461 30461 D M_InsDal: Lcom/ichi2/anki/AnkiDroidApp;--->getSharedPrefs(Landroid/content/Context;)Landroid/content/SharedPreferences;
05-28 22:59:11.893 30461 30461 D M_InsDal: Lcom/ichi2/anki/CardBrowser$5;---><init>(Lcom/ichi2/anki/CardBrowser;)V
05-28 22:59:11.893 30461 30461 D M_InsDal: Lcom/ichi2/anki/AnkiDroidApp;--->getSharedPrefs(Landroid/content/Context;)Landroid/content/SharedPreferences;
05-28 22:59:11.893 30461 30461 D M_InsDal: Lcom/ichi2/anki/CardBrowser$6;---><init>(Lcom/ichi2/anki/CardBrowser;)V
05-28 22:59:11.893 30461 30461 D M_InsDal: Lcom/ichi2/anki/CardBrowser$MultiColumnListAdapter;---><init>(Lcom/ichi2/anki/CardBrowser;Landroid/content/Context;I[Ljava/lang/String;[ILjava/lang/String;ILjava/lang/String;)V
05-28 22:59:11.893 30461 30461 D M_InsDal: Lcom/ichi2/anki/CardBrowser$MultiColumnListAdapter;--->getCount()I
05-28 22:59:11.893 30461 30461 D M_InsDal: Lcom/ichi2/anki/CardBrowser;--->getCards()Ljava/util/List;
05-28 22:59:11.893 30461 30461 D M_InsDal: Lcom/ichi2/anki/CardBrowser$MultiColumnListAdapter;--->getCount()I
05-28 22:59:11.893 30461 30461 D M_InsDal: Lcom/ichi2/anki/CardBrowser;--->getCards()Ljava/util/List;
05-28 22:59:11.893 30461 30461 D M_InsDal: Lcom/ichi2/anki/CardBrowser$RenderOnScroll;---><init>(Lcom/ichi2/anki/CardBrowser;)V
05-28 22:59:11.893 30461 30461 D M_InsDal: Lcom/ichi2/anki/CardBrowser$RenderOnScroll;--->onScroll(Landroid/widget/AbsListView;III)V
05-28 22:59:11.893 30461 30461 D M_InsDal: Lcom/ichi2/anki/CardBrowser;--->getCards()Ljava/util/List;
05-28 22:59:11.893 30461 30461 D M_InsDal: Lcom/ichi2/anki/CardBrowser$7;---><init>(Lcom/ichi2/anki/CardBrowser;)V
05-28 22:59:11.893 30461 30461 D M_InsDal: Lcom/ichi2/anki/CardBrowser$8;---><init>(Lcom/ichi2/anki/CardBrowser;)V
05-28 22:59:11.894 30461 30461 D M_InsDal: Lcom/ichi2/anki/CardBrowser;--->getDeckPositionFromDeckId(J)I
05-28 22:59:11.894 30461 30461 D M_InsDal: Lcom/ichi2/anki/CardBrowser;--->selectDropDownItem(I)V
05-28 22:59:11.894 30461 30461 D M_InsDal: Lcom/ichi2/anki/widgets/DeckDropDownAdapter;--->getItemId(I)J
05-28 22:59:11.894 30461 30461 D M_InsDal: Lcom/ichi2/anki/CardBrowser;--->searchCards()V
05-28 22:59:11.894 30461 30461 D M_InsDal: Lcom/ichi2/anki/AnkiActivity;--->colIsOpen()Z
05-28 22:59:11.894 30461 30461 D M_InsDal: Lcom/ichi2/anki/CollectionHelper;--->getInstance()Lcom/ichi2/anki/CollectionHelper;
05-28 22:59:11.894 30461 30461 D M_InsDal: Lcom/ichi2/anki/CollectionHelper;--->colIsOpen()Z
05-28 22:59:11.894 30461 30461 D M_InsDal: Lcom/ichi2/anki/CardBrowser;--->getCards()Ljava/util/List;
05-28 22:59:11.894 30461 30461 D M_InsDal: Lcom/ichi2/anki/CardBrowser$MultiColumnListAdapter;--->getCount()I
05-28 22:59:11.894 30461 30461 D M_InsDal: Lcom/ichi2/anki/CardBrowser;--->getCards()Ljava/util/List;
05-28 22:59:11.894 30461 30461 D M_InsDal: Lcom/ichi2/anki/CardBrowser$MultiColumnListAdapter;--->getCount()I
05-28 22:59:11.894 30461 30461 D M_InsDal: Lcom/ichi2/anki/CardBrowser;--->getCards()Ljava/util/List;
05-28 22:59:11.894 30461 30461 D M_InsDal: Lcom/ichi2/anki/CardBrowser$16;--->onPreExecute()V
05-28 22:59:11.894 30461 30461 D M_InsDal: Lcom/ichi2/anki/AnkiActivity;--->showProgressBar()V
05-28 22:59:11.896 30461 30488 D M_InsDal: Lcom/ichi2/anki/AnkiDroidApp;--->getInstance()Lcom/ichi2/anki/AnkiDroidApp;
05-28 22:59:11.896 30461 30488 D M_InsDal: Lcom/ichi2/anki/CollectionHelper;--->getInstance()Lcom/ichi2/anki/CollectionHelper;
05-28 22:59:11.896 30461 30488 D M_InsDal: Lcom/ichi2/anki/CollectionHelper;--->getColSafe(Landroid/content/Context;)Lcom/ichi2/libanki/Collection;
05-28 22:59:11.896 30461 30488 D M_InsDal: Lcom/ichi2/anki/CollectionHelper;--->getCol(Landroid/content/Context;)Lcom/ichi2/libanki/Collection;
05-28 22:59:11.896 30461 30488 D M_InsDal: Lcom/ichi2/anki/CollectionHelper;--->getCollectionPath(Landroid/content/Context;)Ljava/lang/String;
05-28 22:59:11.896 30461 30488 D M_InsDal: Lcom/ichi2/anki/CollectionHelper;--->getCurrentAnkiDroidDirectory(Landroid/content/Context;)Ljava/lang/String;
05-28 22:59:11.896 30461 30488 D M_InsDal: Lcom/ichi2/anki/CollectionHelper;--->getDefaultAnkiDroidDirectory()Ljava/lang/String;
05-28 22:59:11.896 30461 30461 D M_InsDal: Lcom/ichi2/anki/widgets/DeckDropDownAdapter;--->getCount()I
05-28 22:59:11.896 30461 30461 D M_InsDal: Lcom/ichi2/anki/widgets/DeckDropDownAdapter;--->getView(ILandroid/view/View;Landroid/view/ViewGroup;)Landroid/view/View;
05-28 22:59:11.897 30461 30488 D M_InsDal: Lcom/ichi2/anki/CollectionHelper;--->colIsOpen()Z
05-28 22:59:11.897 30461 30488 D M_InsDal: Lcom/ichi2/anki/CollectionHelper;--->getInstance()Lcom/ichi2/anki/CollectionHelper;
05-28 22:59:11.897 30461 30488 D M_InsDal: Lcom/ichi2/anki/CollectionHelper;--->getCol(Landroid/content/Context;)Lcom/ichi2/libanki/Collection;
05-28 22:59:11.897 30461 30488 D M_InsDal: Lcom/ichi2/anki/CollectionHelper;--->getCollectionPath(Landroid/content/Context;)Ljava/lang/String;
05-28 22:59:11.897 30461 30488 D M_InsDal: Lcom/ichi2/anki/CollectionHelper;--->getCurrentAnkiDroidDirectory(Landroid/content/Context;)Ljava/lang/String;
05-28 22:59:11.897 30461 30488 D M_InsDal: Lcom/ichi2/anki/CollectionHelper;--->getDefaultAnkiDroidDirectory()Ljava/lang/String;
05-28 22:59:11.897 30461 30461 D M_InsDal: Lcom/ichi2/anki/widgets/DeckDropDownAdapter$DeckDropDownViewHolder;---><init>()V
05-28 22:59:11.897 30461 30488 D M_InsDal: Lcom/ichi2/anki/CollectionHelper;--->colIsOpen()Z
05-28 22:59:11.897 30461 30461 D M_InsDal: Lcom/ichi2/anki/CardBrowser;--->getSubtitleText()Ljava/lang/String;
05-28 22:59:11.897 30461 30461 D M_InsDal: Lcom/ichi2/anki/CardBrowser;--->getCards()Ljava/util/List;
05-28 22:59:11.902 30461 30461 D M_InsDal: Lcom/ichi2/anki/CardBrowser$MultiColumnListAdapter;--->getCount()I
05-28 22:59:11.902 30461 30461 D M_InsDal: Lcom/ichi2/anki/CardBrowser;--->getCards()Ljava/util/List;
05-28 22:59:11.905 30461 30461 D M_InsDal: Lcom/ichi2/anki/widgets/DeckDropDownAdapter;--->getItemId(I)J
05-28 22:59:11.905 30461 30461 D M_InsDal: Lcom/ichi2/anki/widgets/DeckDropDownAdapter;--->getItemId(I)J
05-28 22:59:11.905 30461 30461 D M_InsDal: Lcom/ichi2/anki/CardBrowser$RenderOnScroll;--->onScroll(Landroid/widget/AbsListView;III)V
05-28 22:59:11.905 30461 30461 D M_InsDal: Lcom/ichi2/anki/CardBrowser;--->getCards()Ljava/util/List;
05-28 22:59:11.951 30461 30461 D M_InsDal: Lcom/ichi2/anki/CardBrowser$16;--->onProgressUpdate([Lcom/ichi2/async/DeckTask$TaskData;)V
05-28 22:59:11.951 30461 30461 D M_InsDal: Lcom/ichi2/anki/CardBrowser;--->updateList()V
05-28 22:59:11.951 30461 30461 D M_InsDal: Lcom/ichi2/anki/CardBrowser$MultiColumnListAdapter;--->getCount()I
05-28 22:59:11.951 30461 30461 D M_InsDal: Lcom/ichi2/anki/CardBrowser;--->getCards()Ljava/util/List;
05-28 22:59:11.951 30461 30461 D M_InsDal: Lcom/ichi2/anki/CardBrowser$MultiColumnListAdapter;--->getCount()I
05-28 22:59:11.951 30461 30461 D M_InsDal: Lcom/ichi2/anki/CardBrowser;--->getCards()Ljava/util/List;
05-28 22:59:11.951 30461 30461 D M_InsDal: Lcom/ichi2/anki/widgets/DeckDropDownAdapter;--->getCount()I
05-28 22:59:11.951 30461 30461 D M_InsDal: Lcom/ichi2/anki/widgets/DeckDropDownAdapter;--->getCount()I
05-28 22:59:11.951 30461 30461 D M_InsDal: Lcom/ichi2/anki/CardBrowser$16;--->onPostExecute(Lcom/ichi2/async/DeckTask$TaskData;)V
05-28 22:59:11.951 30461 30461 D M_InsDal: Lcom/ichi2/anki/AnkiDroidApp$ProductionCrashReportingTree;--->i(Ljava/lang/String;[Ljava/lang/Object;)V
05-28 22:59:11.951 30461 30461 D M_InsDal: Lcom/ichi2/anki/AnkiDroidApp$ProductionCrashReportingTree;--->formatString(Ljava/lang/String;[Ljava/lang/Object;)Ljava/lang/String;
05-28 22:59:11.951 30461 30461 D M_InsDal: Lcom/ichi2/anki/CardBrowser;--->updateList()V
05-28 22:59:11.951 30461 30461 D M_InsDal: Lcom/ichi2/anki/CardBrowser$MultiColumnListAdapter;--->getCount()I
05-28 22:59:11.951 30461 30461 D M_InsDal: Lcom/ichi2/anki/CardBrowser;--->getCards()Ljava/util/List;
05-28 22:59:11.951 30461 30461 D M_InsDal: Lcom/ichi2/anki/CardBrowser$MultiColumnListAdapter;--->getCount()I
05-28 22:59:11.951 30461 30461 D M_InsDal: Lcom/ichi2/anki/CardBrowser;--->getCards()Ljava/util/List;
05-28 22:59:11.951 30461 30461 D M_InsDal: Lcom/ichi2/anki/widgets/DeckDropDownAdapter;--->getCount()I
05-28 22:59:11.951 30461 30461 D M_InsDal: Lcom/ichi2/anki/widgets/DeckDropDownAdapter;--->getCount()I
05-28 22:59:11.951 30461 30461 D M_InsDal: Lcom/ichi2/anki/AnkiActivity;--->hideProgressBar()V
05-28 22:59:11.952 30461 30461 D M_InsDal: Lcom/ichi2/anki/CardBrowser$5;--->onItemSelected(Landroid/widget/AdapterView;Landroid/view/View;IJ)V
05-28 22:59:11.952 30461 30461 D M_InsDal: Lcom/ichi2/anki/CardBrowser$6;--->onItemSelected(Landroid/widget/AdapterView;Landroid/view/View;IJ)V
05-28 22:59:11.952 30461 30461 D M_InsDal: Lcom/ichi2/anki/widgets/DeckDropDownAdapter;--->getItemId(I)J
05-28 22:59:11.952 30461 30461 D M_InsDal: Lcom/ichi2/anki/widgets/DeckDropDownAdapter;--->getItemId(I)J
05-28 22:59:11.952 30461 30461 D M_InsDal: Lcom/ichi2/anki/widgets/DeckDropDownAdapter;--->getCount()I
05-28 22:59:11.952 30461 30461 D M_InsDal: Lcom/ichi2/anki/widgets/DeckDropDownAdapter;--->getView(ILandroid/view/View;Landroid/view/ViewGroup;)Landroid/view/View;
05-28 22:59:11.952 30461 30461 D M_InsDal: Lcom/ichi2/anki/widgets/DeckDropDownAdapter$DeckDropDownViewHolder;---><init>()V
05-28 22:59:11.952 30461 30461 D M_InsDal: Lcom/ichi2/anki/CardBrowser;--->getSubtitleText()Ljava/lang/String;
05-28 22:59:11.952 30461 30461 D M_InsDal: Lcom/ichi2/anki/CardBrowser;--->getCards()Ljava/util/List;
05-28 22:59:11.953 30461 30461 D M_InsDal: Lcom/ichi2/anki/CardBrowser$MultiColumnListAdapter;--->getCount()I
05-28 22:59:11.953 30461 30461 D M_InsDal: Lcom/ichi2/anki/CardBrowser;--->getCards()Ljava/util/List;
05-28 22:59:11.953 30461 30461 D M_InsDal: Lcom/ichi2/anki/widgets/DeckDropDownAdapter;--->getItemId(I)J
05-28 22:59:11.953 30461 30461 D M_InsDal: Lcom/ichi2/anki/widgets/DeckDropDownAdapter;--->getItemId(I)J
05-28 22:59:11.953 30461 30461 D M_InsDal: Lcom/ichi2/anki/CardBrowser$4;--->onItemSelected(Landroid/widget/AdapterView;Landroid/view/View;IJ)V
05-28 22:59:11.953 30461 30461 D M_InsDal: Lcom/ichi2/anki/CardBrowser;--->selectDropDownItem(I)V
05-28 22:59:11.953 30461 30461 D M_InsDal: Lcom/ichi2/anki/widgets/DeckDropDownAdapter;--->getItemId(I)J
05-28 22:59:11.953 30461 30461 D M_InsDal: Lcom/ichi2/anki/CardBrowser;--->searchCards()V
05-28 22:59:11.953 30461 30461 D M_InsDal: Lcom/ichi2/anki/AnkiActivity;--->colIsOpen()Z
05-28 22:59:11.953 30461 30461 D M_InsDal: Lcom/ichi2/anki/CollectionHelper;--->getInstance()Lcom/ichi2/anki/CollectionHelper;
05-28 22:59:11.953 30461 30461 D M_InsDal: Lcom/ichi2/anki/CollectionHelper;--->colIsOpen()Z
05-28 22:59:11.953 30461 30461 D M_InsDal: Lcom/ichi2/anki/CardBrowser;--->getCards()Ljava/util/List;
05-28 22:59:11.953 30461 30461 D M_InsDal: Lcom/ichi2/anki/CardBrowser$MultiColumnListAdapter;--->getCount()I
05-28 22:59:11.953 30461 30461 D M_InsDal: Lcom/ichi2/anki/CardBrowser;--->getCards()Ljava/util/List;
05-28 22:59:11.953 30461 30461 D M_InsDal: Lcom/ichi2/anki/CardBrowser$MultiColumnListAdapter;--->getCount()I
05-28 22:59:11.953 30461 30461 D M_InsDal: Lcom/ichi2/anki/CardBrowser;--->getCards()Ljava/util/List;
05-28 22:59:11.953 30461 30461 D M_InsDal: Lcom/ichi2/anki/CardBrowser$16;--->onPreExecute()V
05-28 22:59:11.953 30461 30461 D M_InsDal: Lcom/ichi2/anki/AnkiActivity;--->showProgressBar()V
05-28 22:59:11.953 30461 30461 D M_InsDal: Lcom/ichi2/anki/widgets/DeckDropDownAdapter;--->getItemId(I)J
05-28 22:59:11.953 30461 30461 D M_InsDal: Lcom/ichi2/anki/widgets/DeckDropDownAdapter;--->getView(ILandroid/view/View;Landroid/view/ViewGroup;)Landroid/view/View;
05-28 22:59:11.954 30461 30490 D M_InsDal: Lcom/ichi2/anki/AnkiDroidApp;--->getInstance()Lcom/ichi2/anki/AnkiDroidApp;
05-28 22:59:11.954 30461 30490 D M_InsDal: Lcom/ichi2/anki/CollectionHelper;--->getInstance()Lcom/ichi2/anki/CollectionHelper;
05-28 22:59:11.954 30461 30490 D M_InsDal: Lcom/ichi2/anki/CollectionHelper;--->getColSafe(Landroid/content/Context;)Lcom/ichi2/libanki/Collection;
05-28 22:59:11.954 30461 30490 D M_InsDal: Lcom/ichi2/anki/CollectionHelper;--->getCol(Landroid/content/Context;)Lcom/ichi2/libanki/Collection;
05-28 22:59:11.954 30461 30490 D M_InsDal: Lcom/ichi2/anki/CollectionHelper;--->getCollectionPath(Landroid/content/Context;)Ljava/lang/String;
05-28 22:59:11.954 30461 30490 D M_InsDal: Lcom/ichi2/anki/CollectionHelper;--->getCurrentAnkiDroidDirectory(Landroid/content/Context;)Ljava/lang/String;
05-28 22:59:11.954 30461 30490 D M_InsDal: Lcom/ichi2/anki/CollectionHelper;--->getDefaultAnkiDroidDirectory()Ljava/lang/String;
05-28 22:59:11.954 30461 30461 D M_InsDal: Lcom/ichi2/anki/widgets/DeckDropDownAdapter$DeckDropDownViewHolder;---><init>()V
05-28 22:59:11.954 30461 30461 D M_InsDal: Lcom/ichi2/anki/CardBrowser;--->getSubtitleText()Ljava/lang/String;
05-28 22:59:11.954 30461 30461 D M_InsDal: Lcom/ichi2/anki/CardBrowser;--->getCards()Ljava/util/List;
05-28 22:59:11.954 30461 30490 D M_InsDal: Lcom/ichi2/anki/CollectionHelper;--->colIsOpen()Z
05-28 22:59:11.954 30461 30490 D M_InsDal: Lcom/ichi2/anki/CollectionHelper;--->getInstance()Lcom/ichi2/anki/CollectionHelper;
05-28 22:59:11.954 30461 30490 D M_InsDal: Lcom/ichi2/anki/CollectionHelper;--->getCol(Landroid/content/Context;)Lcom/ichi2/libanki/Collection;
05-28 22:59:11.954 30461 30490 D M_InsDal: Lcom/ichi2/anki/CollectionHelper;--->getCollectionPath(Landroid/content/Context;)Ljava/lang/String;
05-28 22:59:11.954 30461 30490 D M_InsDal: Lcom/ichi2/anki/CollectionHelper;--->getCurrentAnkiDroidDirectory(Landroid/content/Context;)Ljava/lang/String;
05-28 22:59:11.954 30461 30461 D M_InsDal: Lcom/ichi2/anki/widgets/DeckDropDownAdapter;--->getItemId(I)J
05-28 22:59:11.954 30461 30490 D M_InsDal: Lcom/ichi2/anki/CollectionHelper;--->getDefaultAnkiDroidDirectory()Ljava/lang/String;
05-28 22:59:11.954 30461 30461 D M_InsDal: Lcom/ichi2/anki/CardBrowser$RenderOnScroll;--->onScroll(Landroid/widget/AbsListView;III)V
05-28 22:59:11.954 30461 30461 D M_InsDal: Lcom/ichi2/anki/CardBrowser;--->getCards()Ljava/util/List;
05-28 22:59:11.955 30461 30490 D M_InsDal: Lcom/ichi2/anki/CollectionHelper;--->colIsOpen()Z
05-28 22:59:11.991 30461 30461 D M_InsDal: Lcom/ichi2/anki/CardBrowser$16;--->onProgressUpdate([Lcom/ichi2/async/DeckTask$TaskData;)V
05-28 22:59:11.991 30461 30461 D M_InsDal: Lcom/ichi2/anki/CardBrowser;--->updateList()V
05-28 22:59:11.991 30461 30461 D M_InsDal: Lcom/ichi2/anki/CardBrowser$MultiColumnListAdapter;--->getCount()I
05-28 22:59:11.991 30461 30461 D M_InsDal: Lcom/ichi2/anki/CardBrowser;--->getCards()Ljava/util/List;
05-28 22:59:11.991 30461 30461 D M_InsDal: Lcom/ichi2/anki/CardBrowser$MultiColumnListAdapter;--->getCount()I
05-28 22:59:11.991 30461 30461 D M_InsDal: Lcom/ichi2/anki/CardBrowser;--->getCards()Ljava/util/List;
05-28 22:59:11.991 30461 30461 D M_InsDal: Lcom/ichi2/anki/widgets/DeckDropDownAdapter;--->getCount()I
05-28 22:59:11.991 30461 30461 D M_InsDal: Lcom/ichi2/anki/widgets/DeckDropDownAdapter;--->getCount()I
05-28 22:59:11.991 30461 30461 D M_InsDal: Lcom/ichi2/anki/CardBrowser$16;--->onPostExecute(Lcom/ichi2/async/DeckTask$TaskData;)V
05-28 22:59:11.991 30461 30461 D M_InsDal: Lcom/ichi2/anki/AnkiDroidApp$ProductionCrashReportingTree;--->i(Ljava/lang/String;[Ljava/lang/Object;)V
05-28 22:59:11.991 30461 30461 D M_InsDal: Lcom/ichi2/anki/AnkiDroidApp$ProductionCrashReportingTree;--->formatString(Ljava/lang/String;[Ljava/lang/Object;)Ljava/lang/String;
05-28 22:59:11.991 30461 30461 D M_InsDal: Lcom/ichi2/anki/CardBrowser;--->updateList()V
05-28 22:59:11.991 30461 30461 D M_InsDal: Lcom/ichi2/anki/CardBrowser$MultiColumnListAdapter;--->getCount()I
05-28 22:59:11.991 30461 30461 D M_InsDal: Lcom/ichi2/anki/CardBrowser;--->getCards()Ljava/util/List;
05-28 22:59:11.991 30461 30461 D M_InsDal: Lcom/ichi2/anki/CardBrowser$MultiColumnListAdapter;--->getCount()I
05-28 22:59:11.991 30461 30461 D M_InsDal: Lcom/ichi2/anki/CardBrowser;--->getCards()Ljava/util/List;
05-28 22:59:11.991 30461 30461 D M_InsDal: Lcom/ichi2/anki/widgets/DeckDropDownAdapter;--->getCount()I
05-28 22:59:11.991 30461 30461 D M_InsDal: Lcom/ichi2/anki/widgets/DeckDropDownAdapter;--->getCount()I
05-28 22:59:11.991 30461 30461 D M_InsDal: Lcom/ichi2/anki/AnkiActivity;--->hideProgressBar()V
05-28 22:59:11.997 30461 30461 D M_InsDal: Lcom/ichi2/anki/widgets/DeckDropDownAdapter;--->getItemId(I)J
05-28 22:59:11.997 30461 30461 D M_InsDal: Lcom/ichi2/anki/widgets/DeckDropDownAdapter;--->getItemId(I)J
05-28 22:59:11.997 30461 30461 D M_InsDal: Lcom/ichi2/anki/widgets/DeckDropDownAdapter;--->getCount()I
05-28 22:59:11.997 30461 30461 D M_InsDal: Lcom/ichi2/anki/widgets/DeckDropDownAdapter;--->getView(ILandroid/view/View;Landroid/view/ViewGroup;)Landroid/view/View;
05-28 22:59:11.998 30461 30461 D M_InsDal: Lcom/ichi2/anki/widgets/DeckDropDownAdapter$DeckDropDownViewHolder;---><init>()V
05-28 22:59:11.998 30461 30461 D M_InsDal: Lcom/ichi2/anki/CardBrowser;--->getSubtitleText()Ljava/lang/String;
05-28 22:59:11.998 30461 30461 D M_InsDal: Lcom/ichi2/anki/CardBrowser;--->getCards()Ljava/util/List;
05-28 22:59:11.999 30461 30461 D M_InsDal: Lcom/ichi2/anki/CardBrowser$MultiColumnListAdapter;--->getCount()I
05-28 22:59:11.999 30461 30461 D M_InsDal: Lcom/ichi2/anki/CardBrowser;--->getCards()Ljava/util/List;
05-28 22:59:11.999 30461 30461 D M_InsDal: Lcom/ichi2/anki/widgets/DeckDropDownAdapter;--->getItemId(I)J
05-28 22:59:11.999 30461 30461 D M_InsDal: Lcom/ichi2/anki/widgets/DeckDropDownAdapter;--->getItemId(I)J
05-28 22:59:11.999 30461 30461 D M_InsDal: Lcom/ichi2/anki/widgets/DeckDropDownAdapter;--->getView(ILandroid/view/View;Landroid/view/ViewGroup;)Landroid/view/View;
05-28 22:59:12.000 30461 30461 D M_InsDal: Lcom/ichi2/anki/widgets/DeckDropDownAdapter$DeckDropDownViewHolder;---><init>()V
05-28 22:59:12.000 30461 30461 D M_InsDal: Lcom/ichi2/anki/CardBrowser;--->getSubtitleText()Ljava/lang/String;
05-28 22:59:12.000 30461 30461 D M_InsDal: Lcom/ichi2/anki/CardBrowser;--->getCards()Ljava/util/List;
05-28 22:59:12.001 30461 30461 D M_InsDal: Lcom/ichi2/anki/widgets/DeckDropDownAdapter;--->getItemId(I)J
05-28 22:59:12.001 30461 30461 D M_InsDal: Lcom/ichi2/anki/CardBrowser$RenderOnScroll;--->onScroll(Landroid/widget/AbsListView;III)V
05-28 22:59:12.001 30461 30461 D M_InsDal: Lcom/ichi2/anki/CardBrowser;--->getCards()Ljava/util/List;
