--------- beginning of main
--------- beginning of system
05-28 23:09:51.841  1961  1961 D M_InsDal: Lcom/ichi2/anki/AnkiDroidApp;---><clinit>()V
05-28 23:09:51.841  1961  1961 D M_InsDal: Lcom/ichi2/anki/AnkiDroidApp;---><init>()V
05-28 23:09:51.841  1961  1961 D M_InsDal: Lcom/ichi2/anki/provider/CardContentProvider;---><clinit>()V
05-28 23:09:51.841  1961  1961 D M_InsDal: Lcom/ichi2/anki/FlashCardsContract$Note;---><clinit>()V
05-28 23:09:51.841  1961  1961 D M_InsDal: Lcom/ichi2/anki/FlashCardsContract;---><clinit>()V
05-28 23:09:51.841  1961  1961 D M_InsDal: Lcom/ichi2/anki/provider/CardContentProvider;---><init>()V
05-28 23:09:51.841  1961  1961 D M_InsDal: Lcom/ichi2/anki/provider/CardContentProvider;--->onCreate()Z
05-28 23:09:51.843  1961  1961 D M_InsDal: Lcom/ichi2/anki/AnkiDroidApp;--->onCreate()V
05-28 23:09:51.843  1961  1961 D M_InsDal: Lcom/ichi2/anki/AnkiDroidApp;--->getSharedPrefs(Landroid/content/Context;)Landroid/content/SharedPreferences;
05-28 23:09:51.848  1961  1961 D M_InsDal: Lcom/ichi2/anki/AnkiDroidApp$ProductionCrashReportingTree;---><clinit>()V
05-28 23:09:51.848  1961  1961 D M_InsDal: Lcom/ichi2/anki/AnkiDroidApp$ProductionCrashReportingTree;---><init>()V
05-28 23:09:51.848  1961  1961 D M_InsDal: Lcom/ichi2/anki/AnkiDroidApp;--->setAcraReportingMode(Ljava/lang/String;)V
05-28 23:09:51.848  1961  1961 D M_InsDal: Lcom/ichi2/anki/AnkiDroidApp;--->setLanguage(Ljava/lang/String;)V
05-28 23:09:51.848  1961  1961 D M_InsDal: Lcom/ichi2/anki/AnkiDroidApp;--->getInstance()Lcom/ichi2/anki/AnkiDroidApp;
05-28 23:09:51.848  1961  1961 D M_InsDal: Lcom/ichi2/anki/AnkiDroidApp;--->getInstance()Lcom/ichi2/anki/AnkiDroidApp;
05-28 23:09:51.848  1961  1961 D M_InsDal: Lcom/ichi2/anki/AnkiDroidApp;--->getSharedPrefs(Landroid/content/Context;)Landroid/content/SharedPreferences;
05-28 23:09:51.848  1961  1961 D M_InsDal: Lcom/ichi2/anki/AnkiDroidApp;--->getInstance()Lcom/ichi2/anki/AnkiDroidApp;
05-28 23:09:51.848  1961  1961 D M_InsDal: Lcom/ichi2/anki/AnkiDroidApp;--->getInstance()Lcom/ichi2/anki/AnkiDroidApp;
05-28 23:09:51.872  1961  1961 D M_InsDal: Lcom/ichi2/anki/CollectionHelper;--->hasStorageAccessPermission(Landroid/content/Context;)Z
05-28 23:09:51.872  1961  1961 D M_InsDal: Lcom/ichi2/anki/CollectionHelper;--->getCurrentAnkiDroidDirectory(Landroid/content/Context;)Ljava/lang/String;
05-28 23:09:51.872  1961  1961 D M_InsDal: Lcom/ichi2/anki/CollectionHelper;--->getDefaultAnkiDroidDirectory()Ljava/lang/String;
05-28 23:09:51.872  1961  1961 D M_InsDal: Lcom/ichi2/anki/CollectionHelper;--->initializeAnkiDroidDirectory(Ljava/lang/String;)V
05-28 23:09:51.875  1961  1961 D M_InsDal: Lcom/ichi2/anki/AbstractFlashcardViewer;---><clinit>()V
05-28 23:09:51.875  1961  1961 D M_InsDal: Lcom/ichi2/anki/Reviewer;---><init>()V
05-28 23:09:51.875  1961  1961 D M_InsDal: Lcom/ichi2/anki/AbstractFlashcardViewer;---><init>()V
05-28 23:09:51.875  1961  1961 D M_InsDal: Lcom/ichi2/anki/NavigationDrawerActivity;---><init>()V
05-28 23:09:51.875  1961  1961 D M_InsDal: Lcom/ichi2/anki/AnkiActivity;---><init>()V
05-28 23:09:51.875  1961  1961 D M_InsDal: Lcom/ichi2/anki/dialogs/DialogHandler;---><init>(Lcom/ichi2/anki/AnkiActivity;)V
05-28 23:09:51.875  1961  1961 D M_InsDal: Lcom/ichi2/anki/AbstractFlashcardViewer$1;---><init>(Lcom/ichi2/anki/AbstractFlashcardViewer;)V
05-28 23:09:51.876  1961  1961 D M_InsDal: Lcom/ichi2/anki/AbstractFlashcardViewer$2;---><init>(Lcom/ichi2/anki/AbstractFlashcardViewer;)V
05-28 23:09:51.876  1961  1961 D M_InsDal: Lcom/ichi2/anki/AbstractFlashcardViewer$3;---><init>(Lcom/ichi2/anki/AbstractFlashcardViewer;)V
05-28 23:09:51.876  1961  1961 D M_InsDal: Lcom/ichi2/anki/AbstractFlashcardViewer$4;---><init>(Lcom/ichi2/anki/AbstractFlashcardViewer;)V
05-28 23:09:51.876  1961  1961 D M_InsDal: Lcom/ichi2/anki/AbstractFlashcardViewer$5;---><init>(Lcom/ichi2/anki/AbstractFlashcardViewer;)V
05-28 23:09:51.876  1961  1961 D M_InsDal: Lcom/ichi2/anki/AbstractFlashcardViewer$6;---><init>(Lcom/ichi2/anki/AbstractFlashcardViewer;)V
05-28 23:09:51.876  1961  1961 D M_InsDal: Lcom/ichi2/anki/AbstractFlashcardViewer$7;---><init>(Lcom/ichi2/anki/AbstractFlashcardViewer;)V
05-28 23:09:51.876  1961  1961 D M_InsDal: Lcom/ichi2/anki/AbstractFlashcardViewer$8;---><init>(Lcom/ichi2/anki/AbstractFlashcardViewer;)V
05-28 23:09:51.876  1961  1961 D M_InsDal: Lcom/ichi2/anki/AbstractFlashcardViewer$9;---><init>(Lcom/ichi2/anki/AbstractFlashcardViewer;)V
05-28 23:09:51.876  1961  1961 D M_InsDal: Lcom/ichi2/anki/AbstractFlashcardViewer$10;---><init>(Lcom/ichi2/anki/AbstractFlashcardViewer;)V
05-28 23:09:51.876  1961  1961 D M_InsDal: Lcom/ichi2/anki/AbstractFlashcardViewer$11;---><init>(Lcom/ichi2/anki/AbstractFlashcardViewer;)V
05-28 23:09:51.876  1961  1961 D M_InsDal: Lcom/ichi2/anki/AbstractFlashcardViewer$18;---><init>(Lcom/ichi2/anki/AbstractFlashcardViewer;)V
05-28 23:09:51.876  1961  1961 D M_InsDal: Lcom/ichi2/anki/AbstractFlashcardViewer$19;---><init>(Lcom/ichi2/anki/AbstractFlashcardViewer;)V
05-28 23:09:51.876  1961  1961 D M_InsDal: Lcom/ichi2/anki/AbstractFlashcardViewer$21;---><init>(Lcom/ichi2/anki/AbstractFlashcardViewer;)V
05-28 23:09:51.877  1961  1961 D M_InsDal: Lcom/ichi2/anki/Reviewer;--->onCreate(Landroid/os/Bundle;)V
05-28 23:09:51.877  1961  1961 D M_InsDal: Lcom/ichi2/anki/Reviewer;--->selectDeckFromExtra()V
05-28 23:09:51.877  1961  1961 D M_InsDal: Lcom/ichi2/anki/AbstractFlashcardViewer;--->onCreate(Landroid/os/Bundle;)V
05-28 23:09:51.877  1961  1961 D M_InsDal: Lcom/ichi2/anki/reviewer/ReviewerExtRegistry;---><init>(Landroid/content/Context;)V
05-28 23:09:51.877  1961  1961 D M_InsDal: Lcom/ichi2/anki/reviewer/CustomFontsReviewerExt;---><init>(Landroid/content/Context;)V
05-28 23:09:51.877  1961  1961 D M_InsDal: Lcom/ichi2/anki/reviewer/CustomFontsReviewerExt;--->getCustomFontsMap(Landroid/content/Context;)Ljava/util/Map;
05-28 23:09:51.877  1961  1961 D M_InsDal: Lcom/ichi2/anki/CollectionHelper;--->getCurrentAnkiDroidDirectory(Landroid/content/Context;)Ljava/lang/String;
05-28 23:09:51.877  1961  1961 D M_InsDal: Lcom/ichi2/anki/CollectionHelper;--->getDefaultAnkiDroidDirectory()Ljava/lang/String;
05-28 23:09:51.878  1961  1961 D M_InsDal: Lcom/ichi2/anki/AnkiFont;---><clinit>()V
05-28 23:09:51.878  1961  1961 D M_InsDal: Lcom/ichi2/anki/AnkiFont;--->createAnkiFont(Landroid/content/Context;Ljava/lang/String;Z)Lcom/ichi2/anki/AnkiFont;
05-28 23:09:51.878  1961  1961 D M_InsDal: Lcom/ichi2/anki/AnkiFont;--->getTypeface(Landroid/content/Context;Ljava/lang/String;)Landroid/graphics/Typeface;
05-28 23:09:51.880  1961  1961 D M_InsDal: Lcom/ichi2/anki/AnkiFont;---><init>(Ljava/lang/String;Ljava/lang/String;Ljava/util/List;Ljava/lang/String;)V
05-28 23:09:51.880  1961  1961 D M_InsDal: Lcom/ichi2/anki/AnkiDroidApp;--->getSharedPrefs(Landroid/content/Context;)Landroid/content/SharedPreferences;
05-28 23:09:51.880  1961  1961 D M_InsDal: Lcom/ichi2/anki/AnkiFont;--->createAnkiFont(Landroid/content/Context;Ljava/lang/String;Z)Lcom/ichi2/anki/AnkiFont;
05-28 23:09:51.880  1961  1961 D M_InsDal: Lcom/ichi2/anki/AnkiFont;--->getTypeface(Landroid/content/Context;Ljava/lang/String;)Landroid/graphics/Typeface;
05-28 23:09:51.881  1961  1961 D M_InsDal: Lcom/ichi2/anki/AnkiFont;---><init>(Ljava/lang/String;Ljava/lang/String;Ljava/util/List;Ljava/lang/String;)V
05-28 23:09:51.881  1961  1961 D M_InsDal: Lcom/ichi2/anki/AnkiDroidApp;--->getSharedPrefs(Landroid/content/Context;)Landroid/content/SharedPreferences;
05-28 23:09:51.881  1961  1961 D M_InsDal: Lcom/ichi2/anki/AnkiFont;--->createAnkiFont(Landroid/content/Context;Ljava/lang/String;Z)Lcom/ichi2/anki/AnkiFont;
05-28 23:09:51.881  1961  1961 D M_InsDal: Lcom/ichi2/anki/AnkiFont;--->getTypeface(Landroid/content/Context;Ljava/lang/String;)Landroid/graphics/Typeface;
05-28 23:09:51.882  1961  1961 D M_InsDal: Lcom/ichi2/anki/AnkiFont;---><init>(Ljava/lang/String;Ljava/lang/String;Ljava/util/List;Ljava/lang/String;)V
05-28 23:09:51.882  1961  1961 D M_InsDal: Lcom/ichi2/anki/AnkiDroidApp;--->getSharedPrefs(Landroid/content/Context;)Landroid/content/SharedPreferences;
05-28 23:09:51.882  1961  1961 D M_InsDal: Lcom/ichi2/anki/AnkiFont;--->createAnkiFont(Landroid/content/Context;Ljava/lang/String;Z)Lcom/ichi2/anki/AnkiFont;
05-28 23:09:51.882  1961  1961 D M_InsDal: Lcom/ichi2/anki/AnkiFont;--->getTypeface(Landroid/content/Context;Ljava/lang/String;)Landroid/graphics/Typeface;
05-28 23:09:51.883  1961  1961 D M_InsDal: Lcom/ichi2/anki/AnkiFont;---><init>(Ljava/lang/String;Ljava/lang/String;Ljava/util/List;Ljava/lang/String;)V
05-28 23:09:51.883  1961  1961 D M_InsDal: Lcom/ichi2/anki/AnkiDroidApp;--->getSharedPrefs(Landroid/content/Context;)Landroid/content/SharedPreferences;
05-28 23:09:51.883  1961  1961 D M_InsDal: Lcom/ichi2/anki/AnkiFont;--->createAnkiFont(Landroid/content/Context;Ljava/lang/String;Z)Lcom/ichi2/anki/AnkiFont;
05-28 23:09:51.883  1961  1961 D M_InsDal: Lcom/ichi2/anki/AnkiFont;--->getTypeface(Landroid/content/Context;Ljava/lang/String;)Landroid/graphics/Typeface;
05-28 23:09:51.885  1961  1961 D M_InsDal: Lcom/ichi2/anki/AnkiFont;---><init>(Ljava/lang/String;Ljava/lang/String;Ljava/util/List;Ljava/lang/String;)V
05-28 23:09:51.885  1961  1961 D M_InsDal: Lcom/ichi2/anki/AnkiDroidApp;--->getSharedPrefs(Landroid/content/Context;)Landroid/content/SharedPreferences;
05-28 23:09:51.885  1961  1961 D M_InsDal: Lcom/ichi2/anki/AnkiFont;--->createAnkiFont(Landroid/content/Context;Ljava/lang/String;Z)Lcom/ichi2/anki/AnkiFont;
05-28 23:09:51.885  1961  1961 D M_InsDal: Lcom/ichi2/anki/AnkiFont;--->getTypeface(Landroid/content/Context;Ljava/lang/String;)Landroid/graphics/Typeface;
05-28 23:09:51.886  1961  1961 D M_InsDal: Lcom/ichi2/anki/AnkiFont;---><init>(Ljava/lang/String;Ljava/lang/String;Ljava/util/List;Ljava/lang/String;)V
05-28 23:09:51.886  1961  1961 D M_InsDal: Lcom/ichi2/anki/AnkiDroidApp;--->getSharedPrefs(Landroid/content/Context;)Landroid/content/SharedPreferences;
05-28 23:09:51.886  1961  1961 D M_InsDal: Lcom/ichi2/anki/AnkiFont;--->createAnkiFont(Landroid/content/Context;Ljava/lang/String;Z)Lcom/ichi2/anki/AnkiFont;
05-28 23:09:51.886  1961  1961 D M_InsDal: Lcom/ichi2/anki/AnkiFont;--->getTypeface(Landroid/content/Context;Ljava/lang/String;)Landroid/graphics/Typeface;
05-28 23:09:51.888  1961  1961 D M_InsDal: Lcom/ichi2/anki/AnkiFont;---><init>(Ljava/lang/String;Ljava/lang/String;Ljava/util/List;Ljava/lang/String;)V
05-28 23:09:51.888  1961  1961 D M_InsDal: Lcom/ichi2/anki/AnkiDroidApp;--->getSharedPrefs(Landroid/content/Context;)Landroid/content/SharedPreferences;
05-28 23:09:51.888  1961  1961 D M_InsDal: Lcom/ichi2/anki/AnkiFont;--->getName()Ljava/lang/String;
05-28 23:09:51.888  1961  1961 D M_InsDal: Lcom/ichi2/anki/AnkiFont;--->getName()Ljava/lang/String;
05-28 23:09:51.888  1961  1961 D M_InsDal: Lcom/ichi2/anki/reviewer/CustomFontsReviewerExt;--->getCustomFontsStyle(Ljava/util/Map;)Ljava/lang/String;
05-28 23:09:51.888  1961  1961 D M_InsDal: Lcom/ichi2/anki/AnkiFont;--->getDeclaration()Ljava/lang/String;
05-28 23:09:51.888  1961  1961 D M_InsDal: Lcom/ichi2/anki/AnkiFont;--->getCSS(Z)Ljava/lang/String;
05-28 23:09:51.888  1961  1961 D M_InsDal: Lcom/ichi2/anki/AnkiFont;--->getDeclaration()Ljava/lang/String;
05-28 23:09:51.888  1961  1961 D M_InsDal: Lcom/ichi2/anki/AnkiFont;--->getCSS(Z)Ljava/lang/String;
05-28 23:09:51.888  1961  1961 D M_InsDal: Lcom/ichi2/anki/AnkiFont;--->getDeclaration()Ljava/lang/String;
05-28 23:09:51.888  1961  1961 D M_InsDal: Lcom/ichi2/anki/AnkiFont;--->getCSS(Z)Ljava/lang/String;
05-28 23:09:51.888  1961  1961 D M_InsDal: Lcom/ichi2/anki/AnkiFont;--->getDeclaration()Ljava/lang/String;
05-28 23:09:51.888  1961  1961 D M_InsDal: Lcom/ichi2/anki/AnkiFont;--->getCSS(Z)Ljava/lang/String;
05-28 23:09:51.888  1961  1961 D M_InsDal: Lcom/ichi2/anki/AnkiFont;--->getDeclaration()Ljava/lang/String;
05-28 23:09:51.888  1961  1961 D M_InsDal: Lcom/ichi2/anki/AnkiFont;--->getCSS(Z)Ljava/lang/String;
05-28 23:09:51.888  1961  1961 D M_InsDal: Lcom/ichi2/anki/AnkiFont;--->getDeclaration()Ljava/lang/String;
05-28 23:09:51.888  1961  1961 D M_InsDal: Lcom/ichi2/anki/AnkiFont;--->getCSS(Z)Ljava/lang/String;
05-28 23:09:51.888  1961  1961 D M_InsDal: Lcom/ichi2/anki/AnkiFont;--->getDeclaration()Ljava/lang/String;
05-28 23:09:51.888  1961  1961 D M_InsDal: Lcom/ichi2/anki/AnkiFont;--->getCSS(Z)Ljava/lang/String;
05-28 23:09:51.888  1961  1961 D M_InsDal: Lcom/ichi2/anki/reviewer/CustomFontsReviewerExt;--->getDominantFontStyle(Landroid/content/Context;Ljava/util/Map;)Ljava/lang/String;
05-28 23:09:51.888  1961  1961 D M_InsDal: Lcom/ichi2/anki/reviewer/CustomFontsReviewerExt;--->getOverrideFontStyle(Landroid/content/Context;Ljava/util/Map;)Ljava/lang/String;
05-28 23:09:51.888  1961  1961 D M_InsDal: Lcom/ichi2/anki/AnkiDroidApp;--->getSharedPrefs(Landroid/content/Context;)Landroid/content/SharedPreferences;
05-28 23:09:51.888  1961  1961 D M_InsDal: Lcom/ichi2/anki/reviewer/CustomFontsReviewerExt;--->getDefaultFontStyle(Landroid/content/Context;Ljava/util/Map;)Ljava/lang/String;
05-28 23:09:51.888  1961  1961 D M_InsDal: Lcom/ichi2/anki/AnkiDroidApp;--->getSharedPrefs(Landroid/content/Context;)Landroid/content/SharedPreferences;
05-28 23:09:51.888  1961  1961 D M_InsDal: Lcom/ichi2/anki/reviewer/CustomFontsReviewerExt;--->getThemeFontStyle()Ljava/lang/String;
05-28 23:09:51.888  1961  1961 D M_InsDal: Lcom/ichi2/anki/AbstractFlashcardViewer;--->restorePreferences()Landroid/content/SharedPreferences;
05-28 23:09:51.888  1961  1961 D M_InsDal: Lcom/ichi2/anki/AnkiDroidApp;--->getSharedPrefs(Landroid/content/Context;)Landroid/content/SharedPreferences;
05-28 23:09:51.888  1961  1961 D M_InsDal: Lcom/ichi2/anki/AnkiDroidApp;--->initiateGestures(Landroid/content/SharedPreferences;)Z
05-28 23:09:51.888  1961  1961 D M_InsDal: Lcom/ichi2/anki/AnkiActivity;--->getCol()Lcom/ichi2/libanki/Collection;
05-28 23:09:51.888  1961  1961 D M_InsDal: Lcom/ichi2/anki/CollectionHelper;--->getInstance()Lcom/ichi2/anki/CollectionHelper;
05-28 23:09:51.888  1961  1961 D M_InsDal: Lcom/ichi2/anki/CollectionHelper$LazyHolder;---><clinit>()V
05-28 23:09:51.888  1961  1961 D M_InsDal: Lcom/ichi2/anki/CollectionHelper;---><init>()V
05-28 23:09:51.888  1961  1961 D M_InsDal: Lcom/ichi2/anki/CollectionHelper;--->getCol(Landroid/content/Context;)Lcom/ichi2/libanki/Collection;
05-28 23:09:51.888  1961  1961 D M_InsDal: Lcom/ichi2/anki/CollectionHelper;--->getCollectionPath(Landroid/content/Context;)Ljava/lang/String;
05-28 23:09:51.888  1961  1961 D M_InsDal: Lcom/ichi2/anki/CollectionHelper;--->getCurrentAnkiDroidDirectory(Landroid/content/Context;)Ljava/lang/String;
05-28 23:09:51.888  1961  1961 D M_InsDal: Lcom/ichi2/anki/CollectionHelper;--->getDefaultAnkiDroidDirectory()Ljava/lang/String;
05-28 23:09:51.889  1961  1961 D M_InsDal: Lcom/ichi2/anki/CollectionHelper;--->colIsOpen()Z
05-28 23:09:51.889  1961  1961 D M_InsDal: Lcom/ichi2/anki/CollectionHelper;--->getParentDirectory(Ljava/lang/String;)Ljava/lang/String;
05-28 23:09:51.889  1961  1961 D M_InsDal: Lcom/ichi2/anki/CollectionHelper;--->initializeAnkiDroidDirectory(Ljava/lang/String;)V
05-28 23:09:51.889  1961  1961 D M_InsDal: Lcom/ichi2/anki/AnkiDroidApp$ProductionCrashReportingTree;--->i(Ljava/lang/String;[Ljava/lang/Object;)V
05-28 23:09:51.889  1961  1961 D M_InsDal: Lcom/ichi2/anki/AnkiDroidApp$ProductionCrashReportingTree;--->formatString(Ljava/lang/String;[Ljava/lang/Object;)Ljava/lang/String;
05-28 23:09:51.892  1961  1961 D M_InsDal: Lcom/ichi2/anki/AnkiDroidApp;--->getInstance()Lcom/ichi2/anki/AnkiDroidApp;
05-28 23:09:51.895  1961  1961 D M_InsDal: Lcom/ichi2/anki/AnkiActivity;--->getCol()Lcom/ichi2/libanki/Collection;
05-28 23:09:51.895  1961  1961 D M_InsDal: Lcom/ichi2/anki/CollectionHelper;--->getInstance()Lcom/ichi2/anki/CollectionHelper;
05-28 23:09:51.895  1961  1961 D M_InsDal: Lcom/ichi2/anki/CollectionHelper;--->getCol(Landroid/content/Context;)Lcom/ichi2/libanki/Collection;
05-28 23:09:51.895  1961  1961 D M_InsDal: Lcom/ichi2/anki/CollectionHelper;--->getCollectionPath(Landroid/content/Context;)Ljava/lang/String;
05-28 23:09:51.895  1961  1961 D M_InsDal: Lcom/ichi2/anki/CollectionHelper;--->getCurrentAnkiDroidDirectory(Landroid/content/Context;)Ljava/lang/String;
05-28 23:09:51.895  1961  1961 D M_InsDal: Lcom/ichi2/anki/CollectionHelper;--->getDefaultAnkiDroidDirectory()Ljava/lang/String;
05-28 23:09:51.895  1961  1961 D M_InsDal: Lcom/ichi2/anki/CollectionHelper;--->colIsOpen()Z
05-28 23:09:51.895  1961  1961 D M_InsDal: Lcom/ichi2/anki/Reviewer;--->restorePreferences()Landroid/content/SharedPreferences;
05-28 23:09:51.895  1961  1961 D M_InsDal: Lcom/ichi2/anki/AnkiDroidApp;--->getSharedPrefs(Landroid/content/Context;)Landroid/content/SharedPreferences;
05-28 23:09:51.895  1961  1961 D M_InsDal: Lcom/ichi2/anki/AnkiActivity;--->onCreate(Landroid/os/Bundle;)V
05-28 23:09:51.895  1961  1961 D M_InsDal: Lcom/ichi2/anki/AnkiDroidApp;--->getSharedPrefs(Landroid/content/Context;)Landroid/content/SharedPreferences;
05-28 23:09:51.899  1961  1961 D M_InsDal: Lcom/ichi2/anki/Reviewer;--->getContentViewAttr(I)I
05-28 23:09:51.937  1961  1961 D M_InsDal: Lcom/ichi2/anki/NavigationDrawerActivity;--->initNavigationDrawer(Landroid/view/View;)V
05-28 23:09:51.939  1961  1961 D M_InsDal: Lcom/ichi2/anki/NavigationDrawerActivity$1;---><init>(Lcom/ichi2/anki/NavigationDrawerActivity;)V
05-28 23:09:51.939  1961  1961 D M_InsDal: Lcom/ichi2/anki/AnkiDroidApp;--->getSharedPrefs(Landroid/content/Context;)Landroid/content/SharedPreferences;
05-28 23:09:51.939  1961  1961 D M_InsDal: Lcom/ichi2/anki/NavigationDrawerActivity$2;---><init>(Lcom/ichi2/anki/NavigationDrawerActivity;Landroid/content/SharedPreferences;)V
05-28 23:09:51.939  1961  1961 D M_InsDal: Lcom/ichi2/anki/NavigationDrawerActivity$3;---><init>(Lcom/ichi2/anki/NavigationDrawerActivity;Landroid/app/Activity;Landroid/support/v4/widget/DrawerLayout;II)V
05-28 23:09:51.940  1961  1961 D M_InsDal: Lcom/ichi2/anki/AnkiActivity;--->startLoadingCollection()V
05-28 23:09:51.940  1961  1961 D M_InsDal: Lcom/ichi2/anki/AnkiActivity;--->colIsOpen()Z
05-28 23:09:51.940  1961  1961 D M_InsDal: Lcom/ichi2/anki/CollectionHelper;--->getInstance()Lcom/ichi2/anki/CollectionHelper;
05-28 23:09:51.940  1961  1961 D M_InsDal: Lcom/ichi2/anki/CollectionHelper;--->colIsOpen()Z
05-28 23:09:51.940  1961  1961 D M_InsDal: Lcom/ichi2/anki/AnkiActivity;--->onCreateLoader(ILandroid/os/Bundle;)Landroid/support/v4/content/Loader;
05-28 23:09:51.958  1961  1961 D M_InsDal: Lcom/ichi2/anki/CollectionHelper;--->getInstance()Lcom/ichi2/anki/CollectionHelper;
05-28 23:09:51.958  1961  1961 D M_InsDal: Lcom/ichi2/anki/CollectionHelper;--->isCollectionLocked()Z
05-28 23:09:51.958  1961  1961 D M_InsDal: Lcom/ichi2/anki/AnkiActivity;--->onStart()V
05-28 23:09:51.958  1961  1989 D M_InsDal: Lcom/ichi2/anki/CollectionHelper;--->getInstance()Lcom/ichi2/anki/CollectionHelper;
05-28 23:09:51.958  1961  1989 D M_InsDal: Lcom/ichi2/anki/CollectionHelper;--->getCol(Landroid/content/Context;)Lcom/ichi2/libanki/Collection;
05-28 23:09:51.958  1961  1989 D M_InsDal: Lcom/ichi2/anki/CollectionHelper;--->getCollectionPath(Landroid/content/Context;)Ljava/lang/String;
05-28 23:09:51.958  1961  1989 D M_InsDal: Lcom/ichi2/anki/CollectionHelper;--->getCurrentAnkiDroidDirectory(Landroid/content/Context;)Ljava/lang/String;
05-28 23:09:51.958  1961  1989 D M_InsDal: Lcom/ichi2/anki/CollectionHelper;--->getDefaultAnkiDroidDirectory()Ljava/lang/String;
05-28 23:09:51.959  1961  1989 D M_InsDal: Lcom/ichi2/anki/CollectionHelper;--->colIsOpen()Z
05-28 23:09:51.959  1961  1961 D M_InsDal: Lcom/ichi2/anki/NavigationDrawerActivity;--->onPostCreate(Landroid/os/Bundle;)V
05-28 23:09:51.960  1961  1961 D M_InsDal: Lcom/ichi2/anki/AnkiActivity;--->onResume()V
05-28 23:09:51.960  1961  1961 D M_InsDal: Lcom/ichi2/anki/dialogs/DialogHandler;--->readMessage()V
05-28 23:09:51.960  1961  1961 D M_InsDal: Lcom/ichi2/anki/AbstractFlashcardViewer;--->onResume()V
05-28 23:09:51.960  1961  1961 D M_InsDal: Lcom/ichi2/anki/AbstractFlashcardViewer;--->resumeTimer()V
05-28 23:09:51.960  1961  1961 D M_InsDal: Lcom/ichi2/anki/Reviewer;--->setTitle()V
05-28 23:09:51.960  1961  1961 D M_InsDal: Lcom/ichi2/anki/AnkiActivity;--->colIsOpen()Z
05-28 23:09:51.960  1961  1961 D M_InsDal: Lcom/ichi2/anki/CollectionHelper;--->getInstance()Lcom/ichi2/anki/CollectionHelper;
05-28 23:09:51.960  1961  1961 D M_InsDal: Lcom/ichi2/anki/CollectionHelper;--->colIsOpen()Z
05-28 23:09:51.960  1961  1961 D M_InsDal: Lcom/ichi2/anki/AnkiActivity;--->getCol()Lcom/ichi2/libanki/Collection;
05-28 23:09:51.960  1961  1961 D M_InsDal: Lcom/ichi2/anki/CollectionHelper;--->getInstance()Lcom/ichi2/anki/CollectionHelper;
05-28 23:09:51.960  1961  1961 D M_InsDal: Lcom/ichi2/anki/CollectionHelper;--->getCol(Landroid/content/Context;)Lcom/ichi2/libanki/Collection;
05-28 23:09:51.960  1961  1961 D M_InsDal: Lcom/ichi2/anki/CollectionHelper;--->getCollectionPath(Landroid/content/Context;)Ljava/lang/String;
05-28 23:09:51.960  1961  1961 D M_InsDal: Lcom/ichi2/anki/CollectionHelper;--->getCurrentAnkiDroidDirectory(Landroid/content/Context;)Ljava/lang/String;
05-28 23:09:51.960  1961  1961 D M_InsDal: Lcom/ichi2/anki/CollectionHelper;--->getDefaultAnkiDroidDirectory()Ljava/lang/String;
05-28 23:09:51.961  1961  1961 D M_InsDal: Lcom/ichi2/anki/CollectionHelper;--->colIsOpen()Z
05-28 23:09:51.961  1961  1961 D M_InsDal: Lcom/ichi2/anki/NavigationDrawerActivity;--->setTitle(Ljava/lang/CharSequence;)V
05-28 23:09:51.961  1961  1961 D M_InsDal: Lcom/ichi2/anki/AbstractFlashcardViewer;--->updateScreenCounts()V
05-28 23:09:51.961  1961  1961 D M_InsDal: Lcom/ichi2/anki/NavigationDrawerActivity;--->selectNavigationItem(I)V
05-28 23:09:51.969  1961  1961 D M_InsDal: Lcom/ichi2/anki/AnkiActivity;--->onLoadFinished(Landroid/support/v4/content/Loader;Lcom/ichi2/libanki/Collection;)V
05-28 23:09:51.969  1961  1961 D M_InsDal: Lcom/ichi2/anki/AnkiActivity;--->hideProgressBar()V
05-28 23:09:51.969  1961  1961 D M_InsDal: Lcom/ichi2/anki/AnkiActivity;--->colIsOpen()Z
05-28 23:09:51.969  1961  1961 D M_InsDal: Lcom/ichi2/anki/CollectionHelper;--->getInstance()Lcom/ichi2/anki/CollectionHelper;
05-28 23:09:51.969  1961  1961 D M_InsDal: Lcom/ichi2/anki/CollectionHelper;--->colIsOpen()Z
05-28 23:09:51.969  1961  1961 D M_InsDal: Lcom/ichi2/anki/AnkiActivity;--->onCollectionLoaded(Lcom/ichi2/libanki/Collection;)V
05-28 23:09:51.969  1961  1961 D M_InsDal: Lcom/ichi2/anki/AbstractFlashcardViewer;--->onCollectionLoaded(Lcom/ichi2/libanki/Collection;)V
05-28 23:09:51.969  1961  1961 D M_InsDal: Lcom/ichi2/anki/AbstractFlashcardViewer;--->registerExternalStorageListener()V
05-28 23:09:51.969  1961  1961 D M_InsDal: Lcom/ichi2/anki/AbstractFlashcardViewer$12;---><init>(Lcom/ichi2/anki/AbstractFlashcardViewer;)V
05-28 23:09:51.970  1961  1961 D M_InsDal: Lcom/ichi2/anki/AbstractFlashcardViewer;--->shouldUseQuickUpdate()Z
05-28 23:09:51.970  1961  1961 D M_InsDal: Lcom/ichi2/anki/AbstractFlashcardViewer;--->initLayout()V
05-28 23:09:51.970  1961  1961 D M_InsDal: Lcom/ichi2/anki/AbstractFlashcardViewer$MyGestureDetector;---><init>(Lcom/ichi2/anki/AbstractFlashcardViewer;)V
05-28 23:09:51.970  1961  1961 D M_InsDal: Lcom/ichi2/anki/AbstractFlashcardViewer$14;---><init>(Lcom/ichi2/anki/AbstractFlashcardViewer;)V
05-28 23:09:51.970  1961  1961 D M_InsDal: Lcom/ichi2/anki/AbstractFlashcardViewer;--->initControls()V
05-28 23:09:51.970  1961  1961 D M_InsDal: Lcom/ichi2/anki/AbstractFlashcardViewer;--->typeAnswer()Z
05-28 23:09:51.970  1961  1961 D M_InsDal: Lcom/ichi2/anki/AbstractFlashcardViewer$16;---><init>(Lcom/ichi2/anki/AbstractFlashcardViewer;)V
05-28 23:09:51.970  1961  1961 D M_InsDal: Lcom/ichi2/anki/AbstractFlashcardViewer$17;---><init>(Lcom/ichi2/anki/AbstractFlashcardViewer;)V
05-28 23:09:51.970  1961  1961 D M_InsDal: Lcom/ichi2/anki/Reviewer;--->initControls()V
05-28 23:09:51.970  1961  1961 D M_InsDal: Lcom/ichi2/anki/AnkiDroidApp;--->getSharedPrefs(Landroid/content/Context;)Landroid/content/SharedPreferences;
05-28 23:09:51.971  1961  1961 D M_InsDal: Lcom/ichi2/anki/Reviewer;--->setTitle()V
05-28 23:09:51.971  1961  1961 D M_InsDal: Lcom/ichi2/anki/AnkiActivity;--->colIsOpen()Z
05-28 23:09:51.971  1961  1961 D M_InsDal: Lcom/ichi2/anki/CollectionHelper;--->getInstance()Lcom/ichi2/anki/CollectionHelper;
05-28 23:09:51.971  1961  1961 D M_InsDal: Lcom/ichi2/anki/CollectionHelper;--->colIsOpen()Z
05-28 23:09:51.971  1961  1961 D M_InsDal: Lcom/ichi2/anki/AnkiActivity;--->getCol()Lcom/ichi2/libanki/Collection;
05-28 23:09:51.971  1961  1961 D M_InsDal: Lcom/ichi2/anki/CollectionHelper;--->getInstance()Lcom/ichi2/anki/CollectionHelper;
05-28 23:09:51.971  1961  1961 D M_InsDal: Lcom/ichi2/anki/CollectionHelper;--->getCol(Landroid/content/Context;)Lcom/ichi2/libanki/Collection;
05-28 23:09:51.971  1961  1961 D M_InsDal: Lcom/ichi2/anki/CollectionHelper;--->getCollectionPath(Landroid/content/Context;)Ljava/lang/String;
05-28 23:09:51.971  1961  1961 D M_InsDal: Lcom/ichi2/anki/CollectionHelper;--->getCurrentAnkiDroidDirectory(Landroid/content/Context;)Ljava/lang/String;
05-28 23:09:51.971  1961  1961 D M_InsDal: Lcom/ichi2/anki/CollectionHelper;--->getDefaultAnkiDroidDirectory()Ljava/lang/String;
05-28 23:09:51.971  1961  1961 D M_InsDal: Lcom/ichi2/anki/CollectionHelper;--->colIsOpen()Z
05-28 23:09:51.971  1961  1961 D M_InsDal: Lcom/ichi2/anki/NavigationDrawerActivity;--->setTitle(Ljava/lang/CharSequence;)V
05-28 23:09:51.971  1961  1961 D M_InsDal: Lcom/ichi2/anki/Lookup;--->initialize(Landroid/content/Context;)Z
05-28 23:09:51.971  1961  1961 D M_InsDal: Lcom/ichi2/anki/AnkiDroidApp;--->getInstance()Lcom/ichi2/anki/AnkiDroidApp;
05-28 23:09:51.971  1961  1961 D M_InsDal: Lcom/ichi2/anki/AnkiDroidApp;--->getSharedPrefs(Landroid/content/Context;)Landroid/content/SharedPreferences;
05-28 23:09:51.971  1961  1961 D M_InsDal: Lcom/ichi2/anki/AbstractFlashcardViewer;--->updateScreenCounts()V
05-28 23:09:51.971  1961  1961 D M_InsDal: Lcom/ichi2/anki/Reviewer;--->onCollectionLoaded(Lcom/ichi2/libanki/Collection;)V
05-28 23:09:51.971  1961  1961 D M_InsDal: Lcom/ichi2/anki/AbstractFlashcardViewer;--->getParentDid()J
05-28 23:09:51.971  1961  1961 D M_InsDal: Lcom/ichi2/anki/AnkiActivity;--->getCol()Lcom/ichi2/libanki/Collection;
05-28 23:09:51.971  1961  1961 D M_InsDal: Lcom/ichi2/anki/CollectionHelper;--->getInstance()Lcom/ichi2/anki/CollectionHelper;
05-28 23:09:51.971  1961  1961 D M_InsDal: Lcom/ichi2/anki/CollectionHelper;--->getCol(Landroid/content/Context;)Lcom/ichi2/libanki/Collection;
05-28 23:09:51.971  1961  1961 D M_InsDal: Lcom/ichi2/anki/CollectionHelper;--->getCollectionPath(Landroid/content/Context;)Ljava/lang/String;
05-28 23:09:51.971  1961  1961 D M_InsDal: Lcom/ichi2/anki/CollectionHelper;--->getCurrentAnkiDroidDirectory(Landroid/content/Context;)Ljava/lang/String;
05-28 23:09:51.971  1961  1961 D M_InsDal: Lcom/ichi2/anki/CollectionHelper;--->getDefaultAnkiDroidDirectory()Ljava/lang/String;
05-28 23:09:51.971  1961  1961 D M_InsDal: Lcom/ichi2/anki/CollectionHelper;--->colIsOpen()Z
05-28 23:09:51.972  1961  1961 D M_InsDal: Lcom/ichi2/anki/MetaDB;---><clinit>()V
05-28 23:09:51.972  1961  1961 D M_InsDal: Lcom/ichi2/anki/MetaDB;--->getWhiteboardState(Landroid/content/Context;J)Z
05-28 23:09:51.972  1961  1961 D M_InsDal: Lcom/ichi2/anki/MetaDB;--->openDBIfClosed(Landroid/content/Context;)V
05-28 23:09:51.972  1961  1961 D M_InsDal: Lcom/ichi2/anki/MetaDB;--->openDB(Landroid/content/Context;)V
05-28 23:09:51.975  1961  1961 D M_InsDal: Lcom/ichi2/anki/AbstractFlashcardViewer$10;--->onPreExecute()V
05-28 23:09:51.975  1961  1961 D M_InsDal: Lcom/ichi2/anki/AbstractFlashcardViewer;--->blockControls()V
05-28 23:09:51.975  1961  1961 D M_InsDal: Lcom/ichi2/anki/AbstractFlashcardViewer;--->typeAnswer()Z
05-28 23:09:51.975  1961  1961 D M_InsDal: Lcom/ichi2/anki/Reviewer;--->disableDrawerSwipeOnConflicts()V
05-28 23:09:51.975  1961  1961 D M_InsDal: Lcom/ichi2/anki/AnkiDroidApp;--->getSharedPrefs(Landroid/content/Context;)Landroid/content/SharedPreferences;
05-28 23:09:51.975  1961  1961 D M_InsDal: Lcom/ichi2/anki/AnkiDroidApp;--->initiateGestures(Landroid/content/SharedPreferences;)Z
05-28 23:09:51.975  1961  1991 D M_InsDal: Lcom/ichi2/anki/AnkiDroidApp;--->getInstance()Lcom/ichi2/anki/AnkiDroidApp;
05-28 23:09:51.975  1961  1991 D M_InsDal: Lcom/ichi2/anki/CollectionHelper;--->getInstance()Lcom/ichi2/anki/CollectionHelper;
05-28 23:09:51.975  1961  1991 D M_InsDal: Lcom/ichi2/anki/CollectionHelper;--->getColSafe(Landroid/content/Context;)Lcom/ichi2/libanki/Collection;
05-28 23:09:51.975  1961  1991 D M_InsDal: Lcom/ichi2/anki/CollectionHelper;--->getCol(Landroid/content/Context;)Lcom/ichi2/libanki/Collection;
05-28 23:09:51.975  1961  1991 D M_InsDal: Lcom/ichi2/anki/CollectionHelper;--->getCollectionPath(Landroid/content/Context;)Ljava/lang/String;
05-28 23:09:51.975  1961  1991 D M_InsDal: Lcom/ichi2/anki/CollectionHelper;--->getCurrentAnkiDroidDirectory(Landroid/content/Context;)Ljava/lang/String;
05-28 23:09:51.975  1961  1991 D M_InsDal: Lcom/ichi2/anki/CollectionHelper;--->getDefaultAnkiDroidDirectory()Ljava/lang/String;
05-28 23:09:51.976  1961  1991 D M_InsDal: Lcom/ichi2/anki/CollectionHelper;--->colIsOpen()Z
05-28 23:09:51.976  1961  1991 D M_InsDal: Lcom/ichi2/anki/CollectionHelper;--->getInstance()Lcom/ichi2/anki/CollectionHelper;
05-28 23:09:51.976  1961  1991 D M_InsDal: Lcom/ichi2/anki/CollectionHelper;--->getCol(Landroid/content/Context;)Lcom/ichi2/libanki/Collection;
05-28 23:09:51.976  1961  1991 D M_InsDal: Lcom/ichi2/anki/CollectionHelper;--->getCollectionPath(Landroid/content/Context;)Ljava/lang/String;
05-28 23:09:51.976  1961  1991 D M_InsDal: Lcom/ichi2/anki/CollectionHelper;--->getCurrentAnkiDroidDirectory(Landroid/content/Context;)Ljava/lang/String;
05-28 23:09:51.976  1961  1991 D M_InsDal: Lcom/ichi2/anki/CollectionHelper;--->getDefaultAnkiDroidDirectory()Ljava/lang/String;
05-28 23:09:51.976  1961  1991 D M_InsDal: Lcom/ichi2/anki/CollectionHelper;--->colIsOpen()Z
05-28 23:09:52.011  1961  1961 D M_InsDal: Lcom/ichi2/anki/AbstractFlashcardViewer$10;--->onProgressUpdate([Lcom/ichi2/async/DeckTask$TaskData;)V
05-28 23:09:52.011  1961  1961 D M_InsDal: Lcom/ichi2/anki/AnkiActivity;--->getCol()Lcom/ichi2/libanki/Collection;
05-28 23:09:52.011  1961  1961 D M_InsDal: Lcom/ichi2/anki/CollectionHelper;--->getInstance()Lcom/ichi2/anki/CollectionHelper;
05-28 23:09:52.011  1961  1961 D M_InsDal: Lcom/ichi2/anki/CollectionHelper;--->getCol(Landroid/content/Context;)Lcom/ichi2/libanki/Collection;
05-28 23:09:52.011  1961  1961 D M_InsDal: Lcom/ichi2/anki/CollectionHelper;--->getCollectionPath(Landroid/content/Context;)Ljava/lang/String;
05-28 23:09:52.011  1961  1961 D M_InsDal: Lcom/ichi2/anki/CollectionHelper;--->getCurrentAnkiDroidDirectory(Landroid/content/Context;)Ljava/lang/String;
05-28 23:09:52.011  1961  1961 D M_InsDal: Lcom/ichi2/anki/CollectionHelper;--->getDefaultAnkiDroidDirectory()Ljava/lang/String;
05-28 23:09:52.012  1961  1961 D M_InsDal: Lcom/ichi2/anki/CollectionHelper;--->colIsOpen()Z
05-28 23:09:52.012  1961  1961 D M_InsDal: Lcom/ichi2/anki/AbstractFlashcardViewer$10;--->onPostExecute(Lcom/ichi2/async/DeckTask$TaskData;)V
05-28 23:09:52.012  1961  1961 D M_InsDal: Lcom/ichi2/anki/AbstractFlashcardViewer;--->closeReviewer(IZ)V
05-28 23:09:52.012  1961  1961 D M_InsDal: Lcom/ichi2/anki/UIUtils;--->saveCollectionInBackground(Landroid/content/Context;)V
05-28 23:09:52.012  1961  1961 D M_InsDal: Lcom/ichi2/anki/CollectionHelper;--->getInstance()Lcom/ichi2/anki/CollectionHelper;
05-28 23:09:52.012  1961  1961 D M_InsDal: Lcom/ichi2/anki/CollectionHelper;--->colIsOpen()Z
05-28 23:09:52.012  1961  1961 D M_InsDal: Lcom/ichi2/anki/UIUtils$1;---><init>()V
05-28 23:09:52.012  1961  1961 D M_InsDal: Lcom/ichi2/anki/UIUtils$1;--->onPreExecute()V
05-28 23:09:52.012  1961  1993 D M_InsDal: Lcom/ichi2/anki/AnkiDroidApp;--->getInstance()Lcom/ichi2/anki/AnkiDroidApp;
05-28 23:09:52.012  1961  1993 D M_InsDal: Lcom/ichi2/anki/CollectionHelper;--->getInstance()Lcom/ichi2/anki/CollectionHelper;
05-28 23:09:52.012  1961  1993 D M_InsDal: Lcom/ichi2/anki/CollectionHelper;--->getColSafe(Landroid/content/Context;)Lcom/ichi2/libanki/Collection;
05-28 23:09:52.012  1961  1993 D M_InsDal: Lcom/ichi2/anki/CollectionHelper;--->getCol(Landroid/content/Context;)Lcom/ichi2/libanki/Collection;
05-28 23:09:52.012  1961  1993 D M_InsDal: Lcom/ichi2/anki/CollectionHelper;--->getCollectionPath(Landroid/content/Context;)Ljava/lang/String;
05-28 23:09:52.012  1961  1993 D M_InsDal: Lcom/ichi2/anki/CollectionHelper;--->getCurrentAnkiDroidDirectory(Landroid/content/Context;)Ljava/lang/String;
05-28 23:09:52.012  1961  1993 D M_InsDal: Lcom/ichi2/anki/CollectionHelper;--->getDefaultAnkiDroidDirectory()Ljava/lang/String;
05-28 23:09:52.013  1961  1993 D M_InsDal: Lcom/ichi2/anki/CollectionHelper;--->colIsOpen()Z
05-28 23:09:52.013  1961  1993 D M_InsDal: Lcom/ichi2/anki/CollectionHelper;--->getInstance()Lcom/ichi2/anki/CollectionHelper;
05-28 23:09:52.013  1961  1993 D M_InsDal: Lcom/ichi2/anki/CollectionHelper;--->getCol(Landroid/content/Context;)Lcom/ichi2/libanki/Collection;
05-28 23:09:52.013  1961  1993 D M_InsDal: Lcom/ichi2/anki/CollectionHelper;--->getCollectionPath(Landroid/content/Context;)Ljava/lang/String;
05-28 23:09:52.013  1961  1993 D M_InsDal: Lcom/ichi2/anki/CollectionHelper;--->getCurrentAnkiDroidDirectory(Landroid/content/Context;)Ljava/lang/String;
05-28 23:09:52.013  1961  1993 D M_InsDal: Lcom/ichi2/anki/CollectionHelper;--->getDefaultAnkiDroidDirectory()Ljava/lang/String;
05-28 23:09:52.013  1961  1993 D M_InsDal: Lcom/ichi2/anki/CollectionHelper;--->colIsOpen()Z
05-28 23:09:52.014  1961  1961 D M_InsDal: Lcom/ichi2/anki/AnkiActivity;--->finishWithAnimation(I)V
05-28 23:09:52.014  1961  1961 D M_InsDal: Lcom/ichi2/anki/AnkiActivity;--->enableActivityAnimation(I)V
05-28 23:09:52.014  1961  1961 D M_InsDal: Lcom/ichi2/anki/AnkiActivity;--->animationDisabled()Z
05-28 23:09:52.014  1961  1961 D M_InsDal: Lcom/ichi2/anki/AnkiDroidApp;--->getSharedPrefs(Landroid/content/Context;)Landroid/content/SharedPreferences;
05-28 23:09:52.014  1961  1961 D M_InsDal: Lcom/ichi2/anki/AbstractFlashcardViewer;--->refreshActionBar()V
05-28 23:09:52.016  1961  1961 D M_InsDal: Lcom/ichi2/anki/Reviewer;--->onCreateOptionsMenu(Landroid/view/Menu;)Z
05-28 23:09:52.016  1961  1961 D M_InsDal: Lcom/ichi2/anki/Reviewer;--->setCustomButtons(Landroid/view/Menu;)V
05-28 23:09:52.016  1961  1961 D M_InsDal: Lcom/ichi2/anki/AnkiActivity;--->colIsOpen()Z
05-28 23:09:52.016  1961  1961 D M_InsDal: Lcom/ichi2/anki/CollectionHelper;--->getInstance()Lcom/ichi2/anki/CollectionHelper;
05-28 23:09:52.016  1961  1961 D M_InsDal: Lcom/ichi2/anki/CollectionHelper;--->colIsOpen()Z
05-28 23:09:52.016  1961  1961 D M_InsDal: Lcom/ichi2/anki/AnkiActivity;--->getCol()Lcom/ichi2/libanki/Collection;
05-28 23:09:52.016  1961  1961 D M_InsDal: Lcom/ichi2/anki/CollectionHelper;--->getInstance()Lcom/ichi2/anki/CollectionHelper;
05-28 23:09:52.016  1961  1961 D M_InsDal: Lcom/ichi2/anki/CollectionHelper;--->getCol(Landroid/content/Context;)Lcom/ichi2/libanki/Collection;
05-28 23:09:52.016  1961  1961 D M_InsDal: Lcom/ichi2/anki/CollectionHelper;--->getCollectionPath(Landroid/content/Context;)Ljava/lang/String;
05-28 23:09:52.016  1961  1961 D M_InsDal: Lcom/ichi2/anki/CollectionHelper;--->getCurrentAnkiDroidDirectory(Landroid/content/Context;)Ljava/lang/String;
05-28 23:09:52.016  1961  1961 D M_InsDal: Lcom/ichi2/anki/CollectionHelper;--->getDefaultAnkiDroidDirectory()Ljava/lang/String;
05-28 23:09:52.017  1961  1961 D M_InsDal: Lcom/ichi2/anki/CollectionHelper;--->colIsOpen()Z
05-28 23:09:52.018  1961  1961 D M_InsDal: Lcom/ichi2/anki/AnkiActivity;--->getCol()Lcom/ichi2/libanki/Collection;
05-28 23:09:52.018  1961  1961 D M_InsDal: Lcom/ichi2/anki/CollectionHelper;--->getInstance()Lcom/ichi2/anki/CollectionHelper;
05-28 23:09:52.018  1961  1961 D M_InsDal: Lcom/ichi2/anki/CollectionHelper;--->getCol(Landroid/content/Context;)Lcom/ichi2/libanki/Collection;
05-28 23:09:52.018  1961  1961 D M_InsDal: Lcom/ichi2/anki/CollectionHelper;--->getCollectionPath(Landroid/content/Context;)Ljava/lang/String;
05-28 23:09:52.018  1961  1961 D M_InsDal: Lcom/ichi2/anki/CollectionHelper;--->getCurrentAnkiDroidDirectory(Landroid/content/Context;)Ljava/lang/String;
05-28 23:09:52.018  1961  1961 D M_InsDal: Lcom/ichi2/anki/CollectionHelper;--->getDefaultAnkiDroidDirectory()Ljava/lang/String;
05-28 23:09:52.018  1961  1961 D M_InsDal: Lcom/ichi2/anki/CollectionHelper;--->colIsOpen()Z
05-28 23:09:52.018  1961  1961 D M_InsDal: Lcom/ichi2/anki/AbstractFlashcardViewer;--->getParentDid()J
05-28 23:09:52.018  1961  1961 D M_InsDal: Lcom/ichi2/anki/AnkiActivity;--->getCol()Lcom/ichi2/libanki/Collection;
05-28 23:09:52.018  1961  1961 D M_InsDal: Lcom/ichi2/anki/CollectionHelper;--->getInstance()Lcom/ichi2/anki/CollectionHelper;
05-28 23:09:52.018  1961  1961 D M_InsDal: Lcom/ichi2/anki/CollectionHelper;--->getCol(Landroid/content/Context;)Lcom/ichi2/libanki/Collection;
05-28 23:09:52.018  1961  1961 D M_InsDal: Lcom/ichi2/anki/CollectionHelper;--->getCollectionPath(Landroid/content/Context;)Ljava/lang/String;
05-28 23:09:52.018  1961  1961 D M_InsDal: Lcom/ichi2/anki/CollectionHelper;--->getCurrentAnkiDroidDirectory(Landroid/content/Context;)Ljava/lang/String;
05-28 23:09:52.018  1961  1961 D M_InsDal: Lcom/ichi2/anki/CollectionHelper;--->getDefaultAnkiDroidDirectory()Ljava/lang/String;
05-28 23:09:52.018  1961  1961 D M_InsDal: Lcom/ichi2/anki/CollectionHelper;--->colIsOpen()Z
05-28 23:09:52.018  1961  1961 D M_InsDal: Lcom/ichi2/anki/Reviewer$SuspendProvider;---><init>(Lcom/ichi2/anki/Reviewer;Landroid/content/Context;)V
05-28 23:09:52.018  1961  1961 D M_InsDal: Lcom/ichi2/anki/Reviewer$BuryProvider;---><init>(Lcom/ichi2/anki/Reviewer;Landroid/content/Context;)V
05-28 23:09:52.019  1961  1961 D M_InsDal: Lcom/ichi2/anki/Reviewer;--->dismissNoteAvailable(Lcom/ichi2/libanki/Collection$DismissType;)Z
05-28 23:09:52.019  1961  1961 D M_InsDal: Lcom/ichi2/anki/Reviewer;--->dismissNoteAvailable(Lcom/ichi2/libanki/Collection$DismissType;)Z
05-28 23:09:52.228  1961  1961 D M_InsDal: Lcom/ichi2/anki/Reviewer;--->onWindowFocusChanged(Z)V
05-28 23:09:52.228  1961  1961 D M_InsDal: Lcom/ichi2/anki/AbstractFlashcardViewer;--->onPause()V
05-28 23:09:52.228  1961  1961 D M_InsDal: Lcom/ichi2/anki/AbstractFlashcardViewer;--->pauseTimer()V
05-28 23:09:52.228  1961  1961 D M_InsDal: Lcom/ichi2/anki/ReadText;---><clinit>()V
05-28 23:09:52.228  1961  1961 D M_InsDal: Lcom/ichi2/anki/ReadText;--->stopTts()V
05-28 23:09:52.251  1961  1961 D M_InsDal: Lcom/ichi2/anki/UIUtils$1;--->onPostExecute(Lcom/ichi2/async/DeckTask$TaskData;)V
05-28 23:09:52.343  1961  1961 D M_InsDal: Lcom/ichi2/anki/AnkiActivity;--->onStop()V
05-28 23:09:52.343  1961  1961 D M_InsDal: Lcom/ichi2/anki/Reviewer;--->onStop()V
05-28 23:09:52.343  1961  1961 D M_InsDal: Lcom/ichi2/anki/UIUtils;--->saveCollectionInBackground(Landroid/content/Context;)V
05-28 23:09:52.343  1961  1961 D M_InsDal: Lcom/ichi2/anki/CollectionHelper;--->getInstance()Lcom/ichi2/anki/CollectionHelper;
05-28 23:09:52.343  1961  1961 D M_InsDal: Lcom/ichi2/anki/CollectionHelper;--->colIsOpen()Z
05-28 23:09:52.343  1961  1961 D M_InsDal: Lcom/ichi2/anki/UIUtils$1;---><init>()V
05-28 23:09:52.343  1961  1961 D M_InsDal: Lcom/ichi2/anki/UIUtils$1;--->onPreExecute()V
05-28 23:09:52.343  1961  1999 D M_InsDal: Lcom/ichi2/anki/AnkiDroidApp;--->getInstance()Lcom/ichi2/anki/AnkiDroidApp;
05-28 23:09:52.343  1961  1999 D M_InsDal: Lcom/ichi2/anki/CollectionHelper;--->getInstance()Lcom/ichi2/anki/CollectionHelper;
05-28 23:09:52.343  1961  1999 D M_InsDal: Lcom/ichi2/anki/CollectionHelper;--->getColSafe(Landroid/content/Context;)Lcom/ichi2/libanki/Collection;
05-28 23:09:52.343  1961  1999 D M_InsDal: Lcom/ichi2/anki/CollectionHelper;--->getCol(Landroid/content/Context;)Lcom/ichi2/libanki/Collection;
05-28 23:09:52.343  1961  1999 D M_InsDal: Lcom/ichi2/anki/CollectionHelper;--->getCollectionPath(Landroid/content/Context;)Ljava/lang/String;
05-28 23:09:52.343  1961  1999 D M_InsDal: Lcom/ichi2/anki/CollectionHelper;--->getCurrentAnkiDroidDirectory(Landroid/content/Context;)Ljava/lang/String;
05-28 23:09:52.343  1961  1999 D M_InsDal: Lcom/ichi2/anki/CollectionHelper;--->getDefaultAnkiDroidDirectory()Ljava/lang/String;
05-28 23:09:52.344  1961  1961 D M_InsDal: Lcom/ichi2/anki/AnkiActivity;--->onLoaderReset(Landroid/support/v4/content/Loader;)V
05-28 23:09:52.344  1961  1999 D M_InsDal: Lcom/ichi2/anki/CollectionHelper;--->colIsOpen()Z
05-28 23:09:52.344  1961  1999 D M_InsDal: Lcom/ichi2/anki/CollectionHelper;--->getInstance()Lcom/ichi2/anki/CollectionHelper;
05-28 23:09:52.344  1961  1961 D M_InsDal: Lcom/ichi2/anki/AbstractFlashcardViewer;--->onDestroy()V
05-28 23:09:52.344  1961  1999 D M_InsDal: Lcom/ichi2/anki/CollectionHelper;--->getCol(Landroid/content/Context;)Lcom/ichi2/libanki/Collection;
05-28 23:09:52.344  1961  1999 D M_InsDal: Lcom/ichi2/anki/CollectionHelper;--->getCollectionPath(Landroid/content/Context;)Ljava/lang/String;
05-28 23:09:52.344  1961  1999 D M_InsDal: Lcom/ichi2/anki/CollectionHelper;--->getCurrentAnkiDroidDirectory(Landroid/content/Context;)Ljava/lang/String;
05-28 23:09:52.344  1961  1999 D M_InsDal: Lcom/ichi2/anki/CollectionHelper;--->getDefaultAnkiDroidDirectory()Ljava/lang/String;
05-28 23:09:52.344  1961  1961 D M_InsDal: Lcom/ichi2/anki/AbstractFlashcardViewer;--->destroyWebView(Landroid/webkit/WebView;)V
05-28 23:09:52.344  1961  1961 D M_InsDal: Lcom/ichi2/anki/AbstractFlashcardViewer;--->destroyWebView(Landroid/webkit/WebView;)V
05-28 23:09:52.344  1961  1999 D M_InsDal: Lcom/ichi2/anki/CollectionHelper;--->colIsOpen()Z
05-28 23:09:52.348  1961  1961 D M_InsDal: Lcom/ichi2/anki/UIUtils$1;--->onPostExecute(Lcom/ichi2/async/DeckTask$TaskData;)V
