05-28 23:15:39.699  4484  4484 D M_InsDal: Lcom/ichi2/anki/CollectionHelper;--->getInstance()Lcom/ichi2/anki/CollectionHelper;
05-28 23:15:39.699  4484  4484 D M_InsDal: Lcom/ichi2/anki/CollectionHelper;--->getCol(Landroid/content/Context;)Lcom/ichi2/libanki/Collection;
05-28 23:15:39.699  4484  4484 D M_InsDal: Lcom/ichi2/anki/CollectionHelper;--->getCollectionPath(Landroid/content/Context;)Ljava/lang/String;
05-28 23:15:39.699  4484  4484 D M_InsDal: Lcom/ichi2/anki/CollectionHelper;--->getCurrentAnkiDroidDirectory(Landroid/content/Context;)Ljava/lang/String;
05-28 23:15:39.699  4484  4484 D M_InsDal: Lcom/ichi2/anki/CollectionHelper;--->getDefaultAnkiDroidDirectory()Ljava/lang/String;
05-28 23:15:39.699  4484  4544 D M_InsDal: Lcom/ichi2/anki/stats/AnkiStatsTaskHandler$CreateChartTask;--->doInBackground([Landroid/view/View;)Lcom/wildplot/android/rendering/PlotSheet;
05-28 23:15:39.699  4484  4544 D M_InsDal: Lcom/ichi2/anki/stats/ChartBuilder;---><init>(Lcom/ichi2/anki/stats/ChartView;Lcom/ichi2/libanki/Collection;ZLcom/ichi2/libanki/Stats$ChartType;)V
05-28 23:15:39.699  4484  4544 D M_InsDal: Lcom/ichi2/anki/stats/ChartBuilder;--->renderChart(Lcom/ichi2/libanki/Stats$AxisType;)Lcom/wildplot/android/rendering/PlotSheet;
05-28 23:15:39.699  4484  4544 D M_InsDal: Lcom/ichi2/anki/stats/ChartBuilder;--->calcStats(Lcom/ichi2/libanki/Stats$AxisType;)V
05-28 23:15:39.700  4484  4484 D M_InsDal: Lcom/ichi2/anki/CollectionHelper;--->colIsOpen()Z
05-28 23:15:39.700  4484  4484 D M_InsDal: Lcom/ichi2/anki/Statistics$ChartFragment;--->isWholeCollection()Z
05-28 23:15:39.700  4484  4484 D M_InsDal: Lcom/ichi2/anki/CollectionHelper;--->getInstance()Lcom/ichi2/anki/CollectionHelper;
05-28 23:15:39.700  4484  4484 D M_InsDal: Lcom/ichi2/anki/CollectionHelper;--->getCol(Landroid/content/Context;)Lcom/ichi2/libanki/Collection;
05-28 23:15:39.700  4484  4484 D M_InsDal: Lcom/ichi2/anki/CollectionHelper;--->getCollectionPath(Landroid/content/Context;)Ljava/lang/String;
05-28 23:15:39.700  4484  4484 D M_InsDal: Lcom/ichi2/anki/CollectionHelper;--->getCurrentAnkiDroidDirectory(Landroid/content/Context;)Ljava/lang/String;
05-28 23:15:39.700  4484  4484 D M_InsDal: Lcom/ichi2/anki/CollectionHelper;--->getDefaultAnkiDroidDirectory()Ljava/lang/String;
05-28 23:15:39.700  4484  4484 D M_InsDal: Lcom/ichi2/anki/CollectionHelper;--->colIsOpen()Z
05-28 23:15:39.700  4484  4484 D M_InsDal: Lcom/ichi2/anki/Statistics$ChartFragment;--->onCreate(Landroid/os/Bundle;)V
05-28 23:15:39.700  4484  4484 D M_InsDal: Lcom/ichi2/anki/Statistics$ChartFragment;--->onCreateView(Landroid/view/LayoutInflater;Landroid/view/ViewGroup;Landroid/os/Bundle;)Landroid/view/View;
05-28 23:15:39.701  4484  4484 D M_InsDal: Lcom/ichi2/anki/stats/ChartView;---><init>(Landroid/content/Context;Landroid/util/AttributeSet;)V
05-28 23:15:39.701  4484  4484 D M_InsDal: Lcom/ichi2/anki/Statistics;--->getTaskHandler()Lcom/ichi2/anki/stats/AnkiStatsTaskHandler;
05-28 23:15:39.701  4484  4484 D M_InsDal: Lcom/ichi2/anki/Statistics$ChartFragment;--->createChart()V
05-28 23:15:39.701  4484  4484 D M_InsDal: Lcom/ichi2/anki/Statistics;--->getTaskHandler()Lcom/ichi2/anki/stats/AnkiStatsTaskHandler;
05-28 23:15:39.701  4484  4484 D M_InsDal: Lcom/ichi2/anki/stats/AnkiStatsTaskHandler;--->createChart(Lcom/ichi2/libanki/Stats$ChartType;[Landroid/view/View;)Lcom/ichi2/anki/stats/AnkiStatsTaskHandler$CreateChartTask;
05-28 23:15:39.701  4484  4484 D M_InsDal: Lcom/ichi2/anki/stats/AnkiStatsTaskHandler$CreateChartTask;---><init>(Lcom/ichi2/anki/stats/AnkiStatsTaskHandler;Lcom/ichi2/libanki/Stats$ChartType;)V
05-28 23:15:39.701  4484  4484 D M_InsDal: Lcom/ichi2/anki/stats/ChartView;--->addFragment(Lcom/ichi2/anki/Statistics$ChartFragment;)V
05-28 23:15:39.701  4484  4484 D M_InsDal: Lcom/ichi2/anki/Statistics;--->getTaskHandler()Lcom/ichi2/anki/stats/AnkiStatsTaskHandler;
05-28 23:15:39.701  4484  4484 D M_InsDal: Lcom/ichi2/anki/stats/AnkiStatsTaskHandler;--->getStatType()Lcom/ichi2/libanki/Stats$AxisType;
05-28 23:15:39.701  4484  4484 D M_InsDal: Lcom/ichi2/anki/Statistics;--->getViewPager()Landroid/support/v4/view/ViewPager;
05-28 23:15:39.701  4484  4484 D M_InsDal: Lcom/ichi2/anki/Statistics;--->getSectionsPagerAdapter()Lcom/ichi2/anki/Statistics$SectionsPagerAdapter;
05-28 23:15:39.701  4484  4484 D M_InsDal: Lcom/ichi2/anki/CollectionHelper;--->getInstance()Lcom/ichi2/anki/CollectionHelper;
05-28 23:15:39.701  4484  4484 D M_InsDal: Lcom/ichi2/anki/CollectionHelper;--->getCol(Landroid/content/Context;)Lcom/ichi2/libanki/Collection;
05-28 23:15:39.701  4484  4484 D M_InsDal: Lcom/ichi2/anki/CollectionHelper;--->getCollectionPath(Landroid/content/Context;)Ljava/lang/String;
05-28 23:15:39.701  4484  4484 D M_InsDal: Lcom/ichi2/anki/CollectionHelper;--->getCurrentAnkiDroidDirectory(Landroid/content/Context;)Ljava/lang/String;
05-28 23:15:39.701  4484  4484 D M_InsDal: Lcom/ichi2/anki/CollectionHelper;--->getDefaultAnkiDroidDirectory()Ljava/lang/String;
05-28 23:15:39.701  4484  4546 D M_InsDal: Lcom/ichi2/anki/stats/AnkiStatsTaskHandler$CreateChartTask;--->doInBackground([Landroid/view/View;)Lcom/wildplot/android/rendering/PlotSheet;
05-28 23:15:39.701  4484  4546 D M_InsDal: Lcom/ichi2/anki/stats/ChartBuilder;---><init>(Lcom/ichi2/anki/stats/ChartView;Lcom/ichi2/libanki/Collection;ZLcom/ichi2/libanki/Stats$ChartType;)V
05-28 23:15:39.701  4484  4546 D M_InsDal: Lcom/ichi2/anki/stats/ChartBuilder;--->renderChart(Lcom/ichi2/libanki/Stats$AxisType;)Lcom/wildplot/android/rendering/PlotSheet;
05-28 23:15:39.701  4484  4546 D M_InsDal: Lcom/ichi2/anki/stats/ChartBuilder;--->calcStats(Lcom/ichi2/libanki/Stats$AxisType;)V
05-28 23:15:39.701  4484  4484 D M_InsDal: Lcom/ichi2/anki/CollectionHelper;--->colIsOpen()Z
05-28 23:15:39.701  4484  4484 D M_InsDal: Lcom/ichi2/anki/Statistics$ChartFragment;--->isWholeCollection()Z
05-28 23:15:39.701  4484  4484 D M_InsDal: Lcom/ichi2/anki/CollectionHelper;--->getInstance()Lcom/ichi2/anki/CollectionHelper;
05-28 23:15:39.701  4484  4484 D M_InsDal: Lcom/ichi2/anki/CollectionHelper;--->getCol(Landroid/content/Context;)Lcom/ichi2/libanki/Collection;
05-28 23:15:39.701  4484  4484 D M_InsDal: Lcom/ichi2/anki/CollectionHelper;--->getCollectionPath(Landroid/content/Context;)Ljava/lang/String;
05-28 23:15:39.701  4484  4484 D M_InsDal: Lcom/ichi2/anki/CollectionHelper;--->getCurrentAnkiDroidDirectory(Landroid/content/Context;)Ljava/lang/String;
05-28 23:15:39.701  4484  4484 D M_InsDal: Lcom/ichi2/anki/CollectionHelper;--->getDefaultAnkiDroidDirectory()Ljava/lang/String;
05-28 23:15:39.702  4484  4484 D M_InsDal: Lcom/ichi2/anki/CollectionHelper;--->colIsOpen()Z
05-28 23:15:39.702  4484  4484 D M_InsDal: Lcom/ichi2/anki/Statistics$StatisticFragment;--->onResume()V
05-28 23:15:39.702  4484  4484 D M_InsDal: Lcom/ichi2/anki/Statistics$ChartFragment;--->checkAndUpdate()V
05-28 23:15:39.702  4484  4484 D M_InsDal: Lcom/ichi2/anki/Statistics$StatisticFragment;--->onResume()V
05-28 23:15:39.702  4484  4484 D M_InsDal: Lcom/ichi2/anki/Statistics$ChartFragment;--->checkAndUpdate()V
05-28 23:15:39.702  4484  4484 D M_InsDal: Lcom/ichi2/anki/Statistics$StatisticFragment;--->onResume()V
05-28 23:15:39.702  4484  4484 D M_InsDal: Lcom/ichi2/anki/Statistics$ChartFragment;--->checkAndUpdate()V
05-28 23:15:39.702  4484  4484 D M_InsDal: Lcom/ichi2/anki/Statistics$StatisticFragment;--->onResume()V
05-28 23:15:39.702  4484  4484 D M_InsDal: Lcom/ichi2/anki/Statistics$ChartFragment;--->checkAndUpdate()V
05-28 23:15:39.702  4484  4484 D M_InsDal: Lcom/ichi2/anki/Statistics$StatisticFragment;--->onResume()V
05-28 23:15:39.702  4484  4484 D M_InsDal: Lcom/ichi2/anki/Statistics$ChartFragment;--->checkAndUpdate()V
05-28 23:15:39.702  4484  4484 D M_InsDal: Lcom/ichi2/anki/Statistics$StatisticFragment;--->onResume()V
05-28 23:15:39.702  4484  4484 D M_InsDal: Lcom/ichi2/anki/Statistics$ChartFragment;--->checkAndUpdate()V
05-28 23:15:39.702  4484  4484 D M_InsDal: Lcom/ichi2/anki/Statistics$StatisticFragment;--->onResume()V
05-28 23:15:39.702  4484  4484 D M_InsDal: Lcom/ichi2/anki/Statistics$ChartFragment;--->checkAndUpdate()V
05-28 23:15:39.702  4484  4484 D M_InsDal: Lcom/ichi2/anki/Statistics$SectionsPagerAdapter;--->getCount()I
05-28 23:15:39.703  4484  4484 D M_InsDal: Lcom/ichi2/anki/Statistics$SectionsPagerAdapter;--->getPageTitle(I)Ljava/lang/CharSequence;
05-28 23:15:39.703  4484  4484 D M_InsDal: Lcom/ichi2/anki/Statistics$SectionsPagerAdapter;--->getCount()I
05-28 23:15:39.703  4484  4484 D M_InsDal: Lcom/ichi2/anki/Statistics$SectionsPagerAdapter;--->getPageTitle(I)Ljava/lang/CharSequence;
05-28 23:15:39.703  4484  4484 D M_InsDal: Lcom/ichi2/anki/Statistics$SectionsPagerAdapter;--->getCount()I
05-28 23:15:39.703  4484  4484 D M_InsDal: Lcom/ichi2/anki/Statistics$SectionsPagerAdapter;--->getPageTitle(I)Ljava/lang/CharSequence;
05-28 23:15:39.703  4484  4484 D M_InsDal: Lcom/ichi2/anki/Statistics$SectionsPagerAdapter;--->getCount()I
05-28 23:15:39.703  4484  4484 D M_InsDal: Lcom/ichi2/anki/Statistics$SectionsPagerAdapter;--->getPageTitle(I)Ljava/lang/CharSequence;
05-28 23:15:39.703  4484  4484 D M_InsDal: Lcom/ichi2/anki/Statistics$SectionsPagerAdapter;--->getCount()I
05-28 23:15:39.703  4484  4484 D M_InsDal: Lcom/ichi2/anki/Statistics$SectionsPagerAdapter;--->getPageTitle(I)Ljava/lang/CharSequence;
05-28 23:15:39.703  4484  4484 D M_InsDal: Lcom/ichi2/anki/Statistics$SectionsPagerAdapter;--->getCount()I
05-28 23:15:39.703  4484  4484 D M_InsDal: Lcom/ichi2/anki/Statistics$SectionsPagerAdapter;--->getPageTitle(I)Ljava/lang/CharSequence;
05-28 23:15:39.703  4484  4484 D M_InsDal: Lcom/ichi2/anki/Statistics$SectionsPagerAdapter;--->getCount()I
05-28 23:15:39.703  4484  4484 D M_InsDal: Lcom/ichi2/anki/Statistics$SectionsPagerAdapter;--->getPageTitle(I)Ljava/lang/CharSequence;
05-28 23:15:39.703  4484  4484 D M_InsDal: Lcom/ichi2/anki/Statistics$SectionsPagerAdapter;--->getCount()I
05-28 23:15:39.703  4484  4484 D M_InsDal: Lcom/ichi2/anki/Statistics$SectionsPagerAdapter;--->getPageTitle(I)Ljava/lang/CharSequence;
05-28 23:15:39.703  4484  4484 D M_InsDal: Lcom/ichi2/anki/Statistics$SectionsPagerAdapter;--->getCount()I
05-28 23:15:39.703  4484  4484 D M_InsDal: Lcom/ichi2/anki/Statistics$SectionsPagerAdapter;--->getPageTitle(I)Ljava/lang/CharSequence;
05-28 23:15:39.703  4484  4484 D M_InsDal: Lcom/ichi2/anki/Statistics$SectionsPagerAdapter;--->getCount()I
05-28 23:15:39.704  4484  4484 D M_InsDal: Lcom/ichi2/anki/stats/AnkiStatsTaskHandler;--->setmStandardTextSize(F)V
05-28 23:15:39.704  4484  4484 D M_InsDal: Lcom/ichi2/anki/Statistics$SectionsPagerAdapter;--->getCount()I
05-28 23:15:39.704  4484  4484 D M_InsDal: Lcom/ichi2/anki/Statistics$SectionsPagerAdapter;--->getItemPosition(Ljava/lang/Object;)I
05-28 23:15:39.704  4484  4484 D M_InsDal: Lcom/ichi2/anki/Statistics$OverviewStatisticsFragment;--->checkAndUpdate()V
05-28 23:15:39.704  4484  4484 D M_InsDal: Lcom/ichi2/anki/CollectionHelper;--->getInstance()Lcom/ichi2/anki/CollectionHelper;
05-28 23:15:39.704  4484  4484 D M_InsDal: Lcom/ichi2/anki/CollectionHelper;--->getCol(Landroid/content/Context;)Lcom/ichi2/libanki/Collection;
05-28 23:15:39.704  4484  4484 D M_InsDal: Lcom/ichi2/anki/CollectionHelper;--->getCollectionPath(Landroid/content/Context;)Ljava/lang/String;
05-28 23:15:39.704  4484  4484 D M_InsDal: Lcom/ichi2/anki/CollectionHelper;--->getCurrentAnkiDroidDirectory(Landroid/content/Context;)Ljava/lang/String;
05-28 23:15:39.704  4484  4484 D M_InsDal: Lcom/ichi2/anki/CollectionHelper;--->getDefaultAnkiDroidDirectory()Ljava/lang/String;
05-28 23:15:39.704  4484  4484 D M_InsDal: Lcom/ichi2/anki/CollectionHelper;--->colIsOpen()Z
05-28 23:15:39.704  4484  4484 D M_InsDal: Lcom/ichi2/anki/Statistics;--->getTaskHandler()Lcom/ichi2/anki/stats/AnkiStatsTaskHandler;
05-28 23:15:39.704  4484  4484 D M_InsDal: Lcom/ichi2/anki/stats/AnkiStatsTaskHandler;--->getStatType()Lcom/ichi2/libanki/Stats$AxisType;
05-28 23:15:39.704  4484  4484 D M_InsDal: Lcom/ichi2/anki/Statistics$OverviewStatisticsFragment;--->isWholeCollection()Z
05-28 23:15:39.704  4484  4484 D M_InsDal: Lcom/ichi2/anki/Statistics$SectionsPagerAdapter;--->getItemPosition(Ljava/lang/Object;)I
05-28 23:15:39.704  4484  4484 D M_InsDal: Lcom/ichi2/anki/Statistics$ChartFragment;--->checkAndUpdate()V
05-28 23:15:39.704  4484  4484 D M_InsDal: Lcom/ichi2/anki/Statistics$SectionsPagerAdapter;--->getItemPosition(Ljava/lang/Object;)I
05-28 23:15:39.704  4484  4484 D M_InsDal: Lcom/ichi2/anki/Statistics$ChartFragment;--->checkAndUpdate()V
05-28 23:15:39.704  4484  4484 D M_InsDal: Lcom/ichi2/anki/Statistics$SectionsPagerAdapter;--->getItemPosition(Ljava/lang/Object;)I
05-28 23:15:39.704  4484  4484 D M_InsDal: Lcom/ichi2/anki/Statistics$ChartFragment;--->checkAndUpdate()V
05-28 23:15:39.704  4484  4484 D M_InsDal: Lcom/ichi2/anki/Statistics$SectionsPagerAdapter;--->getItemPosition(Ljava/lang/Object;)I
05-28 23:15:39.704  4484  4484 D M_InsDal: Lcom/ichi2/anki/Statistics$ChartFragment;--->checkAndUpdate()V
05-28 23:15:39.704  4484  4484 D M_InsDal: Lcom/ichi2/anki/Statistics$SectionsPagerAdapter;--->getItemPosition(Ljava/lang/Object;)I
05-28 23:15:39.704  4484  4484 D M_InsDal: Lcom/ichi2/anki/Statistics$ChartFragment;--->checkAndUpdate()V
05-28 23:15:39.704  4484  4484 D M_InsDal: Lcom/ichi2/anki/Statistics$SectionsPagerAdapter;--->getItemPosition(Ljava/lang/Object;)I
05-28 23:15:39.704  4484  4484 D M_InsDal: Lcom/ichi2/anki/Statistics$ChartFragment;--->checkAndUpdate()V
05-28 23:15:39.704  4484  4484 D M_InsDal: Lcom/ichi2/anki/Statistics$SectionsPagerAdapter;--->getItemPosition(Ljava/lang/Object;)I
05-28 23:15:39.704  4484  4484 D M_InsDal: Lcom/ichi2/anki/Statistics$ChartFragment;--->checkAndUpdate()V
05-28 23:15:39.704  4484  4484 D M_InsDal: Lcom/ichi2/anki/Statistics$SectionsPagerAdapter;--->getItemPosition(Ljava/lang/Object;)I
05-28 23:15:39.704  4484  4484 D M_InsDal: Lcom/ichi2/anki/Statistics$ChartFragment;--->checkAndUpdate()V
05-28 23:15:39.705  4484  4484 D M_InsDal: Lcom/ichi2/anki/AnkiActivity;--->getCol()Lcom/ichi2/libanki/Collection;
05-28 23:15:39.705  4484  4484 D M_InsDal: Lcom/ichi2/anki/CollectionHelper;--->getInstance()Lcom/ichi2/anki/CollectionHelper;
05-28 23:15:39.705  4484  4484 D M_InsDal: Lcom/ichi2/anki/CollectionHelper;--->getCol(Landroid/content/Context;)Lcom/ichi2/libanki/Collection;
05-28 23:15:39.705  4484  4484 D M_InsDal: Lcom/ichi2/anki/CollectionHelper;--->getCollectionPath(Landroid/content/Context;)Ljava/lang/String;
05-28 23:15:39.705  4484  4484 D M_InsDal: Lcom/ichi2/anki/CollectionHelper;--->getCurrentAnkiDroidDirectory(Landroid/content/Context;)Ljava/lang/String;
05-28 23:15:39.705  4484  4484 D M_InsDal: Lcom/ichi2/anki/CollectionHelper;--->getDefaultAnkiDroidDirectory()Ljava/lang/String;
05-28 23:15:39.705  4484  4484 D M_InsDal: Lcom/ichi2/anki/CollectionHelper;--->colIsOpen()Z
05-28 23:15:39.705  4484  4484 D M_InsDal: Lcom/ichi2/anki/Statistics;--->selectDropDownItem(I)V
05-28 23:15:39.705  4484  4484 D M_InsDal: Lcom/ichi2/anki/widgets/DeckDropDownAdapter;--->getItemId(I)J
05-28 23:15:39.705  4484  4484 D M_InsDal: Lcom/ichi2/anki/AnkiActivity;--->getCol()Lcom/ichi2/libanki/Collection;
05-28 23:15:39.705  4484  4484 D M_InsDal: Lcom/ichi2/anki/CollectionHelper;--->getInstance()Lcom/ichi2/anki/CollectionHelper;
05-28 23:15:39.705  4484  4484 D M_InsDal: Lcom/ichi2/anki/CollectionHelper;--->getCol(Landroid/content/Context;)Lcom/ichi2/libanki/Collection;
05-28 23:15:39.705  4484  4484 D M_InsDal: Lcom/ichi2/anki/CollectionHelper;--->getCollectionPath(Landroid/content/Context;)Ljava/lang/String;
05-28 23:15:39.705  4484  4484 D M_InsDal: Lcom/ichi2/anki/CollectionHelper;--->getCurrentAnkiDroidDirectory(Landroid/content/Context;)Ljava/lang/String;
05-28 23:15:39.705  4484  4484 D M_InsDal: Lcom/ichi2/anki/CollectionHelper;--->getDefaultAnkiDroidDirectory()Ljava/lang/String;
05-28 23:15:39.705  4484  4484 D M_InsDal: Lcom/ichi2/anki/CollectionHelper;--->colIsOpen()Z
05-28 23:15:39.706  4484  4484 D M_InsDal: Lcom/ichi2/anki/stats/AnkiStatsTaskHandler;--->setIsWholeCollection(Z)V
05-28 23:15:39.706  4484  4484 D M_InsDal: Lcom/ichi2/anki/Statistics$SectionsPagerAdapter;--->getCount()I
05-28 23:15:39.706  4484  4484 D M_InsDal: Lcom/ichi2/anki/Statistics$SectionsPagerAdapter;--->getItemPosition(Ljava/lang/Object;)I
05-28 23:15:39.706  4484  4484 D M_InsDal: Lcom/ichi2/anki/Statistics$OverviewStatisticsFragment;--->checkAndUpdate()V
05-28 23:15:39.706  4484  4484 D M_InsDal: Lcom/ichi2/anki/CollectionHelper;--->getInstance()Lcom/ichi2/anki/CollectionHelper;
05-28 23:15:39.706  4484  4484 D M_InsDal: Lcom/ichi2/anki/CollectionHelper;--->getCol(Landroid/content/Context;)Lcom/ichi2/libanki/Collection;
05-28 23:15:39.706  4484  4484 D M_InsDal: Lcom/ichi2/anki/CollectionHelper;--->getCollectionPath(Landroid/content/Context;)Ljava/lang/String;
05-28 23:15:39.706  4484  4484 D M_InsDal: Lcom/ichi2/anki/CollectionHelper;--->getCurrentAnkiDroidDirectory(Landroid/content/Context;)Ljava/lang/String;
05-28 23:15:39.706  4484  4484 D M_InsDal: Lcom/ichi2/anki/CollectionHelper;--->getDefaultAnkiDroidDirectory()Ljava/lang/String;
05-28 23:15:39.706  4484  4484 D M_InsDal: Lcom/ichi2/anki/CollectionHelper;--->colIsOpen()Z
05-28 23:15:39.706  4484  4484 D M_InsDal: Lcom/ichi2/anki/Statistics;--->getTaskHandler()Lcom/ichi2/anki/stats/AnkiStatsTaskHandler;
05-28 23:15:39.706  4484  4484 D M_InsDal: Lcom/ichi2/anki/stats/AnkiStatsTaskHandler;--->getStatType()Lcom/ichi2/libanki/Stats$AxisType;
05-28 23:15:39.706  4484  4484 D M_InsDal: Lcom/ichi2/anki/Statistics$OverviewStatisticsFragment;--->isWholeCollection()Z
05-28 23:15:39.706  4484  4484 D M_InsDal: Lcom/ichi2/anki/Statistics$SectionsPagerAdapter;--->getItemPosition(Ljava/lang/Object;)I
05-28 23:15:39.706  4484  4484 D M_InsDal: Lcom/ichi2/anki/Statistics$ChartFragment;--->checkAndUpdate()V
05-28 23:15:39.706  4484  4484 D M_InsDal: Lcom/ichi2/anki/Statistics$SectionsPagerAdapter;--->getItemPosition(Ljava/lang/Object;)I
05-28 23:15:39.706  4484  4484 D M_InsDal: Lcom/ichi2/anki/Statistics$ChartFragment;--->checkAndUpdate()V
05-28 23:15:39.706  4484  4484 D M_InsDal: Lcom/ichi2/anki/Statistics$SectionsPagerAdapter;--->getItemPosition(Ljava/lang/Object;)I
05-28 23:15:39.706  4484  4484 D M_InsDal: Lcom/ichi2/anki/Statistics$ChartFragment;--->checkAndUpdate()V
05-28 23:15:39.706  4484  4484 D M_InsDal: Lcom/ichi2/anki/Statistics$SectionsPagerAdapter;--->getItemPosition(Ljava/lang/Object;)I
05-28 23:15:39.706  4484  4484 D M_InsDal: Lcom/ichi2/anki/Statistics$ChartFragment;--->checkAndUpdate()V
05-28 23:15:39.706  4484  4484 D M_InsDal: Lcom/ichi2/anki/Statistics$SectionsPagerAdapter;--->getItemPosition(Ljava/lang/Object;)I
05-28 23:15:39.706  4484  4484 D M_InsDal: Lcom/ichi2/anki/Statistics$ChartFragment;--->checkAndUpdate()V
05-28 23:15:39.706  4484  4484 D M_InsDal: Lcom/ichi2/anki/Statistics$SectionsPagerAdapter;--->getItemPosition(Ljava/lang/Object;)I
05-28 23:15:39.706  4484  4484 D M_InsDal: Lcom/ichi2/anki/Statistics$ChartFragment;--->checkAndUpdate()V
05-28 23:15:39.706  4484  4484 D M_InsDal: Lcom/ichi2/anki/Statistics$SectionsPagerAdapter;--->getItemPosition(Ljava/lang/Object;)I
05-28 23:15:39.706  4484  4484 D M_InsDal: Lcom/ichi2/anki/Statistics$ChartFragment;--->checkAndUpdate()V
05-28 23:15:39.706  4484  4484 D M_InsDal: Lcom/ichi2/anki/Statistics$SectionsPagerAdapter;--->getItemPosition(Ljava/lang/Object;)I
05-28 23:15:39.706  4484  4484 D M_InsDal: Lcom/ichi2/anki/Statistics$ChartFragment;--->checkAndUpdate()V
05-28 23:15:39.755  4484  4484 D M_InsDal: Lcom/ichi2/anki/Statistics;--->onCreateOptionsMenu(Landroid/view/Menu;)Z
05-28 23:15:39.756  4484  4484 D M_InsDal: Lcom/ichi2/anki/Statistics;--->onPrepareOptionsMenu(Landroid/view/Menu;)Z
05-28 23:15:39.756  4484  4484 D M_InsDal: Lcom/ichi2/anki/Statistics$2;---><clinit>()V
05-28 23:15:39.756  4484  4484 D M_InsDal: Lcom/ichi2/anki/stats/AnkiStatsTaskHandler;--->getStatType()Lcom/ichi2/libanki/Stats$AxisType;
05-28 23:15:39.760  4484  4484 D M_InsDal: Lcom/ichi2/anki/widgets/DeckDropDownAdapter;--->getCount()I
05-28 23:15:39.760  4484  4484 D M_InsDal: Lcom/ichi2/anki/widgets/DeckDropDownAdapter;--->getView(ILandroid/view/View;Landroid/view/ViewGroup;)Landroid/view/View;
05-28 23:15:39.761  4484  4484 D M_InsDal: Lcom/ichi2/anki/widgets/DeckDropDownAdapter$DeckDropDownViewHolder;---><init>()V
05-28 23:15:39.761  4484  4484 D M_InsDal: Lcom/ichi2/anki/Statistics;--->getSubtitleText()Ljava/lang/String;
05-28 23:15:39.763  4484  4484 D M_InsDal: Lcom/ichi2/anki/Statistics$SectionsPagerAdapter;--->getCount()I
05-28 23:15:39.763  4484  4484 D M_InsDal: Lcom/ichi2/anki/Statistics$SectionsPagerAdapter;--->getCount()I
05-28 23:15:39.764  4484  4484 D M_InsDal: Lcom/ichi2/anki/widgets/DeckDropDownAdapter;--->getCount()I
05-28 23:15:39.764  4484  4484 D M_InsDal: Lcom/ichi2/anki/Statistics$SectionsPagerAdapter;--->getCount()I
05-28 23:15:39.764  4484  4484 D M_InsDal: Lcom/ichi2/anki/Statistics$SectionsPagerAdapter;--->getCount()I
05-28 23:15:39.764  4484  4484 D M_InsDal: Lcom/ichi2/anki/widgets/DeckDropDownAdapter;--->getItemId(I)J
05-28 23:15:39.764  4484  4484 D M_InsDal: Lcom/ichi2/anki/widgets/DeckDropDownAdapter;--->getItemId(I)J
05-28 23:15:39.767  4484  4484 D M_InsDal: Lcom/ichi2/anki/stats/ChartView;--->onSizeChanged(IIII)V
05-28 23:15:39.767  4484  4484 D M_InsDal: Lcom/ichi2/anki/Statistics$ChartFragment;--->checkAndUpdate()V
05-28 23:15:39.767  4484  4484 D M_InsDal: Lcom/ichi2/anki/CollectionHelper;--->getInstance()Lcom/ichi2/anki/CollectionHelper;
05-28 23:15:39.767  4484  4484 D M_InsDal: Lcom/ichi2/anki/CollectionHelper;--->getCol(Landroid/content/Context;)Lcom/ichi2/libanki/Collection;
05-28 23:15:39.767  4484  4484 D M_InsDal: Lcom/ichi2/anki/CollectionHelper;--->getCollectionPath(Landroid/content/Context;)Ljava/lang/String;
05-28 23:15:39.767  4484  4484 D M_InsDal: Lcom/ichi2/anki/CollectionHelper;--->getCurrentAnkiDroidDirectory(Landroid/content/Context;)Ljava/lang/String;
05-28 23:15:39.767  4484  4484 D M_InsDal: Lcom/ichi2/anki/CollectionHelper;--->getDefaultAnkiDroidDirectory()Ljava/lang/String;
05-28 23:15:39.768  4484  4484 D M_InsDal: Lcom/ichi2/anki/CollectionHelper;--->colIsOpen()Z
05-28 23:15:39.768  4484  4484 D M_InsDal: Lcom/ichi2/anki/Statistics;--->getTaskHandler()Lcom/ichi2/anki/stats/AnkiStatsTaskHandler;
05-28 23:15:39.768  4484  4484 D M_InsDal: Lcom/ichi2/anki/stats/AnkiStatsTaskHandler;--->getStatType()Lcom/ichi2/libanki/Stats$AxisType;
05-28 23:15:39.768  4484  4484 D M_InsDal: Lcom/ichi2/anki/Statistics$ChartFragment;--->isWholeCollection()Z
05-28 23:15:39.768  4484  4484 D M_InsDal: Lcom/ichi2/anki/Statistics$ChartFragment;--->createChart()V
05-28 23:15:39.768  4484  4484 D M_InsDal: Lcom/ichi2/anki/Statistics;--->getTaskHandler()Lcom/ichi2/anki/stats/AnkiStatsTaskHandler;
05-28 23:15:39.768  4484  4484 D M_InsDal: Lcom/ichi2/anki/stats/AnkiStatsTaskHandler;--->createChart(Lcom/ichi2/libanki/Stats$ChartType;[Landroid/view/View;)Lcom/ichi2/anki/stats/AnkiStatsTaskHandler$CreateChartTask;
05-28 23:15:39.768  4484  4484 D M_InsDal: Lcom/ichi2/anki/stats/AnkiStatsTaskHandler$CreateChartTask;---><init>(Lcom/ichi2/anki/stats/AnkiStatsTaskHandler;Lcom/ichi2/libanki/Stats$ChartType;)V
05-28 23:15:39.768  4484  4484 D M_InsDal: Lcom/ichi2/anki/stats/ChartView;--->onSizeChanged(IIII)V
05-28 23:15:39.768  4484  4484 D M_InsDal: Lcom/ichi2/anki/Statistics$ChartFragment;--->checkAndUpdate()V
05-28 23:15:39.768  4484  4543 D M_InsDal: Lcom/ichi2/anki/stats/AnkiStatsTaskHandler$CreateChartTask;--->doInBackground([Landroid/view/View;)Lcom/wildplot/android/rendering/PlotSheet;
05-28 23:15:39.768  4484  4484 D M_InsDal: Lcom/ichi2/anki/CollectionHelper;--->getInstance()Lcom/ichi2/anki/CollectionHelper;
05-28 23:15:39.768  4484  4484 D M_InsDal: Lcom/ichi2/anki/CollectionHelper;--->getCol(Landroid/content/Context;)Lcom/ichi2/libanki/Collection;
05-28 23:15:39.768  4484  4484 D M_InsDal: Lcom/ichi2/anki/CollectionHelper;--->getCollectionPath(Landroid/content/Context;)Ljava/lang/String;
05-28 23:15:39.768  4484  4484 D M_InsDal: Lcom/ichi2/anki/CollectionHelper;--->getCurrentAnkiDroidDirectory(Landroid/content/Context;)Ljava/lang/String;
05-28 23:15:39.768  4484  4543 D M_InsDal: Lcom/ichi2/anki/stats/ChartBuilder;---><init>(Lcom/ichi2/anki/stats/ChartView;Lcom/ichi2/libanki/Collection;ZLcom/ichi2/libanki/Stats$ChartType;)V
05-28 23:15:39.768  4484  4484 D M_InsDal: Lcom/ichi2/anki/CollectionHelper;--->getDefaultAnkiDroidDirectory()Ljava/lang/String;
05-28 23:15:39.768  4484  4543 D M_InsDal: Lcom/ichi2/anki/stats/ChartBuilder;--->renderChart(Lcom/ichi2/libanki/Stats$AxisType;)Lcom/wildplot/android/rendering/PlotSheet;
05-28 23:15:39.768  4484  4543 D M_InsDal: Lcom/ichi2/anki/stats/ChartBuilder;--->calcStats(Lcom/ichi2/libanki/Stats$AxisType;)V
05-28 23:15:39.768  4484  4543 D M_InsDal: Lcom/ichi2/anki/stats/StatsMetaInfo;---><init>()V
05-28 23:15:39.768  4484  4543 D M_InsDal: Lcom/ichi2/anki/stats/StatsMetaInfo;--->isStatsCalculated()Z
05-28 23:15:39.768  4484  4484 D M_InsDal: Lcom/ichi2/anki/CollectionHelper;--->colIsOpen()Z
05-28 23:15:39.768  4484  4484 D M_InsDal: Lcom/ichi2/anki/Statistics;--->getTaskHandler()Lcom/ichi2/anki/stats/AnkiStatsTaskHandler;
05-28 23:15:39.768  4484  4484 D M_InsDal: Lcom/ichi2/anki/stats/AnkiStatsTaskHandler;--->getStatType()Lcom/ichi2/libanki/Stats$AxisType;
05-28 23:15:39.768  4484  4484 D M_InsDal: Lcom/ichi2/anki/Statistics$ChartFragment;--->isWholeCollection()Z
05-28 23:15:39.768  4484  4484 D M_InsDal: Lcom/ichi2/anki/Statistics$ChartFragment;--->createChart()V
05-28 23:15:39.768  4484  4484 D M_InsDal: Lcom/ichi2/anki/Statistics;--->getTaskHandler()Lcom/ichi2/anki/stats/AnkiStatsTaskHandler;
05-28 23:15:39.768  4484  4484 D M_InsDal: Lcom/ichi2/anki/stats/AnkiStatsTaskHandler;--->createChart(Lcom/ichi2/libanki/Stats$ChartType;[Landroid/view/View;)Lcom/ichi2/anki/stats/AnkiStatsTaskHandler$CreateChartTask;
05-28 23:15:39.768  4484  4484 D M_InsDal: Lcom/ichi2/anki/stats/AnkiStatsTaskHandler$CreateChartTask;---><init>(Lcom/ichi2/anki/stats/AnkiStatsTaskHandler;Lcom/ichi2/libanki/Stats$ChartType;)V
05-28 23:15:39.768  4484  4484 D M_InsDal: Lcom/ichi2/anki/stats/ChartView;--->onSizeChanged(IIII)V
05-28 23:15:39.768  4484  4484 D M_InsDal: Lcom/ichi2/anki/Statistics$ChartFragment;--->checkAndUpdate()V
05-28 23:15:39.768  4484  4484 D M_InsDal: Lcom/ichi2/anki/CollectionHelper;--->getInstance()Lcom/ichi2/anki/CollectionHelper;
05-28 23:15:39.768  4484  4484 D M_InsDal: Lcom/ichi2/anki/CollectionHelper;--->getCol(Landroid/content/Context;)Lcom/ichi2/libanki/Collection;
05-28 23:15:39.768  4484  4484 D M_InsDal: Lcom/ichi2/anki/CollectionHelper;--->getCollectionPath(Landroid/content/Context;)Ljava/lang/String;
05-28 23:15:39.768  4484  4484 D M_InsDal: Lcom/ichi2/anki/CollectionHelper;--->getCurrentAnkiDroidDirectory(Landroid/content/Context;)Ljava/lang/String;
05-28 23:15:39.768  4484  4484 D M_InsDal: Lcom/ichi2/anki/CollectionHelper;--->getDefaultAnkiDroidDirectory()Ljava/lang/String;
05-28 23:15:39.768  4484  4543 D M_InsDal: Lcom/ichi2/anki/stats/AnkiStatsTaskHandler;--->getInstance()Lcom/ichi2/anki/stats/AnkiStatsTaskHandler;
05-28 23:15:39.769  4484  4543 D M_InsDal: Lcom/ichi2/anki/stats/AnkiStatsTaskHandler;--->getmStandardTextSize()F
05-28 23:15:39.769  4484  4484 D M_InsDal: Lcom/ichi2/anki/CollectionHelper;--->colIsOpen()Z
05-28 23:15:39.769  4484  4484 D M_InsDal: Lcom/ichi2/anki/Statistics;--->getTaskHandler()Lcom/ichi2/anki/stats/AnkiStatsTaskHandler;
05-28 23:15:39.769  4484  4484 D M_InsDal: Lcom/ichi2/anki/stats/AnkiStatsTaskHandler;--->getStatType()Lcom/ichi2/libanki/Stats$AxisType;
05-28 23:15:39.769  4484  4484 D M_InsDal: Lcom/ichi2/anki/Statistics$ChartFragment;--->isWholeCollection()Z
05-28 23:15:39.769  4484  4484 D M_InsDal: Lcom/ichi2/anki/Statistics$ChartFragment;--->createChart()V
05-28 23:15:39.769  4484  4484 D M_InsDal: Lcom/ichi2/anki/Statistics;--->getTaskHandler()Lcom/ichi2/anki/stats/AnkiStatsTaskHandler;
05-28 23:15:39.769  4484  4484 D M_InsDal: Lcom/ichi2/anki/stats/AnkiStatsTaskHandler;--->createChart(Lcom/ichi2/libanki/Stats$ChartType;[Landroid/view/View;)Lcom/ichi2/anki/stats/AnkiStatsTaskHandler$CreateChartTask;
05-28 23:15:39.769  4484  4484 D M_InsDal: Lcom/ichi2/anki/stats/AnkiStatsTaskHandler$CreateChartTask;---><init>(Lcom/ichi2/anki/stats/AnkiStatsTaskHandler;Lcom/ichi2/libanki/Stats$ChartType;)V
05-28 23:15:39.769  4484  4484 D M_InsDal: Lcom/ichi2/anki/stats/ChartView;--->onSizeChanged(IIII)V
05-28 23:15:39.769  4484  4484 D M_InsDal: Lcom/ichi2/anki/Statistics$ChartFragment;--->checkAndUpdate()V
05-28 23:15:39.769  4484  4484 D M_InsDal: Lcom/ichi2/anki/CollectionHelper;--->getInstance()Lcom/ichi2/anki/CollectionHelper;
05-28 23:15:39.769  4484  4484 D M_InsDal: Lcom/ichi2/anki/CollectionHelper;--->getCol(Landroid/content/Context;)Lcom/ichi2/libanki/Collection;
05-28 23:15:39.769  4484  4484 D M_InsDal: Lcom/ichi2/anki/CollectionHelper;--->getCollectionPath(Landroid/content/Context;)Ljava/lang/String;
05-28 23:15:39.769  4484  4484 D M_InsDal: Lcom/ichi2/anki/CollectionHelper;--->getCurrentAnkiDroidDirectory(Landroid/content/Context;)Ljava/lang/String;
05-28 23:15:39.769  4484  4484 D M_InsDal: Lcom/ichi2/anki/CollectionHelper;--->getDefaultAnkiDroidDirectory()Ljava/lang/String;
05-28 23:15:39.769  4484  4543 D M_InsDal: Lcom/ichi2/anki/stats/ChartBuilder;--->setupCumulative(Lcom/wildplot/android/rendering/PlotSheet;Lcom/wildplot/android/rendering/PlotSheet;)V
05-28 23:15:39.769  4484  4543 D M_InsDal: Lcom/ichi2/anki/stats/ChartBuilder;--->setupBarGraphs(Lcom/wildplot/android/rendering/PlotSheet;Lcom/wildplot/android/rendering/PlotSheet;)V
05-28 23:15:39.769  4484  4543 D M_InsDal: Lcom/ichi2/anki/stats/ChartBuilder;--->ticksCalcX(ILcom/wildplot/android/rendering/graphics/wrapper/RectangleWrap;DD)D
05-28 23:15:39.769  4484  4543 D M_InsDal: Lcom/ichi2/anki/stats/ChartBuilder;--->setupXaxis(Lcom/wildplot/android/rendering/PlotSheet;DZ)V
05-28 23:15:39.769  4484  4484 D M_InsDal: Lcom/ichi2/anki/CollectionHelper;--->colIsOpen()Z
05-28 23:15:39.769  4484  4484 D M_InsDal: Lcom/ichi2/anki/Statistics;--->getTaskHandler()Lcom/ichi2/anki/stats/AnkiStatsTaskHandler;
05-28 23:15:39.769  4484  4484 D M_InsDal: Lcom/ichi2/anki/stats/AnkiStatsTaskHandler;--->getStatType()Lcom/ichi2/libanki/Stats$AxisType;
05-28 23:15:39.769  4484  4484 D M_InsDal: Lcom/ichi2/anki/Statistics$ChartFragment;--->isWholeCollection()Z
05-28 23:15:39.769  4484  4484 D M_InsDal: Lcom/ichi2/anki/Statistics$ChartFragment;--->createChart()V
05-28 23:15:39.769  4484  4484 D M_InsDal: Lcom/ichi2/anki/Statistics;--->getTaskHandler()Lcom/ichi2/anki/stats/AnkiStatsTaskHandler;
05-28 23:15:39.769  4484  4484 D M_InsDal: Lcom/ichi2/anki/stats/AnkiStatsTaskHandler;--->createChart(Lcom/ichi2/libanki/Stats$ChartType;[Landroid/view/View;)Lcom/ichi2/anki/stats/AnkiStatsTaskHandler$CreateChartTask;
05-28 23:15:39.769  4484  4484 D M_InsDal: Lcom/ichi2/anki/stats/AnkiStatsTaskHandler$CreateChartTask;---><init>(Lcom/ichi2/anki/stats/AnkiStatsTaskHandler;Lcom/ichi2/libanki/Stats$ChartType;)V
05-28 23:15:39.769  4484  4484 D M_InsDal: Lcom/ichi2/anki/stats/ChartView;--->onSizeChanged(IIII)V
05-28 23:15:39.769  4484  4484 D M_InsDal: Lcom/ichi2/anki/Statistics$ChartFragment;--->checkAndUpdate()V
05-28 23:15:39.769  4484  4484 D M_InsDal: Lcom/ichi2/anki/CollectionHelper;--->getInstance()Lcom/ichi2/anki/CollectionHelper;
05-28 23:15:39.769  4484  4484 D M_InsDal: Lcom/ichi2/anki/CollectionHelper;--->getCol(Landroid/content/Context;)Lcom/ichi2/libanki/Collection;
05-28 23:15:39.769  4484  4484 D M_InsDal: Lcom/ichi2/anki/CollectionHelper;--->getCollectionPath(Landroid/content/Context;)Ljava/lang/String;
05-28 23:15:39.769  4484  4484 D M_InsDal: Lcom/ichi2/anki/CollectionHelper;--->getCurrentAnkiDroidDirectory(Landroid/content/Context;)Ljava/lang/String;
05-28 23:15:39.769  4484  4484 D M_InsDal: Lcom/ichi2/anki/CollectionHelper;--->getDefaultAnkiDroidDirectory()Ljava/lang/String;
05-28 23:15:39.769  4484  4543 D M_InsDal: Lcom/ichi2/anki/stats/ChartBuilder;--->ticksCalcY(ILcom/wildplot/android/rendering/graphics/wrapper/RectangleWrap;DD)D
05-28 23:15:39.769  4484  4543 D M_InsDal: Lcom/ichi2/anki/stats/ChartBuilder;--->ticsCalc(ILcom/wildplot/android/rendering/graphics/wrapper/RectangleWrap;D)D
05-28 23:15:39.769  4484  4543 D M_InsDal: Lcom/ichi2/anki/stats/ChartBuilder;--->setupYaxis(Lcom/wildplot/android/rendering/PlotSheet;Lcom/wildplot/android/rendering/PlotSheet;DIZZ)V
05-28 23:15:39.769  4484  4543 D M_InsDal: Lcom/ichi2/anki/stats/ChartBuilder;--->ticsCalc(ILcom/wildplot/android/rendering/graphics/wrapper/RectangleWrap;D)D
05-28 23:15:39.769  4484  4543 D M_InsDal: Lcom/ichi2/anki/stats/ChartBuilder;--->setupYaxis(Lcom/wildplot/android/rendering/PlotSheet;Lcom/wildplot/android/rendering/PlotSheet;DIZZ)V
05-28 23:15:39.769  4484  4484 D M_InsDal: Lcom/ichi2/anki/CollectionHelper;--->colIsOpen()Z
05-28 23:15:39.769  4484  4484 D M_InsDal: Lcom/ichi2/anki/Statistics;--->getTaskHandler()Lcom/ichi2/anki/stats/AnkiStatsTaskHandler;
05-28 23:15:39.769  4484  4484 D M_InsDal: Lcom/ichi2/anki/stats/AnkiStatsTaskHandler;--->getStatType()Lcom/ichi2/libanki/Stats$AxisType;
05-28 23:15:39.769  4484  4484 D M_InsDal: Lcom/ichi2/anki/Statistics$ChartFragment;--->isWholeCollection()Z
05-28 23:15:39.769  4484  4484 D M_InsDal: Lcom/ichi2/anki/Statistics$ChartFragment;--->createChart()V
05-28 23:15:39.769  4484  4484 D M_InsDal: Lcom/ichi2/anki/Statistics;--->getTaskHandler()Lcom/ichi2/anki/stats/AnkiStatsTaskHandler;
05-28 23:15:39.769  4484  4543 D M_InsDal: Lcom/ichi2/anki/stats/ChartBuilder;--->setupGrid(Lcom/wildplot/android/rendering/PlotSheet;DD)V
05-28 23:15:39.769  4484  4484 D M_InsDal: Lcom/ichi2/anki/stats/AnkiStatsTaskHandler;--->createChart(Lcom/ichi2/libanki/Stats$ChartType;[Landroid/view/View;)Lcom/ichi2/anki/stats/AnkiStatsTaskHandler$CreateChartTask;
05-28 23:15:39.769  4484  4484 D M_InsDal: Lcom/ichi2/anki/stats/AnkiStatsTaskHandler$CreateChartTask;---><init>(Lcom/ichi2/anki/stats/AnkiStatsTaskHandler;Lcom/ichi2/libanki/Stats$ChartType;)V
05-28 23:15:39.769  4484  4484 D M_InsDal: Lcom/ichi2/anki/stats/ChartView;--->onSizeChanged(IIII)V
05-28 23:15:39.769  4484  4484 D M_InsDal: Lcom/ichi2/anki/Statistics$ChartFragment;--->checkAndUpdate()V
05-28 23:15:39.769  4484  4484 D M_InsDal: Lcom/ichi2/anki/CollectionHelper;--->getInstance()Lcom/ichi2/anki/CollectionHelper;
05-28 23:15:39.769  4484  4484 D M_InsDal: Lcom/ichi2/anki/CollectionHelper;--->getCol(Landroid/content/Context;)Lcom/ichi2/libanki/Collection;
05-28 23:15:39.769  4484  4484 D M_InsDal: Lcom/ichi2/anki/CollectionHelper;--->getCollectionPath(Landroid/content/Context;)Ljava/lang/String;
05-28 23:15:39.769  4484  4484 D M_InsDal: Lcom/ichi2/anki/CollectionHelper;--->getCurrentAnkiDroidDirectory(Landroid/content/Context;)Ljava/lang/String;
05-28 23:15:39.769  4484  4484 D M_InsDal: Lcom/ichi2/anki/CollectionHelper;--->getDefaultAnkiDroidDirectory()Ljava/lang/String;
05-28 23:15:39.769  4484  4543 D M_InsDal: Lcom/ichi2/anki/stats/AnkiStatsTaskHandler$CreateChartTask;--->doInBackground([Landroid/view/View;)Lcom/wildplot/android/rendering/PlotSheet;
05-28 23:15:39.770  4484  4543 D M_InsDal: Lcom/ichi2/anki/stats/ChartBuilder;---><init>(Lcom/ichi2/anki/stats/ChartView;Lcom/ichi2/libanki/Collection;ZLcom/ichi2/libanki/Stats$ChartType;)V
05-28 23:15:39.770  4484  4543 D M_InsDal: Lcom/ichi2/anki/stats/ChartBuilder;--->renderChart(Lcom/ichi2/libanki/Stats$AxisType;)Lcom/wildplot/android/rendering/PlotSheet;
05-28 23:15:39.770  4484  4543 D M_InsDal: Lcom/ichi2/anki/stats/ChartBuilder;--->calcStats(Lcom/ichi2/libanki/Stats$AxisType;)V
05-28 23:15:39.770  4484  4484 D M_InsDal: Lcom/ichi2/anki/CollectionHelper;--->colIsOpen()Z
05-28 23:15:39.770  4484  4484 D M_InsDal: Lcom/ichi2/anki/Statistics;--->getTaskHandler()Lcom/ichi2/anki/stats/AnkiStatsTaskHandler;
05-28 23:15:39.770  4484  4484 D M_InsDal: Lcom/ichi2/anki/stats/AnkiStatsTaskHandler;--->getStatType()Lcom/ichi2/libanki/Stats$AxisType;
05-28 23:15:39.770  4484  4484 D M_InsDal: Lcom/ichi2/anki/Statistics$ChartFragment;--->isWholeCollection()Z
05-28 23:15:39.770  4484  4484 D M_InsDal: Lcom/ichi2/anki/Statistics$ChartFragment;--->createChart()V
05-28 23:15:39.770  4484  4484 D M_InsDal: Lcom/ichi2/anki/Statistics;--->getTaskHandler()Lcom/ichi2/anki/stats/AnkiStatsTaskHandler;
05-28 23:15:39.770  4484  4484 D M_InsDal: Lcom/ichi2/anki/stats/AnkiStatsTaskHandler;--->createChart(Lcom/ichi2/libanki/Stats$ChartType;[Landroid/view/View;)Lcom/ichi2/anki/stats/AnkiStatsTaskHandler$CreateChartTask;
05-28 23:15:39.770  4484  4484 D M_InsDal: Lcom/ichi2/anki/stats/AnkiStatsTaskHandler$CreateChartTask;---><init>(Lcom/ichi2/anki/stats/AnkiStatsTaskHandler;Lcom/ichi2/libanki/Stats$ChartType;)V
05-28 23:15:39.770  4484  4543 D M_InsDal: Lcom/ichi2/anki/stats/AnkiStatsTaskHandler;--->getInstance()Lcom/ichi2/anki/stats/AnkiStatsTaskHandler;
05-28 23:15:39.770  4484  4543 D M_InsDal: Lcom/ichi2/anki/stats/AnkiStatsTaskHandler;--->getmStandardTextSize()F
05-28 23:15:39.770  4484  4484 D M_InsDal: Lcom/ichi2/anki/stats/ChartView;--->onSizeChanged(IIII)V
05-28 23:15:39.770  4484  4484 D M_InsDal: Lcom/ichi2/anki/Statistics$ChartFragment;--->checkAndUpdate()V
05-28 23:15:39.770  4484  4543 D M_InsDal: Lcom/ichi2/anki/stats/ChartBuilder;--->setupCumulative(Lcom/wildplot/android/rendering/PlotSheet;Lcom/wildplot/android/rendering/PlotSheet;)V
05-28 23:15:39.770  4484  4484 D M_InsDal: Lcom/ichi2/anki/CollectionHelper;--->getInstance()Lcom/ichi2/anki/CollectionHelper;
05-28 23:15:39.770  4484  4484 D M_InsDal: Lcom/ichi2/anki/CollectionHelper;--->getCol(Landroid/content/Context;)Lcom/ichi2/libanki/Collection;
05-28 23:15:39.770  4484  4484 D M_InsDal: Lcom/ichi2/anki/CollectionHelper;--->getCollectionPath(Landroid/content/Context;)Ljava/lang/String;
05-28 23:15:39.770  4484  4484 D M_InsDal: Lcom/ichi2/anki/CollectionHelper;--->getCurrentAnkiDroidDirectory(Landroid/content/Context;)Ljava/lang/String;
05-28 23:15:39.770  4484  4484 D M_InsDal: Lcom/ichi2/anki/CollectionHelper;--->getDefaultAnkiDroidDirectory()Ljava/lang/String;
05-28 23:15:39.770  4484  4543 D M_InsDal: Lcom/ichi2/anki/stats/ChartBuilder;--->setupBarGraphs(Lcom/wildplot/android/rendering/PlotSheet;Lcom/wildplot/android/rendering/PlotSheet;)V
05-28 23:15:39.770  4484  4543 D M_InsDal: Lcom/ichi2/anki/stats/ChartBuilder;--->ticksCalcX(ILcom/wildplot/android/rendering/graphics/wrapper/RectangleWrap;DD)D
05-28 23:15:39.770  4484  4543 D M_InsDal: Lcom/ichi2/anki/stats/ChartBuilder;--->setupXaxis(Lcom/wildplot/android/rendering/PlotSheet;DZ)V
05-28 23:15:39.770  4484  4484 D M_InsDal: Lcom/ichi2/anki/CollectionHelper;--->colIsOpen()Z
05-28 23:15:39.770  4484  4484 D M_InsDal: Lcom/ichi2/anki/Statistics;--->getTaskHandler()Lcom/ichi2/anki/stats/AnkiStatsTaskHandler;
05-28 23:15:39.770  4484  4484 D M_InsDal: Lcom/ichi2/anki/stats/AnkiStatsTaskHandler;--->getStatType()Lcom/ichi2/libanki/Stats$AxisType;
05-28 23:15:39.770  4484  4484 D M_InsDal: Lcom/ichi2/anki/Statistics$ChartFragment;--->isWholeCollection()Z
05-28 23:15:39.770  4484  4484 D M_InsDal: Lcom/ichi2/anki/Statistics$ChartFragment;--->createChart()V
05-28 23:15:39.770  4484  4484 D M_InsDal: Lcom/ichi2/anki/Statistics;--->getTaskHandler()Lcom/ichi2/anki/stats/AnkiStatsTaskHandler;
05-28 23:15:39.770  4484  4484 D M_InsDal: Lcom/ichi2/anki/stats/AnkiStatsTaskHandler;--->createChart(Lcom/ichi2/libanki/Stats$ChartType;[Landroid/view/View;)Lcom/ichi2/anki/stats/AnkiStatsTaskHandler$CreateChartTask;
05-28 23:15:39.770  4484  4484 D M_InsDal: Lcom/ichi2/anki/stats/AnkiStatsTaskHandler$CreateChartTask;---><init>(Lcom/ichi2/anki/stats/AnkiStatsTaskHandler;Lcom/ichi2/libanki/Stats$ChartType;)V
05-28 23:15:39.771  4484  4484 D M_InsDal: Lcom/ichi2/anki/stats/ChartView;--->onSizeChanged(IIII)V
05-28 23:15:39.771  4484  4484 D M_InsDal: Lcom/ichi2/anki/Statistics$ChartFragment;--->checkAndUpdate()V
05-28 23:15:39.771  4484  4543 D M_InsDal: Lcom/ichi2/anki/stats/ChartBuilder;--->ticksCalcY(ILcom/wildplot/android/rendering/graphics/wrapper/RectangleWrap;DD)D
05-28 23:15:39.771  4484  4543 D M_InsDal: Lcom/ichi2/anki/stats/ChartBuilder;--->ticsCalc(ILcom/wildplot/android/rendering/graphics/wrapper/RectangleWrap;D)D
05-28 23:15:39.771  4484  4484 D M_InsDal: Lcom/ichi2/anki/CollectionHelper;--->getInstance()Lcom/ichi2/anki/CollectionHelper;
05-28 23:15:39.771  4484  4484 D M_InsDal: Lcom/ichi2/anki/CollectionHelper;--->getCol(Landroid/content/Context;)Lcom/ichi2/libanki/Collection;
05-28 23:15:39.771  4484  4484 D M_InsDal: Lcom/ichi2/anki/CollectionHelper;--->getCollectionPath(Landroid/content/Context;)Ljava/lang/String;
05-28 23:15:39.771  4484  4484 D M_InsDal: Lcom/ichi2/anki/CollectionHelper;--->getCurrentAnkiDroidDirectory(Landroid/content/Context;)Ljava/lang/String;
05-28 23:15:39.771  4484  4543 D M_InsDal: Lcom/ichi2/anki/stats/ChartBuilder;--->setupYaxis(Lcom/wildplot/android/rendering/PlotSheet;Lcom/wildplot/android/rendering/PlotSheet;DIZZ)V
05-28 23:15:39.771  4484  4484 D M_InsDal: Lcom/ichi2/anki/CollectionHelper;--->getDefaultAnkiDroidDirectory()Ljava/lang/String;
05-28 23:15:39.771  4484  4543 D M_InsDal: Lcom/ichi2/anki/stats/ChartBuilder;--->ticsCalc(ILcom/wildplot/android/rendering/graphics/wrapper/RectangleWrap;D)D
05-28 23:15:39.771  4484  4543 D M_InsDal: Lcom/ichi2/anki/stats/ChartBuilder;--->setupYaxis(Lcom/wildplot/android/rendering/PlotSheet;Lcom/wildplot/android/rendering/PlotSheet;DIZZ)V
05-28 23:15:39.771  4484  4543 D M_InsDal: Lcom/ichi2/anki/stats/ChartBuilder;--->setupGrid(Lcom/wildplot/android/rendering/PlotSheet;DD)V
05-28 23:15:39.771  4484  4543 D M_InsDal: Lcom/ichi2/anki/stats/AnkiStatsTaskHandler$CreateChartTask;--->doInBackground([Landroid/view/View;)Lcom/wildplot/android/rendering/PlotSheet;
05-28 23:15:39.771  4484  4543 D M_InsDal: Lcom/ichi2/anki/stats/ChartBuilder;---><init>(Lcom/ichi2/anki/stats/ChartView;Lcom/ichi2/libanki/Collection;ZLcom/ichi2/libanki/Stats$ChartType;)V
05-28 23:15:39.771  4484  4543 D M_InsDal: Lcom/ichi2/anki/stats/ChartBuilder;--->renderChart(Lcom/ichi2/libanki/Stats$AxisType;)Lcom/wildplot/android/rendering/PlotSheet;
05-28 23:15:39.771  4484  4543 D M_InsDal: Lcom/ichi2/anki/stats/ChartBuilder;--->calcStats(Lcom/ichi2/libanki/Stats$AxisType;)V
05-28 23:15:39.771  4484  4484 D M_InsDal: Lcom/ichi2/anki/CollectionHelper;--->colIsOpen()Z
05-28 23:15:39.771  4484  4484 D M_InsDal: Lcom/ichi2/anki/Statistics;--->getTaskHandler()Lcom/ichi2/anki/stats/AnkiStatsTaskHandler;
05-28 23:15:39.771  4484  4484 D M_InsDal: Lcom/ichi2/anki/stats/AnkiStatsTaskHandler;--->getStatType()Lcom/ichi2/libanki/Stats$AxisType;
05-28 23:15:39.771  4484  4484 D M_InsDal: Lcom/ichi2/anki/Statistics$ChartFragment;--->isWholeCollection()Z
05-28 23:15:39.771  4484  4484 D M_InsDal: Lcom/ichi2/anki/Statistics$ChartFragment;--->createChart()V
05-28 23:15:39.771  4484  4484 D M_InsDal: Lcom/ichi2/anki/Statistics;--->getTaskHandler()Lcom/ichi2/anki/stats/AnkiStatsTaskHandler;
05-28 23:15:39.771  4484  4484 D M_InsDal: Lcom/ichi2/anki/stats/AnkiStatsTaskHandler;--->createChart(Lcom/ichi2/libanki/Stats$ChartType;[Landroid/view/View;)Lcom/ichi2/anki/stats/AnkiStatsTaskHandler$CreateChartTask;
05-28 23:15:39.771  4484  4484 D M_InsDal: Lcom/ichi2/anki/stats/AnkiStatsTaskHandler$CreateChartTask;---><init>(Lcom/ichi2/anki/stats/AnkiStatsTaskHandler;Lcom/ichi2/libanki/Stats$ChartType;)V
05-28 23:15:39.774  4484  4543 D M_InsDal: Lcom/ichi2/anki/stats/AnkiStatsTaskHandler;--->getInstance()Lcom/ichi2/anki/stats/AnkiStatsTaskHandler;
05-28 23:15:39.774  4484  4543 D M_InsDal: Lcom/ichi2/anki/stats/AnkiStatsTaskHandler;--->getmStandardTextSize()F
05-28 23:15:39.774  4484  4543 D M_InsDal: Lcom/ichi2/anki/stats/ChartBuilder;--->setupCumulative(Lcom/wildplot/android/rendering/PlotSheet;Lcom/wildplot/android/rendering/PlotSheet;)V
05-28 23:15:39.774  4484  4543 D M_InsDal: Lcom/ichi2/anki/stats/ChartBuilder;--->setupBarGraphs(Lcom/wildplot/android/rendering/PlotSheet;Lcom/wildplot/android/rendering/PlotSheet;)V
05-28 23:15:39.775  4484  4543 D M_InsDal: Lcom/ichi2/anki/stats/ChartBuilder;--->ticksCalcX(ILcom/wildplot/android/rendering/graphics/wrapper/RectangleWrap;DD)D
05-28 23:15:39.775  4484  4543 D M_InsDal: Lcom/ichi2/anki/stats/ChartBuilder;--->setupXaxis(Lcom/wildplot/android/rendering/PlotSheet;DZ)V
05-28 23:15:39.775  4484  4543 D M_InsDal: Lcom/ichi2/anki/stats/ChartBuilder;--->ticksCalcY(ILcom/wildplot/android/rendering/graphics/wrapper/RectangleWrap;DD)D
05-28 23:15:39.775  4484  4543 D M_InsDal: Lcom/ichi2/anki/stats/ChartBuilder;--->ticsCalc(ILcom/wildplot/android/rendering/graphics/wrapper/RectangleWrap;D)D
05-28 23:15:39.775  4484  4543 D M_InsDal: Lcom/ichi2/anki/stats/ChartBuilder;--->setupYaxis(Lcom/wildplot/android/rendering/PlotSheet;Lcom/wildplot/android/rendering/PlotSheet;DIZZ)V
05-28 23:15:39.775  4484  4543 D M_InsDal: Lcom/ichi2/anki/stats/ChartBuilder;--->ticsCalc(ILcom/wildplot/android/rendering/graphics/wrapper/RectangleWrap;D)D
05-28 23:15:39.775  4484  4543 D M_InsDal: Lcom/ichi2/anki/stats/ChartBuilder;--->setupYaxis(Lcom/wildplot/android/rendering/PlotSheet;Lcom/wildplot/android/rendering/PlotSheet;DIZZ)V
05-28 23:15:39.775  4484  4543 D M_InsDal: Lcom/ichi2/anki/stats/ChartBuilder;--->setupGrid(Lcom/wildplot/android/rendering/PlotSheet;DD)V
05-28 23:15:39.775  4484  4543 D M_InsDal: Lcom/ichi2/anki/stats/AnkiStatsTaskHandler$CreateChartTask;--->doInBackground([Landroid/view/View;)Lcom/wildplot/android/rendering/PlotSheet;
05-28 23:15:39.775  4484  4543 D M_InsDal: Lcom/ichi2/anki/stats/ChartBuilder;---><init>(Lcom/ichi2/anki/stats/ChartView;Lcom/ichi2/libanki/Collection;ZLcom/ichi2/libanki/Stats$ChartType;)V
05-28 23:15:39.775  4484  4543 D M_InsDal: Lcom/ichi2/anki/stats/ChartBuilder;--->renderChart(Lcom/ichi2/libanki/Stats$AxisType;)Lcom/wildplot/android/rendering/PlotSheet;
05-28 23:15:39.775  4484  4543 D M_InsDal: Lcom/ichi2/anki/stats/ChartBuilder;--->calcStats(Lcom/ichi2/libanki/Stats$AxisType;)V
05-28 23:15:39.776  4484  4543 D M_InsDal: Lcom/ichi2/anki/stats/AnkiStatsTaskHandler;--->getInstance()Lcom/ichi2/anki/stats/AnkiStatsTaskHandler;
05-28 23:15:39.776  4484  4543 D M_InsDal: Lcom/ichi2/anki/stats/AnkiStatsTaskHandler;--->getmStandardTextSize()F
05-28 23:15:39.776  4484  4543 D M_InsDal: Lcom/ichi2/anki/stats/ChartBuilder;--->setupCumulative(Lcom/wildplot/android/rendering/PlotSheet;Lcom/wildplot/android/rendering/PlotSheet;)V
05-28 23:15:39.776  4484  4543 D M_InsDal: Lcom/ichi2/anki/stats/ChartBuilder;--->setupBarGraphs(Lcom/wildplot/android/rendering/PlotSheet;Lcom/wildplot/android/rendering/PlotSheet;)V
05-28 23:15:39.776  4484  4543 D M_InsDal: Lcom/ichi2/anki/stats/ChartBuilder;--->ticksCalcX(ILcom/wildplot/android/rendering/graphics/wrapper/RectangleWrap;DD)D
05-28 23:15:39.776  4484  4543 D M_InsDal: Lcom/ichi2/anki/stats/ChartBuilder;--->setupXaxis(Lcom/wildplot/android/rendering/PlotSheet;DZ)V
05-28 23:15:39.776  4484  4543 D M_InsDal: Lcom/ichi2/anki/stats/ChartBuilder;--->ticksCalcY(ILcom/wildplot/android/rendering/graphics/wrapper/RectangleWrap;DD)D
05-28 23:15:39.776  4484  4543 D M_InsDal: Lcom/ichi2/anki/stats/ChartBuilder;--->ticsCalc(ILcom/wildplot/android/rendering/graphics/wrapper/RectangleWrap;D)D
05-28 23:15:39.776  4484  4543 D M_InsDal: Lcom/ichi2/anki/stats/ChartBuilder;--->setupYaxis(Lcom/wildplot/android/rendering/PlotSheet;Lcom/wildplot/android/rendering/PlotSheet;DIZZ)V
05-28 23:15:39.776  4484  4543 D M_InsDal: Lcom/ichi2/anki/stats/ChartBuilder;--->ticsCalc(ILcom/wildplot/android/rendering/graphics/wrapper/RectangleWrap;D)D
05-28 23:15:39.776  4484  4543 D M_InsDal: Lcom/ichi2/anki/stats/ChartBuilder;--->setupYaxis(Lcom/wildplot/android/rendering/PlotSheet;Lcom/wildplot/android/rendering/PlotSheet;DIZZ)V
05-28 23:15:39.776  4484  4543 D M_InsDal: Lcom/ichi2/anki/stats/ChartBuilder;--->setupGrid(Lcom/wildplot/android/rendering/PlotSheet;DD)V
05-28 23:15:39.776  4484  4543 D M_InsDal: Lcom/ichi2/anki/stats/AnkiStatsTaskHandler$CreateChartTask;--->doInBackground([Landroid/view/View;)Lcom/wildplot/android/rendering/PlotSheet;
05-28 23:15:39.776  4484  4543 D M_InsDal: Lcom/ichi2/anki/stats/ChartBuilder;---><init>(Lcom/ichi2/anki/stats/ChartView;Lcom/ichi2/libanki/Collection;ZLcom/ichi2/libanki/Stats$ChartType;)V
05-28 23:15:39.776  4484  4543 D M_InsDal: Lcom/ichi2/anki/stats/ChartBuilder;--->renderChart(Lcom/ichi2/libanki/Stats$AxisType;)Lcom/wildplot/android/rendering/PlotSheet;
05-28 23:15:39.776  4484  4543 D M_InsDal: Lcom/ichi2/anki/stats/ChartBuilder;--->calcStats(Lcom/ichi2/libanki/Stats$AxisType;)V
05-28 23:15:39.777  4484  4543 D M_InsDal: Lcom/ichi2/anki/stats/AnkiStatsTaskHandler;--->getInstance()Lcom/ichi2/anki/stats/AnkiStatsTaskHandler;
05-28 23:15:39.777  4484  4543 D M_InsDal: Lcom/ichi2/anki/stats/AnkiStatsTaskHandler;--->getmStandardTextSize()F
05-28 23:15:39.777  4484  4543 D M_InsDal: Lcom/ichi2/anki/stats/ChartBuilder;--->setupCumulative(Lcom/wildplot/android/rendering/PlotSheet;Lcom/wildplot/android/rendering/PlotSheet;)V
05-28 23:15:39.777  4484  4543 D M_InsDal: Lcom/ichi2/anki/stats/ChartBuilder;--->setupBarGraphs(Lcom/wildplot/android/rendering/PlotSheet;Lcom/wildplot/android/rendering/PlotSheet;)V
05-28 23:15:39.777  4484  4543 D M_InsDal: Lcom/ichi2/anki/stats/ChartBuilder;--->ticksCalcX(ILcom/wildplot/android/rendering/graphics/wrapper/RectangleWrap;DD)D
05-28 23:15:39.777  4484  4543 D M_InsDal: Lcom/ichi2/anki/stats/ChartBuilder;--->setupXaxis(Lcom/wildplot/android/rendering/PlotSheet;DZ)V
05-28 23:15:39.777  4484  4543 D M_InsDal: Lcom/ichi2/anki/stats/ChartBuilder;--->ticksCalcY(ILcom/wildplot/android/rendering/graphics/wrapper/RectangleWrap;DD)D
05-28 23:15:39.777  4484  4543 D M_InsDal: Lcom/ichi2/anki/stats/ChartBuilder;--->ticsCalc(ILcom/wildplot/android/rendering/graphics/wrapper/RectangleWrap;D)D
