--------- beginning of main
--------- beginning of crash
--------- beginning of system
05-28 23:15:59.068  4606  4606 D M_InsDal: Lcom/ichi2/anki/AnkiDroidApp;---><clinit>()V
05-28 23:15:59.068  4606  4606 D M_InsDal: Lcom/ichi2/anki/AnkiDroidApp;---><init>()V
05-28 23:15:59.070  4606  4606 D M_InsDal: Lcom/ichi2/anki/provider/CardContentProvider;---><clinit>()V
05-28 23:15:59.071  4606  4606 D M_InsDal: Lcom/ichi2/anki/FlashCardsContract$Note;---><clinit>()V
05-28 23:15:59.071  4606  4606 D M_InsDal: Lcom/ichi2/anki/FlashCardsContract;---><clinit>()V
05-28 23:15:59.072  4606  4606 D M_InsDal: Lcom/ichi2/anki/provider/CardContentProvider;---><init>()V
05-28 23:15:59.072  4606  4606 D M_InsDal: Lcom/ichi2/anki/provider/CardContentProvider;--->onCreate()Z
05-28 23:15:59.078  4606  4606 D M_InsDal: Lcom/ichi2/anki/AnkiDroidApp;--->onCreate()V
05-28 23:15:59.078  4606  4606 D M_InsDal: Lcom/ichi2/anki/AnkiDroidApp;--->getSharedPrefs(Landroid/content/Context;)Landroid/content/SharedPreferences;
05-28 23:15:59.088  4606  4606 D M_InsDal: Lcom/ichi2/anki/AnkiDroidApp$ProductionCrashReportingTree;---><clinit>()V
05-28 23:15:59.088  4606  4606 D M_InsDal: Lcom/ichi2/anki/AnkiDroidApp$ProductionCrashReportingTree;---><init>()V
05-28 23:15:59.088  4606  4606 D M_InsDal: Lcom/ichi2/anki/AnkiDroidApp;--->setAcraReportingMode(Ljava/lang/String;)V
05-28 23:15:59.088  4606  4606 D M_InsDal: Lcom/ichi2/anki/AnkiDroidApp;--->setLanguage(Ljava/lang/String;)V
05-28 23:15:59.088  4606  4606 D M_InsDal: Lcom/ichi2/anki/AnkiDroidApp;--->getInstance()Lcom/ichi2/anki/AnkiDroidApp;
05-28 23:15:59.089  4606  4606 D M_InsDal: Lcom/ichi2/anki/AnkiDroidApp;--->getInstance()Lcom/ichi2/anki/AnkiDroidApp;
05-28 23:15:59.089  4606  4606 D M_InsDal: Lcom/ichi2/anki/AnkiDroidApp;--->getSharedPrefs(Landroid/content/Context;)Landroid/content/SharedPreferences;
05-28 23:15:59.089  4606  4606 D M_InsDal: Lcom/ichi2/anki/AnkiDroidApp;--->getInstance()Lcom/ichi2/anki/AnkiDroidApp;
05-28 23:15:59.089  4606  4606 D M_InsDal: Lcom/ichi2/anki/AnkiDroidApp;--->getInstance()Lcom/ichi2/anki/AnkiDroidApp;
05-28 23:15:59.216  4606  4606 D M_InsDal: Lcom/ichi2/anki/CollectionHelper;--->hasStorageAccessPermission(Landroid/content/Context;)Z
05-28 23:15:59.218  4606  4606 D M_InsDal: Lcom/ichi2/anki/CollectionHelper;--->getCurrentAnkiDroidDirectory(Landroid/content/Context;)Ljava/lang/String;
05-28 23:15:59.218  4606  4606 D M_InsDal: Lcom/ichi2/anki/CollectionHelper;--->getDefaultAnkiDroidDirectory()Ljava/lang/String;
05-28 23:15:59.218  4606  4606 D M_InsDal: Lcom/ichi2/anki/CollectionHelper;--->initializeAnkiDroidDirectory(Ljava/lang/String;)V
05-28 23:15:59.227  4606  4606 D M_InsDal: Lcom/ichi2/anki/Statistics;---><init>()V
05-28 23:15:59.227  4606  4606 D M_InsDal: Lcom/ichi2/anki/NavigationDrawerActivity;---><init>()V
05-28 23:15:59.227  4606  4606 D M_InsDal: Lcom/ichi2/anki/AnkiActivity;---><init>()V
05-28 23:15:59.228  4606  4606 D M_InsDal: Lcom/ichi2/anki/dialogs/DialogHandler;---><init>(Lcom/ichi2/anki/AnkiActivity;)V
05-28 23:15:59.234  4606  4606 D M_InsDal: Lcom/ichi2/anki/Statistics;--->onCreate(Landroid/os/Bundle;)V
05-28 23:15:59.234  4606  4606 D M_InsDal: Lcom/ichi2/anki/AnkiActivity;--->onCreate(Landroid/os/Bundle;)V
05-28 23:15:59.234  4606  4606 D M_InsDal: Lcom/ichi2/anki/AnkiDroidApp;--->getSharedPrefs(Landroid/content/Context;)Landroid/content/SharedPreferences;
05-28 23:15:59.314  4606  4606 D M_InsDal: Lcom/ichi2/anki/NavigationDrawerActivity;--->initNavigationDrawer(Landroid/view/View;)V
05-28 23:15:59.318  4606  4606 D M_InsDal: Lcom/ichi2/anki/NavigationDrawerActivity$1;---><init>(Lcom/ichi2/anki/NavigationDrawerActivity;)V
05-28 23:15:59.318  4606  4606 D M_InsDal: Lcom/ichi2/anki/AnkiDroidApp;--->getSharedPrefs(Landroid/content/Context;)Landroid/content/SharedPreferences;
05-28 23:15:59.318  4606  4606 D M_InsDal: Lcom/ichi2/anki/NavigationDrawerActivity$2;---><init>(Lcom/ichi2/anki/NavigationDrawerActivity;Landroid/content/SharedPreferences;)V
05-28 23:15:59.318  4606  4606 D M_InsDal: Lcom/ichi2/anki/NavigationDrawerActivity$3;---><init>(Lcom/ichi2/anki/NavigationDrawerActivity;Landroid/app/Activity;Landroid/support/v4/widget/DrawerLayout;II)V
05-28 23:15:59.318  4606  4606 D M_InsDal: Lcom/ichi2/anki/AnkiActivity;--->startLoadingCollection()V
05-28 23:15:59.318  4606  4606 D M_InsDal: Lcom/ichi2/anki/AnkiActivity;--->colIsOpen()Z
05-28 23:15:59.318  4606  4606 D M_InsDal: Lcom/ichi2/anki/CollectionHelper;--->getInstance()Lcom/ichi2/anki/CollectionHelper;
05-28 23:15:59.318  4606  4606 D M_InsDal: Lcom/ichi2/anki/CollectionHelper$LazyHolder;---><clinit>()V
05-28 23:15:59.318  4606  4606 D M_InsDal: Lcom/ichi2/anki/CollectionHelper;---><init>()V
05-28 23:15:59.318  4606  4606 D M_InsDal: Lcom/ichi2/anki/CollectionHelper;--->colIsOpen()Z
05-28 23:15:59.318  4606  4606 D M_InsDal: Lcom/ichi2/anki/AnkiActivity;--->showProgressBar()V
05-28 23:15:59.319  4606  4606 D M_InsDal: Lcom/ichi2/anki/AnkiActivity;--->onCreateLoader(ILandroid/os/Bundle;)Landroid/support/v4/content/Loader;
05-28 23:15:59.320  4606  4606 D M_InsDal: Lcom/ichi2/anki/CollectionHelper;--->getInstance()Lcom/ichi2/anki/CollectionHelper;
05-28 23:15:59.320  4606  4606 D M_InsDal: Lcom/ichi2/anki/CollectionHelper;--->isCollectionLocked()Z
05-28 23:15:59.321  4606  4606 D M_InsDal: Lcom/ichi2/anki/AnkiActivity;--->onStart()V
05-28 23:15:59.322  4606  4631 D M_InsDal: Lcom/ichi2/anki/CollectionHelper;--->getInstance()Lcom/ichi2/anki/CollectionHelper;
05-28 23:15:59.322  4606  4631 D M_InsDal: Lcom/ichi2/anki/CollectionHelper;--->getCol(Landroid/content/Context;)Lcom/ichi2/libanki/Collection;
05-28 23:15:59.322  4606  4631 D M_InsDal: Lcom/ichi2/anki/CollectionHelper;--->getCollectionPath(Landroid/content/Context;)Ljava/lang/String;
05-28 23:15:59.322  4606  4631 D M_InsDal: Lcom/ichi2/anki/CollectionHelper;--->getCurrentAnkiDroidDirectory(Landroid/content/Context;)Ljava/lang/String;
05-28 23:15:59.322  4606  4631 D M_InsDal: Lcom/ichi2/anki/CollectionHelper;--->getDefaultAnkiDroidDirectory()Ljava/lang/String;
05-28 23:15:59.322  4606  4631 D M_InsDal: Lcom/ichi2/anki/CollectionHelper;--->colIsOpen()Z
05-28 23:15:59.322  4606  4631 D M_InsDal: Lcom/ichi2/anki/CollectionHelper;--->getParentDirectory(Ljava/lang/String;)Ljava/lang/String;
05-28 23:15:59.322  4606  4631 D M_InsDal: Lcom/ichi2/anki/CollectionHelper;--->initializeAnkiDroidDirectory(Ljava/lang/String;)V
05-28 23:15:59.322  4606  4631 D M_InsDal: Lcom/ichi2/anki/AnkiDroidApp$ProductionCrashReportingTree;--->i(Ljava/lang/String;[Ljava/lang/Object;)V
05-28 23:15:59.322  4606  4631 D M_InsDal: Lcom/ichi2/anki/AnkiDroidApp$ProductionCrashReportingTree;--->formatString(Ljava/lang/String;[Ljava/lang/Object;)Ljava/lang/String;
05-28 23:15:59.322  4606  4606 D M_InsDal: Lcom/ichi2/anki/NavigationDrawerActivity;--->onPostCreate(Landroid/os/Bundle;)V
05-28 23:15:59.322  4606  4606 D M_InsDal: Lcom/ichi2/anki/Statistics;--->onResume()V
05-28 23:15:59.322  4606  4606 D M_InsDal: Lcom/ichi2/anki/NavigationDrawerActivity;--->selectNavigationItem(I)V
05-28 23:15:59.323  4606  4606 D M_InsDal: Lcom/ichi2/anki/AnkiActivity;--->onResume()V
05-28 23:15:59.323  4606  4606 D M_InsDal: Lcom/ichi2/anki/dialogs/DialogHandler;--->readMessage()V
05-28 23:15:59.328  4606  4631 D M_InsDal: Lcom/ichi2/anki/AnkiDroidApp;--->getInstance()Lcom/ichi2/anki/AnkiDroidApp;
05-28 23:15:59.375  4606  4606 D M_InsDal: Lcom/ichi2/anki/AnkiActivity;--->onLoadFinished(Landroid/support/v4/content/Loader;Lcom/ichi2/libanki/Collection;)V
05-28 23:15:59.375  4606  4606 D M_InsDal: Lcom/ichi2/anki/AnkiActivity;--->hideProgressBar()V
05-28 23:15:59.375  4606  4606 D M_InsDal: Lcom/ichi2/anki/AnkiActivity;--->colIsOpen()Z
05-28 23:15:59.375  4606  4606 D M_InsDal: Lcom/ichi2/anki/CollectionHelper;--->getInstance()Lcom/ichi2/anki/CollectionHelper;
05-28 23:15:59.375  4606  4606 D M_InsDal: Lcom/ichi2/anki/CollectionHelper;--->colIsOpen()Z
05-28 23:15:59.375  4606  4606 D M_InsDal: Lcom/ichi2/anki/Statistics;--->onCollectionLoaded(Lcom/ichi2/libanki/Collection;)V
05-28 23:15:59.375  4606  4606 D M_InsDal: Lcom/ichi2/anki/AnkiActivity;--->getCol()Lcom/ichi2/libanki/Collection;
05-28 23:15:59.375  4606  4606 D M_InsDal: Lcom/ichi2/anki/CollectionHelper;--->getInstance()Lcom/ichi2/anki/CollectionHelper;
05-28 23:15:59.375  4606  4606 D M_InsDal: Lcom/ichi2/anki/CollectionHelper;--->getCol(Landroid/content/Context;)Lcom/ichi2/libanki/Collection;
05-28 23:15:59.375  4606  4606 D M_InsDal: Lcom/ichi2/anki/CollectionHelper;--->getCollectionPath(Landroid/content/Context;)Ljava/lang/String;
05-28 23:15:59.375  4606  4606 D M_InsDal: Lcom/ichi2/anki/CollectionHelper;--->getCurrentAnkiDroidDirectory(Landroid/content/Context;)Ljava/lang/String;
05-28 23:15:59.375  4606  4606 D M_InsDal: Lcom/ichi2/anki/CollectionHelper;--->getDefaultAnkiDroidDirectory()Ljava/lang/String;
05-28 23:15:59.375  4606  4606 D M_InsDal: Lcom/ichi2/anki/CollectionHelper;--->colIsOpen()Z
05-28 23:15:59.375  4606  4606 D M_InsDal: Lcom/ichi2/anki/widgets/DeckDropDownAdapter;---><init>(Landroid/content/Context;Ljava/util/ArrayList;)V
05-28 23:15:59.375  4606  4606 D M_InsDal: Lcom/ichi2/anki/widgets/DeckDropDownAdapter;--->getCount()I
05-28 23:15:59.375  4606  4606 D M_InsDal: Lcom/ichi2/anki/widgets/DeckDropDownAdapter;--->getCount()I
05-28 23:15:59.375  4606  4606 D M_InsDal: Lcom/ichi2/anki/widgets/DeckDropDownAdapter;--->getItemId(I)J
05-28 23:15:59.375  4606  4606 D M_InsDal: Lcom/ichi2/anki/widgets/DeckDropDownAdapter;--->getItemId(I)J
05-28 23:15:59.376  4606  4606 D M_InsDal: Lcom/ichi2/anki/Statistics$1;---><init>(Lcom/ichi2/anki/Statistics;)V
05-28 23:15:59.376  4606  4606 D M_InsDal: Lcom/ichi2/anki/stats/AnkiStatsTaskHandler;---><clinit>()V
05-28 23:15:59.376  4606  4606 D M_InsDal: Lcom/ichi2/anki/stats/AnkiStatsTaskHandler;---><init>(Lcom/ichi2/libanki/Collection;)V
05-28 23:15:59.376  4606  4606 D M_InsDal: Lcom/ichi2/anki/Statistics$SectionsPagerAdapter;---><init>(Lcom/ichi2/anki/Statistics;Landroid/support/v4/app/FragmentManager;)V
05-28 23:15:59.376  4606  4606 D M_InsDal: Lcom/ichi2/anki/Statistics$SectionsPagerAdapter;--->getCount()I
05-28 23:15:59.376  4606  4606 D M_InsDal: Lcom/ichi2/anki/Statistics$SectionsPagerAdapter;--->getCount()I
05-28 23:15:59.376  4606  4606 D M_InsDal: Lcom/ichi2/anki/Statistics$SectionsPagerAdapter;--->getItem(I)Landroid/support/v4/app/Fragment;
05-28 23:15:59.377  4606  4606 D M_InsDal: Lcom/ichi2/anki/Statistics$StatisticFragment;--->newInstance(I)Lcom/ichi2/anki/Statistics$StatisticFragment;
05-28 23:15:59.377  4606  4606 D M_InsDal: Lcom/ichi2/anki/Statistics$OverviewStatisticsFragment;---><init>()V
05-28 23:15:59.377  4606  4606 D M_InsDal: Lcom/ichi2/anki/Statistics$StatisticFragment;---><init>()V
05-28 23:15:59.377  4606  4606 D M_InsDal: Lcom/ichi2/anki/Statistics$OverviewStatisticsFragment;--->checkAndUpdate()V
05-28 23:15:59.377  4606  4606 D M_InsDal: Lcom/ichi2/anki/Statistics$SectionsPagerAdapter;--->getItem(I)Landroid/support/v4/app/Fragment;
05-28 23:15:59.377  4606  4606 D M_InsDal: Lcom/ichi2/anki/Statistics$StatisticFragment;--->newInstance(I)Lcom/ichi2/anki/Statistics$StatisticFragment;
05-28 23:15:59.377  4606  4606 D M_InsDal: Lcom/ichi2/anki/Statistics$ChartFragment;---><init>()V
05-28 23:15:59.377  4606  4606 D M_InsDal: Lcom/ichi2/anki/Statistics$StatisticFragment;---><init>()V
05-28 23:15:59.377  4606  4606 D M_InsDal: Lcom/ichi2/anki/Statistics$ChartFragment;--->checkAndUpdate()V
05-28 23:15:59.377  4606  4606 D M_InsDal: Lcom/ichi2/anki/Statistics$SectionsPagerAdapter;--->getCount()I
05-28 23:15:59.377  4606  4606 D M_InsDal: Lcom/ichi2/anki/Statistics$OverviewStatisticsFragment;--->onCreateView(Landroid/view/LayoutInflater;Landroid/view/ViewGroup;Landroid/os/Bundle;)Landroid/view/View;
05-28 23:15:59.471  4606  4606 D M_InsDal: Lcom/ichi2/anki/Statistics;--->getTaskHandler()Lcom/ichi2/anki/stats/AnkiStatsTaskHandler;
05-28 23:15:59.473  4606  4606 D M_InsDal: Lcom/ichi2/anki/Statistics$OverviewStatisticsFragment;--->createStatisticOverview()V
05-28 23:15:59.473  4606  4606 D M_InsDal: Lcom/ichi2/anki/Statistics;--->getTaskHandler()Lcom/ichi2/anki/stats/AnkiStatsTaskHandler;
05-28 23:15:59.473  4606  4606 D M_InsDal: Lcom/ichi2/anki/stats/AnkiStatsTaskHandler;--->createStatisticsOverview([Landroid/view/View;)Lcom/ichi2/anki/stats/AnkiStatsTaskHandler$CreateStatisticsOverview;
05-28 23:15:59.473  4606  4606 D M_InsDal: Lcom/ichi2/anki/stats/AnkiStatsTaskHandler$CreateStatisticsOverview;---><init>(Lcom/ichi2/anki/stats/AnkiStatsTaskHandler;)V
05-28 23:15:59.473  4606  4606 D M_InsDal: Lcom/ichi2/anki/stats/AnkiStatsTaskHandler;--->getStatType()Lcom/ichi2/libanki/Stats$AxisType;
05-28 23:15:59.473  4606  4606 D M_InsDal: Lcom/ichi2/anki/Statistics;--->getViewPager()Landroid/support/v4/view/ViewPager;
05-28 23:15:59.473  4606  4606 D M_InsDal: Lcom/ichi2/anki/Statistics;--->getSectionsPagerAdapter()Lcom/ichi2/anki/Statistics$SectionsPagerAdapter;
05-28 23:15:59.473  4606  4606 D M_InsDal: Lcom/ichi2/anki/CollectionHelper;--->getInstance()Lcom/ichi2/anki/CollectionHelper;
05-28 23:15:59.473  4606  4606 D M_InsDal: Lcom/ichi2/anki/CollectionHelper;--->getCol(Landroid/content/Context;)Lcom/ichi2/libanki/Collection;
05-28 23:15:59.473  4606  4606 D M_InsDal: Lcom/ichi2/anki/CollectionHelper;--->getCollectionPath(Landroid/content/Context;)Ljava/lang/String;
05-28 23:15:59.473  4606  4606 D M_InsDal: Lcom/ichi2/anki/CollectionHelper;--->getCurrentAnkiDroidDirectory(Landroid/content/Context;)Ljava/lang/String;
05-28 23:15:59.473  4606  4606 D M_InsDal: Lcom/ichi2/anki/CollectionHelper;--->getDefaultAnkiDroidDirectory()Ljava/lang/String;
05-28 23:15:59.473  4606  4664 D M_InsDal: Lcom/ichi2/anki/stats/AnkiStatsTaskHandler$CreateStatisticsOverview;--->doInBackground([Landroid/view/View;)Ljava/lang/String;
05-28 23:15:59.473  4606  4664 D M_InsDal: Lcom/ichi2/anki/stats/OverviewStatsBuilder;---><init>(Landroid/webkit/WebView;Lcom/ichi2/libanki/Collection;ZLcom/ichi2/libanki/Stats$AxisType;)V
05-28 23:15:59.473  4606  4664 D M_InsDal: Lcom/ichi2/anki/stats/OverviewStatsBuilder;--->createInfoHtmlString()Ljava/lang/String;
05-28 23:15:59.473  4606  4664 D M_InsDal: Lcom/ichi2/anki/stats/OverviewStatsBuilder;--->appendTodaysStats(Ljava/lang/StringBuilder;)V
05-28 23:15:59.474  4606  4606 D M_InsDal: Lcom/ichi2/anki/CollectionHelper;--->colIsOpen()Z
05-28 23:15:59.474  4606  4606 D M_InsDal: Lcom/ichi2/anki/Statistics$OverviewStatisticsFragment;--->isWholeCollection()Z
05-28 23:15:59.475  4606  4664 D M_InsDal: Lcom/ichi2/anki/stats/OverviewStatsBuilder;--->_title(Ljava/lang/String;)Ljava/lang/String;
05-28 23:15:59.481  4606  4664 D M_InsDal: Lcom/ichi2/anki/stats/OverviewStatsBuilder;--->appendOverViewStats(Ljava/lang/StringBuilder;)V
05-28 23:15:59.481  4606  4664 D M_InsDal: Lcom/ichi2/anki/stats/OverviewStatsBuilder$OverviewStats;---><init>(Lcom/ichi2/anki/stats/OverviewStatsBuilder;)V
05-28 23:15:59.482  4606  4664 D M_InsDal: Lcom/ichi2/anki/stats/OverviewStatsBuilder;--->_title(Ljava/lang/String;)Ljava/lang/String;
05-28 23:15:59.483  4606  4664 D M_InsDal: Lcom/ichi2/anki/stats/OverviewStatsBuilder;--->calculateForecastOverview(Lcom/ichi2/libanki/Stats$AxisType;Lcom/ichi2/anki/stats/OverviewStatsBuilder$OverviewStats;)V
05-28 23:15:59.483  4606  4664 D M_InsDal: Lcom/ichi2/anki/stats/OverviewStatsBuilder$1;---><clinit>()V
05-28 23:15:59.483  4606  4664 D M_InsDal: Lcom/ichi2/anki/stats/OverviewStatsBuilder;--->_due(Ljava/lang/Integer;Ljava/lang/Integer;I)Ljava/util/List;
05-28 23:15:59.483  4606  4664 D M_InsDal: Lcom/ichi2/anki/stats/OverviewStatsBuilder;--->_limit()Ljava/lang/String;
05-28 23:15:59.483  4606  4664 D M_InsDal: Lcom/ichi2/anki/stats/OverviewStatsBuilder;--->_limit()Ljava/lang/String;
05-28 23:15:59.483  4606  4664 D M_InsDal: Lcom/ichi2/anki/stats/OverviewStatsBuilder;--->_subtitle(Ljava/lang/String;)Ljava/lang/String;
05-28 23:15:59.484  4606  4664 D M_InsDal: Lcom/ichi2/anki/stats/OverviewStatsBuilder;--->_subtitle(Ljava/lang/String;)Ljava/lang/String;
05-28 23:15:59.484  4606  4606 D M_InsDal: Lcom/ichi2/anki/Statistics$ChartFragment;--->onCreate(Landroid/os/Bundle;)V
05-28 23:15:59.484  4606  4606 D M_InsDal: Lcom/ichi2/anki/Statistics$ChartFragment;--->onCreateView(Landroid/view/LayoutInflater;Landroid/view/ViewGroup;Landroid/os/Bundle;)Landroid/view/View;
05-28 23:15:59.484  4606  4606 D M_InsDal: Lcom/ichi2/anki/stats/ChartView;---><init>(Landroid/content/Context;Landroid/util/AttributeSet;)V
05-28 23:15:59.485  4606  4606 D M_InsDal: Lcom/ichi2/anki/Statistics;--->getTaskHandler()Lcom/ichi2/anki/stats/AnkiStatsTaskHandler;
05-28 23:15:59.485  4606  4606 D M_InsDal: Lcom/ichi2/anki/Statistics$ChartFragment;--->createChart()V
05-28 23:15:59.485  4606  4606 D M_InsDal: Lcom/ichi2/anki/Statistics;--->getTaskHandler()Lcom/ichi2/anki/stats/AnkiStatsTaskHandler;
05-28 23:15:59.485  4606  4606 D M_InsDal: Lcom/ichi2/anki/stats/AnkiStatsTaskHandler;--->createChart(Lcom/ichi2/libanki/Stats$ChartType;[Landroid/view/View;)Lcom/ichi2/anki/stats/AnkiStatsTaskHandler$CreateChartTask;
05-28 23:15:59.485  4606  4606 D M_InsDal: Lcom/ichi2/anki/stats/AnkiStatsTaskHandler$CreateChartTask;---><init>(Lcom/ichi2/anki/stats/AnkiStatsTaskHandler;Lcom/ichi2/libanki/Stats$ChartType;)V
05-28 23:15:59.485  4606  4606 D M_InsDal: Lcom/ichi2/anki/stats/ChartView;--->addFragment(Lcom/ichi2/anki/Statistics$ChartFragment;)V
05-28 23:15:59.485  4606  4606 D M_InsDal: Lcom/ichi2/anki/Statistics;--->getTaskHandler()Lcom/ichi2/anki/stats/AnkiStatsTaskHandler;
05-28 23:15:59.485  4606  4606 D M_InsDal: Lcom/ichi2/anki/stats/AnkiStatsTaskHandler;--->getStatType()Lcom/ichi2/libanki/Stats$AxisType;
05-28 23:15:59.485  4606  4606 D M_InsDal: Lcom/ichi2/anki/Statistics;--->getViewPager()Landroid/support/v4/view/ViewPager;
05-28 23:15:59.485  4606  4606 D M_InsDal: Lcom/ichi2/anki/Statistics;--->getSectionsPagerAdapter()Lcom/ichi2/anki/Statistics$SectionsPagerAdapter;
05-28 23:15:59.485  4606  4606 D M_InsDal: Lcom/ichi2/anki/CollectionHelper;--->getInstance()Lcom/ichi2/anki/CollectionHelper;
05-28 23:15:59.485  4606  4606 D M_InsDal: Lcom/ichi2/anki/CollectionHelper;--->getCol(Landroid/content/Context;)Lcom/ichi2/libanki/Collection;
05-28 23:15:59.485  4606  4606 D M_InsDal: Lcom/ichi2/anki/CollectionHelper;--->getCollectionPath(Landroid/content/Context;)Ljava/lang/String;
05-28 23:15:59.485  4606  4606 D M_InsDal: Lcom/ichi2/anki/CollectionHelper;--->getCurrentAnkiDroidDirectory(Landroid/content/Context;)Ljava/lang/String;
05-28 23:15:59.485  4606  4606 D M_InsDal: Lcom/ichi2/anki/CollectionHelper;--->getDefaultAnkiDroidDirectory()Ljava/lang/String;
05-28 23:15:59.485  4606  4665 D M_InsDal: Lcom/ichi2/anki/stats/AnkiStatsTaskHandler$CreateChartTask;--->doInBackground([Landroid/view/View;)Lcom/wildplot/android/rendering/PlotSheet;
05-28 23:15:59.485  4606  4665 D M_InsDal: Lcom/ichi2/anki/stats/ChartBuilder;---><init>(Lcom/ichi2/anki/stats/ChartView;Lcom/ichi2/libanki/Collection;ZLcom/ichi2/libanki/Stats$ChartType;)V
05-28 23:15:59.485  4606  4665 D M_InsDal: Lcom/ichi2/anki/stats/ChartBuilder;--->renderChart(Lcom/ichi2/libanki/Stats$AxisType;)Lcom/wildplot/android/rendering/PlotSheet;
05-28 23:15:59.485  4606  4665 D M_InsDal: Lcom/ichi2/anki/stats/ChartBuilder;--->calcStats(Lcom/ichi2/libanki/Stats$AxisType;)V
05-28 23:15:59.485  4606  4665 D M_InsDal: Lcom/ichi2/anki/stats/ChartBuilder$1;---><clinit>()V
05-28 23:15:59.485  4606  4665 D M_InsDal: Lcom/ichi2/anki/stats/StatsMetaInfo;---><init>()V
05-28 23:15:59.485  4606  4665 D M_InsDal: Lcom/ichi2/anki/stats/StatsMetaInfo;--->isStatsCalculated()Z
05-28 23:15:59.485  4606  4606 D M_InsDal: Lcom/ichi2/anki/CollectionHelper;--->colIsOpen()Z
05-28 23:15:59.485  4606  4606 D M_InsDal: Lcom/ichi2/anki/Statistics$ChartFragment;--->isWholeCollection()Z
05-28 23:15:59.485  4606  4606 D M_InsDal: Lcom/ichi2/anki/CollectionHelper;--->getInstance()Lcom/ichi2/anki/CollectionHelper;
05-28 23:15:59.485  4606  4606 D M_InsDal: Lcom/ichi2/anki/CollectionHelper;--->getCol(Landroid/content/Context;)Lcom/ichi2/libanki/Collection;
05-28 23:15:59.485  4606  4606 D M_InsDal: Lcom/ichi2/anki/CollectionHelper;--->getCollectionPath(Landroid/content/Context;)Ljava/lang/String;
05-28 23:15:59.485  4606  4606 D M_InsDal: Lcom/ichi2/anki/CollectionHelper;--->getCurrentAnkiDroidDirectory(Landroid/content/Context;)Ljava/lang/String;
05-28 23:15:59.485  4606  4606 D M_InsDal: Lcom/ichi2/anki/CollectionHelper;--->getDefaultAnkiDroidDirectory()Ljava/lang/String;
05-28 23:15:59.486  4606  4606 D M_InsDal: Lcom/ichi2/anki/CollectionHelper;--->colIsOpen()Z
05-28 23:15:59.486  4606  4606 D M_InsDal: Lcom/ichi2/anki/Statistics$StatisticFragment;--->onResume()V
05-28 23:15:59.486  4606  4606 D M_InsDal: Lcom/ichi2/anki/Statistics$OverviewStatisticsFragment;--->checkAndUpdate()V
05-28 23:15:59.486  4606  4606 D M_InsDal: Lcom/ichi2/anki/CollectionHelper;--->getInstance()Lcom/ichi2/anki/CollectionHelper;
05-28 23:15:59.486  4606  4606 D M_InsDal: Lcom/ichi2/anki/CollectionHelper;--->getCol(Landroid/content/Context;)Lcom/ichi2/libanki/Collection;
05-28 23:15:59.486  4606  4606 D M_InsDal: Lcom/ichi2/anki/CollectionHelper;--->getCollectionPath(Landroid/content/Context;)Ljava/lang/String;
05-28 23:15:59.486  4606  4606 D M_InsDal: Lcom/ichi2/anki/CollectionHelper;--->getCurrentAnkiDroidDirectory(Landroid/content/Context;)Ljava/lang/String;
05-28 23:15:59.486  4606  4606 D M_InsDal: Lcom/ichi2/anki/CollectionHelper;--->getDefaultAnkiDroidDirectory()Ljava/lang/String;
05-28 23:15:59.486  4606  4606 D M_InsDal: Lcom/ichi2/anki/CollectionHelper;--->colIsOpen()Z
05-28 23:15:59.486  4606  4606 D M_InsDal: Lcom/ichi2/anki/Statistics;--->getTaskHandler()Lcom/ichi2/anki/stats/AnkiStatsTaskHandler;
05-28 23:15:59.486  4606  4606 D M_InsDal: Lcom/ichi2/anki/stats/AnkiStatsTaskHandler;--->getStatType()Lcom/ichi2/libanki/Stats$AxisType;
05-28 23:15:59.486  4606  4606 D M_InsDal: Lcom/ichi2/anki/Statistics$OverviewStatisticsFragment;--->isWholeCollection()Z
05-28 23:15:59.486  4606  4606 D M_InsDal: Lcom/ichi2/anki/Statistics$StatisticFragment;--->onResume()V
05-28 23:15:59.486  4606  4606 D M_InsDal: Lcom/ichi2/anki/Statistics$ChartFragment;--->checkAndUpdate()V
05-28 23:15:59.486  4606  4606 D M_InsDal: Lcom/ichi2/anki/Statistics$SectionsPagerAdapter;--->getCount()I
05-28 23:15:59.486  4606  4606 D M_InsDal: Lcom/ichi2/anki/Statistics$SectionsPagerAdapter;--->getItem(I)Landroid/support/v4/app/Fragment;
05-28 23:15:59.486  4606  4606 D M_InsDal: Lcom/ichi2/anki/Statistics$StatisticFragment;--->newInstance(I)Lcom/ichi2/anki/Statistics$StatisticFragment;
05-28 23:15:59.486  4606  4606 D M_InsDal: Lcom/ichi2/anki/Statistics$ChartFragment;---><init>()V
05-28 23:15:59.486  4606  4606 D M_InsDal: Lcom/ichi2/anki/Statistics$StatisticFragment;---><init>()V
05-28 23:15:59.486  4606  4606 D M_InsDal: Lcom/ichi2/anki/Statistics$ChartFragment;--->checkAndUpdate()V
05-28 23:15:59.486  4606  4606 D M_InsDal: Lcom/ichi2/anki/Statistics$SectionsPagerAdapter;--->getItem(I)Landroid/support/v4/app/Fragment;
05-28 23:15:59.486  4606  4606 D M_InsDal: Lcom/ichi2/anki/Statistics$StatisticFragment;--->newInstance(I)Lcom/ichi2/anki/Statistics$StatisticFragment;
05-28 23:15:59.486  4606  4606 D M_InsDal: Lcom/ichi2/anki/Statistics$ChartFragment;---><init>()V
05-28 23:15:59.486  4606  4606 D M_InsDal: Lcom/ichi2/anki/Statistics$StatisticFragment;---><init>()V
05-28 23:15:59.486  4606  4606 D M_InsDal: Lcom/ichi2/anki/Statistics$ChartFragment;--->checkAndUpdate()V
05-28 23:15:59.486  4606  4606 D M_InsDal: Lcom/ichi2/anki/Statistics$SectionsPagerAdapter;--->getItem(I)Landroid/support/v4/app/Fragment;
05-28 23:15:59.486  4606  4606 D M_InsDal: Lcom/ichi2/anki/Statistics$StatisticFragment;--->newInstance(I)Lcom/ichi2/anki/Statistics$StatisticFragment;
05-28 23:15:59.486  4606  4606 D M_InsDal: Lcom/ichi2/anki/Statistics$ChartFragment;---><init>()V
05-28 23:15:59.486  4606  4606 D M_InsDal: Lcom/ichi2/anki/Statistics$StatisticFragment;---><init>()V
05-28 23:15:59.486  4606  4606 D M_InsDal: Lcom/ichi2/anki/Statistics$ChartFragment;--->checkAndUpdate()V
05-28 23:15:59.486  4606  4606 D M_InsDal: Lcom/ichi2/anki/Statistics$SectionsPagerAdapter;--->getItem(I)Landroid/support/v4/app/Fragment;
05-28 23:15:59.486  4606  4606 D M_InsDal: Lcom/ichi2/anki/Statistics$StatisticFragment;--->newInstance(I)Lcom/ichi2/anki/Statistics$StatisticFragment;
05-28 23:15:59.486  4606  4606 D M_InsDal: Lcom/ichi2/anki/Statistics$ChartFragment;---><init>()V
05-28 23:15:59.486  4606  4606 D M_InsDal: Lcom/ichi2/anki/Statistics$StatisticFragment;---><init>()V
05-28 23:15:59.486  4606  4606 D M_InsDal: Lcom/ichi2/anki/Statistics$ChartFragment;--->checkAndUpdate()V
05-28 23:15:59.486  4606  4606 D M_InsDal: Lcom/ichi2/anki/Statistics$SectionsPagerAdapter;--->getItem(I)Landroid/support/v4/app/Fragment;
05-28 23:15:59.486  4606  4606 D M_InsDal: Lcom/ichi2/anki/Statistics$StatisticFragment;--->newInstance(I)Lcom/ichi2/anki/Statistics$StatisticFragment;
05-28 23:15:59.486  4606  4606 D M_InsDal: Lcom/ichi2/anki/Statistics$ChartFragment;---><init>()V
05-28 23:15:59.486  4606  4606 D M_InsDal: Lcom/ichi2/anki/Statistics$StatisticFragment;---><init>()V
05-28 23:15:59.486  4606  4606 D M_InsDal: Lcom/ichi2/anki/Statistics$ChartFragment;--->checkAndUpdate()V
05-28 23:15:59.486  4606  4606 D M_InsDal: Lcom/ichi2/anki/Statistics$SectionsPagerAdapter;--->getItem(I)Landroid/support/v4/app/Fragment;
05-28 23:15:59.486  4606  4606 D M_InsDal: Lcom/ichi2/anki/Statistics$StatisticFragment;--->newInstance(I)Lcom/ichi2/anki/Statistics$StatisticFragment;
05-28 23:15:59.486  4606  4606 D M_InsDal: Lcom/ichi2/anki/Statistics$ChartFragment;---><init>()V
05-28 23:15:59.486  4606  4606 D M_InsDal: Lcom/ichi2/anki/Statistics$StatisticFragment;---><init>()V
05-28 23:15:59.486  4606  4606 D M_InsDal: Lcom/ichi2/anki/Statistics$ChartFragment;--->checkAndUpdate()V
05-28 23:15:59.486  4606  4606 D M_InsDal: Lcom/ichi2/anki/Statistics$SectionsPagerAdapter;--->getItem(I)Landroid/support/v4/app/Fragment;
05-28 23:15:59.486  4606  4606 D M_InsDal: Lcom/ichi2/anki/Statistics$StatisticFragment;--->newInstance(I)Lcom/ichi2/anki/Statistics$StatisticFragment;
05-28 23:15:59.486  4606  4606 D M_InsDal: Lcom/ichi2/anki/Statistics$ChartFragment;---><init>()V
05-28 23:15:59.486  4606  4606 D M_InsDal: Lcom/ichi2/anki/Statistics$StatisticFragment;---><init>()V
05-28 23:15:59.487  4606  4606 D M_InsDal: Lcom/ichi2/anki/Statistics$ChartFragment;--->checkAndUpdate()V
05-28 23:15:59.487  4606  4606 D M_InsDal: Lcom/ichi2/anki/Statistics$SectionsPagerAdapter;--->getCount()I
05-28 23:15:59.487  4606  4606 D M_InsDal: Lcom/ichi2/anki/Statistics$ChartFragment;--->onCreate(Landroid/os/Bundle;)V
05-28 23:15:59.487  4606  4606 D M_InsDal: Lcom/ichi2/anki/Statistics$ChartFragment;--->onCreateView(Landroid/view/LayoutInflater;Landroid/view/ViewGroup;Landroid/os/Bundle;)Landroid/view/View;
05-28 23:15:59.487  4606  4606 D M_InsDal: Lcom/ichi2/anki/stats/ChartView;---><init>(Landroid/content/Context;Landroid/util/AttributeSet;)V
05-28 23:15:59.487  4606  4606 D M_InsDal: Lcom/ichi2/anki/Statistics;--->getTaskHandler()Lcom/ichi2/anki/stats/AnkiStatsTaskHandler;
05-28 23:15:59.487  4606  4606 D M_InsDal: Lcom/ichi2/anki/Statistics$ChartFragment;--->createChart()V
05-28 23:15:59.487  4606  4606 D M_InsDal: Lcom/ichi2/anki/Statistics;--->getTaskHandler()Lcom/ichi2/anki/stats/AnkiStatsTaskHandler;
05-28 23:15:59.487  4606  4606 D M_InsDal: Lcom/ichi2/anki/stats/AnkiStatsTaskHandler;--->createChart(Lcom/ichi2/libanki/Stats$ChartType;[Landroid/view/View;)Lcom/ichi2/anki/stats/AnkiStatsTaskHandler$CreateChartTask;
05-28 23:15:59.487  4606  4606 D M_InsDal: Lcom/ichi2/anki/stats/AnkiStatsTaskHandler$CreateChartTask;---><init>(Lcom/ichi2/anki/stats/AnkiStatsTaskHandler;Lcom/ichi2/libanki/Stats$ChartType;)V
05-28 23:15:59.487  4606  4606 D M_InsDal: Lcom/ichi2/anki/stats/ChartView;--->addFragment(Lcom/ichi2/anki/Statistics$ChartFragment;)V
05-28 23:15:59.487  4606  4606 D M_InsDal: Lcom/ichi2/anki/Statistics;--->getTaskHandler()Lcom/ichi2/anki/stats/AnkiStatsTaskHandler;
05-28 23:15:59.487  4606  4606 D M_InsDal: Lcom/ichi2/anki/stats/AnkiStatsTaskHandler;--->getStatType()Lcom/ichi2/libanki/Stats$AxisType;
05-28 23:15:59.487  4606  4606 D M_InsDal: Lcom/ichi2/anki/Statistics;--->getViewPager()Landroid/support/v4/view/ViewPager;
05-28 23:15:59.487  4606  4606 D M_InsDal: Lcom/ichi2/anki/Statistics;--->getSectionsPagerAdapter()Lcom/ichi2/anki/Statistics$SectionsPagerAdapter;
05-28 23:15:59.487  4606  4606 D M_InsDal: Lcom/ichi2/anki/CollectionHelper;--->getInstance()Lcom/ichi2/anki/CollectionHelper;
05-28 23:15:59.487  4606  4606 D M_InsDal: Lcom/ichi2/anki/CollectionHelper;--->getCol(Landroid/content/Context;)Lcom/ichi2/libanki/Collection;
05-28 23:15:59.487  4606  4606 D M_InsDal: Lcom/ichi2/anki/CollectionHelper;--->getCollectionPath(Landroid/content/Context;)Ljava/lang/String;
05-28 23:15:59.487  4606  4606 D M_InsDal: Lcom/ichi2/anki/CollectionHelper;--->getCurrentAnkiDroidDirectory(Landroid/content/Context;)Ljava/lang/String;
05-28 23:15:59.487  4606  4606 D M_InsDal: Lcom/ichi2/anki/CollectionHelper;--->getDefaultAnkiDroidDirectory()Ljava/lang/String;
05-28 23:15:59.487  4606  4666 D M_InsDal: Lcom/ichi2/anki/stats/AnkiStatsTaskHandler$CreateChartTask;--->doInBackground([Landroid/view/View;)Lcom/wildplot/android/rendering/PlotSheet;
05-28 23:15:59.487  4606  4666 D M_InsDal: Lcom/ichi2/anki/stats/ChartBuilder;---><init>(Lcom/ichi2/anki/stats/ChartView;Lcom/ichi2/libanki/Collection;ZLcom/ichi2/libanki/Stats$ChartType;)V
05-28 23:15:59.487  4606  4666 D M_InsDal: Lcom/ichi2/anki/stats/ChartBuilder;--->renderChart(Lcom/ichi2/libanki/Stats$AxisType;)Lcom/wildplot/android/rendering/PlotSheet;
05-28 23:15:59.487  4606  4666 D M_InsDal: Lcom/ichi2/anki/stats/ChartBuilder;--->calcStats(Lcom/ichi2/libanki/Stats$AxisType;)V
05-28 23:15:59.487  4606  4606 D M_InsDal: Lcom/ichi2/anki/CollectionHelper;--->colIsOpen()Z
05-28 23:15:59.487  4606  4606 D M_InsDal: Lcom/ichi2/anki/Statistics$ChartFragment;--->isWholeCollection()Z
05-28 23:15:59.487  4606  4606 D M_InsDal: Lcom/ichi2/anki/CollectionHelper;--->getInstance()Lcom/ichi2/anki/CollectionHelper;
05-28 23:15:59.487  4606  4606 D M_InsDal: Lcom/ichi2/anki/CollectionHelper;--->getCol(Landroid/content/Context;)Lcom/ichi2/libanki/Collection;
05-28 23:15:59.487  4606  4606 D M_InsDal: Lcom/ichi2/anki/CollectionHelper;--->getCollectionPath(Landroid/content/Context;)Ljava/lang/String;
05-28 23:15:59.487  4606  4606 D M_InsDal: Lcom/ichi2/anki/CollectionHelper;--->getCurrentAnkiDroidDirectory(Landroid/content/Context;)Ljava/lang/String;
05-28 23:15:59.487  4606  4606 D M_InsDal: Lcom/ichi2/anki/CollectionHelper;--->getDefaultAnkiDroidDirectory()Ljava/lang/String;
05-28 23:15:59.488  4606  4606 D M_InsDal: Lcom/ichi2/anki/CollectionHelper;--->colIsOpen()Z
05-28 23:15:59.488  4606  4606 D M_InsDal: Lcom/ichi2/anki/Statistics$ChartFragment;--->onCreate(Landroid/os/Bundle;)V
05-28 23:15:59.488  4606  4606 D M_InsDal: Lcom/ichi2/anki/Statistics$ChartFragment;--->onCreateView(Landroid/view/LayoutInflater;Landroid/view/ViewGroup;Landroid/os/Bundle;)Landroid/view/View;
05-28 23:15:59.488  4606  4606 D M_InsDal: Lcom/ichi2/anki/stats/ChartView;---><init>(Landroid/content/Context;Landroid/util/AttributeSet;)V
05-28 23:15:59.488  4606  4606 D M_InsDal: Lcom/ichi2/anki/Statistics;--->getTaskHandler()Lcom/ichi2/anki/stats/AnkiStatsTaskHandler;
05-28 23:15:59.488  4606  4606 D M_InsDal: Lcom/ichi2/anki/Statistics$ChartFragment;--->createChart()V
05-28 23:15:59.488  4606  4606 D M_InsDal: Lcom/ichi2/anki/Statistics;--->getTaskHandler()Lcom/ichi2/anki/stats/AnkiStatsTaskHandler;
05-28 23:15:59.488  4606  4606 D M_InsDal: Lcom/ichi2/anki/stats/AnkiStatsTaskHandler;--->createChart(Lcom/ichi2/libanki/Stats$ChartType;[Landroid/view/View;)Lcom/ichi2/anki/stats/AnkiStatsTaskHandler$CreateChartTask;
05-28 23:15:59.488  4606  4606 D M_InsDal: Lcom/ichi2/anki/stats/AnkiStatsTaskHandler$CreateChartTask;---><init>(Lcom/ichi2/anki/stats/AnkiStatsTaskHandler;Lcom/ichi2/libanki/Stats$ChartType;)V
05-28 23:15:59.488  4606  4606 D M_InsDal: Lcom/ichi2/anki/stats/ChartView;--->addFragment(Lcom/ichi2/anki/Statistics$ChartFragment;)V
05-28 23:15:59.488  4606  4606 D M_InsDal: Lcom/ichi2/anki/Statistics;--->getTaskHandler()Lcom/ichi2/anki/stats/AnkiStatsTaskHandler;
05-28 23:15:59.488  4606  4606 D M_InsDal: Lcom/ichi2/anki/stats/AnkiStatsTaskHandler;--->getStatType()Lcom/ichi2/libanki/Stats$AxisType;
05-28 23:15:59.488  4606  4606 D M_InsDal: Lcom/ichi2/anki/Statistics;--->getViewPager()Landroid/support/v4/view/ViewPager;
05-28 23:15:59.488  4606  4606 D M_InsDal: Lcom/ichi2/anki/Statistics;--->getSectionsPagerAdapter()Lcom/ichi2/anki/Statistics$SectionsPagerAdapter;
05-28 23:15:59.488  4606  4606 D M_InsDal: Lcom/ichi2/anki/CollectionHelper;--->getInstance()Lcom/ichi2/anki/CollectionHelper;
05-28 23:15:59.488  4606  4606 D M_InsDal: Lcom/ichi2/anki/CollectionHelper;--->getCol(Landroid/content/Context;)Lcom/ichi2/libanki/Collection;
05-28 23:15:59.488  4606  4606 D M_InsDal: Lcom/ichi2/anki/CollectionHelper;--->getCollectionPath(Landroid/content/Context;)Ljava/lang/String;
05-28 23:15:59.488  4606  4606 D M_InsDal: Lcom/ichi2/anki/CollectionHelper;--->getCurrentAnkiDroidDirectory(Landroid/content/Context;)Ljava/lang/String;
05-28 23:15:59.488  4606  4606 D M_InsDal: Lcom/ichi2/anki/CollectionHelper;--->getDefaultAnkiDroidDirectory()Ljava/lang/String;
05-28 23:15:59.488  4606  4664 D M_InsDal: Lcom/ichi2/anki/stats/AnkiStatsTaskHandler$CreateChartTask;--->doInBackground([Landroid/view/View;)Lcom/wildplot/android/rendering/PlotSheet;
05-28 23:15:59.488  4606  4664 D M_InsDal: Lcom/ichi2/anki/stats/ChartBuilder;---><init>(Lcom/ichi2/anki/stats/ChartView;Lcom/ichi2/libanki/Collection;ZLcom/ichi2/libanki/Stats$ChartType;)V
05-28 23:15:59.488  4606  4664 D M_InsDal: Lcom/ichi2/anki/stats/ChartBuilder;--->renderChart(Lcom/ichi2/libanki/Stats$AxisType;)Lcom/wildplot/android/rendering/PlotSheet;
05-28 23:15:59.488  4606  4664 D M_InsDal: Lcom/ichi2/anki/stats/ChartBuilder;--->calcStats(Lcom/ichi2/libanki/Stats$AxisType;)V
05-28 23:15:59.488  4606  4606 D M_InsDal: Lcom/ichi2/anki/CollectionHelper;--->colIsOpen()Z
05-28 23:15:59.488  4606  4606 D M_InsDal: Lcom/ichi2/anki/Statistics$ChartFragment;--->isWholeCollection()Z
05-28 23:15:59.488  4606  4606 D M_InsDal: Lcom/ichi2/anki/CollectionHelper;--->getInstance()Lcom/ichi2/anki/CollectionHelper;
05-28 23:15:59.488  4606  4606 D M_InsDal: Lcom/ichi2/anki/CollectionHelper;--->getCol(Landroid/content/Context;)Lcom/ichi2/libanki/Collection;
05-28 23:15:59.488  4606  4606 D M_InsDal: Lcom/ichi2/anki/CollectionHelper;--->getCollectionPath(Landroid/content/Context;)Ljava/lang/String;
05-28 23:15:59.488  4606  4606 D M_InsDal: Lcom/ichi2/anki/CollectionHelper;--->getCurrentAnkiDroidDirectory(Landroid/content/Context;)Ljava/lang/String;
05-28 23:15:59.488  4606  4606 D M_InsDal: Lcom/ichi2/anki/CollectionHelper;--->getDefaultAnkiDroidDirectory()Ljava/lang/String;
05-28 23:15:59.489  4606  4606 D M_InsDal: Lcom/ichi2/anki/CollectionHelper;--->colIsOpen()Z
05-28 23:15:59.489  4606  4606 D M_InsDal: Lcom/ichi2/anki/Statistics$ChartFragment;--->onCreate(Landroid/os/Bundle;)V
05-28 23:15:59.489  4606  4606 D M_InsDal: Lcom/ichi2/anki/Statistics$ChartFragment;--->onCreateView(Landroid/view/LayoutInflater;Landroid/view/ViewGroup;Landroid/os/Bundle;)Landroid/view/View;
05-28 23:15:59.489  4606  4606 D M_InsDal: Lcom/ichi2/anki/stats/ChartView;---><init>(Landroid/content/Context;Landroid/util/AttributeSet;)V
05-28 23:15:59.489  4606  4606 D M_InsDal: Lcom/ichi2/anki/Statistics;--->getTaskHandler()Lcom/ichi2/anki/stats/AnkiStatsTaskHandler;
05-28 23:15:59.489  4606  4606 D M_InsDal: Lcom/ichi2/anki/Statistics$ChartFragment;--->createChart()V
05-28 23:15:59.489  4606  4606 D M_InsDal: Lcom/ichi2/anki/Statistics;--->getTaskHandler()Lcom/ichi2/anki/stats/AnkiStatsTaskHandler;
05-28 23:15:59.489  4606  4606 D M_InsDal: Lcom/ichi2/anki/stats/AnkiStatsTaskHandler;--->createChart(Lcom/ichi2/libanki/Stats$ChartType;[Landroid/view/View;)Lcom/ichi2/anki/stats/AnkiStatsTaskHandler$CreateChartTask;
05-28 23:15:59.489  4606  4606 D M_InsDal: Lcom/ichi2/anki/stats/AnkiStatsTaskHandler$CreateChartTask;---><init>(Lcom/ichi2/anki/stats/AnkiStatsTaskHandler;Lcom/ichi2/libanki/Stats$ChartType;)V
05-28 23:15:59.489  4606  4606 D M_InsDal: Lcom/ichi2/anki/stats/ChartView;--->addFragment(Lcom/ichi2/anki/Statistics$ChartFragment;)V
05-28 23:15:59.489  4606  4606 D M_InsDal: Lcom/ichi2/anki/Statistics;--->getTaskHandler()Lcom/ichi2/anki/stats/AnkiStatsTaskHandler;
05-28 23:15:59.489  4606  4606 D M_InsDal: Lcom/ichi2/anki/stats/AnkiStatsTaskHandler;--->getStatType()Lcom/ichi2/libanki/Stats$AxisType;
05-28 23:15:59.489  4606  4606 D M_InsDal: Lcom/ichi2/anki/Statistics;--->getViewPager()Landroid/support/v4/view/ViewPager;
05-28 23:15:59.489  4606  4606 D M_InsDal: Lcom/ichi2/anki/Statistics;--->getSectionsPagerAdapter()Lcom/ichi2/anki/Statistics$SectionsPagerAdapter;
05-28 23:15:59.489  4606  4606 D M_InsDal: Lcom/ichi2/anki/CollectionHelper;--->getInstance()Lcom/ichi2/anki/CollectionHelper;
05-28 23:15:59.489  4606  4606 D M_InsDal: Lcom/ichi2/anki/CollectionHelper;--->getCol(Landroid/content/Context;)Lcom/ichi2/libanki/Collection;
05-28 23:15:59.489  4606  4606 D M_InsDal: Lcom/ichi2/anki/CollectionHelper;--->getCollectionPath(Landroid/content/Context;)Ljava/lang/String;
05-28 23:15:59.489  4606  4606 D M_InsDal: Lcom/ichi2/anki/CollectionHelper;--->getCurrentAnkiDroidDirectory(Landroid/content/Context;)Ljava/lang/String;
05-28 23:15:59.489  4606  4606 D M_InsDal: Lcom/ichi2/anki/CollectionHelper;--->getDefaultAnkiDroidDirectory()Ljava/lang/String;
05-28 23:15:59.489  4606  4665 D M_InsDal: Lcom/ichi2/anki/stats/AnkiStatsTaskHandler$CreateChartTask;--->doInBackground([Landroid/view/View;)Lcom/wildplot/android/rendering/PlotSheet;
05-28 23:15:59.489  4606  4665 D M_InsDal: Lcom/ichi2/anki/stats/ChartBuilder;---><init>(Lcom/ichi2/anki/stats/ChartView;Lcom/ichi2/libanki/Collection;ZLcom/ichi2/libanki/Stats$ChartType;)V
05-28 23:15:59.489  4606  4665 D M_InsDal: Lcom/ichi2/anki/stats/ChartBuilder;--->renderChart(Lcom/ichi2/libanki/Stats$AxisType;)Lcom/wildplot/android/rendering/PlotSheet;
05-28 23:15:59.489  4606  4665 D M_InsDal: Lcom/ichi2/anki/stats/ChartBuilder;--->calcStats(Lcom/ichi2/libanki/Stats$AxisType;)V
05-28 23:15:59.489  4606  4606 D M_InsDal: Lcom/ichi2/anki/CollectionHelper;--->colIsOpen()Z
05-28 23:15:59.489  4606  4606 D M_InsDal: Lcom/ichi2/anki/Statistics$ChartFragment;--->isWholeCollection()Z
05-28 23:15:59.489  4606  4606 D M_InsDal: Lcom/ichi2/anki/CollectionHelper;--->getInstance()Lcom/ichi2/anki/CollectionHelper;
05-28 23:15:59.489  4606  4606 D M_InsDal: Lcom/ichi2/anki/CollectionHelper;--->getCol(Landroid/content/Context;)Lcom/ichi2/libanki/Collection;
05-28 23:15:59.489  4606  4606 D M_InsDal: Lcom/ichi2/anki/CollectionHelper;--->getCollectionPath(Landroid/content/Context;)Ljava/lang/String;
05-28 23:15:59.490  4606  4606 D M_InsDal: Lcom/ichi2/anki/CollectionHelper;--->getCurrentAnkiDroidDirectory(Landroid/content/Context;)Ljava/lang/String;
05-28 23:15:59.490  4606  4606 D M_InsDal: Lcom/ichi2/anki/CollectionHelper;--->getDefaultAnkiDroidDirectory()Ljava/lang/String;
05-28 23:15:59.490  4606  4606 D M_InsDal: Lcom/ichi2/anki/CollectionHelper;--->colIsOpen()Z
05-28 23:15:59.490  4606  4606 D M_InsDal: Lcom/ichi2/anki/Statistics$ChartFragment;--->onCreate(Landroid/os/Bundle;)V
05-28 23:15:59.490  4606  4606 D M_InsDal: Lcom/ichi2/anki/Statistics$ChartFragment;--->onCreateView(Landroid/view/LayoutInflater;Landroid/view/ViewGroup;Landroid/os/Bundle;)Landroid/view/View;
05-28 23:15:59.490  4606  4606 D M_InsDal: Lcom/ichi2/anki/stats/ChartView;---><init>(Landroid/content/Context;Landroid/util/AttributeSet;)V
05-28 23:15:59.490  4606  4606 D M_InsDal: Lcom/ichi2/anki/Statistics;--->getTaskHandler()Lcom/ichi2/anki/stats/AnkiStatsTaskHandler;
05-28 23:15:59.490  4606  4606 D M_InsDal: Lcom/ichi2/anki/Statistics$ChartFragment;--->createChart()V
05-28 23:15:59.490  4606  4606 D M_InsDal: Lcom/ichi2/anki/Statistics;--->getTaskHandler()Lcom/ichi2/anki/stats/AnkiStatsTaskHandler;
05-28 23:15:59.490  4606  4606 D M_InsDal: Lcom/ichi2/anki/stats/AnkiStatsTaskHandler;--->createChart(Lcom/ichi2/libanki/Stats$ChartType;[Landroid/view/View;)Lcom/ichi2/anki/stats/AnkiStatsTaskHandler$CreateChartTask;
05-28 23:15:59.490  4606  4606 D M_InsDal: Lcom/ichi2/anki/stats/AnkiStatsTaskHandler$CreateChartTask;---><init>(Lcom/ichi2/anki/stats/AnkiStatsTaskHandler;Lcom/ichi2/libanki/Stats$ChartType;)V
05-28 23:15:59.490  4606  4606 D M_InsDal: Lcom/ichi2/anki/stats/ChartView;--->addFragment(Lcom/ichi2/anki/Statistics$ChartFragment;)V
05-28 23:15:59.490  4606  4606 D M_InsDal: Lcom/ichi2/anki/Statistics;--->getTaskHandler()Lcom/ichi2/anki/stats/AnkiStatsTaskHandler;
05-28 23:15:59.490  4606  4606 D M_InsDal: Lcom/ichi2/anki/stats/AnkiStatsTaskHandler;--->getStatType()Lcom/ichi2/libanki/Stats$AxisType;
05-28 23:15:59.490  4606  4606 D M_InsDal: Lcom/ichi2/anki/Statistics;--->getViewPager()Landroid/support/v4/view/ViewPager;
05-28 23:15:59.490  4606  4606 D M_InsDal: Lcom/ichi2/anki/Statistics;--->getSectionsPagerAdapter()Lcom/ichi2/anki/Statistics$SectionsPagerAdapter;
05-28 23:15:59.490  4606  4606 D M_InsDal: Lcom/ichi2/anki/CollectionHelper;--->getInstance()Lcom/ichi2/anki/CollectionHelper;
05-28 23:15:59.490  4606  4606 D M_InsDal: Lcom/ichi2/anki/CollectionHelper;--->getCol(Landroid/content/Context;)Lcom/ichi2/libanki/Collection;
05-28 23:15:59.490  4606  4606 D M_InsDal: Lcom/ichi2/anki/CollectionHelper;--->getCollectionPath(Landroid/content/Context;)Ljava/lang/String;
05-28 23:15:59.490  4606  4606 D M_InsDal: Lcom/ichi2/anki/CollectionHelper;--->getCurrentAnkiDroidDirectory(Landroid/content/Context;)Ljava/lang/String;
05-28 23:15:59.490  4606  4606 D M_InsDal: Lcom/ichi2/anki/CollectionHelper;--->getDefaultAnkiDroidDirectory()Ljava/lang/String;
05-28 23:15:59.490  4606  4666 D M_InsDal: Lcom/ichi2/anki/stats/AnkiStatsTaskHandler$CreateChartTask;--->doInBackground([Landroid/view/View;)Lcom/wildplot/android/rendering/PlotSheet;
05-28 23:15:59.490  4606  4666 D M_InsDal: Lcom/ichi2/anki/stats/ChartBuilder;---><init>(Lcom/ichi2/anki/stats/ChartView;Lcom/ichi2/libanki/Collection;ZLcom/ichi2/libanki/Stats$ChartType;)V
05-28 23:15:59.490  4606  4666 D M_InsDal: Lcom/ichi2/anki/stats/ChartBuilder;--->renderChart(Lcom/ichi2/libanki/Stats$AxisType;)Lcom/wildplot/android/rendering/PlotSheet;
05-28 23:15:59.490  4606  4666 D M_InsDal: Lcom/ichi2/anki/stats/ChartBuilder;--->calcStats(Lcom/ichi2/libanki/Stats$AxisType;)V
05-28 23:15:59.491  4606  4606 D M_InsDal: Lcom/ichi2/anki/CollectionHelper;--->colIsOpen()Z
05-28 23:15:59.491  4606  4606 D M_InsDal: Lcom/ichi2/anki/Statistics$ChartFragment;--->isWholeCollection()Z
05-28 23:15:59.491  4606  4606 D M_InsDal: Lcom/ichi2/anki/CollectionHelper;--->getInstance()Lcom/ichi2/anki/CollectionHelper;
05-28 23:15:59.491  4606  4606 D M_InsDal: Lcom/ichi2/anki/CollectionHelper;--->getCol(Landroid/content/Context;)Lcom/ichi2/libanki/Collection;
05-28 23:15:59.491  4606  4606 D M_InsDal: Lcom/ichi2/anki/CollectionHelper;--->getCollectionPath(Landroid/content/Context;)Ljava/lang/String;
05-28 23:15:59.491  4606  4606 D M_InsDal: Lcom/ichi2/anki/CollectionHelper;--->getCurrentAnkiDroidDirectory(Landroid/content/Context;)Ljava/lang/String;
05-28 23:15:59.491  4606  4606 D M_InsDal: Lcom/ichi2/anki/CollectionHelper;--->getDefaultAnkiDroidDirectory()Ljava/lang/String;
05-28 23:15:59.491  4606  4606 D M_InsDal: Lcom/ichi2/anki/CollectionHelper;--->colIsOpen()Z
05-28 23:15:59.492  4606  4606 D M_InsDal: Lcom/ichi2/anki/Statistics$ChartFragment;--->onCreate(Landroid/os/Bundle;)V
05-28 23:15:59.492  4606  4606 D M_InsDal: Lcom/ichi2/anki/Statistics$ChartFragment;--->onCreateView(Landroid/view/LayoutInflater;Landroid/view/ViewGroup;Landroid/os/Bundle;)Landroid/view/View;
05-28 23:15:59.492  4606  4606 D M_InsDal: Lcom/ichi2/anki/stats/ChartView;---><init>(Landroid/content/Context;Landroid/util/AttributeSet;)V
05-28 23:15:59.492  4606  4606 D M_InsDal: Lcom/ichi2/anki/Statistics;--->getTaskHandler()Lcom/ichi2/anki/stats/AnkiStatsTaskHandler;
05-28 23:15:59.492  4606  4606 D M_InsDal: Lcom/ichi2/anki/Statistics$ChartFragment;--->createChart()V
05-28 23:15:59.492  4606  4606 D M_InsDal: Lcom/ichi2/anki/Statistics;--->getTaskHandler()Lcom/ichi2/anki/stats/AnkiStatsTaskHandler;
05-28 23:15:59.492  4606  4606 D M_InsDal: Lcom/ichi2/anki/stats/AnkiStatsTaskHandler;--->createChart(Lcom/ichi2/libanki/Stats$ChartType;[Landroid/view/View;)Lcom/ichi2/anki/stats/AnkiStatsTaskHandler$CreateChartTask;
05-28 23:15:59.492  4606  4606 D M_InsDal: Lcom/ichi2/anki/stats/AnkiStatsTaskHandler$CreateChartTask;---><init>(Lcom/ichi2/anki/stats/AnkiStatsTaskHandler;Lcom/ichi2/libanki/Stats$ChartType;)V
05-28 23:15:59.492  4606  4606 D M_InsDal: Lcom/ichi2/anki/stats/ChartView;--->addFragment(Lcom/ichi2/anki/Statistics$ChartFragment;)V
05-28 23:15:59.492  4606  4606 D M_InsDal: Lcom/ichi2/anki/Statistics;--->getTaskHandler()Lcom/ichi2/anki/stats/AnkiStatsTaskHandler;
05-28 23:15:59.492  4606  4606 D M_InsDal: Lcom/ichi2/anki/stats/AnkiStatsTaskHandler;--->getStatType()Lcom/ichi2/libanki/Stats$AxisType;
05-28 23:15:59.492  4606  4606 D M_InsDal: Lcom/ichi2/anki/Statistics;--->getViewPager()Landroid/support/v4/view/ViewPager;
05-28 23:15:59.492  4606  4606 D M_InsDal: Lcom/ichi2/anki/Statistics;--->getSectionsPagerAdapter()Lcom/ichi2/anki/Statistics$SectionsPagerAdapter;
05-28 23:15:59.492  4606  4606 D M_InsDal: Lcom/ichi2/anki/CollectionHelper;--->getInstance()Lcom/ichi2/anki/CollectionHelper;
05-28 23:15:59.492  4606  4606 D M_InsDal: Lcom/ichi2/anki/CollectionHelper;--->getCol(Landroid/content/Context;)Lcom/ichi2/libanki/Collection;
05-28 23:15:59.492  4606  4606 D M_InsDal: Lcom/ichi2/anki/CollectionHelper;--->getCollectionPath(Landroid/content/Context;)Ljava/lang/String;
05-28 23:15:59.492  4606  4606 D M_InsDal: Lcom/ichi2/anki/CollectionHelper;--->getCurrentAnkiDroidDirectory(Landroid/content/Context;)Ljava/lang/String;
05-28 23:15:59.492  4606  4606 D M_InsDal: Lcom/ichi2/anki/CollectionHelper;--->getDefaultAnkiDroidDirectory()Ljava/lang/String;
05-28 23:15:59.492  4606  4664 D M_InsDal: Lcom/ichi2/anki/stats/AnkiStatsTaskHandler$CreateChartTask;--->doInBackground([Landroid/view/View;)Lcom/wildplot/android/rendering/PlotSheet;
05-28 23:15:59.492  4606  4664 D M_InsDal: Lcom/ichi2/anki/stats/ChartBuilder;---><init>(Lcom/ichi2/anki/stats/ChartView;Lcom/ichi2/libanki/Collection;ZLcom/ichi2/libanki/Stats$ChartType;)V
05-28 23:15:59.492  4606  4664 D M_InsDal: Lcom/ichi2/anki/stats/ChartBuilder;--->renderChart(Lcom/ichi2/libanki/Stats$AxisType;)Lcom/wildplot/android/rendering/PlotSheet;
05-28 23:15:59.492  4606  4664 D M_InsDal: Lcom/ichi2/anki/stats/ChartBuilder;--->calcStats(Lcom/ichi2/libanki/Stats$AxisType;)V
05-28 23:15:59.493  4606  4606 D M_InsDal: Lcom/ichi2/anki/CollectionHelper;--->colIsOpen()Z
05-28 23:15:59.493  4606  4606 D M_InsDal: Lcom/ichi2/anki/Statistics$ChartFragment;--->isWholeCollection()Z
05-28 23:15:59.493  4606  4606 D M_InsDal: Lcom/ichi2/anki/CollectionHelper;--->getInstance()Lcom/ichi2/anki/CollectionHelper;
05-28 23:15:59.493  4606  4606 D M_InsDal: Lcom/ichi2/anki/CollectionHelper;--->getCol(Landroid/content/Context;)Lcom/ichi2/libanki/Collection;
05-28 23:15:59.493  4606  4606 D M_InsDal: Lcom/ichi2/anki/CollectionHelper;--->getCollectionPath(Landroid/content/Context;)Ljava/lang/String;
05-28 23:15:59.493  4606  4606 D M_InsDal: Lcom/ichi2/anki/CollectionHelper;--->getCurrentAnkiDroidDirectory(Landroid/content/Context;)Ljava/lang/String;
05-28 23:15:59.493  4606  4606 D M_InsDal: Lcom/ichi2/anki/CollectionHelper;--->getDefaultAnkiDroidDirectory()Ljava/lang/String;
05-28 23:15:59.493  4606  4606 D M_InsDal: Lcom/ichi2/anki/CollectionHelper;--->colIsOpen()Z
05-28 23:15:59.493  4606  4606 D M_InsDal: Lcom/ichi2/anki/Statistics$ChartFragment;--->onCreate(Landroid/os/Bundle;)V
05-28 23:15:59.493  4606  4606 D M_InsDal: Lcom/ichi2/anki/Statistics$ChartFragment;--->onCreateView(Landroid/view/LayoutInflater;Landroid/view/ViewGroup;Landroid/os/Bundle;)Landroid/view/View;
05-28 23:15:59.493  4606  4606 D M_InsDal: Lcom/ichi2/anki/stats/ChartView;---><init>(Landroid/content/Context;Landroid/util/AttributeSet;)V
05-28 23:15:59.494  4606  4606 D M_InsDal: Lcom/ichi2/anki/Statistics;--->getTaskHandler()Lcom/ichi2/anki/stats/AnkiStatsTaskHandler;
05-28 23:15:59.494  4606  4606 D M_InsDal: Lcom/ichi2/anki/Statistics$ChartFragment;--->createChart()V
05-28 23:15:59.494  4606  4606 D M_InsDal: Lcom/ichi2/anki/Statistics;--->getTaskHandler()Lcom/ichi2/anki/stats/AnkiStatsTaskHandler;
05-28 23:15:59.494  4606  4606 D M_InsDal: Lcom/ichi2/anki/stats/AnkiStatsTaskHandler;--->createChart(Lcom/ichi2/libanki/Stats$ChartType;[Landroid/view/View;)Lcom/ichi2/anki/stats/AnkiStatsTaskHandler$CreateChartTask;
05-28 23:15:59.494  4606  4606 D M_InsDal: Lcom/ichi2/anki/stats/AnkiStatsTaskHandler$CreateChartTask;---><init>(Lcom/ichi2/anki/stats/AnkiStatsTaskHandler;Lcom/ichi2/libanki/Stats$ChartType;)V
05-28 23:15:59.494  4606  4606 D M_InsDal: Lcom/ichi2/anki/stats/ChartView;--->addFragment(Lcom/ichi2/anki/Statistics$ChartFragment;)V
05-28 23:15:59.494  4606  4606 D M_InsDal: Lcom/ichi2/anki/Statistics;--->getTaskHandler()Lcom/ichi2/anki/stats/AnkiStatsTaskHandler;
05-28 23:15:59.494  4606  4606 D M_InsDal: Lcom/ichi2/anki/stats/AnkiStatsTaskHandler;--->getStatType()Lcom/ichi2/libanki/Stats$AxisType;
05-28 23:15:59.494  4606  4606 D M_InsDal: Lcom/ichi2/anki/Statistics;--->getViewPager()Landroid/support/v4/view/ViewPager;
05-28 23:15:59.494  4606  4606 D M_InsDal: Lcom/ichi2/anki/Statistics;--->getSectionsPagerAdapter()Lcom/ichi2/anki/Statistics$SectionsPagerAdapter;
