--------- beginning of main
--------- beginning of system
06-04 00:37:08.211 22209 22209 D M_InsDal: Lcom/ichi2/anki/AnkiDroidApp;---><clinit>()V
06-04 00:37:08.211 22209 22209 D M_InsDal: Lcom/ichi2/anki/AnkiDroidApp;---><init>()V
06-04 00:37:08.211 22209 22209 D M_InsDal: Lcom/ichi2/anki/provider/CardContentProvider;---><clinit>()V
06-04 00:37:08.211 22209 22209 D M_InsDal: Lcom/ichi2/anki/FlashCardsContract$Note;---><clinit>()V
06-04 00:37:08.211 22209 22209 D M_InsDal: Lcom/ichi2/anki/FlashCardsContract;---><clinit>()V
06-04 00:37:08.211 22209 22209 D M_InsDal: Lcom/ichi2/anki/provider/CardContentProvider;---><init>()V
06-04 00:37:08.211 22209 22209 D M_InsDal: Lcom/ichi2/anki/provider/CardContentProvider;--->onCreate()Z
06-04 00:37:08.215 22209 22209 D M_InsDal: Lcom/ichi2/anki/AnkiDroidApp;--->onCreate()V
06-04 00:37:08.215 22209 22209 D M_InsDal: Lcom/ichi2/anki/AnkiDroidApp;--->getSharedPrefs(Landroid/content/Context;)Landroid/content/SharedPreferences;
06-04 00:37:08.218 22209 22209 D M_InsDal: Lcom/ichi2/anki/AnkiDroidApp$ProductionCrashReportingTree;---><clinit>()V
06-04 00:37:08.218 22209 22209 D M_InsDal: Lcom/ichi2/anki/AnkiDroidApp$ProductionCrashReportingTree;---><init>()V
06-04 00:37:08.218 22209 22209 D M_InsDal: Lcom/ichi2/anki/AnkiDroidApp;--->setAcraReportingMode(Ljava/lang/String;)V
06-04 00:37:08.218 22209 22209 D M_InsDal: Lcom/ichi2/anki/AnkiDroidApp;--->setLanguage(Ljava/lang/String;)V
06-04 00:37:08.218 22209 22209 D M_InsDal: Lcom/ichi2/anki/AnkiDroidApp;--->getInstance()Lcom/ichi2/anki/AnkiDroidApp;
06-04 00:37:08.218 22209 22209 D M_InsDal: Lcom/ichi2/anki/AnkiDroidApp;--->getInstance()Lcom/ichi2/anki/AnkiDroidApp;
06-04 00:37:08.218 22209 22209 D M_InsDal: Lcom/ichi2/anki/AnkiDroidApp;--->getSharedPrefs(Landroid/content/Context;)Landroid/content/SharedPreferences;
06-04 00:37:08.218 22209 22209 D M_InsDal: Lcom/ichi2/anki/AnkiDroidApp;--->getInstance()Lcom/ichi2/anki/AnkiDroidApp;
06-04 00:37:08.218 22209 22209 D M_InsDal: Lcom/ichi2/anki/AnkiDroidApp;--->getInstance()Lcom/ichi2/anki/AnkiDroidApp;
06-04 00:37:08.249 22209 22209 D M_InsDal: Lcom/ichi2/anki/CollectionHelper;--->hasStorageAccessPermission(Landroid/content/Context;)Z
06-04 00:37:08.249 22209 22209 D M_InsDal: Lcom/ichi2/anki/CollectionHelper;--->getCurrentAnkiDroidDirectory(Landroid/content/Context;)Ljava/lang/String;
06-04 00:37:08.249 22209 22209 D M_InsDal: Lcom/ichi2/anki/CollectionHelper;--->getDefaultAnkiDroidDirectory()Ljava/lang/String;
06-04 00:37:08.250 22209 22209 D M_InsDal: Lcom/ichi2/anki/CollectionHelper;--->initializeAnkiDroidDirectory(Ljava/lang/String;)V
06-04 00:37:08.253 22209 22209 D M_InsDal: Lcom/ichi2/anki/AbstractFlashcardViewer;---><clinit>()V
06-04 00:37:08.253 22209 22209 D M_InsDal: Lcom/ichi2/anki/Reviewer;---><init>()V
06-04 00:37:08.253 22209 22209 D M_InsDal: Lcom/ichi2/anki/AbstractFlashcardViewer;---><init>()V
06-04 00:37:08.253 22209 22209 D M_InsDal: Lcom/ichi2/anki/NavigationDrawerActivity;---><init>()V
06-04 00:37:08.253 22209 22209 D M_InsDal: Lcom/ichi2/anki/AnkiActivity;---><init>()V
06-04 00:37:08.254 22209 22209 D M_InsDal: Lcom/ichi2/anki/dialogs/DialogHandler;---><init>(Lcom/ichi2/anki/AnkiActivity;)V
06-04 00:37:08.254 22209 22209 D M_InsDal: Lcom/ichi2/anki/AbstractFlashcardViewer$1;---><init>(Lcom/ichi2/anki/AbstractFlashcardViewer;)V
06-04 00:37:08.254 22209 22209 D M_InsDal: Lcom/ichi2/anki/AbstractFlashcardViewer$2;---><init>(Lcom/ichi2/anki/AbstractFlashcardViewer;)V
06-04 00:37:08.254 22209 22209 D M_InsDal: Lcom/ichi2/anki/AbstractFlashcardViewer$3;---><init>(Lcom/ichi2/anki/AbstractFlashcardViewer;)V
06-04 00:37:08.254 22209 22209 D M_InsDal: Lcom/ichi2/anki/AbstractFlashcardViewer$4;---><init>(Lcom/ichi2/anki/AbstractFlashcardViewer;)V
06-04 00:37:08.254 22209 22209 D M_InsDal: Lcom/ichi2/anki/AbstractFlashcardViewer$5;---><init>(Lcom/ichi2/anki/AbstractFlashcardViewer;)V
06-04 00:37:08.254 22209 22209 D M_InsDal: Lcom/ichi2/anki/AbstractFlashcardViewer$6;---><init>(Lcom/ichi2/anki/AbstractFlashcardViewer;)V
06-04 00:37:08.254 22209 22209 D M_InsDal: Lcom/ichi2/anki/AbstractFlashcardViewer$7;---><init>(Lcom/ichi2/anki/AbstractFlashcardViewer;)V
06-04 00:37:08.254 22209 22209 D M_InsDal: Lcom/ichi2/anki/AbstractFlashcardViewer$8;---><init>(Lcom/ichi2/anki/AbstractFlashcardViewer;)V
06-04 00:37:08.254 22209 22209 D M_InsDal: Lcom/ichi2/anki/AbstractFlashcardViewer$9;---><init>(Lcom/ichi2/anki/AbstractFlashcardViewer;)V
06-04 00:37:08.254 22209 22209 D M_InsDal: Lcom/ichi2/anki/AbstractFlashcardViewer$10;---><init>(Lcom/ichi2/anki/AbstractFlashcardViewer;)V
06-04 00:37:08.254 22209 22209 D M_InsDal: Lcom/ichi2/anki/AbstractFlashcardViewer$11;---><init>(Lcom/ichi2/anki/AbstractFlashcardViewer;)V
06-04 00:37:08.254 22209 22209 D M_InsDal: Lcom/ichi2/anki/AbstractFlashcardViewer$18;---><init>(Lcom/ichi2/anki/AbstractFlashcardViewer;)V
06-04 00:37:08.254 22209 22209 D M_InsDal: Lcom/ichi2/anki/AbstractFlashcardViewer$19;---><init>(Lcom/ichi2/anki/AbstractFlashcardViewer;)V
06-04 00:37:08.254 22209 22209 D M_InsDal: Lcom/ichi2/anki/AbstractFlashcardViewer$21;---><init>(Lcom/ichi2/anki/AbstractFlashcardViewer;)V
06-04 00:37:08.256 22209 22209 D M_InsDal: Lcom/ichi2/anki/Reviewer;--->onCreate(Landroid/os/Bundle;)V
06-04 00:37:08.256 22209 22209 D M_InsDal: Lcom/ichi2/anki/AbstractFlashcardViewer;--->onCreate(Landroid/os/Bundle;)V
06-04 00:37:08.256 22209 22209 D M_InsDal: Lcom/ichi2/anki/reviewer/ReviewerExtRegistry;---><init>(Landroid/content/Context;)V
06-04 00:37:08.256 22209 22209 D M_InsDal: Lcom/ichi2/anki/reviewer/CustomFontsReviewerExt;---><init>(Landroid/content/Context;)V
06-04 00:37:08.256 22209 22209 D M_InsDal: Lcom/ichi2/anki/reviewer/CustomFontsReviewerExt;--->getCustomFontsMap(Landroid/content/Context;)Ljava/util/Map;
06-04 00:37:08.256 22209 22209 D M_InsDal: Lcom/ichi2/anki/CollectionHelper;--->getCurrentAnkiDroidDirectory(Landroid/content/Context;)Ljava/lang/String;
06-04 00:37:08.256 22209 22209 D M_InsDal: Lcom/ichi2/anki/CollectionHelper;--->getDefaultAnkiDroidDirectory()Ljava/lang/String;
06-04 00:37:08.257 22209 22209 D M_InsDal: Lcom/ichi2/anki/AnkiFont;---><clinit>()V
06-04 00:37:08.257 22209 22209 D M_InsDal: Lcom/ichi2/anki/AnkiFont;--->createAnkiFont(Landroid/content/Context;Ljava/lang/String;Z)Lcom/ichi2/anki/AnkiFont;
06-04 00:37:08.257 22209 22209 D M_InsDal: Lcom/ichi2/anki/AnkiFont;--->getTypeface(Landroid/content/Context;Ljava/lang/String;)Landroid/graphics/Typeface;
06-04 00:37:08.259 22209 22209 D M_InsDal: Lcom/ichi2/anki/AnkiFont;---><init>(Ljava/lang/String;Ljava/lang/String;Ljava/util/List;Ljava/lang/String;)V
06-04 00:37:08.259 22209 22209 D M_InsDal: Lcom/ichi2/anki/AnkiDroidApp;--->getSharedPrefs(Landroid/content/Context;)Landroid/content/SharedPreferences;
06-04 00:37:08.259 22209 22209 D M_InsDal: Lcom/ichi2/anki/AnkiFont;--->createAnkiFont(Landroid/content/Context;Ljava/lang/String;Z)Lcom/ichi2/anki/AnkiFont;
06-04 00:37:08.259 22209 22209 D M_InsDal: Lcom/ichi2/anki/AnkiFont;--->getTypeface(Landroid/content/Context;Ljava/lang/String;)Landroid/graphics/Typeface;
06-04 00:37:08.261 22209 22209 D M_InsDal: Lcom/ichi2/anki/AnkiFont;---><init>(Ljava/lang/String;Ljava/lang/String;Ljava/util/List;Ljava/lang/String;)V
06-04 00:37:08.261 22209 22209 D M_InsDal: Lcom/ichi2/anki/AnkiDroidApp;--->getSharedPrefs(Landroid/content/Context;)Landroid/content/SharedPreferences;
06-04 00:37:08.261 22209 22209 D M_InsDal: Lcom/ichi2/anki/AnkiFont;--->createAnkiFont(Landroid/content/Context;Ljava/lang/String;Z)Lcom/ichi2/anki/AnkiFont;
06-04 00:37:08.261 22209 22209 D M_InsDal: Lcom/ichi2/anki/AnkiFont;--->getTypeface(Landroid/content/Context;Ljava/lang/String;)Landroid/graphics/Typeface;
06-04 00:37:08.262 22209 22209 D M_InsDal: Lcom/ichi2/anki/AnkiFont;---><init>(Ljava/lang/String;Ljava/lang/String;Ljava/util/List;Ljava/lang/String;)V
06-04 00:37:08.262 22209 22209 D M_InsDal: Lcom/ichi2/anki/AnkiDroidApp;--->getSharedPrefs(Landroid/content/Context;)Landroid/content/SharedPreferences;
06-04 00:37:08.262 22209 22209 D M_InsDal: Lcom/ichi2/anki/AnkiFont;--->createAnkiFont(Landroid/content/Context;Ljava/lang/String;Z)Lcom/ichi2/anki/AnkiFont;
06-04 00:37:08.262 22209 22209 D M_InsDal: Lcom/ichi2/anki/AnkiFont;--->getTypeface(Landroid/content/Context;Ljava/lang/String;)Landroid/graphics/Typeface;
06-04 00:37:08.263 22209 22209 D M_InsDal: Lcom/ichi2/anki/AnkiFont;---><init>(Ljava/lang/String;Ljava/lang/String;Ljava/util/List;Ljava/lang/String;)V
06-04 00:37:08.263 22209 22209 D M_InsDal: Lcom/ichi2/anki/AnkiDroidApp;--->getSharedPrefs(Landroid/content/Context;)Landroid/content/SharedPreferences;
06-04 00:37:08.263 22209 22209 D M_InsDal: Lcom/ichi2/anki/AnkiFont;--->createAnkiFont(Landroid/content/Context;Ljava/lang/String;Z)Lcom/ichi2/anki/AnkiFont;
06-04 00:37:08.264 22209 22209 D M_InsDal: Lcom/ichi2/anki/AnkiFont;--->getTypeface(Landroid/content/Context;Ljava/lang/String;)Landroid/graphics/Typeface;
06-04 00:37:08.265 22209 22209 D M_InsDal: Lcom/ichi2/anki/AnkiFont;---><init>(Ljava/lang/String;Ljava/lang/String;Ljava/util/List;Ljava/lang/String;)V
06-04 00:37:08.265 22209 22209 D M_InsDal: Lcom/ichi2/anki/AnkiDroidApp;--->getSharedPrefs(Landroid/content/Context;)Landroid/content/SharedPreferences;
06-04 00:37:08.265 22209 22209 D M_InsDal: Lcom/ichi2/anki/AnkiFont;--->createAnkiFont(Landroid/content/Context;Ljava/lang/String;Z)Lcom/ichi2/anki/AnkiFont;
06-04 00:37:08.265 22209 22209 D M_InsDal: Lcom/ichi2/anki/AnkiFont;--->getTypeface(Landroid/content/Context;Ljava/lang/String;)Landroid/graphics/Typeface;
06-04 00:37:08.267 22209 22209 D M_InsDal: Lcom/ichi2/anki/AnkiFont;---><init>(Ljava/lang/String;Ljava/lang/String;Ljava/util/List;Ljava/lang/String;)V
06-04 00:37:08.267 22209 22209 D M_InsDal: Lcom/ichi2/anki/AnkiDroidApp;--->getSharedPrefs(Landroid/content/Context;)Landroid/content/SharedPreferences;
06-04 00:37:08.267 22209 22209 D M_InsDal: Lcom/ichi2/anki/AnkiFont;--->createAnkiFont(Landroid/content/Context;Ljava/lang/String;Z)Lcom/ichi2/anki/AnkiFont;
06-04 00:37:08.267 22209 22209 D M_InsDal: Lcom/ichi2/anki/AnkiFont;--->getTypeface(Landroid/content/Context;Ljava/lang/String;)Landroid/graphics/Typeface;
06-04 00:37:08.269 22209 22209 D M_InsDal: Lcom/ichi2/anki/AnkiFont;---><init>(Ljava/lang/String;Ljava/lang/String;Ljava/util/List;Ljava/lang/String;)V
06-04 00:37:08.269 22209 22209 D M_InsDal: Lcom/ichi2/anki/AnkiDroidApp;--->getSharedPrefs(Landroid/content/Context;)Landroid/content/SharedPreferences;
06-04 00:37:08.269 22209 22209 D M_InsDal: Lcom/ichi2/anki/AnkiFont;--->getName()Ljava/lang/String;
06-04 00:37:08.269 22209 22209 D M_InsDal: Lcom/ichi2/anki/AnkiFont;--->getName()Ljava/lang/String;
06-04 00:37:08.269 22209 22209 D M_InsDal: Lcom/ichi2/anki/reviewer/CustomFontsReviewerExt;--->getCustomFontsStyle(Ljava/util/Map;)Ljava/lang/String;
06-04 00:37:08.269 22209 22209 D M_InsDal: Lcom/ichi2/anki/AnkiFont;--->getDeclaration()Ljava/lang/String;
06-04 00:37:08.269 22209 22209 D M_InsDal: Lcom/ichi2/anki/AnkiFont;--->getCSS(Z)Ljava/lang/String;
06-04 00:37:08.269 22209 22209 D M_InsDal: Lcom/ichi2/anki/AnkiFont;--->getDeclaration()Ljava/lang/String;
06-04 00:37:08.269 22209 22209 D M_InsDal: Lcom/ichi2/anki/AnkiFont;--->getCSS(Z)Ljava/lang/String;
06-04 00:37:08.269 22209 22209 D M_InsDal: Lcom/ichi2/anki/AnkiFont;--->getDeclaration()Ljava/lang/String;
06-04 00:37:08.269 22209 22209 D M_InsDal: Lcom/ichi2/anki/AnkiFont;--->getCSS(Z)Ljava/lang/String;
06-04 00:37:08.269 22209 22209 D M_InsDal: Lcom/ichi2/anki/AnkiFont;--->getDeclaration()Ljava/lang/String;
06-04 00:37:08.269 22209 22209 D M_InsDal: Lcom/ichi2/anki/AnkiFont;--->getCSS(Z)Ljava/lang/String;
06-04 00:37:08.269 22209 22209 D M_InsDal: Lcom/ichi2/anki/AnkiFont;--->getDeclaration()Ljava/lang/String;
06-04 00:37:08.269 22209 22209 D M_InsDal: Lcom/ichi2/anki/AnkiFont;--->getCSS(Z)Ljava/lang/String;
06-04 00:37:08.269 22209 22209 D M_InsDal: Lcom/ichi2/anki/AnkiFont;--->getDeclaration()Ljava/lang/String;
06-04 00:37:08.269 22209 22209 D M_InsDal: Lcom/ichi2/anki/AnkiFont;--->getCSS(Z)Ljava/lang/String;
06-04 00:37:08.269 22209 22209 D M_InsDal: Lcom/ichi2/anki/AnkiFont;--->getDeclaration()Ljava/lang/String;
06-04 00:37:08.269 22209 22209 D M_InsDal: Lcom/ichi2/anki/AnkiFont;--->getCSS(Z)Ljava/lang/String;
06-04 00:37:08.269 22209 22209 D M_InsDal: Lcom/ichi2/anki/reviewer/CustomFontsReviewerExt;--->getDominantFontStyle(Landroid/content/Context;Ljava/util/Map;)Ljava/lang/String;
06-04 00:37:08.269 22209 22209 D M_InsDal: Lcom/ichi2/anki/reviewer/CustomFontsReviewerExt;--->getOverrideFontStyle(Landroid/content/Context;Ljava/util/Map;)Ljava/lang/String;
06-04 00:37:08.269 22209 22209 D M_InsDal: Lcom/ichi2/anki/AnkiDroidApp;--->getSharedPrefs(Landroid/content/Context;)Landroid/content/SharedPreferences;
06-04 00:37:08.269 22209 22209 D M_InsDal: Lcom/ichi2/anki/reviewer/CustomFontsReviewerExt;--->getDefaultFontStyle(Landroid/content/Context;Ljava/util/Map;)Ljava/lang/String;
06-04 00:37:08.269 22209 22209 D M_InsDal: Lcom/ichi2/anki/AnkiDroidApp;--->getSharedPrefs(Landroid/content/Context;)Landroid/content/SharedPreferences;
06-04 00:37:08.269 22209 22209 D M_InsDal: Lcom/ichi2/anki/reviewer/CustomFontsReviewerExt;--->getThemeFontStyle()Ljava/lang/String;
06-04 00:37:08.269 22209 22209 D M_InsDal: Lcom/ichi2/anki/AbstractFlashcardViewer;--->restorePreferences()Landroid/content/SharedPreferences;
06-04 00:37:08.269 22209 22209 D M_InsDal: Lcom/ichi2/anki/AnkiDroidApp;--->getSharedPrefs(Landroid/content/Context;)Landroid/content/SharedPreferences;
06-04 00:37:08.270 22209 22209 D M_InsDal: Lcom/ichi2/anki/AnkiDroidApp;--->initiateGestures(Landroid/content/SharedPreferences;)Z
06-04 00:37:08.270 22209 22209 D M_InsDal: Lcom/ichi2/anki/AnkiActivity;--->getCol()Lcom/ichi2/libanki/Collection;
06-04 00:37:08.270 22209 22209 D M_InsDal: Lcom/ichi2/anki/CollectionHelper;--->getInstance()Lcom/ichi2/anki/CollectionHelper;
06-04 00:37:08.270 22209 22209 D M_InsDal: Lcom/ichi2/anki/CollectionHelper$LazyHolder;---><clinit>()V
06-04 00:37:08.270 22209 22209 D M_InsDal: Lcom/ichi2/anki/CollectionHelper;---><init>()V
06-04 00:37:08.270 22209 22209 D M_InsDal: Lcom/ichi2/anki/CollectionHelper;--->getCol(Landroid/content/Context;)Lcom/ichi2/libanki/Collection;
06-04 00:37:08.270 22209 22209 D M_InsDal: Lcom/ichi2/anki/CollectionHelper;--->getCollectionPath(Landroid/content/Context;)Ljava/lang/String;
06-04 00:37:08.270 22209 22209 D M_InsDal: Lcom/ichi2/anki/CollectionHelper;--->getCurrentAnkiDroidDirectory(Landroid/content/Context;)Ljava/lang/String;
06-04 00:37:08.270 22209 22209 D M_InsDal: Lcom/ichi2/anki/CollectionHelper;--->getDefaultAnkiDroidDirectory()Ljava/lang/String;
06-04 00:37:08.270 22209 22209 D M_InsDal: Lcom/ichi2/anki/CollectionHelper;--->colIsOpen()Z
06-04 00:37:08.270 22209 22209 D M_InsDal: Lcom/ichi2/anki/CollectionHelper;--->getParentDirectory(Ljava/lang/String;)Ljava/lang/String;
06-04 00:37:08.270 22209 22209 D M_InsDal: Lcom/ichi2/anki/CollectionHelper;--->initializeAnkiDroidDirectory(Ljava/lang/String;)V
06-04 00:37:08.270 22209 22209 D M_InsDal: Lcom/ichi2/anki/AnkiDroidApp$ProductionCrashReportingTree;--->i(Ljava/lang/String;[Ljava/lang/Object;)V
06-04 00:37:08.270 22209 22209 D M_InsDal: Lcom/ichi2/anki/AnkiDroidApp$ProductionCrashReportingTree;--->formatString(Ljava/lang/String;[Ljava/lang/Object;)Ljava/lang/String;
06-04 00:37:08.274 22209 22209 D M_InsDal: Lcom/ichi2/anki/AnkiDroidApp;--->getInstance()Lcom/ichi2/anki/AnkiDroidApp;
06-04 00:37:08.277 22209 22209 D M_InsDal: Lcom/ichi2/anki/AnkiActivity;--->getCol()Lcom/ichi2/libanki/Collection;
06-04 00:37:08.277 22209 22209 D M_InsDal: Lcom/ichi2/anki/CollectionHelper;--->getInstance()Lcom/ichi2/anki/CollectionHelper;
06-04 00:37:08.277 22209 22209 D M_InsDal: Lcom/ichi2/anki/CollectionHelper;--->getCol(Landroid/content/Context;)Lcom/ichi2/libanki/Collection;
06-04 00:37:08.277 22209 22209 D M_InsDal: Lcom/ichi2/anki/CollectionHelper;--->getCollectionPath(Landroid/content/Context;)Ljava/lang/String;
06-04 00:37:08.277 22209 22209 D M_InsDal: Lcom/ichi2/anki/CollectionHelper;--->getCurrentAnkiDroidDirectory(Landroid/content/Context;)Ljava/lang/String;
06-04 00:37:08.277 22209 22209 D M_InsDal: Lcom/ichi2/anki/CollectionHelper;--->getDefaultAnkiDroidDirectory()Ljava/lang/String;
06-04 00:37:08.277 22209 22209 D M_InsDal: Lcom/ichi2/anki/CollectionHelper;--->colIsOpen()Z
06-04 00:37:08.277 22209 22209 D M_InsDal: Lcom/ichi2/anki/Reviewer;--->restorePreferences()Landroid/content/SharedPreferences;
06-04 00:37:08.277 22209 22209 D M_InsDal: Lcom/ichi2/anki/AnkiDroidApp;--->getSharedPrefs(Landroid/content/Context;)Landroid/content/SharedPreferences;
06-04 00:37:08.277 22209 22209 D M_InsDal: Lcom/ichi2/anki/AnkiActivity;--->onCreate(Landroid/os/Bundle;)V
06-04 00:37:08.277 22209 22209 D M_InsDal: Lcom/ichi2/anki/AnkiDroidApp;--->getSharedPrefs(Landroid/content/Context;)Landroid/content/SharedPreferences;
06-04 00:37:08.280 22209 22209 D M_InsDal: Lcom/ichi2/anki/Reviewer;--->getContentViewAttr(I)I
06-04 00:37:08.314 22209 22209 D M_InsDal: Lcom/ichi2/anki/NavigationDrawerActivity;--->initNavigationDrawer(Landroid/view/View;)V
06-04 00:37:08.315 22209 22209 D M_InsDal: Lcom/ichi2/anki/NavigationDrawerActivity$1;---><init>(Lcom/ichi2/anki/NavigationDrawerActivity;)V
06-04 00:37:08.315 22209 22209 D M_InsDal: Lcom/ichi2/anki/AnkiDroidApp;--->getSharedPrefs(Landroid/content/Context;)Landroid/content/SharedPreferences;
06-04 00:37:08.315 22209 22209 D M_InsDal: Lcom/ichi2/anki/NavigationDrawerActivity$2;---><init>(Lcom/ichi2/anki/NavigationDrawerActivity;Landroid/content/SharedPreferences;)V
06-04 00:37:08.315 22209 22209 D M_InsDal: Lcom/ichi2/anki/NavigationDrawerActivity$3;---><init>(Lcom/ichi2/anki/NavigationDrawerActivity;Landroid/app/Activity;Landroid/support/v4/widget/DrawerLayout;II)V
06-04 00:37:08.315 22209 22209 D M_InsDal: Lcom/ichi2/anki/AnkiActivity;--->startLoadingCollection()V
06-04 00:37:08.315 22209 22209 D M_InsDal: Lcom/ichi2/anki/AnkiActivity;--->colIsOpen()Z
06-04 00:37:08.315 22209 22209 D M_InsDal: Lcom/ichi2/anki/CollectionHelper;--->getInstance()Lcom/ichi2/anki/CollectionHelper;
06-04 00:37:08.315 22209 22209 D M_InsDal: Lcom/ichi2/anki/CollectionHelper;--->colIsOpen()Z
06-04 00:37:08.316 22209 22209 D M_InsDal: Lcom/ichi2/anki/AnkiActivity;--->onCreateLoader(ILandroid/os/Bundle;)Landroid/support/v4/content/Loader;
06-04 00:37:08.317 22209 22209 D M_InsDal: Lcom/ichi2/anki/CollectionHelper;--->getInstance()Lcom/ichi2/anki/CollectionHelper;
06-04 00:37:08.317 22209 22209 D M_InsDal: Lcom/ichi2/anki/CollectionHelper;--->isCollectionLocked()Z
06-04 00:37:08.318 22209 22209 D M_InsDal: Lcom/ichi2/anki/AnkiActivity;--->onStart()V
06-04 00:37:08.318 22209 22235 D M_InsDal: Lcom/ichi2/anki/CollectionHelper;--->getInstance()Lcom/ichi2/anki/CollectionHelper;
06-04 00:37:08.318 22209 22235 D M_InsDal: Lcom/ichi2/anki/CollectionHelper;--->getCol(Landroid/content/Context;)Lcom/ichi2/libanki/Collection;
06-04 00:37:08.318 22209 22235 D M_InsDal: Lcom/ichi2/anki/CollectionHelper;--->getCollectionPath(Landroid/content/Context;)Ljava/lang/String;
06-04 00:37:08.318 22209 22235 D M_InsDal: Lcom/ichi2/anki/CollectionHelper;--->getCurrentAnkiDroidDirectory(Landroid/content/Context;)Ljava/lang/String;
06-04 00:37:08.318 22209 22235 D M_InsDal: Lcom/ichi2/anki/CollectionHelper;--->getDefaultAnkiDroidDirectory()Ljava/lang/String;
06-04 00:37:08.319 22209 22235 D M_InsDal: Lcom/ichi2/anki/CollectionHelper;--->colIsOpen()Z
06-04 00:37:08.319 22209 22209 D M_InsDal: Lcom/ichi2/anki/NavigationDrawerActivity;--->onPostCreate(Landroid/os/Bundle;)V
06-04 00:37:08.320 22209 22209 D M_InsDal: Lcom/ichi2/anki/AnkiActivity;--->onResume()V
06-04 00:37:08.320 22209 22209 D M_InsDal: Lcom/ichi2/anki/dialogs/DialogHandler;--->readMessage()V
06-04 00:37:08.320 22209 22209 D M_InsDal: Lcom/ichi2/anki/AbstractFlashcardViewer;--->onResume()V
06-04 00:37:08.320 22209 22209 D M_InsDal: Lcom/ichi2/anki/AbstractFlashcardViewer;--->resumeTimer()V
06-04 00:37:08.320 22209 22209 D M_InsDal: Lcom/ichi2/anki/Reviewer;--->setTitle()V
06-04 00:37:08.320 22209 22209 D M_InsDal: Lcom/ichi2/anki/AnkiActivity;--->colIsOpen()Z
06-04 00:37:08.320 22209 22209 D M_InsDal: Lcom/ichi2/anki/CollectionHelper;--->getInstance()Lcom/ichi2/anki/CollectionHelper;
06-04 00:37:08.320 22209 22209 D M_InsDal: Lcom/ichi2/anki/CollectionHelper;--->colIsOpen()Z
06-04 00:37:08.320 22209 22209 D M_InsDal: Lcom/ichi2/anki/AnkiActivity;--->getCol()Lcom/ichi2/libanki/Collection;
06-04 00:37:08.320 22209 22209 D M_InsDal: Lcom/ichi2/anki/CollectionHelper;--->getInstance()Lcom/ichi2/anki/CollectionHelper;
06-04 00:37:08.320 22209 22209 D M_InsDal: Lcom/ichi2/anki/CollectionHelper;--->getCol(Landroid/content/Context;)Lcom/ichi2/libanki/Collection;
06-04 00:37:08.320 22209 22209 D M_InsDal: Lcom/ichi2/anki/CollectionHelper;--->getCollectionPath(Landroid/content/Context;)Ljava/lang/String;
06-04 00:37:08.320 22209 22209 D M_InsDal: Lcom/ichi2/anki/CollectionHelper;--->getCurrentAnkiDroidDirectory(Landroid/content/Context;)Ljava/lang/String;
06-04 00:37:08.320 22209 22209 D M_InsDal: Lcom/ichi2/anki/CollectionHelper;--->getDefaultAnkiDroidDirectory()Ljava/lang/String;
06-04 00:37:08.321 22209 22209 D M_InsDal: Lcom/ichi2/anki/CollectionHelper;--->colIsOpen()Z
06-04 00:37:08.321 22209 22209 D M_InsDal: Lcom/ichi2/anki/NavigationDrawerActivity;--->setTitle(Ljava/lang/CharSequence;)V
06-04 00:37:08.321 22209 22209 D M_InsDal: Lcom/ichi2/anki/AbstractFlashcardViewer;--->updateScreenCounts()V
06-04 00:37:08.321 22209 22209 D M_InsDal: Lcom/ichi2/anki/NavigationDrawerActivity;--->selectNavigationItem(I)V
06-04 00:37:08.328 22209 22209 D M_InsDal: Lcom/ichi2/anki/AnkiActivity;--->onLoadFinished(Landroid/support/v4/content/Loader;Lcom/ichi2/libanki/Collection;)V
06-04 00:37:08.328 22209 22209 D M_InsDal: Lcom/ichi2/anki/AnkiActivity;--->hideProgressBar()V
06-04 00:37:08.329 22209 22209 D M_InsDal: Lcom/ichi2/anki/AnkiActivity;--->colIsOpen()Z
06-04 00:37:08.329 22209 22209 D M_InsDal: Lcom/ichi2/anki/CollectionHelper;--->getInstance()Lcom/ichi2/anki/CollectionHelper;
06-04 00:37:08.329 22209 22209 D M_InsDal: Lcom/ichi2/anki/CollectionHelper;--->colIsOpen()Z
06-04 00:37:08.329 22209 22209 D M_InsDal: Lcom/ichi2/anki/AnkiActivity;--->onCollectionLoaded(Lcom/ichi2/libanki/Collection;)V
06-04 00:37:08.329 22209 22209 D M_InsDal: Lcom/ichi2/anki/AbstractFlashcardViewer;--->onCollectionLoaded(Lcom/ichi2/libanki/Collection;)V
06-04 00:37:08.329 22209 22209 D M_InsDal: Lcom/ichi2/anki/AbstractFlashcardViewer;--->registerExternalStorageListener()V
06-04 00:37:08.329 22209 22209 D M_InsDal: Lcom/ichi2/anki/AbstractFlashcardViewer$12;---><init>(Lcom/ichi2/anki/AbstractFlashcardViewer;)V
06-04 00:37:08.329 22209 22209 D M_InsDal: Lcom/ichi2/anki/AbstractFlashcardViewer;--->shouldUseQuickUpdate()Z
06-04 00:37:08.329 22209 22209 D M_InsDal: Lcom/ichi2/anki/AbstractFlashcardViewer;--->initLayout()V
06-04 00:37:08.329 22209 22209 D M_InsDal: Lcom/ichi2/anki/AbstractFlashcardViewer$MyGestureDetector;---><init>(Lcom/ichi2/anki/AbstractFlashcardViewer;)V
06-04 00:37:08.330 22209 22209 D M_InsDal: Lcom/ichi2/anki/AbstractFlashcardViewer$14;---><init>(Lcom/ichi2/anki/AbstractFlashcardViewer;)V
06-04 00:37:08.330 22209 22209 D M_InsDal: Lcom/ichi2/anki/AbstractFlashcardViewer;--->initControls()V
06-04 00:37:08.330 22209 22209 D M_InsDal: Lcom/ichi2/anki/AbstractFlashcardViewer;--->typeAnswer()Z
06-04 00:37:08.330 22209 22209 D M_InsDal: Lcom/ichi2/anki/AbstractFlashcardViewer$16;---><init>(Lcom/ichi2/anki/AbstractFlashcardViewer;)V
06-04 00:37:08.330 22209 22209 D M_InsDal: Lcom/ichi2/anki/AbstractFlashcardViewer$17;---><init>(Lcom/ichi2/anki/AbstractFlashcardViewer;)V
06-04 00:37:08.330 22209 22209 D M_InsDal: Lcom/ichi2/anki/Reviewer;--->initControls()V
06-04 00:37:08.330 22209 22209 D M_InsDal: Lcom/ichi2/anki/AnkiDroidApp;--->getSharedPrefs(Landroid/content/Context;)Landroid/content/SharedPreferences;
06-04 00:37:08.330 22209 22209 D M_InsDal: Lcom/ichi2/anki/Reviewer;--->setTitle()V
06-04 00:37:08.330 22209 22209 D M_InsDal: Lcom/ichi2/anki/AnkiActivity;--->colIsOpen()Z
06-04 00:37:08.330 22209 22209 D M_InsDal: Lcom/ichi2/anki/CollectionHelper;--->getInstance()Lcom/ichi2/anki/CollectionHelper;
06-04 00:37:08.330 22209 22209 D M_InsDal: Lcom/ichi2/anki/CollectionHelper;--->colIsOpen()Z
06-04 00:37:08.330 22209 22209 D M_InsDal: Lcom/ichi2/anki/AnkiActivity;--->getCol()Lcom/ichi2/libanki/Collection;
06-04 00:37:08.330 22209 22209 D M_InsDal: Lcom/ichi2/anki/CollectionHelper;--->getInstance()Lcom/ichi2/anki/CollectionHelper;
06-04 00:37:08.330 22209 22209 D M_InsDal: Lcom/ichi2/anki/CollectionHelper;--->getCol(Landroid/content/Context;)Lcom/ichi2/libanki/Collection;
06-04 00:37:08.330 22209 22209 D M_InsDal: Lcom/ichi2/anki/CollectionHelper;--->getCollectionPath(Landroid/content/Context;)Ljava/lang/String;
06-04 00:37:08.330 22209 22209 D M_InsDal: Lcom/ichi2/anki/CollectionHelper;--->getCurrentAnkiDroidDirectory(Landroid/content/Context;)Ljava/lang/String;
06-04 00:37:08.330 22209 22209 D M_InsDal: Lcom/ichi2/anki/CollectionHelper;--->getDefaultAnkiDroidDirectory()Ljava/lang/String;
06-04 00:37:08.330 22209 22209 D M_InsDal: Lcom/ichi2/anki/CollectionHelper;--->colIsOpen()Z
06-04 00:37:08.331 22209 22209 D M_InsDal: Lcom/ichi2/anki/NavigationDrawerActivity;--->setTitle(Ljava/lang/CharSequence;)V
06-04 00:37:08.331 22209 22209 D M_InsDal: Lcom/ichi2/anki/Lookup;--->initialize(Landroid/content/Context;)Z
06-04 00:37:08.331 22209 22209 D M_InsDal: Lcom/ichi2/anki/AnkiDroidApp;--->getInstance()Lcom/ichi2/anki/AnkiDroidApp;
06-04 00:37:08.331 22209 22209 D M_InsDal: Lcom/ichi2/anki/AnkiDroidApp;--->getSharedPrefs(Landroid/content/Context;)Landroid/content/SharedPreferences;
06-04 00:37:08.331 22209 22209 D M_InsDal: Lcom/ichi2/anki/AbstractFlashcardViewer;--->updateScreenCounts()V
06-04 00:37:08.331 22209 22209 D M_InsDal: Lcom/ichi2/anki/Reviewer;--->onCollectionLoaded(Lcom/ichi2/libanki/Collection;)V
06-04 00:37:08.331 22209 22209 D M_InsDal: Lcom/ichi2/anki/AbstractFlashcardViewer;--->getParentDid()J
06-04 00:37:08.331 22209 22209 D M_InsDal: Lcom/ichi2/anki/AnkiActivity;--->getCol()Lcom/ichi2/libanki/Collection;
06-04 00:37:08.331 22209 22209 D M_InsDal: Lcom/ichi2/anki/CollectionHelper;--->getInstance()Lcom/ichi2/anki/CollectionHelper;
06-04 00:37:08.331 22209 22209 D M_InsDal: Lcom/ichi2/anki/CollectionHelper;--->getCol(Landroid/content/Context;)Lcom/ichi2/libanki/Collection;
06-04 00:37:08.331 22209 22209 D M_InsDal: Lcom/ichi2/anki/CollectionHelper;--->getCollectionPath(Landroid/content/Context;)Ljava/lang/String;
06-04 00:37:08.331 22209 22209 D M_InsDal: Lcom/ichi2/anki/CollectionHelper;--->getCurrentAnkiDroidDirectory(Landroid/content/Context;)Ljava/lang/String;
06-04 00:37:08.331 22209 22209 D M_InsDal: Lcom/ichi2/anki/CollectionHelper;--->getDefaultAnkiDroidDirectory()Ljava/lang/String;
06-04 00:37:08.331 22209 22209 D M_InsDal: Lcom/ichi2/anki/CollectionHelper;--->colIsOpen()Z
06-04 00:37:08.331 22209 22209 D M_InsDal: Lcom/ichi2/anki/MetaDB;---><clinit>()V
06-04 00:37:08.332 22209 22209 D M_InsDal: Lcom/ichi2/anki/MetaDB;--->getWhiteboardState(Landroid/content/Context;J)Z
06-04 00:37:08.332 22209 22209 D M_InsDal: Lcom/ichi2/anki/MetaDB;--->openDBIfClosed(Landroid/content/Context;)V
06-04 00:37:08.332 22209 22209 D M_InsDal: Lcom/ichi2/anki/MetaDB;--->openDB(Landroid/content/Context;)V
06-04 00:37:08.335 22209 22209 D M_InsDal: Lcom/ichi2/anki/AbstractFlashcardViewer$10;--->onPreExecute()V
06-04 00:37:08.335 22209 22209 D M_InsDal: Lcom/ichi2/anki/AbstractFlashcardViewer;--->blockControls()V
06-04 00:37:08.335 22209 22209 D M_InsDal: Lcom/ichi2/anki/AbstractFlashcardViewer;--->typeAnswer()Z
06-04 00:37:08.335 22209 22209 D M_InsDal: Lcom/ichi2/anki/Reviewer;--->disableDrawerSwipeOnConflicts()V
06-04 00:37:08.335 22209 22209 D M_InsDal: Lcom/ichi2/anki/AnkiDroidApp;--->getSharedPrefs(Landroid/content/Context;)Landroid/content/SharedPreferences;
06-04 00:37:08.335 22209 22209 D M_InsDal: Lcom/ichi2/anki/AnkiDroidApp;--->initiateGestures(Landroid/content/SharedPreferences;)Z
06-04 00:37:08.335 22209 22237 D M_InsDal: Lcom/ichi2/anki/AnkiDroidApp;--->getInstance()Lcom/ichi2/anki/AnkiDroidApp;
06-04 00:37:08.335 22209 22237 D M_InsDal: Lcom/ichi2/anki/CollectionHelper;--->getInstance()Lcom/ichi2/anki/CollectionHelper;
06-04 00:37:08.335 22209 22237 D M_InsDal: Lcom/ichi2/anki/CollectionHelper;--->getColSafe(Landroid/content/Context;)Lcom/ichi2/libanki/Collection;
06-04 00:37:08.335 22209 22237 D M_InsDal: Lcom/ichi2/anki/CollectionHelper;--->getCol(Landroid/content/Context;)Lcom/ichi2/libanki/Collection;
06-04 00:37:08.335 22209 22237 D M_InsDal: Lcom/ichi2/anki/CollectionHelper;--->getCollectionPath(Landroid/content/Context;)Ljava/lang/String;
06-04 00:37:08.335 22209 22237 D M_InsDal: Lcom/ichi2/anki/CollectionHelper;--->getCurrentAnkiDroidDirectory(Landroid/content/Context;)Ljava/lang/String;
06-04 00:37:08.335 22209 22237 D M_InsDal: Lcom/ichi2/anki/CollectionHelper;--->getDefaultAnkiDroidDirectory()Ljava/lang/String;
06-04 00:37:08.336 22209 22237 D M_InsDal: Lcom/ichi2/anki/CollectionHelper;--->colIsOpen()Z
06-04 00:37:08.336 22209 22237 D M_InsDal: Lcom/ichi2/anki/CollectionHelper;--->getInstance()Lcom/ichi2/anki/CollectionHelper;
06-04 00:37:08.336 22209 22237 D M_InsDal: Lcom/ichi2/anki/CollectionHelper;--->getCol(Landroid/content/Context;)Lcom/ichi2/libanki/Collection;
06-04 00:37:08.336 22209 22237 D M_InsDal: Lcom/ichi2/anki/CollectionHelper;--->getCollectionPath(Landroid/content/Context;)Ljava/lang/String;
06-04 00:37:08.336 22209 22237 D M_InsDal: Lcom/ichi2/anki/CollectionHelper;--->getCurrentAnkiDroidDirectory(Landroid/content/Context;)Ljava/lang/String;
06-04 00:37:08.336 22209 22237 D M_InsDal: Lcom/ichi2/anki/CollectionHelper;--->getDefaultAnkiDroidDirectory()Ljava/lang/String;
06-04 00:37:08.336 22209 22237 D M_InsDal: Lcom/ichi2/anki/CollectionHelper;--->colIsOpen()Z
06-04 00:37:08.364 22209 22209 D M_InsDal: Lcom/ichi2/anki/AbstractFlashcardViewer$10;--->onProgressUpdate([Lcom/ichi2/async/DeckTask$TaskData;)V
06-04 00:37:08.364 22209 22209 D M_InsDal: Lcom/ichi2/anki/AnkiActivity;--->getCol()Lcom/ichi2/libanki/Collection;
06-04 00:37:08.364 22209 22209 D M_InsDal: Lcom/ichi2/anki/CollectionHelper;--->getInstance()Lcom/ichi2/anki/CollectionHelper;
06-04 00:37:08.364 22209 22209 D M_InsDal: Lcom/ichi2/anki/CollectionHelper;--->getCol(Landroid/content/Context;)Lcom/ichi2/libanki/Collection;
06-04 00:37:08.364 22209 22209 D M_InsDal: Lcom/ichi2/anki/CollectionHelper;--->getCollectionPath(Landroid/content/Context;)Ljava/lang/String;
06-04 00:37:08.364 22209 22209 D M_InsDal: Lcom/ichi2/anki/CollectionHelper;--->getCurrentAnkiDroidDirectory(Landroid/content/Context;)Ljava/lang/String;
06-04 00:37:08.364 22209 22209 D M_InsDal: Lcom/ichi2/anki/CollectionHelper;--->getDefaultAnkiDroidDirectory()Ljava/lang/String;
06-04 00:37:08.365 22209 22209 D M_InsDal: Lcom/ichi2/anki/CollectionHelper;--->colIsOpen()Z
06-04 00:37:08.365 22209 22209 D M_InsDal: Lcom/ichi2/anki/AbstractFlashcardViewer$10;--->onPostExecute(Lcom/ichi2/async/DeckTask$TaskData;)V
06-04 00:37:08.365 22209 22209 D M_InsDal: Lcom/ichi2/anki/AbstractFlashcardViewer;--->closeReviewer(IZ)V
06-04 00:37:08.365 22209 22209 D M_InsDal: Lcom/ichi2/anki/UIUtils;--->saveCollectionInBackground(Landroid/content/Context;)V
06-04 00:37:08.365 22209 22209 D M_InsDal: Lcom/ichi2/anki/CollectionHelper;--->getInstance()Lcom/ichi2/anki/CollectionHelper;
06-04 00:37:08.365 22209 22209 D M_InsDal: Lcom/ichi2/anki/CollectionHelper;--->colIsOpen()Z
06-04 00:37:08.365 22209 22209 D M_InsDal: Lcom/ichi2/anki/UIUtils$1;---><init>()V
06-04 00:37:08.365 22209 22209 D M_InsDal: Lcom/ichi2/anki/UIUtils$1;--->onPreExecute()V
06-04 00:37:08.366 22209 22238 D M_InsDal: Lcom/ichi2/anki/AnkiDroidApp;--->getInstance()Lcom/ichi2/anki/AnkiDroidApp;
06-04 00:37:08.366 22209 22238 D M_InsDal: Lcom/ichi2/anki/CollectionHelper;--->getInstance()Lcom/ichi2/anki/CollectionHelper;
06-04 00:37:08.366 22209 22238 D M_InsDal: Lcom/ichi2/anki/CollectionHelper;--->getColSafe(Landroid/content/Context;)Lcom/ichi2/libanki/Collection;
06-04 00:37:08.366 22209 22238 D M_InsDal: Lcom/ichi2/anki/CollectionHelper;--->getCol(Landroid/content/Context;)Lcom/ichi2/libanki/Collection;
06-04 00:37:08.366 22209 22238 D M_InsDal: Lcom/ichi2/anki/CollectionHelper;--->getCollectionPath(Landroid/content/Context;)Ljava/lang/String;
06-04 00:37:08.366 22209 22238 D M_InsDal: Lcom/ichi2/anki/CollectionHelper;--->getCurrentAnkiDroidDirectory(Landroid/content/Context;)Ljava/lang/String;
06-04 00:37:08.366 22209 22238 D M_InsDal: Lcom/ichi2/anki/CollectionHelper;--->getDefaultAnkiDroidDirectory()Ljava/lang/String;
06-04 00:37:08.366 22209 22238 D M_InsDal: Lcom/ichi2/anki/CollectionHelper;--->colIsOpen()Z
06-04 00:37:08.366 22209 22238 D M_InsDal: Lcom/ichi2/anki/CollectionHelper;--->getInstance()Lcom/ichi2/anki/CollectionHelper;
06-04 00:37:08.366 22209 22238 D M_InsDal: Lcom/ichi2/anki/CollectionHelper;--->getCol(Landroid/content/Context;)Lcom/ichi2/libanki/Collection;
06-04 00:37:08.366 22209 22238 D M_InsDal: Lcom/ichi2/anki/CollectionHelper;--->getCollectionPath(Landroid/content/Context;)Ljava/lang/String;
06-04 00:37:08.366 22209 22238 D M_InsDal: Lcom/ichi2/anki/CollectionHelper;--->getCurrentAnkiDroidDirectory(Landroid/content/Context;)Ljava/lang/String;
06-04 00:37:08.366 22209 22238 D M_InsDal: Lcom/ichi2/anki/CollectionHelper;--->getDefaultAnkiDroidDirectory()Ljava/lang/String;
06-04 00:37:08.367 22209 22238 D M_InsDal: Lcom/ichi2/anki/CollectionHelper;--->colIsOpen()Z
06-04 00:37:08.367 22209 22209 D M_InsDal: Lcom/ichi2/anki/AnkiActivity;--->finishWithAnimation(I)V
06-04 00:37:08.367 22209 22209 D M_InsDal: Lcom/ichi2/anki/AnkiActivity;--->enableActivityAnimation(I)V
06-04 00:37:08.367 22209 22209 D M_InsDal: Lcom/ichi2/anki/AnkiActivity;--->animationDisabled()Z
06-04 00:37:08.367 22209 22209 D M_InsDal: Lcom/ichi2/anki/AnkiDroidApp;--->getSharedPrefs(Landroid/content/Context;)Landroid/content/SharedPreferences;
06-04 00:37:08.368 22209 22209 D M_InsDal: Lcom/ichi2/anki/AbstractFlashcardViewer;--->refreshActionBar()V
06-04 00:37:08.368 22209 22209 D M_InsDal: Lcom/ichi2/anki/Reviewer;--->onWindowFocusChanged(Z)V
06-04 00:37:08.368 22209 22209 D M_InsDal: Lcom/ichi2/anki/AbstractFlashcardViewer;--->delayedHide(I)V
06-04 00:37:08.370 22209 22209 D M_InsDal: Lcom/ichi2/anki/Reviewer;--->onCreateOptionsMenu(Landroid/view/Menu;)Z
06-04 00:37:08.371 22209 22209 D M_InsDal: Lcom/ichi2/anki/Reviewer;--->setCustomButtons(Landroid/view/Menu;)V
06-04 00:37:08.371 22209 22209 D M_InsDal: Lcom/ichi2/anki/AnkiActivity;--->colIsOpen()Z
06-04 00:37:08.371 22209 22209 D M_InsDal: Lcom/ichi2/anki/CollectionHelper;--->getInstance()Lcom/ichi2/anki/CollectionHelper;
06-04 00:37:08.371 22209 22209 D M_InsDal: Lcom/ichi2/anki/CollectionHelper;--->colIsOpen()Z
06-04 00:37:08.371 22209 22209 D M_InsDal: Lcom/ichi2/anki/AnkiActivity;--->getCol()Lcom/ichi2/libanki/Collection;
06-04 00:37:08.371 22209 22209 D M_InsDal: Lcom/ichi2/anki/CollectionHelper;--->getInstance()Lcom/ichi2/anki/CollectionHelper;
06-04 00:37:08.371 22209 22209 D M_InsDal: Lcom/ichi2/anki/CollectionHelper;--->getCol(Landroid/content/Context;)Lcom/ichi2/libanki/Collection;
06-04 00:37:08.371 22209 22209 D M_InsDal: Lcom/ichi2/anki/CollectionHelper;--->getCollectionPath(Landroid/content/Context;)Ljava/lang/String;
06-04 00:37:08.371 22209 22209 D M_InsDal: Lcom/ichi2/anki/CollectionHelper;--->getCurrentAnkiDroidDirectory(Landroid/content/Context;)Ljava/lang/String;
06-04 00:37:08.371 22209 22209 D M_InsDal: Lcom/ichi2/anki/CollectionHelper;--->getDefaultAnkiDroidDirectory()Ljava/lang/String;
06-04 00:37:08.372 22209 22209 D M_InsDal: Lcom/ichi2/anki/CollectionHelper;--->colIsOpen()Z
06-04 00:37:08.372 22209 22209 D M_InsDal: Lcom/ichi2/anki/AnkiActivity;--->getCol()Lcom/ichi2/libanki/Collection;
06-04 00:37:08.372 22209 22209 D M_InsDal: Lcom/ichi2/anki/CollectionHelper;--->getInstance()Lcom/ichi2/anki/CollectionHelper;
06-04 00:37:08.372 22209 22209 D M_InsDal: Lcom/ichi2/anki/CollectionHelper;--->getCol(Landroid/content/Context;)Lcom/ichi2/libanki/Collection;
06-04 00:37:08.372 22209 22209 D M_InsDal: Lcom/ichi2/anki/CollectionHelper;--->getCollectionPath(Landroid/content/Context;)Ljava/lang/String;
06-04 00:37:08.372 22209 22209 D M_InsDal: Lcom/ichi2/anki/CollectionHelper;--->getCurrentAnkiDroidDirectory(Landroid/content/Context;)Ljava/lang/String;
06-04 00:37:08.372 22209 22209 D M_InsDal: Lcom/ichi2/anki/CollectionHelper;--->getDefaultAnkiDroidDirectory()Ljava/lang/String;
06-04 00:37:08.373 22209 22209 D M_InsDal: Lcom/ichi2/anki/CollectionHelper;--->colIsOpen()Z
06-04 00:37:08.373 22209 22209 D M_InsDal: Lcom/ichi2/anki/AbstractFlashcardViewer;--->getParentDid()J
06-04 00:37:08.373 22209 22209 D M_InsDal: Lcom/ichi2/anki/AnkiActivity;--->getCol()Lcom/ichi2/libanki/Collection;
06-04 00:37:08.373 22209 22209 D M_InsDal: Lcom/ichi2/anki/CollectionHelper;--->getInstance()Lcom/ichi2/anki/CollectionHelper;
06-04 00:37:08.373 22209 22209 D M_InsDal: Lcom/ichi2/anki/CollectionHelper;--->getCol(Landroid/content/Context;)Lcom/ichi2/libanki/Collection;
06-04 00:37:08.373 22209 22209 D M_InsDal: Lcom/ichi2/anki/CollectionHelper;--->getCollectionPath(Landroid/content/Context;)Ljava/lang/String;
06-04 00:37:08.373 22209 22209 D M_InsDal: Lcom/ichi2/anki/CollectionHelper;--->getCurrentAnkiDroidDirectory(Landroid/content/Context;)Ljava/lang/String;
06-04 00:37:08.373 22209 22209 D M_InsDal: Lcom/ichi2/anki/CollectionHelper;--->getDefaultAnkiDroidDirectory()Ljava/lang/String;
06-04 00:37:08.373 22209 22209 D M_InsDal: Lcom/ichi2/anki/CollectionHelper;--->colIsOpen()Z
06-04 00:37:08.373 22209 22209 D M_InsDal: Lcom/ichi2/anki/Reviewer$SuspendProvider;---><init>(Lcom/ichi2/anki/Reviewer;Landroid/content/Context;)V
06-04 00:37:08.373 22209 22209 D M_InsDal: Lcom/ichi2/anki/Reviewer$BuryProvider;---><init>(Lcom/ichi2/anki/Reviewer;Landroid/content/Context;)V
06-04 00:37:08.373 22209 22209 D M_InsDal: Lcom/ichi2/anki/Reviewer;--->dismissNoteAvailable(Lcom/ichi2/libanki/Collection$DismissType;)Z
06-04 00:37:08.374 22209 22209 D M_InsDal: Lcom/ichi2/anki/Reviewer;--->dismissNoteAvailable(Lcom/ichi2/libanki/Collection$DismissType;)Z
06-04 00:37:08.909 22209 22209 D M_InsDal: Lcom/ichi2/anki/AbstractFlashcardViewer;--->onPause()V
06-04 00:37:08.909 22209 22209 D M_InsDal: Lcom/ichi2/anki/AbstractFlashcardViewer;--->pauseTimer()V
06-04 00:37:08.910 22209 22209 D M_InsDal: Lcom/ichi2/anki/ReadText;---><clinit>()V
06-04 00:37:08.910 22209 22209 D M_InsDal: Lcom/ichi2/anki/ReadText;--->stopTts()V
06-04 00:37:08.911 22209 22209 D M_InsDal: Lcom/ichi2/anki/UIUtils$1;--->onPostExecute(Lcom/ichi2/async/DeckTask$TaskData;)V
06-04 00:37:08.911 22209 22209 D M_InsDal: Lcom/ichi2/anki/AbstractFlashcardViewer$21;--->handleMessage(Landroid/os/Message;)V
06-04 00:37:08.911 22209 22209 D M_InsDal: Lcom/ichi2/anki/Reviewer;--->onWindowFocusChanged(Z)V
06-04 00:37:08.942 22209 22209 D M_InsDal: Lcom/ichi2/anki/AnkiActivity;--->onStop()V
06-04 00:37:08.942 22209 22209 D M_InsDal: Lcom/ichi2/anki/Reviewer;--->onStop()V
06-04 00:37:08.942 22209 22209 D M_InsDal: Lcom/ichi2/anki/UIUtils;--->saveCollectionInBackground(Landroid/content/Context;)V
06-04 00:37:08.942 22209 22209 D M_InsDal: Lcom/ichi2/anki/CollectionHelper;--->getInstance()Lcom/ichi2/anki/CollectionHelper;
06-04 00:37:08.942 22209 22209 D M_InsDal: Lcom/ichi2/anki/CollectionHelper;--->colIsOpen()Z
06-04 00:37:08.942 22209 22209 D M_InsDal: Lcom/ichi2/anki/UIUtils$1;---><init>()V
06-04 00:37:08.942 22209 22209 D M_InsDal: Lcom/ichi2/anki/UIUtils$1;--->onPreExecute()V
06-04 00:37:08.943 22209 22241 D M_InsDal: Lcom/ichi2/anki/AnkiDroidApp;--->getInstance()Lcom/ichi2/anki/AnkiDroidApp;
06-04 00:37:08.943 22209 22241 D M_InsDal: Lcom/ichi2/anki/CollectionHelper;--->getInstance()Lcom/ichi2/anki/CollectionHelper;
06-04 00:37:08.943 22209 22241 D M_InsDal: Lcom/ichi2/anki/CollectionHelper;--->getColSafe(Landroid/content/Context;)Lcom/ichi2/libanki/Collection;
06-04 00:37:08.943 22209 22241 D M_InsDal: Lcom/ichi2/anki/CollectionHelper;--->getCol(Landroid/content/Context;)Lcom/ichi2/libanki/Collection;
06-04 00:37:08.943 22209 22241 D M_InsDal: Lcom/ichi2/anki/CollectionHelper;--->getCollectionPath(Landroid/content/Context;)Ljava/lang/String;
06-04 00:37:08.943 22209 22241 D M_InsDal: Lcom/ichi2/anki/CollectionHelper;--->getCurrentAnkiDroidDirectory(Landroid/content/Context;)Ljava/lang/String;
06-04 00:37:08.943 22209 22241 D M_InsDal: Lcom/ichi2/anki/CollectionHelper;--->getDefaultAnkiDroidDirectory()Ljava/lang/String;
06-04 00:37:08.943 22209 22209 D M_InsDal: Lcom/ichi2/anki/AnkiActivity;--->onLoaderReset(Landroid/support/v4/content/Loader;)V
06-04 00:37:08.943 22209 22241 D M_InsDal: Lcom/ichi2/anki/CollectionHelper;--->colIsOpen()Z
06-04 00:37:08.943 22209 22241 D M_InsDal: Lcom/ichi2/anki/CollectionHelper;--->getInstance()Lcom/ichi2/anki/CollectionHelper;
06-04 00:37:08.943 22209 22209 D M_InsDal: Lcom/ichi2/anki/AbstractFlashcardViewer;--->onDestroy()V
06-04 00:37:08.943 22209 22241 D M_InsDal: Lcom/ichi2/anki/CollectionHelper;--->getCol(Landroid/content/Context;)Lcom/ichi2/libanki/Collection;
06-04 00:37:08.943 22209 22241 D M_InsDal: Lcom/ichi2/anki/CollectionHelper;--->getCollectionPath(Landroid/content/Context;)Ljava/lang/String;
06-04 00:37:08.943 22209 22241 D M_InsDal: Lcom/ichi2/anki/CollectionHelper;--->getCurrentAnkiDroidDirectory(Landroid/content/Context;)Ljava/lang/String;
06-04 00:37:08.943 22209 22241 D M_InsDal: Lcom/ichi2/anki/CollectionHelper;--->getDefaultAnkiDroidDirectory()Ljava/lang/String;
06-04 00:37:08.944 22209 22209 D M_InsDal: Lcom/ichi2/anki/AbstractFlashcardViewer;--->destroyWebView(Landroid/webkit/WebView;)V
06-04 00:37:08.944 22209 22209 D M_InsDal: Lcom/ichi2/anki/AbstractFlashcardViewer;--->destroyWebView(Landroid/webkit/WebView;)V
06-04 00:37:08.944 22209 22241 D M_InsDal: Lcom/ichi2/anki/CollectionHelper;--->colIsOpen()Z
06-04 00:37:08.946 22209 22209 D M_InsDal: Lcom/ichi2/anki/UIUtils$1;--->onPostExecute(Lcom/ichi2/async/DeckTask$TaskData;)V
