--------- beginning of main
--------- beginning of system
06-04 00:47:47.759 26507 26507 D M_InsDal: Lcom/ichi2/anki/AnkiDroidApp;---><clinit>()V
06-04 00:47:47.759 26507 26507 D M_InsDal: Lcom/ichi2/anki/AnkiDroidApp;---><init>()V
06-04 00:47:47.760 26507 26507 D M_InsDal: Lcom/ichi2/anki/provider/CardContentProvider;---><clinit>()V
06-04 00:47:47.760 26507 26507 D M_InsDal: Lcom/ichi2/anki/FlashCardsContract$Note;---><clinit>()V
06-04 00:47:47.761 26507 26507 D M_InsDal: Lcom/ichi2/anki/FlashCardsContract;---><clinit>()V
06-04 00:47:47.761 26507 26507 D M_InsDal: Lcom/ichi2/anki/provider/CardContentProvider;---><init>()V
06-04 00:47:47.761 26507 26507 D M_InsDal: Lcom/ichi2/anki/provider/CardContentProvider;--->onCreate()Z
06-04 00:47:47.766 26507 26507 D M_InsDal: Lcom/ichi2/anki/AnkiDroidApp;--->onCreate()V
06-04 00:47:47.766 26507 26507 D M_InsDal: Lcom/ichi2/anki/AnkiDroidApp;--->getSharedPrefs(Landroid/content/Context;)Landroid/content/SharedPreferences;
06-04 00:47:47.771 26507 26507 D M_InsDal: Lcom/ichi2/anki/AnkiDroidApp$ProductionCrashReportingTree;---><clinit>()V
06-04 00:47:47.772 26507 26507 D M_InsDal: Lcom/ichi2/anki/AnkiDroidApp$ProductionCrashReportingTree;---><init>()V
06-04 00:47:47.772 26507 26507 D M_InsDal: Lcom/ichi2/anki/AnkiDroidApp;--->setAcraReportingMode(Ljava/lang/String;)V
06-04 00:47:47.772 26507 26507 D M_InsDal: Lcom/ichi2/anki/AnkiDroidApp;--->setLanguage(Ljava/lang/String;)V
06-04 00:47:47.772 26507 26507 D M_InsDal: Lcom/ichi2/anki/AnkiDroidApp;--->getInstance()Lcom/ichi2/anki/AnkiDroidApp;
06-04 00:47:47.773 26507 26507 D M_InsDal: Lcom/ichi2/anki/AnkiDroidApp;--->getInstance()Lcom/ichi2/anki/AnkiDroidApp;
06-04 00:47:47.773 26507 26507 D M_InsDal: Lcom/ichi2/anki/AnkiDroidApp;--->getSharedPrefs(Landroid/content/Context;)Landroid/content/SharedPreferences;
06-04 00:47:47.773 26507 26507 D M_InsDal: Lcom/ichi2/anki/AnkiDroidApp;--->getInstance()Lcom/ichi2/anki/AnkiDroidApp;
06-04 00:47:47.773 26507 26507 D M_InsDal: Lcom/ichi2/anki/AnkiDroidApp;--->getInstance()Lcom/ichi2/anki/AnkiDroidApp;
06-04 00:47:47.839 26507 26507 D M_InsDal: Lcom/ichi2/anki/CollectionHelper;--->hasStorageAccessPermission(Landroid/content/Context;)Z
06-04 00:47:47.839 26507 26507 D M_InsDal: Lcom/ichi2/anki/CollectionHelper;--->getCurrentAnkiDroidDirectory(Landroid/content/Context;)Ljava/lang/String;
06-04 00:47:47.839 26507 26507 D M_InsDal: Lcom/ichi2/anki/CollectionHelper;--->getDefaultAnkiDroidDirectory()Ljava/lang/String;
06-04 00:47:47.839 26507 26507 D M_InsDal: Lcom/ichi2/anki/CollectionHelper;--->initializeAnkiDroidDirectory(Ljava/lang/String;)V
06-04 00:47:47.844 26507 26507 D M_InsDal: Lcom/ichi2/anki/Statistics;---><init>()V
06-04 00:47:47.844 26507 26507 D M_InsDal: Lcom/ichi2/anki/NavigationDrawerActivity;---><init>()V
06-04 00:47:47.844 26507 26507 D M_InsDal: Lcom/ichi2/anki/AnkiActivity;---><init>()V
06-04 00:47:47.844 26507 26507 D M_InsDal: Lcom/ichi2/anki/dialogs/DialogHandler;---><init>(Lcom/ichi2/anki/AnkiActivity;)V
06-04 00:47:47.846 26507 26507 D M_InsDal: Lcom/ichi2/anki/Statistics;--->onCreate(Landroid/os/Bundle;)V
06-04 00:47:47.846 26507 26507 D M_InsDal: Lcom/ichi2/anki/AnkiActivity;--->onCreate(Landroid/os/Bundle;)V
06-04 00:47:47.846 26507 26507 D M_InsDal: Lcom/ichi2/anki/AnkiDroidApp;--->getSharedPrefs(Landroid/content/Context;)Landroid/content/SharedPreferences;
06-04 00:47:47.886 26507 26507 D M_InsDal: Lcom/ichi2/anki/NavigationDrawerActivity;--->initNavigationDrawer(Landroid/view/View;)V
06-04 00:47:47.888 26507 26507 D M_InsDal: Lcom/ichi2/anki/NavigationDrawerActivity$1;---><init>(Lcom/ichi2/anki/NavigationDrawerActivity;)V
06-04 00:47:47.888 26507 26507 D M_InsDal: Lcom/ichi2/anki/AnkiDroidApp;--->getSharedPrefs(Landroid/content/Context;)Landroid/content/SharedPreferences;
06-04 00:47:47.888 26507 26507 D M_InsDal: Lcom/ichi2/anki/NavigationDrawerActivity$2;---><init>(Lcom/ichi2/anki/NavigationDrawerActivity;Landroid/content/SharedPreferences;)V
06-04 00:47:47.888 26507 26507 D M_InsDal: Lcom/ichi2/anki/NavigationDrawerActivity$3;---><init>(Lcom/ichi2/anki/NavigationDrawerActivity;Landroid/app/Activity;Landroid/support/v4/widget/DrawerLayout;II)V
06-04 00:47:47.888 26507 26507 D M_InsDal: Lcom/ichi2/anki/AnkiActivity;--->startLoadingCollection()V
06-04 00:47:47.888 26507 26507 D M_InsDal: Lcom/ichi2/anki/AnkiActivity;--->colIsOpen()Z
06-04 00:47:47.888 26507 26507 D M_InsDal: Lcom/ichi2/anki/CollectionHelper;--->getInstance()Lcom/ichi2/anki/CollectionHelper;
06-04 00:47:47.888 26507 26507 D M_InsDal: Lcom/ichi2/anki/CollectionHelper$LazyHolder;---><clinit>()V
06-04 00:47:47.888 26507 26507 D M_InsDal: Lcom/ichi2/anki/CollectionHelper;---><init>()V
06-04 00:47:47.888 26507 26507 D M_InsDal: Lcom/ichi2/anki/CollectionHelper;--->colIsOpen()Z
06-04 00:47:47.888 26507 26507 D M_InsDal: Lcom/ichi2/anki/AnkiActivity;--->showProgressBar()V
06-04 00:47:47.889 26507 26507 D M_InsDal: Lcom/ichi2/anki/AnkiActivity;--->onCreateLoader(ILandroid/os/Bundle;)Landroid/support/v4/content/Loader;
06-04 00:47:47.890 26507 26507 D M_InsDal: Lcom/ichi2/anki/CollectionHelper;--->getInstance()Lcom/ichi2/anki/CollectionHelper;
06-04 00:47:47.890 26507 26507 D M_InsDal: Lcom/ichi2/anki/CollectionHelper;--->isCollectionLocked()Z
06-04 00:47:47.890 26507 26507 D M_InsDal: Lcom/ichi2/anki/AnkiActivity;--->onStart()V
06-04 00:47:47.891 26507 26532 D M_InsDal: Lcom/ichi2/anki/CollectionHelper;--->getInstance()Lcom/ichi2/anki/CollectionHelper;
06-04 00:47:47.891 26507 26532 D M_InsDal: Lcom/ichi2/anki/CollectionHelper;--->getCol(Landroid/content/Context;)Lcom/ichi2/libanki/Collection;
06-04 00:47:47.891 26507 26532 D M_InsDal: Lcom/ichi2/anki/CollectionHelper;--->getCollectionPath(Landroid/content/Context;)Ljava/lang/String;
06-04 00:47:47.891 26507 26532 D M_InsDal: Lcom/ichi2/anki/CollectionHelper;--->getCurrentAnkiDroidDirectory(Landroid/content/Context;)Ljava/lang/String;
06-04 00:47:47.891 26507 26532 D M_InsDal: Lcom/ichi2/anki/CollectionHelper;--->getDefaultAnkiDroidDirectory()Ljava/lang/String;
06-04 00:47:47.891 26507 26532 D M_InsDal: Lcom/ichi2/anki/CollectionHelper;--->colIsOpen()Z
06-04 00:47:47.891 26507 26532 D M_InsDal: Lcom/ichi2/anki/CollectionHelper;--->getParentDirectory(Ljava/lang/String;)Ljava/lang/String;
06-04 00:47:47.891 26507 26532 D M_InsDal: Lcom/ichi2/anki/CollectionHelper;--->initializeAnkiDroidDirectory(Ljava/lang/String;)V
06-04 00:47:47.891 26507 26532 D M_InsDal: Lcom/ichi2/anki/AnkiDroidApp$ProductionCrashReportingTree;--->i(Ljava/lang/String;[Ljava/lang/Object;)V
06-04 00:47:47.891 26507 26532 D M_InsDal: Lcom/ichi2/anki/AnkiDroidApp$ProductionCrashReportingTree;--->formatString(Ljava/lang/String;[Ljava/lang/Object;)Ljava/lang/String;
06-04 00:47:47.892 26507 26507 D M_InsDal: Lcom/ichi2/anki/NavigationDrawerActivity;--->onPostCreate(Landroid/os/Bundle;)V
06-04 00:47:47.893 26507 26507 D M_InsDal: Lcom/ichi2/anki/Statistics;--->onResume()V
06-04 00:47:47.893 26507 26507 D M_InsDal: Lcom/ichi2/anki/NavigationDrawerActivity;--->selectNavigationItem(I)V
06-04 00:47:47.893 26507 26507 D M_InsDal: Lcom/ichi2/anki/AnkiActivity;--->onResume()V
06-04 00:47:47.895 26507 26507 D M_InsDal: Lcom/ichi2/anki/dialogs/DialogHandler;--->readMessage()V
06-04 00:47:47.909 26507 26532 D M_InsDal: Lcom/ichi2/anki/AnkiDroidApp;--->getInstance()Lcom/ichi2/anki/AnkiDroidApp;
06-04 00:47:48.081 26507 26507 D M_InsDal: Lcom/ichi2/anki/AnkiActivity;--->onLoadFinished(Landroid/support/v4/content/Loader;Lcom/ichi2/libanki/Collection;)V
06-04 00:47:48.081 26507 26507 D M_InsDal: Lcom/ichi2/anki/AnkiActivity;--->hideProgressBar()V
06-04 00:47:48.081 26507 26507 D M_InsDal: Lcom/ichi2/anki/AnkiActivity;--->colIsOpen()Z
06-04 00:47:48.081 26507 26507 D M_InsDal: Lcom/ichi2/anki/CollectionHelper;--->getInstance()Lcom/ichi2/anki/CollectionHelper;
06-04 00:47:48.081 26507 26507 D M_InsDal: Lcom/ichi2/anki/CollectionHelper;--->colIsOpen()Z
06-04 00:47:48.081 26507 26507 D M_InsDal: Lcom/ichi2/anki/Statistics;--->onCollectionLoaded(Lcom/ichi2/libanki/Collection;)V
06-04 00:47:48.081 26507 26507 D M_InsDal: Lcom/ichi2/anki/AnkiActivity;--->getCol()Lcom/ichi2/libanki/Collection;
06-04 00:47:48.081 26507 26507 D M_InsDal: Lcom/ichi2/anki/CollectionHelper;--->getInstance()Lcom/ichi2/anki/CollectionHelper;
06-04 00:47:48.081 26507 26507 D M_InsDal: Lcom/ichi2/anki/CollectionHelper;--->getCol(Landroid/content/Context;)Lcom/ichi2/libanki/Collection;
06-04 00:47:48.081 26507 26507 D M_InsDal: Lcom/ichi2/anki/CollectionHelper;--->getCollectionPath(Landroid/content/Context;)Ljava/lang/String;
06-04 00:47:48.081 26507 26507 D M_InsDal: Lcom/ichi2/anki/CollectionHelper;--->getCurrentAnkiDroidDirectory(Landroid/content/Context;)Ljava/lang/String;
06-04 00:47:48.081 26507 26507 D M_InsDal: Lcom/ichi2/anki/CollectionHelper;--->getDefaultAnkiDroidDirectory()Ljava/lang/String;
06-04 00:47:48.082 26507 26507 D M_InsDal: Lcom/ichi2/anki/CollectionHelper;--->colIsOpen()Z
06-04 00:47:48.082 26507 26507 D M_InsDal: Lcom/ichi2/anki/widgets/DeckDropDownAdapter;---><init>(Landroid/content/Context;Ljava/util/ArrayList;)V
06-04 00:47:48.082 26507 26507 D M_InsDal: Lcom/ichi2/anki/widgets/DeckDropDownAdapter;--->getCount()I
06-04 00:47:48.082 26507 26507 D M_InsDal: Lcom/ichi2/anki/widgets/DeckDropDownAdapter;--->getCount()I
06-04 00:47:48.082 26507 26507 D M_InsDal: Lcom/ichi2/anki/widgets/DeckDropDownAdapter;--->getItemId(I)J
06-04 00:47:48.082 26507 26507 D M_InsDal: Lcom/ichi2/anki/widgets/DeckDropDownAdapter;--->getItemId(I)J
06-04 00:47:48.082 26507 26507 D M_InsDal: Lcom/ichi2/anki/Statistics$1;---><init>(Lcom/ichi2/anki/Statistics;)V
06-04 00:47:48.082 26507 26507 D M_InsDal: Lcom/ichi2/anki/stats/AnkiStatsTaskHandler;---><clinit>()V
06-04 00:47:48.082 26507 26507 D M_InsDal: Lcom/ichi2/anki/stats/AnkiStatsTaskHandler;---><init>(Lcom/ichi2/libanki/Collection;)V
06-04 00:47:48.082 26507 26507 D M_InsDal: Lcom/ichi2/anki/Statistics$SectionsPagerAdapter;---><init>(Lcom/ichi2/anki/Statistics;Landroid/support/v4/app/FragmentManager;)V
06-04 00:47:48.082 26507 26507 D M_InsDal: Lcom/ichi2/anki/Statistics$SectionsPagerAdapter;--->getCount()I
06-04 00:47:48.082 26507 26507 D M_InsDal: Lcom/ichi2/anki/Statistics$SectionsPagerAdapter;--->getCount()I
06-04 00:47:48.083 26507 26507 D M_InsDal: Lcom/ichi2/anki/Statistics$SectionsPagerAdapter;--->getItem(I)Landroid/support/v4/app/Fragment;
06-04 00:47:48.083 26507 26507 D M_InsDal: Lcom/ichi2/anki/Statistics$StatisticFragment;--->newInstance(I)Lcom/ichi2/anki/Statistics$StatisticFragment;
06-04 00:47:48.083 26507 26507 D M_InsDal: Lcom/ichi2/anki/Statistics$OverviewStatisticsFragment;---><init>()V
06-04 00:47:48.083 26507 26507 D M_InsDal: Lcom/ichi2/anki/Statistics$StatisticFragment;---><init>()V
06-04 00:47:48.083 26507 26507 D M_InsDal: Lcom/ichi2/anki/Statistics$OverviewStatisticsFragment;--->checkAndUpdate()V
06-04 00:47:48.083 26507 26507 D M_InsDal: Lcom/ichi2/anki/Statistics$SectionsPagerAdapter;--->getItem(I)Landroid/support/v4/app/Fragment;
06-04 00:47:48.083 26507 26507 D M_InsDal: Lcom/ichi2/anki/Statistics$StatisticFragment;--->newInstance(I)Lcom/ichi2/anki/Statistics$StatisticFragment;
06-04 00:47:48.083 26507 26507 D M_InsDal: Lcom/ichi2/anki/Statistics$ChartFragment;---><init>()V
06-04 00:47:48.083 26507 26507 D M_InsDal: Lcom/ichi2/anki/Statistics$StatisticFragment;---><init>()V
06-04 00:47:48.083 26507 26507 D M_InsDal: Lcom/ichi2/anki/Statistics$ChartFragment;--->checkAndUpdate()V
06-04 00:47:48.083 26507 26507 D M_InsDal: Lcom/ichi2/anki/Statistics$SectionsPagerAdapter;--->getCount()I
06-04 00:47:48.083 26507 26507 D M_InsDal: Lcom/ichi2/anki/Statistics$OverviewStatisticsFragment;--->onCreateView(Landroid/view/LayoutInflater;Landroid/view/ViewGroup;Landroid/os/Bundle;)Landroid/view/View;
06-04 00:47:48.240 26507 26507 D M_InsDal: Lcom/ichi2/anki/Statistics;--->getTaskHandler()Lcom/ichi2/anki/stats/AnkiStatsTaskHandler;
06-04 00:47:48.240 26507 26507 D M_InsDal: Lcom/ichi2/anki/Statistics$OverviewStatisticsFragment;--->createStatisticOverview()V
06-04 00:47:48.240 26507 26507 D M_InsDal: Lcom/ichi2/anki/Statistics;--->getTaskHandler()Lcom/ichi2/anki/stats/AnkiStatsTaskHandler;
06-04 00:47:48.240 26507 26507 D M_InsDal: Lcom/ichi2/anki/stats/AnkiStatsTaskHandler;--->createStatisticsOverview([Landroid/view/View;)Lcom/ichi2/anki/stats/AnkiStatsTaskHandler$CreateStatisticsOverview;
06-04 00:47:48.240 26507 26507 D M_InsDal: Lcom/ichi2/anki/stats/AnkiStatsTaskHandler$CreateStatisticsOverview;---><init>(Lcom/ichi2/anki/stats/AnkiStatsTaskHandler;)V
06-04 00:47:48.241 26507 26507 D M_InsDal: Lcom/ichi2/anki/stats/AnkiStatsTaskHandler;--->getStatType()Lcom/ichi2/libanki/Stats$AxisType;
06-04 00:47:48.241 26507 26507 D M_InsDal: Lcom/ichi2/anki/Statistics;--->getViewPager()Landroid/support/v4/view/ViewPager;
06-04 00:47:48.241 26507 26507 D M_InsDal: Lcom/ichi2/anki/Statistics;--->getSectionsPagerAdapter()Lcom/ichi2/anki/Statistics$SectionsPagerAdapter;
06-04 00:47:48.241 26507 26507 D M_InsDal: Lcom/ichi2/anki/CollectionHelper;--->getInstance()Lcom/ichi2/anki/CollectionHelper;
06-04 00:47:48.241 26507 26507 D M_InsDal: Lcom/ichi2/anki/CollectionHelper;--->getCol(Landroid/content/Context;)Lcom/ichi2/libanki/Collection;
06-04 00:47:48.241 26507 26507 D M_InsDal: Lcom/ichi2/anki/CollectionHelper;--->getCollectionPath(Landroid/content/Context;)Ljava/lang/String;
06-04 00:47:48.241 26507 26507 D M_InsDal: Lcom/ichi2/anki/CollectionHelper;--->getCurrentAnkiDroidDirectory(Landroid/content/Context;)Ljava/lang/String;
06-04 00:47:48.241 26507 26507 D M_InsDal: Lcom/ichi2/anki/CollectionHelper;--->getDefaultAnkiDroidDirectory()Ljava/lang/String;
06-04 00:47:48.241 26507 26563 D M_InsDal: Lcom/ichi2/anki/stats/AnkiStatsTaskHandler$CreateStatisticsOverview;--->doInBackground([Landroid/view/View;)Ljava/lang/String;
06-04 00:47:48.241 26507 26563 D M_InsDal: Lcom/ichi2/anki/stats/OverviewStatsBuilder;---><init>(Landroid/webkit/WebView;Lcom/ichi2/libanki/Collection;ZLcom/ichi2/libanki/Stats$AxisType;)V
06-04 00:47:48.241 26507 26563 D M_InsDal: Lcom/ichi2/anki/stats/OverviewStatsBuilder;--->createInfoHtmlString()Ljava/lang/String;
06-04 00:47:48.241 26507 26563 D M_InsDal: Lcom/ichi2/anki/stats/OverviewStatsBuilder;--->appendTodaysStats(Ljava/lang/StringBuilder;)V
06-04 00:47:48.242 26507 26507 D M_InsDal: Lcom/ichi2/anki/CollectionHelper;--->colIsOpen()Z
06-04 00:47:48.242 26507 26507 D M_InsDal: Lcom/ichi2/anki/Statistics$OverviewStatisticsFragment;--->isWholeCollection()Z
06-04 00:47:48.243 26507 26563 D M_InsDal: Lcom/ichi2/anki/stats/OverviewStatsBuilder;--->_title(Ljava/lang/String;)Ljava/lang/String;
06-04 00:47:48.245 26507 26563 D M_InsDal: Lcom/ichi2/anki/stats/OverviewStatsBuilder;--->appendOverViewStats(Ljava/lang/StringBuilder;)V
06-04 00:47:48.245 26507 26563 D M_InsDal: Lcom/ichi2/anki/stats/OverviewStatsBuilder$OverviewStats;---><init>(Lcom/ichi2/anki/stats/OverviewStatsBuilder;)V
06-04 00:47:48.249 26507 26563 D M_InsDal: Lcom/ichi2/anki/stats/OverviewStatsBuilder;--->_title(Ljava/lang/String;)Ljava/lang/String;
06-04 00:47:48.249 26507 26563 D M_InsDal: Lcom/ichi2/anki/stats/OverviewStatsBuilder;--->calculateForecastOverview(Lcom/ichi2/libanki/Stats$AxisType;Lcom/ichi2/anki/stats/OverviewStatsBuilder$OverviewStats;)V
06-04 00:47:48.249 26507 26563 D M_InsDal: Lcom/ichi2/anki/stats/OverviewStatsBuilder$1;---><clinit>()V
06-04 00:47:48.249 26507 26563 D M_InsDal: Lcom/ichi2/anki/stats/OverviewStatsBuilder;--->_due(Ljava/lang/Integer;Ljava/lang/Integer;I)Ljava/util/List;
06-04 00:47:48.249 26507 26563 D M_InsDal: Lcom/ichi2/anki/stats/OverviewStatsBuilder;--->_limit()Ljava/lang/String;
06-04 00:47:48.250 26507 26563 D M_InsDal: Lcom/ichi2/anki/stats/OverviewStatsBuilder;--->_limit()Ljava/lang/String;
06-04 00:47:48.250 26507 26563 D M_InsDal: Lcom/ichi2/anki/stats/OverviewStatsBuilder;--->_subtitle(Ljava/lang/String;)Ljava/lang/String;
06-04 00:47:48.250 26507 26563 D M_InsDal: Lcom/ichi2/anki/stats/OverviewStatsBuilder;--->_subtitle(Ljava/lang/String;)Ljava/lang/String;
06-04 00:47:48.251 26507 26507 D M_InsDal: Lcom/ichi2/anki/Statistics$ChartFragment;--->onCreate(Landroid/os/Bundle;)V
06-04 00:47:48.251 26507 26507 D M_InsDal: Lcom/ichi2/anki/Statistics$ChartFragment;--->onCreateView(Landroid/view/LayoutInflater;Landroid/view/ViewGroup;Landroid/os/Bundle;)Landroid/view/View;
06-04 00:47:48.252 26507 26507 D M_InsDal: Lcom/ichi2/anki/stats/ChartView;---><init>(Landroid/content/Context;Landroid/util/AttributeSet;)V
06-04 00:47:48.252 26507 26507 D M_InsDal: Lcom/ichi2/anki/Statistics;--->getTaskHandler()Lcom/ichi2/anki/stats/AnkiStatsTaskHandler;
06-04 00:47:48.252 26507 26507 D M_InsDal: Lcom/ichi2/anki/Statistics$ChartFragment;--->createChart()V
06-04 00:47:48.252 26507 26507 D M_InsDal: Lcom/ichi2/anki/Statistics;--->getTaskHandler()Lcom/ichi2/anki/stats/AnkiStatsTaskHandler;
06-04 00:47:48.252 26507 26507 D M_InsDal: Lcom/ichi2/anki/stats/AnkiStatsTaskHandler;--->createChart(Lcom/ichi2/libanki/Stats$ChartType;[Landroid/view/View;)Lcom/ichi2/anki/stats/AnkiStatsTaskHandler$CreateChartTask;
06-04 00:47:48.252 26507 26507 D M_InsDal: Lcom/ichi2/anki/stats/AnkiStatsTaskHandler$CreateChartTask;---><init>(Lcom/ichi2/anki/stats/AnkiStatsTaskHandler;Lcom/ichi2/libanki/Stats$ChartType;)V
06-04 00:47:48.252 26507 26507 D M_InsDal: Lcom/ichi2/anki/stats/ChartView;--->addFragment(Lcom/ichi2/anki/Statistics$ChartFragment;)V
06-04 00:47:48.252 26507 26507 D M_InsDal: Lcom/ichi2/anki/Statistics;--->getTaskHandler()Lcom/ichi2/anki/stats/AnkiStatsTaskHandler;
06-04 00:47:48.252 26507 26507 D M_InsDal: Lcom/ichi2/anki/stats/AnkiStatsTaskHandler;--->getStatType()Lcom/ichi2/libanki/Stats$AxisType;
06-04 00:47:48.252 26507 26507 D M_InsDal: Lcom/ichi2/anki/Statistics;--->getViewPager()Landroid/support/v4/view/ViewPager;
06-04 00:47:48.252 26507 26507 D M_InsDal: Lcom/ichi2/anki/Statistics;--->getSectionsPagerAdapter()Lcom/ichi2/anki/Statistics$SectionsPagerAdapter;
06-04 00:47:48.252 26507 26507 D M_InsDal: Lcom/ichi2/anki/CollectionHelper;--->getInstance()Lcom/ichi2/anki/CollectionHelper;
06-04 00:47:48.252 26507 26507 D M_InsDal: Lcom/ichi2/anki/CollectionHelper;--->getCol(Landroid/content/Context;)Lcom/ichi2/libanki/Collection;
06-04 00:47:48.252 26507 26507 D M_InsDal: Lcom/ichi2/anki/CollectionHelper;--->getCollectionPath(Landroid/content/Context;)Ljava/lang/String;
06-04 00:47:48.252 26507 26507 D M_InsDal: Lcom/ichi2/anki/CollectionHelper;--->getCurrentAnkiDroidDirectory(Landroid/content/Context;)Ljava/lang/String;
06-04 00:47:48.252 26507 26507 D M_InsDal: Lcom/ichi2/anki/CollectionHelper;--->getDefaultAnkiDroidDirectory()Ljava/lang/String;
06-04 00:47:48.253 26507 26564 D M_InsDal: Lcom/ichi2/anki/stats/AnkiStatsTaskHandler$CreateChartTask;--->doInBackground([Landroid/view/View;)Lcom/wildplot/android/rendering/PlotSheet;
06-04 00:47:48.253 26507 26564 D M_InsDal: Lcom/ichi2/anki/stats/ChartBuilder;---><init>(Lcom/ichi2/anki/stats/ChartView;Lcom/ichi2/libanki/Collection;ZLcom/ichi2/libanki/Stats$ChartType;)V
06-04 00:47:48.253 26507 26564 D M_InsDal: Lcom/ichi2/anki/stats/ChartBuilder;--->renderChart(Lcom/ichi2/libanki/Stats$AxisType;)Lcom/wildplot/android/rendering/PlotSheet;
06-04 00:47:48.253 26507 26564 D M_InsDal: Lcom/ichi2/anki/stats/ChartBuilder;--->calcStats(Lcom/ichi2/libanki/Stats$AxisType;)V
06-04 00:47:48.253 26507 26564 D M_InsDal: Lcom/ichi2/anki/stats/ChartBuilder$1;---><clinit>()V
06-04 00:47:48.253 26507 26564 D M_InsDal: Lcom/ichi2/anki/stats/StatsMetaInfo;---><init>()V
06-04 00:47:48.253 26507 26564 D M_InsDal: Lcom/ichi2/anki/stats/StatsMetaInfo;--->isStatsCalculated()Z
06-04 00:47:48.253 26507 26507 D M_InsDal: Lcom/ichi2/anki/CollectionHelper;--->colIsOpen()Z
06-04 00:47:48.253 26507 26507 D M_InsDal: Lcom/ichi2/anki/Statistics$ChartFragment;--->isWholeCollection()Z
06-04 00:47:48.253 26507 26507 D M_InsDal: Lcom/ichi2/anki/CollectionHelper;--->getInstance()Lcom/ichi2/anki/CollectionHelper;
06-04 00:47:48.253 26507 26507 D M_InsDal: Lcom/ichi2/anki/CollectionHelper;--->getCol(Landroid/content/Context;)Lcom/ichi2/libanki/Collection;
06-04 00:47:48.253 26507 26507 D M_InsDal: Lcom/ichi2/anki/CollectionHelper;--->getCollectionPath(Landroid/content/Context;)Ljava/lang/String;
06-04 00:47:48.253 26507 26507 D M_InsDal: Lcom/ichi2/anki/CollectionHelper;--->getCurrentAnkiDroidDirectory(Landroid/content/Context;)Ljava/lang/String;
06-04 00:47:48.253 26507 26507 D M_InsDal: Lcom/ichi2/anki/CollectionHelper;--->getDefaultAnkiDroidDirectory()Ljava/lang/String;
06-04 00:47:48.253 26507 26507 D M_InsDal: Lcom/ichi2/anki/CollectionHelper;--->colIsOpen()Z
06-04 00:47:48.254 26507 26507 D M_InsDal: Lcom/ichi2/anki/Statistics$StatisticFragment;--->onResume()V
06-04 00:47:48.254 26507 26507 D M_InsDal: Lcom/ichi2/anki/Statistics$OverviewStatisticsFragment;--->checkAndUpdate()V
06-04 00:47:48.254 26507 26507 D M_InsDal: Lcom/ichi2/anki/CollectionHelper;--->getInstance()Lcom/ichi2/anki/CollectionHelper;
06-04 00:47:48.254 26507 26507 D M_InsDal: Lcom/ichi2/anki/CollectionHelper;--->getCol(Landroid/content/Context;)Lcom/ichi2/libanki/Collection;
06-04 00:47:48.254 26507 26507 D M_InsDal: Lcom/ichi2/anki/CollectionHelper;--->getCollectionPath(Landroid/content/Context;)Ljava/lang/String;
06-04 00:47:48.254 26507 26507 D M_InsDal: Lcom/ichi2/anki/CollectionHelper;--->getCurrentAnkiDroidDirectory(Landroid/content/Context;)Ljava/lang/String;
06-04 00:47:48.254 26507 26507 D M_InsDal: Lcom/ichi2/anki/CollectionHelper;--->getDefaultAnkiDroidDirectory()Ljava/lang/String;
06-04 00:47:48.254 26507 26507 D M_InsDal: Lcom/ichi2/anki/CollectionHelper;--->colIsOpen()Z
06-04 00:47:48.254 26507 26507 D M_InsDal: Lcom/ichi2/anki/Statistics;--->getTaskHandler()Lcom/ichi2/anki/stats/AnkiStatsTaskHandler;
06-04 00:47:48.254 26507 26507 D M_InsDal: Lcom/ichi2/anki/stats/AnkiStatsTaskHandler;--->getStatType()Lcom/ichi2/libanki/Stats$AxisType;
06-04 00:47:48.254 26507 26507 D M_InsDal: Lcom/ichi2/anki/Statistics$OverviewStatisticsFragment;--->isWholeCollection()Z
06-04 00:47:48.254 26507 26507 D M_InsDal: Lcom/ichi2/anki/Statistics$StatisticFragment;--->onResume()V
06-04 00:47:48.254 26507 26507 D M_InsDal: Lcom/ichi2/anki/Statistics$ChartFragment;--->checkAndUpdate()V
06-04 00:47:48.254 26507 26507 D M_InsDal: Lcom/ichi2/anki/Statistics$SectionsPagerAdapter;--->getCount()I
06-04 00:47:48.254 26507 26507 D M_InsDal: Lcom/ichi2/anki/Statistics$SectionsPagerAdapter;--->getItem(I)Landroid/support/v4/app/Fragment;
06-04 00:47:48.254 26507 26507 D M_InsDal: Lcom/ichi2/anki/Statistics$StatisticFragment;--->newInstance(I)Lcom/ichi2/anki/Statistics$StatisticFragment;
06-04 00:47:48.254 26507 26507 D M_InsDal: Lcom/ichi2/anki/Statistics$ChartFragment;---><init>()V
06-04 00:47:48.254 26507 26507 D M_InsDal: Lcom/ichi2/anki/Statistics$StatisticFragment;---><init>()V
06-04 00:47:48.254 26507 26507 D M_InsDal: Lcom/ichi2/anki/Statistics$ChartFragment;--->checkAndUpdate()V
06-04 00:47:48.254 26507 26507 D M_InsDal: Lcom/ichi2/anki/Statistics$SectionsPagerAdapter;--->getItem(I)Landroid/support/v4/app/Fragment;
06-04 00:47:48.254 26507 26507 D M_InsDal: Lcom/ichi2/anki/Statistics$StatisticFragment;--->newInstance(I)Lcom/ichi2/anki/Statistics$StatisticFragment;
06-04 00:47:48.254 26507 26507 D M_InsDal: Lcom/ichi2/anki/Statistics$ChartFragment;---><init>()V
06-04 00:47:48.254 26507 26507 D M_InsDal: Lcom/ichi2/anki/Statistics$StatisticFragment;---><init>()V
06-04 00:47:48.254 26507 26507 D M_InsDal: Lcom/ichi2/anki/Statistics$ChartFragment;--->checkAndUpdate()V
06-04 00:47:48.254 26507 26507 D M_InsDal: Lcom/ichi2/anki/Statistics$SectionsPagerAdapter;--->getItem(I)Landroid/support/v4/app/Fragment;
06-04 00:47:48.254 26507 26507 D M_InsDal: Lcom/ichi2/anki/Statistics$StatisticFragment;--->newInstance(I)Lcom/ichi2/anki/Statistics$StatisticFragment;
06-04 00:47:48.254 26507 26507 D M_InsDal: Lcom/ichi2/anki/Statistics$ChartFragment;---><init>()V
06-04 00:47:48.254 26507 26507 D M_InsDal: Lcom/ichi2/anki/Statistics$StatisticFragment;---><init>()V
06-04 00:47:48.254 26507 26507 D M_InsDal: Lcom/ichi2/anki/Statistics$ChartFragment;--->checkAndUpdate()V
06-04 00:47:48.254 26507 26507 D M_InsDal: Lcom/ichi2/anki/Statistics$SectionsPagerAdapter;--->getItem(I)Landroid/support/v4/app/Fragment;
06-04 00:47:48.254 26507 26507 D M_InsDal: Lcom/ichi2/anki/Statistics$StatisticFragment;--->newInstance(I)Lcom/ichi2/anki/Statistics$StatisticFragment;
06-04 00:47:48.254 26507 26507 D M_InsDal: Lcom/ichi2/anki/Statistics$ChartFragment;---><init>()V
06-04 00:47:48.254 26507 26507 D M_InsDal: Lcom/ichi2/anki/Statistics$StatisticFragment;---><init>()V
06-04 00:47:48.254 26507 26507 D M_InsDal: Lcom/ichi2/anki/Statistics$ChartFragment;--->checkAndUpdate()V
06-04 00:47:48.255 26507 26507 D M_InsDal: Lcom/ichi2/anki/Statistics$SectionsPagerAdapter;--->getItem(I)Landroid/support/v4/app/Fragment;
06-04 00:47:48.255 26507 26507 D M_InsDal: Lcom/ichi2/anki/Statistics$StatisticFragment;--->newInstance(I)Lcom/ichi2/anki/Statistics$StatisticFragment;
06-04 00:47:48.255 26507 26507 D M_InsDal: Lcom/ichi2/anki/Statistics$ChartFragment;---><init>()V
06-04 00:47:48.255 26507 26507 D M_InsDal: Lcom/ichi2/anki/Statistics$StatisticFragment;---><init>()V
06-04 00:47:48.255 26507 26507 D M_InsDal: Lcom/ichi2/anki/Statistics$ChartFragment;--->checkAndUpdate()V
06-04 00:47:48.255 26507 26507 D M_InsDal: Lcom/ichi2/anki/Statistics$SectionsPagerAdapter;--->getItem(I)Landroid/support/v4/app/Fragment;
06-04 00:47:48.255 26507 26507 D M_InsDal: Lcom/ichi2/anki/Statistics$StatisticFragment;--->newInstance(I)Lcom/ichi2/anki/Statistics$StatisticFragment;
06-04 00:47:48.255 26507 26507 D M_InsDal: Lcom/ichi2/anki/Statistics$ChartFragment;---><init>()V
06-04 00:47:48.255 26507 26507 D M_InsDal: Lcom/ichi2/anki/Statistics$StatisticFragment;---><init>()V
06-04 00:47:48.255 26507 26507 D M_InsDal: Lcom/ichi2/anki/Statistics$ChartFragment;--->checkAndUpdate()V
06-04 00:47:48.255 26507 26507 D M_InsDal: Lcom/ichi2/anki/Statistics$SectionsPagerAdapter;--->getItem(I)Landroid/support/v4/app/Fragment;
06-04 00:47:48.255 26507 26507 D M_InsDal: Lcom/ichi2/anki/Statistics$StatisticFragment;--->newInstance(I)Lcom/ichi2/anki/Statistics$StatisticFragment;
06-04 00:47:48.255 26507 26507 D M_InsDal: Lcom/ichi2/anki/Statistics$ChartFragment;---><init>()V
06-04 00:47:48.255 26507 26507 D M_InsDal: Lcom/ichi2/anki/Statistics$StatisticFragment;---><init>()V
06-04 00:47:48.255 26507 26507 D M_InsDal: Lcom/ichi2/anki/Statistics$ChartFragment;--->checkAndUpdate()V
06-04 00:47:48.255 26507 26507 D M_InsDal: Lcom/ichi2/anki/Statistics$SectionsPagerAdapter;--->getCount()I
06-04 00:47:48.255 26507 26507 D M_InsDal: Lcom/ichi2/anki/Statistics$ChartFragment;--->onCreate(Landroid/os/Bundle;)V
06-04 00:47:48.255 26507 26507 D M_InsDal: Lcom/ichi2/anki/Statistics$ChartFragment;--->onCreateView(Landroid/view/LayoutInflater;Landroid/view/ViewGroup;Landroid/os/Bundle;)Landroid/view/View;
06-04 00:47:48.255 26507 26507 D M_InsDal: Lcom/ichi2/anki/stats/ChartView;---><init>(Landroid/content/Context;Landroid/util/AttributeSet;)V
06-04 00:47:48.255 26507 26507 D M_InsDal: Lcom/ichi2/anki/Statistics;--->getTaskHandler()Lcom/ichi2/anki/stats/AnkiStatsTaskHandler;
06-04 00:47:48.255 26507 26507 D M_InsDal: Lcom/ichi2/anki/Statistics$ChartFragment;--->createChart()V
06-04 00:47:48.255 26507 26507 D M_InsDal: Lcom/ichi2/anki/Statistics;--->getTaskHandler()Lcom/ichi2/anki/stats/AnkiStatsTaskHandler;
06-04 00:47:48.255 26507 26507 D M_InsDal: Lcom/ichi2/anki/stats/AnkiStatsTaskHandler;--->createChart(Lcom/ichi2/libanki/Stats$ChartType;[Landroid/view/View;)Lcom/ichi2/anki/stats/AnkiStatsTaskHandler$CreateChartTask;
06-04 00:47:48.255 26507 26507 D M_InsDal: Lcom/ichi2/anki/stats/AnkiStatsTaskHandler$CreateChartTask;---><init>(Lcom/ichi2/anki/stats/AnkiStatsTaskHandler;Lcom/ichi2/libanki/Stats$ChartType;)V
06-04 00:47:48.255 26507 26507 D M_InsDal: Lcom/ichi2/anki/stats/ChartView;--->addFragment(Lcom/ichi2/anki/Statistics$ChartFragment;)V
06-04 00:47:48.255 26507 26507 D M_InsDal: Lcom/ichi2/anki/Statistics;--->getTaskHandler()Lcom/ichi2/anki/stats/AnkiStatsTaskHandler;
06-04 00:47:48.255 26507 26507 D M_InsDal: Lcom/ichi2/anki/stats/AnkiStatsTaskHandler;--->getStatType()Lcom/ichi2/libanki/Stats$AxisType;
06-04 00:47:48.255 26507 26507 D M_InsDal: Lcom/ichi2/anki/Statistics;--->getViewPager()Landroid/support/v4/view/ViewPager;
06-04 00:47:48.255 26507 26507 D M_InsDal: Lcom/ichi2/anki/Statistics;--->getSectionsPagerAdapter()Lcom/ichi2/anki/Statistics$SectionsPagerAdapter;
06-04 00:47:48.255 26507 26507 D M_InsDal: Lcom/ichi2/anki/CollectionHelper;--->getInstance()Lcom/ichi2/anki/CollectionHelper;
06-04 00:47:48.255 26507 26507 D M_InsDal: Lcom/ichi2/anki/CollectionHelper;--->getCol(Landroid/content/Context;)Lcom/ichi2/libanki/Collection;
06-04 00:47:48.255 26507 26507 D M_InsDal: Lcom/ichi2/anki/CollectionHelper;--->getCollectionPath(Landroid/content/Context;)Ljava/lang/String;
06-04 00:47:48.255 26507 26507 D M_InsDal: Lcom/ichi2/anki/CollectionHelper;--->getCurrentAnkiDroidDirectory(Landroid/content/Context;)Ljava/lang/String;
06-04 00:47:48.255 26507 26507 D M_InsDal: Lcom/ichi2/anki/CollectionHelper;--->getDefaultAnkiDroidDirectory()Ljava/lang/String;
06-04 00:47:48.255 26507 26565 D M_InsDal: Lcom/ichi2/anki/stats/AnkiStatsTaskHandler$CreateChartTask;--->doInBackground([Landroid/view/View;)Lcom/wildplot/android/rendering/PlotSheet;
06-04 00:47:48.255 26507 26565 D M_InsDal: Lcom/ichi2/anki/stats/ChartBuilder;---><init>(Lcom/ichi2/anki/stats/ChartView;Lcom/ichi2/libanki/Collection;ZLcom/ichi2/libanki/Stats$ChartType;)V
06-04 00:47:48.255 26507 26565 D M_InsDal: Lcom/ichi2/anki/stats/ChartBuilder;--->renderChart(Lcom/ichi2/libanki/Stats$AxisType;)Lcom/wildplot/android/rendering/PlotSheet;
06-04 00:47:48.255 26507 26565 D M_InsDal: Lcom/ichi2/anki/stats/ChartBuilder;--->calcStats(Lcom/ichi2/libanki/Stats$AxisType;)V
06-04 00:47:48.256 26507 26507 D M_InsDal: Lcom/ichi2/anki/CollectionHelper;--->colIsOpen()Z
06-04 00:47:48.256 26507 26507 D M_InsDal: Lcom/ichi2/anki/Statistics$ChartFragment;--->isWholeCollection()Z
06-04 00:47:48.256 26507 26507 D M_InsDal: Lcom/ichi2/anki/CollectionHelper;--->getInstance()Lcom/ichi2/anki/CollectionHelper;
06-04 00:47:48.256 26507 26507 D M_InsDal: Lcom/ichi2/anki/CollectionHelper;--->getCol(Landroid/content/Context;)Lcom/ichi2/libanki/Collection;
06-04 00:47:48.256 26507 26507 D M_InsDal: Lcom/ichi2/anki/CollectionHelper;--->getCollectionPath(Landroid/content/Context;)Ljava/lang/String;
06-04 00:47:48.256 26507 26507 D M_InsDal: Lcom/ichi2/anki/CollectionHelper;--->getCurrentAnkiDroidDirectory(Landroid/content/Context;)Ljava/lang/String;
06-04 00:47:48.256 26507 26507 D M_InsDal: Lcom/ichi2/anki/CollectionHelper;--->getDefaultAnkiDroidDirectory()Ljava/lang/String;
06-04 00:47:48.256 26507 26507 D M_InsDal: Lcom/ichi2/anki/CollectionHelper;--->colIsOpen()Z
06-04 00:47:48.256 26507 26507 D M_InsDal: Lcom/ichi2/anki/Statistics$ChartFragment;--->onCreate(Landroid/os/Bundle;)V
06-04 00:47:48.256 26507 26507 D M_InsDal: Lcom/ichi2/anki/Statistics$ChartFragment;--->onCreateView(Landroid/view/LayoutInflater;Landroid/view/ViewGroup;Landroid/os/Bundle;)Landroid/view/View;
06-04 00:47:48.257 26507 26507 D M_InsDal: Lcom/ichi2/anki/stats/ChartView;---><init>(Landroid/content/Context;Landroid/util/AttributeSet;)V
06-04 00:47:48.257 26507 26507 D M_InsDal: Lcom/ichi2/anki/Statistics;--->getTaskHandler()Lcom/ichi2/anki/stats/AnkiStatsTaskHandler;
06-04 00:47:48.257 26507 26507 D M_InsDal: Lcom/ichi2/anki/Statistics$ChartFragment;--->createChart()V
06-04 00:47:48.257 26507 26507 D M_InsDal: Lcom/ichi2/anki/Statistics;--->getTaskHandler()Lcom/ichi2/anki/stats/AnkiStatsTaskHandler;
06-04 00:47:48.257 26507 26507 D M_InsDal: Lcom/ichi2/anki/stats/AnkiStatsTaskHandler;--->createChart(Lcom/ichi2/libanki/Stats$ChartType;[Landroid/view/View;)Lcom/ichi2/anki/stats/AnkiStatsTaskHandler$CreateChartTask;
06-04 00:47:48.257 26507 26507 D M_InsDal: Lcom/ichi2/anki/stats/AnkiStatsTaskHandler$CreateChartTask;---><init>(Lcom/ichi2/anki/stats/AnkiStatsTaskHandler;Lcom/ichi2/libanki/Stats$ChartType;)V
06-04 00:47:48.257 26507 26507 D M_InsDal: Lcom/ichi2/anki/stats/ChartView;--->addFragment(Lcom/ichi2/anki/Statistics$ChartFragment;)V
06-04 00:47:48.257 26507 26507 D M_InsDal: Lcom/ichi2/anki/Statistics;--->getTaskHandler()Lcom/ichi2/anki/stats/AnkiStatsTaskHandler;
06-04 00:47:48.257 26507 26507 D M_InsDal: Lcom/ichi2/anki/stats/AnkiStatsTaskHandler;--->getStatType()Lcom/ichi2/libanki/Stats$AxisType;
06-04 00:47:48.257 26507 26507 D M_InsDal: Lcom/ichi2/anki/Statistics;--->getViewPager()Landroid/support/v4/view/ViewPager;
06-04 00:47:48.257 26507 26507 D M_InsDal: Lcom/ichi2/anki/Statistics;--->getSectionsPagerAdapter()Lcom/ichi2/anki/Statistics$SectionsPagerAdapter;
06-04 00:47:48.257 26507 26507 D M_InsDal: Lcom/ichi2/anki/CollectionHelper;--->getInstance()Lcom/ichi2/anki/CollectionHelper;
06-04 00:47:48.257 26507 26507 D M_InsDal: Lcom/ichi2/anki/CollectionHelper;--->getCol(Landroid/content/Context;)Lcom/ichi2/libanki/Collection;
06-04 00:47:48.257 26507 26507 D M_InsDal: Lcom/ichi2/anki/CollectionHelper;--->getCollectionPath(Landroid/content/Context;)Ljava/lang/String;
06-04 00:47:48.257 26507 26507 D M_InsDal: Lcom/ichi2/anki/CollectionHelper;--->getCurrentAnkiDroidDirectory(Landroid/content/Context;)Ljava/lang/String;
06-04 00:47:48.257 26507 26507 D M_InsDal: Lcom/ichi2/anki/CollectionHelper;--->getDefaultAnkiDroidDirectory()Ljava/lang/String;
06-04 00:47:48.257 26507 26563 D M_InsDal: Lcom/ichi2/anki/stats/AnkiStatsTaskHandler$CreateChartTask;--->doInBackground([Landroid/view/View;)Lcom/wildplot/android/rendering/PlotSheet;
06-04 00:47:48.257 26507 26563 D M_InsDal: Lcom/ichi2/anki/stats/ChartBuilder;---><init>(Lcom/ichi2/anki/stats/ChartView;Lcom/ichi2/libanki/Collection;ZLcom/ichi2/libanki/Stats$ChartType;)V
06-04 00:47:48.257 26507 26563 D M_InsDal: Lcom/ichi2/anki/stats/ChartBuilder;--->renderChart(Lcom/ichi2/libanki/Stats$AxisType;)Lcom/wildplot/android/rendering/PlotSheet;
06-04 00:47:48.257 26507 26563 D M_InsDal: Lcom/ichi2/anki/stats/ChartBuilder;--->calcStats(Lcom/ichi2/libanki/Stats$AxisType;)V
06-04 00:47:48.257 26507 26507 D M_InsDal: Lcom/ichi2/anki/CollectionHelper;--->colIsOpen()Z
06-04 00:47:48.257 26507 26507 D M_InsDal: Lcom/ichi2/anki/Statistics$ChartFragment;--->isWholeCollection()Z
06-04 00:47:48.257 26507 26507 D M_InsDal: Lcom/ichi2/anki/CollectionHelper;--->getInstance()Lcom/ichi2/anki/CollectionHelper;
06-04 00:47:48.257 26507 26507 D M_InsDal: Lcom/ichi2/anki/CollectionHelper;--->getCol(Landroid/content/Context;)Lcom/ichi2/libanki/Collection;
06-04 00:47:48.257 26507 26507 D M_InsDal: Lcom/ichi2/anki/CollectionHelper;--->getCollectionPath(Landroid/content/Context;)Ljava/lang/String;
06-04 00:47:48.257 26507 26507 D M_InsDal: Lcom/ichi2/anki/CollectionHelper;--->getCurrentAnkiDroidDirectory(Landroid/content/Context;)Ljava/lang/String;
06-04 00:47:48.257 26507 26507 D M_InsDal: Lcom/ichi2/anki/CollectionHelper;--->getDefaultAnkiDroidDirectory()Ljava/lang/String;
06-04 00:47:48.258 26507 26507 D M_InsDal: Lcom/ichi2/anki/CollectionHelper;--->colIsOpen()Z
06-04 00:47:48.258 26507 26507 D M_InsDal: Lcom/ichi2/anki/Statistics$ChartFragment;--->onCreate(Landroid/os/Bundle;)V
06-04 00:47:48.258 26507 26507 D M_InsDal: Lcom/ichi2/anki/Statistics$ChartFragment;--->onCreateView(Landroid/view/LayoutInflater;Landroid/view/ViewGroup;Landroid/os/Bundle;)Landroid/view/View;
06-04 00:47:48.258 26507 26507 D M_InsDal: Lcom/ichi2/anki/stats/ChartView;---><init>(Landroid/content/Context;Landroid/util/AttributeSet;)V
06-04 00:47:48.258 26507 26507 D M_InsDal: Lcom/ichi2/anki/Statistics;--->getTaskHandler()Lcom/ichi2/anki/stats/AnkiStatsTaskHandler;
06-04 00:47:48.258 26507 26507 D M_InsDal: Lcom/ichi2/anki/Statistics$ChartFragment;--->createChart()V
06-04 00:47:48.258 26507 26507 D M_InsDal: Lcom/ichi2/anki/Statistics;--->getTaskHandler()Lcom/ichi2/anki/stats/AnkiStatsTaskHandler;
06-04 00:47:48.258 26507 26507 D M_InsDal: Lcom/ichi2/anki/stats/AnkiStatsTaskHandler;--->createChart(Lcom/ichi2/libanki/Stats$ChartType;[Landroid/view/View;)Lcom/ichi2/anki/stats/AnkiStatsTaskHandler$CreateChartTask;
06-04 00:47:48.258 26507 26507 D M_InsDal: Lcom/ichi2/anki/stats/AnkiStatsTaskHandler$CreateChartTask;---><init>(Lcom/ichi2/anki/stats/AnkiStatsTaskHandler;Lcom/ichi2/libanki/Stats$ChartType;)V
06-04 00:47:48.258 26507 26507 D M_InsDal: Lcom/ichi2/anki/stats/ChartView;--->addFragment(Lcom/ichi2/anki/Statistics$ChartFragment;)V
06-04 00:47:48.258 26507 26507 D M_InsDal: Lcom/ichi2/anki/Statistics;--->getTaskHandler()Lcom/ichi2/anki/stats/AnkiStatsTaskHandler;
06-04 00:47:48.258 26507 26507 D M_InsDal: Lcom/ichi2/anki/stats/AnkiStatsTaskHandler;--->getStatType()Lcom/ichi2/libanki/Stats$AxisType;
06-04 00:47:48.258 26507 26507 D M_InsDal: Lcom/ichi2/anki/Statistics;--->getViewPager()Landroid/support/v4/view/ViewPager;
06-04 00:47:48.258 26507 26507 D M_InsDal: Lcom/ichi2/anki/Statistics;--->getSectionsPagerAdapter()Lcom/ichi2/anki/Statistics$SectionsPagerAdapter;
06-04 00:47:48.258 26507 26507 D M_InsDal: Lcom/ichi2/anki/CollectionHelper;--->getInstance()Lcom/ichi2/anki/CollectionHelper;
06-04 00:47:48.258 26507 26507 D M_InsDal: Lcom/ichi2/anki/CollectionHelper;--->getCol(Landroid/content/Context;)Lcom/ichi2/libanki/Collection;
06-04 00:47:48.258 26507 26507 D M_InsDal: Lcom/ichi2/anki/CollectionHelper;--->getCollectionPath(Landroid/content/Context;)Ljava/lang/String;
06-04 00:47:48.258 26507 26507 D M_InsDal: Lcom/ichi2/anki/CollectionHelper;--->getCurrentAnkiDroidDirectory(Landroid/content/Context;)Ljava/lang/String;
06-04 00:47:48.258 26507 26507 D M_InsDal: Lcom/ichi2/anki/CollectionHelper;--->getDefaultAnkiDroidDirectory()Ljava/lang/String;
06-04 00:47:48.258 26507 26564 D M_InsDal: Lcom/ichi2/anki/stats/AnkiStatsTaskHandler$CreateChartTask;--->doInBackground([Landroid/view/View;)Lcom/wildplot/android/rendering/PlotSheet;
06-04 00:47:48.258 26507 26564 D M_InsDal: Lcom/ichi2/anki/stats/ChartBuilder;---><init>(Lcom/ichi2/anki/stats/ChartView;Lcom/ichi2/libanki/Collection;ZLcom/ichi2/libanki/Stats$ChartType;)V
06-04 00:47:48.258 26507 26564 D M_InsDal: Lcom/ichi2/anki/stats/ChartBuilder;--->renderChart(Lcom/ichi2/libanki/Stats$AxisType;)Lcom/wildplot/android/rendering/PlotSheet;
06-04 00:47:48.258 26507 26564 D M_InsDal: Lcom/ichi2/anki/stats/ChartBuilder;--->calcStats(Lcom/ichi2/libanki/Stats$AxisType;)V
06-04 00:47:48.259 26507 26507 D M_InsDal: Lcom/ichi2/anki/CollectionHelper;--->colIsOpen()Z
06-04 00:47:48.259 26507 26507 D M_InsDal: Lcom/ichi2/anki/Statistics$ChartFragment;--->isWholeCollection()Z
06-04 00:47:48.259 26507 26507 D M_InsDal: Lcom/ichi2/anki/CollectionHelper;--->getInstance()Lcom/ichi2/anki/CollectionHelper;
06-04 00:47:48.259 26507 26507 D M_InsDal: Lcom/ichi2/anki/CollectionHelper;--->getCol(Landroid/content/Context;)Lcom/ichi2/libanki/Collection;
06-04 00:47:48.259 26507 26507 D M_InsDal: Lcom/ichi2/anki/CollectionHelper;--->getCollectionPath(Landroid/content/Context;)Ljava/lang/String;
06-04 00:47:48.259 26507 26507 D M_InsDal: Lcom/ichi2/anki/CollectionHelper;--->getCurrentAnkiDroidDirectory(Landroid/content/Context;)Ljava/lang/String;
06-04 00:47:48.259 26507 26507 D M_InsDal: Lcom/ichi2/anki/CollectionHelper;--->getDefaultAnkiDroidDirectory()Ljava/lang/String;
06-04 00:47:48.259 26507 26507 D M_InsDal: Lcom/ichi2/anki/CollectionHelper;--->colIsOpen()Z
06-04 00:47:48.259 26507 26507 D M_InsDal: Lcom/ichi2/anki/Statistics$ChartFragment;--->onCreate(Landroid/os/Bundle;)V
06-04 00:47:48.260 26507 26507 D M_InsDal: Lcom/ichi2/anki/Statistics$ChartFragment;--->onCreateView(Landroid/view/LayoutInflater;Landroid/view/ViewGroup;Landroid/os/Bundle;)Landroid/view/View;
06-04 00:47:48.260 26507 26507 D M_InsDal: Lcom/ichi2/anki/stats/ChartView;---><init>(Landroid/content/Context;Landroid/util/AttributeSet;)V
06-04 00:47:48.260 26507 26507 D M_InsDal: Lcom/ichi2/anki/Statistics;--->getTaskHandler()Lcom/ichi2/anki/stats/AnkiStatsTaskHandler;
06-04 00:47:48.260 26507 26507 D M_InsDal: Lcom/ichi2/anki/Statistics$ChartFragment;--->createChart()V
06-04 00:47:48.260 26507 26507 D M_InsDal: Lcom/ichi2/anki/Statistics;--->getTaskHandler()Lcom/ichi2/anki/stats/AnkiStatsTaskHandler;
06-04 00:47:48.260 26507 26507 D M_InsDal: Lcom/ichi2/anki/stats/AnkiStatsTaskHandler;--->createChart(Lcom/ichi2/libanki/Stats$ChartType;[Landroid/view/View;)Lcom/ichi2/anki/stats/AnkiStatsTaskHandler$CreateChartTask;
06-04 00:47:48.260 26507 26507 D M_InsDal: Lcom/ichi2/anki/stats/AnkiStatsTaskHandler$CreateChartTask;---><init>(Lcom/ichi2/anki/stats/AnkiStatsTaskHandler;Lcom/ichi2/libanki/Stats$ChartType;)V
06-04 00:47:48.260 26507 26507 D M_InsDal: Lcom/ichi2/anki/stats/ChartView;--->addFragment(Lcom/ichi2/anki/Statistics$ChartFragment;)V
06-04 00:47:48.260 26507 26507 D M_InsDal: Lcom/ichi2/anki/Statistics;--->getTaskHandler()Lcom/ichi2/anki/stats/AnkiStatsTaskHandler;
06-04 00:47:48.260 26507 26507 D M_InsDal: Lcom/ichi2/anki/stats/AnkiStatsTaskHandler;--->getStatType()Lcom/ichi2/libanki/Stats$AxisType;
06-04 00:47:48.260 26507 26507 D M_InsDal: Lcom/ichi2/anki/Statistics;--->getViewPager()Landroid/support/v4/view/ViewPager;
06-04 00:47:48.260 26507 26507 D M_InsDal: Lcom/ichi2/anki/Statistics;--->getSectionsPagerAdapter()Lcom/ichi2/anki/Statistics$SectionsPagerAdapter;
06-04 00:47:48.260 26507 26507 D M_InsDal: Lcom/ichi2/anki/CollectionHelper;--->getInstance()Lcom/ichi2/anki/CollectionHelper;
06-04 00:47:48.260 26507 26507 D M_InsDal: Lcom/ichi2/anki/CollectionHelper;--->getCol(Landroid/content/Context;)Lcom/ichi2/libanki/Collection;
06-04 00:47:48.260 26507 26507 D M_InsDal: Lcom/ichi2/anki/CollectionHelper;--->getCollectionPath(Landroid/content/Context;)Ljava/lang/String;
06-04 00:47:48.260 26507 26507 D M_InsDal: Lcom/ichi2/anki/CollectionHelper;--->getCurrentAnkiDroidDirectory(Landroid/content/Context;)Ljava/lang/String;
06-04 00:47:48.260 26507 26507 D M_InsDal: Lcom/ichi2/anki/CollectionHelper;--->getDefaultAnkiDroidDirectory()Ljava/lang/String;
06-04 00:47:48.260 26507 26565 D M_InsDal: Lcom/ichi2/anki/stats/AnkiStatsTaskHandler$CreateChartTask;--->doInBackground([Landroid/view/View;)Lcom/wildplot/android/rendering/PlotSheet;
06-04 00:47:48.260 26507 26565 D M_InsDal: Lcom/ichi2/anki/stats/ChartBuilder;---><init>(Lcom/ichi2/anki/stats/ChartView;Lcom/ichi2/libanki/Collection;ZLcom/ichi2/libanki/Stats$ChartType;)V
06-04 00:47:48.260 26507 26565 D M_InsDal: Lcom/ichi2/anki/stats/ChartBuilder;--->renderChart(Lcom/ichi2/libanki/Stats$AxisType;)Lcom/wildplot/android/rendering/PlotSheet;
06-04 00:47:48.260 26507 26565 D M_InsDal: Lcom/ichi2/anki/stats/ChartBuilder;--->calcStats(Lcom/ichi2/libanki/Stats$AxisType;)V
06-04 00:47:48.261 26507 26507 D M_InsDal: Lcom/ichi2/anki/CollectionHelper;--->colIsOpen()Z
06-04 00:47:48.261 26507 26507 D M_InsDal: Lcom/ichi2/anki/Statistics$ChartFragment;--->isWholeCollection()Z
06-04 00:47:48.261 26507 26507 D M_InsDal: Lcom/ichi2/anki/CollectionHelper;--->getInstance()Lcom/ichi2/anki/CollectionHelper;
06-04 00:47:48.261 26507 26507 D M_InsDal: Lcom/ichi2/anki/CollectionHelper;--->getCol(Landroid/content/Context;)Lcom/ichi2/libanki/Collection;
06-04 00:47:48.261 26507 26507 D M_InsDal: Lcom/ichi2/anki/CollectionHelper;--->getCollectionPath(Landroid/content/Context;)Ljava/lang/String;
06-04 00:47:48.261 26507 26507 D M_InsDal: Lcom/ichi2/anki/CollectionHelper;--->getCurrentAnkiDroidDirectory(Landroid/content/Context;)Ljava/lang/String;
06-04 00:47:48.261 26507 26507 D M_InsDal: Lcom/ichi2/anki/CollectionHelper;--->getDefaultAnkiDroidDirectory()Ljava/lang/String;
06-04 00:47:48.261 26507 26507 D M_InsDal: Lcom/ichi2/anki/CollectionHelper;--->colIsOpen()Z
06-04 00:47:48.261 26507 26507 D M_InsDal: Lcom/ichi2/anki/Statistics$ChartFragment;--->onCreate(Landroid/os/Bundle;)V
06-04 00:47:48.261 26507 26507 D M_InsDal: Lcom/ichi2/anki/Statistics$ChartFragment;--->onCreateView(Landroid/view/LayoutInflater;Landroid/view/ViewGroup;Landroid/os/Bundle;)Landroid/view/View;
06-04 00:47:48.261 26507 26507 D M_InsDal: Lcom/ichi2/anki/stats/ChartView;---><init>(Landroid/content/Context;Landroid/util/AttributeSet;)V
06-04 00:47:48.262 26507 26507 D M_InsDal: Lcom/ichi2/anki/Statistics;--->getTaskHandler()Lcom/ichi2/anki/stats/AnkiStatsTaskHandler;
06-04 00:47:48.262 26507 26507 D M_InsDal: Lcom/ichi2/anki/Statistics$ChartFragment;--->createChart()V
06-04 00:47:48.262 26507 26507 D M_InsDal: Lcom/ichi2/anki/Statistics;--->getTaskHandler()Lcom/ichi2/anki/stats/AnkiStatsTaskHandler;
06-04 00:47:48.262 26507 26507 D M_InsDal: Lcom/ichi2/anki/stats/AnkiStatsTaskHandler;--->createChart(Lcom/ichi2/libanki/Stats$ChartType;[Landroid/view/View;)Lcom/ichi2/anki/stats/AnkiStatsTaskHandler$CreateChartTask;
06-04 00:47:48.262 26507 26507 D M_InsDal: Lcom/ichi2/anki/stats/AnkiStatsTaskHandler$CreateChartTask;---><init>(Lcom/ichi2/anki/stats/AnkiStatsTaskHandler;Lcom/ichi2/libanki/Stats$ChartType;)V
06-04 00:47:48.262 26507 26507 D M_InsDal: Lcom/ichi2/anki/stats/ChartView;--->addFragment(Lcom/ichi2/anki/Statistics$ChartFragment;)V
06-04 00:47:48.262 26507 26507 D M_InsDal: Lcom/ichi2/anki/Statistics;--->getTaskHandler()Lcom/ichi2/anki/stats/AnkiStatsTaskHandler;
06-04 00:47:48.262 26507 26507 D M_InsDal: Lcom/ichi2/anki/stats/AnkiStatsTaskHandler;--->getStatType()Lcom/ichi2/libanki/Stats$AxisType;
06-04 00:47:48.262 26507 26507 D M_InsDal: Lcom/ichi2/anki/Statistics;--->getViewPager()Landroid/support/v4/view/ViewPager;
06-04 00:47:48.262 26507 26507 D M_InsDal: Lcom/ichi2/anki/Statistics;--->getSectionsPagerAdapter()Lcom/ichi2/anki/Statistics$SectionsPagerAdapter;
06-04 00:47:48.262 26507 26507 D M_InsDal: Lcom/ichi2/anki/CollectionHelper;--->getInstance()Lcom/ichi2/anki/CollectionHelper;
06-04 00:47:48.262 26507 26507 D M_InsDal: Lcom/ichi2/anki/CollectionHelper;--->getCol(Landroid/content/Context;)Lcom/ichi2/libanki/Collection;
06-04 00:47:48.262 26507 26507 D M_InsDal: Lcom/ichi2/anki/CollectionHelper;--->getCollectionPath(Landroid/content/Context;)Ljava/lang/String;
06-04 00:47:48.262 26507 26507 D M_InsDal: Lcom/ichi2/anki/CollectionHelper;--->getCurrentAnkiDroidDirectory(Landroid/content/Context;)Ljava/lang/String;
06-04 00:47:48.262 26507 26507 D M_InsDal: Lcom/ichi2/anki/CollectionHelper;--->getDefaultAnkiDroidDirectory()Ljava/lang/String;
06-04 00:47:48.262 26507 26563 D M_InsDal: Lcom/ichi2/anki/stats/AnkiStatsTaskHandler$CreateChartTask;--->doInBackground([Landroid/view/View;)Lcom/wildplot/android/rendering/PlotSheet;
06-04 00:47:48.262 26507 26563 D M_InsDal: Lcom/ichi2/anki/stats/ChartBuilder;---><init>(Lcom/ichi2/anki/stats/ChartView;Lcom/ichi2/libanki/Collection;ZLcom/ichi2/libanki/Stats$ChartType;)V
06-04 00:47:48.262 26507 26563 D M_InsDal: Lcom/ichi2/anki/stats/ChartBuilder;--->renderChart(Lcom/ichi2/libanki/Stats$AxisType;)Lcom/wildplot/android/rendering/PlotSheet;
06-04 00:47:48.262 26507 26563 D M_InsDal: Lcom/ichi2/anki/stats/ChartBuilder;--->calcStats(Lcom/ichi2/libanki/Stats$AxisType;)V
06-04 00:47:48.262 26507 26507 D M_InsDal: Lcom/ichi2/anki/CollectionHelper;--->colIsOpen()Z
06-04 00:47:48.262 26507 26507 D M_InsDal: Lcom/ichi2/anki/Statistics$ChartFragment;--->isWholeCollection()Z
06-04 00:47:48.262 26507 26507 D M_InsDal: Lcom/ichi2/anki/CollectionHelper;--->getInstance()Lcom/ichi2/anki/CollectionHelper;
06-04 00:47:48.262 26507 26507 D M_InsDal: Lcom/ichi2/anki/CollectionHelper;--->getCol(Landroid/content/Context;)Lcom/ichi2/libanki/Collection;
06-04 00:47:48.262 26507 26507 D M_InsDal: Lcom/ichi2/anki/CollectionHelper;--->getCollectionPath(Landroid/content/Context;)Ljava/lang/String;
06-04 00:47:48.262 26507 26507 D M_InsDal: Lcom/ichi2/anki/CollectionHelper;--->getCurrentAnkiDroidDirectory(Landroid/content/Context;)Ljava/lang/String;
06-04 00:47:48.262 26507 26507 D M_InsDal: Lcom/ichi2/anki/CollectionHelper;--->getDefaultAnkiDroidDirectory()Ljava/lang/String;
06-04 00:47:48.262 26507 26507 D M_InsDal: Lcom/ichi2/anki/CollectionHelper;--->colIsOpen()Z
06-04 00:47:48.262 26507 26507 D M_InsDal: Lcom/ichi2/anki/Statistics$ChartFragment;--->onCreate(Landroid/os/Bundle;)V
06-04 00:47:48.262 26507 26507 D M_InsDal: Lcom/ichi2/anki/Statistics$ChartFragment;--->onCreateView(Landroid/view/LayoutInflater;Landroid/view/ViewGroup;Landroid/os/Bundle;)Landroid/view/View;
06-04 00:47:48.263 26507 26507 D M_InsDal: Lcom/ichi2/anki/stats/ChartView;---><init>(Landroid/content/Context;Landroid/util/AttributeSet;)V
06-04 00:47:48.263 26507 26507 D M_InsDal: Lcom/ichi2/anki/Statistics;--->getTaskHandler()Lcom/ichi2/anki/stats/AnkiStatsTaskHandler;
06-04 00:47:48.263 26507 26507 D M_InsDal: Lcom/ichi2/anki/Statistics$ChartFragment;--->createChart()V
06-04 00:47:48.263 26507 26507 D M_InsDal: Lcom/ichi2/anki/Statistics;--->getTaskHandler()Lcom/ichi2/anki/stats/AnkiStatsTaskHandler;
06-04 00:47:48.263 26507 26507 D M_InsDal: Lcom/ichi2/anki/stats/AnkiStatsTaskHandler;--->createChart(Lcom/ichi2/libanki/Stats$ChartType;[Landroid/view/View;)Lcom/ichi2/anki/stats/AnkiStatsTaskHandler$CreateChartTask;
06-04 00:47:48.263 26507 26507 D M_InsDal: Lcom/ichi2/anki/stats/AnkiStatsTaskHandler$CreateChartTask;---><init>(Lcom/ichi2/anki/stats/AnkiStatsTaskHandler;Lcom/ichi2/libanki/Stats$ChartType;)V
06-04 00:47:48.263 26507 26507 D M_InsDal: Lcom/ichi2/anki/stats/ChartView;--->addFragment(Lcom/ichi2/anki/Statistics$ChartFragment;)V
06-04 00:47:48.263 26507 26507 D M_InsDal: Lcom/ichi2/anki/Statistics;--->getTaskHandler()Lcom/ichi2/anki/stats/AnkiStatsTaskHandler;
06-04 00:47:48.263 26507 26507 D M_InsDal: Lcom/ichi2/anki/stats/AnkiStatsTaskHandler;--->getStatType()Lcom/ichi2/libanki/Stats$AxisType;
06-04 00:47:48.263 26507 26507 D M_InsDal: Lcom/ichi2/anki/Statistics;--->getViewPager()Landroid/support/v4/view/ViewPager;
06-04 00:47:48.263 26507 26507 D M_InsDal: Lcom/ichi2/anki/Statistics;--->getSectionsPagerAdapter()Lcom/ichi2/anki/Statistics$SectionsPagerAdapter;
