--------- beginning of main
--------- beginning of system
09-18 16:03:05.718 29196 29196 D M_InsDal: Lcom/ichi2/anki/AnkiDroidApp;---><clinit>()V
09-18 16:03:05.718 29196 29196 D M_InsDal: Lcom/ichi2/anki/AnkiDroidApp;---><init>()V
09-18 16:03:05.718 29196 29196 D M_InsDal: Lcom/ichi2/anki/provider/CardContentProvider;---><clinit>()V
09-18 16:03:05.719 29196 29196 D M_InsDal: Lcom/ichi2/anki/FlashCardsContract$Note;---><clinit>()V
09-18 16:03:05.719 29196 29196 D M_InsDal: Lcom/ichi2/anki/FlashCardsContract;---><clinit>()V
09-18 16:03:05.719 29196 29196 D M_InsDal: Lcom/ichi2/anki/provider/CardContentProvider;---><init>()V
09-18 16:03:05.719 29196 29196 D M_InsDal: Lcom/ichi2/anki/provider/CardContentProvider;--->onCreate()Z
09-18 16:03:05.721 29196 29196 D M_InsDal: Lcom/ichi2/anki/AnkiDroidApp;--->onCreate()V
09-18 16:03:05.721 29196 29196 D M_InsDal: Lcom/ichi2/anki/AnkiDroidApp;--->getSharedPrefs(Landroid/content/Context;)Landroid/content/SharedPreferences;
09-18 16:03:05.725 29196 29196 D M_InsDal: Lcom/ichi2/anki/AnkiDroidApp$ProductionCrashReportingTree;---><clinit>()V
09-18 16:03:05.725 29196 29196 D M_InsDal: Lcom/ichi2/anki/AnkiDroidApp$ProductionCrashReportingTree;---><init>()V
09-18 16:03:05.725 29196 29196 D M_InsDal: Lcom/ichi2/anki/AnkiDroidApp;--->setAcraReportingMode(Ljava/lang/String;)V
09-18 16:03:05.725 29196 29196 D M_InsDal: Lcom/ichi2/anki/AnkiDroidApp;--->setLanguage(Ljava/lang/String;)V
09-18 16:03:05.725 29196 29196 D M_InsDal: Lcom/ichi2/anki/AnkiDroidApp;--->getInstance()Lcom/ichi2/anki/AnkiDroidApp;
09-18 16:03:05.726 29196 29196 D M_InsDal: Lcom/ichi2/anki/AnkiDroidApp;--->getInstance()Lcom/ichi2/anki/AnkiDroidApp;
09-18 16:03:05.726 29196 29196 D M_InsDal: Lcom/ichi2/anki/AnkiDroidApp;--->getSharedPrefs(Landroid/content/Context;)Landroid/content/SharedPreferences;
09-18 16:03:05.726 29196 29196 D M_InsDal: Lcom/ichi2/anki/AnkiDroidApp;--->getInstance()Lcom/ichi2/anki/AnkiDroidApp;
09-18 16:03:05.726 29196 29196 D M_InsDal: Lcom/ichi2/anki/AnkiDroidApp;--->getInstance()Lcom/ichi2/anki/AnkiDroidApp;
09-18 16:03:05.750 29196 29196 D M_InsDal: Lcom/ichi2/anki/CollectionHelper;--->hasStorageAccessPermission(Landroid/content/Context;)Z
09-18 16:03:05.750 29196 29196 D M_InsDal: Lcom/ichi2/anki/CollectionHelper;--->getCurrentAnkiDroidDirectory(Landroid/content/Context;)Ljava/lang/String;
09-18 16:03:05.750 29196 29196 D M_InsDal: Lcom/ichi2/anki/CollectionHelper;--->getDefaultAnkiDroidDirectory()Ljava/lang/String;
09-18 16:03:05.751 29196 29196 D M_InsDal: Lcom/ichi2/anki/CollectionHelper;--->initializeAnkiDroidDirectory(Ljava/lang/String;)V
09-18 16:03:05.753 29196 29196 D M_InsDal: Lcom/ichi2/anki/CardBrowser;---><clinit>()V
09-18 16:03:05.753 29196 29196 D M_InsDal: Lcom/ichi2/anki/CardBrowser;---><init>()V
09-18 16:03:05.753 29196 29196 D M_InsDal: Lcom/ichi2/anki/NavigationDrawerActivity;---><init>()V
09-18 16:03:05.753 29196 29196 D M_InsDal: Lcom/ichi2/anki/AnkiActivity;---><init>()V
09-18 16:03:05.754 29196 29196 D M_InsDal: Lcom/ichi2/anki/dialogs/DialogHandler;---><init>(Lcom/ichi2/anki/AnkiActivity;)V
09-18 16:03:05.754 29196 29196 D M_InsDal: Lcom/ichi2/anki/CardBrowser$1;---><init>(Lcom/ichi2/anki/CardBrowser;)V
09-18 16:03:05.754 29196 29196 D M_InsDal: Lcom/ichi2/anki/CardBrowser$2;---><init>(Lcom/ichi2/anki/CardBrowser;)V
09-18 16:03:05.754 29196 29196 D M_InsDal: Lcom/ichi2/anki/CardBrowser$3;---><init>(Lcom/ichi2/anki/CardBrowser;)V
09-18 16:03:05.754 29196 29196 D M_InsDal: Lcom/ichi2/anki/CardBrowser$13;---><init>(Lcom/ichi2/anki/CardBrowser;)V
09-18 16:03:05.754 29196 29196 D M_InsDal: Lcom/ichi2/anki/CardBrowser$14;---><init>(Lcom/ichi2/anki/CardBrowser;)V
09-18 16:03:05.754 29196 29196 D M_InsDal: Lcom/ichi2/anki/CardBrowser$15;---><init>(Lcom/ichi2/anki/CardBrowser;)V
09-18 16:03:05.754 29196 29196 D M_InsDal: Lcom/ichi2/anki/CardBrowser$16;---><init>(Lcom/ichi2/anki/CardBrowser;)V
09-18 16:03:05.754 29196 29196 D M_InsDal: Lcom/ichi2/anki/CardBrowser$17;---><init>(Lcom/ichi2/anki/CardBrowser;)V
09-18 16:03:05.755 29196 29196 D M_InsDal: Lcom/ichi2/anki/AnkiActivity;--->onCreate(Landroid/os/Bundle;)V
09-18 16:03:05.755 29196 29196 D M_InsDal: Lcom/ichi2/anki/AnkiDroidApp;--->getSharedPrefs(Landroid/content/Context;)Landroid/content/SharedPreferences;
09-18 16:03:05.757 29196 29196 D M_InsDal: Lcom/ichi2/anki/CardBrowser;--->onCreate(Landroid/os/Bundle;)V
09-18 16:03:05.783 29196 29196 D M_InsDal: Lcom/ichi2/anki/NavigationDrawerActivity;--->initNavigationDrawer(Landroid/view/View;)V
09-18 16:03:05.785 29196 29196 D M_InsDal: Lcom/ichi2/anki/NavigationDrawerActivity$1;---><init>(Lcom/ichi2/anki/NavigationDrawerActivity;)V
09-18 16:03:05.785 29196 29196 D M_InsDal: Lcom/ichi2/anki/AnkiDroidApp;--->getSharedPrefs(Landroid/content/Context;)Landroid/content/SharedPreferences;
09-18 16:03:05.785 29196 29196 D M_InsDal: Lcom/ichi2/anki/NavigationDrawerActivity$2;---><init>(Lcom/ichi2/anki/NavigationDrawerActivity;Landroid/content/SharedPreferences;)V
09-18 16:03:05.785 29196 29196 D M_InsDal: Lcom/ichi2/anki/NavigationDrawerActivity$3;---><init>(Lcom/ichi2/anki/NavigationDrawerActivity;Landroid/app/Activity;Landroid/support/v4/widget/DrawerLayout;II)V
09-18 16:03:05.785 29196 29196 D M_InsDal: Lcom/ichi2/anki/AnkiActivity;--->startLoadingCollection()V
09-18 16:03:05.785 29196 29196 D M_InsDal: Lcom/ichi2/anki/AnkiActivity;--->colIsOpen()Z
09-18 16:03:05.785 29196 29196 D M_InsDal: Lcom/ichi2/anki/CollectionHelper;--->getInstance()Lcom/ichi2/anki/CollectionHelper;
09-18 16:03:05.785 29196 29196 D M_InsDal: Lcom/ichi2/anki/CollectionHelper$LazyHolder;---><clinit>()V
09-18 16:03:05.785 29196 29196 D M_InsDal: Lcom/ichi2/anki/CollectionHelper;---><init>()V
09-18 16:03:05.785 29196 29196 D M_InsDal: Lcom/ichi2/anki/CollectionHelper;--->colIsOpen()Z
09-18 16:03:05.785 29196 29196 D M_InsDal: Lcom/ichi2/anki/AnkiActivity;--->showProgressBar()V
09-18 16:03:05.786 29196 29196 D M_InsDal: Lcom/ichi2/anki/AnkiActivity;--->onCreateLoader(ILandroid/os/Bundle;)Landroid/support/v4/content/Loader;
09-18 16:03:05.787 29196 29196 D M_InsDal: Lcom/ichi2/anki/CollectionHelper;--->getInstance()Lcom/ichi2/anki/CollectionHelper;
09-18 16:03:05.787 29196 29196 D M_InsDal: Lcom/ichi2/anki/CollectionHelper;--->isCollectionLocked()Z
09-18 16:03:05.788 29196 29196 D M_InsDal: Lcom/ichi2/anki/AnkiActivity;--->onStart()V
09-18 16:03:05.788 29196 29221 D M_InsDal: Lcom/ichi2/anki/CollectionHelper;--->getInstance()Lcom/ichi2/anki/CollectionHelper;
09-18 16:03:05.788 29196 29221 D M_InsDal: Lcom/ichi2/anki/CollectionHelper;--->getCol(Landroid/content/Context;)Lcom/ichi2/libanki/Collection;
09-18 16:03:05.788 29196 29221 D M_InsDal: Lcom/ichi2/anki/CollectionHelper;--->getCollectionPath(Landroid/content/Context;)Ljava/lang/String;
09-18 16:03:05.788 29196 29221 D M_InsDal: Lcom/ichi2/anki/CollectionHelper;--->getCurrentAnkiDroidDirectory(Landroid/content/Context;)Ljava/lang/String;
09-18 16:03:05.788 29196 29221 D M_InsDal: Lcom/ichi2/anki/CollectionHelper;--->getDefaultAnkiDroidDirectory()Ljava/lang/String;
09-18 16:03:05.789 29196 29221 D M_InsDal: Lcom/ichi2/anki/CollectionHelper;--->colIsOpen()Z
09-18 16:03:05.789 29196 29221 D M_InsDal: Lcom/ichi2/anki/CollectionHelper;--->getParentDirectory(Ljava/lang/String;)Ljava/lang/String;
09-18 16:03:05.789 29196 29221 D M_InsDal: Lcom/ichi2/anki/CollectionHelper;--->initializeAnkiDroidDirectory(Ljava/lang/String;)V
09-18 16:03:05.789 29196 29221 D M_InsDal: Lcom/ichi2/anki/AnkiDroidApp$ProductionCrashReportingTree;--->i(Ljava/lang/String;[Ljava/lang/Object;)V
09-18 16:03:05.789 29196 29221 D M_InsDal: Lcom/ichi2/anki/AnkiDroidApp$ProductionCrashReportingTree;--->formatString(Ljava/lang/String;[Ljava/lang/Object;)Ljava/lang/String;
09-18 16:03:05.791 29196 29196 D M_InsDal: Lcom/ichi2/anki/NavigationDrawerActivity;--->onPostCreate(Landroid/os/Bundle;)V
09-18 16:03:05.791 29196 29196 D M_InsDal: Lcom/ichi2/anki/CardBrowser;--->onResume()V
09-18 16:03:05.791 29196 29196 D M_InsDal: Lcom/ichi2/anki/AnkiActivity;--->onResume()V
09-18 16:03:05.792 29196 29196 D M_InsDal: Lcom/ichi2/anki/dialogs/DialogHandler;--->readMessage()V
09-18 16:03:05.792 29196 29196 D M_InsDal: Lcom/ichi2/anki/NavigationDrawerActivity;--->selectNavigationItem(I)V
09-18 16:03:05.800 29196 29221 D M_InsDal: Lcom/ichi2/anki/AnkiDroidApp;--->getInstance()Lcom/ichi2/anki/AnkiDroidApp;
09-18 16:03:05.845 29196 29196 D M_InsDal: Lcom/ichi2/anki/AnkiActivity;--->onLoadFinished(Landroid/support/v4/content/Loader;Lcom/ichi2/libanki/Collection;)V
09-18 16:03:05.845 29196 29196 D M_InsDal: Lcom/ichi2/anki/AnkiActivity;--->hideProgressBar()V
09-18 16:03:05.845 29196 29196 D M_InsDal: Lcom/ichi2/anki/AnkiActivity;--->colIsOpen()Z
09-18 16:03:05.845 29196 29196 D M_InsDal: Lcom/ichi2/anki/CollectionHelper;--->getInstance()Lcom/ichi2/anki/CollectionHelper;
09-18 16:03:05.845 29196 29196 D M_InsDal: Lcom/ichi2/anki/CollectionHelper;--->colIsOpen()Z
09-18 16:03:05.845 29196 29196 D M_InsDal: Lcom/ichi2/anki/AnkiActivity;--->onCollectionLoaded(Lcom/ichi2/libanki/Collection;)V
09-18 16:03:05.845 29196 29196 D M_InsDal: Lcom/ichi2/anki/CardBrowser;--->onCollectionLoaded(Lcom/ichi2/libanki/Collection;)V
09-18 16:03:05.845 29196 29196 D M_InsDal: Lcom/ichi2/anki/AnkiActivity;--->getCol()Lcom/ichi2/libanki/Collection;
09-18 16:03:05.845 29196 29196 D M_InsDal: Lcom/ichi2/anki/CollectionHelper;--->getInstance()Lcom/ichi2/anki/CollectionHelper;
09-18 16:03:05.845 29196 29196 D M_InsDal: Lcom/ichi2/anki/CollectionHelper;--->getCol(Landroid/content/Context;)Lcom/ichi2/libanki/Collection;
09-18 16:03:05.845 29196 29196 D M_InsDal: Lcom/ichi2/anki/CollectionHelper;--->getCollectionPath(Landroid/content/Context;)Ljava/lang/String;
09-18 16:03:05.845 29196 29196 D M_InsDal: Lcom/ichi2/anki/CollectionHelper;--->getCurrentAnkiDroidDirectory(Landroid/content/Context;)Ljava/lang/String;
09-18 16:03:05.845 29196 29196 D M_InsDal: Lcom/ichi2/anki/CollectionHelper;--->getDefaultAnkiDroidDirectory()Ljava/lang/String;
09-18 16:03:05.845 29196 29196 D M_InsDal: Lcom/ichi2/anki/CollectionHelper;--->colIsOpen()Z
09-18 16:03:05.845 29196 29196 D M_InsDal: Lcom/ichi2/anki/AnkiActivity;--->getCol()Lcom/ichi2/libanki/Collection;
09-18 16:03:05.845 29196 29196 D M_InsDal: Lcom/ichi2/anki/CollectionHelper;--->getInstance()Lcom/ichi2/anki/CollectionHelper;
09-18 16:03:05.845 29196 29196 D M_InsDal: Lcom/ichi2/anki/CollectionHelper;--->getCol(Landroid/content/Context;)Lcom/ichi2/libanki/Collection;
09-18 16:03:05.845 29196 29196 D M_InsDal: Lcom/ichi2/anki/CollectionHelper;--->getCollectionPath(Landroid/content/Context;)Ljava/lang/String;
09-18 16:03:05.845 29196 29196 D M_InsDal: Lcom/ichi2/anki/CollectionHelper;--->getCurrentAnkiDroidDirectory(Landroid/content/Context;)Ljava/lang/String;
09-18 16:03:05.845 29196 29196 D M_InsDal: Lcom/ichi2/anki/CollectionHelper;--->getDefaultAnkiDroidDirectory()Ljava/lang/String;
09-18 16:03:05.846 29196 29196 D M_InsDal: Lcom/ichi2/anki/CollectionHelper;--->colIsOpen()Z
09-18 16:03:05.846 29196 29196 D M_InsDal: Lcom/ichi2/anki/CardBrowser;--->registerExternalStorageListener()V
09-18 16:03:05.846 29196 29196 D M_InsDal: Lcom/ichi2/anki/CardBrowser$18;---><init>(Lcom/ichi2/anki/CardBrowser;)V
09-18 16:03:05.846 29196 29196 D M_InsDal: Lcom/ichi2/anki/AnkiDroidApp;--->getSharedPrefs(Landroid/content/Context;)Landroid/content/SharedPreferences;
09-18 16:03:05.846 29196 29196 D M_InsDal: Lcom/ichi2/anki/AnkiActivity;--->getCol()Lcom/ichi2/libanki/Collection;
09-18 16:03:05.846 29196 29196 D M_InsDal: Lcom/ichi2/anki/CollectionHelper;--->getInstance()Lcom/ichi2/anki/CollectionHelper;
09-18 16:03:05.846 29196 29196 D M_InsDal: Lcom/ichi2/anki/CollectionHelper;--->getCol(Landroid/content/Context;)Lcom/ichi2/libanki/Collection;
09-18 16:03:05.846 29196 29196 D M_InsDal: Lcom/ichi2/anki/CollectionHelper;--->getCollectionPath(Landroid/content/Context;)Ljava/lang/String;
09-18 16:03:05.846 29196 29196 D M_InsDal: Lcom/ichi2/anki/CollectionHelper;--->getCurrentAnkiDroidDirectory(Landroid/content/Context;)Ljava/lang/String;
09-18 16:03:05.846 29196 29196 D M_InsDal: Lcom/ichi2/anki/CollectionHelper;--->getDefaultAnkiDroidDirectory()Ljava/lang/String;
09-18 16:03:05.846 29196 29196 D M_InsDal: Lcom/ichi2/anki/CollectionHelper;--->colIsOpen()Z
09-18 16:03:05.846 29196 29196 D M_InsDal: Lcom/ichi2/anki/widgets/DeckDropDownAdapter;---><init>(Landroid/content/Context;Ljava/util/ArrayList;)V
09-18 16:03:05.846 29196 29196 D M_InsDal: Lcom/ichi2/anki/widgets/DeckDropDownAdapter;--->getCount()I
09-18 16:03:05.847 29196 29196 D M_InsDal: Lcom/ichi2/anki/widgets/DeckDropDownAdapter;--->getCount()I
09-18 16:03:05.847 29196 29196 D M_InsDal: Lcom/ichi2/anki/widgets/DeckDropDownAdapter;--->getItemId(I)J
09-18 16:03:05.847 29196 29196 D M_InsDal: Lcom/ichi2/anki/widgets/DeckDropDownAdapter;--->getItemId(I)J
09-18 16:03:05.847 29196 29196 D M_InsDal: Lcom/ichi2/anki/CardBrowser$4;---><init>(Lcom/ichi2/anki/CardBrowser;)V
09-18 16:03:05.847 29196 29196 D M_InsDal: Lcom/ichi2/anki/AnkiActivity;--->getCol()Lcom/ichi2/libanki/Collection;
09-18 16:03:05.847 29196 29196 D M_InsDal: Lcom/ichi2/anki/CollectionHelper;--->getInstance()Lcom/ichi2/anki/CollectionHelper;
09-18 16:03:05.847 29196 29196 D M_InsDal: Lcom/ichi2/anki/CollectionHelper;--->getCol(Landroid/content/Context;)Lcom/ichi2/libanki/Collection;
09-18 16:03:05.847 29196 29196 D M_InsDal: Lcom/ichi2/anki/CollectionHelper;--->getCollectionPath(Landroid/content/Context;)Ljava/lang/String;
09-18 16:03:05.847 29196 29196 D M_InsDal: Lcom/ichi2/anki/CollectionHelper;--->getCurrentAnkiDroidDirectory(Landroid/content/Context;)Ljava/lang/String;
09-18 16:03:05.847 29196 29196 D M_InsDal: Lcom/ichi2/anki/CollectionHelper;--->getDefaultAnkiDroidDirectory()Ljava/lang/String;
09-18 16:03:05.847 29196 29196 D M_InsDal: Lcom/ichi2/anki/CollectionHelper;--->colIsOpen()Z
09-18 16:03:05.847 29196 29196 D M_InsDal: Lcom/ichi2/anki/AnkiActivity;--->getCol()Lcom/ichi2/libanki/Collection;
09-18 16:03:05.847 29196 29196 D M_InsDal: Lcom/ichi2/anki/CollectionHelper;--->getInstance()Lcom/ichi2/anki/CollectionHelper;
09-18 16:03:05.847 29196 29196 D M_InsDal: Lcom/ichi2/anki/CollectionHelper;--->getCol(Landroid/content/Context;)Lcom/ichi2/libanki/Collection;
09-18 16:03:05.847 29196 29196 D M_InsDal: Lcom/ichi2/anki/CollectionHelper;--->getCollectionPath(Landroid/content/Context;)Ljava/lang/String;
09-18 16:03:05.847 29196 29196 D M_InsDal: Lcom/ichi2/anki/CollectionHelper;--->getCurrentAnkiDroidDirectory(Landroid/content/Context;)Ljava/lang/String;
09-18 16:03:05.847 29196 29196 D M_InsDal: Lcom/ichi2/anki/CollectionHelper;--->getDefaultAnkiDroidDirectory()Ljava/lang/String;
09-18 16:03:05.847 29196 29196 D M_InsDal: Lcom/ichi2/anki/CollectionHelper;--->colIsOpen()Z
09-18 16:03:05.847 29196 29196 D M_InsDal: Lcom/ichi2/anki/AnkiActivity;--->getCol()Lcom/ichi2/libanki/Collection;
09-18 16:03:05.847 29196 29196 D M_InsDal: Lcom/ichi2/anki/CollectionHelper;--->getInstance()Lcom/ichi2/anki/CollectionHelper;
09-18 16:03:05.847 29196 29196 D M_InsDal: Lcom/ichi2/anki/CollectionHelper;--->getCol(Landroid/content/Context;)Lcom/ichi2/libanki/Collection;
09-18 16:03:05.847 29196 29196 D M_InsDal: Lcom/ichi2/anki/CollectionHelper;--->getCollectionPath(Landroid/content/Context;)Ljava/lang/String;
09-18 16:03:05.847 29196 29196 D M_InsDal: Lcom/ichi2/anki/CollectionHelper;--->getCurrentAnkiDroidDirectory(Landroid/content/Context;)Ljava/lang/String;
09-18 16:03:05.847 29196 29196 D M_InsDal: Lcom/ichi2/anki/CollectionHelper;--->getDefaultAnkiDroidDirectory()Ljava/lang/String;
09-18 16:03:05.848 29196 29196 D M_InsDal: Lcom/ichi2/anki/CollectionHelper;--->colIsOpen()Z
09-18 16:03:05.848 29196 29196 D M_InsDal: Lcom/ichi2/anki/AnkiDroidApp;--->getSharedPrefs(Landroid/content/Context;)Landroid/content/SharedPreferences;
09-18 16:03:05.848 29196 29196 D M_InsDal: Lcom/ichi2/anki/CardBrowser$5;---><init>(Lcom/ichi2/anki/CardBrowser;)V
09-18 16:03:05.848 29196 29196 D M_InsDal: Lcom/ichi2/anki/AnkiDroidApp;--->getSharedPrefs(Landroid/content/Context;)Landroid/content/SharedPreferences;
09-18 16:03:05.848 29196 29196 D M_InsDal: Lcom/ichi2/anki/CardBrowser$6;---><init>(Lcom/ichi2/anki/CardBrowser;)V
09-18 16:03:05.848 29196 29196 D M_InsDal: Lcom/ichi2/anki/CardBrowser$MultiColumnListAdapter;---><init>(Lcom/ichi2/anki/CardBrowser;Landroid/content/Context;I[Ljava/lang/String;[ILjava/lang/String;ILjava/lang/String;)V
09-18 16:03:05.848 29196 29196 D M_InsDal: Lcom/ichi2/anki/CardBrowser$MultiColumnListAdapter;--->getCount()I
09-18 16:03:05.848 29196 29196 D M_InsDal: Lcom/ichi2/anki/CardBrowser;--->getCards()Ljava/util/List;
09-18 16:03:05.848 29196 29196 D M_InsDal: Lcom/ichi2/anki/CardBrowser$MultiColumnListAdapter;--->getCount()I
09-18 16:03:05.848 29196 29196 D M_InsDal: Lcom/ichi2/anki/CardBrowser;--->getCards()Ljava/util/List;
09-18 16:03:05.848 29196 29196 D M_InsDal: Lcom/ichi2/anki/CardBrowser$RenderOnScroll;---><init>(Lcom/ichi2/anki/CardBrowser;)V
09-18 16:03:05.848 29196 29196 D M_InsDal: Lcom/ichi2/anki/CardBrowser$RenderOnScroll;--->onScroll(Landroid/widget/AbsListView;III)V
09-18 16:03:05.848 29196 29196 D M_InsDal: Lcom/ichi2/anki/CardBrowser;--->getCards()Ljava/util/List;
09-18 16:03:05.848 29196 29196 D M_InsDal: Lcom/ichi2/anki/CardBrowser$7;---><init>(Lcom/ichi2/anki/CardBrowser;)V
09-18 16:03:05.848 29196 29196 D M_InsDal: Lcom/ichi2/anki/CardBrowser$8;---><init>(Lcom/ichi2/anki/CardBrowser;)V
09-18 16:03:05.848 29196 29196 D M_InsDal: Lcom/ichi2/anki/CardBrowser;--->getDeckPositionFromDeckId(J)I
09-18 16:03:05.848 29196 29196 D M_InsDal: Lcom/ichi2/anki/CardBrowser;--->selectDropDownItem(I)V
09-18 16:03:05.848 29196 29196 D M_InsDal: Lcom/ichi2/anki/widgets/DeckDropDownAdapter;--->getItemId(I)J
09-18 16:03:05.849 29196 29196 D M_InsDal: Lcom/ichi2/anki/CardBrowser;--->searchCards()V
09-18 16:03:05.849 29196 29196 D M_InsDal: Lcom/ichi2/anki/AnkiActivity;--->colIsOpen()Z
09-18 16:03:05.849 29196 29196 D M_InsDal: Lcom/ichi2/anki/CollectionHelper;--->getInstance()Lcom/ichi2/anki/CollectionHelper;
09-18 16:03:05.849 29196 29196 D M_InsDal: Lcom/ichi2/anki/CollectionHelper;--->colIsOpen()Z
09-18 16:03:05.849 29196 29196 D M_InsDal: Lcom/ichi2/anki/CardBrowser;--->getCards()Ljava/util/List;
09-18 16:03:05.849 29196 29196 D M_InsDal: Lcom/ichi2/anki/CardBrowser$MultiColumnListAdapter;--->getCount()I
09-18 16:03:05.849 29196 29196 D M_InsDal: Lcom/ichi2/anki/CardBrowser;--->getCards()Ljava/util/List;
09-18 16:03:05.849 29196 29196 D M_InsDal: Lcom/ichi2/anki/CardBrowser$MultiColumnListAdapter;--->getCount()I
09-18 16:03:05.849 29196 29196 D M_InsDal: Lcom/ichi2/anki/CardBrowser;--->getCards()Ljava/util/List;
09-18 16:03:05.849 29196 29196 D M_InsDal: Lcom/ichi2/anki/CardBrowser$16;--->onPreExecute()V
09-18 16:03:05.849 29196 29196 D M_InsDal: Lcom/ichi2/anki/AnkiActivity;--->showProgressBar()V
09-18 16:03:05.849 29196 29223 D M_InsDal: Lcom/ichi2/anki/AnkiDroidApp;--->getInstance()Lcom/ichi2/anki/AnkiDroidApp;
09-18 16:03:05.849 29196 29223 D M_InsDal: Lcom/ichi2/anki/CollectionHelper;--->getInstance()Lcom/ichi2/anki/CollectionHelper;
09-18 16:03:05.849 29196 29223 D M_InsDal: Lcom/ichi2/anki/CollectionHelper;--->getColSafe(Landroid/content/Context;)Lcom/ichi2/libanki/Collection;
09-18 16:03:05.849 29196 29223 D M_InsDal: Lcom/ichi2/anki/CollectionHelper;--->getCol(Landroid/content/Context;)Lcom/ichi2/libanki/Collection;
09-18 16:03:05.849 29196 29223 D M_InsDal: Lcom/ichi2/anki/CollectionHelper;--->getCollectionPath(Landroid/content/Context;)Ljava/lang/String;
09-18 16:03:05.849 29196 29223 D M_InsDal: Lcom/ichi2/anki/CollectionHelper;--->getCurrentAnkiDroidDirectory(Landroid/content/Context;)Ljava/lang/String;
09-18 16:03:05.849 29196 29223 D M_InsDal: Lcom/ichi2/anki/CollectionHelper;--->getDefaultAnkiDroidDirectory()Ljava/lang/String;
09-18 16:03:05.850 29196 29223 D M_InsDal: Lcom/ichi2/anki/CollectionHelper;--->colIsOpen()Z
09-18 16:03:05.850 29196 29223 D M_InsDal: Lcom/ichi2/anki/CollectionHelper;--->getInstance()Lcom/ichi2/anki/CollectionHelper;
09-18 16:03:05.850 29196 29223 D M_InsDal: Lcom/ichi2/anki/CollectionHelper;--->getCol(Landroid/content/Context;)Lcom/ichi2/libanki/Collection;
09-18 16:03:05.850 29196 29223 D M_InsDal: Lcom/ichi2/anki/CollectionHelper;--->getCollectionPath(Landroid/content/Context;)Ljava/lang/String;
09-18 16:03:05.850 29196 29223 D M_InsDal: Lcom/ichi2/anki/CollectionHelper;--->getCurrentAnkiDroidDirectory(Landroid/content/Context;)Ljava/lang/String;
09-18 16:03:05.850 29196 29223 D M_InsDal: Lcom/ichi2/anki/CollectionHelper;--->getDefaultAnkiDroidDirectory()Ljava/lang/String;
09-18 16:03:05.850 29196 29223 D M_InsDal: Lcom/ichi2/anki/CollectionHelper;--->colIsOpen()Z
09-18 16:03:05.851 29196 29223 D M_InsDal: Lcom/ichi2/anki/CardBrowser;--->updateSearchItemQA(Ljava/util/Map;Lcom/ichi2/libanki/Card;)V
09-18 16:03:05.852 29196 29223 D M_InsDal: Lcom/ichi2/anki/CardBrowser;--->formatQA(Ljava/lang/String;)Ljava/lang/String;
09-18 16:03:05.852 29196 29223 D M_InsDal: Lcom/ichi2/anki/CardBrowser;--->formatQA(Ljava/lang/String;)Ljava/lang/String;
09-18 16:03:05.852 29196 29223 D M_InsDal: Lcom/ichi2/anki/CardBrowser;--->updateSearchItemQA(Ljava/util/Map;Lcom/ichi2/libanki/Card;)V
09-18 16:03:05.852 29196 29223 D M_InsDal: Lcom/ichi2/anki/CardBrowser;--->formatQA(Ljava/lang/String;)Ljava/lang/String;
09-18 16:03:05.852 29196 29223 D M_InsDal: Lcom/ichi2/anki/CardBrowser;--->formatQA(Ljava/lang/String;)Ljava/lang/String;
09-18 16:03:05.853 29196 29223 D M_InsDal: Lcom/ichi2/anki/CardBrowser;--->updateSearchItemQA(Ljava/util/Map;Lcom/ichi2/libanki/Card;)V
09-18 16:03:05.853 29196 29223 D M_InsDal: Lcom/ichi2/anki/CardBrowser;--->formatQA(Ljava/lang/String;)Ljava/lang/String;
09-18 16:03:05.853 29196 29223 D M_InsDal: Lcom/ichi2/anki/CardBrowser;--->formatQA(Ljava/lang/String;)Ljava/lang/String;
09-18 16:03:05.853 29196 29223 D M_InsDal: Lcom/ichi2/anki/CardBrowser;--->updateSearchItemQA(Ljava/util/Map;Lcom/ichi2/libanki/Card;)V
09-18 16:03:05.854 29196 29223 D M_InsDal: Lcom/ichi2/anki/CardBrowser;--->formatQA(Ljava/lang/String;)Ljava/lang/String;
09-18 16:03:05.854 29196 29223 D M_InsDal: Lcom/ichi2/anki/CardBrowser;--->formatQA(Ljava/lang/String;)Ljava/lang/String;
09-18 16:03:05.854 29196 29223 D M_InsDal: Lcom/ichi2/anki/CardBrowser;--->updateSearchItemQA(Ljava/util/Map;Lcom/ichi2/libanki/Card;)V
09-18 16:03:05.855 29196 29223 D M_InsDal: Lcom/ichi2/anki/CardBrowser;--->formatQA(Ljava/lang/String;)Ljava/lang/String;
09-18 16:03:05.855 29196 29223 D M_InsDal: Lcom/ichi2/anki/CardBrowser;--->formatQA(Ljava/lang/String;)Ljava/lang/String;
09-18 16:03:05.855 29196 29223 D M_InsDal: Lcom/ichi2/anki/CardBrowser;--->updateSearchItemQA(Ljava/util/Map;Lcom/ichi2/libanki/Card;)V
09-18 16:03:05.855 29196 29223 D M_InsDal: Lcom/ichi2/anki/CardBrowser;--->formatQA(Ljava/lang/String;)Ljava/lang/String;
09-18 16:03:05.855 29196 29223 D M_InsDal: Lcom/ichi2/anki/CardBrowser;--->formatQA(Ljava/lang/String;)Ljava/lang/String;
09-18 16:03:06.016 29196 29196 D M_InsDal: Lcom/ichi2/anki/CardBrowser;--->onCreateOptionsMenu(Landroid/view/Menu;)Z
09-18 16:03:06.025 29196 29196 D M_InsDal: Lcom/ichi2/anki/AnkiActivity;--->getCol()Lcom/ichi2/libanki/Collection;
09-18 16:03:06.025 29196 29196 D M_InsDal: Lcom/ichi2/anki/CollectionHelper;--->getInstance()Lcom/ichi2/anki/CollectionHelper;
09-18 16:03:06.025 29196 29196 D M_InsDal: Lcom/ichi2/anki/CollectionHelper;--->getCol(Landroid/content/Context;)Lcom/ichi2/libanki/Collection;
09-18 16:03:06.025 29196 29196 D M_InsDal: Lcom/ichi2/anki/CollectionHelper;--->getCollectionPath(Landroid/content/Context;)Ljava/lang/String;
09-18 16:03:06.025 29196 29196 D M_InsDal: Lcom/ichi2/anki/CollectionHelper;--->getCurrentAnkiDroidDirectory(Landroid/content/Context;)Ljava/lang/String;
09-18 16:03:06.025 29196 29196 D M_InsDal: Lcom/ichi2/anki/CollectionHelper;--->getDefaultAnkiDroidDirectory()Ljava/lang/String;
09-18 16:03:06.025 29196 29196 D M_InsDal: Lcom/ichi2/anki/CollectionHelper;--->colIsOpen()Z
09-18 16:03:06.026 29196 29196 D M_InsDal: Lcom/ichi2/anki/CardBrowser$9;---><init>(Lcom/ichi2/anki/CardBrowser;)V
09-18 16:03:06.026 29196 29196 D M_InsDal: Lcom/ichi2/anki/CardBrowser$10;---><init>(Lcom/ichi2/anki/CardBrowser;)V
09-18 16:03:06.026 29196 29196 D M_InsDal: Lcom/ichi2/anki/CardBrowser$11;---><init>(Lcom/ichi2/anki/CardBrowser;)V
09-18 16:03:06.030 29196 29196 D M_InsDal: Lcom/ichi2/anki/widgets/DeckDropDownAdapter;--->getCount()I
09-18 16:03:06.030 29196 29196 D M_InsDal: Lcom/ichi2/anki/widgets/DeckDropDownAdapter;--->getView(ILandroid/view/View;Landroid/view/ViewGroup;)Landroid/view/View;
09-18 16:03:06.031 29196 29196 D M_InsDal: Lcom/ichi2/anki/widgets/DeckDropDownAdapter$DeckDropDownViewHolder;---><init>()V
09-18 16:03:06.031 29196 29196 D M_InsDal: Lcom/ichi2/anki/CardBrowser;--->getSubtitleText()Ljava/lang/String;
09-18 16:03:06.031 29196 29196 D M_InsDal: Lcom/ichi2/anki/CardBrowser;--->getCards()Ljava/util/List;
09-18 16:03:06.035 29196 29196 D M_InsDal: Lcom/ichi2/anki/CardBrowser$MultiColumnListAdapter;--->getCount()I
09-18 16:03:06.035 29196 29196 D M_InsDal: Lcom/ichi2/anki/CardBrowser;--->getCards()Ljava/util/List;
09-18 16:03:06.040 29196 29196 D M_InsDal: Lcom/ichi2/anki/widgets/DeckDropDownAdapter;--->getItemId(I)J
09-18 16:03:06.040 29196 29196 D M_InsDal: Lcom/ichi2/anki/widgets/DeckDropDownAdapter;--->getItemId(I)J
09-18 16:03:06.041 29196 29196 D M_InsDal: Lcom/ichi2/anki/CardBrowser$RenderOnScroll;--->onScroll(Landroid/widget/AbsListView;III)V
09-18 16:03:06.041 29196 29196 D M_InsDal: Lcom/ichi2/anki/CardBrowser;--->getCards()Ljava/util/List;
09-18 16:03:06.240 29196 29196 D M_InsDal: Lcom/ichi2/anki/CardBrowser$16;--->onProgressUpdate([Lcom/ichi2/async/DeckTask$TaskData;)V
09-18 16:03:06.240 29196 29196 D M_InsDal: Lcom/ichi2/anki/CardBrowser;--->updateList()V
09-18 16:03:06.240 29196 29196 D M_InsDal: Lcom/ichi2/anki/CardBrowser$MultiColumnListAdapter;--->getCount()I
09-18 16:03:06.240 29196 29196 D M_InsDal: Lcom/ichi2/anki/CardBrowser;--->getCards()Ljava/util/List;
09-18 16:03:06.240 29196 29196 D M_InsDal: Lcom/ichi2/anki/CardBrowser$MultiColumnListAdapter;--->getCount()I
09-18 16:03:06.240 29196 29196 D M_InsDal: Lcom/ichi2/anki/CardBrowser;--->getCards()Ljava/util/List;
09-18 16:03:06.240 29196 29196 D M_InsDal: Lcom/ichi2/anki/widgets/DeckDropDownAdapter;--->getCount()I
09-18 16:03:06.240 29196 29196 D M_InsDal: Lcom/ichi2/anki/widgets/DeckDropDownAdapter;--->getCount()I
09-18 16:03:06.240 29196 29196 D M_InsDal: Lcom/ichi2/anki/CardBrowser$16;--->onPostExecute(Lcom/ichi2/async/DeckTask$TaskData;)V
09-18 16:03:06.240 29196 29196 D M_InsDal: Lcom/ichi2/anki/AnkiDroidApp$ProductionCrashReportingTree;--->i(Ljava/lang/String;[Ljava/lang/Object;)V
09-18 16:03:06.240 29196 29196 D M_InsDal: Lcom/ichi2/anki/AnkiDroidApp$ProductionCrashReportingTree;--->formatString(Ljava/lang/String;[Ljava/lang/Object;)Ljava/lang/String;
09-18 16:03:06.240 29196 29196 D M_InsDal: Lcom/ichi2/anki/CardBrowser;--->updateList()V
09-18 16:03:06.240 29196 29196 D M_InsDal: Lcom/ichi2/anki/CardBrowser$MultiColumnListAdapter;--->getCount()I
09-18 16:03:06.240 29196 29196 D M_InsDal: Lcom/ichi2/anki/CardBrowser;--->getCards()Ljava/util/List;
09-18 16:03:06.240 29196 29196 D M_InsDal: Lcom/ichi2/anki/CardBrowser$MultiColumnListAdapter;--->getCount()I
09-18 16:03:06.240 29196 29196 D M_InsDal: Lcom/ichi2/anki/CardBrowser;--->getCards()Ljava/util/List;
09-18 16:03:06.240 29196 29196 D M_InsDal: Lcom/ichi2/anki/widgets/DeckDropDownAdapter;--->getCount()I
09-18 16:03:06.240 29196 29196 D M_InsDal: Lcom/ichi2/anki/widgets/DeckDropDownAdapter;--->getCount()I
09-18 16:03:06.240 29196 29196 D M_InsDal: Lcom/ichi2/anki/AnkiActivity;--->hideProgressBar()V
09-18 16:03:06.241 29196 29196 D M_InsDal: Lcom/ichi2/anki/CardBrowser$5;--->onItemSelected(Landroid/widget/AdapterView;Landroid/view/View;IJ)V
09-18 16:03:06.241 29196 29196 D M_InsDal: Lcom/ichi2/anki/CardBrowser$6;--->onItemSelected(Landroid/widget/AdapterView;Landroid/view/View;IJ)V
09-18 16:03:06.241 29196 29196 D M_InsDal: Lcom/ichi2/anki/widgets/DeckDropDownAdapter;--->getItemId(I)J
09-18 16:03:06.241 29196 29196 D M_InsDal: Lcom/ichi2/anki/widgets/DeckDropDownAdapter;--->getItemId(I)J
09-18 16:03:06.241 29196 29196 D M_InsDal: Lcom/ichi2/anki/widgets/DeckDropDownAdapter;--->getCount()I
09-18 16:03:06.241 29196 29196 D M_InsDal: Lcom/ichi2/anki/widgets/DeckDropDownAdapter;--->getView(ILandroid/view/View;Landroid/view/ViewGroup;)Landroid/view/View;
09-18 16:03:06.242 29196 29196 D M_InsDal: Lcom/ichi2/anki/widgets/DeckDropDownAdapter$DeckDropDownViewHolder;---><init>()V
09-18 16:03:06.242 29196 29196 D M_InsDal: Lcom/ichi2/anki/CardBrowser;--->getSubtitleText()Ljava/lang/String;
09-18 16:03:06.242 29196 29196 D M_InsDal: Lcom/ichi2/anki/CardBrowser;--->getCards()Ljava/util/List;
09-18 16:03:06.243 29196 29196 D M_InsDal: Lcom/ichi2/anki/CardBrowser$MultiColumnListAdapter;--->getCount()I
09-18 16:03:06.243 29196 29196 D M_InsDal: Lcom/ichi2/anki/CardBrowser;--->getCards()Ljava/util/List;
09-18 16:03:06.244 29196 29196 D M_InsDal: Lcom/ichi2/anki/widgets/DeckDropDownAdapter;--->getItemId(I)J
09-18 16:03:06.244 29196 29196 D M_InsDal: Lcom/ichi2/anki/widgets/DeckDropDownAdapter;--->getItemId(I)J
09-18 16:03:06.244 29196 29196 D M_InsDal: Lcom/ichi2/anki/CardBrowser$4;--->onItemSelected(Landroid/widget/AdapterView;Landroid/view/View;IJ)V
09-18 16:03:06.244 29196 29196 D M_InsDal: Lcom/ichi2/anki/CardBrowser;--->selectDropDownItem(I)V
09-18 16:03:06.244 29196 29196 D M_InsDal: Lcom/ichi2/anki/widgets/DeckDropDownAdapter;--->getItemId(I)J
09-18 16:03:06.244 29196 29196 D M_InsDal: Lcom/ichi2/anki/CardBrowser;--->searchCards()V
09-18 16:03:06.244 29196 29196 D M_InsDal: Lcom/ichi2/anki/AnkiActivity;--->colIsOpen()Z
09-18 16:03:06.244 29196 29196 D M_InsDal: Lcom/ichi2/anki/CollectionHelper;--->getInstance()Lcom/ichi2/anki/CollectionHelper;
09-18 16:03:06.244 29196 29196 D M_InsDal: Lcom/ichi2/anki/CollectionHelper;--->colIsOpen()Z
09-18 16:03:06.244 29196 29196 D M_InsDal: Lcom/ichi2/anki/CardBrowser;--->getCards()Ljava/util/List;
09-18 16:03:06.244 29196 29196 D M_InsDal: Lcom/ichi2/anki/CardBrowser$MultiColumnListAdapter;--->getCount()I
09-18 16:03:06.244 29196 29196 D M_InsDal: Lcom/ichi2/anki/CardBrowser;--->getCards()Ljava/util/List;
09-18 16:03:06.244 29196 29196 D M_InsDal: Lcom/ichi2/anki/CardBrowser$MultiColumnListAdapter;--->getCount()I
09-18 16:03:06.244 29196 29196 D M_InsDal: Lcom/ichi2/anki/CardBrowser;--->getCards()Ljava/util/List;
09-18 16:03:06.244 29196 29196 D M_InsDal: Lcom/ichi2/anki/CardBrowser$16;--->onPreExecute()V
09-18 16:03:06.244 29196 29196 D M_InsDal: Lcom/ichi2/anki/AnkiActivity;--->showProgressBar()V
09-18 16:03:06.244 29196 29196 D M_InsDal: Lcom/ichi2/anki/widgets/DeckDropDownAdapter;--->getItemId(I)J
09-18 16:03:06.245 29196 29196 D M_InsDal: Lcom/ichi2/anki/widgets/DeckDropDownAdapter;--->getView(ILandroid/view/View;Landroid/view/ViewGroup;)Landroid/view/View;
09-18 16:03:06.245 29196 29226 D M_InsDal: Lcom/ichi2/anki/AnkiDroidApp;--->getInstance()Lcom/ichi2/anki/AnkiDroidApp;
09-18 16:03:06.245 29196 29226 D M_InsDal: Lcom/ichi2/anki/CollectionHelper;--->getInstance()Lcom/ichi2/anki/CollectionHelper;
09-18 16:03:06.245 29196 29226 D M_InsDal: Lcom/ichi2/anki/CollectionHelper;--->getColSafe(Landroid/content/Context;)Lcom/ichi2/libanki/Collection;
09-18 16:03:06.245 29196 29226 D M_InsDal: Lcom/ichi2/anki/CollectionHelper;--->getCol(Landroid/content/Context;)Lcom/ichi2/libanki/Collection;
09-18 16:03:06.245 29196 29226 D M_InsDal: Lcom/ichi2/anki/CollectionHelper;--->getCollectionPath(Landroid/content/Context;)Ljava/lang/String;
09-18 16:03:06.245 29196 29226 D M_InsDal: Lcom/ichi2/anki/CollectionHelper;--->getCurrentAnkiDroidDirectory(Landroid/content/Context;)Ljava/lang/String;
09-18 16:03:06.245 29196 29226 D M_InsDal: Lcom/ichi2/anki/CollectionHelper;--->getDefaultAnkiDroidDirectory()Ljava/lang/String;
09-18 16:03:06.245 29196 29196 D M_InsDal: Lcom/ichi2/anki/widgets/DeckDropDownAdapter$DeckDropDownViewHolder;---><init>()V
09-18 16:03:06.245 29196 29196 D M_InsDal: Lcom/ichi2/anki/CardBrowser;--->getSubtitleText()Ljava/lang/String;
09-18 16:03:06.245 29196 29196 D M_InsDal: Lcom/ichi2/anki/CardBrowser;--->getCards()Ljava/util/List;
09-18 16:03:06.245 29196 29226 D M_InsDal: Lcom/ichi2/anki/CollectionHelper;--->colIsOpen()Z
09-18 16:03:06.245 29196 29226 D M_InsDal: Lcom/ichi2/anki/CollectionHelper;--->getInstance()Lcom/ichi2/anki/CollectionHelper;
09-18 16:03:06.245 29196 29226 D M_InsDal: Lcom/ichi2/anki/CollectionHelper;--->getCol(Landroid/content/Context;)Lcom/ichi2/libanki/Collection;
09-18 16:03:06.245 29196 29226 D M_InsDal: Lcom/ichi2/anki/CollectionHelper;--->getCollectionPath(Landroid/content/Context;)Ljava/lang/String;
09-18 16:03:06.245 29196 29226 D M_InsDal: Lcom/ichi2/anki/CollectionHelper;--->getCurrentAnkiDroidDirectory(Landroid/content/Context;)Ljava/lang/String;
09-18 16:03:06.245 29196 29226 D M_InsDal: Lcom/ichi2/anki/CollectionHelper;--->getDefaultAnkiDroidDirectory()Ljava/lang/String;
09-18 16:03:06.245 29196 29196 D M_InsDal: Lcom/ichi2/anki/widgets/DeckDropDownAdapter;--->getItemId(I)J
09-18 16:03:06.245 29196 29226 D M_InsDal: Lcom/ichi2/anki/CollectionHelper;--->colIsOpen()Z
09-18 16:03:06.246 29196 29196 D M_InsDal: Lcom/ichi2/anki/CardBrowser$RenderOnScroll;--->onScroll(Landroid/widget/AbsListView;III)V
09-18 16:03:06.246 29196 29196 D M_InsDal: Lcom/ichi2/anki/CardBrowser;--->getCards()Ljava/util/List;
09-18 16:03:06.248 29196 29226 D M_InsDal: Lcom/ichi2/anki/CardBrowser;--->updateSearchItemQA(Ljava/util/Map;Lcom/ichi2/libanki/Card;)V
09-18 16:03:06.249 29196 29226 D M_InsDal: Lcom/ichi2/anki/CardBrowser;--->formatQA(Ljava/lang/String;)Ljava/lang/String;
09-18 16:03:06.249 29196 29226 D M_InsDal: Lcom/ichi2/anki/CardBrowser;--->formatQA(Ljava/lang/String;)Ljava/lang/String;
09-18 16:03:06.250 29196 29226 D M_InsDal: Lcom/ichi2/anki/CardBrowser;--->updateSearchItemQA(Ljava/util/Map;Lcom/ichi2/libanki/Card;)V
09-18 16:03:06.250 29196 29226 D M_InsDal: Lcom/ichi2/anki/CardBrowser;--->formatQA(Ljava/lang/String;)Ljava/lang/String;
09-18 16:03:06.250 29196 29226 D M_InsDal: Lcom/ichi2/anki/CardBrowser;--->formatQA(Ljava/lang/String;)Ljava/lang/String;
09-18 16:03:06.251 29196 29226 D M_InsDal: Lcom/ichi2/anki/CardBrowser;--->updateSearchItemQA(Ljava/util/Map;Lcom/ichi2/libanki/Card;)V
09-18 16:03:06.251 29196 29226 D M_InsDal: Lcom/ichi2/anki/CardBrowser;--->formatQA(Ljava/lang/String;)Ljava/lang/String;
09-18 16:03:06.251 29196 29226 D M_InsDal: Lcom/ichi2/anki/CardBrowser;--->formatQA(Ljava/lang/String;)Ljava/lang/String;
09-18 16:03:06.252 29196 29226 D M_InsDal: Lcom/ichi2/anki/CardBrowser;--->updateSearchItemQA(Ljava/util/Map;Lcom/ichi2/libanki/Card;)V
09-18 16:03:06.253 29196 29226 D M_InsDal: Lcom/ichi2/anki/CardBrowser;--->formatQA(Ljava/lang/String;)Ljava/lang/String;
09-18 16:03:06.253 29196 29226 D M_InsDal: Lcom/ichi2/anki/CardBrowser;--->formatQA(Ljava/lang/String;)Ljava/lang/String;
09-18 16:03:06.253 29196 29226 D M_InsDal: Lcom/ichi2/anki/CardBrowser;--->updateSearchItemQA(Ljava/util/Map;Lcom/ichi2/libanki/Card;)V
09-18 16:03:06.255 29196 29226 D M_InsDal: Lcom/ichi2/anki/CardBrowser;--->formatQA(Ljava/lang/String;)Ljava/lang/String;
09-18 16:03:06.255 29196 29226 D M_InsDal: Lcom/ichi2/anki/CardBrowser;--->formatQA(Ljava/lang/String;)Ljava/lang/String;
09-18 16:03:06.256 29196 29226 D M_InsDal: Lcom/ichi2/anki/CardBrowser;--->updateSearchItemQA(Ljava/util/Map;Lcom/ichi2/libanki/Card;)V
09-18 16:03:06.259 29196 29226 D M_InsDal: Lcom/ichi2/anki/CardBrowser;--->formatQA(Ljava/lang/String;)Ljava/lang/String;
09-18 16:03:06.259 29196 29226 D M_InsDal: Lcom/ichi2/anki/CardBrowser;--->formatQA(Ljava/lang/String;)Ljava/lang/String;
09-18 16:03:06.271 29196 29196 D M_InsDal: Lcom/ichi2/anki/CardBrowser$16;--->onProgressUpdate([Lcom/ichi2/async/DeckTask$TaskData;)V
09-18 16:03:06.271 29196 29196 D M_InsDal: Lcom/ichi2/anki/CardBrowser;--->updateList()V
09-18 16:03:06.271 29196 29196 D M_InsDal: Lcom/ichi2/anki/CardBrowser$MultiColumnListAdapter;--->getCount()I
09-18 16:03:06.271 29196 29196 D M_InsDal: Lcom/ichi2/anki/CardBrowser;--->getCards()Ljava/util/List;
09-18 16:03:06.271 29196 29196 D M_InsDal: Lcom/ichi2/anki/CardBrowser$MultiColumnListAdapter;--->getCount()I
09-18 16:03:06.271 29196 29196 D M_InsDal: Lcom/ichi2/anki/CardBrowser;--->getCards()Ljava/util/List;
09-18 16:03:06.271 29196 29196 D M_InsDal: Lcom/ichi2/anki/widgets/DeckDropDownAdapter;--->getCount()I
09-18 16:03:06.271 29196 29196 D M_InsDal: Lcom/ichi2/anki/widgets/DeckDropDownAdapter;--->getCount()I
09-18 16:03:06.271 29196 29196 D M_InsDal: Lcom/ichi2/anki/CardBrowser$16;--->onPostExecute(Lcom/ichi2/async/DeckTask$TaskData;)V
09-18 16:03:06.271 29196 29196 D M_InsDal: Lcom/ichi2/anki/AnkiDroidApp$ProductionCrashReportingTree;--->i(Ljava/lang/String;[Ljava/lang/Object;)V
09-18 16:03:06.271 29196 29196 D M_InsDal: Lcom/ichi2/anki/AnkiDroidApp$ProductionCrashReportingTree;--->formatString(Ljava/lang/String;[Ljava/lang/Object;)Ljava/lang/String;
09-18 16:03:06.272 29196 29196 D M_InsDal: Lcom/ichi2/anki/CardBrowser;--->updateList()V
09-18 16:03:06.272 29196 29196 D M_InsDal: Lcom/ichi2/anki/CardBrowser$MultiColumnListAdapter;--->getCount()I
09-18 16:03:06.272 29196 29196 D M_InsDal: Lcom/ichi2/anki/CardBrowser;--->getCards()Ljava/util/List;
09-18 16:03:06.272 29196 29196 D M_InsDal: Lcom/ichi2/anki/CardBrowser$MultiColumnListAdapter;--->getCount()I
09-18 16:03:06.272 29196 29196 D M_InsDal: Lcom/ichi2/anki/CardBrowser;--->getCards()Ljava/util/List;
09-18 16:03:06.272 29196 29196 D M_InsDal: Lcom/ichi2/anki/widgets/DeckDropDownAdapter;--->getCount()I
09-18 16:03:06.272 29196 29196 D M_InsDal: Lcom/ichi2/anki/widgets/DeckDropDownAdapter;--->getCount()I
09-18 16:03:06.272 29196 29196 D M_InsDal: Lcom/ichi2/anki/AnkiActivity;--->hideProgressBar()V
09-18 16:03:06.283 29196 29196 D M_InsDal: Lcom/ichi2/anki/widgets/DeckDropDownAdapter;--->getItemId(I)J
09-18 16:03:06.283 29196 29196 D M_InsDal: Lcom/ichi2/anki/widgets/DeckDropDownAdapter;--->getItemId(I)J
09-18 16:03:06.283 29196 29196 D M_InsDal: Lcom/ichi2/anki/widgets/DeckDropDownAdapter;--->getCount()I
09-18 16:03:06.283 29196 29196 D M_InsDal: Lcom/ichi2/anki/widgets/DeckDropDownAdapter;--->getView(ILandroid/view/View;Landroid/view/ViewGroup;)Landroid/view/View;
09-18 16:03:06.284 29196 29196 D M_InsDal: Lcom/ichi2/anki/widgets/DeckDropDownAdapter$DeckDropDownViewHolder;---><init>()V
09-18 16:03:06.284 29196 29196 D M_InsDal: Lcom/ichi2/anki/CardBrowser;--->getSubtitleText()Ljava/lang/String;
09-18 16:03:06.284 29196 29196 D M_InsDal: Lcom/ichi2/anki/CardBrowser;--->getCards()Ljava/util/List;
09-18 16:03:06.285 29196 29196 D M_InsDal: Lcom/ichi2/anki/CardBrowser$MultiColumnListAdapter;--->getCount()I
09-18 16:03:06.285 29196 29196 D M_InsDal: Lcom/ichi2/anki/CardBrowser;--->getCards()Ljava/util/List;
09-18 16:03:06.285 29196 29196 D M_InsDal: Lcom/ichi2/anki/widgets/DeckDropDownAdapter;--->getItemId(I)J
09-18 16:03:06.285 29196 29196 D M_InsDal: Lcom/ichi2/anki/widgets/DeckDropDownAdapter;--->getItemId(I)J
09-18 16:03:06.285 29196 29196 D M_InsDal: Lcom/ichi2/anki/widgets/DeckDropDownAdapter;--->getView(ILandroid/view/View;Landroid/view/ViewGroup;)Landroid/view/View;
09-18 16:03:06.286 29196 29196 D M_InsDal: Lcom/ichi2/anki/widgets/DeckDropDownAdapter$DeckDropDownViewHolder;---><init>()V
09-18 16:03:06.286 29196 29196 D M_InsDal: Lcom/ichi2/anki/CardBrowser;--->getSubtitleText()Ljava/lang/String;
09-18 16:03:06.286 29196 29196 D M_InsDal: Lcom/ichi2/anki/CardBrowser;--->getCards()Ljava/util/List;
09-18 16:03:06.286 29196 29196 D M_InsDal: Lcom/ichi2/anki/widgets/DeckDropDownAdapter;--->getItemId(I)J
09-18 16:03:06.286 29196 29196 D M_InsDal: Lcom/ichi2/anki/CardBrowser$MultiColumnListAdapter;--->getCount()I
09-18 16:03:06.286 29196 29196 D M_InsDal: Lcom/ichi2/anki/CardBrowser;--->getCards()Ljava/util/List;
09-18 16:03:06.286 29196 29196 D M_InsDal: Lcom/ichi2/anki/CardBrowser$MultiColumnListAdapter;--->getView(ILandroid/view/View;Landroid/view/ViewGroup;)Landroid/view/View;
09-18 16:03:06.287 29196 29196 D M_InsDal: Lcom/ichi2/anki/CardBrowser$MultiColumnListAdapter;--->bindView(ILandroid/view/View;)V
09-18 16:03:06.287 29196 29196 D M_InsDal: Lcom/ichi2/anki/CardBrowser;--->getCards()Ljava/util/List;
09-18 16:03:06.287 29196 29196 D M_InsDal: Lcom/ichi2/anki/CardBrowser$MultiColumnListAdapter;--->getColor(Ljava/lang/String;)I
09-18 16:03:06.287 29196 29196 D M_InsDal: Lcom/ichi2/anki/CardBrowser$MultiColumnListAdapter;--->setFont(Landroid/widget/TextView;)V
09-18 16:03:06.287 29196 29196 D M_InsDal: Lcom/ichi2/anki/CardBrowser$MultiColumnListAdapter;--->setFont(Landroid/widget/TextView;)V
09-18 16:03:06.288 29196 29196 D M_InsDal: Lcom/ichi2/anki/CardBrowser$MultiColumnListAdapter;--->getView(ILandroid/view/View;Landroid/view/ViewGroup;)Landroid/view/View;
09-18 16:03:06.288 29196 29196 D M_InsDal: Lcom/ichi2/anki/CardBrowser$MultiColumnListAdapter;--->bindView(ILandroid/view/View;)V
09-18 16:03:06.288 29196 29196 D M_InsDal: Lcom/ichi2/anki/CardBrowser;--->getCards()Ljava/util/List;
09-18 16:03:06.288 29196 29196 D M_InsDal: Lcom/ichi2/anki/CardBrowser$MultiColumnListAdapter;--->getColor(Ljava/lang/String;)I
09-18 16:03:06.288 29196 29196 D M_InsDal: Lcom/ichi2/anki/CardBrowser$MultiColumnListAdapter;--->setFont(Landroid/widget/TextView;)V
09-18 16:03:06.288 29196 29196 D M_InsDal: Lcom/ichi2/anki/CardBrowser$MultiColumnListAdapter;--->setFont(Landroid/widget/TextView;)V
09-18 16:03:06.289 29196 29196 D M_InsDal: Lcom/ichi2/anki/CardBrowser$MultiColumnListAdapter;--->getView(ILandroid/view/View;Landroid/view/ViewGroup;)Landroid/view/View;
09-18 16:03:06.289 29196 29196 D M_InsDal: Lcom/ichi2/anki/CardBrowser$MultiColumnListAdapter;--->bindView(ILandroid/view/View;)V
09-18 16:03:06.289 29196 29196 D M_InsDal: Lcom/ichi2/anki/CardBrowser;--->getCards()Ljava/util/List;
09-18 16:03:06.289 29196 29196 D M_InsDal: Lcom/ichi2/anki/CardBrowser$MultiColumnListAdapter;--->getColor(Ljava/lang/String;)I
09-18 16:03:06.289 29196 29196 D M_InsDal: Lcom/ichi2/anki/CardBrowser$MultiColumnListAdapter;--->setFont(Landroid/widget/TextView;)V
09-18 16:03:06.289 29196 29196 D M_InsDal: Lcom/ichi2/anki/CardBrowser$MultiColumnListAdapter;--->setFont(Landroid/widget/TextView;)V
09-18 16:03:06.290 29196 29196 D M_InsDal: Lcom/ichi2/anki/CardBrowser$MultiColumnListAdapter;--->getView(ILandroid/view/View;Landroid/view/ViewGroup;)Landroid/view/View;
09-18 16:03:06.291 29196 29196 D M_InsDal: Lcom/ichi2/anki/CardBrowser$MultiColumnListAdapter;--->bindView(ILandroid/view/View;)V
09-18 16:03:06.291 29196 29196 D M_InsDal: Lcom/ichi2/anki/CardBrowser;--->getCards()Ljava/util/List;
09-18 16:03:06.291 29196 29196 D M_InsDal: Lcom/ichi2/anki/CardBrowser$MultiColumnListAdapter;--->getColor(Ljava/lang/String;)I
09-18 16:03:06.291 29196 29196 D M_InsDal: Lcom/ichi2/anki/CardBrowser$MultiColumnListAdapter;--->setFont(Landroid/widget/TextView;)V
09-18 16:03:06.291 29196 29196 D M_InsDal: Lcom/ichi2/anki/CardBrowser$MultiColumnListAdapter;--->setFont(Landroid/widget/TextView;)V
09-18 16:03:06.291 29196 29196 D M_InsDal: Lcom/ichi2/anki/CardBrowser$MultiColumnListAdapter;--->getView(ILandroid/view/View;Landroid/view/ViewGroup;)Landroid/view/View;
09-18 16:03:06.291 29196 29196 D M_InsDal: Lcom/ichi2/anki/CardBrowser$MultiColumnListAdapter;--->bindView(ILandroid/view/View;)V
09-18 16:03:06.291 29196 29196 D M_InsDal: Lcom/ichi2/anki/CardBrowser;--->getCards()Ljava/util/List;
09-18 16:03:06.291 29196 29196 D M_InsDal: Lcom/ichi2/anki/CardBrowser$MultiColumnListAdapter;--->getColor(Ljava/lang/String;)I
09-18 16:03:06.291 29196 29196 D M_InsDal: Lcom/ichi2/anki/CardBrowser$MultiColumnListAdapter;--->setFont(Landroid/widget/TextView;)V
09-18 16:03:06.291 29196 29196 D M_InsDal: Lcom/ichi2/anki/CardBrowser$MultiColumnListAdapter;--->setFont(Landroid/widget/TextView;)V
09-18 16:03:06.292 29196 29196 D M_InsDal: Lcom/ichi2/anki/CardBrowser$MultiColumnListAdapter;--->getView(ILandroid/view/View;Landroid/view/ViewGroup;)Landroid/view/View;
09-18 16:03:06.292 29196 29196 D M_InsDal: Lcom/ichi2/anki/CardBrowser$MultiColumnListAdapter;--->bindView(ILandroid/view/View;)V
09-18 16:03:06.292 29196 29196 D M_InsDal: Lcom/ichi2/anki/CardBrowser;--->getCards()Ljava/util/List;
09-18 16:03:06.292 29196 29196 D M_InsDal: Lcom/ichi2/anki/CardBrowser$MultiColumnListAdapter;--->getColor(Ljava/lang/String;)I
09-18 16:03:06.292 29196 29196 D M_InsDal: Lcom/ichi2/anki/CardBrowser$MultiColumnListAdapter;--->setFont(Landroid/widget/TextView;)V
09-18 16:03:06.292 29196 29196 D M_InsDal: Lcom/ichi2/anki/CardBrowser$MultiColumnListAdapter;--->setFont(Landroid/widget/TextView;)V
09-18 16:03:06.293 29196 29196 D M_InsDal: Lcom/ichi2/anki/CardBrowser$RenderOnScroll;--->onScroll(Landroid/widget/AbsListView;III)V
09-18 16:03:06.293 29196 29196 D M_InsDal: Lcom/ichi2/anki/CardBrowser;--->getCards()Ljava/util/List;
09-18 16:03:06.293 29196 29196 D M_InsDal: Lcom/ichi2/anki/CardBrowser;--->getCards()Ljava/util/List;
