09-18 16:15:52.575  5265  5265 D M_InsDal: Lcom/ichi2/anki/stats/AnkiStatsTaskHandler;--->getStatType()Lcom/ichi2/libanki/Stats$AxisType;
09-18 16:15:52.575  5265  5265 D M_InsDal: Lcom/ichi2/anki/Statistics$ChartFragment;--->isWholeCollection()Z
09-18 16:15:52.575  5265  5265 D M_InsDal: Lcom/ichi2/anki/Statistics$ChartFragment;--->createChart()V
09-18 16:15:52.575  5265  5265 D M_InsDal: Lcom/ichi2/anki/Statistics;--->getTaskHandler()Lcom/ichi2/anki/stats/AnkiStatsTaskHandler;
09-18 16:15:52.575  5265  5265 D M_InsDal: Lcom/ichi2/anki/stats/AnkiStatsTaskHandler;--->createChart(Lcom/ichi2/libanki/Stats$ChartType;[Landroid/view/View;)Lcom/ichi2/anki/stats/AnkiStatsTaskHandler$CreateChartTask;
09-18 16:15:52.575  5265  5330 D M_InsDal: Lcom/ichi2/anki/stats/ChartBuilder;--->ticksCalcX(ILcom/wildplot/android/rendering/graphics/wrapper/RectangleWrap;DD)D
09-18 16:15:52.575  5265  5265 D M_InsDal: Lcom/ichi2/anki/stats/AnkiStatsTaskHandler$CreateChartTask;---><init>(Lcom/ichi2/anki/stats/AnkiStatsTaskHandler;Lcom/ichi2/libanki/Stats$ChartType;)V
09-18 16:15:52.575  5265  5330 D M_InsDal: Lcom/ichi2/anki/stats/ChartBuilder;--->setupXaxis(Lcom/wildplot/android/rendering/PlotSheet;DZ)V
09-18 16:15:52.575  5265  5265 D M_InsDal: Lcom/ichi2/anki/stats/ChartView;--->onSizeChanged(IIII)V
09-18 16:15:52.575  5265  5265 D M_InsDal: Lcom/ichi2/anki/Statistics$ChartFragment;--->checkAndUpdate()V
09-18 16:15:52.575  5265  5265 D M_InsDal: Lcom/ichi2/anki/CollectionHelper;--->getInstance()Lcom/ichi2/anki/CollectionHelper;
09-18 16:15:52.575  5265  5265 D M_InsDal: Lcom/ichi2/anki/CollectionHelper;--->getCol(Landroid/content/Context;)Lcom/ichi2/libanki/Collection;
09-18 16:15:52.575  5265  5265 D M_InsDal: Lcom/ichi2/anki/CollectionHelper;--->getCollectionPath(Landroid/content/Context;)Ljava/lang/String;
09-18 16:15:52.575  5265  5265 D M_InsDal: Lcom/ichi2/anki/CollectionHelper;--->getCurrentAnkiDroidDirectory(Landroid/content/Context;)Ljava/lang/String;
09-18 16:15:52.575  5265  5265 D M_InsDal: Lcom/ichi2/anki/CollectionHelper;--->getDefaultAnkiDroidDirectory()Ljava/lang/String;
09-18 16:15:52.575  5265  5330 D M_InsDal: Lcom/ichi2/anki/stats/ChartBuilder;--->ticksCalcY(ILcom/wildplot/android/rendering/graphics/wrapper/RectangleWrap;DD)D
09-18 16:15:52.575  5265  5330 D M_InsDal: Lcom/ichi2/anki/stats/ChartBuilder;--->ticsCalc(ILcom/wildplot/android/rendering/graphics/wrapper/RectangleWrap;D)D
09-18 16:15:52.575  5265  5330 D M_InsDal: Lcom/ichi2/anki/stats/ChartBuilder;--->setupYaxis(Lcom/wildplot/android/rendering/PlotSheet;Lcom/wildplot/android/rendering/PlotSheet;DIZZ)V
09-18 16:15:52.575  5265  5330 D M_InsDal: Lcom/ichi2/anki/stats/ChartBuilder;--->ticsCalc(ILcom/wildplot/android/rendering/graphics/wrapper/RectangleWrap;D)D
09-18 16:15:52.575  5265  5330 D M_InsDal: Lcom/ichi2/anki/stats/ChartBuilder;--->setupYaxis(Lcom/wildplot/android/rendering/PlotSheet;Lcom/wildplot/android/rendering/PlotSheet;DIZZ)V
09-18 16:15:52.575  5265  5330 D M_InsDal: Lcom/ichi2/anki/stats/ChartBuilder;--->setupGrid(Lcom/wildplot/android/rendering/PlotSheet;DD)V
09-18 16:15:52.575  5265  5330 D M_InsDal: Lcom/ichi2/anki/stats/AnkiStatsTaskHandler$CreateChartTask;--->doInBackground([Landroid/view/View;)Lcom/wildplot/android/rendering/PlotSheet;
09-18 16:15:52.575  5265  5330 D M_InsDal: Lcom/ichi2/anki/stats/ChartBuilder;---><init>(Lcom/ichi2/anki/stats/ChartView;Lcom/ichi2/libanki/Collection;ZLcom/ichi2/libanki/Stats$ChartType;)V
09-18 16:15:52.575  5265  5330 D M_InsDal: Lcom/ichi2/anki/stats/ChartBuilder;--->renderChart(Lcom/ichi2/libanki/Stats$AxisType;)Lcom/wildplot/android/rendering/PlotSheet;
09-18 16:15:52.575  5265  5330 D M_InsDal: Lcom/ichi2/anki/stats/ChartBuilder;--->calcStats(Lcom/ichi2/libanki/Stats$AxisType;)V
09-18 16:15:52.576  5265  5265 D M_InsDal: Lcom/ichi2/anki/CollectionHelper;--->colIsOpen()Z
09-18 16:15:52.576  5265  5265 D M_InsDal: Lcom/ichi2/anki/Statistics;--->getTaskHandler()Lcom/ichi2/anki/stats/AnkiStatsTaskHandler;
09-18 16:15:52.576  5265  5265 D M_InsDal: Lcom/ichi2/anki/stats/AnkiStatsTaskHandler;--->getStatType()Lcom/ichi2/libanki/Stats$AxisType;
09-18 16:15:52.576  5265  5265 D M_InsDal: Lcom/ichi2/anki/Statistics$ChartFragment;--->isWholeCollection()Z
09-18 16:15:52.576  5265  5265 D M_InsDal: Lcom/ichi2/anki/Statistics$ChartFragment;--->createChart()V
09-18 16:15:52.576  5265  5265 D M_InsDal: Lcom/ichi2/anki/Statistics;--->getTaskHandler()Lcom/ichi2/anki/stats/AnkiStatsTaskHandler;
09-18 16:15:52.576  5265  5265 D M_InsDal: Lcom/ichi2/anki/stats/AnkiStatsTaskHandler;--->createChart(Lcom/ichi2/libanki/Stats$ChartType;[Landroid/view/View;)Lcom/ichi2/anki/stats/AnkiStatsTaskHandler$CreateChartTask;
09-18 16:15:52.576  5265  5265 D M_InsDal: Lcom/ichi2/anki/stats/AnkiStatsTaskHandler$CreateChartTask;---><init>(Lcom/ichi2/anki/stats/AnkiStatsTaskHandler;Lcom/ichi2/libanki/Stats$ChartType;)V
09-18 16:15:52.576  5265  5265 D M_InsDal: Lcom/ichi2/anki/stats/ChartView;--->onSizeChanged(IIII)V
09-18 16:15:52.576  5265  5265 D M_InsDal: Lcom/ichi2/anki/Statistics$ChartFragment;--->checkAndUpdate()V
09-18 16:15:52.576  5265  5265 D M_InsDal: Lcom/ichi2/anki/CollectionHelper;--->getInstance()Lcom/ichi2/anki/CollectionHelper;
09-18 16:15:52.576  5265  5265 D M_InsDal: Lcom/ichi2/anki/CollectionHelper;--->getCol(Landroid/content/Context;)Lcom/ichi2/libanki/Collection;
09-18 16:15:52.576  5265  5265 D M_InsDal: Lcom/ichi2/anki/CollectionHelper;--->getCollectionPath(Landroid/content/Context;)Ljava/lang/String;
09-18 16:15:52.576  5265  5265 D M_InsDal: Lcom/ichi2/anki/CollectionHelper;--->getCurrentAnkiDroidDirectory(Landroid/content/Context;)Ljava/lang/String;
09-18 16:15:52.576  5265  5265 D M_InsDal: Lcom/ichi2/anki/CollectionHelper;--->getDefaultAnkiDroidDirectory()Ljava/lang/String;
09-18 16:15:52.576  5265  5330 D M_InsDal: Lcom/ichi2/anki/stats/AnkiStatsTaskHandler;--->getInstance()Lcom/ichi2/anki/stats/AnkiStatsTaskHandler;
09-18 16:15:52.576  5265  5330 D M_InsDal: Lcom/ichi2/anki/stats/AnkiStatsTaskHandler;--->getmStandardTextSize()F
09-18 16:15:52.576  5265  5330 D M_InsDal: Lcom/ichi2/anki/stats/ChartBuilder;--->setupCumulative(Lcom/wildplot/android/rendering/PlotSheet;Lcom/wildplot/android/rendering/PlotSheet;)V
09-18 16:15:52.576  5265  5330 D M_InsDal: Lcom/ichi2/anki/stats/ChartBuilder;--->setupBarGraphs(Lcom/wildplot/android/rendering/PlotSheet;Lcom/wildplot/android/rendering/PlotSheet;)V
09-18 16:15:52.576  5265  5330 D M_InsDal: Lcom/ichi2/anki/stats/ChartBuilder;--->ticksCalcX(ILcom/wildplot/android/rendering/graphics/wrapper/RectangleWrap;DD)D
09-18 16:15:52.576  5265  5330 D M_InsDal: Lcom/ichi2/anki/stats/ChartBuilder;--->setupXaxis(Lcom/wildplot/android/rendering/PlotSheet;DZ)V
09-18 16:15:52.576  5265  5265 D M_InsDal: Lcom/ichi2/anki/CollectionHelper;--->colIsOpen()Z
09-18 16:15:52.576  5265  5265 D M_InsDal: Lcom/ichi2/anki/Statistics;--->getTaskHandler()Lcom/ichi2/anki/stats/AnkiStatsTaskHandler;
09-18 16:15:52.576  5265  5265 D M_InsDal: Lcom/ichi2/anki/stats/AnkiStatsTaskHandler;--->getStatType()Lcom/ichi2/libanki/Stats$AxisType;
09-18 16:15:52.576  5265  5265 D M_InsDal: Lcom/ichi2/anki/Statistics$ChartFragment;--->isWholeCollection()Z
09-18 16:15:52.576  5265  5330 D M_InsDal: Lcom/ichi2/anki/stats/ChartBuilder;--->ticksCalcY(ILcom/wildplot/android/rendering/graphics/wrapper/RectangleWrap;DD)D
09-18 16:15:52.576  5265  5330 D M_InsDal: Lcom/ichi2/anki/stats/ChartBuilder;--->ticsCalc(ILcom/wildplot/android/rendering/graphics/wrapper/RectangleWrap;D)D
09-18 16:15:52.576  5265  5265 D M_InsDal: Lcom/ichi2/anki/Statistics$ChartFragment;--->createChart()V
09-18 16:15:52.576  5265  5265 D M_InsDal: Lcom/ichi2/anki/Statistics;--->getTaskHandler()Lcom/ichi2/anki/stats/AnkiStatsTaskHandler;
09-18 16:15:52.576  5265  5330 D M_InsDal: Lcom/ichi2/anki/stats/ChartBuilder;--->setupYaxis(Lcom/wildplot/android/rendering/PlotSheet;Lcom/wildplot/android/rendering/PlotSheet;DIZZ)V
09-18 16:15:52.576  5265  5265 D M_InsDal: Lcom/ichi2/anki/stats/AnkiStatsTaskHandler;--->createChart(Lcom/ichi2/libanki/Stats$ChartType;[Landroid/view/View;)Lcom/ichi2/anki/stats/AnkiStatsTaskHandler$CreateChartTask;
09-18 16:15:52.576  5265  5265 D M_InsDal: Lcom/ichi2/anki/stats/AnkiStatsTaskHandler$CreateChartTask;---><init>(Lcom/ichi2/anki/stats/AnkiStatsTaskHandler;Lcom/ichi2/libanki/Stats$ChartType;)V
09-18 16:15:52.576  5265  5330 D M_InsDal: Lcom/ichi2/anki/stats/ChartBuilder;--->ticsCalc(ILcom/wildplot/android/rendering/graphics/wrapper/RectangleWrap;D)D
09-18 16:15:52.576  5265  5330 D M_InsDal: Lcom/ichi2/anki/stats/ChartBuilder;--->setupYaxis(Lcom/wildplot/android/rendering/PlotSheet;Lcom/wildplot/android/rendering/PlotSheet;DIZZ)V
09-18 16:15:52.576  5265  5330 D M_InsDal: Lcom/ichi2/anki/stats/ChartBuilder;--->setupGrid(Lcom/wildplot/android/rendering/PlotSheet;DD)V
09-18 16:15:52.576  5265  5330 D M_InsDal: Lcom/ichi2/anki/stats/AnkiStatsTaskHandler$CreateChartTask;--->doInBackground([Landroid/view/View;)Lcom/wildplot/android/rendering/PlotSheet;
09-18 16:15:52.576  5265  5330 D M_InsDal: Lcom/ichi2/anki/stats/ChartBuilder;---><init>(Lcom/ichi2/anki/stats/ChartView;Lcom/ichi2/libanki/Collection;ZLcom/ichi2/libanki/Stats$ChartType;)V
09-18 16:15:52.576  5265  5330 D M_InsDal: Lcom/ichi2/anki/stats/ChartBuilder;--->renderChart(Lcom/ichi2/libanki/Stats$AxisType;)Lcom/wildplot/android/rendering/PlotSheet;
09-18 16:15:52.576  5265  5330 D M_InsDal: Lcom/ichi2/anki/stats/ChartBuilder;--->calcStats(Lcom/ichi2/libanki/Stats$AxisType;)V
09-18 16:15:52.577  5265  5330 D M_InsDal: Lcom/ichi2/anki/stats/AnkiStatsTaskHandler;--->getInstance()Lcom/ichi2/anki/stats/AnkiStatsTaskHandler;
09-18 16:15:52.577  5265  5330 D M_InsDal: Lcom/ichi2/anki/stats/AnkiStatsTaskHandler;--->getmStandardTextSize()F
09-18 16:15:52.577  5265  5330 D M_InsDal: Lcom/ichi2/anki/stats/ChartBuilder;--->setupCumulative(Lcom/wildplot/android/rendering/PlotSheet;Lcom/wildplot/android/rendering/PlotSheet;)V
09-18 16:15:52.577  5265  5330 D M_InsDal: Lcom/ichi2/anki/stats/ChartBuilder;--->setupBarGraphs(Lcom/wildplot/android/rendering/PlotSheet;Lcom/wildplot/android/rendering/PlotSheet;)V
09-18 16:15:52.577  5265  5330 D M_InsDal: Lcom/ichi2/anki/stats/ChartBuilder;--->ticksCalcX(ILcom/wildplot/android/rendering/graphics/wrapper/RectangleWrap;DD)D
09-18 16:15:52.577  5265  5330 D M_InsDal: Lcom/ichi2/anki/stats/ChartBuilder;--->setupXaxis(Lcom/wildplot/android/rendering/PlotSheet;DZ)V
09-18 16:15:52.577  5265  5330 D M_InsDal: Lcom/ichi2/anki/stats/ChartBuilder;--->ticksCalcY(ILcom/wildplot/android/rendering/graphics/wrapper/RectangleWrap;DD)D
09-18 16:15:52.577  5265  5330 D M_InsDal: Lcom/ichi2/anki/stats/ChartBuilder;--->ticsCalc(ILcom/wildplot/android/rendering/graphics/wrapper/RectangleWrap;D)D
09-18 16:15:52.577  5265  5330 D M_InsDal: Lcom/ichi2/anki/stats/ChartBuilder;--->setupYaxis(Lcom/wildplot/android/rendering/PlotSheet;Lcom/wildplot/android/rendering/PlotSheet;DIZZ)V
09-18 16:15:52.577  5265  5330 D M_InsDal: Lcom/ichi2/anki/stats/ChartBuilder;--->ticsCalc(ILcom/wildplot/android/rendering/graphics/wrapper/RectangleWrap;D)D
09-18 16:15:52.577  5265  5330 D M_InsDal: Lcom/ichi2/anki/stats/ChartBuilder;--->setupYaxis(Lcom/wildplot/android/rendering/PlotSheet;Lcom/wildplot/android/rendering/PlotSheet;DIZZ)V
09-18 16:15:52.577  5265  5330 D M_InsDal: Lcom/ichi2/anki/stats/ChartBuilder;--->setupGrid(Lcom/wildplot/android/rendering/PlotSheet;DD)V
09-18 16:15:52.577  5265  5330 D M_InsDal: Lcom/ichi2/anki/stats/AnkiStatsTaskHandler$CreateChartTask;--->doInBackground([Landroid/view/View;)Lcom/wildplot/android/rendering/PlotSheet;
09-18 16:15:52.577  5265  5330 D M_InsDal: Lcom/ichi2/anki/stats/ChartBuilder;---><init>(Lcom/ichi2/anki/stats/ChartView;Lcom/ichi2/libanki/Collection;ZLcom/ichi2/libanki/Stats$ChartType;)V
09-18 16:15:52.577  5265  5330 D M_InsDal: Lcom/ichi2/anki/stats/ChartBuilder;--->renderChart(Lcom/ichi2/libanki/Stats$AxisType;)Lcom/wildplot/android/rendering/PlotSheet;
09-18 16:15:52.577  5265  5330 D M_InsDal: Lcom/ichi2/anki/stats/ChartBuilder;--->calcStats(Lcom/ichi2/libanki/Stats$AxisType;)V
09-18 16:15:52.577  5265  5330 D M_InsDal: Lcom/ichi2/anki/stats/AnkiStatsTaskHandler;--->getInstance()Lcom/ichi2/anki/stats/AnkiStatsTaskHandler;
09-18 16:15:52.577  5265  5330 D M_InsDal: Lcom/ichi2/anki/stats/AnkiStatsTaskHandler;--->getmStandardTextSize()F
09-18 16:15:52.577  5265  5330 D M_InsDal: Lcom/ichi2/anki/stats/ChartBuilder;--->setupCumulative(Lcom/wildplot/android/rendering/PlotSheet;Lcom/wildplot/android/rendering/PlotSheet;)V
09-18 16:15:52.577  5265  5330 D M_InsDal: Lcom/ichi2/anki/stats/ChartBuilder;--->setupBarGraphs(Lcom/wildplot/android/rendering/PlotSheet;Lcom/wildplot/android/rendering/PlotSheet;)V
09-18 16:15:52.577  5265  5330 D M_InsDal: Lcom/ichi2/anki/stats/ChartBuilder;--->ticksCalcX(ILcom/wildplot/android/rendering/graphics/wrapper/RectangleWrap;DD)D
09-18 16:15:52.577  5265  5330 D M_InsDal: Lcom/ichi2/anki/stats/ChartBuilder;--->setupXaxis(Lcom/wildplot/android/rendering/PlotSheet;DZ)V
09-18 16:15:52.578  5265  5330 D M_InsDal: Lcom/ichi2/anki/stats/ChartBuilder;--->ticksCalcY(ILcom/wildplot/android/rendering/graphics/wrapper/RectangleWrap;DD)D
09-18 16:15:52.578  5265  5330 D M_InsDal: Lcom/ichi2/anki/stats/ChartBuilder;--->ticsCalc(ILcom/wildplot/android/rendering/graphics/wrapper/RectangleWrap;D)D
09-18 16:15:52.578  5265  5330 D M_InsDal: Lcom/ichi2/anki/stats/ChartBuilder;--->setupYaxis(Lcom/wildplot/android/rendering/PlotSheet;Lcom/wildplot/android/rendering/PlotSheet;DIZZ)V
09-18 16:15:52.578  5265  5330 D M_InsDal: Lcom/ichi2/anki/stats/ChartBuilder;--->ticsCalc(ILcom/wildplot/android/rendering/graphics/wrapper/RectangleWrap;D)D
09-18 16:15:52.578  5265  5330 D M_InsDal: Lcom/ichi2/anki/stats/ChartBuilder;--->setupYaxis(Lcom/wildplot/android/rendering/PlotSheet;Lcom/wildplot/android/rendering/PlotSheet;DIZZ)V
09-18 16:15:52.578  5265  5330 D M_InsDal: Lcom/ichi2/anki/stats/ChartBuilder;--->setupGrid(Lcom/wildplot/android/rendering/PlotSheet;DD)V
09-18 16:15:52.578  5265  5330 D M_InsDal: Lcom/ichi2/anki/stats/AnkiStatsTaskHandler$CreateChartTask;--->doInBackground([Landroid/view/View;)Lcom/wildplot/android/rendering/PlotSheet;
09-18 16:15:52.578  5265  5330 D M_InsDal: Lcom/ichi2/anki/stats/ChartBuilder;---><init>(Lcom/ichi2/anki/stats/ChartView;Lcom/ichi2/libanki/Collection;ZLcom/ichi2/libanki/Stats$ChartType;)V
09-18 16:15:52.578  5265  5330 D M_InsDal: Lcom/ichi2/anki/stats/ChartBuilder;--->renderChart(Lcom/ichi2/libanki/Stats$AxisType;)Lcom/wildplot/android/rendering/PlotSheet;
09-18 16:15:52.578  5265  5330 D M_InsDal: Lcom/ichi2/anki/stats/ChartBuilder;--->calcStats(Lcom/ichi2/libanki/Stats$AxisType;)V
09-18 16:15:52.578  5265  5330 D M_InsDal: Lcom/ichi2/anki/stats/AnkiStatsTaskHandler;--->getInstance()Lcom/ichi2/anki/stats/AnkiStatsTaskHandler;
09-18 16:15:52.578  5265  5330 D M_InsDal: Lcom/ichi2/anki/stats/AnkiStatsTaskHandler;--->getmStandardTextSize()F
09-18 16:15:52.578  5265  5330 D M_InsDal: Lcom/ichi2/anki/stats/ChartBuilder;--->setupCumulative(Lcom/wildplot/android/rendering/PlotSheet;Lcom/wildplot/android/rendering/PlotSheet;)V
09-18 16:15:52.578  5265  5330 D M_InsDal: Lcom/ichi2/anki/stats/ChartBuilder;--->setupBarGraphs(Lcom/wildplot/android/rendering/PlotSheet;Lcom/wildplot/android/rendering/PlotSheet;)V
09-18 16:15:52.578  5265  5330 D M_InsDal: Lcom/ichi2/anki/stats/ChartBuilder;--->ticksCalcX(ILcom/wildplot/android/rendering/graphics/wrapper/RectangleWrap;DD)D
09-18 16:15:52.578  5265  5330 D M_InsDal: Lcom/ichi2/anki/stats/ChartBuilder;--->setupXaxis(Lcom/wildplot/android/rendering/PlotSheet;DZ)V
09-18 16:15:52.578  5265  5330 D M_InsDal: Lcom/ichi2/anki/stats/ChartBuilder;--->ticksCalcY(ILcom/wildplot/android/rendering/graphics/wrapper/RectangleWrap;DD)D
09-18 16:15:52.578  5265  5330 D M_InsDal: Lcom/ichi2/anki/stats/ChartBuilder;--->ticsCalc(ILcom/wildplot/android/rendering/graphics/wrapper/RectangleWrap;D)D
09-18 16:15:52.578  5265  5330 D M_InsDal: Lcom/ichi2/anki/stats/ChartBuilder;--->setupYaxis(Lcom/wildplot/android/rendering/PlotSheet;Lcom/wildplot/android/rendering/PlotSheet;DIZZ)V
09-18 16:15:52.578  5265  5330 D M_InsDal: Lcom/ichi2/anki/stats/ChartBuilder;--->ticsCalc(ILcom/wildplot/android/rendering/graphics/wrapper/RectangleWrap;D)D
09-18 16:15:52.578  5265  5330 D M_InsDal: Lcom/ichi2/anki/stats/ChartBuilder;--->setupYaxis(Lcom/wildplot/android/rendering/PlotSheet;Lcom/wildplot/android/rendering/PlotSheet;DIZZ)V
09-18 16:15:52.578  5265  5330 D M_InsDal: Lcom/ichi2/anki/stats/ChartBuilder;--->setupGrid(Lcom/wildplot/android/rendering/PlotSheet;DD)V
09-18 16:15:52.578  5265  5330 D M_InsDal: Lcom/ichi2/anki/stats/AnkiStatsTaskHandler$CreateChartTask;--->doInBackground([Landroid/view/View;)Lcom/wildplot/android/rendering/PlotSheet;
09-18 16:15:52.578  5265  5330 D M_InsDal: Lcom/ichi2/anki/stats/ChartBuilder;---><init>(Lcom/ichi2/anki/stats/ChartView;Lcom/ichi2/libanki/Collection;ZLcom/ichi2/libanki/Stats$ChartType;)V
09-18 16:15:52.578  5265  5330 D M_InsDal: Lcom/ichi2/anki/stats/ChartBuilder;--->renderChart(Lcom/ichi2/libanki/Stats$AxisType;)Lcom/wildplot/android/rendering/PlotSheet;
09-18 16:15:52.578  5265  5330 D M_InsDal: Lcom/ichi2/anki/stats/ChartBuilder;--->calcStats(Lcom/ichi2/libanki/Stats$AxisType;)V
09-18 16:15:52.579  5265  5330 D M_InsDal: Lcom/ichi2/anki/stats/AnkiStatsTaskHandler;--->getInstance()Lcom/ichi2/anki/stats/AnkiStatsTaskHandler;
09-18 16:15:52.579  5265  5330 D M_InsDal: Lcom/ichi2/anki/stats/AnkiStatsTaskHandler;--->getmStandardTextSize()F
09-18 16:15:52.579  5265  5330 D M_InsDal: Lcom/ichi2/anki/stats/ChartBuilder;--->setupCumulative(Lcom/wildplot/android/rendering/PlotSheet;Lcom/wildplot/android/rendering/PlotSheet;)V
09-18 16:15:52.579  5265  5330 D M_InsDal: Lcom/ichi2/anki/stats/ChartBuilder;--->setupBarGraphs(Lcom/wildplot/android/rendering/PlotSheet;Lcom/wildplot/android/rendering/PlotSheet;)V
09-18 16:15:52.579  5265  5330 D M_InsDal: Lcom/ichi2/anki/stats/ChartBuilder;--->ticksCalcX(ILcom/wildplot/android/rendering/graphics/wrapper/RectangleWrap;DD)D
09-18 16:15:52.579  5265  5330 D M_InsDal: Lcom/ichi2/anki/stats/ChartBuilder;--->setupXaxis(Lcom/wildplot/android/rendering/PlotSheet;DZ)V
09-18 16:15:52.580  5265  5330 D M_InsDal: Lcom/ichi2/anki/stats/ChartBuilder;--->ticksCalcY(ILcom/wildplot/android/rendering/graphics/wrapper/RectangleWrap;DD)D
09-18 16:15:52.580  5265  5330 D M_InsDal: Lcom/ichi2/anki/stats/ChartBuilder;--->ticsCalc(ILcom/wildplot/android/rendering/graphics/wrapper/RectangleWrap;D)D
09-18 16:15:52.580  5265  5330 D M_InsDal: Lcom/ichi2/anki/stats/ChartBuilder;--->setupYaxis(Lcom/wildplot/android/rendering/PlotSheet;Lcom/wildplot/android/rendering/PlotSheet;DIZZ)V
09-18 16:15:52.581  5265  5330 D M_InsDal: Lcom/ichi2/anki/stats/ChartBuilder;--->setupGrid(Lcom/wildplot/android/rendering/PlotSheet;DD)V
09-18 16:15:52.581  5265  5330 D M_InsDal: Lcom/ichi2/anki/stats/AnkiStatsTaskHandler$CreateChartTask;--->doInBackground([Landroid/view/View;)Lcom/wildplot/android/rendering/PlotSheet;
09-18 16:15:52.581  5265  5330 D M_InsDal: Lcom/ichi2/anki/stats/ChartBuilder;---><init>(Lcom/ichi2/anki/stats/ChartView;Lcom/ichi2/libanki/Collection;ZLcom/ichi2/libanki/Stats$ChartType;)V
09-18 16:15:52.581  5265  5330 D M_InsDal: Lcom/ichi2/anki/stats/ChartBuilder;--->renderChart(Lcom/ichi2/libanki/Stats$AxisType;)Lcom/wildplot/android/rendering/PlotSheet;
09-18 16:15:52.581  5265  5330 D M_InsDal: Lcom/ichi2/anki/stats/ChartBuilder;--->calcStats(Lcom/ichi2/libanki/Stats$AxisType;)V
09-18 16:15:52.582  5265  5330 D M_InsDal: Lcom/ichi2/anki/stats/AnkiStatsTaskHandler;--->getInstance()Lcom/ichi2/anki/stats/AnkiStatsTaskHandler;
09-18 16:15:52.582  5265  5330 D M_InsDal: Lcom/ichi2/anki/stats/AnkiStatsTaskHandler;--->getmStandardTextSize()F
09-18 16:15:52.582  5265  5330 D M_InsDal: Lcom/ichi2/anki/stats/ChartBuilder;--->createPieChart(Lcom/wildplot/android/rendering/PlotSheet;)Lcom/wildplot/android/rendering/PlotSheet;
09-18 16:15:52.622  5265  5265 D M_InsDal: Lcom/ichi2/anki/Statistics$SectionsPagerAdapter;--->getCount()I
09-18 16:15:52.751  5265  5265 D M_InsDal: Lcom/ichi2/anki/stats/AnkiStatsTaskHandler$CreateStatisticsOverview;--->onPostExecute(Ljava/lang/String;)V
09-18 16:15:52.766  5265  5265 D M_InsDal: Lcom/ichi2/anki/stats/AnkiStatsTaskHandler$CreateChartTask;--->onCancelled()V
09-18 16:15:52.766  5265  5265 D M_InsDal: Lcom/ichi2/anki/stats/AnkiStatsTaskHandler$CreateChartTask;--->onCancelled()V
09-18 16:15:52.771  5265  5265 D M_InsDal: Lcom/ichi2/anki/widgets/DeckDropDownAdapter;--->getItemId(I)J
09-18 16:15:52.771  5265  5265 D M_InsDal: Lcom/ichi2/anki/Statistics$1;--->onItemSelected(Landroid/widget/AdapterView;Landroid/view/View;IJ)V
09-18 16:15:52.771  5265  5265 D M_InsDal: Lcom/ichi2/anki/Statistics;--->selectDropDownItem(I)V
09-18 16:15:52.771  5265  5265 D M_InsDal: Lcom/ichi2/anki/widgets/DeckDropDownAdapter;--->getItemId(I)J
09-18 16:15:52.771  5265  5265 D M_InsDal: Lcom/ichi2/anki/AnkiActivity;--->getCol()Lcom/ichi2/libanki/Collection;
09-18 16:15:52.771  5265  5265 D M_InsDal: Lcom/ichi2/anki/CollectionHelper;--->getInstance()Lcom/ichi2/anki/CollectionHelper;
09-18 16:15:52.771  5265  5265 D M_InsDal: Lcom/ichi2/anki/CollectionHelper;--->getCol(Landroid/content/Context;)Lcom/ichi2/libanki/Collection;
09-18 16:15:52.771  5265  5265 D M_InsDal: Lcom/ichi2/anki/CollectionHelper;--->getCollectionPath(Landroid/content/Context;)Ljava/lang/String;
09-18 16:15:52.771  5265  5265 D M_InsDal: Lcom/ichi2/anki/CollectionHelper;--->getCurrentAnkiDroidDirectory(Landroid/content/Context;)Ljava/lang/String;
09-18 16:15:52.771  5265  5265 D M_InsDal: Lcom/ichi2/anki/CollectionHelper;--->getDefaultAnkiDroidDirectory()Ljava/lang/String;
09-18 16:15:52.772  5265  5265 D M_InsDal: Lcom/ichi2/anki/CollectionHelper;--->colIsOpen()Z
09-18 16:15:52.772  5265  5265 D M_InsDal: Lcom/ichi2/anki/stats/AnkiStatsTaskHandler;--->setIsWholeCollection(Z)V
09-18 16:15:52.772  5265  5265 D M_InsDal: Lcom/ichi2/anki/Statistics$SectionsPagerAdapter;--->getCount()I
09-18 16:15:52.772  5265  5265 D M_InsDal: Lcom/ichi2/anki/Statistics$SectionsPagerAdapter;--->getItemPosition(Ljava/lang/Object;)I
09-18 16:15:52.772  5265  5265 D M_InsDal: Lcom/ichi2/anki/Statistics$OverviewStatisticsFragment;--->checkAndUpdate()V
09-18 16:15:52.772  5265  5265 D M_InsDal: Lcom/ichi2/anki/CollectionHelper;--->getInstance()Lcom/ichi2/anki/CollectionHelper;
09-18 16:15:52.772  5265  5265 D M_InsDal: Lcom/ichi2/anki/CollectionHelper;--->getCol(Landroid/content/Context;)Lcom/ichi2/libanki/Collection;
09-18 16:15:52.772  5265  5265 D M_InsDal: Lcom/ichi2/anki/CollectionHelper;--->getCollectionPath(Landroid/content/Context;)Ljava/lang/String;
09-18 16:15:52.772  5265  5265 D M_InsDal: Lcom/ichi2/anki/CollectionHelper;--->getCurrentAnkiDroidDirectory(Landroid/content/Context;)Ljava/lang/String;
09-18 16:15:52.772  5265  5265 D M_InsDal: Lcom/ichi2/anki/CollectionHelper;--->getDefaultAnkiDroidDirectory()Ljava/lang/String;
09-18 16:15:52.772  5265  5265 D M_InsDal: Lcom/ichi2/anki/CollectionHelper;--->colIsOpen()Z
09-18 16:15:52.772  5265  5265 D M_InsDal: Lcom/ichi2/anki/Statistics;--->getTaskHandler()Lcom/ichi2/anki/stats/AnkiStatsTaskHandler;
09-18 16:15:52.772  5265  5265 D M_InsDal: Lcom/ichi2/anki/stats/AnkiStatsTaskHandler;--->getStatType()Lcom/ichi2/libanki/Stats$AxisType;
09-18 16:15:52.772  5265  5265 D M_InsDal: Lcom/ichi2/anki/Statistics$OverviewStatisticsFragment;--->isWholeCollection()Z
09-18 16:15:52.772  5265  5265 D M_InsDal: Lcom/ichi2/anki/Statistics$SectionsPagerAdapter;--->getItemPosition(Ljava/lang/Object;)I
09-18 16:15:52.772  5265  5265 D M_InsDal: Lcom/ichi2/anki/Statistics$ChartFragment;--->checkAndUpdate()V
09-18 16:15:52.772  5265  5265 D M_InsDal: Lcom/ichi2/anki/CollectionHelper;--->getInstance()Lcom/ichi2/anki/CollectionHelper;
09-18 16:15:52.772  5265  5265 D M_InsDal: Lcom/ichi2/anki/CollectionHelper;--->getCol(Landroid/content/Context;)Lcom/ichi2/libanki/Collection;
09-18 16:15:52.772  5265  5265 D M_InsDal: Lcom/ichi2/anki/CollectionHelper;--->getCollectionPath(Landroid/content/Context;)Ljava/lang/String;
09-18 16:15:52.772  5265  5265 D M_InsDal: Lcom/ichi2/anki/CollectionHelper;--->getCurrentAnkiDroidDirectory(Landroid/content/Context;)Ljava/lang/String;
09-18 16:15:52.772  5265  5265 D M_InsDal: Lcom/ichi2/anki/CollectionHelper;--->getDefaultAnkiDroidDirectory()Ljava/lang/String;
09-18 16:15:52.773  5265  5265 D M_InsDal: Lcom/ichi2/anki/CollectionHelper;--->colIsOpen()Z
09-18 16:15:52.773  5265  5265 D M_InsDal: Lcom/ichi2/anki/Statistics;--->getTaskHandler()Lcom/ichi2/anki/stats/AnkiStatsTaskHandler;
09-18 16:15:52.773  5265  5265 D M_InsDal: Lcom/ichi2/anki/stats/AnkiStatsTaskHandler;--->getStatType()Lcom/ichi2/libanki/Stats$AxisType;
09-18 16:15:52.773  5265  5265 D M_InsDal: Lcom/ichi2/anki/Statistics$ChartFragment;--->isWholeCollection()Z
09-18 16:15:52.773  5265  5265 D M_InsDal: Lcom/ichi2/anki/Statistics$SectionsPagerAdapter;--->getItemPosition(Ljava/lang/Object;)I
09-18 16:15:52.773  5265  5265 D M_InsDal: Lcom/ichi2/anki/Statistics$ChartFragment;--->checkAndUpdate()V
09-18 16:15:52.773  5265  5265 D M_InsDal: Lcom/ichi2/anki/CollectionHelper;--->getInstance()Lcom/ichi2/anki/CollectionHelper;
09-18 16:15:52.773  5265  5265 D M_InsDal: Lcom/ichi2/anki/CollectionHelper;--->getCol(Landroid/content/Context;)Lcom/ichi2/libanki/Collection;
09-18 16:15:52.773  5265  5265 D M_InsDal: Lcom/ichi2/anki/CollectionHelper;--->getCollectionPath(Landroid/content/Context;)Ljava/lang/String;
09-18 16:15:52.773  5265  5265 D M_InsDal: Lcom/ichi2/anki/CollectionHelper;--->getCurrentAnkiDroidDirectory(Landroid/content/Context;)Ljava/lang/String;
09-18 16:15:52.773  5265  5265 D M_InsDal: Lcom/ichi2/anki/CollectionHelper;--->getDefaultAnkiDroidDirectory()Ljava/lang/String;
09-18 16:15:52.773  5265  5265 D M_InsDal: Lcom/ichi2/anki/CollectionHelper;--->colIsOpen()Z
09-18 16:15:52.773  5265  5265 D M_InsDal: Lcom/ichi2/anki/Statistics;--->getTaskHandler()Lcom/ichi2/anki/stats/AnkiStatsTaskHandler;
09-18 16:15:52.773  5265  5265 D M_InsDal: Lcom/ichi2/anki/stats/AnkiStatsTaskHandler;--->getStatType()Lcom/ichi2/libanki/Stats$AxisType;
09-18 16:15:52.773  5265  5265 D M_InsDal: Lcom/ichi2/anki/Statistics$ChartFragment;--->isWholeCollection()Z
09-18 16:15:52.773  5265  5265 D M_InsDal: Lcom/ichi2/anki/Statistics$SectionsPagerAdapter;--->getItemPosition(Ljava/lang/Object;)I
09-18 16:15:52.773  5265  5265 D M_InsDal: Lcom/ichi2/anki/Statistics$ChartFragment;--->checkAndUpdate()V
09-18 16:15:52.773  5265  5265 D M_InsDal: Lcom/ichi2/anki/CollectionHelper;--->getInstance()Lcom/ichi2/anki/CollectionHelper;
09-18 16:15:52.773  5265  5265 D M_InsDal: Lcom/ichi2/anki/CollectionHelper;--->getCol(Landroid/content/Context;)Lcom/ichi2/libanki/Collection;
09-18 16:15:52.773  5265  5265 D M_InsDal: Lcom/ichi2/anki/CollectionHelper;--->getCollectionPath(Landroid/content/Context;)Ljava/lang/String;
09-18 16:15:52.773  5265  5265 D M_InsDal: Lcom/ichi2/anki/CollectionHelper;--->getCurrentAnkiDroidDirectory(Landroid/content/Context;)Ljava/lang/String;
09-18 16:15:52.773  5265  5265 D M_InsDal: Lcom/ichi2/anki/CollectionHelper;--->getDefaultAnkiDroidDirectory()Ljava/lang/String;
09-18 16:15:52.774  5265  5265 D M_InsDal: Lcom/ichi2/anki/CollectionHelper;--->colIsOpen()Z
09-18 16:15:52.774  5265  5265 D M_InsDal: Lcom/ichi2/anki/Statistics;--->getTaskHandler()Lcom/ichi2/anki/stats/AnkiStatsTaskHandler;
09-18 16:15:52.774  5265  5265 D M_InsDal: Lcom/ichi2/anki/stats/AnkiStatsTaskHandler;--->getStatType()Lcom/ichi2/libanki/Stats$AxisType;
09-18 16:15:52.774  5265  5265 D M_InsDal: Lcom/ichi2/anki/Statistics$ChartFragment;--->isWholeCollection()Z
09-18 16:15:52.774  5265  5265 D M_InsDal: Lcom/ichi2/anki/Statistics$SectionsPagerAdapter;--->getItemPosition(Ljava/lang/Object;)I
09-18 16:15:52.774  5265  5265 D M_InsDal: Lcom/ichi2/anki/Statistics$ChartFragment;--->checkAndUpdate()V
09-18 16:15:52.774  5265  5265 D M_InsDal: Lcom/ichi2/anki/CollectionHelper;--->getInstance()Lcom/ichi2/anki/CollectionHelper;
09-18 16:15:52.774  5265  5265 D M_InsDal: Lcom/ichi2/anki/CollectionHelper;--->getCol(Landroid/content/Context;)Lcom/ichi2/libanki/Collection;
09-18 16:15:52.774  5265  5265 D M_InsDal: Lcom/ichi2/anki/CollectionHelper;--->getCollectionPath(Landroid/content/Context;)Ljava/lang/String;
09-18 16:15:52.774  5265  5265 D M_InsDal: Lcom/ichi2/anki/CollectionHelper;--->getCurrentAnkiDroidDirectory(Landroid/content/Context;)Ljava/lang/String;
09-18 16:15:52.774  5265  5265 D M_InsDal: Lcom/ichi2/anki/CollectionHelper;--->getDefaultAnkiDroidDirectory()Ljava/lang/String;
09-18 16:15:52.774  5265  5265 D M_InsDal: Lcom/ichi2/anki/CollectionHelper;--->colIsOpen()Z
09-18 16:15:52.774  5265  5265 D M_InsDal: Lcom/ichi2/anki/Statistics;--->getTaskHandler()Lcom/ichi2/anki/stats/AnkiStatsTaskHandler;
09-18 16:15:52.774  5265  5265 D M_InsDal: Lcom/ichi2/anki/stats/AnkiStatsTaskHandler;--->getStatType()Lcom/ichi2/libanki/Stats$AxisType;
09-18 16:15:52.774  5265  5265 D M_InsDal: Lcom/ichi2/anki/Statistics$ChartFragment;--->isWholeCollection()Z
09-18 16:15:52.774  5265  5265 D M_InsDal: Lcom/ichi2/anki/Statistics$SectionsPagerAdapter;--->getItemPosition(Ljava/lang/Object;)I
09-18 16:15:52.774  5265  5265 D M_InsDal: Lcom/ichi2/anki/Statistics$ChartFragment;--->checkAndUpdate()V
09-18 16:15:52.774  5265  5265 D M_InsDal: Lcom/ichi2/anki/CollectionHelper;--->getInstance()Lcom/ichi2/anki/CollectionHelper;
09-18 16:15:52.774  5265  5265 D M_InsDal: Lcom/ichi2/anki/CollectionHelper;--->getCol(Landroid/content/Context;)Lcom/ichi2/libanki/Collection;
09-18 16:15:52.774  5265  5265 D M_InsDal: Lcom/ichi2/anki/CollectionHelper;--->getCollectionPath(Landroid/content/Context;)Ljava/lang/String;
09-18 16:15:52.774  5265  5265 D M_InsDal: Lcom/ichi2/anki/CollectionHelper;--->getCurrentAnkiDroidDirectory(Landroid/content/Context;)Ljava/lang/String;
09-18 16:15:52.774  5265  5265 D M_InsDal: Lcom/ichi2/anki/CollectionHelper;--->getDefaultAnkiDroidDirectory()Ljava/lang/String;
09-18 16:15:52.775  5265  5265 D M_InsDal: Lcom/ichi2/anki/CollectionHelper;--->colIsOpen()Z
09-18 16:15:52.775  5265  5265 D M_InsDal: Lcom/ichi2/anki/Statistics;--->getTaskHandler()Lcom/ichi2/anki/stats/AnkiStatsTaskHandler;
09-18 16:15:52.775  5265  5265 D M_InsDal: Lcom/ichi2/anki/stats/AnkiStatsTaskHandler;--->getStatType()Lcom/ichi2/libanki/Stats$AxisType;
09-18 16:15:52.775  5265  5265 D M_InsDal: Lcom/ichi2/anki/Statistics$ChartFragment;--->isWholeCollection()Z
09-18 16:15:52.775  5265  5265 D M_InsDal: Lcom/ichi2/anki/Statistics$SectionsPagerAdapter;--->getItemPosition(Ljava/lang/Object;)I
09-18 16:15:52.775  5265  5265 D M_InsDal: Lcom/ichi2/anki/Statistics$ChartFragment;--->checkAndUpdate()V
09-18 16:15:52.775  5265  5265 D M_InsDal: Lcom/ichi2/anki/CollectionHelper;--->getInstance()Lcom/ichi2/anki/CollectionHelper;
09-18 16:15:52.775  5265  5265 D M_InsDal: Lcom/ichi2/anki/CollectionHelper;--->getCol(Landroid/content/Context;)Lcom/ichi2/libanki/Collection;
09-18 16:15:52.775  5265  5265 D M_InsDal: Lcom/ichi2/anki/CollectionHelper;--->getCollectionPath(Landroid/content/Context;)Ljava/lang/String;
09-18 16:15:52.775  5265  5265 D M_InsDal: Lcom/ichi2/anki/CollectionHelper;--->getCurrentAnkiDroidDirectory(Landroid/content/Context;)Ljava/lang/String;
09-18 16:15:52.775  5265  5265 D M_InsDal: Lcom/ichi2/anki/CollectionHelper;--->getDefaultAnkiDroidDirectory()Ljava/lang/String;
09-18 16:15:52.776  5265  5265 D M_InsDal: Lcom/ichi2/anki/CollectionHelper;--->colIsOpen()Z
09-18 16:15:52.776  5265  5265 D M_InsDal: Lcom/ichi2/anki/Statistics;--->getTaskHandler()Lcom/ichi2/anki/stats/AnkiStatsTaskHandler;
09-18 16:15:52.776  5265  5265 D M_InsDal: Lcom/ichi2/anki/stats/AnkiStatsTaskHandler;--->getStatType()Lcom/ichi2/libanki/Stats$AxisType;
09-18 16:15:52.776  5265  5265 D M_InsDal: Lcom/ichi2/anki/Statistics$ChartFragment;--->isWholeCollection()Z
09-18 16:15:52.776  5265  5265 D M_InsDal: Lcom/ichi2/anki/Statistics$SectionsPagerAdapter;--->getItemPosition(Ljava/lang/Object;)I
09-18 16:15:52.776  5265  5265 D M_InsDal: Lcom/ichi2/anki/Statistics$ChartFragment;--->checkAndUpdate()V
09-18 16:15:52.776  5265  5265 D M_InsDal: Lcom/ichi2/anki/CollectionHelper;--->getInstance()Lcom/ichi2/anki/CollectionHelper;
09-18 16:15:52.776  5265  5265 D M_InsDal: Lcom/ichi2/anki/CollectionHelper;--->getCol(Landroid/content/Context;)Lcom/ichi2/libanki/Collection;
09-18 16:15:52.776  5265  5265 D M_InsDal: Lcom/ichi2/anki/CollectionHelper;--->getCollectionPath(Landroid/content/Context;)Ljava/lang/String;
09-18 16:15:52.776  5265  5265 D M_InsDal: Lcom/ichi2/anki/CollectionHelper;--->getCurrentAnkiDroidDirectory(Landroid/content/Context;)Ljava/lang/String;
09-18 16:15:52.776  5265  5265 D M_InsDal: Lcom/ichi2/anki/CollectionHelper;--->getDefaultAnkiDroidDirectory()Ljava/lang/String;
09-18 16:15:52.776  5265  5265 D M_InsDal: Lcom/ichi2/anki/CollectionHelper;--->colIsOpen()Z
09-18 16:15:52.777  5265  5265 D M_InsDal: Lcom/ichi2/anki/Statistics;--->getTaskHandler()Lcom/ichi2/anki/stats/AnkiStatsTaskHandler;
09-18 16:15:52.777  5265  5265 D M_InsDal: Lcom/ichi2/anki/stats/AnkiStatsTaskHandler;--->getStatType()Lcom/ichi2/libanki/Stats$AxisType;
09-18 16:15:52.777  5265  5265 D M_InsDal: Lcom/ichi2/anki/Statistics$ChartFragment;--->isWholeCollection()Z
09-18 16:15:52.777  5265  5265 D M_InsDal: Lcom/ichi2/anki/Statistics$SectionsPagerAdapter;--->getItemPosition(Ljava/lang/Object;)I
09-18 16:15:52.777  5265  5265 D M_InsDal: Lcom/ichi2/anki/Statistics$ChartFragment;--->checkAndUpdate()V
09-18 16:15:52.777  5265  5265 D M_InsDal: Lcom/ichi2/anki/CollectionHelper;--->getInstance()Lcom/ichi2/anki/CollectionHelper;
09-18 16:15:52.777  5265  5265 D M_InsDal: Lcom/ichi2/anki/CollectionHelper;--->getCol(Landroid/content/Context;)Lcom/ichi2/libanki/Collection;
09-18 16:15:52.777  5265  5265 D M_InsDal: Lcom/ichi2/anki/CollectionHelper;--->getCollectionPath(Landroid/content/Context;)Ljava/lang/String;
09-18 16:15:52.777  5265  5265 D M_InsDal: Lcom/ichi2/anki/CollectionHelper;--->getCurrentAnkiDroidDirectory(Landroid/content/Context;)Ljava/lang/String;
09-18 16:15:52.777  5265  5265 D M_InsDal: Lcom/ichi2/anki/CollectionHelper;--->getDefaultAnkiDroidDirectory()Ljava/lang/String;
09-18 16:15:52.778  5265  5265 D M_InsDal: Lcom/ichi2/anki/CollectionHelper;--->colIsOpen()Z
09-18 16:15:52.778  5265  5265 D M_InsDal: Lcom/ichi2/anki/Statistics;--->getTaskHandler()Lcom/ichi2/anki/stats/AnkiStatsTaskHandler;
09-18 16:15:52.778  5265  5265 D M_InsDal: Lcom/ichi2/anki/stats/AnkiStatsTaskHandler;--->getStatType()Lcom/ichi2/libanki/Stats$AxisType;
09-18 16:15:52.778  5265  5265 D M_InsDal: Lcom/ichi2/anki/Statistics$ChartFragment;--->isWholeCollection()Z
09-18 16:15:52.780  5265  5265 D M_InsDal: Lcom/ichi2/anki/widgets/DeckDropDownAdapter;--->getCount()I
09-18 16:15:52.780  5265  5265 D M_InsDal: Lcom/ichi2/anki/widgets/DeckDropDownAdapter;--->getView(ILandroid/view/View;Landroid/view/ViewGroup;)Landroid/view/View;
09-18 16:15:52.781  5265  5265 D M_InsDal: Lcom/ichi2/anki/widgets/DeckDropDownAdapter$DeckDropDownViewHolder;---><init>()V
09-18 16:15:52.781  5265  5265 D M_InsDal: Lcom/ichi2/anki/Statistics;--->getSubtitleText()Ljava/lang/String;
09-18 16:15:52.781  5265  5265 D M_InsDal: Lcom/ichi2/anki/Statistics$SectionsPagerAdapter;--->getCount()I
09-18 16:15:52.782  5265  5265 D M_InsDal: Lcom/ichi2/anki/Statistics$SectionsPagerAdapter;--->getCount()I
09-18 16:15:52.782  5265  5265 D M_InsDal: Lcom/ichi2/anki/widgets/DeckDropDownAdapter;--->getCount()I
09-18 16:15:52.783  5265  5265 D M_InsDal: Lcom/ichi2/anki/Statistics$SectionsPagerAdapter;--->getCount()I
09-18 16:15:52.783  5265  5265 D M_InsDal: Lcom/ichi2/anki/Statistics$SectionsPagerAdapter;--->getCount()I
09-18 16:15:52.783  5265  5265 D M_InsDal: Lcom/ichi2/anki/widgets/DeckDropDownAdapter;--->getItemId(I)J
09-18 16:15:52.783  5265  5265 D M_InsDal: Lcom/ichi2/anki/widgets/DeckDropDownAdapter;--->getItemId(I)J
09-18 16:15:52.788  5265  5265 D M_InsDal: Lcom/ichi2/anki/Statistics$SectionsPagerAdapter;--->getCount()I
09-18 16:15:52.845  5265  5265 D M_InsDal: Lcom/ichi2/anki/stats/AnkiStatsTaskHandler$CreateChartTask;--->onPostExecute(Lcom/wildplot/android/rendering/PlotSheet;)V
09-18 16:15:52.845  5265  5265 D M_InsDal: Lcom/ichi2/anki/stats/ChartView;--->setData(Lcom/wildplot/android/rendering/PlotSheet;)V
09-18 16:15:52.845  5265  5265 D M_InsDal: Lcom/ichi2/anki/stats/AnkiStatsTaskHandler$CreateChartTask;--->onPostExecute(Lcom/wildplot/android/rendering/PlotSheet;)V
09-18 16:15:52.845  5265  5265 D M_InsDal: Lcom/ichi2/anki/stats/ChartView;--->setData(Lcom/wildplot/android/rendering/PlotSheet;)V
09-18 16:15:52.845  5265  5265 D M_InsDal: Lcom/ichi2/anki/stats/AnkiStatsTaskHandler$CreateChartTask;--->onPostExecute(Lcom/wildplot/android/rendering/PlotSheet;)V
09-18 16:15:52.845  5265  5265 D M_InsDal: Lcom/ichi2/anki/stats/ChartView;--->setData(Lcom/wildplot/android/rendering/PlotSheet;)V
09-18 16:15:52.845  5265  5265 D M_InsDal: Lcom/ichi2/anki/stats/AnkiStatsTaskHandler$CreateChartTask;--->onPostExecute(Lcom/wildplot/android/rendering/PlotSheet;)V
09-18 16:15:52.845  5265  5265 D M_InsDal: Lcom/ichi2/anki/stats/ChartView;--->setData(Lcom/wildplot/android/rendering/PlotSheet;)V
09-18 16:15:52.845  5265  5265 D M_InsDal: Lcom/ichi2/anki/stats/AnkiStatsTaskHandler$CreateChartTask;--->onPostExecute(Lcom/wildplot/android/rendering/PlotSheet;)V
09-18 16:15:52.845  5265  5265 D M_InsDal: Lcom/ichi2/anki/stats/ChartView;--->setData(Lcom/wildplot/android/rendering/PlotSheet;)V
09-18 16:15:52.845  5265  5265 D M_InsDal: Lcom/ichi2/anki/stats/AnkiStatsTaskHandler$CreateChartTask;--->onPostExecute(Lcom/wildplot/android/rendering/PlotSheet;)V
09-18 16:15:52.845  5265  5265 D M_InsDal: Lcom/ichi2/anki/stats/ChartView;--->setData(Lcom/wildplot/android/rendering/PlotSheet;)V
09-18 16:15:52.845  5265  5265 D M_InsDal: Lcom/ichi2/anki/stats/AnkiStatsTaskHandler$CreateChartTask;--->onPostExecute(Lcom/wildplot/android/rendering/PlotSheet;)V
09-18 16:15:52.845  5265  5265 D M_InsDal: Lcom/ichi2/anki/stats/ChartView;--->setData(Lcom/wildplot/android/rendering/PlotSheet;)V
09-18 16:15:52.845  5265  5265 D M_InsDal: Lcom/ichi2/anki/stats/AnkiStatsTaskHandler$CreateChartTask;--->onPostExecute(Lcom/wildplot/android/rendering/PlotSheet;)V
09-18 16:15:52.845  5265  5265 D M_InsDal: Lcom/ichi2/anki/stats/ChartView;--->setData(Lcom/wildplot/android/rendering/PlotSheet;)V
09-18 16:15:52.846  5265  5265 D M_InsDal: Lcom/ichi2/anki/Statistics$SectionsPagerAdapter;--->getCount()I
09-18 16:15:52.846  5265  5265 D M_InsDal: Lcom/ichi2/anki/Statistics$SectionsPagerAdapter;--->getCount()I
09-18 16:15:52.848  5265  5265 D M_InsDal: Lcom/ichi2/anki/stats/ChartView;--->onDraw(Landroid/graphics/Canvas;)V
09-18 16:15:52.853  5265  5265 D M_InsDal: Lcom/ichi2/anki/Statistics$SectionsPagerAdapter;--->getCount()I
09-18 16:15:53.239  5265  5265 D M_InsDal: Lcom/ichi2/anki/stats/ChartView;--->onDraw(Landroid/graphics/Canvas;)V
09-18 16:15:53.254  5265  5265 D M_InsDal: Lcom/ichi2/anki/stats/ChartView;--->onDraw(Landroid/graphics/Canvas;)V
