--------- beginning of main
09-18 16:15:47.603  5167  5167 D M_InsDal: Lcom/ichi2/anki/AnkiDroidApp;---><clinit>()V
09-18 16:15:47.603  5167  5167 D M_InsDal: Lcom/ichi2/anki/AnkiDroidApp;---><init>()V
09-18 16:15:47.603  5167  5167 D M_InsDal: Lcom/ichi2/anki/provider/CardContentProvider;---><clinit>()V
09-18 16:15:47.603  5167  5167 D M_InsDal: Lcom/ichi2/anki/FlashCardsContract$Note;---><clinit>()V
09-18 16:15:47.603  5167  5167 D M_InsDal: Lcom/ichi2/anki/FlashCardsContract;---><clinit>()V
09-18 16:15:47.603  5167  5167 D M_InsDal: Lcom/ichi2/anki/provider/CardContentProvider;---><init>()V
09-18 16:15:47.603  5167  5167 D M_InsDal: Lcom/ichi2/anki/provider/CardContentProvider;--->onCreate()Z
09-18 16:15:47.605  5167  5167 D M_InsDal: Lcom/ichi2/anki/AnkiDroidApp;--->onCreate()V
09-18 16:15:47.605  5167  5167 D M_InsDal: Lcom/ichi2/anki/AnkiDroidApp;--->getSharedPrefs(Landroid/content/Context;)Landroid/content/SharedPreferences;
09-18 16:15:47.612  5167  5167 D M_InsDal: Lcom/ichi2/anki/AnkiDroidApp$ProductionCrashReportingTree;---><clinit>()V
09-18 16:15:47.612  5167  5167 D M_InsDal: Lcom/ichi2/anki/AnkiDroidApp$ProductionCrashReportingTree;---><init>()V
09-18 16:15:47.612  5167  5167 D M_InsDal: Lcom/ichi2/anki/AnkiDroidApp;--->setAcraReportingMode(Ljava/lang/String;)V
09-18 16:15:47.612  5167  5167 D M_InsDal: Lcom/ichi2/anki/AnkiDroidApp;--->setLanguage(Ljava/lang/String;)V
09-18 16:15:47.612  5167  5167 D M_InsDal: Lcom/ichi2/anki/AnkiDroidApp;--->getInstance()Lcom/ichi2/anki/AnkiDroidApp;
09-18 16:15:47.612  5167  5167 D M_InsDal: Lcom/ichi2/anki/AnkiDroidApp;--->getInstance()Lcom/ichi2/anki/AnkiDroidApp;
09-18 16:15:47.612  5167  5167 D M_InsDal: Lcom/ichi2/anki/AnkiDroidApp;--->getSharedPrefs(Landroid/content/Context;)Landroid/content/SharedPreferences;
09-18 16:15:47.613  5167  5167 D M_InsDal: Lcom/ichi2/anki/AnkiDroidApp;--->getInstance()Lcom/ichi2/anki/AnkiDroidApp;
09-18 16:15:47.613  5167  5167 D M_InsDal: Lcom/ichi2/anki/AnkiDroidApp;--->getInstance()Lcom/ichi2/anki/AnkiDroidApp;
09-18 16:15:47.645  5167  5167 D M_InsDal: Lcom/ichi2/anki/CollectionHelper;--->hasStorageAccessPermission(Landroid/content/Context;)Z
09-18 16:15:47.645  5167  5167 D M_InsDal: Lcom/ichi2/anki/CollectionHelper;--->getCurrentAnkiDroidDirectory(Landroid/content/Context;)Ljava/lang/String;
09-18 16:15:47.645  5167  5167 D M_InsDal: Lcom/ichi2/anki/CollectionHelper;--->getDefaultAnkiDroidDirectory()Ljava/lang/String;
09-18 16:15:47.645  5167  5167 D M_InsDal: Lcom/ichi2/anki/CollectionHelper;--->initializeAnkiDroidDirectory(Ljava/lang/String;)V
09-18 16:15:47.649  5167  5167 D M_InsDal: Lcom/ichi2/anki/AbstractFlashcardViewer;---><clinit>()V
09-18 16:15:47.649  5167  5167 D M_InsDal: Lcom/ichi2/anki/Previewer;---><init>()V
09-18 16:15:47.649  5167  5167 D M_InsDal: Lcom/ichi2/anki/AbstractFlashcardViewer;---><init>()V
09-18 16:15:47.649  5167  5167 D M_InsDal: Lcom/ichi2/anki/NavigationDrawerActivity;---><init>()V
09-18 16:15:47.649  5167  5167 D M_InsDal: Lcom/ichi2/anki/AnkiActivity;---><init>()V
09-18 16:15:47.649  5167  5167 D M_InsDal: Lcom/ichi2/anki/dialogs/DialogHandler;---><init>(Lcom/ichi2/anki/AnkiActivity;)V
09-18 16:15:47.649  5167  5167 D M_InsDal: Lcom/ichi2/anki/AbstractFlashcardViewer$1;---><init>(Lcom/ichi2/anki/AbstractFlashcardViewer;)V
09-18 16:15:47.649  5167  5167 D M_InsDal: Lcom/ichi2/anki/AbstractFlashcardViewer$2;---><init>(Lcom/ichi2/anki/AbstractFlashcardViewer;)V
09-18 16:15:47.649  5167  5167 D M_InsDal: Lcom/ichi2/anki/AbstractFlashcardViewer$3;---><init>(Lcom/ichi2/anki/AbstractFlashcardViewer;)V
09-18 16:15:47.649  5167  5167 D M_InsDal: Lcom/ichi2/anki/AbstractFlashcardViewer$4;---><init>(Lcom/ichi2/anki/AbstractFlashcardViewer;)V
09-18 16:15:47.649  5167  5167 D M_InsDal: Lcom/ichi2/anki/AbstractFlashcardViewer$5;---><init>(Lcom/ichi2/anki/AbstractFlashcardViewer;)V
09-18 16:15:47.649  5167  5167 D M_InsDal: Lcom/ichi2/anki/AbstractFlashcardViewer$6;---><init>(Lcom/ichi2/anki/AbstractFlashcardViewer;)V
09-18 16:15:47.649  5167  5167 D M_InsDal: Lcom/ichi2/anki/AbstractFlashcardViewer$7;---><init>(Lcom/ichi2/anki/AbstractFlashcardViewer;)V
09-18 16:15:47.649  5167  5167 D M_InsDal: Lcom/ichi2/anki/AbstractFlashcardViewer$8;---><init>(Lcom/ichi2/anki/AbstractFlashcardViewer;)V
09-18 16:15:47.649  5167  5167 D M_InsDal: Lcom/ichi2/anki/AbstractFlashcardViewer$9;---><init>(Lcom/ichi2/anki/AbstractFlashcardViewer;)V
09-18 16:15:47.650  5167  5167 D M_InsDal: Lcom/ichi2/anki/AbstractFlashcardViewer$10;---><init>(Lcom/ichi2/anki/AbstractFlashcardViewer;)V
09-18 16:15:47.650  5167  5167 D M_InsDal: Lcom/ichi2/anki/AbstractFlashcardViewer$11;---><init>(Lcom/ichi2/anki/AbstractFlashcardViewer;)V
09-18 16:15:47.650  5167  5167 D M_InsDal: Lcom/ichi2/anki/AbstractFlashcardViewer$18;---><init>(Lcom/ichi2/anki/AbstractFlashcardViewer;)V
09-18 16:15:47.650  5167  5167 D M_InsDal: Lcom/ichi2/anki/AbstractFlashcardViewer$19;---><init>(Lcom/ichi2/anki/AbstractFlashcardViewer;)V
09-18 16:15:47.650  5167  5167 D M_InsDal: Lcom/ichi2/anki/AbstractFlashcardViewer$21;---><init>(Lcom/ichi2/anki/AbstractFlashcardViewer;)V
09-18 16:15:47.650  5167  5167 D M_InsDal: Lcom/ichi2/anki/Previewer$1;---><init>(Lcom/ichi2/anki/Previewer;)V
09-18 16:15:47.651  5167  5167 D M_InsDal: Lcom/ichi2/anki/Previewer;--->onCreate(Landroid/os/Bundle;)V
--------- beginning of crash
09-18 16:15:47.651  5167  5167 E AndroidRuntime: FATAL EXCEPTION: main
09-18 16:15:47.651  5167  5167 E AndroidRuntime: Process: com.ichi2.anki, PID: 5167
09-18 16:15:47.651  5167  5167 E AndroidRuntime: java.lang.RuntimeException: Unable to start activity ComponentInfo{com.ichi2.anki/com.ichi2.anki.Previewer}: java.lang.NullPointerException: Attempt to get length of null array
09-18 16:15:47.651  5167  5167 E AndroidRuntime: 	at android.app.ActivityThread.performLaunchActivity(ActivityThread.java:2954)
09-18 16:15:47.651  5167  5167 E AndroidRuntime: 	at android.app.ActivityThread.handleLaunchActivity(ActivityThread.java:3089)
09-18 16:15:47.651  5167  5167 E AndroidRuntime: 	at android.app.servertransaction.LaunchActivityItem.execute(LaunchActivityItem.java:78)
09-18 16:15:47.651  5167  5167 E AndroidRuntime: 	at android.app.servertransaction.TransactionExecutor.executeCallbacks(TransactionExecutor.java:108)
09-18 16:15:47.651  5167  5167 E AndroidRuntime: 	at android.app.servertransaction.TransactionExecutor.execute(TransactionExecutor.java:68)
09-18 16:15:47.651  5167  5167 E AndroidRuntime: 	at android.app.ActivityThread$H.handleMessage(ActivityThread.java:1819)
09-18 16:15:47.651  5167  5167 E AndroidRuntime: 	at android.os.Handler.dispatchMessage(Handler.java:106)
09-18 16:15:47.651  5167  5167 E AndroidRuntime: 	at android.os.Looper.loop(Looper.java:193)
09-18 16:15:47.651  5167  5167 E AndroidRuntime: 	at android.app.ActivityThread.main(ActivityThread.java:6730)
09-18 16:15:47.651  5167  5167 E AndroidRuntime: 	at java.lang.reflect.Method.invoke(Native Method)
09-18 16:15:47.651  5167  5167 E AndroidRuntime: 	at com.android.internal.os.RuntimeInit$MethodAndArgsCaller.run(RuntimeInit.java:493)
09-18 16:15:47.651  5167  5167 E AndroidRuntime: 	at com.android.internal.os.ZygoteInit.main(ZygoteInit.java:860)
09-18 16:15:47.651  5167  5167 E AndroidRuntime: Caused by: java.lang.NullPointerException: Attempt to get length of null array
09-18 16:15:47.651  5167  5167 E AndroidRuntime: 	at com.ichi2.anki.Previewer.onCreate(Previewer.java:44)
09-18 16:15:47.651  5167  5167 E AndroidRuntime: 	at android.app.Activity.performCreate(Activity.java:7144)
09-18 16:15:47.651  5167  5167 E AndroidRuntime: 	at android.app.Activity.performCreate(Activity.java:7135)
09-18 16:15:47.651  5167  5167 E AndroidRuntime: 	at android.app.Instrumentation.callActivityOnCreate(Instrumentation.java:1271)
09-18 16:15:47.651  5167  5167 E AndroidRuntime: 	at android.app.ActivityThread.performLaunchActivity(ActivityThread.java:2934)
09-18 16:15:47.651  5167  5167 E AndroidRuntime: 	... 11 more
09-18 16:15:49.856  5205  5205 D M_InsDal: Lcom/ichi2/anki/AnkiDroidApp;---><clinit>()V
09-18 16:15:49.856  5205  5205 D M_InsDal: Lcom/ichi2/anki/AnkiDroidApp;---><init>()V
09-18 16:15:49.856  5205  5205 D M_InsDal: Lcom/ichi2/anki/provider/CardContentProvider;---><clinit>()V
09-18 16:15:49.856  5205  5205 D M_InsDal: Lcom/ichi2/anki/FlashCardsContract$Note;---><clinit>()V
09-18 16:15:49.856  5205  5205 D M_InsDal: Lcom/ichi2/anki/FlashCardsContract;---><clinit>()V
09-18 16:15:49.856  5205  5205 D M_InsDal: Lcom/ichi2/anki/provider/CardContentProvider;---><init>()V
09-18 16:15:49.856  5205  5205 D M_InsDal: Lcom/ichi2/anki/provider/CardContentProvider;--->onCreate()Z
09-18 16:15:49.859  5205  5205 D M_InsDal: Lcom/ichi2/anki/AnkiDroidApp;--->onCreate()V
09-18 16:15:49.859  5205  5205 D M_InsDal: Lcom/ichi2/anki/AnkiDroidApp;--->getSharedPrefs(Landroid/content/Context;)Landroid/content/SharedPreferences;
09-18 16:15:49.862  5205  5205 D M_InsDal: Lcom/ichi2/anki/AnkiDroidApp$ProductionCrashReportingTree;---><clinit>()V
09-18 16:15:49.862  5205  5205 D M_InsDal: Lcom/ichi2/anki/AnkiDroidApp$ProductionCrashReportingTree;---><init>()V
09-18 16:15:49.862  5205  5205 D M_InsDal: Lcom/ichi2/anki/AnkiDroidApp;--->setAcraReportingMode(Ljava/lang/String;)V
09-18 16:15:49.862  5205  5205 D M_InsDal: Lcom/ichi2/anki/AnkiDroidApp;--->setLanguage(Ljava/lang/String;)V
09-18 16:15:49.862  5205  5205 D M_InsDal: Lcom/ichi2/anki/AnkiDroidApp;--->getInstance()Lcom/ichi2/anki/AnkiDroidApp;
09-18 16:15:49.862  5205  5205 D M_InsDal: Lcom/ichi2/anki/AnkiDroidApp;--->getInstance()Lcom/ichi2/anki/AnkiDroidApp;
09-18 16:15:49.862  5205  5205 D M_InsDal: Lcom/ichi2/anki/AnkiDroidApp;--->getSharedPrefs(Landroid/content/Context;)Landroid/content/SharedPreferences;
09-18 16:15:49.862  5205  5205 D M_InsDal: Lcom/ichi2/anki/AnkiDroidApp;--->getInstance()Lcom/ichi2/anki/AnkiDroidApp;
09-18 16:15:49.862  5205  5205 D M_InsDal: Lcom/ichi2/anki/AnkiDroidApp;--->getInstance()Lcom/ichi2/anki/AnkiDroidApp;
09-18 16:15:49.892  5205  5205 D M_InsDal: Lcom/ichi2/anki/CollectionHelper;--->hasStorageAccessPermission(Landroid/content/Context;)Z
09-18 16:15:49.892  5205  5205 D M_InsDal: Lcom/ichi2/anki/CollectionHelper;--->getCurrentAnkiDroidDirectory(Landroid/content/Context;)Ljava/lang/String;
09-18 16:15:49.892  5205  5205 D M_InsDal: Lcom/ichi2/anki/CollectionHelper;--->getDefaultAnkiDroidDirectory()Ljava/lang/String;
09-18 16:15:49.893  5205  5205 D M_InsDal: Lcom/ichi2/anki/CollectionHelper;--->initializeAnkiDroidDirectory(Ljava/lang/String;)V
09-18 16:15:49.895  5205  5205 D M_InsDal: Lcom/ichi2/anki/AbstractFlashcardViewer;---><clinit>()V
09-18 16:15:49.896  5205  5205 D M_InsDal: Lcom/ichi2/anki/Previewer;---><init>()V
09-18 16:15:49.896  5205  5205 D M_InsDal: Lcom/ichi2/anki/AbstractFlashcardViewer;---><init>()V
09-18 16:15:49.896  5205  5205 D M_InsDal: Lcom/ichi2/anki/NavigationDrawerActivity;---><init>()V
09-18 16:15:49.896  5205  5205 D M_InsDal: Lcom/ichi2/anki/AnkiActivity;---><init>()V
09-18 16:15:49.896  5205  5205 D M_InsDal: Lcom/ichi2/anki/dialogs/DialogHandler;---><init>(Lcom/ichi2/anki/AnkiActivity;)V
09-18 16:15:49.896  5205  5205 D M_InsDal: Lcom/ichi2/anki/AbstractFlashcardViewer$1;---><init>(Lcom/ichi2/anki/AbstractFlashcardViewer;)V
09-18 16:15:49.896  5205  5205 D M_InsDal: Lcom/ichi2/anki/AbstractFlashcardViewer$2;---><init>(Lcom/ichi2/anki/AbstractFlashcardViewer;)V
09-18 16:15:49.896  5205  5205 D M_InsDal: Lcom/ichi2/anki/AbstractFlashcardViewer$3;---><init>(Lcom/ichi2/anki/AbstractFlashcardViewer;)V
09-18 16:15:49.896  5205  5205 D M_InsDal: Lcom/ichi2/anki/AbstractFlashcardViewer$4;---><init>(Lcom/ichi2/anki/AbstractFlashcardViewer;)V
09-18 16:15:49.896  5205  5205 D M_InsDal: Lcom/ichi2/anki/AbstractFlashcardViewer$5;---><init>(Lcom/ichi2/anki/AbstractFlashcardViewer;)V
09-18 16:15:49.896  5205  5205 D M_InsDal: Lcom/ichi2/anki/AbstractFlashcardViewer$6;---><init>(Lcom/ichi2/anki/AbstractFlashcardViewer;)V
09-18 16:15:49.896  5205  5205 D M_InsDal: Lcom/ichi2/anki/AbstractFlashcardViewer$7;---><init>(Lcom/ichi2/anki/AbstractFlashcardViewer;)V
09-18 16:15:49.896  5205  5205 D M_InsDal: Lcom/ichi2/anki/AbstractFlashcardViewer$8;---><init>(Lcom/ichi2/anki/AbstractFlashcardViewer;)V
09-18 16:15:49.896  5205  5205 D M_InsDal: Lcom/ichi2/anki/AbstractFlashcardViewer$9;---><init>(Lcom/ichi2/anki/AbstractFlashcardViewer;)V
09-18 16:15:49.896  5205  5205 D M_InsDal: Lcom/ichi2/anki/AbstractFlashcardViewer$10;---><init>(Lcom/ichi2/anki/AbstractFlashcardViewer;)V
09-18 16:15:49.896  5205  5205 D M_InsDal: Lcom/ichi2/anki/AbstractFlashcardViewer$11;---><init>(Lcom/ichi2/anki/AbstractFlashcardViewer;)V
09-18 16:15:49.896  5205  5205 D M_InsDal: Lcom/ichi2/anki/AbstractFlashcardViewer$18;---><init>(Lcom/ichi2/anki/AbstractFlashcardViewer;)V
09-18 16:15:49.896  5205  5205 D M_InsDal: Lcom/ichi2/anki/AbstractFlashcardViewer$19;---><init>(Lcom/ichi2/anki/AbstractFlashcardViewer;)V
09-18 16:15:49.896  5205  5205 D M_InsDal: Lcom/ichi2/anki/AbstractFlashcardViewer$21;---><init>(Lcom/ichi2/anki/AbstractFlashcardViewer;)V
09-18 16:15:49.896  5205  5205 D M_InsDal: Lcom/ichi2/anki/Previewer$1;---><init>(Lcom/ichi2/anki/Previewer;)V
09-18 16:15:49.897  5205  5205 D M_InsDal: Lcom/ichi2/anki/Previewer;--->onCreate(Landroid/os/Bundle;)V
09-18 16:15:49.898  5205  5205 E AndroidRuntime: FATAL EXCEPTION: main
09-18 16:15:49.898  5205  5205 E AndroidRuntime: Process: com.ichi2.anki, PID: 5205
09-18 16:15:49.898  5205  5205 E AndroidRuntime: java.lang.RuntimeException: Unable to start activity ComponentInfo{com.ichi2.anki/com.ichi2.anki.Previewer}: java.lang.NullPointerException: Attempt to get length of null array
09-18 16:15:49.898  5205  5205 E AndroidRuntime: 	at android.app.ActivityThread.performLaunchActivity(ActivityThread.java:2954)
09-18 16:15:49.898  5205  5205 E AndroidRuntime: 	at android.app.ActivityThread.handleLaunchActivity(ActivityThread.java:3089)
09-18 16:15:49.898  5205  5205 E AndroidRuntime: 	at android.app.servertransaction.LaunchActivityItem.execute(LaunchActivityItem.java:78)
09-18 16:15:49.898  5205  5205 E AndroidRuntime: 	at android.app.servertransaction.TransactionExecutor.executeCallbacks(TransactionExecutor.java:108)
09-18 16:15:49.898  5205  5205 E AndroidRuntime: 	at android.app.servertransaction.TransactionExecutor.execute(TransactionExecutor.java:68)
09-18 16:15:49.898  5205  5205 E AndroidRuntime: 	at android.app.ActivityThread$H.handleMessage(ActivityThread.java:1819)
09-18 16:15:49.898  5205  5205 E AndroidRuntime: 	at android.os.Handler.dispatchMessage(Handler.java:106)
09-18 16:15:49.898  5205  5205 E AndroidRuntime: 	at android.os.Looper.loop(Looper.java:193)
09-18 16:15:49.898  5205  5205 E AndroidRuntime: 	at android.app.ActivityThread.main(ActivityThread.java:6730)
09-18 16:15:49.898  5205  5205 E AndroidRuntime: 	at java.lang.reflect.Method.invoke(Native Method)
09-18 16:15:49.898  5205  5205 E AndroidRuntime: 	at com.android.internal.os.RuntimeInit$MethodAndArgsCaller.run(RuntimeInit.java:493)
09-18 16:15:49.898  5205  5205 E AndroidRuntime: 	at com.android.internal.os.ZygoteInit.main(ZygoteInit.java:860)
09-18 16:15:49.898  5205  5205 E AndroidRuntime: Caused by: java.lang.NullPointerException: Attempt to get length of null array
09-18 16:15:49.898  5205  5205 E AndroidRuntime: 	at com.ichi2.anki.Previewer.onCreate(Previewer.java:44)
09-18 16:15:49.898  5205  5205 E AndroidRuntime: 	at android.app.Activity.performCreate(Activity.java:7144)
09-18 16:15:49.898  5205  5205 E AndroidRuntime: 	at android.app.Activity.performCreate(Activity.java:7135)
09-18 16:15:49.898  5205  5205 E AndroidRuntime: 	at android.app.Instrumentation.callActivityOnCreate(Instrumentation.java:1271)
09-18 16:15:49.898  5205  5205 E AndroidRuntime: 	at android.app.ActivityThread.performLaunchActivity(ActivityThread.java:2934)
09-18 16:15:49.898  5205  5205 E AndroidRuntime: 	... 11 more
--------- beginning of system
09-18 16:15:52.172  5265  5265 D M_InsDal: Lcom/ichi2/anki/AnkiDroidApp;---><clinit>()V
09-18 16:15:52.172  5265  5265 D M_InsDal: Lcom/ichi2/anki/AnkiDroidApp;---><init>()V
09-18 16:15:52.172  5265  5265 D M_InsDal: Lcom/ichi2/anki/provider/CardContentProvider;---><clinit>()V
09-18 16:15:52.172  5265  5265 D M_InsDal: Lcom/ichi2/anki/FlashCardsContract$Note;---><clinit>()V
09-18 16:15:52.172  5265  5265 D M_InsDal: Lcom/ichi2/anki/FlashCardsContract;---><clinit>()V
09-18 16:15:52.172  5265  5265 D M_InsDal: Lcom/ichi2/anki/provider/CardContentProvider;---><init>()V
09-18 16:15:52.173  5265  5265 D M_InsDal: Lcom/ichi2/anki/provider/CardContentProvider;--->onCreate()Z
09-18 16:15:52.177  5265  5265 D M_InsDal: Lcom/ichi2/anki/AnkiDroidApp;--->onCreate()V
09-18 16:15:52.177  5265  5265 D M_InsDal: Lcom/ichi2/anki/AnkiDroidApp;--->getSharedPrefs(Landroid/content/Context;)Landroid/content/SharedPreferences;
09-18 16:15:52.181  5265  5265 D M_InsDal: Lcom/ichi2/anki/AnkiDroidApp$ProductionCrashReportingTree;---><clinit>()V
09-18 16:15:52.181  5265  5265 D M_InsDal: Lcom/ichi2/anki/AnkiDroidApp$ProductionCrashReportingTree;---><init>()V
09-18 16:15:52.181  5265  5265 D M_InsDal: Lcom/ichi2/anki/AnkiDroidApp;--->setAcraReportingMode(Ljava/lang/String;)V
09-18 16:15:52.181  5265  5265 D M_InsDal: Lcom/ichi2/anki/AnkiDroidApp;--->setLanguage(Ljava/lang/String;)V
09-18 16:15:52.181  5265  5265 D M_InsDal: Lcom/ichi2/anki/AnkiDroidApp;--->getInstance()Lcom/ichi2/anki/AnkiDroidApp;
09-18 16:15:52.181  5265  5265 D M_InsDal: Lcom/ichi2/anki/AnkiDroidApp;--->getInstance()Lcom/ichi2/anki/AnkiDroidApp;
09-18 16:15:52.181  5265  5265 D M_InsDal: Lcom/ichi2/anki/AnkiDroidApp;--->getSharedPrefs(Landroid/content/Context;)Landroid/content/SharedPreferences;
09-18 16:15:52.181  5265  5265 D M_InsDal: Lcom/ichi2/anki/AnkiDroidApp;--->getInstance()Lcom/ichi2/anki/AnkiDroidApp;
09-18 16:15:52.181  5265  5265 D M_InsDal: Lcom/ichi2/anki/AnkiDroidApp;--->getInstance()Lcom/ichi2/anki/AnkiDroidApp;
09-18 16:15:52.206  5265  5265 D M_InsDal: Lcom/ichi2/anki/CollectionHelper;--->hasStorageAccessPermission(Landroid/content/Context;)Z
09-18 16:15:52.206  5265  5265 D M_InsDal: Lcom/ichi2/anki/CollectionHelper;--->getCurrentAnkiDroidDirectory(Landroid/content/Context;)Ljava/lang/String;
09-18 16:15:52.206  5265  5265 D M_InsDal: Lcom/ichi2/anki/CollectionHelper;--->getDefaultAnkiDroidDirectory()Ljava/lang/String;
09-18 16:15:52.207  5265  5265 D M_InsDal: Lcom/ichi2/anki/CollectionHelper;--->initializeAnkiDroidDirectory(Ljava/lang/String;)V
09-18 16:15:52.209  5265  5265 D M_InsDal: Lcom/ichi2/anki/Statistics;---><init>()V
09-18 16:15:52.209  5265  5265 D M_InsDal: Lcom/ichi2/anki/NavigationDrawerActivity;---><init>()V
09-18 16:15:52.209  5265  5265 D M_InsDal: Lcom/ichi2/anki/AnkiActivity;---><init>()V
09-18 16:15:52.210  5265  5265 D M_InsDal: Lcom/ichi2/anki/dialogs/DialogHandler;---><init>(Lcom/ichi2/anki/AnkiActivity;)V
09-18 16:15:52.211  5265  5265 D M_InsDal: Lcom/ichi2/anki/Statistics;--->onCreate(Landroid/os/Bundle;)V
09-18 16:15:52.212  5265  5265 D M_InsDal: Lcom/ichi2/anki/AnkiActivity;--->onCreate(Landroid/os/Bundle;)V
09-18 16:15:52.212  5265  5265 D M_InsDal: Lcom/ichi2/anki/AnkiDroidApp;--->getSharedPrefs(Landroid/content/Context;)Landroid/content/SharedPreferences;
09-18 16:15:52.243  5265  5265 D M_InsDal: Lcom/ichi2/anki/NavigationDrawerActivity;--->initNavigationDrawer(Landroid/view/View;)V
09-18 16:15:52.245  5265  5265 D M_InsDal: Lcom/ichi2/anki/NavigationDrawerActivity$1;---><init>(Lcom/ichi2/anki/NavigationDrawerActivity;)V
09-18 16:15:52.245  5265  5265 D M_InsDal: Lcom/ichi2/anki/AnkiDroidApp;--->getSharedPrefs(Landroid/content/Context;)Landroid/content/SharedPreferences;
09-18 16:15:52.245  5265  5265 D M_InsDal: Lcom/ichi2/anki/NavigationDrawerActivity$2;---><init>(Lcom/ichi2/anki/NavigationDrawerActivity;Landroid/content/SharedPreferences;)V
09-18 16:15:52.245  5265  5265 D M_InsDal: Lcom/ichi2/anki/NavigationDrawerActivity$3;---><init>(Lcom/ichi2/anki/NavigationDrawerActivity;Landroid/app/Activity;Landroid/support/v4/widget/DrawerLayout;II)V
09-18 16:15:52.245  5265  5265 D M_InsDal: Lcom/ichi2/anki/AnkiActivity;--->startLoadingCollection()V
09-18 16:15:52.245  5265  5265 D M_InsDal: Lcom/ichi2/anki/AnkiActivity;--->colIsOpen()Z
09-18 16:15:52.245  5265  5265 D M_InsDal: Lcom/ichi2/anki/CollectionHelper;--->getInstance()Lcom/ichi2/anki/CollectionHelper;
09-18 16:15:52.245  5265  5265 D M_InsDal: Lcom/ichi2/anki/CollectionHelper$LazyHolder;---><clinit>()V
09-18 16:15:52.245  5265  5265 D M_InsDal: Lcom/ichi2/anki/CollectionHelper;---><init>()V
09-18 16:15:52.245  5265  5265 D M_InsDal: Lcom/ichi2/anki/CollectionHelper;--->colIsOpen()Z
09-18 16:15:52.245  5265  5265 D M_InsDal: Lcom/ichi2/anki/AnkiActivity;--->showProgressBar()V
09-18 16:15:52.245  5265  5265 D M_InsDal: Lcom/ichi2/anki/AnkiActivity;--->onCreateLoader(ILandroid/os/Bundle;)Landroid/support/v4/content/Loader;
09-18 16:15:52.247  5265  5265 D M_InsDal: Lcom/ichi2/anki/CollectionHelper;--->getInstance()Lcom/ichi2/anki/CollectionHelper;
09-18 16:15:52.247  5265  5265 D M_InsDal: Lcom/ichi2/anki/CollectionHelper;--->isCollectionLocked()Z
09-18 16:15:52.248  5265  5265 D M_InsDal: Lcom/ichi2/anki/AnkiActivity;--->onStart()V
09-18 16:15:52.248  5265  5290 D M_InsDal: Lcom/ichi2/anki/CollectionHelper;--->getInstance()Lcom/ichi2/anki/CollectionHelper;
09-18 16:15:52.248  5265  5290 D M_InsDal: Lcom/ichi2/anki/CollectionHelper;--->getCol(Landroid/content/Context;)Lcom/ichi2/libanki/Collection;
09-18 16:15:52.248  5265  5290 D M_InsDal: Lcom/ichi2/anki/CollectionHelper;--->getCollectionPath(Landroid/content/Context;)Ljava/lang/String;
09-18 16:15:52.248  5265  5290 D M_InsDal: Lcom/ichi2/anki/CollectionHelper;--->getCurrentAnkiDroidDirectory(Landroid/content/Context;)Ljava/lang/String;
09-18 16:15:52.248  5265  5290 D M_InsDal: Lcom/ichi2/anki/CollectionHelper;--->getDefaultAnkiDroidDirectory()Ljava/lang/String;
09-18 16:15:52.249  5265  5290 D M_InsDal: Lcom/ichi2/anki/CollectionHelper;--->colIsOpen()Z
09-18 16:15:52.249  5265  5290 D M_InsDal: Lcom/ichi2/anki/CollectionHelper;--->getParentDirectory(Ljava/lang/String;)Ljava/lang/String;
09-18 16:15:52.249  5265  5290 D M_InsDal: Lcom/ichi2/anki/CollectionHelper;--->initializeAnkiDroidDirectory(Ljava/lang/String;)V
09-18 16:15:52.249  5265  5290 D M_InsDal: Lcom/ichi2/anki/AnkiDroidApp$ProductionCrashReportingTree;--->i(Ljava/lang/String;[Ljava/lang/Object;)V
09-18 16:15:52.249  5265  5290 D M_InsDal: Lcom/ichi2/anki/AnkiDroidApp$ProductionCrashReportingTree;--->formatString(Ljava/lang/String;[Ljava/lang/Object;)Ljava/lang/String;
09-18 16:15:52.249  5265  5265 D M_InsDal: Lcom/ichi2/anki/NavigationDrawerActivity;--->onPostCreate(Landroid/os/Bundle;)V
09-18 16:15:52.249  5265  5265 D M_InsDal: Lcom/ichi2/anki/Statistics;--->onResume()V
09-18 16:15:52.249  5265  5265 D M_InsDal: Lcom/ichi2/anki/NavigationDrawerActivity;--->selectNavigationItem(I)V
09-18 16:15:52.249  5265  5265 D M_InsDal: Lcom/ichi2/anki/AnkiActivity;--->onResume()V
09-18 16:15:52.250  5265  5265 D M_InsDal: Lcom/ichi2/anki/dialogs/DialogHandler;--->readMessage()V
09-18 16:15:52.253  5265  5290 D M_InsDal: Lcom/ichi2/anki/AnkiDroidApp;--->getInstance()Lcom/ichi2/anki/AnkiDroidApp;
09-18 16:15:52.256  5265  5265 D M_InsDal: Lcom/ichi2/anki/dialogs/AnkiDroidCrashReportDialog;---><init>()V
09-18 16:15:52.258  5265  5265 D M_InsDal: Lcom/ichi2/anki/dialogs/AnkiDroidCrashReportDialog;--->onCreate(Landroid/os/Bundle;)V
09-18 16:15:52.258  5265  5265 D M_InsDal: Lcom/ichi2/anki/dialogs/AnkiDroidCrashReportDialog;--->buildCustomView(Landroid/os/Bundle;)Landroid/view/View;
09-18 16:15:52.258  5265  5265 D M_InsDal: Lcom/ichi2/anki/AnkiDroidApp;--->getSharedPrefs(Landroid/content/Context;)Landroid/content/SharedPreferences;
09-18 16:15:52.368  5265  5265 D M_InsDal: Lcom/ichi2/anki/AnkiActivity;--->onLoadFinished(Landroid/support/v4/content/Loader;Lcom/ichi2/libanki/Collection;)V
09-18 16:15:52.368  5265  5265 D M_InsDal: Lcom/ichi2/anki/AnkiActivity;--->hideProgressBar()V
09-18 16:15:52.368  5265  5265 D M_InsDal: Lcom/ichi2/anki/AnkiActivity;--->colIsOpen()Z
09-18 16:15:52.368  5265  5265 D M_InsDal: Lcom/ichi2/anki/CollectionHelper;--->getInstance()Lcom/ichi2/anki/CollectionHelper;
09-18 16:15:52.368  5265  5265 D M_InsDal: Lcom/ichi2/anki/CollectionHelper;--->colIsOpen()Z
09-18 16:15:52.368  5265  5265 D M_InsDal: Lcom/ichi2/anki/Statistics;--->onCollectionLoaded(Lcom/ichi2/libanki/Collection;)V
09-18 16:15:52.368  5265  5265 D M_InsDal: Lcom/ichi2/anki/AnkiActivity;--->getCol()Lcom/ichi2/libanki/Collection;
09-18 16:15:52.368  5265  5265 D M_InsDal: Lcom/ichi2/anki/CollectionHelper;--->getInstance()Lcom/ichi2/anki/CollectionHelper;
09-18 16:15:52.368  5265  5265 D M_InsDal: Lcom/ichi2/anki/CollectionHelper;--->getCol(Landroid/content/Context;)Lcom/ichi2/libanki/Collection;
09-18 16:15:52.368  5265  5265 D M_InsDal: Lcom/ichi2/anki/CollectionHelper;--->getCollectionPath(Landroid/content/Context;)Ljava/lang/String;
09-18 16:15:52.368  5265  5265 D M_InsDal: Lcom/ichi2/anki/CollectionHelper;--->getCurrentAnkiDroidDirectory(Landroid/content/Context;)Ljava/lang/String;
09-18 16:15:52.368  5265  5265 D M_InsDal: Lcom/ichi2/anki/CollectionHelper;--->getDefaultAnkiDroidDirectory()Ljava/lang/String;
09-18 16:15:52.368  5265  5265 D M_InsDal: Lcom/ichi2/anki/CollectionHelper;--->colIsOpen()Z
09-18 16:15:52.368  5265  5265 D M_InsDal: Lcom/ichi2/anki/widgets/DeckDropDownAdapter;---><init>(Landroid/content/Context;Ljava/util/ArrayList;)V
09-18 16:15:52.369  5265  5265 D M_InsDal: Lcom/ichi2/anki/widgets/DeckDropDownAdapter;--->getCount()I
09-18 16:15:52.369  5265  5265 D M_InsDal: Lcom/ichi2/anki/widgets/DeckDropDownAdapter;--->getCount()I
09-18 16:15:52.369  5265  5265 D M_InsDal: Lcom/ichi2/anki/widgets/DeckDropDownAdapter;--->getItemId(I)J
09-18 16:15:52.369  5265  5265 D M_InsDal: Lcom/ichi2/anki/widgets/DeckDropDownAdapter;--->getItemId(I)J
09-18 16:15:52.369  5265  5265 D M_InsDal: Lcom/ichi2/anki/Statistics$1;---><init>(Lcom/ichi2/anki/Statistics;)V
09-18 16:15:52.369  5265  5265 D M_InsDal: Lcom/ichi2/anki/stats/AnkiStatsTaskHandler;---><clinit>()V
09-18 16:15:52.369  5265  5265 D M_InsDal: Lcom/ichi2/anki/stats/AnkiStatsTaskHandler;---><init>(Lcom/ichi2/libanki/Collection;)V
09-18 16:15:52.369  5265  5265 D M_InsDal: Lcom/ichi2/anki/Statistics$SectionsPagerAdapter;---><init>(Lcom/ichi2/anki/Statistics;Landroid/support/v4/app/FragmentManager;)V
09-18 16:15:52.369  5265  5265 D M_InsDal: Lcom/ichi2/anki/Statistics$SectionsPagerAdapter;--->getCount()I
09-18 16:15:52.369  5265  5265 D M_InsDal: Lcom/ichi2/anki/Statistics$SectionsPagerAdapter;--->getCount()I
09-18 16:15:52.369  5265  5265 D M_InsDal: Lcom/ichi2/anki/Statistics$SectionsPagerAdapter;--->getItem(I)Landroid/support/v4/app/Fragment;
09-18 16:15:52.369  5265  5265 D M_InsDal: Lcom/ichi2/anki/Statistics$StatisticFragment;--->newInstance(I)Lcom/ichi2/anki/Statistics$StatisticFragment;
09-18 16:15:52.369  5265  5265 D M_InsDal: Lcom/ichi2/anki/Statistics$OverviewStatisticsFragment;---><init>()V
09-18 16:15:52.369  5265  5265 D M_InsDal: Lcom/ichi2/anki/Statistics$StatisticFragment;---><init>()V
09-18 16:15:52.369  5265  5265 D M_InsDal: Lcom/ichi2/anki/Statistics$OverviewStatisticsFragment;--->checkAndUpdate()V
09-18 16:15:52.369  5265  5265 D M_InsDal: Lcom/ichi2/anki/Statistics$SectionsPagerAdapter;--->getItem(I)Landroid/support/v4/app/Fragment;
09-18 16:15:52.369  5265  5265 D M_InsDal: Lcom/ichi2/anki/Statistics$StatisticFragment;--->newInstance(I)Lcom/ichi2/anki/Statistics$StatisticFragment;
09-18 16:15:52.369  5265  5265 D M_InsDal: Lcom/ichi2/anki/Statistics$ChartFragment;---><init>()V
09-18 16:15:52.369  5265  5265 D M_InsDal: Lcom/ichi2/anki/Statistics$StatisticFragment;---><init>()V
09-18 16:15:52.369  5265  5265 D M_InsDal: Lcom/ichi2/anki/Statistics$ChartFragment;--->checkAndUpdate()V
09-18 16:15:52.369  5265  5265 D M_InsDal: Lcom/ichi2/anki/Statistics$SectionsPagerAdapter;--->getCount()I
09-18 16:15:52.370  5265  5265 D M_InsDal: Lcom/ichi2/anki/Statistics$OverviewStatisticsFragment;--->onCreateView(Landroid/view/LayoutInflater;Landroid/view/ViewGroup;Landroid/os/Bundle;)Landroid/view/View;
09-18 16:15:52.531  5265  5265 D M_InsDal: Lcom/ichi2/anki/Statistics;--->getTaskHandler()Lcom/ichi2/anki/stats/AnkiStatsTaskHandler;
09-18 16:15:52.531  5265  5265 D M_InsDal: Lcom/ichi2/anki/Statistics$OverviewStatisticsFragment;--->createStatisticOverview()V
09-18 16:15:52.531  5265  5265 D M_InsDal: Lcom/ichi2/anki/Statistics;--->getTaskHandler()Lcom/ichi2/anki/stats/AnkiStatsTaskHandler;
09-18 16:15:52.531  5265  5265 D M_InsDal: Lcom/ichi2/anki/stats/AnkiStatsTaskHandler;--->createStatisticsOverview([Landroid/view/View;)Lcom/ichi2/anki/stats/AnkiStatsTaskHandler$CreateStatisticsOverview;
09-18 16:15:52.531  5265  5265 D M_InsDal: Lcom/ichi2/anki/stats/AnkiStatsTaskHandler$CreateStatisticsOverview;---><init>(Lcom/ichi2/anki/stats/AnkiStatsTaskHandler;)V
09-18 16:15:52.531  5265  5265 D M_InsDal: Lcom/ichi2/anki/stats/AnkiStatsTaskHandler;--->getStatType()Lcom/ichi2/libanki/Stats$AxisType;
09-18 16:15:52.531  5265  5265 D M_InsDal: Lcom/ichi2/anki/Statistics;--->getViewPager()Landroid/support/v4/view/ViewPager;
09-18 16:15:52.531  5265  5265 D M_InsDal: Lcom/ichi2/anki/Statistics;--->getSectionsPagerAdapter()Lcom/ichi2/anki/Statistics$SectionsPagerAdapter;
09-18 16:15:52.531  5265  5265 D M_InsDal: Lcom/ichi2/anki/CollectionHelper;--->getInstance()Lcom/ichi2/anki/CollectionHelper;
09-18 16:15:52.531  5265  5265 D M_InsDal: Lcom/ichi2/anki/CollectionHelper;--->getCol(Landroid/content/Context;)Lcom/ichi2/libanki/Collection;
09-18 16:15:52.531  5265  5265 D M_InsDal: Lcom/ichi2/anki/CollectionHelper;--->getCollectionPath(Landroid/content/Context;)Ljava/lang/String;
09-18 16:15:52.531  5265  5265 D M_InsDal: Lcom/ichi2/anki/CollectionHelper;--->getCurrentAnkiDroidDirectory(Landroid/content/Context;)Ljava/lang/String;
09-18 16:15:52.531  5265  5265 D M_InsDal: Lcom/ichi2/anki/CollectionHelper;--->getDefaultAnkiDroidDirectory()Ljava/lang/String;
09-18 16:15:52.532  5265  5330 D M_InsDal: Lcom/ichi2/anki/stats/AnkiStatsTaskHandler$CreateStatisticsOverview;--->doInBackground([Landroid/view/View;)Ljava/lang/String;
09-18 16:15:52.532  5265  5330 D M_InsDal: Lcom/ichi2/anki/stats/OverviewStatsBuilder;---><init>(Landroid/webkit/WebView;Lcom/ichi2/libanki/Collection;ZLcom/ichi2/libanki/Stats$AxisType;)V
09-18 16:15:52.532  5265  5330 D M_InsDal: Lcom/ichi2/anki/stats/OverviewStatsBuilder;--->createInfoHtmlString()Ljava/lang/String;
09-18 16:15:52.532  5265  5330 D M_InsDal: Lcom/ichi2/anki/stats/OverviewStatsBuilder;--->appendTodaysStats(Ljava/lang/StringBuilder;)V
09-18 16:15:52.532  5265  5265 D M_InsDal: Lcom/ichi2/anki/CollectionHelper;--->colIsOpen()Z
09-18 16:15:52.532  5265  5265 D M_InsDal: Lcom/ichi2/anki/Statistics$OverviewStatisticsFragment;--->isWholeCollection()Z
09-18 16:15:52.533  5265  5330 D M_InsDal: Lcom/ichi2/anki/stats/OverviewStatsBuilder;--->_title(Ljava/lang/String;)Ljava/lang/String;
09-18 16:15:52.534  5265  5330 D M_InsDal: Lcom/ichi2/anki/stats/OverviewStatsBuilder;--->appendOverViewStats(Ljava/lang/StringBuilder;)V
09-18 16:15:52.534  5265  5330 D M_InsDal: Lcom/ichi2/anki/stats/OverviewStatsBuilder$OverviewStats;---><init>(Lcom/ichi2/anki/stats/OverviewStatsBuilder;)V
09-18 16:15:52.536  5265  5330 D M_InsDal: Lcom/ichi2/anki/stats/OverviewStatsBuilder;--->_title(Ljava/lang/String;)Ljava/lang/String;
09-18 16:15:52.536  5265  5330 D M_InsDal: Lcom/ichi2/anki/stats/OverviewStatsBuilder;--->calculateForecastOverview(Lcom/ichi2/libanki/Stats$AxisType;Lcom/ichi2/anki/stats/OverviewStatsBuilder$OverviewStats;)V
09-18 16:15:52.536  5265  5330 D M_InsDal: Lcom/ichi2/anki/stats/OverviewStatsBuilder$1;---><clinit>()V
09-18 16:15:52.536  5265  5330 D M_InsDal: Lcom/ichi2/anki/stats/OverviewStatsBuilder;--->_due(Ljava/lang/Integer;Ljava/lang/Integer;I)Ljava/util/List;
09-18 16:15:52.536  5265  5330 D M_InsDal: Lcom/ichi2/anki/stats/OverviewStatsBuilder;--->_limit()Ljava/lang/String;
09-18 16:15:52.537  5265  5330 D M_InsDal: Lcom/ichi2/anki/stats/OverviewStatsBuilder;--->_limit()Ljava/lang/String;
09-18 16:15:52.537  5265  5330 D M_InsDal: Lcom/ichi2/anki/stats/OverviewStatsBuilder;--->_subtitle(Ljava/lang/String;)Ljava/lang/String;
09-18 16:15:52.538  5265  5330 D M_InsDal: Lcom/ichi2/anki/stats/OverviewStatsBuilder;--->_subtitle(Ljava/lang/String;)Ljava/lang/String;
09-18 16:15:52.539  5265  5265 D M_InsDal: Lcom/ichi2/anki/Statistics$ChartFragment;--->onCreate(Landroid/os/Bundle;)V
09-18 16:15:52.539  5265  5265 D M_InsDal: Lcom/ichi2/anki/Statistics$ChartFragment;--->onCreateView(Landroid/view/LayoutInflater;Landroid/view/ViewGroup;Landroid/os/Bundle;)Landroid/view/View;
09-18 16:15:52.540  5265  5265 D M_InsDal: Lcom/ichi2/anki/stats/ChartView;---><init>(Landroid/content/Context;Landroid/util/AttributeSet;)V
09-18 16:15:52.540  5265  5265 D M_InsDal: Lcom/ichi2/anki/Statistics;--->getTaskHandler()Lcom/ichi2/anki/stats/AnkiStatsTaskHandler;
09-18 16:15:52.540  5265  5265 D M_InsDal: Lcom/ichi2/anki/Statistics$ChartFragment;--->createChart()V
09-18 16:15:52.540  5265  5265 D M_InsDal: Lcom/ichi2/anki/Statistics;--->getTaskHandler()Lcom/ichi2/anki/stats/AnkiStatsTaskHandler;
09-18 16:15:52.540  5265  5265 D M_InsDal: Lcom/ichi2/anki/stats/AnkiStatsTaskHandler;--->createChart(Lcom/ichi2/libanki/Stats$ChartType;[Landroid/view/View;)Lcom/ichi2/anki/stats/AnkiStatsTaskHandler$CreateChartTask;
09-18 16:15:52.540  5265  5265 D M_InsDal: Lcom/ichi2/anki/stats/AnkiStatsTaskHandler$CreateChartTask;---><init>(Lcom/ichi2/anki/stats/AnkiStatsTaskHandler;Lcom/ichi2/libanki/Stats$ChartType;)V
09-18 16:15:52.540  5265  5265 D M_InsDal: Lcom/ichi2/anki/stats/ChartView;--->addFragment(Lcom/ichi2/anki/Statistics$ChartFragment;)V
09-18 16:15:52.540  5265  5265 D M_InsDal: Lcom/ichi2/anki/Statistics;--->getTaskHandler()Lcom/ichi2/anki/stats/AnkiStatsTaskHandler;
09-18 16:15:52.540  5265  5265 D M_InsDal: Lcom/ichi2/anki/stats/AnkiStatsTaskHandler;--->getStatType()Lcom/ichi2/libanki/Stats$AxisType;
09-18 16:15:52.540  5265  5265 D M_InsDal: Lcom/ichi2/anki/Statistics;--->getViewPager()Landroid/support/v4/view/ViewPager;
09-18 16:15:52.540  5265  5265 D M_InsDal: Lcom/ichi2/anki/Statistics;--->getSectionsPagerAdapter()Lcom/ichi2/anki/Statistics$SectionsPagerAdapter;
09-18 16:15:52.540  5265  5265 D M_InsDal: Lcom/ichi2/anki/CollectionHelper;--->getInstance()Lcom/ichi2/anki/CollectionHelper;
09-18 16:15:52.540  5265  5265 D M_InsDal: Lcom/ichi2/anki/CollectionHelper;--->getCol(Landroid/content/Context;)Lcom/ichi2/libanki/Collection;
09-18 16:15:52.540  5265  5265 D M_InsDal: Lcom/ichi2/anki/CollectionHelper;--->getCollectionPath(Landroid/content/Context;)Ljava/lang/String;
09-18 16:15:52.540  5265  5265 D M_InsDal: Lcom/ichi2/anki/CollectionHelper;--->getCurrentAnkiDroidDirectory(Landroid/content/Context;)Ljava/lang/String;
09-18 16:15:52.540  5265  5265 D M_InsDal: Lcom/ichi2/anki/CollectionHelper;--->getDefaultAnkiDroidDirectory()Ljava/lang/String;
09-18 16:15:52.541  5265  5294 D M_InsDal: Lcom/ichi2/anki/stats/AnkiStatsTaskHandler$CreateChartTask;--->doInBackground([Landroid/view/View;)Lcom/wildplot/android/rendering/PlotSheet;
09-18 16:15:52.541  5265  5294 D M_InsDal: Lcom/ichi2/anki/stats/ChartBuilder;---><init>(Lcom/ichi2/anki/stats/ChartView;Lcom/ichi2/libanki/Collection;ZLcom/ichi2/libanki/Stats$ChartType;)V
09-18 16:15:52.541  5265  5294 D M_InsDal: Lcom/ichi2/anki/stats/ChartBuilder;--->renderChart(Lcom/ichi2/libanki/Stats$AxisType;)Lcom/wildplot/android/rendering/PlotSheet;
09-18 16:15:52.541  5265  5294 D M_InsDal: Lcom/ichi2/anki/stats/ChartBuilder;--->calcStats(Lcom/ichi2/libanki/Stats$AxisType;)V
09-18 16:15:52.541  5265  5294 D M_InsDal: Lcom/ichi2/anki/stats/ChartBuilder$1;---><clinit>()V
09-18 16:15:52.541  5265  5294 D M_InsDal: Lcom/ichi2/anki/stats/StatsMetaInfo;---><init>()V
09-18 16:15:52.541  5265  5294 D M_InsDal: Lcom/ichi2/anki/stats/StatsMetaInfo;--->isStatsCalculated()Z
09-18 16:15:52.541  5265  5265 D M_InsDal: Lcom/ichi2/anki/CollectionHelper;--->colIsOpen()Z
09-18 16:15:52.541  5265  5265 D M_InsDal: Lcom/ichi2/anki/Statistics$ChartFragment;--->isWholeCollection()Z
09-18 16:15:52.541  5265  5265 D M_InsDal: Lcom/ichi2/anki/CollectionHelper;--->getInstance()Lcom/ichi2/anki/CollectionHelper;
09-18 16:15:52.541  5265  5265 D M_InsDal: Lcom/ichi2/anki/CollectionHelper;--->getCol(Landroid/content/Context;)Lcom/ichi2/libanki/Collection;
09-18 16:15:52.541  5265  5265 D M_InsDal: Lcom/ichi2/anki/CollectionHelper;--->getCollectionPath(Landroid/content/Context;)Ljava/lang/String;
09-18 16:15:52.541  5265  5265 D M_InsDal: Lcom/ichi2/anki/CollectionHelper;--->getCurrentAnkiDroidDirectory(Landroid/content/Context;)Ljava/lang/String;
09-18 16:15:52.541  5265  5265 D M_InsDal: Lcom/ichi2/anki/CollectionHelper;--->getDefaultAnkiDroidDirectory()Ljava/lang/String;
09-18 16:15:52.541  5265  5265 D M_InsDal: Lcom/ichi2/anki/CollectionHelper;--->colIsOpen()Z
09-18 16:15:52.542  5265  5265 D M_InsDal: Lcom/ichi2/anki/Statistics$SectionsPagerAdapter;--->getCount()I
09-18 16:15:52.542  5265  5265 D M_InsDal: Lcom/ichi2/anki/Statistics$SectionsPagerAdapter;--->getItem(I)Landroid/support/v4/app/Fragment;
09-18 16:15:52.542  5265  5265 D M_InsDal: Lcom/ichi2/anki/Statistics$StatisticFragment;--->newInstance(I)Lcom/ichi2/anki/Statistics$StatisticFragment;
09-18 16:15:52.542  5265  5265 D M_InsDal: Lcom/ichi2/anki/Statistics$ChartFragment;---><init>()V
09-18 16:15:52.542  5265  5265 D M_InsDal: Lcom/ichi2/anki/Statistics$StatisticFragment;---><init>()V
09-18 16:15:52.542  5265  5265 D M_InsDal: Lcom/ichi2/anki/Statistics$ChartFragment;--->checkAndUpdate()V
09-18 16:15:52.542  5265  5265 D M_InsDal: Lcom/ichi2/anki/Statistics$SectionsPagerAdapter;--->getItem(I)Landroid/support/v4/app/Fragment;
09-18 16:15:52.542  5265  5265 D M_InsDal: Lcom/ichi2/anki/Statistics$StatisticFragment;--->newInstance(I)Lcom/ichi2/anki/Statistics$StatisticFragment;
09-18 16:15:52.542  5265  5265 D M_InsDal: Lcom/ichi2/anki/Statistics$ChartFragment;---><init>()V
09-18 16:15:52.542  5265  5265 D M_InsDal: Lcom/ichi2/anki/Statistics$StatisticFragment;---><init>()V
09-18 16:15:52.542  5265  5265 D M_InsDal: Lcom/ichi2/anki/Statistics$ChartFragment;--->checkAndUpdate()V
09-18 16:15:52.542  5265  5265 D M_InsDal: Lcom/ichi2/anki/Statistics$SectionsPagerAdapter;--->getItem(I)Landroid/support/v4/app/Fragment;
09-18 16:15:52.542  5265  5265 D M_InsDal: Lcom/ichi2/anki/Statistics$StatisticFragment;--->newInstance(I)Lcom/ichi2/anki/Statistics$StatisticFragment;
09-18 16:15:52.542  5265  5265 D M_InsDal: Lcom/ichi2/anki/Statistics$ChartFragment;---><init>()V
09-18 16:15:52.542  5265  5265 D M_InsDal: Lcom/ichi2/anki/Statistics$StatisticFragment;---><init>()V
09-18 16:15:52.542  5265  5265 D M_InsDal: Lcom/ichi2/anki/Statistics$ChartFragment;--->checkAndUpdate()V
09-18 16:15:52.542  5265  5265 D M_InsDal: Lcom/ichi2/anki/Statistics$SectionsPagerAdapter;--->getItem(I)Landroid/support/v4/app/Fragment;
09-18 16:15:52.542  5265  5265 D M_InsDal: Lcom/ichi2/anki/Statistics$StatisticFragment;--->newInstance(I)Lcom/ichi2/anki/Statistics$StatisticFragment;
09-18 16:15:52.542  5265  5265 D M_InsDal: Lcom/ichi2/anki/Statistics$ChartFragment;---><init>()V
09-18 16:15:52.542  5265  5265 D M_InsDal: Lcom/ichi2/anki/Statistics$StatisticFragment;---><init>()V
09-18 16:15:52.542  5265  5265 D M_InsDal: Lcom/ichi2/anki/Statistics$ChartFragment;--->checkAndUpdate()V
09-18 16:15:52.542  5265  5265 D M_InsDal: Lcom/ichi2/anki/Statistics$SectionsPagerAdapter;--->getItem(I)Landroid/support/v4/app/Fragment;
09-18 16:15:52.542  5265  5265 D M_InsDal: Lcom/ichi2/anki/Statistics$StatisticFragment;--->newInstance(I)Lcom/ichi2/anki/Statistics$StatisticFragment;
09-18 16:15:52.542  5265  5265 D M_InsDal: Lcom/ichi2/anki/Statistics$ChartFragment;---><init>()V
09-18 16:15:52.542  5265  5265 D M_InsDal: Lcom/ichi2/anki/Statistics$StatisticFragment;---><init>()V
09-18 16:15:52.542  5265  5265 D M_InsDal: Lcom/ichi2/anki/Statistics$ChartFragment;--->checkAndUpdate()V
09-18 16:15:52.542  5265  5265 D M_InsDal: Lcom/ichi2/anki/Statistics$SectionsPagerAdapter;--->getItem(I)Landroid/support/v4/app/Fragment;
09-18 16:15:52.542  5265  5265 D M_InsDal: Lcom/ichi2/anki/Statistics$StatisticFragment;--->newInstance(I)Lcom/ichi2/anki/Statistics$StatisticFragment;
09-18 16:15:52.542  5265  5265 D M_InsDal: Lcom/ichi2/anki/Statistics$ChartFragment;---><init>()V
09-18 16:15:52.542  5265  5265 D M_InsDal: Lcom/ichi2/anki/Statistics$StatisticFragment;---><init>()V
09-18 16:15:52.542  5265  5265 D M_InsDal: Lcom/ichi2/anki/Statistics$ChartFragment;--->checkAndUpdate()V
09-18 16:15:52.542  5265  5265 D M_InsDal: Lcom/ichi2/anki/Statistics$SectionsPagerAdapter;--->getItem(I)Landroid/support/v4/app/Fragment;
09-18 16:15:52.542  5265  5265 D M_InsDal: Lcom/ichi2/anki/Statistics$StatisticFragment;--->newInstance(I)Lcom/ichi2/anki/Statistics$StatisticFragment;
09-18 16:15:52.542  5265  5265 D M_InsDal: Lcom/ichi2/anki/Statistics$ChartFragment;---><init>()V
09-18 16:15:52.542  5265  5265 D M_InsDal: Lcom/ichi2/anki/Statistics$StatisticFragment;---><init>()V
09-18 16:15:52.542  5265  5265 D M_InsDal: Lcom/ichi2/anki/Statistics$ChartFragment;--->checkAndUpdate()V
09-18 16:15:52.542  5265  5265 D M_InsDal: Lcom/ichi2/anki/Statistics$SectionsPagerAdapter;--->getCount()I
09-18 16:15:52.542  5265  5265 D M_InsDal: Lcom/ichi2/anki/Statistics$ChartFragment;--->onCreate(Landroid/os/Bundle;)V
09-18 16:15:52.542  5265  5265 D M_InsDal: Lcom/ichi2/anki/Statistics$ChartFragment;--->onCreateView(Landroid/view/LayoutInflater;Landroid/view/ViewGroup;Landroid/os/Bundle;)Landroid/view/View;
09-18 16:15:52.542  5265  5265 D M_InsDal: Lcom/ichi2/anki/stats/ChartView;---><init>(Landroid/content/Context;Landroid/util/AttributeSet;)V
09-18 16:15:52.543  5265  5265 D M_InsDal: Lcom/ichi2/anki/Statistics;--->getTaskHandler()Lcom/ichi2/anki/stats/AnkiStatsTaskHandler;
09-18 16:15:52.543  5265  5265 D M_InsDal: Lcom/ichi2/anki/Statistics$ChartFragment;--->createChart()V
09-18 16:15:52.543  5265  5265 D M_InsDal: Lcom/ichi2/anki/Statistics;--->getTaskHandler()Lcom/ichi2/anki/stats/AnkiStatsTaskHandler;
09-18 16:15:52.543  5265  5265 D M_InsDal: Lcom/ichi2/anki/stats/AnkiStatsTaskHandler;--->createChart(Lcom/ichi2/libanki/Stats$ChartType;[Landroid/view/View;)Lcom/ichi2/anki/stats/AnkiStatsTaskHandler$CreateChartTask;
09-18 16:15:52.543  5265  5265 D M_InsDal: Lcom/ichi2/anki/stats/AnkiStatsTaskHandler$CreateChartTask;---><init>(Lcom/ichi2/anki/stats/AnkiStatsTaskHandler;Lcom/ichi2/libanki/Stats$ChartType;)V
09-18 16:15:52.543  5265  5265 D M_InsDal: Lcom/ichi2/anki/stats/ChartView;--->addFragment(Lcom/ichi2/anki/Statistics$ChartFragment;)V
09-18 16:15:52.543  5265  5265 D M_InsDal: Lcom/ichi2/anki/Statistics;--->getTaskHandler()Lcom/ichi2/anki/stats/AnkiStatsTaskHandler;
09-18 16:15:52.543  5265  5265 D M_InsDal: Lcom/ichi2/anki/stats/AnkiStatsTaskHandler;--->getStatType()Lcom/ichi2/libanki/Stats$AxisType;
09-18 16:15:52.543  5265  5265 D M_InsDal: Lcom/ichi2/anki/Statistics;--->getViewPager()Landroid/support/v4/view/ViewPager;
09-18 16:15:52.543  5265  5265 D M_InsDal: Lcom/ichi2/anki/Statistics;--->getSectionsPagerAdapter()Lcom/ichi2/anki/Statistics$SectionsPagerAdapter;
09-18 16:15:52.543  5265  5265 D M_InsDal: Lcom/ichi2/anki/CollectionHelper;--->getInstance()Lcom/ichi2/anki/CollectionHelper;
09-18 16:15:52.543  5265  5265 D M_InsDal: Lcom/ichi2/anki/CollectionHelper;--->getCol(Landroid/content/Context;)Lcom/ichi2/libanki/Collection;
09-18 16:15:52.543  5265  5265 D M_InsDal: Lcom/ichi2/anki/CollectionHelper;--->getCollectionPath(Landroid/content/Context;)Ljava/lang/String;
09-18 16:15:52.543  5265  5265 D M_InsDal: Lcom/ichi2/anki/CollectionHelper;--->getCurrentAnkiDroidDirectory(Landroid/content/Context;)Ljava/lang/String;
09-18 16:15:52.543  5265  5265 D M_InsDal: Lcom/ichi2/anki/CollectionHelper;--->getDefaultAnkiDroidDirectory()Ljava/lang/String;
09-18 16:15:52.543  5265  5295 D M_InsDal: Lcom/ichi2/anki/stats/AnkiStatsTaskHandler$CreateChartTask;--->doInBackground([Landroid/view/View;)Lcom/wildplot/android/rendering/PlotSheet;
09-18 16:15:52.543  5265  5295 D M_InsDal: Lcom/ichi2/anki/stats/ChartBuilder;---><init>(Lcom/ichi2/anki/stats/ChartView;Lcom/ichi2/libanki/Collection;ZLcom/ichi2/libanki/Stats$ChartType;)V
09-18 16:15:52.543  5265  5295 D M_InsDal: Lcom/ichi2/anki/stats/ChartBuilder;--->renderChart(Lcom/ichi2/libanki/Stats$AxisType;)Lcom/wildplot/android/rendering/PlotSheet;
09-18 16:15:52.543  5265  5295 D M_InsDal: Lcom/ichi2/anki/stats/ChartBuilder;--->calcStats(Lcom/ichi2/libanki/Stats$AxisType;)V
09-18 16:15:52.543  5265  5265 D M_InsDal: Lcom/ichi2/anki/CollectionHelper;--->colIsOpen()Z
09-18 16:15:52.543  5265  5265 D M_InsDal: Lcom/ichi2/anki/Statistics$ChartFragment;--->isWholeCollection()Z
09-18 16:15:52.543  5265  5265 D M_InsDal: Lcom/ichi2/anki/CollectionHelper;--->getInstance()Lcom/ichi2/anki/CollectionHelper;
09-18 16:15:52.543  5265  5265 D M_InsDal: Lcom/ichi2/anki/CollectionHelper;--->getCol(Landroid/content/Context;)Lcom/ichi2/libanki/Collection;
09-18 16:15:52.543  5265  5265 D M_InsDal: Lcom/ichi2/anki/CollectionHelper;--->getCollectionPath(Landroid/content/Context;)Ljava/lang/String;
09-18 16:15:52.543  5265  5265 D M_InsDal: Lcom/ichi2/anki/CollectionHelper;--->getCurrentAnkiDroidDirectory(Landroid/content/Context;)Ljava/lang/String;
09-18 16:15:52.543  5265  5265 D M_InsDal: Lcom/ichi2/anki/CollectionHelper;--->getDefaultAnkiDroidDirectory()Ljava/lang/String;
09-18 16:15:52.544  5265  5265 D M_InsDal: Lcom/ichi2/anki/CollectionHelper;--->colIsOpen()Z
09-18 16:15:52.544  5265  5265 D M_InsDal: Lcom/ichi2/anki/Statistics$ChartFragment;--->onCreate(Landroid/os/Bundle;)V
09-18 16:15:52.544  5265  5265 D M_InsDal: Lcom/ichi2/anki/Statistics$ChartFragment;--->onCreateView(Landroid/view/LayoutInflater;Landroid/view/ViewGroup;Landroid/os/Bundle;)Landroid/view/View;
09-18 16:15:52.544  5265  5265 D M_InsDal: Lcom/ichi2/anki/stats/ChartView;---><init>(Landroid/content/Context;Landroid/util/AttributeSet;)V
09-18 16:15:52.544  5265  5265 D M_InsDal: Lcom/ichi2/anki/Statistics;--->getTaskHandler()Lcom/ichi2/anki/stats/AnkiStatsTaskHandler;
09-18 16:15:52.544  5265  5265 D M_InsDal: Lcom/ichi2/anki/Statistics$ChartFragment;--->createChart()V
09-18 16:15:52.544  5265  5265 D M_InsDal: Lcom/ichi2/anki/Statistics;--->getTaskHandler()Lcom/ichi2/anki/stats/AnkiStatsTaskHandler;
09-18 16:15:52.544  5265  5265 D M_InsDal: Lcom/ichi2/anki/stats/AnkiStatsTaskHandler;--->createChart(Lcom/ichi2/libanki/Stats$ChartType;[Landroid/view/View;)Lcom/ichi2/anki/stats/AnkiStatsTaskHandler$CreateChartTask;
09-18 16:15:52.544  5265  5265 D M_InsDal: Lcom/ichi2/anki/stats/AnkiStatsTaskHandler$CreateChartTask;---><init>(Lcom/ichi2/anki/stats/AnkiStatsTaskHandler;Lcom/ichi2/libanki/Stats$ChartType;)V
09-18 16:15:52.544  5265  5265 D M_InsDal: Lcom/ichi2/anki/stats/ChartView;--->addFragment(Lcom/ichi2/anki/Statistics$ChartFragment;)V
09-18 16:15:52.544  5265  5265 D M_InsDal: Lcom/ichi2/anki/Statistics;--->getTaskHandler()Lcom/ichi2/anki/stats/AnkiStatsTaskHandler;
09-18 16:15:52.544  5265  5265 D M_InsDal: Lcom/ichi2/anki/stats/AnkiStatsTaskHandler;--->getStatType()Lcom/ichi2/libanki/Stats$AxisType;
09-18 16:15:52.544  5265  5265 D M_InsDal: Lcom/ichi2/anki/Statistics;--->getViewPager()Landroid/support/v4/view/ViewPager;
09-18 16:15:52.544  5265  5265 D M_InsDal: Lcom/ichi2/anki/Statistics;--->getSectionsPagerAdapter()Lcom/ichi2/anki/Statistics$SectionsPagerAdapter;
09-18 16:15:52.544  5265  5265 D M_InsDal: Lcom/ichi2/anki/CollectionHelper;--->getInstance()Lcom/ichi2/anki/CollectionHelper;
09-18 16:15:52.544  5265  5265 D M_InsDal: Lcom/ichi2/anki/CollectionHelper;--->getCol(Landroid/content/Context;)Lcom/ichi2/libanki/Collection;
09-18 16:15:52.544  5265  5265 D M_InsDal: Lcom/ichi2/anki/CollectionHelper;--->getCollectionPath(Landroid/content/Context;)Ljava/lang/String;
09-18 16:15:52.544  5265  5265 D M_InsDal: Lcom/ichi2/anki/CollectionHelper;--->getCurrentAnkiDroidDirectory(Landroid/content/Context;)Ljava/lang/String;
09-18 16:15:52.544  5265  5265 D M_InsDal: Lcom/ichi2/anki/CollectionHelper;--->getDefaultAnkiDroidDirectory()Ljava/lang/String;
09-18 16:15:52.544  5265  5330 D M_InsDal: Lcom/ichi2/anki/stats/AnkiStatsTaskHandler$CreateChartTask;--->doInBackground([Landroid/view/View;)Lcom/wildplot/android/rendering/PlotSheet;
09-18 16:15:52.544  5265  5330 D M_InsDal: Lcom/ichi2/anki/stats/ChartBuilder;---><init>(Lcom/ichi2/anki/stats/ChartView;Lcom/ichi2/libanki/Collection;ZLcom/ichi2/libanki/Stats$ChartType;)V
09-18 16:15:52.544  5265  5330 D M_InsDal: Lcom/ichi2/anki/stats/ChartBuilder;--->renderChart(Lcom/ichi2/libanki/Stats$AxisType;)Lcom/wildplot/android/rendering/PlotSheet;
09-18 16:15:52.544  5265  5330 D M_InsDal: Lcom/ichi2/anki/stats/ChartBuilder;--->calcStats(Lcom/ichi2/libanki/Stats$AxisType;)V
09-18 16:15:52.545  5265  5265 D M_InsDal: Lcom/ichi2/anki/CollectionHelper;--->colIsOpen()Z
09-18 16:15:52.545  5265  5265 D M_InsDal: Lcom/ichi2/anki/Statistics$ChartFragment;--->isWholeCollection()Z
09-18 16:15:52.545  5265  5265 D M_InsDal: Lcom/ichi2/anki/CollectionHelper;--->getInstance()Lcom/ichi2/anki/CollectionHelper;
09-18 16:15:52.545  5265  5265 D M_InsDal: Lcom/ichi2/anki/CollectionHelper;--->getCol(Landroid/content/Context;)Lcom/ichi2/libanki/Collection;
09-18 16:15:52.545  5265  5265 D M_InsDal: Lcom/ichi2/anki/CollectionHelper;--->getCollectionPath(Landroid/content/Context;)Ljava/lang/String;
09-18 16:15:52.545  5265  5265 D M_InsDal: Lcom/ichi2/anki/CollectionHelper;--->getCurrentAnkiDroidDirectory(Landroid/content/Context;)Ljava/lang/String;
09-18 16:15:52.545  5265  5265 D M_InsDal: Lcom/ichi2/anki/CollectionHelper;--->getDefaultAnkiDroidDirectory()Ljava/lang/String;
09-18 16:15:52.545  5265  5265 D M_InsDal: Lcom/ichi2/anki/CollectionHelper;--->colIsOpen()Z
