--------- beginning of main
--------- beginning of system
09-18 16:16:45.311  5623  5623 D M_InsDal: Lcom/ichi2/anki/AnkiDroidApp;---><clinit>()V
09-18 16:16:45.311  5623  5623 D M_InsDal: Lcom/ichi2/anki/AnkiDroidApp;---><init>()V
09-18 16:16:45.311  5623  5623 D M_InsDal: Lcom/ichi2/anki/provider/CardContentProvider;---><clinit>()V
09-18 16:16:45.311  5623  5623 D M_InsDal: Lcom/ichi2/anki/FlashCardsContract$Note;---><clinit>()V
09-18 16:16:45.311  5623  5623 D M_InsDal: Lcom/ichi2/anki/FlashCardsContract;---><clinit>()V
09-18 16:16:45.311  5623  5623 D M_InsDal: Lcom/ichi2/anki/provider/CardContentProvider;---><init>()V
09-18 16:16:45.311  5623  5623 D M_InsDal: Lcom/ichi2/anki/provider/CardContentProvider;--->onCreate()Z
09-18 16:16:45.315  5623  5623 D M_InsDal: Lcom/ichi2/anki/AnkiDroidApp;--->onCreate()V
09-18 16:16:45.315  5623  5623 D M_InsDal: Lcom/ichi2/anki/AnkiDroidApp;--->getSharedPrefs(Landroid/content/Context;)Landroid/content/SharedPreferences;
09-18 16:16:45.323  5623  5623 D M_InsDal: Lcom/ichi2/anki/AnkiDroidApp$ProductionCrashReportingTree;---><clinit>()V
09-18 16:16:45.323  5623  5623 D M_InsDal: Lcom/ichi2/anki/AnkiDroidApp$ProductionCrashReportingTree;---><init>()V
09-18 16:16:45.323  5623  5623 D M_InsDal: Lcom/ichi2/anki/AnkiDroidApp;--->setAcraReportingMode(Ljava/lang/String;)V
09-18 16:16:45.323  5623  5623 D M_InsDal: Lcom/ichi2/anki/AnkiDroidApp;--->setLanguage(Ljava/lang/String;)V
09-18 16:16:45.323  5623  5623 D M_InsDal: Lcom/ichi2/anki/AnkiDroidApp;--->getInstance()Lcom/ichi2/anki/AnkiDroidApp;
09-18 16:16:45.323  5623  5623 D M_InsDal: Lcom/ichi2/anki/AnkiDroidApp;--->getInstance()Lcom/ichi2/anki/AnkiDroidApp;
09-18 16:16:45.323  5623  5623 D M_InsDal: Lcom/ichi2/anki/AnkiDroidApp;--->getSharedPrefs(Landroid/content/Context;)Landroid/content/SharedPreferences;
09-18 16:16:45.323  5623  5623 D M_InsDal: Lcom/ichi2/anki/AnkiDroidApp;--->getInstance()Lcom/ichi2/anki/AnkiDroidApp;
09-18 16:16:45.323  5623  5623 D M_InsDal: Lcom/ichi2/anki/AnkiDroidApp;--->getInstance()Lcom/ichi2/anki/AnkiDroidApp;
09-18 16:16:45.396  5623  5623 D M_InsDal: Lcom/ichi2/anki/CollectionHelper;--->hasStorageAccessPermission(Landroid/content/Context;)Z
09-18 16:16:45.396  5623  5623 D M_InsDal: Lcom/ichi2/anki/CollectionHelper;--->getCurrentAnkiDroidDirectory(Landroid/content/Context;)Ljava/lang/String;
09-18 16:16:45.396  5623  5623 D M_InsDal: Lcom/ichi2/anki/CollectionHelper;--->getDefaultAnkiDroidDirectory()Ljava/lang/String;
09-18 16:16:45.396  5623  5623 D M_InsDal: Lcom/ichi2/anki/CollectionHelper;--->initializeAnkiDroidDirectory(Ljava/lang/String;)V
09-18 16:16:45.400  5623  5623 D M_InsDal: Lcom/ichi2/anki/Statistics;---><init>()V
09-18 16:16:45.400  5623  5623 D M_InsDal: Lcom/ichi2/anki/NavigationDrawerActivity;---><init>()V
09-18 16:16:45.400  5623  5623 D M_InsDal: Lcom/ichi2/anki/AnkiActivity;---><init>()V
09-18 16:16:45.400  5623  5623 D M_InsDal: Lcom/ichi2/anki/dialogs/DialogHandler;---><init>(Lcom/ichi2/anki/AnkiActivity;)V
09-18 16:16:45.402  5623  5623 D M_InsDal: Lcom/ichi2/anki/Statistics;--->onCreate(Landroid/os/Bundle;)V
09-18 16:16:45.402  5623  5623 D M_InsDal: Lcom/ichi2/anki/AnkiActivity;--->onCreate(Landroid/os/Bundle;)V
09-18 16:16:45.402  5623  5623 D M_InsDal: Lcom/ichi2/anki/AnkiDroidApp;--->getSharedPrefs(Landroid/content/Context;)Landroid/content/SharedPreferences;
09-18 16:16:45.450  5623  5623 D M_InsDal: Lcom/ichi2/anki/NavigationDrawerActivity;--->initNavigationDrawer(Landroid/view/View;)V
09-18 16:16:45.452  5623  5623 D M_InsDal: Lcom/ichi2/anki/NavigationDrawerActivity$1;---><init>(Lcom/ichi2/anki/NavigationDrawerActivity;)V
09-18 16:16:45.452  5623  5623 D M_InsDal: Lcom/ichi2/anki/AnkiDroidApp;--->getSharedPrefs(Landroid/content/Context;)Landroid/content/SharedPreferences;
09-18 16:16:45.453  5623  5623 D M_InsDal: Lcom/ichi2/anki/NavigationDrawerActivity$2;---><init>(Lcom/ichi2/anki/NavigationDrawerActivity;Landroid/content/SharedPreferences;)V
09-18 16:16:45.453  5623  5623 D M_InsDal: Lcom/ichi2/anki/NavigationDrawerActivity$3;---><init>(Lcom/ichi2/anki/NavigationDrawerActivity;Landroid/app/Activity;Landroid/support/v4/widget/DrawerLayout;II)V
09-18 16:16:45.453  5623  5623 D M_InsDal: Lcom/ichi2/anki/AnkiActivity;--->startLoadingCollection()V
09-18 16:16:45.453  5623  5623 D M_InsDal: Lcom/ichi2/anki/AnkiActivity;--->colIsOpen()Z
09-18 16:16:45.453  5623  5623 D M_InsDal: Lcom/ichi2/anki/CollectionHelper;--->getInstance()Lcom/ichi2/anki/CollectionHelper;
09-18 16:16:45.453  5623  5623 D M_InsDal: Lcom/ichi2/anki/CollectionHelper$LazyHolder;---><clinit>()V
09-18 16:16:45.453  5623  5623 D M_InsDal: Lcom/ichi2/anki/CollectionHelper;---><init>()V
09-18 16:16:45.453  5623  5623 D M_InsDal: Lcom/ichi2/anki/CollectionHelper;--->colIsOpen()Z
09-18 16:16:45.453  5623  5623 D M_InsDal: Lcom/ichi2/anki/AnkiActivity;--->showProgressBar()V
09-18 16:16:45.453  5623  5623 D M_InsDal: Lcom/ichi2/anki/AnkiActivity;--->onCreateLoader(ILandroid/os/Bundle;)Landroid/support/v4/content/Loader;
09-18 16:16:45.455  5623  5623 D M_InsDal: Lcom/ichi2/anki/CollectionHelper;--->getInstance()Lcom/ichi2/anki/CollectionHelper;
09-18 16:16:45.455  5623  5623 D M_InsDal: Lcom/ichi2/anki/CollectionHelper;--->isCollectionLocked()Z
09-18 16:16:45.455  5623  5623 D M_InsDal: Lcom/ichi2/anki/AnkiActivity;--->onStart()V
09-18 16:16:45.455  5623  5647 D M_InsDal: Lcom/ichi2/anki/CollectionHelper;--->getInstance()Lcom/ichi2/anki/CollectionHelper;
09-18 16:16:45.455  5623  5647 D M_InsDal: Lcom/ichi2/anki/CollectionHelper;--->getCol(Landroid/content/Context;)Lcom/ichi2/libanki/Collection;
09-18 16:16:45.455  5623  5647 D M_InsDal: Lcom/ichi2/anki/CollectionHelper;--->getCollectionPath(Landroid/content/Context;)Ljava/lang/String;
09-18 16:16:45.455  5623  5647 D M_InsDal: Lcom/ichi2/anki/CollectionHelper;--->getCurrentAnkiDroidDirectory(Landroid/content/Context;)Ljava/lang/String;
09-18 16:16:45.455  5623  5647 D M_InsDal: Lcom/ichi2/anki/CollectionHelper;--->getDefaultAnkiDroidDirectory()Ljava/lang/String;
09-18 16:16:45.456  5623  5647 D M_InsDal: Lcom/ichi2/anki/CollectionHelper;--->colIsOpen()Z
09-18 16:16:45.456  5623  5647 D M_InsDal: Lcom/ichi2/anki/CollectionHelper;--->getParentDirectory(Ljava/lang/String;)Ljava/lang/String;
09-18 16:16:45.456  5623  5647 D M_InsDal: Lcom/ichi2/anki/CollectionHelper;--->initializeAnkiDroidDirectory(Ljava/lang/String;)V
09-18 16:16:45.456  5623  5647 D M_InsDal: Lcom/ichi2/anki/AnkiDroidApp$ProductionCrashReportingTree;--->i(Ljava/lang/String;[Ljava/lang/Object;)V
09-18 16:16:45.456  5623  5647 D M_InsDal: Lcom/ichi2/anki/AnkiDroidApp$ProductionCrashReportingTree;--->formatString(Ljava/lang/String;[Ljava/lang/Object;)Ljava/lang/String;
09-18 16:16:45.456  5623  5623 D M_InsDal: Lcom/ichi2/anki/NavigationDrawerActivity;--->onPostCreate(Landroid/os/Bundle;)V
09-18 16:16:45.456  5623  5623 D M_InsDal: Lcom/ichi2/anki/Statistics;--->onResume()V
09-18 16:16:45.456  5623  5623 D M_InsDal: Lcom/ichi2/anki/NavigationDrawerActivity;--->selectNavigationItem(I)V
09-18 16:16:45.457  5623  5623 D M_InsDal: Lcom/ichi2/anki/AnkiActivity;--->onResume()V
09-18 16:16:45.458  5623  5623 D M_InsDal: Lcom/ichi2/anki/dialogs/DialogHandler;--->readMessage()V
09-18 16:16:45.463  5623  5647 D M_InsDal: Lcom/ichi2/anki/AnkiDroidApp;--->getInstance()Lcom/ichi2/anki/AnkiDroidApp;
09-18 16:16:45.497  5623  5623 D M_InsDal: Lcom/ichi2/anki/AnkiActivity;--->onLoadFinished(Landroid/support/v4/content/Loader;Lcom/ichi2/libanki/Collection;)V
09-18 16:16:45.497  5623  5623 D M_InsDal: Lcom/ichi2/anki/AnkiActivity;--->hideProgressBar()V
09-18 16:16:45.497  5623  5623 D M_InsDal: Lcom/ichi2/anki/AnkiActivity;--->colIsOpen()Z
09-18 16:16:45.497  5623  5623 D M_InsDal: Lcom/ichi2/anki/CollectionHelper;--->getInstance()Lcom/ichi2/anki/CollectionHelper;
09-18 16:16:45.497  5623  5623 D M_InsDal: Lcom/ichi2/anki/CollectionHelper;--->colIsOpen()Z
09-18 16:16:45.497  5623  5623 D M_InsDal: Lcom/ichi2/anki/Statistics;--->onCollectionLoaded(Lcom/ichi2/libanki/Collection;)V
09-18 16:16:45.497  5623  5623 D M_InsDal: Lcom/ichi2/anki/AnkiActivity;--->getCol()Lcom/ichi2/libanki/Collection;
09-18 16:16:45.497  5623  5623 D M_InsDal: Lcom/ichi2/anki/CollectionHelper;--->getInstance()Lcom/ichi2/anki/CollectionHelper;
09-18 16:16:45.497  5623  5623 D M_InsDal: Lcom/ichi2/anki/CollectionHelper;--->getCol(Landroid/content/Context;)Lcom/ichi2/libanki/Collection;
09-18 16:16:45.497  5623  5623 D M_InsDal: Lcom/ichi2/anki/CollectionHelper;--->getCollectionPath(Landroid/content/Context;)Ljava/lang/String;
09-18 16:16:45.497  5623  5623 D M_InsDal: Lcom/ichi2/anki/CollectionHelper;--->getCurrentAnkiDroidDirectory(Landroid/content/Context;)Ljava/lang/String;
09-18 16:16:45.497  5623  5623 D M_InsDal: Lcom/ichi2/anki/CollectionHelper;--->getDefaultAnkiDroidDirectory()Ljava/lang/String;
09-18 16:16:45.498  5623  5623 D M_InsDal: Lcom/ichi2/anki/CollectionHelper;--->colIsOpen()Z
09-18 16:16:45.498  5623  5623 D M_InsDal: Lcom/ichi2/anki/widgets/DeckDropDownAdapter;---><init>(Landroid/content/Context;Ljava/util/ArrayList;)V
09-18 16:16:45.498  5623  5623 D M_InsDal: Lcom/ichi2/anki/widgets/DeckDropDownAdapter;--->getCount()I
09-18 16:16:45.498  5623  5623 D M_InsDal: Lcom/ichi2/anki/widgets/DeckDropDownAdapter;--->getCount()I
09-18 16:16:45.498  5623  5623 D M_InsDal: Lcom/ichi2/anki/widgets/DeckDropDownAdapter;--->getItemId(I)J
09-18 16:16:45.498  5623  5623 D M_InsDal: Lcom/ichi2/anki/widgets/DeckDropDownAdapter;--->getItemId(I)J
09-18 16:16:45.498  5623  5623 D M_InsDal: Lcom/ichi2/anki/Statistics$1;---><init>(Lcom/ichi2/anki/Statistics;)V
09-18 16:16:45.498  5623  5623 D M_InsDal: Lcom/ichi2/anki/stats/AnkiStatsTaskHandler;---><clinit>()V
09-18 16:16:45.498  5623  5623 D M_InsDal: Lcom/ichi2/anki/stats/AnkiStatsTaskHandler;---><init>(Lcom/ichi2/libanki/Collection;)V
09-18 16:16:45.498  5623  5623 D M_InsDal: Lcom/ichi2/anki/Statistics$SectionsPagerAdapter;---><init>(Lcom/ichi2/anki/Statistics;Landroid/support/v4/app/FragmentManager;)V
09-18 16:16:45.498  5623  5623 D M_InsDal: Lcom/ichi2/anki/Statistics$SectionsPagerAdapter;--->getCount()I
09-18 16:16:45.498  5623  5623 D M_InsDal: Lcom/ichi2/anki/Statistics$SectionsPagerAdapter;--->getCount()I
09-18 16:16:45.498  5623  5623 D M_InsDal: Lcom/ichi2/anki/Statistics$SectionsPagerAdapter;--->getItem(I)Landroid/support/v4/app/Fragment;
09-18 16:16:45.498  5623  5623 D M_InsDal: Lcom/ichi2/anki/Statistics$StatisticFragment;--->newInstance(I)Lcom/ichi2/anki/Statistics$StatisticFragment;
09-18 16:16:45.498  5623  5623 D M_InsDal: Lcom/ichi2/anki/Statistics$OverviewStatisticsFragment;---><init>()V
09-18 16:16:45.498  5623  5623 D M_InsDal: Lcom/ichi2/anki/Statistics$StatisticFragment;---><init>()V
09-18 16:16:45.498  5623  5623 D M_InsDal: Lcom/ichi2/anki/Statistics$OverviewStatisticsFragment;--->checkAndUpdate()V
09-18 16:16:45.498  5623  5623 D M_InsDal: Lcom/ichi2/anki/Statistics$SectionsPagerAdapter;--->getItem(I)Landroid/support/v4/app/Fragment;
09-18 16:16:45.498  5623  5623 D M_InsDal: Lcom/ichi2/anki/Statistics$StatisticFragment;--->newInstance(I)Lcom/ichi2/anki/Statistics$StatisticFragment;
09-18 16:16:45.498  5623  5623 D M_InsDal: Lcom/ichi2/anki/Statistics$ChartFragment;---><init>()V
09-18 16:16:45.498  5623  5623 D M_InsDal: Lcom/ichi2/anki/Statistics$StatisticFragment;---><init>()V
09-18 16:16:45.498  5623  5623 D M_InsDal: Lcom/ichi2/anki/Statistics$ChartFragment;--->checkAndUpdate()V
09-18 16:16:45.499  5623  5623 D M_InsDal: Lcom/ichi2/anki/Statistics$SectionsPagerAdapter;--->getCount()I
09-18 16:16:45.499  5623  5623 D M_InsDal: Lcom/ichi2/anki/Statistics$OverviewStatisticsFragment;--->onCreateView(Landroid/view/LayoutInflater;Landroid/view/ViewGroup;Landroid/os/Bundle;)Landroid/view/View;
09-18 16:16:45.586  5623  5623 D M_InsDal: Lcom/ichi2/anki/Statistics;--->getTaskHandler()Lcom/ichi2/anki/stats/AnkiStatsTaskHandler;
09-18 16:16:45.587  5623  5623 D M_InsDal: Lcom/ichi2/anki/Statistics$OverviewStatisticsFragment;--->createStatisticOverview()V
09-18 16:16:45.587  5623  5623 D M_InsDal: Lcom/ichi2/anki/Statistics;--->getTaskHandler()Lcom/ichi2/anki/stats/AnkiStatsTaskHandler;
09-18 16:16:45.587  5623  5623 D M_InsDal: Lcom/ichi2/anki/stats/AnkiStatsTaskHandler;--->createStatisticsOverview([Landroid/view/View;)Lcom/ichi2/anki/stats/AnkiStatsTaskHandler$CreateStatisticsOverview;
09-18 16:16:45.587  5623  5623 D M_InsDal: Lcom/ichi2/anki/stats/AnkiStatsTaskHandler$CreateStatisticsOverview;---><init>(Lcom/ichi2/anki/stats/AnkiStatsTaskHandler;)V
09-18 16:16:45.587  5623  5623 D M_InsDal: Lcom/ichi2/anki/stats/AnkiStatsTaskHandler;--->getStatType()Lcom/ichi2/libanki/Stats$AxisType;
09-18 16:16:45.587  5623  5623 D M_InsDal: Lcom/ichi2/anki/Statistics;--->getViewPager()Landroid/support/v4/view/ViewPager;
09-18 16:16:45.587  5623  5623 D M_InsDal: Lcom/ichi2/anki/Statistics;--->getSectionsPagerAdapter()Lcom/ichi2/anki/Statistics$SectionsPagerAdapter;
09-18 16:16:45.587  5623  5623 D M_InsDal: Lcom/ichi2/anki/CollectionHelper;--->getInstance()Lcom/ichi2/anki/CollectionHelper;
09-18 16:16:45.587  5623  5623 D M_InsDal: Lcom/ichi2/anki/CollectionHelper;--->getCol(Landroid/content/Context;)Lcom/ichi2/libanki/Collection;
09-18 16:16:45.587  5623  5623 D M_InsDal: Lcom/ichi2/anki/CollectionHelper;--->getCollectionPath(Landroid/content/Context;)Ljava/lang/String;
09-18 16:16:45.587  5623  5623 D M_InsDal: Lcom/ichi2/anki/CollectionHelper;--->getCurrentAnkiDroidDirectory(Landroid/content/Context;)Ljava/lang/String;
09-18 16:16:45.587  5623  5623 D M_InsDal: Lcom/ichi2/anki/CollectionHelper;--->getDefaultAnkiDroidDirectory()Ljava/lang/String;
09-18 16:16:45.587  5623  5681 D M_InsDal: Lcom/ichi2/anki/stats/AnkiStatsTaskHandler$CreateStatisticsOverview;--->doInBackground([Landroid/view/View;)Ljava/lang/String;
09-18 16:16:45.587  5623  5681 D M_InsDal: Lcom/ichi2/anki/stats/OverviewStatsBuilder;---><init>(Landroid/webkit/WebView;Lcom/ichi2/libanki/Collection;ZLcom/ichi2/libanki/Stats$AxisType;)V
09-18 16:16:45.587  5623  5681 D M_InsDal: Lcom/ichi2/anki/stats/OverviewStatsBuilder;--->createInfoHtmlString()Ljava/lang/String;
09-18 16:16:45.587  5623  5681 D M_InsDal: Lcom/ichi2/anki/stats/OverviewStatsBuilder;--->appendTodaysStats(Ljava/lang/StringBuilder;)V
09-18 16:16:45.588  5623  5623 D M_InsDal: Lcom/ichi2/anki/CollectionHelper;--->colIsOpen()Z
09-18 16:16:45.588  5623  5623 D M_InsDal: Lcom/ichi2/anki/Statistics$OverviewStatisticsFragment;--->isWholeCollection()Z
09-18 16:16:45.588  5623  5681 D M_InsDal: Lcom/ichi2/anki/stats/OverviewStatsBuilder;--->_title(Ljava/lang/String;)Ljava/lang/String;
09-18 16:16:45.589  5623  5681 D M_InsDal: Lcom/ichi2/anki/stats/OverviewStatsBuilder;--->appendOverViewStats(Ljava/lang/StringBuilder;)V
09-18 16:16:45.589  5623  5681 D M_InsDal: Lcom/ichi2/anki/stats/OverviewStatsBuilder$OverviewStats;---><init>(Lcom/ichi2/anki/stats/OverviewStatsBuilder;)V
09-18 16:16:45.591  5623  5681 D M_InsDal: Lcom/ichi2/anki/stats/OverviewStatsBuilder;--->_title(Ljava/lang/String;)Ljava/lang/String;
09-18 16:16:45.591  5623  5681 D M_InsDal: Lcom/ichi2/anki/stats/OverviewStatsBuilder;--->calculateForecastOverview(Lcom/ichi2/libanki/Stats$AxisType;Lcom/ichi2/anki/stats/OverviewStatsBuilder$OverviewStats;)V
09-18 16:16:45.591  5623  5681 D M_InsDal: Lcom/ichi2/anki/stats/OverviewStatsBuilder$1;---><clinit>()V
09-18 16:16:45.591  5623  5681 D M_InsDal: Lcom/ichi2/anki/stats/OverviewStatsBuilder;--->_due(Ljava/lang/Integer;Ljava/lang/Integer;I)Ljava/util/List;
09-18 16:16:45.591  5623  5681 D M_InsDal: Lcom/ichi2/anki/stats/OverviewStatsBuilder;--->_limit()Ljava/lang/String;
09-18 16:16:45.591  5623  5681 D M_InsDal: Lcom/ichi2/anki/stats/OverviewStatsBuilder;--->_limit()Ljava/lang/String;
09-18 16:16:45.591  5623  5681 D M_InsDal: Lcom/ichi2/anki/stats/OverviewStatsBuilder;--->_subtitle(Ljava/lang/String;)Ljava/lang/String;
09-18 16:16:45.592  5623  5681 D M_InsDal: Lcom/ichi2/anki/stats/OverviewStatsBuilder;--->_subtitle(Ljava/lang/String;)Ljava/lang/String;
09-18 16:16:45.594  5623  5623 D M_InsDal: Lcom/ichi2/anki/Statistics$ChartFragment;--->onCreate(Landroid/os/Bundle;)V
09-18 16:16:45.594  5623  5623 D M_InsDal: Lcom/ichi2/anki/Statistics$ChartFragment;--->onCreateView(Landroid/view/LayoutInflater;Landroid/view/ViewGroup;Landroid/os/Bundle;)Landroid/view/View;
09-18 16:16:45.595  5623  5623 D M_InsDal: Lcom/ichi2/anki/stats/ChartView;---><init>(Landroid/content/Context;Landroid/util/AttributeSet;)V
09-18 16:16:45.595  5623  5623 D M_InsDal: Lcom/ichi2/anki/Statistics;--->getTaskHandler()Lcom/ichi2/anki/stats/AnkiStatsTaskHandler;
09-18 16:16:45.595  5623  5623 D M_InsDal: Lcom/ichi2/anki/Statistics$ChartFragment;--->createChart()V
09-18 16:16:45.595  5623  5623 D M_InsDal: Lcom/ichi2/anki/Statistics;--->getTaskHandler()Lcom/ichi2/anki/stats/AnkiStatsTaskHandler;
09-18 16:16:45.595  5623  5623 D M_InsDal: Lcom/ichi2/anki/stats/AnkiStatsTaskHandler;--->createChart(Lcom/ichi2/libanki/Stats$ChartType;[Landroid/view/View;)Lcom/ichi2/anki/stats/AnkiStatsTaskHandler$CreateChartTask;
09-18 16:16:45.595  5623  5623 D M_InsDal: Lcom/ichi2/anki/stats/AnkiStatsTaskHandler$CreateChartTask;---><init>(Lcom/ichi2/anki/stats/AnkiStatsTaskHandler;Lcom/ichi2/libanki/Stats$ChartType;)V
09-18 16:16:45.595  5623  5623 D M_InsDal: Lcom/ichi2/anki/stats/ChartView;--->addFragment(Lcom/ichi2/anki/Statistics$ChartFragment;)V
09-18 16:16:45.595  5623  5623 D M_InsDal: Lcom/ichi2/anki/Statistics;--->getTaskHandler()Lcom/ichi2/anki/stats/AnkiStatsTaskHandler;
09-18 16:16:45.595  5623  5623 D M_InsDal: Lcom/ichi2/anki/stats/AnkiStatsTaskHandler;--->getStatType()Lcom/ichi2/libanki/Stats$AxisType;
09-18 16:16:45.595  5623  5623 D M_InsDal: Lcom/ichi2/anki/Statistics;--->getViewPager()Landroid/support/v4/view/ViewPager;
09-18 16:16:45.595  5623  5623 D M_InsDal: Lcom/ichi2/anki/Statistics;--->getSectionsPagerAdapter()Lcom/ichi2/anki/Statistics$SectionsPagerAdapter;
09-18 16:16:45.595  5623  5623 D M_InsDal: Lcom/ichi2/anki/CollectionHelper;--->getInstance()Lcom/ichi2/anki/CollectionHelper;
09-18 16:16:45.595  5623  5623 D M_InsDal: Lcom/ichi2/anki/CollectionHelper;--->getCol(Landroid/content/Context;)Lcom/ichi2/libanki/Collection;
09-18 16:16:45.595  5623  5623 D M_InsDal: Lcom/ichi2/anki/CollectionHelper;--->getCollectionPath(Landroid/content/Context;)Ljava/lang/String;
09-18 16:16:45.595  5623  5623 D M_InsDal: Lcom/ichi2/anki/CollectionHelper;--->getCurrentAnkiDroidDirectory(Landroid/content/Context;)Ljava/lang/String;
09-18 16:16:45.595  5623  5623 D M_InsDal: Lcom/ichi2/anki/CollectionHelper;--->getDefaultAnkiDroidDirectory()Ljava/lang/String;
09-18 16:16:45.595  5623  5682 D M_InsDal: Lcom/ichi2/anki/stats/AnkiStatsTaskHandler$CreateChartTask;--->doInBackground([Landroid/view/View;)Lcom/wildplot/android/rendering/PlotSheet;
09-18 16:16:45.595  5623  5682 D M_InsDal: Lcom/ichi2/anki/stats/ChartBuilder;---><init>(Lcom/ichi2/anki/stats/ChartView;Lcom/ichi2/libanki/Collection;ZLcom/ichi2/libanki/Stats$ChartType;)V
09-18 16:16:45.595  5623  5682 D M_InsDal: Lcom/ichi2/anki/stats/ChartBuilder;--->renderChart(Lcom/ichi2/libanki/Stats$AxisType;)Lcom/wildplot/android/rendering/PlotSheet;
09-18 16:16:45.595  5623  5682 D M_InsDal: Lcom/ichi2/anki/stats/ChartBuilder;--->calcStats(Lcom/ichi2/libanki/Stats$AxisType;)V
09-18 16:16:45.595  5623  5682 D M_InsDal: Lcom/ichi2/anki/stats/ChartBuilder$1;---><clinit>()V
09-18 16:16:45.596  5623  5682 D M_InsDal: Lcom/ichi2/anki/stats/StatsMetaInfo;---><init>()V
09-18 16:16:45.596  5623  5682 D M_InsDal: Lcom/ichi2/anki/stats/StatsMetaInfo;--->isStatsCalculated()Z
09-18 16:16:45.596  5623  5623 D M_InsDal: Lcom/ichi2/anki/CollectionHelper;--->colIsOpen()Z
09-18 16:16:45.596  5623  5623 D M_InsDal: Lcom/ichi2/anki/Statistics$ChartFragment;--->isWholeCollection()Z
09-18 16:16:45.596  5623  5623 D M_InsDal: Lcom/ichi2/anki/CollectionHelper;--->getInstance()Lcom/ichi2/anki/CollectionHelper;
09-18 16:16:45.596  5623  5623 D M_InsDal: Lcom/ichi2/anki/CollectionHelper;--->getCol(Landroid/content/Context;)Lcom/ichi2/libanki/Collection;
09-18 16:16:45.596  5623  5623 D M_InsDal: Lcom/ichi2/anki/CollectionHelper;--->getCollectionPath(Landroid/content/Context;)Ljava/lang/String;
09-18 16:16:45.596  5623  5623 D M_InsDal: Lcom/ichi2/anki/CollectionHelper;--->getCurrentAnkiDroidDirectory(Landroid/content/Context;)Ljava/lang/String;
09-18 16:16:45.596  5623  5623 D M_InsDal: Lcom/ichi2/anki/CollectionHelper;--->getDefaultAnkiDroidDirectory()Ljava/lang/String;
09-18 16:16:45.596  5623  5623 D M_InsDal: Lcom/ichi2/anki/CollectionHelper;--->colIsOpen()Z
09-18 16:16:45.596  5623  5623 D M_InsDal: Lcom/ichi2/anki/Statistics$StatisticFragment;--->onResume()V
09-18 16:16:45.596  5623  5623 D M_InsDal: Lcom/ichi2/anki/Statistics$OverviewStatisticsFragment;--->checkAndUpdate()V
09-18 16:16:45.596  5623  5623 D M_InsDal: Lcom/ichi2/anki/CollectionHelper;--->getInstance()Lcom/ichi2/anki/CollectionHelper;
09-18 16:16:45.596  5623  5623 D M_InsDal: Lcom/ichi2/anki/CollectionHelper;--->getCol(Landroid/content/Context;)Lcom/ichi2/libanki/Collection;
09-18 16:16:45.597  5623  5623 D M_InsDal: Lcom/ichi2/anki/CollectionHelper;--->getCollectionPath(Landroid/content/Context;)Ljava/lang/String;
09-18 16:16:45.597  5623  5623 D M_InsDal: Lcom/ichi2/anki/CollectionHelper;--->getCurrentAnkiDroidDirectory(Landroid/content/Context;)Ljava/lang/String;
09-18 16:16:45.597  5623  5623 D M_InsDal: Lcom/ichi2/anki/CollectionHelper;--->getDefaultAnkiDroidDirectory()Ljava/lang/String;
09-18 16:16:45.597  5623  5623 D M_InsDal: Lcom/ichi2/anki/CollectionHelper;--->colIsOpen()Z
09-18 16:16:45.597  5623  5623 D M_InsDal: Lcom/ichi2/anki/Statistics;--->getTaskHandler()Lcom/ichi2/anki/stats/AnkiStatsTaskHandler;
09-18 16:16:45.597  5623  5623 D M_InsDal: Lcom/ichi2/anki/stats/AnkiStatsTaskHandler;--->getStatType()Lcom/ichi2/libanki/Stats$AxisType;
09-18 16:16:45.597  5623  5623 D M_InsDal: Lcom/ichi2/anki/Statistics$OverviewStatisticsFragment;--->isWholeCollection()Z
09-18 16:16:45.598  5623  5623 D M_InsDal: Lcom/ichi2/anki/Statistics$StatisticFragment;--->onResume()V
09-18 16:16:45.598  5623  5623 D M_InsDal: Lcom/ichi2/anki/Statistics$ChartFragment;--->checkAndUpdate()V
09-18 16:16:45.598  5623  5623 D M_InsDal: Lcom/ichi2/anki/Statistics$SectionsPagerAdapter;--->getCount()I
09-18 16:16:45.598  5623  5623 D M_InsDal: Lcom/ichi2/anki/Statistics$SectionsPagerAdapter;--->getItem(I)Landroid/support/v4/app/Fragment;
09-18 16:16:45.598  5623  5623 D M_InsDal: Lcom/ichi2/anki/Statistics$StatisticFragment;--->newInstance(I)Lcom/ichi2/anki/Statistics$StatisticFragment;
09-18 16:16:45.598  5623  5623 D M_InsDal: Lcom/ichi2/anki/Statistics$ChartFragment;---><init>()V
09-18 16:16:45.598  5623  5623 D M_InsDal: Lcom/ichi2/anki/Statistics$StatisticFragment;---><init>()V
09-18 16:16:45.598  5623  5623 D M_InsDal: Lcom/ichi2/anki/Statistics$ChartFragment;--->checkAndUpdate()V
09-18 16:16:45.598  5623  5623 D M_InsDal: Lcom/ichi2/anki/Statistics$SectionsPagerAdapter;--->getItem(I)Landroid/support/v4/app/Fragment;
09-18 16:16:45.598  5623  5623 D M_InsDal: Lcom/ichi2/anki/Statistics$StatisticFragment;--->newInstance(I)Lcom/ichi2/anki/Statistics$StatisticFragment;
09-18 16:16:45.598  5623  5623 D M_InsDal: Lcom/ichi2/anki/Statistics$ChartFragment;---><init>()V
09-18 16:16:45.598  5623  5623 D M_InsDal: Lcom/ichi2/anki/Statistics$StatisticFragment;---><init>()V
09-18 16:16:45.598  5623  5623 D M_InsDal: Lcom/ichi2/anki/Statistics$ChartFragment;--->checkAndUpdate()V
09-18 16:16:45.598  5623  5623 D M_InsDal: Lcom/ichi2/anki/Statistics$SectionsPagerAdapter;--->getItem(I)Landroid/support/v4/app/Fragment;
09-18 16:16:45.598  5623  5623 D M_InsDal: Lcom/ichi2/anki/Statistics$StatisticFragment;--->newInstance(I)Lcom/ichi2/anki/Statistics$StatisticFragment;
09-18 16:16:45.598  5623  5623 D M_InsDal: Lcom/ichi2/anki/Statistics$ChartFragment;---><init>()V
09-18 16:16:45.598  5623  5623 D M_InsDal: Lcom/ichi2/anki/Statistics$StatisticFragment;---><init>()V
09-18 16:16:45.598  5623  5623 D M_InsDal: Lcom/ichi2/anki/Statistics$ChartFragment;--->checkAndUpdate()V
09-18 16:16:45.599  5623  5623 D M_InsDal: Lcom/ichi2/anki/Statistics$SectionsPagerAdapter;--->getItem(I)Landroid/support/v4/app/Fragment;
09-18 16:16:45.599  5623  5623 D M_InsDal: Lcom/ichi2/anki/Statistics$StatisticFragment;--->newInstance(I)Lcom/ichi2/anki/Statistics$StatisticFragment;
09-18 16:16:45.599  5623  5623 D M_InsDal: Lcom/ichi2/anki/Statistics$ChartFragment;---><init>()V
09-18 16:16:45.599  5623  5623 D M_InsDal: Lcom/ichi2/anki/Statistics$StatisticFragment;---><init>()V
09-18 16:16:45.599  5623  5623 D M_InsDal: Lcom/ichi2/anki/Statistics$ChartFragment;--->checkAndUpdate()V
09-18 16:16:45.599  5623  5623 D M_InsDal: Lcom/ichi2/anki/Statistics$SectionsPagerAdapter;--->getItem(I)Landroid/support/v4/app/Fragment;
09-18 16:16:45.599  5623  5623 D M_InsDal: Lcom/ichi2/anki/Statistics$StatisticFragment;--->newInstance(I)Lcom/ichi2/anki/Statistics$StatisticFragment;
09-18 16:16:45.599  5623  5623 D M_InsDal: Lcom/ichi2/anki/Statistics$ChartFragment;---><init>()V
09-18 16:16:45.599  5623  5623 D M_InsDal: Lcom/ichi2/anki/Statistics$StatisticFragment;---><init>()V
09-18 16:16:45.599  5623  5623 D M_InsDal: Lcom/ichi2/anki/Statistics$ChartFragment;--->checkAndUpdate()V
09-18 16:16:45.599  5623  5623 D M_InsDal: Lcom/ichi2/anki/Statistics$SectionsPagerAdapter;--->getItem(I)Landroid/support/v4/app/Fragment;
09-18 16:16:45.599  5623  5623 D M_InsDal: Lcom/ichi2/anki/Statistics$StatisticFragment;--->newInstance(I)Lcom/ichi2/anki/Statistics$StatisticFragment;
09-18 16:16:45.599  5623  5623 D M_InsDal: Lcom/ichi2/anki/Statistics$ChartFragment;---><init>()V
09-18 16:16:45.599  5623  5623 D M_InsDal: Lcom/ichi2/anki/Statistics$StatisticFragment;---><init>()V
09-18 16:16:45.599  5623  5623 D M_InsDal: Lcom/ichi2/anki/Statistics$ChartFragment;--->checkAndUpdate()V
09-18 16:16:45.599  5623  5623 D M_InsDal: Lcom/ichi2/anki/Statistics$SectionsPagerAdapter;--->getItem(I)Landroid/support/v4/app/Fragment;
09-18 16:16:45.599  5623  5623 D M_InsDal: Lcom/ichi2/anki/Statistics$StatisticFragment;--->newInstance(I)Lcom/ichi2/anki/Statistics$StatisticFragment;
09-18 16:16:45.599  5623  5623 D M_InsDal: Lcom/ichi2/anki/Statistics$ChartFragment;---><init>()V
09-18 16:16:45.599  5623  5623 D M_InsDal: Lcom/ichi2/anki/Statistics$StatisticFragment;---><init>()V
09-18 16:16:45.599  5623  5623 D M_InsDal: Lcom/ichi2/anki/Statistics$ChartFragment;--->checkAndUpdate()V
09-18 16:16:45.599  5623  5623 D M_InsDal: Lcom/ichi2/anki/Statistics$SectionsPagerAdapter;--->getCount()I
09-18 16:16:45.599  5623  5623 D M_InsDal: Lcom/ichi2/anki/Statistics$ChartFragment;--->onCreate(Landroid/os/Bundle;)V
09-18 16:16:45.599  5623  5623 D M_InsDal: Lcom/ichi2/anki/Statistics$ChartFragment;--->onCreateView(Landroid/view/LayoutInflater;Landroid/view/ViewGroup;Landroid/os/Bundle;)Landroid/view/View;
09-18 16:16:45.599  5623  5623 D M_InsDal: Lcom/ichi2/anki/stats/ChartView;---><init>(Landroid/content/Context;Landroid/util/AttributeSet;)V
09-18 16:16:45.599  5623  5623 D M_InsDal: Lcom/ichi2/anki/Statistics;--->getTaskHandler()Lcom/ichi2/anki/stats/AnkiStatsTaskHandler;
09-18 16:16:45.599  5623  5623 D M_InsDal: Lcom/ichi2/anki/Statistics$ChartFragment;--->createChart()V
09-18 16:16:45.599  5623  5623 D M_InsDal: Lcom/ichi2/anki/Statistics;--->getTaskHandler()Lcom/ichi2/anki/stats/AnkiStatsTaskHandler;
09-18 16:16:45.599  5623  5623 D M_InsDal: Lcom/ichi2/anki/stats/AnkiStatsTaskHandler;--->createChart(Lcom/ichi2/libanki/Stats$ChartType;[Landroid/view/View;)Lcom/ichi2/anki/stats/AnkiStatsTaskHandler$CreateChartTask;
09-18 16:16:45.599  5623  5623 D M_InsDal: Lcom/ichi2/anki/stats/AnkiStatsTaskHandler$CreateChartTask;---><init>(Lcom/ichi2/anki/stats/AnkiStatsTaskHandler;Lcom/ichi2/libanki/Stats$ChartType;)V
09-18 16:16:45.599  5623  5623 D M_InsDal: Lcom/ichi2/anki/stats/ChartView;--->addFragment(Lcom/ichi2/anki/Statistics$ChartFragment;)V
09-18 16:16:45.599  5623  5623 D M_InsDal: Lcom/ichi2/anki/Statistics;--->getTaskHandler()Lcom/ichi2/anki/stats/AnkiStatsTaskHandler;
09-18 16:16:45.599  5623  5623 D M_InsDal: Lcom/ichi2/anki/stats/AnkiStatsTaskHandler;--->getStatType()Lcom/ichi2/libanki/Stats$AxisType;
09-18 16:16:45.599  5623  5623 D M_InsDal: Lcom/ichi2/anki/Statistics;--->getViewPager()Landroid/support/v4/view/ViewPager;
09-18 16:16:45.599  5623  5623 D M_InsDal: Lcom/ichi2/anki/Statistics;--->getSectionsPagerAdapter()Lcom/ichi2/anki/Statistics$SectionsPagerAdapter;
09-18 16:16:45.599  5623  5623 D M_InsDal: Lcom/ichi2/anki/CollectionHelper;--->getInstance()Lcom/ichi2/anki/CollectionHelper;
09-18 16:16:45.599  5623  5623 D M_InsDal: Lcom/ichi2/anki/CollectionHelper;--->getCol(Landroid/content/Context;)Lcom/ichi2/libanki/Collection;
09-18 16:16:45.599  5623  5623 D M_InsDal: Lcom/ichi2/anki/CollectionHelper;--->getCollectionPath(Landroid/content/Context;)Ljava/lang/String;
09-18 16:16:45.599  5623  5623 D M_InsDal: Lcom/ichi2/anki/CollectionHelper;--->getCurrentAnkiDroidDirectory(Landroid/content/Context;)Ljava/lang/String;
09-18 16:16:45.599  5623  5623 D M_InsDal: Lcom/ichi2/anki/CollectionHelper;--->getDefaultAnkiDroidDirectory()Ljava/lang/String;
09-18 16:16:45.600  5623  5683 D M_InsDal: Lcom/ichi2/anki/stats/AnkiStatsTaskHandler$CreateChartTask;--->doInBackground([Landroid/view/View;)Lcom/wildplot/android/rendering/PlotSheet;
09-18 16:16:45.600  5623  5683 D M_InsDal: Lcom/ichi2/anki/stats/ChartBuilder;---><init>(Lcom/ichi2/anki/stats/ChartView;Lcom/ichi2/libanki/Collection;ZLcom/ichi2/libanki/Stats$ChartType;)V
09-18 16:16:45.600  5623  5683 D M_InsDal: Lcom/ichi2/anki/stats/ChartBuilder;--->renderChart(Lcom/ichi2/libanki/Stats$AxisType;)Lcom/wildplot/android/rendering/PlotSheet;
09-18 16:16:45.600  5623  5683 D M_InsDal: Lcom/ichi2/anki/stats/ChartBuilder;--->calcStats(Lcom/ichi2/libanki/Stats$AxisType;)V
09-18 16:16:45.600  5623  5623 D M_InsDal: Lcom/ichi2/anki/CollectionHelper;--->colIsOpen()Z
09-18 16:16:45.600  5623  5623 D M_InsDal: Lcom/ichi2/anki/Statistics$ChartFragment;--->isWholeCollection()Z
09-18 16:16:45.600  5623  5623 D M_InsDal: Lcom/ichi2/anki/CollectionHelper;--->getInstance()Lcom/ichi2/anki/CollectionHelper;
09-18 16:16:45.600  5623  5623 D M_InsDal: Lcom/ichi2/anki/CollectionHelper;--->getCol(Landroid/content/Context;)Lcom/ichi2/libanki/Collection;
09-18 16:16:45.600  5623  5623 D M_InsDal: Lcom/ichi2/anki/CollectionHelper;--->getCollectionPath(Landroid/content/Context;)Ljava/lang/String;
09-18 16:16:45.600  5623  5623 D M_InsDal: Lcom/ichi2/anki/CollectionHelper;--->getCurrentAnkiDroidDirectory(Landroid/content/Context;)Ljava/lang/String;
09-18 16:16:45.600  5623  5623 D M_InsDal: Lcom/ichi2/anki/CollectionHelper;--->getDefaultAnkiDroidDirectory()Ljava/lang/String;
09-18 16:16:45.601  5623  5623 D M_InsDal: Lcom/ichi2/anki/CollectionHelper;--->colIsOpen()Z
09-18 16:16:45.601  5623  5623 D M_InsDal: Lcom/ichi2/anki/Statistics$ChartFragment;--->onCreate(Landroid/os/Bundle;)V
09-18 16:16:45.601  5623  5623 D M_InsDal: Lcom/ichi2/anki/Statistics$ChartFragment;--->onCreateView(Landroid/view/LayoutInflater;Landroid/view/ViewGroup;Landroid/os/Bundle;)Landroid/view/View;
09-18 16:16:45.601  5623  5623 D M_InsDal: Lcom/ichi2/anki/stats/ChartView;---><init>(Landroid/content/Context;Landroid/util/AttributeSet;)V
09-18 16:16:45.601  5623  5623 D M_InsDal: Lcom/ichi2/anki/Statistics;--->getTaskHandler()Lcom/ichi2/anki/stats/AnkiStatsTaskHandler;
09-18 16:16:45.601  5623  5623 D M_InsDal: Lcom/ichi2/anki/Statistics$ChartFragment;--->createChart()V
09-18 16:16:45.601  5623  5623 D M_InsDal: Lcom/ichi2/anki/Statistics;--->getTaskHandler()Lcom/ichi2/anki/stats/AnkiStatsTaskHandler;
09-18 16:16:45.601  5623  5623 D M_InsDal: Lcom/ichi2/anki/stats/AnkiStatsTaskHandler;--->createChart(Lcom/ichi2/libanki/Stats$ChartType;[Landroid/view/View;)Lcom/ichi2/anki/stats/AnkiStatsTaskHandler$CreateChartTask;
09-18 16:16:45.601  5623  5623 D M_InsDal: Lcom/ichi2/anki/stats/AnkiStatsTaskHandler$CreateChartTask;---><init>(Lcom/ichi2/anki/stats/AnkiStatsTaskHandler;Lcom/ichi2/libanki/Stats$ChartType;)V
09-18 16:16:45.601  5623  5623 D M_InsDal: Lcom/ichi2/anki/stats/ChartView;--->addFragment(Lcom/ichi2/anki/Statistics$ChartFragment;)V
09-18 16:16:45.601  5623  5623 D M_InsDal: Lcom/ichi2/anki/Statistics;--->getTaskHandler()Lcom/ichi2/anki/stats/AnkiStatsTaskHandler;
09-18 16:16:45.601  5623  5623 D M_InsDal: Lcom/ichi2/anki/stats/AnkiStatsTaskHandler;--->getStatType()Lcom/ichi2/libanki/Stats$AxisType;
09-18 16:16:45.601  5623  5623 D M_InsDal: Lcom/ichi2/anki/Statistics;--->getViewPager()Landroid/support/v4/view/ViewPager;
09-18 16:16:45.601  5623  5623 D M_InsDal: Lcom/ichi2/anki/Statistics;--->getSectionsPagerAdapter()Lcom/ichi2/anki/Statistics$SectionsPagerAdapter;
09-18 16:16:45.601  5623  5623 D M_InsDal: Lcom/ichi2/anki/CollectionHelper;--->getInstance()Lcom/ichi2/anki/CollectionHelper;
09-18 16:16:45.602  5623  5623 D M_InsDal: Lcom/ichi2/anki/CollectionHelper;--->getCol(Landroid/content/Context;)Lcom/ichi2/libanki/Collection;
09-18 16:16:45.602  5623  5623 D M_InsDal: Lcom/ichi2/anki/CollectionHelper;--->getCollectionPath(Landroid/content/Context;)Ljava/lang/String;
09-18 16:16:45.602  5623  5623 D M_InsDal: Lcom/ichi2/anki/CollectionHelper;--->getCurrentAnkiDroidDirectory(Landroid/content/Context;)Ljava/lang/String;
09-18 16:16:45.602  5623  5623 D M_InsDal: Lcom/ichi2/anki/CollectionHelper;--->getDefaultAnkiDroidDirectory()Ljava/lang/String;
09-18 16:16:45.602  5623  5681 D M_InsDal: Lcom/ichi2/anki/stats/AnkiStatsTaskHandler$CreateChartTask;--->doInBackground([Landroid/view/View;)Lcom/wildplot/android/rendering/PlotSheet;
09-18 16:16:45.602  5623  5681 D M_InsDal: Lcom/ichi2/anki/stats/ChartBuilder;---><init>(Lcom/ichi2/anki/stats/ChartView;Lcom/ichi2/libanki/Collection;ZLcom/ichi2/libanki/Stats$ChartType;)V
09-18 16:16:45.602  5623  5681 D M_InsDal: Lcom/ichi2/anki/stats/ChartBuilder;--->renderChart(Lcom/ichi2/libanki/Stats$AxisType;)Lcom/wildplot/android/rendering/PlotSheet;
09-18 16:16:45.602  5623  5681 D M_InsDal: Lcom/ichi2/anki/stats/ChartBuilder;--->calcStats(Lcom/ichi2/libanki/Stats$AxisType;)V
09-18 16:16:45.602  5623  5623 D M_InsDal: Lcom/ichi2/anki/CollectionHelper;--->colIsOpen()Z
09-18 16:16:45.602  5623  5623 D M_InsDal: Lcom/ichi2/anki/Statistics$ChartFragment;--->isWholeCollection()Z
09-18 16:16:45.602  5623  5623 D M_InsDal: Lcom/ichi2/anki/CollectionHelper;--->getInstance()Lcom/ichi2/anki/CollectionHelper;
09-18 16:16:45.602  5623  5623 D M_InsDal: Lcom/ichi2/anki/CollectionHelper;--->getCol(Landroid/content/Context;)Lcom/ichi2/libanki/Collection;
09-18 16:16:45.602  5623  5623 D M_InsDal: Lcom/ichi2/anki/CollectionHelper;--->getCollectionPath(Landroid/content/Context;)Ljava/lang/String;
09-18 16:16:45.602  5623  5623 D M_InsDal: Lcom/ichi2/anki/CollectionHelper;--->getCurrentAnkiDroidDirectory(Landroid/content/Context;)Ljava/lang/String;
09-18 16:16:45.602  5623  5623 D M_InsDal: Lcom/ichi2/anki/CollectionHelper;--->getDefaultAnkiDroidDirectory()Ljava/lang/String;
09-18 16:16:45.602  5623  5623 D M_InsDal: Lcom/ichi2/anki/CollectionHelper;--->colIsOpen()Z
09-18 16:16:45.603  5623  5623 D M_InsDal: Lcom/ichi2/anki/Statistics$ChartFragment;--->onCreate(Landroid/os/Bundle;)V
09-18 16:16:45.603  5623  5623 D M_InsDal: Lcom/ichi2/anki/Statistics$ChartFragment;--->onCreateView(Landroid/view/LayoutInflater;Landroid/view/ViewGroup;Landroid/os/Bundle;)Landroid/view/View;
09-18 16:16:45.603  5623  5623 D M_InsDal: Lcom/ichi2/anki/stats/ChartView;---><init>(Landroid/content/Context;Landroid/util/AttributeSet;)V
09-18 16:16:45.603  5623  5623 D M_InsDal: Lcom/ichi2/anki/Statistics;--->getTaskHandler()Lcom/ichi2/anki/stats/AnkiStatsTaskHandler;
09-18 16:16:45.603  5623  5623 D M_InsDal: Lcom/ichi2/anki/Statistics$ChartFragment;--->createChart()V
09-18 16:16:45.603  5623  5623 D M_InsDal: Lcom/ichi2/anki/Statistics;--->getTaskHandler()Lcom/ichi2/anki/stats/AnkiStatsTaskHandler;
09-18 16:16:45.603  5623  5623 D M_InsDal: Lcom/ichi2/anki/stats/AnkiStatsTaskHandler;--->createChart(Lcom/ichi2/libanki/Stats$ChartType;[Landroid/view/View;)Lcom/ichi2/anki/stats/AnkiStatsTaskHandler$CreateChartTask;
09-18 16:16:45.603  5623  5623 D M_InsDal: Lcom/ichi2/anki/stats/AnkiStatsTaskHandler$CreateChartTask;---><init>(Lcom/ichi2/anki/stats/AnkiStatsTaskHandler;Lcom/ichi2/libanki/Stats$ChartType;)V
09-18 16:16:45.603  5623  5623 D M_InsDal: Lcom/ichi2/anki/stats/ChartView;--->addFragment(Lcom/ichi2/anki/Statistics$ChartFragment;)V
09-18 16:16:45.603  5623  5623 D M_InsDal: Lcom/ichi2/anki/Statistics;--->getTaskHandler()Lcom/ichi2/anki/stats/AnkiStatsTaskHandler;
09-18 16:16:45.603  5623  5623 D M_InsDal: Lcom/ichi2/anki/stats/AnkiStatsTaskHandler;--->getStatType()Lcom/ichi2/libanki/Stats$AxisType;
09-18 16:16:45.603  5623  5623 D M_InsDal: Lcom/ichi2/anki/Statistics;--->getViewPager()Landroid/support/v4/view/ViewPager;
09-18 16:16:45.603  5623  5623 D M_InsDal: Lcom/ichi2/anki/Statistics;--->getSectionsPagerAdapter()Lcom/ichi2/anki/Statistics$SectionsPagerAdapter;
09-18 16:16:45.603  5623  5623 D M_InsDal: Lcom/ichi2/anki/CollectionHelper;--->getInstance()Lcom/ichi2/anki/CollectionHelper;
09-18 16:16:45.603  5623  5623 D M_InsDal: Lcom/ichi2/anki/CollectionHelper;--->getCol(Landroid/content/Context;)Lcom/ichi2/libanki/Collection;
09-18 16:16:45.603  5623  5623 D M_InsDal: Lcom/ichi2/anki/CollectionHelper;--->getCollectionPath(Landroid/content/Context;)Ljava/lang/String;
09-18 16:16:45.603  5623  5623 D M_InsDal: Lcom/ichi2/anki/CollectionHelper;--->getCurrentAnkiDroidDirectory(Landroid/content/Context;)Ljava/lang/String;
09-18 16:16:45.603  5623  5623 D M_InsDal: Lcom/ichi2/anki/CollectionHelper;--->getDefaultAnkiDroidDirectory()Ljava/lang/String;
09-18 16:16:45.603  5623  5682 D M_InsDal: Lcom/ichi2/anki/stats/AnkiStatsTaskHandler$CreateChartTask;--->doInBackground([Landroid/view/View;)Lcom/wildplot/android/rendering/PlotSheet;
09-18 16:16:45.603  5623  5682 D M_InsDal: Lcom/ichi2/anki/stats/ChartBuilder;---><init>(Lcom/ichi2/anki/stats/ChartView;Lcom/ichi2/libanki/Collection;ZLcom/ichi2/libanki/Stats$ChartType;)V
09-18 16:16:45.603  5623  5682 D M_InsDal: Lcom/ichi2/anki/stats/ChartBuilder;--->renderChart(Lcom/ichi2/libanki/Stats$AxisType;)Lcom/wildplot/android/rendering/PlotSheet;
09-18 16:16:45.603  5623  5682 D M_InsDal: Lcom/ichi2/anki/stats/ChartBuilder;--->calcStats(Lcom/ichi2/libanki/Stats$AxisType;)V
09-18 16:16:45.604  5623  5623 D M_InsDal: Lcom/ichi2/anki/CollectionHelper;--->colIsOpen()Z
09-18 16:16:45.604  5623  5623 D M_InsDal: Lcom/ichi2/anki/Statistics$ChartFragment;--->isWholeCollection()Z
09-18 16:16:45.604  5623  5623 D M_InsDal: Lcom/ichi2/anki/CollectionHelper;--->getInstance()Lcom/ichi2/anki/CollectionHelper;
09-18 16:16:45.604  5623  5623 D M_InsDal: Lcom/ichi2/anki/CollectionHelper;--->getCol(Landroid/content/Context;)Lcom/ichi2/libanki/Collection;
09-18 16:16:45.604  5623  5623 D M_InsDal: Lcom/ichi2/anki/CollectionHelper;--->getCollectionPath(Landroid/content/Context;)Ljava/lang/String;
09-18 16:16:45.604  5623  5623 D M_InsDal: Lcom/ichi2/anki/CollectionHelper;--->getCurrentAnkiDroidDirectory(Landroid/content/Context;)Ljava/lang/String;
09-18 16:16:45.604  5623  5623 D M_InsDal: Lcom/ichi2/anki/CollectionHelper;--->getDefaultAnkiDroidDirectory()Ljava/lang/String;
09-18 16:16:45.604  5623  5623 D M_InsDal: Lcom/ichi2/anki/CollectionHelper;--->colIsOpen()Z
09-18 16:16:45.604  5623  5623 D M_InsDal: Lcom/ichi2/anki/Statistics$ChartFragment;--->onCreate(Landroid/os/Bundle;)V
09-18 16:16:45.604  5623  5623 D M_InsDal: Lcom/ichi2/anki/Statistics$ChartFragment;--->onCreateView(Landroid/view/LayoutInflater;Landroid/view/ViewGroup;Landroid/os/Bundle;)Landroid/view/View;
09-18 16:16:45.605  5623  5623 D M_InsDal: Lcom/ichi2/anki/stats/ChartView;---><init>(Landroid/content/Context;Landroid/util/AttributeSet;)V
09-18 16:16:45.605  5623  5623 D M_InsDal: Lcom/ichi2/anki/Statistics;--->getTaskHandler()Lcom/ichi2/anki/stats/AnkiStatsTaskHandler;
09-18 16:16:45.605  5623  5623 D M_InsDal: Lcom/ichi2/anki/Statistics$ChartFragment;--->createChart()V
09-18 16:16:45.605  5623  5623 D M_InsDal: Lcom/ichi2/anki/Statistics;--->getTaskHandler()Lcom/ichi2/anki/stats/AnkiStatsTaskHandler;
09-18 16:16:45.605  5623  5623 D M_InsDal: Lcom/ichi2/anki/stats/AnkiStatsTaskHandler;--->createChart(Lcom/ichi2/libanki/Stats$ChartType;[Landroid/view/View;)Lcom/ichi2/anki/stats/AnkiStatsTaskHandler$CreateChartTask;
09-18 16:16:45.605  5623  5623 D M_InsDal: Lcom/ichi2/anki/stats/AnkiStatsTaskHandler$CreateChartTask;---><init>(Lcom/ichi2/anki/stats/AnkiStatsTaskHandler;Lcom/ichi2/libanki/Stats$ChartType;)V
09-18 16:16:45.605  5623  5623 D M_InsDal: Lcom/ichi2/anki/stats/ChartView;--->addFragment(Lcom/ichi2/anki/Statistics$ChartFragment;)V
09-18 16:16:45.605  5623  5623 D M_InsDal: Lcom/ichi2/anki/Statistics;--->getTaskHandler()Lcom/ichi2/anki/stats/AnkiStatsTaskHandler;
09-18 16:16:45.605  5623  5623 D M_InsDal: Lcom/ichi2/anki/stats/AnkiStatsTaskHandler;--->getStatType()Lcom/ichi2/libanki/Stats$AxisType;
09-18 16:16:45.605  5623  5623 D M_InsDal: Lcom/ichi2/anki/Statistics;--->getViewPager()Landroid/support/v4/view/ViewPager;
09-18 16:16:45.605  5623  5623 D M_InsDal: Lcom/ichi2/anki/Statistics;--->getSectionsPagerAdapter()Lcom/ichi2/anki/Statistics$SectionsPagerAdapter;
09-18 16:16:45.605  5623  5623 D M_InsDal: Lcom/ichi2/anki/CollectionHelper;--->getInstance()Lcom/ichi2/anki/CollectionHelper;
09-18 16:16:45.605  5623  5623 D M_InsDal: Lcom/ichi2/anki/CollectionHelper;--->getCol(Landroid/content/Context;)Lcom/ichi2/libanki/Collection;
09-18 16:16:45.605  5623  5623 D M_InsDal: Lcom/ichi2/anki/CollectionHelper;--->getCollectionPath(Landroid/content/Context;)Ljava/lang/String;
09-18 16:16:45.605  5623  5623 D M_InsDal: Lcom/ichi2/anki/CollectionHelper;--->getCurrentAnkiDroidDirectory(Landroid/content/Context;)Ljava/lang/String;
09-18 16:16:45.605  5623  5623 D M_InsDal: Lcom/ichi2/anki/CollectionHelper;--->getDefaultAnkiDroidDirectory()Ljava/lang/String;
09-18 16:16:45.605  5623  5683 D M_InsDal: Lcom/ichi2/anki/stats/AnkiStatsTaskHandler$CreateChartTask;--->doInBackground([Landroid/view/View;)Lcom/wildplot/android/rendering/PlotSheet;
09-18 16:16:45.605  5623  5683 D M_InsDal: Lcom/ichi2/anki/stats/ChartBuilder;---><init>(Lcom/ichi2/anki/stats/ChartView;Lcom/ichi2/libanki/Collection;ZLcom/ichi2/libanki/Stats$ChartType;)V
09-18 16:16:45.605  5623  5683 D M_InsDal: Lcom/ichi2/anki/stats/ChartBuilder;--->renderChart(Lcom/ichi2/libanki/Stats$AxisType;)Lcom/wildplot/android/rendering/PlotSheet;
09-18 16:16:45.605  5623  5683 D M_InsDal: Lcom/ichi2/anki/stats/ChartBuilder;--->calcStats(Lcom/ichi2/libanki/Stats$AxisType;)V
09-18 16:16:45.606  5623  5623 D M_InsDal: Lcom/ichi2/anki/CollectionHelper;--->colIsOpen()Z
09-18 16:16:45.606  5623  5623 D M_InsDal: Lcom/ichi2/anki/Statistics$ChartFragment;--->isWholeCollection()Z
09-18 16:16:45.606  5623  5623 D M_InsDal: Lcom/ichi2/anki/CollectionHelper;--->getInstance()Lcom/ichi2/anki/CollectionHelper;
09-18 16:16:45.606  5623  5623 D M_InsDal: Lcom/ichi2/anki/CollectionHelper;--->getCol(Landroid/content/Context;)Lcom/ichi2/libanki/Collection;
09-18 16:16:45.606  5623  5623 D M_InsDal: Lcom/ichi2/anki/CollectionHelper;--->getCollectionPath(Landroid/content/Context;)Ljava/lang/String;
09-18 16:16:45.606  5623  5623 D M_InsDal: Lcom/ichi2/anki/CollectionHelper;--->getCurrentAnkiDroidDirectory(Landroid/content/Context;)Ljava/lang/String;
09-18 16:16:45.606  5623  5623 D M_InsDal: Lcom/ichi2/anki/CollectionHelper;--->getDefaultAnkiDroidDirectory()Ljava/lang/String;
09-18 16:16:45.606  5623  5623 D M_InsDal: Lcom/ichi2/anki/CollectionHelper;--->colIsOpen()Z
09-18 16:16:45.606  5623  5623 D M_InsDal: Lcom/ichi2/anki/Statistics$ChartFragment;--->onCreate(Landroid/os/Bundle;)V
09-18 16:16:45.606  5623  5623 D M_InsDal: Lcom/ichi2/anki/Statistics$ChartFragment;--->onCreateView(Landroid/view/LayoutInflater;Landroid/view/ViewGroup;Landroid/os/Bundle;)Landroid/view/View;
09-18 16:16:45.607  5623  5623 D M_InsDal: Lcom/ichi2/anki/stats/ChartView;---><init>(Landroid/content/Context;Landroid/util/AttributeSet;)V
09-18 16:16:45.607  5623  5623 D M_InsDal: Lcom/ichi2/anki/Statistics;--->getTaskHandler()Lcom/ichi2/anki/stats/AnkiStatsTaskHandler;
09-18 16:16:45.607  5623  5623 D M_InsDal: Lcom/ichi2/anki/Statistics$ChartFragment;--->createChart()V
09-18 16:16:45.607  5623  5623 D M_InsDal: Lcom/ichi2/anki/Statistics;--->getTaskHandler()Lcom/ichi2/anki/stats/AnkiStatsTaskHandler;
09-18 16:16:45.607  5623  5623 D M_InsDal: Lcom/ichi2/anki/stats/AnkiStatsTaskHandler;--->createChart(Lcom/ichi2/libanki/Stats$ChartType;[Landroid/view/View;)Lcom/ichi2/anki/stats/AnkiStatsTaskHandler$CreateChartTask;
09-18 16:16:45.607  5623  5623 D M_InsDal: Lcom/ichi2/anki/stats/AnkiStatsTaskHandler$CreateChartTask;---><init>(Lcom/ichi2/anki/stats/AnkiStatsTaskHandler;Lcom/ichi2/libanki/Stats$ChartType;)V
09-18 16:16:45.607  5623  5623 D M_InsDal: Lcom/ichi2/anki/stats/ChartView;--->addFragment(Lcom/ichi2/anki/Statistics$ChartFragment;)V
09-18 16:16:45.607  5623  5623 D M_InsDal: Lcom/ichi2/anki/Statistics;--->getTaskHandler()Lcom/ichi2/anki/stats/AnkiStatsTaskHandler;
09-18 16:16:45.607  5623  5623 D M_InsDal: Lcom/ichi2/anki/stats/AnkiStatsTaskHandler;--->getStatType()Lcom/ichi2/libanki/Stats$AxisType;
09-18 16:16:45.607  5623  5623 D M_InsDal: Lcom/ichi2/anki/Statistics;--->getViewPager()Landroid/support/v4/view/ViewPager;
09-18 16:16:45.607  5623  5623 D M_InsDal: Lcom/ichi2/anki/Statistics;--->getSectionsPagerAdapter()Lcom/ichi2/anki/Statistics$SectionsPagerAdapter;
09-18 16:16:45.607  5623  5623 D M_InsDal: Lcom/ichi2/anki/CollectionHelper;--->getInstance()Lcom/ichi2/anki/CollectionHelper;
09-18 16:16:45.607  5623  5623 D M_InsDal: Lcom/ichi2/anki/CollectionHelper;--->getCol(Landroid/content/Context;)Lcom/ichi2/libanki/Collection;
09-18 16:16:45.607  5623  5623 D M_InsDal: Lcom/ichi2/anki/CollectionHelper;--->getCollectionPath(Landroid/content/Context;)Ljava/lang/String;
09-18 16:16:45.607  5623  5623 D M_InsDal: Lcom/ichi2/anki/CollectionHelper;--->getCurrentAnkiDroidDirectory(Landroid/content/Context;)Ljava/lang/String;
09-18 16:16:45.607  5623  5623 D M_InsDal: Lcom/ichi2/anki/CollectionHelper;--->getDefaultAnkiDroidDirectory()Ljava/lang/String;
09-18 16:16:45.607  5623  5681 D M_InsDal: Lcom/ichi2/anki/stats/AnkiStatsTaskHandler$CreateChartTask;--->doInBackground([Landroid/view/View;)Lcom/wildplot/android/rendering/PlotSheet;
09-18 16:16:45.607  5623  5681 D M_InsDal: Lcom/ichi2/anki/stats/ChartBuilder;---><init>(Lcom/ichi2/anki/stats/ChartView;Lcom/ichi2/libanki/Collection;ZLcom/ichi2/libanki/Stats$ChartType;)V
09-18 16:16:45.607  5623  5681 D M_InsDal: Lcom/ichi2/anki/stats/ChartBuilder;--->renderChart(Lcom/ichi2/libanki/Stats$AxisType;)Lcom/wildplot/android/rendering/PlotSheet;
09-18 16:16:45.607  5623  5681 D M_InsDal: Lcom/ichi2/anki/stats/ChartBuilder;--->calcStats(Lcom/ichi2/libanki/Stats$AxisType;)V
09-18 16:16:45.607  5623  5623 D M_InsDal: Lcom/ichi2/anki/CollectionHelper;--->colIsOpen()Z
09-18 16:16:45.607  5623  5623 D M_InsDal: Lcom/ichi2/anki/Statistics$ChartFragment;--->isWholeCollection()Z
09-18 16:16:45.607  5623  5623 D M_InsDal: Lcom/ichi2/anki/CollectionHelper;--->getInstance()Lcom/ichi2/anki/CollectionHelper;
09-18 16:16:45.607  5623  5623 D M_InsDal: Lcom/ichi2/anki/CollectionHelper;--->getCol(Landroid/content/Context;)Lcom/ichi2/libanki/Collection;
09-18 16:16:45.607  5623  5623 D M_InsDal: Lcom/ichi2/anki/CollectionHelper;--->getCollectionPath(Landroid/content/Context;)Ljava/lang/String;
09-18 16:16:45.607  5623  5623 D M_InsDal: Lcom/ichi2/anki/CollectionHelper;--->getCurrentAnkiDroidDirectory(Landroid/content/Context;)Ljava/lang/String;
09-18 16:16:45.608  5623  5623 D M_InsDal: Lcom/ichi2/anki/CollectionHelper;--->getDefaultAnkiDroidDirectory()Ljava/lang/String;
09-18 16:16:45.608  5623  5623 D M_InsDal: Lcom/ichi2/anki/CollectionHelper;--->colIsOpen()Z
09-18 16:16:45.608  5623  5623 D M_InsDal: Lcom/ichi2/anki/Statistics$ChartFragment;--->onCreate(Landroid/os/Bundle;)V
09-18 16:16:45.608  5623  5623 D M_InsDal: Lcom/ichi2/anki/Statistics$ChartFragment;--->onCreateView(Landroid/view/LayoutInflater;Landroid/view/ViewGroup;Landroid/os/Bundle;)Landroid/view/View;
09-18 16:16:45.609  5623  5623 D M_InsDal: Lcom/ichi2/anki/stats/ChartView;---><init>(Landroid/content/Context;Landroid/util/AttributeSet;)V
09-18 16:16:45.609  5623  5623 D M_InsDal: Lcom/ichi2/anki/Statistics;--->getTaskHandler()Lcom/ichi2/anki/stats/AnkiStatsTaskHandler;
09-18 16:16:45.609  5623  5623 D M_InsDal: Lcom/ichi2/anki/Statistics$ChartFragment;--->createChart()V
09-18 16:16:45.609  5623  5623 D M_InsDal: Lcom/ichi2/anki/Statistics;--->getTaskHandler()Lcom/ichi2/anki/stats/AnkiStatsTaskHandler;
09-18 16:16:45.609  5623  5623 D M_InsDal: Lcom/ichi2/anki/stats/AnkiStatsTaskHandler;--->createChart(Lcom/ichi2/libanki/Stats$ChartType;[Landroid/view/View;)Lcom/ichi2/anki/stats/AnkiStatsTaskHandler$CreateChartTask;
09-18 16:16:45.609  5623  5623 D M_InsDal: Lcom/ichi2/anki/stats/AnkiStatsTaskHandler$CreateChartTask;---><init>(Lcom/ichi2/anki/stats/AnkiStatsTaskHandler;Lcom/ichi2/libanki/Stats$ChartType;)V
09-18 16:16:45.609  5623  5623 D M_InsDal: Lcom/ichi2/anki/stats/ChartView;--->addFragment(Lcom/ichi2/anki/Statistics$ChartFragment;)V
09-18 16:16:45.609  5623  5623 D M_InsDal: Lcom/ichi2/anki/Statistics;--->getTaskHandler()Lcom/ichi2/anki/stats/AnkiStatsTaskHandler;
09-18 16:16:45.609  5623  5623 D M_InsDal: Lcom/ichi2/anki/stats/AnkiStatsTaskHandler;--->getStatType()Lcom/ichi2/libanki/Stats$AxisType;
09-18 16:16:45.609  5623  5623 D M_InsDal: Lcom/ichi2/anki/Statistics;--->getViewPager()Landroid/support/v4/view/ViewPager;
09-18 16:16:45.609  5623  5623 D M_InsDal: Lcom/ichi2/anki/Statistics;--->getSectionsPagerAdapter()Lcom/ichi2/anki/Statistics$SectionsPagerAdapter;
