09-18 16:16:45.609  5623  5623 D M_InsDal: Lcom/ichi2/anki/CollectionHelper;--->getInstance()Lcom/ichi2/anki/CollectionHelper;
09-18 16:16:45.609  5623  5623 D M_InsDal: Lcom/ichi2/anki/CollectionHelper;--->getCol(Landroid/content/Context;)Lcom/ichi2/libanki/Collection;
09-18 16:16:45.609  5623  5623 D M_InsDal: Lcom/ichi2/anki/CollectionHelper;--->getCollectionPath(Landroid/content/Context;)Ljava/lang/String;
09-18 16:16:45.609  5623  5623 D M_InsDal: Lcom/ichi2/anki/CollectionHelper;--->getCurrentAnkiDroidDirectory(Landroid/content/Context;)Ljava/lang/String;
09-18 16:16:45.609  5623  5623 D M_InsDal: Lcom/ichi2/anki/CollectionHelper;--->getDefaultAnkiDroidDirectory()Ljava/lang/String;
09-18 16:16:45.609  5623  5682 D M_InsDal: Lcom/ichi2/anki/stats/AnkiStatsTaskHandler$CreateChartTask;--->doInBackground([Landroid/view/View;)Lcom/wildplot/android/rendering/PlotSheet;
09-18 16:16:45.609  5623  5682 D M_InsDal: Lcom/ichi2/anki/stats/ChartBuilder;---><init>(Lcom/ichi2/anki/stats/ChartView;Lcom/ichi2/libanki/Collection;ZLcom/ichi2/libanki/Stats$ChartType;)V
09-18 16:16:45.609  5623  5682 D M_InsDal: Lcom/ichi2/anki/stats/ChartBuilder;--->renderChart(Lcom/ichi2/libanki/Stats$AxisType;)Lcom/wildplot/android/rendering/PlotSheet;
09-18 16:16:45.609  5623  5682 D M_InsDal: Lcom/ichi2/anki/stats/ChartBuilder;--->calcStats(Lcom/ichi2/libanki/Stats$AxisType;)V
09-18 16:16:45.609  5623  5623 D M_InsDal: Lcom/ichi2/anki/CollectionHelper;--->colIsOpen()Z
09-18 16:16:45.609  5623  5623 D M_InsDal: Lcom/ichi2/anki/Statistics$ChartFragment;--->isWholeCollection()Z
09-18 16:16:45.609  5623  5623 D M_InsDal: Lcom/ichi2/anki/CollectionHelper;--->getInstance()Lcom/ichi2/anki/CollectionHelper;
09-18 16:16:45.609  5623  5623 D M_InsDal: Lcom/ichi2/anki/CollectionHelper;--->getCol(Landroid/content/Context;)Lcom/ichi2/libanki/Collection;
09-18 16:16:45.609  5623  5623 D M_InsDal: Lcom/ichi2/anki/CollectionHelper;--->getCollectionPath(Landroid/content/Context;)Ljava/lang/String;
09-18 16:16:45.609  5623  5623 D M_InsDal: Lcom/ichi2/anki/CollectionHelper;--->getCurrentAnkiDroidDirectory(Landroid/content/Context;)Ljava/lang/String;
09-18 16:16:45.609  5623  5623 D M_InsDal: Lcom/ichi2/anki/CollectionHelper;--->getDefaultAnkiDroidDirectory()Ljava/lang/String;
09-18 16:16:45.609  5623  5623 D M_InsDal: Lcom/ichi2/anki/CollectionHelper;--->colIsOpen()Z
09-18 16:16:45.610  5623  5623 D M_InsDal: Lcom/ichi2/anki/Statistics$ChartFragment;--->onCreate(Landroid/os/Bundle;)V
09-18 16:16:45.610  5623  5623 D M_InsDal: Lcom/ichi2/anki/Statistics$ChartFragment;--->onCreateView(Landroid/view/LayoutInflater;Landroid/view/ViewGroup;Landroid/os/Bundle;)Landroid/view/View;
09-18 16:16:45.610  5623  5623 D M_InsDal: Lcom/ichi2/anki/stats/ChartView;---><init>(Landroid/content/Context;Landroid/util/AttributeSet;)V
09-18 16:16:45.610  5623  5623 D M_InsDal: Lcom/ichi2/anki/Statistics;--->getTaskHandler()Lcom/ichi2/anki/stats/AnkiStatsTaskHandler;
09-18 16:16:45.610  5623  5623 D M_InsDal: Lcom/ichi2/anki/Statistics$ChartFragment;--->createChart()V
09-18 16:16:45.610  5623  5623 D M_InsDal: Lcom/ichi2/anki/Statistics;--->getTaskHandler()Lcom/ichi2/anki/stats/AnkiStatsTaskHandler;
09-18 16:16:45.610  5623  5623 D M_InsDal: Lcom/ichi2/anki/stats/AnkiStatsTaskHandler;--->createChart(Lcom/ichi2/libanki/Stats$ChartType;[Landroid/view/View;)Lcom/ichi2/anki/stats/AnkiStatsTaskHandler$CreateChartTask;
09-18 16:16:45.610  5623  5623 D M_InsDal: Lcom/ichi2/anki/stats/AnkiStatsTaskHandler$CreateChartTask;---><init>(Lcom/ichi2/anki/stats/AnkiStatsTaskHandler;Lcom/ichi2/libanki/Stats$ChartType;)V
09-18 16:16:45.610  5623  5623 D M_InsDal: Lcom/ichi2/anki/stats/ChartView;--->addFragment(Lcom/ichi2/anki/Statistics$ChartFragment;)V
09-18 16:16:45.610  5623  5623 D M_InsDal: Lcom/ichi2/anki/Statistics;--->getTaskHandler()Lcom/ichi2/anki/stats/AnkiStatsTaskHandler;
09-18 16:16:45.610  5623  5623 D M_InsDal: Lcom/ichi2/anki/stats/AnkiStatsTaskHandler;--->getStatType()Lcom/ichi2/libanki/Stats$AxisType;
09-18 16:16:45.610  5623  5623 D M_InsDal: Lcom/ichi2/anki/Statistics;--->getViewPager()Landroid/support/v4/view/ViewPager;
09-18 16:16:45.610  5623  5623 D M_InsDal: Lcom/ichi2/anki/Statistics;--->getSectionsPagerAdapter()Lcom/ichi2/anki/Statistics$SectionsPagerAdapter;
09-18 16:16:45.610  5623  5623 D M_InsDal: Lcom/ichi2/anki/CollectionHelper;--->getInstance()Lcom/ichi2/anki/CollectionHelper;
09-18 16:16:45.610  5623  5623 D M_InsDal: Lcom/ichi2/anki/CollectionHelper;--->getCol(Landroid/content/Context;)Lcom/ichi2/libanki/Collection;
09-18 16:16:45.610  5623  5623 D M_InsDal: Lcom/ichi2/anki/CollectionHelper;--->getCollectionPath(Landroid/content/Context;)Ljava/lang/String;
09-18 16:16:45.610  5623  5623 D M_InsDal: Lcom/ichi2/anki/CollectionHelper;--->getCurrentAnkiDroidDirectory(Landroid/content/Context;)Ljava/lang/String;
09-18 16:16:45.610  5623  5623 D M_InsDal: Lcom/ichi2/anki/CollectionHelper;--->getDefaultAnkiDroidDirectory()Ljava/lang/String;
09-18 16:16:45.610  5623  5683 D M_InsDal: Lcom/ichi2/anki/stats/AnkiStatsTaskHandler$CreateChartTask;--->doInBackground([Landroid/view/View;)Lcom/wildplot/android/rendering/PlotSheet;
09-18 16:16:45.610  5623  5683 D M_InsDal: Lcom/ichi2/anki/stats/ChartBuilder;---><init>(Lcom/ichi2/anki/stats/ChartView;Lcom/ichi2/libanki/Collection;ZLcom/ichi2/libanki/Stats$ChartType;)V
09-18 16:16:45.610  5623  5683 D M_InsDal: Lcom/ichi2/anki/stats/ChartBuilder;--->renderChart(Lcom/ichi2/libanki/Stats$AxisType;)Lcom/wildplot/android/rendering/PlotSheet;
09-18 16:16:45.610  5623  5683 D M_InsDal: Lcom/ichi2/anki/stats/ChartBuilder;--->calcStats(Lcom/ichi2/libanki/Stats$AxisType;)V
09-18 16:16:45.611  5623  5623 D M_InsDal: Lcom/ichi2/anki/CollectionHelper;--->colIsOpen()Z
09-18 16:16:45.611  5623  5623 D M_InsDal: Lcom/ichi2/anki/Statistics$ChartFragment;--->isWholeCollection()Z
09-18 16:16:45.611  5623  5623 D M_InsDal: Lcom/ichi2/anki/CollectionHelper;--->getInstance()Lcom/ichi2/anki/CollectionHelper;
09-18 16:16:45.611  5623  5623 D M_InsDal: Lcom/ichi2/anki/CollectionHelper;--->getCol(Landroid/content/Context;)Lcom/ichi2/libanki/Collection;
09-18 16:16:45.611  5623  5623 D M_InsDal: Lcom/ichi2/anki/CollectionHelper;--->getCollectionPath(Landroid/content/Context;)Ljava/lang/String;
09-18 16:16:45.611  5623  5623 D M_InsDal: Lcom/ichi2/anki/CollectionHelper;--->getCurrentAnkiDroidDirectory(Landroid/content/Context;)Ljava/lang/String;
09-18 16:16:45.611  5623  5623 D M_InsDal: Lcom/ichi2/anki/CollectionHelper;--->getDefaultAnkiDroidDirectory()Ljava/lang/String;
09-18 16:16:45.611  5623  5623 D M_InsDal: Lcom/ichi2/anki/CollectionHelper;--->colIsOpen()Z
09-18 16:16:45.612  5623  5623 D M_InsDal: Lcom/ichi2/anki/Statistics$StatisticFragment;--->onResume()V
09-18 16:16:45.612  5623  5623 D M_InsDal: Lcom/ichi2/anki/Statistics$ChartFragment;--->checkAndUpdate()V
09-18 16:16:45.612  5623  5623 D M_InsDal: Lcom/ichi2/anki/Statistics$StatisticFragment;--->onResume()V
09-18 16:16:45.612  5623  5623 D M_InsDal: Lcom/ichi2/anki/Statistics$ChartFragment;--->checkAndUpdate()V
09-18 16:16:45.612  5623  5623 D M_InsDal: Lcom/ichi2/anki/Statistics$StatisticFragment;--->onResume()V
09-18 16:16:45.612  5623  5623 D M_InsDal: Lcom/ichi2/anki/Statistics$ChartFragment;--->checkAndUpdate()V
09-18 16:16:45.612  5623  5623 D M_InsDal: Lcom/ichi2/anki/Statistics$StatisticFragment;--->onResume()V
09-18 16:16:45.612  5623  5623 D M_InsDal: Lcom/ichi2/anki/Statistics$ChartFragment;--->checkAndUpdate()V
09-18 16:16:45.612  5623  5623 D M_InsDal: Lcom/ichi2/anki/Statistics$StatisticFragment;--->onResume()V
09-18 16:16:45.612  5623  5623 D M_InsDal: Lcom/ichi2/anki/Statistics$ChartFragment;--->checkAndUpdate()V
09-18 16:16:45.612  5623  5623 D M_InsDal: Lcom/ichi2/anki/Statistics$StatisticFragment;--->onResume()V
09-18 16:16:45.612  5623  5623 D M_InsDal: Lcom/ichi2/anki/Statistics$ChartFragment;--->checkAndUpdate()V
09-18 16:16:45.612  5623  5623 D M_InsDal: Lcom/ichi2/anki/Statistics$StatisticFragment;--->onResume()V
09-18 16:16:45.612  5623  5623 D M_InsDal: Lcom/ichi2/anki/Statistics$ChartFragment;--->checkAndUpdate()V
09-18 16:16:45.612  5623  5623 D M_InsDal: Lcom/ichi2/anki/Statistics$SectionsPagerAdapter;--->getCount()I
09-18 16:16:45.612  5623  5623 D M_InsDal: Lcom/ichi2/anki/Statistics$SectionsPagerAdapter;--->getPageTitle(I)Ljava/lang/CharSequence;
09-18 16:16:45.613  5623  5623 D M_InsDal: Lcom/ichi2/anki/Statistics$SectionsPagerAdapter;--->getCount()I
09-18 16:16:45.613  5623  5623 D M_InsDal: Lcom/ichi2/anki/Statistics$SectionsPagerAdapter;--->getPageTitle(I)Ljava/lang/CharSequence;
09-18 16:16:45.613  5623  5623 D M_InsDal: Lcom/ichi2/anki/Statistics$SectionsPagerAdapter;--->getCount()I
09-18 16:16:45.613  5623  5623 D M_InsDal: Lcom/ichi2/anki/Statistics$SectionsPagerAdapter;--->getPageTitle(I)Ljava/lang/CharSequence;
09-18 16:16:45.613  5623  5623 D M_InsDal: Lcom/ichi2/anki/Statistics$SectionsPagerAdapter;--->getCount()I
09-18 16:16:45.613  5623  5623 D M_InsDal: Lcom/ichi2/anki/Statistics$SectionsPagerAdapter;--->getPageTitle(I)Ljava/lang/CharSequence;
09-18 16:16:45.613  5623  5623 D M_InsDal: Lcom/ichi2/anki/Statistics$SectionsPagerAdapter;--->getCount()I
09-18 16:16:45.613  5623  5623 D M_InsDal: Lcom/ichi2/anki/Statistics$SectionsPagerAdapter;--->getPageTitle(I)Ljava/lang/CharSequence;
09-18 16:16:45.613  5623  5623 D M_InsDal: Lcom/ichi2/anki/Statistics$SectionsPagerAdapter;--->getCount()I
09-18 16:16:45.613  5623  5623 D M_InsDal: Lcom/ichi2/anki/Statistics$SectionsPagerAdapter;--->getPageTitle(I)Ljava/lang/CharSequence;
09-18 16:16:45.613  5623  5623 D M_InsDal: Lcom/ichi2/anki/Statistics$SectionsPagerAdapter;--->getCount()I
09-18 16:16:45.613  5623  5623 D M_InsDal: Lcom/ichi2/anki/Statistics$SectionsPagerAdapter;--->getPageTitle(I)Ljava/lang/CharSequence;
09-18 16:16:45.613  5623  5623 D M_InsDal: Lcom/ichi2/anki/Statistics$SectionsPagerAdapter;--->getCount()I
09-18 16:16:45.613  5623  5623 D M_InsDal: Lcom/ichi2/anki/Statistics$SectionsPagerAdapter;--->getPageTitle(I)Ljava/lang/CharSequence;
09-18 16:16:45.613  5623  5623 D M_InsDal: Lcom/ichi2/anki/Statistics$SectionsPagerAdapter;--->getCount()I
09-18 16:16:45.613  5623  5623 D M_InsDal: Lcom/ichi2/anki/Statistics$SectionsPagerAdapter;--->getPageTitle(I)Ljava/lang/CharSequence;
09-18 16:16:45.613  5623  5623 D M_InsDal: Lcom/ichi2/anki/Statistics$SectionsPagerAdapter;--->getCount()I
09-18 16:16:45.613  5623  5623 D M_InsDal: Lcom/ichi2/anki/stats/AnkiStatsTaskHandler;--->setmStandardTextSize(F)V
09-18 16:16:45.614  5623  5623 D M_InsDal: Lcom/ichi2/anki/Statistics$SectionsPagerAdapter;--->getCount()I
09-18 16:16:45.614  5623  5623 D M_InsDal: Lcom/ichi2/anki/Statistics$SectionsPagerAdapter;--->getItemPosition(Ljava/lang/Object;)I
09-18 16:16:45.614  5623  5623 D M_InsDal: Lcom/ichi2/anki/Statistics$OverviewStatisticsFragment;--->checkAndUpdate()V
09-18 16:16:45.614  5623  5623 D M_InsDal: Lcom/ichi2/anki/CollectionHelper;--->getInstance()Lcom/ichi2/anki/CollectionHelper;
09-18 16:16:45.614  5623  5623 D M_InsDal: Lcom/ichi2/anki/CollectionHelper;--->getCol(Landroid/content/Context;)Lcom/ichi2/libanki/Collection;
09-18 16:16:45.614  5623  5623 D M_InsDal: Lcom/ichi2/anki/CollectionHelper;--->getCollectionPath(Landroid/content/Context;)Ljava/lang/String;
09-18 16:16:45.614  5623  5623 D M_InsDal: Lcom/ichi2/anki/CollectionHelper;--->getCurrentAnkiDroidDirectory(Landroid/content/Context;)Ljava/lang/String;
09-18 16:16:45.614  5623  5623 D M_InsDal: Lcom/ichi2/anki/CollectionHelper;--->getDefaultAnkiDroidDirectory()Ljava/lang/String;
09-18 16:16:45.614  5623  5623 D M_InsDal: Lcom/ichi2/anki/CollectionHelper;--->colIsOpen()Z
09-18 16:16:45.614  5623  5623 D M_InsDal: Lcom/ichi2/anki/Statistics;--->getTaskHandler()Lcom/ichi2/anki/stats/AnkiStatsTaskHandler;
09-18 16:16:45.614  5623  5623 D M_InsDal: Lcom/ichi2/anki/stats/AnkiStatsTaskHandler;--->getStatType()Lcom/ichi2/libanki/Stats$AxisType;
09-18 16:16:45.614  5623  5623 D M_InsDal: Lcom/ichi2/anki/Statistics$OverviewStatisticsFragment;--->isWholeCollection()Z
09-18 16:16:45.614  5623  5623 D M_InsDal: Lcom/ichi2/anki/Statistics$SectionsPagerAdapter;--->getItemPosition(Ljava/lang/Object;)I
09-18 16:16:45.614  5623  5623 D M_InsDal: Lcom/ichi2/anki/Statistics$ChartFragment;--->checkAndUpdate()V
09-18 16:16:45.614  5623  5623 D M_InsDal: Lcom/ichi2/anki/Statistics$SectionsPagerAdapter;--->getItemPosition(Ljava/lang/Object;)I
09-18 16:16:45.614  5623  5623 D M_InsDal: Lcom/ichi2/anki/Statistics$ChartFragment;--->checkAndUpdate()V
09-18 16:16:45.614  5623  5623 D M_InsDal: Lcom/ichi2/anki/Statistics$SectionsPagerAdapter;--->getItemPosition(Ljava/lang/Object;)I
09-18 16:16:45.614  5623  5623 D M_InsDal: Lcom/ichi2/anki/Statistics$ChartFragment;--->checkAndUpdate()V
09-18 16:16:45.614  5623  5623 D M_InsDal: Lcom/ichi2/anki/Statistics$SectionsPagerAdapter;--->getItemPosition(Ljava/lang/Object;)I
09-18 16:16:45.614  5623  5623 D M_InsDal: Lcom/ichi2/anki/Statistics$ChartFragment;--->checkAndUpdate()V
09-18 16:16:45.614  5623  5623 D M_InsDal: Lcom/ichi2/anki/Statistics$SectionsPagerAdapter;--->getItemPosition(Ljava/lang/Object;)I
09-18 16:16:45.614  5623  5623 D M_InsDal: Lcom/ichi2/anki/Statistics$ChartFragment;--->checkAndUpdate()V
09-18 16:16:45.614  5623  5623 D M_InsDal: Lcom/ichi2/anki/Statistics$SectionsPagerAdapter;--->getItemPosition(Ljava/lang/Object;)I
09-18 16:16:45.614  5623  5623 D M_InsDal: Lcom/ichi2/anki/Statistics$ChartFragment;--->checkAndUpdate()V
09-18 16:16:45.614  5623  5623 D M_InsDal: Lcom/ichi2/anki/Statistics$SectionsPagerAdapter;--->getItemPosition(Ljava/lang/Object;)I
09-18 16:16:45.614  5623  5623 D M_InsDal: Lcom/ichi2/anki/Statistics$ChartFragment;--->checkAndUpdate()V
09-18 16:16:45.614  5623  5623 D M_InsDal: Lcom/ichi2/anki/Statistics$SectionsPagerAdapter;--->getItemPosition(Ljava/lang/Object;)I
09-18 16:16:45.614  5623  5623 D M_InsDal: Lcom/ichi2/anki/Statistics$ChartFragment;--->checkAndUpdate()V
09-18 16:16:45.615  5623  5623 D M_InsDal: Lcom/ichi2/anki/AnkiActivity;--->getCol()Lcom/ichi2/libanki/Collection;
09-18 16:16:45.615  5623  5623 D M_InsDal: Lcom/ichi2/anki/CollectionHelper;--->getInstance()Lcom/ichi2/anki/CollectionHelper;
09-18 16:16:45.615  5623  5623 D M_InsDal: Lcom/ichi2/anki/CollectionHelper;--->getCol(Landroid/content/Context;)Lcom/ichi2/libanki/Collection;
09-18 16:16:45.615  5623  5623 D M_InsDal: Lcom/ichi2/anki/CollectionHelper;--->getCollectionPath(Landroid/content/Context;)Ljava/lang/String;
09-18 16:16:45.615  5623  5623 D M_InsDal: Lcom/ichi2/anki/CollectionHelper;--->getCurrentAnkiDroidDirectory(Landroid/content/Context;)Ljava/lang/String;
09-18 16:16:45.615  5623  5623 D M_InsDal: Lcom/ichi2/anki/CollectionHelper;--->getDefaultAnkiDroidDirectory()Ljava/lang/String;
09-18 16:16:45.615  5623  5623 D M_InsDal: Lcom/ichi2/anki/CollectionHelper;--->colIsOpen()Z
09-18 16:16:45.615  5623  5623 D M_InsDal: Lcom/ichi2/anki/Statistics;--->selectDropDownItem(I)V
09-18 16:16:45.615  5623  5623 D M_InsDal: Lcom/ichi2/anki/widgets/DeckDropDownAdapter;--->getItemId(I)J
09-18 16:16:45.615  5623  5623 D M_InsDal: Lcom/ichi2/anki/AnkiActivity;--->getCol()Lcom/ichi2/libanki/Collection;
09-18 16:16:45.615  5623  5623 D M_InsDal: Lcom/ichi2/anki/CollectionHelper;--->getInstance()Lcom/ichi2/anki/CollectionHelper;
09-18 16:16:45.615  5623  5623 D M_InsDal: Lcom/ichi2/anki/CollectionHelper;--->getCol(Landroid/content/Context;)Lcom/ichi2/libanki/Collection;
09-18 16:16:45.615  5623  5623 D M_InsDal: Lcom/ichi2/anki/CollectionHelper;--->getCollectionPath(Landroid/content/Context;)Ljava/lang/String;
09-18 16:16:45.615  5623  5623 D M_InsDal: Lcom/ichi2/anki/CollectionHelper;--->getCurrentAnkiDroidDirectory(Landroid/content/Context;)Ljava/lang/String;
09-18 16:16:45.615  5623  5623 D M_InsDal: Lcom/ichi2/anki/CollectionHelper;--->getDefaultAnkiDroidDirectory()Ljava/lang/String;
09-18 16:16:45.615  5623  5623 D M_InsDal: Lcom/ichi2/anki/CollectionHelper;--->colIsOpen()Z
09-18 16:16:45.616  5623  5623 D M_InsDal: Lcom/ichi2/anki/stats/AnkiStatsTaskHandler;--->setIsWholeCollection(Z)V
09-18 16:16:45.616  5623  5623 D M_InsDal: Lcom/ichi2/anki/Statistics$SectionsPagerAdapter;--->getCount()I
09-18 16:16:45.616  5623  5623 D M_InsDal: Lcom/ichi2/anki/Statistics$SectionsPagerAdapter;--->getItemPosition(Ljava/lang/Object;)I
09-18 16:16:45.616  5623  5623 D M_InsDal: Lcom/ichi2/anki/Statistics$OverviewStatisticsFragment;--->checkAndUpdate()V
09-18 16:16:45.616  5623  5623 D M_InsDal: Lcom/ichi2/anki/CollectionHelper;--->getInstance()Lcom/ichi2/anki/CollectionHelper;
09-18 16:16:45.616  5623  5623 D M_InsDal: Lcom/ichi2/anki/CollectionHelper;--->getCol(Landroid/content/Context;)Lcom/ichi2/libanki/Collection;
09-18 16:16:45.616  5623  5623 D M_InsDal: Lcom/ichi2/anki/CollectionHelper;--->getCollectionPath(Landroid/content/Context;)Ljava/lang/String;
09-18 16:16:45.616  5623  5623 D M_InsDal: Lcom/ichi2/anki/CollectionHelper;--->getCurrentAnkiDroidDirectory(Landroid/content/Context;)Ljava/lang/String;
09-18 16:16:45.616  5623  5623 D M_InsDal: Lcom/ichi2/anki/CollectionHelper;--->getDefaultAnkiDroidDirectory()Ljava/lang/String;
09-18 16:16:45.616  5623  5623 D M_InsDal: Lcom/ichi2/anki/CollectionHelper;--->colIsOpen()Z
09-18 16:16:45.616  5623  5623 D M_InsDal: Lcom/ichi2/anki/Statistics;--->getTaskHandler()Lcom/ichi2/anki/stats/AnkiStatsTaskHandler;
09-18 16:16:45.616  5623  5623 D M_InsDal: Lcom/ichi2/anki/stats/AnkiStatsTaskHandler;--->getStatType()Lcom/ichi2/libanki/Stats$AxisType;
09-18 16:16:45.616  5623  5623 D M_InsDal: Lcom/ichi2/anki/Statistics$OverviewStatisticsFragment;--->isWholeCollection()Z
09-18 16:16:45.616  5623  5623 D M_InsDal: Lcom/ichi2/anki/Statistics$SectionsPagerAdapter;--->getItemPosition(Ljava/lang/Object;)I
09-18 16:16:45.616  5623  5623 D M_InsDal: Lcom/ichi2/anki/Statistics$ChartFragment;--->checkAndUpdate()V
09-18 16:16:45.616  5623  5623 D M_InsDal: Lcom/ichi2/anki/Statistics$SectionsPagerAdapter;--->getItemPosition(Ljava/lang/Object;)I
09-18 16:16:45.616  5623  5623 D M_InsDal: Lcom/ichi2/anki/Statistics$ChartFragment;--->checkAndUpdate()V
09-18 16:16:45.616  5623  5623 D M_InsDal: Lcom/ichi2/anki/Statistics$SectionsPagerAdapter;--->getItemPosition(Ljava/lang/Object;)I
09-18 16:16:45.616  5623  5623 D M_InsDal: Lcom/ichi2/anki/Statistics$ChartFragment;--->checkAndUpdate()V
09-18 16:16:45.616  5623  5623 D M_InsDal: Lcom/ichi2/anki/Statistics$SectionsPagerAdapter;--->getItemPosition(Ljava/lang/Object;)I
09-18 16:16:45.616  5623  5623 D M_InsDal: Lcom/ichi2/anki/Statistics$ChartFragment;--->checkAndUpdate()V
09-18 16:16:45.616  5623  5623 D M_InsDal: Lcom/ichi2/anki/Statistics$SectionsPagerAdapter;--->getItemPosition(Ljava/lang/Object;)I
09-18 16:16:45.616  5623  5623 D M_InsDal: Lcom/ichi2/anki/Statistics$ChartFragment;--->checkAndUpdate()V
09-18 16:16:45.616  5623  5623 D M_InsDal: Lcom/ichi2/anki/Statistics$SectionsPagerAdapter;--->getItemPosition(Ljava/lang/Object;)I
09-18 16:16:45.616  5623  5623 D M_InsDal: Lcom/ichi2/anki/Statistics$ChartFragment;--->checkAndUpdate()V
09-18 16:16:45.616  5623  5623 D M_InsDal: Lcom/ichi2/anki/Statistics$SectionsPagerAdapter;--->getItemPosition(Ljava/lang/Object;)I
09-18 16:16:45.616  5623  5623 D M_InsDal: Lcom/ichi2/anki/Statistics$ChartFragment;--->checkAndUpdate()V
09-18 16:16:45.616  5623  5623 D M_InsDal: Lcom/ichi2/anki/Statistics$SectionsPagerAdapter;--->getItemPosition(Ljava/lang/Object;)I
09-18 16:16:45.616  5623  5623 D M_InsDal: Lcom/ichi2/anki/Statistics$ChartFragment;--->checkAndUpdate()V
09-18 16:16:45.621  5623  5623 D M_InsDal: Lcom/ichi2/anki/Statistics;--->onCreateOptionsMenu(Landroid/view/Menu;)Z
09-18 16:16:45.621  5623  5623 D M_InsDal: Lcom/ichi2/anki/Statistics;--->onPrepareOptionsMenu(Landroid/view/Menu;)Z
09-18 16:16:45.621  5623  5623 D M_InsDal: Lcom/ichi2/anki/Statistics$2;---><clinit>()V
09-18 16:16:45.621  5623  5623 D M_InsDal: Lcom/ichi2/anki/stats/AnkiStatsTaskHandler;--->getStatType()Lcom/ichi2/libanki/Stats$AxisType;
09-18 16:16:45.624  5623  5623 D M_InsDal: Lcom/ichi2/anki/widgets/DeckDropDownAdapter;--->getCount()I
09-18 16:16:45.624  5623  5623 D M_InsDal: Lcom/ichi2/anki/widgets/DeckDropDownAdapter;--->getView(ILandroid/view/View;Landroid/view/ViewGroup;)Landroid/view/View;
09-18 16:16:45.624  5623  5623 D M_InsDal: Lcom/ichi2/anki/widgets/DeckDropDownAdapter$DeckDropDownViewHolder;---><init>()V
09-18 16:16:45.624  5623  5623 D M_InsDal: Lcom/ichi2/anki/Statistics;--->getSubtitleText()Ljava/lang/String;
09-18 16:16:45.633  5623  5623 D M_InsDal: Lcom/ichi2/anki/Statistics$SectionsPagerAdapter;--->getCount()I
09-18 16:16:45.633  5623  5623 D M_InsDal: Lcom/ichi2/anki/Statistics$SectionsPagerAdapter;--->getCount()I
09-18 16:16:45.634  5623  5623 D M_InsDal: Lcom/ichi2/anki/widgets/DeckDropDownAdapter;--->getCount()I
09-18 16:16:45.634  5623  5623 D M_InsDal: Lcom/ichi2/anki/Statistics$SectionsPagerAdapter;--->getCount()I
09-18 16:16:45.634  5623  5623 D M_InsDal: Lcom/ichi2/anki/Statistics$SectionsPagerAdapter;--->getCount()I
09-18 16:16:45.634  5623  5623 D M_InsDal: Lcom/ichi2/anki/widgets/DeckDropDownAdapter;--->getItemId(I)J
09-18 16:16:45.634  5623  5623 D M_InsDal: Lcom/ichi2/anki/widgets/DeckDropDownAdapter;--->getItemId(I)J
09-18 16:16:45.634  5623  5623 D M_InsDal: Lcom/ichi2/anki/stats/ChartView;--->onSizeChanged(IIII)V
09-18 16:16:45.634  5623  5623 D M_InsDal: Lcom/ichi2/anki/Statistics$ChartFragment;--->checkAndUpdate()V
09-18 16:16:45.634  5623  5623 D M_InsDal: Lcom/ichi2/anki/CollectionHelper;--->getInstance()Lcom/ichi2/anki/CollectionHelper;
09-18 16:16:45.634  5623  5623 D M_InsDal: Lcom/ichi2/anki/CollectionHelper;--->getCol(Landroid/content/Context;)Lcom/ichi2/libanki/Collection;
09-18 16:16:45.634  5623  5623 D M_InsDal: Lcom/ichi2/anki/CollectionHelper;--->getCollectionPath(Landroid/content/Context;)Ljava/lang/String;
09-18 16:16:45.634  5623  5623 D M_InsDal: Lcom/ichi2/anki/CollectionHelper;--->getCurrentAnkiDroidDirectory(Landroid/content/Context;)Ljava/lang/String;
09-18 16:16:45.634  5623  5623 D M_InsDal: Lcom/ichi2/anki/CollectionHelper;--->getDefaultAnkiDroidDirectory()Ljava/lang/String;
09-18 16:16:45.635  5623  5623 D M_InsDal: Lcom/ichi2/anki/CollectionHelper;--->colIsOpen()Z
09-18 16:16:45.635  5623  5623 D M_InsDal: Lcom/ichi2/anki/Statistics;--->getTaskHandler()Lcom/ichi2/anki/stats/AnkiStatsTaskHandler;
09-18 16:16:45.635  5623  5623 D M_InsDal: Lcom/ichi2/anki/stats/AnkiStatsTaskHandler;--->getStatType()Lcom/ichi2/libanki/Stats$AxisType;
09-18 16:16:45.635  5623  5623 D M_InsDal: Lcom/ichi2/anki/Statistics$ChartFragment;--->isWholeCollection()Z
09-18 16:16:45.635  5623  5623 D M_InsDal: Lcom/ichi2/anki/Statistics$ChartFragment;--->createChart()V
09-18 16:16:45.635  5623  5623 D M_InsDal: Lcom/ichi2/anki/Statistics;--->getTaskHandler()Lcom/ichi2/anki/stats/AnkiStatsTaskHandler;
09-18 16:16:45.635  5623  5623 D M_InsDal: Lcom/ichi2/anki/stats/AnkiStatsTaskHandler;--->createChart(Lcom/ichi2/libanki/Stats$ChartType;[Landroid/view/View;)Lcom/ichi2/anki/stats/AnkiStatsTaskHandler$CreateChartTask;
09-18 16:16:45.635  5623  5623 D M_InsDal: Lcom/ichi2/anki/stats/AnkiStatsTaskHandler$CreateChartTask;---><init>(Lcom/ichi2/anki/stats/AnkiStatsTaskHandler;Lcom/ichi2/libanki/Stats$ChartType;)V
09-18 16:16:45.635  5623  5623 D M_InsDal: Lcom/ichi2/anki/stats/ChartView;--->onSizeChanged(IIII)V
09-18 16:16:45.635  5623  5623 D M_InsDal: Lcom/ichi2/anki/Statistics$ChartFragment;--->checkAndUpdate()V
09-18 16:16:45.635  5623  5623 D M_InsDal: Lcom/ichi2/anki/CollectionHelper;--->getInstance()Lcom/ichi2/anki/CollectionHelper;
09-18 16:16:45.635  5623  5623 D M_InsDal: Lcom/ichi2/anki/CollectionHelper;--->getCol(Landroid/content/Context;)Lcom/ichi2/libanki/Collection;
09-18 16:16:45.635  5623  5623 D M_InsDal: Lcom/ichi2/anki/CollectionHelper;--->getCollectionPath(Landroid/content/Context;)Ljava/lang/String;
09-18 16:16:45.635  5623  5623 D M_InsDal: Lcom/ichi2/anki/CollectionHelper;--->getCurrentAnkiDroidDirectory(Landroid/content/Context;)Ljava/lang/String;
09-18 16:16:45.635  5623  5681 D M_InsDal: Lcom/ichi2/anki/stats/AnkiStatsTaskHandler$CreateChartTask;--->doInBackground([Landroid/view/View;)Lcom/wildplot/android/rendering/PlotSheet;
09-18 16:16:45.635  5623  5623 D M_InsDal: Lcom/ichi2/anki/CollectionHelper;--->getDefaultAnkiDroidDirectory()Ljava/lang/String;
09-18 16:16:45.635  5623  5681 D M_InsDal: Lcom/ichi2/anki/stats/ChartBuilder;---><init>(Lcom/ichi2/anki/stats/ChartView;Lcom/ichi2/libanki/Collection;ZLcom/ichi2/libanki/Stats$ChartType;)V
09-18 16:16:45.635  5623  5681 D M_InsDal: Lcom/ichi2/anki/stats/ChartBuilder;--->renderChart(Lcom/ichi2/libanki/Stats$AxisType;)Lcom/wildplot/android/rendering/PlotSheet;
09-18 16:16:45.635  5623  5681 D M_InsDal: Lcom/ichi2/anki/stats/ChartBuilder;--->calcStats(Lcom/ichi2/libanki/Stats$AxisType;)V
09-18 16:16:45.635  5623  5681 D M_InsDal: Lcom/ichi2/anki/stats/StatsMetaInfo;---><init>()V
09-18 16:16:45.635  5623  5681 D M_InsDal: Lcom/ichi2/anki/stats/StatsMetaInfo;--->isStatsCalculated()Z
09-18 16:16:45.635  5623  5623 D M_InsDal: Lcom/ichi2/anki/CollectionHelper;--->colIsOpen()Z
09-18 16:16:45.635  5623  5623 D M_InsDal: Lcom/ichi2/anki/Statistics;--->getTaskHandler()Lcom/ichi2/anki/stats/AnkiStatsTaskHandler;
09-18 16:16:45.635  5623  5623 D M_InsDal: Lcom/ichi2/anki/stats/AnkiStatsTaskHandler;--->getStatType()Lcom/ichi2/libanki/Stats$AxisType;
09-18 16:16:45.635  5623  5623 D M_InsDal: Lcom/ichi2/anki/Statistics$ChartFragment;--->isWholeCollection()Z
09-18 16:16:45.635  5623  5623 D M_InsDal: Lcom/ichi2/anki/Statistics$ChartFragment;--->createChart()V
09-18 16:16:45.635  5623  5623 D M_InsDal: Lcom/ichi2/anki/Statistics;--->getTaskHandler()Lcom/ichi2/anki/stats/AnkiStatsTaskHandler;
09-18 16:16:45.635  5623  5623 D M_InsDal: Lcom/ichi2/anki/stats/AnkiStatsTaskHandler;--->createChart(Lcom/ichi2/libanki/Stats$ChartType;[Landroid/view/View;)Lcom/ichi2/anki/stats/AnkiStatsTaskHandler$CreateChartTask;
09-18 16:16:45.635  5623  5623 D M_InsDal: Lcom/ichi2/anki/stats/AnkiStatsTaskHandler$CreateChartTask;---><init>(Lcom/ichi2/anki/stats/AnkiStatsTaskHandler;Lcom/ichi2/libanki/Stats$ChartType;)V
09-18 16:16:45.635  5623  5623 D M_InsDal: Lcom/ichi2/anki/stats/ChartView;--->onSizeChanged(IIII)V
09-18 16:16:45.635  5623  5623 D M_InsDal: Lcom/ichi2/anki/Statistics$ChartFragment;--->checkAndUpdate()V
09-18 16:16:45.635  5623  5623 D M_InsDal: Lcom/ichi2/anki/CollectionHelper;--->getInstance()Lcom/ichi2/anki/CollectionHelper;
09-18 16:16:45.635  5623  5623 D M_InsDal: Lcom/ichi2/anki/CollectionHelper;--->getCol(Landroid/content/Context;)Lcom/ichi2/libanki/Collection;
09-18 16:16:45.635  5623  5623 D M_InsDal: Lcom/ichi2/anki/CollectionHelper;--->getCollectionPath(Landroid/content/Context;)Ljava/lang/String;
09-18 16:16:45.635  5623  5623 D M_InsDal: Lcom/ichi2/anki/CollectionHelper;--->getCurrentAnkiDroidDirectory(Landroid/content/Context;)Ljava/lang/String;
09-18 16:16:45.635  5623  5623 D M_InsDal: Lcom/ichi2/anki/CollectionHelper;--->getDefaultAnkiDroidDirectory()Ljava/lang/String;
09-18 16:16:45.635  5623  5681 D M_InsDal: Lcom/ichi2/anki/stats/AnkiStatsTaskHandler;--->getInstance()Lcom/ichi2/anki/stats/AnkiStatsTaskHandler;
09-18 16:16:45.635  5623  5681 D M_InsDal: Lcom/ichi2/anki/stats/AnkiStatsTaskHandler;--->getmStandardTextSize()F
09-18 16:16:45.636  5623  5623 D M_InsDal: Lcom/ichi2/anki/CollectionHelper;--->colIsOpen()Z
09-18 16:16:45.636  5623  5623 D M_InsDal: Lcom/ichi2/anki/Statistics;--->getTaskHandler()Lcom/ichi2/anki/stats/AnkiStatsTaskHandler;
09-18 16:16:45.636  5623  5623 D M_InsDal: Lcom/ichi2/anki/stats/AnkiStatsTaskHandler;--->getStatType()Lcom/ichi2/libanki/Stats$AxisType;
09-18 16:16:45.636  5623  5623 D M_InsDal: Lcom/ichi2/anki/Statistics$ChartFragment;--->isWholeCollection()Z
09-18 16:16:45.636  5623  5681 D M_InsDal: Lcom/ichi2/anki/stats/ChartBuilder;--->setupCumulative(Lcom/wildplot/android/rendering/PlotSheet;Lcom/wildplot/android/rendering/PlotSheet;)V
09-18 16:16:45.636  5623  5623 D M_InsDal: Lcom/ichi2/anki/Statistics$ChartFragment;--->createChart()V
09-18 16:16:45.636  5623  5623 D M_InsDal: Lcom/ichi2/anki/Statistics;--->getTaskHandler()Lcom/ichi2/anki/stats/AnkiStatsTaskHandler;
09-18 16:16:45.636  5623  5623 D M_InsDal: Lcom/ichi2/anki/stats/AnkiStatsTaskHandler;--->createChart(Lcom/ichi2/libanki/Stats$ChartType;[Landroid/view/View;)Lcom/ichi2/anki/stats/AnkiStatsTaskHandler$CreateChartTask;
09-18 16:16:45.636  5623  5623 D M_InsDal: Lcom/ichi2/anki/stats/AnkiStatsTaskHandler$CreateChartTask;---><init>(Lcom/ichi2/anki/stats/AnkiStatsTaskHandler;Lcom/ichi2/libanki/Stats$ChartType;)V
09-18 16:16:45.636  5623  5623 D M_InsDal: Lcom/ichi2/anki/stats/ChartView;--->onSizeChanged(IIII)V
09-18 16:16:45.636  5623  5623 D M_InsDal: Lcom/ichi2/anki/Statistics$ChartFragment;--->checkAndUpdate()V
09-18 16:16:45.636  5623  5623 D M_InsDal: Lcom/ichi2/anki/CollectionHelper;--->getInstance()Lcom/ichi2/anki/CollectionHelper;
09-18 16:16:45.636  5623  5623 D M_InsDal: Lcom/ichi2/anki/CollectionHelper;--->getCol(Landroid/content/Context;)Lcom/ichi2/libanki/Collection;
09-18 16:16:45.636  5623  5681 D M_InsDal: Lcom/ichi2/anki/stats/ChartBuilder;--->setupBarGraphs(Lcom/wildplot/android/rendering/PlotSheet;Lcom/wildplot/android/rendering/PlotSheet;)V
09-18 16:16:45.636  5623  5623 D M_InsDal: Lcom/ichi2/anki/CollectionHelper;--->getCollectionPath(Landroid/content/Context;)Ljava/lang/String;
09-18 16:16:45.636  5623  5623 D M_InsDal: Lcom/ichi2/anki/CollectionHelper;--->getCurrentAnkiDroidDirectory(Landroid/content/Context;)Ljava/lang/String;
09-18 16:16:45.636  5623  5623 D M_InsDal: Lcom/ichi2/anki/CollectionHelper;--->getDefaultAnkiDroidDirectory()Ljava/lang/String;
09-18 16:16:45.636  5623  5681 D M_InsDal: Lcom/ichi2/anki/stats/ChartBuilder;--->ticksCalcX(ILcom/wildplot/android/rendering/graphics/wrapper/RectangleWrap;DD)D
09-18 16:16:45.636  5623  5681 D M_InsDal: Lcom/ichi2/anki/stats/ChartBuilder;--->setupXaxis(Lcom/wildplot/android/rendering/PlotSheet;DZ)V
09-18 16:16:45.636  5623  5681 D M_InsDal: Lcom/ichi2/anki/stats/ChartBuilder;--->ticksCalcY(ILcom/wildplot/android/rendering/graphics/wrapper/RectangleWrap;DD)D
09-18 16:16:45.636  5623  5681 D M_InsDal: Lcom/ichi2/anki/stats/ChartBuilder;--->ticsCalc(ILcom/wildplot/android/rendering/graphics/wrapper/RectangleWrap;D)D
09-18 16:16:45.636  5623  5681 D M_InsDal: Lcom/ichi2/anki/stats/ChartBuilder;--->setupYaxis(Lcom/wildplot/android/rendering/PlotSheet;Lcom/wildplot/android/rendering/PlotSheet;DIZZ)V
09-18 16:16:45.636  5623  5623 D M_InsDal: Lcom/ichi2/anki/CollectionHelper;--->colIsOpen()Z
09-18 16:16:45.636  5623  5623 D M_InsDal: Lcom/ichi2/anki/Statistics;--->getTaskHandler()Lcom/ichi2/anki/stats/AnkiStatsTaskHandler;
09-18 16:16:45.636  5623  5623 D M_InsDal: Lcom/ichi2/anki/stats/AnkiStatsTaskHandler;--->getStatType()Lcom/ichi2/libanki/Stats$AxisType;
09-18 16:16:45.636  5623  5681 D M_InsDal: Lcom/ichi2/anki/stats/ChartBuilder;--->ticsCalc(ILcom/wildplot/android/rendering/graphics/wrapper/RectangleWrap;D)D
09-18 16:16:45.636  5623  5623 D M_InsDal: Lcom/ichi2/anki/Statistics$ChartFragment;--->isWholeCollection()Z
09-18 16:16:45.636  5623  5681 D M_InsDal: Lcom/ichi2/anki/stats/ChartBuilder;--->setupYaxis(Lcom/wildplot/android/rendering/PlotSheet;Lcom/wildplot/android/rendering/PlotSheet;DIZZ)V
09-18 16:16:45.636  5623  5623 D M_InsDal: Lcom/ichi2/anki/Statistics$ChartFragment;--->createChart()V
09-18 16:16:45.636  5623  5623 D M_InsDal: Lcom/ichi2/anki/Statistics;--->getTaskHandler()Lcom/ichi2/anki/stats/AnkiStatsTaskHandler;
09-18 16:16:45.636  5623  5623 D M_InsDal: Lcom/ichi2/anki/stats/AnkiStatsTaskHandler;--->createChart(Lcom/ichi2/libanki/Stats$ChartType;[Landroid/view/View;)Lcom/ichi2/anki/stats/AnkiStatsTaskHandler$CreateChartTask;
09-18 16:16:45.636  5623  5623 D M_InsDal: Lcom/ichi2/anki/stats/AnkiStatsTaskHandler$CreateChartTask;---><init>(Lcom/ichi2/anki/stats/AnkiStatsTaskHandler;Lcom/ichi2/libanki/Stats$ChartType;)V
09-18 16:16:45.636  5623  5681 D M_InsDal: Lcom/ichi2/anki/stats/ChartBuilder;--->setupGrid(Lcom/wildplot/android/rendering/PlotSheet;DD)V
09-18 16:16:45.636  5623  5623 D M_InsDal: Lcom/ichi2/anki/stats/ChartView;--->onSizeChanged(IIII)V
09-18 16:16:45.636  5623  5623 D M_InsDal: Lcom/ichi2/anki/Statistics$ChartFragment;--->checkAndUpdate()V
09-18 16:16:45.636  5623  5623 D M_InsDal: Lcom/ichi2/anki/CollectionHelper;--->getInstance()Lcom/ichi2/anki/CollectionHelper;
09-18 16:16:45.636  5623  5623 D M_InsDal: Lcom/ichi2/anki/CollectionHelper;--->getCol(Landroid/content/Context;)Lcom/ichi2/libanki/Collection;
09-18 16:16:45.636  5623  5623 D M_InsDal: Lcom/ichi2/anki/CollectionHelper;--->getCollectionPath(Landroid/content/Context;)Ljava/lang/String;
09-18 16:16:45.636  5623  5623 D M_InsDal: Lcom/ichi2/anki/CollectionHelper;--->getCurrentAnkiDroidDirectory(Landroid/content/Context;)Ljava/lang/String;
09-18 16:16:45.636  5623  5623 D M_InsDal: Lcom/ichi2/anki/CollectionHelper;--->getDefaultAnkiDroidDirectory()Ljava/lang/String;
09-18 16:16:45.636  5623  5681 D M_InsDal: Lcom/ichi2/anki/stats/AnkiStatsTaskHandler$CreateChartTask;--->doInBackground([Landroid/view/View;)Lcom/wildplot/android/rendering/PlotSheet;
09-18 16:16:45.636  5623  5681 D M_InsDal: Lcom/ichi2/anki/stats/ChartBuilder;---><init>(Lcom/ichi2/anki/stats/ChartView;Lcom/ichi2/libanki/Collection;ZLcom/ichi2/libanki/Stats$ChartType;)V
09-18 16:16:45.636  5623  5681 D M_InsDal: Lcom/ichi2/anki/stats/ChartBuilder;--->renderChart(Lcom/ichi2/libanki/Stats$AxisType;)Lcom/wildplot/android/rendering/PlotSheet;
09-18 16:16:45.636  5623  5681 D M_InsDal: Lcom/ichi2/anki/stats/ChartBuilder;--->calcStats(Lcom/ichi2/libanki/Stats$AxisType;)V
09-18 16:16:45.637  5623  5681 D M_InsDal: Lcom/ichi2/anki/stats/AnkiStatsTaskHandler;--->getInstance()Lcom/ichi2/anki/stats/AnkiStatsTaskHandler;
09-18 16:16:45.637  5623  5681 D M_InsDal: Lcom/ichi2/anki/stats/AnkiStatsTaskHandler;--->getmStandardTextSize()F
09-18 16:16:45.637  5623  5681 D M_InsDal: Lcom/ichi2/anki/stats/ChartBuilder;--->setupCumulative(Lcom/wildplot/android/rendering/PlotSheet;Lcom/wildplot/android/rendering/PlotSheet;)V
09-18 16:16:45.637  5623  5681 D M_InsDal: Lcom/ichi2/anki/stats/ChartBuilder;--->setupBarGraphs(Lcom/wildplot/android/rendering/PlotSheet;Lcom/wildplot/android/rendering/PlotSheet;)V
09-18 16:16:45.637  5623  5623 D M_InsDal: Lcom/ichi2/anki/CollectionHelper;--->colIsOpen()Z
09-18 16:16:45.637  5623  5623 D M_InsDal: Lcom/ichi2/anki/Statistics;--->getTaskHandler()Lcom/ichi2/anki/stats/AnkiStatsTaskHandler;
09-18 16:16:45.637  5623  5623 D M_InsDal: Lcom/ichi2/anki/stats/AnkiStatsTaskHandler;--->getStatType()Lcom/ichi2/libanki/Stats$AxisType;
09-18 16:16:45.637  5623  5681 D M_InsDal: Lcom/ichi2/anki/stats/ChartBuilder;--->ticksCalcX(ILcom/wildplot/android/rendering/graphics/wrapper/RectangleWrap;DD)D
09-18 16:16:45.637  5623  5681 D M_InsDal: Lcom/ichi2/anki/stats/ChartBuilder;--->setupXaxis(Lcom/wildplot/android/rendering/PlotSheet;DZ)V
09-18 16:16:45.637  5623  5623 D M_InsDal: Lcom/ichi2/anki/Statistics$ChartFragment;--->isWholeCollection()Z
09-18 16:16:45.637  5623  5623 D M_InsDal: Lcom/ichi2/anki/Statistics$ChartFragment;--->createChart()V
09-18 16:16:45.637  5623  5623 D M_InsDal: Lcom/ichi2/anki/Statistics;--->getTaskHandler()Lcom/ichi2/anki/stats/AnkiStatsTaskHandler;
09-18 16:16:45.637  5623  5623 D M_InsDal: Lcom/ichi2/anki/stats/AnkiStatsTaskHandler;--->createChart(Lcom/ichi2/libanki/Stats$ChartType;[Landroid/view/View;)Lcom/ichi2/anki/stats/AnkiStatsTaskHandler$CreateChartTask;
09-18 16:16:45.637  5623  5623 D M_InsDal: Lcom/ichi2/anki/stats/AnkiStatsTaskHandler$CreateChartTask;---><init>(Lcom/ichi2/anki/stats/AnkiStatsTaskHandler;Lcom/ichi2/libanki/Stats$ChartType;)V
09-18 16:16:45.637  5623  5681 D M_InsDal: Lcom/ichi2/anki/stats/ChartBuilder;--->ticksCalcY(ILcom/wildplot/android/rendering/graphics/wrapper/RectangleWrap;DD)D
09-18 16:16:45.637  5623  5681 D M_InsDal: Lcom/ichi2/anki/stats/ChartBuilder;--->ticsCalc(ILcom/wildplot/android/rendering/graphics/wrapper/RectangleWrap;D)D
09-18 16:16:45.637  5623  5681 D M_InsDal: Lcom/ichi2/anki/stats/ChartBuilder;--->setupYaxis(Lcom/wildplot/android/rendering/PlotSheet;Lcom/wildplot/android/rendering/PlotSheet;DIZZ)V
09-18 16:16:45.637  5623  5623 D M_InsDal: Lcom/ichi2/anki/stats/ChartView;--->onSizeChanged(IIII)V
09-18 16:16:45.637  5623  5623 D M_InsDal: Lcom/ichi2/anki/Statistics$ChartFragment;--->checkAndUpdate()V
09-18 16:16:45.637  5623  5623 D M_InsDal: Lcom/ichi2/anki/CollectionHelper;--->getInstance()Lcom/ichi2/anki/CollectionHelper;
09-18 16:16:45.637  5623  5623 D M_InsDal: Lcom/ichi2/anki/CollectionHelper;--->getCol(Landroid/content/Context;)Lcom/ichi2/libanki/Collection;
09-18 16:16:45.637  5623  5623 D M_InsDal: Lcom/ichi2/anki/CollectionHelper;--->getCollectionPath(Landroid/content/Context;)Ljava/lang/String;
09-18 16:16:45.637  5623  5681 D M_InsDal: Lcom/ichi2/anki/stats/ChartBuilder;--->ticsCalc(ILcom/wildplot/android/rendering/graphics/wrapper/RectangleWrap;D)D
09-18 16:16:45.637  5623  5623 D M_InsDal: Lcom/ichi2/anki/CollectionHelper;--->getCurrentAnkiDroidDirectory(Landroid/content/Context;)Ljava/lang/String;
09-18 16:16:45.637  5623  5681 D M_InsDal: Lcom/ichi2/anki/stats/ChartBuilder;--->setupYaxis(Lcom/wildplot/android/rendering/PlotSheet;Lcom/wildplot/android/rendering/PlotSheet;DIZZ)V
09-18 16:16:45.637  5623  5623 D M_InsDal: Lcom/ichi2/anki/CollectionHelper;--->getDefaultAnkiDroidDirectory()Ljava/lang/String;
09-18 16:16:45.637  5623  5681 D M_InsDal: Lcom/ichi2/anki/stats/ChartBuilder;--->setupGrid(Lcom/wildplot/android/rendering/PlotSheet;DD)V
09-18 16:16:45.637  5623  5681 D M_InsDal: Lcom/ichi2/anki/stats/AnkiStatsTaskHandler$CreateChartTask;--->doInBackground([Landroid/view/View;)Lcom/wildplot/android/rendering/PlotSheet;
09-18 16:16:45.637  5623  5681 D M_InsDal: Lcom/ichi2/anki/stats/ChartBuilder;---><init>(Lcom/ichi2/anki/stats/ChartView;Lcom/ichi2/libanki/Collection;ZLcom/ichi2/libanki/Stats$ChartType;)V
09-18 16:16:45.637  5623  5681 D M_InsDal: Lcom/ichi2/anki/stats/ChartBuilder;--->renderChart(Lcom/ichi2/libanki/Stats$AxisType;)Lcom/wildplot/android/rendering/PlotSheet;
09-18 16:16:45.637  5623  5681 D M_InsDal: Lcom/ichi2/anki/stats/ChartBuilder;--->calcStats(Lcom/ichi2/libanki/Stats$AxisType;)V
09-18 16:16:45.638  5623  5623 D M_InsDal: Lcom/ichi2/anki/CollectionHelper;--->colIsOpen()Z
09-18 16:16:45.638  5623  5623 D M_InsDal: Lcom/ichi2/anki/Statistics;--->getTaskHandler()Lcom/ichi2/anki/stats/AnkiStatsTaskHandler;
09-18 16:16:45.638  5623  5623 D M_InsDal: Lcom/ichi2/anki/stats/AnkiStatsTaskHandler;--->getStatType()Lcom/ichi2/libanki/Stats$AxisType;
09-18 16:16:45.638  5623  5623 D M_InsDal: Lcom/ichi2/anki/Statistics$ChartFragment;--->isWholeCollection()Z
09-18 16:16:45.638  5623  5623 D M_InsDal: Lcom/ichi2/anki/Statistics$ChartFragment;--->createChart()V
09-18 16:16:45.638  5623  5623 D M_InsDal: Lcom/ichi2/anki/Statistics;--->getTaskHandler()Lcom/ichi2/anki/stats/AnkiStatsTaskHandler;
09-18 16:16:45.638  5623  5623 D M_InsDal: Lcom/ichi2/anki/stats/AnkiStatsTaskHandler;--->createChart(Lcom/ichi2/libanki/Stats$ChartType;[Landroid/view/View;)Lcom/ichi2/anki/stats/AnkiStatsTaskHandler$CreateChartTask;
09-18 16:16:45.638  5623  5623 D M_InsDal: Lcom/ichi2/anki/stats/AnkiStatsTaskHandler$CreateChartTask;---><init>(Lcom/ichi2/anki/stats/AnkiStatsTaskHandler;Lcom/ichi2/libanki/Stats$ChartType;)V
09-18 16:16:45.638  5623  5681 D M_InsDal: Lcom/ichi2/anki/stats/AnkiStatsTaskHandler;--->getInstance()Lcom/ichi2/anki/stats/AnkiStatsTaskHandler;
09-18 16:16:45.638  5623  5681 D M_InsDal: Lcom/ichi2/anki/stats/AnkiStatsTaskHandler;--->getmStandardTextSize()F
09-18 16:16:45.638  5623  5623 D M_InsDal: Lcom/ichi2/anki/stats/ChartView;--->onSizeChanged(IIII)V
09-18 16:16:45.638  5623  5623 D M_InsDal: Lcom/ichi2/anki/Statistics$ChartFragment;--->checkAndUpdate()V
09-18 16:16:45.638  5623  5623 D M_InsDal: Lcom/ichi2/anki/CollectionHelper;--->getInstance()Lcom/ichi2/anki/CollectionHelper;
09-18 16:16:45.638  5623  5623 D M_InsDal: Lcom/ichi2/anki/CollectionHelper;--->getCol(Landroid/content/Context;)Lcom/ichi2/libanki/Collection;
09-18 16:16:45.638  5623  5623 D M_InsDal: Lcom/ichi2/anki/CollectionHelper;--->getCollectionPath(Landroid/content/Context;)Ljava/lang/String;
09-18 16:16:45.638  5623  5623 D M_InsDal: Lcom/ichi2/anki/CollectionHelper;--->getCurrentAnkiDroidDirectory(Landroid/content/Context;)Ljava/lang/String;
09-18 16:16:45.638  5623  5623 D M_InsDal: Lcom/ichi2/anki/CollectionHelper;--->getDefaultAnkiDroidDirectory()Ljava/lang/String;
09-18 16:16:45.638  5623  5681 D M_InsDal: Lcom/ichi2/anki/stats/ChartBuilder;--->setupCumulative(Lcom/wildplot/android/rendering/PlotSheet;Lcom/wildplot/android/rendering/PlotSheet;)V
09-18 16:16:45.638  5623  5681 D M_InsDal: Lcom/ichi2/anki/stats/ChartBuilder;--->setupBarGraphs(Lcom/wildplot/android/rendering/PlotSheet;Lcom/wildplot/android/rendering/PlotSheet;)V
09-18 16:16:45.638  5623  5681 D M_InsDal: Lcom/ichi2/anki/stats/ChartBuilder;--->ticksCalcX(ILcom/wildplot/android/rendering/graphics/wrapper/RectangleWrap;DD)D
09-18 16:16:45.638  5623  5681 D M_InsDal: Lcom/ichi2/anki/stats/ChartBuilder;--->setupXaxis(Lcom/wildplot/android/rendering/PlotSheet;DZ)V
09-18 16:16:45.638  5623  5681 D M_InsDal: Lcom/ichi2/anki/stats/ChartBuilder;--->ticksCalcY(ILcom/wildplot/android/rendering/graphics/wrapper/RectangleWrap;DD)D
09-18 16:16:45.638  5623  5681 D M_InsDal: Lcom/ichi2/anki/stats/ChartBuilder;--->ticsCalc(ILcom/wildplot/android/rendering/graphics/wrapper/RectangleWrap;D)D
09-18 16:16:45.638  5623  5681 D M_InsDal: Lcom/ichi2/anki/stats/ChartBuilder;--->setupYaxis(Lcom/wildplot/android/rendering/PlotSheet;Lcom/wildplot/android/rendering/PlotSheet;DIZZ)V
09-18 16:16:45.638  5623  5681 D M_InsDal: Lcom/ichi2/anki/stats/ChartBuilder;--->ticsCalc(ILcom/wildplot/android/rendering/graphics/wrapper/RectangleWrap;D)D
09-18 16:16:45.638  5623  5681 D M_InsDal: Lcom/ichi2/anki/stats/ChartBuilder;--->setupYaxis(Lcom/wildplot/android/rendering/PlotSheet;Lcom/wildplot/android/rendering/PlotSheet;DIZZ)V
09-18 16:16:45.638  5623  5681 D M_InsDal: Lcom/ichi2/anki/stats/ChartBuilder;--->setupGrid(Lcom/wildplot/android/rendering/PlotSheet;DD)V
09-18 16:16:45.638  5623  5623 D M_InsDal: Lcom/ichi2/anki/CollectionHelper;--->colIsOpen()Z
09-18 16:16:45.638  5623  5623 D M_InsDal: Lcom/ichi2/anki/Statistics;--->getTaskHandler()Lcom/ichi2/anki/stats/AnkiStatsTaskHandler;
09-18 16:16:45.638  5623  5623 D M_InsDal: Lcom/ichi2/anki/stats/AnkiStatsTaskHandler;--->getStatType()Lcom/ichi2/libanki/Stats$AxisType;
09-18 16:16:45.638  5623  5681 D M_InsDal: Lcom/ichi2/anki/stats/AnkiStatsTaskHandler$CreateChartTask;--->doInBackground([Landroid/view/View;)Lcom/wildplot/android/rendering/PlotSheet;
09-18 16:16:45.638  5623  5681 D M_InsDal: Lcom/ichi2/anki/stats/ChartBuilder;---><init>(Lcom/ichi2/anki/stats/ChartView;Lcom/ichi2/libanki/Collection;ZLcom/ichi2/libanki/Stats$ChartType;)V
09-18 16:16:45.638  5623  5681 D M_InsDal: Lcom/ichi2/anki/stats/ChartBuilder;--->renderChart(Lcom/ichi2/libanki/Stats$AxisType;)Lcom/wildplot/android/rendering/PlotSheet;
09-18 16:16:45.638  5623  5681 D M_InsDal: Lcom/ichi2/anki/stats/ChartBuilder;--->calcStats(Lcom/ichi2/libanki/Stats$AxisType;)V
09-18 16:16:45.638  5623  5623 D M_InsDal: Lcom/ichi2/anki/Statistics$ChartFragment;--->isWholeCollection()Z
09-18 16:16:45.638  5623  5623 D M_InsDal: Lcom/ichi2/anki/Statistics$ChartFragment;--->createChart()V
09-18 16:16:45.638  5623  5623 D M_InsDal: Lcom/ichi2/anki/Statistics;--->getTaskHandler()Lcom/ichi2/anki/stats/AnkiStatsTaskHandler;
09-18 16:16:45.638  5623  5623 D M_InsDal: Lcom/ichi2/anki/stats/AnkiStatsTaskHandler;--->createChart(Lcom/ichi2/libanki/Stats$ChartType;[Landroid/view/View;)Lcom/ichi2/anki/stats/AnkiStatsTaskHandler$CreateChartTask;
09-18 16:16:45.638  5623  5623 D M_InsDal: Lcom/ichi2/anki/stats/AnkiStatsTaskHandler$CreateChartTask;---><init>(Lcom/ichi2/anki/stats/AnkiStatsTaskHandler;Lcom/ichi2/libanki/Stats$ChartType;)V
09-18 16:16:45.638  5623  5623 D M_InsDal: Lcom/ichi2/anki/stats/ChartView;--->onSizeChanged(IIII)V
09-18 16:16:45.638  5623  5623 D M_InsDal: Lcom/ichi2/anki/Statistics$ChartFragment;--->checkAndUpdate()V
09-18 16:16:45.638  5623  5623 D M_InsDal: Lcom/ichi2/anki/CollectionHelper;--->getInstance()Lcom/ichi2/anki/CollectionHelper;
09-18 16:16:45.638  5623  5623 D M_InsDal: Lcom/ichi2/anki/CollectionHelper;--->getCol(Landroid/content/Context;)Lcom/ichi2/libanki/Collection;
09-18 16:16:45.638  5623  5623 D M_InsDal: Lcom/ichi2/anki/CollectionHelper;--->getCollectionPath(Landroid/content/Context;)Ljava/lang/String;
09-18 16:16:45.638  5623  5623 D M_InsDal: Lcom/ichi2/anki/CollectionHelper;--->getCurrentAnkiDroidDirectory(Landroid/content/Context;)Ljava/lang/String;
09-18 16:16:45.638  5623  5623 D M_InsDal: Lcom/ichi2/anki/CollectionHelper;--->getDefaultAnkiDroidDirectory()Ljava/lang/String;
09-18 16:16:45.639  5623  5681 D M_InsDal: Lcom/ichi2/anki/stats/AnkiStatsTaskHandler;--->getInstance()Lcom/ichi2/anki/stats/AnkiStatsTaskHandler;
09-18 16:16:45.639  5623  5681 D M_InsDal: Lcom/ichi2/anki/stats/AnkiStatsTaskHandler;--->getmStandardTextSize()F
09-18 16:16:45.639  5623  5681 D M_InsDal: Lcom/ichi2/anki/stats/ChartBuilder;--->setupCumulative(Lcom/wildplot/android/rendering/PlotSheet;Lcom/wildplot/android/rendering/PlotSheet;)V
09-18 16:16:45.639  5623  5623 D M_InsDal: Lcom/ichi2/anki/CollectionHelper;--->colIsOpen()Z
09-18 16:16:45.639  5623  5681 D M_InsDal: Lcom/ichi2/anki/stats/ChartBuilder;--->setupBarGraphs(Lcom/wildplot/android/rendering/PlotSheet;Lcom/wildplot/android/rendering/PlotSheet;)V
09-18 16:16:45.639  5623  5681 D M_InsDal: Lcom/ichi2/anki/stats/ChartBuilder;--->ticksCalcX(ILcom/wildplot/android/rendering/graphics/wrapper/RectangleWrap;DD)D
09-18 16:16:45.639  5623  5623 D M_InsDal: Lcom/ichi2/anki/Statistics;--->getTaskHandler()Lcom/ichi2/anki/stats/AnkiStatsTaskHandler;
09-18 16:16:45.639  5623  5681 D M_InsDal: Lcom/ichi2/anki/stats/ChartBuilder;--->setupXaxis(Lcom/wildplot/android/rendering/PlotSheet;DZ)V
09-18 16:16:45.639  5623  5623 D M_InsDal: Lcom/ichi2/anki/stats/AnkiStatsTaskHandler;--->getStatType()Lcom/ichi2/libanki/Stats$AxisType;
09-18 16:16:45.639  5623  5623 D M_InsDal: Lcom/ichi2/anki/Statistics$ChartFragment;--->isWholeCollection()Z
09-18 16:16:45.639  5623  5623 D M_InsDal: Lcom/ichi2/anki/Statistics$ChartFragment;--->createChart()V
09-18 16:16:45.639  5623  5623 D M_InsDal: Lcom/ichi2/anki/Statistics;--->getTaskHandler()Lcom/ichi2/anki/stats/AnkiStatsTaskHandler;
09-18 16:16:45.639  5623  5623 D M_InsDal: Lcom/ichi2/anki/stats/AnkiStatsTaskHandler;--->createChart(Lcom/ichi2/libanki/Stats$ChartType;[Landroid/view/View;)Lcom/ichi2/anki/stats/AnkiStatsTaskHandler$CreateChartTask;
09-18 16:16:45.639  5623  5623 D M_InsDal: Lcom/ichi2/anki/stats/AnkiStatsTaskHandler$CreateChartTask;---><init>(Lcom/ichi2/anki/stats/AnkiStatsTaskHandler;Lcom/ichi2/libanki/Stats$ChartType;)V
09-18 16:16:45.639  5623  5681 D M_InsDal: Lcom/ichi2/anki/stats/ChartBuilder;--->ticksCalcY(ILcom/wildplot/android/rendering/graphics/wrapper/RectangleWrap;DD)D
09-18 16:16:45.639  5623  5681 D M_InsDal: Lcom/ichi2/anki/stats/ChartBuilder;--->ticsCalc(ILcom/wildplot/android/rendering/graphics/wrapper/RectangleWrap;D)D
09-18 16:16:45.639  5623  5681 D M_InsDal: Lcom/ichi2/anki/stats/ChartBuilder;--->setupYaxis(Lcom/wildplot/android/rendering/PlotSheet;Lcom/wildplot/android/rendering/PlotSheet;DIZZ)V
09-18 16:16:45.639  5623  5681 D M_InsDal: Lcom/ichi2/anki/stats/ChartBuilder;--->ticsCalc(ILcom/wildplot/android/rendering/graphics/wrapper/RectangleWrap;D)D
09-18 16:16:45.639  5623  5681 D M_InsDal: Lcom/ichi2/anki/stats/ChartBuilder;--->setupYaxis(Lcom/wildplot/android/rendering/PlotSheet;Lcom/wildplot/android/rendering/PlotSheet;DIZZ)V
09-18 16:16:45.639  5623  5681 D M_InsDal: Lcom/ichi2/anki/stats/ChartBuilder;--->setupGrid(Lcom/wildplot/android/rendering/PlotSheet;DD)V
09-18 16:16:45.640  5623  5681 D M_InsDal: Lcom/ichi2/anki/stats/AnkiStatsTaskHandler$CreateChartTask;--->doInBackground([Landroid/view/View;)Lcom/wildplot/android/rendering/PlotSheet;
09-18 16:16:45.640  5623  5681 D M_InsDal: Lcom/ichi2/anki/stats/ChartBuilder;---><init>(Lcom/ichi2/anki/stats/ChartView;Lcom/ichi2/libanki/Collection;ZLcom/ichi2/libanki/Stats$ChartType;)V
09-18 16:16:45.640  5623  5681 D M_InsDal: Lcom/ichi2/anki/stats/ChartBuilder;--->renderChart(Lcom/ichi2/libanki/Stats$AxisType;)Lcom/wildplot/android/rendering/PlotSheet;
09-18 16:16:45.640  5623  5681 D M_InsDal: Lcom/ichi2/anki/stats/ChartBuilder;--->calcStats(Lcom/ichi2/libanki/Stats$AxisType;)V
09-18 16:16:45.640  5623  5681 D M_InsDal: Lcom/ichi2/anki/stats/AnkiStatsTaskHandler;--->getInstance()Lcom/ichi2/anki/stats/AnkiStatsTaskHandler;
09-18 16:16:45.640  5623  5681 D M_InsDal: Lcom/ichi2/anki/stats/AnkiStatsTaskHandler;--->getmStandardTextSize()F
09-18 16:16:45.641  5623  5681 D M_InsDal: Lcom/ichi2/anki/stats/ChartBuilder;--->setupCumulative(Lcom/wildplot/android/rendering/PlotSheet;Lcom/wildplot/android/rendering/PlotSheet;)V
09-18 16:16:45.641  5623  5681 D M_InsDal: Lcom/ichi2/anki/stats/ChartBuilder;--->setupBarGraphs(Lcom/wildplot/android/rendering/PlotSheet;Lcom/wildplot/android/rendering/PlotSheet;)V
09-18 16:16:45.641  5623  5681 D M_InsDal: Lcom/ichi2/anki/stats/ChartBuilder;--->ticksCalcX(ILcom/wildplot/android/rendering/graphics/wrapper/RectangleWrap;DD)D
09-18 16:16:45.641  5623  5681 D M_InsDal: Lcom/ichi2/anki/stats/ChartBuilder;--->setupXaxis(Lcom/wildplot/android/rendering/PlotSheet;DZ)V
09-18 16:16:45.641  5623  5681 D M_InsDal: Lcom/ichi2/anki/stats/ChartBuilder;--->ticksCalcY(ILcom/wildplot/android/rendering/graphics/wrapper/RectangleWrap;DD)D
09-18 16:16:45.641  5623  5681 D M_InsDal: Lcom/ichi2/anki/stats/ChartBuilder;--->ticsCalc(ILcom/wildplot/android/rendering/graphics/wrapper/RectangleWrap;D)D
