--------- beginning of system
--------- beginning of main
05-24 21:15:36.435 25432 25457 D M_InsDal: Lcom/fsck/k9/mail/store/imap/ImapConnection;--->upgradeToTlsIfNecessary()V
05-24 21:15:36.435 25432 25458 D M_InsDal: Lcom/fsck/k9/mail/filter/PeekableInputStream;--->peek()I
05-24 21:15:36.435 25432 25457 D M_InsDal: Lcom/fsck/k9/mail/store/imap/ImapStore$StoreImapSettings;--->getConnectionSecurity()Lcom/fsck/k9/mail/ConnectionSecurity;
05-24 21:15:36.435 25432 25458 D M_InsDal: Lcom/fsck/k9/mail/filter/PeekableInputStream;--->read()I
05-24 21:15:36.435 25432 25457 D M_InsDal: Lcom/fsck/k9/mail/store/imap/ImapConnection;--->authenticate()Ljava/util/List;
05-24 21:15:36.435 25432 25458 D M_InsDal: Lcom/fsck/k9/mail/filter/PeekableInputStream;--->peek()I
05-24 21:15:36.435 25432 25458 D M_InsDal: Lcom/fsck/k9/mail/filter/PeekableInputStream;--->read()I
05-24 21:15:36.435 25432 25458 D M_InsDal: Lcom/fsck/k9/mail/filter/PeekableInputStream;--->peek()I
05-24 21:15:36.435 25432 25458 D M_InsDal: Lcom/fsck/k9/mail/filter/PeekableInputStream;--->read()I
05-24 21:15:36.435 25432 25458 D M_InsDal: Lcom/fsck/k9/mail/filter/PeekableInputStream;--->peek()I
05-24 21:15:36.435 25432 25458 D M_InsDal: Lcom/fsck/k9/mail/filter/PeekableInputStream;--->read()I
05-24 21:15:36.435 25432 25458 D M_InsDal: Lcom/fsck/k9/mail/filter/PeekableInputStream;--->peek()I
05-24 21:15:36.435 25432 25458 D M_InsDal: Lcom/fsck/k9/mail/filter/PeekableInputStream;--->read()I
05-24 21:15:36.435 25432 25458 D M_InsDal: Lcom/fsck/k9/mail/filter/PeekableInputStream;--->peek()I
05-24 21:15:36.435 25432 25458 D M_InsDal: Lcom/fsck/k9/mail/filter/PeekableInputStream;--->read()I
05-24 21:15:36.435 25432 25457 D M_InsDal: Lcom/fsck/k9/mail/store/imap/ImapConnection$2;---><clinit>()V
05-24 21:15:36.435 25432 25458 D M_InsDal: Lcom/fsck/k9/mail/filter/PeekableInputStream;--->peek()I
05-24 21:15:36.435 25432 25458 D M_InsDal: Lcom/fsck/k9/mail/store/imap/ImapResponseParser;--->parseToken(Lcom/fsck/k9/mail/store/imap/ImapList;)Ljava/lang/Object;
05-24 21:15:36.435 25432 25457 D M_InsDal: Lcom/fsck/k9/mail/AuthType;--->values()[Lcom/fsck/k9/mail/AuthType;
05-24 21:15:36.435 25432 25458 D M_InsDal: Lcom/fsck/k9/mail/filter/PeekableInputStream;--->peek()I
05-24 21:15:36.435 25432 25458 D M_InsDal: Lcom/fsck/k9/mail/store/imap/ImapResponseParser;--->expect(C)V
05-24 21:15:36.435 25432 25458 D M_InsDal: Lcom/fsck/k9/mail/filter/PeekableInputStream;--->read()I
05-24 21:15:36.435 25432 25458 D M_InsDal: Lcom/fsck/k9/mail/filter/PeekableInputStream;--->peek()I
05-24 21:15:36.435 25432 25458 D M_InsDal: Lcom/fsck/k9/mail/store/imap/ImapResponseParser;--->parseBareString(Z)Ljava/lang/String;
05-24 21:15:36.435 25432 25457 D M_InsDal: Lcom/fsck/k9/mail/store/imap/ImapStore$StoreImapSettings;--->getAuthType()Lcom/fsck/k9/mail/AuthType;
05-24 21:15:36.435 25432 25458 D M_InsDal: Lcom/fsck/k9/mail/filter/PeekableInputStream;--->peek()I
05-24 21:15:36.435 25432 25458 D M_InsDal: Lcom/fsck/k9/mail/filter/PeekableInputStream;--->read()I
05-24 21:15:36.435 25432 25458 D M_InsDal: Lcom/fsck/k9/mail/filter/PeekableInputStream;--->peek()I
05-24 21:15:36.435 25432 25457 D M_InsDal: Lcom/fsck/k9/mail/store/imap/ImapConnection;--->hasCapability(Ljava/lang/String;)Z
05-24 21:15:36.435 25432 25458 D M_InsDal: Lcom/fsck/k9/mail/filter/PeekableInputStream;--->read()I
05-24 21:15:36.435 25432 25458 D M_InsDal: Lcom/fsck/k9/mail/filter/PeekableInputStream;--->peek()I
05-24 21:15:36.435 25432 25458 D M_InsDal: Lcom/fsck/k9/mail/filter/PeekableInputStream;--->read()I
05-24 21:15:36.435 25432 25457 D M_InsDal: Lcom/fsck/k9/mail/store/imap/ImapConnection;--->saslAuthPlainWithLoginFallback()Ljava/util/List;
05-24 21:15:36.435 25432 25458 D M_InsDal: Lcom/fsck/k9/mail/filter/PeekableInputStream;--->peek()I
05-24 21:15:36.435 25432 25458 D M_InsDal: Lcom/fsck/k9/mail/filter/PeekableInputStream;--->read()I
05-24 21:15:36.435 25432 25457 D M_InsDal: Lcom/fsck/k9/mail/store/imap/ImapConnection;--->saslAuthPlain()Ljava/util/List;
05-24 21:15:36.435 25432 25458 D M_InsDal: Lcom/fsck/k9/mail/filter/PeekableInputStream;--->peek()I
05-24 21:15:36.435 25432 25458 D M_InsDal: Lcom/fsck/k9/mail/filter/PeekableInputStream;--->read()I
05-24 21:15:36.435 25432 25457 D M_InsDal: Lcom/fsck/k9/mail/store/imap/ImapConnection;--->sendCommand(Ljava/lang/String;Z)Ljava/lang/String;
05-24 21:15:36.435 25432 25458 D M_InsDal: Lcom/fsck/k9/mail/filter/PeekableInputStream;--->peek()I
05-24 21:15:36.435 25432 25457 D M_InsDal: Lcom/fsck/k9/mail/store/imap/ImapConnection;--->open()V
05-24 21:15:36.435 25432 25458 D M_InsDal: Lcom/fsck/k9/mail/filter/PeekableInputStream;--->read()I
05-24 21:15:36.435 25432 25458 D M_InsDal: Lcom/fsck/k9/mail/filter/PeekableInputStream;--->peek()I
05-24 21:15:36.435 25432 25458 D M_InsDal: Lcom/fsck/k9/mail/filter/PeekableInputStream;--->read()I
05-24 21:15:36.435 25432 25458 D M_InsDal: Lcom/fsck/k9/mail/filter/PeekableInputStream;--->peek()I
05-24 21:15:36.435 25432 25458 D M_InsDal: Lcom/fsck/k9/mail/filter/PeekableInputStream;--->read()I
05-24 21:15:36.435 25432 25458 D M_InsDal: Lcom/fsck/k9/mail/filter/PeekableInputStream;--->peek()I
05-24 21:15:36.435 25432 25458 D M_InsDal: Lcom/fsck/k9/mail/filter/PeekableInputStream;--->read()I
05-24 21:15:36.435 25432 25458 D M_InsDal: Lcom/fsck/k9/mail/filter/PeekableInputStream;--->peek()I
05-24 21:15:36.435 25432 25458 D M_InsDal: Lcom/fsck/k9/mail/filter/PeekableInputStream;--->read()I
05-24 21:15:36.435 25432 25458 D M_InsDal: Lcom/fsck/k9/mail/filter/PeekableInputStream;--->peek()I
05-24 21:15:36.435 25432 25458 D M_InsDal: Lcom/fsck/k9/mail/filter/PeekableInputStream;--->read()I
05-24 21:15:36.435 25432 25458 D M_InsDal: Lcom/fsck/k9/mail/filter/PeekableInputStream;--->peek()I
05-24 21:15:36.435 25432 25458 D M_InsDal: Lcom/fsck/k9/mail/filter/PeekableInputStream;--->read()I
05-24 21:15:36.435 25432 25458 D M_InsDal: Lcom/fsck/k9/mail/filter/PeekableInputStream;--->peek()I
05-24 21:15:36.435 25432 25458 D M_InsDal: Lcom/fsck/k9/mail/store/imap/ImapResponseParser;--->parseToken(Lcom/fsck/k9/mail/store/imap/ImapList;)Ljava/lang/Object;
05-24 21:15:36.435 25432 25458 D M_InsDal: Lcom/fsck/k9/mail/filter/PeekableInputStream;--->peek()I
05-24 21:15:36.435 25432 25458 D M_InsDal: Lcom/fsck/k9/mail/store/imap/ImapResponseParser;--->expect(C)V
05-24 21:15:36.435 25432 25458 D M_InsDal: Lcom/fsck/k9/mail/filter/PeekableInputStream;--->read()I
05-24 21:15:36.435 25432 25458 D M_InsDal: Lcom/fsck/k9/mail/filter/PeekableInputStream;--->peek()I
05-24 21:15:36.435 25432 25458 D M_InsDal: Lcom/fsck/k9/mail/store/imap/ImapResponseParser;--->parseBareString(Z)Ljava/lang/String;
05-24 21:15:36.435 25432 25458 D M_InsDal: Lcom/fsck/k9/mail/filter/PeekableInputStream;--->peek()I
05-24 21:15:36.435 25432 25458 D M_InsDal: Lcom/fsck/k9/mail/filter/PeekableInputStream;--->read()I
05-24 21:15:36.435 25432 25458 D M_InsDal: Lcom/fsck/k9/mail/filter/PeekableInputStream;--->peek()I
05-24 21:15:36.435 25432 25458 D M_InsDal: Lcom/fsck/k9/mail/filter/PeekableInputStream;--->read()I
05-24 21:15:36.435 25432 25458 D M_InsDal: Lcom/fsck/k9/mail/filter/PeekableInputStream;--->peek()I
05-24 21:15:36.435 25432 25458 D M_InsDal: Lcom/fsck/k9/mail/filter/PeekableInputStream;--->read()I
05-24 21:15:36.435 25432 25458 D M_InsDal: Lcom/fsck/k9/mail/filter/PeekableInputStream;--->peek()I
05-24 21:15:36.435 25432 25458 D M_InsDal: Lcom/fsck/k9/mail/filter/PeekableInputStream;--->read()I
05-24 21:15:36.435 25432 25458 D M_InsDal: Lcom/fsck/k9/mail/filter/PeekableInputStream;--->peek()I
05-24 21:15:36.435 25432 25458 D M_InsDal: Lcom/fsck/k9/mail/filter/PeekableInputStream;--->read()I
05-24 21:15:36.435 25432 25458 D M_InsDal: Lcom/fsck/k9/mail/filter/PeekableInputStream;--->peek()I
05-24 21:15:36.435 25432 25458 D M_InsDal: Lcom/fsck/k9/mail/filter/PeekableInputStream;--->read()I
05-24 21:15:36.435 25432 25458 D M_InsDal: Lcom/fsck/k9/mail/filter/PeekableInputStream;--->peek()I
05-24 21:15:36.435 25432 25458 D M_InsDal: Lcom/fsck/k9/mail/filter/PeekableInputStream;--->read()I
05-24 21:15:36.435 25432 25458 D M_InsDal: Lcom/fsck/k9/mail/filter/PeekableInputStream;--->peek()I
05-24 21:15:36.435 25432 25458 D M_InsDal: Lcom/fsck/k9/mail/filter/PeekableInputStream;--->read()I
05-24 21:15:36.435 25432 25458 D M_InsDal: Lcom/fsck/k9/mail/filter/PeekableInputStream;--->peek()I
05-24 21:15:36.435 25432 25458 D M_InsDal: Lcom/fsck/k9/mail/filter/PeekableInputStream;--->read()I
05-24 21:15:36.435 25432 25458 D M_InsDal: Lcom/fsck/k9/mail/filter/PeekableInputStream;--->peek()I
05-24 21:15:36.435 25432 25458 D M_InsDal: Lcom/fsck/k9/mail/store/imap/ImapResponseParser;--->parseToken(Lcom/fsck/k9/mail/store/imap/ImapList;)Ljava/lang/Object;
05-24 21:15:36.435 25432 25458 D M_InsDal: Lcom/fsck/k9/mail/filter/PeekableInputStream;--->peek()I
05-24 21:15:36.435 25432 25458 D M_InsDal: Lcom/fsck/k9/mail/store/imap/ImapResponseParser;--->expect(C)V
05-24 21:15:36.435 25432 25458 D M_InsDal: Lcom/fsck/k9/mail/filter/PeekableInputStream;--->read()I
05-24 21:15:36.435 25432 25458 D M_InsDal: Lcom/fsck/k9/mail/store/imap/ImapResponseParser;--->skipIfSpace()V
05-24 21:15:36.435 25432 25458 D M_InsDal: Lcom/fsck/k9/mail/filter/PeekableInputStream;--->peek()I
05-24 21:15:36.435 25432 25458 D M_InsDal: Lcom/fsck/k9/mail/store/imap/ImapResponseParser;--->expect(C)V
05-24 21:15:36.435 25432 25458 D M_InsDal: Lcom/fsck/k9/mail/filter/PeekableInputStream;--->read()I
05-24 21:15:36.435 25432 25458 D M_InsDal: Lcom/fsck/k9/mail/store/imap/ImapResponseParser;--->readStringUntilEndOfLine()Ljava/lang/String;
05-24 21:15:36.435 25432 25458 D M_InsDal: Lcom/fsck/k9/mail/store/imap/ImapResponseParser;--->readStringUntil(C)Ljava/lang/String;
05-24 21:15:36.435 25432 25457 D M_InsDal: Lcom/fsck/k9/mail/K9MailLib;--->isDebug()Z
05-24 21:15:36.435 25432 25458 D M_InsDal: Lcom/fsck/k9/mail/filter/PeekableInputStream;--->read()I
05-24 21:15:36.435 25432 25457 D M_InsDal: Lcom/fsck/k9/K9$2;--->enabled()Z
05-24 21:15:36.435 25432 25458 D M_InsDal: Lcom/fsck/k9/mail/filter/PeekableInputStream;--->read()I
05-24 21:15:36.435 25432 25458 D M_InsDal: Lcom/fsck/k9/mail/filter/PeekableInputStream;--->read()I
05-24 21:15:36.435 25432 25457 D M_InsDal: Lcom/fsck/k9/mail/store/imap/ImapConnection;--->readContinuationResponse(Ljava/lang/String;)Lcom/fsck/k9/mail/store/imap/ImapResponse;
05-24 21:15:36.435 25432 25458 D M_InsDal: Lcom/fsck/k9/mail/filter/PeekableInputStream;--->read()I
05-24 21:15:36.435 25432 25458 D M_InsDal: Lcom/fsck/k9/mail/filter/PeekableInputStream;--->read()I
05-24 21:15:36.435 25432 25457 D M_InsDal: Lcom/fsck/k9/mail/store/imap/ImapConnection;--->readResponse()Lcom/fsck/k9/mail/store/imap/ImapResponse;
05-24 21:15:36.435 25432 25458 D M_InsDal: Lcom/fsck/k9/mail/filter/PeekableInputStream;--->read()I
05-24 21:15:36.435 25432 25458 D M_InsDal: Lcom/fsck/k9/mail/filter/PeekableInputStream;--->read()I
05-24 21:15:36.435 25432 25457 D M_InsDal: Lcom/fsck/k9/mail/store/imap/ImapConnection;--->readResponse(Lcom/fsck/k9/mail/store/imap/ImapResponseCallback;)Lcom/fsck/k9/mail/store/imap/ImapResponse;
05-24 21:15:36.435 25432 25458 D M_InsDal: Lcom/fsck/k9/mail/filter/PeekableInputStream;--->read()I
05-24 21:15:36.435 25432 25457 D M_InsDal: Lcom/fsck/k9/mail/store/imap/ImapResponseParser;--->readResponse(Lcom/fsck/k9/mail/store/imap/ImapResponseCallback;)Lcom/fsck/k9/mail/store/imap/ImapResponse;
05-24 21:15:36.435 25432 25458 D M_InsDal: Lcom/fsck/k9/mail/filter/PeekableInputStream;--->read()I
05-24 21:15:36.435 25432 25457 D M_InsDal: Lcom/fsck/k9/mail/filter/PeekableInputStream;--->peek()I
05-24 21:15:36.435 25432 25458 D M_InsDal: Lcom/fsck/k9/mail/filter/PeekableInputStream;--->read()I
05-24 21:15:36.435 25432 25458 D M_InsDal: Lcom/fsck/k9/mail/filter/PeekableInputStream;--->read()I
05-24 21:15:36.435 25432 25458 D M_InsDal: Lcom/fsck/k9/mail/store/imap/ImapResponseParser;--->expect(C)V
05-24 21:15:36.435 25432 25458 D M_InsDal: Lcom/fsck/k9/mail/filter/PeekableInputStream;--->read()I
05-24 21:15:36.435 25432 25458 D M_InsDal: Lcom/fsck/k9/mail/K9MailLib;--->isDebug()Z
05-24 21:15:36.435 25432 25458 D M_InsDal: Lcom/fsck/k9/K9$2;--->enabled()Z
05-24 21:15:36.435 25432 25458 D M_InsDal: Lcom/fsck/k9/mail/store/imap/ImapConnection;--->extractCapabilities(Ljava/util/List;)Ljava/util/List;
05-24 21:15:36.435 25432 25458 D M_InsDal: Lcom/fsck/k9/mail/store/imap/CapabilityResponse;--->parse(Ljava/util/List;)Lcom/fsck/k9/mail/store/imap/CapabilityResponse;
05-24 21:15:36.435 25432 25458 D M_InsDal: Lcom/fsck/k9/mail/store/imap/ImapResponseParser;--->equalsIgnoreCase(Ljava/lang/Object;Ljava/lang/String;)Z
05-24 21:15:36.435 25432 25458 D M_InsDal: Lcom/fsck/k9/mail/store/imap/ImapList;--->isList(I)Z
05-24 21:15:36.435 25432 25458 D M_InsDal: Lcom/fsck/k9/mail/store/imap/ImapList;--->inRange(I)Z
05-24 21:15:36.435 25432 25458 D M_InsDal: Lcom/fsck/k9/mail/store/imap/ImapList;--->getList(I)Lcom/fsck/k9/mail/store/imap/ImapList;
05-24 21:15:36.435 25432 25458 D M_InsDal: Lcom/fsck/k9/mail/store/imap/CapabilityResponse;--->parse(Lcom/fsck/k9/mail/store/imap/ImapList;)Lcom/fsck/k9/mail/store/imap/CapabilityResponse;
05-24 21:15:36.435 25432 25458 D M_InsDal: Lcom/fsck/k9/mail/store/imap/ImapResponseParser;--->equalsIgnoreCase(Ljava/lang/Object;Ljava/lang/String;)Z
05-24 21:15:36.435 25432 25458 D M_InsDal: Lcom/fsck/k9/mail/store/imap/ImapList;--->isString(I)Z
05-24 21:15:36.435 25432 25458 D M_InsDal: Lcom/fsck/k9/mail/store/imap/ImapList;--->inRange(I)Z
05-24 21:15:36.435 25432 25458 D M_InsDal: Lcom/fsck/k9/mail/store/imap/ImapList;--->getString(I)Ljava/lang/String;
05-24 21:15:36.435 25432 25458 D M_InsDal: Lcom/fsck/k9/mail/store/imap/ImapList;--->isString(I)Z
05-24 21:15:36.435 25432 25458 D M_InsDal: Lcom/fsck/k9/mail/store/imap/ImapList;--->inRange(I)Z
05-24 21:15:36.435 25432 25458 D M_InsDal: Lcom/fsck/k9/mail/store/imap/ImapList;--->getString(I)Ljava/lang/String;
05-24 21:15:36.435 25432 25458 D M_InsDal: Lcom/fsck/k9/mail/store/imap/ImapList;--->isString(I)Z
05-24 21:15:36.436 25432 25458 D M_InsDal: Lcom/fsck/k9/mail/store/imap/ImapList;--->inRange(I)Z
05-24 21:15:36.436 25432 25458 D M_InsDal: Lcom/fsck/k9/mail/store/imap/ImapList;--->getString(I)Ljava/lang/String;
05-24 21:15:36.436 25432 25458 D M_InsDal: Lcom/fsck/k9/mail/store/imap/ImapList;--->isString(I)Z
05-24 21:15:36.436 25432 25458 D M_InsDal: Lcom/fsck/k9/mail/store/imap/ImapList;--->inRange(I)Z
05-24 21:15:36.436 25432 25458 D M_InsDal: Lcom/fsck/k9/mail/store/imap/ImapList;--->getString(I)Ljava/lang/String;
05-24 21:15:36.436 25432 25458 D M_InsDal: Lcom/fsck/k9/mail/store/imap/ImapList;--->isString(I)Z
05-24 21:15:36.436 25432 25458 D M_InsDal: Lcom/fsck/k9/mail/store/imap/ImapList;--->inRange(I)Z
05-24 21:15:36.436 25432 25458 D M_InsDal: Lcom/fsck/k9/mail/store/imap/ImapList;--->getString(I)Ljava/lang/String;
05-24 21:15:36.436 25432 25458 D M_InsDal: Lcom/fsck/k9/mail/store/imap/ImapList;--->isString(I)Z
05-24 21:15:36.436 25432 25458 D M_InsDal: Lcom/fsck/k9/mail/store/imap/ImapList;--->inRange(I)Z
05-24 21:15:36.436 25432 25458 D M_InsDal: Lcom/fsck/k9/mail/store/imap/ImapList;--->getString(I)Ljava/lang/String;
05-24 21:15:36.436 25432 25458 D M_InsDal: Lcom/fsck/k9/mail/store/imap/ImapList;--->isString(I)Z
05-24 21:15:36.436 25432 25458 D M_InsDal: Lcom/fsck/k9/mail/store/imap/ImapList;--->inRange(I)Z
05-24 21:15:36.436 25432 25458 D M_InsDal: Lcom/fsck/k9/mail/store/imap/ImapList;--->getString(I)Ljava/lang/String;
05-24 21:15:36.436 25432 25458 D M_InsDal: Lcom/fsck/k9/mail/store/imap/CapabilityResponse;---><init>(Ljava/util/Set;)V
05-24 21:15:36.436 25432 25458 D M_InsDal: Lcom/fsck/k9/mail/store/imap/CapabilityResponse;--->getCapabilities()Ljava/util/Set;
05-24 21:15:36.436 25432 25458 D M_InsDal: Lcom/fsck/k9/mail/K9MailLib;--->isDebug()Z
05-24 21:15:36.436 25432 25458 D M_InsDal: Lcom/fsck/k9/K9$2;--->enabled()Z
05-24 21:15:36.436 25432 25458 D M_InsDal: Lcom/fsck/k9/mail/store/imap/ImapConnection;--->requestCapabilitiesIfNecessary()V
05-24 21:15:36.436 25432 25458 D M_InsDal: Lcom/fsck/k9/mail/store/imap/ImapConnection;--->upgradeToTlsIfNecessary()V
05-24 21:15:36.436 25432 25458 D M_InsDal: Lcom/fsck/k9/mail/store/imap/ImapStore$StoreImapSettings;--->getConnectionSecurity()Lcom/fsck/k9/mail/ConnectionSecurity;
05-24 21:15:36.436 25432 25458 D M_InsDal: Lcom/fsck/k9/mail/store/imap/ImapConnection;--->authenticate()Ljava/util/List;
05-24 21:15:36.436 25432 25458 D M_InsDal: Lcom/fsck/k9/mail/store/imap/ImapStore$StoreImapSettings;--->getAuthType()Lcom/fsck/k9/mail/AuthType;
05-24 21:15:36.436 25432 25458 D M_InsDal: Lcom/fsck/k9/mail/store/imap/ImapConnection;--->hasCapability(Ljava/lang/String;)Z
05-24 21:15:36.436 25432 25458 D M_InsDal: Lcom/fsck/k9/mail/store/imap/ImapConnection;--->saslAuthPlainWithLoginFallback()Ljava/util/List;
05-24 21:15:36.436 25432 25458 D M_InsDal: Lcom/fsck/k9/mail/store/imap/ImapConnection;--->saslAuthPlain()Ljava/util/List;
05-24 21:15:36.436 25432 25458 D M_InsDal: Lcom/fsck/k9/mail/store/imap/ImapConnection;--->sendCommand(Ljava/lang/String;Z)Ljava/lang/String;
05-24 21:15:36.436 25432 25458 D M_InsDal: Lcom/fsck/k9/mail/store/imap/ImapConnection;--->open()V
05-24 21:15:36.436 25432 25458 D M_InsDal: Lcom/fsck/k9/mail/K9MailLib;--->isDebug()Z
05-24 21:15:36.436 25432 25458 D M_InsDal: Lcom/fsck/k9/K9$2;--->enabled()Z
05-24 21:15:36.436 25432 25458 D M_InsDal: Lcom/fsck/k9/mail/store/imap/ImapConnection;--->readContinuationResponse(Ljava/lang/String;)Lcom/fsck/k9/mail/store/imap/ImapResponse;
05-24 21:15:36.436 25432 25458 D M_InsDal: Lcom/fsck/k9/mail/store/imap/ImapConnection;--->readResponse()Lcom/fsck/k9/mail/store/imap/ImapResponse;
05-24 21:15:36.436 25432 25458 D M_InsDal: Lcom/fsck/k9/mail/store/imap/ImapConnection;--->readResponse(Lcom/fsck/k9/mail/store/imap/ImapResponseCallback;)Lcom/fsck/k9/mail/store/imap/ImapResponse;
05-24 21:15:36.436 25432 25458 D M_InsDal: Lcom/fsck/k9/mail/store/imap/ImapResponseParser;--->readResponse(Lcom/fsck/k9/mail/store/imap/ImapResponseCallback;)Lcom/fsck/k9/mail/store/imap/ImapResponse;
05-24 21:15:36.436 25432 25458 D M_InsDal: Lcom/fsck/k9/mail/filter/PeekableInputStream;--->peek()I
05-24 21:15:36.472 25432 25458 D M_InsDal: Lcom/fsck/k9/mail/store/imap/ImapResponseParser;--->readContinuationRequest(Lcom/fsck/k9/mail/store/imap/ImapResponseCallback;)V
05-24 21:15:36.472 25432 25458 D M_InsDal: Lcom/fsck/k9/mail/store/imap/ImapResponseParser;--->parseCommandContinuationRequest()Z
05-24 21:15:36.472 25432 25458 D M_InsDal: Lcom/fsck/k9/mail/store/imap/ImapResponseParser;--->expect(C)V
05-24 21:15:36.472 25432 25458 D M_InsDal: Lcom/fsck/k9/mail/filter/PeekableInputStream;--->read()I
05-24 21:15:36.472 25432 25457 D M_InsDal: Lcom/fsck/k9/mail/store/imap/ImapResponseParser;--->readContinuationRequest(Lcom/fsck/k9/mail/store/imap/ImapResponseCallback;)V
05-24 21:15:36.472 25432 25458 D M_InsDal: Lcom/fsck/k9/mail/store/imap/ImapResponse;--->newContinuationRequest(Lcom/fsck/k9/mail/store/imap/ImapResponseCallback;)Lcom/fsck/k9/mail/store/imap/ImapResponse;
05-24 21:15:36.472 25432 25458 D M_InsDal: Lcom/fsck/k9/mail/store/imap/ImapResponse;---><init>(Lcom/fsck/k9/mail/store/imap/ImapResponseCallback;ZLjava/lang/String;)V
05-24 21:15:36.472 25432 25458 D M_InsDal: Lcom/fsck/k9/mail/store/imap/ImapList;---><init>()V
05-24 21:15:36.472 25432 25458 D M_InsDal: Lcom/fsck/k9/mail/store/imap/ImapResponseParser;--->skipIfSpace()V
05-24 21:15:36.472 25432 25458 D M_InsDal: Lcom/fsck/k9/mail/filter/PeekableInputStream;--->peek()I
05-24 21:15:36.472 25432 25457 D M_InsDal: Lcom/fsck/k9/mail/store/imap/ImapResponseParser;--->parseCommandContinuationRequest()Z
05-24 21:15:36.472 25432 25458 D M_InsDal: Lcom/fsck/k9/mail/store/imap/ImapResponseParser;--->expect(C)V
05-24 21:15:36.472 25432 25458 D M_InsDal: Lcom/fsck/k9/mail/filter/PeekableInputStream;--->read()I
05-24 21:15:36.472 25432 25458 D M_InsDal: Lcom/fsck/k9/mail/store/imap/ImapResponseParser;--->readStringUntilEndOfLine()Ljava/lang/String;
05-24 21:15:36.472 25432 25457 D M_InsDal: Lcom/fsck/k9/mail/store/imap/ImapResponseParser;--->expect(C)V
05-24 21:15:36.472 25432 25458 D M_InsDal: Lcom/fsck/k9/mail/store/imap/ImapResponseParser;--->readStringUntil(C)Ljava/lang/String;
05-24 21:15:36.472 25432 25457 D M_InsDal: Lcom/fsck/k9/mail/filter/PeekableInputStream;--->read()I
05-24 21:15:36.472 25432 25458 D M_InsDal: Lcom/fsck/k9/mail/filter/PeekableInputStream;--->read()I
05-24 21:15:36.472 25432 25457 D M_InsDal: Lcom/fsck/k9/mail/store/imap/ImapResponse;--->newContinuationRequest(Lcom/fsck/k9/mail/store/imap/ImapResponseCallback;)Lcom/fsck/k9/mail/store/imap/ImapResponse;
05-24 21:15:36.472 25432 25458 D M_InsDal: Lcom/fsck/k9/mail/store/imap/ImapResponseParser;--->expect(C)V
05-24 21:15:36.472 25432 25457 D M_InsDal: Lcom/fsck/k9/mail/store/imap/ImapResponse;---><init>(Lcom/fsck/k9/mail/store/imap/ImapResponseCallback;ZLjava/lang/String;)V
05-24 21:15:36.472 25432 25458 D M_InsDal: Lcom/fsck/k9/mail/filter/PeekableInputStream;--->read()I
05-24 21:15:36.472 25432 25457 D M_InsDal: Lcom/fsck/k9/mail/store/imap/ImapList;---><init>()V
05-24 21:15:36.472 25432 25458 D M_InsDal: Lcom/fsck/k9/mail/K9MailLib;--->isDebug()Z
05-24 21:15:36.472 25432 25457 D M_InsDal: Lcom/fsck/k9/mail/store/imap/ImapResponseParser;--->skipIfSpace()V
05-24 21:15:36.472 25432 25457 D M_InsDal: Lcom/fsck/k9/mail/filter/PeekableInputStream;--->peek()I
05-24 21:15:36.472 25432 25458 D M_InsDal: Lcom/fsck/k9/K9$2;--->enabled()Z
05-24 21:15:36.472 25432 25457 D M_InsDal: Lcom/fsck/k9/mail/store/imap/ImapResponseParser;--->expect(C)V
05-24 21:15:36.472 25432 25457 D M_InsDal: Lcom/fsck/k9/mail/filter/PeekableInputStream;--->read()I
05-24 21:15:36.472 25432 25457 D M_InsDal: Lcom/fsck/k9/mail/store/imap/ImapResponseParser;--->readStringUntilEndOfLine()Ljava/lang/String;
05-24 21:15:36.472 25432 25458 D M_InsDal: Lcom/fsck/k9/mail/store/imap/ImapResponse;--->getTag()Ljava/lang/String;
05-24 21:15:36.472 25432 25457 D M_InsDal: Lcom/fsck/k9/mail/store/imap/ImapResponseParser;--->readStringUntil(C)Ljava/lang/String;
05-24 21:15:36.472 25432 25458 D M_InsDal: Lcom/fsck/k9/mail/store/imap/ImapResponse;--->isContinuationRequested()Z
05-24 21:15:36.472 25432 25458 D M_InsDal: Lcom/fsck/k9/mail/store/imap/ImapStore$StoreImapSettings;--->getUsername()Ljava/lang/String;
05-24 21:15:36.472 25432 25457 D M_InsDal: Lcom/fsck/k9/mail/filter/PeekableInputStream;--->read()I
05-24 21:15:36.472 25432 25458 D M_InsDal: Lcom/fsck/k9/mail/store/imap/ImapStore$StoreImapSettings;--->getPassword()Ljava/lang/String;
05-24 21:15:36.472 25432 25457 D M_InsDal: Lcom/fsck/k9/mail/store/imap/ImapResponseParser;--->expect(C)V
05-24 21:15:36.472 25432 25457 D M_InsDal: Lcom/fsck/k9/mail/filter/PeekableInputStream;--->read()I
05-24 21:15:36.472 25432 25457 D M_InsDal: Lcom/fsck/k9/mail/K9MailLib;--->isDebug()Z
05-24 21:15:36.472 25432 25457 D M_InsDal: Lcom/fsck/k9/K9$2;--->enabled()Z
05-24 21:15:36.472 25432 25457 D M_InsDal: Lcom/fsck/k9/mail/store/imap/ImapResponse;--->getTag()Ljava/lang/String;
05-24 21:15:36.472 25432 25458 D M_InsDal: Lcom/fsck/k9/mail/filter/Base64;--->encodeBase64([B)[B
05-24 21:15:36.472 25432 25457 D M_InsDal: Lcom/fsck/k9/mail/store/imap/ImapResponse;--->isContinuationRequested()Z
05-24 21:15:36.472 25432 25458 D M_InsDal: Lcom/fsck/k9/mail/filter/Base64;--->encodeBase64([BZ)[B
05-24 21:15:36.472 25432 25457 D M_InsDal: Lcom/fsck/k9/mail/store/imap/ImapStore$StoreImapSettings;--->getUsername()Ljava/lang/String;
05-24 21:15:36.472 25432 25458 D M_InsDal: Lcom/fsck/k9/mail/filter/Base64;---><init>(I)V
05-24 21:15:36.472 25432 25458 D M_InsDal: Lcom/fsck/k9/mail/filter/Base64;---><init>(I[B)V
05-24 21:15:36.472 25432 25457 D M_InsDal: Lcom/fsck/k9/mail/store/imap/ImapStore$StoreImapSettings;--->getPassword()Ljava/lang/String;
05-24 21:15:36.472 25432 25458 D M_InsDal: Lcom/fsck/k9/mail/filter/Base64;--->containsBase64Byte([B)Z
05-24 21:15:36.472 25432 25458 D M_InsDal: Lcom/fsck/k9/mail/filter/Base64;--->isBase64(B)Z
05-24 21:15:36.472 25432 25458 D M_InsDal: Lcom/fsck/k9/mail/filter/Base64;--->isBase64(B)Z
05-24 21:15:36.472 25432 25457 D M_InsDal: Lcom/fsck/k9/mail/filter/Base64;--->encodeBase64([B)[B
05-24 21:15:36.472 25432 25457 D M_InsDal: Lcom/fsck/k9/mail/filter/Base64;--->encodeBase64([BZ)[B
05-24 21:15:36.472 25432 25458 D M_InsDal: Lcom/fsck/k9/mail/filter/Base64;--->setInitialBuffer([BII)V
05-24 21:15:36.472 25432 25457 D M_InsDal: Lcom/fsck/k9/mail/filter/Base64;---><init>(I)V
05-24 21:15:36.472 25432 25457 D M_InsDal: Lcom/fsck/k9/mail/filter/Base64;---><init>(I[B)V
05-24 21:15:36.472 25432 25458 D M_InsDal: Lcom/fsck/k9/mail/filter/Base64;--->encode([BII)V
05-24 21:15:36.472 25432 25457 D M_InsDal: Lcom/fsck/k9/mail/filter/Base64;--->containsBase64Byte([B)Z
05-24 21:15:36.472 25432 25457 D M_InsDal: Lcom/fsck/k9/mail/filter/Base64;--->isBase64(B)Z
05-24 21:15:36.472 25432 25457 D M_InsDal: Lcom/fsck/k9/mail/filter/Base64;--->isBase64(B)Z
05-24 21:15:36.472 25432 25457 D M_InsDal: Lcom/fsck/k9/mail/filter/Base64;--->setInitialBuffer([BII)V
05-24 21:15:36.472 25432 25458 D M_InsDal: Lcom/fsck/k9/mail/filter/Base64;--->encode([BII)V
05-24 21:15:36.472 25432 25457 D M_InsDal: Lcom/fsck/k9/mail/filter/Base64;--->encode([BII)V
05-24 21:15:36.472 25432 25457 D M_InsDal: Lcom/fsck/k9/mail/filter/Base64;--->encode([BII)V
05-24 21:15:36.472 25432 25457 D M_InsDal: Lcom/fsck/k9/mail/store/imap/ImapConnection;--->getLogId()Ljava/lang/String;
05-24 21:15:36.472 25432 25458 D M_InsDal: Lcom/fsck/k9/mail/store/imap/ImapConnection;--->getLogId()Ljava/lang/String;
05-24 21:15:36.472 25432 25457 D M_InsDal: Lcom/fsck/k9/mail/store/imap/ImapResponseParser;--->readStatusResponse(Ljava/lang/String;Ljava/lang/String;Ljava/lang/String;Lcom/fsck/k9/mail/store/imap/UntaggedHandler;)Ljava/util/List;
05-24 21:15:36.472 25432 25457 D M_InsDal: Lcom/fsck/k9/mail/store/imap/ImapResponseParser;--->readResponse()Lcom/fsck/k9/mail/store/imap/ImapResponse;
05-24 21:15:36.472 25432 25457 D M_InsDal: Lcom/fsck/k9/mail/store/imap/ImapResponseParser;--->readResponse(Lcom/fsck/k9/mail/store/imap/ImapResponseCallback;)Lcom/fsck/k9/mail/store/imap/ImapResponse;
05-24 21:15:36.472 25432 25457 D M_InsDal: Lcom/fsck/k9/mail/filter/PeekableInputStream;--->peek()I
05-24 21:15:36.472 25432 25458 D M_InsDal: Lcom/fsck/k9/mail/store/imap/ImapResponseParser;--->readStatusResponse(Ljava/lang/String;Ljava/lang/String;Ljava/lang/String;Lcom/fsck/k9/mail/store/imap/UntaggedHandler;)Ljava/util/List;
05-24 21:15:36.472 25432 25458 D M_InsDal: Lcom/fsck/k9/mail/store/imap/ImapResponseParser;--->readResponse()Lcom/fsck/k9/mail/store/imap/ImapResponse;
05-24 21:15:36.472 25432 25458 D M_InsDal: Lcom/fsck/k9/mail/store/imap/ImapResponseParser;--->readResponse(Lcom/fsck/k9/mail/store/imap/ImapResponseCallback;)Lcom/fsck/k9/mail/store/imap/ImapResponse;
05-24 21:15:36.472 25432 25458 D M_InsDal: Lcom/fsck/k9/mail/filter/PeekableInputStream;--->peek()I
05-24 21:15:36.636 25432 25432 D M_InsDal: Lcom/fsck/k9/fragment/MessageListHandler;--->handleMessage(Landroid/os/Message;)V
05-24 21:15:36.636 25432 25432 D M_InsDal: Lcom/fsck/k9/fragment/MessageListFragment;--->updateTitle()V
05-24 21:15:36.636 25432 25432 D M_InsDal: Lcom/fsck/k9/fragment/MessageListFragment;--->setWindowTitle()V
05-24 21:15:36.636 25432 25432 D M_InsDal: Lcom/fsck/k9/fragment/MessageListFragment;--->isManualSearch()Z
05-24 21:15:36.636 25432 25432 D M_InsDal: Lcom/fsck/k9/search/LocalSearch;--->isManualSearch()Z
05-24 21:15:36.636 25432 25432 D M_InsDal: Lcom/fsck/k9/activity/FolderInfoHolder;--->getDisplayName(Landroid/content/Context;Lcom/fsck/k9/Account;Ljava/lang/String;)Ljava/lang/String;
05-24 21:15:36.636 25432 25432 D M_InsDal: Lcom/fsck/k9/Account;--->getSpamFolderName()Ljava/lang/String;
05-24 21:15:36.636 25432 25432 D M_InsDal: Lcom/fsck/k9/Account;--->getArchiveFolderName()Ljava/lang/String;
05-24 21:15:36.636 25432 25432 D M_InsDal: Lcom/fsck/k9/Account;--->getSentFolderName()Ljava/lang/String;
05-24 21:15:36.636 25432 25432 D M_InsDal: Lcom/fsck/k9/Account;--->getTrashFolderName()Ljava/lang/String;
05-24 21:15:36.636 25432 25432 D M_InsDal: Lcom/fsck/k9/Account;--->getDraftsFolderName()Ljava/lang/String;
05-24 21:15:36.636 25432 25432 D M_InsDal: Lcom/fsck/k9/Account;--->getOutboxFolderName()Ljava/lang/String;
05-24 21:15:36.636 25432 25432 D M_InsDal: Lcom/fsck/k9/Account;--->getInboxFolderName()Ljava/lang/String;
05-24 21:15:36.637 25432 25432 D M_InsDal: Lcom/fsck/k9/activity/MessageList;--->setMessageListTitle(Ljava/lang/String;)V
05-24 21:15:36.637 25432 25432 D M_InsDal: Lcom/fsck/k9/activity/MessageList;--->setActionBarTitle(Ljava/lang/String;)V
05-24 21:15:36.637 25432 25432 D M_InsDal: Lcom/fsck/k9/activity/ActivityListener;--->getOperation(Landroid/content/Context;)Ljava/lang/String;
05-24 21:15:36.637 25432 25432 D M_InsDal: Lcom/fsck/k9/service/MailService;--->getNextPollTime()J
05-24 21:15:36.637 25432 25432 D M_InsDal: Lcom/fsck/k9/K9;--->isDebug()Z
05-24 21:15:36.637 25432 25432 D M_InsDal: Lcom/fsck/k9/service/MailService;--->isSyncDisabled()Z
05-24 21:15:36.637 25432 25432 D M_InsDal: Lcom/fsck/k9/Account;--->getEmail()Ljava/lang/String;
05-24 21:15:36.637 25432 25432 D M_InsDal: Lcom/fsck/k9/Identity;--->getEmail()Ljava/lang/String;
05-24 21:15:36.637 25432 25432 D M_InsDal: Lcom/fsck/k9/activity/MessageList;--->setMessageListSubTitle(Ljava/lang/String;)V
05-24 21:15:36.637 25432 25432 D M_InsDal: Lcom/fsck/k9/activity/MessageList;--->setActionBarSubTitle(Ljava/lang/String;)V
05-24 21:15:36.637 25432 25432 D M_InsDal: Lcom/fsck/k9/activity/MessageList;--->setUnreadCount(I)V
05-24 21:15:36.637 25432 25432 D M_InsDal: Lcom/fsck/k9/activity/MessageList;--->setActionBarUnread(I)V
05-24 21:15:36.638 25432 25432 D M_InsDal: Lcom/fsck/k9/search/LocalSearch;--->isManualSearch()Z
05-24 21:15:36.638 25432 25432 D M_InsDal: Lcom/fsck/k9/fragment/MessageListFragment;--->setWindowProgress()V
05-24 21:15:36.638 25432 25432 D M_InsDal: Lcom/fsck/k9/activity/MessageList;--->setMessageListProgress(I)V
05-24 21:15:36.638 25432 25432 D M_InsDal: Lcom/fsck/k9/service/BootReceiver;---><init>()V
05-24 21:15:36.638 25432 25432 D M_InsDal: Lcom/fsck/k9/service/CoreReceiver;---><init>()V
05-24 21:15:36.638 25432 25432 D M_InsDal: Lcom/fsck/k9/service/CoreReceiver;--->onReceive(Landroid/content/Context;Landroid/content/Intent;)V
05-24 21:15:36.638 25432 25432 D M_InsDal: Lcom/fsck/k9/service/CoreReceiver;--->getWakeLock(Landroid/content/Context;)Ljava/lang/Integer;
05-24 21:15:36.638 25432 25432 D M_InsDal: Lcom/fsck/k9/mail/power/TracingPowerManager;--->getPowerManager(Landroid/content/Context;)Lcom/fsck/k9/mail/power/TracingPowerManager;
05-24 21:15:36.638 25432 25432 D M_InsDal: Lcom/fsck/k9/mail/power/TracingPowerManager;--->newWakeLock(ILjava/lang/String;)Lcom/fsck/k9/mail/power/TracingPowerManager$TracingWakeLock;
05-24 21:15:36.638 25432 25432 D M_InsDal: Lcom/fsck/k9/mail/power/TracingPowerManager$TracingWakeLock;---><init>(Lcom/fsck/k9/mail/power/TracingPowerManager;ILjava/lang/String;)V
05-24 21:15:36.638 25432 25432 D M_InsDal: Lcom/fsck/k9/mail/K9MailLib;--->isDebug()Z
05-24 21:15:36.638 25432 25432 D M_InsDal: Lcom/fsck/k9/K9$2;--->enabled()Z
05-24 21:15:36.638 25432 25432 D M_InsDal: Lcom/fsck/k9/mail/power/TracingPowerManager$TracingWakeLock;--->setReferenceCounted(Z)V
05-24 21:15:36.638 25432 25432 D M_InsDal: Lcom/fsck/k9/mail/power/TracingPowerManager$TracingWakeLock;--->acquire(J)V
05-24 21:15:36.639 25432 25432 D M_InsDal: Lcom/fsck/k9/mail/K9MailLib;--->isDebug()Z
05-24 21:15:36.639 25432 25432 D M_InsDal: Lcom/fsck/k9/K9$2;--->enabled()Z
05-24 21:15:36.639 25432 25432 D M_InsDal: Lcom/fsck/k9/mail/power/TracingPowerManager$TracingWakeLock;--->raiseNotification()V
05-24 21:15:36.639 25432 25432 D M_InsDal: Lcom/fsck/k9/service/BootReceiver;--->receive(Landroid/content/Context;Landroid/content/Intent;Ljava/lang/Integer;)Ljava/lang/Integer;
05-24 21:15:36.640 25432 25432 D M_InsDal: Lcom/fsck/k9/service/BootReceiver;--->buildPendingIntent(Landroid/content/Context;Landroid/content/Intent;)Landroid/app/PendingIntent;
05-24 21:15:36.640 25432 25432 D M_InsDal: Lcom/fsck/k9/helper/K9AlarmManager;--->getAlarmManager(Landroid/content/Context;)Lcom/fsck/k9/helper/K9AlarmManager;
05-24 21:15:36.640 25432 25432 D M_InsDal: Lcom/fsck/k9/power/DozeChecker;---><init>(Landroid/content/Context;)V
05-24 21:15:36.640 25432 25432 D M_InsDal: Lcom/fsck/k9/helper/K9AlarmManager;---><init>(Landroid/app/AlarmManager;Lcom/fsck/k9/power/DozeChecker;)V
05-24 21:15:36.640 25432 25432 D M_InsDal: Lcom/fsck/k9/helper/K9AlarmManager;--->set(IJLandroid/app/PendingIntent;)V
05-24 21:15:36.640 25432 25432 D M_InsDal: Lcom/fsck/k9/power/DozeChecker;--->isDeviceIdleModeSupported()Z
05-24 21:15:36.640 25432 25432 D M_InsDal: Lcom/fsck/k9/power/DozeChecker;--->isAppWhitelisted()Z
05-24 21:15:36.641 25432 25432 D M_InsDal: Lcom/fsck/k9/service/CoreReceiver;--->releaseWakeLock(Ljava/lang/Integer;)V
05-24 21:15:36.641 25432 25432 D M_InsDal: Lcom/fsck/k9/mail/power/TracingPowerManager$TracingWakeLock;--->release()V
05-24 21:15:36.641 25432 25432 D M_InsDal: Lcom/fsck/k9/mail/K9MailLib;--->isDebug()Z
05-24 21:15:36.641 25432 25432 D M_InsDal: Lcom/fsck/k9/K9$2;--->enabled()Z
05-24 21:15:36.641 25432 25432 D M_InsDal: Lcom/fsck/k9/mail/power/TracingPowerManager$TracingWakeLock;--->cancelNotification()V
05-24 21:15:36.643 25432 25432 D M_InsDal: Lcom/fsck/k9/activity/MessageList;--->onCreateOptionsMenu(Landroid/view/Menu;)Z
05-24 21:15:36.644 25432 25432 D M_InsDal: Lcom/fsck/k9/activity/MessageList;--->onPrepareOptionsMenu(Landroid/view/Menu;)Z
05-24 21:15:36.644 25432 25432 D M_InsDal: Lcom/fsck/k9/activity/MessageList;--->configureMenu(Landroid/view/Menu;)V
05-24 21:15:36.644 25432 25432 D M_InsDal: Lcom/fsck/k9/fragment/MessageListFragment;--->isSingleAccountMode()Z
05-24 21:15:36.644 25432 25432 D M_InsDal: Lcom/fsck/k9/fragment/MessageListFragment;--->isSingleFolderMode()Z
05-24 21:15:36.644 25432 25432 D M_InsDal: Lcom/fsck/k9/fragment/MessageListFragment;--->isInitialized()Z
05-24 21:15:36.644 25432 25432 D M_InsDal: Lcom/fsck/k9/fragment/MessageListFragment;--->isMarkAllAsReadSupported()Z
05-24 21:15:36.644 25432 25432 D M_InsDal: Lcom/fsck/k9/fragment/MessageListFragment;--->isSingleAccountMode()Z
05-24 21:15:36.644 25432 25432 D M_InsDal: Lcom/fsck/k9/fragment/MessageListFragment;--->isSingleFolderMode()Z
05-24 21:15:36.644 25432 25432 D M_InsDal: Lcom/fsck/k9/fragment/MessageListFragment;--->isSingleAccountMode()Z
05-24 21:15:36.644 25432 25432 D M_InsDal: Lcom/fsck/k9/fragment/MessageListFragment;--->isOutbox()Z
05-24 21:15:36.644 25432 25432 D M_InsDal: Lcom/fsck/k9/Account;--->getOutboxFolderName()Ljava/lang/String;
05-24 21:15:36.644 25432 25432 D M_InsDal: Lcom/fsck/k9/fragment/MessageListFragment;--->isRemoteFolder()Z
05-24 21:15:36.644 25432 25432 D M_InsDal: Lcom/fsck/k9/search/LocalSearch;--->isManualSearch()Z
05-24 21:15:36.644 25432 25432 D M_InsDal: Lcom/fsck/k9/fragment/MessageListFragment;--->isOutbox()Z
05-24 21:15:36.644 25432 25432 D M_InsDal: Lcom/fsck/k9/Account;--->getOutboxFolderName()Ljava/lang/String;
05-24 21:15:36.644 25432 25432 D M_InsDal: Lcom/fsck/k9/controller/MessagingController;--->isMoveCapable(Lcom/fsck/k9/Account;)Z
05-24 21:15:36.644 25432 25432 D M_InsDal: Lcom/fsck/k9/Account;--->getLocalStore()Lcom/fsck/k9/mailstore/LocalStore;
05-24 21:15:36.644 25432 25432 D M_InsDal: Lcom/fsck/k9/mailstore/LocalStore;--->getInstance(Lcom/fsck/k9/Account;Landroid/content/Context;)Lcom/fsck/k9/mailstore/LocalStore;
05-24 21:15:36.644 25432 25432 D M_InsDal: Lcom/fsck/k9/Account;--->getUuid()Ljava/lang/String;
05-24 21:15:36.644 25432 25432 D M_InsDal: Lcom/fsck/k9/Account;--->getRemoteStore()Lcom/fsck/k9/mail/Store;
05-24 21:15:36.644 25432 25432 D M_InsDal: Lcom/fsck/k9/mail/store/RemoteStore;--->getInstance(Landroid/content/Context;Lcom/fsck/k9/mail/store/StoreConfig;)Lcom/fsck/k9/mail/Store;
05-24 21:15:36.644 25432 25432 D M_InsDal: Lcom/fsck/k9/Account;--->getStoreUri()Ljava/lang/String;
05-24 21:15:36.644 25432 25432 D M_InsDal: Lcom/fsck/k9/mailstore/LocalStore;--->isMoveCapable()Z
05-24 21:15:36.644 25432 25432 D M_InsDal: Lcom/fsck/k9/mail/store/imap/ImapStore;--->isMoveCapable()Z
05-24 21:15:36.644 25432 25432 D M_InsDal: Lcom/fsck/k9/fragment/MessageListFragment;--->isAccountExpungeCapable()Z
05-24 21:15:36.644 25432 25432 D M_InsDal: Lcom/fsck/k9/Account;--->getRemoteStore()Lcom/fsck/k9/mail/Store;
05-24 21:15:36.644 25432 25432 D M_InsDal: Lcom/fsck/k9/mail/store/RemoteStore;--->getInstance(Landroid/content/Context;Lcom/fsck/k9/mail/store/StoreConfig;)Lcom/fsck/k9/mail/Store;
05-24 21:15:36.644 25432 25432 D M_InsDal: Lcom/fsck/k9/Account;--->getStoreUri()Ljava/lang/String;
05-24 21:15:36.644 25432 25432 D M_InsDal: Lcom/fsck/k9/mail/store/imap/ImapStore;--->isExpungeCapable()Z
05-24 21:15:36.644 25432 25432 D M_InsDal: Lcom/fsck/k9/fragment/MessageListFragment;--->isCheckMailSupported()Z
05-24 21:15:36.644 25432 25432 D M_InsDal: Lcom/fsck/k9/fragment/MessageListFragment;--->isSingleAccountMode()Z
05-24 21:15:36.644 25432 25432 D M_InsDal: Lcom/fsck/k9/fragment/MessageListFragment;--->isSingleFolderMode()Z
05-24 21:15:36.644 25432 25432 D M_InsDal: Lcom/fsck/k9/fragment/MessageListFragment;--->isRemoteFolder()Z
05-24 21:15:36.644 25432 25432 D M_InsDal: Lcom/fsck/k9/search/LocalSearch;--->isManualSearch()Z
05-24 21:15:36.644 25432 25432 D M_InsDal: Lcom/fsck/k9/fragment/MessageListFragment;--->isOutbox()Z
05-24 21:15:36.644 25432 25432 D M_InsDal: Lcom/fsck/k9/Account;--->getOutboxFolderName()Ljava/lang/String;
05-24 21:15:36.644 25432 25432 D M_InsDal: Lcom/fsck/k9/controller/MessagingController;--->isMoveCapable(Lcom/fsck/k9/Account;)Z
05-24 21:15:36.644 25432 25432 D M_InsDal: Lcom/fsck/k9/Account;--->getLocalStore()Lcom/fsck/k9/mailstore/LocalStore;
05-24 21:15:36.644 25432 25432 D M_InsDal: Lcom/fsck/k9/mailstore/LocalStore;--->getInstance(Lcom/fsck/k9/Account;Landroid/content/Context;)Lcom/fsck/k9/mailstore/LocalStore;
05-24 21:15:36.644 25432 25432 D M_InsDal: Lcom/fsck/k9/Account;--->getUuid()Ljava/lang/String;
05-24 21:15:36.644 25432 25432 D M_InsDal: Lcom/fsck/k9/Account;--->getRemoteStore()Lcom/fsck/k9/mail/Store;
05-24 21:15:36.644 25432 25432 D M_InsDal: Lcom/fsck/k9/mail/store/RemoteStore;--->getInstance(Landroid/content/Context;Lcom/fsck/k9/mail/store/StoreConfig;)Lcom/fsck/k9/mail/Store;
05-24 21:15:36.644 25432 25432 D M_InsDal: Lcom/fsck/k9/Account;--->getStoreUri()Ljava/lang/String;
05-24 21:15:36.644 25432 25432 D M_InsDal: Lcom/fsck/k9/mailstore/LocalStore;--->isMoveCapable()Z
05-24 21:15:36.644 25432 25432 D M_InsDal: Lcom/fsck/k9/mail/store/imap/ImapStore;--->isMoveCapable()Z
05-24 21:15:36.644 25432 25432 D M_InsDal: Lcom/fsck/k9/fragment/MessageListFragment;--->isRemoteSearch()Z
05-24 21:15:36.644 25432 25432 D M_InsDal: Lcom/fsck/k9/fragment/MessageListFragment;--->isRemoteSearchAllowed()Z
05-24 21:15:36.644 25432 25432 D M_InsDal: Lcom/fsck/k9/search/LocalSearch;--->isManualSearch()Z
05-24 21:15:36.645 25432 25432 D M_InsDal: Lcom/fsck/k9/fragment/MessageListFragment;--->isManualSearch()Z
05-24 21:15:36.645 25432 25432 D M_InsDal: Lcom/fsck/k9/search/LocalSearch;--->isManualSearch()Z
05-24 21:15:36.651 25432 25432 D M_InsDal: Lcom/fsck/k9/activity/MessageList;--->onPrepareOptionsMenu(Landroid/view/Menu;)Z
05-24 21:15:36.651 25432 25432 D M_InsDal: Lcom/fsck/k9/activity/MessageList;--->configureMenu(Landroid/view/Menu;)V
05-24 21:15:36.651 25432 25432 D M_InsDal: Lcom/fsck/k9/fragment/MessageListFragment;--->isSingleAccountMode()Z
05-24 21:15:36.651 25432 25432 D M_InsDal: Lcom/fsck/k9/fragment/MessageListFragment;--->isSingleFolderMode()Z
05-24 21:15:36.651 25432 25432 D M_InsDal: Lcom/fsck/k9/fragment/MessageListFragment;--->isInitialized()Z
05-24 21:15:36.651 25432 25432 D M_InsDal: Lcom/fsck/k9/fragment/MessageListFragment;--->isMarkAllAsReadSupported()Z
05-24 21:15:36.651 25432 25432 D M_InsDal: Lcom/fsck/k9/fragment/MessageListFragment;--->isSingleAccountMode()Z
05-24 21:15:36.651 25432 25432 D M_InsDal: Lcom/fsck/k9/fragment/MessageListFragment;--->isSingleFolderMode()Z
05-24 21:15:36.651 25432 25432 D M_InsDal: Lcom/fsck/k9/fragment/MessageListFragment;--->isSingleAccountMode()Z
05-24 21:15:36.651 25432 25432 D M_InsDal: Lcom/fsck/k9/fragment/MessageListFragment;--->isOutbox()Z
05-24 21:15:36.651 25432 25432 D M_InsDal: Lcom/fsck/k9/Account;--->getOutboxFolderName()Ljava/lang/String;
05-24 21:15:36.651 25432 25432 D M_InsDal: Lcom/fsck/k9/fragment/MessageListFragment;--->isRemoteFolder()Z
05-24 21:15:36.651 25432 25432 D M_InsDal: Lcom/fsck/k9/search/LocalSearch;--->isManualSearch()Z
05-24 21:15:36.651 25432 25432 D M_InsDal: Lcom/fsck/k9/fragment/MessageListFragment;--->isOutbox()Z
05-24 21:15:36.651 25432 25432 D M_InsDal: Lcom/fsck/k9/Account;--->getOutboxFolderName()Ljava/lang/String;
05-24 21:15:36.651 25432 25432 D M_InsDal: Lcom/fsck/k9/controller/MessagingController;--->isMoveCapable(Lcom/fsck/k9/Account;)Z
05-24 21:15:36.651 25432 25432 D M_InsDal: Lcom/fsck/k9/Account;--->getLocalStore()Lcom/fsck/k9/mailstore/LocalStore;
05-24 21:15:36.651 25432 25432 D M_InsDal: Lcom/fsck/k9/mailstore/LocalStore;--->getInstance(Lcom/fsck/k9/Account;Landroid/content/Context;)Lcom/fsck/k9/mailstore/LocalStore;
05-24 21:15:36.651 25432 25432 D M_InsDal: Lcom/fsck/k9/Account;--->getUuid()Ljava/lang/String;
05-24 21:15:36.651 25432 25432 D M_InsDal: Lcom/fsck/k9/Account;--->getRemoteStore()Lcom/fsck/k9/mail/Store;
05-24 21:15:36.651 25432 25432 D M_InsDal: Lcom/fsck/k9/mail/store/RemoteStore;--->getInstance(Landroid/content/Context;Lcom/fsck/k9/mail/store/StoreConfig;)Lcom/fsck/k9/mail/Store;
05-24 21:15:36.651 25432 25432 D M_InsDal: Lcom/fsck/k9/Account;--->getStoreUri()Ljava/lang/String;
05-24 21:15:36.651 25432 25432 D M_InsDal: Lcom/fsck/k9/mailstore/LocalStore;--->isMoveCapable()Z
05-24 21:15:36.651 25432 25432 D M_InsDal: Lcom/fsck/k9/mail/store/imap/ImapStore;--->isMoveCapable()Z
05-24 21:15:36.651 25432 25432 D M_InsDal: Lcom/fsck/k9/fragment/MessageListFragment;--->isAccountExpungeCapable()Z
05-24 21:15:36.651 25432 25432 D M_InsDal: Lcom/fsck/k9/Account;--->getRemoteStore()Lcom/fsck/k9/mail/Store;
05-24 21:15:36.651 25432 25432 D M_InsDal: Lcom/fsck/k9/mail/store/RemoteStore;--->getInstance(Landroid/content/Context;Lcom/fsck/k9/mail/store/StoreConfig;)Lcom/fsck/k9/mail/Store;
05-24 21:15:36.651 25432 25432 D M_InsDal: Lcom/fsck/k9/Account;--->getStoreUri()Ljava/lang/String;
05-24 21:15:36.651 25432 25432 D M_InsDal: Lcom/fsck/k9/mail/store/imap/ImapStore;--->isExpungeCapable()Z
05-24 21:15:36.651 25432 25432 D M_InsDal: Lcom/fsck/k9/fragment/MessageListFragment;--->isCheckMailSupported()Z
05-24 21:15:36.651 25432 25432 D M_InsDal: Lcom/fsck/k9/fragment/MessageListFragment;--->isSingleAccountMode()Z
05-24 21:15:36.651 25432 25432 D M_InsDal: Lcom/fsck/k9/fragment/MessageListFragment;--->isSingleFolderMode()Z
05-24 21:15:36.651 25432 25432 D M_InsDal: Lcom/fsck/k9/fragment/MessageListFragment;--->isRemoteFolder()Z
05-24 21:15:36.651 25432 25432 D M_InsDal: Lcom/fsck/k9/search/LocalSearch;--->isManualSearch()Z
05-24 21:15:36.651 25432 25432 D M_InsDal: Lcom/fsck/k9/fragment/MessageListFragment;--->isOutbox()Z
05-24 21:15:36.651 25432 25432 D M_InsDal: Lcom/fsck/k9/Account;--->getOutboxFolderName()Ljava/lang/String;
05-24 21:15:36.651 25432 25432 D M_InsDal: Lcom/fsck/k9/controller/MessagingController;--->isMoveCapable(Lcom/fsck/k9/Account;)Z
05-24 21:15:36.651 25432 25432 D M_InsDal: Lcom/fsck/k9/Account;--->getLocalStore()Lcom/fsck/k9/mailstore/LocalStore;
05-24 21:15:36.651 25432 25432 D M_InsDal: Lcom/fsck/k9/mailstore/LocalStore;--->getInstance(Lcom/fsck/k9/Account;Landroid/content/Context;)Lcom/fsck/k9/mailstore/LocalStore;
05-24 21:15:36.651 25432 25432 D M_InsDal: Lcom/fsck/k9/Account;--->getUuid()Ljava/lang/String;
05-24 21:15:36.651 25432 25432 D M_InsDal: Lcom/fsck/k9/Account;--->getRemoteStore()Lcom/fsck/k9/mail/Store;
05-24 21:15:36.651 25432 25432 D M_InsDal: Lcom/fsck/k9/mail/store/RemoteStore;--->getInstance(Landroid/content/Context;Lcom/fsck/k9/mail/store/StoreConfig;)Lcom/fsck/k9/mail/Store;
05-24 21:15:36.651 25432 25432 D M_InsDal: Lcom/fsck/k9/Account;--->getStoreUri()Ljava/lang/String;
05-24 21:15:36.651 25432 25432 D M_InsDal: Lcom/fsck/k9/mailstore/LocalStore;--->isMoveCapable()Z
05-24 21:15:36.651 25432 25432 D M_InsDal: Lcom/fsck/k9/mail/store/imap/ImapStore;--->isMoveCapable()Z
05-24 21:15:36.651 25432 25432 D M_InsDal: Lcom/fsck/k9/fragment/MessageListFragment;--->isRemoteSearch()Z
05-24 21:15:36.651 25432 25432 D M_InsDal: Lcom/fsck/k9/fragment/MessageListFragment;--->isRemoteSearchAllowed()Z
05-24 21:15:36.651 25432 25432 D M_InsDal: Lcom/fsck/k9/search/LocalSearch;--->isManualSearch()Z
05-24 21:15:36.651 25432 25432 D M_InsDal: Lcom/fsck/k9/fragment/MessageListFragment;--->isManualSearch()Z
05-24 21:15:36.651 25432 25432 D M_InsDal: Lcom/fsck/k9/search/LocalSearch;--->isManualSearch()Z
05-24 21:15:36.656 25432 25432 D M_InsDal: Lcom/fsck/k9/cache/EmailProviderCacheCursor;--->getCount()I
05-24 21:15:36.657 25432 25432 D M_InsDal: Lcom/fsck/k9/cache/EmailProviderCacheCursor;--->getCount()I
05-24 21:15:36.657 25432 25432 D M_InsDal: Lcom/fsck/k9/cache/EmailProviderCacheCursor;--->moveToPosition(I)Z
05-24 21:15:36.657 25432 25432 D M_InsDal: Lcom/fsck/k9/provider/EmailProvider$SpecialColumnsCursor;--->getLong(I)J
05-24 21:15:36.657 25432 25432 D M_InsDal: Lcom/fsck/k9/cache/EmailProviderCacheCursor;--->getCount()I
05-24 21:15:36.657 25432 25432 D M_InsDal: Lcom/fsck/k9/cache/EmailProviderCacheCursor;--->getCount()I
05-24 21:15:36.657 25432 25432 D M_InsDal: Lcom/fsck/k9/cache/EmailProviderCacheCursor;--->moveToPosition(I)Z
05-24 21:15:36.657 25432 25432 D M_InsDal: Lcom/fsck/k9/provider/EmailProvider$SpecialColumnsCursor;--->getLong(I)J
05-24 21:15:36.657 25432 25432 D M_InsDal: Lcom/fsck/k9/cache/EmailProviderCacheCursor;--->getCount()I
05-24 21:15:36.657 25432 25432 D M_InsDal: Lcom/fsck/k9/cache/EmailProviderCacheCursor;--->getCount()I
05-24 21:15:36.657 25432 25432 D M_InsDal: Lcom/fsck/k9/cache/EmailProviderCacheCursor;--->moveToPosition(I)Z
05-24 21:15:36.657 25432 25432 D M_InsDal: Lcom/fsck/k9/fragment/MessageListAdapter;--->newView(Landroid/content/Context;Landroid/database/Cursor;Landroid/view/ViewGroup;)Landroid/view/View;
05-24 21:15:36.657 25432 25432 D M_InsDal: Lcom/fsck/k9/fragment/MessageListFragment;--->getK9LayoutInflater()Landroid/view/LayoutInflater;
05-24 21:15:36.663 25432 25432 D M_InsDal: Lcom/fsck/k9/ui/ContactBadge;---><clinit>()V
05-24 21:15:36.663 25432 25432 D M_InsDal: Lcom/fsck/k9/ui/ContactBadge;---><init>(Landroid/content/Context;Landroid/util/AttributeSet;)V
05-24 21:15:36.663 25432 25432 D M_InsDal: Lcom/fsck/k9/ui/ContactBadge;---><init>(Landroid/content/Context;Landroid/util/AttributeSet;I)V
05-24 21:15:36.664 25432 25432 D M_InsDal: Lcom/fsck/k9/ui/ContactBadge$QueryHandler;---><init>(Lcom/fsck/k9/ui/ContactBadge;Landroid/content/ContentResolver;)V
05-24 21:15:36.667 25432 25432 D M_InsDal: Lcom/fsck/k9/fragment/MessageViewHolder;---><init>(Lcom/fsck/k9/fragment/MessageListFragment;)V
05-24 21:15:36.667 25432 25432 D M_InsDal: Lcom/fsck/k9/FontSizes;--->getMessageListSubject()I
05-24 21:15:36.667 25432 25432 D M_InsDal: Lcom/fsck/k9/FontSizes;--->setViewTextSize(Landroid/widget/TextView;I)V
05-24 21:15:36.667 25432 25432 D M_InsDal: Lcom/fsck/k9/FontSizes;--->getMessageListDate()I
05-24 21:15:36.667 25432 25432 D M_InsDal: Lcom/fsck/k9/FontSizes;--->setViewTextSize(Landroid/widget/TextView;I)V
05-24 21:15:36.667 25432 25432 D M_InsDal: Lcom/fsck/k9/FontSizes;--->getMessageListPreview()I
05-24 21:15:36.667 25432 25432 D M_InsDal: Lcom/fsck/k9/FontSizes;--->setViewTextSize(Landroid/widget/TextView;I)V
05-24 21:15:36.667 25432 25432 D M_InsDal: Lcom/fsck/k9/FontSizes;--->getMessageListSubject()I
05-24 21:15:36.667 25432 25432 D M_InsDal: Lcom/fsck/k9/FontSizes;--->setViewTextSize(Landroid/widget/TextView;I)V
05-24 21:15:36.667 25432 25432 D M_InsDal: Lcom/fsck/k9/fragment/MessageListAdapter;--->bindView(Landroid/view/View;Landroid/content/Context;Landroid/database/Cursor;)V
05-24 21:15:36.667 25432 25432 D M_InsDal: Lcom/fsck/k9/fragment/MessageListFragment;--->getAccountFromCursor(Landroid/database/Cursor;)Lcom/fsck/k9/Account;
05-24 21:15:36.667 25432 25432 D M_InsDal: Lcom/fsck/k9/Preferences;--->getAccount(Ljava/lang/String;)Lcom/fsck/k9/Account;
05-24 21:15:36.667 25432 25432 D M_InsDal: Lcom/fsck/k9/provider/EmailProvider$SpecialColumnsCursor;--->getString(I)Ljava/lang/String;
05-24 21:15:36.667 25432 25432 D M_InsDal: Lcom/fsck/k9/provider/EmailProvider$SpecialColumnsCursor;--->getString(I)Ljava/lang/String;
05-24 21:15:36.668 25432 25432 D M_InsDal: Lcom/fsck/k9/mail/Address;---><clinit>()V
05-24 21:15:36.668 25432 25432 D M_InsDal: Lcom/fsck/k9/mail/Address;--->unpack(Ljava/lang/String;)[Lcom/fsck/k9/mail/Address;
05-24 21:15:36.668 25432 25432 D M_InsDal: Lcom/fsck/k9/mail/Address;---><init>(Ljava/lang/String;Ljava/lang/String;Z)V
05-24 21:15:36.668 25432 25432 D M_InsDal: Lcom/fsck/k9/mail/Address;--->unpack(Ljava/lang/String;)[Lcom/fsck/k9/mail/Address;
05-24 21:15:36.668 25432 25432 D M_InsDal: Lcom/fsck/k9/mail/Address;---><init>(Ljava/lang/String;Ljava/lang/String;Z)V
05-24 21:15:36.668 25432 25432 D M_InsDal: Lcom/fsck/k9/mail/Address;--->unpack(Ljava/lang/String;)[Lcom/fsck/k9/mail/Address;
05-24 21:15:36.668 25432 25432 D M_InsDal: Lcom/fsck/k9/helper/MessageHelper;--->toMe(Lcom/fsck/k9/Account;[Lcom/fsck/k9/mail/Address;)Z
05-24 21:15:36.668 25432 25432 D M_InsDal: Lcom/fsck/k9/Account;--->isAnIdentity(Lcom/fsck/k9/mail/Address;)Z
05-24 21:15:36.668 25432 25432 D M_InsDal: Lcom/fsck/k9/Account;--->findIdentity(Lcom/fsck/k9/mail/Address;)Lcom/fsck/k9/Identity;
05-24 21:15:36.668 25432 25432 D M_InsDal: Lcom/fsck/k9/Identity;--->getEmail()Ljava/lang/String;
