05-24 21:15:36.895 25432 25451 D M_InsDal: Lcom/fsck/k9/fragment/MessageListHandler;--->folderLoading(Ljava/lang/String;Z)V
05-24 21:15:36.895 25432 25458 D M_InsDal: Lcom/fsck/k9/mail/filter/PeekableInputStream;--->read()I
05-24 21:15:36.895 25432 25451 D M_InsDal: Lcom/fsck/k9/activity/ActivityListener;--->synchronizeMailboxStarted(Lcom/fsck/k9/Account;Ljava/lang/String;)V
05-24 21:15:36.895 25432 25458 D M_InsDal: Lcom/fsck/k9/mail/filter/PeekableInputStream;--->read()I
05-24 21:15:36.895 25432 25451 D M_InsDal: Lcom/fsck/k9/Account;--->getDescription()Ljava/lang/String;
05-24 21:15:36.895 25432 25458 D M_InsDal: Lcom/fsck/k9/mail/filter/PeekableInputStream;--->read()I
05-24 21:15:36.895 25432 25458 D M_InsDal: Lcom/fsck/k9/mail/filter/PeekableInputStream;--->read()I
05-24 21:15:36.895 25432 25432 D M_InsDal: Lcom/fsck/k9/fragment/MessageListHandler;--->handleMessage(Landroid/os/Message;)V
05-24 21:15:36.895 25432 25451 D M_InsDal: Lcom/fsck/k9/controller/SimpleMessagingListener;--->synchronizeMailboxStarted(Lcom/fsck/k9/Account;Ljava/lang/String;)V
05-24 21:15:36.895 25432 25458 D M_InsDal: Lcom/fsck/k9/mail/filter/PeekableInputStream;--->read()I
05-24 21:15:36.895 25432 25458 D M_InsDal: Lcom/fsck/k9/mail/filter/PeekableInputStream;--->read()I
05-24 21:15:36.895 25432 25451 D M_InsDal: Lcom/fsck/k9/controller/MemorizingMessagingListener;--->synchronizeMailboxStarted(Lcom/fsck/k9/Account;Ljava/lang/String;)V
05-24 21:15:36.895 25432 25458 D M_InsDal: Lcom/fsck/k9/mail/filter/PeekableInputStream;--->read()I
05-24 21:15:36.895 25432 25458 D M_InsDal: Lcom/fsck/k9/mail/filter/PeekableInputStream;--->read()I
05-24 21:15:36.895 25432 25458 D M_InsDal: Lcom/fsck/k9/mail/store/imap/ImapResponseParser;--->expect(C)V
05-24 21:15:36.897 25432 25451 D M_InsDal: Lcom/fsck/k9/mailstore/LockableDatabase;--->unlockRead()V
05-24 21:15:36.897 25432 25451 D M_InsDal: Lcom/fsck/k9/mailstore/LockableDatabase;--->getStorageManager()Lcom/fsck/k9/mailstore/StorageManager;
05-24 21:15:36.897 25432 25451 D M_InsDal: Lcom/fsck/k9/mailstore/StorageManager;--->getInstance(Landroid/content/Context;)Lcom/fsck/k9/mailstore/StorageManager;
05-24 21:15:36.897 25432 25451 D M_InsDal: Lcom/fsck/k9/mailstore/StorageManager;--->unlockProvider(Ljava/lang/String;)V
05-24 21:15:36.897 25432 25451 D M_InsDal: Lcom/fsck/k9/mailstore/StorageManager;--->getProvider(Ljava/lang/String;)Lcom/fsck/k9/mailstore/StorageManager$StorageProvider;
05-24 21:15:36.897 25432 25451 D M_InsDal: Lcom/fsck/k9/mailstore/LocalFolder;--->updateLastUid()V
05-24 21:15:36.897 25432 25451 D M_InsDal: Lcom/fsck/k9/mailstore/LocalStore;--->getDatabase()Lcom/fsck/k9/mailstore/LockableDatabase;
05-24 21:15:36.897 25432 25432 D M_InsDal: Lcom/fsck/k9/fragment/MessageListHandler;--->handleMessage(Landroid/os/Message;)V
05-24 21:15:36.897 25432 25432 D M_InsDal: Lcom/fsck/k9/fragment/MessageListFragment;--->folderLoading(Ljava/lang/String;Z)V
05-24 21:15:36.898 25432 25432 D M_InsDal: Lcom/fsck/k9/fragment/MessageListFragment;--->updateMoreMessagesOfCurrentFolder()V
05-24 21:15:36.898 25432 25432 D M_InsDal: Lcom/fsck/k9/fragment/MlfUtils;--->getOpenFolder(Ljava/lang/String;Lcom/fsck/k9/Account;)Lcom/fsck/k9/mailstore/LocalFolder;
05-24 21:15:36.898 25432 25432 D M_InsDal: Lcom/fsck/k9/Account;--->getLocalStore()Lcom/fsck/k9/mailstore/LocalStore;
05-24 21:15:36.898 25432 25432 D M_InsDal: Lcom/fsck/k9/mailstore/LocalStore;--->getInstance(Lcom/fsck/k9/Account;Landroid/content/Context;)Lcom/fsck/k9/mailstore/LocalStore;
05-24 21:15:36.898 25432 25432 D M_InsDal: Lcom/fsck/k9/Account;--->getUuid()Ljava/lang/String;
05-24 21:15:36.898 25432 25432 D M_InsDal: Lcom/fsck/k9/mailstore/LocalStore;--->getFolder(Ljava/lang/String;)Lcom/fsck/k9/mailstore/LocalFolder;
05-24 21:15:36.898 25432 25432 D M_InsDal: Lcom/fsck/k9/mailstore/LocalFolder;---><init>(Lcom/fsck/k9/mailstore/LocalStore;Ljava/lang/String;)V
05-24 21:15:36.898 25432 25451 D M_InsDal: Lcom/fsck/k9/mailstore/LocalFolder$26;---><init>(Lcom/fsck/k9/mailstore/LocalFolder;)V
05-24 21:15:36.898 25432 25432 D M_InsDal: Lcom/fsck/k9/mail/Folder;---><init>()V
05-24 21:15:36.898 25432 25451 D M_InsDal: Lcom/fsck/k9/mailstore/LockableDatabase;--->execute(ZLcom/fsck/k9/mailstore/LockableDatabase$DbCallback;)Ljava/lang/Object;
05-24 21:15:36.898 25432 25451 D M_InsDal: Lcom/fsck/k9/mailstore/LockableDatabase;--->lockRead()V
05-24 21:15:36.898 25432 25432 D M_InsDal: Lcom/fsck/k9/mailstore/LocalStore;--->getAttachmentInfoExtractor()Lcom/fsck/k9/message/extractors/AttachmentInfoExtractor;
05-24 21:15:36.898 25432 25432 D M_InsDal: Lcom/fsck/k9/mailstore/LocalFolder;--->getAccount()Lcom/fsck/k9/Account;
05-24 21:15:36.898 25432 25451 D M_InsDal: Lcom/fsck/k9/mailstore/LockableDatabase;--->getStorageManager()Lcom/fsck/k9/mailstore/StorageManager;
05-24 21:15:36.898 25432 25432 D M_InsDal: Lcom/fsck/k9/mailstore/LocalStore;--->getAccount()Lcom/fsck/k9/Account;
05-24 21:15:36.898 25432 25432 D M_InsDal: Lcom/fsck/k9/Account;--->getInboxFolderName()Ljava/lang/String;
05-24 21:15:36.898 25432 25432 D M_InsDal: Lcom/fsck/k9/mailstore/LocalFolder;--->getName()Ljava/lang/String;
05-24 21:15:36.898 25432 25451 D M_InsDal: Lcom/fsck/k9/mailstore/StorageManager;--->getInstance(Landroid/content/Context;)Lcom/fsck/k9/mailstore/StorageManager;
05-24 21:15:36.898 25432 25432 D M_InsDal: Lcom/fsck/k9/mailstore/LocalFolder;--->open(I)V
05-24 21:15:36.898 25432 25432 D M_InsDal: Lcom/fsck/k9/mailstore/LocalFolder;--->isOpen()Z
05-24 21:15:36.898 25432 25451 D M_InsDal: Lcom/fsck/k9/mailstore/StorageManager;--->lockProvider(Ljava/lang/String;)V
05-24 21:15:36.898 25432 25432 D M_InsDal: Lcom/fsck/k9/mailstore/LocalFolder;--->isOpen()Z
05-24 21:15:36.898 25432 25451 D M_InsDal: Lcom/fsck/k9/mailstore/StorageManager;--->getProvider(Ljava/lang/String;)Lcom/fsck/k9/mailstore/StorageManager$StorageProvider;
05-24 21:15:36.898 25432 25432 D M_InsDal: Lcom/fsck/k9/mailstore/LocalStore;--->getDatabase()Lcom/fsck/k9/mailstore/LockableDatabase;
05-24 21:15:36.898 25432 25432 D M_InsDal: Lcom/fsck/k9/mailstore/LocalFolder$1;---><init>(Lcom/fsck/k9/mailstore/LocalFolder;I)V
05-24 21:15:36.898 25432 25432 D M_InsDal: Lcom/fsck/k9/mailstore/LockableDatabase;--->execute(ZLcom/fsck/k9/mailstore/LockableDatabase$DbCallback;)Ljava/lang/Object;
05-24 21:15:36.898 25432 25432 D M_InsDal: Lcom/fsck/k9/mailstore/LockableDatabase;--->lockRead()V
05-24 21:15:36.898 25432 25432 D M_InsDal: Lcom/fsck/k9/mailstore/LockableDatabase;--->getStorageManager()Lcom/fsck/k9/mailstore/StorageManager;
05-24 21:15:36.898 25432 25451 D M_InsDal: Lcom/fsck/k9/mailstore/StorageManager$InternalStorageProvider;--->isReady(Landroid/content/Context;)Z
05-24 21:15:36.898 25432 25432 D M_InsDal: Lcom/fsck/k9/mailstore/StorageManager;--->getInstance(Landroid/content/Context;)Lcom/fsck/k9/mailstore/StorageManager;
05-24 21:15:36.898 25432 25432 D M_InsDal: Lcom/fsck/k9/mailstore/StorageManager;--->lockProvider(Ljava/lang/String;)V
05-24 21:15:36.898 25432 25451 D M_InsDal: Lcom/fsck/k9/K9;--->isDebug()Z
05-24 21:15:36.898 25432 25432 D M_InsDal: Lcom/fsck/k9/mailstore/StorageManager;--->getProvider(Ljava/lang/String;)Lcom/fsck/k9/mailstore/StorageManager$StorageProvider;
05-24 21:15:36.898 25432 25451 D M_InsDal: Lcom/fsck/k9/mailstore/LocalFolder$26;--->doDbWork(Landroid/database/sqlite/SQLiteDatabase;)Ljava/lang/Integer;
05-24 21:15:36.898 25432 25451 D M_InsDal: Lcom/fsck/k9/mailstore/LocalFolder;--->open(I)V
05-24 21:15:36.898 25432 25451 D M_InsDal: Lcom/fsck/k9/mailstore/LocalFolder;--->isOpen()Z
05-24 21:15:36.898 25432 25451 D M_InsDal: Lcom/fsck/k9/mailstore/LocalFolder;--->getMode()I
05-24 21:15:36.898 25432 25432 D M_InsDal: Lcom/fsck/k9/mailstore/StorageManager$InternalStorageProvider;--->isReady(Landroid/content/Context;)Z
05-24 21:15:36.898 25432 25432 D M_InsDal: Lcom/fsck/k9/K9;--->isDebug()Z
05-24 21:15:36.898 25432 25432 D M_InsDal: Lcom/fsck/k9/mailstore/LocalFolder$1;--->doDbWork(Landroid/database/sqlite/SQLiteDatabase;)Ljava/lang/Void;
05-24 21:15:36.898 25432 25432 D M_InsDal: Lcom/fsck/k9/mailstore/LocalFolder;--->open(Landroid/database/Cursor;)V
05-24 21:15:36.898 25432 25432 D M_InsDal: Lcom/fsck/k9/mail/Folder;--->setStatus(Ljava/lang/String;)V
05-24 21:15:36.898 25432 25432 D M_InsDal: Lcom/fsck/k9/mail/Folder;--->setLastChecked(J)V
05-24 21:15:36.898 25432 25432 D M_InsDal: Lcom/fsck/k9/mail/Folder;--->setLastPush(J)V
05-24 21:15:36.898 25432 25432 D M_InsDal: Lcom/fsck/k9/mail/Folder$FolderClass;--->valueOf(Ljava/lang/String;)Lcom/fsck/k9/mail/Folder$FolderClass;
05-24 21:15:36.898 25432 25432 D M_InsDal: Lcom/fsck/k9/mail/Folder$FolderClass;--->valueOf(Ljava/lang/String;)Lcom/fsck/k9/mail/Folder$FolderClass;
05-24 21:15:36.898 25432 25432 D M_InsDal: Lcom/fsck/k9/mailstore/LocalFolder$MoreMessages;--->fromDatabaseName(Ljava/lang/String;)Lcom/fsck/k9/mailstore/LocalFolder$MoreMessages;
05-24 21:15:36.898 25432 25432 D M_InsDal: Lcom/fsck/k9/mailstore/LocalFolder$MoreMessages;--->values()[Lcom/fsck/k9/mailstore/LocalFolder$MoreMessages;
05-24 21:15:36.898 25432 25432 D M_InsDal: Lcom/fsck/k9/helper/Utility;--->closeQuietly(Landroid/database/Cursor;)V
05-24 21:15:36.898 25432 25432 D M_InsDal: Lcom/fsck/k9/mailstore/LockableDatabase;--->unlockRead()V
05-24 21:15:36.898 25432 25432 D M_InsDal: Lcom/fsck/k9/mailstore/LockableDatabase;--->getStorageManager()Lcom/fsck/k9/mailstore/StorageManager;
05-24 21:15:36.898 25432 25432 D M_InsDal: Lcom/fsck/k9/mailstore/StorageManager;--->getInstance(Landroid/content/Context;)Lcom/fsck/k9/mailstore/StorageManager;
05-24 21:15:36.898 25432 25432 D M_InsDal: Lcom/fsck/k9/mailstore/StorageManager;--->unlockProvider(Ljava/lang/String;)V
05-24 21:15:36.898 25432 25432 D M_InsDal: Lcom/fsck/k9/mailstore/StorageManager;--->getProvider(Ljava/lang/String;)Lcom/fsck/k9/mailstore/StorageManager$StorageProvider;
05-24 21:15:36.898 25432 25432 D M_InsDal: Lcom/fsck/k9/activity/FolderInfoHolder;--->setMoreMessagesFromFolder(Lcom/fsck/k9/mailstore/LocalFolder;)V
05-24 21:15:36.898 25432 25432 D M_InsDal: Lcom/fsck/k9/mailstore/LocalFolder;--->hasMoreMessages()Z
05-24 21:15:36.898 25432 25432 D M_InsDal: Lcom/fsck/k9/fragment/MessageListFragment;--->updateFooterView()V
05-24 21:15:36.898 25432 25451 D M_InsDal: Lcom/fsck/k9/helper/Utility;--->closeQuietly(Landroid/database/Cursor;)V
05-24 21:15:36.898 25432 25432 D M_InsDal: Lcom/fsck/k9/search/LocalSearch;--->isManualSearch()Z
05-24 21:15:36.898 25432 25451 D M_InsDal: Lcom/fsck/k9/mailstore/LockableDatabase;--->unlockRead()V
05-24 21:15:36.898 25432 25432 D M_InsDal: Lcom/fsck/k9/fragment/MessageListFragment;--->updateFooter(Ljava/lang/String;)V
05-24 21:15:36.898 25432 25451 D M_InsDal: Lcom/fsck/k9/mailstore/LockableDatabase;--->getStorageManager()Lcom/fsck/k9/mailstore/StorageManager;
05-24 21:15:36.898 25432 25451 D M_InsDal: Lcom/fsck/k9/mailstore/StorageManager;--->getInstance(Landroid/content/Context;)Lcom/fsck/k9/mailstore/StorageManager;
05-24 21:15:36.898 25432 25451 D M_InsDal: Lcom/fsck/k9/mailstore/StorageManager;--->unlockProvider(Ljava/lang/String;)V
05-24 21:15:36.898 25432 25451 D M_InsDal: Lcom/fsck/k9/mailstore/StorageManager;--->getProvider(Ljava/lang/String;)Lcom/fsck/k9/mailstore/StorageManager$StorageProvider;
05-24 21:15:36.898 25432 25432 D M_InsDal: Lcom/fsck/k9/fragment/MessageListHandler;--->handleMessage(Landroid/os/Message;)V
05-24 21:15:36.898 25432 25451 D M_InsDal: Lcom/fsck/k9/mailstore/LocalFolder;--->getAllMessagesAndEffectiveDates()Ljava/util/Map;
05-24 21:15:36.898 25432 25451 D M_InsDal: Lcom/fsck/k9/mailstore/LocalStore;--->getDatabase()Lcom/fsck/k9/mailstore/LockableDatabase;
05-24 21:15:36.898 25432 25432 D M_InsDal: Lcom/fsck/k9/fragment/MessageListFragment;--->updateTitle()V
05-24 21:15:36.898 25432 25432 D M_InsDal: Lcom/fsck/k9/fragment/MessageListFragment;--->setWindowTitle()V
05-24 21:15:36.898 25432 25432 D M_InsDal: Lcom/fsck/k9/fragment/MessageListFragment;--->isManualSearch()Z
05-24 21:15:36.898 25432 25432 D M_InsDal: Lcom/fsck/k9/search/LocalSearch;--->isManualSearch()Z
05-24 21:15:36.898 25432 25432 D M_InsDal: Lcom/fsck/k9/activity/FolderInfoHolder;--->getDisplayName(Landroid/content/Context;Lcom/fsck/k9/Account;Ljava/lang/String;)Ljava/lang/String;
05-24 21:15:36.898 25432 25432 D M_InsDal: Lcom/fsck/k9/Account;--->getSpamFolderName()Ljava/lang/String;
05-24 21:15:36.898 25432 25432 D M_InsDal: Lcom/fsck/k9/Account;--->getArchiveFolderName()Ljava/lang/String;
05-24 21:15:36.898 25432 25432 D M_InsDal: Lcom/fsck/k9/Account;--->getSentFolderName()Ljava/lang/String;
05-24 21:15:36.898 25432 25432 D M_InsDal: Lcom/fsck/k9/Account;--->getTrashFolderName()Ljava/lang/String;
05-24 21:15:36.898 25432 25432 D M_InsDal: Lcom/fsck/k9/Account;--->getDraftsFolderName()Ljava/lang/String;
05-24 21:15:36.898 25432 25432 D M_InsDal: Lcom/fsck/k9/Account;--->getOutboxFolderName()Ljava/lang/String;
05-24 21:15:36.898 25432 25432 D M_InsDal: Lcom/fsck/k9/Account;--->getInboxFolderName()Ljava/lang/String;
05-24 21:15:36.898 25432 25451 D M_InsDal: Lcom/fsck/k9/mailstore/LocalFolder$11;---><init>(Lcom/fsck/k9/mailstore/LocalFolder;)V
05-24 21:15:36.898 25432 25432 D M_InsDal: Lcom/fsck/k9/activity/MessageList;--->setMessageListTitle(Ljava/lang/String;)V
05-24 21:15:36.898 25432 25451 D M_InsDal: Lcom/fsck/k9/mailstore/LockableDatabase;--->execute(ZLcom/fsck/k9/mailstore/LockableDatabase$DbCallback;)Ljava/lang/Object;
05-24 21:15:36.898 25432 25432 D M_InsDal: Lcom/fsck/k9/activity/MessageList;--->setActionBarTitle(Ljava/lang/String;)V
05-24 21:15:36.898 25432 25451 D M_InsDal: Lcom/fsck/k9/mailstore/LockableDatabase;--->lockRead()V
05-24 21:15:36.898 25432 25451 D M_InsDal: Lcom/fsck/k9/mailstore/LockableDatabase;--->getStorageManager()Lcom/fsck/k9/mailstore/StorageManager;
05-24 21:15:36.898 25432 25451 D M_InsDal: Lcom/fsck/k9/mailstore/StorageManager;--->getInstance(Landroid/content/Context;)Lcom/fsck/k9/mailstore/StorageManager;
05-24 21:15:36.898 25432 25451 D M_InsDal: Lcom/fsck/k9/mailstore/StorageManager;--->lockProvider(Ljava/lang/String;)V
05-24 21:15:36.898 25432 25451 D M_InsDal: Lcom/fsck/k9/mailstore/StorageManager;--->getProvider(Ljava/lang/String;)Lcom/fsck/k9/mailstore/StorageManager$StorageProvider;
05-24 21:15:36.898 25432 25432 D M_InsDal: Lcom/fsck/k9/activity/ActivityListener;--->getOperation(Landroid/content/Context;)Ljava/lang/String;
05-24 21:15:36.898 25432 25451 D M_InsDal: Lcom/fsck/k9/mailstore/StorageManager$InternalStorageProvider;--->isReady(Landroid/content/Context;)Z
05-24 21:15:36.898 25432 25432 D M_InsDal: Lcom/fsck/k9/activity/ActivityListener;--->getActionInProgressOperation(Landroid/content/Context;)Ljava/lang/String;
05-24 21:15:36.898 25432 25432 D M_InsDal: Lcom/fsck/k9/Account;--->getInboxFolderName()Ljava/lang/String;
05-24 21:15:36.898 25432 25451 D M_InsDal: Lcom/fsck/k9/K9;--->isDebug()Z
05-24 21:15:36.898 25432 25451 D M_InsDal: Lcom/fsck/k9/mailstore/LocalFolder$11;--->doDbWork(Landroid/database/sqlite/SQLiteDatabase;)Ljava/util/Map;
05-24 21:15:36.898 25432 25451 D M_InsDal: Lcom/fsck/k9/mailstore/LocalFolder;--->open(I)V
05-24 21:15:36.898 25432 25451 D M_InsDal: Lcom/fsck/k9/mailstore/LocalFolder;--->isOpen()Z
05-24 21:15:36.898 25432 25451 D M_InsDal: Lcom/fsck/k9/mailstore/LocalFolder;--->getMode()I
05-24 21:15:36.898 25432 25432 D M_InsDal: Lcom/fsck/k9/activity/MessageList;--->setMessageListSubTitle(Ljava/lang/String;)V
05-24 21:15:36.898 25432 25432 D M_InsDal: Lcom/fsck/k9/activity/MessageList;--->setActionBarSubTitle(Ljava/lang/String;)V
05-24 21:15:36.898 25432 25432 D M_InsDal: Lcom/fsck/k9/activity/MessageList;--->setUnreadCount(I)V
05-24 21:15:36.898 25432 25432 D M_InsDal: Lcom/fsck/k9/activity/MessageList;--->setActionBarUnread(I)V
05-24 21:15:36.898 25432 25432 D M_InsDal: Lcom/fsck/k9/search/LocalSearch;--->isManualSearch()Z
05-24 21:15:36.898 25432 25432 D M_InsDal: Lcom/fsck/k9/fragment/MessageListFragment;--->setWindowProgress()V
05-24 21:15:36.898 25432 25432 D M_InsDal: Lcom/fsck/k9/activity/ActivityListener;--->getFolderTotal()I
05-24 21:15:36.898 25432 25432 D M_InsDal: Lcom/fsck/k9/activity/MessageList;--->setMessageListProgress(I)V
05-24 21:15:36.899 25432 25451 D M_InsDal: Lcom/fsck/k9/helper/Utility;--->closeQuietly(Landroid/database/Cursor;)V
05-24 21:15:36.899 25432 25451 D M_InsDal: Lcom/fsck/k9/mailstore/LockableDatabase;--->unlockRead()V
05-24 21:15:36.899 25432 25451 D M_InsDal: Lcom/fsck/k9/mailstore/LockableDatabase;--->getStorageManager()Lcom/fsck/k9/mailstore/StorageManager;
05-24 21:15:36.899 25432 25451 D M_InsDal: Lcom/fsck/k9/mailstore/StorageManager;--->getInstance(Landroid/content/Context;)Lcom/fsck/k9/mailstore/StorageManager;
05-24 21:15:36.899 25432 25451 D M_InsDal: Lcom/fsck/k9/mailstore/StorageManager;--->unlockProvider(Ljava/lang/String;)V
05-24 21:15:36.899 25432 25451 D M_InsDal: Lcom/fsck/k9/mailstore/StorageManager;--->getProvider(Ljava/lang/String;)Lcom/fsck/k9/mailstore/StorageManager$StorageProvider;
05-24 21:15:36.899 25432 25451 D M_InsDal: Lcom/fsck/k9/notification/NotificationController;--->clearAuthenticationErrorNotification(Lcom/fsck/k9/Account;Z)V
05-24 21:15:36.899 25432 25451 D M_InsDal: Lcom/fsck/k9/notification/AuthenticationErrorNotifications;--->clearAuthenticationErrorNotification(Lcom/fsck/k9/Account;Z)V
05-24 21:15:36.899 25432 25451 D M_InsDal: Lcom/fsck/k9/notification/NotificationIds;--->getAuthenticationErrorNotificationId(Lcom/fsck/k9/Account;Z)I
05-24 21:15:36.899 25432 25451 D M_InsDal: Lcom/fsck/k9/notification/NotificationIds;--->getBaseNotificationId(Lcom/fsck/k9/Account;)I
05-24 21:15:36.899 25432 25451 D M_InsDal: Lcom/fsck/k9/Account;--->getAccountNumber()I
05-24 21:15:36.899 25432 25451 D M_InsDal: Lcom/fsck/k9/notification/AuthenticationErrorNotifications;--->getNotificationManager()Landroid/support/v4/app/NotificationManagerCompat;
05-24 21:15:36.899 25432 25451 D M_InsDal: Lcom/fsck/k9/notification/NotificationController;--->getNotificationManager()Landroid/support/v4/app/NotificationManagerCompat;
05-24 21:15:36.899 25432 25451 D M_InsDal: Lcom/fsck/k9/mail/store/imap/ImapFolder;--->getMessageCount()I
05-24 21:15:36.899 25432 25451 D M_InsDal: Lcom/fsck/k9/mailstore/LocalFolder;--->getVisibleLimit()I
05-24 21:15:36.899 25432 25451 D M_InsDal: Lcom/fsck/k9/mailstore/LocalFolder;--->open(I)V
05-24 21:15:36.899 25432 25451 D M_InsDal: Lcom/fsck/k9/mailstore/LocalFolder;--->isOpen()Z
05-24 21:15:36.899 25432 25451 D M_InsDal: Lcom/fsck/k9/mailstore/LocalFolder;--->getMode()I
05-24 21:15:36.899 25432 25451 D M_InsDal: Lcom/fsck/k9/Account;--->getEarliestPollDate()Ljava/util/Date;
05-24 21:15:36.899 25432 25451 D M_InsDal: Lcom/fsck/k9/Account;--->getMaximumPolledMessageAge()I
05-24 21:15:36.899 25432 25451 D M_InsDal: Lcom/fsck/k9/controller/imap/ImapSync;--->getListeners(Lcom/fsck/k9/controller/MessagingListener;)Ljava/util/Set;
05-24 21:15:36.899 25432 25451 D M_InsDal: Lcom/fsck/k9/controller/MessagingController;--->getListeners(Lcom/fsck/k9/controller/MessagingListener;)Ljava/util/Set;
05-24 21:15:36.899 25432 25451 D M_InsDal: Lcom/fsck/k9/activity/ActivityListener;--->synchronizeMailboxHeadersStarted(Lcom/fsck/k9/Account;Ljava/lang/String;)V
05-24 21:15:36.899 25432 25451 D M_InsDal: Lcom/fsck/k9/Account;--->getDescription()Ljava/lang/String;
05-24 21:15:36.899 25432 25451 D M_InsDal: Lcom/fsck/k9/fragment/MessageListFragment$MessageListActivityListener;--->informUserOfStatus()V
05-24 21:15:36.899 25432 25451 D M_InsDal: Lcom/fsck/k9/fragment/MessageListHandler;--->refreshTitle()V
05-24 21:15:36.899 25432 25451 D M_InsDal: Lcom/fsck/k9/controller/SimpleMessagingListener;--->synchronizeMailboxHeadersStarted(Lcom/fsck/k9/Account;Ljava/lang/String;)V
05-24 21:15:36.899 25432 25451 D M_InsDal: Lcom/fsck/k9/controller/SimpleMessagingListener;--->synchronizeMailboxHeadersStarted(Lcom/fsck/k9/Account;Ljava/lang/String;)V
05-24 21:15:36.899 25432 25451 D M_InsDal: Lcom/fsck/k9/mail/store/imap/ImapFolder;--->getMessages(IILjava/util/Date;Lcom/fsck/k9/mail/MessageRetrievalListener;)Ljava/util/List;
05-24 21:15:36.899 25432 25451 D M_InsDal: Lcom/fsck/k9/mail/store/imap/ImapFolder;--->getMessages(IILjava/util/Date;ZLcom/fsck/k9/mail/MessageRetrievalListener;)Ljava/util/List;
05-24 21:15:36.899 25432 25451 D M_InsDal: Lcom/fsck/k9/mail/store/imap/ImapFolder;--->checkOpen()V
05-24 21:15:36.899 25432 25451 D M_InsDal: Lcom/fsck/k9/mail/store/imap/ImapFolder;--->isOpen()Z
05-24 21:15:36.899 25432 25451 D M_InsDal: Lcom/fsck/k9/mail/store/imap/ImapFolder;--->getDateSearchString(Ljava/util/Date;)Ljava/lang/String;
05-24 21:15:36.899 25432 25451 D M_InsDal: Lcom/fsck/k9/mail/store/imap/ImapConnection;--->executeSimpleCommand(Ljava/lang/String;)Ljava/util/List;
05-24 21:15:36.899 25432 25451 D M_InsDal: Lcom/fsck/k9/mail/store/imap/ImapConnection;--->executeSimpleCommand(Ljava/lang/String;Z)Ljava/util/List;
05-24 21:15:36.899 25432 25451 D M_InsDal: Lcom/fsck/k9/mail/store/imap/ImapConnection;--->sendCommand(Ljava/lang/String;Z)Ljava/lang/String;
05-24 21:15:36.899 25432 25451 D M_InsDal: Lcom/fsck/k9/mail/store/imap/ImapConnection;--->open()V
05-24 21:15:36.900 25432 25451 D M_InsDal: Lcom/fsck/k9/mail/K9MailLib;--->isDebug()Z
05-24 21:15:36.901 25432 25451 D M_InsDal: Lcom/fsck/k9/K9$2;--->enabled()Z
05-24 21:15:36.901 25432 25451 D M_InsDal: Lcom/fsck/k9/mail/store/imap/ImapConnection;--->getLogId()Ljava/lang/String;
05-24 21:15:36.901 25432 25451 D M_InsDal: Lcom/fsck/k9/mail/store/imap/ImapResponseParser;--->readStatusResponse(Ljava/lang/String;Ljava/lang/String;Ljava/lang/String;Lcom/fsck/k9/mail/store/imap/UntaggedHandler;)Ljava/util/List;
05-24 21:15:36.901 25432 25451 D M_InsDal: Lcom/fsck/k9/mail/store/imap/ImapResponseParser;--->readResponse()Lcom/fsck/k9/mail/store/imap/ImapResponse;
05-24 21:15:36.901 25432 25451 D M_InsDal: Lcom/fsck/k9/mail/store/imap/ImapResponseParser;--->readResponse(Lcom/fsck/k9/mail/store/imap/ImapResponseCallback;)Lcom/fsck/k9/mail/store/imap/ImapResponse;
05-24 21:15:36.901 25432 25451 D M_InsDal: Lcom/fsck/k9/mail/filter/PeekableInputStream;--->peek()I
05-24 21:15:36.908 25432 25432 D M_InsDal: Lcom/fsck/k9/fragment/MessageListHandler;--->handleMessage(Landroid/os/Message;)V
05-24 21:15:36.908 25432 25432 D M_InsDal: Lcom/fsck/k9/fragment/MessageListFragment;--->updateTitle()V
05-24 21:15:36.908 25432 25432 D M_InsDal: Lcom/fsck/k9/fragment/MessageListFragment;--->setWindowTitle()V
05-24 21:15:36.908 25432 25432 D M_InsDal: Lcom/fsck/k9/fragment/MessageListFragment;--->isManualSearch()Z
05-24 21:15:36.908 25432 25432 D M_InsDal: Lcom/fsck/k9/search/LocalSearch;--->isManualSearch()Z
05-24 21:15:36.908 25432 25432 D M_InsDal: Lcom/fsck/k9/activity/FolderInfoHolder;--->getDisplayName(Landroid/content/Context;Lcom/fsck/k9/Account;Ljava/lang/String;)Ljava/lang/String;
05-24 21:15:36.908 25432 25432 D M_InsDal: Lcom/fsck/k9/Account;--->getSpamFolderName()Ljava/lang/String;
05-24 21:15:36.908 25432 25432 D M_InsDal: Lcom/fsck/k9/Account;--->getArchiveFolderName()Ljava/lang/String;
05-24 21:15:36.908 25432 25432 D M_InsDal: Lcom/fsck/k9/Account;--->getSentFolderName()Ljava/lang/String;
05-24 21:15:36.908 25432 25432 D M_InsDal: Lcom/fsck/k9/Account;--->getTrashFolderName()Ljava/lang/String;
05-24 21:15:36.908 25432 25432 D M_InsDal: Lcom/fsck/k9/Account;--->getDraftsFolderName()Ljava/lang/String;
05-24 21:15:36.908 25432 25432 D M_InsDal: Lcom/fsck/k9/Account;--->getOutboxFolderName()Ljava/lang/String;
05-24 21:15:36.908 25432 25432 D M_InsDal: Lcom/fsck/k9/Account;--->getInboxFolderName()Ljava/lang/String;
05-24 21:15:36.908 25432 25432 D M_InsDal: Lcom/fsck/k9/activity/MessageList;--->setMessageListTitle(Ljava/lang/String;)V
05-24 21:15:36.908 25432 25432 D M_InsDal: Lcom/fsck/k9/activity/MessageList;--->setActionBarTitle(Ljava/lang/String;)V
05-24 21:15:36.908 25432 25432 D M_InsDal: Lcom/fsck/k9/activity/ActivityListener;--->getOperation(Landroid/content/Context;)Ljava/lang/String;
05-24 21:15:36.908 25432 25432 D M_InsDal: Lcom/fsck/k9/activity/ActivityListener;--->getActionInProgressOperation(Landroid/content/Context;)Ljava/lang/String;
05-24 21:15:36.908 25432 25432 D M_InsDal: Lcom/fsck/k9/Account;--->getInboxFolderName()Ljava/lang/String;
05-24 21:15:36.908 25432 25432 D M_InsDal: Lcom/fsck/k9/activity/MessageList;--->setMessageListSubTitle(Ljava/lang/String;)V
05-24 21:15:36.908 25432 25432 D M_InsDal: Lcom/fsck/k9/activity/MessageList;--->setActionBarSubTitle(Ljava/lang/String;)V
05-24 21:15:36.908 25432 25432 D M_InsDal: Lcom/fsck/k9/activity/MessageList;--->setUnreadCount(I)V
05-24 21:15:36.908 25432 25432 D M_InsDal: Lcom/fsck/k9/activity/MessageList;--->setActionBarUnread(I)V
05-24 21:15:36.908 25432 25432 D M_InsDal: Lcom/fsck/k9/search/LocalSearch;--->isManualSearch()Z
05-24 21:15:36.908 25432 25432 D M_InsDal: Lcom/fsck/k9/fragment/MessageListFragment;--->setWindowProgress()V
05-24 21:15:36.908 25432 25432 D M_InsDal: Lcom/fsck/k9/activity/ActivityListener;--->getFolderTotal()I
05-24 21:15:36.908 25432 25432 D M_InsDal: Lcom/fsck/k9/activity/MessageList;--->setMessageListProgress(I)V
05-24 21:15:36.952 25432 25451 D M_InsDal: Lcom/fsck/k9/mail/store/imap/ImapResponseParser;--->readUntaggedResponse(Lcom/fsck/k9/mail/store/imap/ImapResponseCallback;)V
05-24 21:15:36.952 25432 25451 D M_InsDal: Lcom/fsck/k9/mail/store/imap/ImapResponseParser;--->parseUntaggedResponse()V
05-24 21:15:36.952 25432 25451 D M_InsDal: Lcom/fsck/k9/mail/store/imap/ImapResponseParser;--->expect(C)V
05-24 21:15:36.952 25432 25451 D M_InsDal: Lcom/fsck/k9/mail/filter/PeekableInputStream;--->read()I
05-24 21:15:36.952 25432 25451 D M_InsDal: Lcom/fsck/k9/mail/store/imap/ImapResponseParser;--->expect(C)V
05-24 21:15:36.952 25432 25451 D M_InsDal: Lcom/fsck/k9/mail/filter/PeekableInputStream;--->read()I
05-24 21:15:36.952 25432 25451 D M_InsDal: Lcom/fsck/k9/mail/store/imap/ImapResponse;--->newUntaggedResponse(Lcom/fsck/k9/mail/store/imap/ImapResponseCallback;)Lcom/fsck/k9/mail/store/imap/ImapResponse;
05-24 21:15:36.952 25432 25451 D M_InsDal: Lcom/fsck/k9/mail/store/imap/ImapResponse;---><init>(Lcom/fsck/k9/mail/store/imap/ImapResponseCallback;ZLjava/lang/String;)V
05-24 21:15:36.952 25432 25451 D M_InsDal: Lcom/fsck/k9/mail/store/imap/ImapList;---><init>()V
05-24 21:15:36.952 25432 25451 D M_InsDal: Lcom/fsck/k9/mail/store/imap/ImapResponseParser;--->readTokens(Lcom/fsck/k9/mail/store/imap/ImapResponse;)V
05-24 21:15:36.952 25432 25451 D M_InsDal: Lcom/fsck/k9/mail/store/imap/ImapResponseParser;--->readToken(Lcom/fsck/k9/mail/store/imap/ImapResponse;)Ljava/lang/Object;
05-24 21:15:36.952 25432 25451 D M_InsDal: Lcom/fsck/k9/mail/store/imap/ImapResponseParser;--->parseToken(Lcom/fsck/k9/mail/store/imap/ImapList;)Ljava/lang/Object;
05-24 21:15:36.952 25432 25451 D M_InsDal: Lcom/fsck/k9/mail/filter/PeekableInputStream;--->peek()I
05-24 21:15:36.952 25432 25451 D M_InsDal: Lcom/fsck/k9/mail/store/imap/ImapResponseParser;--->parseBareString(Z)Ljava/lang/String;
05-24 21:15:36.952 25432 25451 D M_InsDal: Lcom/fsck/k9/mail/filter/PeekableInputStream;--->peek()I
05-24 21:15:36.952 25432 25451 D M_InsDal: Lcom/fsck/k9/mail/filter/PeekableInputStream;--->read()I
05-24 21:15:36.952 25432 25451 D M_InsDal: Lcom/fsck/k9/mail/filter/PeekableInputStream;--->peek()I
05-24 21:15:36.952 25432 25451 D M_InsDal: Lcom/fsck/k9/mail/filter/PeekableInputStream;--->read()I
05-24 21:15:36.952 25432 25451 D M_InsDal: Lcom/fsck/k9/mail/filter/PeekableInputStream;--->peek()I
05-24 21:15:36.952 25432 25451 D M_InsDal: Lcom/fsck/k9/mail/filter/PeekableInputStream;--->read()I
05-24 21:15:36.952 25432 25451 D M_InsDal: Lcom/fsck/k9/mail/filter/PeekableInputStream;--->peek()I
05-24 21:15:36.952 25432 25451 D M_InsDal: Lcom/fsck/k9/mail/filter/PeekableInputStream;--->read()I
05-24 21:15:36.952 25432 25451 D M_InsDal: Lcom/fsck/k9/mail/filter/PeekableInputStream;--->peek()I
05-24 21:15:36.952 25432 25451 D M_InsDal: Lcom/fsck/k9/mail/filter/PeekableInputStream;--->read()I
05-24 21:15:36.952 25432 25451 D M_InsDal: Lcom/fsck/k9/mail/filter/PeekableInputStream;--->peek()I
05-24 21:15:36.952 25432 25451 D M_InsDal: Lcom/fsck/k9/mail/filter/PeekableInputStream;--->read()I
05-24 21:15:36.952 25432 25451 D M_InsDal: Lcom/fsck/k9/mail/filter/PeekableInputStream;--->peek()I
05-24 21:15:36.952 25432 25451 D M_InsDal: Lcom/fsck/k9/mail/store/imap/ImapResponseParser;--->checkTokenIsString(Ljava/lang/Object;)V
05-24 21:15:36.952 25432 25451 D M_InsDal: Lcom/fsck/k9/mail/store/imap/ImapResponseParser;--->isStatusResponse(Ljava/lang/String;)Z
05-24 21:15:36.952 25432 25451 D M_InsDal: Lcom/fsck/k9/mail/store/imap/ImapResponseParser;--->equalsIgnoreCase(Ljava/lang/Object;Ljava/lang/String;)Z
05-24 21:15:36.952 25432 25451 D M_InsDal: Lcom/fsck/k9/mail/store/imap/ImapResponseParser;--->equalsIgnoreCase(Ljava/lang/Object;Ljava/lang/String;)Z
05-24 21:15:36.952 25432 25451 D M_InsDal: Lcom/fsck/k9/mail/store/imap/ImapResponseParser;--->readToken(Lcom/fsck/k9/mail/store/imap/ImapResponse;)Ljava/lang/Object;
05-24 21:15:36.952 25432 25451 D M_InsDal: Lcom/fsck/k9/mail/store/imap/ImapResponseParser;--->parseToken(Lcom/fsck/k9/mail/store/imap/ImapList;)Ljava/lang/Object;
05-24 21:15:36.952 25432 25451 D M_InsDal: Lcom/fsck/k9/mail/filter/PeekableInputStream;--->peek()I
05-24 21:15:36.952 25432 25451 D M_InsDal: Lcom/fsck/k9/mail/store/imap/ImapResponseParser;--->expect(C)V
05-24 21:15:36.952 25432 25451 D M_InsDal: Lcom/fsck/k9/mail/filter/PeekableInputStream;--->read()I
05-24 21:15:36.952 25432 25451 D M_InsDal: Lcom/fsck/k9/mail/filter/PeekableInputStream;--->peek()I
05-24 21:15:36.952 25432 25451 D M_InsDal: Lcom/fsck/k9/mail/store/imap/ImapResponseParser;--->parseBareString(Z)Ljava/lang/String;
05-24 21:15:36.952 25432 25451 D M_InsDal: Lcom/fsck/k9/mail/filter/PeekableInputStream;--->peek()I
05-24 21:15:36.952 25432 25451 D M_InsDal: Lcom/fsck/k9/mail/filter/PeekableInputStream;--->read()I
05-24 21:15:36.952 25432 25451 D M_InsDal: Lcom/fsck/k9/mail/filter/PeekableInputStream;--->peek()I
05-24 21:15:36.952 25432 25451 D M_InsDal: Lcom/fsck/k9/mail/store/imap/ImapResponseParser;--->readToken(Lcom/fsck/k9/mail/store/imap/ImapResponse;)Ljava/lang/Object;
05-24 21:15:36.952 25432 25451 D M_InsDal: Lcom/fsck/k9/mail/store/imap/ImapResponseParser;--->parseToken(Lcom/fsck/k9/mail/store/imap/ImapList;)Ljava/lang/Object;
05-24 21:15:36.952 25432 25451 D M_InsDal: Lcom/fsck/k9/mail/filter/PeekableInputStream;--->peek()I
05-24 21:15:36.952 25432 25451 D M_InsDal: Lcom/fsck/k9/mail/store/imap/ImapResponseParser;--->expect(C)V
05-24 21:15:36.952 25432 25451 D M_InsDal: Lcom/fsck/k9/mail/filter/PeekableInputStream;--->read()I
05-24 21:15:36.952 25432 25451 D M_InsDal: Lcom/fsck/k9/mail/filter/PeekableInputStream;--->peek()I
05-24 21:15:36.952 25432 25451 D M_InsDal: Lcom/fsck/k9/mail/store/imap/ImapResponseParser;--->parseBareString(Z)Ljava/lang/String;
05-24 21:15:36.952 25432 25451 D M_InsDal: Lcom/fsck/k9/mail/filter/PeekableInputStream;--->peek()I
05-24 21:15:36.952 25432 25451 D M_InsDal: Lcom/fsck/k9/mail/filter/PeekableInputStream;--->read()I
05-24 21:15:36.952 25432 25451 D M_InsDal: Lcom/fsck/k9/mail/filter/PeekableInputStream;--->peek()I
05-24 21:15:36.952 25432 25451 D M_InsDal: Lcom/fsck/k9/mail/store/imap/ImapResponseParser;--->readToken(Lcom/fsck/k9/mail/store/imap/ImapResponse;)Ljava/lang/Object;
05-24 21:15:36.952 25432 25451 D M_InsDal: Lcom/fsck/k9/mail/store/imap/ImapResponseParser;--->parseToken(Lcom/fsck/k9/mail/store/imap/ImapList;)Ljava/lang/Object;
05-24 21:15:36.952 25432 25451 D M_InsDal: Lcom/fsck/k9/mail/filter/PeekableInputStream;--->peek()I
05-24 21:15:36.952 25432 25451 D M_InsDal: Lcom/fsck/k9/mail/store/imap/ImapResponseParser;--->expect(C)V
05-24 21:15:36.952 25432 25451 D M_InsDal: Lcom/fsck/k9/mail/filter/PeekableInputStream;--->read()I
05-24 21:15:36.953 25432 25451 D M_InsDal: Lcom/fsck/k9/mail/filter/PeekableInputStream;--->peek()I
05-24 21:15:36.953 25432 25451 D M_InsDal: Lcom/fsck/k9/mail/store/imap/ImapResponseParser;--->parseBareString(Z)Ljava/lang/String;
05-24 21:15:36.953 25432 25451 D M_InsDal: Lcom/fsck/k9/mail/filter/PeekableInputStream;--->peek()I
05-24 21:15:36.953 25432 25451 D M_InsDal: Lcom/fsck/k9/mail/filter/PeekableInputStream;--->read()I
05-24 21:15:36.953 25432 25451 D M_InsDal: Lcom/fsck/k9/mail/filter/PeekableInputStream;--->peek()I
05-24 21:15:36.953 25432 25451 D M_InsDal: Lcom/fsck/k9/mail/store/imap/ImapResponseParser;--->readToken(Lcom/fsck/k9/mail/store/imap/ImapResponse;)Ljava/lang/Object;
05-24 21:15:36.953 25432 25451 D M_InsDal: Lcom/fsck/k9/mail/store/imap/ImapResponseParser;--->parseToken(Lcom/fsck/k9/mail/store/imap/ImapList;)Ljava/lang/Object;
05-24 21:15:36.953 25432 25451 D M_InsDal: Lcom/fsck/k9/mail/filter/PeekableInputStream;--->peek()I
05-24 21:15:36.953 25432 25451 D M_InsDal: Lcom/fsck/k9/mail/store/imap/ImapResponseParser;--->expect(C)V
05-24 21:15:36.953 25432 25451 D M_InsDal: Lcom/fsck/k9/mail/filter/PeekableInputStream;--->read()I
05-24 21:15:36.953 25432 25451 D M_InsDal: Lcom/fsck/k9/mail/filter/PeekableInputStream;--->peek()I
05-24 21:15:36.953 25432 25451 D M_InsDal: Lcom/fsck/k9/mail/store/imap/ImapResponseParser;--->parseBareString(Z)Ljava/lang/String;
05-24 21:15:36.953 25432 25451 D M_InsDal: Lcom/fsck/k9/mail/filter/PeekableInputStream;--->peek()I
05-24 21:15:36.953 25432 25451 D M_InsDal: Lcom/fsck/k9/mail/filter/PeekableInputStream;--->read()I
05-24 21:15:36.953 25432 25451 D M_InsDal: Lcom/fsck/k9/mail/filter/PeekableInputStream;--->peek()I
05-24 21:15:36.953 25432 25451 D M_InsDal: Lcom/fsck/k9/mail/store/imap/ImapResponseParser;--->readToken(Lcom/fsck/k9/mail/store/imap/ImapResponse;)Ljava/lang/Object;
05-24 21:15:36.953 25432 25451 D M_InsDal: Lcom/fsck/k9/mail/store/imap/ImapResponseParser;--->parseToken(Lcom/fsck/k9/mail/store/imap/ImapList;)Ljava/lang/Object;
05-24 21:15:36.953 25432 25451 D M_InsDal: Lcom/fsck/k9/mail/filter/PeekableInputStream;--->peek()I
05-24 21:15:36.953 25432 25451 D M_InsDal: Lcom/fsck/k9/mail/store/imap/ImapResponseParser;--->expect(C)V
05-24 21:15:36.953 25432 25451 D M_InsDal: Lcom/fsck/k9/mail/filter/PeekableInputStream;--->read()I
05-24 21:15:36.953 25432 25451 D M_InsDal: Lcom/fsck/k9/mail/filter/PeekableInputStream;--->peek()I
05-24 21:15:36.953 25432 25451 D M_InsDal: Lcom/fsck/k9/mail/store/imap/ImapResponseParser;--->parseBareString(Z)Ljava/lang/String;
05-24 21:15:36.953 25432 25451 D M_InsDal: Lcom/fsck/k9/mail/filter/PeekableInputStream;--->peek()I
05-24 21:15:36.953 25432 25451 D M_InsDal: Lcom/fsck/k9/mail/filter/PeekableInputStream;--->read()I
05-24 21:15:36.953 25432 25451 D M_InsDal: Lcom/fsck/k9/mail/filter/PeekableInputStream;--->peek()I
05-24 21:15:36.953 25432 25451 D M_InsDal: Lcom/fsck/k9/mail/store/imap/ImapResponseParser;--->readToken(Lcom/fsck/k9/mail/store/imap/ImapResponse;)Ljava/lang/Object;
05-24 21:15:36.953 25432 25451 D M_InsDal: Lcom/fsck/k9/mail/store/imap/ImapResponseParser;--->parseToken(Lcom/fsck/k9/mail/store/imap/ImapList;)Ljava/lang/Object;
05-24 21:15:36.953 25432 25451 D M_InsDal: Lcom/fsck/k9/mail/filter/PeekableInputStream;--->peek()I
05-24 21:15:36.953 25432 25451 D M_InsDal: Lcom/fsck/k9/mail/store/imap/ImapResponseParser;--->expect(C)V
05-24 21:15:36.953 25432 25451 D M_InsDal: Lcom/fsck/k9/mail/filter/PeekableInputStream;--->read()I
05-24 21:15:36.953 25432 25451 D M_InsDal: Lcom/fsck/k9/mail/filter/PeekableInputStream;--->peek()I
05-24 21:15:36.953 25432 25451 D M_InsDal: Lcom/fsck/k9/mail/store/imap/ImapResponseParser;--->parseBareString(Z)Ljava/lang/String;
05-24 21:15:36.953 25432 25451 D M_InsDal: Lcom/fsck/k9/mail/filter/PeekableInputStream;--->peek()I
05-24 21:15:36.953 25432 25451 D M_InsDal: Lcom/fsck/k9/mail/filter/PeekableInputStream;--->read()I
05-24 21:15:36.953 25432 25451 D M_InsDal: Lcom/fsck/k9/mail/filter/PeekableInputStream;--->peek()I
05-24 21:15:36.953 25432 25451 D M_InsDal: Lcom/fsck/k9/mail/store/imap/ImapResponseParser;--->readToken(Lcom/fsck/k9/mail/store/imap/ImapResponse;)Ljava/lang/Object;
05-24 21:15:36.953 25432 25451 D M_InsDal: Lcom/fsck/k9/mail/store/imap/ImapResponseParser;--->parseToken(Lcom/fsck/k9/mail/store/imap/ImapList;)Ljava/lang/Object;
05-24 21:15:36.953 25432 25451 D M_InsDal: Lcom/fsck/k9/mail/filter/PeekableInputStream;--->peek()I
05-24 21:15:36.953 25432 25451 D M_InsDal: Lcom/fsck/k9/mail/store/imap/ImapResponseParser;--->expect(C)V
05-24 21:15:36.953 25432 25451 D M_InsDal: Lcom/fsck/k9/mail/filter/PeekableInputStream;--->read()I
05-24 21:15:36.953 25432 25451 D M_InsDal: Lcom/fsck/k9/mail/filter/PeekableInputStream;--->peek()I
05-24 21:15:36.953 25432 25451 D M_InsDal: Lcom/fsck/k9/mail/store/imap/ImapResponseParser;--->parseBareString(Z)Ljava/lang/String;
05-24 21:15:36.953 25432 25451 D M_InsDal: Lcom/fsck/k9/mail/filter/PeekableInputStream;--->peek()I
05-24 21:15:36.953 25432 25451 D M_InsDal: Lcom/fsck/k9/mail/filter/PeekableInputStream;--->read()I
05-24 21:15:36.953 25432 25451 D M_InsDal: Lcom/fsck/k9/mail/filter/PeekableInputStream;--->peek()I
05-24 21:15:36.953 25432 25451 D M_InsDal: Lcom/fsck/k9/mail/store/imap/ImapResponseParser;--->readToken(Lcom/fsck/k9/mail/store/imap/ImapResponse;)Ljava/lang/Object;
05-24 21:15:36.953 25432 25451 D M_InsDal: Lcom/fsck/k9/mail/store/imap/ImapResponseParser;--->parseToken(Lcom/fsck/k9/mail/store/imap/ImapList;)Ljava/lang/Object;
05-24 21:15:36.953 25432 25451 D M_InsDal: Lcom/fsck/k9/mail/filter/PeekableInputStream;--->peek()I
05-24 21:15:36.953 25432 25451 D M_InsDal: Lcom/fsck/k9/mail/store/imap/ImapResponseParser;--->expect(C)V
05-24 21:15:36.953 25432 25451 D M_InsDal: Lcom/fsck/k9/mail/filter/PeekableInputStream;--->read()I
05-24 21:15:36.953 25432 25451 D M_InsDal: Lcom/fsck/k9/mail/filter/PeekableInputStream;--->peek()I
05-24 21:15:36.953 25432 25451 D M_InsDal: Lcom/fsck/k9/mail/store/imap/ImapResponseParser;--->parseBareString(Z)Ljava/lang/String;
05-24 21:15:36.953 25432 25451 D M_InsDal: Lcom/fsck/k9/mail/filter/PeekableInputStream;--->peek()I
05-24 21:15:36.953 25432 25451 D M_InsDal: Lcom/fsck/k9/mail/filter/PeekableInputStream;--->read()I
05-24 21:15:36.953 25432 25451 D M_InsDal: Lcom/fsck/k9/mail/filter/PeekableInputStream;--->peek()I
05-24 21:15:36.953 25432 25451 D M_InsDal: Lcom/fsck/k9/mail/filter/PeekableInputStream;--->read()I
05-24 21:15:36.953 25432 25451 D M_InsDal: Lcom/fsck/k9/mail/filter/PeekableInputStream;--->peek()I
05-24 21:15:36.953 25432 25451 D M_InsDal: Lcom/fsck/k9/mail/store/imap/ImapResponseParser;--->readToken(Lcom/fsck/k9/mail/store/imap/ImapResponse;)Ljava/lang/Object;
05-24 21:15:36.953 25432 25451 D M_InsDal: Lcom/fsck/k9/mail/store/imap/ImapResponseParser;--->parseToken(Lcom/fsck/k9/mail/store/imap/ImapList;)Ljava/lang/Object;
05-24 21:15:36.953 25432 25451 D M_InsDal: Lcom/fsck/k9/mail/filter/PeekableInputStream;--->peek()I
05-24 21:15:36.953 25432 25451 D M_InsDal: Lcom/fsck/k9/mail/store/imap/ImapResponseParser;--->expect(C)V
05-24 21:15:36.953 25432 25451 D M_InsDal: Lcom/fsck/k9/mail/filter/PeekableInputStream;--->read()I
05-24 21:15:36.953 25432 25451 D M_InsDal: Lcom/fsck/k9/mail/filter/PeekableInputStream;--->peek()I
05-24 21:15:36.953 25432 25451 D M_InsDal: Lcom/fsck/k9/mail/store/imap/ImapResponseParser;--->parseBareString(Z)Ljava/lang/String;
05-24 21:15:36.953 25432 25451 D M_InsDal: Lcom/fsck/k9/mail/filter/PeekableInputStream;--->peek()I
05-24 21:15:36.953 25432 25451 D M_InsDal: Lcom/fsck/k9/mail/filter/PeekableInputStream;--->read()I
05-24 21:15:36.953 25432 25451 D M_InsDal: Lcom/fsck/k9/mail/filter/PeekableInputStream;--->peek()I
05-24 21:15:36.953 25432 25451 D M_InsDal: Lcom/fsck/k9/mail/filter/PeekableInputStream;--->read()I
05-24 21:15:36.953 25432 25451 D M_InsDal: Lcom/fsck/k9/mail/filter/PeekableInputStream;--->peek()I
05-24 21:15:36.953 25432 25451 D M_InsDal: Lcom/fsck/k9/mail/store/imap/ImapResponseParser;--->readToken(Lcom/fsck/k9/mail/store/imap/ImapResponse;)Ljava/lang/Object;
05-24 21:15:36.953 25432 25451 D M_InsDal: Lcom/fsck/k9/mail/store/imap/ImapResponseParser;--->parseToken(Lcom/fsck/k9/mail/store/imap/ImapList;)Ljava/lang/Object;
05-24 21:15:36.953 25432 25451 D M_InsDal: Lcom/fsck/k9/mail/filter/PeekableInputStream;--->peek()I
05-24 21:15:36.953 25432 25451 D M_InsDal: Lcom/fsck/k9/mail/store/imap/ImapResponseParser;--->expect(C)V
05-24 21:15:36.953 25432 25451 D M_InsDal: Lcom/fsck/k9/mail/filter/PeekableInputStream;--->read()I
05-24 21:15:36.953 25432 25451 D M_InsDal: Lcom/fsck/k9/mail/filter/PeekableInputStream;--->peek()I
05-24 21:15:36.953 25432 25451 D M_InsDal: Lcom/fsck/k9/mail/store/imap/ImapResponseParser;--->parseBareString(Z)Ljava/lang/String;
05-24 21:15:36.953 25432 25451 D M_InsDal: Lcom/fsck/k9/mail/filter/PeekableInputStream;--->peek()I
05-24 21:15:36.953 25432 25451 D M_InsDal: Lcom/fsck/k9/mail/filter/PeekableInputStream;--->read()I
05-24 21:15:36.953 25432 25451 D M_InsDal: Lcom/fsck/k9/mail/filter/PeekableInputStream;--->peek()I
05-24 21:15:36.953 25432 25451 D M_InsDal: Lcom/fsck/k9/mail/filter/PeekableInputStream;--->read()I
05-24 21:15:36.953 25432 25451 D M_InsDal: Lcom/fsck/k9/mail/filter/PeekableInputStream;--->peek()I
05-24 21:15:36.953 25432 25451 D M_InsDal: Lcom/fsck/k9/mail/store/imap/ImapResponseParser;--->readToken(Lcom/fsck/k9/mail/store/imap/ImapResponse;)Ljava/lang/Object;
05-24 21:15:36.953 25432 25451 D M_InsDal: Lcom/fsck/k9/mail/store/imap/ImapResponseParser;--->parseToken(Lcom/fsck/k9/mail/store/imap/ImapList;)Ljava/lang/Object;
05-24 21:15:36.953 25432 25451 D M_InsDal: Lcom/fsck/k9/mail/filter/PeekableInputStream;--->peek()I
05-24 21:15:36.953 25432 25451 D M_InsDal: Lcom/fsck/k9/mail/store/imap/ImapResponseParser;--->expect(C)V
05-24 21:15:36.953 25432 25451 D M_InsDal: Lcom/fsck/k9/mail/filter/PeekableInputStream;--->read()I
05-24 21:15:36.953 25432 25451 D M_InsDal: Lcom/fsck/k9/mail/filter/PeekableInputStream;--->peek()I
05-24 21:15:36.953 25432 25451 D M_InsDal: Lcom/fsck/k9/mail/store/imap/ImapResponseParser;--->parseBareString(Z)Ljava/lang/String;
05-24 21:15:36.953 25432 25451 D M_InsDal: Lcom/fsck/k9/mail/filter/PeekableInputStream;--->peek()I
05-24 21:15:36.953 25432 25451 D M_InsDal: Lcom/fsck/k9/mail/filter/PeekableInputStream;--->read()I
05-24 21:15:36.953 25432 25451 D M_InsDal: Lcom/fsck/k9/mail/filter/PeekableInputStream;--->peek()I
05-24 21:15:36.953 25432 25451 D M_InsDal: Lcom/fsck/k9/mail/filter/PeekableInputStream;--->read()I
05-24 21:15:36.953 25432 25451 D M_InsDal: Lcom/fsck/k9/mail/filter/PeekableInputStream;--->peek()I
05-24 21:15:36.953 25432 25451 D M_InsDal: Lcom/fsck/k9/mail/store/imap/ImapResponseParser;--->readToken(Lcom/fsck/k9/mail/store/imap/ImapResponse;)Ljava/lang/Object;
05-24 21:15:36.953 25432 25451 D M_InsDal: Lcom/fsck/k9/mail/store/imap/ImapResponseParser;--->parseToken(Lcom/fsck/k9/mail/store/imap/ImapList;)Ljava/lang/Object;
05-24 21:15:36.953 25432 25451 D M_InsDal: Lcom/fsck/k9/mail/filter/PeekableInputStream;--->peek()I
05-24 21:15:36.953 25432 25451 D M_InsDal: Lcom/fsck/k9/mail/store/imap/ImapResponseParser;--->expect(C)V
05-24 21:15:36.953 25432 25451 D M_InsDal: Lcom/fsck/k9/mail/filter/PeekableInputStream;--->read()I
05-24 21:15:36.953 25432 25451 D M_InsDal: Lcom/fsck/k9/mail/filter/PeekableInputStream;--->peek()I
05-24 21:15:36.953 25432 25451 D M_InsDal: Lcom/fsck/k9/mail/store/imap/ImapResponseParser;--->parseBareString(Z)Ljava/lang/String;
05-24 21:15:36.953 25432 25451 D M_InsDal: Lcom/fsck/k9/mail/filter/PeekableInputStream;--->peek()I
05-24 21:15:36.953 25432 25451 D M_InsDal: Lcom/fsck/k9/mail/filter/PeekableInputStream;--->read()I
05-24 21:15:36.953 25432 25451 D M_InsDal: Lcom/fsck/k9/mail/filter/PeekableInputStream;--->peek()I
05-24 21:15:36.953 25432 25451 D M_InsDal: Lcom/fsck/k9/mail/filter/PeekableInputStream;--->read()I
05-24 21:15:36.953 25432 25451 D M_InsDal: Lcom/fsck/k9/mail/filter/PeekableInputStream;--->peek()I
05-24 21:15:36.953 25432 25451 D M_InsDal: Lcom/fsck/k9/mail/store/imap/ImapResponseParser;--->readToken(Lcom/fsck/k9/mail/store/imap/ImapResponse;)Ljava/lang/Object;
05-24 21:15:36.953 25432 25451 D M_InsDal: Lcom/fsck/k9/mail/store/imap/ImapResponseParser;--->parseToken(Lcom/fsck/k9/mail/store/imap/ImapList;)Ljava/lang/Object;
05-24 21:15:36.953 25432 25451 D M_InsDal: Lcom/fsck/k9/mail/filter/PeekableInputStream;--->peek()I
05-24 21:15:36.953 25432 25451 D M_InsDal: Lcom/fsck/k9/mail/store/imap/ImapResponseParser;--->expect(C)V
05-24 21:15:36.953 25432 25451 D M_InsDal: Lcom/fsck/k9/mail/filter/PeekableInputStream;--->read()I
05-24 21:15:36.953 25432 25451 D M_InsDal: Lcom/fsck/k9/mail/filter/PeekableInputStream;--->peek()I
05-24 21:15:36.953 25432 25451 D M_InsDal: Lcom/fsck/k9/mail/store/imap/ImapResponseParser;--->parseBareString(Z)Ljava/lang/String;
05-24 21:15:36.953 25432 25451 D M_InsDal: Lcom/fsck/k9/mail/filter/PeekableInputStream;--->peek()I
05-24 21:15:36.953 25432 25451 D M_InsDal: Lcom/fsck/k9/mail/filter/PeekableInputStream;--->read()I
05-24 21:15:36.953 25432 25451 D M_InsDal: Lcom/fsck/k9/mail/filter/PeekableInputStream;--->peek()I
05-24 21:15:36.953 25432 25451 D M_InsDal: Lcom/fsck/k9/mail/filter/PeekableInputStream;--->read()I
05-24 21:15:36.953 25432 25451 D M_InsDal: Lcom/fsck/k9/mail/filter/PeekableInputStream;--->peek()I
05-24 21:15:36.953 25432 25451 D M_InsDal: Lcom/fsck/k9/mail/store/imap/ImapResponseParser;--->readToken(Lcom/fsck/k9/mail/store/imap/ImapResponse;)Ljava/lang/Object;
05-24 21:15:36.953 25432 25451 D M_InsDal: Lcom/fsck/k9/mail/store/imap/ImapResponseParser;--->parseToken(Lcom/fsck/k9/mail/store/imap/ImapList;)Ljava/lang/Object;
05-24 21:15:36.953 25432 25451 D M_InsDal: Lcom/fsck/k9/mail/filter/PeekableInputStream;--->peek()I
05-24 21:15:36.953 25432 25451 D M_InsDal: Lcom/fsck/k9/mail/store/imap/ImapResponseParser;--->expect(C)V
05-24 21:15:36.953 25432 25451 D M_InsDal: Lcom/fsck/k9/mail/filter/PeekableInputStream;--->read()I
05-24 21:15:36.953 25432 25451 D M_InsDal: Lcom/fsck/k9/mail/filter/PeekableInputStream;--->peek()I
05-24 21:15:36.953 25432 25451 D M_InsDal: Lcom/fsck/k9/mail/store/imap/ImapResponseParser;--->parseBareString(Z)Ljava/lang/String;
05-24 21:15:36.953 25432 25451 D M_InsDal: Lcom/fsck/k9/mail/filter/PeekableInputStream;--->peek()I
05-24 21:15:36.953 25432 25451 D M_InsDal: Lcom/fsck/k9/mail/filter/PeekableInputStream;--->read()I
05-24 21:15:36.953 25432 25451 D M_InsDal: Lcom/fsck/k9/mail/filter/PeekableInputStream;--->peek()I
05-24 21:15:36.953 25432 25451 D M_InsDal: Lcom/fsck/k9/mail/filter/PeekableInputStream;--->read()I
05-24 21:15:36.953 25432 25451 D M_InsDal: Lcom/fsck/k9/mail/filter/PeekableInputStream;--->peek()I
05-24 21:15:36.953 25432 25451 D M_InsDal: Lcom/fsck/k9/mail/store/imap/ImapResponseParser;--->readToken(Lcom/fsck/k9/mail/store/imap/ImapResponse;)Ljava/lang/Object;
05-24 21:15:36.953 25432 25451 D M_InsDal: Lcom/fsck/k9/mail/store/imap/ImapResponseParser;--->parseToken(Lcom/fsck/k9/mail/store/imap/ImapList;)Ljava/lang/Object;
05-24 21:15:36.953 25432 25451 D M_InsDal: Lcom/fsck/k9/mail/filter/PeekableInputStream;--->peek()I
05-24 21:15:36.953 25432 25451 D M_InsDal: Lcom/fsck/k9/mail/store/imap/ImapResponseParser;--->expect(C)V
05-24 21:15:36.953 25432 25451 D M_InsDal: Lcom/fsck/k9/mail/filter/PeekableInputStream;--->read()I
05-24 21:15:36.953 25432 25451 D M_InsDal: Lcom/fsck/k9/mail/filter/PeekableInputStream;--->peek()I
05-24 21:15:36.953 25432 25451 D M_InsDal: Lcom/fsck/k9/mail/store/imap/ImapResponseParser;--->parseBareString(Z)Ljava/lang/String;
05-24 21:15:36.953 25432 25451 D M_InsDal: Lcom/fsck/k9/mail/filter/PeekableInputStream;--->peek()I
05-24 21:15:36.953 25432 25451 D M_InsDal: Lcom/fsck/k9/mail/filter/PeekableInputStream;--->read()I
05-24 21:15:36.953 25432 25451 D M_InsDal: Lcom/fsck/k9/mail/filter/PeekableInputStream;--->peek()I
05-24 21:15:36.953 25432 25451 D M_InsDal: Lcom/fsck/k9/mail/filter/PeekableInputStream;--->read()I
05-24 21:15:36.953 25432 25451 D M_InsDal: Lcom/fsck/k9/mail/filter/PeekableInputStream;--->peek()I
05-24 21:15:36.953 25432 25451 D M_InsDal: Lcom/fsck/k9/mail/store/imap/ImapResponseParser;--->readToken(Lcom/fsck/k9/mail/store/imap/ImapResponse;)Ljava/lang/Object;
05-24 21:15:36.953 25432 25451 D M_InsDal: Lcom/fsck/k9/mail/store/imap/ImapResponseParser;--->parseToken(Lcom/fsck/k9/mail/store/imap/ImapList;)Ljava/lang/Object;
05-24 21:15:36.953 25432 25451 D M_InsDal: Lcom/fsck/k9/mail/filter/PeekableInputStream;--->peek()I
05-24 21:15:36.953 25432 25451 D M_InsDal: Lcom/fsck/k9/mail/store/imap/ImapResponseParser;--->expect(C)V
05-24 21:15:36.953 25432 25451 D M_InsDal: Lcom/fsck/k9/mail/filter/PeekableInputStream;--->read()I
05-24 21:15:36.953 25432 25451 D M_InsDal: Lcom/fsck/k9/mail/filter/PeekableInputStream;--->peek()I
05-24 21:15:36.953 25432 25451 D M_InsDal: Lcom/fsck/k9/mail/store/imap/ImapResponseParser;--->parseBareString(Z)Ljava/lang/String;
05-24 21:15:36.953 25432 25451 D M_InsDal: Lcom/fsck/k9/mail/filter/PeekableInputStream;--->peek()I
05-24 21:15:36.953 25432 25451 D M_InsDal: Lcom/fsck/k9/mail/filter/PeekableInputStream;--->read()I
05-24 21:15:36.953 25432 25451 D M_InsDal: Lcom/fsck/k9/mail/filter/PeekableInputStream;--->peek()I
05-24 21:15:36.953 25432 25451 D M_InsDal: Lcom/fsck/k9/mail/filter/PeekableInputStream;--->read()I
05-24 21:15:36.953 25432 25451 D M_InsDal: Lcom/fsck/k9/mail/filter/PeekableInputStream;--->peek()I
05-24 21:15:36.953 25432 25451 D M_InsDal: Lcom/fsck/k9/mail/store/imap/ImapResponseParser;--->readToken(Lcom/fsck/k9/mail/store/imap/ImapResponse;)Ljava/lang/Object;
05-24 21:15:36.953 25432 25451 D M_InsDal: Lcom/fsck/k9/mail/store/imap/ImapResponseParser;--->parseToken(Lcom/fsck/k9/mail/store/imap/ImapList;)Ljava/lang/Object;
05-24 21:15:36.953 25432 25451 D M_InsDal: Lcom/fsck/k9/mail/filter/PeekableInputStream;--->peek()I
05-24 21:15:36.953 25432 25451 D M_InsDal: Lcom/fsck/k9/mail/store/imap/ImapResponseParser;--->expect(C)V
05-24 21:15:36.953 25432 25451 D M_InsDal: Lcom/fsck/k9/mail/filter/PeekableInputStream;--->read()I
