05-24 22:02:14.016  1094  1094 D M_InsDal: Lcom/fsck/k9/provider/EmailProvider$SpecialColumnsCursor;--->getLong(I)J
05-24 22:02:14.016  1094  1094 D M_InsDal: Lcom/fsck/k9/cache/EmailProviderCacheCursor;--->moveToPosition(I)Z
05-24 22:02:14.016  1094  1094 D M_InsDal: Lcom/fsck/k9/provider/EmailProvider$SpecialColumnsCursor;--->getLong(I)J
05-24 22:02:14.016  1094  1094 D M_InsDal: Lcom/fsck/k9/cache/EmailProviderCacheCursor;--->moveToPosition(I)Z
05-24 22:02:14.016  1094  1094 D M_InsDal: Lcom/fsck/k9/provider/EmailProvider$SpecialColumnsCursor;--->getLong(I)J
05-24 22:02:14.016  1094  1094 D M_InsDal: Lcom/fsck/k9/cache/EmailProviderCacheCursor;--->moveToPosition(I)Z
05-24 22:02:14.016  1094  1094 D M_InsDal: Lcom/fsck/k9/provider/EmailProvider$SpecialColumnsCursor;--->getLong(I)J
05-24 22:02:14.016  1094  1094 D M_InsDal: Lcom/fsck/k9/cache/EmailProviderCacheCursor;--->moveToPosition(I)Z
05-24 22:02:14.016  1094  1094 D M_InsDal: Lcom/fsck/k9/provider/EmailProvider$SpecialColumnsCursor;--->getLong(I)J
05-24 22:02:14.016  1094  1094 D M_InsDal: Lcom/fsck/k9/cache/EmailProviderCacheCursor;--->moveToPosition(I)Z
05-24 22:02:14.016  1094  1094 D M_InsDal: Lcom/fsck/k9/provider/EmailProvider$SpecialColumnsCursor;--->getLong(I)J
05-24 22:02:14.017  1094  1094 D M_InsDal: Lcom/fsck/k9/cache/EmailProviderCacheCursor;--->moveToPosition(I)Z
05-24 22:02:14.017  1094  1094 D M_InsDal: Lcom/fsck/k9/provider/EmailProvider$SpecialColumnsCursor;--->getLong(I)J
05-24 22:02:14.017  1094  1094 D M_InsDal: Lcom/fsck/k9/cache/EmailProviderCacheCursor;--->moveToPosition(I)Z
05-24 22:02:14.017  1094  1094 D M_InsDal: Lcom/fsck/k9/provider/EmailProvider$SpecialColumnsCursor;--->getLong(I)J
05-24 22:02:14.017  1094  1094 D M_InsDal: Lcom/fsck/k9/cache/EmailProviderCacheCursor;--->moveToPosition(I)Z
05-24 22:02:14.017  1094  1094 D M_InsDal: Lcom/fsck/k9/provider/EmailProvider$SpecialColumnsCursor;--->getLong(I)J
05-24 22:02:14.017  1094  1094 D M_InsDal: Lcom/fsck/k9/cache/EmailProviderCacheCursor;--->moveToPosition(I)Z
05-24 22:02:14.017  1094  1094 D M_InsDal: Lcom/fsck/k9/provider/EmailProvider$SpecialColumnsCursor;--->getLong(I)J
05-24 22:02:14.017  1094  1094 D M_InsDal: Lcom/fsck/k9/cache/EmailProviderCacheCursor;--->moveToPosition(I)Z
05-24 22:02:14.017  1094  1094 D M_InsDal: Lcom/fsck/k9/provider/EmailProvider$SpecialColumnsCursor;--->getLong(I)J
05-24 22:02:14.017  1094  1094 D M_InsDal: Lcom/fsck/k9/cache/EmailProviderCacheCursor;--->moveToPosition(I)Z
05-24 22:02:14.017  1094  1094 D M_InsDal: Lcom/fsck/k9/provider/EmailProvider$SpecialColumnsCursor;--->getLong(I)J
05-24 22:02:14.017  1094  1094 D M_InsDal: Lcom/fsck/k9/cache/EmailProviderCacheCursor;--->moveToPosition(I)Z
05-24 22:02:14.017  1094  1094 D M_InsDal: Lcom/fsck/k9/provider/EmailProvider$SpecialColumnsCursor;--->getLong(I)J
05-24 22:02:14.017  1094  1094 D M_InsDal: Lcom/fsck/k9/cache/EmailProviderCacheCursor;--->moveToPosition(I)Z
05-24 22:02:14.017  1094  1094 D M_InsDal: Lcom/fsck/k9/provider/EmailProvider$SpecialColumnsCursor;--->getLong(I)J
05-24 22:02:14.017  1094  1094 D M_InsDal: Lcom/fsck/k9/cache/EmailProviderCacheCursor;--->moveToPosition(I)Z
05-24 22:02:14.017  1094  1094 D M_InsDal: Lcom/fsck/k9/provider/EmailProvider$SpecialColumnsCursor;--->getLong(I)J
05-24 22:02:14.017  1094  1094 D M_InsDal: Lcom/fsck/k9/cache/EmailProviderCacheCursor;--->moveToPosition(I)Z
05-24 22:02:14.017  1094  1094 D M_InsDal: Lcom/fsck/k9/provider/EmailProvider$SpecialColumnsCursor;--->getLong(I)J
05-24 22:02:14.017  1094  1094 D M_InsDal: Lcom/fsck/k9/cache/EmailProviderCacheCursor;--->moveToPosition(I)Z
05-24 22:02:14.017  1094  1094 D M_InsDal: Lcom/fsck/k9/provider/EmailProvider$SpecialColumnsCursor;--->getLong(I)J
05-24 22:02:14.017  1094  1094 D M_InsDal: Lcom/fsck/k9/cache/EmailProviderCacheCursor;--->moveToPosition(I)Z
05-24 22:02:14.017  1094  1094 D M_InsDal: Lcom/fsck/k9/provider/EmailProvider$SpecialColumnsCursor;--->getLong(I)J
05-24 22:02:14.017  1094  1094 D M_InsDal: Lcom/fsck/k9/cache/EmailProviderCacheCursor;--->moveToPosition(I)Z
05-24 22:02:14.017  1094  1094 D M_InsDal: Lcom/fsck/k9/provider/EmailProvider$SpecialColumnsCursor;--->getLong(I)J
05-24 22:02:14.017  1094  1094 D M_InsDal: Lcom/fsck/k9/cache/EmailProviderCacheCursor;--->moveToPosition(I)Z
05-24 22:02:14.017  1094  1094 D M_InsDal: Lcom/fsck/k9/provider/EmailProvider$SpecialColumnsCursor;--->getLong(I)J
05-24 22:02:14.017  1094  1094 D M_InsDal: Lcom/fsck/k9/cache/EmailProviderCacheCursor;--->moveToPosition(I)Z
05-24 22:02:14.017  1094  1094 D M_InsDal: Lcom/fsck/k9/provider/EmailProvider$SpecialColumnsCursor;--->getLong(I)J
05-24 22:02:14.017  1094  1094 D M_InsDal: Lcom/fsck/k9/cache/EmailProviderCacheCursor;--->moveToPosition(I)Z
05-24 22:02:14.017  1094  1094 D M_InsDal: Lcom/fsck/k9/provider/EmailProvider$SpecialColumnsCursor;--->getLong(I)J
05-24 22:02:14.017  1094  1094 D M_InsDal: Lcom/fsck/k9/fragment/MessageListFragment$ActionModeCallback;--->showMarkAsRead(Z)V
05-24 22:02:14.017  1094  1094 D M_InsDal: Lcom/fsck/k9/fragment/MessageListFragment$ActionModeCallback;--->showFlag(Z)V
05-24 22:02:14.017  1094  1094 D M_InsDal: Lcom/fsck/k9/fragment/MessageListFragment;--->isLoadFinished()Z
05-24 22:02:14.017  1094  1094 D M_InsDal: Lcom/fsck/k9/activity/MessageList;--->updateMenu()V
05-24 22:02:14.017  1094  1094 D M_InsDal: Lcom/fsck/k9/fragment/MessageListHandler;--->handleMessage(Landroid/os/Message;)V
05-24 22:02:14.017  1094  1094 D M_InsDal: Lcom/fsck/k9/fragment/MessageListFragment;--->updateTitle()V
05-24 22:02:14.017  1094  1094 D M_InsDal: Lcom/fsck/k9/fragment/MessageListFragment;--->setWindowTitle()V
05-24 22:02:14.017  1094  1094 D M_InsDal: Lcom/fsck/k9/fragment/MessageListFragment;--->isManualSearch()Z
05-24 22:02:14.017  1094  1094 D M_InsDal: Lcom/fsck/k9/search/LocalSearch;--->isManualSearch()Z
05-24 22:02:14.017  1094  1094 D M_InsDal: Lcom/fsck/k9/activity/FolderInfoHolder;--->getDisplayName(Landroid/content/Context;Lcom/fsck/k9/Account;Ljava/lang/String;)Ljava/lang/String;
05-24 22:02:14.017  1094  1094 D M_InsDal: Lcom/fsck/k9/Account;--->getSpamFolderName()Ljava/lang/String;
05-24 22:02:14.017  1094  1094 D M_InsDal: Lcom/fsck/k9/Account;--->getArchiveFolderName()Ljava/lang/String;
05-24 22:02:14.017  1094  1094 D M_InsDal: Lcom/fsck/k9/Account;--->getSentFolderName()Ljava/lang/String;
05-24 22:02:14.017  1094  1094 D M_InsDal: Lcom/fsck/k9/Account;--->getTrashFolderName()Ljava/lang/String;
05-24 22:02:14.017  1094  1094 D M_InsDal: Lcom/fsck/k9/Account;--->getDraftsFolderName()Ljava/lang/String;
05-24 22:02:14.017  1094  1094 D M_InsDal: Lcom/fsck/k9/Account;--->getOutboxFolderName()Ljava/lang/String;
05-24 22:02:14.017  1094  1094 D M_InsDal: Lcom/fsck/k9/Account;--->getInboxFolderName()Ljava/lang/String;
05-24 22:02:14.017  1094  1094 D M_InsDal: Lcom/fsck/k9/activity/MessageList;--->setMessageListTitle(Ljava/lang/String;)V
05-24 22:02:14.017  1094  1094 D M_InsDal: Lcom/fsck/k9/activity/MessageList;--->setActionBarTitle(Ljava/lang/String;)V
05-24 22:02:14.017  1094  1094 D M_InsDal: Lcom/fsck/k9/activity/ActivityListener;--->getOperation(Landroid/content/Context;)Ljava/lang/String;
05-24 22:02:14.017  1094  1094 D M_InsDal: Lcom/fsck/k9/service/MailService;--->getNextPollTime()J
05-24 22:02:14.017  1094  1094 D M_InsDal: Lcom/fsck/k9/K9;--->isDebug()Z
05-24 22:02:14.017  1094  1094 D M_InsDal: Lcom/fsck/k9/service/MailService;--->isSyncDisabled()Z
05-24 22:02:14.017  1094  1094 D M_InsDal: Lcom/fsck/k9/Account;--->getEmail()Ljava/lang/String;
05-24 22:02:14.017  1094  1094 D M_InsDal: Lcom/fsck/k9/Identity;--->getEmail()Ljava/lang/String;
05-24 22:02:14.017  1094  1094 D M_InsDal: Lcom/fsck/k9/activity/MessageList;--->setMessageListSubTitle(Ljava/lang/String;)V
05-24 22:02:14.017  1094  1094 D M_InsDal: Lcom/fsck/k9/activity/MessageList;--->setActionBarSubTitle(Ljava/lang/String;)V
05-24 22:02:14.017  1094  1094 D M_InsDal: Lcom/fsck/k9/activity/MessageList;--->setUnreadCount(I)V
05-24 22:02:14.017  1094  1094 D M_InsDal: Lcom/fsck/k9/activity/MessageList;--->setActionBarUnread(I)V
05-24 22:02:14.017  1094  1094 D M_InsDal: Lcom/fsck/k9/search/LocalSearch;--->isManualSearch()Z
05-24 22:02:14.017  1094  1094 D M_InsDal: Lcom/fsck/k9/fragment/MessageListFragment;--->setWindowProgress()V
05-24 22:02:14.017  1094  1094 D M_InsDal: Lcom/fsck/k9/activity/MessageList;--->setMessageListProgress(I)V
05-24 22:02:14.020  1094  1094 D M_InsDal: Lcom/fsck/k9/cache/EmailProviderCacheCursor;--->getCount()I
05-24 22:02:14.025  1094  1094 D M_InsDal: Lcom/fsck/k9/cache/EmailProviderCacheCursor;--->getCount()I
05-24 22:02:14.026  1094  1094 D M_InsDal: Lcom/fsck/k9/cache/EmailProviderCacheCursor;--->getCount()I
05-24 22:02:14.026  1094  1094 D M_InsDal: Lcom/fsck/k9/cache/EmailProviderCacheCursor;--->moveToPosition(I)Z
05-24 22:02:14.026  1094  1094 D M_InsDal: Lcom/fsck/k9/fragment/MessageListAdapter;--->newView(Landroid/content/Context;Landroid/database/Cursor;Landroid/view/ViewGroup;)Landroid/view/View;
05-24 22:02:14.026  1094  1094 D M_InsDal: Lcom/fsck/k9/fragment/MessageListFragment;--->getK9LayoutInflater()Landroid/view/LayoutInflater;
05-24 22:02:14.032  1094  1094 D M_InsDal: Lcom/fsck/k9/ui/ContactBadge;---><clinit>()V
05-24 22:02:14.032  1094  1094 D M_InsDal: Lcom/fsck/k9/ui/ContactBadge;---><init>(Landroid/content/Context;Landroid/util/AttributeSet;)V
05-24 22:02:14.032  1094  1094 D M_InsDal: Lcom/fsck/k9/ui/ContactBadge;---><init>(Landroid/content/Context;Landroid/util/AttributeSet;I)V
05-24 22:02:14.032  1094  1094 D M_InsDal: Lcom/fsck/k9/ui/ContactBadge$QueryHandler;---><init>(Lcom/fsck/k9/ui/ContactBadge;Landroid/content/ContentResolver;)V
05-24 22:02:14.033  1094  1119 D M_InsDal: Lcom/fsck/k9/mail/store/imap/ImapConnection;--->connectToAddress(Ljava/net/InetAddress;)Ljava/net/Socket;
05-24 22:02:14.033  1094  1119 D M_InsDal: Lcom/fsck/k9/mail/store/imap/ImapStore$StoreImapSettings;--->getHost()Ljava/lang/String;
05-24 22:02:14.033  1094  1119 D M_InsDal: Lcom/fsck/k9/mail/store/imap/ImapStore$StoreImapSettings;--->getPort()I
05-24 22:02:14.033  1094  1119 D M_InsDal: Lcom/fsck/k9/mail/store/imap/ImapStore$StoreImapSettings;--->getClientCertificateAlias()Ljava/lang/String;
05-24 22:02:14.033  1094  1119 D M_InsDal: Lcom/fsck/k9/mail/K9MailLib;--->isDebug()Z
05-24 22:02:14.033  1094  1120 D M_InsDal: Lcom/fsck/k9/mail/store/imap/ImapConnection;--->connectToAddress(Ljava/net/InetAddress;)Ljava/net/Socket;
05-24 22:02:14.033  1094  1119 D M_InsDal: Lcom/fsck/k9/K9$2;--->enabled()Z
05-24 22:02:14.033  1094  1120 D M_InsDal: Lcom/fsck/k9/mail/store/imap/ImapStore$StoreImapSettings;--->getHost()Ljava/lang/String;
05-24 22:02:14.033  1094  1120 D M_InsDal: Lcom/fsck/k9/mail/store/imap/ImapStore$StoreImapSettings;--->getPort()I
05-24 22:02:14.033  1094  1119 D M_InsDal: Lcom/fsck/k9/mail/store/imap/ImapStore$StoreImapSettings;--->getConnectionSecurity()Lcom/fsck/k9/mail/ConnectionSecurity;
05-24 22:02:14.033  1094  1120 D M_InsDal: Lcom/fsck/k9/mail/store/imap/ImapStore$StoreImapSettings;--->getClientCertificateAlias()Ljava/lang/String;
05-24 22:02:14.033  1094  1120 D M_InsDal: Lcom/fsck/k9/mail/K9MailLib;--->isDebug()Z
05-24 22:02:14.033  1094  1119 D M_InsDal: Lcom/fsck/k9/mail/ssl/DefaultTrustedSocketFactory;--->createSocket(Ljava/net/Socket;Ljava/lang/String;ILjava/lang/String;)Ljava/net/Socket;
05-24 22:02:14.033  1094  1120 D M_InsDal: Lcom/fsck/k9/K9$2;--->enabled()Z
05-24 22:02:14.034  1094  1120 D M_InsDal: Lcom/fsck/k9/mail/store/imap/ImapStore$StoreImapSettings;--->getConnectionSecurity()Lcom/fsck/k9/mail/ConnectionSecurity;
05-24 22:02:14.034  1094  1120 D M_InsDal: Lcom/fsck/k9/mail/ssl/DefaultTrustedSocketFactory;--->createSocket(Ljava/net/Socket;Ljava/lang/String;ILjava/lang/String;)Ljava/net/Socket;
05-24 22:02:14.034  1094  1119 D M_InsDal: Lcom/fsck/k9/mail/ssl/TrustManagerFactory;---><clinit>()V
05-24 22:02:14.034  1094  1119 D M_InsDal: Lcom/fsck/k9/mail/ssl/LocalKeyStore;--->getInstance()Lcom/fsck/k9/mail/ssl/LocalKeyStore;
05-24 22:02:14.034  1094  1119 D M_InsDal: Lcom/fsck/k9/mail/ssl/LocalKeyStore$LocalKeyStoreHolder;---><clinit>()V
05-24 22:02:14.034  1094  1119 D M_InsDal: Lcom/fsck/k9/mail/ssl/LocalKeyStore;---><init>()V
05-24 22:02:14.034  1094  1119 D M_InsDal: Lcom/fsck/k9/mail/ssl/LocalKeyStore;--->upgradeKeyStoreFile()V
05-24 22:02:14.034  1094  1119 D M_InsDal: Lcom/fsck/k9/mail/ssl/LocalKeyStore;--->getKeyStoreFilePath(I)Ljava/lang/String;
05-24 22:02:14.034  1094  1119 D M_InsDal: Lcom/fsck/k9/mail/ssl/LocalKeyStore;--->setKeyStoreFile(Ljava/io/File;)V
05-24 22:02:14.034  1094  1119 D M_InsDal: Lcom/fsck/k9/mail/ssl/LocalKeyStore;--->getKeyStoreFilePath(I)Ljava/lang/String;
05-24 22:02:14.034  1094  1119 D M_InsDal: Lcom/fsck/k9/mail/ssl/TrustManagerFactory;--->get(Ljava/lang/String;I)Ljavax/net/ssl/X509TrustManager;
05-24 22:02:14.034  1094  1120 D M_InsDal: Lcom/fsck/k9/mail/ssl/TrustManagerFactory;--->get(Ljava/lang/String;I)Ljavax/net/ssl/X509TrustManager;
05-24 22:02:14.034  1094  1119 D M_InsDal: Lcom/fsck/k9/mail/ssl/TrustManagerFactory$SecureX509TrustManager;---><clinit>()V
05-24 22:02:14.034  1094  1119 D M_InsDal: Lcom/fsck/k9/mail/ssl/TrustManagerFactory$SecureX509TrustManager;--->getInstance(Ljava/lang/String;I)Ljavax/net/ssl/X509TrustManager;
05-24 22:02:14.034  1094  1119 D M_InsDal: Lcom/fsck/k9/mail/ssl/TrustManagerFactory$SecureX509TrustManager;---><init>(Ljava/lang/String;I)V
05-24 22:02:14.035  1094  1119 D M_InsDal: Lcom/fsck/k9/mail/ssl/DefaultTrustedSocketFactory;--->hardenSocket(Ljavax/net/ssl/SSLSocket;)V
05-24 22:02:14.034  1094  1120 D M_InsDal: Lcom/fsck/k9/mail/ssl/TrustManagerFactory$SecureX509TrustManager;--->getInstance(Ljava/lang/String;I)Ljavax/net/ssl/X509TrustManager;
05-24 22:02:14.035  1094  1119 D M_InsDal: Lcom/fsck/k9/mail/ssl/DefaultTrustedSocketFactory;--->setSniHost(Ljavax/net/ssl/SSLSocketFactory;Ljavax/net/ssl/SSLSocket;Ljava/lang/String;)V
05-24 22:02:14.035  1094  1120 D M_InsDal: Lcom/fsck/k9/mail/ssl/DefaultTrustedSocketFactory;--->hardenSocket(Ljavax/net/ssl/SSLSocket;)V
05-24 22:02:14.035  1094  1119 D M_InsDal: Lcom/fsck/k9/mail/ssl/DefaultTrustedSocketFactory;--->setHostnameViaReflection(Ljavax/net/ssl/SSLSocket;Ljava/lang/String;)V
05-24 22:02:14.035  1094  1120 D M_InsDal: Lcom/fsck/k9/mail/ssl/DefaultTrustedSocketFactory;--->setSniHost(Ljavax/net/ssl/SSLSocketFactory;Ljavax/net/ssl/SSLSocket;Ljava/lang/String;)V
05-24 22:02:14.035  1094  1120 D M_InsDal: Lcom/fsck/k9/mail/ssl/DefaultTrustedSocketFactory;--->setHostnameViaReflection(Ljavax/net/ssl/SSLSocket;Ljava/lang/String;)V
05-24 22:02:14.037  1094  1094 D M_InsDal: Lcom/fsck/k9/fragment/MessageViewHolder;---><init>(Lcom/fsck/k9/fragment/MessageListFragment;)V
05-24 22:02:14.037  1094  1094 D M_InsDal: Lcom/fsck/k9/FontSizes;--->getMessageListSubject()I
05-24 22:02:14.037  1094  1094 D M_InsDal: Lcom/fsck/k9/FontSizes;--->setViewTextSize(Landroid/widget/TextView;I)V
05-24 22:02:14.037  1094  1094 D M_InsDal: Lcom/fsck/k9/FontSizes;--->getMessageListDate()I
05-24 22:02:14.037  1094  1094 D M_InsDal: Lcom/fsck/k9/FontSizes;--->setViewTextSize(Landroid/widget/TextView;I)V
05-24 22:02:14.037  1094  1094 D M_InsDal: Lcom/fsck/k9/FontSizes;--->getMessageListPreview()I
05-24 22:02:14.037  1094  1094 D M_InsDal: Lcom/fsck/k9/FontSizes;--->setViewTextSize(Landroid/widget/TextView;I)V
05-24 22:02:14.037  1094  1094 D M_InsDal: Lcom/fsck/k9/FontSizes;--->getMessageListSubject()I
05-24 22:02:14.037  1094  1094 D M_InsDal: Lcom/fsck/k9/FontSizes;--->setViewTextSize(Landroid/widget/TextView;I)V
05-24 22:02:14.037  1094  1094 D M_InsDal: Lcom/fsck/k9/fragment/MessageListAdapter;--->bindView(Landroid/view/View;Landroid/content/Context;Landroid/database/Cursor;)V
05-24 22:02:14.037  1094  1094 D M_InsDal: Lcom/fsck/k9/fragment/MessageListFragment;--->getAccountFromCursor(Landroid/database/Cursor;)Lcom/fsck/k9/Account;
05-24 22:02:14.037  1094  1094 D M_InsDal: Lcom/fsck/k9/Preferences;--->getAccount(Ljava/lang/String;)Lcom/fsck/k9/Account;
05-24 22:02:14.037  1094  1094 D M_InsDal: Lcom/fsck/k9/provider/EmailProvider$SpecialColumnsCursor;--->getString(I)Ljava/lang/String;
05-24 22:02:14.037  1094  1094 D M_InsDal: Lcom/fsck/k9/provider/EmailProvider$SpecialColumnsCursor;--->getString(I)Ljava/lang/String;
05-24 22:02:14.037  1094  1094 D M_InsDal: Lcom/fsck/k9/mail/Address;---><clinit>()V
05-24 22:02:14.038  1094  1094 D M_InsDal: Lcom/fsck/k9/mail/Address;--->unpack(Ljava/lang/String;)[Lcom/fsck/k9/mail/Address;
05-24 22:02:14.038  1094  1094 D M_InsDal: Lcom/fsck/k9/mail/Address;---><init>(Ljava/lang/String;Ljava/lang/String;Z)V
05-24 22:02:14.038  1094  1094 D M_InsDal: Lcom/fsck/k9/mail/Address;--->unpack(Ljava/lang/String;)[Lcom/fsck/k9/mail/Address;
05-24 22:02:14.038  1094  1094 D M_InsDal: Lcom/fsck/k9/mail/Address;---><init>(Ljava/lang/String;Ljava/lang/String;Z)V
05-24 22:02:14.038  1094  1094 D M_InsDal: Lcom/fsck/k9/mail/Address;--->unpack(Ljava/lang/String;)[Lcom/fsck/k9/mail/Address;
05-24 22:02:14.038  1094  1094 D M_InsDal: Lcom/fsck/k9/helper/MessageHelper;--->toMe(Lcom/fsck/k9/Account;[Lcom/fsck/k9/mail/Address;)Z
05-24 22:02:14.038  1094  1094 D M_InsDal: Lcom/fsck/k9/Account;--->isAnIdentity(Lcom/fsck/k9/mail/Address;)Z
05-24 22:02:14.038  1094  1094 D M_InsDal: Lcom/fsck/k9/Account;--->findIdentity(Lcom/fsck/k9/mail/Address;)Lcom/fsck/k9/Identity;
05-24 22:02:14.038  1094  1094 D M_InsDal: Lcom/fsck/k9/Identity;--->getEmail()Ljava/lang/String;
05-24 22:02:14.038  1094  1094 D M_InsDal: Lcom/fsck/k9/mail/Address;--->getAddress()Ljava/lang/String;
05-24 22:02:14.038  1094  1094 D M_InsDal: Lcom/fsck/k9/helper/MessageHelper;--->toMe(Lcom/fsck/k9/Account;[Lcom/fsck/k9/mail/Address;)Z
05-24 22:02:14.038  1094  1094 D M_InsDal: Lcom/fsck/k9/Account;--->isAnIdentity(Lcom/fsck/k9/mail/Address;)Z
05-24 22:02:14.038  1094  1094 D M_InsDal: Lcom/fsck/k9/Account;--->findIdentity(Lcom/fsck/k9/mail/Address;)Lcom/fsck/k9/Identity;
05-24 22:02:14.038  1094  1094 D M_InsDal: Lcom/fsck/k9/Identity;--->getEmail()Ljava/lang/String;
05-24 22:02:14.038  1094  1094 D M_InsDal: Lcom/fsck/k9/mail/Address;--->getAddress()Ljava/lang/String;
05-24 22:02:14.038  1094  1094 D M_InsDal: Lcom/fsck/k9/helper/MessageHelper;--->toMe(Lcom/fsck/k9/Account;[Lcom/fsck/k9/mail/Address;)Z
05-24 22:02:14.038  1094  1094 D M_InsDal: Lcom/fsck/k9/helper/MessageHelper;--->getDisplayName(Lcom/fsck/k9/Account;[Lcom/fsck/k9/mail/Address;[Lcom/fsck/k9/mail/Address;)Ljava/lang/CharSequence;
05-24 22:02:14.038  1094  1094 D M_InsDal: Lcom/fsck/k9/K9;--->showContactName()Z
05-24 22:02:14.038  1094  1094 D M_InsDal: Lcom/fsck/k9/Account;--->isAnIdentity(Lcom/fsck/k9/mail/Address;)Z
05-24 22:02:14.038  1094  1094 D M_InsDal: Lcom/fsck/k9/Account;--->findIdentity(Lcom/fsck/k9/mail/Address;)Lcom/fsck/k9/Identity;
05-24 22:02:14.038  1094  1094 D M_InsDal: Lcom/fsck/k9/Identity;--->getEmail()Ljava/lang/String;
05-24 22:02:14.038  1094  1094 D M_InsDal: Lcom/fsck/k9/mail/Address;--->getAddress()Ljava/lang/String;
05-24 22:02:14.038  1094  1094 D M_InsDal: Lcom/fsck/k9/helper/MessageHelper;--->toFriendly([Lcom/fsck/k9/mail/Address;Lcom/fsck/k9/helper/Contacts;)Ljava/lang/CharSequence;
05-24 22:02:14.038  1094  1094 D M_InsDal: Lcom/fsck/k9/helper/MessageHelper;--->toFriendly(Lcom/fsck/k9/mail/Address;Lcom/fsck/k9/helper/Contacts;)Ljava/lang/CharSequence;
05-24 22:02:14.038  1094  1094 D M_InsDal: Lcom/fsck/k9/K9;--->showCorrespondentNames()Z
05-24 22:02:14.038  1094  1094 D M_InsDal: Lcom/fsck/k9/K9;--->changeContactNameColor()Z
05-24 22:02:14.038  1094  1094 D M_InsDal: Lcom/fsck/k9/K9;--->getContactNameColor()I
05-24 22:02:14.038  1094  1094 D M_InsDal: Lcom/fsck/k9/helper/MessageHelper;--->toFriendly(Lcom/fsck/k9/mail/Address;Lcom/fsck/k9/helper/Contacts;ZZI)Ljava/lang/CharSequence;
05-24 22:02:14.038  1094  1094 D M_InsDal: Lcom/fsck/k9/mail/Address;--->getPersonal()Ljava/lang/String;
05-24 22:02:14.038  1094  1094 D M_InsDal: Lcom/fsck/k9/mail/Address;--->getPersonal()Ljava/lang/String;
05-24 22:02:14.038  1094  1094 D M_InsDal: Lcom/fsck/k9/helper/MessageHelper;--->isSpoofAddress(Ljava/lang/String;)Z
05-24 22:02:14.038  1094  1094 D M_InsDal: Lcom/fsck/k9/mail/Address;--->getPersonal()Ljava/lang/String;
05-24 22:02:14.038  1094  1094 D M_InsDal: Lcom/fsck/k9/provider/EmailProvider$SpecialColumnsCursor;--->getLong(I)J
05-24 22:02:14.041  1094  1094 D M_InsDal: Lcom/fsck/k9/fragment/MessageListAdapter;--->fetchCounterPartyAddress(Z[Lcom/fsck/k9/mail/Address;[Lcom/fsck/k9/mail/Address;[Lcom/fsck/k9/mail/Address;)Lcom/fsck/k9/mail/Address;
05-24 22:02:14.041  1094  1094 D M_InsDal: Lcom/fsck/k9/cache/EmailProviderCacheCursor;--->getInt(I)I
05-24 22:02:14.041  1094  1094 D M_InsDal: Lcom/fsck/k9/provider/EmailProvider$SpecialColumnsCursor;--->getLong(I)J
05-24 22:02:14.041  1094  1094 D M_InsDal: Lcom/fsck/k9/provider/EmailProvider$SpecialColumnsCursor;--->getLong(I)J
05-24 22:02:14.041  1094  1094 D M_InsDal: Lcom/fsck/k9/provider/EmailProvider$SpecialColumnsCursor;--->getColumnName(I)Ljava/lang/String;
05-24 22:02:14.041  1094  1094 D M_InsDal: Lcom/fsck/k9/cache/EmailProviderCache;--->getValueForMessage(Ljava/lang/Long;Ljava/lang/String;)Ljava/lang/String;
05-24 22:02:14.041  1094  1094 D M_InsDal: Lcom/fsck/k9/cache/EmailProviderCache;--->getValueForThread(Ljava/lang/Long;Ljava/lang/String;)Ljava/lang/String;
05-24 22:02:14.041  1094  1094 D M_InsDal: Lcom/fsck/k9/provider/EmailProvider$SpecialColumnsCursor;--->getInt(I)I
05-24 22:02:14.041  1094  1094 D M_InsDal: Lcom/fsck/k9/provider/EmailProvider$SpecialColumnsCursor;--->getString(I)Ljava/lang/String;
05-24 22:02:14.041  1094  1094 D M_InsDal: Lcom/fsck/k9/fragment/MlfUtils;--->buildSubject(Ljava/lang/String;Ljava/lang/String;I)Ljava/lang/String;
05-24 22:02:14.041  1094  1094 D M_InsDal: Lcom/fsck/k9/cache/EmailProviderCacheCursor;--->getInt(I)I
05-24 22:02:14.041  1094  1094 D M_InsDal: Lcom/fsck/k9/provider/EmailProvider$SpecialColumnsCursor;--->getLong(I)J
05-24 22:02:14.041  1094  1094 D M_InsDal: Lcom/fsck/k9/provider/EmailProvider$SpecialColumnsCursor;--->getLong(I)J
05-24 22:02:14.041  1094  1094 D M_InsDal: Lcom/fsck/k9/provider/EmailProvider$SpecialColumnsCursor;--->getColumnName(I)Ljava/lang/String;
05-24 22:02:14.041  1094  1094 D M_InsDal: Lcom/fsck/k9/cache/EmailProviderCache;--->getValueForMessage(Ljava/lang/Long;Ljava/lang/String;)Ljava/lang/String;
05-24 22:02:14.041  1094  1094 D M_InsDal: Lcom/fsck/k9/cache/EmailProviderCache;--->getValueForThread(Ljava/lang/Long;Ljava/lang/String;)Ljava/lang/String;
05-24 22:02:14.041  1094  1094 D M_InsDal: Lcom/fsck/k9/provider/EmailProvider$SpecialColumnsCursor;--->getInt(I)I
05-24 22:02:14.041  1094  1094 D M_InsDal: Lcom/fsck/k9/cache/EmailProviderCacheCursor;--->getInt(I)I
05-24 22:02:14.041  1094  1094 D M_InsDal: Lcom/fsck/k9/provider/EmailProvider$SpecialColumnsCursor;--->getLong(I)J
05-24 22:02:14.041  1094  1094 D M_InsDal: Lcom/fsck/k9/provider/EmailProvider$SpecialColumnsCursor;--->getLong(I)J
05-24 22:02:14.042  1094  1094 D M_InsDal: Lcom/fsck/k9/provider/EmailProvider$SpecialColumnsCursor;--->getColumnName(I)Ljava/lang/String;
05-24 22:02:14.042  1094  1094 D M_InsDal: Lcom/fsck/k9/cache/EmailProviderCache;--->getValueForMessage(Ljava/lang/Long;Ljava/lang/String;)Ljava/lang/String;
05-24 22:02:14.042  1094  1094 D M_InsDal: Lcom/fsck/k9/cache/EmailProviderCache;--->getValueForThread(Ljava/lang/Long;Ljava/lang/String;)Ljava/lang/String;
05-24 22:02:14.042  1094  1094 D M_InsDal: Lcom/fsck/k9/provider/EmailProvider$SpecialColumnsCursor;--->getInt(I)I
05-24 22:02:14.042  1094  1094 D M_InsDal: Lcom/fsck/k9/cache/EmailProviderCacheCursor;--->getInt(I)I
05-24 22:02:14.042  1094  1094 D M_InsDal: Lcom/fsck/k9/provider/EmailProvider$SpecialColumnsCursor;--->getLong(I)J
05-24 22:02:14.042  1094  1094 D M_InsDal: Lcom/fsck/k9/provider/EmailProvider$SpecialColumnsCursor;--->getLong(I)J
05-24 22:02:14.042  1094  1094 D M_InsDal: Lcom/fsck/k9/provider/EmailProvider$SpecialColumnsCursor;--->getColumnName(I)Ljava/lang/String;
05-24 22:02:14.042  1094  1094 D M_InsDal: Lcom/fsck/k9/cache/EmailProviderCache;--->getValueForMessage(Ljava/lang/Long;Ljava/lang/String;)Ljava/lang/String;
05-24 22:02:14.042  1094  1094 D M_InsDal: Lcom/fsck/k9/cache/EmailProviderCache;--->getValueForThread(Ljava/lang/Long;Ljava/lang/String;)Ljava/lang/String;
05-24 22:02:14.042  1094  1094 D M_InsDal: Lcom/fsck/k9/provider/EmailProvider$SpecialColumnsCursor;--->getInt(I)I
05-24 22:02:14.042  1094  1094 D M_InsDal: Lcom/fsck/k9/cache/EmailProviderCacheCursor;--->getInt(I)I
05-24 22:02:14.042  1094  1094 D M_InsDal: Lcom/fsck/k9/provider/EmailProvider$SpecialColumnsCursor;--->getLong(I)J
05-24 22:02:14.042  1094  1094 D M_InsDal: Lcom/fsck/k9/provider/EmailProvider$SpecialColumnsCursor;--->getLong(I)J
05-24 22:02:14.042  1094  1094 D M_InsDal: Lcom/fsck/k9/provider/EmailProvider$SpecialColumnsCursor;--->getColumnName(I)Ljava/lang/String;
05-24 22:02:14.042  1094  1094 D M_InsDal: Lcom/fsck/k9/cache/EmailProviderCache;--->getValueForMessage(Ljava/lang/Long;Ljava/lang/String;)Ljava/lang/String;
05-24 22:02:14.042  1094  1094 D M_InsDal: Lcom/fsck/k9/cache/EmailProviderCache;--->getValueForThread(Ljava/lang/Long;Ljava/lang/String;)Ljava/lang/String;
05-24 22:02:14.042  1094  1094 D M_InsDal: Lcom/fsck/k9/provider/EmailProvider$SpecialColumnsCursor;--->getInt(I)I
05-24 22:02:14.042  1094  1094 D M_InsDal: Lcom/fsck/k9/cache/EmailProviderCacheCursor;--->getInt(I)I
05-24 22:02:14.042  1094  1094 D M_InsDal: Lcom/fsck/k9/provider/EmailProvider$SpecialColumnsCursor;--->getLong(I)J
05-24 22:02:14.042  1094  1094 D M_InsDal: Lcom/fsck/k9/provider/EmailProvider$SpecialColumnsCursor;--->getLong(I)J
05-24 22:02:14.042  1094  1094 D M_InsDal: Lcom/fsck/k9/provider/EmailProvider$SpecialColumnsCursor;--->getColumnName(I)Ljava/lang/String;
05-24 22:02:14.042  1094  1094 D M_InsDal: Lcom/fsck/k9/cache/EmailProviderCache;--->getValueForMessage(Ljava/lang/Long;Ljava/lang/String;)Ljava/lang/String;
05-24 22:02:14.042  1094  1094 D M_InsDal: Lcom/fsck/k9/cache/EmailProviderCache;--->getValueForThread(Ljava/lang/Long;Ljava/lang/String;)Ljava/lang/String;
05-24 22:02:14.042  1094  1094 D M_InsDal: Lcom/fsck/k9/provider/EmailProvider$SpecialColumnsCursor;--->getInt(I)I
05-24 22:02:14.042  1094  1094 D M_InsDal: Lcom/fsck/k9/provider/EmailProvider$SpecialColumnsCursor;--->getLong(I)J
05-24 22:02:14.042  1094  1094 D M_InsDal: Lcom/fsck/k9/Account;--->getChipColor()I
05-24 22:02:14.042  1094  1094 D M_InsDal: Lcom/fsck/k9/cache/EmailProviderCacheCursor;--->getPosition()I
05-24 22:02:14.042  1094  1094 D M_InsDal: Lcom/fsck/k9/fragment/MessageListAdapter;--->updateContactBadge(Lcom/fsck/k9/fragment/MessageViewHolder;Lcom/fsck/k9/mail/Address;)V
05-24 22:02:14.042  1094  1094 D M_InsDal: Lcom/fsck/k9/helper/Utility;--->setContactForBadge(Lcom/fsck/k9/ui/ContactBadge;Lcom/fsck/k9/mail/Address;)V
05-24 22:02:14.042  1094  1094 D M_InsDal: Lcom/fsck/k9/mail/Address;--->getPersonal()Ljava/lang/String;
05-24 22:02:14.042  1094  1094 D M_InsDal: Lcom/fsck/k9/mail/Address;--->getAddress()Ljava/lang/String;
05-24 22:02:14.042  1094  1094 D M_InsDal: Lcom/fsck/k9/ui/ContactBadge;--->assignContactFromEmail(Ljava/lang/String;ZLandroid/os/Bundle;)V
05-24 22:02:14.042  1094  1094 D M_InsDal: Lcom/fsck/k9/ui/ContactBadge;--->onContactUriChanged()V
05-24 22:02:14.042  1094  1094 D M_InsDal: Lcom/fsck/k9/ui/ContactBadge;--->isAssigned()Z
05-24 22:02:14.042  1094  1094 D M_InsDal: Lcom/fsck/k9/activity/misc/ContactPictureLoader;--->loadContactPicture(Lcom/fsck/k9/mail/Address;Landroid/widget/ImageView;)V
05-24 22:02:14.042  1094  1094 D M_InsDal: Lcom/fsck/k9/mail/Address;--->getAddress()Ljava/lang/String;
05-24 22:02:14.042  1094  1094 D M_InsDal: Lcom/fsck/k9/helper/Contacts;--->getPhotoUri(Ljava/lang/String;)Landroid/net/Uri;
05-24 22:02:14.042  1094  1094 D M_InsDal: Lcom/fsck/k9/helper/Contacts;--->getContactByAddress(Ljava/lang/String;)Landroid/database/Cursor;
05-24 22:02:14.062  1094  1120 D M_InsDal: Lcom/fsck/k9/mail/store/imap/ImapConnection;--->configureSocket()V
05-24 22:02:14.062  1094  1119 D M_InsDal: Lcom/fsck/k9/mail/store/imap/ImapConnection;--->configureSocket()V
05-24 22:02:14.062  1094  1120 D M_InsDal: Lcom/fsck/k9/mail/store/imap/ImapConnection;--->setUpStreamsAndParserFromSocket()V
05-24 22:02:14.062  1094  1119 D M_InsDal: Lcom/fsck/k9/mail/store/imap/ImapConnection;--->setUpStreamsAndParserFromSocket()V
05-24 22:02:14.090  1094  1120 D M_InsDal: Lcom/fsck/k9/mail/ssl/TrustManagerFactory$SecureX509TrustManager;--->checkServerTrusted([Ljava/security/cert/X509Certificate;Ljava/lang/String;)V
05-24 22:02:14.093  1094  1119 D M_InsDal: Lcom/fsck/k9/mail/ssl/TrustManagerFactory$SecureX509TrustManager;--->checkServerTrusted([Ljava/security/cert/X509Certificate;Ljava/lang/String;)V
05-24 22:02:14.117  1094  1120 D M_InsDal: Lcom/fsck/k9/mail/store/imap/ImapConnection;--->setUpStreamsAndParser(Ljava/io/InputStream;Ljava/io/OutputStream;)V
05-24 22:02:14.117  1094  1120 D M_InsDal: Lcom/fsck/k9/mail/filter/PeekableInputStream;---><init>(Ljava/io/InputStream;)V
05-24 22:02:14.117  1094  1120 D M_InsDal: Lcom/fsck/k9/mail/store/imap/ImapResponseParser;---><init>(Lcom/fsck/k9/mail/filter/PeekableInputStream;)V
05-24 22:02:14.117  1094  1120 D M_InsDal: Lcom/fsck/k9/mail/store/imap/ImapConnection;--->readInitialResponse()V
05-24 22:02:14.117  1094  1120 D M_InsDal: Lcom/fsck/k9/mail/store/imap/ImapResponseParser;--->readResponse()Lcom/fsck/k9/mail/store/imap/ImapResponse;
05-24 22:02:14.117  1094  1120 D M_InsDal: Lcom/fsck/k9/mail/store/imap/ImapResponseParser;--->readResponse(Lcom/fsck/k9/mail/store/imap/ImapResponseCallback;)Lcom/fsck/k9/mail/store/imap/ImapResponse;
05-24 22:02:14.117  1094  1120 D M_InsDal: Lcom/fsck/k9/mail/filter/PeekableInputStream;--->peek()I
05-24 22:02:14.117  1094  1119 D M_InsDal: Lcom/fsck/k9/mail/store/imap/ImapConnection;--->setUpStreamsAndParser(Ljava/io/InputStream;Ljava/io/OutputStream;)V
05-24 22:02:14.117  1094  1119 D M_InsDal: Lcom/fsck/k9/mail/filter/PeekableInputStream;---><init>(Ljava/io/InputStream;)V
05-24 22:02:14.117  1094  1119 D M_InsDal: Lcom/fsck/k9/mail/store/imap/ImapResponseParser;---><init>(Lcom/fsck/k9/mail/filter/PeekableInputStream;)V
05-24 22:02:14.117  1094  1119 D M_InsDal: Lcom/fsck/k9/mail/store/imap/ImapConnection;--->readInitialResponse()V
05-24 22:02:14.117  1094  1119 D M_InsDal: Lcom/fsck/k9/mail/store/imap/ImapResponseParser;--->readResponse()Lcom/fsck/k9/mail/store/imap/ImapResponse;
05-24 22:02:14.117  1094  1119 D M_InsDal: Lcom/fsck/k9/mail/store/imap/ImapResponseParser;--->readResponse(Lcom/fsck/k9/mail/store/imap/ImapResponseCallback;)Lcom/fsck/k9/mail/store/imap/ImapResponse;
05-24 22:02:14.117  1094  1119 D M_InsDal: Lcom/fsck/k9/mail/filter/PeekableInputStream;--->peek()I
05-24 22:02:14.126  1094  1120 D M_InsDal: Lcom/fsck/k9/mail/store/imap/ImapResponseParser;--->readUntaggedResponse(Lcom/fsck/k9/mail/store/imap/ImapResponseCallback;)V
05-24 22:02:14.126  1094  1120 D M_InsDal: Lcom/fsck/k9/mail/store/imap/ImapResponseParser;--->parseUntaggedResponse()V
05-24 22:02:14.126  1094  1120 D M_InsDal: Lcom/fsck/k9/mail/store/imap/ImapResponseParser;--->expect(C)V
05-24 22:02:14.126  1094  1120 D M_InsDal: Lcom/fsck/k9/mail/filter/PeekableInputStream;--->read()I
05-24 22:02:14.126  1094  1120 D M_InsDal: Lcom/fsck/k9/mail/store/imap/ImapResponseParser;--->expect(C)V
05-24 22:02:14.126  1094  1120 D M_InsDal: Lcom/fsck/k9/mail/filter/PeekableInputStream;--->read()I
05-24 22:02:14.127  1094  1120 D M_InsDal: Lcom/fsck/k9/mail/store/imap/ImapList;---><clinit>()V
05-24 22:02:14.127  1094  1120 D M_InsDal: Lcom/fsck/k9/mail/store/imap/ImapResponse;--->newUntaggedResponse(Lcom/fsck/k9/mail/store/imap/ImapResponseCallback;)Lcom/fsck/k9/mail/store/imap/ImapResponse;
05-24 22:02:14.127  1094  1120 D M_InsDal: Lcom/fsck/k9/mail/store/imap/ImapResponse;---><init>(Lcom/fsck/k9/mail/store/imap/ImapResponseCallback;ZLjava/lang/String;)V
05-24 22:02:14.127  1094  1120 D M_InsDal: Lcom/fsck/k9/mail/store/imap/ImapList;---><init>()V
05-24 22:02:14.127  1094  1120 D M_InsDal: Lcom/fsck/k9/mail/store/imap/ImapResponseParser;--->readTokens(Lcom/fsck/k9/mail/store/imap/ImapResponse;)V
05-24 22:02:14.127  1094  1120 D M_InsDal: Lcom/fsck/k9/mail/store/imap/ImapResponseParser;--->readToken(Lcom/fsck/k9/mail/store/imap/ImapResponse;)Ljava/lang/Object;
05-24 22:02:14.127  1094  1120 D M_InsDal: Lcom/fsck/k9/mail/store/imap/ImapResponseParser;--->parseToken(Lcom/fsck/k9/mail/store/imap/ImapList;)Ljava/lang/Object;
05-24 22:02:14.127  1094  1120 D M_InsDal: Lcom/fsck/k9/mail/filter/PeekableInputStream;--->peek()I
05-24 22:02:14.127  1094  1120 D M_InsDal: Lcom/fsck/k9/mail/store/imap/ImapResponseParser;--->parseBareString(Z)Ljava/lang/String;
05-24 22:02:14.127  1094  1120 D M_InsDal: Lcom/fsck/k9/mail/filter/PeekableInputStream;--->peek()I
05-24 22:02:14.127  1094  1120 D M_InsDal: Lcom/fsck/k9/mail/filter/PeekableInputStream;--->read()I
05-24 22:02:14.127  1094  1120 D M_InsDal: Lcom/fsck/k9/mail/filter/PeekableInputStream;--->peek()I
05-24 22:02:14.127  1094  1120 D M_InsDal: Lcom/fsck/k9/mail/filter/PeekableInputStream;--->read()I
05-24 22:02:14.127  1094  1120 D M_InsDal: Lcom/fsck/k9/mail/filter/PeekableInputStream;--->peek()I
05-24 22:02:14.127  1094  1120 D M_InsDal: Lcom/fsck/k9/mail/store/imap/ImapResponseParser;--->checkTokenIsString(Ljava/lang/Object;)V
05-24 22:02:14.127  1094  1120 D M_InsDal: Lcom/fsck/k9/mail/store/imap/ImapResponseParser;--->isStatusResponse(Ljava/lang/String;)Z
05-24 22:02:14.127  1094  1120 D M_InsDal: Lcom/fsck/k9/mail/store/imap/ImapResponseParser;--->parseResponseText(Lcom/fsck/k9/mail/store/imap/ImapResponse;)V
05-24 22:02:14.127  1094  1120 D M_InsDal: Lcom/fsck/k9/mail/store/imap/ImapResponseParser;--->skipIfSpace()V
05-24 22:02:14.127  1094  1120 D M_InsDal: Lcom/fsck/k9/mail/filter/PeekableInputStream;--->peek()I
05-24 22:02:14.127  1094  1120 D M_InsDal: Lcom/fsck/k9/mail/store/imap/ImapResponseParser;--->expect(C)V
05-24 22:02:14.127  1094  1120 D M_InsDal: Lcom/fsck/k9/mail/filter/PeekableInputStream;--->read()I
05-24 22:02:14.127  1094  1120 D M_InsDal: Lcom/fsck/k9/mail/filter/PeekableInputStream;--->peek()I
05-24 22:02:14.127  1094  1120 D M_InsDal: Lcom/fsck/k9/mail/store/imap/ImapResponseParser;--->parseList(Lcom/fsck/k9/mail/store/imap/ImapList;CC)Lcom/fsck/k9/mail/store/imap/ImapList;
05-24 22:02:14.127  1094  1120 D M_InsDal: Lcom/fsck/k9/mail/store/imap/ImapResponseParser;--->expect(C)V
05-24 22:02:14.127  1094  1120 D M_InsDal: Lcom/fsck/k9/mail/filter/PeekableInputStream;--->read()I
05-24 22:02:14.127  1094  1120 D M_InsDal: Lcom/fsck/k9/mail/store/imap/ImapList;---><init>()V
05-24 22:02:14.127  1094  1120 D M_InsDal: Lcom/fsck/k9/mail/store/imap/ImapResponseParser;--->parseToken(Lcom/fsck/k9/mail/store/imap/ImapList;)Ljava/lang/Object;
05-24 22:02:14.127  1094  1120 D M_InsDal: Lcom/fsck/k9/mail/filter/PeekableInputStream;--->peek()I
05-24 22:02:14.127  1094  1120 D M_InsDal: Lcom/fsck/k9/mail/store/imap/ImapResponseParser;--->parseBareString(Z)Ljava/lang/String;
05-24 22:02:14.127  1094  1120 D M_InsDal: Lcom/fsck/k9/mail/filter/PeekableInputStream;--->peek()I
05-24 22:02:14.127  1094  1120 D M_InsDal: Lcom/fsck/k9/mail/filter/PeekableInputStream;--->read()I
05-24 22:02:14.127  1094  1120 D M_InsDal: Lcom/fsck/k9/mail/filter/PeekableInputStream;--->peek()I
05-24 22:02:14.127  1094  1120 D M_InsDal: Lcom/fsck/k9/mail/filter/PeekableInputStream;--->read()I
05-24 22:02:14.127  1094  1120 D M_InsDal: Lcom/fsck/k9/mail/filter/PeekableInputStream;--->peek()I
05-24 22:02:14.127  1094  1120 D M_InsDal: Lcom/fsck/k9/mail/filter/PeekableInputStream;--->read()I
05-24 22:02:14.127  1094  1120 D M_InsDal: Lcom/fsck/k9/mail/filter/PeekableInputStream;--->peek()I
05-24 22:02:14.127  1094  1120 D M_InsDal: Lcom/fsck/k9/mail/filter/PeekableInputStream;--->read()I
05-24 22:02:14.127  1094  1120 D M_InsDal: Lcom/fsck/k9/mail/filter/PeekableInputStream;--->peek()I
05-24 22:02:14.127  1094  1120 D M_InsDal: Lcom/fsck/k9/mail/filter/PeekableInputStream;--->read()I
05-24 22:02:14.127  1094  1120 D M_InsDal: Lcom/fsck/k9/mail/filter/PeekableInputStream;--->peek()I
05-24 22:02:14.127  1094  1120 D M_InsDal: Lcom/fsck/k9/mail/filter/PeekableInputStream;--->read()I
05-24 22:02:14.127  1094  1120 D M_InsDal: Lcom/fsck/k9/mail/filter/PeekableInputStream;--->peek()I
05-24 22:02:14.127  1094  1120 D M_InsDal: Lcom/fsck/k9/mail/filter/PeekableInputStream;--->read()I
05-24 22:02:14.127  1094  1120 D M_InsDal: Lcom/fsck/k9/mail/filter/PeekableInputStream;--->peek()I
05-24 22:02:14.127  1094  1120 D M_InsDal: Lcom/fsck/k9/mail/filter/PeekableInputStream;--->read()I
05-24 22:02:14.127  1094  1120 D M_InsDal: Lcom/fsck/k9/mail/filter/PeekableInputStream;--->peek()I
05-24 22:02:14.127  1094  1120 D M_InsDal: Lcom/fsck/k9/mail/filter/PeekableInputStream;--->read()I
05-24 22:02:14.127  1094  1120 D M_InsDal: Lcom/fsck/k9/mail/filter/PeekableInputStream;--->peek()I
05-24 22:02:14.127  1094  1120 D M_InsDal: Lcom/fsck/k9/mail/filter/PeekableInputStream;--->read()I
05-24 22:02:14.127  1094  1120 D M_InsDal: Lcom/fsck/k9/mail/filter/PeekableInputStream;--->peek()I
05-24 22:02:14.127  1094  1120 D M_InsDal: Lcom/fsck/k9/mail/store/imap/ImapResponseParser;--->parseToken(Lcom/fsck/k9/mail/store/imap/ImapList;)Ljava/lang/Object;
05-24 22:02:14.127  1094  1120 D M_InsDal: Lcom/fsck/k9/mail/filter/PeekableInputStream;--->peek()I
05-24 22:02:14.127  1094  1120 D M_InsDal: Lcom/fsck/k9/mail/store/imap/ImapResponseParser;--->expect(C)V
05-24 22:02:14.127  1094  1120 D M_InsDal: Lcom/fsck/k9/mail/filter/PeekableInputStream;--->read()I
05-24 22:02:14.127  1094  1120 D M_InsDal: Lcom/fsck/k9/mail/filter/PeekableInputStream;--->peek()I
05-24 22:02:14.127  1094  1120 D M_InsDal: Lcom/fsck/k9/mail/store/imap/ImapResponseParser;--->parseBareString(Z)Ljava/lang/String;
05-24 22:02:14.127  1094  1120 D M_InsDal: Lcom/fsck/k9/mail/filter/PeekableInputStream;--->peek()I
05-24 22:02:14.127  1094  1120 D M_InsDal: Lcom/fsck/k9/mail/filter/PeekableInputStream;--->read()I
05-24 22:02:14.127  1094  1120 D M_InsDal: Lcom/fsck/k9/mail/filter/PeekableInputStream;--->peek()I
05-24 22:02:14.127  1094  1120 D M_InsDal: Lcom/fsck/k9/mail/filter/PeekableInputStream;--->read()I
05-24 22:02:14.127  1094  1120 D M_InsDal: Lcom/fsck/k9/mail/filter/PeekableInputStream;--->peek()I
05-24 22:02:14.127  1094  1120 D M_InsDal: Lcom/fsck/k9/mail/filter/PeekableInputStream;--->read()I
05-24 22:02:14.127  1094  1120 D M_InsDal: Lcom/fsck/k9/mail/filter/PeekableInputStream;--->peek()I
05-24 22:02:14.127  1094  1120 D M_InsDal: Lcom/fsck/k9/mail/filter/PeekableInputStream;--->read()I
05-24 22:02:14.127  1094  1120 D M_InsDal: Lcom/fsck/k9/mail/filter/PeekableInputStream;--->peek()I
05-24 22:02:14.127  1094  1120 D M_InsDal: Lcom/fsck/k9/mail/filter/PeekableInputStream;--->read()I
05-24 22:02:14.127  1094  1120 D M_InsDal: Lcom/fsck/k9/mail/filter/PeekableInputStream;--->peek()I
05-24 22:02:14.127  1094  1120 D M_InsDal: Lcom/fsck/k9/mail/store/imap/ImapResponseParser;--->parseToken(Lcom/fsck/k9/mail/store/imap/ImapList;)Ljava/lang/Object;
05-24 22:02:14.127  1094  1120 D M_InsDal: Lcom/fsck/k9/mail/filter/PeekableInputStream;--->peek()I
05-24 22:02:14.127  1094  1120 D M_InsDal: Lcom/fsck/k9/mail/store/imap/ImapResponseParser;--->expect(C)V
05-24 22:02:14.127  1094  1120 D M_InsDal: Lcom/fsck/k9/mail/filter/PeekableInputStream;--->read()I
05-24 22:02:14.127  1094  1120 D M_InsDal: Lcom/fsck/k9/mail/filter/PeekableInputStream;--->peek()I
05-24 22:02:14.127  1094  1120 D M_InsDal: Lcom/fsck/k9/mail/store/imap/ImapResponseParser;--->parseBareString(Z)Ljava/lang/String;
05-24 22:02:14.127  1094  1120 D M_InsDal: Lcom/fsck/k9/mail/filter/PeekableInputStream;--->peek()I
05-24 22:02:14.127  1094  1120 D M_InsDal: Lcom/fsck/k9/mail/filter/PeekableInputStream;--->read()I
05-24 22:02:14.127  1094  1120 D M_InsDal: Lcom/fsck/k9/mail/filter/PeekableInputStream;--->peek()I
05-24 22:02:14.127  1094  1120 D M_InsDal: Lcom/fsck/k9/mail/filter/PeekableInputStream;--->read()I
05-24 22:02:14.127  1094  1120 D M_InsDal: Lcom/fsck/k9/mail/filter/PeekableInputStream;--->peek()I
05-24 22:02:14.127  1094  1120 D M_InsDal: Lcom/fsck/k9/mail/filter/PeekableInputStream;--->read()I
05-24 22:02:14.127  1094  1120 D M_InsDal: Lcom/fsck/k9/mail/filter/PeekableInputStream;--->peek()I
05-24 22:02:14.127  1094  1120 D M_InsDal: Lcom/fsck/k9/mail/filter/PeekableInputStream;--->read()I
05-24 22:02:14.127  1094  1120 D M_InsDal: Lcom/fsck/k9/mail/filter/PeekableInputStream;--->peek()I
05-24 22:02:14.127  1094  1120 D M_InsDal: Lcom/fsck/k9/mail/filter/PeekableInputStream;--->read()I
05-24 22:02:14.127  1094  1120 D M_InsDal: Lcom/fsck/k9/mail/filter/PeekableInputStream;--->peek()I
05-24 22:02:14.127  1094  1120 D M_InsDal: Lcom/fsck/k9/mail/filter/PeekableInputStream;--->read()I
05-24 22:02:14.127  1094  1120 D M_InsDal: Lcom/fsck/k9/mail/filter/PeekableInputStream;--->peek()I
05-24 22:02:14.127  1094  1120 D M_InsDal: Lcom/fsck/k9/mail/filter/PeekableInputStream;--->read()I
05-24 22:02:14.127  1094  1120 D M_InsDal: Lcom/fsck/k9/mail/filter/PeekableInputStream;--->peek()I
05-24 22:02:14.127  1094  1120 D M_InsDal: Lcom/fsck/k9/mail/filter/PeekableInputStream;--->read()I
05-24 22:02:14.127  1094  1120 D M_InsDal: Lcom/fsck/k9/mail/filter/PeekableInputStream;--->peek()I
05-24 22:02:14.127  1094  1120 D M_InsDal: Lcom/fsck/k9/mail/filter/PeekableInputStream;--->read()I
05-24 22:02:14.127  1094  1120 D M_InsDal: Lcom/fsck/k9/mail/filter/PeekableInputStream;--->peek()I
05-24 22:02:14.127  1094  1120 D M_InsDal: Lcom/fsck/k9/mail/store/imap/ImapResponseParser;--->parseToken(Lcom/fsck/k9/mail/store/imap/ImapList;)Ljava/lang/Object;
05-24 22:02:14.127  1094  1120 D M_InsDal: Lcom/fsck/k9/mail/filter/PeekableInputStream;--->peek()I
05-24 22:02:14.127  1094  1120 D M_InsDal: Lcom/fsck/k9/mail/store/imap/ImapResponseParser;--->expect(C)V
05-24 22:02:14.127  1094  1120 D M_InsDal: Lcom/fsck/k9/mail/filter/PeekableInputStream;--->read()I
05-24 22:02:14.127  1094  1120 D M_InsDal: Lcom/fsck/k9/mail/filter/PeekableInputStream;--->peek()I
05-24 22:02:14.127  1094  1120 D M_InsDal: Lcom/fsck/k9/mail/store/imap/ImapResponseParser;--->parseBareString(Z)Ljava/lang/String;
05-24 22:02:14.127  1094  1120 D M_InsDal: Lcom/fsck/k9/mail/filter/PeekableInputStream;--->peek()I
05-24 22:02:14.127  1094  1120 D M_InsDal: Lcom/fsck/k9/mail/filter/PeekableInputStream;--->read()I
05-24 22:02:14.127  1094  1120 D M_InsDal: Lcom/fsck/k9/mail/filter/PeekableInputStream;--->peek()I
05-24 22:02:14.127  1094  1120 D M_InsDal: Lcom/fsck/k9/mail/filter/PeekableInputStream;--->read()I
05-24 22:02:14.127  1094  1120 D M_InsDal: Lcom/fsck/k9/mail/filter/PeekableInputStream;--->peek()I
05-24 22:02:14.127  1094  1120 D M_InsDal: Lcom/fsck/k9/mail/store/imap/ImapResponseParser;--->parseToken(Lcom/fsck/k9/mail/store/imap/ImapList;)Ljava/lang/Object;
05-24 22:02:14.127  1094  1120 D M_InsDal: Lcom/fsck/k9/mail/filter/PeekableInputStream;--->peek()I
05-24 22:02:14.127  1094  1120 D M_InsDal: Lcom/fsck/k9/mail/store/imap/ImapResponseParser;--->expect(C)V
05-24 22:02:14.127  1094  1120 D M_InsDal: Lcom/fsck/k9/mail/filter/PeekableInputStream;--->read()I
05-24 22:02:14.127  1094  1120 D M_InsDal: Lcom/fsck/k9/mail/filter/PeekableInputStream;--->peek()I
05-24 22:02:14.127  1094  1120 D M_InsDal: Lcom/fsck/k9/mail/store/imap/ImapResponseParser;--->parseBareString(Z)Ljava/lang/String;
05-24 22:02:14.127  1094  1120 D M_InsDal: Lcom/fsck/k9/mail/filter/PeekableInputStream;--->peek()I
05-24 22:02:14.127  1094  1120 D M_InsDal: Lcom/fsck/k9/mail/filter/PeekableInputStream;--->read()I
05-24 22:02:14.127  1094  1120 D M_InsDal: Lcom/fsck/k9/mail/filter/PeekableInputStream;--->peek()I
05-24 22:02:14.127  1094  1120 D M_InsDal: Lcom/fsck/k9/mail/filter/PeekableInputStream;--->read()I
05-24 22:02:14.127  1094  1120 D M_InsDal: Lcom/fsck/k9/mail/filter/PeekableInputStream;--->peek()I
05-24 22:02:14.127  1094  1120 D M_InsDal: Lcom/fsck/k9/mail/filter/PeekableInputStream;--->read()I
05-24 22:02:14.127  1094  1120 D M_InsDal: Lcom/fsck/k9/mail/filter/PeekableInputStream;--->peek()I
05-24 22:02:14.127  1094  1120 D M_InsDal: Lcom/fsck/k9/mail/filter/PeekableInputStream;--->read()I
05-24 22:02:14.127  1094  1120 D M_InsDal: Lcom/fsck/k9/mail/filter/PeekableInputStream;--->peek()I
05-24 22:02:14.127  1094  1120 D M_InsDal: Lcom/fsck/k9/mail/filter/PeekableInputStream;--->read()I
05-24 22:02:14.127  1094  1120 D M_InsDal: Lcom/fsck/k9/mail/filter/PeekableInputStream;--->peek()I
05-24 22:02:14.127  1094  1120 D M_InsDal: Lcom/fsck/k9/mail/filter/PeekableInputStream;--->read()I
05-24 22:02:14.127  1094  1120 D M_InsDal: Lcom/fsck/k9/mail/filter/PeekableInputStream;--->peek()I
05-24 22:02:14.127  1094  1120 D M_InsDal: Lcom/fsck/k9/mail/filter/PeekableInputStream;--->read()I
05-24 22:02:14.127  1094  1120 D M_InsDal: Lcom/fsck/k9/mail/filter/PeekableInputStream;--->peek()I
05-24 22:02:14.127  1094  1120 D M_InsDal: Lcom/fsck/k9/mail/filter/PeekableInputStream;--->read()I
05-24 22:02:14.127  1094  1120 D M_InsDal: Lcom/fsck/k9/mail/filter/PeekableInputStream;--->peek()I
05-24 22:02:14.127  1094  1120 D M_InsDal: Lcom/fsck/k9/mail/filter/PeekableInputStream;--->read()I
05-24 22:02:14.127  1094  1120 D M_InsDal: Lcom/fsck/k9/mail/filter/PeekableInputStream;--->peek()I
05-24 22:02:14.127  1094  1120 D M_InsDal: Lcom/fsck/k9/mail/filter/PeekableInputStream;--->read()I
05-24 22:02:14.127  1094  1120 D M_InsDal: Lcom/fsck/k9/mail/filter/PeekableInputStream;--->peek()I
05-24 22:02:14.127  1094  1120 D M_InsDal: Lcom/fsck/k9/mail/store/imap/ImapResponseParser;--->parseToken(Lcom/fsck/k9/mail/store/imap/ImapList;)Ljava/lang/Object;
05-24 22:02:14.127  1094  1120 D M_InsDal: Lcom/fsck/k9/mail/filter/PeekableInputStream;--->peek()I
05-24 22:02:14.127  1094  1120 D M_InsDal: Lcom/fsck/k9/mail/store/imap/ImapResponseParser;--->expect(C)V
05-24 22:02:14.127  1094  1120 D M_InsDal: Lcom/fsck/k9/mail/filter/PeekableInputStream;--->read()I
05-24 22:02:14.127  1094  1120 D M_InsDal: Lcom/fsck/k9/mail/filter/PeekableInputStream;--->peek()I
05-24 22:02:14.127  1094  1120 D M_InsDal: Lcom/fsck/k9/mail/store/imap/ImapResponseParser;--->parseBareString(Z)Ljava/lang/String;
05-24 22:02:14.127  1094  1120 D M_InsDal: Lcom/fsck/k9/mail/filter/PeekableInputStream;--->peek()I
05-24 22:02:14.127  1094  1120 D M_InsDal: Lcom/fsck/k9/mail/filter/PeekableInputStream;--->read()I
05-24 22:02:14.127  1094  1120 D M_InsDal: Lcom/fsck/k9/mail/filter/PeekableInputStream;--->peek()I
05-24 22:02:14.127  1094  1120 D M_InsDal: Lcom/fsck/k9/mail/filter/PeekableInputStream;--->read()I
05-24 22:02:14.127  1094  1120 D M_InsDal: Lcom/fsck/k9/mail/filter/PeekableInputStream;--->peek()I
05-24 22:02:14.127  1094  1120 D M_InsDal: Lcom/fsck/k9/mail/filter/PeekableInputStream;--->read()I
05-24 22:02:14.127  1094  1120 D M_InsDal: Lcom/fsck/k9/mail/filter/PeekableInputStream;--->peek()I
05-24 22:02:14.127  1094  1120 D M_InsDal: Lcom/fsck/k9/mail/filter/PeekableInputStream;--->read()I
05-24 22:02:14.127  1094  1120 D M_InsDal: Lcom/fsck/k9/mail/filter/PeekableInputStream;--->peek()I
05-24 22:02:14.127  1094  1120 D M_InsDal: Lcom/fsck/k9/mail/filter/PeekableInputStream;--->read()I
05-24 22:02:14.127  1094  1120 D M_InsDal: Lcom/fsck/k9/mail/filter/PeekableInputStream;--->peek()I
05-24 22:02:14.127  1094  1120 D M_InsDal: Lcom/fsck/k9/mail/filter/PeekableInputStream;--->read()I
05-24 22:02:14.127  1094  1120 D M_InsDal: Lcom/fsck/k9/mail/filter/PeekableInputStream;--->peek()I
05-24 22:02:14.127  1094  1120 D M_InsDal: Lcom/fsck/k9/mail/filter/PeekableInputStream;--->read()I
05-24 22:02:14.127  1094  1120 D M_InsDal: Lcom/fsck/k9/mail/filter/PeekableInputStream;--->peek()I
05-24 22:02:14.127  1094  1120 D M_InsDal: Lcom/fsck/k9/mail/filter/PeekableInputStream;--->read()I
05-24 22:02:14.127  1094  1120 D M_InsDal: Lcom/fsck/k9/mail/filter/PeekableInputStream;--->peek()I
05-24 22:02:14.127  1094  1120 D M_InsDal: Lcom/fsck/k9/mail/filter/PeekableInputStream;--->read()I
05-24 22:02:14.127  1094  1120 D M_InsDal: Lcom/fsck/k9/mail/filter/PeekableInputStream;--->peek()I
05-24 22:02:14.127  1094  1120 D M_InsDal: Lcom/fsck/k9/mail/filter/PeekableInputStream;--->read()I
05-24 22:02:14.127  1094  1120 D M_InsDal: Lcom/fsck/k9/mail/filter/PeekableInputStream;--->peek()I
05-24 22:02:14.127  1094  1120 D M_InsDal: Lcom/fsck/k9/mail/store/imap/ImapResponseParser;--->parseToken(Lcom/fsck/k9/mail/store/imap/ImapList;)Ljava/lang/Object;
05-24 22:02:14.127  1094  1120 D M_InsDal: Lcom/fsck/k9/mail/filter/PeekableInputStream;--->peek()I
05-24 22:02:14.127  1094  1120 D M_InsDal: Lcom/fsck/k9/mail/store/imap/ImapResponseParser;--->expect(C)V
05-24 22:02:14.127  1094  1120 D M_InsDal: Lcom/fsck/k9/mail/filter/PeekableInputStream;--->read()I
05-24 22:02:14.127  1094  1120 D M_InsDal: Lcom/fsck/k9/mail/filter/PeekableInputStream;--->peek()I
05-24 22:02:14.127  1094  1120 D M_InsDal: Lcom/fsck/k9/mail/store/imap/ImapResponseParser;--->parseBareString(Z)Ljava/lang/String;
05-24 22:02:14.127  1094  1120 D M_InsDal: Lcom/fsck/k9/mail/filter/PeekableInputStream;--->peek()I
05-24 22:02:14.127  1094  1120 D M_InsDal: Lcom/fsck/k9/mail/filter/PeekableInputStream;--->read()I
05-24 22:02:14.127  1094  1120 D M_InsDal: Lcom/fsck/k9/mail/filter/PeekableInputStream;--->peek()I
05-24 22:02:14.127  1094  1120 D M_InsDal: Lcom/fsck/k9/mail/filter/PeekableInputStream;--->read()I
05-24 22:02:14.127  1094  1120 D M_InsDal: Lcom/fsck/k9/mail/filter/PeekableInputStream;--->peek()I
05-24 22:02:14.127  1094  1120 D M_InsDal: Lcom/fsck/k9/mail/filter/PeekableInputStream;--->read()I
05-24 22:02:14.127  1094  1120 D M_InsDal: Lcom/fsck/k9/mail/filter/PeekableInputStream;--->peek()I
05-24 22:02:14.127  1094  1120 D M_InsDal: Lcom/fsck/k9/mail/filter/PeekableInputStream;--->read()I
