05-24 22:02:13.989  1094  1115 D M_InsDal: Lcom/fsck/k9/mail/store/imap/ImapFolder$1;---><init>()V
05-24 22:02:13.989  1094  1115 D M_InsDal: Lcom/fsck/k9/mail/store/imap/ImapFolderPusher;---><init>(Lcom/fsck/k9/mail/store/imap/ImapStore;Ljava/lang/String;Lcom/fsck/k9/mail/PushReceiver;)V
05-24 22:02:13.989  1094  1115 D M_InsDal: Lcom/fsck/k9/mail/store/imap/ImapFolder;---><init>(Lcom/fsck/k9/mail/store/imap/ImapStore;Ljava/lang/String;)V
05-24 22:02:13.989  1094  1115 D M_InsDal: Lcom/fsck/k9/mail/store/imap/ImapStore;--->getFolderNameCodec()Lcom/fsck/k9/mail/store/imap/FolderNameCodec;
05-24 22:02:13.989  1094  1115 D M_InsDal: Lcom/fsck/k9/mail/store/imap/ImapFolder;---><init>(Lcom/fsck/k9/mail/store/imap/ImapStore;Ljava/lang/String;Lcom/fsck/k9/mail/store/imap/FolderNameCodec;)V
05-24 22:02:13.989  1094  1115 D M_InsDal: Lcom/fsck/k9/mail/Folder;---><init>()V
05-24 22:02:13.989  1094  1115 D M_InsDal: Lcom/fsck/k9/mail/store/imap/ImapFolderPusher$IdleStopper;---><init>()V
05-24 22:02:13.989  1094  1115 D M_InsDal: Lcom/fsck/k9/controller/MessagingControllerPushReceiver;--->getContext()Landroid/content/Context;
05-24 22:02:13.989  1094  1115 D M_InsDal: Lcom/fsck/k9/mail/power/TracingPowerManager;--->getPowerManager(Landroid/content/Context;)Lcom/fsck/k9/mail/power/TracingPowerManager;
05-24 22:02:13.989  1094  1115 D M_InsDal: Lcom/fsck/k9/mail/store/imap/ImapStore;--->getStoreConfig()Lcom/fsck/k9/mail/store/StoreConfig;
05-24 22:02:13.989  1094  1115 D M_InsDal: Lcom/fsck/k9/Account;--->toString()Ljava/lang/String;
05-24 22:02:13.989  1094  1115 D M_InsDal: Lcom/fsck/k9/mail/store/imap/ImapFolder;--->getName()Ljava/lang/String;
05-24 22:02:13.989  1094  1115 D M_InsDal: Lcom/fsck/k9/mail/power/TracingPowerManager;--->newWakeLock(ILjava/lang/String;)Lcom/fsck/k9/mail/power/TracingPowerManager$TracingWakeLock;
05-24 22:02:13.989  1094  1115 D M_InsDal: Lcom/fsck/k9/mail/power/TracingPowerManager$TracingWakeLock;---><init>(Lcom/fsck/k9/mail/power/TracingPowerManager;ILjava/lang/String;)V
05-24 22:02:13.989  1094  1115 D M_InsDal: Lcom/fsck/k9/mail/K9MailLib;--->isDebug()Z
05-24 22:02:13.989  1094  1115 D M_InsDal: Lcom/fsck/k9/K9$2;--->enabled()Z
05-24 22:02:13.989  1094  1115 D M_InsDal: Lcom/fsck/k9/mail/power/TracingPowerManager$TracingWakeLock;--->setReferenceCounted(Z)V
05-24 22:02:13.989  1094  1115 D M_InsDal: Lcom/fsck/k9/mail/store/imap/ImapFolderPusher;--->start()V
05-24 22:02:13.989  1094  1115 D M_InsDal: Lcom/fsck/k9/mail/store/imap/ImapFolderPusher$PushRunnable;---><init>(Lcom/fsck/k9/mail/store/imap/ImapFolderPusher;)V
05-24 22:02:13.989  1094  1115 D M_InsDal: Lcom/fsck/k9/mail/store/imap/ImapPusher;--->createImapFolderPusher(Ljava/lang/String;)Lcom/fsck/k9/mail/store/imap/ImapFolderPusher;
05-24 22:02:13.989  1094  1115 D M_InsDal: Lcom/fsck/k9/mail/store/imap/ImapFolderPusher;---><init>(Lcom/fsck/k9/mail/store/imap/ImapStore;Ljava/lang/String;Lcom/fsck/k9/mail/PushReceiver;)V
05-24 22:02:13.989  1094  1115 D M_InsDal: Lcom/fsck/k9/mail/store/imap/ImapFolder;---><init>(Lcom/fsck/k9/mail/store/imap/ImapStore;Ljava/lang/String;)V
05-24 22:02:13.989  1094  1115 D M_InsDal: Lcom/fsck/k9/mail/store/imap/ImapStore;--->getFolderNameCodec()Lcom/fsck/k9/mail/store/imap/FolderNameCodec;
05-24 22:02:13.989  1094  1115 D M_InsDal: Lcom/fsck/k9/mail/store/imap/ImapFolder;---><init>(Lcom/fsck/k9/mail/store/imap/ImapStore;Ljava/lang/String;Lcom/fsck/k9/mail/store/imap/FolderNameCodec;)V
05-24 22:02:13.989  1094  1115 D M_InsDal: Lcom/fsck/k9/mail/Folder;---><init>()V
05-24 22:02:13.989  1094  1115 D M_InsDal: Lcom/fsck/k9/mail/store/imap/ImapFolderPusher$IdleStopper;---><init>()V
05-24 22:02:13.989  1094  1115 D M_InsDal: Lcom/fsck/k9/controller/MessagingControllerPushReceiver;--->getContext()Landroid/content/Context;
05-24 22:02:13.989  1094  1115 D M_InsDal: Lcom/fsck/k9/mail/power/TracingPowerManager;--->getPowerManager(Landroid/content/Context;)Lcom/fsck/k9/mail/power/TracingPowerManager;
05-24 22:02:13.989  1094  1115 D M_InsDal: Lcom/fsck/k9/mail/store/imap/ImapStore;--->getStoreConfig()Lcom/fsck/k9/mail/store/StoreConfig;
05-24 22:02:13.989  1094  1115 D M_InsDal: Lcom/fsck/k9/Account;--->toString()Ljava/lang/String;
05-24 22:02:13.989  1094  1115 D M_InsDal: Lcom/fsck/k9/mail/store/imap/ImapFolder;--->getName()Ljava/lang/String;
05-24 22:02:13.989  1094  1115 D M_InsDal: Lcom/fsck/k9/mail/power/TracingPowerManager;--->newWakeLock(ILjava/lang/String;)Lcom/fsck/k9/mail/power/TracingPowerManager$TracingWakeLock;
05-24 22:02:13.989  1094  1115 D M_InsDal: Lcom/fsck/k9/mail/power/TracingPowerManager$TracingWakeLock;---><init>(Lcom/fsck/k9/mail/power/TracingPowerManager;ILjava/lang/String;)V
05-24 22:02:13.989  1094  1115 D M_InsDal: Lcom/fsck/k9/mail/K9MailLib;--->isDebug()Z
05-24 22:02:13.989  1094  1115 D M_InsDal: Lcom/fsck/k9/K9$2;--->enabled()Z
05-24 22:02:13.989  1094  1115 D M_InsDal: Lcom/fsck/k9/mail/power/TracingPowerManager$TracingWakeLock;--->setReferenceCounted(Z)V
05-24 22:02:13.989  1094  1119 D M_InsDal: Lcom/fsck/k9/mail/store/imap/ImapFolderPusher$PushRunnable;--->run()V
05-24 22:02:13.989  1094  1115 D M_InsDal: Lcom/fsck/k9/mail/store/imap/ImapFolderPusher;--->start()V
05-24 22:02:13.989  1094  1115 D M_InsDal: Lcom/fsck/k9/mail/store/imap/ImapFolderPusher$PushRunnable;---><init>(Lcom/fsck/k9/mail/store/imap/ImapFolderPusher;)V
05-24 22:02:13.989  1094  1119 D M_InsDal: Lcom/fsck/k9/mail/power/TracingPowerManager$TracingWakeLock;--->acquire(J)V
05-24 22:02:13.989  1094  1115 D M_InsDal: Lcom/fsck/k9/service/PushService;--->startService(Landroid/content/Context;)V
05-24 22:02:13.989  1094  1115 D M_InsDal: Lcom/fsck/k9/service/CoreService;--->addWakeLock(Landroid/content/Context;Landroid/content/Intent;)V
05-24 22:02:13.989  1094  1115 D M_InsDal: Lcom/fsck/k9/service/CoreService;--->acquireWakeLock(Landroid/content/Context;Ljava/lang/String;J)Lcom/fsck/k9/mail/power/TracingPowerManager$TracingWakeLock;
05-24 22:02:13.989  1094  1115 D M_InsDal: Lcom/fsck/k9/mail/power/TracingPowerManager;--->getPowerManager(Landroid/content/Context;)Lcom/fsck/k9/mail/power/TracingPowerManager;
05-24 22:02:13.989  1094  1115 D M_InsDal: Lcom/fsck/k9/mail/power/TracingPowerManager;--->newWakeLock(ILjava/lang/String;)Lcom/fsck/k9/mail/power/TracingPowerManager$TracingWakeLock;
05-24 22:02:13.989  1094  1115 D M_InsDal: Lcom/fsck/k9/mail/power/TracingPowerManager$TracingWakeLock;---><init>(Lcom/fsck/k9/mail/power/TracingPowerManager;ILjava/lang/String;)V
05-24 22:02:13.990  1094  1115 D M_InsDal: Lcom/fsck/k9/mail/K9MailLib;--->isDebug()Z
05-24 22:02:13.990  1094  1115 D M_InsDal: Lcom/fsck/k9/K9$2;--->enabled()Z
05-24 22:02:13.990  1094  1120 D M_InsDal: Lcom/fsck/k9/mail/store/imap/ImapFolderPusher$PushRunnable;--->run()V
05-24 22:02:13.990  1094  1115 D M_InsDal: Lcom/fsck/k9/mail/power/TracingPowerManager$TracingWakeLock;--->setReferenceCounted(Z)V
05-24 22:02:13.990  1094  1115 D M_InsDal: Lcom/fsck/k9/mail/power/TracingPowerManager$TracingWakeLock;--->acquire(J)V
05-24 22:02:13.990  1094  1120 D M_InsDal: Lcom/fsck/k9/mail/power/TracingPowerManager$TracingWakeLock;--->acquire(J)V
05-24 22:02:13.990  1094  1120 D M_InsDal: Lcom/fsck/k9/mail/K9MailLib;--->isDebug()Z
05-24 22:02:13.990  1094  1115 D M_InsDal: Lcom/fsck/k9/mail/K9MailLib;--->isDebug()Z
05-24 22:02:13.990  1094  1115 D M_InsDal: Lcom/fsck/k9/K9$2;--->enabled()Z
05-24 22:02:13.990  1094  1115 D M_InsDal: Lcom/fsck/k9/mail/power/TracingPowerManager$TracingWakeLock;--->raiseNotification()V
05-24 22:02:13.990  1094  1115 D M_InsDal: Lcom/fsck/k9/service/CoreService;--->registerWakeLock(Lcom/fsck/k9/mail/power/TracingPowerManager$TracingWakeLock;)Ljava/lang/Integer;
05-24 22:02:13.990  1094  1119 D M_InsDal: Lcom/fsck/k9/mail/K9MailLib;--->isDebug()Z
05-24 22:02:13.990  1094  1119 D M_InsDal: Lcom/fsck/k9/K9$2;--->enabled()Z
05-24 22:02:13.990  1094  1119 D M_InsDal: Lcom/fsck/k9/mail/power/TracingPowerManager$TracingWakeLock;--->raiseNotification()V
05-24 22:02:13.990  1094  1119 D M_InsDal: Lcom/fsck/k9/mail/K9MailLib;--->isDebug()Z
05-24 22:02:13.990  1094  1119 D M_InsDal: Lcom/fsck/k9/K9$2;--->enabled()Z
05-24 22:02:13.990  1094  1119 D M_InsDal: Lcom/fsck/k9/mail/store/imap/ImapFolderPusher$PushRunnable;--->getOldUidNext()J
05-24 22:02:13.990  1094  1119 D M_InsDal: Lcom/fsck/k9/mail/store/imap/ImapFolder;--->getName()Ljava/lang/String;
05-24 22:02:13.990  1094  1119 D M_InsDal: Lcom/fsck/k9/controller/MessagingControllerPushReceiver;--->getPushState(Ljava/lang/String;)Ljava/lang/String;
05-24 22:02:13.990  1094  1120 D M_InsDal: Lcom/fsck/k9/K9$2;--->enabled()Z
05-24 22:02:13.990  1094  1119 D M_InsDal: Lcom/fsck/k9/Account;--->getLocalStore()Lcom/fsck/k9/mailstore/LocalStore;
05-24 22:02:13.990  1094  1120 D M_InsDal: Lcom/fsck/k9/mail/power/TracingPowerManager$TracingWakeLock;--->raiseNotification()V
05-24 22:02:13.990  1094  1119 D M_InsDal: Lcom/fsck/k9/mailstore/LocalStore;--->getInstance(Lcom/fsck/k9/Account;Landroid/content/Context;)Lcom/fsck/k9/mailstore/LocalStore;
05-24 22:02:13.990  1094  1119 D M_InsDal: Lcom/fsck/k9/Account;--->getUuid()Ljava/lang/String;
05-24 22:02:13.990  1094  1120 D M_InsDal: Lcom/fsck/k9/mail/K9MailLib;--->isDebug()Z
05-24 22:02:13.990  1094  1120 D M_InsDal: Lcom/fsck/k9/K9$2;--->enabled()Z
05-24 22:02:13.990  1094  1120 D M_InsDal: Lcom/fsck/k9/mail/store/imap/ImapFolderPusher$PushRunnable;--->getOldUidNext()J
05-24 22:02:13.990  1094  1119 D M_InsDal: Lcom/fsck/k9/mailstore/LocalStore;--->getFolder(Ljava/lang/String;)Lcom/fsck/k9/mailstore/LocalFolder;
05-24 22:02:13.990  1094  1119 D M_InsDal: Lcom/fsck/k9/mailstore/LocalFolder;---><init>(Lcom/fsck/k9/mailstore/LocalStore;Ljava/lang/String;)V
05-24 22:02:13.990  1094  1120 D M_InsDal: Lcom/fsck/k9/mail/store/imap/ImapFolder;--->getName()Ljava/lang/String;
05-24 22:02:13.990  1094  1119 D M_InsDal: Lcom/fsck/k9/mail/Folder;---><init>()V
05-24 22:02:13.990  1094  1120 D M_InsDal: Lcom/fsck/k9/controller/MessagingControllerPushReceiver;--->getPushState(Ljava/lang/String;)Ljava/lang/String;
05-24 22:02:13.990  1094  1120 D M_InsDal: Lcom/fsck/k9/Account;--->getLocalStore()Lcom/fsck/k9/mailstore/LocalStore;
05-24 22:02:13.990  1094  1119 D M_InsDal: Lcom/fsck/k9/mailstore/LocalStore;--->getAttachmentInfoExtractor()Lcom/fsck/k9/message/extractors/AttachmentInfoExtractor;
05-24 22:02:13.990  1094  1119 D M_InsDal: Lcom/fsck/k9/mailstore/LocalFolder;--->getAccount()Lcom/fsck/k9/Account;
05-24 22:02:13.990  1094  1120 D M_InsDal: Lcom/fsck/k9/mailstore/LocalStore;--->getInstance(Lcom/fsck/k9/Account;Landroid/content/Context;)Lcom/fsck/k9/mailstore/LocalStore;
05-24 22:02:13.990  1094  1119 D M_InsDal: Lcom/fsck/k9/mailstore/LocalStore;--->getAccount()Lcom/fsck/k9/Account;
05-24 22:02:13.990  1094  1120 D M_InsDal: Lcom/fsck/k9/Account;--->getUuid()Ljava/lang/String;
05-24 22:02:13.990  1094  1119 D M_InsDal: Lcom/fsck/k9/Account;--->getInboxFolderName()Ljava/lang/String;
05-24 22:02:13.990  1094  1119 D M_InsDal: Lcom/fsck/k9/mailstore/LocalFolder;--->getName()Ljava/lang/String;
05-24 22:02:13.990  1094  1119 D M_InsDal: Lcom/fsck/k9/mailstore/LocalFolder;--->open(I)V
05-24 22:02:13.990  1094  1120 D M_InsDal: Lcom/fsck/k9/mailstore/LocalStore;--->getFolder(Ljava/lang/String;)Lcom/fsck/k9/mailstore/LocalFolder;
05-24 22:02:13.990  1094  1119 D M_InsDal: Lcom/fsck/k9/mailstore/LocalFolder;--->isOpen()Z
05-24 22:02:13.990  1094  1120 D M_InsDal: Lcom/fsck/k9/mailstore/LocalFolder;---><init>(Lcom/fsck/k9/mailstore/LocalStore;Ljava/lang/String;)V
05-24 22:02:13.990  1094  1119 D M_InsDal: Lcom/fsck/k9/mailstore/LocalFolder;--->isOpen()Z
05-24 22:02:13.990  1094  1120 D M_InsDal: Lcom/fsck/k9/mail/Folder;---><init>()V
05-24 22:02:13.990  1094  1119 D M_InsDal: Lcom/fsck/k9/mailstore/LocalStore;--->getDatabase()Lcom/fsck/k9/mailstore/LockableDatabase;
05-24 22:02:13.990  1094  1120 D M_InsDal: Lcom/fsck/k9/mailstore/LocalStore;--->getAttachmentInfoExtractor()Lcom/fsck/k9/message/extractors/AttachmentInfoExtractor;
05-24 22:02:13.990  1094  1120 D M_InsDal: Lcom/fsck/k9/mailstore/LocalFolder;--->getAccount()Lcom/fsck/k9/Account;
05-24 22:02:13.990  1094  1120 D M_InsDal: Lcom/fsck/k9/mailstore/LocalStore;--->getAccount()Lcom/fsck/k9/Account;
05-24 22:02:13.990  1094  1120 D M_InsDal: Lcom/fsck/k9/Account;--->getInboxFolderName()Ljava/lang/String;
05-24 22:02:13.990  1094  1120 D M_InsDal: Lcom/fsck/k9/mailstore/LocalFolder;--->getName()Ljava/lang/String;
05-24 22:02:13.990  1094  1120 D M_InsDal: Lcom/fsck/k9/mailstore/LocalFolder;--->open(I)V
05-24 22:02:13.990  1094  1120 D M_InsDal: Lcom/fsck/k9/mailstore/LocalFolder;--->isOpen()Z
05-24 22:02:13.990  1094  1120 D M_InsDal: Lcom/fsck/k9/mailstore/LocalFolder;--->isOpen()Z
05-24 22:02:13.990  1094  1120 D M_InsDal: Lcom/fsck/k9/mailstore/LocalStore;--->getDatabase()Lcom/fsck/k9/mailstore/LockableDatabase;
05-24 22:02:13.990  1094  1115 D M_InsDal: Lcom/fsck/k9/service/MailService;--->schedulePushers()V
05-24 22:02:13.990  1094  1115 D M_InsDal: Lcom/fsck/k9/controller/MessagingController;--->getInstance(Landroid/content/Context;)Lcom/fsck/k9/controller/MessagingController;
05-24 22:02:13.990  1094  1115 D M_InsDal: Lcom/fsck/k9/controller/MessagingController;--->getPushers()Ljava/util/Collection;
05-24 22:02:13.990  1094  1115 D M_InsDal: Lcom/fsck/k9/mail/store/imap/ImapPusher;--->getRefreshInterval()I
05-24 22:02:13.990  1094  1115 D M_InsDal: Lcom/fsck/k9/mail/store/imap/ImapStore;--->getStoreConfig()Lcom/fsck/k9/mail/store/StoreConfig;
05-24 22:02:13.990  1094  1115 D M_InsDal: Lcom/fsck/k9/Account;--->getIdleRefreshMinutes()I
05-24 22:02:13.990  1094  1119 D M_InsDal: Lcom/fsck/k9/mailstore/LocalFolder$1;---><init>(Lcom/fsck/k9/mailstore/LocalFolder;I)V
05-24 22:02:13.990  1094  1119 D M_InsDal: Lcom/fsck/k9/mailstore/LockableDatabase;--->execute(ZLcom/fsck/k9/mailstore/LockableDatabase$DbCallback;)Ljava/lang/Object;
05-24 22:02:13.990  1094  1119 D M_InsDal: Lcom/fsck/k9/mailstore/LockableDatabase;--->lockRead()V
05-24 22:02:13.990  1094  1115 D M_InsDal: Lcom/fsck/k9/service/BootReceiver;--->scheduleIntent(Landroid/content/Context;JLandroid/content/Intent;)V
05-24 22:02:13.990  1094  1119 D M_InsDal: Lcom/fsck/k9/mailstore/LockableDatabase;--->getStorageManager()Lcom/fsck/k9/mailstore/StorageManager;
05-24 22:02:13.990  1094  1119 D M_InsDal: Lcom/fsck/k9/mailstore/StorageManager;--->getInstance(Landroid/content/Context;)Lcom/fsck/k9/mailstore/StorageManager;
05-24 22:02:13.990  1094  1119 D M_InsDal: Lcom/fsck/k9/mailstore/StorageManager;--->lockProvider(Ljava/lang/String;)V
05-24 22:02:13.990  1094  1119 D M_InsDal: Lcom/fsck/k9/mailstore/StorageManager;--->getProvider(Ljava/lang/String;)Lcom/fsck/k9/mailstore/StorageManager$StorageProvider;
05-24 22:02:13.990  1094  1119 D M_InsDal: Lcom/fsck/k9/mailstore/StorageManager$InternalStorageProvider;--->isReady(Landroid/content/Context;)Z
05-24 22:02:13.990  1094  1119 D M_InsDal: Lcom/fsck/k9/K9;--->isDebug()Z
05-24 22:02:13.990  1094  1119 D M_InsDal: Lcom/fsck/k9/mailstore/LocalFolder$1;--->doDbWork(Landroid/database/sqlite/SQLiteDatabase;)Ljava/lang/Void;
05-24 22:02:13.990  1094  1120 D M_InsDal: Lcom/fsck/k9/mailstore/LocalFolder$1;---><init>(Lcom/fsck/k9/mailstore/LocalFolder;I)V
05-24 22:02:13.990  1094  1120 D M_InsDal: Lcom/fsck/k9/mailstore/LockableDatabase;--->execute(ZLcom/fsck/k9/mailstore/LockableDatabase$DbCallback;)Ljava/lang/Object;
05-24 22:02:13.990  1094  1120 D M_InsDal: Lcom/fsck/k9/mailstore/LockableDatabase;--->lockRead()V
05-24 22:02:13.990  1094  1120 D M_InsDal: Lcom/fsck/k9/mailstore/LockableDatabase;--->getStorageManager()Lcom/fsck/k9/mailstore/StorageManager;
05-24 22:02:13.990  1094  1120 D M_InsDal: Lcom/fsck/k9/mailstore/StorageManager;--->getInstance(Landroid/content/Context;)Lcom/fsck/k9/mailstore/StorageManager;
05-24 22:02:13.990  1094  1120 D M_InsDal: Lcom/fsck/k9/mailstore/StorageManager;--->lockProvider(Ljava/lang/String;)V
05-24 22:02:13.990  1094  1120 D M_InsDal: Lcom/fsck/k9/mailstore/StorageManager;--->getProvider(Ljava/lang/String;)Lcom/fsck/k9/mailstore/StorageManager$StorageProvider;
05-24 22:02:13.990  1094  1120 D M_InsDal: Lcom/fsck/k9/mailstore/StorageManager$InternalStorageProvider;--->isReady(Landroid/content/Context;)Z
05-24 22:02:13.991  1094  1120 D M_InsDal: Lcom/fsck/k9/K9;--->isDebug()Z
05-24 22:02:13.991  1094  1120 D M_InsDal: Lcom/fsck/k9/mailstore/LocalFolder$1;--->doDbWork(Landroid/database/sqlite/SQLiteDatabase;)Ljava/lang/Void;
05-24 22:02:13.991  1094  1115 D M_InsDal: Lcom/fsck/k9/service/MailService;--->isSyncDisabled()Z
05-24 22:02:13.991  1094  1115 D M_InsDal: Lcom/fsck/k9/controller/MessagingController;--->getInstance(Landroid/content/Context;)Lcom/fsck/k9/controller/MessagingController;
05-24 22:02:13.991  1094  1115 D M_InsDal: Lcom/fsck/k9/controller/MessagingController;--->systemStatusChanged()V
05-24 22:02:13.991  1094  1115 D M_InsDal: Lcom/fsck/k9/controller/MessagingController;--->getListeners()Ljava/util/Set;
05-24 22:02:13.991  1094  1115 D M_InsDal: Lcom/fsck/k9/controller/SimpleMessagingListener;--->systemStatusChanged()V
05-24 22:02:13.991  1094  1115 D M_InsDal: Lcom/fsck/k9/controller/SimpleMessagingListener;--->systemStatusChanged()V
05-24 22:02:13.991  1094  1115 D M_InsDal: Lcom/fsck/k9/mail/power/TracingPowerManager$TracingWakeLock;--->release()V
05-24 22:02:13.991  1094  1115 D M_InsDal: Lcom/fsck/k9/mail/K9MailLib;--->isDebug()Z
05-24 22:02:13.991  1094  1115 D M_InsDal: Lcom/fsck/k9/K9$2;--->enabled()Z
05-24 22:02:13.991  1094  1115 D M_InsDal: Lcom/fsck/k9/mail/power/TracingPowerManager$TracingWakeLock;--->cancelNotification()V
05-24 22:02:13.991  1094  1119 D M_InsDal: Lcom/fsck/k9/mailstore/LocalFolder;--->open(Landroid/database/Cursor;)V
05-24 22:02:13.991  1094  1119 D M_InsDal: Lcom/fsck/k9/mail/Folder;--->setStatus(Ljava/lang/String;)V
05-24 22:02:13.991  1094  1119 D M_InsDal: Lcom/fsck/k9/mail/Folder;--->setLastChecked(J)V
05-24 22:02:13.991  1094  1119 D M_InsDal: Lcom/fsck/k9/mail/Folder;--->setLastPush(J)V
05-24 22:02:13.991  1094  1119 D M_InsDal: Lcom/fsck/k9/mail/Folder$FolderClass;--->valueOf(Ljava/lang/String;)Lcom/fsck/k9/mail/Folder$FolderClass;
05-24 22:02:13.991  1094  1119 D M_InsDal: Lcom/fsck/k9/mail/Folder$FolderClass;--->valueOf(Ljava/lang/String;)Lcom/fsck/k9/mail/Folder$FolderClass;
05-24 22:02:13.991  1094  1119 D M_InsDal: Lcom/fsck/k9/mailstore/LocalFolder$MoreMessages;--->fromDatabaseName(Ljava/lang/String;)Lcom/fsck/k9/mailstore/LocalFolder$MoreMessages;
05-24 22:02:13.991  1094  1119 D M_InsDal: Lcom/fsck/k9/mailstore/LocalFolder$MoreMessages;--->values()[Lcom/fsck/k9/mailstore/LocalFolder$MoreMessages;
05-24 22:02:13.991  1094  1119 D M_InsDal: Lcom/fsck/k9/helper/Utility;--->closeQuietly(Landroid/database/Cursor;)V
05-24 22:02:13.991  1094  1094 D M_InsDal: Lcom/fsck/k9/activity/misc/ContactPictureLoader;---><init>(Landroid/content/Context;I)V
05-24 22:02:13.991  1094  1094 D M_InsDal: Lcom/fsck/k9/helper/Contacts;--->getInstance(Landroid/content/Context;)Lcom/fsck/k9/helper/Contacts;
05-24 22:02:13.991  1094  1094 D M_InsDal: Lcom/fsck/k9/helper/Contacts;---><init>(Landroid/content/Context;)V
05-24 22:02:13.991  1094  1094 D M_InsDal: Lcom/fsck/k9/fragment/MessageListFragment;--->restoreInstanceState(Landroid/os/Bundle;)V
05-24 22:02:13.991  1094  1119 D M_InsDal: Lcom/fsck/k9/mailstore/LockableDatabase;--->unlockRead()V
05-24 22:02:13.991  1094  1120 D M_InsDal: Lcom/fsck/k9/mailstore/LocalFolder;--->open(Landroid/database/Cursor;)V
05-24 22:02:13.991  1094  1119 D M_InsDal: Lcom/fsck/k9/mailstore/LockableDatabase;--->getStorageManager()Lcom/fsck/k9/mailstore/StorageManager;
05-24 22:02:13.991  1094  1094 D M_InsDal: Lcom/fsck/k9/fragment/MessageListFragment;--->decodeArguments()V
05-24 22:02:13.991  1094  1119 D M_InsDal: Lcom/fsck/k9/mailstore/StorageManager;--->getInstance(Landroid/content/Context;)Lcom/fsck/k9/mailstore/StorageManager;
05-24 22:02:13.991  1094  1120 D M_InsDal: Lcom/fsck/k9/mail/Folder;--->setStatus(Ljava/lang/String;)V
05-24 22:02:13.991  1094  1119 D M_InsDal: Lcom/fsck/k9/mailstore/StorageManager;--->unlockProvider(Ljava/lang/String;)V
05-24 22:02:13.991  1094  1120 D M_InsDal: Lcom/fsck/k9/mail/Folder;--->setLastChecked(J)V
05-24 22:02:13.991  1094  1120 D M_InsDal: Lcom/fsck/k9/mail/Folder;--->setLastPush(J)V
05-24 22:02:13.991  1094  1119 D M_InsDal: Lcom/fsck/k9/mailstore/StorageManager;--->getProvider(Ljava/lang/String;)Lcom/fsck/k9/mailstore/StorageManager$StorageProvider;
05-24 22:02:13.991  1094  1094 D M_InsDal: Lcom/fsck/k9/search/LocalSearch;--->getName()Ljava/lang/String;
05-24 22:02:13.991  1094  1120 D M_InsDal: Lcom/fsck/k9/mail/Folder$FolderClass;--->valueOf(Ljava/lang/String;)Lcom/fsck/k9/mail/Folder$FolderClass;
05-24 22:02:13.991  1094  1094 D M_InsDal: Lcom/fsck/k9/search/LocalSearch;--->getAccountUuids()[Ljava/lang/String;
05-24 22:02:13.991  1094  1120 D M_InsDal: Lcom/fsck/k9/mail/Folder$FolderClass;--->valueOf(Ljava/lang/String;)Lcom/fsck/k9/mail/Folder$FolderClass;
05-24 22:02:13.991  1094  1119 D M_InsDal: Lcom/fsck/k9/mailstore/LocalFolder;--->getPushState()Ljava/lang/String;
05-24 22:02:13.991  1094  1120 D M_InsDal: Lcom/fsck/k9/mail/Folder$FolderClass;--->valueOf(Ljava/lang/String;)Lcom/fsck/k9/mail/Folder$FolderClass;
05-24 22:02:13.991  1094  1120 D M_InsDal: Lcom/fsck/k9/mail/Folder$FolderClass;--->valueOf(Ljava/lang/String;)Lcom/fsck/k9/mail/Folder$FolderClass;
05-24 22:02:13.991  1094  1119 D M_InsDal: Lcom/fsck/k9/mailstore/LocalFolder;--->close()V
05-24 22:02:13.991  1094  1120 D M_InsDal: Lcom/fsck/k9/mailstore/LocalFolder$MoreMessages;--->fromDatabaseName(Ljava/lang/String;)Lcom/fsck/k9/mailstore/LocalFolder$MoreMessages;
05-24 22:02:13.991  1094  1094 D M_InsDal: Lcom/fsck/k9/search/LocalSearch;--->searchAllAccounts()Z
05-24 22:02:13.991  1094  1120 D M_InsDal: Lcom/fsck/k9/mailstore/LocalFolder$MoreMessages;--->values()[Lcom/fsck/k9/mailstore/LocalFolder$MoreMessages;
05-24 22:02:13.991  1094  1094 D M_InsDal: Lcom/fsck/k9/Preferences;--->getAccount(Ljava/lang/String;)Lcom/fsck/k9/Account;
05-24 22:02:13.991  1094  1094 D M_InsDal: Lcom/fsck/k9/search/LocalSearch;--->getFolderNames()Ljava/util/List;
05-24 22:02:13.991  1094  1120 D M_InsDal: Lcom/fsck/k9/helper/Utility;--->closeQuietly(Landroid/database/Cursor;)V
05-24 22:02:13.991  1094  1094 D M_InsDal: Lcom/fsck/k9/search/LocalSearch;--->getFolderNames()Ljava/util/List;
05-24 22:02:13.991  1094  1119 D M_InsDal: Lcom/fsck/k9/mail/store/imap/ImapPushState;--->parse(Ljava/lang/String;)Lcom/fsck/k9/mail/store/imap/ImapPushState;
05-24 22:02:13.991  1094  1119 D M_InsDal: Lcom/fsck/k9/mail/store/imap/ImapPushState;---><init>(J)V
05-24 22:02:13.991  1094  1119 D M_InsDal: Lcom/fsck/k9/mail/K9MailLib;--->isDebug()Z
05-24 22:02:13.991  1094  1094 D M_InsDal: Lcom/fsck/k9/fragment/MessageListFragment;--->getFolderInfoHolder(Ljava/lang/String;Lcom/fsck/k9/Account;)Lcom/fsck/k9/activity/FolderInfoHolder;
05-24 22:02:13.991  1094  1119 D M_InsDal: Lcom/fsck/k9/K9$2;--->enabled()Z
05-24 22:02:13.991  1094  1119 D M_InsDal: Lcom/fsck/k9/mail/store/imap/ImapFolderPusher$PushRunnable;--->openConnectionIfNecessary()Z
05-24 22:02:13.991  1094  1119 D M_InsDal: Lcom/fsck/k9/mail/store/imap/ImapFolder;--->internalOpen(I)Ljava/util/List;
05-24 22:02:13.991  1094  1094 D M_InsDal: Lcom/fsck/k9/fragment/MlfUtils;--->getOpenFolder(Ljava/lang/String;Lcom/fsck/k9/Account;)Lcom/fsck/k9/mailstore/LocalFolder;
05-24 22:02:13.991  1094  1119 D M_InsDal: Lcom/fsck/k9/mail/store/imap/ImapFolder;--->isOpen()Z
05-24 22:02:13.991  1094  1094 D M_InsDal: Lcom/fsck/k9/Account;--->getLocalStore()Lcom/fsck/k9/mailstore/LocalStore;
05-24 22:02:13.991  1094  1094 D M_InsDal: Lcom/fsck/k9/mailstore/LocalStore;--->getInstance(Lcom/fsck/k9/Account;Landroid/content/Context;)Lcom/fsck/k9/mailstore/LocalStore;
05-24 22:02:13.991  1094  1119 D M_InsDal: Lcom/fsck/k9/mail/store/imap/ImapStore;--->releaseConnection(Lcom/fsck/k9/mail/store/imap/ImapConnection;)V
05-24 22:02:13.991  1094  1094 D M_InsDal: Lcom/fsck/k9/Account;--->getUuid()Ljava/lang/String;
05-24 22:02:13.991  1094  1120 D M_InsDal: Lcom/fsck/k9/mailstore/LockableDatabase;--->unlockRead()V
05-24 22:02:13.991  1094  1119 D M_InsDal: Lcom/fsck/k9/mail/store/imap/ImapStore;--->getConnection()Lcom/fsck/k9/mail/store/imap/ImapConnection;
05-24 22:02:13.991  1094  1094 D M_InsDal: Lcom/fsck/k9/mailstore/LocalStore;--->getFolder(Ljava/lang/String;)Lcom/fsck/k9/mailstore/LocalFolder;
05-24 22:02:13.991  1094  1094 D M_InsDal: Lcom/fsck/k9/mailstore/LocalFolder;---><init>(Lcom/fsck/k9/mailstore/LocalStore;Ljava/lang/String;)V
05-24 22:02:13.991  1094  1094 D M_InsDal: Lcom/fsck/k9/mail/Folder;---><init>()V
05-24 22:02:13.991  1094  1094 D M_InsDal: Lcom/fsck/k9/mailstore/LocalStore;--->getAttachmentInfoExtractor()Lcom/fsck/k9/message/extractors/AttachmentInfoExtractor;
05-24 22:02:13.991  1094  1120 D M_InsDal: Lcom/fsck/k9/mailstore/LockableDatabase;--->getStorageManager()Lcom/fsck/k9/mailstore/StorageManager;
05-24 22:02:13.991  1094  1094 D M_InsDal: Lcom/fsck/k9/mailstore/LocalFolder;--->getAccount()Lcom/fsck/k9/Account;
05-24 22:02:13.991  1094  1120 D M_InsDal: Lcom/fsck/k9/mailstore/StorageManager;--->getInstance(Landroid/content/Context;)Lcom/fsck/k9/mailstore/StorageManager;
05-24 22:02:13.991  1094  1094 D M_InsDal: Lcom/fsck/k9/mailstore/LocalStore;--->getAccount()Lcom/fsck/k9/Account;
05-24 22:02:13.991  1094  1094 D M_InsDal: Lcom/fsck/k9/Account;--->getInboxFolderName()Ljava/lang/String;
05-24 22:02:13.991  1094  1120 D M_InsDal: Lcom/fsck/k9/mailstore/StorageManager;--->unlockProvider(Ljava/lang/String;)V
05-24 22:02:13.991  1094  1094 D M_InsDal: Lcom/fsck/k9/mailstore/LocalFolder;--->getName()Ljava/lang/String;
05-24 22:02:13.991  1094  1119 D M_InsDal: Lcom/fsck/k9/mail/store/imap/ImapStore;--->pollConnection()Lcom/fsck/k9/mail/store/imap/ImapConnection;
05-24 22:02:13.991  1094  1120 D M_InsDal: Lcom/fsck/k9/mailstore/StorageManager;--->getProvider(Ljava/lang/String;)Lcom/fsck/k9/mailstore/StorageManager$StorageProvider;
05-24 22:02:13.991  1094  1094 D M_InsDal: Lcom/fsck/k9/mailstore/LocalFolder;--->open(I)V
05-24 22:02:13.991  1094  1094 D M_InsDal: Lcom/fsck/k9/mailstore/LocalFolder;--->isOpen()Z
05-24 22:02:13.991  1094  1094 D M_InsDal: Lcom/fsck/k9/mailstore/LocalFolder;--->isOpen()Z
05-24 22:02:13.991  1094  1094 D M_InsDal: Lcom/fsck/k9/mailstore/LocalStore;--->getDatabase()Lcom/fsck/k9/mailstore/LockableDatabase;
05-24 22:02:13.991  1094  1094 D M_InsDal: Lcom/fsck/k9/mailstore/LocalFolder$1;---><init>(Lcom/fsck/k9/mailstore/LocalFolder;I)V
05-24 22:02:13.991  1094  1094 D M_InsDal: Lcom/fsck/k9/mailstore/LockableDatabase;--->execute(ZLcom/fsck/k9/mailstore/LockableDatabase$DbCallback;)Ljava/lang/Object;
05-24 22:02:13.991  1094  1120 D M_InsDal: Lcom/fsck/k9/mailstore/LocalFolder;--->getPushState()Ljava/lang/String;
05-24 22:02:13.991  1094  1094 D M_InsDal: Lcom/fsck/k9/mailstore/LockableDatabase;--->lockRead()V
05-24 22:02:13.991  1094  1120 D M_InsDal: Lcom/fsck/k9/mailstore/LocalFolder;--->close()V
05-24 22:02:13.991  1094  1094 D M_InsDal: Lcom/fsck/k9/mailstore/LockableDatabase;--->getStorageManager()Lcom/fsck/k9/mailstore/StorageManager;
05-24 22:02:13.991  1094  1120 D M_InsDal: Lcom/fsck/k9/mail/store/imap/ImapPushState;--->parse(Ljava/lang/String;)Lcom/fsck/k9/mail/store/imap/ImapPushState;
05-24 22:02:13.991  1094  1094 D M_InsDal: Lcom/fsck/k9/mailstore/StorageManager;--->getInstance(Landroid/content/Context;)Lcom/fsck/k9/mailstore/StorageManager;
05-24 22:02:13.991  1094  1094 D M_InsDal: Lcom/fsck/k9/mailstore/StorageManager;--->lockProvider(Ljava/lang/String;)V
05-24 22:02:13.991  1094  1094 D M_InsDal: Lcom/fsck/k9/mailstore/StorageManager;--->getProvider(Ljava/lang/String;)Lcom/fsck/k9/mailstore/StorageManager$StorageProvider;
05-24 22:02:13.991  1094  1119 D M_InsDal: Lcom/fsck/k9/mail/store/imap/ImapStore;--->createImapConnection()Lcom/fsck/k9/mail/store/imap/ImapConnection;
05-24 22:02:13.991  1094  1094 D M_InsDal: Lcom/fsck/k9/mailstore/StorageManager$InternalStorageProvider;--->isReady(Landroid/content/Context;)Z
05-24 22:02:13.991  1094  1094 D M_InsDal: Lcom/fsck/k9/K9;--->isDebug()Z
05-24 22:02:13.991  1094  1094 D M_InsDal: Lcom/fsck/k9/mailstore/LocalFolder$1;--->doDbWork(Landroid/database/sqlite/SQLiteDatabase;)Ljava/lang/Void;
05-24 22:02:13.991  1094  1120 D M_InsDal: Lcom/fsck/k9/mail/store/imap/ImapPushState;--->createDefaultImapPushState()Lcom/fsck/k9/mail/store/imap/ImapPushState;
05-24 22:02:13.991  1094  1120 D M_InsDal: Lcom/fsck/k9/mail/store/imap/ImapPushState;---><init>(J)V
05-24 22:02:13.991  1094  1120 D M_InsDal: Lcom/fsck/k9/mail/K9MailLib;--->isDebug()Z
05-24 22:02:13.991  1094  1120 D M_InsDal: Lcom/fsck/k9/K9$2;--->enabled()Z
05-24 22:02:13.991  1094  1120 D M_InsDal: Lcom/fsck/k9/mail/store/imap/ImapFolderPusher$PushRunnable;--->openConnectionIfNecessary()Z
05-24 22:02:13.991  1094  1119 D M_InsDal: Lcom/fsck/k9/mail/store/imap/ImapStore$StoreImapSettings;---><init>(Lcom/fsck/k9/mail/store/imap/ImapStore;)V
05-24 22:02:13.991  1094  1120 D M_InsDal: Lcom/fsck/k9/mail/store/imap/ImapFolder;--->internalOpen(I)Ljava/util/List;
05-24 22:02:13.991  1094  1119 D M_InsDal: Lcom/fsck/k9/mail/store/imap/ImapConnection;---><init>(Lcom/fsck/k9/mail/store/imap/ImapSettings;Lcom/fsck/k9/mail/ssl/TrustedSocketFactory;Landroid/net/ConnectivityManager;Lcom/fsck/k9/mail/oauth/OAuth2TokenProvider;)V
05-24 22:02:13.991  1094  1120 D M_InsDal: Lcom/fsck/k9/mail/store/imap/ImapFolder;--->isOpen()Z
05-24 22:02:13.991  1094  1120 D M_InsDal: Lcom/fsck/k9/mail/store/imap/ImapStore;--->releaseConnection(Lcom/fsck/k9/mail/store/imap/ImapConnection;)V
05-24 22:02:13.991  1094  1120 D M_InsDal: Lcom/fsck/k9/mail/store/imap/ImapStore;--->getConnection()Lcom/fsck/k9/mail/store/imap/ImapConnection;
05-24 22:02:13.991  1094  1120 D M_InsDal: Lcom/fsck/k9/mail/store/imap/ImapStore;--->pollConnection()Lcom/fsck/k9/mail/store/imap/ImapConnection;
05-24 22:02:13.991  1094  1119 D M_InsDal: Lcom/fsck/k9/mail/store/imap/ImapFolder;--->getPrefixedName()Ljava/lang/String;
05-24 22:02:13.991  1094  1119 D M_InsDal: Lcom/fsck/k9/mail/store/imap/ImapStore;--->getStoreConfig()Lcom/fsck/k9/mail/store/StoreConfig;
05-24 22:02:13.991  1094  1120 D M_InsDal: Lcom/fsck/k9/mail/store/imap/ImapStore;--->createImapConnection()Lcom/fsck/k9/mail/store/imap/ImapConnection;
05-24 22:02:13.991  1094  1119 D M_InsDal: Lcom/fsck/k9/Account;--->getInboxFolderName()Ljava/lang/String;
05-24 22:02:13.991  1094  1120 D M_InsDal: Lcom/fsck/k9/mail/store/imap/ImapStore$StoreImapSettings;---><init>(Lcom/fsck/k9/mail/store/imap/ImapStore;)V
05-24 22:02:13.991  1094  1119 D M_InsDal: Lcom/fsck/k9/mail/store/imap/FolderNameCodec;--->encode(Ljava/lang/String;)Ljava/lang/String;
05-24 22:02:13.991  1094  1120 D M_InsDal: Lcom/fsck/k9/mail/store/imap/ImapConnection;---><init>(Lcom/fsck/k9/mail/store/imap/ImapSettings;Lcom/fsck/k9/mail/ssl/TrustedSocketFactory;Landroid/net/ConnectivityManager;Lcom/fsck/k9/mail/oauth/OAuth2TokenProvider;)V
05-24 22:02:13.991  1094  1120 D M_InsDal: Lcom/fsck/k9/mail/store/imap/ImapFolder;--->getPrefixedName()Ljava/lang/String;
05-24 22:02:13.991  1094  1120 D M_InsDal: Lcom/fsck/k9/mail/store/imap/ImapStore;--->getStoreConfig()Lcom/fsck/k9/mail/store/StoreConfig;
05-24 22:02:13.991  1094  1120 D M_InsDal: Lcom/fsck/k9/Account;--->getInboxFolderName()Ljava/lang/String;
05-24 22:02:13.991  1094  1120 D M_InsDal: Lcom/fsck/k9/mail/store/imap/ImapConnection;--->open()V
05-24 22:02:13.991  1094  1120 D M_InsDal: Lcom/fsck/k9/mail/store/imap/ImapConnection;--->adjustDNSCacheTTL()V
05-24 22:02:13.991  1094  1120 D M_InsDal: Lcom/fsck/k9/mail/store/imap/ImapConnection;--->connect()Ljava/net/Socket;
05-24 22:02:13.991  1094  1120 D M_InsDal: Lcom/fsck/k9/mail/store/imap/ImapStore$StoreImapSettings;--->getHost()Ljava/lang/String;
05-24 22:02:13.992  1094  1094 D M_InsDal: Lcom/fsck/k9/mailstore/LocalFolder;--->open(Landroid/database/Cursor;)V
05-24 22:02:13.992  1094  1094 D M_InsDal: Lcom/fsck/k9/mail/Folder;--->setStatus(Ljava/lang/String;)V
05-24 22:02:13.992  1094  1094 D M_InsDal: Lcom/fsck/k9/mail/Folder;--->setLastChecked(J)V
05-24 22:02:13.992  1094  1094 D M_InsDal: Lcom/fsck/k9/mail/Folder;--->setLastPush(J)V
05-24 22:02:13.992  1094  1094 D M_InsDal: Lcom/fsck/k9/mail/Folder$FolderClass;--->valueOf(Ljava/lang/String;)Lcom/fsck/k9/mail/Folder$FolderClass;
05-24 22:02:13.992  1094  1094 D M_InsDal: Lcom/fsck/k9/mail/Folder$FolderClass;--->valueOf(Ljava/lang/String;)Lcom/fsck/k9/mail/Folder$FolderClass;
05-24 22:02:13.992  1094  1094 D M_InsDal: Lcom/fsck/k9/mailstore/LocalFolder$MoreMessages;--->fromDatabaseName(Ljava/lang/String;)Lcom/fsck/k9/mailstore/LocalFolder$MoreMessages;
05-24 22:02:13.992  1094  1094 D M_InsDal: Lcom/fsck/k9/mailstore/LocalFolder$MoreMessages;--->values()[Lcom/fsck/k9/mailstore/LocalFolder$MoreMessages;
05-24 22:02:13.992  1094  1094 D M_InsDal: Lcom/fsck/k9/helper/Utility;--->closeQuietly(Landroid/database/Cursor;)V
05-24 22:02:13.992  1094  1094 D M_InsDal: Lcom/fsck/k9/mailstore/LockableDatabase;--->unlockRead()V
05-24 22:02:13.992  1094  1094 D M_InsDal: Lcom/fsck/k9/mailstore/LockableDatabase;--->getStorageManager()Lcom/fsck/k9/mailstore/StorageManager;
05-24 22:02:13.992  1094  1094 D M_InsDal: Lcom/fsck/k9/mailstore/StorageManager;--->getInstance(Landroid/content/Context;)Lcom/fsck/k9/mailstore/StorageManager;
05-24 22:02:13.992  1094  1094 D M_InsDal: Lcom/fsck/k9/mailstore/StorageManager;--->unlockProvider(Ljava/lang/String;)V
05-24 22:02:13.992  1094  1094 D M_InsDal: Lcom/fsck/k9/mailstore/StorageManager;--->getProvider(Ljava/lang/String;)Lcom/fsck/k9/mailstore/StorageManager$StorageProvider;
05-24 22:02:13.992  1094  1094 D M_InsDal: Lcom/fsck/k9/activity/FolderInfoHolder;---><init>(Landroid/content/Context;Lcom/fsck/k9/mailstore/LocalFolder;Lcom/fsck/k9/Account;)V
05-24 22:02:13.992  1094  1094 D M_InsDal: Lcom/fsck/k9/activity/FolderInfoHolder;--->populate(Landroid/content/Context;Lcom/fsck/k9/mailstore/LocalFolder;Lcom/fsck/k9/Account;)V
05-24 22:02:13.992  1094  1094 D M_InsDal: Lcom/fsck/k9/mailstore/LocalFolder;--->getName()Ljava/lang/String;
05-24 22:02:13.992  1094  1094 D M_InsDal: Lcom/fsck/k9/mail/Folder;--->getLastUpdate()J
05-24 22:02:13.992  1094  1119 D M_InsDal: Lcom/fsck/k9/mail/store/imap/ImapUtility;--->encodeString(Ljava/lang/String;)Ljava/lang/String;
05-24 22:02:13.992  1094  1094 D M_InsDal: Lcom/fsck/k9/mail/Folder;--->getLastChecked()J
05-24 22:02:13.992  1094  1094 D M_InsDal: Lcom/fsck/k9/mail/Folder;--->getLastPush()J
05-24 22:02:13.992  1094  1094 D M_InsDal: Lcom/fsck/k9/mail/Folder;--->getStatus()Ljava/lang/String;
05-24 22:02:13.992  1094  1094 D M_InsDal: Lcom/fsck/k9/activity/FolderInfoHolder;--->truncateStatus(Ljava/lang/String;)Ljava/lang/String;
05-24 22:02:13.992  1094  1094 D M_InsDal: Lcom/fsck/k9/activity/FolderInfoHolder;--->getDisplayName(Landroid/content/Context;Lcom/fsck/k9/Account;Ljava/lang/String;)Ljava/lang/String;
05-24 22:02:13.992  1094  1094 D M_InsDal: Lcom/fsck/k9/Account;--->getSpamFolderName()Ljava/lang/String;
05-24 22:02:13.992  1094  1094 D M_InsDal: Lcom/fsck/k9/Account;--->getArchiveFolderName()Ljava/lang/String;
05-24 22:02:13.992  1094  1094 D M_InsDal: Lcom/fsck/k9/Account;--->getSentFolderName()Ljava/lang/String;
05-24 22:02:13.992  1094  1094 D M_InsDal: Lcom/fsck/k9/Account;--->getTrashFolderName()Ljava/lang/String;
05-24 22:02:13.992  1094  1094 D M_InsDal: Lcom/fsck/k9/Account;--->getDraftsFolderName()Ljava/lang/String;
05-24 22:02:13.992  1094  1094 D M_InsDal: Lcom/fsck/k9/Account;--->getOutboxFolderName()Ljava/lang/String;
05-24 22:02:13.992  1094  1094 D M_InsDal: Lcom/fsck/k9/Account;--->getInboxFolderName()Ljava/lang/String;
05-24 22:02:13.992  1094  1094 D M_InsDal: Lcom/fsck/k9/activity/FolderInfoHolder;--->setMoreMessagesFromFolder(Lcom/fsck/k9/mailstore/LocalFolder;)V
05-24 22:02:13.992  1094  1119 D M_InsDal: Lcom/fsck/k9/mail/store/imap/ImapFolder;--->executeSimpleCommand(Ljava/lang/String;)Ljava/util/List;
05-24 22:02:13.992  1094  1119 D M_InsDal: Lcom/fsck/k9/mail/store/imap/ImapConnection;--->executeSimpleCommand(Ljava/lang/String;)Ljava/util/List;
05-24 22:02:13.992  1094  1119 D M_InsDal: Lcom/fsck/k9/mail/store/imap/ImapConnection;--->executeSimpleCommand(Ljava/lang/String;Z)Ljava/util/List;
05-24 22:02:13.992  1094  1119 D M_InsDal: Lcom/fsck/k9/mail/store/imap/ImapConnection;--->sendCommand(Ljava/lang/String;Z)Ljava/lang/String;
05-24 22:02:13.992  1094  1119 D M_InsDal: Lcom/fsck/k9/mail/store/imap/ImapConnection;--->open()V
05-24 22:02:13.992  1094  1119 D M_InsDal: Lcom/fsck/k9/mail/store/imap/ImapConnection;--->adjustDNSCacheTTL()V
05-24 22:02:13.992  1094  1094 D M_InsDal: Lcom/fsck/k9/mailstore/LocalFolder;--->hasMoreMessages()Z
05-24 22:02:13.992  1094  1119 D M_InsDal: Lcom/fsck/k9/mail/store/imap/ImapConnection;--->connect()Ljava/net/Socket;
05-24 22:02:13.992  1094  1094 D M_InsDal: Lcom/fsck/k9/Account;--->getUuid()Ljava/lang/String;
05-24 22:02:13.992  1094  1119 D M_InsDal: Lcom/fsck/k9/mail/store/imap/ImapStore$StoreImapSettings;--->getHost()Ljava/lang/String;
05-24 22:02:13.992  1094  1094 D M_InsDal: Lcom/fsck/k9/fragment/MessageListFragment;--->createCacheBroadcastReceiver(Landroid/content/Context;)V
05-24 22:02:13.992  1094  1094 D M_InsDal: Lcom/fsck/k9/fragment/MessageListFragment$1;---><init>(Lcom/fsck/k9/fragment/MessageListFragment;)V
05-24 22:02:13.992  1094  1094 D M_InsDal: Lcom/fsck/k9/fragment/MessageListFragment;--->onCreateView(Landroid/view/LayoutInflater;Landroid/view/ViewGroup;Landroid/os/Bundle;)Landroid/view/View;
05-24 22:02:13.994  1094  1094 D M_InsDal: Lcom/fsck/k9/fragment/MessageListFragment;--->initializePullToRefresh(Landroid/view/View;)V
05-24 22:02:13.994  1094  1094 D M_InsDal: Lcom/fsck/k9/fragment/MessageListFragment;--->isRemoteSearchAllowed()Z
05-24 22:02:13.994  1094  1094 D M_InsDal: Lcom/fsck/k9/search/LocalSearch;--->isManualSearch()Z
05-24 22:02:13.994  1094  1094 D M_InsDal: Lcom/fsck/k9/fragment/MessageListFragment;--->isCheckMailSupported()Z
05-24 22:02:13.994  1094  1094 D M_InsDal: Lcom/fsck/k9/fragment/MessageListFragment;--->isSingleAccountMode()Z
05-24 22:02:13.994  1094  1094 D M_InsDal: Lcom/fsck/k9/fragment/MessageListFragment;--->isSingleFolderMode()Z
05-24 22:02:13.994  1094  1094 D M_InsDal: Lcom/fsck/k9/fragment/MessageListFragment;--->isRemoteFolder()Z
05-24 22:02:13.994  1094  1094 D M_InsDal: Lcom/fsck/k9/search/LocalSearch;--->isManualSearch()Z
05-24 22:02:13.994  1094  1094 D M_InsDal: Lcom/fsck/k9/fragment/MessageListFragment;--->isOutbox()Z
05-24 22:02:13.994  1094  1094 D M_InsDal: Lcom/fsck/k9/Account;--->getOutboxFolderName()Ljava/lang/String;
05-24 22:02:13.994  1094  1094 D M_InsDal: Lcom/fsck/k9/controller/MessagingController;--->isMoveCapable(Lcom/fsck/k9/Account;)Z
05-24 22:02:13.994  1094  1094 D M_InsDal: Lcom/fsck/k9/Account;--->getLocalStore()Lcom/fsck/k9/mailstore/LocalStore;
05-24 22:02:13.994  1094  1094 D M_InsDal: Lcom/fsck/k9/mailstore/LocalStore;--->getInstance(Lcom/fsck/k9/Account;Landroid/content/Context;)Lcom/fsck/k9/mailstore/LocalStore;
05-24 22:02:13.994  1094  1094 D M_InsDal: Lcom/fsck/k9/Account;--->getUuid()Ljava/lang/String;
05-24 22:02:13.994  1094  1094 D M_InsDal: Lcom/fsck/k9/Account;--->getRemoteStore()Lcom/fsck/k9/mail/Store;
05-24 22:02:13.994  1094  1094 D M_InsDal: Lcom/fsck/k9/mail/store/RemoteStore;--->getInstance(Landroid/content/Context;Lcom/fsck/k9/mail/store/StoreConfig;)Lcom/fsck/k9/mail/Store;
05-24 22:02:13.994  1094  1094 D M_InsDal: Lcom/fsck/k9/Account;--->getStoreUri()Ljava/lang/String;
05-24 22:02:13.994  1094  1094 D M_InsDal: Lcom/fsck/k9/mailstore/LocalStore;--->isMoveCapable()Z
05-24 22:02:13.994  1094  1094 D M_InsDal: Lcom/fsck/k9/mail/store/imap/ImapStore;--->isMoveCapable()Z
05-24 22:02:13.994  1094  1094 D M_InsDal: Lcom/fsck/k9/fragment/MessageListFragment$3;---><init>(Lcom/fsck/k9/fragment/MessageListFragment;)V
05-24 22:02:13.994  1094  1094 D M_InsDal: Lcom/fsck/k9/fragment/MessageListFragment;--->initializeLayout()V
05-24 22:02:13.997  1094  1094 D M_InsDal: Lcom/fsck/k9/fragment/MessageListFragment;--->onActivityCreated(Landroid/os/Bundle;)V
05-24 22:02:13.997  1094  1094 D M_InsDal: Lcom/fsck/k9/helper/MessageHelper;--->getInstance(Landroid/content/Context;)Lcom/fsck/k9/helper/MessageHelper;
05-24 22:02:13.997  1094  1094 D M_InsDal: Lcom/fsck/k9/fragment/MessageListFragment;--->initializeMessageList()V
05-24 22:02:13.997  1094  1094 D M_InsDal: Lcom/fsck/k9/fragment/MessageListAdapter;---><init>(Lcom/fsck/k9/fragment/MessageListFragment;)V
05-24 22:02:13.997  1094  1094 D M_InsDal: Lcom/fsck/k9/K9;--->getFontSizes()Lcom/fsck/k9/FontSizes;
05-24 22:02:13.998  1094  1094 D M_InsDal: Lcom/fsck/k9/fragment/MessageListFragment;--->getFolderInfoHolder(Ljava/lang/String;Lcom/fsck/k9/Account;)Lcom/fsck/k9/activity/FolderInfoHolder;
05-24 22:02:13.998  1094  1094 D M_InsDal: Lcom/fsck/k9/fragment/MlfUtils;--->getOpenFolder(Ljava/lang/String;Lcom/fsck/k9/Account;)Lcom/fsck/k9/mailstore/LocalFolder;
05-24 22:02:13.998  1094  1094 D M_InsDal: Lcom/fsck/k9/Account;--->getLocalStore()Lcom/fsck/k9/mailstore/LocalStore;
05-24 22:02:13.998  1094  1094 D M_InsDal: Lcom/fsck/k9/mailstore/LocalStore;--->getInstance(Lcom/fsck/k9/Account;Landroid/content/Context;)Lcom/fsck/k9/mailstore/LocalStore;
05-24 22:02:13.998  1094  1094 D M_InsDal: Lcom/fsck/k9/Account;--->getUuid()Ljava/lang/String;
05-24 22:02:13.998  1094  1094 D M_InsDal: Lcom/fsck/k9/mailstore/LocalStore;--->getFolder(Ljava/lang/String;)Lcom/fsck/k9/mailstore/LocalFolder;
05-24 22:02:13.998  1094  1094 D M_InsDal: Lcom/fsck/k9/mailstore/LocalFolder;---><init>(Lcom/fsck/k9/mailstore/LocalStore;Ljava/lang/String;)V
05-24 22:02:13.998  1094  1094 D M_InsDal: Lcom/fsck/k9/mail/Folder;---><init>()V
05-24 22:02:13.998  1094  1094 D M_InsDal: Lcom/fsck/k9/mailstore/LocalStore;--->getAttachmentInfoExtractor()Lcom/fsck/k9/message/extractors/AttachmentInfoExtractor;
05-24 22:02:13.998  1094  1094 D M_InsDal: Lcom/fsck/k9/mailstore/LocalFolder;--->getAccount()Lcom/fsck/k9/Account;
05-24 22:02:13.998  1094  1094 D M_InsDal: Lcom/fsck/k9/mailstore/LocalStore;--->getAccount()Lcom/fsck/k9/Account;
05-24 22:02:13.998  1094  1094 D M_InsDal: Lcom/fsck/k9/Account;--->getInboxFolderName()Ljava/lang/String;
05-24 22:02:13.998  1094  1094 D M_InsDal: Lcom/fsck/k9/mailstore/LocalFolder;--->getName()Ljava/lang/String;
05-24 22:02:13.998  1094  1094 D M_InsDal: Lcom/fsck/k9/mailstore/LocalFolder;--->open(I)V
05-24 22:02:13.998  1094  1094 D M_InsDal: Lcom/fsck/k9/mailstore/LocalFolder;--->isOpen()Z
05-24 22:02:13.998  1094  1094 D M_InsDal: Lcom/fsck/k9/mailstore/LocalFolder;--->isOpen()Z
05-24 22:02:13.998  1094  1094 D M_InsDal: Lcom/fsck/k9/mailstore/LocalStore;--->getDatabase()Lcom/fsck/k9/mailstore/LockableDatabase;
05-24 22:02:13.998  1094  1094 D M_InsDal: Lcom/fsck/k9/mailstore/LocalFolder$1;---><init>(Lcom/fsck/k9/mailstore/LocalFolder;I)V
05-24 22:02:13.998  1094  1094 D M_InsDal: Lcom/fsck/k9/mailstore/LockableDatabase;--->execute(ZLcom/fsck/k9/mailstore/LockableDatabase$DbCallback;)Ljava/lang/Object;
05-24 22:02:13.998  1094  1094 D M_InsDal: Lcom/fsck/k9/mailstore/LockableDatabase;--->lockRead()V
05-24 22:02:13.998  1094  1094 D M_InsDal: Lcom/fsck/k9/mailstore/LockableDatabase;--->getStorageManager()Lcom/fsck/k9/mailstore/StorageManager;
05-24 22:02:13.998  1094  1094 D M_InsDal: Lcom/fsck/k9/mailstore/StorageManager;--->getInstance(Landroid/content/Context;)Lcom/fsck/k9/mailstore/StorageManager;
05-24 22:02:13.998  1094  1094 D M_InsDal: Lcom/fsck/k9/mailstore/StorageManager;--->lockProvider(Ljava/lang/String;)V
05-24 22:02:13.998  1094  1094 D M_InsDal: Lcom/fsck/k9/mailstore/StorageManager;--->getProvider(Ljava/lang/String;)Lcom/fsck/k9/mailstore/StorageManager$StorageProvider;
05-24 22:02:13.998  1094  1094 D M_InsDal: Lcom/fsck/k9/mailstore/StorageManager$InternalStorageProvider;--->isReady(Landroid/content/Context;)Z
05-24 22:02:13.998  1094  1094 D M_InsDal: Lcom/fsck/k9/K9;--->isDebug()Z
05-24 22:02:13.998  1094  1094 D M_InsDal: Lcom/fsck/k9/mailstore/LocalFolder$1;--->doDbWork(Landroid/database/sqlite/SQLiteDatabase;)Ljava/lang/Void;
05-24 22:02:13.998  1094  1094 D M_InsDal: Lcom/fsck/k9/mailstore/LocalFolder;--->open(Landroid/database/Cursor;)V
05-24 22:02:13.998  1094  1094 D M_InsDal: Lcom/fsck/k9/mail/Folder;--->setStatus(Ljava/lang/String;)V
05-24 22:02:13.998  1094  1094 D M_InsDal: Lcom/fsck/k9/mail/Folder;--->setLastChecked(J)V
05-24 22:02:13.998  1094  1094 D M_InsDal: Lcom/fsck/k9/mail/Folder;--->setLastPush(J)V
05-24 22:02:13.998  1094  1094 D M_InsDal: Lcom/fsck/k9/mail/Folder$FolderClass;--->valueOf(Ljava/lang/String;)Lcom/fsck/k9/mail/Folder$FolderClass;
05-24 22:02:13.998  1094  1094 D M_InsDal: Lcom/fsck/k9/mail/Folder$FolderClass;--->valueOf(Ljava/lang/String;)Lcom/fsck/k9/mail/Folder$FolderClass;
05-24 22:02:13.998  1094  1094 D M_InsDal: Lcom/fsck/k9/mailstore/LocalFolder$MoreMessages;--->fromDatabaseName(Ljava/lang/String;)Lcom/fsck/k9/mailstore/LocalFolder$MoreMessages;
05-24 22:02:13.998  1094  1094 D M_InsDal: Lcom/fsck/k9/mailstore/LocalFolder$MoreMessages;--->values()[Lcom/fsck/k9/mailstore/LocalFolder$MoreMessages;
05-24 22:02:13.998  1094  1094 D M_InsDal: Lcom/fsck/k9/helper/Utility;--->closeQuietly(Landroid/database/Cursor;)V
05-24 22:02:13.998  1094  1094 D M_InsDal: Lcom/fsck/k9/mailstore/LockableDatabase;--->unlockRead()V
05-24 22:02:13.998  1094  1094 D M_InsDal: Lcom/fsck/k9/mailstore/LockableDatabase;--->getStorageManager()Lcom/fsck/k9/mailstore/StorageManager;
05-24 22:02:13.998  1094  1094 D M_InsDal: Lcom/fsck/k9/mailstore/StorageManager;--->getInstance(Landroid/content/Context;)Lcom/fsck/k9/mailstore/StorageManager;
05-24 22:02:13.998  1094  1094 D M_InsDal: Lcom/fsck/k9/mailstore/StorageManager;--->unlockProvider(Ljava/lang/String;)V
05-24 22:02:13.998  1094  1094 D M_InsDal: Lcom/fsck/k9/mailstore/StorageManager;--->getProvider(Ljava/lang/String;)Lcom/fsck/k9/mailstore/StorageManager$StorageProvider;
05-24 22:02:13.998  1094  1094 D M_InsDal: Lcom/fsck/k9/activity/FolderInfoHolder;---><init>(Landroid/content/Context;Lcom/fsck/k9/mailstore/LocalFolder;Lcom/fsck/k9/Account;)V
05-24 22:02:13.998  1094  1094 D M_InsDal: Lcom/fsck/k9/activity/FolderInfoHolder;--->populate(Landroid/content/Context;Lcom/fsck/k9/mailstore/LocalFolder;Lcom/fsck/k9/Account;)V
05-24 22:02:13.998  1094  1094 D M_InsDal: Lcom/fsck/k9/mailstore/LocalFolder;--->getName()Ljava/lang/String;
05-24 22:02:13.998  1094  1094 D M_InsDal: Lcom/fsck/k9/mail/Folder;--->getLastUpdate()J
05-24 22:02:13.998  1094  1094 D M_InsDal: Lcom/fsck/k9/mail/Folder;--->getLastChecked()J
05-24 22:02:13.998  1094  1094 D M_InsDal: Lcom/fsck/k9/mail/Folder;--->getLastPush()J
05-24 22:02:13.998  1094  1094 D M_InsDal: Lcom/fsck/k9/mail/Folder;--->getStatus()Ljava/lang/String;
05-24 22:02:13.998  1094  1094 D M_InsDal: Lcom/fsck/k9/activity/FolderInfoHolder;--->truncateStatus(Ljava/lang/String;)Ljava/lang/String;
05-24 22:02:13.998  1094  1094 D M_InsDal: Lcom/fsck/k9/activity/FolderInfoHolder;--->getDisplayName(Landroid/content/Context;Lcom/fsck/k9/Account;Ljava/lang/String;)Ljava/lang/String;
05-24 22:02:13.998  1094  1094 D M_InsDal: Lcom/fsck/k9/Account;--->getSpamFolderName()Ljava/lang/String;
05-24 22:02:13.998  1094  1094 D M_InsDal: Lcom/fsck/k9/Account;--->getArchiveFolderName()Ljava/lang/String;
05-24 22:02:13.998  1094  1094 D M_InsDal: Lcom/fsck/k9/Account;--->getSentFolderName()Ljava/lang/String;
05-24 22:02:13.998  1094  1094 D M_InsDal: Lcom/fsck/k9/Account;--->getTrashFolderName()Ljava/lang/String;
05-24 22:02:13.998  1094  1094 D M_InsDal: Lcom/fsck/k9/Account;--->getDraftsFolderName()Ljava/lang/String;
05-24 22:02:13.998  1094  1094 D M_InsDal: Lcom/fsck/k9/Account;--->getOutboxFolderName()Ljava/lang/String;
05-24 22:02:13.998  1094  1094 D M_InsDal: Lcom/fsck/k9/Account;--->getInboxFolderName()Ljava/lang/String;
05-24 22:02:13.998  1094  1094 D M_InsDal: Lcom/fsck/k9/activity/FolderInfoHolder;--->setMoreMessagesFromFolder(Lcom/fsck/k9/mailstore/LocalFolder;)V
05-24 22:02:13.998  1094  1094 D M_InsDal: Lcom/fsck/k9/mailstore/LocalFolder;--->hasMoreMessages()Z
05-24 22:02:13.998  1094  1094 D M_InsDal: Lcom/fsck/k9/fragment/MessageListFragment;--->getFooterView(Landroid/view/ViewGroup;)Landroid/view/View;
05-24 22:02:13.999  1094  1094 D M_InsDal: Lcom/fsck/k9/fragment/MessageListFragment$FooterViewHolder;---><init>()V
05-24 22:02:13.999  1094  1094 D M_InsDal: Lcom/fsck/k9/fragment/MessageListFragment;--->updateFooterView()V
05-24 22:02:13.999  1094  1094 D M_InsDal: Lcom/fsck/k9/search/LocalSearch;--->isManualSearch()Z
05-24 22:02:13.999  1094  1094 D M_InsDal: Lcom/fsck/k9/fragment/MessageListFragment;--->updateFooter(Ljava/lang/String;)V
05-24 22:02:13.999  1094  1094 D M_InsDal: Lcom/fsck/k9/fragment/MessageListFragment;--->initializeSortSettings()V
05-24 22:02:13.999  1094  1094 D M_InsDal: Lcom/fsck/k9/Account;--->getSortType()Lcom/fsck/k9/Account$SortType;
05-24 22:02:13.999  1094  1094 D M_InsDal: Lcom/fsck/k9/Account;--->isSortAscending(Lcom/fsck/k9/Account$SortType;)Z
05-24 22:02:13.999  1094  1094 D M_InsDal: Lcom/fsck/k9/Account;--->isSortAscending(Lcom/fsck/k9/Account$SortType;)Z
05-24 22:02:13.999  1094  1094 D M_InsDal: Lcom/fsck/k9/fragment/MessageListFragment;--->onCreateLoader(ILandroid/os/Bundle;)Landroid/content/Loader;
05-24 22:02:13.999  1094  1094 D M_InsDal: Lcom/fsck/k9/Preferences;--->getAccount(Ljava/lang/String;)Lcom/fsck/k9/Account;
05-24 22:02:13.999  1094  1094 D M_InsDal: Lcom/fsck/k9/fragment/MessageListFragment;--->getThreadId(Lcom/fsck/k9/search/LocalSearch;)Ljava/lang/String;
05-24 22:02:13.999  1094  1094 D M_InsDal: Lcom/fsck/k9/search/LocalSearch;--->getLeafSet()Ljava/util/Set;
05-24 22:02:13.999  1094  1094 D M_InsDal: Lcom/fsck/k9/fragment/MLFProjectionInfo;---><clinit>()V
