05-24 22:05:24.073  2560  2595 D M_InsDal: Lcom/fsck/k9/mail/Folder;--->setLastPush(J)V
05-24 22:05:24.073  2560  2597 D M_InsDal: Lcom/fsck/k9/mail/Folder$FolderClass;--->valueOf(Ljava/lang/String;)Lcom/fsck/k9/mail/Folder$FolderClass;
05-24 22:05:24.073  2560  2595 D M_InsDal: Lcom/fsck/k9/mail/Folder$FolderClass;--->valueOf(Ljava/lang/String;)Lcom/fsck/k9/mail/Folder$FolderClass;
05-24 22:05:24.073  2560  2597 D M_InsDal: Lcom/fsck/k9/mail/Folder$FolderClass;--->valueOf(Ljava/lang/String;)Lcom/fsck/k9/mail/Folder$FolderClass;
05-24 22:05:24.073  2560  2597 D M_InsDal: Lcom/fsck/k9/mail/Folder$FolderClass;--->valueOf(Ljava/lang/String;)Lcom/fsck/k9/mail/Folder$FolderClass;
05-24 22:05:24.073  2560  2595 D M_InsDal: Lcom/fsck/k9/mail/Folder$FolderClass;--->valueOf(Ljava/lang/String;)Lcom/fsck/k9/mail/Folder$FolderClass;
05-24 22:05:24.073  2560  2597 D M_InsDal: Lcom/fsck/k9/mailstore/LocalFolder$MoreMessages;--->fromDatabaseName(Ljava/lang/String;)Lcom/fsck/k9/mailstore/LocalFolder$MoreMessages;
05-24 22:05:24.073  2560  2595 D M_InsDal: Lcom/fsck/k9/mail/Folder$FolderClass;--->valueOf(Ljava/lang/String;)Lcom/fsck/k9/mail/Folder$FolderClass;
05-24 22:05:24.073  2560  2597 D M_InsDal: Lcom/fsck/k9/mailstore/LocalFolder$MoreMessages;--->values()[Lcom/fsck/k9/mailstore/LocalFolder$MoreMessages;
05-24 22:05:24.073  2560  2595 D M_InsDal: Lcom/fsck/k9/mail/Folder$FolderClass;--->valueOf(Ljava/lang/String;)Lcom/fsck/k9/mail/Folder$FolderClass;
05-24 22:05:24.073  2560  2595 D M_InsDal: Lcom/fsck/k9/mailstore/LocalFolder$MoreMessages;--->fromDatabaseName(Ljava/lang/String;)Lcom/fsck/k9/mailstore/LocalFolder$MoreMessages;
05-24 22:05:24.073  2560  2597 D M_InsDal: Lcom/fsck/k9/helper/Utility;--->closeQuietly(Landroid/database/Cursor;)V
05-24 22:05:24.073  2560  2595 D M_InsDal: Lcom/fsck/k9/mailstore/LocalFolder$MoreMessages;--->values()[Lcom/fsck/k9/mailstore/LocalFolder$MoreMessages;
05-24 22:05:24.073  2560  2595 D M_InsDal: Lcom/fsck/k9/helper/Utility;--->closeQuietly(Landroid/database/Cursor;)V
05-24 22:05:24.073  2560  2560 D M_InsDal: Lcom/fsck/k9/mail/K9MailLib;--->isDebug()Z
05-24 22:05:24.073  2560  2597 D M_InsDal: Lcom/fsck/k9/mailstore/LockableDatabase;--->unlockRead()V
05-24 22:05:24.073  2560  2560 D M_InsDal: Lcom/fsck/k9/K9$2;--->enabled()Z
05-24 22:05:24.073  2560  2597 D M_InsDal: Lcom/fsck/k9/mailstore/LockableDatabase;--->getStorageManager()Lcom/fsck/k9/mailstore/StorageManager;
05-24 22:05:24.073  2560  2560 D M_InsDal: Lcom/fsck/k9/mail/power/TracingPowerManager$TracingWakeLock;--->raiseNotification()V
05-24 22:05:24.073  2560  2597 D M_InsDal: Lcom/fsck/k9/mailstore/StorageManager;--->getInstance(Landroid/content/Context;)Lcom/fsck/k9/mailstore/StorageManager;
05-24 22:05:24.073  2560  2597 D M_InsDal: Lcom/fsck/k9/mailstore/StorageManager;--->unlockProvider(Ljava/lang/String;)V
05-24 22:05:24.073  2560  2597 D M_InsDal: Lcom/fsck/k9/mailstore/StorageManager;--->getProvider(Ljava/lang/String;)Lcom/fsck/k9/mailstore/StorageManager$StorageProvider;
05-24 22:05:24.073  2560  2560 D M_InsDal: Lcom/fsck/k9/mail/power/TracingPowerManager$TracingWakeLock;--->release()V
05-24 22:05:24.073  2560  2560 D M_InsDal: Lcom/fsck/k9/mail/K9MailLib;--->isDebug()Z
05-24 22:05:24.073  2560  2560 D M_InsDal: Lcom/fsck/k9/K9$2;--->enabled()Z
05-24 22:05:24.073  2560  2597 D M_InsDal: Lcom/fsck/k9/mailstore/LocalFolder;--->getPushState()Ljava/lang/String;
05-24 22:05:24.073  2560  2560 D M_InsDal: Lcom/fsck/k9/mail/power/TracingPowerManager$TracingWakeLock;--->cancelNotification()V
05-24 22:05:24.073  2560  2597 D M_InsDal: Lcom/fsck/k9/mailstore/LocalFolder;--->close()V
05-24 22:05:24.073  2560  2595 D M_InsDal: Lcom/fsck/k9/mailstore/LockableDatabase;--->unlockRead()V
05-24 22:05:24.073  2560  2595 D M_InsDal: Lcom/fsck/k9/mailstore/LockableDatabase;--->getStorageManager()Lcom/fsck/k9/mailstore/StorageManager;
05-24 22:05:24.073  2560  2595 D M_InsDal: Lcom/fsck/k9/mailstore/StorageManager;--->getInstance(Landroid/content/Context;)Lcom/fsck/k9/mailstore/StorageManager;
05-24 22:05:24.073  2560  2595 D M_InsDal: Lcom/fsck/k9/mailstore/StorageManager;--->unlockProvider(Ljava/lang/String;)V
05-24 22:05:24.073  2560  2595 D M_InsDal: Lcom/fsck/k9/mailstore/StorageManager;--->getProvider(Ljava/lang/String;)Lcom/fsck/k9/mailstore/StorageManager$StorageProvider;
05-24 22:05:24.073  2560  2597 D M_InsDal: Lcom/fsck/k9/mail/store/imap/ImapPushState;--->parse(Ljava/lang/String;)Lcom/fsck/k9/mail/store/imap/ImapPushState;
05-24 22:05:24.073  2560  2597 D M_InsDal: Lcom/fsck/k9/mail/store/imap/ImapPushState;--->createDefaultImapPushState()Lcom/fsck/k9/mail/store/imap/ImapPushState;
05-24 22:05:24.073  2560  2595 D M_InsDal: Lcom/fsck/k9/mailstore/LocalFolder;--->getPushState()Ljava/lang/String;
05-24 22:05:24.073  2560  2595 D M_InsDal: Lcom/fsck/k9/mailstore/LocalFolder;--->close()V
05-24 22:05:24.073  2560  2595 D M_InsDal: Lcom/fsck/k9/mail/store/imap/ImapPushState;--->parse(Ljava/lang/String;)Lcom/fsck/k9/mail/store/imap/ImapPushState;
05-24 22:05:24.073  2560  2586 D M_InsDal: Lcom/fsck/k9/service/MailService;--->isSyncDisabled()Z
05-24 22:05:24.073  2560  2595 D M_InsDal: Lcom/fsck/k9/mail/store/imap/ImapPushState;---><init>(J)V
05-24 22:05:24.073  2560  2595 D M_InsDal: Lcom/fsck/k9/mail/K9MailLib;--->isDebug()Z
05-24 22:05:24.073  2560  2586 D M_InsDal: Lcom/fsck/k9/controller/MessagingController;--->getInstance(Landroid/content/Context;)Lcom/fsck/k9/controller/MessagingController;
05-24 22:05:24.073  2560  2595 D M_InsDal: Lcom/fsck/k9/K9$2;--->enabled()Z
05-24 22:05:24.073  2560  2595 D M_InsDal: Lcom/fsck/k9/mail/store/imap/ImapFolderPusher$PushRunnable;--->openConnectionIfNecessary()Z
05-24 22:05:24.073  2560  2595 D M_InsDal: Lcom/fsck/k9/mail/store/imap/ImapFolder;--->internalOpen(I)Ljava/util/List;
05-24 22:05:24.073  2560  2586 D M_InsDal: Lcom/fsck/k9/controller/MessagingController;--->systemStatusChanged()V
05-24 22:05:24.073  2560  2595 D M_InsDal: Lcom/fsck/k9/mail/store/imap/ImapFolder;--->isOpen()Z
05-24 22:05:24.073  2560  2586 D M_InsDal: Lcom/fsck/k9/controller/MessagingController;--->getListeners()Ljava/util/Set;
05-24 22:05:24.073  2560  2595 D M_InsDal: Lcom/fsck/k9/mail/store/imap/ImapStore;--->releaseConnection(Lcom/fsck/k9/mail/store/imap/ImapConnection;)V
05-24 22:05:24.073  2560  2595 D M_InsDal: Lcom/fsck/k9/mail/store/imap/ImapStore;--->getConnection()Lcom/fsck/k9/mail/store/imap/ImapConnection;
05-24 22:05:24.073  2560  2595 D M_InsDal: Lcom/fsck/k9/mail/store/imap/ImapStore;--->pollConnection()Lcom/fsck/k9/mail/store/imap/ImapConnection;
05-24 22:05:24.073  2560  2586 D M_InsDal: Lcom/fsck/k9/controller/SimpleMessagingListener;--->systemStatusChanged()V
05-24 22:05:24.073  2560  2586 D M_InsDal: Lcom/fsck/k9/controller/SimpleMessagingListener;--->systemStatusChanged()V
05-24 22:05:24.073  2560  2586 D M_InsDal: Lcom/fsck/k9/mail/power/TracingPowerManager$TracingWakeLock;--->release()V
05-24 22:05:24.073  2560  2586 D M_InsDal: Lcom/fsck/k9/mail/K9MailLib;--->isDebug()Z
05-24 22:05:24.073  2560  2586 D M_InsDal: Lcom/fsck/k9/K9$2;--->enabled()Z
05-24 22:05:24.073  2560  2586 D M_InsDal: Lcom/fsck/k9/mail/power/TracingPowerManager$TracingWakeLock;--->cancelNotification()V
05-24 22:05:24.073  2560  2560 D M_InsDal: Lcom/fsck/k9/service/PushService;--->startService(Landroid/content/Intent;I)I
05-24 22:05:24.073  2560  2560 D M_InsDal: Lcom/fsck/k9/mail/power/TracingPowerManager$TracingWakeLock;--->release()V
05-24 22:05:24.073  2560  2560 D M_InsDal: Lcom/fsck/k9/mail/K9MailLib;--->isDebug()Z
05-24 22:05:24.073  2560  2560 D M_InsDal: Lcom/fsck/k9/K9$2;--->enabled()Z
05-24 22:05:24.073  2560  2560 D M_InsDal: Lcom/fsck/k9/mail/power/TracingPowerManager$TracingWakeLock;--->cancelNotification()V
05-24 22:05:24.073  2560  2595 D M_InsDal: Lcom/fsck/k9/mail/store/imap/ImapStore;--->createImapConnection()Lcom/fsck/k9/mail/store/imap/ImapConnection;
05-24 22:05:24.073  2560  2595 D M_InsDal: Lcom/fsck/k9/mail/store/imap/ImapStore$StoreImapSettings;---><init>(Lcom/fsck/k9/mail/store/imap/ImapStore;)V
05-24 22:05:24.073  2560  2595 D M_InsDal: Lcom/fsck/k9/mail/store/imap/ImapConnection;---><init>(Lcom/fsck/k9/mail/store/imap/ImapSettings;Lcom/fsck/k9/mail/ssl/TrustedSocketFactory;Landroid/net/ConnectivityManager;Lcom/fsck/k9/mail/oauth/OAuth2TokenProvider;)V
05-24 22:05:24.073  2560  2595 D M_InsDal: Lcom/fsck/k9/mail/store/imap/ImapFolder;--->getPrefixedName()Ljava/lang/String;
05-24 22:05:24.073  2560  2595 D M_InsDal: Lcom/fsck/k9/mail/store/imap/ImapStore;--->getStoreConfig()Lcom/fsck/k9/mail/store/StoreConfig;
05-24 22:05:24.073  2560  2595 D M_InsDal: Lcom/fsck/k9/Account;--->getInboxFolderName()Ljava/lang/String;
05-24 22:05:24.073  2560  2597 D M_InsDal: Lcom/fsck/k9/mail/store/imap/ImapPushState;---><init>(J)V
05-24 22:05:24.073  2560  2597 D M_InsDal: Lcom/fsck/k9/mail/K9MailLib;--->isDebug()Z
05-24 22:05:24.073  2560  2597 D M_InsDal: Lcom/fsck/k9/K9$2;--->enabled()Z
05-24 22:05:24.073  2560  2560 D M_InsDal: Lcom/fsck/k9/service/BootReceiver;---><init>()V
05-24 22:05:24.073  2560  2597 D M_InsDal: Lcom/fsck/k9/mail/store/imap/ImapFolderPusher$PushRunnable;--->openConnectionIfNecessary()Z
05-24 22:05:24.073  2560  2560 D M_InsDal: Lcom/fsck/k9/service/CoreReceiver;---><init>()V
05-24 22:05:24.073  2560  2560 D M_InsDal: Lcom/fsck/k9/service/CoreReceiver;--->onReceive(Landroid/content/Context;Landroid/content/Intent;)V
05-24 22:05:24.073  2560  2597 D M_InsDal: Lcom/fsck/k9/mail/store/imap/ImapFolder;--->internalOpen(I)Ljava/util/List;
05-24 22:05:24.073  2560  2560 D M_InsDal: Lcom/fsck/k9/service/CoreReceiver;--->getWakeLock(Landroid/content/Context;)Ljava/lang/Integer;
05-24 22:05:24.073  2560  2597 D M_InsDal: Lcom/fsck/k9/mail/store/imap/ImapFolder;--->isOpen()Z
05-24 22:05:24.073  2560  2560 D M_InsDal: Lcom/fsck/k9/mail/power/TracingPowerManager;--->getPowerManager(Landroid/content/Context;)Lcom/fsck/k9/mail/power/TracingPowerManager;
05-24 22:05:24.073  2560  2597 D M_InsDal: Lcom/fsck/k9/mail/store/imap/ImapStore;--->releaseConnection(Lcom/fsck/k9/mail/store/imap/ImapConnection;)V
05-24 22:05:24.073  2560  2597 D M_InsDal: Lcom/fsck/k9/mail/store/imap/ImapStore;--->getConnection()Lcom/fsck/k9/mail/store/imap/ImapConnection;
05-24 22:05:24.073  2560  2560 D M_InsDal: Lcom/fsck/k9/mail/power/TracingPowerManager;--->newWakeLock(ILjava/lang/String;)Lcom/fsck/k9/mail/power/TracingPowerManager$TracingWakeLock;
05-24 22:05:24.073  2560  2597 D M_InsDal: Lcom/fsck/k9/mail/store/imap/ImapStore;--->pollConnection()Lcom/fsck/k9/mail/store/imap/ImapConnection;
05-24 22:05:24.073  2560  2560 D M_InsDal: Lcom/fsck/k9/mail/power/TracingPowerManager$TracingWakeLock;---><init>(Lcom/fsck/k9/mail/power/TracingPowerManager;ILjava/lang/String;)V
05-24 22:05:24.073  2560  2560 D M_InsDal: Lcom/fsck/k9/mail/K9MailLib;--->isDebug()Z
05-24 22:05:24.073  2560  2560 D M_InsDal: Lcom/fsck/k9/K9$2;--->enabled()Z
05-24 22:05:24.073  2560  2560 D M_InsDal: Lcom/fsck/k9/mail/power/TracingPowerManager$TracingWakeLock;--->setReferenceCounted(Z)V
05-24 22:05:24.073  2560  2560 D M_InsDal: Lcom/fsck/k9/mail/power/TracingPowerManager$TracingWakeLock;--->acquire(J)V
05-24 22:05:24.073  2560  2597 D M_InsDal: Lcom/fsck/k9/mail/store/imap/ImapStore;--->createImapConnection()Lcom/fsck/k9/mail/store/imap/ImapConnection;
05-24 22:05:24.073  2560  2597 D M_InsDal: Lcom/fsck/k9/mail/store/imap/ImapStore$StoreImapSettings;---><init>(Lcom/fsck/k9/mail/store/imap/ImapStore;)V
05-24 22:05:24.073  2560  2597 D M_InsDal: Lcom/fsck/k9/mail/store/imap/ImapConnection;---><init>(Lcom/fsck/k9/mail/store/imap/ImapSettings;Lcom/fsck/k9/mail/ssl/TrustedSocketFactory;Landroid/net/ConnectivityManager;Lcom/fsck/k9/mail/oauth/OAuth2TokenProvider;)V
05-24 22:05:24.073  2560  2597 D M_InsDal: Lcom/fsck/k9/mail/store/imap/ImapFolder;--->getPrefixedName()Ljava/lang/String;
05-24 22:05:24.073  2560  2597 D M_InsDal: Lcom/fsck/k9/mail/store/imap/ImapStore;--->getStoreConfig()Lcom/fsck/k9/mail/store/StoreConfig;
05-24 22:05:24.073  2560  2597 D M_InsDal: Lcom/fsck/k9/Account;--->getInboxFolderName()Ljava/lang/String;
05-24 22:05:24.073  2560  2597 D M_InsDal: Lcom/fsck/k9/mail/store/imap/ImapConnection;--->open()V
05-24 22:05:24.073  2560  2597 D M_InsDal: Lcom/fsck/k9/mail/store/imap/ImapConnection;--->adjustDNSCacheTTL()V
05-24 22:05:24.073  2560  2597 D M_InsDal: Lcom/fsck/k9/mail/store/imap/ImapConnection;--->connect()Ljava/net/Socket;
05-24 22:05:24.073  2560  2597 D M_InsDal: Lcom/fsck/k9/mail/store/imap/ImapStore$StoreImapSettings;--->getHost()Ljava/lang/String;
05-24 22:05:24.073  2560  2595 D M_InsDal: Lcom/fsck/k9/mail/store/imap/FolderNameCodec;--->encode(Ljava/lang/String;)Ljava/lang/String;
05-24 22:05:24.074  2560  2595 D M_InsDal: Lcom/fsck/k9/mail/store/imap/ImapUtility;--->encodeString(Ljava/lang/String;)Ljava/lang/String;
05-24 22:05:24.074  2560  2595 D M_InsDal: Lcom/fsck/k9/mail/store/imap/ImapFolder;--->executeSimpleCommand(Ljava/lang/String;)Ljava/util/List;
05-24 22:05:24.074  2560  2595 D M_InsDal: Lcom/fsck/k9/mail/store/imap/ImapConnection;--->executeSimpleCommand(Ljava/lang/String;)Ljava/util/List;
05-24 22:05:24.074  2560  2595 D M_InsDal: Lcom/fsck/k9/mail/store/imap/ImapConnection;--->executeSimpleCommand(Ljava/lang/String;Z)Ljava/util/List;
05-24 22:05:24.074  2560  2595 D M_InsDal: Lcom/fsck/k9/mail/store/imap/ImapConnection;--->sendCommand(Ljava/lang/String;Z)Ljava/lang/String;
05-24 22:05:24.074  2560  2595 D M_InsDal: Lcom/fsck/k9/mail/store/imap/ImapConnection;--->open()V
05-24 22:05:24.074  2560  2595 D M_InsDal: Lcom/fsck/k9/mail/store/imap/ImapConnection;--->adjustDNSCacheTTL()V
05-24 22:05:24.074  2560  2595 D M_InsDal: Lcom/fsck/k9/mail/store/imap/ImapConnection;--->connect()Ljava/net/Socket;
05-24 22:05:24.074  2560  2595 D M_InsDal: Lcom/fsck/k9/mail/store/imap/ImapStore$StoreImapSettings;--->getHost()Ljava/lang/String;
05-24 22:05:24.074  2560  2560 D M_InsDal: Lcom/fsck/k9/mail/K9MailLib;--->isDebug()Z
05-24 22:05:24.074  2560  2560 D M_InsDal: Lcom/fsck/k9/K9$2;--->enabled()Z
05-24 22:05:24.074  2560  2560 D M_InsDal: Lcom/fsck/k9/mail/power/TracingPowerManager$TracingWakeLock;--->raiseNotification()V
05-24 22:05:24.074  2560  2560 D M_InsDal: Lcom/fsck/k9/service/BootReceiver;--->receive(Landroid/content/Context;Landroid/content/Intent;Ljava/lang/Integer;)Ljava/lang/Integer;
05-24 22:05:24.074  2560  2560 D M_InsDal: Lcom/fsck/k9/service/BootReceiver;--->buildPendingIntent(Landroid/content/Context;Landroid/content/Intent;)Landroid/app/PendingIntent;
05-24 22:05:24.075  2560  2560 D M_InsDal: Lcom/fsck/k9/helper/K9AlarmManager;--->getAlarmManager(Landroid/content/Context;)Lcom/fsck/k9/helper/K9AlarmManager;
05-24 22:05:24.075  2560  2560 D M_InsDal: Lcom/fsck/k9/power/DozeChecker;---><init>(Landroid/content/Context;)V
05-24 22:05:24.075  2560  2560 D M_InsDal: Lcom/fsck/k9/helper/K9AlarmManager;---><init>(Landroid/app/AlarmManager;Lcom/fsck/k9/power/DozeChecker;)V
05-24 22:05:24.075  2560  2560 D M_InsDal: Lcom/fsck/k9/helper/K9AlarmManager;--->set(IJLandroid/app/PendingIntent;)V
05-24 22:05:24.075  2560  2560 D M_InsDal: Lcom/fsck/k9/power/DozeChecker;--->isDeviceIdleModeSupported()Z
05-24 22:05:24.075  2560  2560 D M_InsDal: Lcom/fsck/k9/power/DozeChecker;--->isAppWhitelisted()Z
05-24 22:05:24.075  2560  2597 D M_InsDal: Lcom/fsck/k9/mail/store/imap/ImapConnection;--->connectToAddress(Ljava/net/InetAddress;)Ljava/net/Socket;
05-24 22:05:24.075  2560  2597 D M_InsDal: Lcom/fsck/k9/mail/store/imap/ImapStore$StoreImapSettings;--->getHost()Ljava/lang/String;
05-24 22:05:24.075  2560  2597 D M_InsDal: Lcom/fsck/k9/mail/store/imap/ImapStore$StoreImapSettings;--->getPort()I
05-24 22:05:24.075  2560  2597 D M_InsDal: Lcom/fsck/k9/mail/store/imap/ImapStore$StoreImapSettings;--->getClientCertificateAlias()Ljava/lang/String;
05-24 22:05:24.075  2560  2597 D M_InsDal: Lcom/fsck/k9/mail/K9MailLib;--->isDebug()Z
05-24 22:05:24.075  2560  2597 D M_InsDal: Lcom/fsck/k9/K9$2;--->enabled()Z
05-24 22:05:24.075  2560  2597 D M_InsDal: Lcom/fsck/k9/mail/store/imap/ImapStore$StoreImapSettings;--->getConnectionSecurity()Lcom/fsck/k9/mail/ConnectionSecurity;
05-24 22:05:24.075  2560  2597 D M_InsDal: Lcom/fsck/k9/mail/ssl/DefaultTrustedSocketFactory;--->createSocket(Ljava/net/Socket;Ljava/lang/String;ILjava/lang/String;)Ljava/net/Socket;
05-24 22:05:24.075  2560  2560 D M_InsDal: Lcom/fsck/k9/service/CoreReceiver;--->releaseWakeLock(Ljava/lang/Integer;)V
05-24 22:05:24.075  2560  2597 D M_InsDal: Lcom/fsck/k9/mail/ssl/TrustManagerFactory;---><clinit>()V
05-24 22:05:24.075  2560  2597 D M_InsDal: Lcom/fsck/k9/mail/ssl/LocalKeyStore;--->getInstance()Lcom/fsck/k9/mail/ssl/LocalKeyStore;
05-24 22:05:24.075  2560  2560 D M_InsDal: Lcom/fsck/k9/mail/power/TracingPowerManager$TracingWakeLock;--->release()V
05-24 22:05:24.075  2560  2597 D M_InsDal: Lcom/fsck/k9/mail/ssl/LocalKeyStore$LocalKeyStoreHolder;---><clinit>()V
05-24 22:05:24.075  2560  2597 D M_InsDal: Lcom/fsck/k9/mail/ssl/LocalKeyStore;---><init>()V
05-24 22:05:24.075  2560  2560 D M_InsDal: Lcom/fsck/k9/mail/K9MailLib;--->isDebug()Z
05-24 22:05:24.075  2560  2597 D M_InsDal: Lcom/fsck/k9/mail/ssl/LocalKeyStore;--->upgradeKeyStoreFile()V
05-24 22:05:24.075  2560  2560 D M_InsDal: Lcom/fsck/k9/K9$2;--->enabled()Z
05-24 22:05:24.075  2560  2560 D M_InsDal: Lcom/fsck/k9/mail/power/TracingPowerManager$TracingWakeLock;--->cancelNotification()V
05-24 22:05:24.075  2560  2597 D M_InsDal: Lcom/fsck/k9/mail/ssl/LocalKeyStore;--->getKeyStoreFilePath(I)Ljava/lang/String;
05-24 22:05:24.075  2560  2597 D M_InsDal: Lcom/fsck/k9/mail/ssl/LocalKeyStore;--->setKeyStoreFile(Ljava/io/File;)V
05-24 22:05:24.075  2560  2597 D M_InsDal: Lcom/fsck/k9/mail/ssl/LocalKeyStore;--->getKeyStoreFilePath(I)Ljava/lang/String;
05-24 22:05:24.075  2560  2560 D M_InsDal: Lcom/fsck/k9/service/MailService;--->onDestroy()V
05-24 22:05:24.076  2560  2560 D M_InsDal: Lcom/fsck/k9/service/CoreService;--->onDestroy()V
05-24 22:05:24.076  2560  2597 D M_InsDal: Lcom/fsck/k9/mail/ssl/TrustManagerFactory;--->get(Ljava/lang/String;I)Ljavax/net/ssl/X509TrustManager;
05-24 22:05:24.076  2560  2597 D M_InsDal: Lcom/fsck/k9/mail/ssl/TrustManagerFactory$SecureX509TrustManager;---><clinit>()V
05-24 22:05:24.076  2560  2597 D M_InsDal: Lcom/fsck/k9/mail/ssl/TrustManagerFactory$SecureX509TrustManager;--->getInstance(Ljava/lang/String;I)Ljavax/net/ssl/X509TrustManager;
05-24 22:05:24.076  2560  2597 D M_InsDal: Lcom/fsck/k9/mail/ssl/TrustManagerFactory$SecureX509TrustManager;---><init>(Ljava/lang/String;I)V
05-24 22:05:24.076  2560  2597 D M_InsDal: Lcom/fsck/k9/mail/ssl/DefaultTrustedSocketFactory;--->hardenSocket(Ljavax/net/ssl/SSLSocket;)V
05-24 22:05:24.076  2560  2597 D M_InsDal: Lcom/fsck/k9/mail/ssl/DefaultTrustedSocketFactory;--->setSniHost(Ljavax/net/ssl/SSLSocketFactory;Ljavax/net/ssl/SSLSocket;Ljava/lang/String;)V
05-24 22:05:24.076  2560  2597 D M_InsDal: Lcom/fsck/k9/mail/ssl/DefaultTrustedSocketFactory;--->setHostnameViaReflection(Ljavax/net/ssl/SSLSocket;Ljava/lang/String;)V
05-24 22:05:24.076  2560  2595 D M_InsDal: Lcom/fsck/k9/mail/store/imap/ImapConnection;--->connectToAddress(Ljava/net/InetAddress;)Ljava/net/Socket;
05-24 22:05:24.076  2560  2595 D M_InsDal: Lcom/fsck/k9/mail/store/imap/ImapStore$StoreImapSettings;--->getHost()Ljava/lang/String;
05-24 22:05:24.076  2560  2595 D M_InsDal: Lcom/fsck/k9/mail/store/imap/ImapStore$StoreImapSettings;--->getPort()I
05-24 22:05:24.076  2560  2595 D M_InsDal: Lcom/fsck/k9/mail/store/imap/ImapStore$StoreImapSettings;--->getClientCertificateAlias()Ljava/lang/String;
05-24 22:05:24.076  2560  2595 D M_InsDal: Lcom/fsck/k9/mail/K9MailLib;--->isDebug()Z
05-24 22:05:24.076  2560  2595 D M_InsDal: Lcom/fsck/k9/K9$2;--->enabled()Z
05-24 22:05:24.076  2560  2595 D M_InsDal: Lcom/fsck/k9/mail/store/imap/ImapStore$StoreImapSettings;--->getConnectionSecurity()Lcom/fsck/k9/mail/ConnectionSecurity;
05-24 22:05:24.076  2560  2595 D M_InsDal: Lcom/fsck/k9/mail/ssl/DefaultTrustedSocketFactory;--->createSocket(Ljava/net/Socket;Ljava/lang/String;ILjava/lang/String;)Ljava/net/Socket;
05-24 22:05:24.076  2560  2595 D M_InsDal: Lcom/fsck/k9/mail/ssl/TrustManagerFactory;--->get(Ljava/lang/String;I)Ljavax/net/ssl/X509TrustManager;
05-24 22:05:24.076  2560  2595 D M_InsDal: Lcom/fsck/k9/mail/ssl/TrustManagerFactory$SecureX509TrustManager;--->getInstance(Ljava/lang/String;I)Ljavax/net/ssl/X509TrustManager;
05-24 22:05:24.077  2560  2595 D M_InsDal: Lcom/fsck/k9/mail/ssl/DefaultTrustedSocketFactory;--->hardenSocket(Ljavax/net/ssl/SSLSocket;)V
05-24 22:05:24.077  2560  2595 D M_InsDal: Lcom/fsck/k9/mail/ssl/DefaultTrustedSocketFactory;--->setSniHost(Ljavax/net/ssl/SSLSocketFactory;Ljavax/net/ssl/SSLSocket;Ljava/lang/String;)V
05-24 22:05:24.077  2560  2595 D M_InsDal: Lcom/fsck/k9/mail/ssl/DefaultTrustedSocketFactory;--->setHostnameViaReflection(Ljavax/net/ssl/SSLSocket;Ljava/lang/String;)V
05-24 22:05:24.086  2560  2560 D M_InsDal: Lcom/fsck/k9/provider/DecryptedFileProvider;--->onTrimMemory(I)V
05-24 22:05:24.086  2560  2560 D M_InsDal: Lcom/fsck/k9/provider/AttachmentTempFileProvider;--->onTrimMemory(I)V
05-24 22:05:24.098  2560  2595 D M_InsDal: Lcom/fsck/k9/mail/store/imap/ImapConnection;--->configureSocket()V
05-24 22:05:24.098  2560  2595 D M_InsDal: Lcom/fsck/k9/mail/store/imap/ImapConnection;--->setUpStreamsAndParserFromSocket()V
05-24 22:05:24.104  2560  2597 D M_InsDal: Lcom/fsck/k9/mail/store/imap/ImapConnection;--->configureSocket()V
05-24 22:05:24.104  2560  2597 D M_InsDal: Lcom/fsck/k9/mail/store/imap/ImapConnection;--->setUpStreamsAndParserFromSocket()V
05-24 22:05:24.124  2560  2595 D M_InsDal: Lcom/fsck/k9/mail/ssl/TrustManagerFactory$SecureX509TrustManager;--->checkServerTrusted([Ljava/security/cert/X509Certificate;Ljava/lang/String;)V
05-24 22:05:24.129  2560  2597 D M_InsDal: Lcom/fsck/k9/mail/ssl/TrustManagerFactory$SecureX509TrustManager;--->checkServerTrusted([Ljava/security/cert/X509Certificate;Ljava/lang/String;)V
05-24 22:05:24.151  2560  2595 D M_InsDal: Lcom/fsck/k9/mail/store/imap/ImapConnection;--->setUpStreamsAndParser(Ljava/io/InputStream;Ljava/io/OutputStream;)V
05-24 22:05:24.151  2560  2595 D M_InsDal: Lcom/fsck/k9/mail/filter/PeekableInputStream;---><init>(Ljava/io/InputStream;)V
05-24 22:05:24.151  2560  2595 D M_InsDal: Lcom/fsck/k9/mail/store/imap/ImapResponseParser;---><init>(Lcom/fsck/k9/mail/filter/PeekableInputStream;)V
05-24 22:05:24.151  2560  2595 D M_InsDal: Lcom/fsck/k9/mail/store/imap/ImapConnection;--->readInitialResponse()V
05-24 22:05:24.151  2560  2595 D M_InsDal: Lcom/fsck/k9/mail/store/imap/ImapResponseParser;--->readResponse()Lcom/fsck/k9/mail/store/imap/ImapResponse;
05-24 22:05:24.151  2560  2595 D M_InsDal: Lcom/fsck/k9/mail/store/imap/ImapResponseParser;--->readResponse(Lcom/fsck/k9/mail/store/imap/ImapResponseCallback;)Lcom/fsck/k9/mail/store/imap/ImapResponse;
05-24 22:05:24.151  2560  2595 D M_InsDal: Lcom/fsck/k9/mail/filter/PeekableInputStream;--->peek()I
05-24 22:05:24.155  2560  2595 D M_InsDal: Lcom/fsck/k9/mail/store/imap/ImapResponseParser;--->readUntaggedResponse(Lcom/fsck/k9/mail/store/imap/ImapResponseCallback;)V
05-24 22:05:24.155  2560  2595 D M_InsDal: Lcom/fsck/k9/mail/store/imap/ImapResponseParser;--->parseUntaggedResponse()V
05-24 22:05:24.155  2560  2595 D M_InsDal: Lcom/fsck/k9/mail/store/imap/ImapResponseParser;--->expect(C)V
05-24 22:05:24.155  2560  2595 D M_InsDal: Lcom/fsck/k9/mail/filter/PeekableInputStream;--->read()I
05-24 22:05:24.155  2560  2595 D M_InsDal: Lcom/fsck/k9/mail/store/imap/ImapResponseParser;--->expect(C)V
05-24 22:05:24.155  2560  2595 D M_InsDal: Lcom/fsck/k9/mail/filter/PeekableInputStream;--->read()I
05-24 22:05:24.156  2560  2597 D M_InsDal: Lcom/fsck/k9/mail/store/imap/ImapConnection;--->setUpStreamsAndParser(Ljava/io/InputStream;Ljava/io/OutputStream;)V
05-24 22:05:24.156  2560  2597 D M_InsDal: Lcom/fsck/k9/mail/filter/PeekableInputStream;---><init>(Ljava/io/InputStream;)V
05-24 22:05:24.156  2560  2597 D M_InsDal: Lcom/fsck/k9/mail/store/imap/ImapResponseParser;---><init>(Lcom/fsck/k9/mail/filter/PeekableInputStream;)V
05-24 22:05:24.156  2560  2597 D M_InsDal: Lcom/fsck/k9/mail/store/imap/ImapConnection;--->readInitialResponse()V
05-24 22:05:24.156  2560  2597 D M_InsDal: Lcom/fsck/k9/mail/store/imap/ImapResponseParser;--->readResponse()Lcom/fsck/k9/mail/store/imap/ImapResponse;
05-24 22:05:24.156  2560  2597 D M_InsDal: Lcom/fsck/k9/mail/store/imap/ImapResponseParser;--->readResponse(Lcom/fsck/k9/mail/store/imap/ImapResponseCallback;)Lcom/fsck/k9/mail/store/imap/ImapResponse;
05-24 22:05:24.156  2560  2597 D M_InsDal: Lcom/fsck/k9/mail/filter/PeekableInputStream;--->peek()I
05-24 22:05:24.156  2560  2595 D M_InsDal: Lcom/fsck/k9/mail/store/imap/ImapList;---><clinit>()V
05-24 22:05:24.156  2560  2595 D M_InsDal: Lcom/fsck/k9/mail/store/imap/ImapResponse;--->newUntaggedResponse(Lcom/fsck/k9/mail/store/imap/ImapResponseCallback;)Lcom/fsck/k9/mail/store/imap/ImapResponse;
05-24 22:05:24.156  2560  2595 D M_InsDal: Lcom/fsck/k9/mail/store/imap/ImapResponse;---><init>(Lcom/fsck/k9/mail/store/imap/ImapResponseCallback;ZLjava/lang/String;)V
05-24 22:05:24.156  2560  2595 D M_InsDal: Lcom/fsck/k9/mail/store/imap/ImapList;---><init>()V
05-24 22:05:24.156  2560  2595 D M_InsDal: Lcom/fsck/k9/mail/store/imap/ImapResponseParser;--->readTokens(Lcom/fsck/k9/mail/store/imap/ImapResponse;)V
05-24 22:05:24.156  2560  2595 D M_InsDal: Lcom/fsck/k9/mail/store/imap/ImapResponseParser;--->readToken(Lcom/fsck/k9/mail/store/imap/ImapResponse;)Ljava/lang/Object;
05-24 22:05:24.156  2560  2595 D M_InsDal: Lcom/fsck/k9/mail/store/imap/ImapResponseParser;--->parseToken(Lcom/fsck/k9/mail/store/imap/ImapList;)Ljava/lang/Object;
05-24 22:05:24.156  2560  2595 D M_InsDal: Lcom/fsck/k9/mail/filter/PeekableInputStream;--->peek()I
05-24 22:05:24.156  2560  2595 D M_InsDal: Lcom/fsck/k9/mail/store/imap/ImapResponseParser;--->parseBareString(Z)Ljava/lang/String;
05-24 22:05:24.156  2560  2595 D M_InsDal: Lcom/fsck/k9/mail/filter/PeekableInputStream;--->peek()I
05-24 22:05:24.156  2560  2595 D M_InsDal: Lcom/fsck/k9/mail/filter/PeekableInputStream;--->read()I
05-24 22:05:24.156  2560  2595 D M_InsDal: Lcom/fsck/k9/mail/filter/PeekableInputStream;--->peek()I
05-24 22:05:24.156  2560  2595 D M_InsDal: Lcom/fsck/k9/mail/filter/PeekableInputStream;--->read()I
05-24 22:05:24.156  2560  2595 D M_InsDal: Lcom/fsck/k9/mail/filter/PeekableInputStream;--->peek()I
05-24 22:05:24.156  2560  2595 D M_InsDal: Lcom/fsck/k9/mail/store/imap/ImapResponseParser;--->checkTokenIsString(Ljava/lang/Object;)V
05-24 22:05:24.156  2560  2595 D M_InsDal: Lcom/fsck/k9/mail/store/imap/ImapResponseParser;--->isStatusResponse(Ljava/lang/String;)Z
05-24 22:05:24.156  2560  2595 D M_InsDal: Lcom/fsck/k9/mail/store/imap/ImapResponseParser;--->parseResponseText(Lcom/fsck/k9/mail/store/imap/ImapResponse;)V
05-24 22:05:24.156  2560  2595 D M_InsDal: Lcom/fsck/k9/mail/store/imap/ImapResponseParser;--->skipIfSpace()V
05-24 22:05:24.156  2560  2595 D M_InsDal: Lcom/fsck/k9/mail/filter/PeekableInputStream;--->peek()I
05-24 22:05:24.156  2560  2595 D M_InsDal: Lcom/fsck/k9/mail/store/imap/ImapResponseParser;--->expect(C)V
05-24 22:05:24.156  2560  2595 D M_InsDal: Lcom/fsck/k9/mail/filter/PeekableInputStream;--->read()I
05-24 22:05:24.156  2560  2595 D M_InsDal: Lcom/fsck/k9/mail/filter/PeekableInputStream;--->peek()I
05-24 22:05:24.156  2560  2595 D M_InsDal: Lcom/fsck/k9/mail/store/imap/ImapResponseParser;--->parseList(Lcom/fsck/k9/mail/store/imap/ImapList;CC)Lcom/fsck/k9/mail/store/imap/ImapList;
05-24 22:05:24.156  2560  2595 D M_InsDal: Lcom/fsck/k9/mail/store/imap/ImapResponseParser;--->expect(C)V
05-24 22:05:24.156  2560  2595 D M_InsDal: Lcom/fsck/k9/mail/filter/PeekableInputStream;--->read()I
05-24 22:05:24.156  2560  2595 D M_InsDal: Lcom/fsck/k9/mail/store/imap/ImapList;---><init>()V
05-24 22:05:24.156  2560  2595 D M_InsDal: Lcom/fsck/k9/mail/store/imap/ImapResponseParser;--->parseToken(Lcom/fsck/k9/mail/store/imap/ImapList;)Ljava/lang/Object;
05-24 22:05:24.156  2560  2595 D M_InsDal: Lcom/fsck/k9/mail/filter/PeekableInputStream;--->peek()I
05-24 22:05:24.156  2560  2595 D M_InsDal: Lcom/fsck/k9/mail/store/imap/ImapResponseParser;--->parseBareString(Z)Ljava/lang/String;
05-24 22:05:24.156  2560  2595 D M_InsDal: Lcom/fsck/k9/mail/filter/PeekableInputStream;--->peek()I
05-24 22:05:24.156  2560  2595 D M_InsDal: Lcom/fsck/k9/mail/filter/PeekableInputStream;--->read()I
05-24 22:05:24.156  2560  2595 D M_InsDal: Lcom/fsck/k9/mail/filter/PeekableInputStream;--->peek()I
05-24 22:05:24.156  2560  2595 D M_InsDal: Lcom/fsck/k9/mail/filter/PeekableInputStream;--->read()I
05-24 22:05:24.156  2560  2595 D M_InsDal: Lcom/fsck/k9/mail/filter/PeekableInputStream;--->peek()I
05-24 22:05:24.156  2560  2595 D M_InsDal: Lcom/fsck/k9/mail/filter/PeekableInputStream;--->read()I
05-24 22:05:24.156  2560  2595 D M_InsDal: Lcom/fsck/k9/mail/filter/PeekableInputStream;--->peek()I
05-24 22:05:24.156  2560  2595 D M_InsDal: Lcom/fsck/k9/mail/filter/PeekableInputStream;--->read()I
05-24 22:05:24.156  2560  2595 D M_InsDal: Lcom/fsck/k9/mail/filter/PeekableInputStream;--->peek()I
05-24 22:05:24.156  2560  2595 D M_InsDal: Lcom/fsck/k9/mail/filter/PeekableInputStream;--->read()I
05-24 22:05:24.156  2560  2595 D M_InsDal: Lcom/fsck/k9/mail/filter/PeekableInputStream;--->peek()I
05-24 22:05:24.156  2560  2595 D M_InsDal: Lcom/fsck/k9/mail/filter/PeekableInputStream;--->read()I
05-24 22:05:24.156  2560  2595 D M_InsDal: Lcom/fsck/k9/mail/filter/PeekableInputStream;--->peek()I
05-24 22:05:24.156  2560  2595 D M_InsDal: Lcom/fsck/k9/mail/filter/PeekableInputStream;--->read()I
05-24 22:05:24.156  2560  2595 D M_InsDal: Lcom/fsck/k9/mail/filter/PeekableInputStream;--->peek()I
05-24 22:05:24.156  2560  2595 D M_InsDal: Lcom/fsck/k9/mail/filter/PeekableInputStream;--->read()I
05-24 22:05:24.156  2560  2595 D M_InsDal: Lcom/fsck/k9/mail/filter/PeekableInputStream;--->peek()I
05-24 22:05:24.156  2560  2595 D M_InsDal: Lcom/fsck/k9/mail/filter/PeekableInputStream;--->read()I
05-24 22:05:24.156  2560  2595 D M_InsDal: Lcom/fsck/k9/mail/filter/PeekableInputStream;--->peek()I
05-24 22:05:24.156  2560  2595 D M_InsDal: Lcom/fsck/k9/mail/filter/PeekableInputStream;--->read()I
05-24 22:05:24.156  2560  2595 D M_InsDal: Lcom/fsck/k9/mail/filter/PeekableInputStream;--->peek()I
05-24 22:05:24.156  2560  2595 D M_InsDal: Lcom/fsck/k9/mail/store/imap/ImapResponseParser;--->parseToken(Lcom/fsck/k9/mail/store/imap/ImapList;)Ljava/lang/Object;
05-24 22:05:24.156  2560  2595 D M_InsDal: Lcom/fsck/k9/mail/filter/PeekableInputStream;--->peek()I
05-24 22:05:24.156  2560  2595 D M_InsDal: Lcom/fsck/k9/mail/store/imap/ImapResponseParser;--->expect(C)V
05-24 22:05:24.156  2560  2595 D M_InsDal: Lcom/fsck/k9/mail/filter/PeekableInputStream;--->read()I
05-24 22:05:24.156  2560  2595 D M_InsDal: Lcom/fsck/k9/mail/filter/PeekableInputStream;--->peek()I
05-24 22:05:24.156  2560  2595 D M_InsDal: Lcom/fsck/k9/mail/store/imap/ImapResponseParser;--->parseBareString(Z)Ljava/lang/String;
05-24 22:05:24.156  2560  2595 D M_InsDal: Lcom/fsck/k9/mail/filter/PeekableInputStream;--->peek()I
05-24 22:05:24.156  2560  2595 D M_InsDal: Lcom/fsck/k9/mail/filter/PeekableInputStream;--->read()I
05-24 22:05:24.156  2560  2595 D M_InsDal: Lcom/fsck/k9/mail/filter/PeekableInputStream;--->peek()I
05-24 22:05:24.156  2560  2595 D M_InsDal: Lcom/fsck/k9/mail/filter/PeekableInputStream;--->read()I
05-24 22:05:24.156  2560  2595 D M_InsDal: Lcom/fsck/k9/mail/filter/PeekableInputStream;--->peek()I
05-24 22:05:24.156  2560  2595 D M_InsDal: Lcom/fsck/k9/mail/filter/PeekableInputStream;--->read()I
05-24 22:05:24.156  2560  2595 D M_InsDal: Lcom/fsck/k9/mail/filter/PeekableInputStream;--->peek()I
05-24 22:05:24.156  2560  2595 D M_InsDal: Lcom/fsck/k9/mail/filter/PeekableInputStream;--->read()I
05-24 22:05:24.156  2560  2595 D M_InsDal: Lcom/fsck/k9/mail/filter/PeekableInputStream;--->peek()I
05-24 22:05:24.156  2560  2595 D M_InsDal: Lcom/fsck/k9/mail/filter/PeekableInputStream;--->read()I
05-24 22:05:24.156  2560  2595 D M_InsDal: Lcom/fsck/k9/mail/filter/PeekableInputStream;--->peek()I
05-24 22:05:24.156  2560  2595 D M_InsDal: Lcom/fsck/k9/mail/store/imap/ImapResponseParser;--->parseToken(Lcom/fsck/k9/mail/store/imap/ImapList;)Ljava/lang/Object;
05-24 22:05:24.156  2560  2595 D M_InsDal: Lcom/fsck/k9/mail/filter/PeekableInputStream;--->peek()I
05-24 22:05:24.156  2560  2595 D M_InsDal: Lcom/fsck/k9/mail/store/imap/ImapResponseParser;--->expect(C)V
05-24 22:05:24.156  2560  2595 D M_InsDal: Lcom/fsck/k9/mail/filter/PeekableInputStream;--->read()I
05-24 22:05:24.156  2560  2595 D M_InsDal: Lcom/fsck/k9/mail/filter/PeekableInputStream;--->peek()I
05-24 22:05:24.156  2560  2595 D M_InsDal: Lcom/fsck/k9/mail/store/imap/ImapResponseParser;--->parseBareString(Z)Ljava/lang/String;
05-24 22:05:24.156  2560  2595 D M_InsDal: Lcom/fsck/k9/mail/filter/PeekableInputStream;--->peek()I
05-24 22:05:24.156  2560  2595 D M_InsDal: Lcom/fsck/k9/mail/filter/PeekableInputStream;--->read()I
05-24 22:05:24.156  2560  2595 D M_InsDal: Lcom/fsck/k9/mail/filter/PeekableInputStream;--->peek()I
05-24 22:05:24.156  2560  2595 D M_InsDal: Lcom/fsck/k9/mail/filter/PeekableInputStream;--->read()I
05-24 22:05:24.156  2560  2595 D M_InsDal: Lcom/fsck/k9/mail/filter/PeekableInputStream;--->peek()I
05-24 22:05:24.156  2560  2595 D M_InsDal: Lcom/fsck/k9/mail/filter/PeekableInputStream;--->read()I
05-24 22:05:24.156  2560  2595 D M_InsDal: Lcom/fsck/k9/mail/filter/PeekableInputStream;--->peek()I
05-24 22:05:24.156  2560  2595 D M_InsDal: Lcom/fsck/k9/mail/filter/PeekableInputStream;--->read()I
05-24 22:05:24.156  2560  2595 D M_InsDal: Lcom/fsck/k9/mail/filter/PeekableInputStream;--->peek()I
05-24 22:05:24.156  2560  2595 D M_InsDal: Lcom/fsck/k9/mail/filter/PeekableInputStream;--->read()I
05-24 22:05:24.156  2560  2595 D M_InsDal: Lcom/fsck/k9/mail/filter/PeekableInputStream;--->peek()I
05-24 22:05:24.156  2560  2595 D M_InsDal: Lcom/fsck/k9/mail/filter/PeekableInputStream;--->read()I
05-24 22:05:24.156  2560  2595 D M_InsDal: Lcom/fsck/k9/mail/filter/PeekableInputStream;--->peek()I
05-24 22:05:24.156  2560  2595 D M_InsDal: Lcom/fsck/k9/mail/filter/PeekableInputStream;--->read()I
05-24 22:05:24.156  2560  2595 D M_InsDal: Lcom/fsck/k9/mail/filter/PeekableInputStream;--->peek()I
05-24 22:05:24.156  2560  2595 D M_InsDal: Lcom/fsck/k9/mail/filter/PeekableInputStream;--->read()I
05-24 22:05:24.156  2560  2595 D M_InsDal: Lcom/fsck/k9/mail/filter/PeekableInputStream;--->peek()I
05-24 22:05:24.156  2560  2595 D M_InsDal: Lcom/fsck/k9/mail/filter/PeekableInputStream;--->read()I
05-24 22:05:24.156  2560  2595 D M_InsDal: Lcom/fsck/k9/mail/filter/PeekableInputStream;--->peek()I
05-24 22:05:24.156  2560  2595 D M_InsDal: Lcom/fsck/k9/mail/store/imap/ImapResponseParser;--->parseToken(Lcom/fsck/k9/mail/store/imap/ImapList;)Ljava/lang/Object;
05-24 22:05:24.156  2560  2595 D M_InsDal: Lcom/fsck/k9/mail/filter/PeekableInputStream;--->peek()I
05-24 22:05:24.156  2560  2595 D M_InsDal: Lcom/fsck/k9/mail/store/imap/ImapResponseParser;--->expect(C)V
05-24 22:05:24.156  2560  2595 D M_InsDal: Lcom/fsck/k9/mail/filter/PeekableInputStream;--->read()I
05-24 22:05:24.156  2560  2595 D M_InsDal: Lcom/fsck/k9/mail/filter/PeekableInputStream;--->peek()I
05-24 22:05:24.156  2560  2595 D M_InsDal: Lcom/fsck/k9/mail/store/imap/ImapResponseParser;--->parseBareString(Z)Ljava/lang/String;
05-24 22:05:24.156  2560  2595 D M_InsDal: Lcom/fsck/k9/mail/filter/PeekableInputStream;--->peek()I
05-24 22:05:24.156  2560  2595 D M_InsDal: Lcom/fsck/k9/mail/filter/PeekableInputStream;--->read()I
05-24 22:05:24.156  2560  2595 D M_InsDal: Lcom/fsck/k9/mail/filter/PeekableInputStream;--->peek()I
05-24 22:05:24.156  2560  2595 D M_InsDal: Lcom/fsck/k9/mail/filter/PeekableInputStream;--->read()I
05-24 22:05:24.156  2560  2595 D M_InsDal: Lcom/fsck/k9/mail/filter/PeekableInputStream;--->peek()I
05-24 22:05:24.156  2560  2595 D M_InsDal: Lcom/fsck/k9/mail/store/imap/ImapResponseParser;--->parseToken(Lcom/fsck/k9/mail/store/imap/ImapList;)Ljava/lang/Object;
05-24 22:05:24.156  2560  2595 D M_InsDal: Lcom/fsck/k9/mail/filter/PeekableInputStream;--->peek()I
05-24 22:05:24.156  2560  2595 D M_InsDal: Lcom/fsck/k9/mail/store/imap/ImapResponseParser;--->expect(C)V
05-24 22:05:24.156  2560  2595 D M_InsDal: Lcom/fsck/k9/mail/filter/PeekableInputStream;--->read()I
05-24 22:05:24.156  2560  2595 D M_InsDal: Lcom/fsck/k9/mail/filter/PeekableInputStream;--->peek()I
05-24 22:05:24.156  2560  2595 D M_InsDal: Lcom/fsck/k9/mail/store/imap/ImapResponseParser;--->parseBareString(Z)Ljava/lang/String;
05-24 22:05:24.156  2560  2595 D M_InsDal: Lcom/fsck/k9/mail/filter/PeekableInputStream;--->peek()I
05-24 22:05:24.156  2560  2595 D M_InsDal: Lcom/fsck/k9/mail/filter/PeekableInputStream;--->read()I
05-24 22:05:24.156  2560  2595 D M_InsDal: Lcom/fsck/k9/mail/filter/PeekableInputStream;--->peek()I
05-24 22:05:24.156  2560  2595 D M_InsDal: Lcom/fsck/k9/mail/filter/PeekableInputStream;--->read()I
05-24 22:05:24.156  2560  2595 D M_InsDal: Lcom/fsck/k9/mail/filter/PeekableInputStream;--->peek()I
05-24 22:05:24.156  2560  2595 D M_InsDal: Lcom/fsck/k9/mail/filter/PeekableInputStream;--->read()I
05-24 22:05:24.156  2560  2595 D M_InsDal: Lcom/fsck/k9/mail/filter/PeekableInputStream;--->peek()I
05-24 22:05:24.156  2560  2595 D M_InsDal: Lcom/fsck/k9/mail/filter/PeekableInputStream;--->read()I
05-24 22:05:24.156  2560  2595 D M_InsDal: Lcom/fsck/k9/mail/filter/PeekableInputStream;--->peek()I
05-24 22:05:24.156  2560  2595 D M_InsDal: Lcom/fsck/k9/mail/filter/PeekableInputStream;--->read()I
05-24 22:05:24.156  2560  2595 D M_InsDal: Lcom/fsck/k9/mail/filter/PeekableInputStream;--->peek()I
05-24 22:05:24.156  2560  2595 D M_InsDal: Lcom/fsck/k9/mail/filter/PeekableInputStream;--->read()I
05-24 22:05:24.156  2560  2595 D M_InsDal: Lcom/fsck/k9/mail/filter/PeekableInputStream;--->peek()I
05-24 22:05:24.156  2560  2595 D M_InsDal: Lcom/fsck/k9/mail/filter/PeekableInputStream;--->read()I
05-24 22:05:24.156  2560  2595 D M_InsDal: Lcom/fsck/k9/mail/filter/PeekableInputStream;--->peek()I
05-24 22:05:24.156  2560  2595 D M_InsDal: Lcom/fsck/k9/mail/filter/PeekableInputStream;--->read()I
05-24 22:05:24.156  2560  2595 D M_InsDal: Lcom/fsck/k9/mail/filter/PeekableInputStream;--->peek()I
05-24 22:05:24.156  2560  2595 D M_InsDal: Lcom/fsck/k9/mail/filter/PeekableInputStream;--->read()I
05-24 22:05:24.156  2560  2595 D M_InsDal: Lcom/fsck/k9/mail/filter/PeekableInputStream;--->peek()I
05-24 22:05:24.156  2560  2595 D M_InsDal: Lcom/fsck/k9/mail/filter/PeekableInputStream;--->read()I
05-24 22:05:24.156  2560  2595 D M_InsDal: Lcom/fsck/k9/mail/filter/PeekableInputStream;--->peek()I
05-24 22:05:24.156  2560  2595 D M_InsDal: Lcom/fsck/k9/mail/store/imap/ImapResponseParser;--->parseToken(Lcom/fsck/k9/mail/store/imap/ImapList;)Ljava/lang/Object;
05-24 22:05:24.156  2560  2595 D M_InsDal: Lcom/fsck/k9/mail/filter/PeekableInputStream;--->peek()I
05-24 22:05:24.156  2560  2595 D M_InsDal: Lcom/fsck/k9/mail/store/imap/ImapResponseParser;--->expect(C)V
05-24 22:05:24.156  2560  2595 D M_InsDal: Lcom/fsck/k9/mail/filter/PeekableInputStream;--->read()I
05-24 22:05:24.156  2560  2595 D M_InsDal: Lcom/fsck/k9/mail/filter/PeekableInputStream;--->peek()I
05-24 22:05:24.156  2560  2595 D M_InsDal: Lcom/fsck/k9/mail/store/imap/ImapResponseParser;--->parseBareString(Z)Ljava/lang/String;
05-24 22:05:24.156  2560  2595 D M_InsDal: Lcom/fsck/k9/mail/filter/PeekableInputStream;--->peek()I
05-24 22:05:24.156  2560  2595 D M_InsDal: Lcom/fsck/k9/mail/filter/PeekableInputStream;--->read()I
05-24 22:05:24.156  2560  2595 D M_InsDal: Lcom/fsck/k9/mail/filter/PeekableInputStream;--->peek()I
05-24 22:05:24.156  2560  2595 D M_InsDal: Lcom/fsck/k9/mail/filter/PeekableInputStream;--->read()I
05-24 22:05:24.156  2560  2595 D M_InsDal: Lcom/fsck/k9/mail/filter/PeekableInputStream;--->peek()I
05-24 22:05:24.156  2560  2595 D M_InsDal: Lcom/fsck/k9/mail/filter/PeekableInputStream;--->read()I
05-24 22:05:24.156  2560  2595 D M_InsDal: Lcom/fsck/k9/mail/filter/PeekableInputStream;--->peek()I
05-24 22:05:24.156  2560  2595 D M_InsDal: Lcom/fsck/k9/mail/filter/PeekableInputStream;--->read()I
05-24 22:05:24.156  2560  2595 D M_InsDal: Lcom/fsck/k9/mail/filter/PeekableInputStream;--->peek()I
05-24 22:05:24.156  2560  2595 D M_InsDal: Lcom/fsck/k9/mail/filter/PeekableInputStream;--->read()I
05-24 22:05:24.156  2560  2595 D M_InsDal: Lcom/fsck/k9/mail/filter/PeekableInputStream;--->peek()I
05-24 22:05:24.156  2560  2595 D M_InsDal: Lcom/fsck/k9/mail/filter/PeekableInputStream;--->read()I
05-24 22:05:24.156  2560  2595 D M_InsDal: Lcom/fsck/k9/mail/filter/PeekableInputStream;--->peek()I
05-24 22:05:24.156  2560  2595 D M_InsDal: Lcom/fsck/k9/mail/filter/PeekableInputStream;--->read()I
05-24 22:05:24.156  2560  2595 D M_InsDal: Lcom/fsck/k9/mail/filter/PeekableInputStream;--->peek()I
05-24 22:05:24.156  2560  2595 D M_InsDal: Lcom/fsck/k9/mail/filter/PeekableInputStream;--->read()I
05-24 22:05:24.156  2560  2595 D M_InsDal: Lcom/fsck/k9/mail/filter/PeekableInputStream;--->peek()I
05-24 22:05:24.156  2560  2595 D M_InsDal: Lcom/fsck/k9/mail/filter/PeekableInputStream;--->read()I
05-24 22:05:24.156  2560  2595 D M_InsDal: Lcom/fsck/k9/mail/filter/PeekableInputStream;--->peek()I
05-24 22:05:24.156  2560  2595 D M_InsDal: Lcom/fsck/k9/mail/filter/PeekableInputStream;--->read()I
05-24 22:05:24.156  2560  2595 D M_InsDal: Lcom/fsck/k9/mail/filter/PeekableInputStream;--->peek()I
05-24 22:05:24.156  2560  2595 D M_InsDal: Lcom/fsck/k9/mail/store/imap/ImapResponseParser;--->parseToken(Lcom/fsck/k9/mail/store/imap/ImapList;)Ljava/lang/Object;
05-24 22:05:24.156  2560  2595 D M_InsDal: Lcom/fsck/k9/mail/filter/PeekableInputStream;--->peek()I
05-24 22:05:24.156  2560  2595 D M_InsDal: Lcom/fsck/k9/mail/store/imap/ImapResponseParser;--->expect(C)V
05-24 22:05:24.156  2560  2595 D M_InsDal: Lcom/fsck/k9/mail/filter/PeekableInputStream;--->read()I
05-24 22:05:24.156  2560  2595 D M_InsDal: Lcom/fsck/k9/mail/filter/PeekableInputStream;--->peek()I
05-24 22:05:24.156  2560  2595 D M_InsDal: Lcom/fsck/k9/mail/store/imap/ImapResponseParser;--->parseBareString(Z)Ljava/lang/String;
05-24 22:05:24.156  2560  2595 D M_InsDal: Lcom/fsck/k9/mail/filter/PeekableInputStream;--->peek()I
05-24 22:05:24.156  2560  2595 D M_InsDal: Lcom/fsck/k9/mail/filter/PeekableInputStream;--->read()I
05-24 22:05:24.156  2560  2595 D M_InsDal: Lcom/fsck/k9/mail/filter/PeekableInputStream;--->peek()I
05-24 22:05:24.156  2560  2595 D M_InsDal: Lcom/fsck/k9/mail/filter/PeekableInputStream;--->read()I
05-24 22:05:24.156  2560  2595 D M_InsDal: Lcom/fsck/k9/mail/filter/PeekableInputStream;--->peek()I
05-24 22:05:24.156  2560  2595 D M_InsDal: Lcom/fsck/k9/mail/filter/PeekableInputStream;--->read()I
05-24 22:05:24.156  2560  2595 D M_InsDal: Lcom/fsck/k9/mail/filter/PeekableInputStream;--->peek()I
05-24 22:05:24.156  2560  2595 D M_InsDal: Lcom/fsck/k9/mail/filter/PeekableInputStream;--->read()I
05-24 22:05:24.156  2560  2595 D M_InsDal: Lcom/fsck/k9/mail/filter/PeekableInputStream;--->peek()I
05-24 22:05:24.156  2560  2595 D M_InsDal: Lcom/fsck/k9/mail/filter/PeekableInputStream;--->read()I
05-24 22:05:24.156  2560  2595 D M_InsDal: Lcom/fsck/k9/mail/filter/PeekableInputStream;--->peek()I
05-24 22:05:24.156  2560  2595 D M_InsDal: Lcom/fsck/k9/mail/filter/PeekableInputStream;--->read()I
05-24 22:05:24.156  2560  2595 D M_InsDal: Lcom/fsck/k9/mail/filter/PeekableInputStream;--->peek()I
05-24 22:05:24.156  2560  2595 D M_InsDal: Lcom/fsck/k9/mail/filter/PeekableInputStream;--->read()I
05-24 22:05:24.156  2560  2595 D M_InsDal: Lcom/fsck/k9/mail/filter/PeekableInputStream;--->peek()I
05-24 22:05:24.156  2560  2595 D M_InsDal: Lcom/fsck/k9/mail/filter/PeekableInputStream;--->read()I
05-24 22:05:24.156  2560  2595 D M_InsDal: Lcom/fsck/k9/mail/filter/PeekableInputStream;--->peek()I
05-24 22:05:24.156  2560  2595 D M_InsDal: Lcom/fsck/k9/mail/filter/PeekableInputStream;--->read()I
05-24 22:05:24.156  2560  2595 D M_InsDal: Lcom/fsck/k9/mail/filter/PeekableInputStream;--->peek()I
05-24 22:05:24.156  2560  2595 D M_InsDal: Lcom/fsck/k9/mail/filter/PeekableInputStream;--->read()I
05-24 22:05:24.156  2560  2595 D M_InsDal: Lcom/fsck/k9/mail/filter/PeekableInputStream;--->peek()I
05-24 22:05:24.156  2560  2595 D M_InsDal: Lcom/fsck/k9/mail/filter/PeekableInputStream;--->read()I
05-24 22:05:24.156  2560  2595 D M_InsDal: Lcom/fsck/k9/mail/filter/PeekableInputStream;--->peek()I
05-24 22:05:24.156  2560  2595 D M_InsDal: Lcom/fsck/k9/mail/filter/PeekableInputStream;--->read()I
05-24 22:05:24.156  2560  2595 D M_InsDal: Lcom/fsck/k9/mail/filter/PeekableInputStream;--->peek()I
05-24 22:05:24.156  2560  2595 D M_InsDal: Lcom/fsck/k9/mail/store/imap/ImapResponseParser;--->parseToken(Lcom/fsck/k9/mail/store/imap/ImapList;)Ljava/lang/Object;
05-24 22:05:24.156  2560  2595 D M_InsDal: Lcom/fsck/k9/mail/filter/PeekableInputStream;--->peek()I
05-24 22:05:24.156  2560  2595 D M_InsDal: Lcom/fsck/k9/mail/store/imap/ImapResponseParser;--->expect(C)V
05-24 22:05:24.156  2560  2595 D M_InsDal: Lcom/fsck/k9/mail/filter/PeekableInputStream;--->read()I
05-24 22:05:24.156  2560  2595 D M_InsDal: Lcom/fsck/k9/mail/filter/PeekableInputStream;--->peek()I
05-24 22:05:24.156  2560  2595 D M_InsDal: Lcom/fsck/k9/mail/store/imap/ImapResponseParser;--->parseBareString(Z)Ljava/lang/String;
05-24 22:05:24.156  2560  2595 D M_InsDal: Lcom/fsck/k9/mail/filter/PeekableInputStream;--->peek()I
05-24 22:05:24.156  2560  2595 D M_InsDal: Lcom/fsck/k9/mail/filter/PeekableInputStream;--->read()I
05-24 22:05:24.156  2560  2595 D M_InsDal: Lcom/fsck/k9/mail/filter/PeekableInputStream;--->peek()I
05-24 22:05:24.156  2560  2595 D M_InsDal: Lcom/fsck/k9/mail/filter/PeekableInputStream;--->read()I
05-24 22:05:24.157  2560  2595 D M_InsDal: Lcom/fsck/k9/mail/filter/PeekableInputStream;--->peek()I
05-24 22:05:24.157  2560  2595 D M_InsDal: Lcom/fsck/k9/mail/filter/PeekableInputStream;--->read()I
05-24 22:05:24.157  2560  2595 D M_InsDal: Lcom/fsck/k9/mail/filter/PeekableInputStream;--->peek()I
05-24 22:05:24.157  2560  2595 D M_InsDal: Lcom/fsck/k9/mail/filter/PeekableInputStream;--->read()I
05-24 22:05:24.157  2560  2595 D M_InsDal: Lcom/fsck/k9/mail/filter/PeekableInputStream;--->peek()I
05-24 22:05:24.157  2560  2595 D M_InsDal: Lcom/fsck/k9/mail/filter/PeekableInputStream;--->read()I
05-24 22:05:24.157  2560  2595 D M_InsDal: Lcom/fsck/k9/mail/filter/PeekableInputStream;--->peek()I
05-24 22:05:24.157  2560  2595 D M_InsDal: Lcom/fsck/k9/mail/filter/PeekableInputStream;--->read()I
05-24 22:05:24.157  2560  2595 D M_InsDal: Lcom/fsck/k9/mail/filter/PeekableInputStream;--->peek()I
05-24 22:05:24.157  2560  2595 D M_InsDal: Lcom/fsck/k9/mail/filter/PeekableInputStream;--->read()I
05-24 22:05:24.157  2560  2595 D M_InsDal: Lcom/fsck/k9/mail/filter/PeekableInputStream;--->peek()I
05-24 22:05:24.157  2560  2595 D M_InsDal: Lcom/fsck/k9/mail/filter/PeekableInputStream;--->read()I
05-24 22:05:24.157  2560  2595 D M_InsDal: Lcom/fsck/k9/mail/filter/PeekableInputStream;--->peek()I
05-24 22:05:24.157  2560  2595 D M_InsDal: Lcom/fsck/k9/mail/filter/PeekableInputStream;--->read()I
05-24 22:05:24.157  2560  2595 D M_InsDal: Lcom/fsck/k9/mail/filter/PeekableInputStream;--->peek()I
05-24 22:05:24.157  2560  2595 D M_InsDal: Lcom/fsck/k9/mail/store/imap/ImapResponseParser;--->parseToken(Lcom/fsck/k9/mail/store/imap/ImapList;)Ljava/lang/Object;
05-24 22:05:24.157  2560  2595 D M_InsDal: Lcom/fsck/k9/mail/filter/PeekableInputStream;--->peek()I
05-24 22:05:24.157  2560  2595 D M_InsDal: Lcom/fsck/k9/mail/store/imap/ImapResponseParser;--->expect(C)V
05-24 22:05:24.157  2560  2595 D M_InsDal: Lcom/fsck/k9/mail/filter/PeekableInputStream;--->read()I
05-24 22:05:24.157  2560  2595 D M_InsDal: Lcom/fsck/k9/mail/store/imap/ImapResponseParser;--->skipIfSpace()V
05-24 22:05:24.157  2560  2595 D M_InsDal: Lcom/fsck/k9/mail/filter/PeekableInputStream;--->peek()I
05-24 22:05:24.157  2560  2595 D M_InsDal: Lcom/fsck/k9/mail/store/imap/ImapResponseParser;--->expect(C)V
05-24 22:05:24.157  2560  2595 D M_InsDal: Lcom/fsck/k9/mail/filter/PeekableInputStream;--->read()I
05-24 22:05:24.157  2560  2595 D M_InsDal: Lcom/fsck/k9/mail/store/imap/ImapResponseParser;--->readStringUntilEndOfLine()Ljava/lang/String;
05-24 22:05:24.157  2560  2595 D M_InsDal: Lcom/fsck/k9/mail/store/imap/ImapResponseParser;--->readStringUntil(C)Ljava/lang/String;
05-24 22:05:24.157  2560  2595 D M_InsDal: Lcom/fsck/k9/mail/filter/PeekableInputStream;--->read()I
05-24 22:05:24.157  2560  2595 D M_InsDal: Lcom/fsck/k9/mail/filter/PeekableInputStream;--->read()I
05-24 22:05:24.157  2560  2595 D M_InsDal: Lcom/fsck/k9/mail/store/imap/ImapResponseParser;--->expect(C)V
05-24 22:05:24.157  2560  2595 D M_InsDal: Lcom/fsck/k9/mail/filter/PeekableInputStream;--->read()I
05-24 22:05:24.157  2560  2595 D M_InsDal: Lcom/fsck/k9/mail/K9MailLib;--->isDebug()Z
05-24 22:05:24.157  2560  2595 D M_InsDal: Lcom/fsck/k9/K9$2;--->enabled()Z
05-24 22:05:24.157  2560  2595 D M_InsDal: Lcom/fsck/k9/mail/store/imap/ImapConnection;--->extractCapabilities(Ljava/util/List;)Ljava/util/List;
05-24 22:05:24.157  2560  2595 D M_InsDal: Lcom/fsck/k9/mail/store/imap/CapabilityResponse;--->parse(Ljava/util/List;)Lcom/fsck/k9/mail/store/imap/CapabilityResponse;
05-24 22:05:24.157  2560  2595 D M_InsDal: Lcom/fsck/k9/mail/store/imap/ImapResponseParser;--->equalsIgnoreCase(Ljava/lang/Object;Ljava/lang/String;)Z
05-24 22:05:24.157  2560  2595 D M_InsDal: Lcom/fsck/k9/mail/store/imap/ImapList;--->isList(I)Z
05-24 22:05:24.157  2560  2595 D M_InsDal: Lcom/fsck/k9/mail/store/imap/ImapList;--->inRange(I)Z
05-24 22:05:24.157  2560  2595 D M_InsDal: Lcom/fsck/k9/mail/store/imap/ImapList;--->getList(I)Lcom/fsck/k9/mail/store/imap/ImapList;
