05-29 15:44:04.209  5698  5713 D M_InsDal: Lcom/csipsimple/utils/PreferencesWrapper;--->getPreferenceBooleanValue(Ljava/lang/String;)Ljava/lang/Boolean;
05-29 15:44:04.209  5698  5713 D M_InsDal: Lcom/csipsimple/utils/PreferencesWrapper;--->gPrefBooleanValue(Landroid/content/SharedPreferences;Ljava/lang/String;)Ljava/lang/Boolean;
05-29 15:44:04.209  5698  5698 D M_InsDal: Lcom/csipsimple/widgets/AccountChooserButton;--->setAccount(Lcom/csipsimple/api/SipProfile;)V
05-29 15:44:04.209  5698  5698 D M_InsDal: Lcom/csipsimple/utils/Compatibility;--->canMakeGSMCall(Landroid/content/Context;)Z
05-29 15:44:04.209  5698  5698 D M_InsDal: Lcom/csipsimple/utils/PreferencesWrapper;---><init>(Landroid/content/Context;)V
05-29 15:44:04.209  5698  5698 D M_InsDal: Lcom/csipsimple/utils/PreferencesWrapper;--->getGsmIntegrationType()I
05-29 15:44:04.209  5698  5698 D M_InsDal: Lcom/csipsimple/utils/PreferencesWrapper;--->getPreferenceStringValue(Ljava/lang/String;)Ljava/lang/String;
05-29 15:44:04.209  5698  5698 D M_InsDal: Lcom/csipsimple/utils/PreferencesWrapper;--->gPrefStringValue(Landroid/content/SharedPreferences;Ljava/lang/String;)Ljava/lang/String;
05-29 15:44:04.210  5698  5698 D M_InsDal: Lcom/csipsimple/utils/PhoneCapabilityTester;--->isPhone(Landroid/content/Context;)Z
05-29 15:44:04.210  5698  5698 D M_InsDal: Lcom/csipsimple/ui/dialpad/DialerFragment$3;--->onChooseAccount(Lcom/csipsimple/api/SipProfile;)V
05-29 15:44:04.210  5698  5698 D M_InsDal: Lcom/csipsimple/utils/contacts/ContactsSearchAdapter;--->setSelectedAccount(J)V
05-29 15:44:04.210  5698  5698 D M_InsDal: Lcom/csipsimple/ui/SipHome;--->onAttachFragment(Landroid/support/v4/app/Fragment;)V
05-29 15:44:04.210  5698  5698 D M_InsDal: Lcom/csipsimple/ui/SipHome$TabsAdapter;--->getIdForPosition(I)Ljava/lang/Integer;
05-29 15:44:04.210  5698  5698 D M_InsDal: Lcom/csipsimple/ui/favorites/FavListFragment;--->onCreate(Landroid/os/Bundle;)V
05-29 15:44:04.210  5698  5718 D M_InsDal: Lcom/csipsimple/utils/CustomDistribution;--->getCustomDistributionWizard()Lcom/csipsimple/wizards/WizardUtils$WizardInfo;
05-29 15:44:04.210  5721  5721 D M_InsDal: Lcom/csipsimple/utils/Log;--->d(Ljava/lang/String;Ljava/lang/String;)V
05-29 15:44:04.210  5721  5721 D M_InsDal: Lcom/csipsimple/utils/PreferencesProviderWrapper;--->isValidConnectionForOutgoing()Z
05-29 15:44:04.210  5721  5721 D M_InsDal: Lcom/csipsimple/utils/PreferencesProviderWrapper;--->getPreferenceBooleanValue(Ljava/lang/String;Z)Z
05-29 15:44:04.210  5721  5721 D M_InsDal: Lcom/csipsimple/api/SipConfigManager;--->getPreferenceBooleanValue(Landroid/content/Context;Ljava/lang/String;Ljava/lang/Boolean;)Ljava/lang/Boolean;
05-29 15:44:04.210  5721  5721 D M_InsDal: Lcom/csipsimple/api/SipConfigManager;--->getPrefUriForKey(Ljava/lang/String;)Landroid/net/Uri;
05-29 15:44:04.210  5698  5713 D M_InsDal: Lcom/csipsimple/service/PreferenceProvider;--->query(Landroid/net/Uri;[Ljava/lang/String;Ljava/lang/String;[Ljava/lang/String;Ljava/lang/String;)Landroid/database/Cursor;
05-29 15:44:04.210  5698  5698 D M_InsDal: Lcom/csipsimple/ui/favorites/FavListFragment;--->onViewCreated(Landroid/view/View;Landroid/os/Bundle;)V
05-29 15:44:04.210  5698  5698 D M_InsDal: Lcom/csipsimple/widgets/CSSListFragment;--->onActivityCreated(Landroid/os/Bundle;)V
05-29 15:44:04.210  5698  5698 D M_InsDal: Lcom/csipsimple/ui/favorites/FavListFragment;--->onActivityCreated(Landroid/os/Bundle;)V
05-29 15:44:04.210  5698  5713 D M_InsDal: Lcom/csipsimple/utils/PreferencesWrapper;--->getPreferenceBooleanValue(Ljava/lang/String;)Ljava/lang/Boolean;
05-29 15:44:04.210  5698  5713 D M_InsDal: Lcom/csipsimple/utils/PreferencesWrapper;--->gPrefBooleanValue(Landroid/content/SharedPreferences;Ljava/lang/String;)Ljava/lang/Boolean;
05-29 15:44:04.211  5698  5698 D M_InsDal: Lcom/csipsimple/ui/dialpad/DialerLayout;--->onMeasure(II)V
05-29 15:44:04.212  5698  5698 D M_InsDal: Lcom/csipsimple/ui/dialpad/DigitsEditText;--->isTextSelectable()Z
05-29 15:44:04.212  5698  5698 D M_InsDal: Lcom/csipsimple/widgets/Dialpad;--->onMeasure(II)V
05-29 15:44:04.214  5721  5721 D M_InsDal: Lcom/csipsimple/utils/PreferencesProviderWrapper;--->isValidConnectionFor(Landroid/net/NetworkInfo;Ljava/lang/String;)Z
05-29 15:44:04.214  5721  5721 D M_InsDal: Lcom/csipsimple/utils/PreferencesProviderWrapper;--->isValidWifiConnectionFor(Landroid/net/NetworkInfo;Ljava/lang/String;)Z
05-29 15:44:04.214  5721  5721 D M_InsDal: Lcom/csipsimple/utils/PreferencesProviderWrapper;--->getPreferenceBooleanValue(Ljava/lang/String;Z)Z
05-29 15:44:04.214  5721  5721 D M_InsDal: Lcom/csipsimple/api/SipConfigManager;--->getPreferenceBooleanValue(Landroid/content/Context;Ljava/lang/String;Ljava/lang/Boolean;)Ljava/lang/Boolean;
05-29 15:44:04.214  5721  5721 D M_InsDal: Lcom/csipsimple/api/SipConfigManager;--->getPrefUriForKey(Ljava/lang/String;)Landroid/net/Uri;
05-29 15:44:04.215  5698  5698 D M_InsDal: Lcom/csipsimple/ui/SipHome$TabsAdapter;--->getCount()I
05-29 15:44:04.215  5698  5698 D M_InsDal: Lcom/csipsimple/ui/SipHome$TabsAdapter;--->getCount()I
05-29 15:44:04.215  5698  5712 D M_InsDal: Lcom/csipsimple/service/PreferenceProvider;--->query(Landroid/net/Uri;[Ljava/lang/String;Ljava/lang/String;[Ljava/lang/String;Ljava/lang/String;)Landroid/database/Cursor;
05-29 15:44:04.215  5698  5712 D M_InsDal: Lcom/csipsimple/utils/PreferencesWrapper;--->getPreferenceBooleanValue(Ljava/lang/String;)Ljava/lang/Boolean;
05-29 15:44:04.215  5698  5698 D M_InsDal: Lcom/csipsimple/ui/dialpad/DialerLayout;--->onMeasure(II)V
05-29 15:44:04.215  5698  5712 D M_InsDal: Lcom/csipsimple/utils/PreferencesWrapper;--->gPrefBooleanValue(Landroid/content/SharedPreferences;Ljava/lang/String;)Ljava/lang/Boolean;
05-29 15:44:04.215  5698  5698 D M_InsDal: Lcom/csipsimple/widgets/Dialpad;--->onMeasure(II)V
05-29 15:44:04.218  5698  5698 D M_InsDal: Lcom/csipsimple/ui/SipHome$TabsAdapter;--->getCount()I
05-29 15:44:04.218  5698  5698 D M_InsDal: Lcom/csipsimple/ui/SipHome$TabsAdapter;--->getCount()I
05-29 15:44:04.218  5698  5698 D M_InsDal: Lcom/csipsimple/ui/dialpad/DialerLayout;--->onMeasure(II)V
05-29 15:44:04.218  5698  5698 D M_InsDal: Lcom/csipsimple/widgets/Dialpad;--->onMeasure(II)V
05-29 15:44:04.218  5698  5698 D M_InsDal: Lcom/csipsimple/ui/dialpad/DigitsEditText;--->onLayout(ZIIII)V
05-29 15:44:04.218  5698  5698 D M_InsDal: Lcom/csipsimple/ui/dialpad/DigitsEditText;--->setIsDigit(ZZ)V
05-29 15:44:04.219  5698  5698 D M_InsDal: Lcom/csipsimple/ui/SipHome$1;--->run()V
05-29 15:44:04.219  5698  5698 D M_InsDal: Lcom/csipsimple/ui/SipHome;--->refreshWarningTabDisplay()V
05-29 15:44:04.219  5698  5698 D M_InsDal: Lcom/csipsimple/ui/SipHome$TabsAdapter;--->getPositionForId(I)Ljava/lang/Integer;
05-29 15:44:04.219  5698  5698 D M_InsDal: Lcom/csipsimple/ui/SipHome$1;--->run()V
05-29 15:44:04.219  5698  5698 D M_InsDal: Lcom/csipsimple/ui/SipHome;--->refreshWarningTabDisplay()V
05-29 15:44:04.219  5698  5698 D M_InsDal: Lcom/csipsimple/ui/SipHome$TabsAdapter;--->getPositionForId(I)Ljava/lang/Integer;
05-29 15:44:04.219  5721  5721 D M_InsDal: Lcom/csipsimple/utils/Log;--->d(Ljava/lang/String;Ljava/lang/String;)V
05-29 15:44:04.219  5721  5721 D M_InsDal: Lcom/csipsimple/service/SipService;--->loadStack()Z
05-29 15:44:04.219  5721  5721 D M_InsDal: Lcom/csipsimple/pjsip/PjSipService;---><clinit>()V
05-29 15:44:04.219  5721  5721 D M_InsDal: Lcom/csipsimple/pjsip/PjSipService;---><init>()V
05-29 15:44:04.219  5721  5721 D M_InsDal: Lcom/csipsimple/pjsip/PjSipService;--->setService(Lcom/csipsimple/service/SipService;)V
05-29 15:44:04.219  5721  5721 D M_InsDal: Lcom/csipsimple/service/SipService;--->getPrefs()Lcom/csipsimple/utils/PreferencesProviderWrapper;
05-29 15:44:04.219  5721  5721 D M_InsDal: Lcom/csipsimple/pjsip/PjSipService;--->tryToLoadStack()Z
05-29 15:44:04.220  5698  5698 D M_InsDal: Lcom/csipsimple/ui/SipHome;--->onCreateOptionsMenu(Lcom/actionbarsherlock/view/Menu;)Z
05-29 15:44:04.220  5698  5698 D M_InsDal: Lcom/csipsimple/utils/CustomDistribution;--->getCustomDistributionWizard()Lcom/csipsimple/wizards/WizardUtils$WizardInfo;
05-29 15:44:04.220  5698  5698 D M_InsDal: Lcom/csipsimple/utils/CustomDistribution;--->distributionWantsOtherAccounts()Z
05-29 15:44:04.220  5698  5698 D M_InsDal: Lcom/csipsimple/utils/Compatibility;--->isCompatible(I)Z
05-29 15:44:04.221  5698  5698 D M_InsDal: Lcom/csipsimple/ui/calllog/CallLogListFragment;--->onCreateOptionsMenu(Lcom/actionbarsherlock/view/Menu;Lcom/actionbarsherlock/view/MenuInflater;)V
05-29 15:44:04.221  5698  5698 D M_InsDal: Lcom/csipsimple/ui/calllog/CallLogListFragment$3;---><init>(Lcom/csipsimple/ui/calllog/CallLogListFragment;)V
05-29 15:44:04.225  5698  5698 D M_InsDal: Lcom/csipsimple/ui/SipHome$TabsAdapter;--->getCount()I
05-29 15:44:04.225  5698  5698 D M_InsDal: Lcom/csipsimple/ui/SipHome$TabsAdapter;--->getCount()I
05-29 15:44:04.225  5698  5698 D M_InsDal: Lcom/csipsimple/ui/dialpad/DialerLayout;--->onMeasure(II)V
05-29 15:44:04.225  5698  5698 D M_InsDal: Lcom/csipsimple/widgets/Dialpad;--->onMeasure(II)V
05-29 15:44:04.225  5698  5698 D M_InsDal: Lcom/csipsimple/ui/SipHome$TabsAdapter;--->getCount()I
05-29 15:44:04.225  5698  5698 D M_InsDal: Lcom/csipsimple/ui/SipHome$TabsAdapter;--->getCount()I
05-29 15:44:04.225  5698  5698 D M_InsDal: Lcom/csipsimple/ui/dialpad/DigitsEditText;--->onLayout(ZIIII)V
05-29 15:44:04.225  5698  5698 D M_InsDal: Lcom/csipsimple/ui/dialpad/DigitsEditText;--->setIsDigit(ZZ)V
05-29 15:44:04.264  5721  5721 D M_InsDal: Lcom/csipsimple/utils/Log;--->e(Ljava/lang/String;Ljava/lang/String;Ljava/lang/Throwable;)V
05-29 15:44:04.265  5721  5721 D M_InsDal: Lcom/csipsimple/service/SipService;--->notifyUserOfMessage(Ljava/lang/String;)V
05-29 15:44:04.265  5721  5721 D M_InsDal: Lcom/csipsimple/service/SipService$ServiceHandler;--->handleMessage(Landroid/os/Message;)V
05-29 15:44:04.343  5698  5698 D M_InsDal: Lcom/csipsimple/ui/SipHome$TabsAdapter;--->getCount()I
05-29 15:44:04.412  5698  5698 D M_InsDal: Lcom/csipsimple/ui/dialpad/DialerFragment$1;--->onServiceConnected(Landroid/content/ComponentName;Landroid/os/IBinder;)V
05-29 15:44:04.413  5698  5698 D M_InsDal: Lcom/csipsimple/api/ISipService$Stub;--->asInterface(Landroid/os/IBinder;)Lcom/csipsimple/api/ISipService;
05-29 15:44:04.413  5698  5698 D M_InsDal: Lcom/csipsimple/api/ISipService$Stub$Proxy;---><init>(Landroid/os/IBinder;)V
05-29 15:44:04.413  5698  5698 D M_InsDal: Lcom/csipsimple/widgets/CSSListFragment;--->onLoadFinished(Landroid/support/v4/content/Loader;Landroid/database/Cursor;)V
05-29 15:44:04.413  5698  5698 D M_InsDal: Lcom/csipsimple/ui/calllog/CallLogListFragment;--->changeCursor(Landroid/database/Cursor;)V
05-29 15:44:04.413  5698  5698 D M_InsDal: Lcom/csipsimple/ui/calllog/GroupingListAdapter;--->changeCursor(Landroid/database/Cursor;)V
05-29 15:44:04.413  5698  5698 D M_InsDal: Lcom/csipsimple/ui/calllog/GroupingListAdapter;--->resetCache()V
05-29 15:44:04.413  5698  5698 D M_InsDal: Lcom/csipsimple/ui/calllog/GroupingListAdapter;--->findGroups()V
05-29 15:44:04.413  5698  5698 D M_InsDal: Lcom/csipsimple/ui/calllog/CallLogAdapter;--->addGroups(Landroid/database/Cursor;)V
05-29 15:44:04.413  5698  5698 D M_InsDal: Lcom/csipsimple/ui/calllog/CallLogGroupBuilder;--->addGroups(Landroid/database/Cursor;)V
05-29 15:44:04.413  5698  5698 D M_InsDal: Lcom/csipsimple/ui/calllog/GroupingListAdapter;--->getCount()I
05-29 15:44:04.413  5698  5698 D M_InsDal: Lcom/csipsimple/ui/calllog/GroupingListAdapter;--->getCount()I
05-29 15:44:04.413  5698  5698 D M_InsDal: Lcom/csipsimple/widgets/CSSListFragment;--->setListShown(Z)V
05-29 15:44:04.413  5698  5698 D M_InsDal: Lcom/csipsimple/widgets/CSSListFragment;--->setListShown(ZZ)V
05-29 15:44:04.413  5698  5698 D M_InsDal: Lcom/csipsimple/widgets/CSSListFragment;--->ensureCustomList()V
05-29 15:44:04.413  5698  5698 D M_InsDal: Lcom/csipsimple/ui/dialpad/DialerFragment;--->onResume()V
05-29 15:44:04.413  5698  5698 D M_InsDal: Lcom/csipsimple/utils/PreferencesWrapper;--->getPreferenceBooleanValue(Ljava/lang/String;)Ljava/lang/Boolean;
05-29 15:44:04.413  5698  5698 D M_InsDal: Lcom/csipsimple/utils/PreferencesWrapper;--->gPrefBooleanValue(Landroid/content/SharedPreferences;Ljava/lang/String;)Ljava/lang/Boolean;
05-29 15:44:04.413  5698  5698 D M_InsDal: Lcom/csipsimple/widgets/DialerCallBar;--->setVideoEnabled(Z)V
05-29 15:44:04.413  5698  5698 D M_InsDal: Lcom/csipsimple/ui/SipHome;--->onPause()V
05-29 15:44:04.413  5698  5698 D M_InsDal: Lcom/csipsimple/utils/Log;--->d(Ljava/lang/String;Ljava/lang/String;)V
05-29 15:44:04.418  5698  5698 D M_InsDal: Lcom/csipsimple/ui/dialpad/DigitsEditText;--->isTextSelectable()Z
05-29 15:44:04.418  5698  5698 D M_InsDal: Lcom/csipsimple/ui/SipHome$TabsAdapter;--->getCount()I
05-29 15:44:04.419  5698  5698 D M_InsDal: Lcom/csipsimple/ui/SipHome$TabsAdapter;--->getCount()I
05-29 15:44:04.424  5698  5698 D M_InsDal: Lcom/csipsimple/ui/account/AccountsEditList;---><init>()V
05-29 15:44:04.425  5698  5698 D M_InsDal: Lcom/csipsimple/ui/account/AccountsEditList;--->onCreate(Landroid/os/Bundle;)V
05-29 15:44:04.427  5698  5698 D M_InsDal: Lcom/csipsimple/ui/account/AccountsEditListFragment;---><clinit>()V
05-29 15:44:04.427  5698  5698 D M_InsDal: Lcom/csipsimple/ui/account/AccountsEditListFragment;---><init>()V
05-29 15:44:04.427  5698  5698 D M_InsDal: Lcom/csipsimple/widgets/CSSListFragment;---><init>()V
05-29 15:44:04.427  5698  5698 D M_InsDal: Lcom/csipsimple/ui/account/AccountsEditListFragment;--->onCreate(Landroid/os/Bundle;)V
05-29 15:44:04.427  5698  5698 D M_InsDal: Lcom/csipsimple/ui/account/AccountsEditListFragment;--->onCreateView(Landroid/view/LayoutInflater;Landroid/view/ViewGroup;Landroid/os/Bundle;)Landroid/view/View;
05-29 15:44:04.427  5698  5698 D M_InsDal: Lcom/csipsimple/widgets/DragnDropListView;---><init>(Landroid/content/Context;Landroid/util/AttributeSet;)V
05-29 15:44:04.429  5698  5698 D M_InsDal: Lcom/csipsimple/widgets/DragnDropListView;--->setGrabberId(I)V
05-29 15:44:04.429  5698  5698 D M_InsDal: Lcom/csipsimple/ui/account/AccountsEditListFragment$4;---><init>(Lcom/csipsimple/ui/account/AccountsEditListFragment;Lcom/csipsimple/widgets/DragnDropListView;)V
05-29 15:44:04.429  5698  5698 D M_InsDal: Lcom/csipsimple/widgets/DragnDropListView;--->setOnDropListener(Lcom/csipsimple/widgets/DragnDropListView$DropListener;)V
05-29 15:44:04.429  5698  5698 D M_InsDal: Lcom/csipsimple/ui/account/AccountsEditListFragment$5;---><init>(Lcom/csipsimple/ui/account/AccountsEditListFragment;)V
05-29 15:44:04.430  5698  5698 D M_InsDal: Lcom/csipsimple/widgets/CSSListFragment;--->onActivityCreated(Landroid/os/Bundle;)V
05-29 15:44:04.430  5698  5698 D M_InsDal: Lcom/csipsimple/ui/account/AccountsEditListFragment;--->onActivityCreated(Landroid/os/Bundle;)V
05-29 15:44:04.430  5698  5698 D M_InsDal: Lcom/csipsimple/widgets/CSSListFragment;--->setListShown(Z)V
05-29 15:44:04.430  5698  5698 D M_InsDal: Lcom/csipsimple/widgets/CSSListFragment;--->setListShown(ZZ)V
05-29 15:44:04.430  5698  5698 D M_InsDal: Lcom/csipsimple/widgets/CSSListFragment;--->ensureCustomList()V
05-29 15:44:04.430  5698  5698 D M_InsDal: Lcom/csipsimple/ui/account/AccountsEditListAdapter;---><init>(Landroid/content/Context;Landroid/database/Cursor;)V
05-29 15:44:04.431  5698  5698 D M_InsDal: Lcom/csipsimple/ui/account/AccountsEditListAdapter;--->setOnCheckedRowListener(Lcom/csipsimple/ui/account/AccountsEditListAdapter$OnCheckedRowListener;)V
05-29 15:44:04.431  5698  5698 D M_InsDal: Lcom/csipsimple/ui/account/AccountsEditListFragment;--->onCreateLoader(ILandroid/os/Bundle;)Landroid/support/v4/content/Loader;
05-29 15:44:04.432  5721  5741 D M_InsDal: Lcom/csipsimple/db/DBProvider;--->query(Landroid/net/Uri;[Ljava/lang/String;Ljava/lang/String;[Ljava/lang/String;Ljava/lang/String;)Landroid/database/Cursor;
05-29 15:44:04.432  5698  5698 D M_InsDal: Lcom/csipsimple/ui/account/AccountsEditListFragment;--->onResume()V
05-29 15:44:04.432  5698  5698 D M_InsDal: Lcom/csipsimple/ui/account/AccountsEditListFragment$AccountStatusContentObserver;---><init>(Lcom/csipsimple/ui/account/AccountsEditListFragment;Landroid/os/Handler;)V
05-29 15:44:04.452  5698  5698 D M_InsDal: Lcom/csipsimple/widgets/CSSListFragment;--->onLoadFinished(Landroid/support/v4/content/Loader;Landroid/database/Cursor;)V
05-29 15:44:04.452  5698  5698 D M_InsDal: Lcom/csipsimple/ui/account/AccountsEditListFragment;--->changeCursor(Landroid/database/Cursor;)V
05-29 15:44:04.452  5698  5698 D M_InsDal: Lcom/csipsimple/widgets/CSSListFragment;--->setListShown(Z)V
05-29 15:44:04.452  5698  5698 D M_InsDal: Lcom/csipsimple/widgets/CSSListFragment;--->setListShown(ZZ)V
05-29 15:44:04.452  5698  5698 D M_InsDal: Lcom/csipsimple/widgets/CSSListFragment;--->ensureCustomList()V
05-29 15:44:04.452  5698  5698 D M_InsDal: Lcom/csipsimple/ui/account/AccountsEditListFragment;--->onLoadFinished(Landroid/support/v4/content/Loader;Landroid/database/Cursor;)V
05-29 15:44:04.452  5698  5698 D M_InsDal: Lcom/csipsimple/ui/account/AccountsEditListFragment;--->updateCheckedItem()V
05-29 15:44:04.500  5698  5698 D M_InsDal: Lcom/csipsimple/ui/account/AccountsEditListFragment;--->onCreateOptionsMenu(Lcom/actionbarsherlock/view/Menu;Lcom/actionbarsherlock/view/MenuInflater;)V
05-29 15:44:04.500  5698  5698 D M_InsDal: Lcom/csipsimple/ui/account/AccountsEditListFragment$1;---><init>(Lcom/csipsimple/ui/account/AccountsEditListFragment;)V
05-29 15:44:04.500  5698  5698 D M_InsDal: Lcom/csipsimple/ui/account/AccountsEditListFragment$2;---><init>(Lcom/csipsimple/ui/account/AccountsEditListFragment;)V
05-29 15:44:04.500  5698  5698 D M_InsDal: Lcom/csipsimple/ui/account/AccountsEditListFragment$3;---><init>(Lcom/csipsimple/ui/account/AccountsEditListFragment;)V
05-29 15:44:05.004  5698  5698 D M_InsDal: Lcom/csipsimple/ui/dialpad/DialerFragment;--->onSaveInstanceState(Landroid/os/Bundle;)V
