--------- beginning of main
--------- beginning of system
05-29 15:48:19.280  6917  6917 D M_InsDal: Lcom/csipsimple/service/PreferenceProvider;---><clinit>()V
05-29 15:48:19.280  6917  6917 D M_InsDal: Lcom/csipsimple/service/PreferenceProvider;---><init>()V
05-29 15:48:19.280  6917  6917 D M_InsDal: Lcom/csipsimple/service/PreferenceProvider;--->onCreate()Z
05-29 15:48:19.280  6917  6917 D M_InsDal: Lcom/csipsimple/utils/PreferencesWrapper;---><clinit>()V
05-29 15:48:19.280  6917  6917 D M_InsDal: Lcom/csipsimple/utils/PreferencesWrapper$1;---><init>()V
05-29 15:48:19.280  6917  6917 D M_InsDal: Lcom/csipsimple/utils/CustomDistribution;--->getUserAgent()Ljava/lang/String;
05-29 15:48:19.281  6917  6917 D M_InsDal: Lcom/csipsimple/utils/PreferencesWrapper$2;---><init>()V
05-29 15:48:19.281  6917  6917 D M_InsDal: Lcom/csipsimple/utils/PreferencesWrapper$3;---><init>()V
05-29 15:48:19.281  6917  6917 D M_InsDal: Lcom/csipsimple/utils/PreferencesWrapper;---><init>(Landroid/content/Context;)V
05-29 15:48:19.281  6917  6917 D M_InsDal: Lcom/csipsimple/utils/PreferencesWrapper;--->needUpgrade()Ljava/lang/Integer;
05-29 15:48:19.281  6917  6917 D M_InsDal: Lcom/csipsimple/utils/PreferencesProviderWrapper;--->getCurrentPackageInfos(Landroid/content/Context;)Landroid/content/pm/PackageInfo;
05-29 15:48:19.282  6917  6917 D M_InsDal: Lcom/csipsimple/utils/Log;---><clinit>()V
05-29 15:48:19.282  6917  6917 D M_InsDal: Lcom/csipsimple/utils/Log;--->d(Ljava/lang/String;Ljava/lang/String;)V
05-29 15:48:19.282  6917  6917 D M_InsDal: Lcom/csipsimple/utils/Log;--->d(Ljava/lang/String;Ljava/lang/String;)V
05-29 15:48:19.282  6917  6917 D M_InsDal: Lcom/csipsimple/utils/Compatibility;--->getApiLevel()I
05-29 15:48:19.288  6917  6917 D M_InsDal: Lcom/csipsimple/ui/SipHome;---><init>()V
05-29 15:48:19.288  6917  6917 D M_InsDal: Lcom/csipsimple/ui/SipHome$1;---><init>(Lcom/csipsimple/ui/SipHome;)V
05-29 15:48:19.291  6917  6917 D M_InsDal: Lcom/csipsimple/ui/SipHome;--->onCreate(Landroid/os/Bundle;)V
05-29 15:48:19.291  6917  6917 D M_InsDal: Lcom/csipsimple/utils/PreferencesProviderWrapper;---><init>(Landroid/content/Context;)V
05-29 15:48:19.307  6917  6917 D M_InsDal: Lcom/csipsimple/utils/CustomDistribution;--->supportMessaging()Z
05-29 15:48:19.308  6917  6917 D M_InsDal: Lcom/csipsimple/ui/SipHome$TabsAdapter;---><init>(Lcom/csipsimple/ui/SipHome;Landroid/support/v4/app/FragmentActivity;Lcom/actionbarsherlock/app/ActionBar;Landroid/support/v4/view/ViewPager;)V
05-29 15:48:19.308  6917  6917 D M_InsDal: Lcom/csipsimple/ui/SipHome$TabsAdapter;--->addTab(Lcom/actionbarsherlock/app/ActionBar$Tab;Ljava/lang/Class;I)V
05-29 15:48:19.309  6917  6917 D M_InsDal: Lcom/csipsimple/ui/SipHome$TabsAdapter;--->onTabSelected(Lcom/actionbarsherlock/app/ActionBar$Tab;Landroid/support/v4/app/FragmentTransaction;)V
05-29 15:48:19.309  6917  6917 D M_InsDal: Lcom/csipsimple/ui/SipHome$TabsAdapter;--->clearDetails()V
05-29 15:48:19.309  6917  6917 D M_InsDal: Lcom/csipsimple/ui/SipHome$TabsAdapter;--->getCount()I
05-29 15:48:19.309  6917  6917 D M_InsDal: Lcom/csipsimple/ui/SipHome$TabsAdapter;--->getCount()I
05-29 15:48:19.309  6917  6917 D M_InsDal: Lcom/csipsimple/ui/SipHome$TabsAdapter;--->addTab(Lcom/actionbarsherlock/app/ActionBar$Tab;Ljava/lang/Class;I)V
05-29 15:48:19.310  6917  6917 D M_InsDal: Lcom/csipsimple/ui/SipHome$TabsAdapter;--->getCount()I
05-29 15:48:19.310  6917  6917 D M_InsDal: Lcom/csipsimple/ui/SipHome$TabsAdapter;--->getCount()I
05-29 15:48:19.310  6917  6917 D M_InsDal: Lcom/csipsimple/ui/SipHome$TabsAdapter;--->addTab(Lcom/actionbarsherlock/app/ActionBar$Tab;Ljava/lang/Class;I)V
05-29 15:48:19.310  6917  6917 D M_InsDal: Lcom/csipsimple/ui/SipHome$TabsAdapter;--->getCount()I
05-29 15:48:19.310  6917  6917 D M_InsDal: Lcom/csipsimple/ui/SipHome$TabsAdapter;--->getCount()I
05-29 15:48:19.310  6917  6917 D M_InsDal: Lcom/csipsimple/ui/SipHome$TabsAdapter;--->addTab(Lcom/actionbarsherlock/app/ActionBar$Tab;Ljava/lang/Class;I)V
05-29 15:48:19.310  6917  6917 D M_InsDal: Lcom/csipsimple/ui/SipHome$TabsAdapter;--->getCount()I
05-29 15:48:19.310  6917  6917 D M_InsDal: Lcom/csipsimple/ui/SipHome$TabsAdapter;--->getCount()I
05-29 15:48:19.310  6917  6917 D M_InsDal: Lcom/csipsimple/utils/PreferencesProviderWrapper;--->getPreferenceBooleanValue(Ljava/lang/String;)Z
05-29 15:48:19.310  6917  6917 D M_InsDal: Lcom/csipsimple/api/SipConfigManager;---><clinit>()V
05-29 15:48:19.310  6917  6917 D M_InsDal: Lcom/csipsimple/api/SipConfigManager;--->getPreferenceBooleanValue(Landroid/content/Context;Ljava/lang/String;)Ljava/lang/Boolean;
05-29 15:48:19.310  6917  6917 D M_InsDal: Lcom/csipsimple/api/SipConfigManager;--->getPreferenceBooleanValue(Landroid/content/Context;Ljava/lang/String;Ljava/lang/Boolean;)Ljava/lang/Boolean;
05-29 15:48:19.310  6917  6917 D M_InsDal: Lcom/csipsimple/api/SipConfigManager;--->getPrefUriForKey(Ljava/lang/String;)Landroid/net/Uri;
05-29 15:48:19.310  6917  6917 D M_InsDal: Lcom/csipsimple/service/PreferenceProvider;--->query(Landroid/net/Uri;[Ljava/lang/String;Ljava/lang/String;[Ljava/lang/String;Ljava/lang/String;)Landroid/database/Cursor;
05-29 15:48:19.310  6917  6917 D M_InsDal: Lcom/csipsimple/utils/PreferencesWrapper;--->getPreferenceBooleanValue(Ljava/lang/String;)Ljava/lang/Boolean;
05-29 15:48:19.311  6917  6917 D M_InsDal: Lcom/csipsimple/utils/PreferencesWrapper;--->gPrefBooleanValue(Landroid/content/SharedPreferences;Ljava/lang/String;)Ljava/lang/Boolean;
05-29 15:48:19.311  6917  6917 D M_InsDal: Lcom/csipsimple/ui/SipHome;--->selectTabWithAction(Landroid/content/Intent;)V
05-29 15:48:19.311  6917  6917 D M_InsDal: Lcom/csipsimple/ui/SipHome$TabsAdapter;--->getPositionForId(I)Ljava/lang/Integer;
05-29 15:48:19.311  6917  6917 D M_InsDal: Lcom/csipsimple/ui/SipHome$TabsAdapter;--->onTabUnselected(Lcom/actionbarsherlock/app/ActionBar$Tab;Landroid/support/v4/app/FragmentTransaction;)V
05-29 15:48:19.311  6917  6917 D M_InsDal: Lcom/csipsimple/ui/SipHome$TabsAdapter;--->onTabSelected(Lcom/actionbarsherlock/app/ActionBar$Tab;Landroid/support/v4/app/FragmentTransaction;)V
05-29 15:48:19.311  6917  6917 D M_InsDal: Lcom/csipsimple/ui/SipHome$TabsAdapter;--->clearDetails()V
05-29 15:48:19.311  6917  6917 D M_InsDal: Lcom/csipsimple/ui/SipHome$TabsAdapter;--->getCount()I
05-29 15:48:19.311  6917  6917 D M_InsDal: Lcom/csipsimple/ui/SipHome$TabsAdapter;--->getCount()I
05-29 15:48:19.311  6917  6917 D M_InsDal: Lcom/csipsimple/ui/SipHome$TabsAdapter;--->onPageSelected(I)V
05-29 15:48:19.311  6917  6917 D M_InsDal: Lcom/csipsimple/ui/SipHome$TabsAdapter;--->onTabReselected(Lcom/actionbarsherlock/app/ActionBar$Tab;Landroid/support/v4/app/FragmentTransaction;)V
05-29 15:48:19.311  6917  6917 D M_InsDal: Lcom/csipsimple/utils/PreferencesProviderWrapper;--->getLogLevel()I
05-29 15:48:19.311  6917  6917 D M_InsDal: Lcom/csipsimple/api/SipConfigManager;--->getPreferenceIntegerValue(Landroid/content/Context;Ljava/lang/String;Ljava/lang/Integer;)Ljava/lang/Integer;
05-29 15:48:19.311  6917  6917 D M_InsDal: Lcom/csipsimple/api/SipConfigManager;--->getPrefUriForKey(Ljava/lang/String;)Landroid/net/Uri;
05-29 15:48:19.311  6917  6917 D M_InsDal: Lcom/csipsimple/service/PreferenceProvider;--->query(Landroid/net/Uri;[Ljava/lang/String;Ljava/lang/String;[Ljava/lang/String;Ljava/lang/String;)Landroid/database/Cursor;
05-29 15:48:19.311  6917  6917 D M_InsDal: Lcom/csipsimple/utils/PreferencesWrapper;--->getPreferenceIntegerValue(Ljava/lang/String;)Ljava/lang/Integer;
05-29 15:48:19.311  6917  6917 D M_InsDal: Lcom/csipsimple/utils/PreferencesWrapper;--->getPreferenceStringValue(Ljava/lang/String;)Ljava/lang/String;
05-29 15:48:19.311  6917  6917 D M_InsDal: Lcom/csipsimple/utils/PreferencesWrapper;--->gPrefStringValue(Landroid/content/SharedPreferences;Ljava/lang/String;)Ljava/lang/String;
05-29 15:48:19.311  6917  6917 D M_InsDal: Lcom/csipsimple/utils/Log;--->setLogLevel(I)V
05-29 15:48:19.311  6917  6917 D M_InsDal: Lcom/csipsimple/ui/SipHome$2;---><init>(Lcom/csipsimple/ui/SipHome;)V
05-29 15:48:19.312  6917  6935 D M_InsDal: Lcom/csipsimple/ui/SipHome$2;--->run()V
05-29 15:48:19.312  6917  6935 D M_InsDal: Lcom/csipsimple/ui/SipHome;--->asyncSanityCheck()V
05-29 15:48:19.312  6917  6935 D M_InsDal: Lcom/csipsimple/utils/NightlyUpdater;--->isNightlyBuild(Landroid/content/Context;)Z
05-29 15:48:19.312  6917  6935 D M_InsDal: Lcom/csipsimple/utils/NightlyUpdater;--->getApplicationMetaData(Landroid/content/Context;)Landroid/os/Bundle;
05-29 15:48:19.312  6917  6935 D M_InsDal: Lcom/csipsimple/ui/warnings/WarningUtils;---><clinit>()V
05-29 15:48:19.312  6917  6935 D M_InsDal: Lcom/csipsimple/ui/warnings/WarningUtils;--->shouldWarnPrivilegedIntent(Landroid/content/Context;Lcom/csipsimple/utils/PreferencesProviderWrapper;)Z
05-29 15:48:19.312  6917  6935 D M_InsDal: Lcom/csipsimple/ui/warnings/WarningUtils;--->getIgnoreKey(Ljava/lang/String;)Ljava/lang/String;
05-29 15:48:19.312  6917  6935 D M_InsDal: Lcom/csipsimple/utils/PreferencesProviderWrapper;--->getPreferenceBooleanValue(Ljava/lang/String;Z)Z
05-29 15:48:19.312  6917  6935 D M_InsDal: Lcom/csipsimple/api/SipConfigManager;--->getPreferenceBooleanValue(Landroid/content/Context;Ljava/lang/String;Ljava/lang/Boolean;)Ljava/lang/Boolean;
05-29 15:48:19.312  6917  6935 D M_InsDal: Lcom/csipsimple/api/SipConfigManager;--->getPrefUriForKey(Ljava/lang/String;)Landroid/net/Uri;
05-29 15:48:19.313  6917  6935 D M_InsDal: Lcom/csipsimple/service/PreferenceProvider;--->query(Landroid/net/Uri;[Ljava/lang/String;Ljava/lang/String;[Ljava/lang/String;Ljava/lang/String;)Landroid/database/Cursor;
05-29 15:48:19.313  6917  6935 D M_InsDal: Lcom/csipsimple/utils/PreferencesWrapper;--->getPreferenceBooleanValue(Ljava/lang/String;)Ljava/lang/Boolean;
05-29 15:48:19.313  6917  6935 D M_InsDal: Lcom/csipsimple/utils/PreferencesWrapper;--->gPrefBooleanValue(Landroid/content/SharedPreferences;Ljava/lang/String;)Ljava/lang/Boolean;
05-29 15:48:19.313  6917  6935 D M_InsDal: Lcom/csipsimple/utils/PreferencesProviderWrapper;--->getPreferenceBooleanValue(Ljava/lang/String;Z)Z
05-29 15:48:19.313  6917  6935 D M_InsDal: Lcom/csipsimple/api/SipConfigManager;--->getPreferenceBooleanValue(Landroid/content/Context;Ljava/lang/String;Ljava/lang/Boolean;)Ljava/lang/Boolean;
05-29 15:48:19.313  6917  6935 D M_InsDal: Lcom/csipsimple/api/SipConfigManager;--->getPrefUriForKey(Ljava/lang/String;)Landroid/net/Uri;
05-29 15:48:19.313  6917  6935 D M_InsDal: Lcom/csipsimple/service/PreferenceProvider;--->query(Landroid/net/Uri;[Ljava/lang/String;Ljava/lang/String;[Ljava/lang/String;Ljava/lang/String;)Landroid/database/Cursor;
05-29 15:48:19.313  6917  6935 D M_InsDal: Lcom/csipsimple/utils/PreferencesWrapper;--->getPreferenceBooleanValue(Ljava/lang/String;)Ljava/lang/Boolean;
05-29 15:48:19.313  6917  6935 D M_InsDal: Lcom/csipsimple/utils/PreferencesWrapper;--->gPrefBooleanValue(Landroid/content/SharedPreferences;Ljava/lang/String;)Ljava/lang/Boolean;
05-29 15:48:19.313  6917  6935 D M_InsDal: Lcom/csipsimple/utils/PhoneCapabilityTester;---><clinit>()V
05-29 15:48:19.313  6917  6935 D M_InsDal: Lcom/csipsimple/utils/PhoneCapabilityTester;--->isPhone(Landroid/content/Context;)Z
05-29 15:48:19.313  6917  6935 D M_InsDal: Lcom/csipsimple/utils/PhoneCapabilityTester;--->initialize(Landroid/content/Context;)V
05-29 15:48:19.314  6917  6935 D M_InsDal: Lcom/csipsimple/utils/PhoneCapabilityTester;--->getPriviledgedIntent(Ljava/lang/String;)Landroid/content/Intent;
05-29 15:48:19.314  6917  6935 D M_InsDal: Lcom/csipsimple/utils/PhoneCapabilityTester;--->getPossibleActivities(Landroid/content/Context;Landroid/content/Intent;)Ljava/util/List;
05-29 15:48:19.315  6917  6935 D M_InsDal: Lcom/csipsimple/utils/PhoneCapabilityTester;--->resolveActivitiesForPriviledgedCall(Landroid/content/Context;)Ljava/util/List;
05-29 15:48:19.315  6917  6935 D M_InsDal: Lcom/csipsimple/ui/SipHome;--->applyWarning(Ljava/lang/String;Z)V
05-29 15:48:19.315  6917  6935 D M_InsDal: Lcom/csipsimple/ui/warnings/WarningUtils;--->shouldWarnNoStun(Lcom/csipsimple/utils/PreferencesProviderWrapper;)Z
05-29 15:48:19.315  6917  6935 D M_InsDal: Lcom/csipsimple/ui/warnings/WarningUtils;--->getIgnoreKey(Ljava/lang/String;)Ljava/lang/String;
05-29 15:48:19.315  6917  6935 D M_InsDal: Lcom/csipsimple/utils/PreferencesProviderWrapper;--->getPreferenceBooleanValue(Ljava/lang/String;Z)Z
05-29 15:48:19.315  6917  6935 D M_InsDal: Lcom/csipsimple/api/SipConfigManager;--->getPreferenceBooleanValue(Landroid/content/Context;Ljava/lang/String;Ljava/lang/Boolean;)Ljava/lang/Boolean;
05-29 15:48:19.315  6917  6935 D M_InsDal: Lcom/csipsimple/api/SipConfigManager;--->getPrefUriForKey(Ljava/lang/String;)Landroid/net/Uri;
05-29 15:48:19.315  6917  6935 D M_InsDal: Lcom/csipsimple/service/PreferenceProvider;--->query(Landroid/net/Uri;[Ljava/lang/String;Ljava/lang/String;[Ljava/lang/String;Ljava/lang/String;)Landroid/database/Cursor;
05-29 15:48:19.315  6917  6935 D M_InsDal: Lcom/csipsimple/utils/PreferencesWrapper;--->getPreferenceBooleanValue(Ljava/lang/String;)Ljava/lang/Boolean;
05-29 15:48:19.315  6917  6935 D M_InsDal: Lcom/csipsimple/utils/PreferencesWrapper;--->gPrefBooleanValue(Landroid/content/SharedPreferences;Ljava/lang/String;)Ljava/lang/Boolean;
05-29 15:48:19.315  6917  6935 D M_InsDal: Lcom/csipsimple/utils/PreferencesProviderWrapper;--->getPreferenceBooleanValue(Ljava/lang/String;)Z
05-29 15:48:19.315  6917  6935 D M_InsDal: Lcom/csipsimple/api/SipConfigManager;--->getPreferenceBooleanValue(Landroid/content/Context;Ljava/lang/String;)Ljava/lang/Boolean;
05-29 15:48:19.315  6917  6935 D M_InsDal: Lcom/csipsimple/api/SipConfigManager;--->getPreferenceBooleanValue(Landroid/content/Context;Ljava/lang/String;Ljava/lang/Boolean;)Ljava/lang/Boolean;
05-29 15:48:19.315  6917  6935 D M_InsDal: Lcom/csipsimple/api/SipConfigManager;--->getPrefUriForKey(Ljava/lang/String;)Landroid/net/Uri;
05-29 15:48:19.315  6917  6935 D M_InsDal: Lcom/csipsimple/service/PreferenceProvider;--->query(Landroid/net/Uri;[Ljava/lang/String;Ljava/lang/String;[Ljava/lang/String;Ljava/lang/String;)Landroid/database/Cursor;
05-29 15:48:19.315  6917  6935 D M_InsDal: Lcom/csipsimple/utils/PreferencesWrapper;--->getPreferenceBooleanValue(Ljava/lang/String;)Ljava/lang/Boolean;
05-29 15:48:19.315  6917  6935 D M_InsDal: Lcom/csipsimple/utils/PreferencesWrapper;--->gPrefBooleanValue(Landroid/content/SharedPreferences;Ljava/lang/String;)Ljava/lang/Boolean;
05-29 15:48:19.315  6917  6935 D M_InsDal: Lcom/csipsimple/utils/PreferencesProviderWrapper;--->getPreferenceBooleanValue(Ljava/lang/String;)Z
05-29 15:48:19.315  6917  6935 D M_InsDal: Lcom/csipsimple/api/SipConfigManager;--->getPreferenceBooleanValue(Landroid/content/Context;Ljava/lang/String;)Ljava/lang/Boolean;
05-29 15:48:19.315  6917  6935 D M_InsDal: Lcom/csipsimple/api/SipConfigManager;--->getPreferenceBooleanValue(Landroid/content/Context;Ljava/lang/String;Ljava/lang/Boolean;)Ljava/lang/Boolean;
05-29 15:48:19.315  6917  6935 D M_InsDal: Lcom/csipsimple/api/SipConfigManager;--->getPrefUriForKey(Ljava/lang/String;)Landroid/net/Uri;
05-29 15:48:19.316  6917  6935 D M_InsDal: Lcom/csipsimple/service/PreferenceProvider;--->query(Landroid/net/Uri;[Ljava/lang/String;Ljava/lang/String;[Ljava/lang/String;Ljava/lang/String;)Landroid/database/Cursor;
05-29 15:48:19.316  6917  6935 D M_InsDal: Lcom/csipsimple/utils/PreferencesWrapper;--->getPreferenceBooleanValue(Ljava/lang/String;)Ljava/lang/Boolean;
05-29 15:48:19.316  6917  6935 D M_InsDal: Lcom/csipsimple/utils/PreferencesWrapper;--->gPrefBooleanValue(Landroid/content/SharedPreferences;Ljava/lang/String;)Ljava/lang/Boolean;
05-29 15:48:19.316  6917  6935 D M_InsDal: Lcom/csipsimple/ui/SipHome;--->applyWarning(Ljava/lang/String;Z)V
05-29 15:48:19.316  6917  6935 D M_InsDal: Lcom/csipsimple/ui/warnings/WarningUtils;--->shouldWarnVpnIcs(Lcom/csipsimple/utils/PreferencesProviderWrapper;)Z
05-29 15:48:19.316  6917  6935 D M_InsDal: Lcom/csipsimple/ui/warnings/WarningUtils;--->getIgnoreKey(Ljava/lang/String;)Ljava/lang/String;
05-29 15:48:19.316  6917  6935 D M_InsDal: Lcom/csipsimple/utils/PreferencesProviderWrapper;--->getPreferenceBooleanValue(Ljava/lang/String;Z)Z
05-29 15:48:19.316  6917  6935 D M_InsDal: Lcom/csipsimple/api/SipConfigManager;--->getPreferenceBooleanValue(Landroid/content/Context;Ljava/lang/String;Ljava/lang/Boolean;)Ljava/lang/Boolean;
05-29 15:48:19.316  6917  6935 D M_InsDal: Lcom/csipsimple/api/SipConfigManager;--->getPrefUriForKey(Ljava/lang/String;)Landroid/net/Uri;
05-29 15:48:19.316  6917  6935 D M_InsDal: Lcom/csipsimple/service/PreferenceProvider;--->query(Landroid/net/Uri;[Ljava/lang/String;Ljava/lang/String;[Ljava/lang/String;Ljava/lang/String;)Landroid/database/Cursor;
05-29 15:48:19.316  6917  6935 D M_InsDal: Lcom/csipsimple/utils/PreferencesWrapper;--->getPreferenceBooleanValue(Ljava/lang/String;)Ljava/lang/Boolean;
05-29 15:48:19.316  6917  6935 D M_InsDal: Lcom/csipsimple/utils/PreferencesWrapper;--->gPrefBooleanValue(Landroid/content/SharedPreferences;Ljava/lang/String;)Ljava/lang/Boolean;
05-29 15:48:19.316  6917  6935 D M_InsDal: Lcom/csipsimple/utils/Compatibility;--->isCompatible(I)Z
05-29 15:48:19.316  6917  6935 D M_InsDal: Lcom/csipsimple/utils/PreferencesProviderWrapper;--->getPreferenceIntegerValue(Ljava/lang/String;)I
05-29 15:48:19.316  6917  6935 D M_InsDal: Lcom/csipsimple/api/SipConfigManager;--->getPreferenceIntegerValue(Landroid/content/Context;Ljava/lang/String;)Ljava/lang/Integer;
05-29 15:48:19.316  6917  6935 D M_InsDal: Lcom/csipsimple/api/SipConfigManager;--->getPreferenceIntegerValue(Landroid/content/Context;Ljava/lang/String;Ljava/lang/Integer;)Ljava/lang/Integer;
05-29 15:48:19.316  6917  6935 D M_InsDal: Lcom/csipsimple/api/SipConfigManager;--->getPrefUriForKey(Ljava/lang/String;)Landroid/net/Uri;
05-29 15:48:19.316  6917  6935 D M_InsDal: Lcom/csipsimple/service/PreferenceProvider;--->query(Landroid/net/Uri;[Ljava/lang/String;Ljava/lang/String;[Ljava/lang/String;Ljava/lang/String;)Landroid/database/Cursor;
05-29 15:48:19.316  6917  6935 D M_InsDal: Lcom/csipsimple/utils/PreferencesWrapper;--->getPreferenceIntegerValue(Ljava/lang/String;)Ljava/lang/Integer;
05-29 15:48:19.316  6917  6935 D M_InsDal: Lcom/csipsimple/utils/PreferencesWrapper;--->getPreferenceStringValue(Ljava/lang/String;)Ljava/lang/String;
05-29 15:48:19.316  6917  6935 D M_InsDal: Lcom/csipsimple/utils/PreferencesWrapper;--->gPrefStringValue(Landroid/content/SharedPreferences;Ljava/lang/String;)Ljava/lang/String;
05-29 15:48:19.316  6917  6935 D M_InsDal: Lcom/csipsimple/utils/PreferencesProviderWrapper;--->getSystemProp(Ljava/lang/String;)Ljava/lang/String;
05-29 15:48:19.319  6917  6935 D M_InsDal: Lcom/csipsimple/utils/PreferencesProviderWrapper;--->getSystemProp(Ljava/lang/String;)Ljava/lang/String;
05-29 15:48:19.321  6917  6935 D M_InsDal: Lcom/csipsimple/ui/SipHome;--->applyWarning(Ljava/lang/String;Z)V
05-29 15:48:19.321  6917  6935 D M_InsDal: Lcom/csipsimple/ui/warnings/WarningUtils;--->shouldWarnSDCard(Landroid/content/Context;Lcom/csipsimple/utils/PreferencesProviderWrapper;)Z
05-29 15:48:19.321  6917  6935 D M_InsDal: Lcom/csipsimple/utils/Compatibility;--->isInstalledOnSdCard(Landroid/content/Context;)Z
05-29 15:48:19.321  6917  6935 D M_InsDal: Lcom/csipsimple/utils/Compatibility;--->isCompatible(I)Z
05-29 15:48:19.322  6917  6935 D M_InsDal: Lcom/csipsimple/ui/SipHome;--->applyWarning(Ljava/lang/String;Z)V
05-29 15:48:19.361  6917  6917 D M_InsDal: Lcom/csipsimple/ui/SipHome;--->onResume()V
05-29 15:48:19.361  6917  6917 D M_InsDal: Lcom/csipsimple/utils/Log;--->d(Ljava/lang/String;Ljava/lang/String;)V
05-29 15:48:19.361  6917  6917 D M_InsDal: Lcom/csipsimple/utils/PreferencesProviderWrapper;--->setPreferenceBooleanValue(Ljava/lang/String;Z)V
05-29 15:48:19.361  6917  6917 D M_InsDal: Lcom/csipsimple/api/SipConfigManager;--->setPreferenceBooleanValue(Landroid/content/Context;Ljava/lang/String;Z)V
05-29 15:48:19.361  6917  6917 D M_InsDal: Lcom/csipsimple/api/SipConfigManager;--->getPrefUriForKey(Ljava/lang/String;)Landroid/net/Uri;
05-29 15:48:19.362  6917  6917 D M_InsDal: Lcom/csipsimple/service/PreferenceProvider;--->update(Landroid/net/Uri;Landroid/content/ContentValues;Ljava/lang/String;[Ljava/lang/String;)I
05-29 15:48:19.362  6917  6917 D M_InsDal: Lcom/csipsimple/utils/PreferencesWrapper;--->setPreferenceBooleanValue(Ljava/lang/String;Z)V
05-29 15:48:19.362  6917  6917 D M_InsDal: Lcom/csipsimple/ui/SipHome;--->sendFragmentVisibilityChange(IZ)V
05-29 15:48:19.362  6917  6917 D M_InsDal: Lcom/csipsimple/ui/SipHome;--->getFragmentAt(I)Landroid/support/v4/app/Fragment;
05-29 15:48:19.362  6917  6917 D M_InsDal: Lcom/csipsimple/ui/SipHome$TabsAdapter;--->getIdForPosition(I)Ljava/lang/Integer;
05-29 15:48:19.362  6917  6917 D M_InsDal: Lcom/csipsimple/utils/Log;--->d(Ljava/lang/String;Ljava/lang/String;)V
05-29 15:48:19.362  6917  6917 D M_InsDal: Lcom/csipsimple/ui/SipHome;--->startSipService()V
05-29 15:48:19.362  6917  6917 D M_InsDal: Lcom/csipsimple/ui/SipHome$3;---><init>(Lcom/csipsimple/ui/SipHome;Ljava/lang/String;)V
05-29 15:48:19.362  6917  6917 D M_InsDal: Lcom/csipsimple/ui/SipHome;--->applyTheme()V
05-29 15:48:19.362  6917  6917 D M_InsDal: Lcom/csipsimple/utils/Theme;--->getCurrentTheme(Landroid/content/Context;)Lcom/csipsimple/utils/Theme;
05-29 15:48:19.362  6917  6917 D M_InsDal: Lcom/csipsimple/api/SipConfigManager;--->getPreferenceStringValue(Landroid/content/Context;Ljava/lang/String;)Ljava/lang/String;
05-29 15:48:19.362  6917  6917 D M_InsDal: Lcom/csipsimple/api/SipConfigManager;--->getPreferenceStringValue(Landroid/content/Context;Ljava/lang/String;Ljava/lang/String;)Ljava/lang/String;
05-29 15:48:19.362  6917  6917 D M_InsDal: Lcom/csipsimple/api/SipConfigManager;--->getPrefUriForKey(Ljava/lang/String;)Landroid/net/Uri;
05-29 15:48:19.362  6917  6917 D M_InsDal: Lcom/csipsimple/service/PreferenceProvider;--->query(Landroid/net/Uri;[Ljava/lang/String;Ljava/lang/String;[Ljava/lang/String;Ljava/lang/String;)Landroid/database/Cursor;
05-29 15:48:19.362  6917  6939 D M_InsDal: Lcom/csipsimple/ui/SipHome$3;--->run()V
05-29 15:48:19.362  6917  6917 D M_InsDal: Lcom/csipsimple/utils/PreferencesWrapper;--->getPreferenceStringValue(Ljava/lang/String;)Ljava/lang/String;
05-29 15:48:19.362  6917  6917 D M_InsDal: Lcom/csipsimple/utils/PreferencesWrapper;--->gPrefStringValue(Landroid/content/SharedPreferences;Ljava/lang/String;)Ljava/lang/String;
05-29 15:48:19.363  6917  6939 D M_InsDal: Lcom/csipsimple/ui/SipHome;--->postStartSipService()V
05-29 15:48:19.363  6917  6939 D M_InsDal: Lcom/csipsimple/utils/CustomDistribution;--->showFirstSettingScreen()Z
05-29 15:48:19.363  6917  6939 D M_InsDal: Lcom/csipsimple/utils/PreferencesProviderWrapper;--->getPreferenceBooleanValue(Ljava/lang/String;Z)Z
05-29 15:48:19.363  6917  6939 D M_InsDal: Lcom/csipsimple/api/SipConfigManager;--->getPreferenceBooleanValue(Landroid/content/Context;Ljava/lang/String;Ljava/lang/Boolean;)Ljava/lang/Boolean;
05-29 15:48:19.363  6917  6939 D M_InsDal: Lcom/csipsimple/api/SipConfigManager;--->getPrefUriForKey(Ljava/lang/String;)Landroid/net/Uri;
05-29 15:48:19.363  6917  6939 D M_InsDal: Lcom/csipsimple/service/PreferenceProvider;--->query(Landroid/net/Uri;[Ljava/lang/String;Ljava/lang/String;[Ljava/lang/String;Ljava/lang/String;)Landroid/database/Cursor;
05-29 15:48:19.363  6917  6939 D M_InsDal: Lcom/csipsimple/utils/PreferencesWrapper;--->getPreferenceBooleanValue(Ljava/lang/String;)Ljava/lang/Boolean;
05-29 15:48:19.363  6917  6939 D M_InsDal: Lcom/csipsimple/utils/PreferencesWrapper;--->gPrefBooleanValue(Landroid/content/SharedPreferences;Ljava/lang/String;)Ljava/lang/Boolean;
05-29 15:48:19.364  6917  6939 D M_InsDal: Lcom/csipsimple/api/SipProfile;---><clinit>()V
05-29 15:48:19.364  6917  6939 D M_InsDal: Lcom/csipsimple/api/SipProfile$1;---><init>()V
05-29 15:48:19.377  6917  6917 D M_InsDal: Lcom/csipsimple/ui/SipHome$1;--->run()V
05-29 15:48:19.377  6917  6917 D M_InsDal: Lcom/csipsimple/ui/SipHome;--->refreshWarningTabDisplay()V
05-29 15:48:19.378  6917  6917 D M_InsDal: Lcom/csipsimple/ui/SipHome$TabsAdapter;--->getPositionForId(I)Ljava/lang/Integer;
05-29 15:48:19.378  6917  6917 D M_InsDal: Lcom/csipsimple/ui/SipHome$1;--->run()V
05-29 15:48:19.378  6917  6917 D M_InsDal: Lcom/csipsimple/ui/SipHome;--->refreshWarningTabDisplay()V
05-29 15:48:19.378  6917  6917 D M_InsDal: Lcom/csipsimple/ui/SipHome$TabsAdapter;--->getPositionForId(I)Ljava/lang/Integer;
05-29 15:48:19.378  6917  6917 D M_InsDal: Lcom/csipsimple/ui/SipHome$1;--->run()V
05-29 15:48:19.378  6917  6917 D M_InsDal: Lcom/csipsimple/ui/SipHome;--->refreshWarningTabDisplay()V
05-29 15:48:19.378  6917  6917 D M_InsDal: Lcom/csipsimple/ui/SipHome$TabsAdapter;--->getPositionForId(I)Ljava/lang/Integer;
05-29 15:48:19.378  6917  6917 D M_InsDal: Lcom/csipsimple/ui/SipHome$1;--->run()V
05-29 15:48:19.378  6917  6917 D M_InsDal: Lcom/csipsimple/ui/SipHome;--->refreshWarningTabDisplay()V
05-29 15:48:19.378  6917  6917 D M_InsDal: Lcom/csipsimple/ui/SipHome$TabsAdapter;--->getPositionForId(I)Ljava/lang/Integer;
05-29 15:48:19.378  6917  6917 D M_InsDal: Lcom/csipsimple/ui/SipHome$TabsAdapter;--->getCount()I
05-29 15:48:19.378  6917  6917 D M_InsDal: Lcom/csipsimple/ui/SipHome$TabsAdapter;--->getItem(I)Landroid/support/v4/app/Fragment;
05-29 15:48:19.378  6917  6917 D M_InsDal: Lcom/csipsimple/ui/favorites/FavListFragment;---><init>()V
05-29 15:48:19.378  6917  6917 D M_InsDal: Lcom/csipsimple/widgets/CSSListFragment;---><init>()V
05-29 15:48:19.379  6917  6917 D M_InsDal: Lcom/csipsimple/ui/SipHome$TabsAdapter;--->getItem(I)Landroid/support/v4/app/Fragment;
05-29 15:48:19.379  6917  6917 D M_InsDal: Lcom/csipsimple/ui/calllog/CallLogListFragment;---><init>()V
05-29 15:48:19.379  6917  6917 D M_InsDal: Lcom/csipsimple/widgets/CSSListFragment;---><init>()V
05-29 15:48:19.379  6917  6917 D M_InsDal: Lcom/csipsimple/ui/SipHome$TabsAdapter;--->getItem(I)Landroid/support/v4/app/Fragment;
05-29 15:48:19.379  6917  6917 D M_InsDal: Lcom/csipsimple/ui/messages/ConversationsListFragment;---><init>()V
05-29 15:48:19.379  6917  6917 D M_InsDal: Lcom/csipsimple/widgets/CSSListFragment;---><init>()V
05-29 15:48:19.379  6917  6917 D M_InsDal: Lcom/csipsimple/ui/SipHome$TabsAdapter;--->getCount()I
05-29 15:48:19.379  6917  6917 D M_InsDal: Lcom/csipsimple/ui/SipHome;--->onAttachFragment(Landroid/support/v4/app/Fragment;)V
05-29 15:48:19.379  6917  6917 D M_InsDal: Lcom/csipsimple/ui/SipHome$TabsAdapter;--->getIdForPosition(I)Ljava/lang/Integer;
05-29 15:48:19.379  6917  6917 D M_InsDal: Lcom/csipsimple/ui/favorites/FavListFragment;--->onVisibilityChanged(Z)V
05-29 15:48:19.379  6917  6917 D M_InsDal: Lcom/csipsimple/ui/favorites/FavListFragment;--->attachAdapter()V
05-29 15:48:19.379  6917  6917 D M_InsDal: Lcom/csipsimple/ui/favorites/FavAdapter;---><init>(Landroid/content/Context;Landroid/database/Cursor;)V
05-29 15:48:19.379  6917  6917 D M_InsDal: Lcom/csipsimple/ui/favorites/FavAdapter$1;---><init>(Lcom/csipsimple/ui/favorites/FavAdapter;)V
05-29 15:48:19.379  6917  6917 D M_InsDal: Lcom/csipsimple/ui/favorites/FavAdapter$2;---><init>(Lcom/csipsimple/ui/favorites/FavAdapter;)V
05-29 15:48:19.379  6917  6917 D M_InsDal: Lcom/csipsimple/ui/favorites/FavListFragment;--->onCreateLoader(ILandroid/os/Bundle;)Landroid/support/v4/content/Loader;
05-29 15:48:19.379  6917  6917 D M_InsDal: Lcom/csipsimple/ui/favorites/FavLoader;---><init>(Landroid/content/Context;)V
05-29 15:48:19.379  6917  6917 D M_InsDal: Lcom/csipsimple/ui/favorites/FavListFragment;--->onCreate(Landroid/os/Bundle;)V
05-29 15:48:19.383  6917  6917 D M_InsDal: Lcom/csipsimple/ui/favorites/FavListFragment;--->onViewCreated(Landroid/view/View;Landroid/os/Bundle;)V
05-29 15:48:19.383  6917  6917 D M_InsDal: Lcom/csipsimple/widgets/CSSListFragment;--->onActivityCreated(Landroid/os/Bundle;)V
05-29 15:48:19.383  6917  6917 D M_InsDal: Lcom/csipsimple/ui/favorites/FavListFragment;--->onActivityCreated(Landroid/os/Bundle;)V
05-29 15:48:19.383  6917  6917 D M_InsDal: Lcom/csipsimple/ui/favorites/FavLoader;--->onStartLoading()V
05-29 15:48:19.383  6917  6917 D M_InsDal: Lcom/csipsimple/ui/SipHome;--->onAttachFragment(Landroid/support/v4/app/Fragment;)V
05-29 15:48:19.383  6917  6917 D M_InsDal: Lcom/csipsimple/ui/SipHome$TabsAdapter;--->getIdForPosition(I)Ljava/lang/Integer;
05-29 15:48:19.383  6917  6917 D M_InsDal: Lcom/csipsimple/ui/calllog/CallLogListFragment;--->onCreateView(Landroid/view/LayoutInflater;Landroid/view/ViewGroup;Landroid/os/Bundle;)Landroid/view/View;
05-29 15:48:19.383  6917  6946 D M_InsDal: Lcom/csipsimple/ui/favorites/FavLoader;--->loadInBackground()Landroid/database/Cursor;
05-29 15:48:19.383  6917  6946 D M_InsDal: Lcom/csipsimple/api/SipProfile;--->getAllProfiles(Landroid/content/Context;Z[Ljava/lang/String;)Ljava/util/ArrayList;
05-29 15:48:19.385  6917  6917 D M_InsDal: Lcom/csipsimple/ui/calllog/CallLogListFragment;--->onViewCreated(Landroid/view/View;Landroid/os/Bundle;)V
05-29 15:48:19.385  6917  6917 D M_InsDal: Lcom/csipsimple/ui/calllog/CallLogListFragment$1;---><init>(Lcom/csipsimple/ui/calllog/CallLogListFragment;)V
05-29 15:48:19.385  6917  6917 D M_InsDal: Lcom/csipsimple/widgets/CSSListFragment;--->onActivityCreated(Landroid/os/Bundle;)V
05-29 15:48:19.385  6917  6917 D M_InsDal: Lcom/csipsimple/ui/calllog/CallLogListFragment;--->onActivityCreated(Landroid/os/Bundle;)V
05-29 15:48:19.385  6917  6917 D M_InsDal: Lcom/csipsimple/ui/SipHome;--->onAttachFragment(Landroid/support/v4/app/Fragment;)V
05-29 15:48:19.385  6917  6917 D M_InsDal: Lcom/csipsimple/ui/SipHome$TabsAdapter;--->getIdForPosition(I)Ljava/lang/Integer;
05-29 15:48:19.385  6917  6917 D M_InsDal: Lcom/csipsimple/ui/messages/ConversationsListFragment;--->onCreateView(Landroid/view/LayoutInflater;Landroid/view/ViewGroup;Landroid/os/Bundle;)Landroid/view/View;
05-29 15:48:19.387  6917  6917 D M_InsDal: Lcom/csipsimple/ui/messages/ConversationsListFragment$1;---><init>(Lcom/csipsimple/ui/messages/ConversationsListFragment;)V
05-29 15:48:19.388  6917  6917 D M_InsDal: Lcom/csipsimple/widgets/CheckableListItemView;---><init>(Landroid/content/Context;Landroid/util/AttributeSet;)V
05-29 15:48:19.388  6917  6917 D M_InsDal: Lcom/csipsimple/widgets/CheckableListItemView;--->requestLayout()V
05-29 15:48:19.388  6917  6917 D M_InsDal: Lcom/csipsimple/widgets/CheckableListItemView;--->requestLayout()V
05-29 15:48:19.390  6917  6917 D M_InsDal: Lcom/csipsimple/widgets/contactbadge/QuickContactBadge;---><init>(Landroid/content/Context;Landroid/util/AttributeSet;)V
05-29 15:48:19.390  6917  6917 D M_InsDal: Lcom/csipsimple/widgets/contactbadge/QuickContactBadge;---><init>(Landroid/content/Context;Landroid/util/AttributeSet;I)V
05-29 15:48:19.390  6917  6917 D M_InsDal: Lcom/csipsimple/widgets/contactbadge/QuickContactBadge$ArrowPosition;---><clinit>()V
05-29 15:48:19.390  6917  6917 D M_InsDal: Lcom/csipsimple/widgets/contactbadge/QuickContactBadge$ArrowPosition;---><init>(Ljava/lang/String;I)V
05-29 15:48:19.390  6917  6917 D M_InsDal: Lcom/csipsimple/widgets/contactbadge/QuickContactBadge$ArrowPosition;---><init>(Ljava/lang/String;I)V
05-29 15:48:19.390  6917  6917 D M_InsDal: Lcom/csipsimple/utils/Compatibility;--->isCompatible(I)Z
05-29 15:48:19.390  6917  6917 D M_InsDal: Lcom/csipsimple/widgets/contactbadge/ContactBadge5;---><init>(Landroid/content/Context;Landroid/util/AttributeSet;ILcom/csipsimple/widgets/contactbadge/QuickContactBadge;)V
05-29 15:48:19.390  6917  6917 D M_InsDal: Lcom/csipsimple/widgets/contactbadge/ContactBadgeContract;---><init>(Landroid/content/Context;Landroid/util/AttributeSet;ILcom/csipsimple/widgets/contactbadge/QuickContactBadge;)V
05-29 15:48:19.390  6917  6917 D M_InsDal: Lcom/csipsimple/widgets/contactbadge/OverlayedQuickContactBadge;---><init>(Landroid/content/Context;Landroid/util/AttributeSet;ILcom/csipsimple/widgets/contactbadge/QuickContactBadge;)V
05-29 15:48:19.392  6917  6917 D M_InsDal: Lcom/csipsimple/widgets/contactbadge/ContactBadge5;--->getImageView()Landroid/widget/ImageView;
05-29 15:48:19.392  6917  6917 D M_InsDal: Lcom/csipsimple/widgets/contactbadge/QuickContactBadge;--->setDrawable()V
05-29 15:48:19.393  6917  6917 D M_InsDal: Lcom/csipsimple/widgets/CheckableListItemView;--->requestLayout()V
05-29 15:48:19.393  6917  6917 D M_InsDal: Lcom/csipsimple/ui/messages/ConversationsListFragment;--->onViewCreated(Landroid/view/View;Landroid/os/Bundle;)V
05-29 15:48:19.393  6917  6917 D M_InsDal: Lcom/csipsimple/widgets/CSSListFragment;--->onActivityCreated(Landroid/os/Bundle;)V
05-29 15:48:19.393  6917  6917 D M_InsDal: Lcom/csipsimple/ui/messages/ConversationsListFragment;--->onActivityCreated(Landroid/os/Bundle;)V
05-29 15:48:19.400  6917  6917 D M_InsDal: Lcom/csipsimple/ui/SipHome$TabsAdapter;--->getCount()I
05-29 15:48:19.400  6917  6917 D M_InsDal: Lcom/csipsimple/ui/SipHome$TabsAdapter;--->getCount()I
05-29 15:48:19.401  6917  6917 D M_InsDal: Lcom/csipsimple/ui/SipHome$TabsAdapter;--->getCount()I
05-29 15:48:19.401  6917  6917 D M_InsDal: Lcom/csipsimple/ui/SipHome$TabsAdapter;--->getCount()I
05-29 15:48:19.406  6917  6917 D M_InsDal: Lcom/csipsimple/ui/SipHome;--->onCreateOptionsMenu(Lcom/actionbarsherlock/view/Menu;)Z
05-29 15:48:19.406  6917  6917 D M_InsDal: Lcom/csipsimple/utils/CustomDistribution;--->getCustomDistributionWizard()Lcom/csipsimple/wizards/WizardUtils$WizardInfo;
05-29 15:48:19.406  6917  6917 D M_InsDal: Lcom/csipsimple/utils/CustomDistribution;--->distributionWantsOtherAccounts()Z
05-29 15:48:19.406  6917  6917 D M_InsDal: Lcom/csipsimple/utils/Compatibility;--->isCompatible(I)Z
05-29 15:48:19.409  6917  6917 D M_InsDal: Lcom/csipsimple/ui/SipHome$TabsAdapter;--->getCount()I
05-29 15:48:19.409  6917  6917 D M_InsDal: Lcom/csipsimple/ui/SipHome$TabsAdapter;--->getCount()I
05-29 15:48:19.454  6941  6941 D M_InsDal: Lcom/csipsimple/db/DBProvider;---><clinit>()V
05-29 15:48:19.455  6941  6941 D M_InsDal: Lcom/csipsimple/db/DBProvider;---><init>()V
05-29 15:48:19.455  6941  6941 D M_InsDal: Lcom/csipsimple/db/DBProvider;--->onCreate()Z
05-29 15:48:19.455  6941  6941 D M_InsDal: Lcom/csipsimple/db/DBAdapter$DatabaseHelper;---><init>(Landroid/content/Context;)V
05-29 15:48:19.457  6941  6957 D M_InsDal: Lcom/csipsimple/db/DBProvider;--->query(Landroid/net/Uri;[Ljava/lang/String;Ljava/lang/String;[Ljava/lang/String;Ljava/lang/String;)Landroid/database/Cursor;
05-29 15:48:19.457  6941  6941 D M_InsDal: Lcom/csipsimple/service/SipService;---><clinit>()V
05-29 15:48:19.458  6941  6941 D M_InsDal: Lcom/csipsimple/service/SipService;---><init>()V
05-29 15:48:19.458  6941  6956 D M_InsDal: Lcom/csipsimple/db/DBProvider;--->query(Landroid/net/Uri;[Ljava/lang/String;Ljava/lang/String;[Ljava/lang/String;Ljava/lang/String;)Landroid/database/Cursor;
05-29 15:48:19.458  6941  6941 D M_InsDal: Lcom/csipsimple/service/SipService$1;---><init>(Lcom/csipsimple/service/SipService;)V
05-29 15:48:19.458  6941  6941 D M_InsDal: Lcom/csipsimple/api/ISipService$Stub;---><init>()V
05-29 15:48:19.458  6941  6941 D M_InsDal: Lcom/csipsimple/service/SipService$2;---><init>(Lcom/csipsimple/service/SipService;)V
05-29 15:48:19.458  6941  6941 D M_InsDal: Lcom/csipsimple/api/ISipConfiguration$Stub;---><init>()V
05-29 15:48:19.458  6941  6941 D M_InsDal: Lcom/csipsimple/service/SipService$ServiceHandler;---><init>(Lcom/csipsimple/service/SipService;)V
05-29 15:48:19.458  6941  6941 D M_InsDal: Lcom/csipsimple/api/SipManager$PresenceStatus;---><clinit>()V
05-29 15:48:19.458  6941  6941 D M_InsDal: Lcom/csipsimple/api/SipManager$PresenceStatus;---><init>(Ljava/lang/String;I)V
05-29 15:48:19.459  6941  6941 D M_InsDal: Lcom/csipsimple/api/SipManager$PresenceStatus;---><init>(Ljava/lang/String;I)V
05-29 15:48:19.459  6941  6941 D M_InsDal: Lcom/csipsimple/service/SipService;--->onCreate()V
05-29 15:48:19.459  6941  6941 D M_InsDal: Lcom/csipsimple/utils/Log;---><clinit>()V
05-29 15:48:19.459  6941  6941 D M_InsDal: Lcom/csipsimple/utils/Log;--->i(Ljava/lang/String;Ljava/lang/String;)V
05-29 15:48:19.459  6917  6917 D M_InsDal: Lcom/csipsimple/ui/SipHome$TabsAdapter;--->getCount()I
05-29 15:48:19.459  6941  6941 D M_InsDal: Lcom/csipsimple/utils/PreferencesProviderWrapper;---><init>(Landroid/content/Context;)V
05-29 15:48:19.459  6941  6941 D M_InsDal: Lcom/csipsimple/utils/PreferencesProviderWrapper;--->getLogLevel()I
05-29 15:48:19.460  6941  6941 D M_InsDal: Lcom/csipsimple/api/SipConfigManager;---><clinit>()V
05-29 15:48:19.460  6941  6941 D M_InsDal: Lcom/csipsimple/api/SipConfigManager;--->getPreferenceIntegerValue(Landroid/content/Context;Ljava/lang/String;Ljava/lang/Integer;)Ljava/lang/Integer;
05-29 15:48:19.460  6941  6941 D M_InsDal: Lcom/csipsimple/api/SipConfigManager;--->getPrefUriForKey(Ljava/lang/String;)Landroid/net/Uri;
05-29 15:48:19.461  6917  6931 D M_InsDal: Lcom/csipsimple/service/PreferenceProvider;--->query(Landroid/net/Uri;[Ljava/lang/String;Ljava/lang/String;[Ljava/lang/String;Ljava/lang/String;)Landroid/database/Cursor;
05-29 15:48:19.461  6917  6931 D M_InsDal: Lcom/csipsimple/utils/PreferencesWrapper;--->getPreferenceIntegerValue(Ljava/lang/String;)Ljava/lang/Integer;
05-29 15:48:19.461  6917  6931 D M_InsDal: Lcom/csipsimple/utils/PreferencesWrapper;--->getPreferenceStringValue(Ljava/lang/String;)Ljava/lang/String;
05-29 15:48:19.461  6917  6931 D M_InsDal: Lcom/csipsimple/utils/PreferencesWrapper;--->gPrefStringValue(Landroid/content/SharedPreferences;Ljava/lang/String;)Ljava/lang/String;
05-29 15:48:19.463  6941  6941 D M_InsDal: Lcom/csipsimple/utils/Log;--->setLogLevel(I)V
05-29 15:48:19.463  6941  6941 D M_InsDal: Lcom/csipsimple/service/SipNotifications;---><clinit>()V
05-29 15:48:19.463  6941  6941 D M_InsDal: Lcom/csipsimple/service/SipNotifications;---><init>(Landroid/content/Context;)V
05-29 15:48:19.463  6941  6941 D M_InsDal: Lcom/csipsimple/service/SipNotifications;--->cancelAll()V
05-29 15:48:19.463  6941  6941 D M_InsDal: Lcom/csipsimple/service/SipNotifications;--->cancelMessages()V
05-29 15:48:19.463  6941  6941 D M_InsDal: Lcom/csipsimple/service/SipNotifications;--->cancelMissedCalls()V
05-29 15:48:19.464  6917  6939 D M_InsDal: Lcom/csipsimple/utils/CustomDistribution;--->getCustomDistributionWizard()Lcom/csipsimple/wizards/WizardUtils$WizardInfo;
05-29 15:48:19.464  6941  6941 D M_InsDal: Lcom/csipsimple/service/SipNotifications;--->cancelVoicemails()V
05-29 15:48:19.464  6941  6941 D M_InsDal: Lcom/csipsimple/service/SipNotifications;--->cancelCalls()V
05-29 15:48:19.464  6941  6941 D M_InsDal: Lcom/csipsimple/utils/Compatibility;--->isCompatible(I)Z
05-29 15:48:19.464  6941  6941 D M_InsDal: Lcom/csipsimple/service/SipNotifications;--->onServiceCreate()V
05-29 15:48:19.464  6941  6941 D M_InsDal: Lcom/csipsimple/service/SipWakeLock;---><init>(Landroid/os/PowerManager;)V
05-29 15:48:19.464  6941  6941 D M_InsDal: Lcom/csipsimple/utils/PreferencesProviderWrapper;--->getPreferenceBooleanValue(Ljava/lang/String;Z)Z
05-29 15:48:19.464  6941  6941 D M_InsDal: Lcom/csipsimple/api/SipConfigManager;--->getPreferenceBooleanValue(Landroid/content/Context;Ljava/lang/String;Ljava/lang/Boolean;)Ljava/lang/Boolean;
05-29 15:48:19.464  6941  6941 D M_InsDal: Lcom/csipsimple/api/SipConfigManager;--->getPrefUriForKey(Ljava/lang/String;)Landroid/net/Uri;
05-29 15:48:19.464  6917  6931 D M_InsDal: Lcom/csipsimple/service/PreferenceProvider;--->query(Landroid/net/Uri;[Ljava/lang/String;Ljava/lang/String;[Ljava/lang/String;Ljava/lang/String;)Landroid/database/Cursor;
05-29 15:48:19.465  6917  6931 D M_InsDal: Lcom/csipsimple/utils/PreferencesWrapper;--->getPreferenceBooleanValue(Ljava/lang/String;)Ljava/lang/Boolean;
05-29 15:48:19.465  6917  6931 D M_InsDal: Lcom/csipsimple/utils/PreferencesWrapper;--->gPrefBooleanValue(Landroid/content/SharedPreferences;Ljava/lang/String;)Ljava/lang/Boolean;
05-29 15:48:19.470  6941  6941 D M_InsDal: Lcom/csipsimple/utils/Log;--->d(Ljava/lang/String;Ljava/lang/String;)V
05-29 15:48:19.470  6941  6941 D M_InsDal: Lcom/csipsimple/service/PresenceManager;---><clinit>()V
05-29 15:48:19.470  6941  6941 D M_InsDal: Lcom/csipsimple/service/PresenceManager;---><init>()V
05-29 15:48:19.470  6941  6941 D M_InsDal: Lcom/csipsimple/service/SipService;--->onStart(Landroid/content/Intent;I)V
05-29 15:48:19.471  6941  6941 D M_InsDal: Lcom/csipsimple/service/SipService;--->registerForOutgoing(Landroid/content/ComponentName;)V
05-29 15:48:19.471  6941  6941 D M_InsDal: Lcom/csipsimple/service/SipService;--->isConnectivityValid()Z
05-29 15:48:19.471  6941  6941 D M_InsDal: Lcom/csipsimple/utils/PreferencesProviderWrapper;--->getPreferenceBooleanValue(Ljava/lang/String;Z)Z
05-29 15:48:19.471  6941  6941 D M_InsDal: Lcom/csipsimple/api/SipConfigManager;--->getPreferenceBooleanValue(Landroid/content/Context;Ljava/lang/String;Ljava/lang/Boolean;)Ljava/lang/Boolean;
05-29 15:48:19.471  6941  6941 D M_InsDal: Lcom/csipsimple/api/SipConfigManager;--->getPrefUriForKey(Ljava/lang/String;)Landroid/net/Uri;
05-29 15:48:19.471  6917  6931 D M_InsDal: Lcom/csipsimple/service/PreferenceProvider;--->query(Landroid/net/Uri;[Ljava/lang/String;Ljava/lang/String;[Ljava/lang/String;Ljava/lang/String;)Landroid/database/Cursor;
05-29 15:48:19.471  6917  6931 D M_InsDal: Lcom/csipsimple/utils/PreferencesWrapper;--->getPreferenceBooleanValue(Ljava/lang/String;)Ljava/lang/Boolean;
05-29 15:48:19.472  6917  6931 D M_InsDal: Lcom/csipsimple/utils/PreferencesWrapper;--->gPrefBooleanValue(Landroid/content/SharedPreferences;Ljava/lang/String;)Ljava/lang/Boolean;
05-29 15:48:19.473  6941  6941 D M_InsDal: Lcom/csipsimple/utils/PreferencesProviderWrapper;--->isValidConnectionForIncoming()Z
05-29 15:48:19.474  6941  6941 D M_InsDal: Lcom/csipsimple/utils/PreferencesProviderWrapper;--->isValidConnectionFor(Landroid/net/NetworkInfo;Ljava/lang/String;)Z
05-29 15:48:19.474  6941  6941 D M_InsDal: Lcom/csipsimple/utils/PreferencesProviderWrapper;--->isValidWifiConnectionFor(Landroid/net/NetworkInfo;Ljava/lang/String;)Z
05-29 15:48:19.474  6941  6941 D M_InsDal: Lcom/csipsimple/utils/PreferencesProviderWrapper;--->getPreferenceBooleanValue(Ljava/lang/String;Z)Z
05-29 15:48:19.474  6941  6941 D M_InsDal: Lcom/csipsimple/api/SipConfigManager;--->getPreferenceBooleanValue(Landroid/content/Context;Ljava/lang/String;Ljava/lang/Boolean;)Ljava/lang/Boolean;
05-29 15:48:19.474  6941  6941 D M_InsDal: Lcom/csipsimple/api/SipConfigManager;--->getPrefUriForKey(Ljava/lang/String;)Landroid/net/Uri;
05-29 15:48:19.474  6917  6931 D M_InsDal: Lcom/csipsimple/service/PreferenceProvider;--->query(Landroid/net/Uri;[Ljava/lang/String;Ljava/lang/String;[Ljava/lang/String;Ljava/lang/String;)Landroid/database/Cursor;
05-29 15:48:19.474  6917  6931 D M_InsDal: Lcom/csipsimple/utils/PreferencesWrapper;--->getPreferenceBooleanValue(Ljava/lang/String;)Ljava/lang/Boolean;
05-29 15:48:19.474  6917  6931 D M_InsDal: Lcom/csipsimple/utils/PreferencesWrapper;--->gPrefBooleanValue(Landroid/content/SharedPreferences;Ljava/lang/String;)Ljava/lang/Boolean;
05-29 15:48:19.475  6941  6941 D M_InsDal: Lcom/csipsimple/utils/Log;--->d(Ljava/lang/String;Ljava/lang/String;)V
05-29 15:48:19.475  6941  6941 D M_InsDal: Lcom/csipsimple/utils/PreferencesProviderWrapper;--->isValidConnectionForOutgoing()Z
05-29 15:48:19.475  6941  6941 D M_InsDal: Lcom/csipsimple/utils/PreferencesProviderWrapper;--->getPreferenceBooleanValue(Ljava/lang/String;Z)Z
05-29 15:48:19.475  6941  6941 D M_InsDal: Lcom/csipsimple/api/SipConfigManager;--->getPreferenceBooleanValue(Landroid/content/Context;Ljava/lang/String;Ljava/lang/Boolean;)Ljava/lang/Boolean;
05-29 15:48:19.475  6941  6941 D M_InsDal: Lcom/csipsimple/api/SipConfigManager;--->getPrefUriForKey(Ljava/lang/String;)Landroid/net/Uri;
05-29 15:48:19.476  6917  6931 D M_InsDal: Lcom/csipsimple/service/PreferenceProvider;--->query(Landroid/net/Uri;[Ljava/lang/String;Ljava/lang/String;[Ljava/lang/String;Ljava/lang/String;)Landroid/database/Cursor;
05-29 15:48:19.476  6917  6931 D M_InsDal: Lcom/csipsimple/utils/PreferencesWrapper;--->getPreferenceBooleanValue(Ljava/lang/String;)Ljava/lang/Boolean;
05-29 15:48:19.476  6917  6931 D M_InsDal: Lcom/csipsimple/utils/PreferencesWrapper;--->gPrefBooleanValue(Landroid/content/SharedPreferences;Ljava/lang/String;)Ljava/lang/Boolean;
05-29 15:48:19.477  6941  6941 D M_InsDal: Lcom/csipsimple/utils/PreferencesProviderWrapper;--->isValidConnectionFor(Landroid/net/NetworkInfo;Ljava/lang/String;)Z
05-29 15:48:19.477  6941  6941 D M_InsDal: Lcom/csipsimple/utils/PreferencesProviderWrapper;--->isValidWifiConnectionFor(Landroid/net/NetworkInfo;Ljava/lang/String;)Z
05-29 15:48:19.477  6941  6941 D M_InsDal: Lcom/csipsimple/utils/PreferencesProviderWrapper;--->getPreferenceBooleanValue(Ljava/lang/String;Z)Z
05-29 15:48:19.477  6941  6941 D M_InsDal: Lcom/csipsimple/api/SipConfigManager;--->getPreferenceBooleanValue(Landroid/content/Context;Ljava/lang/String;Ljava/lang/Boolean;)Ljava/lang/Boolean;
05-29 15:48:19.477  6941  6941 D M_InsDal: Lcom/csipsimple/api/SipConfigManager;--->getPrefUriForKey(Ljava/lang/String;)Landroid/net/Uri;
05-29 15:48:19.477  6917  6931 D M_InsDal: Lcom/csipsimple/service/PreferenceProvider;--->query(Landroid/net/Uri;[Ljava/lang/String;Ljava/lang/String;[Ljava/lang/String;Ljava/lang/String;)Landroid/database/Cursor;
05-29 15:48:19.477  6917  6931 D M_InsDal: Lcom/csipsimple/utils/PreferencesWrapper;--->getPreferenceBooleanValue(Ljava/lang/String;)Ljava/lang/Boolean;
05-29 15:48:19.478  6917  6931 D M_InsDal: Lcom/csipsimple/utils/PreferencesWrapper;--->gPrefBooleanValue(Landroid/content/SharedPreferences;Ljava/lang/String;)Ljava/lang/Boolean;
05-29 15:48:19.479  6941  6941 D M_InsDal: Lcom/csipsimple/utils/Log;--->d(Ljava/lang/String;Ljava/lang/String;)V
05-29 15:48:19.479  6941  6941 D M_InsDal: Lcom/csipsimple/service/SipService;--->loadStack()Z
05-29 15:48:19.479  6941  6941 D M_InsDal: Lcom/csipsimple/pjsip/PjSipService;---><clinit>()V
05-29 15:48:19.479  6941  6941 D M_InsDal: Lcom/csipsimple/pjsip/PjSipService;---><init>()V
05-29 15:48:19.479  6941  6941 D M_InsDal: Lcom/csipsimple/pjsip/PjSipService;--->setService(Lcom/csipsimple/service/SipService;)V
05-29 15:48:19.479  6941  6941 D M_InsDal: Lcom/csipsimple/service/SipService;--->getPrefs()Lcom/csipsimple/utils/PreferencesProviderWrapper;
05-29 15:48:19.479  6941  6941 D M_InsDal: Lcom/csipsimple/pjsip/PjSipService;--->tryToLoadStack()Z
05-29 15:48:19.509  6941  6941 D M_InsDal: Lcom/csipsimple/utils/Log;--->e(Ljava/lang/String;Ljava/lang/String;Ljava/lang/Throwable;)V
05-29 15:48:19.509  6941  6941 D M_InsDal: Lcom/csipsimple/service/SipService;--->notifyUserOfMessage(Ljava/lang/String;)V
05-29 15:48:19.510  6941  6941 D M_InsDal: Lcom/csipsimple/service/SipService$ServiceHandler;--->handleMessage(Landroid/os/Message;)V
05-29 15:48:19.582  6917  6917 D M_InsDal: Lcom/csipsimple/ui/favorites/FavLoader;--->deliverResult(Landroid/database/Cursor;)V
05-29 15:48:19.583  6917  6917 D M_InsDal: Lcom/csipsimple/widgets/CSSListFragment;--->onLoadFinished(Landroid/support/v4/content/Loader;Landroid/database/Cursor;)V
05-29 15:48:19.583  6917  6917 D M_InsDal: Lcom/csipsimple/ui/favorites/FavListFragment;--->changeCursor(Landroid/database/Cursor;)V
05-29 15:48:19.583  6917  6917 D M_InsDal: Lcom/csipsimple/widgets/CSSListFragment;--->setListShown(Z)V
05-29 15:48:19.583  6917  6917 D M_InsDal: Lcom/csipsimple/widgets/CSSListFragment;--->setListShown(ZZ)V
05-29 15:48:19.583  6917  6917 D M_InsDal: Lcom/csipsimple/widgets/CSSListFragment;--->ensureCustomList()V
05-29 15:48:19.583  6917  6917 D M_InsDal: Lcom/csipsimple/ui/messages/ConversationsListFragment;--->onResume()V
05-29 15:48:19.584  6917  6917 D M_InsDal: Lcom/csipsimple/service/SipNotifications;---><clinit>()V
05-29 15:48:19.584  6917  6917 D M_InsDal: Lcom/csipsimple/service/SipNotifications;---><init>(Landroid/content/Context;)V
05-29 15:48:19.584  6917  6917 D M_InsDal: Lcom/csipsimple/service/SipNotifications;--->cancelAll()V
05-29 15:48:19.584  6917  6917 D M_InsDal: Lcom/csipsimple/service/SipNotifications;--->cancelMessages()V
05-29 15:48:19.585  6917  6917 D M_InsDal: Lcom/csipsimple/service/SipNotifications;--->cancelMissedCalls()V
05-29 15:48:19.585  6917  6917 D M_InsDal: Lcom/csipsimple/service/SipNotifications;--->cancelVoicemails()V
05-29 15:48:19.585  6917  6917 D M_InsDal: Lcom/csipsimple/service/SipNotifications;--->cancelCalls()V
05-29 15:48:19.585  6917  6917 D M_InsDal: Lcom/csipsimple/utils/Compatibility;--->isCompatible(I)Z
05-29 15:48:19.585  6917  6917 D M_InsDal: Lcom/csipsimple/service/SipNotifications;--->cancelMessages()V
05-29 15:48:19.586  6917  6917 D M_InsDal: Lcom/csipsimple/ui/SipHome;--->onPause()V
05-29 15:48:19.586  6917  6917 D M_InsDal: Lcom/csipsimple/utils/Log;--->d(Ljava/lang/String;Ljava/lang/String;)V
05-29 15:48:19.592  6917  6917 D M_InsDal: Lcom/csipsimple/ui/account/AccountsEditList;---><init>()V
05-29 15:48:19.593  6917  6917 D M_InsDal: Lcom/csipsimple/ui/account/AccountsEditList;--->onCreate(Landroid/os/Bundle;)V
05-29 15:48:19.595  6917  6917 D M_InsDal: Lcom/csipsimple/ui/account/AccountsEditListFragment;---><clinit>()V
05-29 15:48:19.595  6917  6917 D M_InsDal: Lcom/csipsimple/ui/account/AccountsEditListFragment;---><init>()V
05-29 15:48:19.595  6917  6917 D M_InsDal: Lcom/csipsimple/widgets/CSSListFragment;---><init>()V
05-29 15:48:19.595  6917  6917 D M_InsDal: Lcom/csipsimple/ui/account/AccountsEditListFragment;--->onCreate(Landroid/os/Bundle;)V
05-29 15:48:19.595  6917  6917 D M_InsDal: Lcom/csipsimple/ui/account/AccountsEditListFragment;--->onCreateView(Landroid/view/LayoutInflater;Landroid/view/ViewGroup;Landroid/os/Bundle;)Landroid/view/View;
05-29 15:48:19.596  6917  6917 D M_InsDal: Lcom/csipsimple/widgets/DragnDropListView;---><init>(Landroid/content/Context;Landroid/util/AttributeSet;)V
05-29 15:48:19.597  6917  6917 D M_InsDal: Lcom/csipsimple/widgets/DragnDropListView;--->setGrabberId(I)V
