05-29 15:51:08.556  7728  7728 D M_InsDal: Lcom/csipsimple/ui/SipHome$TabsAdapter;--->getCount()I
05-29 15:51:08.556  7728  7728 D M_InsDal: Lcom/csipsimple/ui/dialpad/DialerLayout;--->onMeasure(II)V
05-29 15:51:08.556  7728  7728 D M_InsDal: Lcom/csipsimple/widgets/Dialpad;--->onMeasure(II)V
05-29 15:51:08.557  7728  7728 D M_InsDal: Lcom/csipsimple/ui/SipHome$TabsAdapter;--->getCount()I
05-29 15:51:08.557  7728  7728 D M_InsDal: Lcom/csipsimple/ui/SipHome$TabsAdapter;--->getCount()I
05-29 15:51:08.558  7751  7751 D M_InsDal: Lcom/csipsimple/utils/Log;--->d(Ljava/lang/String;Ljava/lang/String;)V
05-29 15:51:08.558  7751  7751 D M_InsDal: Lcom/csipsimple/service/PresenceManager;---><clinit>()V
05-29 15:51:08.558  7751  7751 D M_InsDal: Lcom/csipsimple/service/PresenceManager;---><init>()V
05-29 15:51:08.558  7751  7751 D M_InsDal: Lcom/csipsimple/service/SipService;--->onBind(Landroid/content/Intent;)Landroid/os/IBinder;
05-29 15:51:08.558  7751  7751 D M_InsDal: Lcom/csipsimple/utils/Log;--->d(Ljava/lang/String;Ljava/lang/String;)V
05-29 15:51:08.558  7728  7728 D M_InsDal: Lcom/csipsimple/ui/dialpad/DialerLayout;--->onMeasure(II)V
05-29 15:51:08.558  7751  7751 D M_InsDal: Lcom/csipsimple/utils/Log;--->d(Ljava/lang/String;Ljava/lang/String;)V
05-29 15:51:08.558  7728  7728 D M_InsDal: Lcom/csipsimple/widgets/Dialpad;--->onMeasure(II)V
05-29 15:51:08.558  7728  7728 D M_InsDal: Lcom/csipsimple/ui/dialpad/DigitsEditText;--->onLayout(ZIIII)V
05-29 15:51:08.558  7728  7728 D M_InsDal: Lcom/csipsimple/ui/dialpad/DigitsEditText;--->setIsDigit(ZZ)V
05-29 15:51:08.558  7751  7751 D M_InsDal: Lcom/csipsimple/service/SipService;--->onStart(Landroid/content/Intent;I)V
05-29 15:51:08.558  7751  7751 D M_InsDal: Lcom/csipsimple/service/SipService;--->registerForOutgoing(Landroid/content/ComponentName;)V
05-29 15:51:08.558  7751  7751 D M_InsDal: Lcom/csipsimple/service/SipService;--->isConnectivityValid()Z
05-29 15:51:08.558  7751  7751 D M_InsDal: Lcom/csipsimple/utils/PreferencesProviderWrapper;--->getPreferenceBooleanValue(Ljava/lang/String;Z)Z
05-29 15:51:08.558  7751  7751 D M_InsDal: Lcom/csipsimple/api/SipConfigManager;--->getPreferenceBooleanValue(Landroid/content/Context;Ljava/lang/String;Ljava/lang/Boolean;)Ljava/lang/Boolean;
05-29 15:51:08.558  7751  7751 D M_InsDal: Lcom/csipsimple/api/SipConfigManager;--->getPrefUriForKey(Ljava/lang/String;)Landroid/net/Uri;
05-29 15:51:08.559  7728  7741 D M_InsDal: Lcom/csipsimple/service/PreferenceProvider;--->query(Landroid/net/Uri;[Ljava/lang/String;Ljava/lang/String;[Ljava/lang/String;Ljava/lang/String;)Landroid/database/Cursor;
05-29 15:51:08.559  7728  7741 D M_InsDal: Lcom/csipsimple/utils/PreferencesWrapper;--->getPreferenceBooleanValue(Ljava/lang/String;)Ljava/lang/Boolean;
05-29 15:51:08.559  7728  7741 D M_InsDal: Lcom/csipsimple/utils/PreferencesWrapper;--->gPrefBooleanValue(Landroid/content/SharedPreferences;Ljava/lang/String;)Ljava/lang/Boolean;
05-29 15:51:08.561  7751  7751 D M_InsDal: Lcom/csipsimple/utils/PreferencesProviderWrapper;--->isValidConnectionForIncoming()Z
05-29 15:51:08.561  7751  7751 D M_InsDal: Lcom/csipsimple/utils/PreferencesProviderWrapper;--->isValidConnectionFor(Landroid/net/NetworkInfo;Ljava/lang/String;)Z
05-29 15:51:08.561  7751  7751 D M_InsDal: Lcom/csipsimple/utils/PreferencesProviderWrapper;--->isValidWifiConnectionFor(Landroid/net/NetworkInfo;Ljava/lang/String;)Z
05-29 15:51:08.561  7751  7751 D M_InsDal: Lcom/csipsimple/utils/PreferencesProviderWrapper;--->getPreferenceBooleanValue(Ljava/lang/String;Z)Z
05-29 15:51:08.561  7751  7751 D M_InsDal: Lcom/csipsimple/api/SipConfigManager;--->getPreferenceBooleanValue(Landroid/content/Context;Ljava/lang/String;Ljava/lang/Boolean;)Ljava/lang/Boolean;
05-29 15:51:08.561  7751  7751 D M_InsDal: Lcom/csipsimple/api/SipConfigManager;--->getPrefUriForKey(Ljava/lang/String;)Landroid/net/Uri;
05-29 15:51:08.562  7728  7741 D M_InsDal: Lcom/csipsimple/service/PreferenceProvider;--->query(Landroid/net/Uri;[Ljava/lang/String;Ljava/lang/String;[Ljava/lang/String;Ljava/lang/String;)Landroid/database/Cursor;
05-29 15:51:08.562  7728  7741 D M_InsDal: Lcom/csipsimple/utils/PreferencesWrapper;--->getPreferenceBooleanValue(Ljava/lang/String;)Ljava/lang/Boolean;
05-29 15:51:08.562  7728  7741 D M_InsDal: Lcom/csipsimple/utils/PreferencesWrapper;--->gPrefBooleanValue(Landroid/content/SharedPreferences;Ljava/lang/String;)Ljava/lang/Boolean;
05-29 15:51:08.562  7728  7728 D M_InsDal: Lcom/csipsimple/ui/SipHome;--->onCreateOptionsMenu(Lcom/actionbarsherlock/view/Menu;)Z
05-29 15:51:08.562  7728  7728 D M_InsDal: Lcom/csipsimple/utils/CustomDistribution;--->getCustomDistributionWizard()Lcom/csipsimple/wizards/WizardUtils$WizardInfo;
05-29 15:51:08.562  7728  7728 D M_InsDal: Lcom/csipsimple/utils/CustomDistribution;--->distributionWantsOtherAccounts()Z
05-29 15:51:08.562  7728  7728 D M_InsDal: Lcom/csipsimple/utils/Compatibility;--->isCompatible(I)Z
05-29 15:51:08.562  7728  7728 D M_InsDal: Lcom/csipsimple/ui/calllog/CallLogListFragment;--->onCreateOptionsMenu(Lcom/actionbarsherlock/view/Menu;Lcom/actionbarsherlock/view/MenuInflater;)V
05-29 15:51:08.563  7728  7728 D M_InsDal: Lcom/csipsimple/ui/calllog/CallLogListFragment$3;---><init>(Lcom/csipsimple/ui/calllog/CallLogListFragment;)V
05-29 15:51:08.563  7751  7751 D M_InsDal: Lcom/csipsimple/utils/Log;--->d(Ljava/lang/String;Ljava/lang/String;)V
05-29 15:51:08.563  7751  7751 D M_InsDal: Lcom/csipsimple/utils/PreferencesProviderWrapper;--->isValidConnectionForOutgoing()Z
05-29 15:51:08.563  7751  7751 D M_InsDal: Lcom/csipsimple/utils/PreferencesProviderWrapper;--->getPreferenceBooleanValue(Ljava/lang/String;Z)Z
05-29 15:51:08.563  7751  7751 D M_InsDal: Lcom/csipsimple/api/SipConfigManager;--->getPreferenceBooleanValue(Landroid/content/Context;Ljava/lang/String;Ljava/lang/Boolean;)Ljava/lang/Boolean;
05-29 15:51:08.563  7751  7751 D M_InsDal: Lcom/csipsimple/api/SipConfigManager;--->getPrefUriForKey(Ljava/lang/String;)Landroid/net/Uri;
05-29 15:51:08.563  7728  7741 D M_InsDal: Lcom/csipsimple/service/PreferenceProvider;--->query(Landroid/net/Uri;[Ljava/lang/String;Ljava/lang/String;[Ljava/lang/String;Ljava/lang/String;)Landroid/database/Cursor;
05-29 15:51:08.563  7728  7741 D M_InsDal: Lcom/csipsimple/utils/PreferencesWrapper;--->getPreferenceBooleanValue(Ljava/lang/String;)Ljava/lang/Boolean;
05-29 15:51:08.563  7728  7741 D M_InsDal: Lcom/csipsimple/utils/PreferencesWrapper;--->gPrefBooleanValue(Landroid/content/SharedPreferences;Ljava/lang/String;)Ljava/lang/Boolean;
05-29 15:51:08.565  7751  7751 D M_InsDal: Lcom/csipsimple/utils/PreferencesProviderWrapper;--->isValidConnectionFor(Landroid/net/NetworkInfo;Ljava/lang/String;)Z
05-29 15:51:08.565  7751  7751 D M_InsDal: Lcom/csipsimple/utils/PreferencesProviderWrapper;--->isValidWifiConnectionFor(Landroid/net/NetworkInfo;Ljava/lang/String;)Z
05-29 15:51:08.565  7751  7751 D M_InsDal: Lcom/csipsimple/utils/PreferencesProviderWrapper;--->getPreferenceBooleanValue(Ljava/lang/String;Z)Z
05-29 15:51:08.565  7751  7751 D M_InsDal: Lcom/csipsimple/api/SipConfigManager;--->getPreferenceBooleanValue(Landroid/content/Context;Ljava/lang/String;Ljava/lang/Boolean;)Ljava/lang/Boolean;
05-29 15:51:08.565  7751  7751 D M_InsDal: Lcom/csipsimple/api/SipConfigManager;--->getPrefUriForKey(Ljava/lang/String;)Landroid/net/Uri;
05-29 15:51:08.565  7728  7741 D M_InsDal: Lcom/csipsimple/service/PreferenceProvider;--->query(Landroid/net/Uri;[Ljava/lang/String;Ljava/lang/String;[Ljava/lang/String;Ljava/lang/String;)Landroid/database/Cursor;
05-29 15:51:08.565  7728  7741 D M_InsDal: Lcom/csipsimple/utils/PreferencesWrapper;--->getPreferenceBooleanValue(Ljava/lang/String;)Ljava/lang/Boolean;
05-29 15:51:08.565  7728  7741 D M_InsDal: Lcom/csipsimple/utils/PreferencesWrapper;--->gPrefBooleanValue(Landroid/content/SharedPreferences;Ljava/lang/String;)Ljava/lang/Boolean;
05-29 15:51:08.566  7751  7751 D M_InsDal: Lcom/csipsimple/utils/Log;--->d(Ljava/lang/String;Ljava/lang/String;)V
05-29 15:51:08.566  7751  7751 D M_InsDal: Lcom/csipsimple/service/SipService;--->loadStack()Z
05-29 15:51:08.566  7728  7728 D M_InsDal: Lcom/csipsimple/ui/SipHome$TabsAdapter;--->getCount()I
05-29 15:51:08.566  7728  7728 D M_InsDal: Lcom/csipsimple/ui/SipHome$TabsAdapter;--->getCount()I
05-29 15:51:08.566  7751  7751 D M_InsDal: Lcom/csipsimple/pjsip/PjSipService;---><clinit>()V
05-29 15:51:08.566  7751  7751 D M_InsDal: Lcom/csipsimple/pjsip/PjSipService;---><init>()V
05-29 15:51:08.566  7751  7751 D M_InsDal: Lcom/csipsimple/pjsip/PjSipService;--->setService(Lcom/csipsimple/service/SipService;)V
05-29 15:51:08.566  7751  7751 D M_InsDal: Lcom/csipsimple/service/SipService;--->getPrefs()Lcom/csipsimple/utils/PreferencesProviderWrapper;
05-29 15:51:08.566  7751  7751 D M_InsDal: Lcom/csipsimple/pjsip/PjSipService;--->tryToLoadStack()Z
05-29 15:51:08.566  7728  7728 D M_InsDal: Lcom/csipsimple/ui/dialpad/DialerLayout;--->onMeasure(II)V
05-29 15:51:08.566  7728  7728 D M_InsDal: Lcom/csipsimple/widgets/Dialpad;--->onMeasure(II)V
05-29 15:51:08.566  7728  7728 D M_InsDal: Lcom/csipsimple/ui/SipHome$TabsAdapter;--->getCount()I
05-29 15:51:08.566  7728  7728 D M_InsDal: Lcom/csipsimple/ui/SipHome$TabsAdapter;--->getCount()I
05-29 15:51:08.566  7728  7728 D M_InsDal: Lcom/csipsimple/ui/dialpad/DigitsEditText;--->onLayout(ZIIII)V
05-29 15:51:08.566  7728  7728 D M_InsDal: Lcom/csipsimple/ui/dialpad/DigitsEditText;--->setIsDigit(ZZ)V
05-29 15:51:08.587  7751  7751 D M_InsDal: Lcom/csipsimple/utils/Log;--->e(Ljava/lang/String;Ljava/lang/String;Ljava/lang/Throwable;)V
05-29 15:51:08.588  7751  7751 D M_InsDal: Lcom/csipsimple/service/SipService;--->notifyUserOfMessage(Ljava/lang/String;)V
05-29 15:51:08.588  7751  7751 D M_InsDal: Lcom/csipsimple/service/SipService$ServiceHandler;--->handleMessage(Landroid/os/Message;)V
05-29 15:51:08.683  7728  7728 D M_InsDal: Lcom/csipsimple/ui/SipHome$TabsAdapter;--->getCount()I
05-29 15:51:08.772  7728  7728 D M_InsDal: Lcom/csipsimple/widgets/CSSListFragment;--->onLoadFinished(Landroid/support/v4/content/Loader;Landroid/database/Cursor;)V
05-29 15:51:08.772  7728  7728 D M_InsDal: Lcom/csipsimple/ui/calllog/CallLogListFragment;--->changeCursor(Landroid/database/Cursor;)V
05-29 15:51:08.773  7728  7728 D M_InsDal: Lcom/csipsimple/ui/calllog/GroupingListAdapter;--->changeCursor(Landroid/database/Cursor;)V
05-29 15:51:08.773  7728  7728 D M_InsDal: Lcom/csipsimple/ui/calllog/GroupingListAdapter;--->resetCache()V
05-29 15:51:08.773  7728  7728 D M_InsDal: Lcom/csipsimple/ui/calllog/GroupingListAdapter;--->findGroups()V
05-29 15:51:08.773  7728  7728 D M_InsDal: Lcom/csipsimple/ui/calllog/CallLogAdapter;--->addGroups(Landroid/database/Cursor;)V
05-29 15:51:08.773  7728  7728 D M_InsDal: Lcom/csipsimple/ui/calllog/CallLogGroupBuilder;--->addGroups(Landroid/database/Cursor;)V
05-29 15:51:08.773  7728  7728 D M_InsDal: Lcom/csipsimple/ui/calllog/GroupingListAdapter;--->getCount()I
05-29 15:51:08.773  7728  7728 D M_InsDal: Lcom/csipsimple/ui/calllog/GroupingListAdapter;--->getCount()I
05-29 15:51:08.773  7728  7728 D M_InsDal: Lcom/csipsimple/widgets/CSSListFragment;--->setListShown(Z)V
05-29 15:51:08.773  7728  7728 D M_InsDal: Lcom/csipsimple/widgets/CSSListFragment;--->setListShown(ZZ)V
05-29 15:51:08.773  7728  7728 D M_InsDal: Lcom/csipsimple/widgets/CSSListFragment;--->ensureCustomList()V
05-29 15:51:08.773  7728  7728 D M_InsDal: Lcom/csipsimple/ui/dialpad/DialerFragment;--->onResume()V
05-29 15:51:08.773  7728  7728 D M_InsDal: Lcom/csipsimple/utils/PreferencesWrapper;--->getPreferenceBooleanValue(Ljava/lang/String;)Ljava/lang/Boolean;
05-29 15:51:08.773  7728  7728 D M_InsDal: Lcom/csipsimple/utils/PreferencesWrapper;--->gPrefBooleanValue(Landroid/content/SharedPreferences;Ljava/lang/String;)Ljava/lang/Boolean;
05-29 15:51:08.773  7728  7728 D M_InsDal: Lcom/csipsimple/widgets/DialerCallBar;--->setVideoEnabled(Z)V
05-29 15:51:08.773  7728  7728 D M_InsDal: Lcom/csipsimple/ui/SipHome;--->onPause()V
05-29 15:51:08.773  7728  7728 D M_InsDal: Lcom/csipsimple/utils/Log;--->d(Ljava/lang/String;Ljava/lang/String;)V
05-29 15:51:08.780  7728  7728 D M_InsDal: Lcom/csipsimple/ui/dialpad/DigitsEditText;--->isTextSelectable()Z
05-29 15:51:08.780  7728  7728 D M_InsDal: Lcom/csipsimple/ui/dialpad/DialerFragment$1;--->onServiceConnected(Landroid/content/ComponentName;Landroid/os/IBinder;)V
05-29 15:51:08.780  7728  7728 D M_InsDal: Lcom/csipsimple/api/ISipService$Stub;--->asInterface(Landroid/os/IBinder;)Lcom/csipsimple/api/ISipService;
05-29 15:51:08.780  7728  7728 D M_InsDal: Lcom/csipsimple/api/ISipService$Stub$Proxy;---><init>(Landroid/os/IBinder;)V
05-29 15:51:08.780  7728  7728 D M_InsDal: Lcom/csipsimple/ui/SipHome$TabsAdapter;--->getCount()I
05-29 15:51:08.781  7728  7728 D M_InsDal: Lcom/csipsimple/ui/SipHome$TabsAdapter;--->getCount()I
05-29 15:51:08.787  7728  7728 D M_InsDal: Lcom/csipsimple/ui/account/AccountsEditList;---><init>()V
05-29 15:51:08.789  7728  7728 D M_InsDal: Lcom/csipsimple/ui/account/AccountsEditList;--->onCreate(Landroid/os/Bundle;)V
05-29 15:51:08.794  7728  7728 D M_InsDal: Lcom/csipsimple/ui/account/AccountsEditListFragment;---><clinit>()V
05-29 15:51:08.794  7728  7728 D M_InsDal: Lcom/csipsimple/ui/account/AccountsEditListFragment;---><init>()V
05-29 15:51:08.794  7728  7728 D M_InsDal: Lcom/csipsimple/widgets/CSSListFragment;---><init>()V
05-29 15:51:08.794  7728  7728 D M_InsDal: Lcom/csipsimple/ui/account/AccountsEditListFragment;--->onCreate(Landroid/os/Bundle;)V
05-29 15:51:08.794  7728  7728 D M_InsDal: Lcom/csipsimple/ui/account/AccountsEditListFragment;--->onCreateView(Landroid/view/LayoutInflater;Landroid/view/ViewGroup;Landroid/os/Bundle;)Landroid/view/View;
05-29 15:51:08.795  7728  7728 D M_InsDal: Lcom/csipsimple/widgets/DragnDropListView;---><init>(Landroid/content/Context;Landroid/util/AttributeSet;)V
05-29 15:51:08.796  7728  7728 D M_InsDal: Lcom/csipsimple/widgets/DragnDropListView;--->setGrabberId(I)V
05-29 15:51:08.796  7728  7728 D M_InsDal: Lcom/csipsimple/ui/account/AccountsEditListFragment$4;---><init>(Lcom/csipsimple/ui/account/AccountsEditListFragment;Lcom/csipsimple/widgets/DragnDropListView;)V
05-29 15:51:08.796  7728  7728 D M_InsDal: Lcom/csipsimple/widgets/DragnDropListView;--->setOnDropListener(Lcom/csipsimple/widgets/DragnDropListView$DropListener;)V
05-29 15:51:08.796  7728  7728 D M_InsDal: Lcom/csipsimple/ui/account/AccountsEditListFragment$5;---><init>(Lcom/csipsimple/ui/account/AccountsEditListFragment;)V
05-29 15:51:08.798  7728  7728 D M_InsDal: Lcom/csipsimple/widgets/CSSListFragment;--->onActivityCreated(Landroid/os/Bundle;)V
05-29 15:51:08.798  7728  7728 D M_InsDal: Lcom/csipsimple/ui/account/AccountsEditListFragment;--->onActivityCreated(Landroid/os/Bundle;)V
05-29 15:51:08.798  7728  7728 D M_InsDal: Lcom/csipsimple/widgets/CSSListFragment;--->setListShown(Z)V
05-29 15:51:08.798  7728  7728 D M_InsDal: Lcom/csipsimple/widgets/CSSListFragment;--->setListShown(ZZ)V
05-29 15:51:08.798  7728  7728 D M_InsDal: Lcom/csipsimple/widgets/CSSListFragment;--->ensureCustomList()V
05-29 15:51:08.798  7728  7728 D M_InsDal: Lcom/csipsimple/ui/account/AccountsEditListAdapter;---><init>(Landroid/content/Context;Landroid/database/Cursor;)V
05-29 15:51:08.798  7728  7728 D M_InsDal: Lcom/csipsimple/ui/account/AccountsEditListAdapter;--->setOnCheckedRowListener(Lcom/csipsimple/ui/account/AccountsEditListAdapter$OnCheckedRowListener;)V
05-29 15:51:08.798  7728  7728 D M_InsDal: Lcom/csipsimple/ui/account/AccountsEditListFragment;--->onCreateLoader(ILandroid/os/Bundle;)Landroid/support/v4/content/Loader;
05-29 15:51:08.799  7751  7773 D M_InsDal: Lcom/csipsimple/db/DBProvider;--->query(Landroid/net/Uri;[Ljava/lang/String;Ljava/lang/String;[Ljava/lang/String;Ljava/lang/String;)Landroid/database/Cursor;
05-29 15:51:08.799  7728  7728 D M_InsDal: Lcom/csipsimple/ui/account/AccountsEditListFragment;--->onResume()V
05-29 15:51:08.799  7728  7728 D M_InsDal: Lcom/csipsimple/ui/account/AccountsEditListFragment$AccountStatusContentObserver;---><init>(Lcom/csipsimple/ui/account/AccountsEditListFragment;Landroid/os/Handler;)V
05-29 15:51:08.802  7728  7728 D M_InsDal: Lcom/csipsimple/ui/dialpad/DigitsEditText;--->isTextSelectable()Z
05-29 15:51:08.827  7728  7728 D M_InsDal: Lcom/csipsimple/widgets/CSSListFragment;--->onLoadFinished(Landroid/support/v4/content/Loader;Landroid/database/Cursor;)V
05-29 15:51:08.827  7728  7728 D M_InsDal: Lcom/csipsimple/ui/account/AccountsEditListFragment;--->changeCursor(Landroid/database/Cursor;)V
05-29 15:51:08.827  7728  7728 D M_InsDal: Lcom/csipsimple/widgets/CSSListFragment;--->setListShown(Z)V
05-29 15:51:08.827  7728  7728 D M_InsDal: Lcom/csipsimple/widgets/CSSListFragment;--->setListShown(ZZ)V
05-29 15:51:08.827  7728  7728 D M_InsDal: Lcom/csipsimple/widgets/CSSListFragment;--->ensureCustomList()V
05-29 15:51:08.827  7728  7728 D M_InsDal: Lcom/csipsimple/ui/account/AccountsEditListFragment;--->onLoadFinished(Landroid/support/v4/content/Loader;Landroid/database/Cursor;)V
05-29 15:51:08.827  7728  7728 D M_InsDal: Lcom/csipsimple/ui/account/AccountsEditListFragment;--->updateCheckedItem()V
05-29 15:51:08.865  7728  7728 D M_InsDal: Lcom/csipsimple/ui/account/AccountsEditListFragment;--->onCreateOptionsMenu(Lcom/actionbarsherlock/view/Menu;Lcom/actionbarsherlock/view/MenuInflater;)V
05-29 15:51:08.865  7728  7728 D M_InsDal: Lcom/csipsimple/ui/account/AccountsEditListFragment$1;---><init>(Lcom/csipsimple/ui/account/AccountsEditListFragment;)V
05-29 15:51:08.865  7728  7728 D M_InsDal: Lcom/csipsimple/ui/account/AccountsEditListFragment$2;---><init>(Lcom/csipsimple/ui/account/AccountsEditListFragment;)V
05-29 15:51:08.865  7728  7728 D M_InsDal: Lcom/csipsimple/ui/account/AccountsEditListFragment$3;---><init>(Lcom/csipsimple/ui/account/AccountsEditListFragment;)V
05-29 15:51:09.367  7728  7728 D M_InsDal: Lcom/csipsimple/ui/dialpad/DialerFragment;--->onSaveInstanceState(Landroid/os/Bundle;)V
