--------- beginning of main
--------- beginning of system
05-29 15:52:14.743  8032  8032 D M_InsDal: Lcom/csipsimple/service/PreferenceProvider;---><clinit>()V
05-29 15:52:14.743  8032  8032 D M_InsDal: Lcom/csipsimple/service/PreferenceProvider;---><init>()V
05-29 15:52:14.743  8032  8032 D M_InsDal: Lcom/csipsimple/service/PreferenceProvider;--->onCreate()Z
05-29 15:52:14.743  8032  8032 D M_InsDal: Lcom/csipsimple/utils/PreferencesWrapper;---><clinit>()V
05-29 15:52:14.743  8032  8032 D M_InsDal: Lcom/csipsimple/utils/PreferencesWrapper$1;---><init>()V
05-29 15:52:14.743  8032  8032 D M_InsDal: Lcom/csipsimple/utils/CustomDistribution;--->getUserAgent()Ljava/lang/String;
05-29 15:52:14.743  8032  8032 D M_InsDal: Lcom/csipsimple/utils/PreferencesWrapper$2;---><init>()V
05-29 15:52:14.743  8032  8032 D M_InsDal: Lcom/csipsimple/utils/PreferencesWrapper$3;---><init>()V
05-29 15:52:14.744  8032  8032 D M_InsDal: Lcom/csipsimple/utils/PreferencesWrapper;---><init>(Landroid/content/Context;)V
05-29 15:52:14.744  8032  8032 D M_InsDal: Lcom/csipsimple/utils/PreferencesWrapper;--->needUpgrade()Ljava/lang/Integer;
05-29 15:52:14.744  8032  8032 D M_InsDal: Lcom/csipsimple/utils/PreferencesProviderWrapper;--->getCurrentPackageInfos(Landroid/content/Context;)Landroid/content/pm/PackageInfo;
05-29 15:52:14.745  8032  8032 D M_InsDal: Lcom/csipsimple/utils/Log;---><clinit>()V
05-29 15:52:14.745  8032  8032 D M_InsDal: Lcom/csipsimple/utils/Log;--->d(Ljava/lang/String;Ljava/lang/String;)V
05-29 15:52:14.745  8032  8032 D M_InsDal: Lcom/csipsimple/utils/Log;--->d(Ljava/lang/String;Ljava/lang/String;)V
05-29 15:52:14.745  8032  8032 D M_InsDal: Lcom/csipsimple/utils/Compatibility;--->getApiLevel()I
05-29 15:52:14.796  8032  8032 D M_InsDal: Lcom/csipsimple/ui/SipHome;---><init>()V
05-29 15:52:14.797  8032  8032 D M_InsDal: Lcom/csipsimple/ui/SipHome$1;---><init>(Lcom/csipsimple/ui/SipHome;)V
05-29 15:52:14.799  8032  8032 D M_InsDal: Lcom/csipsimple/ui/SipHome;--->onCreate(Landroid/os/Bundle;)V
05-29 15:52:14.799  8032  8032 D M_InsDal: Lcom/csipsimple/utils/PreferencesProviderWrapper;---><init>(Landroid/content/Context;)V
05-29 15:52:14.812  8032  8032 D M_InsDal: Lcom/csipsimple/utils/CustomDistribution;--->supportMessaging()Z
05-29 15:52:14.812  8032  8032 D M_InsDal: Lcom/csipsimple/ui/SipHome$TabsAdapter;---><init>(Lcom/csipsimple/ui/SipHome;Landroid/support/v4/app/FragmentActivity;Lcom/actionbarsherlock/app/ActionBar;Landroid/support/v4/view/ViewPager;)V
05-29 15:52:14.813  8032  8032 D M_InsDal: Lcom/csipsimple/ui/SipHome$TabsAdapter;--->addTab(Lcom/actionbarsherlock/app/ActionBar$Tab;Ljava/lang/Class;I)V
05-29 15:52:14.814  8032  8032 D M_InsDal: Lcom/csipsimple/ui/SipHome$TabsAdapter;--->onTabSelected(Lcom/actionbarsherlock/app/ActionBar$Tab;Landroid/support/v4/app/FragmentTransaction;)V
05-29 15:52:14.814  8032  8032 D M_InsDal: Lcom/csipsimple/ui/SipHome$TabsAdapter;--->clearDetails()V
05-29 15:52:14.814  8032  8032 D M_InsDal: Lcom/csipsimple/ui/SipHome$TabsAdapter;--->getCount()I
05-29 15:52:14.814  8032  8032 D M_InsDal: Lcom/csipsimple/ui/SipHome$TabsAdapter;--->getCount()I
05-29 15:52:14.814  8032  8032 D M_InsDal: Lcom/csipsimple/ui/SipHome$TabsAdapter;--->addTab(Lcom/actionbarsherlock/app/ActionBar$Tab;Ljava/lang/Class;I)V
05-29 15:52:14.814  8032  8032 D M_InsDal: Lcom/csipsimple/ui/SipHome$TabsAdapter;--->getCount()I
05-29 15:52:14.815  8032  8032 D M_InsDal: Lcom/csipsimple/ui/SipHome$TabsAdapter;--->getCount()I
05-29 15:52:14.815  8032  8032 D M_InsDal: Lcom/csipsimple/ui/SipHome$TabsAdapter;--->addTab(Lcom/actionbarsherlock/app/ActionBar$Tab;Ljava/lang/Class;I)V
05-29 15:52:14.815  8032  8032 D M_InsDal: Lcom/csipsimple/ui/SipHome$TabsAdapter;--->getCount()I
05-29 15:52:14.815  8032  8032 D M_InsDal: Lcom/csipsimple/ui/SipHome$TabsAdapter;--->getCount()I
05-29 15:52:14.815  8032  8032 D M_InsDal: Lcom/csipsimple/ui/SipHome$TabsAdapter;--->addTab(Lcom/actionbarsherlock/app/ActionBar$Tab;Ljava/lang/Class;I)V
05-29 15:52:14.815  8032  8032 D M_InsDal: Lcom/csipsimple/ui/SipHome$TabsAdapter;--->getCount()I
05-29 15:52:14.815  8032  8032 D M_InsDal: Lcom/csipsimple/ui/SipHome$TabsAdapter;--->getCount()I
05-29 15:52:14.815  8032  8032 D M_InsDal: Lcom/csipsimple/utils/PreferencesProviderWrapper;--->getPreferenceBooleanValue(Ljava/lang/String;)Z
05-29 15:52:14.815  8032  8032 D M_InsDal: Lcom/csipsimple/api/SipConfigManager;---><clinit>()V
05-29 15:52:14.815  8032  8032 D M_InsDal: Lcom/csipsimple/api/SipConfigManager;--->getPreferenceBooleanValue(Landroid/content/Context;Ljava/lang/String;)Ljava/lang/Boolean;
05-29 15:52:14.815  8032  8032 D M_InsDal: Lcom/csipsimple/api/SipConfigManager;--->getPreferenceBooleanValue(Landroid/content/Context;Ljava/lang/String;Ljava/lang/Boolean;)Ljava/lang/Boolean;
05-29 15:52:14.815  8032  8032 D M_InsDal: Lcom/csipsimple/api/SipConfigManager;--->getPrefUriForKey(Ljava/lang/String;)Landroid/net/Uri;
05-29 15:52:14.815  8032  8032 D M_InsDal: Lcom/csipsimple/service/PreferenceProvider;--->query(Landroid/net/Uri;[Ljava/lang/String;Ljava/lang/String;[Ljava/lang/String;Ljava/lang/String;)Landroid/database/Cursor;
05-29 15:52:14.815  8032  8032 D M_InsDal: Lcom/csipsimple/utils/PreferencesWrapper;--->getPreferenceBooleanValue(Ljava/lang/String;)Ljava/lang/Boolean;
05-29 15:52:14.815  8032  8032 D M_InsDal: Lcom/csipsimple/utils/PreferencesWrapper;--->gPrefBooleanValue(Landroid/content/SharedPreferences;Ljava/lang/String;)Ljava/lang/Boolean;
05-29 15:52:14.815  8032  8032 D M_InsDal: Lcom/csipsimple/ui/SipHome;--->selectTabWithAction(Landroid/content/Intent;)V
05-29 15:52:14.815  8032  8032 D M_InsDal: Lcom/csipsimple/utils/PreferencesProviderWrapper;--->getLogLevel()I
05-29 15:52:14.815  8032  8032 D M_InsDal: Lcom/csipsimple/api/SipConfigManager;--->getPreferenceIntegerValue(Landroid/content/Context;Ljava/lang/String;Ljava/lang/Integer;)Ljava/lang/Integer;
05-29 15:52:14.815  8032  8032 D M_InsDal: Lcom/csipsimple/api/SipConfigManager;--->getPrefUriForKey(Ljava/lang/String;)Landroid/net/Uri;
05-29 15:52:14.815  8032  8032 D M_InsDal: Lcom/csipsimple/service/PreferenceProvider;--->query(Landroid/net/Uri;[Ljava/lang/String;Ljava/lang/String;[Ljava/lang/String;Ljava/lang/String;)Landroid/database/Cursor;
05-29 15:52:14.815  8032  8032 D M_InsDal: Lcom/csipsimple/utils/PreferencesWrapper;--->getPreferenceIntegerValue(Ljava/lang/String;)Ljava/lang/Integer;
05-29 15:52:14.815  8032  8032 D M_InsDal: Lcom/csipsimple/utils/PreferencesWrapper;--->getPreferenceStringValue(Ljava/lang/String;)Ljava/lang/String;
05-29 15:52:14.815  8032  8032 D M_InsDal: Lcom/csipsimple/utils/PreferencesWrapper;--->gPrefStringValue(Landroid/content/SharedPreferences;Ljava/lang/String;)Ljava/lang/String;
05-29 15:52:14.815  8032  8032 D M_InsDal: Lcom/csipsimple/utils/Log;--->setLogLevel(I)V
05-29 15:52:14.815  8032  8032 D M_InsDal: Lcom/csipsimple/ui/SipHome$2;---><init>(Lcom/csipsimple/ui/SipHome;)V
05-29 15:52:14.816  8032  8050 D M_InsDal: Lcom/csipsimple/ui/SipHome$2;--->run()V
05-29 15:52:14.816  8032  8050 D M_InsDal: Lcom/csipsimple/ui/SipHome;--->asyncSanityCheck()V
05-29 15:52:14.816  8032  8050 D M_InsDal: Lcom/csipsimple/utils/NightlyUpdater;--->isNightlyBuild(Landroid/content/Context;)Z
05-29 15:52:14.816  8032  8050 D M_InsDal: Lcom/csipsimple/utils/NightlyUpdater;--->getApplicationMetaData(Landroid/content/Context;)Landroid/os/Bundle;
05-29 15:52:14.817  8032  8050 D M_InsDal: Lcom/csipsimple/ui/warnings/WarningUtils;---><clinit>()V
05-29 15:52:14.817  8032  8050 D M_InsDal: Lcom/csipsimple/ui/warnings/WarningUtils;--->shouldWarnPrivilegedIntent(Landroid/content/Context;Lcom/csipsimple/utils/PreferencesProviderWrapper;)Z
05-29 15:52:14.817  8032  8050 D M_InsDal: Lcom/csipsimple/ui/warnings/WarningUtils;--->getIgnoreKey(Ljava/lang/String;)Ljava/lang/String;
05-29 15:52:14.817  8032  8050 D M_InsDal: Lcom/csipsimple/utils/PreferencesProviderWrapper;--->getPreferenceBooleanValue(Ljava/lang/String;Z)Z
05-29 15:52:14.817  8032  8050 D M_InsDal: Lcom/csipsimple/api/SipConfigManager;--->getPreferenceBooleanValue(Landroid/content/Context;Ljava/lang/String;Ljava/lang/Boolean;)Ljava/lang/Boolean;
05-29 15:52:14.817  8032  8050 D M_InsDal: Lcom/csipsimple/api/SipConfigManager;--->getPrefUriForKey(Ljava/lang/String;)Landroid/net/Uri;
05-29 15:52:14.817  8032  8050 D M_InsDal: Lcom/csipsimple/service/PreferenceProvider;--->query(Landroid/net/Uri;[Ljava/lang/String;Ljava/lang/String;[Ljava/lang/String;Ljava/lang/String;)Landroid/database/Cursor;
05-29 15:52:14.817  8032  8050 D M_InsDal: Lcom/csipsimple/utils/PreferencesWrapper;--->getPreferenceBooleanValue(Ljava/lang/String;)Ljava/lang/Boolean;
05-29 15:52:14.817  8032  8050 D M_InsDal: Lcom/csipsimple/utils/PreferencesWrapper;--->gPrefBooleanValue(Landroid/content/SharedPreferences;Ljava/lang/String;)Ljava/lang/Boolean;
05-29 15:52:14.817  8032  8050 D M_InsDal: Lcom/csipsimple/utils/PreferencesProviderWrapper;--->getPreferenceBooleanValue(Ljava/lang/String;Z)Z
05-29 15:52:14.817  8032  8050 D M_InsDal: Lcom/csipsimple/api/SipConfigManager;--->getPreferenceBooleanValue(Landroid/content/Context;Ljava/lang/String;Ljava/lang/Boolean;)Ljava/lang/Boolean;
05-29 15:52:14.817  8032  8050 D M_InsDal: Lcom/csipsimple/api/SipConfigManager;--->getPrefUriForKey(Ljava/lang/String;)Landroid/net/Uri;
05-29 15:52:14.817  8032  8050 D M_InsDal: Lcom/csipsimple/service/PreferenceProvider;--->query(Landroid/net/Uri;[Ljava/lang/String;Ljava/lang/String;[Ljava/lang/String;Ljava/lang/String;)Landroid/database/Cursor;
05-29 15:52:14.817  8032  8050 D M_InsDal: Lcom/csipsimple/utils/PreferencesWrapper;--->getPreferenceBooleanValue(Ljava/lang/String;)Ljava/lang/Boolean;
05-29 15:52:14.817  8032  8050 D M_InsDal: Lcom/csipsimple/utils/PreferencesWrapper;--->gPrefBooleanValue(Landroid/content/SharedPreferences;Ljava/lang/String;)Ljava/lang/Boolean;
05-29 15:52:14.817  8032  8050 D M_InsDal: Lcom/csipsimple/utils/PhoneCapabilityTester;---><clinit>()V
05-29 15:52:14.817  8032  8050 D M_InsDal: Lcom/csipsimple/utils/PhoneCapabilityTester;--->isPhone(Landroid/content/Context;)Z
05-29 15:52:14.817  8032  8050 D M_InsDal: Lcom/csipsimple/utils/PhoneCapabilityTester;--->initialize(Landroid/content/Context;)V
05-29 15:52:14.818  8032  8032 D M_InsDal: Lcom/csipsimple/ui/SipHome;--->onResume()V
05-29 15:52:14.818  8032  8032 D M_InsDal: Lcom/csipsimple/utils/Log;--->d(Ljava/lang/String;Ljava/lang/String;)V
05-29 15:52:14.819  8032  8032 D M_InsDal: Lcom/csipsimple/utils/PreferencesProviderWrapper;--->setPreferenceBooleanValue(Ljava/lang/String;Z)V
05-29 15:52:14.819  8032  8032 D M_InsDal: Lcom/csipsimple/api/SipConfigManager;--->setPreferenceBooleanValue(Landroid/content/Context;Ljava/lang/String;Z)V
05-29 15:52:14.819  8032  8032 D M_InsDal: Lcom/csipsimple/api/SipConfigManager;--->getPrefUriForKey(Ljava/lang/String;)Landroid/net/Uri;
05-29 15:52:14.819  8032  8032 D M_InsDal: Lcom/csipsimple/service/PreferenceProvider;--->update(Landroid/net/Uri;Landroid/content/ContentValues;Ljava/lang/String;[Ljava/lang/String;)I
05-29 15:52:14.819  8032  8032 D M_InsDal: Lcom/csipsimple/utils/PreferencesWrapper;--->setPreferenceBooleanValue(Ljava/lang/String;Z)V
05-29 15:52:14.820  8032  8032 D M_InsDal: Lcom/csipsimple/ui/SipHome;--->sendFragmentVisibilityChange(IZ)V
05-29 15:52:14.820  8032  8032 D M_InsDal: Lcom/csipsimple/ui/SipHome;--->getFragmentAt(I)Landroid/support/v4/app/Fragment;
05-29 15:52:14.820  8032  8032 D M_InsDal: Lcom/csipsimple/ui/SipHome$TabsAdapter;--->getIdForPosition(I)Ljava/lang/Integer;
05-29 15:52:14.820  8032  8032 D M_InsDal: Lcom/csipsimple/utils/Log;--->d(Ljava/lang/String;Ljava/lang/String;)V
05-29 15:52:14.820  8032  8032 D M_InsDal: Lcom/csipsimple/ui/SipHome;--->startSipService()V
05-29 15:52:14.820  8032  8032 D M_InsDal: Lcom/csipsimple/ui/SipHome$3;---><init>(Lcom/csipsimple/ui/SipHome;Ljava/lang/String;)V
05-29 15:52:14.820  8032  8032 D M_InsDal: Lcom/csipsimple/ui/SipHome;--->applyTheme()V
05-29 15:52:14.821  8032  8032 D M_InsDal: Lcom/csipsimple/utils/Theme;--->getCurrentTheme(Landroid/content/Context;)Lcom/csipsimple/utils/Theme;
05-29 15:52:14.821  8032  8032 D M_InsDal: Lcom/csipsimple/api/SipConfigManager;--->getPreferenceStringValue(Landroid/content/Context;Ljava/lang/String;)Ljava/lang/String;
05-29 15:52:14.821  8032  8032 D M_InsDal: Lcom/csipsimple/api/SipConfigManager;--->getPreferenceStringValue(Landroid/content/Context;Ljava/lang/String;Ljava/lang/String;)Ljava/lang/String;
05-29 15:52:14.821  8032  8032 D M_InsDal: Lcom/csipsimple/api/SipConfigManager;--->getPrefUriForKey(Ljava/lang/String;)Landroid/net/Uri;
05-29 15:52:14.821  8032  8051 D M_InsDal: Lcom/csipsimple/ui/SipHome$3;--->run()V
05-29 15:52:14.821  8032  8032 D M_InsDal: Lcom/csipsimple/service/PreferenceProvider;--->query(Landroid/net/Uri;[Ljava/lang/String;Ljava/lang/String;[Ljava/lang/String;Ljava/lang/String;)Landroid/database/Cursor;
05-29 15:52:14.821  8032  8032 D M_InsDal: Lcom/csipsimple/utils/PreferencesWrapper;--->getPreferenceStringValue(Ljava/lang/String;)Ljava/lang/String;
05-29 15:52:14.821  8032  8032 D M_InsDal: Lcom/csipsimple/utils/PreferencesWrapper;--->gPrefStringValue(Landroid/content/SharedPreferences;Ljava/lang/String;)Ljava/lang/String;
05-29 15:52:14.823  8032  8051 D M_InsDal: Lcom/csipsimple/ui/SipHome;--->postStartSipService()V
05-29 15:52:14.823  8032  8051 D M_InsDal: Lcom/csipsimple/utils/CustomDistribution;--->showFirstSettingScreen()Z
05-29 15:52:14.823  8032  8051 D M_InsDal: Lcom/csipsimple/utils/PreferencesProviderWrapper;--->getPreferenceBooleanValue(Ljava/lang/String;Z)Z
05-29 15:52:14.823  8032  8051 D M_InsDal: Lcom/csipsimple/api/SipConfigManager;--->getPreferenceBooleanValue(Landroid/content/Context;Ljava/lang/String;Ljava/lang/Boolean;)Ljava/lang/Boolean;
05-29 15:52:14.823  8032  8051 D M_InsDal: Lcom/csipsimple/api/SipConfigManager;--->getPrefUriForKey(Ljava/lang/String;)Landroid/net/Uri;
05-29 15:52:14.823  8032  8051 D M_InsDal: Lcom/csipsimple/service/PreferenceProvider;--->query(Landroid/net/Uri;[Ljava/lang/String;Ljava/lang/String;[Ljava/lang/String;Ljava/lang/String;)Landroid/database/Cursor;
05-29 15:52:14.823  8032  8051 D M_InsDal: Lcom/csipsimple/utils/PreferencesWrapper;--->getPreferenceBooleanValue(Ljava/lang/String;)Ljava/lang/Boolean;
05-29 15:52:14.823  8032  8051 D M_InsDal: Lcom/csipsimple/utils/PreferencesWrapper;--->gPrefBooleanValue(Landroid/content/SharedPreferences;Ljava/lang/String;)Ljava/lang/Boolean;
05-29 15:52:14.824  8032  8051 D M_InsDal: Lcom/csipsimple/api/SipProfile;---><clinit>()V
05-29 15:52:14.824  8032  8051 D M_InsDal: Lcom/csipsimple/api/SipProfile$1;---><init>()V
05-29 15:52:14.826  8032  8050 D M_InsDal: Lcom/csipsimple/utils/PhoneCapabilityTester;--->getPriviledgedIntent(Ljava/lang/String;)Landroid/content/Intent;
05-29 15:52:14.826  8032  8050 D M_InsDal: Lcom/csipsimple/utils/PhoneCapabilityTester;--->getPossibleActivities(Landroid/content/Context;Landroid/content/Intent;)Ljava/util/List;
05-29 15:52:14.827  8032  8050 D M_InsDal: Lcom/csipsimple/utils/PhoneCapabilityTester;--->resolveActivitiesForPriviledgedCall(Landroid/content/Context;)Ljava/util/List;
05-29 15:52:14.828  8032  8050 D M_InsDal: Lcom/csipsimple/ui/SipHome;--->applyWarning(Ljava/lang/String;Z)V
05-29 15:52:14.828  8032  8050 D M_InsDal: Lcom/csipsimple/ui/warnings/WarningUtils;--->shouldWarnNoStun(Lcom/csipsimple/utils/PreferencesProviderWrapper;)Z
05-29 15:52:14.828  8032  8050 D M_InsDal: Lcom/csipsimple/ui/warnings/WarningUtils;--->getIgnoreKey(Ljava/lang/String;)Ljava/lang/String;
05-29 15:52:14.828  8032  8050 D M_InsDal: Lcom/csipsimple/utils/PreferencesProviderWrapper;--->getPreferenceBooleanValue(Ljava/lang/String;Z)Z
05-29 15:52:14.828  8032  8050 D M_InsDal: Lcom/csipsimple/api/SipConfigManager;--->getPreferenceBooleanValue(Landroid/content/Context;Ljava/lang/String;Ljava/lang/Boolean;)Ljava/lang/Boolean;
05-29 15:52:14.828  8032  8050 D M_InsDal: Lcom/csipsimple/api/SipConfigManager;--->getPrefUriForKey(Ljava/lang/String;)Landroid/net/Uri;
05-29 15:52:14.828  8032  8050 D M_InsDal: Lcom/csipsimple/service/PreferenceProvider;--->query(Landroid/net/Uri;[Ljava/lang/String;Ljava/lang/String;[Ljava/lang/String;Ljava/lang/String;)Landroid/database/Cursor;
05-29 15:52:14.828  8032  8050 D M_InsDal: Lcom/csipsimple/utils/PreferencesWrapper;--->getPreferenceBooleanValue(Ljava/lang/String;)Ljava/lang/Boolean;
05-29 15:52:14.828  8032  8050 D M_InsDal: Lcom/csipsimple/utils/PreferencesWrapper;--->gPrefBooleanValue(Landroid/content/SharedPreferences;Ljava/lang/String;)Ljava/lang/Boolean;
05-29 15:52:14.828  8032  8050 D M_InsDal: Lcom/csipsimple/utils/PreferencesProviderWrapper;--->getPreferenceBooleanValue(Ljava/lang/String;)Z
05-29 15:52:14.828  8032  8050 D M_InsDal: Lcom/csipsimple/api/SipConfigManager;--->getPreferenceBooleanValue(Landroid/content/Context;Ljava/lang/String;)Ljava/lang/Boolean;
05-29 15:52:14.828  8032  8050 D M_InsDal: Lcom/csipsimple/api/SipConfigManager;--->getPreferenceBooleanValue(Landroid/content/Context;Ljava/lang/String;Ljava/lang/Boolean;)Ljava/lang/Boolean;
05-29 15:52:14.828  8032  8050 D M_InsDal: Lcom/csipsimple/api/SipConfigManager;--->getPrefUriForKey(Ljava/lang/String;)Landroid/net/Uri;
05-29 15:52:14.828  8032  8050 D M_InsDal: Lcom/csipsimple/service/PreferenceProvider;--->query(Landroid/net/Uri;[Ljava/lang/String;Ljava/lang/String;[Ljava/lang/String;Ljava/lang/String;)Landroid/database/Cursor;
05-29 15:52:14.828  8032  8050 D M_InsDal: Lcom/csipsimple/utils/PreferencesWrapper;--->getPreferenceBooleanValue(Ljava/lang/String;)Ljava/lang/Boolean;
05-29 15:52:14.828  8032  8050 D M_InsDal: Lcom/csipsimple/utils/PreferencesWrapper;--->gPrefBooleanValue(Landroid/content/SharedPreferences;Ljava/lang/String;)Ljava/lang/Boolean;
05-29 15:52:14.828  8032  8050 D M_InsDal: Lcom/csipsimple/utils/PreferencesProviderWrapper;--->getPreferenceBooleanValue(Ljava/lang/String;)Z
05-29 15:52:14.828  8032  8050 D M_InsDal: Lcom/csipsimple/api/SipConfigManager;--->getPreferenceBooleanValue(Landroid/content/Context;Ljava/lang/String;)Ljava/lang/Boolean;
05-29 15:52:14.828  8032  8050 D M_InsDal: Lcom/csipsimple/api/SipConfigManager;--->getPreferenceBooleanValue(Landroid/content/Context;Ljava/lang/String;Ljava/lang/Boolean;)Ljava/lang/Boolean;
05-29 15:52:14.828  8032  8050 D M_InsDal: Lcom/csipsimple/api/SipConfigManager;--->getPrefUriForKey(Ljava/lang/String;)Landroid/net/Uri;
05-29 15:52:14.828  8032  8050 D M_InsDal: Lcom/csipsimple/service/PreferenceProvider;--->query(Landroid/net/Uri;[Ljava/lang/String;Ljava/lang/String;[Ljava/lang/String;Ljava/lang/String;)Landroid/database/Cursor;
05-29 15:52:14.828  8032  8050 D M_InsDal: Lcom/csipsimple/utils/PreferencesWrapper;--->getPreferenceBooleanValue(Ljava/lang/String;)Ljava/lang/Boolean;
05-29 15:52:14.828  8032  8050 D M_InsDal: Lcom/csipsimple/utils/PreferencesWrapper;--->gPrefBooleanValue(Landroid/content/SharedPreferences;Ljava/lang/String;)Ljava/lang/Boolean;
05-29 15:52:14.828  8032  8050 D M_InsDal: Lcom/csipsimple/ui/SipHome;--->applyWarning(Ljava/lang/String;Z)V
05-29 15:52:14.828  8032  8050 D M_InsDal: Lcom/csipsimple/ui/warnings/WarningUtils;--->shouldWarnVpnIcs(Lcom/csipsimple/utils/PreferencesProviderWrapper;)Z
05-29 15:52:14.828  8032  8050 D M_InsDal: Lcom/csipsimple/ui/warnings/WarningUtils;--->getIgnoreKey(Ljava/lang/String;)Ljava/lang/String;
05-29 15:52:14.828  8032  8050 D M_InsDal: Lcom/csipsimple/utils/PreferencesProviderWrapper;--->getPreferenceBooleanValue(Ljava/lang/String;Z)Z
05-29 15:52:14.828  8032  8050 D M_InsDal: Lcom/csipsimple/api/SipConfigManager;--->getPreferenceBooleanValue(Landroid/content/Context;Ljava/lang/String;Ljava/lang/Boolean;)Ljava/lang/Boolean;
05-29 15:52:14.828  8032  8050 D M_InsDal: Lcom/csipsimple/api/SipConfigManager;--->getPrefUriForKey(Ljava/lang/String;)Landroid/net/Uri;
05-29 15:52:14.828  8032  8050 D M_InsDal: Lcom/csipsimple/service/PreferenceProvider;--->query(Landroid/net/Uri;[Ljava/lang/String;Ljava/lang/String;[Ljava/lang/String;Ljava/lang/String;)Landroid/database/Cursor;
05-29 15:52:14.828  8032  8050 D M_InsDal: Lcom/csipsimple/utils/PreferencesWrapper;--->getPreferenceBooleanValue(Ljava/lang/String;)Ljava/lang/Boolean;
05-29 15:52:14.828  8032  8050 D M_InsDal: Lcom/csipsimple/utils/PreferencesWrapper;--->gPrefBooleanValue(Landroid/content/SharedPreferences;Ljava/lang/String;)Ljava/lang/Boolean;
05-29 15:52:14.828  8032  8050 D M_InsDal: Lcom/csipsimple/utils/Compatibility;--->isCompatible(I)Z
05-29 15:52:14.828  8032  8050 D M_InsDal: Lcom/csipsimple/utils/PreferencesProviderWrapper;--->getPreferenceIntegerValue(Ljava/lang/String;)I
05-29 15:52:14.828  8032  8050 D M_InsDal: Lcom/csipsimple/api/SipConfigManager;--->getPreferenceIntegerValue(Landroid/content/Context;Ljava/lang/String;)Ljava/lang/Integer;
05-29 15:52:14.828  8032  8050 D M_InsDal: Lcom/csipsimple/api/SipConfigManager;--->getPreferenceIntegerValue(Landroid/content/Context;Ljava/lang/String;Ljava/lang/Integer;)Ljava/lang/Integer;
05-29 15:52:14.828  8032  8050 D M_InsDal: Lcom/csipsimple/api/SipConfigManager;--->getPrefUriForKey(Ljava/lang/String;)Landroid/net/Uri;
05-29 15:52:14.828  8032  8050 D M_InsDal: Lcom/csipsimple/service/PreferenceProvider;--->query(Landroid/net/Uri;[Ljava/lang/String;Ljava/lang/String;[Ljava/lang/String;Ljava/lang/String;)Landroid/database/Cursor;
05-29 15:52:14.828  8032  8050 D M_InsDal: Lcom/csipsimple/utils/PreferencesWrapper;--->getPreferenceIntegerValue(Ljava/lang/String;)Ljava/lang/Integer;
05-29 15:52:14.828  8032  8050 D M_InsDal: Lcom/csipsimple/utils/PreferencesWrapper;--->getPreferenceStringValue(Ljava/lang/String;)Ljava/lang/String;
05-29 15:52:14.828  8032  8050 D M_InsDal: Lcom/csipsimple/utils/PreferencesWrapper;--->gPrefStringValue(Landroid/content/SharedPreferences;Ljava/lang/String;)Ljava/lang/String;
05-29 15:52:14.828  8032  8050 D M_InsDal: Lcom/csipsimple/utils/PreferencesProviderWrapper;--->getSystemProp(Ljava/lang/String;)Ljava/lang/String;
05-29 15:52:14.834  8032  8050 D M_InsDal: Lcom/csipsimple/utils/PreferencesProviderWrapper;--->getSystemProp(Ljava/lang/String;)Ljava/lang/String;
05-29 15:52:14.837  8032  8050 D M_InsDal: Lcom/csipsimple/ui/SipHome;--->applyWarning(Ljava/lang/String;Z)V
05-29 15:52:14.838  8032  8050 D M_InsDal: Lcom/csipsimple/ui/warnings/WarningUtils;--->shouldWarnSDCard(Landroid/content/Context;Lcom/csipsimple/utils/PreferencesProviderWrapper;)Z
05-29 15:52:14.838  8032  8050 D M_InsDal: Lcom/csipsimple/utils/Compatibility;--->isInstalledOnSdCard(Landroid/content/Context;)Z
05-29 15:52:14.838  8032  8050 D M_InsDal: Lcom/csipsimple/utils/Compatibility;--->isCompatible(I)Z
05-29 15:52:14.838  8032  8050 D M_InsDal: Lcom/csipsimple/ui/SipHome;--->applyWarning(Ljava/lang/String;Z)V
05-29 15:52:14.842  8032  8032 D M_InsDal: Lcom/csipsimple/ui/SipHome$1;--->run()V
05-29 15:52:14.842  8032  8032 D M_InsDal: Lcom/csipsimple/ui/SipHome;--->refreshWarningTabDisplay()V
05-29 15:52:14.842  8032  8032 D M_InsDal: Lcom/csipsimple/ui/SipHome$TabsAdapter;--->getPositionForId(I)Ljava/lang/Integer;
05-29 15:52:14.842  8032  8032 D M_InsDal: Lcom/csipsimple/ui/SipHome$1;--->run()V
05-29 15:52:14.842  8032  8032 D M_InsDal: Lcom/csipsimple/ui/SipHome;--->refreshWarningTabDisplay()V
05-29 15:52:14.842  8032  8032 D M_InsDal: Lcom/csipsimple/ui/SipHome$TabsAdapter;--->getPositionForId(I)Ljava/lang/Integer;
05-29 15:52:14.843  8032  8032 D M_InsDal: Lcom/csipsimple/ui/SipHome$1;--->run()V
05-29 15:52:14.843  8032  8032 D M_InsDal: Lcom/csipsimple/ui/SipHome;--->refreshWarningTabDisplay()V
05-29 15:52:14.843  8032  8032 D M_InsDal: Lcom/csipsimple/ui/SipHome$TabsAdapter;--->getPositionForId(I)Ljava/lang/Integer;
05-29 15:52:14.843  8032  8032 D M_InsDal: Lcom/csipsimple/ui/SipHome$1;--->run()V
05-29 15:52:14.843  8032  8032 D M_InsDal: Lcom/csipsimple/ui/SipHome;--->refreshWarningTabDisplay()V
05-29 15:52:14.843  8032  8032 D M_InsDal: Lcom/csipsimple/ui/SipHome$TabsAdapter;--->getPositionForId(I)Ljava/lang/Integer;
05-29 15:52:14.851  8032  8032 D M_InsDal: Lcom/csipsimple/ui/SipHome$TabsAdapter;--->getCount()I
05-29 15:52:14.851  8032  8032 D M_InsDal: Lcom/csipsimple/ui/SipHome$TabsAdapter;--->getItem(I)Landroid/support/v4/app/Fragment;
05-29 15:52:14.851  8032  8032 D M_InsDal: Lcom/csipsimple/ui/dialpad/DialerFragment;---><init>()V
05-29 15:52:14.851  8032  8032 D M_InsDal: Lcom/csipsimple/ui/dialpad/DialerFragment$1;---><init>(Lcom/csipsimple/ui/dialpad/DialerFragment;)V
05-29 15:52:14.851  8032  8032 D M_InsDal: Lcom/csipsimple/ui/dialpad/DialerFragment$2;---><init>(Lcom/csipsimple/ui/dialpad/DialerFragment;)V
05-29 15:52:14.851  8032  8032 D M_InsDal: Lcom/csipsimple/ui/dialpad/DialerFragment$3;---><init>(Lcom/csipsimple/ui/dialpad/DialerFragment;)V
05-29 15:52:14.852  8032  8032 D M_InsDal: Lcom/csipsimple/ui/SipHome$TabsAdapter;--->getItem(I)Landroid/support/v4/app/Fragment;
05-29 15:52:14.852  8032  8032 D M_InsDal: Lcom/csipsimple/ui/calllog/CallLogListFragment;---><init>()V
05-29 15:52:14.852  8032  8032 D M_InsDal: Lcom/csipsimple/widgets/CSSListFragment;---><init>()V
05-29 15:52:14.852  8032  8032 D M_InsDal: Lcom/csipsimple/ui/SipHome$TabsAdapter;--->getCount()I
05-29 15:52:14.852  8032  8032 D M_InsDal: Lcom/csipsimple/ui/dialpad/DialerFragment;--->onAttach(Landroid/app/Activity;)V
05-29 15:52:14.853  8032  8032 D M_InsDal: Lcom/csipsimple/utils/PreferencesWrapper;---><init>(Landroid/content/Context;)V
05-29 15:52:14.853  8032  8032 D M_InsDal: Lcom/csipsimple/utils/DialingFeedback;---><init>(Landroid/app/Activity;Z)V
05-29 15:52:14.853  8032  8032 D M_InsDal: Lcom/csipsimple/utils/PreferencesWrapper;---><init>(Landroid/content/Context;)V
05-29 15:52:14.853  8032  8032 D M_InsDal: Lcom/csipsimple/utils/DialingFeedback;--->resume()V
05-29 15:52:14.853  8032  8032 D M_InsDal: Lcom/csipsimple/utils/PreferencesWrapper;--->dialPressTone()Z
05-29 15:52:14.853  8032  8032 D M_InsDal: Lcom/csipsimple/utils/PreferencesWrapper;--->getPreferenceIntegerValue(Ljava/lang/String;)Ljava/lang/Integer;
05-29 15:52:14.853  8032  8032 D M_InsDal: Lcom/csipsimple/utils/PreferencesWrapper;--->getPreferenceStringValue(Ljava/lang/String;)Ljava/lang/String;
05-29 15:52:14.853  8032  8032 D M_InsDal: Lcom/csipsimple/utils/PreferencesWrapper;--->gPrefStringValue(Landroid/content/SharedPreferences;Ljava/lang/String;)Ljava/lang/String;
05-29 15:52:14.854  8032  8032 D M_InsDal: Lcom/csipsimple/utils/PreferencesWrapper;--->dialPressVibrate()Z
05-29 15:52:14.854  8032  8032 D M_InsDal: Lcom/csipsimple/utils/PreferencesWrapper;--->getPreferenceIntegerValue(Ljava/lang/String;)Ljava/lang/Integer;
05-29 15:52:14.854  8032  8032 D M_InsDal: Lcom/csipsimple/utils/PreferencesWrapper;--->getPreferenceStringValue(Ljava/lang/String;)Ljava/lang/String;
05-29 15:52:14.854  8032  8032 D M_InsDal: Lcom/csipsimple/utils/PreferencesWrapper;--->gPrefStringValue(Landroid/content/SharedPreferences;Ljava/lang/String;)Ljava/lang/String;
05-29 15:52:14.857  8032  8032 D M_InsDal: Lcom/csipsimple/ui/SipHome;--->onAttachFragment(Landroid/support/v4/app/Fragment;)V
05-29 15:52:14.857  8032  8032 D M_InsDal: Lcom/csipsimple/ui/SipHome$TabsAdapter;--->getIdForPosition(I)Ljava/lang/Integer;
05-29 15:52:14.857  8032  8032 D M_InsDal: Lcom/csipsimple/ui/dialpad/DialerFragment;--->onCreate(Landroid/os/Bundle;)V
05-29 15:52:14.858  8032  8032 D M_InsDal: Lcom/csipsimple/utils/contacts/ContactsSearchAdapter;---><init>(Landroid/content/Context;)V
05-29 15:52:14.858  8032  8032 D M_InsDal: Lcom/csipsimple/ui/dialpad/DialerFragment$OnAutoCompleteListItemClicked;---><init>(Lcom/csipsimple/ui/dialpad/DialerFragment;Lcom/csipsimple/utils/contacts/ContactsSearchAdapter;)V
05-29 15:52:14.858  8032  8032 D M_InsDal: Lcom/csipsimple/utils/PreferencesWrapper;--->startIsDigit()Z
05-29 15:52:14.858  8032  8032 D M_InsDal: Lcom/csipsimple/ui/dialpad/DialerFragment;--->onCreateView(Landroid/view/LayoutInflater;Landroid/view/ViewGroup;Landroid/os/Bundle;)Landroid/view/View;
05-29 15:52:14.859  8032  8032 D M_InsDal: Lcom/csipsimple/ui/dialpad/DialerLayout;---><init>(Landroid/content/Context;Landroid/util/AttributeSet;)V
05-29 15:52:14.859  8032  8032 D M_InsDal: Lcom/csipsimple/ui/dialpad/DialerLayout;--->init()V
05-29 15:52:14.859  8032  8032 D M_InsDal: Lcom/csipsimple/ui/dialpad/DigitsEditText;---><init>(Landroid/content/Context;Landroid/util/AttributeSet;)V
05-29 15:52:14.860  8032  8032 D M_InsDal: Lcom/csipsimple/ui/dialpad/DigitsEditText;--->isTextSelectable()Z
05-29 15:52:14.860  8032  8032 D M_InsDal: Lcom/csipsimple/ui/dialpad/DigitsEditText;--->onSelectionChanged(II)V
05-29 15:52:14.863  8032  8032 D M_InsDal: Lcom/csipsimple/widgets/AccountChooserButton;---><clinit>()V
05-29 15:52:14.863  8032  8032 D M_InsDal: Lcom/csipsimple/widgets/AccountChooserButton;---><init>(Landroid/content/Context;Landroid/util/AttributeSet;)V
05-29 15:52:14.864  8032  8032 D M_InsDal: Lcom/csipsimple/widgets/AccountChooserButton;--->setAccount(Lcom/csipsimple/api/SipProfile;)V
05-29 15:52:14.864  8032  8032 D M_InsDal: Lcom/csipsimple/utils/Compatibility;--->canMakeGSMCall(Landroid/content/Context;)Z
05-29 15:52:14.864  8032  8032 D M_InsDal: Lcom/csipsimple/utils/PreferencesWrapper;---><init>(Landroid/content/Context;)V
05-29 15:52:14.864  8032  8032 D M_InsDal: Lcom/csipsimple/utils/PreferencesWrapper;--->getGsmIntegrationType()I
05-29 15:52:14.864  8032  8032 D M_InsDal: Lcom/csipsimple/utils/PreferencesWrapper;--->getPreferenceStringValue(Ljava/lang/String;)Ljava/lang/String;
05-29 15:52:14.864  8032  8032 D M_InsDal: Lcom/csipsimple/utils/PreferencesWrapper;--->gPrefStringValue(Landroid/content/SharedPreferences;Ljava/lang/String;)Ljava/lang/String;
05-29 15:52:14.864  8032  8032 D M_InsDal: Lcom/csipsimple/utils/PhoneCapabilityTester;--->isPhone(Landroid/content/Context;)Z
05-29 15:52:14.866  8032  8032 D M_InsDal: Lcom/csipsimple/widgets/Dialpad;---><clinit>()V
05-29 15:52:14.866  8032  8032 D M_InsDal: Lcom/csipsimple/widgets/Dialpad;---><init>(Landroid/content/Context;Landroid/util/AttributeSet;)V
05-29 15:52:14.878  8032  8032 D M_InsDal: Lcom/csipsimple/widgets/Dialpad;--->onFinishInflate()V
05-29 15:52:14.879  8032  8032 D M_InsDal: Lcom/csipsimple/widgets/DialerCallBar;---><init>(Landroid/content/Context;Landroid/util/AttributeSet;)V
05-29 15:52:14.879  8032  8032 D M_InsDal: Lcom/csipsimple/widgets/DialerCallBar;---><init>(Landroid/content/Context;Landroid/util/AttributeSet;I)V
05-29 15:52:14.882  8032  8032 D M_InsDal: Lcom/csipsimple/ui/dialpad/DialerLayout;--->setForceNoList(Z)V
05-29 15:52:14.882  8032  8032 D M_InsDal: Lcom/csipsimple/widgets/AccountChooserButton;--->setShowExternals(Z)V
05-29 15:52:14.882  8032  8032 D M_InsDal: Lcom/csipsimple/widgets/AccountChooserButton;--->setOnAccountChangeListener(Lcom/csipsimple/widgets/AccountChooserButton$OnAccountChangeListener;)V
05-29 15:52:14.882  8032  8032 D M_InsDal: Lcom/csipsimple/widgets/Dialpad;--->setOnDialKeyListener(Lcom/csipsimple/widgets/Dialpad$OnDialKeyListener;)V
05-29 15:52:14.882  8032  8032 D M_InsDal: Lcom/csipsimple/widgets/DialerCallBar;--->setOnDialActionListener(Lcom/csipsimple/widgets/DialerCallBar$OnDialActionListener;)V
05-29 15:52:14.882  8032  8032 D M_InsDal: Lcom/csipsimple/utils/PreferencesWrapper;--->getPreferenceBooleanValue(Ljava/lang/String;)Ljava/lang/Boolean;
05-29 15:52:14.882  8032  8032 D M_InsDal: Lcom/csipsimple/utils/PreferencesWrapper;--->gPrefBooleanValue(Landroid/content/SharedPreferences;Ljava/lang/String;)Ljava/lang/Boolean;
05-29 15:52:14.882  8032  8032 D M_InsDal: Lcom/csipsimple/widgets/DialerCallBar;--->setVideoEnabled(Z)V
05-29 15:52:14.882  8032  8032 D M_InsDal: Lcom/csipsimple/ui/dialpad/DialerFragment;--->initButtons(Landroid/view/View;)V
05-29 15:52:14.882  8032  8032 D M_InsDal: Lcom/csipsimple/ui/dialpad/DialerFragment;--->attachButtonListener(Landroid/view/View;IZ)V
05-29 15:52:14.882  8032  8032 D M_InsDal: Lcom/csipsimple/ui/dialpad/DialerFragment;--->attachButtonListener(Landroid/view/View;IZ)V
05-29 15:52:14.882  8032  8032 D M_InsDal: Lcom/csipsimple/ui/dialpad/DialerFragment;--->afterTextChanged(Landroid/text/Editable;)V
05-29 15:52:14.882  8032  8032 D M_InsDal: Lcom/csipsimple/widgets/DialerCallBar;--->setEnabled(Z)V
05-29 15:52:14.882  8032  8032 D M_InsDal: Lcom/csipsimple/ui/dialpad/DialerFragment;--->hasAutocompleteList()Z
05-29 15:52:14.882  8032  8032 D M_InsDal: Lcom/csipsimple/ui/dialpad/DialerLayout;--->canShowList()Z
05-29 15:52:14.882  8032  8032 D M_InsDal: Lcom/csipsimple/ui/dialpad/DialerFragment;--->setTextDialing(ZZ)V
05-29 15:52:14.882  8032  8032 D M_InsDal: Lcom/csipsimple/ui/dialpad/DigitsEditText;--->setIsDigit(ZZ)V
05-29 15:52:14.882  8032  8032 D M_InsDal: Lcom/csipsimple/ui/dialpad/DialerFragment;--->hasAutocompleteList()Z
05-29 15:52:14.882  8032  8032 D M_InsDal: Lcom/csipsimple/ui/dialpad/DialerLayout;--->canShowList()Z
05-29 15:52:14.882  8032  8032 D M_InsDal: Lcom/csipsimple/ui/dialpad/DialerFragment;--->applyTheme(Landroid/view/View;)V
05-29 15:52:14.882  8032  8032 D M_InsDal: Lcom/csipsimple/utils/Theme;--->getCurrentTheme(Landroid/content/Context;)Lcom/csipsimple/utils/Theme;
05-29 15:52:14.882  8032  8032 D M_InsDal: Lcom/csipsimple/api/SipConfigManager;--->getPreferenceStringValue(Landroid/content/Context;Ljava/lang/String;)Ljava/lang/String;
05-29 15:52:14.882  8032  8032 D M_InsDal: Lcom/csipsimple/api/SipConfigManager;--->getPreferenceStringValue(Landroid/content/Context;Ljava/lang/String;Ljava/lang/String;)Ljava/lang/String;
05-29 15:52:14.882  8032  8032 D M_InsDal: Lcom/csipsimple/api/SipConfigManager;--->getPrefUriForKey(Ljava/lang/String;)Landroid/net/Uri;
05-29 15:52:14.882  8032  8032 D M_InsDal: Lcom/csipsimple/service/PreferenceProvider;--->query(Landroid/net/Uri;[Ljava/lang/String;Ljava/lang/String;[Ljava/lang/String;Ljava/lang/String;)Landroid/database/Cursor;
05-29 15:52:14.882  8032  8032 D M_InsDal: Lcom/csipsimple/utils/PreferencesWrapper;--->getPreferenceStringValue(Ljava/lang/String;)Ljava/lang/String;
05-29 15:52:14.882  8032  8032 D M_InsDal: Lcom/csipsimple/utils/PreferencesWrapper;--->gPrefStringValue(Landroid/content/SharedPreferences;Ljava/lang/String;)Ljava/lang/String;
05-29 15:52:14.882  8032  8032 D M_InsDal: Lcom/csipsimple/utils/Theme;--->fixRepeatableBackground(Landroid/view/View;)V
05-29 15:52:14.882  8032  8032 D M_InsDal: Lcom/csipsimple/utils/Theme;--->needRepeatableFix()Z
05-29 15:52:14.882  8032  8032 D M_InsDal: Lcom/csipsimple/utils/Compatibility;--->isCompatible(I)Z
05-29 15:52:14.883  8032  8032 D M_InsDal: Lcom/csipsimple/ui/dialpad/DigitsEditText;--->isTextSelectable()Z
05-29 15:52:14.883  8032  8032 D M_InsDal: Lcom/csipsimple/widgets/AccountChooserButton;--->onAttachedToWindow()V
05-29 15:52:14.883  8032  8032 D M_InsDal: Lcom/csipsimple/widgets/AccountChooserButton$AccountStatusContentObserver;---><init>(Lcom/csipsimple/widgets/AccountChooserButton;Landroid/os/Handler;)V
05-29 15:52:14.883  8032  8032 D M_InsDal: Lcom/csipsimple/widgets/AccountChooserButton;--->updateRegistration()V
05-29 15:52:14.893  8052  8052 D M_InsDal: Lcom/csipsimple/db/DBProvider;---><clinit>()V
05-29 15:52:14.893  8052  8052 D M_InsDal: Lcom/csipsimple/db/DBProvider;---><init>()V
05-29 15:52:14.893  8052  8052 D M_InsDal: Lcom/csipsimple/db/DBProvider;--->onCreate()Z
05-29 15:52:14.893  8052  8052 D M_InsDal: Lcom/csipsimple/db/DBAdapter$DatabaseHelper;---><init>(Landroid/content/Context;)V
05-29 15:52:14.894  8052  8052 D M_InsDal: Lcom/csipsimple/service/SipService;---><clinit>()V
05-29 15:52:14.894  8052  8076 D M_InsDal: Lcom/csipsimple/db/DBProvider;--->query(Landroid/net/Uri;[Ljava/lang/String;Ljava/lang/String;[Ljava/lang/String;Ljava/lang/String;)Landroid/database/Cursor;
05-29 15:52:14.894  8052  8052 D M_InsDal: Lcom/csipsimple/service/SipService;---><init>()V
05-29 15:52:14.894  8052  8074 D M_InsDal: Lcom/csipsimple/db/DBProvider;--->query(Landroid/net/Uri;[Ljava/lang/String;Ljava/lang/String;[Ljava/lang/String;Ljava/lang/String;)Landroid/database/Cursor;
05-29 15:52:14.894  8052  8052 D M_InsDal: Lcom/csipsimple/service/SipService$1;---><init>(Lcom/csipsimple/service/SipService;)V
05-29 15:52:14.894  8052  8052 D M_InsDal: Lcom/csipsimple/api/ISipService$Stub;---><init>()V
05-29 15:52:14.894  8052  8052 D M_InsDal: Lcom/csipsimple/service/SipService$2;---><init>(Lcom/csipsimple/service/SipService;)V
05-29 15:52:14.894  8052  8052 D M_InsDal: Lcom/csipsimple/api/ISipConfiguration$Stub;---><init>()V
05-29 15:52:14.895  8052  8052 D M_InsDal: Lcom/csipsimple/service/SipService$ServiceHandler;---><init>(Lcom/csipsimple/service/SipService;)V
05-29 15:52:14.895  8052  8052 D M_InsDal: Lcom/csipsimple/api/SipManager$PresenceStatus;---><clinit>()V
05-29 15:52:14.895  8052  8052 D M_InsDal: Lcom/csipsimple/api/SipManager$PresenceStatus;---><init>(Ljava/lang/String;I)V
05-29 15:52:14.895  8052  8052 D M_InsDal: Lcom/csipsimple/api/SipManager$PresenceStatus;---><init>(Ljava/lang/String;I)V
05-29 15:52:14.895  8052  8052 D M_InsDal: Lcom/csipsimple/service/SipService;--->onCreate()V
05-29 15:52:14.895  8052  8052 D M_InsDal: Lcom/csipsimple/utils/Log;---><clinit>()V
05-29 15:52:14.895  8052  8052 D M_InsDal: Lcom/csipsimple/utils/Log;--->i(Ljava/lang/String;Ljava/lang/String;)V
05-29 15:52:14.895  8052  8052 D M_InsDal: Lcom/csipsimple/utils/PreferencesProviderWrapper;---><init>(Landroid/content/Context;)V
05-29 15:52:14.895  8052  8052 D M_InsDal: Lcom/csipsimple/utils/PreferencesProviderWrapper;--->getLogLevel()I
05-29 15:52:14.895  8052  8052 D M_InsDal: Lcom/csipsimple/api/SipConfigManager;---><clinit>()V
05-29 15:52:14.895  8052  8052 D M_InsDal: Lcom/csipsimple/api/SipConfigManager;--->getPreferenceIntegerValue(Landroid/content/Context;Ljava/lang/String;Ljava/lang/Integer;)Ljava/lang/Integer;
05-29 15:52:14.895  8052  8052 D M_InsDal: Lcom/csipsimple/api/SipConfigManager;--->getPrefUriForKey(Ljava/lang/String;)Landroid/net/Uri;
05-29 15:52:14.896  8032  8046 D M_InsDal: Lcom/csipsimple/service/PreferenceProvider;--->query(Landroid/net/Uri;[Ljava/lang/String;Ljava/lang/String;[Ljava/lang/String;Ljava/lang/String;)Landroid/database/Cursor;
05-29 15:52:14.896  8032  8046 D M_InsDal: Lcom/csipsimple/utils/PreferencesWrapper;--->getPreferenceIntegerValue(Ljava/lang/String;)Ljava/lang/Integer;
05-29 15:52:14.896  8032  8046 D M_InsDal: Lcom/csipsimple/utils/PreferencesWrapper;--->getPreferenceStringValue(Ljava/lang/String;)Ljava/lang/String;
05-29 15:52:14.896  8032  8046 D M_InsDal: Lcom/csipsimple/utils/PreferencesWrapper;--->gPrefStringValue(Landroid/content/SharedPreferences;Ljava/lang/String;)Ljava/lang/String;
05-29 15:52:14.897  8052  8052 D M_InsDal: Lcom/csipsimple/utils/Log;--->setLogLevel(I)V
05-29 15:52:14.897  8052  8052 D M_InsDal: Lcom/csipsimple/service/SipNotifications;---><clinit>()V
05-29 15:52:14.897  8052  8052 D M_InsDal: Lcom/csipsimple/service/SipNotifications;---><init>(Landroid/content/Context;)V
05-29 15:52:14.897  8052  8052 D M_InsDal: Lcom/csipsimple/service/SipNotifications;--->cancelAll()V
05-29 15:52:14.897  8052  8052 D M_InsDal: Lcom/csipsimple/service/SipNotifications;--->cancelMessages()V
05-29 15:52:14.897  8052  8052 D M_InsDal: Lcom/csipsimple/service/SipNotifications;--->cancelMissedCalls()V
05-29 15:52:14.897  8052  8052 D M_InsDal: Lcom/csipsimple/service/SipNotifications;--->cancelVoicemails()V
05-29 15:52:14.897  8032  8032 D M_InsDal: Lcom/csipsimple/widgets/AccountChooserButton;--->setAccount(Lcom/csipsimple/api/SipProfile;)V
05-29 15:52:14.897  8032  8032 D M_InsDal: Lcom/csipsimple/utils/Compatibility;--->canMakeGSMCall(Landroid/content/Context;)Z
05-29 15:52:14.897  8032  8032 D M_InsDal: Lcom/csipsimple/utils/PreferencesWrapper;---><init>(Landroid/content/Context;)V
05-29 15:52:14.897  8052  8052 D M_InsDal: Lcom/csipsimple/service/SipNotifications;--->cancelCalls()V
05-29 15:52:14.897  8032  8032 D M_InsDal: Lcom/csipsimple/utils/PreferencesWrapper;--->getGsmIntegrationType()I
05-29 15:52:14.897  8032  8032 D M_InsDal: Lcom/csipsimple/utils/PreferencesWrapper;--->getPreferenceStringValue(Ljava/lang/String;)Ljava/lang/String;
05-29 15:52:14.897  8032  8032 D M_InsDal: Lcom/csipsimple/utils/PreferencesWrapper;--->gPrefStringValue(Landroid/content/SharedPreferences;Ljava/lang/String;)Ljava/lang/String;
05-29 15:52:14.897  8032  8032 D M_InsDal: Lcom/csipsimple/utils/PhoneCapabilityTester;--->isPhone(Landroid/content/Context;)Z
05-29 15:52:14.897  8032  8032 D M_InsDal: Lcom/csipsimple/ui/dialpad/DialerFragment$3;--->onChooseAccount(Lcom/csipsimple/api/SipProfile;)V
05-29 15:52:14.897  8032  8032 D M_InsDal: Lcom/csipsimple/utils/contacts/ContactsSearchAdapter;--->setSelectedAccount(J)V
05-29 15:52:14.897  8052  8052 D M_InsDal: Lcom/csipsimple/utils/Compatibility;--->isCompatible(I)Z
05-29 15:52:14.897  8052  8052 D M_InsDal: Lcom/csipsimple/service/SipNotifications;--->onServiceCreate()V
05-29 15:52:14.897  8032  8032 D M_InsDal: Lcom/csipsimple/ui/dialpad/DialerFragment;--->onResume()V
05-29 15:52:14.897  8032  8032 D M_InsDal: Lcom/csipsimple/utils/PreferencesWrapper;--->getPreferenceBooleanValue(Ljava/lang/String;)Ljava/lang/Boolean;
05-29 15:52:14.897  8032  8032 D M_InsDal: Lcom/csipsimple/utils/PreferencesWrapper;--->gPrefBooleanValue(Landroid/content/SharedPreferences;Ljava/lang/String;)Ljava/lang/Boolean;
05-29 15:52:14.897  8032  8032 D M_InsDal: Lcom/csipsimple/widgets/DialerCallBar;--->setVideoEnabled(Z)V
05-29 15:52:14.898  8032  8032 D M_InsDal: Lcom/csipsimple/ui/SipHome;--->onAttachFragment(Landroid/support/v4/app/Fragment;)V
05-29 15:52:14.898  8032  8032 D M_InsDal: Lcom/csipsimple/ui/SipHome$TabsAdapter;--->getIdForPosition(I)Ljava/lang/Integer;
05-29 15:52:14.898  8032  8032 D M_InsDal: Lcom/csipsimple/ui/calllog/CallLogListFragment;--->onCreateView(Landroid/view/LayoutInflater;Landroid/view/ViewGroup;Landroid/os/Bundle;)Landroid/view/View;
05-29 15:52:14.898  8052  8052 D M_InsDal: Lcom/csipsimple/service/SipWakeLock;---><init>(Landroid/os/PowerManager;)V
05-29 15:52:14.898  8052  8052 D M_InsDal: Lcom/csipsimple/utils/PreferencesProviderWrapper;--->getPreferenceBooleanValue(Ljava/lang/String;Z)Z
05-29 15:52:14.898  8052  8052 D M_InsDal: Lcom/csipsimple/api/SipConfigManager;--->getPreferenceBooleanValue(Landroid/content/Context;Ljava/lang/String;Ljava/lang/Boolean;)Ljava/lang/Boolean;
05-29 15:52:14.898  8052  8052 D M_InsDal: Lcom/csipsimple/api/SipConfigManager;--->getPrefUriForKey(Ljava/lang/String;)Landroid/net/Uri;
05-29 15:52:14.898  8032  8051 D M_InsDal: Lcom/csipsimple/utils/CustomDistribution;--->getCustomDistributionWizard()Lcom/csipsimple/wizards/WizardUtils$WizardInfo;
05-29 15:52:14.898  8032  8046 D M_InsDal: Lcom/csipsimple/service/PreferenceProvider;--->query(Landroid/net/Uri;[Ljava/lang/String;Ljava/lang/String;[Ljava/lang/String;Ljava/lang/String;)Landroid/database/Cursor;
05-29 15:52:14.898  8032  8046 D M_InsDal: Lcom/csipsimple/utils/PreferencesWrapper;--->getPreferenceBooleanValue(Ljava/lang/String;)Ljava/lang/Boolean;
05-29 15:52:14.898  8032  8046 D M_InsDal: Lcom/csipsimple/utils/PreferencesWrapper;--->gPrefBooleanValue(Landroid/content/SharedPreferences;Ljava/lang/String;)Ljava/lang/Boolean;
05-29 15:52:14.900  8032  8032 D M_InsDal: Lcom/csipsimple/ui/calllog/CallLogListFragment;--->onViewCreated(Landroid/view/View;Landroid/os/Bundle;)V
05-29 15:52:14.900  8032  8032 D M_InsDal: Lcom/csipsimple/ui/calllog/CallLogListFragment$1;---><init>(Lcom/csipsimple/ui/calllog/CallLogListFragment;)V
05-29 15:52:14.900  8032  8032 D M_InsDal: Lcom/csipsimple/widgets/CSSListFragment;--->onActivityCreated(Landroid/os/Bundle;)V
05-29 15:52:14.900  8032  8032 D M_InsDal: Lcom/csipsimple/ui/calllog/CallLogListFragment;--->onActivityCreated(Landroid/os/Bundle;)V
05-29 15:52:14.900  8032  8032 D M_InsDal: Lcom/csipsimple/ui/dialpad/DialerLayout;--->onMeasure(II)V
05-29 15:52:14.900  8052  8052 D M_InsDal: Lcom/csipsimple/utils/Log;--->d(Ljava/lang/String;Ljava/lang/String;)V
05-29 15:52:14.900  8052  8052 D M_InsDal: Lcom/csipsimple/service/PresenceManager;---><clinit>()V
05-29 15:52:14.900  8052  8052 D M_InsDal: Lcom/csipsimple/service/PresenceManager;---><init>()V
05-29 15:52:14.900  8052  8052 D M_InsDal: Lcom/csipsimple/service/SipService;--->onBind(Landroid/content/Intent;)Landroid/os/IBinder;
05-29 15:52:14.900  8052  8052 D M_InsDal: Lcom/csipsimple/utils/Log;--->d(Ljava/lang/String;Ljava/lang/String;)V
05-29 15:52:14.901  8052  8052 D M_InsDal: Lcom/csipsimple/utils/Log;--->d(Ljava/lang/String;Ljava/lang/String;)V
05-29 15:52:14.901  8052  8052 D M_InsDal: Lcom/csipsimple/service/SipService;--->onStart(Landroid/content/Intent;I)V
05-29 15:52:14.901  8052  8052 D M_InsDal: Lcom/csipsimple/service/SipService;--->registerForOutgoing(Landroid/content/ComponentName;)V
05-29 15:52:14.901  8052  8052 D M_InsDal: Lcom/csipsimple/service/SipService;--->isConnectivityValid()Z
05-29 15:52:14.901  8052  8052 D M_InsDal: Lcom/csipsimple/utils/PreferencesProviderWrapper;--->getPreferenceBooleanValue(Ljava/lang/String;Z)Z
05-29 15:52:14.901  8052  8052 D M_InsDal: Lcom/csipsimple/api/SipConfigManager;--->getPreferenceBooleanValue(Landroid/content/Context;Ljava/lang/String;Ljava/lang/Boolean;)Ljava/lang/Boolean;
05-29 15:52:14.901  8052  8052 D M_InsDal: Lcom/csipsimple/api/SipConfigManager;--->getPrefUriForKey(Ljava/lang/String;)Landroid/net/Uri;
05-29 15:52:14.901  8032  8032 D M_InsDal: Lcom/csipsimple/ui/dialpad/DigitsEditText;--->isTextSelectable()Z
05-29 15:52:14.901  8032  8046 D M_InsDal: Lcom/csipsimple/service/PreferenceProvider;--->query(Landroid/net/Uri;[Ljava/lang/String;Ljava/lang/String;[Ljava/lang/String;Ljava/lang/String;)Landroid/database/Cursor;
05-29 15:52:14.901  8032  8046 D M_InsDal: Lcom/csipsimple/utils/PreferencesWrapper;--->getPreferenceBooleanValue(Ljava/lang/String;)Ljava/lang/Boolean;
05-29 15:52:14.901  8032  8046 D M_InsDal: Lcom/csipsimple/utils/PreferencesWrapper;--->gPrefBooleanValue(Landroid/content/SharedPreferences;Ljava/lang/String;)Ljava/lang/Boolean;
05-29 15:52:14.901  8032  8032 D M_InsDal: Lcom/csipsimple/widgets/Dialpad;--->onMeasure(II)V
05-29 15:52:14.905  8052  8052 D M_InsDal: Lcom/csipsimple/utils/PreferencesProviderWrapper;--->isValidConnectionForIncoming()Z
05-29 15:52:14.905  8052  8052 D M_InsDal: Lcom/csipsimple/utils/PreferencesProviderWrapper;--->isValidConnectionFor(Landroid/net/NetworkInfo;Ljava/lang/String;)Z
05-29 15:52:14.905  8052  8052 D M_InsDal: Lcom/csipsimple/utils/PreferencesProviderWrapper;--->isValidWifiConnectionFor(Landroid/net/NetworkInfo;Ljava/lang/String;)Z
05-29 15:52:14.905  8052  8052 D M_InsDal: Lcom/csipsimple/utils/PreferencesProviderWrapper;--->getPreferenceBooleanValue(Ljava/lang/String;Z)Z
05-29 15:52:14.905  8052  8052 D M_InsDal: Lcom/csipsimple/api/SipConfigManager;--->getPreferenceBooleanValue(Landroid/content/Context;Ljava/lang/String;Ljava/lang/Boolean;)Ljava/lang/Boolean;
05-29 15:52:14.905  8052  8052 D M_InsDal: Lcom/csipsimple/api/SipConfigManager;--->getPrefUriForKey(Ljava/lang/String;)Landroid/net/Uri;
05-29 15:52:14.906  8032  8032 D M_InsDal: Lcom/csipsimple/ui/SipHome$TabsAdapter;--->getCount()I
05-29 15:52:14.906  8032  8032 D M_InsDal: Lcom/csipsimple/ui/SipHome$TabsAdapter;--->getCount()I
05-29 15:52:14.906  8032  8046 D M_InsDal: Lcom/csipsimple/service/PreferenceProvider;--->query(Landroid/net/Uri;[Ljava/lang/String;Ljava/lang/String;[Ljava/lang/String;Ljava/lang/String;)Landroid/database/Cursor;
05-29 15:52:14.906  8032  8032 D M_InsDal: Lcom/csipsimple/ui/dialpad/DialerLayout;--->onMeasure(II)V
05-29 15:52:14.906  8032  8046 D M_InsDal: Lcom/csipsimple/utils/PreferencesWrapper;--->getPreferenceBooleanValue(Ljava/lang/String;)Ljava/lang/Boolean;
05-29 15:52:14.906  8032  8046 D M_InsDal: Lcom/csipsimple/utils/PreferencesWrapper;--->gPrefBooleanValue(Landroid/content/SharedPreferences;Ljava/lang/String;)Ljava/lang/Boolean;
05-29 15:52:14.906  8032  8032 D M_InsDal: Lcom/csipsimple/widgets/Dialpad;--->onMeasure(II)V
05-29 15:52:14.907  8032  8032 D M_InsDal: Lcom/csipsimple/ui/SipHome$TabsAdapter;--->getCount()I
05-29 15:52:14.907  8032  8032 D M_InsDal: Lcom/csipsimple/ui/SipHome$TabsAdapter;--->getCount()I
05-29 15:52:14.907  8032  8032 D M_InsDal: Lcom/csipsimple/ui/dialpad/DialerLayout;--->onMeasure(II)V
05-29 15:52:14.907  8032  8032 D M_InsDal: Lcom/csipsimple/widgets/Dialpad;--->onMeasure(II)V
05-29 15:52:14.907  8032  8032 D M_InsDal: Lcom/csipsimple/ui/dialpad/DigitsEditText;--->onLayout(ZIIII)V
05-29 15:52:14.907  8032  8032 D M_InsDal: Lcom/csipsimple/ui/dialpad/DigitsEditText;--->setIsDigit(ZZ)V
05-29 15:52:14.909  8032  8032 D M_InsDal: Lcom/csipsimple/ui/dialpad/DigitsEditText;--->onFocusChanged(ZILandroid/graphics/Rect;)V
05-29 15:52:14.909  8032  8032 D M_InsDal: Lcom/csipsimple/ui/dialpad/DigitsEditText;--->isTextSelectable()Z
05-29 15:52:14.910  8052  8052 D M_InsDal: Lcom/csipsimple/utils/Log;--->d(Ljava/lang/String;Ljava/lang/String;)V
05-29 15:52:14.910  8052  8052 D M_InsDal: Lcom/csipsimple/utils/PreferencesProviderWrapper;--->isValidConnectionForOutgoing()Z
05-29 15:52:14.910  8052  8052 D M_InsDal: Lcom/csipsimple/utils/PreferencesProviderWrapper;--->getPreferenceBooleanValue(Ljava/lang/String;Z)Z
05-29 15:52:14.910  8052  8052 D M_InsDal: Lcom/csipsimple/api/SipConfigManager;--->getPreferenceBooleanValue(Landroid/content/Context;Ljava/lang/String;Ljava/lang/Boolean;)Ljava/lang/Boolean;
05-29 15:52:14.910  8052  8052 D M_InsDal: Lcom/csipsimple/api/SipConfigManager;--->getPrefUriForKey(Ljava/lang/String;)Landroid/net/Uri;
05-29 15:52:14.910  8032  8045 D M_InsDal: Lcom/csipsimple/service/PreferenceProvider;--->query(Landroid/net/Uri;[Ljava/lang/String;Ljava/lang/String;[Ljava/lang/String;Ljava/lang/String;)Landroid/database/Cursor;
05-29 15:52:14.910  8032  8045 D M_InsDal: Lcom/csipsimple/utils/PreferencesWrapper;--->getPreferenceBooleanValue(Ljava/lang/String;)Ljava/lang/Boolean;
