--------- beginning of main
--------- beginning of system
05-29 15:53:59.839  8531  8531 D M_InsDal: Lcom/csipsimple/service/PreferenceProvider;---><clinit>()V
05-29 15:53:59.839  8531  8531 D M_InsDal: Lcom/csipsimple/service/PreferenceProvider;---><init>()V
05-29 15:53:59.839  8531  8531 D M_InsDal: Lcom/csipsimple/service/PreferenceProvider;--->onCreate()Z
05-29 15:53:59.840  8531  8531 D M_InsDal: Lcom/csipsimple/utils/PreferencesWrapper;---><clinit>()V
05-29 15:53:59.840  8531  8531 D M_InsDal: Lcom/csipsimple/utils/PreferencesWrapper$1;---><init>()V
05-29 15:53:59.840  8531  8531 D M_InsDal: Lcom/csipsimple/utils/CustomDistribution;--->getUserAgent()Ljava/lang/String;
05-29 15:53:59.840  8531  8531 D M_InsDal: Lcom/csipsimple/utils/PreferencesWrapper$2;---><init>()V
05-29 15:53:59.840  8531  8531 D M_InsDal: Lcom/csipsimple/utils/PreferencesWrapper$3;---><init>()V
05-29 15:53:59.840  8531  8531 D M_InsDal: Lcom/csipsimple/utils/PreferencesWrapper;---><init>(Landroid/content/Context;)V
05-29 15:53:59.841  8531  8531 D M_InsDal: Lcom/csipsimple/utils/PreferencesWrapper;--->needUpgrade()Ljava/lang/Integer;
05-29 15:53:59.841  8531  8531 D M_InsDal: Lcom/csipsimple/utils/PreferencesProviderWrapper;--->getCurrentPackageInfos(Landroid/content/Context;)Landroid/content/pm/PackageInfo;
05-29 15:53:59.842  8531  8531 D M_InsDal: Lcom/csipsimple/utils/Log;---><clinit>()V
05-29 15:53:59.843  8531  8531 D M_InsDal: Lcom/csipsimple/utils/Log;--->d(Ljava/lang/String;Ljava/lang/String;)V
05-29 15:53:59.843  8531  8531 D M_InsDal: Lcom/csipsimple/utils/Log;--->d(Ljava/lang/String;Ljava/lang/String;)V
05-29 15:53:59.843  8531  8531 D M_InsDal: Lcom/csipsimple/utils/Compatibility;--->getApiLevel()I
05-29 15:53:59.849  8531  8531 D M_InsDal: Lcom/csipsimple/ui/SipHome;---><init>()V
05-29 15:53:59.852  8531  8531 D M_InsDal: Lcom/csipsimple/ui/SipHome$1;---><init>(Lcom/csipsimple/ui/SipHome;)V
05-29 15:53:59.855  8531  8531 D M_InsDal: Lcom/csipsimple/ui/SipHome;--->onCreate(Landroid/os/Bundle;)V
05-29 15:53:59.855  8531  8531 D M_InsDal: Lcom/csipsimple/utils/PreferencesProviderWrapper;---><init>(Landroid/content/Context;)V
05-29 15:53:59.874  8531  8531 D M_InsDal: Lcom/csipsimple/utils/CustomDistribution;--->supportMessaging()Z
05-29 15:53:59.875  8531  8531 D M_InsDal: Lcom/csipsimple/ui/SipHome$TabsAdapter;---><init>(Lcom/csipsimple/ui/SipHome;Landroid/support/v4/app/FragmentActivity;Lcom/actionbarsherlock/app/ActionBar;Landroid/support/v4/view/ViewPager;)V
05-29 15:53:59.875  8531  8531 D M_InsDal: Lcom/csipsimple/ui/SipHome$TabsAdapter;--->addTab(Lcom/actionbarsherlock/app/ActionBar$Tab;Ljava/lang/Class;I)V
05-29 15:53:59.877  8531  8531 D M_InsDal: Lcom/csipsimple/ui/SipHome$TabsAdapter;--->onTabSelected(Lcom/actionbarsherlock/app/ActionBar$Tab;Landroid/support/v4/app/FragmentTransaction;)V
05-29 15:53:59.877  8531  8531 D M_InsDal: Lcom/csipsimple/ui/SipHome$TabsAdapter;--->clearDetails()V
05-29 15:53:59.877  8531  8531 D M_InsDal: Lcom/csipsimple/ui/SipHome$TabsAdapter;--->getCount()I
05-29 15:53:59.878  8531  8531 D M_InsDal: Lcom/csipsimple/ui/SipHome$TabsAdapter;--->getCount()I
05-29 15:53:59.878  8531  8531 D M_InsDal: Lcom/csipsimple/ui/SipHome$TabsAdapter;--->addTab(Lcom/actionbarsherlock/app/ActionBar$Tab;Ljava/lang/Class;I)V
05-29 15:53:59.878  8531  8531 D M_InsDal: Lcom/csipsimple/ui/SipHome$TabsAdapter;--->getCount()I
05-29 15:53:59.878  8531  8531 D M_InsDal: Lcom/csipsimple/ui/SipHome$TabsAdapter;--->getCount()I
05-29 15:53:59.878  8531  8531 D M_InsDal: Lcom/csipsimple/ui/SipHome$TabsAdapter;--->addTab(Lcom/actionbarsherlock/app/ActionBar$Tab;Ljava/lang/Class;I)V
05-29 15:53:59.878  8531  8531 D M_InsDal: Lcom/csipsimple/ui/SipHome$TabsAdapter;--->getCount()I
05-29 15:53:59.878  8531  8531 D M_InsDal: Lcom/csipsimple/ui/SipHome$TabsAdapter;--->getCount()I
05-29 15:53:59.878  8531  8531 D M_InsDal: Lcom/csipsimple/ui/SipHome$TabsAdapter;--->addTab(Lcom/actionbarsherlock/app/ActionBar$Tab;Ljava/lang/Class;I)V
05-29 15:53:59.878  8531  8531 D M_InsDal: Lcom/csipsimple/ui/SipHome$TabsAdapter;--->getCount()I
05-29 15:53:59.878  8531  8531 D M_InsDal: Lcom/csipsimple/ui/SipHome$TabsAdapter;--->getCount()I
05-29 15:53:59.878  8531  8531 D M_InsDal: Lcom/csipsimple/utils/PreferencesProviderWrapper;--->getPreferenceBooleanValue(Ljava/lang/String;)Z
05-29 15:53:59.879  8531  8531 D M_InsDal: Lcom/csipsimple/api/SipConfigManager;---><clinit>()V
05-29 15:53:59.879  8531  8531 D M_InsDal: Lcom/csipsimple/api/SipConfigManager;--->getPreferenceBooleanValue(Landroid/content/Context;Ljava/lang/String;)Ljava/lang/Boolean;
05-29 15:53:59.879  8531  8531 D M_InsDal: Lcom/csipsimple/api/SipConfigManager;--->getPreferenceBooleanValue(Landroid/content/Context;Ljava/lang/String;Ljava/lang/Boolean;)Ljava/lang/Boolean;
05-29 15:53:59.879  8531  8531 D M_InsDal: Lcom/csipsimple/api/SipConfigManager;--->getPrefUriForKey(Ljava/lang/String;)Landroid/net/Uri;
05-29 15:53:59.879  8531  8531 D M_InsDal: Lcom/csipsimple/service/PreferenceProvider;--->query(Landroid/net/Uri;[Ljava/lang/String;Ljava/lang/String;[Ljava/lang/String;Ljava/lang/String;)Landroid/database/Cursor;
05-29 15:53:59.879  8531  8531 D M_InsDal: Lcom/csipsimple/utils/PreferencesWrapper;--->getPreferenceBooleanValue(Ljava/lang/String;)Ljava/lang/Boolean;
05-29 15:53:59.879  8531  8531 D M_InsDal: Lcom/csipsimple/utils/PreferencesWrapper;--->gPrefBooleanValue(Landroid/content/SharedPreferences;Ljava/lang/String;)Ljava/lang/Boolean;
05-29 15:53:59.879  8531  8531 D M_InsDal: Lcom/csipsimple/ui/SipHome;--->selectTabWithAction(Landroid/content/Intent;)V
05-29 15:53:59.879  8531  8531 D M_InsDal: Lcom/csipsimple/utils/PreferencesProviderWrapper;--->getLogLevel()I
05-29 15:53:59.879  8531  8531 D M_InsDal: Lcom/csipsimple/api/SipConfigManager;--->getPreferenceIntegerValue(Landroid/content/Context;Ljava/lang/String;Ljava/lang/Integer;)Ljava/lang/Integer;
05-29 15:53:59.879  8531  8531 D M_InsDal: Lcom/csipsimple/api/SipConfigManager;--->getPrefUriForKey(Ljava/lang/String;)Landroid/net/Uri;
05-29 15:53:59.879  8531  8531 D M_InsDal: Lcom/csipsimple/service/PreferenceProvider;--->query(Landroid/net/Uri;[Ljava/lang/String;Ljava/lang/String;[Ljava/lang/String;Ljava/lang/String;)Landroid/database/Cursor;
05-29 15:53:59.879  8531  8531 D M_InsDal: Lcom/csipsimple/utils/PreferencesWrapper;--->getPreferenceIntegerValue(Ljava/lang/String;)Ljava/lang/Integer;
05-29 15:53:59.879  8531  8531 D M_InsDal: Lcom/csipsimple/utils/PreferencesWrapper;--->getPreferenceStringValue(Ljava/lang/String;)Ljava/lang/String;
05-29 15:53:59.879  8531  8531 D M_InsDal: Lcom/csipsimple/utils/PreferencesWrapper;--->gPrefStringValue(Landroid/content/SharedPreferences;Ljava/lang/String;)Ljava/lang/String;
05-29 15:53:59.880  8531  8531 D M_InsDal: Lcom/csipsimple/utils/Log;--->setLogLevel(I)V
05-29 15:53:59.880  8531  8531 D M_InsDal: Lcom/csipsimple/ui/SipHome$2;---><init>(Lcom/csipsimple/ui/SipHome;)V
05-29 15:53:59.880  8531  8550 D M_InsDal: Lcom/csipsimple/ui/SipHome$2;--->run()V
05-29 15:53:59.880  8531  8550 D M_InsDal: Lcom/csipsimple/ui/SipHome;--->asyncSanityCheck()V
05-29 15:53:59.880  8531  8550 D M_InsDal: Lcom/csipsimple/utils/NightlyUpdater;--->isNightlyBuild(Landroid/content/Context;)Z
05-29 15:53:59.880  8531  8550 D M_InsDal: Lcom/csipsimple/utils/NightlyUpdater;--->getApplicationMetaData(Landroid/content/Context;)Landroid/os/Bundle;
05-29 15:53:59.881  8531  8550 D M_InsDal: Lcom/csipsimple/ui/warnings/WarningUtils;---><clinit>()V
05-29 15:53:59.881  8531  8550 D M_InsDal: Lcom/csipsimple/ui/warnings/WarningUtils;--->shouldWarnPrivilegedIntent(Landroid/content/Context;Lcom/csipsimple/utils/PreferencesProviderWrapper;)Z
05-29 15:53:59.881  8531  8550 D M_InsDal: Lcom/csipsimple/ui/warnings/WarningUtils;--->getIgnoreKey(Ljava/lang/String;)Ljava/lang/String;
05-29 15:53:59.881  8531  8550 D M_InsDal: Lcom/csipsimple/utils/PreferencesProviderWrapper;--->getPreferenceBooleanValue(Ljava/lang/String;Z)Z
05-29 15:53:59.881  8531  8550 D M_InsDal: Lcom/csipsimple/api/SipConfigManager;--->getPreferenceBooleanValue(Landroid/content/Context;Ljava/lang/String;Ljava/lang/Boolean;)Ljava/lang/Boolean;
05-29 15:53:59.881  8531  8550 D M_InsDal: Lcom/csipsimple/api/SipConfigManager;--->getPrefUriForKey(Ljava/lang/String;)Landroid/net/Uri;
05-29 15:53:59.881  8531  8550 D M_InsDal: Lcom/csipsimple/service/PreferenceProvider;--->query(Landroid/net/Uri;[Ljava/lang/String;Ljava/lang/String;[Ljava/lang/String;Ljava/lang/String;)Landroid/database/Cursor;
05-29 15:53:59.881  8531  8550 D M_InsDal: Lcom/csipsimple/utils/PreferencesWrapper;--->getPreferenceBooleanValue(Ljava/lang/String;)Ljava/lang/Boolean;
05-29 15:53:59.881  8531  8550 D M_InsDal: Lcom/csipsimple/utils/PreferencesWrapper;--->gPrefBooleanValue(Landroid/content/SharedPreferences;Ljava/lang/String;)Ljava/lang/Boolean;
05-29 15:53:59.882  8531  8550 D M_InsDal: Lcom/csipsimple/utils/PreferencesProviderWrapper;--->getPreferenceBooleanValue(Ljava/lang/String;Z)Z
05-29 15:53:59.882  8531  8550 D M_InsDal: Lcom/csipsimple/api/SipConfigManager;--->getPreferenceBooleanValue(Landroid/content/Context;Ljava/lang/String;Ljava/lang/Boolean;)Ljava/lang/Boolean;
05-29 15:53:59.882  8531  8550 D M_InsDal: Lcom/csipsimple/api/SipConfigManager;--->getPrefUriForKey(Ljava/lang/String;)Landroid/net/Uri;
05-29 15:53:59.882  8531  8550 D M_InsDal: Lcom/csipsimple/service/PreferenceProvider;--->query(Landroid/net/Uri;[Ljava/lang/String;Ljava/lang/String;[Ljava/lang/String;Ljava/lang/String;)Landroid/database/Cursor;
05-29 15:53:59.882  8531  8550 D M_InsDal: Lcom/csipsimple/utils/PreferencesWrapper;--->getPreferenceBooleanValue(Ljava/lang/String;)Ljava/lang/Boolean;
05-29 15:53:59.882  8531  8550 D M_InsDal: Lcom/csipsimple/utils/PreferencesWrapper;--->gPrefBooleanValue(Landroid/content/SharedPreferences;Ljava/lang/String;)Ljava/lang/Boolean;
05-29 15:53:59.882  8531  8531 D M_InsDal: Lcom/csipsimple/ui/SipHome;--->onResume()V
05-29 15:53:59.882  8531  8531 D M_InsDal: Lcom/csipsimple/utils/Log;--->d(Ljava/lang/String;Ljava/lang/String;)V
05-29 15:53:59.882  8531  8550 D M_InsDal: Lcom/csipsimple/utils/PhoneCapabilityTester;---><clinit>()V
05-29 15:53:59.882  8531  8550 D M_InsDal: Lcom/csipsimple/utils/PhoneCapabilityTester;--->isPhone(Landroid/content/Context;)Z
05-29 15:53:59.882  8531  8550 D M_InsDal: Lcom/csipsimple/utils/PhoneCapabilityTester;--->initialize(Landroid/content/Context;)V
05-29 15:53:59.882  8531  8531 D M_InsDal: Lcom/csipsimple/utils/PreferencesProviderWrapper;--->setPreferenceBooleanValue(Ljava/lang/String;Z)V
05-29 15:53:59.882  8531  8531 D M_InsDal: Lcom/csipsimple/api/SipConfigManager;--->setPreferenceBooleanValue(Landroid/content/Context;Ljava/lang/String;Z)V
05-29 15:53:59.882  8531  8531 D M_InsDal: Lcom/csipsimple/api/SipConfigManager;--->getPrefUriForKey(Ljava/lang/String;)Landroid/net/Uri;
05-29 15:53:59.882  8531  8531 D M_InsDal: Lcom/csipsimple/service/PreferenceProvider;--->update(Landroid/net/Uri;Landroid/content/ContentValues;Ljava/lang/String;[Ljava/lang/String;)I
05-29 15:53:59.882  8531  8531 D M_InsDal: Lcom/csipsimple/utils/PreferencesWrapper;--->setPreferenceBooleanValue(Ljava/lang/String;Z)V
05-29 15:53:59.882  8531  8531 D M_InsDal: Lcom/csipsimple/ui/SipHome;--->sendFragmentVisibilityChange(IZ)V
05-29 15:53:59.882  8531  8531 D M_InsDal: Lcom/csipsimple/ui/SipHome;--->getFragmentAt(I)Landroid/support/v4/app/Fragment;
05-29 15:53:59.882  8531  8531 D M_InsDal: Lcom/csipsimple/ui/SipHome$TabsAdapter;--->getIdForPosition(I)Ljava/lang/Integer;
05-29 15:53:59.882  8531  8531 D M_InsDal: Lcom/csipsimple/utils/Log;--->d(Ljava/lang/String;Ljava/lang/String;)V
05-29 15:53:59.882  8531  8531 D M_InsDal: Lcom/csipsimple/ui/SipHome;--->startSipService()V
05-29 15:53:59.882  8531  8531 D M_InsDal: Lcom/csipsimple/ui/SipHome$3;---><init>(Lcom/csipsimple/ui/SipHome;Ljava/lang/String;)V
05-29 15:53:59.882  8531  8531 D M_InsDal: Lcom/csipsimple/ui/SipHome;--->applyTheme()V
05-29 15:53:59.883  8531  8550 D M_InsDal: Lcom/csipsimple/utils/PhoneCapabilityTester;--->getPriviledgedIntent(Ljava/lang/String;)Landroid/content/Intent;
05-29 15:53:59.883  8531  8531 D M_InsDal: Lcom/csipsimple/utils/Theme;--->getCurrentTheme(Landroid/content/Context;)Lcom/csipsimple/utils/Theme;
05-29 15:53:59.884  8531  8550 D M_InsDal: Lcom/csipsimple/utils/PhoneCapabilityTester;--->getPossibleActivities(Landroid/content/Context;Landroid/content/Intent;)Ljava/util/List;
05-29 15:53:59.884  8531  8531 D M_InsDal: Lcom/csipsimple/api/SipConfigManager;--->getPreferenceStringValue(Landroid/content/Context;Ljava/lang/String;)Ljava/lang/String;
05-29 15:53:59.884  8531  8551 D M_InsDal: Lcom/csipsimple/ui/SipHome$3;--->run()V
05-29 15:53:59.884  8531  8531 D M_InsDal: Lcom/csipsimple/api/SipConfigManager;--->getPreferenceStringValue(Landroid/content/Context;Ljava/lang/String;Ljava/lang/String;)Ljava/lang/String;
05-29 15:53:59.884  8531  8531 D M_InsDal: Lcom/csipsimple/api/SipConfigManager;--->getPrefUriForKey(Ljava/lang/String;)Landroid/net/Uri;
05-29 15:53:59.884  8531  8531 D M_InsDal: Lcom/csipsimple/service/PreferenceProvider;--->query(Landroid/net/Uri;[Ljava/lang/String;Ljava/lang/String;[Ljava/lang/String;Ljava/lang/String;)Landroid/database/Cursor;
05-29 15:53:59.884  8531  8531 D M_InsDal: Lcom/csipsimple/utils/PreferencesWrapper;--->getPreferenceStringValue(Ljava/lang/String;)Ljava/lang/String;
05-29 15:53:59.884  8531  8531 D M_InsDal: Lcom/csipsimple/utils/PreferencesWrapper;--->gPrefStringValue(Landroid/content/SharedPreferences;Ljava/lang/String;)Ljava/lang/String;
05-29 15:53:59.885  8531  8550 D M_InsDal: Lcom/csipsimple/utils/PhoneCapabilityTester;--->resolveActivitiesForPriviledgedCall(Landroid/content/Context;)Ljava/util/List;
05-29 15:53:59.885  8531  8550 D M_InsDal: Lcom/csipsimple/ui/SipHome;--->applyWarning(Ljava/lang/String;Z)V
05-29 15:53:59.886  8531  8550 D M_InsDal: Lcom/csipsimple/ui/warnings/WarningUtils;--->shouldWarnNoStun(Lcom/csipsimple/utils/PreferencesProviderWrapper;)Z
05-29 15:53:59.886  8531  8550 D M_InsDal: Lcom/csipsimple/ui/warnings/WarningUtils;--->getIgnoreKey(Ljava/lang/String;)Ljava/lang/String;
05-29 15:53:59.886  8531  8550 D M_InsDal: Lcom/csipsimple/utils/PreferencesProviderWrapper;--->getPreferenceBooleanValue(Ljava/lang/String;Z)Z
05-29 15:53:59.886  8531  8550 D M_InsDal: Lcom/csipsimple/api/SipConfigManager;--->getPreferenceBooleanValue(Landroid/content/Context;Ljava/lang/String;Ljava/lang/Boolean;)Ljava/lang/Boolean;
05-29 15:53:59.886  8531  8550 D M_InsDal: Lcom/csipsimple/api/SipConfigManager;--->getPrefUriForKey(Ljava/lang/String;)Landroid/net/Uri;
05-29 15:53:59.886  8531  8550 D M_InsDal: Lcom/csipsimple/service/PreferenceProvider;--->query(Landroid/net/Uri;[Ljava/lang/String;Ljava/lang/String;[Ljava/lang/String;Ljava/lang/String;)Landroid/database/Cursor;
05-29 15:53:59.886  8531  8550 D M_InsDal: Lcom/csipsimple/utils/PreferencesWrapper;--->getPreferenceBooleanValue(Ljava/lang/String;)Ljava/lang/Boolean;
05-29 15:53:59.886  8531  8550 D M_InsDal: Lcom/csipsimple/utils/PreferencesWrapper;--->gPrefBooleanValue(Landroid/content/SharedPreferences;Ljava/lang/String;)Ljava/lang/Boolean;
05-29 15:53:59.886  8531  8550 D M_InsDal: Lcom/csipsimple/utils/PreferencesProviderWrapper;--->getPreferenceBooleanValue(Ljava/lang/String;)Z
05-29 15:53:59.886  8531  8550 D M_InsDal: Lcom/csipsimple/api/SipConfigManager;--->getPreferenceBooleanValue(Landroid/content/Context;Ljava/lang/String;)Ljava/lang/Boolean;
05-29 15:53:59.886  8531  8550 D M_InsDal: Lcom/csipsimple/api/SipConfigManager;--->getPreferenceBooleanValue(Landroid/content/Context;Ljava/lang/String;Ljava/lang/Boolean;)Ljava/lang/Boolean;
05-29 15:53:59.886  8531  8550 D M_InsDal: Lcom/csipsimple/api/SipConfigManager;--->getPrefUriForKey(Ljava/lang/String;)Landroid/net/Uri;
05-29 15:53:59.886  8531  8550 D M_InsDal: Lcom/csipsimple/service/PreferenceProvider;--->query(Landroid/net/Uri;[Ljava/lang/String;Ljava/lang/String;[Ljava/lang/String;Ljava/lang/String;)Landroid/database/Cursor;
05-29 15:53:59.886  8531  8550 D M_InsDal: Lcom/csipsimple/utils/PreferencesWrapper;--->getPreferenceBooleanValue(Ljava/lang/String;)Ljava/lang/Boolean;
05-29 15:53:59.886  8531  8550 D M_InsDal: Lcom/csipsimple/utils/PreferencesWrapper;--->gPrefBooleanValue(Landroid/content/SharedPreferences;Ljava/lang/String;)Ljava/lang/Boolean;
05-29 15:53:59.886  8531  8550 D M_InsDal: Lcom/csipsimple/utils/PreferencesProviderWrapper;--->getPreferenceBooleanValue(Ljava/lang/String;)Z
05-29 15:53:59.886  8531  8550 D M_InsDal: Lcom/csipsimple/api/SipConfigManager;--->getPreferenceBooleanValue(Landroid/content/Context;Ljava/lang/String;)Ljava/lang/Boolean;
05-29 15:53:59.886  8531  8550 D M_InsDal: Lcom/csipsimple/api/SipConfigManager;--->getPreferenceBooleanValue(Landroid/content/Context;Ljava/lang/String;Ljava/lang/Boolean;)Ljava/lang/Boolean;
05-29 15:53:59.886  8531  8550 D M_InsDal: Lcom/csipsimple/api/SipConfigManager;--->getPrefUriForKey(Ljava/lang/String;)Landroid/net/Uri;
05-29 15:53:59.886  8531  8550 D M_InsDal: Lcom/csipsimple/service/PreferenceProvider;--->query(Landroid/net/Uri;[Ljava/lang/String;Ljava/lang/String;[Ljava/lang/String;Ljava/lang/String;)Landroid/database/Cursor;
05-29 15:53:59.886  8531  8550 D M_InsDal: Lcom/csipsimple/utils/PreferencesWrapper;--->getPreferenceBooleanValue(Ljava/lang/String;)Ljava/lang/Boolean;
05-29 15:53:59.886  8531  8550 D M_InsDal: Lcom/csipsimple/utils/PreferencesWrapper;--->gPrefBooleanValue(Landroid/content/SharedPreferences;Ljava/lang/String;)Ljava/lang/Boolean;
05-29 15:53:59.886  8531  8550 D M_InsDal: Lcom/csipsimple/ui/SipHome;--->applyWarning(Ljava/lang/String;Z)V
05-29 15:53:59.886  8531  8550 D M_InsDal: Lcom/csipsimple/ui/warnings/WarningUtils;--->shouldWarnVpnIcs(Lcom/csipsimple/utils/PreferencesProviderWrapper;)Z
05-29 15:53:59.886  8531  8550 D M_InsDal: Lcom/csipsimple/ui/warnings/WarningUtils;--->getIgnoreKey(Ljava/lang/String;)Ljava/lang/String;
05-29 15:53:59.886  8531  8550 D M_InsDal: Lcom/csipsimple/utils/PreferencesProviderWrapper;--->getPreferenceBooleanValue(Ljava/lang/String;Z)Z
05-29 15:53:59.886  8531  8550 D M_InsDal: Lcom/csipsimple/api/SipConfigManager;--->getPreferenceBooleanValue(Landroid/content/Context;Ljava/lang/String;Ljava/lang/Boolean;)Ljava/lang/Boolean;
05-29 15:53:59.886  8531  8550 D M_InsDal: Lcom/csipsimple/api/SipConfigManager;--->getPrefUriForKey(Ljava/lang/String;)Landroid/net/Uri;
05-29 15:53:59.887  8531  8550 D M_InsDal: Lcom/csipsimple/service/PreferenceProvider;--->query(Landroid/net/Uri;[Ljava/lang/String;Ljava/lang/String;[Ljava/lang/String;Ljava/lang/String;)Landroid/database/Cursor;
05-29 15:53:59.887  8531  8550 D M_InsDal: Lcom/csipsimple/utils/PreferencesWrapper;--->getPreferenceBooleanValue(Ljava/lang/String;)Ljava/lang/Boolean;
05-29 15:53:59.887  8531  8550 D M_InsDal: Lcom/csipsimple/utils/PreferencesWrapper;--->gPrefBooleanValue(Landroid/content/SharedPreferences;Ljava/lang/String;)Ljava/lang/Boolean;
05-29 15:53:59.887  8531  8550 D M_InsDal: Lcom/csipsimple/utils/Compatibility;--->isCompatible(I)Z
05-29 15:53:59.887  8531  8550 D M_InsDal: Lcom/csipsimple/utils/PreferencesProviderWrapper;--->getPreferenceIntegerValue(Ljava/lang/String;)I
05-29 15:53:59.887  8531  8550 D M_InsDal: Lcom/csipsimple/api/SipConfigManager;--->getPreferenceIntegerValue(Landroid/content/Context;Ljava/lang/String;)Ljava/lang/Integer;
05-29 15:53:59.887  8531  8550 D M_InsDal: Lcom/csipsimple/api/SipConfigManager;--->getPreferenceIntegerValue(Landroid/content/Context;Ljava/lang/String;Ljava/lang/Integer;)Ljava/lang/Integer;
05-29 15:53:59.887  8531  8550 D M_InsDal: Lcom/csipsimple/api/SipConfigManager;--->getPrefUriForKey(Ljava/lang/String;)Landroid/net/Uri;
05-29 15:53:59.887  8531  8550 D M_InsDal: Lcom/csipsimple/service/PreferenceProvider;--->query(Landroid/net/Uri;[Ljava/lang/String;Ljava/lang/String;[Ljava/lang/String;Ljava/lang/String;)Landroid/database/Cursor;
05-29 15:53:59.887  8531  8550 D M_InsDal: Lcom/csipsimple/utils/PreferencesWrapper;--->getPreferenceIntegerValue(Ljava/lang/String;)Ljava/lang/Integer;
05-29 15:53:59.887  8531  8550 D M_InsDal: Lcom/csipsimple/utils/PreferencesWrapper;--->getPreferenceStringValue(Ljava/lang/String;)Ljava/lang/String;
05-29 15:53:59.887  8531  8550 D M_InsDal: Lcom/csipsimple/utils/PreferencesWrapper;--->gPrefStringValue(Landroid/content/SharedPreferences;Ljava/lang/String;)Ljava/lang/String;
05-29 15:53:59.887  8531  8550 D M_InsDal: Lcom/csipsimple/utils/PreferencesProviderWrapper;--->getSystemProp(Ljava/lang/String;)Ljava/lang/String;
05-29 15:53:59.889  8531  8550 D M_InsDal: Lcom/csipsimple/utils/PreferencesProviderWrapper;--->getSystemProp(Ljava/lang/String;)Ljava/lang/String;
05-29 15:53:59.892  8531  8550 D M_InsDal: Lcom/csipsimple/ui/SipHome;--->applyWarning(Ljava/lang/String;Z)V
05-29 15:53:59.892  8531  8550 D M_InsDal: Lcom/csipsimple/ui/warnings/WarningUtils;--->shouldWarnSDCard(Landroid/content/Context;Lcom/csipsimple/utils/PreferencesProviderWrapper;)Z
05-29 15:53:59.892  8531  8550 D M_InsDal: Lcom/csipsimple/utils/Compatibility;--->isInstalledOnSdCard(Landroid/content/Context;)Z
05-29 15:53:59.892  8531  8550 D M_InsDal: Lcom/csipsimple/utils/Compatibility;--->isCompatible(I)Z
05-29 15:53:59.893  8531  8550 D M_InsDal: Lcom/csipsimple/ui/SipHome;--->applyWarning(Ljava/lang/String;Z)V
05-29 15:53:59.916  8531  8551 D M_InsDal: Lcom/csipsimple/ui/SipHome;--->postStartSipService()V
05-29 15:53:59.916  8531  8551 D M_InsDal: Lcom/csipsimple/utils/CustomDistribution;--->showFirstSettingScreen()Z
05-29 15:53:59.916  8531  8551 D M_InsDal: Lcom/csipsimple/utils/PreferencesProviderWrapper;--->getPreferenceBooleanValue(Ljava/lang/String;Z)Z
05-29 15:53:59.916  8531  8551 D M_InsDal: Lcom/csipsimple/api/SipConfigManager;--->getPreferenceBooleanValue(Landroid/content/Context;Ljava/lang/String;Ljava/lang/Boolean;)Ljava/lang/Boolean;
05-29 15:53:59.916  8531  8551 D M_InsDal: Lcom/csipsimple/api/SipConfigManager;--->getPrefUriForKey(Ljava/lang/String;)Landroid/net/Uri;
05-29 15:53:59.916  8531  8551 D M_InsDal: Lcom/csipsimple/service/PreferenceProvider;--->query(Landroid/net/Uri;[Ljava/lang/String;Ljava/lang/String;[Ljava/lang/String;Ljava/lang/String;)Landroid/database/Cursor;
05-29 15:53:59.917  8531  8551 D M_InsDal: Lcom/csipsimple/utils/PreferencesWrapper;--->getPreferenceBooleanValue(Ljava/lang/String;)Ljava/lang/Boolean;
05-29 15:53:59.917  8531  8551 D M_InsDal: Lcom/csipsimple/utils/PreferencesWrapper;--->gPrefBooleanValue(Landroid/content/SharedPreferences;Ljava/lang/String;)Ljava/lang/Boolean;
05-29 15:53:59.917  8531  8551 D M_InsDal: Lcom/csipsimple/api/SipProfile;---><clinit>()V
05-29 15:53:59.917  8531  8551 D M_InsDal: Lcom/csipsimple/api/SipProfile$1;---><init>()V
05-29 15:53:59.926  8531  8531 D M_InsDal: Lcom/csipsimple/ui/SipHome$1;--->run()V
05-29 15:53:59.926  8531  8531 D M_InsDal: Lcom/csipsimple/ui/SipHome;--->refreshWarningTabDisplay()V
05-29 15:53:59.926  8531  8531 D M_InsDal: Lcom/csipsimple/ui/SipHome$TabsAdapter;--->getPositionForId(I)Ljava/lang/Integer;
05-29 15:53:59.926  8531  8531 D M_InsDal: Lcom/csipsimple/ui/SipHome$1;--->run()V
05-29 15:53:59.926  8531  8531 D M_InsDal: Lcom/csipsimple/ui/SipHome;--->refreshWarningTabDisplay()V
05-29 15:53:59.926  8531  8531 D M_InsDal: Lcom/csipsimple/ui/SipHome$TabsAdapter;--->getPositionForId(I)Ljava/lang/Integer;
05-29 15:53:59.926  8531  8531 D M_InsDal: Lcom/csipsimple/ui/SipHome$1;--->run()V
05-29 15:53:59.926  8531  8531 D M_InsDal: Lcom/csipsimple/ui/SipHome;--->refreshWarningTabDisplay()V
05-29 15:53:59.926  8531  8531 D M_InsDal: Lcom/csipsimple/ui/SipHome$TabsAdapter;--->getPositionForId(I)Ljava/lang/Integer;
05-29 15:53:59.926  8531  8531 D M_InsDal: Lcom/csipsimple/ui/SipHome$1;--->run()V
05-29 15:53:59.926  8531  8531 D M_InsDal: Lcom/csipsimple/ui/SipHome;--->refreshWarningTabDisplay()V
05-29 15:53:59.926  8531  8531 D M_InsDal: Lcom/csipsimple/ui/SipHome$TabsAdapter;--->getPositionForId(I)Ljava/lang/Integer;
05-29 15:53:59.934  8531  8531 D M_InsDal: Lcom/csipsimple/ui/SipHome$TabsAdapter;--->getCount()I
05-29 15:53:59.934  8531  8531 D M_InsDal: Lcom/csipsimple/ui/SipHome$TabsAdapter;--->getItem(I)Landroid/support/v4/app/Fragment;
05-29 15:53:59.934  8531  8531 D M_InsDal: Lcom/csipsimple/ui/dialpad/DialerFragment;---><init>()V
05-29 15:53:59.935  8531  8531 D M_InsDal: Lcom/csipsimple/ui/dialpad/DialerFragment$1;---><init>(Lcom/csipsimple/ui/dialpad/DialerFragment;)V
05-29 15:53:59.935  8531  8531 D M_InsDal: Lcom/csipsimple/ui/dialpad/DialerFragment$2;---><init>(Lcom/csipsimple/ui/dialpad/DialerFragment;)V
05-29 15:53:59.935  8531  8531 D M_InsDal: Lcom/csipsimple/ui/dialpad/DialerFragment$3;---><init>(Lcom/csipsimple/ui/dialpad/DialerFragment;)V
05-29 15:53:59.935  8531  8531 D M_InsDal: Lcom/csipsimple/ui/SipHome$TabsAdapter;--->getItem(I)Landroid/support/v4/app/Fragment;
05-29 15:53:59.935  8531  8531 D M_InsDal: Lcom/csipsimple/ui/calllog/CallLogListFragment;---><init>()V
05-29 15:53:59.935  8531  8531 D M_InsDal: Lcom/csipsimple/widgets/CSSListFragment;---><init>()V
05-29 15:53:59.935  8531  8531 D M_InsDal: Lcom/csipsimple/ui/SipHome$TabsAdapter;--->getCount()I
05-29 15:53:59.935  8531  8531 D M_InsDal: Lcom/csipsimple/ui/dialpad/DialerFragment;--->onAttach(Landroid/app/Activity;)V
05-29 15:53:59.936  8531  8531 D M_InsDal: Lcom/csipsimple/utils/PreferencesWrapper;---><init>(Landroid/content/Context;)V
05-29 15:53:59.936  8531  8531 D M_InsDal: Lcom/csipsimple/utils/DialingFeedback;---><init>(Landroid/app/Activity;Z)V
05-29 15:53:59.936  8531  8531 D M_InsDal: Lcom/csipsimple/utils/PreferencesWrapper;---><init>(Landroid/content/Context;)V
05-29 15:53:59.936  8531  8531 D M_InsDal: Lcom/csipsimple/utils/DialingFeedback;--->resume()V
05-29 15:53:59.936  8531  8531 D M_InsDal: Lcom/csipsimple/utils/PreferencesWrapper;--->dialPressTone()Z
05-29 15:53:59.936  8531  8531 D M_InsDal: Lcom/csipsimple/utils/PreferencesWrapper;--->getPreferenceIntegerValue(Ljava/lang/String;)Ljava/lang/Integer;
05-29 15:53:59.936  8531  8531 D M_InsDal: Lcom/csipsimple/utils/PreferencesWrapper;--->getPreferenceStringValue(Ljava/lang/String;)Ljava/lang/String;
05-29 15:53:59.936  8531  8531 D M_InsDal: Lcom/csipsimple/utils/PreferencesWrapper;--->gPrefStringValue(Landroid/content/SharedPreferences;Ljava/lang/String;)Ljava/lang/String;
05-29 15:53:59.937  8531  8531 D M_InsDal: Lcom/csipsimple/utils/PreferencesWrapper;--->dialPressVibrate()Z
05-29 15:53:59.937  8531  8531 D M_InsDal: Lcom/csipsimple/utils/PreferencesWrapper;--->getPreferenceIntegerValue(Ljava/lang/String;)Ljava/lang/Integer;
05-29 15:53:59.937  8531  8531 D M_InsDal: Lcom/csipsimple/utils/PreferencesWrapper;--->getPreferenceStringValue(Ljava/lang/String;)Ljava/lang/String;
05-29 15:53:59.937  8531  8531 D M_InsDal: Lcom/csipsimple/utils/PreferencesWrapper;--->gPrefStringValue(Landroid/content/SharedPreferences;Ljava/lang/String;)Ljava/lang/String;
05-29 15:53:59.941  8531  8531 D M_InsDal: Lcom/csipsimple/ui/SipHome;--->onAttachFragment(Landroid/support/v4/app/Fragment;)V
05-29 15:53:59.941  8531  8531 D M_InsDal: Lcom/csipsimple/ui/SipHome$TabsAdapter;--->getIdForPosition(I)Ljava/lang/Integer;
05-29 15:53:59.941  8531  8531 D M_InsDal: Lcom/csipsimple/ui/dialpad/DialerFragment;--->onCreate(Landroid/os/Bundle;)V
05-29 15:53:59.944  8531  8531 D M_InsDal: Lcom/csipsimple/utils/contacts/ContactsSearchAdapter;---><init>(Landroid/content/Context;)V
05-29 15:53:59.944  8531  8531 D M_InsDal: Lcom/csipsimple/ui/dialpad/DialerFragment$OnAutoCompleteListItemClicked;---><init>(Lcom/csipsimple/ui/dialpad/DialerFragment;Lcom/csipsimple/utils/contacts/ContactsSearchAdapter;)V
05-29 15:53:59.944  8531  8531 D M_InsDal: Lcom/csipsimple/utils/PreferencesWrapper;--->startIsDigit()Z
05-29 15:53:59.944  8531  8531 D M_InsDal: Lcom/csipsimple/ui/dialpad/DialerFragment;--->onCreateView(Landroid/view/LayoutInflater;Landroid/view/ViewGroup;Landroid/os/Bundle;)Landroid/view/View;
05-29 15:53:59.945  8531  8531 D M_InsDal: Lcom/csipsimple/ui/dialpad/DialerLayout;---><init>(Landroid/content/Context;Landroid/util/AttributeSet;)V
05-29 15:53:59.945  8531  8531 D M_InsDal: Lcom/csipsimple/ui/dialpad/DialerLayout;--->init()V
05-29 15:53:59.947  8531  8531 D M_InsDal: Lcom/csipsimple/ui/dialpad/DigitsEditText;---><init>(Landroid/content/Context;Landroid/util/AttributeSet;)V
05-29 15:53:59.948  8531  8531 D M_InsDal: Lcom/csipsimple/ui/dialpad/DigitsEditText;--->isTextSelectable()Z
05-29 15:53:59.949  8531  8531 D M_InsDal: Lcom/csipsimple/ui/dialpad/DigitsEditText;--->onSelectionChanged(II)V
05-29 15:53:59.955  8531  8531 D M_InsDal: Lcom/csipsimple/widgets/AccountChooserButton;---><clinit>()V
05-29 15:53:59.955  8531  8531 D M_InsDal: Lcom/csipsimple/widgets/AccountChooserButton;---><init>(Landroid/content/Context;Landroid/util/AttributeSet;)V
05-29 15:53:59.956  8531  8531 D M_InsDal: Lcom/csipsimple/widgets/AccountChooserButton;--->setAccount(Lcom/csipsimple/api/SipProfile;)V
05-29 15:53:59.957  8531  8531 D M_InsDal: Lcom/csipsimple/utils/Compatibility;--->canMakeGSMCall(Landroid/content/Context;)Z
05-29 15:53:59.957  8531  8531 D M_InsDal: Lcom/csipsimple/utils/PreferencesWrapper;---><init>(Landroid/content/Context;)V
05-29 15:53:59.957  8531  8531 D M_InsDal: Lcom/csipsimple/utils/PreferencesWrapper;--->getGsmIntegrationType()I
05-29 15:53:59.957  8531  8531 D M_InsDal: Lcom/csipsimple/utils/PreferencesWrapper;--->getPreferenceStringValue(Ljava/lang/String;)Ljava/lang/String;
05-29 15:53:59.957  8531  8531 D M_InsDal: Lcom/csipsimple/utils/PreferencesWrapper;--->gPrefStringValue(Landroid/content/SharedPreferences;Ljava/lang/String;)Ljava/lang/String;
05-29 15:53:59.957  8531  8531 D M_InsDal: Lcom/csipsimple/utils/PhoneCapabilityTester;--->isPhone(Landroid/content/Context;)Z
05-29 15:53:59.958  8531  8531 D M_InsDal: Lcom/csipsimple/widgets/Dialpad;---><clinit>()V
05-29 15:53:59.959  8531  8531 D M_InsDal: Lcom/csipsimple/widgets/Dialpad;---><init>(Landroid/content/Context;Landroid/util/AttributeSet;)V
05-29 15:53:59.973  8531  8531 D M_InsDal: Lcom/csipsimple/widgets/Dialpad;--->onFinishInflate()V
05-29 15:53:59.974  8531  8531 D M_InsDal: Lcom/csipsimple/widgets/DialerCallBar;---><init>(Landroid/content/Context;Landroid/util/AttributeSet;)V
05-29 15:53:59.974  8531  8531 D M_InsDal: Lcom/csipsimple/widgets/DialerCallBar;---><init>(Landroid/content/Context;Landroid/util/AttributeSet;I)V
05-29 15:53:59.977  8531  8531 D M_InsDal: Lcom/csipsimple/ui/dialpad/DialerLayout;--->setForceNoList(Z)V
05-29 15:53:59.977  8531  8531 D M_InsDal: Lcom/csipsimple/widgets/AccountChooserButton;--->setShowExternals(Z)V
05-29 15:53:59.977  8531  8531 D M_InsDal: Lcom/csipsimple/widgets/AccountChooserButton;--->setOnAccountChangeListener(Lcom/csipsimple/widgets/AccountChooserButton$OnAccountChangeListener;)V
05-29 15:53:59.977  8531  8531 D M_InsDal: Lcom/csipsimple/widgets/Dialpad;--->setOnDialKeyListener(Lcom/csipsimple/widgets/Dialpad$OnDialKeyListener;)V
05-29 15:53:59.977  8531  8531 D M_InsDal: Lcom/csipsimple/widgets/DialerCallBar;--->setOnDialActionListener(Lcom/csipsimple/widgets/DialerCallBar$OnDialActionListener;)V
05-29 15:53:59.977  8531  8531 D M_InsDal: Lcom/csipsimple/utils/PreferencesWrapper;--->getPreferenceBooleanValue(Ljava/lang/String;)Ljava/lang/Boolean;
05-29 15:53:59.977  8531  8531 D M_InsDal: Lcom/csipsimple/utils/PreferencesWrapper;--->gPrefBooleanValue(Landroid/content/SharedPreferences;Ljava/lang/String;)Ljava/lang/Boolean;
05-29 15:53:59.977  8531  8531 D M_InsDal: Lcom/csipsimple/widgets/DialerCallBar;--->setVideoEnabled(Z)V
05-29 15:53:59.977  8531  8531 D M_InsDal: Lcom/csipsimple/ui/dialpad/DialerFragment;--->initButtons(Landroid/view/View;)V
05-29 15:53:59.977  8531  8531 D M_InsDal: Lcom/csipsimple/ui/dialpad/DialerFragment;--->attachButtonListener(Landroid/view/View;IZ)V
05-29 15:53:59.977  8531  8531 D M_InsDal: Lcom/csipsimple/ui/dialpad/DialerFragment;--->attachButtonListener(Landroid/view/View;IZ)V
05-29 15:53:59.977  8531  8531 D M_InsDal: Lcom/csipsimple/ui/dialpad/DialerFragment;--->afterTextChanged(Landroid/text/Editable;)V
05-29 15:53:59.977  8531  8531 D M_InsDal: Lcom/csipsimple/widgets/DialerCallBar;--->setEnabled(Z)V
05-29 15:53:59.977  8531  8531 D M_InsDal: Lcom/csipsimple/ui/dialpad/DialerFragment;--->hasAutocompleteList()Z
05-29 15:53:59.977  8531  8531 D M_InsDal: Lcom/csipsimple/ui/dialpad/DialerLayout;--->canShowList()Z
05-29 15:53:59.977  8531  8531 D M_InsDal: Lcom/csipsimple/ui/dialpad/DialerFragment;--->setTextDialing(ZZ)V
05-29 15:53:59.977  8531  8531 D M_InsDal: Lcom/csipsimple/ui/dialpad/DigitsEditText;--->setIsDigit(ZZ)V
05-29 15:53:59.977  8531  8531 D M_InsDal: Lcom/csipsimple/ui/dialpad/DialerFragment;--->hasAutocompleteList()Z
05-29 15:53:59.977  8531  8531 D M_InsDal: Lcom/csipsimple/ui/dialpad/DialerLayout;--->canShowList()Z
05-29 15:53:59.977  8531  8531 D M_InsDal: Lcom/csipsimple/ui/dialpad/DialerFragment;--->applyTheme(Landroid/view/View;)V
05-29 15:53:59.977  8531  8531 D M_InsDal: Lcom/csipsimple/utils/Theme;--->getCurrentTheme(Landroid/content/Context;)Lcom/csipsimple/utils/Theme;
05-29 15:53:59.977  8531  8531 D M_InsDal: Lcom/csipsimple/api/SipConfigManager;--->getPreferenceStringValue(Landroid/content/Context;Ljava/lang/String;)Ljava/lang/String;
05-29 15:53:59.977  8531  8531 D M_InsDal: Lcom/csipsimple/api/SipConfigManager;--->getPreferenceStringValue(Landroid/content/Context;Ljava/lang/String;Ljava/lang/String;)Ljava/lang/String;
05-29 15:53:59.977  8531  8531 D M_InsDal: Lcom/csipsimple/api/SipConfigManager;--->getPrefUriForKey(Ljava/lang/String;)Landroid/net/Uri;
05-29 15:53:59.977  8531  8531 D M_InsDal: Lcom/csipsimple/service/PreferenceProvider;--->query(Landroid/net/Uri;[Ljava/lang/String;Ljava/lang/String;[Ljava/lang/String;Ljava/lang/String;)Landroid/database/Cursor;
05-29 15:53:59.977  8531  8531 D M_InsDal: Lcom/csipsimple/utils/PreferencesWrapper;--->getPreferenceStringValue(Ljava/lang/String;)Ljava/lang/String;
05-29 15:53:59.977  8531  8531 D M_InsDal: Lcom/csipsimple/utils/PreferencesWrapper;--->gPrefStringValue(Landroid/content/SharedPreferences;Ljava/lang/String;)Ljava/lang/String;
05-29 15:53:59.978  8531  8531 D M_InsDal: Lcom/csipsimple/utils/Theme;--->fixRepeatableBackground(Landroid/view/View;)V
05-29 15:53:59.978  8531  8531 D M_InsDal: Lcom/csipsimple/utils/Theme;--->needRepeatableFix()Z
05-29 15:53:59.978  8531  8531 D M_InsDal: Lcom/csipsimple/utils/Compatibility;--->isCompatible(I)Z
05-29 15:53:59.978  8531  8531 D M_InsDal: Lcom/csipsimple/ui/dialpad/DigitsEditText;--->isTextSelectable()Z
05-29 15:53:59.978  8531  8531 D M_InsDal: Lcom/csipsimple/widgets/AccountChooserButton;--->onAttachedToWindow()V
05-29 15:53:59.978  8531  8531 D M_InsDal: Lcom/csipsimple/widgets/AccountChooserButton$AccountStatusContentObserver;---><init>(Lcom/csipsimple/widgets/AccountChooserButton;Landroid/os/Handler;)V
05-29 15:53:59.979  8531  8531 D M_InsDal: Lcom/csipsimple/widgets/AccountChooserButton;--->updateRegistration()V
05-29 15:53:59.994  8555  8555 D M_InsDal: Lcom/csipsimple/db/DBProvider;---><clinit>()V
05-29 15:53:59.994  8555  8555 D M_InsDal: Lcom/csipsimple/db/DBProvider;---><init>()V
05-29 15:53:59.994  8555  8555 D M_InsDal: Lcom/csipsimple/db/DBProvider;--->onCreate()Z
05-29 15:53:59.995  8555  8555 D M_InsDal: Lcom/csipsimple/db/DBAdapter$DatabaseHelper;---><init>(Landroid/content/Context;)V
05-29 15:53:59.995  8555  8574 D M_InsDal: Lcom/csipsimple/db/DBProvider;--->query(Landroid/net/Uri;[Ljava/lang/String;Ljava/lang/String;[Ljava/lang/String;Ljava/lang/String;)Landroid/database/Cursor;
05-29 15:53:59.996  8555  8555 D M_InsDal: Lcom/csipsimple/service/SipService;---><clinit>()V
05-29 15:53:59.996  8555  8555 D M_InsDal: Lcom/csipsimple/service/SipService;---><init>()V
05-29 15:53:59.996  8555  8573 D M_InsDal: Lcom/csipsimple/db/DBProvider;--->query(Landroid/net/Uri;[Ljava/lang/String;Ljava/lang/String;[Ljava/lang/String;Ljava/lang/String;)Landroid/database/Cursor;
05-29 15:53:59.996  8555  8555 D M_InsDal: Lcom/csipsimple/service/SipService$1;---><init>(Lcom/csipsimple/service/SipService;)V
05-29 15:53:59.996  8555  8555 D M_InsDal: Lcom/csipsimple/api/ISipService$Stub;---><init>()V
05-29 15:53:59.996  8555  8555 D M_InsDal: Lcom/csipsimple/service/SipService$2;---><init>(Lcom/csipsimple/service/SipService;)V
05-29 15:53:59.996  8555  8555 D M_InsDal: Lcom/csipsimple/api/ISipConfiguration$Stub;---><init>()V
05-29 15:53:59.996  8555  8555 D M_InsDal: Lcom/csipsimple/service/SipService$ServiceHandler;---><init>(Lcom/csipsimple/service/SipService;)V
05-29 15:53:59.996  8555  8555 D M_InsDal: Lcom/csipsimple/api/SipManager$PresenceStatus;---><clinit>()V
05-29 15:53:59.996  8555  8555 D M_InsDal: Lcom/csipsimple/api/SipManager$PresenceStatus;---><init>(Ljava/lang/String;I)V
05-29 15:53:59.996  8555  8555 D M_InsDal: Lcom/csipsimple/api/SipManager$PresenceStatus;---><init>(Ljava/lang/String;I)V
05-29 15:53:59.996  8555  8555 D M_InsDal: Lcom/csipsimple/service/SipService;--->onCreate()V
05-29 15:53:59.996  8555  8555 D M_InsDal: Lcom/csipsimple/utils/Log;---><clinit>()V
05-29 15:53:59.996  8555  8555 D M_InsDal: Lcom/csipsimple/utils/Log;--->i(Ljava/lang/String;Ljava/lang/String;)V
05-29 15:53:59.996  8555  8555 D M_InsDal: Lcom/csipsimple/utils/PreferencesProviderWrapper;---><init>(Landroid/content/Context;)V
05-29 15:53:59.996  8555  8555 D M_InsDal: Lcom/csipsimple/utils/PreferencesProviderWrapper;--->getLogLevel()I
05-29 15:53:59.997  8555  8555 D M_InsDal: Lcom/csipsimple/api/SipConfigManager;---><clinit>()V
05-29 15:53:59.997  8555  8555 D M_InsDal: Lcom/csipsimple/api/SipConfigManager;--->getPreferenceIntegerValue(Landroid/content/Context;Ljava/lang/String;Ljava/lang/Integer;)Ljava/lang/Integer;
05-29 15:53:59.997  8555  8555 D M_InsDal: Lcom/csipsimple/api/SipConfigManager;--->getPrefUriForKey(Ljava/lang/String;)Landroid/net/Uri;
05-29 15:53:59.997  8531  8546 D M_InsDal: Lcom/csipsimple/service/PreferenceProvider;--->query(Landroid/net/Uri;[Ljava/lang/String;Ljava/lang/String;[Ljava/lang/String;Ljava/lang/String;)Landroid/database/Cursor;
05-29 15:53:59.997  8531  8546 D M_InsDal: Lcom/csipsimple/utils/PreferencesWrapper;--->getPreferenceIntegerValue(Ljava/lang/String;)Ljava/lang/Integer;
05-29 15:53:59.997  8531  8546 D M_InsDal: Lcom/csipsimple/utils/PreferencesWrapper;--->getPreferenceStringValue(Ljava/lang/String;)Ljava/lang/String;
05-29 15:53:59.997  8531  8546 D M_InsDal: Lcom/csipsimple/utils/PreferencesWrapper;--->gPrefStringValue(Landroid/content/SharedPreferences;Ljava/lang/String;)Ljava/lang/String;
05-29 15:53:59.999  8555  8555 D M_InsDal: Lcom/csipsimple/utils/Log;--->setLogLevel(I)V
05-29 15:53:59.999  8531  8531 D M_InsDal: Lcom/csipsimple/widgets/AccountChooserButton;--->setAccount(Lcom/csipsimple/api/SipProfile;)V
05-29 15:53:59.999  8531  8531 D M_InsDal: Lcom/csipsimple/utils/Compatibility;--->canMakeGSMCall(Landroid/content/Context;)Z
05-29 15:53:59.999  8531  8531 D M_InsDal: Lcom/csipsimple/utils/PreferencesWrapper;---><init>(Landroid/content/Context;)V
05-29 15:53:59.999  8531  8531 D M_InsDal: Lcom/csipsimple/utils/PreferencesWrapper;--->getGsmIntegrationType()I
05-29 15:53:59.999  8531  8531 D M_InsDal: Lcom/csipsimple/utils/PreferencesWrapper;--->getPreferenceStringValue(Ljava/lang/String;)Ljava/lang/String;
05-29 15:53:59.999  8531  8531 D M_InsDal: Lcom/csipsimple/utils/PreferencesWrapper;--->gPrefStringValue(Landroid/content/SharedPreferences;Ljava/lang/String;)Ljava/lang/String;
05-29 15:53:59.999  8531  8531 D M_InsDal: Lcom/csipsimple/utils/PhoneCapabilityTester;--->isPhone(Landroid/content/Context;)Z
05-29 15:53:59.999  8555  8555 D M_InsDal: Lcom/csipsimple/service/SipNotifications;---><clinit>()V
05-29 15:53:59.999  8531  8531 D M_InsDal: Lcom/csipsimple/ui/dialpad/DialerFragment$3;--->onChooseAccount(Lcom/csipsimple/api/SipProfile;)V
05-29 15:53:59.999  8531  8531 D M_InsDal: Lcom/csipsimple/utils/contacts/ContactsSearchAdapter;--->setSelectedAccount(J)V
05-29 15:53:59.999  8555  8555 D M_InsDal: Lcom/csipsimple/service/SipNotifications;---><init>(Landroid/content/Context;)V
05-29 15:53:59.999  8555  8555 D M_InsDal: Lcom/csipsimple/service/SipNotifications;--->cancelAll()V
05-29 15:53:59.999  8555  8555 D M_InsDal: Lcom/csipsimple/service/SipNotifications;--->cancelMessages()V
05-29 15:53:59.999  8531  8531 D M_InsDal: Lcom/csipsimple/ui/dialpad/DialerFragment;--->onResume()V
05-29 15:53:59.999  8531  8531 D M_InsDal: Lcom/csipsimple/utils/PreferencesWrapper;--->getPreferenceBooleanValue(Ljava/lang/String;)Ljava/lang/Boolean;
05-29 15:53:59.999  8531  8531 D M_InsDal: Lcom/csipsimple/utils/PreferencesWrapper;--->gPrefBooleanValue(Landroid/content/SharedPreferences;Ljava/lang/String;)Ljava/lang/Boolean;
05-29 15:53:59.999  8531  8531 D M_InsDal: Lcom/csipsimple/widgets/DialerCallBar;--->setVideoEnabled(Z)V
05-29 15:53:59.999  8531  8531 D M_InsDal: Lcom/csipsimple/ui/SipHome;--->onAttachFragment(Landroid/support/v4/app/Fragment;)V
05-29 15:53:59.999  8531  8531 D M_InsDal: Lcom/csipsimple/ui/SipHome$TabsAdapter;--->getIdForPosition(I)Ljava/lang/Integer;
05-29 15:53:59.999  8531  8531 D M_InsDal: Lcom/csipsimple/ui/calllog/CallLogListFragment;--->onCreateView(Landroid/view/LayoutInflater;Landroid/view/ViewGroup;Landroid/os/Bundle;)Landroid/view/View;
05-29 15:54:00.000  8555  8555 D M_InsDal: Lcom/csipsimple/service/SipNotifications;--->cancelMissedCalls()V
05-29 15:54:00.000  8555  8555 D M_InsDal: Lcom/csipsimple/service/SipNotifications;--->cancelVoicemails()V
05-29 15:54:00.000  8555  8555 D M_InsDal: Lcom/csipsimple/service/SipNotifications;--->cancelCalls()V
05-29 15:54:00.000  8531  8551 D M_InsDal: Lcom/csipsimple/utils/CustomDistribution;--->getCustomDistributionWizard()Lcom/csipsimple/wizards/WizardUtils$WizardInfo;
05-29 15:54:00.001  8555  8555 D M_InsDal: Lcom/csipsimple/utils/Compatibility;--->isCompatible(I)Z
05-29 15:54:00.001  8555  8555 D M_InsDal: Lcom/csipsimple/service/SipNotifications;--->onServiceCreate()V
05-29 15:54:00.001  8555  8555 D M_InsDal: Lcom/csipsimple/service/SipWakeLock;---><init>(Landroid/os/PowerManager;)V
05-29 15:54:00.001  8555  8555 D M_InsDal: Lcom/csipsimple/utils/PreferencesProviderWrapper;--->getPreferenceBooleanValue(Ljava/lang/String;Z)Z
05-29 15:54:00.001  8555  8555 D M_InsDal: Lcom/csipsimple/api/SipConfigManager;--->getPreferenceBooleanValue(Landroid/content/Context;Ljava/lang/String;Ljava/lang/Boolean;)Ljava/lang/Boolean;
05-29 15:54:00.001  8555  8555 D M_InsDal: Lcom/csipsimple/api/SipConfigManager;--->getPrefUriForKey(Ljava/lang/String;)Landroid/net/Uri;
05-29 15:54:00.001  8531  8546 D M_InsDal: Lcom/csipsimple/service/PreferenceProvider;--->query(Landroid/net/Uri;[Ljava/lang/String;Ljava/lang/String;[Ljava/lang/String;Ljava/lang/String;)Landroid/database/Cursor;
05-29 15:54:00.001  8531  8546 D M_InsDal: Lcom/csipsimple/utils/PreferencesWrapper;--->getPreferenceBooleanValue(Ljava/lang/String;)Ljava/lang/Boolean;
05-29 15:54:00.001  8531  8546 D M_InsDal: Lcom/csipsimple/utils/PreferencesWrapper;--->gPrefBooleanValue(Landroid/content/SharedPreferences;Ljava/lang/String;)Ljava/lang/Boolean;
05-29 15:54:00.003  8531  8531 D M_InsDal: Lcom/csipsimple/ui/calllog/CallLogListFragment;--->onViewCreated(Landroid/view/View;Landroid/os/Bundle;)V
05-29 15:54:00.003  8531  8531 D M_InsDal: Lcom/csipsimple/ui/calllog/CallLogListFragment$1;---><init>(Lcom/csipsimple/ui/calllog/CallLogListFragment;)V
05-29 15:54:00.003  8531  8531 D M_InsDal: Lcom/csipsimple/widgets/CSSListFragment;--->onActivityCreated(Landroid/os/Bundle;)V
05-29 15:54:00.003  8531  8531 D M_InsDal: Lcom/csipsimple/ui/calllog/CallLogListFragment;--->onActivityCreated(Landroid/os/Bundle;)V
05-29 15:54:00.003  8531  8531 D M_InsDal: Lcom/csipsimple/ui/dialpad/DialerLayout;--->onMeasure(II)V
05-29 15:54:00.004  8531  8531 D M_InsDal: Lcom/csipsimple/ui/dialpad/DigitsEditText;--->isTextSelectable()Z
05-29 15:54:00.005  8531  8531 D M_InsDal: Lcom/csipsimple/widgets/Dialpad;--->onMeasure(II)V
05-29 15:54:00.006  8555  8555 D M_InsDal: Lcom/csipsimple/utils/Log;--->d(Ljava/lang/String;Ljava/lang/String;)V
05-29 15:54:00.006  8555  8555 D M_InsDal: Lcom/csipsimple/service/PresenceManager;---><clinit>()V
05-29 15:54:00.006  8555  8555 D M_InsDal: Lcom/csipsimple/service/PresenceManager;---><init>()V
05-29 15:54:00.006  8555  8555 D M_InsDal: Lcom/csipsimple/service/SipService;--->onBind(Landroid/content/Intent;)Landroid/os/IBinder;
05-29 15:54:00.006  8555  8555 D M_InsDal: Lcom/csipsimple/utils/Log;--->d(Ljava/lang/String;Ljava/lang/String;)V
05-29 15:54:00.006  8555  8555 D M_InsDal: Lcom/csipsimple/utils/Log;--->d(Ljava/lang/String;Ljava/lang/String;)V
05-29 15:54:00.006  8555  8555 D M_InsDal: Lcom/csipsimple/service/SipService;--->onStart(Landroid/content/Intent;I)V
05-29 15:54:00.006  8555  8555 D M_InsDal: Lcom/csipsimple/service/SipService;--->registerForOutgoing(Landroid/content/ComponentName;)V
05-29 15:54:00.006  8555  8555 D M_InsDal: Lcom/csipsimple/service/SipService;--->isConnectivityValid()Z
05-29 15:54:00.006  8555  8555 D M_InsDal: Lcom/csipsimple/utils/PreferencesProviderWrapper;--->getPreferenceBooleanValue(Ljava/lang/String;Z)Z
05-29 15:54:00.006  8555  8555 D M_InsDal: Lcom/csipsimple/api/SipConfigManager;--->getPreferenceBooleanValue(Landroid/content/Context;Ljava/lang/String;Ljava/lang/Boolean;)Ljava/lang/Boolean;
05-29 15:54:00.006  8555  8555 D M_InsDal: Lcom/csipsimple/api/SipConfigManager;--->getPrefUriForKey(Ljava/lang/String;)Landroid/net/Uri;
05-29 15:54:00.006  8531  8546 D M_InsDal: Lcom/csipsimple/service/PreferenceProvider;--->query(Landroid/net/Uri;[Ljava/lang/String;Ljava/lang/String;[Ljava/lang/String;Ljava/lang/String;)Landroid/database/Cursor;
05-29 15:54:00.007  8531  8546 D M_InsDal: Lcom/csipsimple/utils/PreferencesWrapper;--->getPreferenceBooleanValue(Ljava/lang/String;)Ljava/lang/Boolean;
05-29 15:54:00.007  8531  8546 D M_InsDal: Lcom/csipsimple/utils/PreferencesWrapper;--->gPrefBooleanValue(Landroid/content/SharedPreferences;Ljava/lang/String;)Ljava/lang/Boolean;
05-29 15:54:00.008  8555  8555 D M_InsDal: Lcom/csipsimple/utils/PreferencesProviderWrapper;--->isValidConnectionForIncoming()Z
05-29 15:54:00.008  8555  8555 D M_InsDal: Lcom/csipsimple/utils/PreferencesProviderWrapper;--->isValidConnectionFor(Landroid/net/NetworkInfo;Ljava/lang/String;)Z
05-29 15:54:00.008  8555  8555 D M_InsDal: Lcom/csipsimple/utils/PreferencesProviderWrapper;--->isValidWifiConnectionFor(Landroid/net/NetworkInfo;Ljava/lang/String;)Z
05-29 15:54:00.008  8555  8555 D M_InsDal: Lcom/csipsimple/utils/PreferencesProviderWrapper;--->getPreferenceBooleanValue(Ljava/lang/String;Z)Z
05-29 15:54:00.008  8555  8555 D M_InsDal: Lcom/csipsimple/api/SipConfigManager;--->getPreferenceBooleanValue(Landroid/content/Context;Ljava/lang/String;Ljava/lang/Boolean;)Ljava/lang/Boolean;
05-29 15:54:00.008  8555  8555 D M_InsDal: Lcom/csipsimple/api/SipConfigManager;--->getPrefUriForKey(Ljava/lang/String;)Landroid/net/Uri;
05-29 15:54:00.008  8531  8531 D M_InsDal: Lcom/csipsimple/ui/SipHome$TabsAdapter;--->getCount()I
05-29 15:54:00.008  8531  8531 D M_InsDal: Lcom/csipsimple/ui/SipHome$TabsAdapter;--->getCount()I
05-29 15:54:00.008  8531  8531 D M_InsDal: Lcom/csipsimple/ui/dialpad/DialerLayout;--->onMeasure(II)V
05-29 15:54:00.008  8531  8546 D M_InsDal: Lcom/csipsimple/service/PreferenceProvider;--->query(Landroid/net/Uri;[Ljava/lang/String;Ljava/lang/String;[Ljava/lang/String;Ljava/lang/String;)Landroid/database/Cursor;
05-29 15:54:00.008  8531  8531 D M_InsDal: Lcom/csipsimple/widgets/Dialpad;--->onMeasure(II)V
05-29 15:54:00.008  8531  8546 D M_InsDal: Lcom/csipsimple/utils/PreferencesWrapper;--->getPreferenceBooleanValue(Ljava/lang/String;)Ljava/lang/Boolean;
05-29 15:54:00.008  8531  8546 D M_InsDal: Lcom/csipsimple/utils/PreferencesWrapper;--->gPrefBooleanValue(Landroid/content/SharedPreferences;Ljava/lang/String;)Ljava/lang/Boolean;
05-29 15:54:00.008  8531  8531 D M_InsDal: Lcom/csipsimple/ui/SipHome$TabsAdapter;--->getCount()I
05-29 15:54:00.008  8531  8531 D M_InsDal: Lcom/csipsimple/ui/SipHome$TabsAdapter;--->getCount()I
05-29 15:54:00.008  8531  8531 D M_InsDal: Lcom/csipsimple/ui/dialpad/DialerLayout;--->onMeasure(II)V
05-29 15:54:00.008  8531  8531 D M_InsDal: Lcom/csipsimple/widgets/Dialpad;--->onMeasure(II)V
05-29 15:54:00.009  8531  8531 D M_InsDal: Lcom/csipsimple/ui/dialpad/DigitsEditText;--->onLayout(ZIIII)V
05-29 15:54:00.009  8531  8531 D M_InsDal: Lcom/csipsimple/ui/dialpad/DigitsEditText;--->setIsDigit(ZZ)V
05-29 15:54:00.010  8555  8555 D M_InsDal: Lcom/csipsimple/utils/Log;--->d(Ljava/lang/String;Ljava/lang/String;)V
05-29 15:54:00.010  8555  8555 D M_InsDal: Lcom/csipsimple/utils/PreferencesProviderWrapper;--->isValidConnectionForOutgoing()Z
05-29 15:54:00.010  8555  8555 D M_InsDal: Lcom/csipsimple/utils/PreferencesProviderWrapper;--->getPreferenceBooleanValue(Ljava/lang/String;Z)Z
05-29 15:54:00.010  8555  8555 D M_InsDal: Lcom/csipsimple/api/SipConfigManager;--->getPreferenceBooleanValue(Landroid/content/Context;Ljava/lang/String;Ljava/lang/Boolean;)Ljava/lang/Boolean;
05-29 15:54:00.010  8555  8555 D M_InsDal: Lcom/csipsimple/api/SipConfigManager;--->getPrefUriForKey(Ljava/lang/String;)Landroid/net/Uri;
05-29 15:54:00.010  8531  8531 D M_InsDal: Lcom/csipsimple/ui/dialpad/DigitsEditText;--->onFocusChanged(ZILandroid/graphics/Rect;)V
05-29 15:54:00.010  8531  8546 D M_InsDal: Lcom/csipsimple/service/PreferenceProvider;--->query(Landroid/net/Uri;[Ljava/lang/String;Ljava/lang/String;[Ljava/lang/String;Ljava/lang/String;)Landroid/database/Cursor;
05-29 15:54:00.010  8531  8531 D M_InsDal: Lcom/csipsimple/ui/dialpad/DigitsEditText;--->isTextSelectable()Z
05-29 15:54:00.010  8531  8546 D M_InsDal: Lcom/csipsimple/utils/PreferencesWrapper;--->getPreferenceBooleanValue(Ljava/lang/String;)Ljava/lang/Boolean;
