--------- beginning of system
--------- beginning of main
05-29 16:08:03.548 12060 12060 D M_InsDal: Lcom/csipsimple/service/PreferenceProvider;---><clinit>()V
05-29 16:08:03.549 12060 12060 D M_InsDal: Lcom/csipsimple/service/PreferenceProvider;---><init>()V
05-29 16:08:03.549 12060 12060 D M_InsDal: Lcom/csipsimple/service/PreferenceProvider;--->onCreate()Z
05-29 16:08:03.549 12060 12060 D M_InsDal: Lcom/csipsimple/utils/PreferencesWrapper;---><clinit>()V
05-29 16:08:03.549 12060 12060 D M_InsDal: Lcom/csipsimple/utils/PreferencesWrapper$1;---><init>()V
05-29 16:08:03.549 12060 12060 D M_InsDal: Lcom/csipsimple/utils/CustomDistribution;--->getUserAgent()Ljava/lang/String;
05-29 16:08:03.549 12060 12060 D M_InsDal: Lcom/csipsimple/utils/PreferencesWrapper$2;---><init>()V
05-29 16:08:03.550 12060 12060 D M_InsDal: Lcom/csipsimple/utils/PreferencesWrapper$3;---><init>()V
05-29 16:08:03.550 12060 12060 D M_InsDal: Lcom/csipsimple/utils/PreferencesWrapper;---><init>(Landroid/content/Context;)V
05-29 16:08:03.550 12060 12060 D M_InsDal: Lcom/csipsimple/utils/PreferencesWrapper;--->needUpgrade()Ljava/lang/Integer;
05-29 16:08:03.550 12060 12060 D M_InsDal: Lcom/csipsimple/utils/PreferencesProviderWrapper;--->getCurrentPackageInfos(Landroid/content/Context;)Landroid/content/pm/PackageInfo;
05-29 16:08:03.551 12060 12060 D M_InsDal: Lcom/csipsimple/utils/Log;---><clinit>()V
05-29 16:08:03.551 12060 12060 D M_InsDal: Lcom/csipsimple/utils/Log;--->d(Ljava/lang/String;Ljava/lang/String;)V
05-29 16:08:03.551 12060 12060 D M_InsDal: Lcom/csipsimple/utils/Log;--->d(Ljava/lang/String;Ljava/lang/String;)V
05-29 16:08:03.551 12060 12060 D M_InsDal: Lcom/csipsimple/utils/Compatibility;--->getApiLevel()I
05-29 16:08:03.556 12060 12060 D M_InsDal: Lcom/csipsimple/ui/incall/InCallMediaControl;---><init>()V
05-29 16:08:03.556 12060 12060 D M_InsDal: Lcom/csipsimple/ui/incall/InCallMediaControl$1;---><init>(Lcom/csipsimple/ui/incall/InCallMediaControl;)V
05-29 16:08:03.557 12060 12060 D M_InsDal: Lcom/csipsimple/ui/incall/InCallMediaControl$2;---><init>(Lcom/csipsimple/ui/incall/InCallMediaControl;)V
05-29 16:08:03.560 12060 12060 D M_InsDal: Lcom/csipsimple/ui/incall/InCallMediaControl;--->onCreate(Landroid/os/Bundle;)V
05-29 16:08:03.576 12060 12060 D M_InsDal: Lcom/csipsimple/ui/incall/InCallMediaControl;--->onResume()V
05-29 16:08:03.578 12060 12060 D M_InsDal: Lcom/csipsimple/ui/incall/InCallMediaControl$MonitorThread;---><init>(Lcom/csipsimple/ui/incall/InCallMediaControl;)V
05-29 16:08:03.579 12060 12079 D M_InsDal: Lcom/csipsimple/ui/incall/InCallMediaControl$MonitorThread;--->run()V
05-29 16:08:03.680 12080 12080 D M_InsDal: Lcom/csipsimple/db/DBProvider;---><clinit>()V
05-29 16:08:03.681 12080 12080 D M_InsDal: Lcom/csipsimple/db/DBProvider;---><init>()V
05-29 16:08:03.681 12080 12080 D M_InsDal: Lcom/csipsimple/db/DBProvider;--->onCreate()Z
05-29 16:08:03.681 12080 12080 D M_InsDal: Lcom/csipsimple/db/DBAdapter$DatabaseHelper;---><init>(Landroid/content/Context;)V
05-29 16:08:03.682 12080 12080 D M_InsDal: Lcom/csipsimple/service/SipService;---><clinit>()V
05-29 16:08:03.682 12080 12080 D M_InsDal: Lcom/csipsimple/service/SipService;---><init>()V
05-29 16:08:03.682 12080 12080 D M_InsDal: Lcom/csipsimple/service/SipService$1;---><init>(Lcom/csipsimple/service/SipService;)V
05-29 16:08:03.682 12080 12080 D M_InsDal: Lcom/csipsimple/api/ISipService$Stub;---><init>()V
05-29 16:08:03.682 12080 12080 D M_InsDal: Lcom/csipsimple/service/SipService$2;---><init>(Lcom/csipsimple/service/SipService;)V
05-29 16:08:03.682 12080 12080 D M_InsDal: Lcom/csipsimple/api/ISipConfiguration$Stub;---><init>()V
05-29 16:08:03.682 12080 12080 D M_InsDal: Lcom/csipsimple/service/SipService$ServiceHandler;---><init>(Lcom/csipsimple/service/SipService;)V
05-29 16:08:03.683 12080 12080 D M_InsDal: Lcom/csipsimple/api/SipManager$PresenceStatus;---><clinit>()V
05-29 16:08:03.683 12080 12080 D M_InsDal: Lcom/csipsimple/api/SipManager$PresenceStatus;---><init>(Ljava/lang/String;I)V
05-29 16:08:03.683 12080 12080 D M_InsDal: Lcom/csipsimple/api/SipManager$PresenceStatus;---><init>(Ljava/lang/String;I)V
05-29 16:08:03.683 12080 12080 D M_InsDal: Lcom/csipsimple/service/SipService;--->onCreate()V
05-29 16:08:03.683 12080 12080 D M_InsDal: Lcom/csipsimple/utils/Log;---><clinit>()V
05-29 16:08:03.683 12080 12080 D M_InsDal: Lcom/csipsimple/utils/Log;--->i(Ljava/lang/String;Ljava/lang/String;)V
05-29 16:08:03.683 12080 12080 D M_InsDal: Lcom/csipsimple/utils/PreferencesProviderWrapper;---><init>(Landroid/content/Context;)V
05-29 16:08:03.683 12080 12080 D M_InsDal: Lcom/csipsimple/utils/PreferencesProviderWrapper;--->getLogLevel()I
05-29 16:08:03.684 12080 12080 D M_InsDal: Lcom/csipsimple/api/SipConfigManager;---><clinit>()V
05-29 16:08:03.684 12080 12080 D M_InsDal: Lcom/csipsimple/api/SipConfigManager;--->getPreferenceIntegerValue(Landroid/content/Context;Ljava/lang/String;Ljava/lang/Integer;)Ljava/lang/Integer;
05-29 16:08:03.684 12080 12080 D M_InsDal: Lcom/csipsimple/api/SipConfigManager;--->getPrefUriForKey(Ljava/lang/String;)Landroid/net/Uri;
05-29 16:08:03.685 12060 12073 D M_InsDal: Lcom/csipsimple/service/PreferenceProvider;--->query(Landroid/net/Uri;[Ljava/lang/String;Ljava/lang/String;[Ljava/lang/String;Ljava/lang/String;)Landroid/database/Cursor;
05-29 16:08:03.685 12060 12073 D M_InsDal: Lcom/csipsimple/utils/PreferencesWrapper;--->getPreferenceIntegerValue(Ljava/lang/String;)Ljava/lang/Integer;
05-29 16:08:03.685 12060 12073 D M_InsDal: Lcom/csipsimple/utils/PreferencesWrapper;--->getPreferenceStringValue(Ljava/lang/String;)Ljava/lang/String;
05-29 16:08:03.685 12060 12073 D M_InsDal: Lcom/csipsimple/utils/PreferencesWrapper;--->gPrefStringValue(Landroid/content/SharedPreferences;Ljava/lang/String;)Ljava/lang/String;
05-29 16:08:03.687 12080 12080 D M_InsDal: Lcom/csipsimple/utils/Log;--->setLogLevel(I)V
05-29 16:08:03.687 12080 12080 D M_InsDal: Lcom/csipsimple/service/SipNotifications;---><clinit>()V
05-29 16:08:03.687 12080 12080 D M_InsDal: Lcom/csipsimple/service/SipNotifications;---><init>(Landroid/content/Context;)V
05-29 16:08:03.687 12080 12080 D M_InsDal: Lcom/csipsimple/service/SipNotifications;--->cancelAll()V
05-29 16:08:03.687 12080 12080 D M_InsDal: Lcom/csipsimple/service/SipNotifications;--->cancelMessages()V
05-29 16:08:03.687 12080 12080 D M_InsDal: Lcom/csipsimple/service/SipNotifications;--->cancelMissedCalls()V
05-29 16:08:03.687 12080 12080 D M_InsDal: Lcom/csipsimple/service/SipNotifications;--->cancelVoicemails()V
05-29 16:08:03.687 12080 12080 D M_InsDal: Lcom/csipsimple/service/SipNotifications;--->cancelCalls()V
05-29 16:08:03.688 12080 12080 D M_InsDal: Lcom/csipsimple/utils/Compatibility;--->isCompatible(I)Z
05-29 16:08:03.688 12080 12080 D M_InsDal: Lcom/csipsimple/service/SipNotifications;--->onServiceCreate()V
05-29 16:08:03.688 12080 12080 D M_InsDal: Lcom/csipsimple/service/SipWakeLock;---><init>(Landroid/os/PowerManager;)V
05-29 16:08:03.688 12080 12080 D M_InsDal: Lcom/csipsimple/utils/PreferencesProviderWrapper;--->getPreferenceBooleanValue(Ljava/lang/String;Z)Z
05-29 16:08:03.688 12080 12080 D M_InsDal: Lcom/csipsimple/api/SipConfigManager;--->getPreferenceBooleanValue(Landroid/content/Context;Ljava/lang/String;Ljava/lang/Boolean;)Ljava/lang/Boolean;
05-29 16:08:03.688 12080 12080 D M_InsDal: Lcom/csipsimple/api/SipConfigManager;--->getPrefUriForKey(Ljava/lang/String;)Landroid/net/Uri;
05-29 16:08:03.688 12060 12073 D M_InsDal: Lcom/csipsimple/service/PreferenceProvider;--->query(Landroid/net/Uri;[Ljava/lang/String;Ljava/lang/String;[Ljava/lang/String;Ljava/lang/String;)Landroid/database/Cursor;
05-29 16:08:03.688 12060 12073 D M_InsDal: Lcom/csipsimple/utils/PreferencesWrapper;--->getPreferenceBooleanValue(Ljava/lang/String;)Ljava/lang/Boolean;
05-29 16:08:03.688 12060 12073 D M_InsDal: Lcom/csipsimple/utils/PreferencesWrapper;--->gPrefBooleanValue(Landroid/content/SharedPreferences;Ljava/lang/String;)Ljava/lang/Boolean;
05-29 16:08:03.689 12080 12080 D M_InsDal: Lcom/csipsimple/utils/Log;--->d(Ljava/lang/String;Ljava/lang/String;)V
05-29 16:08:03.689 12080 12080 D M_InsDal: Lcom/csipsimple/service/PresenceManager;---><clinit>()V
05-29 16:08:03.689 12080 12080 D M_InsDal: Lcom/csipsimple/service/PresenceManager;---><init>()V
05-29 16:08:03.690 12080 12080 D M_InsDal: Lcom/csipsimple/service/SipService;--->onBind(Landroid/content/Intent;)Landroid/os/IBinder;
05-29 16:08:03.690 12080 12080 D M_InsDal: Lcom/csipsimple/utils/Log;--->d(Ljava/lang/String;Ljava/lang/String;)V
05-29 16:08:03.690 12080 12080 D M_InsDal: Lcom/csipsimple/utils/Log;--->d(Ljava/lang/String;Ljava/lang/String;)V
05-29 16:08:03.767 12060 12060 D M_InsDal: Lcom/csipsimple/ui/incall/InCallMediaControl$2;--->onServiceConnected(Landroid/content/ComponentName;Landroid/os/IBinder;)V
05-29 16:08:03.767 12060 12060 D M_InsDal: Lcom/csipsimple/utils/Log;--->d(Ljava/lang/String;Ljava/lang/String;)V
05-29 16:08:03.767 12060 12060 D M_InsDal: Lcom/csipsimple/api/ISipService$Stub;--->asInterface(Landroid/os/IBinder;)Lcom/csipsimple/api/ISipService;
05-29 16:08:03.767 12060 12060 D M_InsDal: Lcom/csipsimple/api/ISipService$Stub$Proxy;---><init>(Landroid/os/IBinder;)V
05-29 16:08:03.768 12060 12060 D M_InsDal: Lcom/csipsimple/ui/incall/InCallMediaControl;--->updateUIFromMedia()V
05-29 16:08:03.768 12060 12060 D M_InsDal: Lcom/csipsimple/api/ISipService$Stub$Proxy;--->getCurrentMediaState()Lcom/csipsimple/api/MediaState;
05-29 16:08:03.768 12080 12096 D M_InsDal: Lcom/csipsimple/service/SipService$1;--->getCurrentMediaState()Lcom/csipsimple/api/MediaState;
05-29 16:08:03.768 12080 12096 D M_InsDal: Lcom/csipsimple/api/MediaState;---><clinit>()V
05-29 16:08:03.768 12080 12096 D M_InsDal: Lcom/csipsimple/api/MediaState$1;---><init>()V
05-29 16:08:03.769 12080 12096 D M_InsDal: Lcom/csipsimple/api/MediaState;---><init>()V
05-29 16:08:03.769 12080 12096 D M_InsDal: Lcom/csipsimple/api/MediaState;--->writeToParcel(Landroid/os/Parcel;I)V
05-29 16:08:03.769 12060 12060 D M_InsDal: Lcom/csipsimple/api/MediaState;---><clinit>()V
05-29 16:08:03.769 12060 12060 D M_InsDal: Lcom/csipsimple/api/MediaState$1;---><init>()V
05-29 16:08:03.769 12060 12060 D M_InsDal: Lcom/csipsimple/api/MediaState$1;--->createFromParcel(Landroid/os/Parcel;)Lcom/csipsimple/api/MediaState;
05-29 16:08:03.769 12060 12060 D M_InsDal: Lcom/csipsimple/api/MediaState;---><init>(Landroid/os/Parcel;)V
05-29 16:08:03.769 12060 12060 D M_InsDal: Lcom/csipsimple/api/SipConfigManager;---><clinit>()V
05-29 16:08:03.769 12060 12060 D M_InsDal: Lcom/csipsimple/api/SipConfigManager;--->getPreferenceFloatValue(Landroid/content/Context;Ljava/lang/String;)Ljava/lang/Float;
05-29 16:08:03.769 12060 12060 D M_InsDal: Lcom/csipsimple/api/SipConfigManager;--->getPreferenceFloatValue(Landroid/content/Context;Ljava/lang/String;Ljava/lang/Float;)Ljava/lang/Float;
05-29 16:08:03.769 12060 12060 D M_InsDal: Lcom/csipsimple/api/SipConfigManager;--->getPrefUriForKey(Ljava/lang/String;)Landroid/net/Uri;
05-29 16:08:03.769 12060 12060 D M_InsDal: Lcom/csipsimple/service/PreferenceProvider;--->query(Landroid/net/Uri;[Ljava/lang/String;Ljava/lang/String;[Ljava/lang/String;Ljava/lang/String;)Landroid/database/Cursor;
05-29 16:08:03.769 12060 12060 D M_InsDal: Lcom/csipsimple/utils/PreferencesWrapper;--->getPreferenceFloatValue(Ljava/lang/String;)Ljava/lang/Float;
05-29 16:08:03.769 12060 12060 D M_InsDal: Lcom/csipsimple/utils/PreferencesWrapper;--->gPrefFloatValue(Landroid/content/SharedPreferences;Ljava/lang/String;)Ljava/lang/Float;
05-29 16:08:03.770 12060 12060 D M_InsDal: Lcom/csipsimple/ui/incall/InCallMediaControl;--->onProgressChanged(Landroid/widget/SeekBar;IZ)V
05-29 16:08:03.770 12060 12060 D M_InsDal: Lcom/csipsimple/utils/Log;--->d(Ljava/lang/String;Ljava/lang/String;)V
05-29 16:08:03.770 12060 12060 D M_InsDal: Lcom/csipsimple/api/ISipService$Stub$Proxy;--->getCurrentMediaState()Lcom/csipsimple/api/MediaState;
05-29 16:08:03.770 12080 12096 D M_InsDal: Lcom/csipsimple/service/SipService$1;--->getCurrentMediaState()Lcom/csipsimple/api/MediaState;
05-29 16:08:03.770 12080 12096 D M_InsDal: Lcom/csipsimple/api/MediaState;---><init>()V
05-29 16:08:03.770 12080 12096 D M_InsDal: Lcom/csipsimple/api/MediaState;--->writeToParcel(Landroid/os/Parcel;I)V
05-29 16:08:03.770 12060 12060 D M_InsDal: Lcom/csipsimple/api/MediaState$1;--->createFromParcel(Landroid/os/Parcel;)Lcom/csipsimple/api/MediaState;
05-29 16:08:03.770 12060 12060 D M_InsDal: Lcom/csipsimple/api/MediaState;---><init>(Landroid/os/Parcel;)V
05-29 16:08:03.770 12060 12060 D M_InsDal: Lcom/csipsimple/api/ISipService$Stub$Proxy;--->confAdjustTxLevel(IF)V
05-29 16:08:03.770 12080 12096 D M_InsDal: Lcom/csipsimple/service/SipService$1;--->confAdjustTxLevel(IF)V
05-29 16:08:03.770 12080 12096 D M_InsDal: Lcom/csipsimple/service/SipService;--->getExecutor()Lcom/csipsimple/service/SipService$SipServiceExecutor;
05-29 16:08:03.771 12080 12096 D M_InsDal: Lcom/csipsimple/service/SipService$SipServiceExecutor;---><init>(Lcom/csipsimple/service/SipService;)V
05-29 16:08:03.771 12080 12096 D M_InsDal: Lcom/csipsimple/service/SipService;--->createLooper()Landroid/os/Looper;
05-29 16:08:03.771 12080 12096 D M_InsDal: Lcom/csipsimple/utils/Log;--->d(Ljava/lang/String;Ljava/lang/String;)V
05-29 16:08:03.771 12080 12096 D M_InsDal: Lcom/csipsimple/service/SipService$1$17;---><init>(Lcom/csipsimple/service/SipService$1;IF)V
05-29 16:08:03.771 12080 12096 D M_InsDal: Lcom/csipsimple/service/SipService$SipRunnable;---><init>()V
05-29 16:08:03.771 12080 12096 D M_InsDal: Lcom/csipsimple/service/SipService$SipServiceExecutor;--->execute(Ljava/lang/Runnable;)V
05-29 16:08:03.771 12080 12096 D M_InsDal: Lcom/csipsimple/service/SipWakeLock;--->acquire(Ljava/lang/Object;)V
05-29 16:08:03.771 12080 12096 D M_InsDal: Lcom/csipsimple/utils/Log;--->v(Ljava/lang/String;Ljava/lang/String;)V
05-29 16:08:03.772 12080 12098 D M_InsDal: Lcom/csipsimple/service/SipService$SipServiceExecutor;--->handleMessage(Landroid/os/Message;)V
05-29 16:08:03.772 12060 12060 D M_InsDal: Lcom/csipsimple/api/SipConfigManager;--->setPreferenceFloatValue(Landroid/content/Context;Ljava/lang/String;Ljava/lang/Float;)V
05-29 16:08:03.772 12060 12060 D M_InsDal: Lcom/csipsimple/api/SipConfigManager;--->getPrefUriForKey(Ljava/lang/String;)Landroid/net/Uri;
05-29 16:08:03.772 12080 12098 D M_InsDal: Lcom/csipsimple/service/SipService$SipServiceExecutor;--->executeInternal(Ljava/lang/Runnable;)V
05-29 16:08:03.772 12080 12098 D M_InsDal: Lcom/csipsimple/service/SipService$SipRunnable;--->run()V
05-29 16:08:03.772 12080 12098 D M_InsDal: Lcom/csipsimple/service/SipService$1$17;--->doRun()V
05-29 16:08:03.772 12080 12098 D M_InsDal: Lcom/csipsimple/service/SipWakeLock;--->release(Ljava/lang/Object;)V
05-29 16:08:03.772 12060 12060 D M_InsDal: Lcom/csipsimple/service/PreferenceProvider;--->update(Landroid/net/Uri;Landroid/content/ContentValues;Ljava/lang/String;[Ljava/lang/String;)I
05-29 16:08:03.772 12060 12060 D M_InsDal: Lcom/csipsimple/utils/PreferencesWrapper;--->setPreferenceFloatValue(Ljava/lang/String;F)V
05-29 16:08:03.772 12080 12098 D M_InsDal: Lcom/csipsimple/utils/Log;--->v(Ljava/lang/String;Ljava/lang/String;)V
05-29 16:08:03.772 12060 12060 D M_InsDal: Lcom/csipsimple/api/SipConfigManager;--->getPreferenceFloatValue(Landroid/content/Context;Ljava/lang/String;)Ljava/lang/Float;
05-29 16:08:03.772 12060 12060 D M_InsDal: Lcom/csipsimple/api/SipConfigManager;--->getPreferenceFloatValue(Landroid/content/Context;Ljava/lang/String;Ljava/lang/Float;)Ljava/lang/Float;
05-29 16:08:03.772 12060 12060 D M_InsDal: Lcom/csipsimple/api/SipConfigManager;--->getPrefUriForKey(Ljava/lang/String;)Landroid/net/Uri;
05-29 16:08:03.772 12060 12060 D M_InsDal: Lcom/csipsimple/service/PreferenceProvider;--->query(Landroid/net/Uri;[Ljava/lang/String;Ljava/lang/String;[Ljava/lang/String;Ljava/lang/String;)Landroid/database/Cursor;
05-29 16:08:03.772 12060 12060 D M_InsDal: Lcom/csipsimple/utils/PreferencesWrapper;--->getPreferenceFloatValue(Ljava/lang/String;)Ljava/lang/Float;
05-29 16:08:03.772 12060 12060 D M_InsDal: Lcom/csipsimple/utils/PreferencesWrapper;--->gPrefFloatValue(Landroid/content/SharedPreferences;Ljava/lang/String;)Ljava/lang/Float;
05-29 16:08:03.772 12060 12060 D M_InsDal: Lcom/csipsimple/ui/incall/InCallMediaControl;--->onProgressChanged(Landroid/widget/SeekBar;IZ)V
05-29 16:08:03.772 12060 12060 D M_InsDal: Lcom/csipsimple/utils/Log;--->d(Ljava/lang/String;Ljava/lang/String;)V
05-29 16:08:03.772 12060 12060 D M_InsDal: Lcom/csipsimple/api/ISipService$Stub$Proxy;--->getCurrentMediaState()Lcom/csipsimple/api/MediaState;
05-29 16:08:03.772 12080 12096 D M_InsDal: Lcom/csipsimple/service/SipService$1;--->getCurrentMediaState()Lcom/csipsimple/api/MediaState;
05-29 16:08:03.772 12080 12096 D M_InsDal: Lcom/csipsimple/api/MediaState;---><init>()V
05-29 16:08:03.772 12080 12096 D M_InsDal: Lcom/csipsimple/api/MediaState;--->writeToParcel(Landroid/os/Parcel;I)V
05-29 16:08:03.772 12060 12060 D M_InsDal: Lcom/csipsimple/api/MediaState$1;--->createFromParcel(Landroid/os/Parcel;)Lcom/csipsimple/api/MediaState;
05-29 16:08:03.772 12060 12060 D M_InsDal: Lcom/csipsimple/api/MediaState;---><init>(Landroid/os/Parcel;)V
05-29 16:08:03.772 12060 12060 D M_InsDal: Lcom/csipsimple/api/ISipService$Stub$Proxy;--->confAdjustRxLevel(IF)V
05-29 16:08:03.773 12080 12096 D M_InsDal: Lcom/csipsimple/service/SipService$1;--->confAdjustRxLevel(IF)V
05-29 16:08:03.773 12080 12096 D M_InsDal: Lcom/csipsimple/service/SipService;--->getExecutor()Lcom/csipsimple/service/SipService$SipServiceExecutor;
05-29 16:08:03.773 12080 12096 D M_InsDal: Lcom/csipsimple/service/SipService$1$18;---><init>(Lcom/csipsimple/service/SipService$1;IF)V
05-29 16:08:03.773 12080 12096 D M_InsDal: Lcom/csipsimple/service/SipService$SipRunnable;---><init>()V
05-29 16:08:03.773 12080 12096 D M_InsDal: Lcom/csipsimple/service/SipService$SipServiceExecutor;--->execute(Ljava/lang/Runnable;)V
05-29 16:08:03.773 12080 12096 D M_InsDal: Lcom/csipsimple/service/SipWakeLock;--->acquire(Ljava/lang/Object;)V
05-29 16:08:03.773 12080 12096 D M_InsDal: Lcom/csipsimple/utils/Log;--->v(Ljava/lang/String;Ljava/lang/String;)V
05-29 16:08:03.773 12080 12098 D M_InsDal: Lcom/csipsimple/service/SipService$SipServiceExecutor;--->handleMessage(Landroid/os/Message;)V
05-29 16:08:03.773 12080 12098 D M_InsDal: Lcom/csipsimple/service/SipService$SipServiceExecutor;--->executeInternal(Ljava/lang/Runnable;)V
05-29 16:08:03.773 12080 12098 D M_InsDal: Lcom/csipsimple/service/SipService$SipRunnable;--->run()V
05-29 16:08:03.773 12060 12060 D M_InsDal: Lcom/csipsimple/api/SipConfigManager;--->setPreferenceFloatValue(Landroid/content/Context;Ljava/lang/String;Ljava/lang/Float;)V
05-29 16:08:03.773 12080 12098 D M_InsDal: Lcom/csipsimple/service/SipService$1$18;--->doRun()V
05-29 16:08:03.773 12060 12060 D M_InsDal: Lcom/csipsimple/api/SipConfigManager;--->getPrefUriForKey(Ljava/lang/String;)Landroid/net/Uri;
05-29 16:08:03.773 12080 12098 D M_InsDal: Lcom/csipsimple/service/SipWakeLock;--->release(Ljava/lang/Object;)V
05-29 16:08:03.773 12060 12060 D M_InsDal: Lcom/csipsimple/service/PreferenceProvider;--->update(Landroid/net/Uri;Landroid/content/ContentValues;Ljava/lang/String;[Ljava/lang/String;)I
05-29 16:08:03.773 12060 12060 D M_InsDal: Lcom/csipsimple/utils/PreferencesWrapper;--->setPreferenceFloatValue(Ljava/lang/String;F)V
05-29 16:08:03.773 12080 12098 D M_InsDal: Lcom/csipsimple/utils/Log;--->v(Ljava/lang/String;Ljava/lang/String;)V
05-29 16:08:03.773 12060 12060 D M_InsDal: Lcom/csipsimple/api/SipConfigManager;--->getPreferenceBooleanValue(Landroid/content/Context;Ljava/lang/String;)Ljava/lang/Boolean;
05-29 16:08:03.773 12060 12060 D M_InsDal: Lcom/csipsimple/api/SipConfigManager;--->getPreferenceBooleanValue(Landroid/content/Context;Ljava/lang/String;Ljava/lang/Boolean;)Ljava/lang/Boolean;
05-29 16:08:03.773 12060 12060 D M_InsDal: Lcom/csipsimple/api/SipConfigManager;--->getPrefUriForKey(Ljava/lang/String;)Landroid/net/Uri;
05-29 16:08:03.773 12060 12060 D M_InsDal: Lcom/csipsimple/service/PreferenceProvider;--->query(Landroid/net/Uri;[Ljava/lang/String;Ljava/lang/String;[Ljava/lang/String;Ljava/lang/String;)Landroid/database/Cursor;
05-29 16:08:03.773 12060 12060 D M_InsDal: Lcom/csipsimple/utils/PreferencesWrapper;--->getPreferenceBooleanValue(Ljava/lang/String;)Ljava/lang/Boolean;
05-29 16:08:03.773 12060 12060 D M_InsDal: Lcom/csipsimple/utils/PreferencesWrapper;--->gPrefBooleanValue(Landroid/content/SharedPreferences;Ljava/lang/String;)Ljava/lang/Boolean;
05-29 16:08:03.773 12060 12060 D M_InsDal: Lcom/csipsimple/ui/incall/InCallMediaControl;--->onCheckedChanged(Landroid/widget/CompoundButton;Z)V
05-29 16:08:03.773 12060 12060 D M_InsDal: Lcom/csipsimple/api/ISipService$Stub$Proxy;--->setEchoCancellation(Z)V
05-29 16:08:03.774 12080 12096 D M_InsDal: Lcom/csipsimple/service/SipService$1;--->setEchoCancellation(Z)V
05-29 16:08:03.774 12060 12060 D M_InsDal: Lcom/csipsimple/api/SipConfigManager;--->setPreferenceBooleanValue(Landroid/content/Context;Ljava/lang/String;Z)V
05-29 16:08:03.774 12060 12060 D M_InsDal: Lcom/csipsimple/api/SipConfigManager;--->getPrefUriForKey(Ljava/lang/String;)Landroid/net/Uri;
05-29 16:08:03.774 12060 12060 D M_InsDal: Lcom/csipsimple/service/PreferenceProvider;--->update(Landroid/net/Uri;Landroid/content/ContentValues;Ljava/lang/String;[Ljava/lang/String;)I
05-29 16:08:03.774 12060 12060 D M_InsDal: Lcom/csipsimple/utils/PreferencesWrapper;--->setPreferenceBooleanValue(Ljava/lang/String;Z)V
05-29 16:08:03.780 12060 12079 D M_InsDal: Lcom/csipsimple/api/ISipService$Stub$Proxy;--->confGetRxTxLevel(I)J
05-29 16:08:03.781 12080 12096 D M_InsDal: Lcom/csipsimple/service/SipService$1;--->confGetRxTxLevel(I)J
05-29 16:08:03.781 12080 12096 D M_InsDal: Lcom/csipsimple/service/SipService$1$28;---><init>(Lcom/csipsimple/service/SipService$1;Lcom/csipsimple/service/SipService;I)V
05-29 16:08:03.781 12080 12096 D M_InsDal: Lcom/csipsimple/service/SipService$ReturnRunnable;---><init>(Lcom/csipsimple/service/SipService;)V
05-29 16:08:03.781 12080 12096 D M_InsDal: Lcom/csipsimple/service/SipService$SipRunnable;---><init>()V
05-29 16:08:03.781 12080 12096 D M_InsDal: Lcom/csipsimple/service/SipService;--->getExecutor()Lcom/csipsimple/service/SipService$SipServiceExecutor;
05-29 16:08:03.781 12080 12096 D M_InsDal: Lcom/csipsimple/service/SipService$SipServiceExecutor;--->execute(Ljava/lang/Runnable;)V
05-29 16:08:03.781 12080 12096 D M_InsDal: Lcom/csipsimple/service/SipWakeLock;--->acquire(Ljava/lang/Object;)V
05-29 16:08:03.781 12080 12096 D M_InsDal: Lcom/csipsimple/utils/Log;--->v(Ljava/lang/String;Ljava/lang/String;)V
05-29 16:08:03.781 12080 12096 D M_InsDal: Lcom/csipsimple/service/SipService$ReturnRunnable;--->getResult()Ljava/lang/Object;
05-29 16:08:03.781 12080 12098 D M_InsDal: Lcom/csipsimple/service/SipService$SipServiceExecutor;--->handleMessage(Landroid/os/Message;)V
05-29 16:08:03.781 12080 12098 D M_InsDal: Lcom/csipsimple/service/SipService$SipServiceExecutor;--->executeInternal(Ljava/lang/Runnable;)V
05-29 16:08:03.781 12080 12098 D M_InsDal: Lcom/csipsimple/service/SipService$SipRunnable;--->run()V
05-29 16:08:03.781 12080 12098 D M_InsDal: Lcom/csipsimple/service/SipService$ReturnRunnable;--->doRun()V
05-29 16:08:03.781 12080 12098 D M_InsDal: Lcom/csipsimple/service/SipService$1$28;--->runWithReturn()Ljava/lang/Object;
05-29 16:08:03.782 12080 12098 D M_InsDal: Lcom/csipsimple/utils/Log;--->e(Ljava/lang/String;Ljava/lang/String;Ljava/lang/Throwable;)V
05-29 16:08:03.782 12080 12098 D M_InsDal: Lcom/csipsimple/service/SipWakeLock;--->release(Ljava/lang/Object;)V
05-29 16:08:03.782 12080 12098 D M_InsDal: Lcom/csipsimple/utils/Log;--->v(Ljava/lang/String;Ljava/lang/String;)V
05-29 16:08:15.568 12080 12080 D M_InsDal: Lcom/csipsimple/service/SipService;--->onDestroy()V
05-29 16:08:15.568 12080 12080 D M_InsDal: Lcom/csipsimple/utils/Log;--->i(Ljava/lang/String;Ljava/lang/String;)V
05-29 16:08:15.568 12080 12080 D M_InsDal: Lcom/csipsimple/service/SipService;--->unregisterBroadcasts()V
05-29 16:08:15.568 12080 12080 D M_InsDal: Lcom/csipsimple/service/SipNotifications;--->onServiceDestroy()V
05-29 16:08:15.568 12080 12080 D M_InsDal: Lcom/csipsimple/service/SipNotifications;--->cancelAll()V
05-29 16:08:15.568 12080 12080 D M_InsDal: Lcom/csipsimple/service/SipNotifications;--->cancelRegisters()V
05-29 16:08:15.568 12080 12080 D M_InsDal: Lcom/csipsimple/service/SipNotifications;--->stopForegroundCompat(I)V
05-29 16:08:15.568 12080 12080 D M_InsDal: Lcom/csipsimple/service/SipNotifications;--->invokeMethod(Ljava/lang/reflect/Method;[Ljava/lang/Object;)V
