09-19 04:23:35.673 27813 27835 D M_InsDal: Lcom/forrestguice/suntimeswidget/LightMapView$LightMapTask;--->drawPoint(Ljava/util/Calendar;IILandroid/graphics/Canvas;Landroid/graphics/Paint;)V
09-19 04:23:36.233 27813 27813 D M_InsDal: Lcom/forrestguice/suntimeswidget/SuntimesActivity;--->onCreateOptionsMenu(Landroid/view/Menu;)Z
09-19 04:23:36.234 27813 27813 D M_InsDal: Lcom/forrestguice/suntimeswidget/SuntimesActivity;--->updateActionBar(Landroid/content/Context;)V
09-19 04:23:36.234 27813 27813 D M_InsDal: Lcom/forrestguice/suntimeswidget/settings/WidgetSettings;--->loadLocationModePref(Landroid/content/Context;I)Lcom/forrestguice/suntimeswidget/settings/WidgetSettings$LocationMode;
09-19 04:23:36.234 27813 27813 D M_InsDal: Lcom/forrestguice/suntimeswidget/settings/WidgetSettings$LocationMode;--->valueOf(Ljava/lang/String;)Lcom/forrestguice/suntimeswidget/settings/WidgetSettings$LocationMode;
09-19 04:23:36.234 27813 27813 D M_InsDal: Lcom/forrestguice/suntimeswidget/SuntimesActivity;--->onPrepareOptionsPanel(Landroid/view/View;Landroid/view/Menu;)Z
09-19 04:23:36.234 27813 27813 D M_InsDal: Lcom/forrestguice/suntimeswidget/SuntimesUtils;--->forceActionBarIcons(Landroid/view/Menu;)V
09-19 04:23:36.237 27813 27813 D M_InsDal: Lcom/forrestguice/suntimeswidget/SuntimesActivity$26;--->run()V
09-19 04:23:36.237 27813 27813 D M_InsDal: Lcom/forrestguice/suntimeswidget/SuntimesActivity;--->updateTimeViews(Landroid/content/Context;)V
09-19 04:23:36.237 27813 27813 D M_InsDal: Lcom/forrestguice/suntimeswidget/calculator/SuntimesRiseSetDataset;--->now()Ljava/util/Calendar;
09-19 04:23:36.237 27813 27813 D M_InsDal: Lcom/forrestguice/suntimeswidget/calculator/SuntimesData;--->now()Ljava/util/Calendar;
09-19 04:23:36.237 27813 27813 D M_InsDal: Lcom/forrestguice/suntimeswidget/calculator/SuntimesData;--->timezone()Ljava/util/TimeZone;
09-19 04:23:36.237 27813 27813 D M_InsDal: Lcom/forrestguice/suntimeswidget/SuntimesUtils;--->calendarTimeShortDisplayString(Landroid/content/Context;Ljava/util/Calendar;)Lcom/forrestguice/suntimeswidget/SuntimesUtils$TimeDisplayText;
09-19 04:23:36.237 27813 27813 D M_InsDal: Lcom/forrestguice/suntimeswidget/SuntimesUtils;--->calendarTimeShortDisplayString(Landroid/content/Context;Ljava/util/Calendar;Z)Lcom/forrestguice/suntimeswidget/SuntimesUtils$TimeDisplayText;
09-19 04:23:36.237 27813 27813 D M_InsDal: Lcom/forrestguice/suntimeswidget/SuntimesUtils;--->calendarTime12HrDisplayString(Landroid/content/Context;Ljava/util/Calendar;Z)Lcom/forrestguice/suntimeswidget/SuntimesUtils$TimeDisplayText;
09-19 04:23:36.237 27813 27813 D M_InsDal: Lcom/forrestguice/suntimeswidget/SuntimesUtils;--->getLocale()Ljava/util/Locale;
09-19 04:23:36.237 27813 27813 D M_InsDal: Lcom/forrestguice/suntimeswidget/SuntimesUtils$TimeDisplayText;---><init>(Ljava/lang/String;Ljava/lang/String;Ljava/lang/String;)V
09-19 04:23:36.237 27813 27813 D M_InsDal: Lcom/forrestguice/suntimeswidget/SuntimesUtils$TimeDisplayText;--->setRawValue(J)V
09-19 04:23:36.237 27813 27813 D M_InsDal: Lcom/forrestguice/suntimeswidget/SuntimesUtils$TimeDisplayText;--->getValue()Ljava/lang/String;
09-19 04:23:36.237 27813 27813 D M_InsDal: Lcom/forrestguice/suntimeswidget/SuntimesUtils$TimeDisplayText;--->getSuffix()Ljava/lang/String;
09-19 04:23:36.237 27813 27813 D M_InsDal: Lcom/forrestguice/suntimeswidget/notes/SuntimesNotes;--->updateNote(Landroid/content/Context;Ljava/util/Calendar;)V
09-19 04:23:36.237 27813 27813 D M_InsDal: Lcom/forrestguice/suntimeswidget/notes/SuntimesNotes;--->updateNote(Landroid/content/Context;Ljava/util/Calendar;I)V
09-19 04:23:36.238 27813 27813 D M_InsDal: Lcom/forrestguice/suntimeswidget/settings/WidgetSettings;--->loadTimeNoteRisePref(Landroid/content/Context;I)Lcom/forrestguice/suntimeswidget/settings/SolarEvents;
09-19 04:23:36.238 27813 27813 D M_InsDal: Lcom/forrestguice/suntimeswidget/settings/SolarEvents;--->valueOf(Ljava/lang/String;)Lcom/forrestguice/suntimeswidget/settings/SolarEvents;
09-19 04:23:36.238 27813 27813 D M_InsDal: Lcom/forrestguice/suntimeswidget/settings/SolarEvents;--->values()[Lcom/forrestguice/suntimeswidget/settings/SolarEvents;
09-19 04:23:36.238 27813 27813 D M_InsDal: Lcom/forrestguice/suntimeswidget/notes/SuntimesNotes;--->getNote(Lcom/forrestguice/suntimeswidget/settings/SolarEvents;)Lcom/forrestguice/suntimeswidget/notes/NoteData;
09-19 04:23:36.238 27813 27813 D M_InsDal: Lcom/forrestguice/suntimeswidget/notes/SuntimesNotes;--->getNoteIndex(Lcom/forrestguice/suntimeswidget/settings/SolarEvents;)I
09-19 04:23:36.238 27813 27813 D M_InsDal: Lcom/forrestguice/suntimeswidget/notes/NoteData;---><init>(Lcom/forrestguice/suntimeswidget/notes/NoteData;)V
09-19 04:23:36.238 27813 27813 D M_InsDal: Lcom/forrestguice/suntimeswidget/notes/SuntimesNotes;--->updateNote(Lcom/forrestguice/suntimeswidget/notes/NoteData;Ljava/util/Calendar;)V
09-19 04:23:36.238 27813 27813 D M_InsDal: Lcom/forrestguice/suntimeswidget/calculator/SuntimesRiseSetData;--->sunriseCalendarToday()Ljava/util/Calendar;
09-19 04:23:36.238 27813 27813 D M_InsDal: Lcom/forrestguice/suntimeswidget/calculator/SuntimesRiseSetData;--->sunriseCalendarOther()Ljava/util/Calendar;
09-19 04:23:36.238 27813 27813 D M_InsDal: Lcom/forrestguice/suntimeswidget/SuntimesUtils;--->timeDeltaDisplayString(Ljava/util/Date;Ljava/util/Date;)Lcom/forrestguice/suntimeswidget/SuntimesUtils$TimeDisplayText;
09-19 04:23:36.238 27813 27813 D M_InsDal: Lcom/forrestguice/suntimeswidget/SuntimesUtils;--->timeDeltaDisplayString(Ljava/util/Date;Ljava/util/Date;ZZ)Lcom/forrestguice/suntimeswidget/SuntimesUtils$TimeDisplayText;
09-19 04:23:36.238 27813 27813 D M_InsDal: Lcom/forrestguice/suntimeswidget/SuntimesUtils;--->timeDeltaLongDisplayString(JJZZZ)Lcom/forrestguice/suntimeswidget/SuntimesUtils$TimeDisplayText;
09-19 04:23:36.238 27813 27813 D M_InsDal: Lcom/forrestguice/suntimeswidget/SuntimesUtils$TimeDisplayText;---><init>(Ljava/lang/String;Ljava/lang/String;Ljava/lang/String;)V
09-19 04:23:36.238 27813 27813 D M_InsDal: Lcom/forrestguice/suntimeswidget/SuntimesUtils$TimeDisplayText;--->setRawValue(J)V
09-19 04:23:36.238 27813 27813 D M_InsDal: Lcom/forrestguice/suntimeswidget/SuntimesUtils$TimeDisplayText;--->setSuffix(Ljava/lang/String;)V
09-19 04:23:36.238 27813 27813 D M_InsDal: Lcom/forrestguice/suntimeswidget/SuntimesUtils$TimeDisplayText;--->getRawValue()J
09-19 04:23:36.238 27813 27813 D M_InsDal: Lcom/forrestguice/suntimeswidget/notes/SuntimesNotes;--->prefixString(Lcom/forrestguice/suntimeswidget/settings/SolarEvents;Z)Ljava/lang/String;
09-19 04:23:36.238 27813 27813 D M_InsDal: Lcom/forrestguice/suntimeswidget/notes/SuntimesNotes;--->setNote(Lcom/forrestguice/suntimeswidget/notes/NoteData;I)V
09-19 04:23:36.238 27813 27813 D M_InsDal: Lcom/forrestguice/suntimeswidget/SuntimesActivity$15;--->onNoteChanged(Lcom/forrestguice/suntimeswidget/notes/NoteData;I)V
09-19 04:23:36.238 27813 27813 D M_InsDal: Lcom/forrestguice/suntimeswidget/SuntimesActivity;--->updateNoteUI(Lcom/forrestguice/suntimeswidget/notes/NoteData;I)V
09-19 04:23:36.238 27813 27813 D M_InsDal: Lcom/forrestguice/suntimeswidget/SuntimesActivity;--->adjustNoteIconSize(Lcom/forrestguice/suntimeswidget/notes/NoteData;Landroid/widget/ImageView;)V
09-19 04:23:36.238 27813 27813 D M_InsDal: Lcom/forrestguice/suntimeswidget/SuntimesUtils$TimeDisplayText;--->toString()Ljava/lang/String;
09-19 04:23:36.238 27813 27813 D M_InsDal: Lcom/forrestguice/suntimeswidget/settings/SolarEvents$SolarEventField;---><init>(Lcom/forrestguice/suntimeswidget/settings/SolarEvents;Z)V
09-19 04:23:36.238 27813 27813 D M_InsDal: Lcom/forrestguice/suntimeswidget/SuntimesActivity;--->highlightTimeField(Lcom/forrestguice/suntimeswidget/settings/SolarEvents$SolarEventField;)V
09-19 04:23:36.238 27813 27813 D M_InsDal: Lcom/forrestguice/suntimeswidget/settings/SolarEvents$SolarEventField;--->hashCode()I
09-19 04:23:36.238 27813 27813 D M_InsDal: Lcom/forrestguice/suntimeswidget/settings/SolarEvents$SolarEventField;--->equals(Ljava/lang/Object;)Z
09-19 04:23:36.238 27813 27813 D M_InsDal: Lcom/forrestguice/suntimeswidget/settings/SolarEvents$SolarEventField;--->hashCode()I
09-19 04:23:36.238 27813 27813 D M_InsDal: Lcom/forrestguice/suntimeswidget/settings/SolarEvents$SolarEventField;--->equals(Ljava/lang/Object;)Z
09-19 04:23:36.238 27813 27813 D M_InsDal: Lcom/forrestguice/suntimeswidget/MoonRiseSetView;--->getTimeViews(Lcom/forrestguice/suntimeswidget/settings/SolarEvents;)[Landroid/widget/TextView;
09-19 04:23:36.238 27813 27813 D M_InsDal: Lcom/forrestguice/suntimeswidget/MoonRiseSetView$1;---><clinit>()V
09-19 04:23:36.238 27813 27813 D M_InsDal: Lcom/forrestguice/suntimeswidget/settings/SolarEvents;--->values()[Lcom/forrestguice/suntimeswidget/settings/SolarEvents;
09-19 04:23:36.238 27813 27813 D M_InsDal: Lcom/forrestguice/suntimeswidget/MoonRiseSetView$MoonRiseSetField;--->getTimeView()Landroid/widget/TextView;
09-19 04:23:36.238 27813 27813 D M_InsDal: Lcom/forrestguice/suntimeswidget/MoonRiseSetView$MoonRiseSetField;--->getTimeView()Landroid/widget/TextView;
09-19 04:23:36.238 27813 27813 D M_InsDal: Lcom/forrestguice/suntimeswidget/settings/SolarEvents$SolarEventField;--->equals(Ljava/lang/Object;)Z
09-19 04:23:36.238 27813 27813 D M_InsDal: Lcom/forrestguice/suntimeswidget/settings/SolarEvents$SolarEventField;--->equals(Ljava/lang/Object;)Z
09-19 04:23:36.238 27813 27813 D M_InsDal: Lcom/forrestguice/suntimeswidget/MoonRiseSetView;--->getTimeViews(Lcom/forrestguice/suntimeswidget/settings/SolarEvents;)[Landroid/widget/TextView;
09-19 04:23:36.238 27813 27813 D M_InsDal: Lcom/forrestguice/suntimeswidget/MoonRiseSetView$MoonRiseSetField;--->getTimeView()Landroid/widget/TextView;
09-19 04:23:36.238 27813 27813 D M_InsDal: Lcom/forrestguice/suntimeswidget/MoonRiseSetView$MoonRiseSetField;--->getTimeView()Landroid/widget/TextView;
09-19 04:23:36.238 27813 27813 D M_InsDal: Lcom/forrestguice/suntimeswidget/settings/SolarEvents$SolarEventField;--->equals(Ljava/lang/Object;)Z
09-19 04:23:36.238 27813 27813 D M_InsDal: Lcom/forrestguice/suntimeswidget/settings/SolarEvents$SolarEventField;--->equals(Ljava/lang/Object;)Z
09-19 04:23:36.238 27813 27813 D M_InsDal: Lcom/forrestguice/suntimeswidget/settings/SolarEvents$SolarEventField;--->hashCode()I
09-19 04:23:36.238 27813 27813 D M_InsDal: Lcom/forrestguice/suntimeswidget/settings/SolarEvents$SolarEventField;--->equals(Ljava/lang/Object;)Z
09-19 04:23:36.238 27813 27813 D M_InsDal: Lcom/forrestguice/suntimeswidget/settings/SolarEvents$SolarEventField;--->hashCode()I
09-19 04:23:36.238 27813 27813 D M_InsDal: Lcom/forrestguice/suntimeswidget/settings/SolarEvents$SolarEventField;--->equals(Ljava/lang/Object;)Z
09-19 04:23:36.238 27813 27813 D M_InsDal: Lcom/forrestguice/suntimeswidget/settings/SolarEvents$SolarEventField;--->hashCode()I
09-19 04:23:36.238 27813 27813 D M_InsDal: Lcom/forrestguice/suntimeswidget/settings/SolarEvents$SolarEventField;--->equals(Ljava/lang/Object;)Z
09-19 04:23:36.238 27813 27813 D M_InsDal: Lcom/forrestguice/suntimeswidget/settings/SolarEvents$SolarEventField;--->hashCode()I
09-19 04:23:36.238 27813 27813 D M_InsDal: Lcom/forrestguice/suntimeswidget/settings/SolarEvents$SolarEventField;--->equals(Ljava/lang/Object;)Z
09-19 04:23:36.238 27813 27813 D M_InsDal: Lcom/forrestguice/suntimeswidget/settings/SolarEvents$SolarEventField;--->hashCode()I
09-19 04:23:36.238 27813 27813 D M_InsDal: Lcom/forrestguice/suntimeswidget/settings/SolarEvents$SolarEventField;--->equals(Ljava/lang/Object;)Z
09-19 04:23:36.238 27813 27813 D M_InsDal: Lcom/forrestguice/suntimeswidget/settings/SolarEvents$SolarEventField;--->hashCode()I
09-19 04:23:36.238 27813 27813 D M_InsDal: Lcom/forrestguice/suntimeswidget/settings/SolarEvents$SolarEventField;--->equals(Ljava/lang/Object;)Z
09-19 04:23:36.238 27813 27813 D M_InsDal: Lcom/forrestguice/suntimeswidget/settings/SolarEvents$SolarEventField;--->hashCode()I
09-19 04:23:36.238 27813 27813 D M_InsDal: Lcom/forrestguice/suntimeswidget/settings/SolarEvents$SolarEventField;--->equals(Ljava/lang/Object;)Z
09-19 04:23:36.238 27813 27813 D M_InsDal: Lcom/forrestguice/suntimeswidget/settings/SolarEvents$SolarEventField;--->hashCode()I
09-19 04:23:36.238 27813 27813 D M_InsDal: Lcom/forrestguice/suntimeswidget/settings/SolarEvents$SolarEventField;--->equals(Ljava/lang/Object;)Z
09-19 04:23:36.238 27813 27813 D M_InsDal: Lcom/forrestguice/suntimeswidget/settings/SolarEvents$SolarEventField;--->hashCode()I
09-19 04:23:36.238 27813 27813 D M_InsDal: Lcom/forrestguice/suntimeswidget/settings/SolarEvents$SolarEventField;--->equals(Ljava/lang/Object;)Z
09-19 04:23:36.238 27813 27813 D M_InsDal: Lcom/forrestguice/suntimeswidget/MoonRiseSetView;--->getTimeViews(Lcom/forrestguice/suntimeswidget/settings/SolarEvents;)[Landroid/widget/TextView;
09-19 04:23:36.238 27813 27813 D M_InsDal: Lcom/forrestguice/suntimeswidget/MoonRiseSetView$MoonRiseSetField;--->getTimeView()Landroid/widget/TextView;
09-19 04:23:36.238 27813 27813 D M_InsDal: Lcom/forrestguice/suntimeswidget/MoonRiseSetView$MoonRiseSetField;--->getTimeView()Landroid/widget/TextView;
09-19 04:23:36.238 27813 27813 D M_InsDal: Lcom/forrestguice/suntimeswidget/settings/SolarEvents$SolarEventField;--->equals(Ljava/lang/Object;)Z
09-19 04:23:36.238 27813 27813 D M_InsDal: Lcom/forrestguice/suntimeswidget/settings/SolarEvents$SolarEventField;--->equals(Ljava/lang/Object;)Z
09-19 04:23:36.238 27813 27813 D M_InsDal: Lcom/forrestguice/suntimeswidget/settings/SolarEvents$SolarEventField;--->hashCode()I
09-19 04:23:36.238 27813 27813 D M_InsDal: Lcom/forrestguice/suntimeswidget/settings/SolarEvents$SolarEventField;--->equals(Ljava/lang/Object;)Z
09-19 04:23:36.238 27813 27813 D M_InsDal: Lcom/forrestguice/suntimeswidget/settings/SolarEvents$SolarEventField;--->hashCode()I
09-19 04:23:36.238 27813 27813 D M_InsDal: Lcom/forrestguice/suntimeswidget/settings/SolarEvents$SolarEventField;--->equals(Ljava/lang/Object;)Z
09-19 04:23:36.238 27813 27813 D M_InsDal: Lcom/forrestguice/suntimeswidget/MoonRiseSetView;--->getTimeViews(Lcom/forrestguice/suntimeswidget/settings/SolarEvents;)[Landroid/widget/TextView;
09-19 04:23:36.238 27813 27813 D M_InsDal: Lcom/forrestguice/suntimeswidget/MoonRiseSetView$MoonRiseSetField;--->getTimeView()Landroid/widget/TextView;
09-19 04:23:36.238 27813 27813 D M_InsDal: Lcom/forrestguice/suntimeswidget/MoonRiseSetView$MoonRiseSetField;--->getTimeView()Landroid/widget/TextView;
09-19 04:23:36.238 27813 27813 D M_InsDal: Lcom/forrestguice/suntimeswidget/settings/SolarEvents$SolarEventField;--->equals(Ljava/lang/Object;)Z
09-19 04:23:36.238 27813 27813 D M_InsDal: Lcom/forrestguice/suntimeswidget/settings/SolarEvents$SolarEventField;--->equals(Ljava/lang/Object;)Z
09-19 04:23:36.238 27813 27813 D M_InsDal: Lcom/forrestguice/suntimeswidget/settings/SolarEvents$SolarEventField;--->hashCode()I
09-19 04:23:36.238 27813 27813 D M_InsDal: Lcom/forrestguice/suntimeswidget/settings/SolarEvents$SolarEventField;--->equals(Ljava/lang/Object;)Z
09-19 04:23:36.238 27813 27813 D M_InsDal: Lcom/forrestguice/suntimeswidget/settings/SolarEvents$SolarEventField;--->hashCode()I
09-19 04:23:36.238 27813 27813 D M_InsDal: Lcom/forrestguice/suntimeswidget/settings/SolarEvents$SolarEventField;--->hashCode()I
09-19 04:23:36.238 27813 27813 D M_InsDal: Lcom/forrestguice/suntimeswidget/settings/SolarEvents$SolarEventField;--->equals(Ljava/lang/Object;)Z
09-19 04:23:36.238 27813 27813 D M_InsDal: Lcom/forrestguice/suntimeswidget/settings/SolarEvents$SolarEventField;--->hashCode()I
09-19 04:23:36.238 27813 27813 D M_InsDal: Lcom/forrestguice/suntimeswidget/settings/SolarEvents$SolarEventField;--->equals(Ljava/lang/Object;)Z
09-19 04:23:36.238 27813 27813 D M_InsDal: Lcom/forrestguice/suntimeswidget/settings/SolarEvents$SolarEventField;--->hashCode()I
09-19 04:23:36.238 27813 27813 D M_InsDal: Lcom/forrestguice/suntimeswidget/settings/SolarEvents$SolarEventField;--->equals(Ljava/lang/Object;)Z
09-19 04:23:36.238 27813 27813 D M_InsDal: Lcom/forrestguice/suntimeswidget/settings/SolarEvents$SolarEventField;--->hashCode()I
09-19 04:23:36.238 27813 27813 D M_InsDal: Lcom/forrestguice/suntimeswidget/settings/SolarEvents$SolarEventField;--->equals(Ljava/lang/Object;)Z
09-19 04:23:36.238 27813 27813 D M_InsDal: Lcom/forrestguice/suntimeswidget/settings/SolarEvents$SolarEventField;--->hashCode()I
09-19 04:23:36.238 27813 27813 D M_InsDal: Lcom/forrestguice/suntimeswidget/settings/SolarEvents$SolarEventField;--->equals(Ljava/lang/Object;)Z
09-19 04:23:36.238 27813 27813 D M_InsDal: Lcom/forrestguice/suntimeswidget/settings/SolarEvents$SolarEventField;--->hashCode()I
09-19 04:23:36.238 27813 27813 D M_InsDal: Lcom/forrestguice/suntimeswidget/settings/SolarEvents$SolarEventField;--->equals(Ljava/lang/Object;)Z
09-19 04:23:36.238 27813 27813 D M_InsDal: Lcom/forrestguice/suntimeswidget/settings/SolarEvents$SolarEventField;--->hashCode()I
09-19 04:23:36.238 27813 27813 D M_InsDal: Lcom/forrestguice/suntimeswidget/settings/SolarEvents$SolarEventField;--->hashCode()I
09-19 04:23:36.238 27813 27813 D M_InsDal: Lcom/forrestguice/suntimeswidget/settings/SolarEvents$SolarEventField;--->equals(Ljava/lang/Object;)Z
09-19 04:23:36.238 27813 27813 D M_InsDal: Lcom/forrestguice/suntimeswidget/settings/SolarEvents$SolarEventField;--->hashCode()I
09-19 04:23:36.238 27813 27813 D M_InsDal: Lcom/forrestguice/suntimeswidget/settings/SolarEvents$SolarEventField;--->equals(Ljava/lang/Object;)Z
09-19 04:23:36.238 27813 27813 D M_InsDal: Lcom/forrestguice/suntimeswidget/settings/SolarEvents$SolarEventField;--->hashCode()I
09-19 04:23:36.238 27813 27813 D M_InsDal: Lcom/forrestguice/suntimeswidget/settings/SolarEvents$SolarEventField;--->hashCode()I
09-19 04:23:36.238 27813 27813 D M_InsDal: Lcom/forrestguice/suntimeswidget/LightMapView;--->updateViews(Z)V
09-19 04:23:36.238 27813 27813 D M_InsDal: Lcom/forrestguice/suntimeswidget/LightMapView$LightMapTask;--->onPostExecute(Landroid/graphics/Bitmap;)V
09-19 04:23:36.238 27813 27813 D M_InsDal: Lcom/forrestguice/suntimeswidget/LightMapView$LightMapTask;--->onFinished(Landroid/graphics/Bitmap;)V
09-19 04:23:36.238 27813 27813 D M_InsDal: Lcom/forrestguice/suntimeswidget/LightMapView$1;--->onFinished(Landroid/graphics/Bitmap;)V
09-19 04:23:36.239 27813 27813 D M_InsDal: Lcom/forrestguice/suntimeswidget/SuntimesActivity$23;--->run()V
09-19 04:23:36.239 27813 27813 D M_InsDal: Lcom/forrestguice/suntimeswidget/EquinoxView;--->adjustColumnWidth(Landroid/content/Context;I)V
09-19 04:23:36.239 27813 27813 D M_InsDal: Lcom/forrestguice/suntimeswidget/EquinoxView$EquinoxNote;--->adjustLabelWidth(I)V
09-19 04:23:36.239 27813 27813 D M_InsDal: Lcom/forrestguice/suntimeswidget/EquinoxView$EquinoxNote;--->adjustLabelWidth(I)V
09-19 04:23:36.239 27813 27813 D M_InsDal: Lcom/forrestguice/suntimeswidget/LightMapDialog$2;--->run()V
09-19 04:23:36.239 27813 27813 D M_InsDal: Lcom/forrestguice/suntimeswidget/LightMapDialog;--->updateLightmapViews(Lcom/forrestguice/suntimeswidget/calculator/SuntimesRiseSetDataset;)V
09-19 04:23:36.239 27813 27813 D M_InsDal: Lcom/forrestguice/suntimeswidget/calculator/SuntimesRiseSetDataset;--->civilTwilightLength()[J
09-19 04:23:36.239 27813 27813 D M_InsDal: Lcom/forrestguice/suntimeswidget/calculator/SuntimesRiseSetDataset;--->morningTwilightLength(Lcom/forrestguice/suntimeswidget/calculator/SuntimesRiseSetData;Lcom/forrestguice/suntimeswidget/calculator/SuntimesRiseSetData;)J
09-19 04:23:36.239 27813 27813 D M_InsDal: Lcom/forrestguice/suntimeswidget/calculator/SuntimesRiseSetData;--->sunriseCalendarToday()Ljava/util/Calendar;
09-19 04:23:36.239 27813 27813 D M_InsDal: Lcom/forrestguice/suntimeswidget/calculator/SuntimesRiseSetData;--->sunriseCalendarToday()Ljava/util/Calendar;
09-19 04:23:36.239 27813 27813 D M_InsDal: Lcom/forrestguice/suntimeswidget/calculator/SuntimesRiseSetDataset;--->eveningTwilightLength(Lcom/forrestguice/suntimeswidget/calculator/SuntimesRiseSetData;Lcom/forrestguice/suntimeswidget/calculator/SuntimesRiseSetData;)J
09-19 04:23:36.239 27813 27813 D M_InsDal: Lcom/forrestguice/suntimeswidget/calculator/SuntimesRiseSetData;--->sunsetCalendarToday()Ljava/util/Calendar;
09-19 04:23:36.239 27813 27813 D M_InsDal: Lcom/forrestguice/suntimeswidget/calculator/SuntimesRiseSetData;--->sunsetCalendarToday()Ljava/util/Calendar;
09-19 04:23:36.239 27813 27813 D M_InsDal: Lcom/forrestguice/suntimeswidget/LightMapDialog;--->createInfoArray([J)[Lcom/forrestguice/suntimeswidget/LightMapDialog$LightMapKeyInfo;
09-19 04:23:36.239 27813 27813 D M_InsDal: Lcom/forrestguice/suntimeswidget/LightMapDialog$LightMapKeyInfo;---><init>(JJ)V
09-19 04:23:36.239 27813 27813 D M_InsDal: Lcom/forrestguice/suntimeswidget/LightMapDialog$LightMapKeyInfo;---><init>(JJ)V
09-19 04:23:36.239 27813 27813 D M_InsDal: Lcom/forrestguice/suntimeswidget/LightMapDialog$LightMapKey;--->updateInfo(Landroid/content/Context;[Lcom/forrestguice/suntimeswidget/LightMapDialog$LightMapKeyInfo;)V
09-19 04:23:36.239 27813 27813 D M_InsDal: Lcom/forrestguice/suntimeswidget/LightMapDialog$LightMapKeyInfo;--->durationString(Z)Ljava/lang/String;
09-19 04:23:36.239 27813 27813 D M_InsDal: Lcom/forrestguice/suntimeswidget/SuntimesUtils;--->timeDeltaLongDisplayString(JZ)Lcom/forrestguice/suntimeswidget/SuntimesUtils$TimeDisplayText;
09-19 04:23:36.239 27813 27813 D M_InsDal: Lcom/forrestguice/suntimeswidget/SuntimesUtils;--->timeDeltaLongDisplayString(JJZ)Lcom/forrestguice/suntimeswidget/SuntimesUtils$TimeDisplayText;
09-19 04:23:36.239 27813 27813 D M_InsDal: Lcom/forrestguice/suntimeswidget/SuntimesUtils;--->timeDeltaLongDisplayString(JJZZZ)Lcom/forrestguice/suntimeswidget/SuntimesUtils$TimeDisplayText;
09-19 04:23:36.239 27813 27813 D M_InsDal: Lcom/forrestguice/suntimeswidget/SuntimesUtils$TimeDisplayText;---><init>(Ljava/lang/String;Ljava/lang/String;Ljava/lang/String;)V
09-19 04:23:36.239 27813 27813 D M_InsDal: Lcom/forrestguice/suntimeswidget/SuntimesUtils$TimeDisplayText;--->setRawValue(J)V
09-19 04:23:36.239 27813 27813 D M_InsDal: Lcom/forrestguice/suntimeswidget/SuntimesUtils$TimeDisplayText;--->setSuffix(Ljava/lang/String;)V
09-19 04:23:36.239 27813 27813 D M_InsDal: Lcom/forrestguice/suntimeswidget/SuntimesUtils$TimeDisplayText;--->toString()Ljava/lang/String;
09-19 04:23:36.239 27813 27813 D M_InsDal: Lcom/forrestguice/suntimeswidget/LightMapDialog$LightMapKeyInfo;--->durationString(Z)Ljava/lang/String;
09-19 04:23:36.239 27813 27813 D M_InsDal: Lcom/forrestguice/suntimeswidget/SuntimesUtils;--->timeDeltaLongDisplayString(JZ)Lcom/forrestguice/suntimeswidget/SuntimesUtils$TimeDisplayText;
09-19 04:23:36.239 27813 27813 D M_InsDal: Lcom/forrestguice/suntimeswidget/SuntimesUtils;--->timeDeltaLongDisplayString(JJZ)Lcom/forrestguice/suntimeswidget/SuntimesUtils$TimeDisplayText;
09-19 04:23:36.239 27813 27813 D M_InsDal: Lcom/forrestguice/suntimeswidget/SuntimesUtils;--->timeDeltaLongDisplayString(JJZZZ)Lcom/forrestguice/suntimeswidget/SuntimesUtils$TimeDisplayText;
09-19 04:23:36.239 27813 27813 D M_InsDal: Lcom/forrestguice/suntimeswidget/SuntimesUtils$TimeDisplayText;---><init>(Ljava/lang/String;Ljava/lang/String;Ljava/lang/String;)V
09-19 04:23:36.239 27813 27813 D M_InsDal: Lcom/forrestguice/suntimeswidget/SuntimesUtils$TimeDisplayText;--->setRawValue(J)V
09-19 04:23:36.239 27813 27813 D M_InsDal: Lcom/forrestguice/suntimeswidget/SuntimesUtils$TimeDisplayText;--->setSuffix(Ljava/lang/String;)V
09-19 04:23:36.239 27813 27813 D M_InsDal: Lcom/forrestguice/suntimeswidget/SuntimesUtils$TimeDisplayText;--->toString()Ljava/lang/String;
09-19 04:23:36.239 27813 27813 D M_InsDal: Lcom/forrestguice/suntimeswidget/SuntimesUtils;--->createBoldColorSpan(Landroid/text/SpannableString;Ljava/lang/String;Ljava/lang/String;I)Landroid/text/SpannableString;
09-19 04:23:36.239 27813 27813 D M_InsDal: Lcom/forrestguice/suntimeswidget/SuntimesUtils;--->createBoldSpan(Landroid/text/SpannableString;Ljava/lang/String;Ljava/lang/String;)Landroid/text/SpannableString;
09-19 04:23:36.239 27813 27813 D M_InsDal: Lcom/forrestguice/suntimeswidget/SuntimesUtils;--->createColorSpan(Landroid/text/SpannableString;Ljava/lang/String;Ljava/lang/String;I)Landroid/text/SpannableString;
09-19 04:23:36.239 27813 27813 D M_InsDal: Lcom/forrestguice/suntimeswidget/LightMapDialog$LightMapKey;--->setVisible(Z)V
09-19 04:23:36.239 27813 27813 D M_InsDal: Lcom/forrestguice/suntimeswidget/LightMapDialog$LightMapKey;--->highlight(Z)V
09-19 04:23:36.239 27813 27813 D M_InsDal: Lcom/forrestguice/suntimeswidget/calculator/SuntimesRiseSetDataset;--->nauticalTwilightLength()[J
09-19 04:23:36.239 27813 27813 D M_InsDal: Lcom/forrestguice/suntimeswidget/calculator/SuntimesRiseSetDataset;--->morningTwilightLength(Lcom/forrestguice/suntimeswidget/calculator/SuntimesRiseSetData;Lcom/forrestguice/suntimeswidget/calculator/SuntimesRiseSetData;)J
09-19 04:23:36.239 27813 27813 D M_InsDal: Lcom/forrestguice/suntimeswidget/calculator/SuntimesRiseSetData;--->sunriseCalendarToday()Ljava/util/Calendar;
09-19 04:23:36.239 27813 27813 D M_InsDal: Lcom/forrestguice/suntimeswidget/calculator/SuntimesRiseSetData;--->sunriseCalendarToday()Ljava/util/Calendar;
09-19 04:23:36.239 27813 27813 D M_InsDal: Lcom/forrestguice/suntimeswidget/calculator/SuntimesRiseSetDataset;--->eveningTwilightLength(Lcom/forrestguice/suntimeswidget/calculator/SuntimesRiseSetData;Lcom/forrestguice/suntimeswidget/calculator/SuntimesRiseSetData;)J
09-19 04:23:36.239 27813 27813 D M_InsDal: Lcom/forrestguice/suntimeswidget/calculator/SuntimesRiseSetData;--->sunsetCalendarToday()Ljava/util/Calendar;
09-19 04:23:36.239 27813 27813 D M_InsDal: Lcom/forrestguice/suntimeswidget/calculator/SuntimesRiseSetData;--->sunsetCalendarToday()Ljava/util/Calendar;
09-19 04:23:36.239 27813 27813 D M_InsDal: Lcom/forrestguice/suntimeswidget/LightMapDialog;--->createInfoArray([J)[Lcom/forrestguice/suntimeswidget/LightMapDialog$LightMapKeyInfo;
09-19 04:23:36.239 27813 27813 D M_InsDal: Lcom/forrestguice/suntimeswidget/LightMapDialog$LightMapKeyInfo;---><init>(JJ)V
09-19 04:23:36.239 27813 27813 D M_InsDal: Lcom/forrestguice/suntimeswidget/LightMapDialog$LightMapKeyInfo;---><init>(JJ)V
09-19 04:23:36.239 27813 27813 D M_InsDal: Lcom/forrestguice/suntimeswidget/LightMapDialog$LightMapKey;--->updateInfo(Landroid/content/Context;[Lcom/forrestguice/suntimeswidget/LightMapDialog$LightMapKeyInfo;)V
09-19 04:23:36.239 27813 27813 D M_InsDal: Lcom/forrestguice/suntimeswidget/LightMapDialog$LightMapKeyInfo;--->durationString(Z)Ljava/lang/String;
09-19 04:23:36.239 27813 27813 D M_InsDal: Lcom/forrestguice/suntimeswidget/SuntimesUtils;--->timeDeltaLongDisplayString(JZ)Lcom/forrestguice/suntimeswidget/SuntimesUtils$TimeDisplayText;
09-19 04:23:36.239 27813 27813 D M_InsDal: Lcom/forrestguice/suntimeswidget/SuntimesUtils;--->timeDeltaLongDisplayString(JJZ)Lcom/forrestguice/suntimeswidget/SuntimesUtils$TimeDisplayText;
09-19 04:23:36.239 27813 27813 D M_InsDal: Lcom/forrestguice/suntimeswidget/SuntimesUtils;--->timeDeltaLongDisplayString(JJZZZ)Lcom/forrestguice/suntimeswidget/SuntimesUtils$TimeDisplayText;
09-19 04:23:36.239 27813 27813 D M_InsDal: Lcom/forrestguice/suntimeswidget/SuntimesUtils$TimeDisplayText;---><init>(Ljava/lang/String;Ljava/lang/String;Ljava/lang/String;)V
09-19 04:23:36.239 27813 27813 D M_InsDal: Lcom/forrestguice/suntimeswidget/SuntimesUtils$TimeDisplayText;--->setRawValue(J)V
09-19 04:23:36.239 27813 27813 D M_InsDal: Lcom/forrestguice/suntimeswidget/SuntimesUtils$TimeDisplayText;--->setSuffix(Ljava/lang/String;)V
09-19 04:23:36.239 27813 27813 D M_InsDal: Lcom/forrestguice/suntimeswidget/SuntimesUtils$TimeDisplayText;--->toString()Ljava/lang/String;
09-19 04:23:36.239 27813 27813 D M_InsDal: Lcom/forrestguice/suntimeswidget/LightMapDialog$LightMapKeyInfo;--->durationString(Z)Ljava/lang/String;
09-19 04:23:36.239 27813 27813 D M_InsDal: Lcom/forrestguice/suntimeswidget/SuntimesUtils;--->timeDeltaLongDisplayString(JZ)Lcom/forrestguice/suntimeswidget/SuntimesUtils$TimeDisplayText;
09-19 04:23:36.239 27813 27813 D M_InsDal: Lcom/forrestguice/suntimeswidget/SuntimesUtils;--->timeDeltaLongDisplayString(JJZ)Lcom/forrestguice/suntimeswidget/SuntimesUtils$TimeDisplayText;
09-19 04:23:36.239 27813 27813 D M_InsDal: Lcom/forrestguice/suntimeswidget/SuntimesUtils;--->timeDeltaLongDisplayString(JJZZZ)Lcom/forrestguice/suntimeswidget/SuntimesUtils$TimeDisplayText;
09-19 04:23:36.239 27813 27813 D M_InsDal: Lcom/forrestguice/suntimeswidget/SuntimesUtils$TimeDisplayText;---><init>(Ljava/lang/String;Ljava/lang/String;Ljava/lang/String;)V
09-19 04:23:36.239 27813 27813 D M_InsDal: Lcom/forrestguice/suntimeswidget/SuntimesUtils$TimeDisplayText;--->setRawValue(J)V
09-19 04:23:36.239 27813 27813 D M_InsDal: Lcom/forrestguice/suntimeswidget/SuntimesUtils$TimeDisplayText;--->setSuffix(Ljava/lang/String;)V
09-19 04:23:36.239 27813 27813 D M_InsDal: Lcom/forrestguice/suntimeswidget/SuntimesUtils$TimeDisplayText;--->toString()Ljava/lang/String;
09-19 04:23:36.239 27813 27813 D M_InsDal: Lcom/forrestguice/suntimeswidget/SuntimesUtils;--->createBoldColorSpan(Landroid/text/SpannableString;Ljava/lang/String;Ljava/lang/String;I)Landroid/text/SpannableString;
09-19 04:23:36.239 27813 27813 D M_InsDal: Lcom/forrestguice/suntimeswidget/SuntimesUtils;--->createBoldSpan(Landroid/text/SpannableString;Ljava/lang/String;Ljava/lang/String;)Landroid/text/SpannableString;
09-19 04:23:36.239 27813 27813 D M_InsDal: Lcom/forrestguice/suntimeswidget/SuntimesUtils;--->createColorSpan(Landroid/text/SpannableString;Ljava/lang/String;Ljava/lang/String;I)Landroid/text/SpannableString;
09-19 04:23:36.239 27813 27813 D M_InsDal: Lcom/forrestguice/suntimeswidget/LightMapDialog$LightMapKey;--->setVisible(Z)V
09-19 04:23:36.239 27813 27813 D M_InsDal: Lcom/forrestguice/suntimeswidget/LightMapDialog$LightMapKey;--->highlight(Z)V
09-19 04:23:36.239 27813 27813 D M_InsDal: Lcom/forrestguice/suntimeswidget/calculator/SuntimesRiseSetDataset;--->astroTwilightLength()[J
09-19 04:23:36.239 27813 27813 D M_InsDal: Lcom/forrestguice/suntimeswidget/calculator/SuntimesRiseSetDataset;--->morningTwilightLength(Lcom/forrestguice/suntimeswidget/calculator/SuntimesRiseSetData;Lcom/forrestguice/suntimeswidget/calculator/SuntimesRiseSetData;)J
09-19 04:23:36.239 27813 27813 D M_InsDal: Lcom/forrestguice/suntimeswidget/calculator/SuntimesRiseSetData;--->sunriseCalendarToday()Ljava/util/Calendar;
09-19 04:23:36.239 27813 27813 D M_InsDal: Lcom/forrestguice/suntimeswidget/calculator/SuntimesRiseSetData;--->sunriseCalendarToday()Ljava/util/Calendar;
09-19 04:23:36.239 27813 27813 D M_InsDal: Lcom/forrestguice/suntimeswidget/calculator/SuntimesRiseSetDataset;--->eveningTwilightLength(Lcom/forrestguice/suntimeswidget/calculator/SuntimesRiseSetData;Lcom/forrestguice/suntimeswidget/calculator/SuntimesRiseSetData;)J
09-19 04:23:36.239 27813 27813 D M_InsDal: Lcom/forrestguice/suntimeswidget/calculator/SuntimesRiseSetData;--->sunsetCalendarToday()Ljava/util/Calendar;
09-19 04:23:36.239 27813 27813 D M_InsDal: Lcom/forrestguice/suntimeswidget/calculator/SuntimesRiseSetData;--->sunsetCalendarToday()Ljava/util/Calendar;
09-19 04:23:36.239 27813 27813 D M_InsDal: Lcom/forrestguice/suntimeswidget/LightMapDialog;--->createInfoArray([J)[Lcom/forrestguice/suntimeswidget/LightMapDialog$LightMapKeyInfo;
09-19 04:23:36.239 27813 27813 D M_InsDal: Lcom/forrestguice/suntimeswidget/LightMapDialog$LightMapKeyInfo;---><init>(JJ)V
09-19 04:23:36.239 27813 27813 D M_InsDal: Lcom/forrestguice/suntimeswidget/LightMapDialog$LightMapKeyInfo;---><init>(JJ)V
09-19 04:23:36.239 27813 27813 D M_InsDal: Lcom/forrestguice/suntimeswidget/LightMapDialog$LightMapKey;--->updateInfo(Landroid/content/Context;[Lcom/forrestguice/suntimeswidget/LightMapDialog$LightMapKeyInfo;)V
09-19 04:23:36.239 27813 27813 D M_InsDal: Lcom/forrestguice/suntimeswidget/LightMapDialog$LightMapKeyInfo;--->durationString(Z)Ljava/lang/String;
09-19 04:23:36.239 27813 27813 D M_InsDal: Lcom/forrestguice/suntimeswidget/SuntimesUtils;--->timeDeltaLongDisplayString(JZ)Lcom/forrestguice/suntimeswidget/SuntimesUtils$TimeDisplayText;
09-19 04:23:36.239 27813 27813 D M_InsDal: Lcom/forrestguice/suntimeswidget/SuntimesUtils;--->timeDeltaLongDisplayString(JJZ)Lcom/forrestguice/suntimeswidget/SuntimesUtils$TimeDisplayText;
09-19 04:23:36.239 27813 27813 D M_InsDal: Lcom/forrestguice/suntimeswidget/SuntimesUtils;--->timeDeltaLongDisplayString(JJZZZ)Lcom/forrestguice/suntimeswidget/SuntimesUtils$TimeDisplayText;
09-19 04:23:36.239 27813 27813 D M_InsDal: Lcom/forrestguice/suntimeswidget/SuntimesUtils$TimeDisplayText;---><init>(Ljava/lang/String;Ljava/lang/String;Ljava/lang/String;)V
09-19 04:23:36.239 27813 27813 D M_InsDal: Lcom/forrestguice/suntimeswidget/SuntimesUtils$TimeDisplayText;--->setRawValue(J)V
09-19 04:23:36.239 27813 27813 D M_InsDal: Lcom/forrestguice/suntimeswidget/SuntimesUtils$TimeDisplayText;--->setSuffix(Ljava/lang/String;)V
09-19 04:23:36.239 27813 27813 D M_InsDal: Lcom/forrestguice/suntimeswidget/SuntimesUtils$TimeDisplayText;--->toString()Ljava/lang/String;
09-19 04:23:36.239 27813 27813 D M_InsDal: Lcom/forrestguice/suntimeswidget/LightMapDialog$LightMapKeyInfo;--->durationString(Z)Ljava/lang/String;
09-19 04:23:36.239 27813 27813 D M_InsDal: Lcom/forrestguice/suntimeswidget/SuntimesUtils;--->timeDeltaLongDisplayString(JZ)Lcom/forrestguice/suntimeswidget/SuntimesUtils$TimeDisplayText;
09-19 04:23:36.239 27813 27813 D M_InsDal: Lcom/forrestguice/suntimeswidget/SuntimesUtils;--->timeDeltaLongDisplayString(JJZ)Lcom/forrestguice/suntimeswidget/SuntimesUtils$TimeDisplayText;
09-19 04:23:36.239 27813 27813 D M_InsDal: Lcom/forrestguice/suntimeswidget/SuntimesUtils;--->timeDeltaLongDisplayString(JJZZZ)Lcom/forrestguice/suntimeswidget/SuntimesUtils$TimeDisplayText;
09-19 04:23:36.239 27813 27813 D M_InsDal: Lcom/forrestguice/suntimeswidget/SuntimesUtils$TimeDisplayText;---><init>(Ljava/lang/String;Ljava/lang/String;Ljava/lang/String;)V
09-19 04:23:36.239 27813 27813 D M_InsDal: Lcom/forrestguice/suntimeswidget/SuntimesUtils$TimeDisplayText;--->setRawValue(J)V
09-19 04:23:36.239 27813 27813 D M_InsDal: Lcom/forrestguice/suntimeswidget/SuntimesUtils$TimeDisplayText;--->setSuffix(Ljava/lang/String;)V
09-19 04:23:36.239 27813 27813 D M_InsDal: Lcom/forrestguice/suntimeswidget/SuntimesUtils$TimeDisplayText;--->toString()Ljava/lang/String;
09-19 04:23:36.239 27813 27813 D M_InsDal: Lcom/forrestguice/suntimeswidget/SuntimesUtils;--->createBoldColorSpan(Landroid/text/SpannableString;Ljava/lang/String;Ljava/lang/String;I)Landroid/text/SpannableString;
09-19 04:23:36.239 27813 27813 D M_InsDal: Lcom/forrestguice/suntimeswidget/SuntimesUtils;--->createBoldSpan(Landroid/text/SpannableString;Ljava/lang/String;Ljava/lang/String;)Landroid/text/SpannableString;
09-19 04:23:36.239 27813 27813 D M_InsDal: Lcom/forrestguice/suntimeswidget/SuntimesUtils;--->createColorSpan(Landroid/text/SpannableString;Ljava/lang/String;Ljava/lang/String;I)Landroid/text/SpannableString;
09-19 04:23:36.239 27813 27813 D M_InsDal: Lcom/forrestguice/suntimeswidget/LightMapDialog$LightMapKey;--->setVisible(Z)V
09-19 04:23:36.239 27813 27813 D M_InsDal: Lcom/forrestguice/suntimeswidget/LightMapDialog$LightMapKey;--->highlight(Z)V
09-19 04:23:36.239 27813 27813 D M_InsDal: Lcom/forrestguice/suntimeswidget/calculator/SuntimesRiseSetDataset;--->nightLength()J
09-19 04:23:36.239 27813 27813 D M_InsDal: Lcom/forrestguice/suntimeswidget/calculator/SuntimesRiseSetData;--->sunsetCalendarToday()Ljava/util/Calendar;
09-19 04:23:36.239 27813 27813 D M_InsDal: Lcom/forrestguice/suntimeswidget/calculator/SuntimesRiseSetData;--->sunriseCalendarOther()Ljava/util/Calendar;
09-19 04:23:36.239 27813 27813 D M_InsDal: Lcom/forrestguice/suntimeswidget/LightMapDialog;--->createInfoArray([J)[Lcom/forrestguice/suntimeswidget/LightMapDialog$LightMapKeyInfo;
09-19 04:23:36.239 27813 27813 D M_InsDal: Lcom/forrestguice/suntimeswidget/LightMapDialog$LightMapKeyInfo;---><init>(JJ)V
09-19 04:23:36.239 27813 27813 D M_InsDal: Lcom/forrestguice/suntimeswidget/LightMapDialog$LightMapKey;--->updateInfo(Landroid/content/Context;[Lcom/forrestguice/suntimeswidget/LightMapDialog$LightMapKeyInfo;)V
09-19 04:23:36.239 27813 27813 D M_InsDal: Lcom/forrestguice/suntimeswidget/LightMapDialog$LightMapKeyInfo;--->durationString(Z)Ljava/lang/String;
09-19 04:23:36.239 27813 27813 D M_InsDal: Lcom/forrestguice/suntimeswidget/SuntimesUtils;--->timeDeltaLongDisplayString(JZ)Lcom/forrestguice/suntimeswidget/SuntimesUtils$TimeDisplayText;
09-19 04:23:36.239 27813 27813 D M_InsDal: Lcom/forrestguice/suntimeswidget/SuntimesUtils;--->timeDeltaLongDisplayString(JJZ)Lcom/forrestguice/suntimeswidget/SuntimesUtils$TimeDisplayText;
09-19 04:23:36.239 27813 27813 D M_InsDal: Lcom/forrestguice/suntimeswidget/SuntimesUtils;--->timeDeltaLongDisplayString(JJZZZ)Lcom/forrestguice/suntimeswidget/SuntimesUtils$TimeDisplayText;
09-19 04:23:36.239 27813 27813 D M_InsDal: Lcom/forrestguice/suntimeswidget/SuntimesUtils$TimeDisplayText;---><init>(Ljava/lang/String;Ljava/lang/String;Ljava/lang/String;)V
09-19 04:23:36.239 27813 27813 D M_InsDal: Lcom/forrestguice/suntimeswidget/SuntimesUtils$TimeDisplayText;--->setRawValue(J)V
09-19 04:23:36.239 27813 27813 D M_InsDal: Lcom/forrestguice/suntimeswidget/SuntimesUtils$TimeDisplayText;--->setSuffix(Ljava/lang/String;)V
09-19 04:23:36.239 27813 27813 D M_InsDal: Lcom/forrestguice/suntimeswidget/SuntimesUtils$TimeDisplayText;--->toString()Ljava/lang/String;
09-19 04:23:36.240 27813 27813 D M_InsDal: Lcom/forrestguice/suntimeswidget/LightMapDialog$LightMapKey;--->setVisible(Z)V
09-19 04:23:36.240 27813 27813 D M_InsDal: Lcom/forrestguice/suntimeswidget/LightMapDialog$LightMapKey;--->highlight(Z)V
09-19 04:23:36.240 27813 27813 D M_InsDal: Lcom/forrestguice/suntimeswidget/calculator/SuntimesRiseSetDataset;--->dayLengthOther()J
09-19 04:23:36.240 27813 27813 D M_InsDal: Lcom/forrestguice/suntimeswidget/calculator/SuntimesRiseSetData;--->dayLengthOther()J
09-19 04:23:36.240 27813 27813 D M_InsDal: Lcom/forrestguice/suntimeswidget/calculator/SuntimesRiseSetDataset;--->dayLength()J
09-19 04:23:36.240 27813 27813 D M_InsDal: Lcom/forrestguice/suntimeswidget/calculator/SuntimesRiseSetData;--->dayLengthToday()J
09-19 04:23:36.240 27813 27813 D M_InsDal: Lcom/forrestguice/suntimeswidget/calculator/SuntimesRiseSetDataset;--->dayLength()J
09-19 04:23:36.240 27813 27813 D M_InsDal: Lcom/forrestguice/suntimeswidget/calculator/SuntimesRiseSetData;--->dayLengthToday()J
09-19 04:23:36.240 27813 27813 D M_InsDal: Lcom/forrestguice/suntimeswidget/LightMapDialog;--->createInfoArray(JJI)[Lcom/forrestguice/suntimeswidget/LightMapDialog$LightMapKeyInfo;
09-19 04:23:36.240 27813 27813 D M_InsDal: Lcom/forrestguice/suntimeswidget/LightMapDialog$LightMapKeyInfo;---><init>(JJ)V
09-19 04:23:36.240 27813 27813 D M_InsDal: Lcom/forrestguice/suntimeswidget/LightMapDialog$LightMapKey;--->updateInfo(Landroid/content/Context;[Lcom/forrestguice/suntimeswidget/LightMapDialog$LightMapKeyInfo;)V
09-19 04:23:36.240 27813 27813 D M_InsDal: Lcom/forrestguice/suntimeswidget/LightMapDialog$LightMapKeyInfo;--->durationString(Z)Ljava/lang/String;
09-19 04:23:36.240 27813 27813 D M_InsDal: Lcom/forrestguice/suntimeswidget/SuntimesUtils;--->timeDeltaLongDisplayString(JZ)Lcom/forrestguice/suntimeswidget/SuntimesUtils$TimeDisplayText;
09-19 04:23:36.240 27813 27813 D M_InsDal: Lcom/forrestguice/suntimeswidget/SuntimesUtils;--->timeDeltaLongDisplayString(JJZ)Lcom/forrestguice/suntimeswidget/SuntimesUtils$TimeDisplayText;
09-19 04:23:36.240 27813 27813 D M_InsDal: Lcom/forrestguice/suntimeswidget/SuntimesUtils;--->timeDeltaLongDisplayString(JJZZZ)Lcom/forrestguice/suntimeswidget/SuntimesUtils$TimeDisplayText;
09-19 04:23:36.240 27813 27813 D M_InsDal: Lcom/forrestguice/suntimeswidget/SuntimesUtils$TimeDisplayText;---><init>(Ljava/lang/String;Ljava/lang/String;Ljava/lang/String;)V
09-19 04:23:36.240 27813 27813 D M_InsDal: Lcom/forrestguice/suntimeswidget/SuntimesUtils$TimeDisplayText;--->setRawValue(J)V
09-19 04:23:36.240 27813 27813 D M_InsDal: Lcom/forrestguice/suntimeswidget/SuntimesUtils$TimeDisplayText;--->setSuffix(Ljava/lang/String;)V
09-19 04:23:36.240 27813 27813 D M_InsDal: Lcom/forrestguice/suntimeswidget/SuntimesUtils$TimeDisplayText;--->toString()Ljava/lang/String;
09-19 04:23:36.240 27813 27813 D M_InsDal: Lcom/forrestguice/suntimeswidget/LightMapDialog$LightMapKeyInfo;--->deltaString(Z)Ljava/lang/String;
09-19 04:23:36.240 27813 27813 D M_InsDal: Lcom/forrestguice/suntimeswidget/SuntimesUtils;--->timeDeltaLongDisplayString(JZ)Lcom/forrestguice/suntimeswidget/SuntimesUtils$TimeDisplayText;
09-19 04:23:36.240 27813 27813 D M_InsDal: Lcom/forrestguice/suntimeswidget/SuntimesUtils;--->timeDeltaLongDisplayString(JJZ)Lcom/forrestguice/suntimeswidget/SuntimesUtils$TimeDisplayText;
09-19 04:23:36.240 27813 27813 D M_InsDal: Lcom/forrestguice/suntimeswidget/SuntimesUtils;--->timeDeltaLongDisplayString(JJZZZ)Lcom/forrestguice/suntimeswidget/SuntimesUtils$TimeDisplayText;
09-19 04:23:36.240 27813 27813 D M_InsDal: Lcom/forrestguice/suntimeswidget/SuntimesUtils$TimeDisplayText;---><init>(Ljava/lang/String;Ljava/lang/String;Ljava/lang/String;)V
09-19 04:23:36.240 27813 27813 D M_InsDal: Lcom/forrestguice/suntimeswidget/SuntimesUtils$TimeDisplayText;--->setRawValue(J)V
09-19 04:23:36.240 27813 27813 D M_InsDal: Lcom/forrestguice/suntimeswidget/SuntimesUtils$TimeDisplayText;--->setSuffix(Ljava/lang/String;)V
09-19 04:23:36.240 27813 27813 D M_InsDal: Lcom/forrestguice/suntimeswidget/SuntimesUtils$TimeDisplayText;--->toString()Ljava/lang/String;
09-19 04:23:36.240 27813 27813 D M_InsDal: Lcom/forrestguice/suntimeswidget/SuntimesUtils;--->createColorSpan(Landroid/text/SpannableString;Ljava/lang/String;Ljava/lang/String;I)Landroid/text/SpannableString;
09-19 04:23:36.240 27813 27813 D M_InsDal: Lcom/forrestguice/suntimeswidget/LightMapDialog$LightMapKey;--->setVisible(Z)V
09-19 04:23:36.240 27813 27813 D M_InsDal: Lcom/forrestguice/suntimeswidget/LightMapDialog$LightMapKey;--->highlight(Z)V
09-19 04:23:36.240 27813 27813 D M_InsDal: Lcom/forrestguice/suntimeswidget/LightMapView;--->updateViews(Lcom/forrestguice/suntimeswidget/calculator/SuntimesRiseSetDataset;)V
09-19 04:23:36.240 27813 27813 D M_InsDal: Lcom/forrestguice/suntimeswidget/LightMapView$LightMapTask;---><init>()V
09-19 04:23:36.240 27813 27813 D M_InsDal: Lcom/forrestguice/suntimeswidget/LightMapView$1;---><init>(Lcom/forrestguice/suntimeswidget/LightMapView;)V
09-19 04:23:36.240 27813 27813 D M_InsDal: Lcom/forrestguice/suntimeswidget/LightMapView$LightMapTaskListener;---><init>()V
09-19 04:23:36.240 27813 27813 D M_InsDal: Lcom/forrestguice/suntimeswidget/LightMapView$LightMapTask;--->setListener(Lcom/forrestguice/suntimeswidget/LightMapView$LightMapTaskListener;)V
09-19 04:23:36.240 27813 27813 D M_InsDal: Lcom/forrestguice/suntimeswidget/LightMapView$LightMapTask;--->onPreExecute()V
09-19 04:23:36.240 27813 27813 D M_InsDal: Lcom/forrestguice/suntimeswidget/LightMapDialog;--->updateSunPositionViews(Lcom/forrestguice/suntimeswidget/calculator/SuntimesRiseSetDataset;)V
09-19 04:23:36.240 27813 27813 D M_InsDal: Lcom/forrestguice/suntimeswidget/calculator/SuntimesRiseSetDataset;--->calculator()Lcom/forrestguice/suntimeswidget/calculator/core/SuntimesCalculator;
09-19 04:23:36.240 27813 27813 D M_InsDal: Lcom/forrestguice/suntimeswidget/calculator/SuntimesData;--->calculator()Lcom/forrestguice/suntimeswidget/calculator/core/SuntimesCalculator;
09-19 04:23:36.240 27813 27813 D M_InsDal: Lcom/forrestguice/suntimeswidget/calculator/SuntimesRiseSetData;--->sunriseCalendarToday()Ljava/util/Calendar;
09-19 04:23:36.240 27813 27813 D M_InsDal: Lcom/forrestguice/suntimeswidget/calculator/time4a/Time4ASuntimesCalculator;--->getSunPosition(Ljava/util/Calendar;)Lcom/forrestguice/suntimeswidget/calculator/core/SuntimesCalculator$SunPosition;
09-19 04:23:36.240 27813 27836 D M_InsDal: Lcom/forrestguice/suntimeswidget/LightMapView$LightMapTask;--->doInBackground([Ljava/lang/Object;)Landroid/graphics/Bitmap;
09-19 04:23:36.240 27813 27836 D M_InsDal: Lcom/forrestguice/suntimeswidget/LightMapView$LightMapTask;--->makeBitmap(Lcom/forrestguice/suntimeswidget/calculator/SuntimesRiseSetDataset;IILcom/forrestguice/suntimeswidget/LightMapView$LightMapColors;)Landroid/graphics/Bitmap;
09-19 04:23:36.240 27813 27836 D M_InsDal: Lcom/forrestguice/suntimeswidget/LightMapView$LightMapTask;--->drawRect(Landroid/graphics/Canvas;Landroid/graphics/Paint;)V
09-19 04:23:36.240 27813 27813 D M_InsDal: Lcom/forrestguice/suntimeswidget/calculator/core/SuntimesCalculator$SunPosition;---><init>()V
09-19 04:23:36.240 27813 27813 D M_InsDal: Lcom/forrestguice/suntimeswidget/calculator/core/SuntimesCalculator$Position;---><init>()V
09-19 04:23:36.240 27813 27813 D M_InsDal: Lcom/forrestguice/suntimeswidget/calculator/SuntimesRiseSetDataset;--->calendar()Ljava/util/Calendar;
09-19 04:23:36.240 27813 27813 D M_InsDal: Lcom/forrestguice/suntimeswidget/calculator/SuntimesData;--->calendar()Ljava/util/Calendar;
09-19 04:23:36.240 27813 27813 D M_InsDal: Lcom/forrestguice/suntimeswidget/calculator/SuntimesRiseSetDataset;--->nowThen(Ljava/util/Calendar;)Ljava/util/Calendar;
09-19 04:23:36.240 27813 27813 D M_InsDal: Lcom/forrestguice/suntimeswidget/calculator/SuntimesData;--->nowThen(Ljava/util/Calendar;)Ljava/util/Calendar;
09-19 04:23:36.240 27813 27813 D M_InsDal: Lcom/forrestguice/suntimeswidget/calculator/SuntimesData;--->now()Ljava/util/Calendar;
09-19 04:23:36.240 27813 27813 D M_InsDal: Lcom/forrestguice/suntimeswidget/calculator/SuntimesData;--->timezone()Ljava/util/TimeZone;
09-19 04:23:36.240 27813 27813 D M_InsDal: Lcom/forrestguice/suntimeswidget/calculator/time4a/Time4ASuntimesCalculator;--->getSunPosition(Ljava/util/Calendar;)Lcom/forrestguice/suntimeswidget/calculator/core/SuntimesCalculator$SunPosition;
09-19 04:23:36.240 27813 27836 D M_InsDal: Lcom/forrestguice/suntimeswidget/LightMapView$LightMapTask;--->drawRect(Lcom/forrestguice/suntimeswidget/calculator/SuntimesRiseSetData;Landroid/graphics/Canvas;Landroid/graphics/Paint;)Z
09-19 04:23:36.240 27813 27836 D M_InsDal: Lcom/forrestguice/suntimeswidget/calculator/SuntimesRiseSetData;--->sunriseCalendarToday()Ljava/util/Calendar;
09-19 04:23:36.240 27813 27836 D M_InsDal: Lcom/forrestguice/suntimeswidget/calculator/SuntimesRiseSetData;--->sunsetCalendarToday()Ljava/util/Calendar;
09-19 04:23:36.240 27813 27836 D M_InsDal: Lcom/forrestguice/suntimeswidget/calculator/SuntimesData;--->calendar()Ljava/util/Calendar;
09-19 04:23:36.240 27813 27836 D M_InsDal: Lcom/forrestguice/suntimeswidget/calculator/SuntimesData;--->calendar()Ljava/util/Calendar;
09-19 04:23:36.240 27813 27836 D M_InsDal: Lcom/forrestguice/suntimeswidget/LightMapView$LightMapTask;--->drawRect(Lcom/forrestguice/suntimeswidget/calculator/SuntimesRiseSetData;Landroid/graphics/Canvas;Landroid/graphics/Paint;)Z
09-19 04:23:36.240 27813 27836 D M_InsDal: Lcom/forrestguice/suntimeswidget/calculator/SuntimesRiseSetData;--->sunriseCalendarToday()Ljava/util/Calendar;
09-19 04:23:36.240 27813 27836 D M_InsDal: Lcom/forrestguice/suntimeswidget/calculator/SuntimesRiseSetData;--->sunsetCalendarToday()Ljava/util/Calendar;
09-19 04:23:36.240 27813 27813 D M_InsDal: Lcom/forrestguice/suntimeswidget/calculator/core/SuntimesCalculator$SunPosition;---><init>()V
09-19 04:23:36.240 27813 27836 D M_InsDal: Lcom/forrestguice/suntimeswidget/calculator/SuntimesData;--->calendar()Ljava/util/Calendar;
09-19 04:23:36.240 27813 27813 D M_InsDal: Lcom/forrestguice/suntimeswidget/calculator/core/SuntimesCalculator$Position;---><init>()V
09-19 04:23:36.240 27813 27836 D M_InsDal: Lcom/forrestguice/suntimeswidget/calculator/SuntimesData;--->calendar()Ljava/util/Calendar;
09-19 04:23:36.240 27813 27813 D M_InsDal: Lcom/forrestguice/suntimeswidget/LightMapDialog;--->styleAzimuthText(Landroid/widget/TextView;DLjava/lang/Integer;I)V
09-19 04:23:36.240 27813 27836 D M_InsDal: Lcom/forrestguice/suntimeswidget/LightMapView$LightMapTask;--->drawRect(Lcom/forrestguice/suntimeswidget/calculator/SuntimesRiseSetData;Landroid/graphics/Canvas;Landroid/graphics/Paint;)Z
09-19 04:23:36.240 27813 27813 D M_InsDal: Lcom/forrestguice/suntimeswidget/SuntimesUtils;--->formatAsDirection2(DIZ)Lcom/forrestguice/suntimeswidget/SuntimesUtils$TimeDisplayText;
09-19 04:23:36.240 27813 27836 D M_InsDal: Lcom/forrestguice/suntimeswidget/calculator/SuntimesRiseSetData;--->sunriseCalendarToday()Ljava/util/Calendar;
09-19 04:23:36.240 27813 27813 D M_InsDal: Lcom/forrestguice/suntimeswidget/SuntimesUtils;--->formatAsDegrees(DI)Ljava/lang/String;
09-19 04:23:36.240 27813 27836 D M_InsDal: Lcom/forrestguice/suntimeswidget/calculator/SuntimesRiseSetData;--->sunsetCalendarToday()Ljava/util/Calendar;
09-19 04:23:36.240 27813 27836 D M_InsDal: Lcom/forrestguice/suntimeswidget/calculator/SuntimesData;--->calendar()Ljava/util/Calendar;
09-19 04:23:36.240 27813 27836 D M_InsDal: Lcom/forrestguice/suntimeswidget/calculator/SuntimesData;--->calendar()Ljava/util/Calendar;
09-19 04:23:36.240 27813 27836 D M_InsDal: Lcom/forrestguice/suntimeswidget/LightMapView$LightMapTask;--->drawRect(Lcom/forrestguice/suntimeswidget/calculator/SuntimesRiseSetData;Landroid/graphics/Canvas;Landroid/graphics/Paint;)Z
09-19 04:23:36.240 27813 27836 D M_InsDal: Lcom/forrestguice/suntimeswidget/calculator/SuntimesRiseSetData;--->sunriseCalendarToday()Ljava/util/Calendar;
09-19 04:23:36.240 27813 27836 D M_InsDal: Lcom/forrestguice/suntimeswidget/calculator/SuntimesRiseSetData;--->sunsetCalendarToday()Ljava/util/Calendar;
09-19 04:23:36.240 27813 27836 D M_InsDal: Lcom/forrestguice/suntimeswidget/calculator/SuntimesData;--->calendar()Ljava/util/Calendar;
09-19 04:23:36.240 27813 27836 D M_InsDal: Lcom/forrestguice/suntimeswidget/calculator/SuntimesData;--->calendar()Ljava/util/Calendar;
09-19 04:23:36.240 27813 27836 D M_InsDal: Lcom/forrestguice/suntimeswidget/calculator/SuntimesRiseSetDataset;--->now()Ljava/util/Calendar;
