--------- beginning of system
--------- beginning of main
05-14 15:42:16.673  7172  7201 D M_InsDal: Lcom/fsck/k9/K9$2;--->enabled()Z
05-14 15:42:16.673  7172  7201 D M_InsDal: Lcom/fsck/k9/mail/store/imap/ImapFolderPusher$PushRunnable;--->getOldUidNext()J
05-14 15:42:16.673  7172  7201 D M_InsDal: Lcom/fsck/k9/mail/store/imap/ImapFolder;--->getName()Ljava/lang/String;
05-14 15:42:16.673  7172  7201 D M_InsDal: Lcom/fsck/k9/controller/MessagingControllerPushReceiver;--->getPushState(Ljava/lang/String;)Ljava/lang/String;
05-14 15:42:16.673  7172  7201 D M_InsDal: Lcom/fsck/k9/Account;--->getLocalStore()Lcom/fsck/k9/mailstore/LocalStore;
05-14 15:42:16.674  7172  7199 D M_InsDal: Lcom/fsck/k9/mailstore/LockableDatabase;--->unlockRead()V
05-14 15:42:16.674  7172  7199 D M_InsDal: Lcom/fsck/k9/mailstore/LockableDatabase;--->getStorageManager()Lcom/fsck/k9/mailstore/StorageManager;
05-14 15:42:16.674  7172  7199 D M_InsDal: Lcom/fsck/k9/mailstore/StorageManager;--->getInstance(Landroid/content/Context;)Lcom/fsck/k9/mailstore/StorageManager;
05-14 15:42:16.674  7172  7199 D M_InsDal: Lcom/fsck/k9/mailstore/StorageManager;--->unlockProvider(Ljava/lang/String;)V
05-14 15:42:16.674  7172  7201 D M_InsDal: Lcom/fsck/k9/mailstore/LocalStore;--->getInstance(Lcom/fsck/k9/Account;Landroid/content/Context;)Lcom/fsck/k9/mailstore/LocalStore;
05-14 15:42:16.674  7172  7199 D M_InsDal: Lcom/fsck/k9/mailstore/StorageManager;--->getProvider(Ljava/lang/String;)Lcom/fsck/k9/mailstore/StorageManager$StorageProvider;
05-14 15:42:16.674  7172  7201 D M_InsDal: Lcom/fsck/k9/Account;--->getUuid()Ljava/lang/String;
05-14 15:42:16.674  7172  7201 D M_InsDal: Lcom/fsck/k9/mailstore/LocalStore;--->getFolder(Ljava/lang/String;)Lcom/fsck/k9/mailstore/LocalFolder;
05-14 15:42:16.674  7172  7201 D M_InsDal: Lcom/fsck/k9/mailstore/LocalFolder;---><init>(Lcom/fsck/k9/mailstore/LocalStore;Ljava/lang/String;)V
05-14 15:42:16.674  7172  7201 D M_InsDal: Lcom/fsck/k9/mail/Folder;---><init>()V
05-14 15:42:16.674  7172  7201 D M_InsDal: Lcom/fsck/k9/mailstore/LocalStore;--->getAttachmentInfoExtractor()Lcom/fsck/k9/message/extractors/AttachmentInfoExtractor;
05-14 15:42:16.674  7172  7201 D M_InsDal: Lcom/fsck/k9/mailstore/LocalFolder;--->getAccount()Lcom/fsck/k9/Account;
05-14 15:42:16.674  7172  7201 D M_InsDal: Lcom/fsck/k9/mailstore/LocalStore;--->getAccount()Lcom/fsck/k9/Account;
05-14 15:42:16.674  7172  7201 D M_InsDal: Lcom/fsck/k9/Account;--->getInboxFolderName()Ljava/lang/String;
05-14 15:42:16.674  7172  7201 D M_InsDal: Lcom/fsck/k9/mailstore/LocalFolder;--->getName()Ljava/lang/String;
05-14 15:42:16.674  7172  7201 D M_InsDal: Lcom/fsck/k9/mailstore/LocalFolder;--->open(I)V
05-14 15:42:16.674  7172  7201 D M_InsDal: Lcom/fsck/k9/mailstore/LocalFolder;--->isOpen()Z
05-14 15:42:16.674  7172  7201 D M_InsDal: Lcom/fsck/k9/mailstore/LocalFolder;--->isOpen()Z
05-14 15:42:16.674  7172  7201 D M_InsDal: Lcom/fsck/k9/mailstore/LocalStore;--->getDatabase()Lcom/fsck/k9/mailstore/LockableDatabase;
05-14 15:42:16.674  7172  7201 D M_InsDal: Lcom/fsck/k9/mailstore/LocalFolder$1;---><init>(Lcom/fsck/k9/mailstore/LocalFolder;I)V
05-14 15:42:16.674  7172  7201 D M_InsDal: Lcom/fsck/k9/mailstore/LockableDatabase;--->execute(ZLcom/fsck/k9/mailstore/LockableDatabase$DbCallback;)Ljava/lang/Object;
05-14 15:42:16.674  7172  7201 D M_InsDal: Lcom/fsck/k9/mailstore/LockableDatabase;--->lockRead()V
05-14 15:42:16.674  7172  7201 D M_InsDal: Lcom/fsck/k9/mailstore/LockableDatabase;--->getStorageManager()Lcom/fsck/k9/mailstore/StorageManager;
05-14 15:42:16.674  7172  7201 D M_InsDal: Lcom/fsck/k9/mailstore/StorageManager;--->getInstance(Landroid/content/Context;)Lcom/fsck/k9/mailstore/StorageManager;
05-14 15:42:16.674  7172  7201 D M_InsDal: Lcom/fsck/k9/mailstore/StorageManager;--->lockProvider(Ljava/lang/String;)V
05-14 15:42:16.674  7172  7201 D M_InsDal: Lcom/fsck/k9/mailstore/StorageManager;--->getProvider(Ljava/lang/String;)Lcom/fsck/k9/mailstore/StorageManager$StorageProvider;
05-14 15:42:16.674  7172  7201 D M_InsDal: Lcom/fsck/k9/mailstore/StorageManager$InternalStorageProvider;--->isReady(Landroid/content/Context;)Z
05-14 15:42:16.674  7172  7201 D M_InsDal: Lcom/fsck/k9/K9;--->isDebug()Z
05-14 15:42:16.674  7172  7201 D M_InsDal: Lcom/fsck/k9/mailstore/LocalFolder$1;--->doDbWork(Landroid/database/sqlite/SQLiteDatabase;)Ljava/lang/Void;
05-14 15:42:16.674  7172  7201 D M_InsDal: Lcom/fsck/k9/mailstore/LocalFolder;--->open(Landroid/database/Cursor;)V
05-14 15:42:16.674  7172  7201 D M_InsDal: Lcom/fsck/k9/mail/Folder;--->setStatus(Ljava/lang/String;)V
05-14 15:42:16.674  7172  7201 D M_InsDal: Lcom/fsck/k9/mail/Folder;--->setLastChecked(J)V
05-14 15:42:16.674  7172  7201 D M_InsDal: Lcom/fsck/k9/mail/Folder;--->setLastPush(J)V
05-14 15:42:16.674  7172  7201 D M_InsDal: Lcom/fsck/k9/mail/Folder$FolderClass;--->valueOf(Ljava/lang/String;)Lcom/fsck/k9/mail/Folder$FolderClass;
05-14 15:42:16.674  7172  7201 D M_InsDal: Lcom/fsck/k9/mail/Folder$FolderClass;--->valueOf(Ljava/lang/String;)Lcom/fsck/k9/mail/Folder$FolderClass;
05-14 15:42:16.674  7172  7201 D M_InsDal: Lcom/fsck/k9/mailstore/LocalFolder$MoreMessages;--->fromDatabaseName(Ljava/lang/String;)Lcom/fsck/k9/mailstore/LocalFolder$MoreMessages;
05-14 15:42:16.674  7172  7201 D M_InsDal: Lcom/fsck/k9/mailstore/LocalFolder$MoreMessages;--->values()[Lcom/fsck/k9/mailstore/LocalFolder$MoreMessages;
05-14 15:42:16.674  7172  7201 D M_InsDal: Lcom/fsck/k9/helper/Utility;--->closeQuietly(Landroid/database/Cursor;)V
05-14 15:42:16.674  7172  7201 D M_InsDal: Lcom/fsck/k9/mailstore/LockableDatabase;--->unlockRead()V
05-14 15:42:16.674  7172  7201 D M_InsDal: Lcom/fsck/k9/mailstore/LockableDatabase;--->getStorageManager()Lcom/fsck/k9/mailstore/StorageManager;
05-14 15:42:16.674  7172  7201 D M_InsDal: Lcom/fsck/k9/mailstore/StorageManager;--->getInstance(Landroid/content/Context;)Lcom/fsck/k9/mailstore/StorageManager;
05-14 15:42:16.674  7172  7201 D M_InsDal: Lcom/fsck/k9/mailstore/StorageManager;--->unlockProvider(Ljava/lang/String;)V
05-14 15:42:16.674  7172  7201 D M_InsDal: Lcom/fsck/k9/mailstore/StorageManager;--->getProvider(Ljava/lang/String;)Lcom/fsck/k9/mailstore/StorageManager$StorageProvider;
05-14 15:42:16.674  7172  7201 D M_InsDal: Lcom/fsck/k9/mailstore/LocalFolder;--->getPushState()Ljava/lang/String;
05-14 15:42:16.674  7172  7201 D M_InsDal: Lcom/fsck/k9/mailstore/LocalFolder;--->close()V
05-14 15:42:16.674  7172  7200 D M_InsDal: Lcom/fsck/k9/mail/K9MailLib;--->isDebug()Z
05-14 15:42:16.674  7172  7200 D M_InsDal: Lcom/fsck/k9/K9$2;--->enabled()Z
05-14 15:42:16.674  7172  7200 D M_InsDal: Lcom/fsck/k9/mail/power/TracingPowerManager$TracingWakeLock;--->raiseNotification()V
05-14 15:42:16.674  7172  7198 D M_InsDal: Lcom/fsck/k9/AccountStats;---><init>()V
05-14 15:42:16.674  7172  7200 D M_InsDal: Lcom/fsck/k9/mail/K9MailLib;--->isDebug()Z
05-14 15:42:16.674  7172  7200 D M_InsDal: Lcom/fsck/k9/K9$2;--->enabled()Z
05-14 15:42:16.674  7172  7200 D M_InsDal: Lcom/fsck/k9/mail/store/imap/ImapFolderPusher$PushRunnable;--->getOldUidNext()J
05-14 15:42:16.674  7172  7200 D M_InsDal: Lcom/fsck/k9/mail/store/imap/ImapFolder;--->getName()Ljava/lang/String;
05-14 15:42:16.674  7172  7200 D M_InsDal: Lcom/fsck/k9/controller/MessagingControllerPushReceiver;--->getPushState(Ljava/lang/String;)Ljava/lang/String;
05-14 15:42:16.674  7172  7198 D M_InsDal: Lcom/fsck/k9/activity/Accounts$1;--->accountStatusChanged(Lcom/fsck/k9/BaseAccount;Lcom/fsck/k9/AccountStats;)V
05-14 15:42:16.674  7172  7200 D M_InsDal: Lcom/fsck/k9/Account;--->getLocalStore()Lcom/fsck/k9/mailstore/LocalStore;
05-14 15:42:16.674  7172  7198 D M_InsDal: Lcom/fsck/k9/search/SearchAccount;--->getUuid()Ljava/lang/String;
05-14 15:42:16.674  7172  7198 D M_InsDal: Lcom/fsck/k9/search/SearchAccount;--->getUuid()Ljava/lang/String;
05-14 15:42:16.674  7172  7198 D M_InsDal: Lcom/fsck/k9/activity/Accounts$AccountsHandler;--->dataChanged()V
05-14 15:42:16.674  7172  7198 D M_InsDal: Lcom/fsck/k9/activity/Accounts$AccountsHandler$2;---><init>(Lcom/fsck/k9/activity/Accounts$AccountsHandler;)V
05-14 15:42:16.674  7172  7198 D M_InsDal: Lcom/fsck/k9/activity/Accounts$AccountsHandler;--->progress(I)V
05-14 15:42:16.674  7172  7198 D M_InsDal: Lcom/fsck/k9/activity/Accounts$AccountsHandler$6;---><init>(Lcom/fsck/k9/activity/Accounts$AccountsHandler;I)V
05-14 15:42:16.674  7172  7200 D M_InsDal: Lcom/fsck/k9/mailstore/LocalStore;--->getInstance(Lcom/fsck/k9/Account;Landroid/content/Context;)Lcom/fsck/k9/mailstore/LocalStore;
05-14 15:42:16.674  7172  7200 D M_InsDal: Lcom/fsck/k9/Account;--->getUuid()Ljava/lang/String;
05-14 15:42:16.674  7172  7200 D M_InsDal: Lcom/fsck/k9/mailstore/LocalStore;--->getFolder(Ljava/lang/String;)Lcom/fsck/k9/mailstore/LocalFolder;
05-14 15:42:16.674  7172  7200 D M_InsDal: Lcom/fsck/k9/mailstore/LocalFolder;---><init>(Lcom/fsck/k9/mailstore/LocalStore;Ljava/lang/String;)V
05-14 15:42:16.674  7172  7200 D M_InsDal: Lcom/fsck/k9/mail/Folder;---><init>()V
05-14 15:42:16.674  7172  7200 D M_InsDal: Lcom/fsck/k9/mailstore/LocalStore;--->getAttachmentInfoExtractor()Lcom/fsck/k9/message/extractors/AttachmentInfoExtractor;
05-14 15:42:16.674  7172  7200 D M_InsDal: Lcom/fsck/k9/mailstore/LocalFolder;--->getAccount()Lcom/fsck/k9/Account;
05-14 15:42:16.674  7172  7200 D M_InsDal: Lcom/fsck/k9/mailstore/LocalStore;--->getAccount()Lcom/fsck/k9/Account;
05-14 15:42:16.674  7172  7200 D M_InsDal: Lcom/fsck/k9/Account;--->getInboxFolderName()Ljava/lang/String;
05-14 15:42:16.674  7172  7200 D M_InsDal: Lcom/fsck/k9/mailstore/LocalFolder;--->getName()Ljava/lang/String;
05-14 15:42:16.674  7172  7200 D M_InsDal: Lcom/fsck/k9/mailstore/LocalFolder;--->open(I)V
05-14 15:42:16.674  7172  7200 D M_InsDal: Lcom/fsck/k9/mailstore/LocalFolder;--->isOpen()Z
05-14 15:42:16.674  7172  7200 D M_InsDal: Lcom/fsck/k9/mailstore/LocalFolder;--->isOpen()Z
05-14 15:42:16.674  7172  7200 D M_InsDal: Lcom/fsck/k9/mailstore/LocalStore;--->getDatabase()Lcom/fsck/k9/mailstore/LockableDatabase;
05-14 15:42:16.674  7172  7200 D M_InsDal: Lcom/fsck/k9/mailstore/LocalFolder$1;---><init>(Lcom/fsck/k9/mailstore/LocalFolder;I)V
05-14 15:42:16.674  7172  7200 D M_InsDal: Lcom/fsck/k9/mailstore/LockableDatabase;--->execute(ZLcom/fsck/k9/mailstore/LockableDatabase$DbCallback;)Ljava/lang/Object;
05-14 15:42:16.674  7172  7200 D M_InsDal: Lcom/fsck/k9/mailstore/LockableDatabase;--->lockRead()V
05-14 15:42:16.674  7172  7200 D M_InsDal: Lcom/fsck/k9/mailstore/LockableDatabase;--->getStorageManager()Lcom/fsck/k9/mailstore/StorageManager;
05-14 15:42:16.674  7172  7200 D M_InsDal: Lcom/fsck/k9/mailstore/StorageManager;--->getInstance(Landroid/content/Context;)Lcom/fsck/k9/mailstore/StorageManager;
05-14 15:42:16.674  7172  7200 D M_InsDal: Lcom/fsck/k9/mailstore/StorageManager;--->lockProvider(Ljava/lang/String;)V
05-14 15:42:16.674  7172  7200 D M_InsDal: Lcom/fsck/k9/mailstore/StorageManager;--->getProvider(Ljava/lang/String;)Lcom/fsck/k9/mailstore/StorageManager$StorageProvider;
05-14 15:42:16.674  7172  7200 D M_InsDal: Lcom/fsck/k9/mailstore/StorageManager$InternalStorageProvider;--->isReady(Landroid/content/Context;)Z
05-14 15:42:16.674  7172  7200 D M_InsDal: Lcom/fsck/k9/K9;--->isDebug()Z
05-14 15:42:16.674  7172  7200 D M_InsDal: Lcom/fsck/k9/mailstore/LocalFolder$1;--->doDbWork(Landroid/database/sqlite/SQLiteDatabase;)Ljava/lang/Void;
05-14 15:42:16.675  7172  7199 D M_InsDal: Lcom/fsck/k9/helper/Utility;--->closeQuietly(Landroid/database/Cursor;)V
05-14 15:42:16.675  7172  7199 D M_InsDal: Lcom/fsck/k9/Account;--->getLocalStore()Lcom/fsck/k9/mailstore/LocalStore;
05-14 15:42:16.675  7172  7199 D M_InsDal: Lcom/fsck/k9/mailstore/LocalStore;--->getInstance(Lcom/fsck/k9/Account;Landroid/content/Context;)Lcom/fsck/k9/mailstore/LocalStore;
05-14 15:42:16.675  7172  7199 D M_InsDal: Lcom/fsck/k9/Account;--->getUuid()Ljava/lang/String;
05-14 15:42:16.675  7172  7199 D M_InsDal: Lcom/fsck/k9/K9;--->measureAccounts()Z
05-14 15:42:16.675  7172  7199 D M_InsDal: Lcom/fsck/k9/mailstore/LocalStore;--->getSize()J
05-14 15:42:16.675  7172  7199 D M_InsDal: Lcom/fsck/k9/mailstore/StorageManager;--->getInstance(Landroid/content/Context;)Lcom/fsck/k9/mailstore/StorageManager;
05-14 15:42:16.675  7172  7199 D M_InsDal: Lcom/fsck/k9/Account;--->getUuid()Ljava/lang/String;
05-14 15:42:16.675  7172  7199 D M_InsDal: Lcom/fsck/k9/mailstore/LockableDatabase;--->getStorageProviderId()Ljava/lang/String;
05-14 15:42:16.675  7172  7199 D M_InsDal: Lcom/fsck/k9/mailstore/StorageManager;--->getAttachmentDirectory(Ljava/lang/String;Ljava/lang/String;)Ljava/io/File;
05-14 15:42:16.675  7172  7199 D M_InsDal: Lcom/fsck/k9/mailstore/StorageManager;--->getProvider(Ljava/lang/String;)Lcom/fsck/k9/mailstore/StorageManager$StorageProvider;
05-14 15:42:16.675  7172  7199 D M_InsDal: Lcom/fsck/k9/mailstore/StorageManager$InternalStorageProvider;--->getAttachmentDirectory(Landroid/content/Context;Ljava/lang/String;)Ljava/io/File;
05-14 15:42:16.675  7172  7199 D M_InsDal: Lcom/fsck/k9/mailstore/LocalStore$1;---><init>(Lcom/fsck/k9/mailstore/LocalStore;Ljava/io/File;Lcom/fsck/k9/mailstore/StorageManager;)V
05-14 15:42:16.675  7172  7199 D M_InsDal: Lcom/fsck/k9/mailstore/LockableDatabase;--->execute(ZLcom/fsck/k9/mailstore/LockableDatabase$DbCallback;)Ljava/lang/Object;
05-14 15:42:16.675  7172  7199 D M_InsDal: Lcom/fsck/k9/mailstore/LockableDatabase;--->lockRead()V
05-14 15:42:16.675  7172  7199 D M_InsDal: Lcom/fsck/k9/mailstore/LockableDatabase;--->getStorageManager()Lcom/fsck/k9/mailstore/StorageManager;
05-14 15:42:16.675  7172  7199 D M_InsDal: Lcom/fsck/k9/mailstore/StorageManager;--->getInstance(Landroid/content/Context;)Lcom/fsck/k9/mailstore/StorageManager;
05-14 15:42:16.675  7172  7199 D M_InsDal: Lcom/fsck/k9/mailstore/StorageManager;--->lockProvider(Ljava/lang/String;)V
05-14 15:42:16.675  7172  7199 D M_InsDal: Lcom/fsck/k9/mailstore/StorageManager;--->getProvider(Ljava/lang/String;)Lcom/fsck/k9/mailstore/StorageManager$StorageProvider;
05-14 15:42:16.675  7172  7199 D M_InsDal: Lcom/fsck/k9/mailstore/StorageManager$InternalStorageProvider;--->isReady(Landroid/content/Context;)Z
05-14 15:42:16.675  7172  7199 D M_InsDal: Lcom/fsck/k9/K9;--->isDebug()Z
05-14 15:42:16.675  7172  7199 D M_InsDal: Lcom/fsck/k9/mailstore/LocalStore$1;--->doDbWork(Landroid/database/sqlite/SQLiteDatabase;)Ljava/lang/Long;
05-14 15:42:16.675  7172  7200 D M_InsDal: Lcom/fsck/k9/mailstore/LocalFolder;--->open(Landroid/database/Cursor;)V
05-14 15:42:16.675  7172  7199 D M_InsDal: Lcom/fsck/k9/Account;--->getUuid()Ljava/lang/String;
05-14 15:42:16.675  7172  7200 D M_InsDal: Lcom/fsck/k9/mail/Folder;--->setStatus(Ljava/lang/String;)V
05-14 15:42:16.675  7172  7199 D M_InsDal: Lcom/fsck/k9/mailstore/LockableDatabase;--->getStorageProviderId()Ljava/lang/String;
05-14 15:42:16.675  7172  7200 D M_InsDal: Lcom/fsck/k9/mail/Folder;--->setLastChecked(J)V
05-14 15:42:16.675  7172  7199 D M_InsDal: Lcom/fsck/k9/mailstore/StorageManager;--->getDatabase(Ljava/lang/String;Ljava/lang/String;)Ljava/io/File;
05-14 15:42:16.675  7172  7200 D M_InsDal: Lcom/fsck/k9/mail/Folder;--->setLastPush(J)V
05-14 15:42:16.675  7172  7199 D M_InsDal: Lcom/fsck/k9/mailstore/StorageManager;--->getProvider(Ljava/lang/String;)Lcom/fsck/k9/mailstore/StorageManager$StorageProvider;
05-14 15:42:16.675  7172  7199 D M_InsDal: Lcom/fsck/k9/mailstore/StorageManager$InternalStorageProvider;--->getDatabase(Landroid/content/Context;Ljava/lang/String;)Ljava/io/File;
05-14 15:42:16.675  7172  7200 D M_InsDal: Lcom/fsck/k9/mail/Folder$FolderClass;--->valueOf(Ljava/lang/String;)Lcom/fsck/k9/mail/Folder$FolderClass;
05-14 15:42:16.675  7172  7200 D M_InsDal: Lcom/fsck/k9/mail/Folder$FolderClass;--->valueOf(Ljava/lang/String;)Lcom/fsck/k9/mail/Folder$FolderClass;
05-14 15:42:16.675  7172  7199 D M_InsDal: Lcom/fsck/k9/mailstore/LockableDatabase;--->unlockRead()V
05-14 15:42:16.675  7172  7199 D M_InsDal: Lcom/fsck/k9/mailstore/LockableDatabase;--->getStorageManager()Lcom/fsck/k9/mailstore/StorageManager;
05-14 15:42:16.675  7172  7199 D M_InsDal: Lcom/fsck/k9/mailstore/StorageManager;--->getInstance(Landroid/content/Context;)Lcom/fsck/k9/mailstore/StorageManager;
05-14 15:42:16.675  7172  7200 D M_InsDal: Lcom/fsck/k9/mailstore/LocalFolder$MoreMessages;--->fromDatabaseName(Ljava/lang/String;)Lcom/fsck/k9/mailstore/LocalFolder$MoreMessages;
05-14 15:42:16.675  7172  7199 D M_InsDal: Lcom/fsck/k9/mailstore/StorageManager;--->unlockProvider(Ljava/lang/String;)V
05-14 15:42:16.675  7172  7200 D M_InsDal: Lcom/fsck/k9/mailstore/LocalFolder$MoreMessages;--->values()[Lcom/fsck/k9/mailstore/LocalFolder$MoreMessages;
05-14 15:42:16.675  7172  7199 D M_InsDal: Lcom/fsck/k9/mailstore/StorageManager;--->getProvider(Ljava/lang/String;)Lcom/fsck/k9/mailstore/StorageManager$StorageProvider;
05-14 15:42:16.675  7172  7200 D M_InsDal: Lcom/fsck/k9/helper/Utility;--->closeQuietly(Landroid/database/Cursor;)V
05-14 15:42:16.675  7172  7199 D M_InsDal: Lcom/fsck/k9/activity/Accounts$1;--->accountStatusChanged(Lcom/fsck/k9/BaseAccount;Lcom/fsck/k9/AccountStats;)V
05-14 15:42:16.676  7172  7199 D M_InsDal: Lcom/fsck/k9/Account;--->getUuid()Ljava/lang/String;
05-14 15:42:16.676  7172  7200 D M_InsDal: Lcom/fsck/k9/mailstore/LockableDatabase;--->unlockRead()V
05-14 15:42:16.676  7172  7200 D M_InsDal: Lcom/fsck/k9/mailstore/LockableDatabase;--->getStorageManager()Lcom/fsck/k9/mailstore/StorageManager;
05-14 15:42:16.676  7172  7199 D M_InsDal: Lcom/fsck/k9/Account;--->getUuid()Ljava/lang/String;
05-14 15:42:16.676  7172  7200 D M_InsDal: Lcom/fsck/k9/mailstore/StorageManager;--->getInstance(Landroid/content/Context;)Lcom/fsck/k9/mailstore/StorageManager;
05-14 15:42:16.676  7172  7200 D M_InsDal: Lcom/fsck/k9/mailstore/StorageManager;--->unlockProvider(Ljava/lang/String;)V
05-14 15:42:16.676  7172  7200 D M_InsDal: Lcom/fsck/k9/mailstore/StorageManager;--->getProvider(Ljava/lang/String;)Lcom/fsck/k9/mailstore/StorageManager$StorageProvider;
05-14 15:42:16.676  7172  7199 D M_InsDal: Lcom/fsck/k9/activity/Accounts$AccountsHandler;--->dataChanged()V
05-14 15:42:16.676  7172  7199 D M_InsDal: Lcom/fsck/k9/activity/Accounts$AccountsHandler$2;---><init>(Lcom/fsck/k9/activity/Accounts$AccountsHandler;)V
05-14 15:42:16.676  7172  7200 D M_InsDal: Lcom/fsck/k9/mailstore/LocalFolder;--->getPushState()Ljava/lang/String;
05-14 15:42:16.676  7172  7200 D M_InsDal: Lcom/fsck/k9/mailstore/LocalFolder;--->close()V
05-14 15:42:16.676  7172  7199 D M_InsDal: Lcom/fsck/k9/Account;--->hashCode()I
05-14 15:42:16.676  7172  7199 D M_InsDal: Lcom/fsck/k9/activity/Accounts$AccountsHandler;--->progress(I)V
05-14 15:42:16.676  7172  7199 D M_InsDal: Lcom/fsck/k9/activity/Accounts$AccountsHandler$6;---><init>(Lcom/fsck/k9/activity/Accounts$AccountsHandler;I)V
05-14 15:42:16.676  7172  7199 D M_InsDal: Lcom/fsck/k9/activity/Accounts$AccountsHandler;--->refreshTitle()V
05-14 15:42:16.676  7172  7199 D M_InsDal: Lcom/fsck/k9/activity/Accounts$AccountsHandler$1;---><init>(Lcom/fsck/k9/activity/Accounts$AccountsHandler;)V
05-14 15:42:16.676  7172  7201 D M_InsDal: Lcom/fsck/k9/mail/store/imap/ImapPushState;--->parse(Ljava/lang/String;)Lcom/fsck/k9/mail/store/imap/ImapPushState;
05-14 15:42:16.676  7172  7201 D M_InsDal: Lcom/fsck/k9/mail/store/imap/ImapPushState;--->createDefaultImapPushState()Lcom/fsck/k9/mail/store/imap/ImapPushState;
05-14 15:42:16.676  7172  7201 D M_InsDal: Lcom/fsck/k9/mail/store/imap/ImapPushState;---><init>(J)V
05-14 15:42:16.676  7172  7201 D M_InsDal: Lcom/fsck/k9/mail/K9MailLib;--->isDebug()Z
05-14 15:42:16.676  7172  7201 D M_InsDal: Lcom/fsck/k9/K9$2;--->enabled()Z
05-14 15:42:16.676  7172  7201 D M_InsDal: Lcom/fsck/k9/mail/store/imap/ImapFolderPusher$PushRunnable;--->openConnectionIfNecessary()Z
05-14 15:42:16.676  7172  7201 D M_InsDal: Lcom/fsck/k9/mail/store/imap/ImapFolder;--->internalOpen(I)Ljava/util/List;
05-14 15:42:16.676  7172  7201 D M_InsDal: Lcom/fsck/k9/mail/store/imap/ImapFolder;--->isOpen()Z
05-14 15:42:16.676  7172  7201 D M_InsDal: Lcom/fsck/k9/mail/store/imap/ImapStore;--->releaseConnection(Lcom/fsck/k9/mail/store/imap/ImapConnection;)V
05-14 15:42:16.676  7172  7201 D M_InsDal: Lcom/fsck/k9/mail/store/imap/ImapStore;--->getConnection()Lcom/fsck/k9/mail/store/imap/ImapConnection;
05-14 15:42:16.676  7172  7201 D M_InsDal: Lcom/fsck/k9/mail/store/imap/ImapStore;--->pollConnection()Lcom/fsck/k9/mail/store/imap/ImapConnection;
05-14 15:42:16.676  7172  7201 D M_InsDal: Lcom/fsck/k9/mail/store/imap/ImapStore;--->createImapConnection()Lcom/fsck/k9/mail/store/imap/ImapConnection;
05-14 15:42:16.676  7172  7201 D M_InsDal: Lcom/fsck/k9/mail/store/imap/ImapStore$StoreImapSettings;---><init>(Lcom/fsck/k9/mail/store/imap/ImapStore;)V
05-14 15:42:16.676  7172  7201 D M_InsDal: Lcom/fsck/k9/mail/store/imap/ImapConnection;---><init>(Lcom/fsck/k9/mail/store/imap/ImapSettings;Lcom/fsck/k9/mail/ssl/TrustedSocketFactory;Landroid/net/ConnectivityManager;Lcom/fsck/k9/mail/oauth/OAuth2TokenProvider;)V
05-14 15:42:16.676  7172  7201 D M_InsDal: Lcom/fsck/k9/mail/store/imap/ImapFolder;--->getPrefixedName()Ljava/lang/String;
05-14 15:42:16.676  7172  7201 D M_InsDal: Lcom/fsck/k9/mail/store/imap/ImapStore;--->getStoreConfig()Lcom/fsck/k9/mail/store/StoreConfig;
05-14 15:42:16.676  7172  7201 D M_InsDal: Lcom/fsck/k9/Account;--->getInboxFolderName()Ljava/lang/String;
05-14 15:42:16.676  7172  7201 D M_InsDal: Lcom/fsck/k9/mail/store/imap/ImapConnection;--->open()V
05-14 15:42:16.676  7172  7201 D M_InsDal: Lcom/fsck/k9/mail/store/imap/ImapConnection;--->adjustDNSCacheTTL()V
05-14 15:42:16.676  7172  7201 D M_InsDal: Lcom/fsck/k9/mail/store/imap/ImapConnection;--->connect()Ljava/net/Socket;
05-14 15:42:16.676  7172  7201 D M_InsDal: Lcom/fsck/k9/mail/store/imap/ImapStore$StoreImapSettings;--->getHost()Ljava/lang/String;
05-14 15:42:16.676  7172  7200 D M_InsDal: Lcom/fsck/k9/mail/store/imap/ImapPushState;--->parse(Ljava/lang/String;)Lcom/fsck/k9/mail/store/imap/ImapPushState;
05-14 15:42:16.676  7172  7200 D M_InsDal: Lcom/fsck/k9/mail/store/imap/ImapPushState;---><init>(J)V
05-14 15:42:16.676  7172  7200 D M_InsDal: Lcom/fsck/k9/mail/K9MailLib;--->isDebug()Z
05-14 15:42:16.676  7172  7200 D M_InsDal: Lcom/fsck/k9/K9$2;--->enabled()Z
05-14 15:42:16.676  7172  7200 D M_InsDal: Lcom/fsck/k9/mail/store/imap/ImapFolderPusher$PushRunnable;--->openConnectionIfNecessary()Z
05-14 15:42:16.676  7172  7200 D M_InsDal: Lcom/fsck/k9/mail/store/imap/ImapFolder;--->internalOpen(I)Ljava/util/List;
05-14 15:42:16.676  7172  7200 D M_InsDal: Lcom/fsck/k9/mail/store/imap/ImapFolder;--->isOpen()Z
05-14 15:42:16.676  7172  7200 D M_InsDal: Lcom/fsck/k9/mail/store/imap/ImapStore;--->releaseConnection(Lcom/fsck/k9/mail/store/imap/ImapConnection;)V
05-14 15:42:16.676  7172  7200 D M_InsDal: Lcom/fsck/k9/mail/store/imap/ImapStore;--->getConnection()Lcom/fsck/k9/mail/store/imap/ImapConnection;
05-14 15:42:16.676  7172  7200 D M_InsDal: Lcom/fsck/k9/mail/store/imap/ImapStore;--->pollConnection()Lcom/fsck/k9/mail/store/imap/ImapConnection;
05-14 15:42:16.676  7172  7200 D M_InsDal: Lcom/fsck/k9/mail/store/imap/ImapStore;--->createImapConnection()Lcom/fsck/k9/mail/store/imap/ImapConnection;
05-14 15:42:16.676  7172  7200 D M_InsDal: Lcom/fsck/k9/mail/store/imap/ImapStore$StoreImapSettings;---><init>(Lcom/fsck/k9/mail/store/imap/ImapStore;)V
05-14 15:42:16.676  7172  7200 D M_InsDal: Lcom/fsck/k9/mail/store/imap/ImapConnection;---><init>(Lcom/fsck/k9/mail/store/imap/ImapSettings;Lcom/fsck/k9/mail/ssl/TrustedSocketFactory;Landroid/net/ConnectivityManager;Lcom/fsck/k9/mail/oauth/OAuth2TokenProvider;)V
05-14 15:42:16.677  7172  7200 D M_InsDal: Lcom/fsck/k9/mail/store/imap/ImapFolder;--->getPrefixedName()Ljava/lang/String;
05-14 15:42:16.677  7172  7200 D M_InsDal: Lcom/fsck/k9/mail/store/imap/ImapStore;--->getStoreConfig()Lcom/fsck/k9/mail/store/StoreConfig;
05-14 15:42:16.677  7172  7200 D M_InsDal: Lcom/fsck/k9/Account;--->getInboxFolderName()Ljava/lang/String;
05-14 15:42:16.677  7172  7200 D M_InsDal: Lcom/fsck/k9/mail/store/imap/FolderNameCodec;--->encode(Ljava/lang/String;)Ljava/lang/String;
05-14 15:42:16.677  7172  7200 D M_InsDal: Lcom/fsck/k9/mail/store/imap/ImapUtility;--->encodeString(Ljava/lang/String;)Ljava/lang/String;
05-14 15:42:16.677  7172  7200 D M_InsDal: Lcom/fsck/k9/mail/store/imap/ImapFolder;--->executeSimpleCommand(Ljava/lang/String;)Ljava/util/List;
05-14 15:42:16.677  7172  7200 D M_InsDal: Lcom/fsck/k9/mail/store/imap/ImapConnection;--->executeSimpleCommand(Ljava/lang/String;)Ljava/util/List;
05-14 15:42:16.677  7172  7200 D M_InsDal: Lcom/fsck/k9/mail/store/imap/ImapConnection;--->executeSimpleCommand(Ljava/lang/String;Z)Ljava/util/List;
05-14 15:42:16.677  7172  7200 D M_InsDal: Lcom/fsck/k9/mail/store/imap/ImapConnection;--->sendCommand(Ljava/lang/String;Z)Ljava/lang/String;
05-14 15:42:16.677  7172  7200 D M_InsDal: Lcom/fsck/k9/mail/store/imap/ImapConnection;--->open()V
05-14 15:42:16.677  7172  7200 D M_InsDal: Lcom/fsck/k9/mail/store/imap/ImapConnection;--->adjustDNSCacheTTL()V
05-14 15:42:16.677  7172  7200 D M_InsDal: Lcom/fsck/k9/mail/store/imap/ImapConnection;--->connect()Ljava/net/Socket;
05-14 15:42:16.677  7172  7200 D M_InsDal: Lcom/fsck/k9/mail/store/imap/ImapStore$StoreImapSettings;--->getHost()Ljava/lang/String;
05-14 15:42:16.678  7172  7172 D M_InsDal: Lcom/fsck/k9/service/BootReceiver;---><init>()V
05-14 15:42:16.678  7172  7172 D M_InsDal: Lcom/fsck/k9/service/CoreReceiver;---><init>()V
05-14 15:42:16.678  7172  7172 D M_InsDal: Lcom/fsck/k9/service/CoreReceiver;--->onReceive(Landroid/content/Context;Landroid/content/Intent;)V
05-14 15:42:16.678  7172  7172 D M_InsDal: Lcom/fsck/k9/service/CoreReceiver;--->getWakeLock(Landroid/content/Context;)Ljava/lang/Integer;
05-14 15:42:16.678  7172  7172 D M_InsDal: Lcom/fsck/k9/mail/power/TracingPowerManager;--->getPowerManager(Landroid/content/Context;)Lcom/fsck/k9/mail/power/TracingPowerManager;
05-14 15:42:16.678  7172  7172 D M_InsDal: Lcom/fsck/k9/mail/power/TracingPowerManager;--->newWakeLock(ILjava/lang/String;)Lcom/fsck/k9/mail/power/TracingPowerManager$TracingWakeLock;
05-14 15:42:16.678  7172  7172 D M_InsDal: Lcom/fsck/k9/mail/power/TracingPowerManager$TracingWakeLock;---><init>(Lcom/fsck/k9/mail/power/TracingPowerManager;ILjava/lang/String;)V
05-14 15:42:16.678  7172  7172 D M_InsDal: Lcom/fsck/k9/mail/K9MailLib;--->isDebug()Z
05-14 15:42:16.678  7172  7172 D M_InsDal: Lcom/fsck/k9/K9$2;--->enabled()Z
05-14 15:42:16.678  7172  7172 D M_InsDal: Lcom/fsck/k9/mail/power/TracingPowerManager$TracingWakeLock;--->setReferenceCounted(Z)V
05-14 15:42:16.678  7172  7172 D M_InsDal: Lcom/fsck/k9/mail/power/TracingPowerManager$TracingWakeLock;--->acquire(J)V
05-14 15:42:16.678  7172  7200 D M_InsDal: Lcom/fsck/k9/mail/store/imap/ImapConnection;--->connectToAddress(Ljava/net/InetAddress;)Ljava/net/Socket;
05-14 15:42:16.678  7172  7200 D M_InsDal: Lcom/fsck/k9/mail/store/imap/ImapStore$StoreImapSettings;--->getHost()Ljava/lang/String;
05-14 15:42:16.678  7172  7200 D M_InsDal: Lcom/fsck/k9/mail/store/imap/ImapStore$StoreImapSettings;--->getPort()I
05-14 15:42:16.678  7172  7200 D M_InsDal: Lcom/fsck/k9/mail/store/imap/ImapStore$StoreImapSettings;--->getClientCertificateAlias()Ljava/lang/String;
05-14 15:42:16.678  7172  7200 D M_InsDal: Lcom/fsck/k9/mail/K9MailLib;--->isDebug()Z
05-14 15:42:16.678  7172  7200 D M_InsDal: Lcom/fsck/k9/K9$2;--->enabled()Z
05-14 15:42:16.678  7172  7200 D M_InsDal: Lcom/fsck/k9/mail/store/imap/ImapStore$StoreImapSettings;--->getConnectionSecurity()Lcom/fsck/k9/mail/ConnectionSecurity;
05-14 15:42:16.678  7172  7200 D M_InsDal: Lcom/fsck/k9/mail/ssl/DefaultTrustedSocketFactory;--->createSocket(Ljava/net/Socket;Ljava/lang/String;ILjava/lang/String;)Ljava/net/Socket;
05-14 15:42:16.678  7172  7201 D M_InsDal: Lcom/fsck/k9/mail/store/imap/ImapConnection;--->connectToAddress(Ljava/net/InetAddress;)Ljava/net/Socket;
05-14 15:42:16.678  7172  7201 D M_InsDal: Lcom/fsck/k9/mail/store/imap/ImapStore$StoreImapSettings;--->getHost()Ljava/lang/String;
05-14 15:42:16.678  7172  7201 D M_InsDal: Lcom/fsck/k9/mail/store/imap/ImapStore$StoreImapSettings;--->getPort()I
05-14 15:42:16.678  7172  7201 D M_InsDal: Lcom/fsck/k9/mail/store/imap/ImapStore$StoreImapSettings;--->getClientCertificateAlias()Ljava/lang/String;
05-14 15:42:16.678  7172  7201 D M_InsDal: Lcom/fsck/k9/mail/K9MailLib;--->isDebug()Z
05-14 15:42:16.678  7172  7201 D M_InsDal: Lcom/fsck/k9/K9$2;--->enabled()Z
05-14 15:42:16.678  7172  7201 D M_InsDal: Lcom/fsck/k9/mail/store/imap/ImapStore$StoreImapSettings;--->getConnectionSecurity()Lcom/fsck/k9/mail/ConnectionSecurity;
05-14 15:42:16.678  7172  7201 D M_InsDal: Lcom/fsck/k9/mail/ssl/DefaultTrustedSocketFactory;--->createSocket(Ljava/net/Socket;Ljava/lang/String;ILjava/lang/String;)Ljava/net/Socket;
05-14 15:42:16.678  7172  7172 D M_InsDal: Lcom/fsck/k9/mail/K9MailLib;--->isDebug()Z
05-14 15:42:16.678  7172  7172 D M_InsDal: Lcom/fsck/k9/K9$2;--->enabled()Z
05-14 15:42:16.678  7172  7172 D M_InsDal: Lcom/fsck/k9/mail/power/TracingPowerManager$TracingWakeLock;--->raiseNotification()V
05-14 15:42:16.679  7172  7200 D M_InsDal: Lcom/fsck/k9/mail/ssl/TrustManagerFactory;---><clinit>()V
05-14 15:42:16.679  7172  7172 D M_InsDal: Lcom/fsck/k9/service/BootReceiver;--->receive(Landroid/content/Context;Landroid/content/Intent;Ljava/lang/Integer;)Ljava/lang/Integer;
05-14 15:42:16.679  7172  7200 D M_InsDal: Lcom/fsck/k9/mail/ssl/LocalKeyStore;--->getInstance()Lcom/fsck/k9/mail/ssl/LocalKeyStore;
05-14 15:42:16.679  7172  7200 D M_InsDal: Lcom/fsck/k9/mail/ssl/LocalKeyStore$LocalKeyStoreHolder;---><clinit>()V
05-14 15:42:16.679  7172  7172 D M_InsDal: Lcom/fsck/k9/service/BootReceiver;--->buildPendingIntent(Landroid/content/Context;Landroid/content/Intent;)Landroid/app/PendingIntent;
05-14 15:42:16.679  7172  7200 D M_InsDal: Lcom/fsck/k9/mail/ssl/LocalKeyStore;---><init>()V
05-14 15:42:16.679  7172  7200 D M_InsDal: Lcom/fsck/k9/mail/ssl/LocalKeyStore;--->upgradeKeyStoreFile()V
05-14 15:42:16.679  7172  7200 D M_InsDal: Lcom/fsck/k9/mail/ssl/LocalKeyStore;--->getKeyStoreFilePath(I)Ljava/lang/String;
05-14 15:42:16.679  7172  7200 D M_InsDal: Lcom/fsck/k9/mail/ssl/LocalKeyStore;--->setKeyStoreFile(Ljava/io/File;)V
05-14 15:42:16.679  7172  7200 D M_InsDal: Lcom/fsck/k9/mail/ssl/LocalKeyStore;--->getKeyStoreFilePath(I)Ljava/lang/String;
05-14 15:42:16.680  7172  7172 D M_InsDal: Lcom/fsck/k9/helper/K9AlarmManager;--->getAlarmManager(Landroid/content/Context;)Lcom/fsck/k9/helper/K9AlarmManager;
05-14 15:42:16.680  7172  7172 D M_InsDal: Lcom/fsck/k9/power/DozeChecker;---><init>(Landroid/content/Context;)V
05-14 15:42:16.680  7172  7172 D M_InsDal: Lcom/fsck/k9/helper/K9AlarmManager;---><init>(Landroid/app/AlarmManager;Lcom/fsck/k9/power/DozeChecker;)V
05-14 15:42:16.680  7172  7172 D M_InsDal: Lcom/fsck/k9/helper/K9AlarmManager;--->cancel(Landroid/app/PendingIntent;)V
05-14 15:42:16.680  7172  7201 D M_InsDal: Lcom/fsck/k9/mail/ssl/TrustManagerFactory;--->get(Ljava/lang/String;I)Ljavax/net/ssl/X509TrustManager;
05-14 15:42:16.680  7172  7201 D M_InsDal: Lcom/fsck/k9/mail/ssl/TrustManagerFactory$SecureX509TrustManager;---><clinit>()V
05-14 15:42:16.680  7172  7201 D M_InsDal: Lcom/fsck/k9/mail/ssl/TrustManagerFactory$SecureX509TrustManager;--->getInstance(Ljava/lang/String;I)Ljavax/net/ssl/X509TrustManager;
05-14 15:42:16.680  7172  7201 D M_InsDal: Lcom/fsck/k9/mail/ssl/TrustManagerFactory$SecureX509TrustManager;---><init>(Ljava/lang/String;I)V
05-14 15:42:16.680  7172  7201 D M_InsDal: Lcom/fsck/k9/mail/ssl/DefaultTrustedSocketFactory;--->hardenSocket(Ljavax/net/ssl/SSLSocket;)V
05-14 15:42:16.680  7172  7172 D M_InsDal: Lcom/fsck/k9/service/CoreReceiver;--->releaseWakeLock(Ljava/lang/Integer;)V
05-14 15:42:16.680  7172  7172 D M_InsDal: Lcom/fsck/k9/mail/power/TracingPowerManager$TracingWakeLock;--->release()V
05-14 15:42:16.680  7172  7172 D M_InsDal: Lcom/fsck/k9/mail/K9MailLib;--->isDebug()Z
05-14 15:42:16.680  7172  7172 D M_InsDal: Lcom/fsck/k9/K9$2;--->enabled()Z
05-14 15:42:16.680  7172  7172 D M_InsDal: Lcom/fsck/k9/mail/power/TracingPowerManager$TracingWakeLock;--->cancelNotification()V
05-14 15:42:16.680  7172  7201 D M_InsDal: Lcom/fsck/k9/mail/ssl/DefaultTrustedSocketFactory;--->setSniHost(Ljavax/net/ssl/SSLSocketFactory;Ljavax/net/ssl/SSLSocket;Ljava/lang/String;)V
05-14 15:42:16.680  7172  7201 D M_InsDal: Lcom/fsck/k9/mail/ssl/DefaultTrustedSocketFactory;--->setHostnameViaReflection(Ljavax/net/ssl/SSLSocket;Ljava/lang/String;)V
05-14 15:42:16.680  7172  7200 D M_InsDal: Lcom/fsck/k9/mail/ssl/TrustManagerFactory;--->get(Ljava/lang/String;I)Ljavax/net/ssl/X509TrustManager;
05-14 15:42:16.680  7172  7172 D M_InsDal: Lcom/fsck/k9/service/PushService;---><init>()V
05-14 15:42:16.680  7172  7200 D M_InsDal: Lcom/fsck/k9/mail/ssl/TrustManagerFactory$SecureX509TrustManager;--->getInstance(Ljava/lang/String;I)Ljavax/net/ssl/X509TrustManager;
05-14 15:42:16.680  7172  7172 D M_InsDal: Lcom/fsck/k9/service/CoreService;---><init>()V
05-14 15:42:16.680  7172  7172 D M_InsDal: Lcom/fsck/k9/service/CoreService;--->onCreate()V
05-14 15:42:16.680  7172  7172 D M_InsDal: Lcom/fsck/k9/service/PushService;--->onCreate()V
05-14 15:42:16.680  7172  7172 D M_InsDal: Lcom/fsck/k9/service/CoreService;--->setAutoShutdown(Z)V
05-14 15:42:16.680  7172  7172 D M_InsDal: Lcom/fsck/k9/service/CoreService;--->onStartCommand(Landroid/content/Intent;II)I
05-14 15:42:16.680  7172  7172 D M_InsDal: Lcom/fsck/k9/service/CoreService;--->acquireWakeLock(Landroid/content/Context;Ljava/lang/String;J)Lcom/fsck/k9/mail/power/TracingPowerManager$TracingWakeLock;
05-14 15:42:16.680  7172  7172 D M_InsDal: Lcom/fsck/k9/mail/power/TracingPowerManager;--->getPowerManager(Landroid/content/Context;)Lcom/fsck/k9/mail/power/TracingPowerManager;
05-14 15:42:16.680  7172  7172 D M_InsDal: Lcom/fsck/k9/mail/power/TracingPowerManager;--->newWakeLock(ILjava/lang/String;)Lcom/fsck/k9/mail/power/TracingPowerManager$TracingWakeLock;
05-14 15:42:16.680  7172  7172 D M_InsDal: Lcom/fsck/k9/mail/power/TracingPowerManager$TracingWakeLock;---><init>(Lcom/fsck/k9/mail/power/TracingPowerManager;ILjava/lang/String;)V
05-14 15:42:16.680  7172  7200 D M_InsDal: Lcom/fsck/k9/mail/ssl/DefaultTrustedSocketFactory;--->hardenSocket(Ljavax/net/ssl/SSLSocket;)V
05-14 15:42:16.680  7172  7172 D M_InsDal: Lcom/fsck/k9/mail/K9MailLib;--->isDebug()Z
05-14 15:42:16.681  7172  7200 D M_InsDal: Lcom/fsck/k9/mail/ssl/DefaultTrustedSocketFactory;--->setSniHost(Ljavax/net/ssl/SSLSocketFactory;Ljavax/net/ssl/SSLSocket;Ljava/lang/String;)V
05-14 15:42:16.681  7172  7200 D M_InsDal: Lcom/fsck/k9/mail/ssl/DefaultTrustedSocketFactory;--->setHostnameViaReflection(Ljavax/net/ssl/SSLSocket;Ljava/lang/String;)V
05-14 15:42:16.681  7172  7172 D M_InsDal: Lcom/fsck/k9/K9$2;--->enabled()Z
05-14 15:42:16.681  7172  7172 D M_InsDal: Lcom/fsck/k9/mail/power/TracingPowerManager$TracingWakeLock;--->setReferenceCounted(Z)V
05-14 15:42:16.681  7172  7172 D M_InsDal: Lcom/fsck/k9/mail/power/TracingPowerManager$TracingWakeLock;--->acquire(J)V
05-14 15:42:16.681  7172  7172 D M_InsDal: Lcom/fsck/k9/mail/K9MailLib;--->isDebug()Z
05-14 15:42:16.681  7172  7172 D M_InsDal: Lcom/fsck/k9/K9$2;--->enabled()Z
05-14 15:42:16.681  7172  7172 D M_InsDal: Lcom/fsck/k9/mail/power/TracingPowerManager$TracingWakeLock;--->raiseNotification()V
05-14 15:42:16.681  7172  7172 D M_InsDal: Lcom/fsck/k9/mail/power/TracingPowerManager$TracingWakeLock;--->release()V
05-14 15:42:16.681  7172  7172 D M_InsDal: Lcom/fsck/k9/mail/K9MailLib;--->isDebug()Z
05-14 15:42:16.681  7172  7172 D M_InsDal: Lcom/fsck/k9/K9$2;--->enabled()Z
05-14 15:42:16.681  7172  7172 D M_InsDal: Lcom/fsck/k9/mail/power/TracingPowerManager$TracingWakeLock;--->cancelNotification()V
05-14 15:42:16.681  7172  7172 D M_InsDal: Lcom/fsck/k9/service/PushService;--->startService(Landroid/content/Intent;I)I
05-14 15:42:16.681  7172  7172 D M_InsDal: Lcom/fsck/k9/mail/power/TracingPowerManager$TracingWakeLock;--->release()V
05-14 15:42:16.681  7172  7172 D M_InsDal: Lcom/fsck/k9/mail/K9MailLib;--->isDebug()Z
05-14 15:42:16.681  7172  7172 D M_InsDal: Lcom/fsck/k9/K9$2;--->enabled()Z
05-14 15:42:16.681  7172  7172 D M_InsDal: Lcom/fsck/k9/mail/power/TracingPowerManager$TracingWakeLock;--->cancelNotification()V
05-14 15:42:16.682  7172  7172 D M_InsDal: Lcom/fsck/k9/activity/Accounts$AccountsHandler$2;--->run()V
05-14 15:42:16.682  7172  7172 D M_InsDal: Lcom/fsck/k9/activity/Accounts$AccountsHandler$6;--->run()V
05-14 15:42:16.682  7172  7172 D M_InsDal: Lcom/fsck/k9/service/CoreService;--->onStartCommand(Landroid/content/Intent;II)I
05-14 15:42:16.682  7172  7172 D M_InsDal: Lcom/fsck/k9/service/CoreService;--->acquireWakeLock(Landroid/content/Context;Ljava/lang/String;J)Lcom/fsck/k9/mail/power/TracingPowerManager$TracingWakeLock;
05-14 15:42:16.682  7172  7172 D M_InsDal: Lcom/fsck/k9/mail/power/TracingPowerManager;--->getPowerManager(Landroid/content/Context;)Lcom/fsck/k9/mail/power/TracingPowerManager;
05-14 15:42:16.682  7172  7172 D M_InsDal: Lcom/fsck/k9/mail/power/TracingPowerManager;--->newWakeLock(ILjava/lang/String;)Lcom/fsck/k9/mail/power/TracingPowerManager$TracingWakeLock;
05-14 15:42:16.682  7172  7172 D M_InsDal: Lcom/fsck/k9/mail/power/TracingPowerManager$TracingWakeLock;---><init>(Lcom/fsck/k9/mail/power/TracingPowerManager;ILjava/lang/String;)V
05-14 15:42:16.682  7172  7172 D M_InsDal: Lcom/fsck/k9/mail/K9MailLib;--->isDebug()Z
05-14 15:42:16.682  7172  7172 D M_InsDal: Lcom/fsck/k9/K9$2;--->enabled()Z
05-14 15:42:16.682  7172  7172 D M_InsDal: Lcom/fsck/k9/mail/power/TracingPowerManager$TracingWakeLock;--->setReferenceCounted(Z)V
05-14 15:42:16.682  7172  7172 D M_InsDal: Lcom/fsck/k9/mail/power/TracingPowerManager$TracingWakeLock;--->acquire(J)V
05-14 15:42:16.682  7172  7172 D M_InsDal: Lcom/fsck/k9/mail/K9MailLib;--->isDebug()Z
05-14 15:42:16.682  7172  7172 D M_InsDal: Lcom/fsck/k9/K9$2;--->enabled()Z
05-14 15:42:16.682  7172  7172 D M_InsDal: Lcom/fsck/k9/mail/power/TracingPowerManager$TracingWakeLock;--->raiseNotification()V
05-14 15:42:16.682  7172  7172 D M_InsDal: Lcom/fsck/k9/mail/power/TracingPowerManager$TracingWakeLock;--->release()V
05-14 15:42:16.682  7172  7172 D M_InsDal: Lcom/fsck/k9/mail/K9MailLib;--->isDebug()Z
05-14 15:42:16.682  7172  7172 D M_InsDal: Lcom/fsck/k9/K9$2;--->enabled()Z
05-14 15:42:16.682  7172  7172 D M_InsDal: Lcom/fsck/k9/mail/power/TracingPowerManager$TracingWakeLock;--->cancelNotification()V
05-14 15:42:16.683  7172  7172 D M_InsDal: Lcom/fsck/k9/service/PushService;--->startService(Landroid/content/Intent;I)I
05-14 15:42:16.683  7172  7172 D M_InsDal: Lcom/fsck/k9/mail/power/TracingPowerManager$TracingWakeLock;--->release()V
05-14 15:42:16.683  7172  7172 D M_InsDal: Lcom/fsck/k9/mail/K9MailLib;--->isDebug()Z
05-14 15:42:16.683  7172  7172 D M_InsDal: Lcom/fsck/k9/K9$2;--->enabled()Z
05-14 15:42:16.683  7172  7172 D M_InsDal: Lcom/fsck/k9/mail/power/TracingPowerManager$TracingWakeLock;--->cancelNotification()V
05-14 15:42:16.683  7172  7172 D M_InsDal: Lcom/fsck/k9/activity/Accounts$AccountsHandler$1;--->run()V
05-14 15:42:16.683  7172  7172 D M_InsDal: Lcom/fsck/k9/activity/Accounts$AccountsHandler;--->setViewTitle()V
05-14 15:42:16.683  7172  7172 D M_InsDal: Lcom/fsck/k9/activity/ActivityListener;--->getOperation(Landroid/content/Context;)Ljava/lang/String;
05-14 15:42:16.683  7172  7172 D M_InsDal: Lcom/fsck/k9/service/MailService;--->getNextPollTime()J
05-14 15:42:16.683  7172  7172 D M_InsDal: Lcom/fsck/k9/K9;--->isDebug()Z
05-14 15:42:16.683  7172  7172 D M_InsDal: Lcom/fsck/k9/service/MailService;--->isSyncDisabled()Z
05-14 15:42:16.689  7172  7172 D M_InsDal: Lcom/fsck/k9/activity/Accounts$AccountsAdapter;--->getView(ILandroid/view/View;Landroid/view/ViewGroup;)Landroid/view/View;
05-14 15:42:16.695  7172  7172 D M_InsDal: Lcom/fsck/k9/activity/Accounts$AccountsAdapter$AccountViewHolder;---><init>(Lcom/fsck/k9/activity/Accounts$AccountsAdapter;)V
05-14 15:42:16.695  7172  7172 D M_InsDal: Lcom/fsck/k9/search/SearchAccount;--->getUuid()Ljava/lang/String;
05-14 15:42:16.695  7172  7172 D M_InsDal: Lcom/fsck/k9/search/SearchAccount;--->getEmail()Ljava/lang/String;
05-14 15:42:16.695  7172  7172 D M_InsDal: Lcom/fsck/k9/search/SearchAccount;--->getDescription()Ljava/lang/String;
05-14 15:42:16.695  7172  7172 D M_InsDal: Lcom/fsck/k9/search/SearchAccount;--->getEmail()Ljava/lang/String;
05-14 15:42:16.695  7172  7172 D M_InsDal: Lcom/fsck/k9/search/SearchAccount;--->getDescription()Ljava/lang/String;
05-14 15:42:16.696  7172  7172 D M_InsDal: Lcom/fsck/k9/K9;--->messageListStars()Z
05-14 15:42:16.696  7172  7172 D M_InsDal: Lcom/fsck/k9/activity/Accounts$AccountsAdapter;--->createFlaggedSearchListener(Lcom/fsck/k9/BaseAccount;)Landroid/view/View$OnClickListener;
05-14 15:42:16.696  7172  7172 D M_InsDal: Lcom/fsck/k9/search/SearchAccount;--->getDescription()Ljava/lang/String;
05-14 15:42:16.696  7172  7172 D M_InsDal: Lcom/fsck/k9/search/SearchAccount;--->getRelatedSearch()Lcom/fsck/k9/search/LocalSearch;
05-14 15:42:16.696  7172  7172 D M_InsDal: Lcom/fsck/k9/search/LocalSearch;--->clone()Lcom/fsck/k9/search/LocalSearch;
05-14 15:42:16.696  7172  7172 D M_InsDal: Lcom/fsck/k9/search/ConditionsTreeNode;--->cloneTree()Lcom/fsck/k9/search/ConditionsTreeNode;
05-14 15:42:16.696  7172  7172 D M_InsDal: Lcom/fsck/k9/search/SearchSpecification$SearchCondition;--->clone()Lcom/fsck/k9/search/SearchSpecification$SearchCondition;
05-14 15:42:16.696  7172  7172 D M_InsDal: Lcom/fsck/k9/search/SearchSpecification$SearchCondition;---><init>(Lcom/fsck/k9/search/SearchSpecification$SearchField;Lcom/fsck/k9/search/SearchSpecification$Attribute;Ljava/lang/String;)V
05-14 15:42:16.696  7172  7172 D M_InsDal: Lcom/fsck/k9/search/ConditionsTreeNode;---><init>(Lcom/fsck/k9/search/SearchSpecification$SearchCondition;)V
05-14 15:42:16.696  7172  7172 D M_InsDal: Lcom/fsck/k9/search/LocalSearch;---><init>(Ljava/lang/String;Lcom/fsck/k9/search/ConditionsTreeNode;Ljava/lang/String;Z)V
05-14 15:42:16.696  7172  7172 D M_InsDal: Lcom/fsck/k9/search/LocalSearch;---><init>(Ljava/lang/String;)V
05-14 15:42:16.696  7172  7172 D M_InsDal: Lcom/fsck/k9/search/ConditionsTreeNode;--->getLeafSet()Ljava/util/Set;
05-14 15:42:16.696  7172  7172 D M_InsDal: Lcom/fsck/k9/search/ConditionsTreeNode;--->getLeafSet(Ljava/util/Set;)Ljava/util/Set;
05-14 15:42:16.696  7172  7172 D M_InsDal: Lcom/fsck/k9/search/LocalSearch;--->setName(Ljava/lang/String;)V
05-14 15:42:16.696  7172  7172 D M_InsDal: Lcom/fsck/k9/search/LocalSearch;--->and(Lcom/fsck/k9/search/SearchSpecification$SearchField;Ljava/lang/String;Lcom/fsck/k9/search/SearchSpecification$Attribute;)V
05-14 15:42:16.696  7172  7172 D M_InsDal: Lcom/fsck/k9/search/SearchSpecification$SearchCondition;---><init>(Lcom/fsck/k9/search/SearchSpecification$SearchField;Lcom/fsck/k9/search/SearchSpecification$Attribute;Ljava/lang/String;)V
05-14 15:42:16.696  7172  7172 D M_InsDal: Lcom/fsck/k9/search/LocalSearch;--->and(Lcom/fsck/k9/search/SearchSpecification$SearchCondition;)Lcom/fsck/k9/search/ConditionsTreeNode;
05-14 15:42:16.696  7172  7172 D M_InsDal: Lcom/fsck/k9/search/ConditionsTreeNode;---><init>(Lcom/fsck/k9/search/SearchSpecification$SearchCondition;)V
05-14 15:42:16.696  7172  7172 D M_InsDal: Lcom/fsck/k9/search/LocalSearch;--->and(Lcom/fsck/k9/search/ConditionsTreeNode;)Lcom/fsck/k9/search/ConditionsTreeNode;
05-14 15:42:16.696  7172  7172 D M_InsDal: Lcom/fsck/k9/search/ConditionsTreeNode;--->getLeafSet()Ljava/util/Set;
05-14 15:42:16.696  7172  7172 D M_InsDal: Lcom/fsck/k9/search/ConditionsTreeNode;--->getLeafSet(Ljava/util/Set;)Ljava/util/Set;
05-14 15:42:16.696  7172  7172 D M_InsDal: Lcom/fsck/k9/search/ConditionsTreeNode;--->and(Lcom/fsck/k9/search/ConditionsTreeNode;)Lcom/fsck/k9/search/ConditionsTreeNode;
05-14 15:42:16.696  7172  7172 D M_InsDal: Lcom/fsck/k9/search/ConditionsTreeNode;--->add(Lcom/fsck/k9/search/ConditionsTreeNode;Lcom/fsck/k9/search/ConditionsTreeNode$Operator;)Lcom/fsck/k9/search/ConditionsTreeNode;
05-14 15:42:16.696  7172  7172 D M_InsDal: Lcom/fsck/k9/search/ConditionsTreeNode;---><init>(Lcom/fsck/k9/search/ConditionsTreeNode;Lcom/fsck/k9/search/ConditionsTreeNode$Operator;)V
05-14 15:42:16.696  7172  7172 D M_InsDal: Lcom/fsck/k9/activity/Accounts$AccountClickListener;---><init>(Lcom/fsck/k9/activity/Accounts;Lcom/fsck/k9/search/LocalSearch;)V
05-14 15:42:16.696  7172  7172 D M_InsDal: Lcom/fsck/k9/activity/Accounts$AccountsAdapter;--->createUnreadSearchListener(Lcom/fsck/k9/BaseAccount;)Landroid/view/View$OnClickListener;
05-14 15:42:16.697  7172  7172 D M_InsDal: Lcom/fsck/k9/activity/Accounts;--->createUnreadSearch(Landroid/content/Context;Lcom/fsck/k9/BaseAccount;)Lcom/fsck/k9/search/LocalSearch;
05-14 15:42:16.697  7172  7172 D M_InsDal: Lcom/fsck/k9/search/SearchAccount;--->getDescription()Ljava/lang/String;
05-14 15:42:16.697  7172  7172 D M_InsDal: Lcom/fsck/k9/search/SearchAccount;--->getRelatedSearch()Lcom/fsck/k9/search/LocalSearch;
05-14 15:42:16.697  7172  7172 D M_InsDal: Lcom/fsck/k9/search/LocalSearch;--->clone()Lcom/fsck/k9/search/LocalSearch;
05-14 15:42:16.697  7172  7172 D M_InsDal: Lcom/fsck/k9/search/ConditionsTreeNode;--->cloneTree()Lcom/fsck/k9/search/ConditionsTreeNode;
05-14 15:42:16.697  7172  7172 D M_InsDal: Lcom/fsck/k9/search/SearchSpecification$SearchCondition;--->clone()Lcom/fsck/k9/search/SearchSpecification$SearchCondition;
05-14 15:42:16.697  7172  7172 D M_InsDal: Lcom/fsck/k9/search/SearchSpecification$SearchCondition;---><init>(Lcom/fsck/k9/search/SearchSpecification$SearchField;Lcom/fsck/k9/search/SearchSpecification$Attribute;Ljava/lang/String;)V
05-14 15:42:16.697  7172  7172 D M_InsDal: Lcom/fsck/k9/search/ConditionsTreeNode;---><init>(Lcom/fsck/k9/search/SearchSpecification$SearchCondition;)V
05-14 15:42:16.697  7172  7172 D M_InsDal: Lcom/fsck/k9/search/LocalSearch;---><init>(Ljava/lang/String;Lcom/fsck/k9/search/ConditionsTreeNode;Ljava/lang/String;Z)V
05-14 15:42:16.697  7172  7172 D M_InsDal: Lcom/fsck/k9/search/LocalSearch;---><init>(Ljava/lang/String;)V
05-14 15:42:16.697  7172  7172 D M_InsDal: Lcom/fsck/k9/search/ConditionsTreeNode;--->getLeafSet()Ljava/util/Set;
05-14 15:42:16.697  7172  7172 D M_InsDal: Lcom/fsck/k9/search/ConditionsTreeNode;--->getLeafSet(Ljava/util/Set;)Ljava/util/Set;
05-14 15:42:16.697  7172  7172 D M_InsDal: Lcom/fsck/k9/search/LocalSearch;--->setName(Ljava/lang/String;)V
05-14 15:42:16.697  7172  7172 D M_InsDal: Lcom/fsck/k9/search/LocalSearch;--->and(Lcom/fsck/k9/search/SearchSpecification$SearchField;Ljava/lang/String;Lcom/fsck/k9/search/SearchSpecification$Attribute;)V
05-14 15:42:16.697  7172  7172 D M_InsDal: Lcom/fsck/k9/search/SearchSpecification$SearchCondition;---><init>(Lcom/fsck/k9/search/SearchSpecification$SearchField;Lcom/fsck/k9/search/SearchSpecification$Attribute;Ljava/lang/String;)V
05-14 15:42:16.697  7172  7172 D M_InsDal: Lcom/fsck/k9/search/LocalSearch;--->and(Lcom/fsck/k9/search/SearchSpecification$SearchCondition;)Lcom/fsck/k9/search/ConditionsTreeNode;
05-14 15:42:16.697  7172  7172 D M_InsDal: Lcom/fsck/k9/search/ConditionsTreeNode;---><init>(Lcom/fsck/k9/search/SearchSpecification$SearchCondition;)V
05-14 15:42:16.697  7172  7172 D M_InsDal: Lcom/fsck/k9/search/LocalSearch;--->and(Lcom/fsck/k9/search/ConditionsTreeNode;)Lcom/fsck/k9/search/ConditionsTreeNode;
05-14 15:42:16.697  7172  7172 D M_InsDal: Lcom/fsck/k9/search/ConditionsTreeNode;--->getLeafSet()Ljava/util/Set;
05-14 15:42:16.697  7172  7172 D M_InsDal: Lcom/fsck/k9/search/ConditionsTreeNode;--->getLeafSet(Ljava/util/Set;)Ljava/util/Set;
05-14 15:42:16.697  7172  7172 D M_InsDal: Lcom/fsck/k9/search/ConditionsTreeNode;--->and(Lcom/fsck/k9/search/ConditionsTreeNode;)Lcom/fsck/k9/search/ConditionsTreeNode;
05-14 15:42:16.697  7172  7172 D M_InsDal: Lcom/fsck/k9/search/ConditionsTreeNode;--->add(Lcom/fsck/k9/search/ConditionsTreeNode;Lcom/fsck/k9/search/ConditionsTreeNode$Operator;)Lcom/fsck/k9/search/ConditionsTreeNode;
05-14 15:42:16.697  7172  7172 D M_InsDal: Lcom/fsck/k9/search/ConditionsTreeNode;---><init>(Lcom/fsck/k9/search/ConditionsTreeNode;Lcom/fsck/k9/search/ConditionsTreeNode$Operator;)V
05-14 15:42:16.697  7172  7172 D M_InsDal: Lcom/fsck/k9/activity/Accounts$AccountClickListener;---><init>(Lcom/fsck/k9/activity/Accounts;Lcom/fsck/k9/search/LocalSearch;)V
05-14 15:42:16.697  7172  7172 D M_InsDal: Lcom/fsck/k9/activity/Accounts$AccountsAdapter$1;---><init>(Lcom/fsck/k9/activity/Accounts$AccountsAdapter;)V
05-14 15:42:16.697  7172  7172 D M_InsDal: Lcom/fsck/k9/view/ColorChip;---><init>(IZLandroid/graphics/Path;)V
05-14 15:42:16.697  7172  7172 D M_InsDal: Lcom/fsck/k9/view/ColorChip;--->drawable()Landroid/graphics/drawable/ShapeDrawable;
05-14 15:42:16.697  7172  7172 D M_InsDal: Lcom/fsck/k9/view/ColorChip;---><init>(IZLandroid/graphics/Path;)V
05-14 15:42:16.697  7172  7172 D M_InsDal: Lcom/fsck/k9/view/ColorChip;--->drawable()Landroid/graphics/drawable/ShapeDrawable;
05-14 15:42:16.697  7172  7172 D M_InsDal: Lcom/fsck/k9/FontSizes;--->getAccountName()I
05-14 15:42:16.697  7172  7172 D M_InsDal: Lcom/fsck/k9/FontSizes;--->setViewTextSize(Landroid/widget/TextView;I)V
05-14 15:42:16.697  7172  7172 D M_InsDal: Lcom/fsck/k9/FontSizes;--->getAccountDescription()I
05-14 15:42:16.697  7172  7172 D M_InsDal: Lcom/fsck/k9/FontSizes;--->setViewTextSize(Landroid/widget/TextView;I)V
05-14 15:42:16.698  7172  7172 D M_InsDal: Lcom/fsck/k9/activity/Accounts$AccountsAdapter;--->getView(ILandroid/view/View;Landroid/view/ViewGroup;)Landroid/view/View;
05-14 15:42:16.699  7172  7172 D M_InsDal: Lcom/fsck/k9/activity/Accounts$AccountsAdapter$AccountViewHolder;---><init>(Lcom/fsck/k9/activity/Accounts$AccountsAdapter;)V
05-14 15:42:16.699  7172  7172 D M_InsDal: Lcom/fsck/k9/search/SearchAccount;--->getUuid()Ljava/lang/String;
