05-14 15:44:45.649  7706  7706 D M_InsDal: Lcom/fsck/k9/search/ConditionsTreeNode;---><init>(Lcom/fsck/k9/search/SearchSpecification$SearchCondition;)V
05-14 15:44:45.649  7706  7706 D M_InsDal: Lcom/fsck/k9/search/LocalSearch;---><init>(Ljava/lang/String;Lcom/fsck/k9/search/ConditionsTreeNode;Ljava/lang/String;Z)V
05-14 15:44:45.649  7706  7706 D M_InsDal: Lcom/fsck/k9/search/LocalSearch;---><init>(Ljava/lang/String;)V
05-14 15:44:45.649  7706  7706 D M_InsDal: Lcom/fsck/k9/search/ConditionsTreeNode;--->getLeafSet()Ljava/util/Set;
05-14 15:44:45.649  7706  7706 D M_InsDal: Lcom/fsck/k9/search/ConditionsTreeNode;--->getLeafSet(Ljava/util/Set;)Ljava/util/Set;
05-14 15:44:45.649  7706  7706 D M_InsDal: Lcom/fsck/k9/search/LocalSearch;--->setName(Ljava/lang/String;)V
05-14 15:44:45.649  7706  7706 D M_InsDal: Lcom/fsck/k9/search/LocalSearch;--->and(Lcom/fsck/k9/search/SearchSpecification$SearchField;Ljava/lang/String;Lcom/fsck/k9/search/SearchSpecification$Attribute;)V
05-14 15:44:45.649  7706  7706 D M_InsDal: Lcom/fsck/k9/search/SearchSpecification$SearchCondition;---><init>(Lcom/fsck/k9/search/SearchSpecification$SearchField;Lcom/fsck/k9/search/SearchSpecification$Attribute;Ljava/lang/String;)V
05-14 15:44:45.649  7706  7706 D M_InsDal: Lcom/fsck/k9/search/LocalSearch;--->and(Lcom/fsck/k9/search/SearchSpecification$SearchCondition;)Lcom/fsck/k9/search/ConditionsTreeNode;
05-14 15:44:45.649  7706  7706 D M_InsDal: Lcom/fsck/k9/search/ConditionsTreeNode;---><init>(Lcom/fsck/k9/search/SearchSpecification$SearchCondition;)V
05-14 15:44:45.649  7706  7706 D M_InsDal: Lcom/fsck/k9/search/LocalSearch;--->and(Lcom/fsck/k9/search/ConditionsTreeNode;)Lcom/fsck/k9/search/ConditionsTreeNode;
05-14 15:44:45.649  7706  7706 D M_InsDal: Lcom/fsck/k9/search/ConditionsTreeNode;--->getLeafSet()Ljava/util/Set;
05-14 15:44:45.649  7706  7706 D M_InsDal: Lcom/fsck/k9/search/ConditionsTreeNode;--->getLeafSet(Ljava/util/Set;)Ljava/util/Set;
05-14 15:44:45.649  7706  7706 D M_InsDal: Lcom/fsck/k9/search/ConditionsTreeNode;--->and(Lcom/fsck/k9/search/ConditionsTreeNode;)Lcom/fsck/k9/search/ConditionsTreeNode;
05-14 15:44:45.649  7706  7706 D M_InsDal: Lcom/fsck/k9/search/ConditionsTreeNode;--->add(Lcom/fsck/k9/search/ConditionsTreeNode;Lcom/fsck/k9/search/ConditionsTreeNode$Operator;)Lcom/fsck/k9/search/ConditionsTreeNode;
05-14 15:44:45.649  7706  7706 D M_InsDal: Lcom/fsck/k9/search/ConditionsTreeNode;---><init>(Lcom/fsck/k9/search/ConditionsTreeNode;Lcom/fsck/k9/search/ConditionsTreeNode$Operator;)V
05-14 15:44:45.649  7706  7706 D M_InsDal: Lcom/fsck/k9/activity/Accounts$AccountClickListener;---><init>(Lcom/fsck/k9/activity/Accounts;Lcom/fsck/k9/search/LocalSearch;)V
05-14 15:44:45.649  7706  7706 D M_InsDal: Lcom/fsck/k9/activity/Accounts$AccountsAdapter;--->createUnreadSearchListener(Lcom/fsck/k9/BaseAccount;)Landroid/view/View$OnClickListener;
05-14 15:44:45.649  7706  7706 D M_InsDal: Lcom/fsck/k9/activity/Accounts;--->createUnreadSearch(Landroid/content/Context;Lcom/fsck/k9/BaseAccount;)Lcom/fsck/k9/search/LocalSearch;
05-14 15:44:45.649  7706  7706 D M_InsDal: Lcom/fsck/k9/search/SearchAccount;--->getDescription()Ljava/lang/String;
05-14 15:44:45.649  7706  7706 D M_InsDal: Lcom/fsck/k9/search/SearchAccount;--->getRelatedSearch()Lcom/fsck/k9/search/LocalSearch;
05-14 15:44:45.649  7706  7706 D M_InsDal: Lcom/fsck/k9/search/LocalSearch;--->clone()Lcom/fsck/k9/search/LocalSearch;
05-14 15:44:45.649  7706  7706 D M_InsDal: Lcom/fsck/k9/search/ConditionsTreeNode;--->cloneTree()Lcom/fsck/k9/search/ConditionsTreeNode;
05-14 15:44:45.649  7706  7706 D M_InsDal: Lcom/fsck/k9/search/SearchSpecification$SearchCondition;--->clone()Lcom/fsck/k9/search/SearchSpecification$SearchCondition;
05-14 15:44:45.649  7706  7706 D M_InsDal: Lcom/fsck/k9/search/SearchSpecification$SearchCondition;---><init>(Lcom/fsck/k9/search/SearchSpecification$SearchField;Lcom/fsck/k9/search/SearchSpecification$Attribute;Ljava/lang/String;)V
05-14 15:44:45.649  7706  7706 D M_InsDal: Lcom/fsck/k9/search/ConditionsTreeNode;---><init>(Lcom/fsck/k9/search/SearchSpecification$SearchCondition;)V
05-14 15:44:45.649  7706  7706 D M_InsDal: Lcom/fsck/k9/search/LocalSearch;---><init>(Ljava/lang/String;Lcom/fsck/k9/search/ConditionsTreeNode;Ljava/lang/String;Z)V
05-14 15:44:45.649  7706  7706 D M_InsDal: Lcom/fsck/k9/search/LocalSearch;---><init>(Ljava/lang/String;)V
05-14 15:44:45.649  7706  7706 D M_InsDal: Lcom/fsck/k9/search/ConditionsTreeNode;--->getLeafSet()Ljava/util/Set;
05-14 15:44:45.649  7706  7706 D M_InsDal: Lcom/fsck/k9/search/ConditionsTreeNode;--->getLeafSet(Ljava/util/Set;)Ljava/util/Set;
05-14 15:44:45.649  7706  7706 D M_InsDal: Lcom/fsck/k9/search/LocalSearch;--->setName(Ljava/lang/String;)V
05-14 15:44:45.649  7706  7706 D M_InsDal: Lcom/fsck/k9/search/LocalSearch;--->and(Lcom/fsck/k9/search/SearchSpecification$SearchField;Ljava/lang/String;Lcom/fsck/k9/search/SearchSpecification$Attribute;)V
05-14 15:44:45.649  7706  7706 D M_InsDal: Lcom/fsck/k9/search/SearchSpecification$SearchCondition;---><init>(Lcom/fsck/k9/search/SearchSpecification$SearchField;Lcom/fsck/k9/search/SearchSpecification$Attribute;Ljava/lang/String;)V
05-14 15:44:45.649  7706  7706 D M_InsDal: Lcom/fsck/k9/search/LocalSearch;--->and(Lcom/fsck/k9/search/SearchSpecification$SearchCondition;)Lcom/fsck/k9/search/ConditionsTreeNode;
05-14 15:44:45.649  7706  7706 D M_InsDal: Lcom/fsck/k9/search/ConditionsTreeNode;---><init>(Lcom/fsck/k9/search/SearchSpecification$SearchCondition;)V
05-14 15:44:45.649  7706  7706 D M_InsDal: Lcom/fsck/k9/search/LocalSearch;--->and(Lcom/fsck/k9/search/ConditionsTreeNode;)Lcom/fsck/k9/search/ConditionsTreeNode;
05-14 15:44:45.649  7706  7706 D M_InsDal: Lcom/fsck/k9/search/ConditionsTreeNode;--->getLeafSet()Ljava/util/Set;
05-14 15:44:45.649  7706  7706 D M_InsDal: Lcom/fsck/k9/search/ConditionsTreeNode;--->getLeafSet(Ljava/util/Set;)Ljava/util/Set;
05-14 15:44:45.649  7706  7706 D M_InsDal: Lcom/fsck/k9/search/ConditionsTreeNode;--->and(Lcom/fsck/k9/search/ConditionsTreeNode;)Lcom/fsck/k9/search/ConditionsTreeNode;
05-14 15:44:45.649  7706  7706 D M_InsDal: Lcom/fsck/k9/search/ConditionsTreeNode;--->add(Lcom/fsck/k9/search/ConditionsTreeNode;Lcom/fsck/k9/search/ConditionsTreeNode$Operator;)Lcom/fsck/k9/search/ConditionsTreeNode;
05-14 15:44:45.649  7706  7706 D M_InsDal: Lcom/fsck/k9/search/ConditionsTreeNode;---><init>(Lcom/fsck/k9/search/ConditionsTreeNode;Lcom/fsck/k9/search/ConditionsTreeNode$Operator;)V
05-14 15:44:45.649  7706  7706 D M_InsDal: Lcom/fsck/k9/activity/Accounts$AccountClickListener;---><init>(Lcom/fsck/k9/activity/Accounts;Lcom/fsck/k9/search/LocalSearch;)V
05-14 15:44:45.649  7706  7706 D M_InsDal: Lcom/fsck/k9/activity/Accounts$AccountsAdapter$1;---><init>(Lcom/fsck/k9/activity/Accounts$AccountsAdapter;)V
05-14 15:44:45.649  7706  7706 D M_InsDal: Lcom/fsck/k9/view/ColorChip;---><init>(IZLandroid/graphics/Path;)V
05-14 15:44:45.649  7706  7706 D M_InsDal: Lcom/fsck/k9/view/ColorChip;--->drawable()Landroid/graphics/drawable/ShapeDrawable;
05-14 15:44:45.649  7706  7706 D M_InsDal: Lcom/fsck/k9/view/ColorChip;---><init>(IZLandroid/graphics/Path;)V
05-14 15:44:45.649  7706  7706 D M_InsDal: Lcom/fsck/k9/view/ColorChip;--->drawable()Landroid/graphics/drawable/ShapeDrawable;
05-14 15:44:45.649  7706  7706 D M_InsDal: Lcom/fsck/k9/FontSizes;--->getAccountName()I
05-14 15:44:45.649  7706  7706 D M_InsDal: Lcom/fsck/k9/FontSizes;--->setViewTextSize(Landroid/widget/TextView;I)V
05-14 15:44:45.649  7706  7706 D M_InsDal: Lcom/fsck/k9/FontSizes;--->getAccountDescription()I
05-14 15:44:45.649  7706  7706 D M_InsDal: Lcom/fsck/k9/FontSizes;--->setViewTextSize(Landroid/widget/TextView;I)V
05-14 15:44:45.649  7706  7706 D M_InsDal: Lcom/fsck/k9/activity/Accounts$AccountsAdapter;--->getView(ILandroid/view/View;Landroid/view/ViewGroup;)Landroid/view/View;
05-14 15:44:45.650  7706  7706 D M_InsDal: Lcom/fsck/k9/activity/Accounts$AccountsAdapter$AccountViewHolder;---><init>(Lcom/fsck/k9/activity/Accounts$AccountsAdapter;)V
05-14 15:44:45.650  7706  7706 D M_InsDal: Lcom/fsck/k9/Account;--->getUuid()Ljava/lang/String;
05-14 15:44:45.650  7706  7706 D M_InsDal: Lcom/fsck/k9/helper/SizeFormatter;--->formatSize(Landroid/content/Context;J)Ljava/lang/String;
05-14 15:44:45.650  7706  7731 D M_InsDal: Lcom/fsck/k9/mail/store/imap/ImapConnection;--->connectToAddress(Ljava/net/InetAddress;)Ljava/net/Socket;
05-14 15:44:45.650  7706  7706 D M_InsDal: Lcom/fsck/k9/Account;--->getDescription()Ljava/lang/String;
05-14 15:44:45.650  7706  7731 D M_InsDal: Lcom/fsck/k9/mail/store/imap/ImapStore$StoreImapSettings;--->getHost()Ljava/lang/String;
05-14 15:44:45.650  7706  7731 D M_InsDal: Lcom/fsck/k9/mail/store/imap/ImapStore$StoreImapSettings;--->getPort()I
05-14 15:44:45.650  7706  7731 D M_InsDal: Lcom/fsck/k9/mail/store/imap/ImapStore$StoreImapSettings;--->getClientCertificateAlias()Ljava/lang/String;
05-14 15:44:45.650  7706  7731 D M_InsDal: Lcom/fsck/k9/mail/K9MailLib;--->isDebug()Z
05-14 15:44:45.650  7706  7731 D M_InsDal: Lcom/fsck/k9/K9$2;--->enabled()Z
05-14 15:44:45.650  7706  7731 D M_InsDal: Lcom/fsck/k9/mail/store/imap/ImapStore$StoreImapSettings;--->getConnectionSecurity()Lcom/fsck/k9/mail/ConnectionSecurity;
05-14 15:44:45.650  7706  7731 D M_InsDal: Lcom/fsck/k9/mail/ssl/DefaultTrustedSocketFactory;--->createSocket(Ljava/net/Socket;Ljava/lang/String;ILjava/lang/String;)Ljava/net/Socket;
05-14 15:44:45.650  7706  7706 D M_InsDal: Lcom/fsck/k9/K9;--->messageListStars()Z
05-14 15:44:45.650  7706  7731 D M_InsDal: Lcom/fsck/k9/mail/ssl/TrustManagerFactory;---><clinit>()V
05-14 15:44:45.650  7706  7706 D M_InsDal: Lcom/fsck/k9/activity/Accounts$AccountsAdapter;--->createFlaggedSearchListener(Lcom/fsck/k9/BaseAccount;)Landroid/view/View$OnClickListener;
05-14 15:44:45.650  7706  7706 D M_InsDal: Lcom/fsck/k9/Account;--->getDescription()Ljava/lang/String;
05-14 15:44:45.650  7706  7731 D M_InsDal: Lcom/fsck/k9/mail/ssl/LocalKeyStore;--->getInstance()Lcom/fsck/k9/mail/ssl/LocalKeyStore;
05-14 15:44:45.650  7706  7731 D M_InsDal: Lcom/fsck/k9/mail/ssl/LocalKeyStore$LocalKeyStoreHolder;---><clinit>()V
05-14 15:44:45.650  7706  7731 D M_InsDal: Lcom/fsck/k9/mail/ssl/LocalKeyStore;---><init>()V
05-14 15:44:45.650  7706  7706 D M_InsDal: Lcom/fsck/k9/search/LocalSearch;---><init>(Ljava/lang/String;)V
05-14 15:44:45.650  7706  7731 D M_InsDal: Lcom/fsck/k9/mail/ssl/LocalKeyStore;--->upgradeKeyStoreFile()V
05-14 15:44:45.650  7706  7706 D M_InsDal: Lcom/fsck/k9/Account;--->getUuid()Ljava/lang/String;
05-14 15:44:45.650  7706  7706 D M_InsDal: Lcom/fsck/k9/search/LocalSearch;--->addAccountUuid(Ljava/lang/String;)V
05-14 15:44:45.650  7706  7731 D M_InsDal: Lcom/fsck/k9/mail/ssl/LocalKeyStore;--->getKeyStoreFilePath(I)Ljava/lang/String;
05-14 15:44:45.650  7706  7706 D M_InsDal: Lcom/fsck/k9/Account;--->excludeSpecialFolders(Lcom/fsck/k9/search/LocalSearch;)V
05-14 15:44:45.650  7706  7706 D M_InsDal: Lcom/fsck/k9/Account;--->getTrashFolderName()Ljava/lang/String;
05-14 15:44:45.651  7706  7706 D M_InsDal: Lcom/fsck/k9/Account;--->excludeSpecialFolder(Lcom/fsck/k9/search/LocalSearch;Ljava/lang/String;)V
05-14 15:44:45.651  7706  7706 D M_InsDal: Lcom/fsck/k9/search/LocalSearch;--->and(Lcom/fsck/k9/search/SearchSpecification$SearchField;Ljava/lang/String;Lcom/fsck/k9/search/SearchSpecification$Attribute;)V
05-14 15:44:45.651  7706  7706 D M_InsDal: Lcom/fsck/k9/search/SearchSpecification$SearchCondition;---><init>(Lcom/fsck/k9/search/SearchSpecification$SearchField;Lcom/fsck/k9/search/SearchSpecification$Attribute;Ljava/lang/String;)V
05-14 15:44:45.651  7706  7706 D M_InsDal: Lcom/fsck/k9/search/LocalSearch;--->and(Lcom/fsck/k9/search/SearchSpecification$SearchCondition;)Lcom/fsck/k9/search/ConditionsTreeNode;
05-14 15:44:45.651  7706  7706 D M_InsDal: Lcom/fsck/k9/search/ConditionsTreeNode;---><init>(Lcom/fsck/k9/search/SearchSpecification$SearchCondition;)V
05-14 15:44:45.651  7706  7731 D M_InsDal: Lcom/fsck/k9/mail/ssl/LocalKeyStore;--->setKeyStoreFile(Ljava/io/File;)V
05-14 15:44:45.651  7706  7731 D M_InsDal: Lcom/fsck/k9/mail/ssl/LocalKeyStore;--->getKeyStoreFilePath(I)Ljava/lang/String;
05-14 15:44:45.651  7706  7706 D M_InsDal: Lcom/fsck/k9/search/LocalSearch;--->and(Lcom/fsck/k9/search/ConditionsTreeNode;)Lcom/fsck/k9/search/ConditionsTreeNode;
05-14 15:44:45.651  7706  7706 D M_InsDal: Lcom/fsck/k9/search/ConditionsTreeNode;--->getLeafSet()Ljava/util/Set;
05-14 15:44:45.651  7706  7706 D M_InsDal: Lcom/fsck/k9/search/ConditionsTreeNode;--->getLeafSet(Ljava/util/Set;)Ljava/util/Set;
05-14 15:44:45.651  7706  7706 D M_InsDal: Lcom/fsck/k9/Account;--->getDraftsFolderName()Ljava/lang/String;
05-14 15:44:45.651  7706  7706 D M_InsDal: Lcom/fsck/k9/Account;--->excludeSpecialFolder(Lcom/fsck/k9/search/LocalSearch;Ljava/lang/String;)V
05-14 15:44:45.651  7706  7706 D M_InsDal: Lcom/fsck/k9/search/LocalSearch;--->and(Lcom/fsck/k9/search/SearchSpecification$SearchField;Ljava/lang/String;Lcom/fsck/k9/search/SearchSpecification$Attribute;)V
05-14 15:44:45.651  7706  7706 D M_InsDal: Lcom/fsck/k9/search/SearchSpecification$SearchCondition;---><init>(Lcom/fsck/k9/search/SearchSpecification$SearchField;Lcom/fsck/k9/search/SearchSpecification$Attribute;Ljava/lang/String;)V
05-14 15:44:45.651  7706  7706 D M_InsDal: Lcom/fsck/k9/search/LocalSearch;--->and(Lcom/fsck/k9/search/SearchSpecification$SearchCondition;)Lcom/fsck/k9/search/ConditionsTreeNode;
05-14 15:44:45.651  7706  7706 D M_InsDal: Lcom/fsck/k9/search/ConditionsTreeNode;---><init>(Lcom/fsck/k9/search/SearchSpecification$SearchCondition;)V
05-14 15:44:45.651  7706  7706 D M_InsDal: Lcom/fsck/k9/search/LocalSearch;--->and(Lcom/fsck/k9/search/ConditionsTreeNode;)Lcom/fsck/k9/search/ConditionsTreeNode;
05-14 15:44:45.651  7706  7706 D M_InsDal: Lcom/fsck/k9/search/ConditionsTreeNode;--->getLeafSet()Ljava/util/Set;
05-14 15:44:45.651  7706  7706 D M_InsDal: Lcom/fsck/k9/search/ConditionsTreeNode;--->getLeafSet(Ljava/util/Set;)Ljava/util/Set;
05-14 15:44:45.651  7706  7706 D M_InsDal: Lcom/fsck/k9/search/ConditionsTreeNode;--->and(Lcom/fsck/k9/search/ConditionsTreeNode;)Lcom/fsck/k9/search/ConditionsTreeNode;
05-14 15:44:45.651  7706  7706 D M_InsDal: Lcom/fsck/k9/search/ConditionsTreeNode;--->add(Lcom/fsck/k9/search/ConditionsTreeNode;Lcom/fsck/k9/search/ConditionsTreeNode$Operator;)Lcom/fsck/k9/search/ConditionsTreeNode;
05-14 15:44:45.651  7706  7706 D M_InsDal: Lcom/fsck/k9/search/ConditionsTreeNode;---><init>(Lcom/fsck/k9/search/ConditionsTreeNode;Lcom/fsck/k9/search/ConditionsTreeNode$Operator;)V
05-14 15:44:45.651  7706  7706 D M_InsDal: Lcom/fsck/k9/Account;--->getSpamFolderName()Ljava/lang/String;
05-14 15:44:45.651  7706  7706 D M_InsDal: Lcom/fsck/k9/Account;--->excludeSpecialFolder(Lcom/fsck/k9/search/LocalSearch;Ljava/lang/String;)V
05-14 15:44:45.651  7706  7706 D M_InsDal: Lcom/fsck/k9/search/LocalSearch;--->and(Lcom/fsck/k9/search/SearchSpecification$SearchField;Ljava/lang/String;Lcom/fsck/k9/search/SearchSpecification$Attribute;)V
05-14 15:44:45.651  7706  7706 D M_InsDal: Lcom/fsck/k9/search/SearchSpecification$SearchCondition;---><init>(Lcom/fsck/k9/search/SearchSpecification$SearchField;Lcom/fsck/k9/search/SearchSpecification$Attribute;Ljava/lang/String;)V
05-14 15:44:45.651  7706  7706 D M_InsDal: Lcom/fsck/k9/search/LocalSearch;--->and(Lcom/fsck/k9/search/SearchSpecification$SearchCondition;)Lcom/fsck/k9/search/ConditionsTreeNode;
05-14 15:44:45.651  7706  7706 D M_InsDal: Lcom/fsck/k9/search/ConditionsTreeNode;---><init>(Lcom/fsck/k9/search/SearchSpecification$SearchCondition;)V
05-14 15:44:45.651  7706  7706 D M_InsDal: Lcom/fsck/k9/search/LocalSearch;--->and(Lcom/fsck/k9/search/ConditionsTreeNode;)Lcom/fsck/k9/search/ConditionsTreeNode;
05-14 15:44:45.651  7706  7706 D M_InsDal: Lcom/fsck/k9/search/ConditionsTreeNode;--->getLeafSet()Ljava/util/Set;
05-14 15:44:45.651  7706  7706 D M_InsDal: Lcom/fsck/k9/search/ConditionsTreeNode;--->getLeafSet(Ljava/util/Set;)Ljava/util/Set;
05-14 15:44:45.651  7706  7706 D M_InsDal: Lcom/fsck/k9/search/ConditionsTreeNode;--->and(Lcom/fsck/k9/search/ConditionsTreeNode;)Lcom/fsck/k9/search/ConditionsTreeNode;
05-14 15:44:45.651  7706  7706 D M_InsDal: Lcom/fsck/k9/search/ConditionsTreeNode;--->add(Lcom/fsck/k9/search/ConditionsTreeNode;Lcom/fsck/k9/search/ConditionsTreeNode$Operator;)Lcom/fsck/k9/search/ConditionsTreeNode;
05-14 15:44:45.651  7706  7706 D M_InsDal: Lcom/fsck/k9/search/ConditionsTreeNode;---><init>(Lcom/fsck/k9/search/ConditionsTreeNode;Lcom/fsck/k9/search/ConditionsTreeNode$Operator;)V
05-14 15:44:45.651  7706  7706 D M_InsDal: Lcom/fsck/k9/Account;--->getOutboxFolderName()Ljava/lang/String;
05-14 15:44:45.651  7706  7706 D M_InsDal: Lcom/fsck/k9/Account;--->excludeSpecialFolder(Lcom/fsck/k9/search/LocalSearch;Ljava/lang/String;)V
05-14 15:44:45.651  7706  7706 D M_InsDal: Lcom/fsck/k9/search/LocalSearch;--->and(Lcom/fsck/k9/search/SearchSpecification$SearchField;Ljava/lang/String;Lcom/fsck/k9/search/SearchSpecification$Attribute;)V
05-14 15:44:45.651  7706  7706 D M_InsDal: Lcom/fsck/k9/search/SearchSpecification$SearchCondition;---><init>(Lcom/fsck/k9/search/SearchSpecification$SearchField;Lcom/fsck/k9/search/SearchSpecification$Attribute;Ljava/lang/String;)V
05-14 15:44:45.651  7706  7706 D M_InsDal: Lcom/fsck/k9/search/LocalSearch;--->and(Lcom/fsck/k9/search/SearchSpecification$SearchCondition;)Lcom/fsck/k9/search/ConditionsTreeNode;
05-14 15:44:45.651  7706  7706 D M_InsDal: Lcom/fsck/k9/search/ConditionsTreeNode;---><init>(Lcom/fsck/k9/search/SearchSpecification$SearchCondition;)V
05-14 15:44:45.651  7706  7706 D M_InsDal: Lcom/fsck/k9/search/LocalSearch;--->and(Lcom/fsck/k9/search/ConditionsTreeNode;)Lcom/fsck/k9/search/ConditionsTreeNode;
05-14 15:44:45.651  7706  7706 D M_InsDal: Lcom/fsck/k9/search/ConditionsTreeNode;--->getLeafSet()Ljava/util/Set;
05-14 15:44:45.651  7706  7706 D M_InsDal: Lcom/fsck/k9/search/ConditionsTreeNode;--->getLeafSet(Ljava/util/Set;)Ljava/util/Set;
05-14 15:44:45.651  7706  7706 D M_InsDal: Lcom/fsck/k9/search/ConditionsTreeNode;--->and(Lcom/fsck/k9/search/ConditionsTreeNode;)Lcom/fsck/k9/search/ConditionsTreeNode;
05-14 15:44:45.651  7706  7706 D M_InsDal: Lcom/fsck/k9/search/ConditionsTreeNode;--->add(Lcom/fsck/k9/search/ConditionsTreeNode;Lcom/fsck/k9/search/ConditionsTreeNode$Operator;)Lcom/fsck/k9/search/ConditionsTreeNode;
05-14 15:44:45.651  7706  7706 D M_InsDal: Lcom/fsck/k9/search/ConditionsTreeNode;---><init>(Lcom/fsck/k9/search/ConditionsTreeNode;Lcom/fsck/k9/search/ConditionsTreeNode$Operator;)V
05-14 15:44:45.651  7706  7706 D M_InsDal: Lcom/fsck/k9/Account;--->getSentFolderName()Ljava/lang/String;
05-14 15:44:45.651  7706  7706 D M_InsDal: Lcom/fsck/k9/Account;--->excludeSpecialFolder(Lcom/fsck/k9/search/LocalSearch;Ljava/lang/String;)V
05-14 15:44:45.651  7706  7706 D M_InsDal: Lcom/fsck/k9/search/LocalSearch;--->and(Lcom/fsck/k9/search/SearchSpecification$SearchField;Ljava/lang/String;Lcom/fsck/k9/search/SearchSpecification$Attribute;)V
05-14 15:44:45.651  7706  7706 D M_InsDal: Lcom/fsck/k9/search/SearchSpecification$SearchCondition;---><init>(Lcom/fsck/k9/search/SearchSpecification$SearchField;Lcom/fsck/k9/search/SearchSpecification$Attribute;Ljava/lang/String;)V
05-14 15:44:45.651  7706  7706 D M_InsDal: Lcom/fsck/k9/search/LocalSearch;--->and(Lcom/fsck/k9/search/SearchSpecification$SearchCondition;)Lcom/fsck/k9/search/ConditionsTreeNode;
05-14 15:44:45.651  7706  7706 D M_InsDal: Lcom/fsck/k9/search/ConditionsTreeNode;---><init>(Lcom/fsck/k9/search/SearchSpecification$SearchCondition;)V
05-14 15:44:45.651  7706  7706 D M_InsDal: Lcom/fsck/k9/search/LocalSearch;--->and(Lcom/fsck/k9/search/ConditionsTreeNode;)Lcom/fsck/k9/search/ConditionsTreeNode;
05-14 15:44:45.651  7706  7706 D M_InsDal: Lcom/fsck/k9/search/ConditionsTreeNode;--->getLeafSet()Ljava/util/Set;
05-14 15:44:45.651  7706  7706 D M_InsDal: Lcom/fsck/k9/search/ConditionsTreeNode;--->getLeafSet(Ljava/util/Set;)Ljava/util/Set;
05-14 15:44:45.651  7706  7706 D M_InsDal: Lcom/fsck/k9/search/ConditionsTreeNode;--->and(Lcom/fsck/k9/search/ConditionsTreeNode;)Lcom/fsck/k9/search/ConditionsTreeNode;
05-14 15:44:45.651  7706  7706 D M_InsDal: Lcom/fsck/k9/search/ConditionsTreeNode;--->add(Lcom/fsck/k9/search/ConditionsTreeNode;Lcom/fsck/k9/search/ConditionsTreeNode$Operator;)Lcom/fsck/k9/search/ConditionsTreeNode;
05-14 15:44:45.651  7706  7706 D M_InsDal: Lcom/fsck/k9/search/ConditionsTreeNode;---><init>(Lcom/fsck/k9/search/ConditionsTreeNode;Lcom/fsck/k9/search/ConditionsTreeNode$Operator;)V
05-14 15:44:45.651  7706  7706 D M_InsDal: Lcom/fsck/k9/Account;--->getInboxFolderName()Ljava/lang/String;
05-14 15:44:45.651  7706  7706 D M_InsDal: Lcom/fsck/k9/search/SearchSpecification$SearchCondition;---><init>(Lcom/fsck/k9/search/SearchSpecification$SearchField;Lcom/fsck/k9/search/SearchSpecification$Attribute;Ljava/lang/String;)V
05-14 15:44:45.651  7706  7706 D M_InsDal: Lcom/fsck/k9/search/LocalSearch;--->or(Lcom/fsck/k9/search/SearchSpecification$SearchCondition;)Lcom/fsck/k9/search/ConditionsTreeNode;
05-14 15:44:45.651  7706  7706 D M_InsDal: Lcom/fsck/k9/search/ConditionsTreeNode;---><init>(Lcom/fsck/k9/search/SearchSpecification$SearchCondition;)V
05-14 15:44:45.651  7706  7706 D M_InsDal: Lcom/fsck/k9/search/LocalSearch;--->or(Lcom/fsck/k9/search/ConditionsTreeNode;)Lcom/fsck/k9/search/ConditionsTreeNode;
05-14 15:44:45.651  7706  7706 D M_InsDal: Lcom/fsck/k9/search/ConditionsTreeNode;--->getLeafSet()Ljava/util/Set;
05-14 15:44:45.651  7706  7706 D M_InsDal: Lcom/fsck/k9/search/ConditionsTreeNode;--->getLeafSet(Ljava/util/Set;)Ljava/util/Set;
05-14 15:44:45.651  7706  7706 D M_InsDal: Lcom/fsck/k9/search/ConditionsTreeNode;--->or(Lcom/fsck/k9/search/ConditionsTreeNode;)Lcom/fsck/k9/search/ConditionsTreeNode;
05-14 15:44:45.651  7706  7706 D M_InsDal: Lcom/fsck/k9/search/ConditionsTreeNode;--->add(Lcom/fsck/k9/search/ConditionsTreeNode;Lcom/fsck/k9/search/ConditionsTreeNode$Operator;)Lcom/fsck/k9/search/ConditionsTreeNode;
05-14 15:44:45.651  7706  7706 D M_InsDal: Lcom/fsck/k9/search/ConditionsTreeNode;---><init>(Lcom/fsck/k9/search/ConditionsTreeNode;Lcom/fsck/k9/search/ConditionsTreeNode$Operator;)V
05-14 15:44:45.651  7706  7706 D M_InsDal: Lcom/fsck/k9/Account;--->limitToDisplayableFolders(Lcom/fsck/k9/search/LocalSearch;)V
05-14 15:44:45.651  7706  7706 D M_InsDal: Lcom/fsck/k9/Account;--->getFolderDisplayMode()Lcom/fsck/k9/Account$FolderMode;
05-14 15:44:45.651  7706  7706 D M_InsDal: Lcom/fsck/k9/search/LocalSearch;--->and(Lcom/fsck/k9/search/SearchSpecification$SearchField;Ljava/lang/String;Lcom/fsck/k9/search/SearchSpecification$Attribute;)V
05-14 15:44:45.651  7706  7706 D M_InsDal: Lcom/fsck/k9/search/SearchSpecification$SearchCondition;---><init>(Lcom/fsck/k9/search/SearchSpecification$SearchField;Lcom/fsck/k9/search/SearchSpecification$Attribute;Ljava/lang/String;)V
05-14 15:44:45.651  7706  7706 D M_InsDal: Lcom/fsck/k9/search/LocalSearch;--->and(Lcom/fsck/k9/search/SearchSpecification$SearchCondition;)Lcom/fsck/k9/search/ConditionsTreeNode;
05-14 15:44:45.651  7706  7706 D M_InsDal: Lcom/fsck/k9/search/ConditionsTreeNode;---><init>(Lcom/fsck/k9/search/SearchSpecification$SearchCondition;)V
05-14 15:44:45.651  7706  7706 D M_InsDal: Lcom/fsck/k9/search/LocalSearch;--->and(Lcom/fsck/k9/search/ConditionsTreeNode;)Lcom/fsck/k9/search/ConditionsTreeNode;
05-14 15:44:45.651  7706  7706 D M_InsDal: Lcom/fsck/k9/search/ConditionsTreeNode;--->getLeafSet()Ljava/util/Set;
05-14 15:44:45.651  7706  7706 D M_InsDal: Lcom/fsck/k9/search/ConditionsTreeNode;--->getLeafSet(Ljava/util/Set;)Ljava/util/Set;
05-14 15:44:45.651  7706  7731 D M_InsDal: Lcom/fsck/k9/mail/ssl/TrustManagerFactory;--->get(Ljava/lang/String;I)Ljavax/net/ssl/X509TrustManager;
05-14 15:44:45.651  7706  7706 D M_InsDal: Lcom/fsck/k9/search/ConditionsTreeNode;--->and(Lcom/fsck/k9/search/ConditionsTreeNode;)Lcom/fsck/k9/search/ConditionsTreeNode;
05-14 15:44:45.651  7706  7706 D M_InsDal: Lcom/fsck/k9/search/ConditionsTreeNode;--->add(Lcom/fsck/k9/search/ConditionsTreeNode;Lcom/fsck/k9/search/ConditionsTreeNode$Operator;)Lcom/fsck/k9/search/ConditionsTreeNode;
05-14 15:44:45.651  7706  7706 D M_InsDal: Lcom/fsck/k9/search/ConditionsTreeNode;---><init>(Lcom/fsck/k9/search/ConditionsTreeNode;Lcom/fsck/k9/search/ConditionsTreeNode$Operator;)V
05-14 15:44:45.651  7706  7706 D M_InsDal: Lcom/fsck/k9/search/LocalSearch;--->and(Lcom/fsck/k9/search/SearchSpecification$SearchField;Ljava/lang/String;Lcom/fsck/k9/search/SearchSpecification$Attribute;)V
05-14 15:44:45.651  7706  7706 D M_InsDal: Lcom/fsck/k9/search/SearchSpecification$SearchCondition;---><init>(Lcom/fsck/k9/search/SearchSpecification$SearchField;Lcom/fsck/k9/search/SearchSpecification$Attribute;Ljava/lang/String;)V
05-14 15:44:45.651  7706  7706 D M_InsDal: Lcom/fsck/k9/search/LocalSearch;--->and(Lcom/fsck/k9/search/SearchSpecification$SearchCondition;)Lcom/fsck/k9/search/ConditionsTreeNode;
05-14 15:44:45.651  7706  7706 D M_InsDal: Lcom/fsck/k9/search/ConditionsTreeNode;---><init>(Lcom/fsck/k9/search/SearchSpecification$SearchCondition;)V
05-14 15:44:45.651  7706  7706 D M_InsDal: Lcom/fsck/k9/search/LocalSearch;--->and(Lcom/fsck/k9/search/ConditionsTreeNode;)Lcom/fsck/k9/search/ConditionsTreeNode;
05-14 15:44:45.651  7706  7731 D M_InsDal: Lcom/fsck/k9/mail/ssl/TrustManagerFactory$SecureX509TrustManager;---><clinit>()V
05-14 15:44:45.651  7706  7706 D M_InsDal: Lcom/fsck/k9/search/ConditionsTreeNode;--->getLeafSet()Ljava/util/Set;
05-14 15:44:45.651  7706  7706 D M_InsDal: Lcom/fsck/k9/search/ConditionsTreeNode;--->getLeafSet(Ljava/util/Set;)Ljava/util/Set;
05-14 15:44:45.651  7706  7706 D M_InsDal: Lcom/fsck/k9/search/ConditionsTreeNode;--->and(Lcom/fsck/k9/search/ConditionsTreeNode;)Lcom/fsck/k9/search/ConditionsTreeNode;
05-14 15:44:45.651  7706  7731 D M_InsDal: Lcom/fsck/k9/mail/ssl/TrustManagerFactory$SecureX509TrustManager;--->getInstance(Ljava/lang/String;I)Ljavax/net/ssl/X509TrustManager;
05-14 15:44:45.651  7706  7706 D M_InsDal: Lcom/fsck/k9/search/ConditionsTreeNode;--->add(Lcom/fsck/k9/search/ConditionsTreeNode;Lcom/fsck/k9/search/ConditionsTreeNode$Operator;)Lcom/fsck/k9/search/ConditionsTreeNode;
05-14 15:44:45.651  7706  7706 D M_InsDal: Lcom/fsck/k9/search/ConditionsTreeNode;---><init>(Lcom/fsck/k9/search/ConditionsTreeNode;Lcom/fsck/k9/search/ConditionsTreeNode$Operator;)V
05-14 15:44:45.651  7706  7706 D M_InsDal: Lcom/fsck/k9/activity/Accounts$AccountClickListener;---><init>(Lcom/fsck/k9/activity/Accounts;Lcom/fsck/k9/search/LocalSearch;)V
05-14 15:44:45.651  7706  7731 D M_InsDal: Lcom/fsck/k9/mail/ssl/TrustManagerFactory$SecureX509TrustManager;---><init>(Ljava/lang/String;I)V
05-14 15:44:45.651  7706  7706 D M_InsDal: Lcom/fsck/k9/activity/Accounts$AccountsAdapter;--->createUnreadSearchListener(Lcom/fsck/k9/BaseAccount;)Landroid/view/View$OnClickListener;
05-14 15:44:45.651  7706  7706 D M_InsDal: Lcom/fsck/k9/activity/Accounts;--->createUnreadSearch(Landroid/content/Context;Lcom/fsck/k9/BaseAccount;)Lcom/fsck/k9/search/LocalSearch;
05-14 15:44:45.651  7706  7706 D M_InsDal: Lcom/fsck/k9/Account;--->getDescription()Ljava/lang/String;
05-14 15:44:45.651  7706  7706 D M_InsDal: Lcom/fsck/k9/search/LocalSearch;---><init>(Ljava/lang/String;)V
05-14 15:44:45.651  7706  7706 D M_InsDal: Lcom/fsck/k9/Account;--->getUuid()Ljava/lang/String;
05-14 15:44:45.651  7706  7706 D M_InsDal: Lcom/fsck/k9/search/LocalSearch;--->addAccountUuid(Ljava/lang/String;)V
05-14 15:44:45.651  7706  7706 D M_InsDal: Lcom/fsck/k9/Account;--->excludeSpecialFolders(Lcom/fsck/k9/search/LocalSearch;)V
05-14 15:44:45.651  7706  7706 D M_InsDal: Lcom/fsck/k9/Account;--->getTrashFolderName()Ljava/lang/String;
05-14 15:44:45.651  7706  7706 D M_InsDal: Lcom/fsck/k9/Account;--->excludeSpecialFolder(Lcom/fsck/k9/search/LocalSearch;Ljava/lang/String;)V
05-14 15:44:45.651  7706  7706 D M_InsDal: Lcom/fsck/k9/search/LocalSearch;--->and(Lcom/fsck/k9/search/SearchSpecification$SearchField;Ljava/lang/String;Lcom/fsck/k9/search/SearchSpecification$Attribute;)V
05-14 15:44:45.651  7706  7706 D M_InsDal: Lcom/fsck/k9/search/SearchSpecification$SearchCondition;---><init>(Lcom/fsck/k9/search/SearchSpecification$SearchField;Lcom/fsck/k9/search/SearchSpecification$Attribute;Ljava/lang/String;)V
05-14 15:44:45.651  7706  7706 D M_InsDal: Lcom/fsck/k9/search/LocalSearch;--->and(Lcom/fsck/k9/search/SearchSpecification$SearchCondition;)Lcom/fsck/k9/search/ConditionsTreeNode;
05-14 15:44:45.651  7706  7706 D M_InsDal: Lcom/fsck/k9/search/ConditionsTreeNode;---><init>(Lcom/fsck/k9/search/SearchSpecification$SearchCondition;)V
05-14 15:44:45.651  7706  7706 D M_InsDal: Lcom/fsck/k9/search/LocalSearch;--->and(Lcom/fsck/k9/search/ConditionsTreeNode;)Lcom/fsck/k9/search/ConditionsTreeNode;
05-14 15:44:45.651  7706  7706 D M_InsDal: Lcom/fsck/k9/search/ConditionsTreeNode;--->getLeafSet()Ljava/util/Set;
05-14 15:44:45.651  7706  7706 D M_InsDal: Lcom/fsck/k9/search/ConditionsTreeNode;--->getLeafSet(Ljava/util/Set;)Ljava/util/Set;
05-14 15:44:45.651  7706  7706 D M_InsDal: Lcom/fsck/k9/Account;--->getDraftsFolderName()Ljava/lang/String;
05-14 15:44:45.651  7706  7731 D M_InsDal: Lcom/fsck/k9/mail/ssl/DefaultTrustedSocketFactory;--->hardenSocket(Ljavax/net/ssl/SSLSocket;)V
05-14 15:44:45.651  7706  7706 D M_InsDal: Lcom/fsck/k9/Account;--->excludeSpecialFolder(Lcom/fsck/k9/search/LocalSearch;Ljava/lang/String;)V
05-14 15:44:45.651  7706  7706 D M_InsDal: Lcom/fsck/k9/search/LocalSearch;--->and(Lcom/fsck/k9/search/SearchSpecification$SearchField;Ljava/lang/String;Lcom/fsck/k9/search/SearchSpecification$Attribute;)V
05-14 15:44:45.651  7706  7706 D M_InsDal: Lcom/fsck/k9/search/SearchSpecification$SearchCondition;---><init>(Lcom/fsck/k9/search/SearchSpecification$SearchField;Lcom/fsck/k9/search/SearchSpecification$Attribute;Ljava/lang/String;)V
05-14 15:44:45.651  7706  7706 D M_InsDal: Lcom/fsck/k9/search/LocalSearch;--->and(Lcom/fsck/k9/search/SearchSpecification$SearchCondition;)Lcom/fsck/k9/search/ConditionsTreeNode;
05-14 15:44:45.651  7706  7706 D M_InsDal: Lcom/fsck/k9/search/ConditionsTreeNode;---><init>(Lcom/fsck/k9/search/SearchSpecification$SearchCondition;)V
05-14 15:44:45.651  7706  7731 D M_InsDal: Lcom/fsck/k9/mail/ssl/DefaultTrustedSocketFactory;--->setSniHost(Ljavax/net/ssl/SSLSocketFactory;Ljavax/net/ssl/SSLSocket;Ljava/lang/String;)V
05-14 15:44:45.651  7706  7706 D M_InsDal: Lcom/fsck/k9/search/LocalSearch;--->and(Lcom/fsck/k9/search/ConditionsTreeNode;)Lcom/fsck/k9/search/ConditionsTreeNode;
05-14 15:44:45.651  7706  7706 D M_InsDal: Lcom/fsck/k9/search/ConditionsTreeNode;--->getLeafSet()Ljava/util/Set;
05-14 15:44:45.651  7706  7706 D M_InsDal: Lcom/fsck/k9/search/ConditionsTreeNode;--->getLeafSet(Ljava/util/Set;)Ljava/util/Set;
05-14 15:44:45.651  7706  7731 D M_InsDal: Lcom/fsck/k9/mail/ssl/DefaultTrustedSocketFactory;--->setHostnameViaReflection(Ljavax/net/ssl/SSLSocket;Ljava/lang/String;)V
05-14 15:44:45.651  7706  7706 D M_InsDal: Lcom/fsck/k9/search/ConditionsTreeNode;--->and(Lcom/fsck/k9/search/ConditionsTreeNode;)Lcom/fsck/k9/search/ConditionsTreeNode;
05-14 15:44:45.651  7706  7706 D M_InsDal: Lcom/fsck/k9/search/ConditionsTreeNode;--->add(Lcom/fsck/k9/search/ConditionsTreeNode;Lcom/fsck/k9/search/ConditionsTreeNode$Operator;)Lcom/fsck/k9/search/ConditionsTreeNode;
05-14 15:44:45.651  7706  7706 D M_InsDal: Lcom/fsck/k9/search/ConditionsTreeNode;---><init>(Lcom/fsck/k9/search/ConditionsTreeNode;Lcom/fsck/k9/search/ConditionsTreeNode$Operator;)V
05-14 15:44:45.651  7706  7706 D M_InsDal: Lcom/fsck/k9/Account;--->getSpamFolderName()Ljava/lang/String;
05-14 15:44:45.651  7706  7706 D M_InsDal: Lcom/fsck/k9/Account;--->excludeSpecialFolder(Lcom/fsck/k9/search/LocalSearch;Ljava/lang/String;)V
05-14 15:44:45.651  7706  7706 D M_InsDal: Lcom/fsck/k9/search/LocalSearch;--->and(Lcom/fsck/k9/search/SearchSpecification$SearchField;Ljava/lang/String;Lcom/fsck/k9/search/SearchSpecification$Attribute;)V
05-14 15:44:45.651  7706  7706 D M_InsDal: Lcom/fsck/k9/search/SearchSpecification$SearchCondition;---><init>(Lcom/fsck/k9/search/SearchSpecification$SearchField;Lcom/fsck/k9/search/SearchSpecification$Attribute;Ljava/lang/String;)V
05-14 15:44:45.651  7706  7706 D M_InsDal: Lcom/fsck/k9/search/LocalSearch;--->and(Lcom/fsck/k9/search/SearchSpecification$SearchCondition;)Lcom/fsck/k9/search/ConditionsTreeNode;
05-14 15:44:45.651  7706  7706 D M_InsDal: Lcom/fsck/k9/search/ConditionsTreeNode;---><init>(Lcom/fsck/k9/search/SearchSpecification$SearchCondition;)V
05-14 15:44:45.651  7706  7706 D M_InsDal: Lcom/fsck/k9/search/LocalSearch;--->and(Lcom/fsck/k9/search/ConditionsTreeNode;)Lcom/fsck/k9/search/ConditionsTreeNode;
05-14 15:44:45.651  7706  7706 D M_InsDal: Lcom/fsck/k9/search/ConditionsTreeNode;--->getLeafSet()Ljava/util/Set;
05-14 15:44:45.651  7706  7706 D M_InsDal: Lcom/fsck/k9/search/ConditionsTreeNode;--->getLeafSet(Ljava/util/Set;)Ljava/util/Set;
05-14 15:44:45.651  7706  7706 D M_InsDal: Lcom/fsck/k9/search/ConditionsTreeNode;--->and(Lcom/fsck/k9/search/ConditionsTreeNode;)Lcom/fsck/k9/search/ConditionsTreeNode;
05-14 15:44:45.651  7706  7706 D M_InsDal: Lcom/fsck/k9/search/ConditionsTreeNode;--->add(Lcom/fsck/k9/search/ConditionsTreeNode;Lcom/fsck/k9/search/ConditionsTreeNode$Operator;)Lcom/fsck/k9/search/ConditionsTreeNode;
05-14 15:44:45.651  7706  7706 D M_InsDal: Lcom/fsck/k9/search/ConditionsTreeNode;---><init>(Lcom/fsck/k9/search/ConditionsTreeNode;Lcom/fsck/k9/search/ConditionsTreeNode$Operator;)V
05-14 15:44:45.651  7706  7706 D M_InsDal: Lcom/fsck/k9/Account;--->getOutboxFolderName()Ljava/lang/String;
05-14 15:44:45.651  7706  7706 D M_InsDal: Lcom/fsck/k9/Account;--->excludeSpecialFolder(Lcom/fsck/k9/search/LocalSearch;Ljava/lang/String;)V
05-14 15:44:45.651  7706  7706 D M_InsDal: Lcom/fsck/k9/search/LocalSearch;--->and(Lcom/fsck/k9/search/SearchSpecification$SearchField;Ljava/lang/String;Lcom/fsck/k9/search/SearchSpecification$Attribute;)V
05-14 15:44:45.651  7706  7706 D M_InsDal: Lcom/fsck/k9/search/SearchSpecification$SearchCondition;---><init>(Lcom/fsck/k9/search/SearchSpecification$SearchField;Lcom/fsck/k9/search/SearchSpecification$Attribute;Ljava/lang/String;)V
05-14 15:44:45.651  7706  7706 D M_InsDal: Lcom/fsck/k9/search/LocalSearch;--->and(Lcom/fsck/k9/search/SearchSpecification$SearchCondition;)Lcom/fsck/k9/search/ConditionsTreeNode;
05-14 15:44:45.651  7706  7706 D M_InsDal: Lcom/fsck/k9/search/ConditionsTreeNode;---><init>(Lcom/fsck/k9/search/SearchSpecification$SearchCondition;)V
05-14 15:44:45.651  7706  7706 D M_InsDal: Lcom/fsck/k9/search/LocalSearch;--->and(Lcom/fsck/k9/search/ConditionsTreeNode;)Lcom/fsck/k9/search/ConditionsTreeNode;
05-14 15:44:45.651  7706  7706 D M_InsDal: Lcom/fsck/k9/search/ConditionsTreeNode;--->getLeafSet()Ljava/util/Set;
05-14 15:44:45.651  7706  7706 D M_InsDal: Lcom/fsck/k9/search/ConditionsTreeNode;--->getLeafSet(Ljava/util/Set;)Ljava/util/Set;
05-14 15:44:45.651  7706  7706 D M_InsDal: Lcom/fsck/k9/search/ConditionsTreeNode;--->and(Lcom/fsck/k9/search/ConditionsTreeNode;)Lcom/fsck/k9/search/ConditionsTreeNode;
05-14 15:44:45.651  7706  7706 D M_InsDal: Lcom/fsck/k9/search/ConditionsTreeNode;--->add(Lcom/fsck/k9/search/ConditionsTreeNode;Lcom/fsck/k9/search/ConditionsTreeNode$Operator;)Lcom/fsck/k9/search/ConditionsTreeNode;
05-14 15:44:45.651  7706  7706 D M_InsDal: Lcom/fsck/k9/search/ConditionsTreeNode;---><init>(Lcom/fsck/k9/search/ConditionsTreeNode;Lcom/fsck/k9/search/ConditionsTreeNode$Operator;)V
05-14 15:44:45.651  7706  7706 D M_InsDal: Lcom/fsck/k9/Account;--->getSentFolderName()Ljava/lang/String;
05-14 15:44:45.651  7706  7706 D M_InsDal: Lcom/fsck/k9/Account;--->excludeSpecialFolder(Lcom/fsck/k9/search/LocalSearch;Ljava/lang/String;)V
05-14 15:44:45.651  7706  7706 D M_InsDal: Lcom/fsck/k9/search/LocalSearch;--->and(Lcom/fsck/k9/search/SearchSpecification$SearchField;Ljava/lang/String;Lcom/fsck/k9/search/SearchSpecification$Attribute;)V
05-14 15:44:45.651  7706  7706 D M_InsDal: Lcom/fsck/k9/search/SearchSpecification$SearchCondition;---><init>(Lcom/fsck/k9/search/SearchSpecification$SearchField;Lcom/fsck/k9/search/SearchSpecification$Attribute;Ljava/lang/String;)V
05-14 15:44:45.651  7706  7706 D M_InsDal: Lcom/fsck/k9/search/LocalSearch;--->and(Lcom/fsck/k9/search/SearchSpecification$SearchCondition;)Lcom/fsck/k9/search/ConditionsTreeNode;
05-14 15:44:45.651  7706  7706 D M_InsDal: Lcom/fsck/k9/search/ConditionsTreeNode;---><init>(Lcom/fsck/k9/search/SearchSpecification$SearchCondition;)V
05-14 15:44:45.651  7706  7706 D M_InsDal: Lcom/fsck/k9/search/LocalSearch;--->and(Lcom/fsck/k9/search/ConditionsTreeNode;)Lcom/fsck/k9/search/ConditionsTreeNode;
05-14 15:44:45.651  7706  7706 D M_InsDal: Lcom/fsck/k9/search/ConditionsTreeNode;--->getLeafSet()Ljava/util/Set;
05-14 15:44:45.651  7706  7706 D M_InsDal: Lcom/fsck/k9/search/ConditionsTreeNode;--->getLeafSet(Ljava/util/Set;)Ljava/util/Set;
05-14 15:44:45.651  7706  7706 D M_InsDal: Lcom/fsck/k9/search/ConditionsTreeNode;--->and(Lcom/fsck/k9/search/ConditionsTreeNode;)Lcom/fsck/k9/search/ConditionsTreeNode;
05-14 15:44:45.651  7706  7706 D M_InsDal: Lcom/fsck/k9/search/ConditionsTreeNode;--->add(Lcom/fsck/k9/search/ConditionsTreeNode;Lcom/fsck/k9/search/ConditionsTreeNode$Operator;)Lcom/fsck/k9/search/ConditionsTreeNode;
05-14 15:44:45.651  7706  7706 D M_InsDal: Lcom/fsck/k9/search/ConditionsTreeNode;---><init>(Lcom/fsck/k9/search/ConditionsTreeNode;Lcom/fsck/k9/search/ConditionsTreeNode$Operator;)V
05-14 15:44:45.651  7706  7706 D M_InsDal: Lcom/fsck/k9/Account;--->getInboxFolderName()Ljava/lang/String;
05-14 15:44:45.651  7706  7706 D M_InsDal: Lcom/fsck/k9/search/SearchSpecification$SearchCondition;---><init>(Lcom/fsck/k9/search/SearchSpecification$SearchField;Lcom/fsck/k9/search/SearchSpecification$Attribute;Ljava/lang/String;)V
05-14 15:44:45.651  7706  7706 D M_InsDal: Lcom/fsck/k9/search/LocalSearch;--->or(Lcom/fsck/k9/search/SearchSpecification$SearchCondition;)Lcom/fsck/k9/search/ConditionsTreeNode;
05-14 15:44:45.651  7706  7706 D M_InsDal: Lcom/fsck/k9/search/ConditionsTreeNode;---><init>(Lcom/fsck/k9/search/SearchSpecification$SearchCondition;)V
05-14 15:44:45.651  7706  7706 D M_InsDal: Lcom/fsck/k9/search/LocalSearch;--->or(Lcom/fsck/k9/search/ConditionsTreeNode;)Lcom/fsck/k9/search/ConditionsTreeNode;
05-14 15:44:45.651  7706  7706 D M_InsDal: Lcom/fsck/k9/search/ConditionsTreeNode;--->getLeafSet()Ljava/util/Set;
05-14 15:44:45.651  7706  7706 D M_InsDal: Lcom/fsck/k9/search/ConditionsTreeNode;--->getLeafSet(Ljava/util/Set;)Ljava/util/Set;
05-14 15:44:45.651  7706  7706 D M_InsDal: Lcom/fsck/k9/search/ConditionsTreeNode;--->or(Lcom/fsck/k9/search/ConditionsTreeNode;)Lcom/fsck/k9/search/ConditionsTreeNode;
05-14 15:44:45.651  7706  7706 D M_InsDal: Lcom/fsck/k9/search/ConditionsTreeNode;--->add(Lcom/fsck/k9/search/ConditionsTreeNode;Lcom/fsck/k9/search/ConditionsTreeNode$Operator;)Lcom/fsck/k9/search/ConditionsTreeNode;
05-14 15:44:45.651  7706  7706 D M_InsDal: Lcom/fsck/k9/search/ConditionsTreeNode;---><init>(Lcom/fsck/k9/search/ConditionsTreeNode;Lcom/fsck/k9/search/ConditionsTreeNode$Operator;)V
05-14 15:44:45.651  7706  7706 D M_InsDal: Lcom/fsck/k9/Account;--->limitToDisplayableFolders(Lcom/fsck/k9/search/LocalSearch;)V
05-14 15:44:45.651  7706  7706 D M_InsDal: Lcom/fsck/k9/Account;--->getFolderDisplayMode()Lcom/fsck/k9/Account$FolderMode;
05-14 15:44:45.651  7706  7706 D M_InsDal: Lcom/fsck/k9/search/LocalSearch;--->and(Lcom/fsck/k9/search/SearchSpecification$SearchField;Ljava/lang/String;Lcom/fsck/k9/search/SearchSpecification$Attribute;)V
05-14 15:44:45.651  7706  7706 D M_InsDal: Lcom/fsck/k9/search/SearchSpecification$SearchCondition;---><init>(Lcom/fsck/k9/search/SearchSpecification$SearchField;Lcom/fsck/k9/search/SearchSpecification$Attribute;Ljava/lang/String;)V
05-14 15:44:45.651  7706  7706 D M_InsDal: Lcom/fsck/k9/search/LocalSearch;--->and(Lcom/fsck/k9/search/SearchSpecification$SearchCondition;)Lcom/fsck/k9/search/ConditionsTreeNode;
05-14 15:44:45.651  7706  7706 D M_InsDal: Lcom/fsck/k9/search/ConditionsTreeNode;---><init>(Lcom/fsck/k9/search/SearchSpecification$SearchCondition;)V
05-14 15:44:45.651  7706  7706 D M_InsDal: Lcom/fsck/k9/search/LocalSearch;--->and(Lcom/fsck/k9/search/ConditionsTreeNode;)Lcom/fsck/k9/search/ConditionsTreeNode;
05-14 15:44:45.651  7706  7706 D M_InsDal: Lcom/fsck/k9/search/ConditionsTreeNode;--->getLeafSet()Ljava/util/Set;
05-14 15:44:45.651  7706  7706 D M_InsDal: Lcom/fsck/k9/search/ConditionsTreeNode;--->getLeafSet(Ljava/util/Set;)Ljava/util/Set;
05-14 15:44:45.651  7706  7706 D M_InsDal: Lcom/fsck/k9/search/ConditionsTreeNode;--->and(Lcom/fsck/k9/search/ConditionsTreeNode;)Lcom/fsck/k9/search/ConditionsTreeNode;
05-14 15:44:45.651  7706  7706 D M_InsDal: Lcom/fsck/k9/search/ConditionsTreeNode;--->add(Lcom/fsck/k9/search/ConditionsTreeNode;Lcom/fsck/k9/search/ConditionsTreeNode$Operator;)Lcom/fsck/k9/search/ConditionsTreeNode;
05-14 15:44:45.651  7706  7706 D M_InsDal: Lcom/fsck/k9/search/ConditionsTreeNode;---><init>(Lcom/fsck/k9/search/ConditionsTreeNode;Lcom/fsck/k9/search/ConditionsTreeNode$Operator;)V
05-14 15:44:45.651  7706  7706 D M_InsDal: Lcom/fsck/k9/search/LocalSearch;--->and(Lcom/fsck/k9/search/SearchSpecification$SearchField;Ljava/lang/String;Lcom/fsck/k9/search/SearchSpecification$Attribute;)V
05-14 15:44:45.651  7706  7706 D M_InsDal: Lcom/fsck/k9/search/SearchSpecification$SearchCondition;---><init>(Lcom/fsck/k9/search/SearchSpecification$SearchField;Lcom/fsck/k9/search/SearchSpecification$Attribute;Ljava/lang/String;)V
05-14 15:44:45.651  7706  7706 D M_InsDal: Lcom/fsck/k9/search/LocalSearch;--->and(Lcom/fsck/k9/search/SearchSpecification$SearchCondition;)Lcom/fsck/k9/search/ConditionsTreeNode;
05-14 15:44:45.651  7706  7706 D M_InsDal: Lcom/fsck/k9/search/ConditionsTreeNode;---><init>(Lcom/fsck/k9/search/SearchSpecification$SearchCondition;)V
05-14 15:44:45.651  7706  7706 D M_InsDal: Lcom/fsck/k9/search/LocalSearch;--->and(Lcom/fsck/k9/search/ConditionsTreeNode;)Lcom/fsck/k9/search/ConditionsTreeNode;
05-14 15:44:45.651  7706  7706 D M_InsDal: Lcom/fsck/k9/search/ConditionsTreeNode;--->getLeafSet()Ljava/util/Set;
05-14 15:44:45.651  7706  7706 D M_InsDal: Lcom/fsck/k9/search/ConditionsTreeNode;--->getLeafSet(Ljava/util/Set;)Ljava/util/Set;
05-14 15:44:45.651  7706  7706 D M_InsDal: Lcom/fsck/k9/search/ConditionsTreeNode;--->and(Lcom/fsck/k9/search/ConditionsTreeNode;)Lcom/fsck/k9/search/ConditionsTreeNode;
05-14 15:44:45.651  7706  7706 D M_InsDal: Lcom/fsck/k9/search/ConditionsTreeNode;--->add(Lcom/fsck/k9/search/ConditionsTreeNode;Lcom/fsck/k9/search/ConditionsTreeNode$Operator;)Lcom/fsck/k9/search/ConditionsTreeNode;
05-14 15:44:45.651  7706  7706 D M_InsDal: Lcom/fsck/k9/search/ConditionsTreeNode;---><init>(Lcom/fsck/k9/search/ConditionsTreeNode;Lcom/fsck/k9/search/ConditionsTreeNode$Operator;)V
05-14 15:44:45.651  7706  7706 D M_InsDal: Lcom/fsck/k9/activity/Accounts$AccountClickListener;---><init>(Lcom/fsck/k9/activity/Accounts;Lcom/fsck/k9/search/LocalSearch;)V
05-14 15:44:45.651  7706  7706 D M_InsDal: Lcom/fsck/k9/activity/Accounts$AccountsAdapter$1;---><init>(Lcom/fsck/k9/activity/Accounts$AccountsAdapter;)V
05-14 15:44:45.651  7706  7706 D M_InsDal: Lcom/fsck/k9/Account;--->getChipColor()I
05-14 15:44:45.651  7706  7706 D M_InsDal: Lcom/fsck/k9/Account;--->generateColorChip(ZZ)Lcom/fsck/k9/view/ColorChip;
05-14 15:44:45.651  7706  7706 D M_InsDal: Lcom/fsck/k9/view/ColorChip;--->drawable()Landroid/graphics/drawable/ShapeDrawable;
05-14 15:44:45.651  7706  7706 D M_InsDal: Lcom/fsck/k9/Account;--->generateColorChip(ZZ)Lcom/fsck/k9/view/ColorChip;
05-14 15:44:45.651  7706  7706 D M_InsDal: Lcom/fsck/k9/view/ColorChip;--->drawable()Landroid/graphics/drawable/ShapeDrawable;
05-14 15:44:45.651  7706  7706 D M_InsDal: Lcom/fsck/k9/FontSizes;--->getAccountName()I
05-14 15:44:45.651  7706  7706 D M_InsDal: Lcom/fsck/k9/FontSizes;--->setViewTextSize(Landroid/widget/TextView;I)V
05-14 15:44:45.651  7706  7706 D M_InsDal: Lcom/fsck/k9/FontSizes;--->getAccountDescription()I
05-14 15:44:45.651  7706  7706 D M_InsDal: Lcom/fsck/k9/FontSizes;--->setViewTextSize(Landroid/widget/TextView;I)V
05-14 15:44:45.651  7706  7706 D M_InsDal: Lcom/fsck/k9/activity/Accounts$AccountsAdapter$2;---><init>(Lcom/fsck/k9/activity/Accounts$AccountsAdapter;Lcom/fsck/k9/BaseAccount;)V
05-14 15:44:45.652  7706  7706 D M_InsDal: Lcom/fsck/k9/activity/Accounts$AccountsHandler$2;--->run()V
05-14 15:44:45.652  7706  7706 D M_InsDal: Lcom/fsck/k9/activity/Accounts$AccountsHandler$6;--->run()V
05-14 15:44:45.652  7706  7706 D M_InsDal: Lcom/fsck/k9/activity/Accounts$AccountsHandler$1;--->run()V
05-14 15:44:45.652  7706  7706 D M_InsDal: Lcom/fsck/k9/activity/Accounts$AccountsHandler;--->setViewTitle()V
05-14 15:44:45.652  7706  7706 D M_InsDal: Lcom/fsck/k9/activity/ActivityListener;--->getOperation(Landroid/content/Context;)Ljava/lang/String;
05-14 15:44:45.652  7706  7706 D M_InsDal: Lcom/fsck/k9/service/MailService;--->getNextPollTime()J
05-14 15:44:45.652  7706  7706 D M_InsDal: Lcom/fsck/k9/K9;--->isDebug()Z
05-14 15:44:45.652  7706  7706 D M_InsDal: Lcom/fsck/k9/service/MailService;--->isSyncDisabled()Z
05-14 15:44:45.652  7706  7706 D M_InsDal: Lcom/fsck/k9/service/BootReceiver;---><init>()V
05-14 15:44:45.652  7706  7706 D M_InsDal: Lcom/fsck/k9/service/CoreReceiver;---><init>()V
05-14 15:44:45.652  7706  7706 D M_InsDal: Lcom/fsck/k9/service/CoreReceiver;--->onReceive(Landroid/content/Context;Landroid/content/Intent;)V
05-14 15:44:45.652  7706  7706 D M_InsDal: Lcom/fsck/k9/service/CoreReceiver;--->getWakeLock(Landroid/content/Context;)Ljava/lang/Integer;
05-14 15:44:45.652  7706  7706 D M_InsDal: Lcom/fsck/k9/mail/power/TracingPowerManager;--->getPowerManager(Landroid/content/Context;)Lcom/fsck/k9/mail/power/TracingPowerManager;
05-14 15:44:45.652  7706  7706 D M_InsDal: Lcom/fsck/k9/mail/power/TracingPowerManager;--->newWakeLock(ILjava/lang/String;)Lcom/fsck/k9/mail/power/TracingPowerManager$TracingWakeLock;
05-14 15:44:45.652  7706  7706 D M_InsDal: Lcom/fsck/k9/mail/power/TracingPowerManager$TracingWakeLock;---><init>(Lcom/fsck/k9/mail/power/TracingPowerManager;ILjava/lang/String;)V
05-14 15:44:45.652  7706  7706 D M_InsDal: Lcom/fsck/k9/mail/K9MailLib;--->isDebug()Z
05-14 15:44:45.652  7706  7706 D M_InsDal: Lcom/fsck/k9/K9$2;--->enabled()Z
05-14 15:44:45.652  7706  7706 D M_InsDal: Lcom/fsck/k9/mail/power/TracingPowerManager$TracingWakeLock;--->setReferenceCounted(Z)V
05-14 15:44:45.652  7706  7706 D M_InsDal: Lcom/fsck/k9/mail/power/TracingPowerManager$TracingWakeLock;--->acquire(J)V
05-14 15:44:45.653  7706  7706 D M_InsDal: Lcom/fsck/k9/mail/K9MailLib;--->isDebug()Z
05-14 15:44:45.653  7706  7706 D M_InsDal: Lcom/fsck/k9/K9$2;--->enabled()Z
05-14 15:44:45.653  7706  7706 D M_InsDal: Lcom/fsck/k9/mail/power/TracingPowerManager$TracingWakeLock;--->raiseNotification()V
05-14 15:44:45.653  7706  7706 D M_InsDal: Lcom/fsck/k9/service/BootReceiver;--->receive(Landroid/content/Context;Landroid/content/Intent;Ljava/lang/Integer;)Ljava/lang/Integer;
05-14 15:44:45.653  7706  7706 D M_InsDal: Lcom/fsck/k9/service/BootReceiver;--->buildPendingIntent(Landroid/content/Context;Landroid/content/Intent;)Landroid/app/PendingIntent;
05-14 15:44:45.653  7706  7706 D M_InsDal: Lcom/fsck/k9/helper/K9AlarmManager;--->getAlarmManager(Landroid/content/Context;)Lcom/fsck/k9/helper/K9AlarmManager;
05-14 15:44:45.653  7706  7706 D M_InsDal: Lcom/fsck/k9/power/DozeChecker;---><init>(Landroid/content/Context;)V
05-14 15:44:45.653  7706  7706 D M_InsDal: Lcom/fsck/k9/helper/K9AlarmManager;---><init>(Landroid/app/AlarmManager;Lcom/fsck/k9/power/DozeChecker;)V
05-14 15:44:45.653  7706  7706 D M_InsDal: Lcom/fsck/k9/helper/K9AlarmManager;--->set(IJLandroid/app/PendingIntent;)V
05-14 15:44:45.653  7706  7706 D M_InsDal: Lcom/fsck/k9/power/DozeChecker;--->isDeviceIdleModeSupported()Z
05-14 15:44:45.653  7706  7706 D M_InsDal: Lcom/fsck/k9/power/DozeChecker;--->isAppWhitelisted()Z
05-14 15:44:45.653  7706  7730 D M_InsDal: Lcom/fsck/k9/mail/store/imap/ImapConnection;--->connectToAddress(Ljava/net/InetAddress;)Ljava/net/Socket;
05-14 15:44:45.653  7706  7730 D M_InsDal: Lcom/fsck/k9/mail/store/imap/ImapStore$StoreImapSettings;--->getHost()Ljava/lang/String;
05-14 15:44:45.653  7706  7730 D M_InsDal: Lcom/fsck/k9/mail/store/imap/ImapStore$StoreImapSettings;--->getPort()I
05-14 15:44:45.653  7706  7730 D M_InsDal: Lcom/fsck/k9/mail/store/imap/ImapStore$StoreImapSettings;--->getClientCertificateAlias()Ljava/lang/String;
05-14 15:44:45.653  7706  7730 D M_InsDal: Lcom/fsck/k9/mail/K9MailLib;--->isDebug()Z
05-14 15:44:45.653  7706  7730 D M_InsDal: Lcom/fsck/k9/K9$2;--->enabled()Z
05-14 15:44:45.653  7706  7730 D M_InsDal: Lcom/fsck/k9/mail/store/imap/ImapStore$StoreImapSettings;--->getConnectionSecurity()Lcom/fsck/k9/mail/ConnectionSecurity;
05-14 15:44:45.653  7706  7730 D M_InsDal: Lcom/fsck/k9/mail/ssl/DefaultTrustedSocketFactory;--->createSocket(Ljava/net/Socket;Ljava/lang/String;ILjava/lang/String;)Ljava/net/Socket;
05-14 15:44:45.653  7706  7730 D M_InsDal: Lcom/fsck/k9/mail/ssl/TrustManagerFactory;--->get(Ljava/lang/String;I)Ljavax/net/ssl/X509TrustManager;
05-14 15:44:45.653  7706  7706 D M_InsDal: Lcom/fsck/k9/service/CoreReceiver;--->releaseWakeLock(Ljava/lang/Integer;)V
05-14 15:44:45.653  7706  7730 D M_InsDal: Lcom/fsck/k9/mail/ssl/TrustManagerFactory$SecureX509TrustManager;--->getInstance(Ljava/lang/String;I)Ljavax/net/ssl/X509TrustManager;
05-14 15:44:45.654  7706  7706 D M_InsDal: Lcom/fsck/k9/mail/power/TracingPowerManager$TracingWakeLock;--->release()V
05-14 15:44:45.654  7706  7706 D M_InsDal: Lcom/fsck/k9/mail/K9MailLib;--->isDebug()Z
05-14 15:44:45.654  7706  7706 D M_InsDal: Lcom/fsck/k9/K9$2;--->enabled()Z
05-14 15:44:45.654  7706  7706 D M_InsDal: Lcom/fsck/k9/mail/power/TracingPowerManager$TracingWakeLock;--->cancelNotification()V
