05-14 15:45:23.328  7861  7861 D M_InsDal: Lcom/fsck/k9/search/ConditionsTreeNode;--->and(Lcom/fsck/k9/search/ConditionsTreeNode;)Lcom/fsck/k9/search/ConditionsTreeNode;
05-14 15:45:23.328  7861  7861 D M_InsDal: Lcom/fsck/k9/search/ConditionsTreeNode;--->add(Lcom/fsck/k9/search/ConditionsTreeNode;Lcom/fsck/k9/search/ConditionsTreeNode$Operator;)Lcom/fsck/k9/search/ConditionsTreeNode;
05-14 15:45:23.328  7861  7861 D M_InsDal: Lcom/fsck/k9/search/ConditionsTreeNode;---><init>(Lcom/fsck/k9/search/ConditionsTreeNode;Lcom/fsck/k9/search/ConditionsTreeNode$Operator;)V
05-14 15:45:23.328  7861  7861 D M_InsDal: Lcom/fsck/k9/activity/Accounts$AccountClickListener;---><init>(Lcom/fsck/k9/activity/Accounts;Lcom/fsck/k9/search/LocalSearch;)V
05-14 15:45:23.328  7861  7861 D M_InsDal: Lcom/fsck/k9/activity/Accounts$AccountsAdapter$1;---><init>(Lcom/fsck/k9/activity/Accounts$AccountsAdapter;)V
05-14 15:45:23.328  7861  7861 D M_InsDal: Lcom/fsck/k9/view/ColorChip;---><init>(IZLandroid/graphics/Path;)V
05-14 15:45:23.328  7861  7861 D M_InsDal: Lcom/fsck/k9/view/ColorChip;--->drawable()Landroid/graphics/drawable/ShapeDrawable;
05-14 15:45:23.328  7861  7861 D M_InsDal: Lcom/fsck/k9/view/ColorChip;---><init>(IZLandroid/graphics/Path;)V
05-14 15:45:23.328  7861  7861 D M_InsDal: Lcom/fsck/k9/view/ColorChip;--->drawable()Landroid/graphics/drawable/ShapeDrawable;
05-14 15:45:23.328  7861  7861 D M_InsDal: Lcom/fsck/k9/FontSizes;--->getAccountName()I
05-14 15:45:23.328  7861  7861 D M_InsDal: Lcom/fsck/k9/FontSizes;--->setViewTextSize(Landroid/widget/TextView;I)V
05-14 15:45:23.328  7861  7861 D M_InsDal: Lcom/fsck/k9/FontSizes;--->getAccountDescription()I
05-14 15:45:23.328  7861  7861 D M_InsDal: Lcom/fsck/k9/FontSizes;--->setViewTextSize(Landroid/widget/TextView;I)V
05-14 15:45:23.328  7861  7861 D M_InsDal: Lcom/fsck/k9/activity/Accounts$AccountsAdapter;--->getView(ILandroid/view/View;Landroid/view/ViewGroup;)Landroid/view/View;
05-14 15:45:23.328  7861  7861 D M_InsDal: Lcom/fsck/k9/Account;--->getUuid()Ljava/lang/String;
05-14 15:45:23.328  7861  7861 D M_InsDal: Lcom/fsck/k9/helper/SizeFormatter;--->formatSize(Landroid/content/Context;J)Ljava/lang/String;
05-14 15:45:23.328  7861  7861 D M_InsDal: Lcom/fsck/k9/Account;--->getDescription()Ljava/lang/String;
05-14 15:45:23.328  7861  7861 D M_InsDal: Lcom/fsck/k9/K9;--->messageListStars()Z
05-14 15:45:23.328  7861  7861 D M_InsDal: Lcom/fsck/k9/activity/Accounts$AccountsAdapter;--->createFlaggedSearchListener(Lcom/fsck/k9/BaseAccount;)Landroid/view/View$OnClickListener;
05-14 15:45:23.328  7861  7861 D M_InsDal: Lcom/fsck/k9/Account;--->getDescription()Ljava/lang/String;
05-14 15:45:23.328  7861  7861 D M_InsDal: Lcom/fsck/k9/search/LocalSearch;---><init>(Ljava/lang/String;)V
05-14 15:45:23.328  7861  7861 D M_InsDal: Lcom/fsck/k9/Account;--->getUuid()Ljava/lang/String;
05-14 15:45:23.328  7861  7861 D M_InsDal: Lcom/fsck/k9/search/LocalSearch;--->addAccountUuid(Ljava/lang/String;)V
05-14 15:45:23.328  7861  7861 D M_InsDal: Lcom/fsck/k9/Account;--->excludeSpecialFolders(Lcom/fsck/k9/search/LocalSearch;)V
05-14 15:45:23.328  7861  7861 D M_InsDal: Lcom/fsck/k9/Account;--->getTrashFolderName()Ljava/lang/String;
05-14 15:45:23.328  7861  7861 D M_InsDal: Lcom/fsck/k9/Account;--->excludeSpecialFolder(Lcom/fsck/k9/search/LocalSearch;Ljava/lang/String;)V
05-14 15:45:23.328  7861  7861 D M_InsDal: Lcom/fsck/k9/search/LocalSearch;--->and(Lcom/fsck/k9/search/SearchSpecification$SearchField;Ljava/lang/String;Lcom/fsck/k9/search/SearchSpecification$Attribute;)V
05-14 15:45:23.328  7861  7861 D M_InsDal: Lcom/fsck/k9/search/SearchSpecification$SearchCondition;---><init>(Lcom/fsck/k9/search/SearchSpecification$SearchField;Lcom/fsck/k9/search/SearchSpecification$Attribute;Ljava/lang/String;)V
05-14 15:45:23.328  7861  7861 D M_InsDal: Lcom/fsck/k9/search/LocalSearch;--->and(Lcom/fsck/k9/search/SearchSpecification$SearchCondition;)Lcom/fsck/k9/search/ConditionsTreeNode;
05-14 15:45:23.328  7861  7861 D M_InsDal: Lcom/fsck/k9/search/ConditionsTreeNode;---><init>(Lcom/fsck/k9/search/SearchSpecification$SearchCondition;)V
05-14 15:45:23.328  7861  7861 D M_InsDal: Lcom/fsck/k9/search/LocalSearch;--->and(Lcom/fsck/k9/search/ConditionsTreeNode;)Lcom/fsck/k9/search/ConditionsTreeNode;
05-14 15:45:23.328  7861  7861 D M_InsDal: Lcom/fsck/k9/search/ConditionsTreeNode;--->getLeafSet()Ljava/util/Set;
05-14 15:45:23.328  7861  7861 D M_InsDal: Lcom/fsck/k9/search/ConditionsTreeNode;--->getLeafSet(Ljava/util/Set;)Ljava/util/Set;
05-14 15:45:23.328  7861  7861 D M_InsDal: Lcom/fsck/k9/Account;--->getDraftsFolderName()Ljava/lang/String;
05-14 15:45:23.328  7861  7861 D M_InsDal: Lcom/fsck/k9/Account;--->excludeSpecialFolder(Lcom/fsck/k9/search/LocalSearch;Ljava/lang/String;)V
05-14 15:45:23.328  7861  7861 D M_InsDal: Lcom/fsck/k9/search/LocalSearch;--->and(Lcom/fsck/k9/search/SearchSpecification$SearchField;Ljava/lang/String;Lcom/fsck/k9/search/SearchSpecification$Attribute;)V
05-14 15:45:23.328  7861  7861 D M_InsDal: Lcom/fsck/k9/search/SearchSpecification$SearchCondition;---><init>(Lcom/fsck/k9/search/SearchSpecification$SearchField;Lcom/fsck/k9/search/SearchSpecification$Attribute;Ljava/lang/String;)V
05-14 15:45:23.328  7861  7861 D M_InsDal: Lcom/fsck/k9/search/LocalSearch;--->and(Lcom/fsck/k9/search/SearchSpecification$SearchCondition;)Lcom/fsck/k9/search/ConditionsTreeNode;
05-14 15:45:23.328  7861  7861 D M_InsDal: Lcom/fsck/k9/search/ConditionsTreeNode;---><init>(Lcom/fsck/k9/search/SearchSpecification$SearchCondition;)V
05-14 15:45:23.328  7861  7861 D M_InsDal: Lcom/fsck/k9/search/LocalSearch;--->and(Lcom/fsck/k9/search/ConditionsTreeNode;)Lcom/fsck/k9/search/ConditionsTreeNode;
05-14 15:45:23.328  7861  7861 D M_InsDal: Lcom/fsck/k9/search/ConditionsTreeNode;--->getLeafSet()Ljava/util/Set;
05-14 15:45:23.328  7861  7861 D M_InsDal: Lcom/fsck/k9/search/ConditionsTreeNode;--->getLeafSet(Ljava/util/Set;)Ljava/util/Set;
05-14 15:45:23.328  7861  7861 D M_InsDal: Lcom/fsck/k9/search/ConditionsTreeNode;--->and(Lcom/fsck/k9/search/ConditionsTreeNode;)Lcom/fsck/k9/search/ConditionsTreeNode;
05-14 15:45:23.328  7861  7861 D M_InsDal: Lcom/fsck/k9/search/ConditionsTreeNode;--->add(Lcom/fsck/k9/search/ConditionsTreeNode;Lcom/fsck/k9/search/ConditionsTreeNode$Operator;)Lcom/fsck/k9/search/ConditionsTreeNode;
05-14 15:45:23.328  7861  7861 D M_InsDal: Lcom/fsck/k9/search/ConditionsTreeNode;---><init>(Lcom/fsck/k9/search/ConditionsTreeNode;Lcom/fsck/k9/search/ConditionsTreeNode$Operator;)V
05-14 15:45:23.328  7861  7861 D M_InsDal: Lcom/fsck/k9/Account;--->getSpamFolderName()Ljava/lang/String;
05-14 15:45:23.328  7861  7861 D M_InsDal: Lcom/fsck/k9/Account;--->excludeSpecialFolder(Lcom/fsck/k9/search/LocalSearch;Ljava/lang/String;)V
05-14 15:45:23.328  7861  7861 D M_InsDal: Lcom/fsck/k9/search/LocalSearch;--->and(Lcom/fsck/k9/search/SearchSpecification$SearchField;Ljava/lang/String;Lcom/fsck/k9/search/SearchSpecification$Attribute;)V
05-14 15:45:23.328  7861  7861 D M_InsDal: Lcom/fsck/k9/search/SearchSpecification$SearchCondition;---><init>(Lcom/fsck/k9/search/SearchSpecification$SearchField;Lcom/fsck/k9/search/SearchSpecification$Attribute;Ljava/lang/String;)V
05-14 15:45:23.328  7861  7861 D M_InsDal: Lcom/fsck/k9/search/LocalSearch;--->and(Lcom/fsck/k9/search/SearchSpecification$SearchCondition;)Lcom/fsck/k9/search/ConditionsTreeNode;
05-14 15:45:23.328  7861  7861 D M_InsDal: Lcom/fsck/k9/search/ConditionsTreeNode;---><init>(Lcom/fsck/k9/search/SearchSpecification$SearchCondition;)V
05-14 15:45:23.328  7861  7861 D M_InsDal: Lcom/fsck/k9/search/LocalSearch;--->and(Lcom/fsck/k9/search/ConditionsTreeNode;)Lcom/fsck/k9/search/ConditionsTreeNode;
05-14 15:45:23.328  7861  7861 D M_InsDal: Lcom/fsck/k9/search/ConditionsTreeNode;--->getLeafSet()Ljava/util/Set;
05-14 15:45:23.328  7861  7861 D M_InsDal: Lcom/fsck/k9/search/ConditionsTreeNode;--->getLeafSet(Ljava/util/Set;)Ljava/util/Set;
05-14 15:45:23.328  7861  7861 D M_InsDal: Lcom/fsck/k9/search/ConditionsTreeNode;--->and(Lcom/fsck/k9/search/ConditionsTreeNode;)Lcom/fsck/k9/search/ConditionsTreeNode;
05-14 15:45:23.328  7861  7861 D M_InsDal: Lcom/fsck/k9/search/ConditionsTreeNode;--->add(Lcom/fsck/k9/search/ConditionsTreeNode;Lcom/fsck/k9/search/ConditionsTreeNode$Operator;)Lcom/fsck/k9/search/ConditionsTreeNode;
05-14 15:45:23.328  7861  7861 D M_InsDal: Lcom/fsck/k9/search/ConditionsTreeNode;---><init>(Lcom/fsck/k9/search/ConditionsTreeNode;Lcom/fsck/k9/search/ConditionsTreeNode$Operator;)V
05-14 15:45:23.328  7861  7861 D M_InsDal: Lcom/fsck/k9/Account;--->getOutboxFolderName()Ljava/lang/String;
05-14 15:45:23.328  7861  7861 D M_InsDal: Lcom/fsck/k9/Account;--->excludeSpecialFolder(Lcom/fsck/k9/search/LocalSearch;Ljava/lang/String;)V
05-14 15:45:23.328  7861  7861 D M_InsDal: Lcom/fsck/k9/search/LocalSearch;--->and(Lcom/fsck/k9/search/SearchSpecification$SearchField;Ljava/lang/String;Lcom/fsck/k9/search/SearchSpecification$Attribute;)V
05-14 15:45:23.328  7861  7861 D M_InsDal: Lcom/fsck/k9/search/SearchSpecification$SearchCondition;---><init>(Lcom/fsck/k9/search/SearchSpecification$SearchField;Lcom/fsck/k9/search/SearchSpecification$Attribute;Ljava/lang/String;)V
05-14 15:45:23.328  7861  7861 D M_InsDal: Lcom/fsck/k9/search/LocalSearch;--->and(Lcom/fsck/k9/search/SearchSpecification$SearchCondition;)Lcom/fsck/k9/search/ConditionsTreeNode;
05-14 15:45:23.328  7861  7861 D M_InsDal: Lcom/fsck/k9/search/ConditionsTreeNode;---><init>(Lcom/fsck/k9/search/SearchSpecification$SearchCondition;)V
05-14 15:45:23.328  7861  7861 D M_InsDal: Lcom/fsck/k9/search/LocalSearch;--->and(Lcom/fsck/k9/search/ConditionsTreeNode;)Lcom/fsck/k9/search/ConditionsTreeNode;
05-14 15:45:23.328  7861  7861 D M_InsDal: Lcom/fsck/k9/search/ConditionsTreeNode;--->getLeafSet()Ljava/util/Set;
05-14 15:45:23.328  7861  7861 D M_InsDal: Lcom/fsck/k9/search/ConditionsTreeNode;--->getLeafSet(Ljava/util/Set;)Ljava/util/Set;
05-14 15:45:23.328  7861  7861 D M_InsDal: Lcom/fsck/k9/search/ConditionsTreeNode;--->and(Lcom/fsck/k9/search/ConditionsTreeNode;)Lcom/fsck/k9/search/ConditionsTreeNode;
05-14 15:45:23.328  7861  7861 D M_InsDal: Lcom/fsck/k9/search/ConditionsTreeNode;--->add(Lcom/fsck/k9/search/ConditionsTreeNode;Lcom/fsck/k9/search/ConditionsTreeNode$Operator;)Lcom/fsck/k9/search/ConditionsTreeNode;
05-14 15:45:23.328  7861  7861 D M_InsDal: Lcom/fsck/k9/search/ConditionsTreeNode;---><init>(Lcom/fsck/k9/search/ConditionsTreeNode;Lcom/fsck/k9/search/ConditionsTreeNode$Operator;)V
05-14 15:45:23.328  7861  7861 D M_InsDal: Lcom/fsck/k9/Account;--->getSentFolderName()Ljava/lang/String;
05-14 15:45:23.328  7861  7861 D M_InsDal: Lcom/fsck/k9/Account;--->excludeSpecialFolder(Lcom/fsck/k9/search/LocalSearch;Ljava/lang/String;)V
05-14 15:45:23.328  7861  7861 D M_InsDal: Lcom/fsck/k9/search/LocalSearch;--->and(Lcom/fsck/k9/search/SearchSpecification$SearchField;Ljava/lang/String;Lcom/fsck/k9/search/SearchSpecification$Attribute;)V
05-14 15:45:23.328  7861  7861 D M_InsDal: Lcom/fsck/k9/search/SearchSpecification$SearchCondition;---><init>(Lcom/fsck/k9/search/SearchSpecification$SearchField;Lcom/fsck/k9/search/SearchSpecification$Attribute;Ljava/lang/String;)V
05-14 15:45:23.328  7861  7861 D M_InsDal: Lcom/fsck/k9/search/LocalSearch;--->and(Lcom/fsck/k9/search/SearchSpecification$SearchCondition;)Lcom/fsck/k9/search/ConditionsTreeNode;
05-14 15:45:23.328  7861  7861 D M_InsDal: Lcom/fsck/k9/search/ConditionsTreeNode;---><init>(Lcom/fsck/k9/search/SearchSpecification$SearchCondition;)V
05-14 15:45:23.328  7861  7861 D M_InsDal: Lcom/fsck/k9/search/LocalSearch;--->and(Lcom/fsck/k9/search/ConditionsTreeNode;)Lcom/fsck/k9/search/ConditionsTreeNode;
05-14 15:45:23.328  7861  7861 D M_InsDal: Lcom/fsck/k9/search/ConditionsTreeNode;--->getLeafSet()Ljava/util/Set;
05-14 15:45:23.328  7861  7861 D M_InsDal: Lcom/fsck/k9/search/ConditionsTreeNode;--->getLeafSet(Ljava/util/Set;)Ljava/util/Set;
05-14 15:45:23.328  7861  7861 D M_InsDal: Lcom/fsck/k9/search/ConditionsTreeNode;--->and(Lcom/fsck/k9/search/ConditionsTreeNode;)Lcom/fsck/k9/search/ConditionsTreeNode;
05-14 15:45:23.328  7861  7861 D M_InsDal: Lcom/fsck/k9/search/ConditionsTreeNode;--->add(Lcom/fsck/k9/search/ConditionsTreeNode;Lcom/fsck/k9/search/ConditionsTreeNode$Operator;)Lcom/fsck/k9/search/ConditionsTreeNode;
05-14 15:45:23.328  7861  7861 D M_InsDal: Lcom/fsck/k9/search/ConditionsTreeNode;---><init>(Lcom/fsck/k9/search/ConditionsTreeNode;Lcom/fsck/k9/search/ConditionsTreeNode$Operator;)V
05-14 15:45:23.328  7861  7861 D M_InsDal: Lcom/fsck/k9/Account;--->getInboxFolderName()Ljava/lang/String;
05-14 15:45:23.328  7861  7861 D M_InsDal: Lcom/fsck/k9/search/SearchSpecification$SearchCondition;---><init>(Lcom/fsck/k9/search/SearchSpecification$SearchField;Lcom/fsck/k9/search/SearchSpecification$Attribute;Ljava/lang/String;)V
05-14 15:45:23.328  7861  7861 D M_InsDal: Lcom/fsck/k9/search/LocalSearch;--->or(Lcom/fsck/k9/search/SearchSpecification$SearchCondition;)Lcom/fsck/k9/search/ConditionsTreeNode;
05-14 15:45:23.328  7861  7861 D M_InsDal: Lcom/fsck/k9/search/ConditionsTreeNode;---><init>(Lcom/fsck/k9/search/SearchSpecification$SearchCondition;)V
05-14 15:45:23.328  7861  7861 D M_InsDal: Lcom/fsck/k9/search/LocalSearch;--->or(Lcom/fsck/k9/search/ConditionsTreeNode;)Lcom/fsck/k9/search/ConditionsTreeNode;
05-14 15:45:23.328  7861  7861 D M_InsDal: Lcom/fsck/k9/search/ConditionsTreeNode;--->getLeafSet()Ljava/util/Set;
05-14 15:45:23.328  7861  7861 D M_InsDal: Lcom/fsck/k9/search/ConditionsTreeNode;--->getLeafSet(Ljava/util/Set;)Ljava/util/Set;
05-14 15:45:23.329  7861  7861 D M_InsDal: Lcom/fsck/k9/search/ConditionsTreeNode;--->or(Lcom/fsck/k9/search/ConditionsTreeNode;)Lcom/fsck/k9/search/ConditionsTreeNode;
05-14 15:45:23.329  7861  7861 D M_InsDal: Lcom/fsck/k9/search/ConditionsTreeNode;--->add(Lcom/fsck/k9/search/ConditionsTreeNode;Lcom/fsck/k9/search/ConditionsTreeNode$Operator;)Lcom/fsck/k9/search/ConditionsTreeNode;
05-14 15:45:23.329  7861  7861 D M_InsDal: Lcom/fsck/k9/search/ConditionsTreeNode;---><init>(Lcom/fsck/k9/search/ConditionsTreeNode;Lcom/fsck/k9/search/ConditionsTreeNode$Operator;)V
05-14 15:45:23.329  7861  7861 D M_InsDal: Lcom/fsck/k9/Account;--->limitToDisplayableFolders(Lcom/fsck/k9/search/LocalSearch;)V
05-14 15:45:23.329  7861  7861 D M_InsDal: Lcom/fsck/k9/Account;--->getFolderDisplayMode()Lcom/fsck/k9/Account$FolderMode;
05-14 15:45:23.329  7861  7861 D M_InsDal: Lcom/fsck/k9/search/LocalSearch;--->and(Lcom/fsck/k9/search/SearchSpecification$SearchField;Ljava/lang/String;Lcom/fsck/k9/search/SearchSpecification$Attribute;)V
05-14 15:45:23.329  7861  7861 D M_InsDal: Lcom/fsck/k9/search/SearchSpecification$SearchCondition;---><init>(Lcom/fsck/k9/search/SearchSpecification$SearchField;Lcom/fsck/k9/search/SearchSpecification$Attribute;Ljava/lang/String;)V
05-14 15:45:23.329  7861  7861 D M_InsDal: Lcom/fsck/k9/search/LocalSearch;--->and(Lcom/fsck/k9/search/SearchSpecification$SearchCondition;)Lcom/fsck/k9/search/ConditionsTreeNode;
05-14 15:45:23.329  7861  7861 D M_InsDal: Lcom/fsck/k9/search/ConditionsTreeNode;---><init>(Lcom/fsck/k9/search/SearchSpecification$SearchCondition;)V
05-14 15:45:23.329  7861  7861 D M_InsDal: Lcom/fsck/k9/search/LocalSearch;--->and(Lcom/fsck/k9/search/ConditionsTreeNode;)Lcom/fsck/k9/search/ConditionsTreeNode;
05-14 15:45:23.329  7861  7861 D M_InsDal: Lcom/fsck/k9/search/ConditionsTreeNode;--->getLeafSet()Ljava/util/Set;
05-14 15:45:23.329  7861  7861 D M_InsDal: Lcom/fsck/k9/search/ConditionsTreeNode;--->getLeafSet(Ljava/util/Set;)Ljava/util/Set;
05-14 15:45:23.329  7861  7861 D M_InsDal: Lcom/fsck/k9/search/ConditionsTreeNode;--->and(Lcom/fsck/k9/search/ConditionsTreeNode;)Lcom/fsck/k9/search/ConditionsTreeNode;
05-14 15:45:23.329  7861  7861 D M_InsDal: Lcom/fsck/k9/search/ConditionsTreeNode;--->add(Lcom/fsck/k9/search/ConditionsTreeNode;Lcom/fsck/k9/search/ConditionsTreeNode$Operator;)Lcom/fsck/k9/search/ConditionsTreeNode;
05-14 15:45:23.329  7861  7861 D M_InsDal: Lcom/fsck/k9/search/ConditionsTreeNode;---><init>(Lcom/fsck/k9/search/ConditionsTreeNode;Lcom/fsck/k9/search/ConditionsTreeNode$Operator;)V
05-14 15:45:23.329  7861  7861 D M_InsDal: Lcom/fsck/k9/search/LocalSearch;--->and(Lcom/fsck/k9/search/SearchSpecification$SearchField;Ljava/lang/String;Lcom/fsck/k9/search/SearchSpecification$Attribute;)V
05-14 15:45:23.329  7861  7861 D M_InsDal: Lcom/fsck/k9/search/SearchSpecification$SearchCondition;---><init>(Lcom/fsck/k9/search/SearchSpecification$SearchField;Lcom/fsck/k9/search/SearchSpecification$Attribute;Ljava/lang/String;)V
05-14 15:45:23.329  7861  7861 D M_InsDal: Lcom/fsck/k9/search/LocalSearch;--->and(Lcom/fsck/k9/search/SearchSpecification$SearchCondition;)Lcom/fsck/k9/search/ConditionsTreeNode;
05-14 15:45:23.329  7861  7861 D M_InsDal: Lcom/fsck/k9/search/ConditionsTreeNode;---><init>(Lcom/fsck/k9/search/SearchSpecification$SearchCondition;)V
05-14 15:45:23.329  7861  7861 D M_InsDal: Lcom/fsck/k9/search/LocalSearch;--->and(Lcom/fsck/k9/search/ConditionsTreeNode;)Lcom/fsck/k9/search/ConditionsTreeNode;
05-14 15:45:23.329  7861  7861 D M_InsDal: Lcom/fsck/k9/search/ConditionsTreeNode;--->getLeafSet()Ljava/util/Set;
05-14 15:45:23.329  7861  7861 D M_InsDal: Lcom/fsck/k9/search/ConditionsTreeNode;--->getLeafSet(Ljava/util/Set;)Ljava/util/Set;
05-14 15:45:23.329  7861  7861 D M_InsDal: Lcom/fsck/k9/search/ConditionsTreeNode;--->and(Lcom/fsck/k9/search/ConditionsTreeNode;)Lcom/fsck/k9/search/ConditionsTreeNode;
05-14 15:45:23.329  7861  7861 D M_InsDal: Lcom/fsck/k9/search/ConditionsTreeNode;--->add(Lcom/fsck/k9/search/ConditionsTreeNode;Lcom/fsck/k9/search/ConditionsTreeNode$Operator;)Lcom/fsck/k9/search/ConditionsTreeNode;
05-14 15:45:23.329  7861  7861 D M_InsDal: Lcom/fsck/k9/search/ConditionsTreeNode;---><init>(Lcom/fsck/k9/search/ConditionsTreeNode;Lcom/fsck/k9/search/ConditionsTreeNode$Operator;)V
05-14 15:45:23.329  7861  7861 D M_InsDal: Lcom/fsck/k9/activity/Accounts$AccountClickListener;---><init>(Lcom/fsck/k9/activity/Accounts;Lcom/fsck/k9/search/LocalSearch;)V
05-14 15:45:23.329  7861  7861 D M_InsDal: Lcom/fsck/k9/activity/Accounts$AccountsAdapter;--->createUnreadSearchListener(Lcom/fsck/k9/BaseAccount;)Landroid/view/View$OnClickListener;
05-14 15:45:23.329  7861  7861 D M_InsDal: Lcom/fsck/k9/activity/Accounts;--->createUnreadSearch(Landroid/content/Context;Lcom/fsck/k9/BaseAccount;)Lcom/fsck/k9/search/LocalSearch;
05-14 15:45:23.329  7861  7861 D M_InsDal: Lcom/fsck/k9/Account;--->getDescription()Ljava/lang/String;
05-14 15:45:23.329  7861  7861 D M_InsDal: Lcom/fsck/k9/search/LocalSearch;---><init>(Ljava/lang/String;)V
05-14 15:45:23.329  7861  7861 D M_InsDal: Lcom/fsck/k9/Account;--->getUuid()Ljava/lang/String;
05-14 15:45:23.329  7861  7861 D M_InsDal: Lcom/fsck/k9/search/LocalSearch;--->addAccountUuid(Ljava/lang/String;)V
05-14 15:45:23.329  7861  7861 D M_InsDal: Lcom/fsck/k9/Account;--->excludeSpecialFolders(Lcom/fsck/k9/search/LocalSearch;)V
05-14 15:45:23.329  7861  7861 D M_InsDal: Lcom/fsck/k9/Account;--->getTrashFolderName()Ljava/lang/String;
05-14 15:45:23.329  7861  7861 D M_InsDal: Lcom/fsck/k9/Account;--->excludeSpecialFolder(Lcom/fsck/k9/search/LocalSearch;Ljava/lang/String;)V
05-14 15:45:23.329  7861  7861 D M_InsDal: Lcom/fsck/k9/search/LocalSearch;--->and(Lcom/fsck/k9/search/SearchSpecification$SearchField;Ljava/lang/String;Lcom/fsck/k9/search/SearchSpecification$Attribute;)V
05-14 15:45:23.329  7861  7861 D M_InsDal: Lcom/fsck/k9/search/SearchSpecification$SearchCondition;---><init>(Lcom/fsck/k9/search/SearchSpecification$SearchField;Lcom/fsck/k9/search/SearchSpecification$Attribute;Ljava/lang/String;)V
05-14 15:45:23.329  7861  7861 D M_InsDal: Lcom/fsck/k9/search/LocalSearch;--->and(Lcom/fsck/k9/search/SearchSpecification$SearchCondition;)Lcom/fsck/k9/search/ConditionsTreeNode;
05-14 15:45:23.329  7861  7861 D M_InsDal: Lcom/fsck/k9/search/ConditionsTreeNode;---><init>(Lcom/fsck/k9/search/SearchSpecification$SearchCondition;)V
05-14 15:45:23.329  7861  7861 D M_InsDal: Lcom/fsck/k9/search/LocalSearch;--->and(Lcom/fsck/k9/search/ConditionsTreeNode;)Lcom/fsck/k9/search/ConditionsTreeNode;
05-14 15:45:23.329  7861  7861 D M_InsDal: Lcom/fsck/k9/search/ConditionsTreeNode;--->getLeafSet()Ljava/util/Set;
05-14 15:45:23.329  7861  7861 D M_InsDal: Lcom/fsck/k9/search/ConditionsTreeNode;--->getLeafSet(Ljava/util/Set;)Ljava/util/Set;
05-14 15:45:23.329  7861  7861 D M_InsDal: Lcom/fsck/k9/Account;--->getDraftsFolderName()Ljava/lang/String;
05-14 15:45:23.329  7861  7861 D M_InsDal: Lcom/fsck/k9/Account;--->excludeSpecialFolder(Lcom/fsck/k9/search/LocalSearch;Ljava/lang/String;)V
05-14 15:45:23.329  7861  7861 D M_InsDal: Lcom/fsck/k9/search/LocalSearch;--->and(Lcom/fsck/k9/search/SearchSpecification$SearchField;Ljava/lang/String;Lcom/fsck/k9/search/SearchSpecification$Attribute;)V
05-14 15:45:23.329  7861  7861 D M_InsDal: Lcom/fsck/k9/search/SearchSpecification$SearchCondition;---><init>(Lcom/fsck/k9/search/SearchSpecification$SearchField;Lcom/fsck/k9/search/SearchSpecification$Attribute;Ljava/lang/String;)V
05-14 15:45:23.329  7861  7861 D M_InsDal: Lcom/fsck/k9/search/LocalSearch;--->and(Lcom/fsck/k9/search/SearchSpecification$SearchCondition;)Lcom/fsck/k9/search/ConditionsTreeNode;
05-14 15:45:23.329  7861  7861 D M_InsDal: Lcom/fsck/k9/search/ConditionsTreeNode;---><init>(Lcom/fsck/k9/search/SearchSpecification$SearchCondition;)V
05-14 15:45:23.329  7861  7861 D M_InsDal: Lcom/fsck/k9/search/LocalSearch;--->and(Lcom/fsck/k9/search/ConditionsTreeNode;)Lcom/fsck/k9/search/ConditionsTreeNode;
05-14 15:45:23.329  7861  7861 D M_InsDal: Lcom/fsck/k9/search/ConditionsTreeNode;--->getLeafSet()Ljava/util/Set;
05-14 15:45:23.329  7861  7861 D M_InsDal: Lcom/fsck/k9/search/ConditionsTreeNode;--->getLeafSet(Ljava/util/Set;)Ljava/util/Set;
05-14 15:45:23.329  7861  7861 D M_InsDal: Lcom/fsck/k9/search/ConditionsTreeNode;--->and(Lcom/fsck/k9/search/ConditionsTreeNode;)Lcom/fsck/k9/search/ConditionsTreeNode;
05-14 15:45:23.329  7861  7861 D M_InsDal: Lcom/fsck/k9/search/ConditionsTreeNode;--->add(Lcom/fsck/k9/search/ConditionsTreeNode;Lcom/fsck/k9/search/ConditionsTreeNode$Operator;)Lcom/fsck/k9/search/ConditionsTreeNode;
05-14 15:45:23.329  7861  7861 D M_InsDal: Lcom/fsck/k9/search/ConditionsTreeNode;---><init>(Lcom/fsck/k9/search/ConditionsTreeNode;Lcom/fsck/k9/search/ConditionsTreeNode$Operator;)V
05-14 15:45:23.329  7861  7861 D M_InsDal: Lcom/fsck/k9/Account;--->getSpamFolderName()Ljava/lang/String;
05-14 15:45:23.329  7861  7861 D M_InsDal: Lcom/fsck/k9/Account;--->excludeSpecialFolder(Lcom/fsck/k9/search/LocalSearch;Ljava/lang/String;)V
05-14 15:45:23.329  7861  7861 D M_InsDal: Lcom/fsck/k9/search/LocalSearch;--->and(Lcom/fsck/k9/search/SearchSpecification$SearchField;Ljava/lang/String;Lcom/fsck/k9/search/SearchSpecification$Attribute;)V
05-14 15:45:23.329  7861  7861 D M_InsDal: Lcom/fsck/k9/search/SearchSpecification$SearchCondition;---><init>(Lcom/fsck/k9/search/SearchSpecification$SearchField;Lcom/fsck/k9/search/SearchSpecification$Attribute;Ljava/lang/String;)V
05-14 15:45:23.329  7861  7861 D M_InsDal: Lcom/fsck/k9/search/LocalSearch;--->and(Lcom/fsck/k9/search/SearchSpecification$SearchCondition;)Lcom/fsck/k9/search/ConditionsTreeNode;
05-14 15:45:23.329  7861  7861 D M_InsDal: Lcom/fsck/k9/search/ConditionsTreeNode;---><init>(Lcom/fsck/k9/search/SearchSpecification$SearchCondition;)V
05-14 15:45:23.329  7861  7861 D M_InsDal: Lcom/fsck/k9/search/LocalSearch;--->and(Lcom/fsck/k9/search/ConditionsTreeNode;)Lcom/fsck/k9/search/ConditionsTreeNode;
05-14 15:45:23.329  7861  7861 D M_InsDal: Lcom/fsck/k9/search/ConditionsTreeNode;--->getLeafSet()Ljava/util/Set;
05-14 15:45:23.329  7861  7861 D M_InsDal: Lcom/fsck/k9/search/ConditionsTreeNode;--->getLeafSet(Ljava/util/Set;)Ljava/util/Set;
05-14 15:45:23.329  7861  7861 D M_InsDal: Lcom/fsck/k9/search/ConditionsTreeNode;--->and(Lcom/fsck/k9/search/ConditionsTreeNode;)Lcom/fsck/k9/search/ConditionsTreeNode;
05-14 15:45:23.329  7861  7861 D M_InsDal: Lcom/fsck/k9/search/ConditionsTreeNode;--->add(Lcom/fsck/k9/search/ConditionsTreeNode;Lcom/fsck/k9/search/ConditionsTreeNode$Operator;)Lcom/fsck/k9/search/ConditionsTreeNode;
05-14 15:45:23.329  7861  7861 D M_InsDal: Lcom/fsck/k9/search/ConditionsTreeNode;---><init>(Lcom/fsck/k9/search/ConditionsTreeNode;Lcom/fsck/k9/search/ConditionsTreeNode$Operator;)V
05-14 15:45:23.329  7861  7861 D M_InsDal: Lcom/fsck/k9/Account;--->getOutboxFolderName()Ljava/lang/String;
05-14 15:45:23.329  7861  7861 D M_InsDal: Lcom/fsck/k9/Account;--->excludeSpecialFolder(Lcom/fsck/k9/search/LocalSearch;Ljava/lang/String;)V
05-14 15:45:23.329  7861  7861 D M_InsDal: Lcom/fsck/k9/search/LocalSearch;--->and(Lcom/fsck/k9/search/SearchSpecification$SearchField;Ljava/lang/String;Lcom/fsck/k9/search/SearchSpecification$Attribute;)V
05-14 15:45:23.329  7861  7861 D M_InsDal: Lcom/fsck/k9/search/SearchSpecification$SearchCondition;---><init>(Lcom/fsck/k9/search/SearchSpecification$SearchField;Lcom/fsck/k9/search/SearchSpecification$Attribute;Ljava/lang/String;)V
05-14 15:45:23.329  7861  7861 D M_InsDal: Lcom/fsck/k9/search/LocalSearch;--->and(Lcom/fsck/k9/search/SearchSpecification$SearchCondition;)Lcom/fsck/k9/search/ConditionsTreeNode;
05-14 15:45:23.329  7861  7861 D M_InsDal: Lcom/fsck/k9/search/ConditionsTreeNode;---><init>(Lcom/fsck/k9/search/SearchSpecification$SearchCondition;)V
05-14 15:45:23.329  7861  7861 D M_InsDal: Lcom/fsck/k9/search/LocalSearch;--->and(Lcom/fsck/k9/search/ConditionsTreeNode;)Lcom/fsck/k9/search/ConditionsTreeNode;
05-14 15:45:23.329  7861  7861 D M_InsDal: Lcom/fsck/k9/search/ConditionsTreeNode;--->getLeafSet()Ljava/util/Set;
05-14 15:45:23.329  7861  7861 D M_InsDal: Lcom/fsck/k9/search/ConditionsTreeNode;--->getLeafSet(Ljava/util/Set;)Ljava/util/Set;
05-14 15:45:23.329  7861  7861 D M_InsDal: Lcom/fsck/k9/search/ConditionsTreeNode;--->and(Lcom/fsck/k9/search/ConditionsTreeNode;)Lcom/fsck/k9/search/ConditionsTreeNode;
05-14 15:45:23.329  7861  7861 D M_InsDal: Lcom/fsck/k9/search/ConditionsTreeNode;--->add(Lcom/fsck/k9/search/ConditionsTreeNode;Lcom/fsck/k9/search/ConditionsTreeNode$Operator;)Lcom/fsck/k9/search/ConditionsTreeNode;
05-14 15:45:23.329  7861  7861 D M_InsDal: Lcom/fsck/k9/search/ConditionsTreeNode;---><init>(Lcom/fsck/k9/search/ConditionsTreeNode;Lcom/fsck/k9/search/ConditionsTreeNode$Operator;)V
05-14 15:45:23.329  7861  7861 D M_InsDal: Lcom/fsck/k9/Account;--->getSentFolderName()Ljava/lang/String;
05-14 15:45:23.329  7861  7861 D M_InsDal: Lcom/fsck/k9/Account;--->excludeSpecialFolder(Lcom/fsck/k9/search/LocalSearch;Ljava/lang/String;)V
05-14 15:45:23.329  7861  7861 D M_InsDal: Lcom/fsck/k9/search/LocalSearch;--->and(Lcom/fsck/k9/search/SearchSpecification$SearchField;Ljava/lang/String;Lcom/fsck/k9/search/SearchSpecification$Attribute;)V
05-14 15:45:23.329  7861  7861 D M_InsDal: Lcom/fsck/k9/search/SearchSpecification$SearchCondition;---><init>(Lcom/fsck/k9/search/SearchSpecification$SearchField;Lcom/fsck/k9/search/SearchSpecification$Attribute;Ljava/lang/String;)V
05-14 15:45:23.329  7861  7861 D M_InsDal: Lcom/fsck/k9/search/LocalSearch;--->and(Lcom/fsck/k9/search/SearchSpecification$SearchCondition;)Lcom/fsck/k9/search/ConditionsTreeNode;
05-14 15:45:23.329  7861  7861 D M_InsDal: Lcom/fsck/k9/search/ConditionsTreeNode;---><init>(Lcom/fsck/k9/search/SearchSpecification$SearchCondition;)V
05-14 15:45:23.329  7861  7861 D M_InsDal: Lcom/fsck/k9/search/LocalSearch;--->and(Lcom/fsck/k9/search/ConditionsTreeNode;)Lcom/fsck/k9/search/ConditionsTreeNode;
05-14 15:45:23.329  7861  7861 D M_InsDal: Lcom/fsck/k9/search/ConditionsTreeNode;--->getLeafSet()Ljava/util/Set;
05-14 15:45:23.329  7861  7861 D M_InsDal: Lcom/fsck/k9/search/ConditionsTreeNode;--->getLeafSet(Ljava/util/Set;)Ljava/util/Set;
05-14 15:45:23.329  7861  7861 D M_InsDal: Lcom/fsck/k9/search/ConditionsTreeNode;--->and(Lcom/fsck/k9/search/ConditionsTreeNode;)Lcom/fsck/k9/search/ConditionsTreeNode;
05-14 15:45:23.329  7861  7861 D M_InsDal: Lcom/fsck/k9/search/ConditionsTreeNode;--->add(Lcom/fsck/k9/search/ConditionsTreeNode;Lcom/fsck/k9/search/ConditionsTreeNode$Operator;)Lcom/fsck/k9/search/ConditionsTreeNode;
05-14 15:45:23.329  7861  7861 D M_InsDal: Lcom/fsck/k9/search/ConditionsTreeNode;---><init>(Lcom/fsck/k9/search/ConditionsTreeNode;Lcom/fsck/k9/search/ConditionsTreeNode$Operator;)V
05-14 15:45:23.329  7861  7861 D M_InsDal: Lcom/fsck/k9/Account;--->getInboxFolderName()Ljava/lang/String;
05-14 15:45:23.329  7861  7861 D M_InsDal: Lcom/fsck/k9/search/SearchSpecification$SearchCondition;---><init>(Lcom/fsck/k9/search/SearchSpecification$SearchField;Lcom/fsck/k9/search/SearchSpecification$Attribute;Ljava/lang/String;)V
05-14 15:45:23.329  7861  7861 D M_InsDal: Lcom/fsck/k9/search/LocalSearch;--->or(Lcom/fsck/k9/search/SearchSpecification$SearchCondition;)Lcom/fsck/k9/search/ConditionsTreeNode;
05-14 15:45:23.329  7861  7861 D M_InsDal: Lcom/fsck/k9/search/ConditionsTreeNode;---><init>(Lcom/fsck/k9/search/SearchSpecification$SearchCondition;)V
05-14 15:45:23.329  7861  7861 D M_InsDal: Lcom/fsck/k9/search/LocalSearch;--->or(Lcom/fsck/k9/search/ConditionsTreeNode;)Lcom/fsck/k9/search/ConditionsTreeNode;
05-14 15:45:23.329  7861  7861 D M_InsDal: Lcom/fsck/k9/search/ConditionsTreeNode;--->getLeafSet()Ljava/util/Set;
05-14 15:45:23.329  7861  7861 D M_InsDal: Lcom/fsck/k9/search/ConditionsTreeNode;--->getLeafSet(Ljava/util/Set;)Ljava/util/Set;
05-14 15:45:23.329  7861  7861 D M_InsDal: Lcom/fsck/k9/search/ConditionsTreeNode;--->or(Lcom/fsck/k9/search/ConditionsTreeNode;)Lcom/fsck/k9/search/ConditionsTreeNode;
05-14 15:45:23.329  7861  7861 D M_InsDal: Lcom/fsck/k9/search/ConditionsTreeNode;--->add(Lcom/fsck/k9/search/ConditionsTreeNode;Lcom/fsck/k9/search/ConditionsTreeNode$Operator;)Lcom/fsck/k9/search/ConditionsTreeNode;
05-14 15:45:23.329  7861  7861 D M_InsDal: Lcom/fsck/k9/search/ConditionsTreeNode;---><init>(Lcom/fsck/k9/search/ConditionsTreeNode;Lcom/fsck/k9/search/ConditionsTreeNode$Operator;)V
05-14 15:45:23.329  7861  7861 D M_InsDal: Lcom/fsck/k9/Account;--->limitToDisplayableFolders(Lcom/fsck/k9/search/LocalSearch;)V
05-14 15:45:23.329  7861  7861 D M_InsDal: Lcom/fsck/k9/Account;--->getFolderDisplayMode()Lcom/fsck/k9/Account$FolderMode;
05-14 15:45:23.329  7861  7861 D M_InsDal: Lcom/fsck/k9/search/LocalSearch;--->and(Lcom/fsck/k9/search/SearchSpecification$SearchField;Ljava/lang/String;Lcom/fsck/k9/search/SearchSpecification$Attribute;)V
05-14 15:45:23.329  7861  7861 D M_InsDal: Lcom/fsck/k9/search/SearchSpecification$SearchCondition;---><init>(Lcom/fsck/k9/search/SearchSpecification$SearchField;Lcom/fsck/k9/search/SearchSpecification$Attribute;Ljava/lang/String;)V
05-14 15:45:23.329  7861  7861 D M_InsDal: Lcom/fsck/k9/search/LocalSearch;--->and(Lcom/fsck/k9/search/SearchSpecification$SearchCondition;)Lcom/fsck/k9/search/ConditionsTreeNode;
05-14 15:45:23.329  7861  7861 D M_InsDal: Lcom/fsck/k9/search/ConditionsTreeNode;---><init>(Lcom/fsck/k9/search/SearchSpecification$SearchCondition;)V
05-14 15:45:23.329  7861  7861 D M_InsDal: Lcom/fsck/k9/search/LocalSearch;--->and(Lcom/fsck/k9/search/ConditionsTreeNode;)Lcom/fsck/k9/search/ConditionsTreeNode;
05-14 15:45:23.329  7861  7861 D M_InsDal: Lcom/fsck/k9/search/ConditionsTreeNode;--->getLeafSet()Ljava/util/Set;
05-14 15:45:23.329  7861  7861 D M_InsDal: Lcom/fsck/k9/search/ConditionsTreeNode;--->getLeafSet(Ljava/util/Set;)Ljava/util/Set;
05-14 15:45:23.329  7861  7861 D M_InsDal: Lcom/fsck/k9/search/ConditionsTreeNode;--->and(Lcom/fsck/k9/search/ConditionsTreeNode;)Lcom/fsck/k9/search/ConditionsTreeNode;
05-14 15:45:23.329  7861  7861 D M_InsDal: Lcom/fsck/k9/search/ConditionsTreeNode;--->add(Lcom/fsck/k9/search/ConditionsTreeNode;Lcom/fsck/k9/search/ConditionsTreeNode$Operator;)Lcom/fsck/k9/search/ConditionsTreeNode;
05-14 15:45:23.329  7861  7861 D M_InsDal: Lcom/fsck/k9/search/ConditionsTreeNode;---><init>(Lcom/fsck/k9/search/ConditionsTreeNode;Lcom/fsck/k9/search/ConditionsTreeNode$Operator;)V
05-14 15:45:23.329  7861  7861 D M_InsDal: Lcom/fsck/k9/search/LocalSearch;--->and(Lcom/fsck/k9/search/SearchSpecification$SearchField;Ljava/lang/String;Lcom/fsck/k9/search/SearchSpecification$Attribute;)V
05-14 15:45:23.329  7861  7861 D M_InsDal: Lcom/fsck/k9/search/SearchSpecification$SearchCondition;---><init>(Lcom/fsck/k9/search/SearchSpecification$SearchField;Lcom/fsck/k9/search/SearchSpecification$Attribute;Ljava/lang/String;)V
05-14 15:45:23.329  7861  7861 D M_InsDal: Lcom/fsck/k9/search/LocalSearch;--->and(Lcom/fsck/k9/search/SearchSpecification$SearchCondition;)Lcom/fsck/k9/search/ConditionsTreeNode;
05-14 15:45:23.329  7861  7861 D M_InsDal: Lcom/fsck/k9/search/ConditionsTreeNode;---><init>(Lcom/fsck/k9/search/SearchSpecification$SearchCondition;)V
05-14 15:45:23.329  7861  7861 D M_InsDal: Lcom/fsck/k9/search/LocalSearch;--->and(Lcom/fsck/k9/search/ConditionsTreeNode;)Lcom/fsck/k9/search/ConditionsTreeNode;
05-14 15:45:23.329  7861  7861 D M_InsDal: Lcom/fsck/k9/search/ConditionsTreeNode;--->getLeafSet()Ljava/util/Set;
05-14 15:45:23.329  7861  7861 D M_InsDal: Lcom/fsck/k9/search/ConditionsTreeNode;--->getLeafSet(Ljava/util/Set;)Ljava/util/Set;
05-14 15:45:23.329  7861  7861 D M_InsDal: Lcom/fsck/k9/search/ConditionsTreeNode;--->and(Lcom/fsck/k9/search/ConditionsTreeNode;)Lcom/fsck/k9/search/ConditionsTreeNode;
05-14 15:45:23.329  7861  7861 D M_InsDal: Lcom/fsck/k9/search/ConditionsTreeNode;--->add(Lcom/fsck/k9/search/ConditionsTreeNode;Lcom/fsck/k9/search/ConditionsTreeNode$Operator;)Lcom/fsck/k9/search/ConditionsTreeNode;
05-14 15:45:23.357  7861  7885 D M_InsDal: Lcom/fsck/k9/mail/store/imap/ImapConnection;--->setUpStreamsAndParser(Ljava/io/InputStream;Ljava/io/OutputStream;)V
05-14 15:45:23.357  7861  7886 D M_InsDal: Lcom/fsck/k9/mail/store/imap/ImapConnection;--->setUpStreamsAndParser(Ljava/io/InputStream;Ljava/io/OutputStream;)V
05-14 15:45:23.357  7861  7886 D M_InsDal: Lcom/fsck/k9/mail/filter/PeekableInputStream;---><init>(Ljava/io/InputStream;)V
05-14 15:45:23.358  7861  7885 D M_InsDal: Lcom/fsck/k9/mail/filter/PeekableInputStream;---><init>(Ljava/io/InputStream;)V
05-14 15:45:23.358  7861  7886 D M_InsDal: Lcom/fsck/k9/mail/store/imap/ImapResponseParser;---><init>(Lcom/fsck/k9/mail/filter/PeekableInputStream;)V
05-14 15:45:23.358  7861  7885 D M_InsDal: Lcom/fsck/k9/mail/store/imap/ImapResponseParser;---><init>(Lcom/fsck/k9/mail/filter/PeekableInputStream;)V
05-14 15:45:23.358  7861  7885 D M_InsDal: Lcom/fsck/k9/mail/store/imap/ImapConnection;--->readInitialResponse()V
05-14 15:45:23.358  7861  7886 D M_InsDal: Lcom/fsck/k9/mail/store/imap/ImapConnection;--->readInitialResponse()V
05-14 15:45:23.358  7861  7886 D M_InsDal: Lcom/fsck/k9/mail/store/imap/ImapResponseParser;--->readResponse()Lcom/fsck/k9/mail/store/imap/ImapResponse;
05-14 15:45:23.358  7861  7885 D M_InsDal: Lcom/fsck/k9/mail/store/imap/ImapResponseParser;--->readResponse()Lcom/fsck/k9/mail/store/imap/ImapResponse;
05-14 15:45:23.358  7861  7886 D M_InsDal: Lcom/fsck/k9/mail/store/imap/ImapResponseParser;--->readResponse(Lcom/fsck/k9/mail/store/imap/ImapResponseCallback;)Lcom/fsck/k9/mail/store/imap/ImapResponse;
05-14 15:45:23.358  7861  7886 D M_InsDal: Lcom/fsck/k9/mail/filter/PeekableInputStream;--->peek()I
05-14 15:45:23.358  7861  7885 D M_InsDal: Lcom/fsck/k9/mail/store/imap/ImapResponseParser;--->readResponse(Lcom/fsck/k9/mail/store/imap/ImapResponseCallback;)Lcom/fsck/k9/mail/store/imap/ImapResponse;
05-14 15:45:23.358  7861  7885 D M_InsDal: Lcom/fsck/k9/mail/filter/PeekableInputStream;--->peek()I
05-14 15:45:23.363  7861  7885 D M_InsDal: Lcom/fsck/k9/mail/store/imap/ImapResponseParser;--->readUntaggedResponse(Lcom/fsck/k9/mail/store/imap/ImapResponseCallback;)V
05-14 15:45:23.363  7861  7886 D M_InsDal: Lcom/fsck/k9/mail/store/imap/ImapResponseParser;--->readUntaggedResponse(Lcom/fsck/k9/mail/store/imap/ImapResponseCallback;)V
05-14 15:45:23.363  7861  7885 D M_InsDal: Lcom/fsck/k9/mail/store/imap/ImapResponseParser;--->parseUntaggedResponse()V
05-14 15:45:23.363  7861  7886 D M_InsDal: Lcom/fsck/k9/mail/store/imap/ImapResponseParser;--->parseUntaggedResponse()V
05-14 15:45:23.363  7861  7885 D M_InsDal: Lcom/fsck/k9/mail/store/imap/ImapResponseParser;--->expect(C)V
05-14 15:45:23.363  7861  7886 D M_InsDal: Lcom/fsck/k9/mail/store/imap/ImapResponseParser;--->expect(C)V
05-14 15:45:23.363  7861  7885 D M_InsDal: Lcom/fsck/k9/mail/filter/PeekableInputStream;--->read()I
05-14 15:45:23.363  7861  7885 D M_InsDal: Lcom/fsck/k9/mail/store/imap/ImapResponseParser;--->expect(C)V
05-14 15:45:23.363  7861  7885 D M_InsDal: Lcom/fsck/k9/mail/filter/PeekableInputStream;--->read()I
05-14 15:45:23.363  7861  7886 D M_InsDal: Lcom/fsck/k9/mail/filter/PeekableInputStream;--->read()I
05-14 15:45:23.363  7861  7886 D M_InsDal: Lcom/fsck/k9/mail/store/imap/ImapResponseParser;--->expect(C)V
05-14 15:45:23.363  7861  7886 D M_InsDal: Lcom/fsck/k9/mail/filter/PeekableInputStream;--->read()I
05-14 15:45:23.363  7861  7885 D M_InsDal: Lcom/fsck/k9/mail/store/imap/ImapList;---><clinit>()V
05-14 15:45:23.364  7861  7885 D M_InsDal: Lcom/fsck/k9/mail/store/imap/ImapResponse;--->newUntaggedResponse(Lcom/fsck/k9/mail/store/imap/ImapResponseCallback;)Lcom/fsck/k9/mail/store/imap/ImapResponse;
05-14 15:45:23.364  7861  7886 D M_InsDal: Lcom/fsck/k9/mail/store/imap/ImapResponse;--->newUntaggedResponse(Lcom/fsck/k9/mail/store/imap/ImapResponseCallback;)Lcom/fsck/k9/mail/store/imap/ImapResponse;
05-14 15:45:23.364  7861  7885 D M_InsDal: Lcom/fsck/k9/mail/store/imap/ImapResponse;---><init>(Lcom/fsck/k9/mail/store/imap/ImapResponseCallback;ZLjava/lang/String;)V
05-14 15:45:23.364  7861  7885 D M_InsDal: Lcom/fsck/k9/mail/store/imap/ImapList;---><init>()V
05-14 15:45:23.364  7861  7886 D M_InsDal: Lcom/fsck/k9/mail/store/imap/ImapResponse;---><init>(Lcom/fsck/k9/mail/store/imap/ImapResponseCallback;ZLjava/lang/String;)V
05-14 15:45:23.364  7861  7886 D M_InsDal: Lcom/fsck/k9/mail/store/imap/ImapList;---><init>()V
05-14 15:45:23.364  7861  7885 D M_InsDal: Lcom/fsck/k9/mail/store/imap/ImapResponseParser;--->readTokens(Lcom/fsck/k9/mail/store/imap/ImapResponse;)V
05-14 15:45:23.364  7861  7886 D M_InsDal: Lcom/fsck/k9/mail/store/imap/ImapResponseParser;--->readTokens(Lcom/fsck/k9/mail/store/imap/ImapResponse;)V
05-14 15:45:23.364  7861  7885 D M_InsDal: Lcom/fsck/k9/mail/store/imap/ImapResponseParser;--->readToken(Lcom/fsck/k9/mail/store/imap/ImapResponse;)Ljava/lang/Object;
05-14 15:45:23.364  7861  7885 D M_InsDal: Lcom/fsck/k9/mail/store/imap/ImapResponseParser;--->parseToken(Lcom/fsck/k9/mail/store/imap/ImapList;)Ljava/lang/Object;
05-14 15:45:23.364  7861  7885 D M_InsDal: Lcom/fsck/k9/mail/filter/PeekableInputStream;--->peek()I
05-14 15:45:23.364  7861  7886 D M_InsDal: Lcom/fsck/k9/mail/store/imap/ImapResponseParser;--->readToken(Lcom/fsck/k9/mail/store/imap/ImapResponse;)Ljava/lang/Object;
05-14 15:45:23.364  7861  7886 D M_InsDal: Lcom/fsck/k9/mail/store/imap/ImapResponseParser;--->parseToken(Lcom/fsck/k9/mail/store/imap/ImapList;)Ljava/lang/Object;
05-14 15:45:23.364  7861  7886 D M_InsDal: Lcom/fsck/k9/mail/filter/PeekableInputStream;--->peek()I
05-14 15:45:23.364  7861  7885 D M_InsDal: Lcom/fsck/k9/mail/store/imap/ImapResponseParser;--->parseBareString(Z)Ljava/lang/String;
05-14 15:45:23.364  7861  7886 D M_InsDal: Lcom/fsck/k9/mail/store/imap/ImapResponseParser;--->parseBareString(Z)Ljava/lang/String;
05-14 15:45:23.364  7861  7885 D M_InsDal: Lcom/fsck/k9/mail/filter/PeekableInputStream;--->peek()I
05-14 15:45:23.364  7861  7886 D M_InsDal: Lcom/fsck/k9/mail/filter/PeekableInputStream;--->peek()I
05-14 15:45:23.364  7861  7886 D M_InsDal: Lcom/fsck/k9/mail/filter/PeekableInputStream;--->read()I
05-14 15:45:23.364  7861  7885 D M_InsDal: Lcom/fsck/k9/mail/filter/PeekableInputStream;--->read()I
05-14 15:45:23.364  7861  7886 D M_InsDal: Lcom/fsck/k9/mail/filter/PeekableInputStream;--->peek()I
05-14 15:45:23.364  7861  7885 D M_InsDal: Lcom/fsck/k9/mail/filter/PeekableInputStream;--->peek()I
05-14 15:45:23.364  7861  7885 D M_InsDal: Lcom/fsck/k9/mail/filter/PeekableInputStream;--->read()I
05-14 15:45:23.364  7861  7886 D M_InsDal: Lcom/fsck/k9/mail/filter/PeekableInputStream;--->read()I
05-14 15:45:23.364  7861  7886 D M_InsDal: Lcom/fsck/k9/mail/filter/PeekableInputStream;--->peek()I
05-14 15:45:23.364  7861  7885 D M_InsDal: Lcom/fsck/k9/mail/filter/PeekableInputStream;--->peek()I
05-14 15:45:23.364  7861  7885 D M_InsDal: Lcom/fsck/k9/mail/store/imap/ImapResponseParser;--->checkTokenIsString(Ljava/lang/Object;)V
05-14 15:45:23.364  7861  7886 D M_InsDal: Lcom/fsck/k9/mail/store/imap/ImapResponseParser;--->checkTokenIsString(Ljava/lang/Object;)V
05-14 15:45:23.364  7861  7886 D M_InsDal: Lcom/fsck/k9/mail/store/imap/ImapResponseParser;--->isStatusResponse(Ljava/lang/String;)Z
05-14 15:45:23.364  7861  7886 D M_InsDal: Lcom/fsck/k9/mail/store/imap/ImapResponseParser;--->parseResponseText(Lcom/fsck/k9/mail/store/imap/ImapResponse;)V
05-14 15:45:23.364  7861  7885 D M_InsDal: Lcom/fsck/k9/mail/store/imap/ImapResponseParser;--->isStatusResponse(Ljava/lang/String;)Z
05-14 15:45:23.364  7861  7886 D M_InsDal: Lcom/fsck/k9/mail/store/imap/ImapResponseParser;--->skipIfSpace()V
05-14 15:45:23.364  7861  7885 D M_InsDal: Lcom/fsck/k9/mail/store/imap/ImapResponseParser;--->parseResponseText(Lcom/fsck/k9/mail/store/imap/ImapResponse;)V
05-14 15:45:23.364  7861  7886 D M_InsDal: Lcom/fsck/k9/mail/filter/PeekableInputStream;--->peek()I
05-14 15:45:23.364  7861  7885 D M_InsDal: Lcom/fsck/k9/mail/store/imap/ImapResponseParser;--->skipIfSpace()V
05-14 15:45:23.364  7861  7886 D M_InsDal: Lcom/fsck/k9/mail/store/imap/ImapResponseParser;--->expect(C)V
05-14 15:45:23.364  7861  7885 D M_InsDal: Lcom/fsck/k9/mail/filter/PeekableInputStream;--->peek()I
05-14 15:45:23.364  7861  7886 D M_InsDal: Lcom/fsck/k9/mail/filter/PeekableInputStream;--->read()I
05-14 15:45:23.364  7861  7885 D M_InsDal: Lcom/fsck/k9/mail/store/imap/ImapResponseParser;--->expect(C)V
05-14 15:45:23.364  7861  7886 D M_InsDal: Lcom/fsck/k9/mail/filter/PeekableInputStream;--->peek()I
05-14 15:45:23.364  7861  7885 D M_InsDal: Lcom/fsck/k9/mail/filter/PeekableInputStream;--->read()I
05-14 15:45:23.364  7861  7885 D M_InsDal: Lcom/fsck/k9/mail/filter/PeekableInputStream;--->peek()I
05-14 15:45:23.364  7861  7886 D M_InsDal: Lcom/fsck/k9/mail/store/imap/ImapResponseParser;--->parseList(Lcom/fsck/k9/mail/store/imap/ImapList;CC)Lcom/fsck/k9/mail/store/imap/ImapList;
05-14 15:45:23.364  7861  7886 D M_InsDal: Lcom/fsck/k9/mail/store/imap/ImapResponseParser;--->expect(C)V
05-14 15:45:23.364  7861  7886 D M_InsDal: Lcom/fsck/k9/mail/filter/PeekableInputStream;--->read()I
05-14 15:45:23.364  7861  7885 D M_InsDal: Lcom/fsck/k9/mail/store/imap/ImapResponseParser;--->parseList(Lcom/fsck/k9/mail/store/imap/ImapList;CC)Lcom/fsck/k9/mail/store/imap/ImapList;
05-14 15:45:23.364  7861  7886 D M_InsDal: Lcom/fsck/k9/mail/store/imap/ImapList;---><init>()V
05-14 15:45:23.364  7861  7885 D M_InsDal: Lcom/fsck/k9/mail/store/imap/ImapResponseParser;--->expect(C)V
05-14 15:45:23.364  7861  7885 D M_InsDal: Lcom/fsck/k9/mail/filter/PeekableInputStream;--->read()I
05-14 15:45:23.364  7861  7885 D M_InsDal: Lcom/fsck/k9/mail/store/imap/ImapList;---><init>()V
05-14 15:45:23.364  7861  7886 D M_InsDal: Lcom/fsck/k9/mail/store/imap/ImapResponseParser;--->parseToken(Lcom/fsck/k9/mail/store/imap/ImapList;)Ljava/lang/Object;
05-14 15:45:23.364  7861  7885 D M_InsDal: Lcom/fsck/k9/mail/store/imap/ImapResponseParser;--->parseToken(Lcom/fsck/k9/mail/store/imap/ImapList;)Ljava/lang/Object;
05-14 15:45:23.364  7861  7886 D M_InsDal: Lcom/fsck/k9/mail/filter/PeekableInputStream;--->peek()I
05-14 15:45:23.364  7861  7885 D M_InsDal: Lcom/fsck/k9/mail/filter/PeekableInputStream;--->peek()I
05-14 15:45:23.364  7861  7885 D M_InsDal: Lcom/fsck/k9/mail/store/imap/ImapResponseParser;--->parseBareString(Z)Ljava/lang/String;
05-14 15:45:23.364  7861  7886 D M_InsDal: Lcom/fsck/k9/mail/store/imap/ImapResponseParser;--->parseBareString(Z)Ljava/lang/String;
05-14 15:45:23.364  7861  7885 D M_InsDal: Lcom/fsck/k9/mail/filter/PeekableInputStream;--->peek()I
05-14 15:45:23.364  7861  7885 D M_InsDal: Lcom/fsck/k9/mail/filter/PeekableInputStream;--->read()I
05-14 15:45:23.364  7861  7886 D M_InsDal: Lcom/fsck/k9/mail/filter/PeekableInputStream;--->peek()I
05-14 15:45:23.364  7861  7885 D M_InsDal: Lcom/fsck/k9/mail/filter/PeekableInputStream;--->peek()I
05-14 15:45:23.364  7861  7886 D M_InsDal: Lcom/fsck/k9/mail/filter/PeekableInputStream;--->read()I
05-14 15:45:23.364  7861  7885 D M_InsDal: Lcom/fsck/k9/mail/filter/PeekableInputStream;--->read()I
05-14 15:45:23.364  7861  7886 D M_InsDal: Lcom/fsck/k9/mail/filter/PeekableInputStream;--->peek()I
05-14 15:45:23.364  7861  7885 D M_InsDal: Lcom/fsck/k9/mail/filter/PeekableInputStream;--->peek()I
05-14 15:45:23.364  7861  7886 D M_InsDal: Lcom/fsck/k9/mail/filter/PeekableInputStream;--->read()I
05-14 15:45:23.364  7861  7885 D M_InsDal: Lcom/fsck/k9/mail/filter/PeekableInputStream;--->read()I
05-14 15:45:23.364  7861  7886 D M_InsDal: Lcom/fsck/k9/mail/filter/PeekableInputStream;--->peek()I
05-14 15:45:23.364  7861  7885 D M_InsDal: Lcom/fsck/k9/mail/filter/PeekableInputStream;--->peek()I
05-14 15:45:23.364  7861  7885 D M_InsDal: Lcom/fsck/k9/mail/filter/PeekableInputStream;--->read()I
05-14 15:45:23.364  7861  7886 D M_InsDal: Lcom/fsck/k9/mail/filter/PeekableInputStream;--->read()I
05-14 15:45:23.364  7861  7885 D M_InsDal: Lcom/fsck/k9/mail/filter/PeekableInputStream;--->peek()I
05-14 15:45:23.364  7861  7886 D M_InsDal: Lcom/fsck/k9/mail/filter/PeekableInputStream;--->peek()I
05-14 15:45:23.364  7861  7885 D M_InsDal: Lcom/fsck/k9/mail/filter/PeekableInputStream;--->read()I
05-14 15:45:23.364  7861  7886 D M_InsDal: Lcom/fsck/k9/mail/filter/PeekableInputStream;--->read()I
05-14 15:45:23.364  7861  7885 D M_InsDal: Lcom/fsck/k9/mail/filter/PeekableInputStream;--->peek()I
05-14 15:45:23.364  7861  7886 D M_InsDal: Lcom/fsck/k9/mail/filter/PeekableInputStream;--->peek()I
05-14 15:45:23.364  7861  7885 D M_InsDal: Lcom/fsck/k9/mail/filter/PeekableInputStream;--->read()I
05-14 15:45:23.364  7861  7886 D M_InsDal: Lcom/fsck/k9/mail/filter/PeekableInputStream;--->read()I
05-14 15:45:23.364  7861  7885 D M_InsDal: Lcom/fsck/k9/mail/filter/PeekableInputStream;--->peek()I
05-14 15:45:23.364  7861  7886 D M_InsDal: Lcom/fsck/k9/mail/filter/PeekableInputStream;--->peek()I
05-14 15:45:23.364  7861  7886 D M_InsDal: Lcom/fsck/k9/mail/filter/PeekableInputStream;--->read()I
05-14 15:45:23.364  7861  7885 D M_InsDal: Lcom/fsck/k9/mail/filter/PeekableInputStream;--->read()I
05-14 15:45:23.364  7861  7886 D M_InsDal: Lcom/fsck/k9/mail/filter/PeekableInputStream;--->peek()I
05-14 15:45:23.364  7861  7885 D M_InsDal: Lcom/fsck/k9/mail/filter/PeekableInputStream;--->peek()I
05-14 15:45:23.364  7861  7886 D M_InsDal: Lcom/fsck/k9/mail/filter/PeekableInputStream;--->read()I
05-14 15:45:23.364  7861  7885 D M_InsDal: Lcom/fsck/k9/mail/filter/PeekableInputStream;--->read()I
05-14 15:45:23.364  7861  7886 D M_InsDal: Lcom/fsck/k9/mail/filter/PeekableInputStream;--->peek()I
05-14 15:45:23.364  7861  7885 D M_InsDal: Lcom/fsck/k9/mail/filter/PeekableInputStream;--->peek()I
05-14 15:45:23.364  7861  7886 D M_InsDal: Lcom/fsck/k9/mail/filter/PeekableInputStream;--->read()I
05-14 15:45:23.364  7861  7885 D M_InsDal: Lcom/fsck/k9/mail/filter/PeekableInputStream;--->read()I
05-14 15:45:23.364  7861  7886 D M_InsDal: Lcom/fsck/k9/mail/filter/PeekableInputStream;--->peek()I
05-14 15:45:23.364  7861  7885 D M_InsDal: Lcom/fsck/k9/mail/filter/PeekableInputStream;--->peek()I
05-14 15:45:23.364  7861  7886 D M_InsDal: Lcom/fsck/k9/mail/filter/PeekableInputStream;--->read()I
05-14 15:45:23.364  7861  7885 D M_InsDal: Lcom/fsck/k9/mail/filter/PeekableInputStream;--->read()I
05-14 15:45:23.364  7861  7886 D M_InsDal: Lcom/fsck/k9/mail/filter/PeekableInputStream;--->peek()I
05-14 15:45:23.364  7861  7885 D M_InsDal: Lcom/fsck/k9/mail/filter/PeekableInputStream;--->peek()I
05-14 15:45:23.364  7861  7886 D M_InsDal: Lcom/fsck/k9/mail/filter/PeekableInputStream;--->read()I
05-14 15:45:23.364  7861  7885 D M_InsDal: Lcom/fsck/k9/mail/store/imap/ImapResponseParser;--->parseToken(Lcom/fsck/k9/mail/store/imap/ImapList;)Ljava/lang/Object;
05-14 15:45:23.364  7861  7886 D M_InsDal: Lcom/fsck/k9/mail/filter/PeekableInputStream;--->peek()I
05-14 15:45:23.364  7861  7886 D M_InsDal: Lcom/fsck/k9/mail/store/imap/ImapResponseParser;--->parseToken(Lcom/fsck/k9/mail/store/imap/ImapList;)Ljava/lang/Object;
05-14 15:45:23.364  7861  7885 D M_InsDal: Lcom/fsck/k9/mail/filter/PeekableInputStream;--->peek()I
05-14 15:45:23.364  7861  7886 D M_InsDal: Lcom/fsck/k9/mail/filter/PeekableInputStream;--->peek()I
05-14 15:45:23.364  7861  7885 D M_InsDal: Lcom/fsck/k9/mail/store/imap/ImapResponseParser;--->expect(C)V
05-14 15:45:23.364  7861  7886 D M_InsDal: Lcom/fsck/k9/mail/store/imap/ImapResponseParser;--->expect(C)V
05-14 15:45:23.364  7861  7885 D M_InsDal: Lcom/fsck/k9/mail/filter/PeekableInputStream;--->read()I
05-14 15:45:23.364  7861  7886 D M_InsDal: Lcom/fsck/k9/mail/filter/PeekableInputStream;--->read()I
05-14 15:45:23.364  7861  7885 D M_InsDal: Lcom/fsck/k9/mail/filter/PeekableInputStream;--->peek()I
05-14 15:45:23.364  7861  7886 D M_InsDal: Lcom/fsck/k9/mail/filter/PeekableInputStream;--->peek()I
05-14 15:45:23.364  7861  7885 D M_InsDal: Lcom/fsck/k9/mail/store/imap/ImapResponseParser;--->parseBareString(Z)Ljava/lang/String;
05-14 15:45:23.364  7861  7886 D M_InsDal: Lcom/fsck/k9/mail/store/imap/ImapResponseParser;--->parseBareString(Z)Ljava/lang/String;
05-14 15:45:23.364  7861  7885 D M_InsDal: Lcom/fsck/k9/mail/filter/PeekableInputStream;--->peek()I
05-14 15:45:23.364  7861  7886 D M_InsDal: Lcom/fsck/k9/mail/filter/PeekableInputStream;--->peek()I
