--------- beginning of system
--------- beginning of main
05-14 15:45:23.284  7861  7892 D M_InsDal: Lcom/fsck/k9/mailstore/LocalStore;--->getFolder(Ljava/lang/String;)Lcom/fsck/k9/mailstore/LocalFolder;
05-14 15:45:23.284  7861  7892 D M_InsDal: Lcom/fsck/k9/mailstore/LocalFolder;---><init>(Lcom/fsck/k9/mailstore/LocalStore;Ljava/lang/String;)V
05-14 15:45:23.284  7861  7892 D M_InsDal: Lcom/fsck/k9/mail/Folder;---><init>()V
05-14 15:45:23.284  7861  7892 D M_InsDal: Lcom/fsck/k9/mailstore/LocalStore;--->getAttachmentInfoExtractor()Lcom/fsck/k9/message/extractors/AttachmentInfoExtractor;
05-14 15:45:23.284  7861  7892 D M_InsDal: Lcom/fsck/k9/mailstore/LocalFolder;--->getAccount()Lcom/fsck/k9/Account;
05-14 15:45:23.284  7861  7892 D M_InsDal: Lcom/fsck/k9/mailstore/LocalStore;--->getAccount()Lcom/fsck/k9/Account;
05-14 15:45:23.284  7861  7892 D M_InsDal: Lcom/fsck/k9/Account;--->getInboxFolderName()Ljava/lang/String;
05-14 15:45:23.284  7861  7892 D M_InsDal: Lcom/fsck/k9/mailstore/LocalFolder;--->getName()Ljava/lang/String;
05-14 15:45:23.284  7861  7892 D M_InsDal: Lcom/fsck/k9/mailstore/LocalFolder;--->open(I)V
05-14 15:45:23.284  7861  7892 D M_InsDal: Lcom/fsck/k9/mailstore/LocalFolder;--->isOpen()Z
05-14 15:45:23.284  7861  7892 D M_InsDal: Lcom/fsck/k9/mailstore/LocalFolder;--->isOpen()Z
05-14 15:45:23.284  7861  7892 D M_InsDal: Lcom/fsck/k9/mailstore/LocalStore;--->getDatabase()Lcom/fsck/k9/mailstore/LockableDatabase;
05-14 15:45:23.284  7861  7892 D M_InsDal: Lcom/fsck/k9/mailstore/LocalFolder$1;---><init>(Lcom/fsck/k9/mailstore/LocalFolder;I)V
05-14 15:45:23.284  7861  7892 D M_InsDal: Lcom/fsck/k9/mailstore/LockableDatabase;--->execute(ZLcom/fsck/k9/mailstore/LockableDatabase$DbCallback;)Ljava/lang/Object;
05-14 15:45:23.284  7861  7892 D M_InsDal: Lcom/fsck/k9/mailstore/LockableDatabase;--->lockRead()V
05-14 15:45:23.284  7861  7892 D M_InsDal: Lcom/fsck/k9/mailstore/LockableDatabase;--->getStorageManager()Lcom/fsck/k9/mailstore/StorageManager;
05-14 15:45:23.284  7861  7892 D M_InsDal: Lcom/fsck/k9/mailstore/StorageManager;--->getInstance(Landroid/content/Context;)Lcom/fsck/k9/mailstore/StorageManager;
05-14 15:45:23.284  7861  7892 D M_InsDal: Lcom/fsck/k9/mailstore/StorageManager;--->lockProvider(Ljava/lang/String;)V
05-14 15:45:23.284  7861  7892 D M_InsDal: Lcom/fsck/k9/mailstore/StorageManager;--->getProvider(Ljava/lang/String;)Lcom/fsck/k9/mailstore/StorageManager$StorageProvider;
05-14 15:45:23.284  7861  7892 D M_InsDal: Lcom/fsck/k9/mailstore/StorageManager$InternalStorageProvider;--->isReady(Landroid/content/Context;)Z
05-14 15:45:23.284  7861  7892 D M_InsDal: Lcom/fsck/k9/K9;--->isDebug()Z
05-14 15:45:23.284  7861  7892 D M_InsDal: Lcom/fsck/k9/mailstore/LocalFolder$1;--->doDbWork(Landroid/database/sqlite/SQLiteDatabase;)Ljava/lang/Void;
05-14 15:45:23.284  7861  7892 D M_InsDal: Lcom/fsck/k9/mailstore/LocalFolder;--->open(Landroid/database/Cursor;)V
05-14 15:45:23.284  7861  7892 D M_InsDal: Lcom/fsck/k9/mail/Folder;--->setStatus(Ljava/lang/String;)V
05-14 15:45:23.284  7861  7892 D M_InsDal: Lcom/fsck/k9/mail/Folder;--->setLastChecked(J)V
05-14 15:45:23.284  7861  7892 D M_InsDal: Lcom/fsck/k9/mail/Folder;--->setLastPush(J)V
05-14 15:45:23.284  7861  7892 D M_InsDal: Lcom/fsck/k9/mail/Folder$FolderClass;--->valueOf(Ljava/lang/String;)Lcom/fsck/k9/mail/Folder$FolderClass;
05-14 15:45:23.284  7861  7892 D M_InsDal: Lcom/fsck/k9/mail/Folder$FolderClass;--->valueOf(Ljava/lang/String;)Lcom/fsck/k9/mail/Folder$FolderClass;
05-14 15:45:23.284  7861  7892 D M_InsDal: Lcom/fsck/k9/mailstore/LocalFolder$MoreMessages;--->fromDatabaseName(Ljava/lang/String;)Lcom/fsck/k9/mailstore/LocalFolder$MoreMessages;
05-14 15:45:23.284  7861  7892 D M_InsDal: Lcom/fsck/k9/mailstore/LocalFolder$MoreMessages;--->values()[Lcom/fsck/k9/mailstore/LocalFolder$MoreMessages;
05-14 15:45:23.284  7861  7892 D M_InsDal: Lcom/fsck/k9/helper/Utility;--->closeQuietly(Landroid/database/Cursor;)V
05-14 15:45:23.284  7861  7892 D M_InsDal: Lcom/fsck/k9/mailstore/LockableDatabase;--->unlockRead()V
05-14 15:45:23.284  7861  7892 D M_InsDal: Lcom/fsck/k9/mailstore/LockableDatabase;--->getStorageManager()Lcom/fsck/k9/mailstore/StorageManager;
05-14 15:45:23.284  7861  7892 D M_InsDal: Lcom/fsck/k9/mailstore/StorageManager;--->getInstance(Landroid/content/Context;)Lcom/fsck/k9/mailstore/StorageManager;
05-14 15:45:23.284  7861  7892 D M_InsDal: Lcom/fsck/k9/mailstore/StorageManager;--->unlockProvider(Ljava/lang/String;)V
05-14 15:45:23.284  7861  7892 D M_InsDal: Lcom/fsck/k9/mailstore/StorageManager;--->getProvider(Ljava/lang/String;)Lcom/fsck/k9/mailstore/StorageManager$StorageProvider;
05-14 15:45:23.284  7861  7892 D M_InsDal: Lcom/fsck/k9/mailstore/LocalFolder;--->getDatabaseId()J
05-14 15:45:23.284  7861  7892 D M_InsDal: Lcom/fsck/k9/search/SqlQueryBuilder;--->buildWhereClauseInternal(Lcom/fsck/k9/Account;Lcom/fsck/k9/search/ConditionsTreeNode;Ljava/lang/StringBuilder;Ljava/util/List;)V
05-14 15:45:23.284  7861  7892 D M_InsDal: Lcom/fsck/k9/search/SqlQueryBuilder;--->appendCondition(Lcom/fsck/k9/search/SearchSpecification$SearchCondition;Ljava/lang/StringBuilder;Ljava/util/List;)V
05-14 15:45:23.284  7861  7892 D M_InsDal: Lcom/fsck/k9/search/SqlQueryBuilder;--->getColumnName(Lcom/fsck/k9/search/SearchSpecification$SearchCondition;)Ljava/lang/String;
05-14 15:45:23.284  7861  7892 D M_InsDal: Lcom/fsck/k9/search/SqlQueryBuilder;--->appendExprRight(Lcom/fsck/k9/search/SearchSpecification$SearchCondition;Ljava/lang/StringBuilder;Ljava/util/List;)V
05-14 15:45:23.284  7861  7892 D M_InsDal: Lcom/fsck/k9/search/SqlQueryBuilder;--->isNumberColumn(Lcom/fsck/k9/search/SearchSpecification$SearchField;)Z
05-14 15:45:23.284  7861  7892 D M_InsDal: Lcom/fsck/k9/provider/EmailProvider;--->query(Landroid/net/Uri;[Ljava/lang/String;Ljava/lang/String;[Ljava/lang/String;Ljava/lang/String;)Landroid/database/Cursor;
05-14 15:45:23.284  7861  7892 D M_InsDal: Lcom/fsck/k9/provider/EmailProvider;--->getAccountStats(Ljava/lang/String;[Ljava/lang/String;Ljava/lang/String;[Ljava/lang/String;)Landroid/database/Cursor;
05-14 15:45:23.284  7861  7892 D M_InsDal: Lcom/fsck/k9/provider/EmailProvider;--->getAccount(Ljava/lang/String;)Lcom/fsck/k9/Account;
05-14 15:45:23.284  7861  7892 D M_InsDal: Lcom/fsck/k9/Preferences;--->getAccount(Ljava/lang/String;)Lcom/fsck/k9/Account;
05-14 15:45:23.284  7861  7892 D M_InsDal: Lcom/fsck/k9/provider/EmailProvider;--->getDatabase(Lcom/fsck/k9/Account;)Lcom/fsck/k9/mailstore/LockableDatabase;
05-14 15:45:23.284  7861  7892 D M_InsDal: Lcom/fsck/k9/Account;--->getLocalStore()Lcom/fsck/k9/mailstore/LocalStore;
05-14 15:45:23.284  7861  7892 D M_InsDal: Lcom/fsck/k9/mailstore/LocalStore;--->getInstance(Lcom/fsck/k9/Account;Landroid/content/Context;)Lcom/fsck/k9/mailstore/LocalStore;
05-14 15:45:23.284  7861  7892 D M_InsDal: Lcom/fsck/k9/Account;--->getUuid()Ljava/lang/String;
05-14 15:45:23.284  7861  7892 D M_InsDal: Lcom/fsck/k9/mailstore/LocalStore;--->getDatabase()Lcom/fsck/k9/mailstore/LockableDatabase;
05-14 15:45:23.284  7861  7892 D M_InsDal: Lcom/fsck/k9/provider/EmailProvider;--->containsAny(Ljava/lang/String;[Ljava/lang/String;)Z
05-14 15:45:23.284  7861  7892 D M_InsDal: Lcom/fsck/k9/provider/EmailProvider$4;---><init>(Lcom/fsck/k9/provider/EmailProvider;Ljava/lang/StringBuilder;[Ljava/lang/String;)V
05-14 15:45:23.284  7861  7892 D M_InsDal: Lcom/fsck/k9/mailstore/LockableDatabase;--->execute(ZLcom/fsck/k9/mailstore/LockableDatabase$DbCallback;)Ljava/lang/Object;
05-14 15:45:23.284  7861  7892 D M_InsDal: Lcom/fsck/k9/mailstore/LockableDatabase;--->lockRead()V
05-14 15:45:23.284  7861  7892 D M_InsDal: Lcom/fsck/k9/mailstore/LockableDatabase;--->getStorageManager()Lcom/fsck/k9/mailstore/StorageManager;
05-14 15:45:23.284  7861  7892 D M_InsDal: Lcom/fsck/k9/mailstore/StorageManager;--->getInstance(Landroid/content/Context;)Lcom/fsck/k9/mailstore/StorageManager;
05-14 15:45:23.284  7861  7892 D M_InsDal: Lcom/fsck/k9/mailstore/StorageManager;--->lockProvider(Ljava/lang/String;)V
05-14 15:45:23.284  7861  7892 D M_InsDal: Lcom/fsck/k9/mailstore/StorageManager;--->getProvider(Ljava/lang/String;)Lcom/fsck/k9/mailstore/StorageManager$StorageProvider;
05-14 15:45:23.284  7861  7892 D M_InsDal: Lcom/fsck/k9/mailstore/StorageManager$InternalStorageProvider;--->isReady(Landroid/content/Context;)Z
05-14 15:45:23.284  7861  7892 D M_InsDal: Lcom/fsck/k9/K9;--->isDebug()Z
05-14 15:45:23.284  7861  7892 D M_InsDal: Lcom/fsck/k9/provider/EmailProvider$4;--->doDbWork(Landroid/database/sqlite/SQLiteDatabase;)Landroid/database/Cursor;
05-14 15:45:23.284  7861  7892 D M_InsDal: Lcom/fsck/k9/mailstore/LockableDatabase;--->unlockRead()V
05-14 15:45:23.284  7861  7892 D M_InsDal: Lcom/fsck/k9/mailstore/LockableDatabase;--->getStorageManager()Lcom/fsck/k9/mailstore/StorageManager;
05-14 15:45:23.284  7861  7892 D M_InsDal: Lcom/fsck/k9/mailstore/StorageManager;--->getInstance(Landroid/content/Context;)Lcom/fsck/k9/mailstore/StorageManager;
05-14 15:45:23.284  7861  7892 D M_InsDal: Lcom/fsck/k9/mailstore/StorageManager;--->unlockProvider(Ljava/lang/String;)V
05-14 15:45:23.284  7861  7892 D M_InsDal: Lcom/fsck/k9/mailstore/StorageManager;--->getProvider(Ljava/lang/String;)Lcom/fsck/k9/mailstore/StorageManager$StorageProvider;
05-14 15:45:23.285  7861  7892 D M_InsDal: Lcom/fsck/k9/helper/Utility;--->closeQuietly(Landroid/database/Cursor;)V
05-14 15:45:23.285  7861  7861 D M_InsDal: Lcom/fsck/k9/service/BootReceiver;---><init>()V
05-14 15:45:23.285  7861  7861 D M_InsDal: Lcom/fsck/k9/service/CoreReceiver;---><init>()V
05-14 15:45:23.285  7861  7892 D M_InsDal: Lcom/fsck/k9/Account;--->getLocalStore()Lcom/fsck/k9/mailstore/LocalStore;
05-14 15:45:23.285  7861  7861 D M_InsDal: Lcom/fsck/k9/service/CoreReceiver;--->onReceive(Landroid/content/Context;Landroid/content/Intent;)V
05-14 15:45:23.285  7861  7861 D M_InsDal: Lcom/fsck/k9/service/CoreReceiver;--->getWakeLock(Landroid/content/Context;)Ljava/lang/Integer;
05-14 15:45:23.285  7861  7892 D M_InsDal: Lcom/fsck/k9/mailstore/LocalStore;--->getInstance(Lcom/fsck/k9/Account;Landroid/content/Context;)Lcom/fsck/k9/mailstore/LocalStore;
05-14 15:45:23.285  7861  7861 D M_InsDal: Lcom/fsck/k9/mail/power/TracingPowerManager;--->getPowerManager(Landroid/content/Context;)Lcom/fsck/k9/mail/power/TracingPowerManager;
05-14 15:45:23.285  7861  7892 D M_InsDal: Lcom/fsck/k9/Account;--->getUuid()Ljava/lang/String;
05-14 15:45:23.285  7861  7861 D M_InsDal: Lcom/fsck/k9/mail/power/TracingPowerManager;--->newWakeLock(ILjava/lang/String;)Lcom/fsck/k9/mail/power/TracingPowerManager$TracingWakeLock;
05-14 15:45:23.285  7861  7861 D M_InsDal: Lcom/fsck/k9/mail/power/TracingPowerManager$TracingWakeLock;---><init>(Lcom/fsck/k9/mail/power/TracingPowerManager;ILjava/lang/String;)V
05-14 15:45:23.285  7861  7892 D M_InsDal: Lcom/fsck/k9/K9;--->measureAccounts()Z
05-14 15:45:23.285  7861  7892 D M_InsDal: Lcom/fsck/k9/mailstore/LocalStore;--->getSize()J
05-14 15:45:23.285  7861  7892 D M_InsDal: Lcom/fsck/k9/mailstore/StorageManager;--->getInstance(Landroid/content/Context;)Lcom/fsck/k9/mailstore/StorageManager;
05-14 15:45:23.285  7861  7892 D M_InsDal: Lcom/fsck/k9/Account;--->getUuid()Ljava/lang/String;
05-14 15:45:23.285  7861  7892 D M_InsDal: Lcom/fsck/k9/mailstore/LockableDatabase;--->getStorageProviderId()Ljava/lang/String;
05-14 15:45:23.285  7861  7861 D M_InsDal: Lcom/fsck/k9/mail/K9MailLib;--->isDebug()Z
05-14 15:45:23.285  7861  7892 D M_InsDal: Lcom/fsck/k9/mailstore/StorageManager;--->getAttachmentDirectory(Ljava/lang/String;Ljava/lang/String;)Ljava/io/File;
05-14 15:45:23.285  7861  7892 D M_InsDal: Lcom/fsck/k9/mailstore/StorageManager;--->getProvider(Ljava/lang/String;)Lcom/fsck/k9/mailstore/StorageManager$StorageProvider;
05-14 15:45:23.285  7861  7861 D M_InsDal: Lcom/fsck/k9/K9$2;--->enabled()Z
05-14 15:45:23.285  7861  7861 D M_InsDal: Lcom/fsck/k9/mail/power/TracingPowerManager$TracingWakeLock;--->setReferenceCounted(Z)V
05-14 15:45:23.285  7861  7892 D M_InsDal: Lcom/fsck/k9/mailstore/StorageManager$InternalStorageProvider;--->getAttachmentDirectory(Landroid/content/Context;Ljava/lang/String;)Ljava/io/File;
05-14 15:45:23.285  7861  7861 D M_InsDal: Lcom/fsck/k9/mail/power/TracingPowerManager$TracingWakeLock;--->acquire(J)V
05-14 15:45:23.285  7861  7892 D M_InsDal: Lcom/fsck/k9/mailstore/LocalStore$1;---><init>(Lcom/fsck/k9/mailstore/LocalStore;Ljava/io/File;Lcom/fsck/k9/mailstore/StorageManager;)V
05-14 15:45:23.285  7861  7892 D M_InsDal: Lcom/fsck/k9/mailstore/LockableDatabase;--->execute(ZLcom/fsck/k9/mailstore/LockableDatabase$DbCallback;)Ljava/lang/Object;
05-14 15:45:23.285  7861  7892 D M_InsDal: Lcom/fsck/k9/mailstore/LockableDatabase;--->lockRead()V
05-14 15:45:23.285  7861  7892 D M_InsDal: Lcom/fsck/k9/mailstore/LockableDatabase;--->getStorageManager()Lcom/fsck/k9/mailstore/StorageManager;
05-14 15:45:23.285  7861  7892 D M_InsDal: Lcom/fsck/k9/mailstore/StorageManager;--->getInstance(Landroid/content/Context;)Lcom/fsck/k9/mailstore/StorageManager;
05-14 15:45:23.285  7861  7892 D M_InsDal: Lcom/fsck/k9/mailstore/StorageManager;--->lockProvider(Ljava/lang/String;)V
05-14 15:45:23.285  7861  7892 D M_InsDal: Lcom/fsck/k9/mailstore/StorageManager;--->getProvider(Ljava/lang/String;)Lcom/fsck/k9/mailstore/StorageManager$StorageProvider;
05-14 15:45:23.285  7861  7892 D M_InsDal: Lcom/fsck/k9/mailstore/StorageManager$InternalStorageProvider;--->isReady(Landroid/content/Context;)Z
05-14 15:45:23.285  7861  7892 D M_InsDal: Lcom/fsck/k9/K9;--->isDebug()Z
05-14 15:45:23.285  7861  7892 D M_InsDal: Lcom/fsck/k9/mailstore/LocalStore$1;--->doDbWork(Landroid/database/sqlite/SQLiteDatabase;)Ljava/lang/Long;
05-14 15:45:23.285  7861  7892 D M_InsDal: Lcom/fsck/k9/Account;--->getUuid()Ljava/lang/String;
05-14 15:45:23.285  7861  7892 D M_InsDal: Lcom/fsck/k9/mailstore/LockableDatabase;--->getStorageProviderId()Ljava/lang/String;
05-14 15:45:23.285  7861  7892 D M_InsDal: Lcom/fsck/k9/mailstore/StorageManager;--->getDatabase(Ljava/lang/String;Ljava/lang/String;)Ljava/io/File;
05-14 15:45:23.285  7861  7892 D M_InsDal: Lcom/fsck/k9/mailstore/StorageManager;--->getProvider(Ljava/lang/String;)Lcom/fsck/k9/mailstore/StorageManager$StorageProvider;
05-14 15:45:23.285  7861  7892 D M_InsDal: Lcom/fsck/k9/mailstore/StorageManager$InternalStorageProvider;--->getDatabase(Landroid/content/Context;Ljava/lang/String;)Ljava/io/File;
05-14 15:45:23.285  7861  7892 D M_InsDal: Lcom/fsck/k9/mailstore/LockableDatabase;--->unlockRead()V
05-14 15:45:23.285  7861  7892 D M_InsDal: Lcom/fsck/k9/mailstore/LockableDatabase;--->getStorageManager()Lcom/fsck/k9/mailstore/StorageManager;
05-14 15:45:23.285  7861  7892 D M_InsDal: Lcom/fsck/k9/mailstore/StorageManager;--->getInstance(Landroid/content/Context;)Lcom/fsck/k9/mailstore/StorageManager;
05-14 15:45:23.285  7861  7892 D M_InsDal: Lcom/fsck/k9/mailstore/StorageManager;--->unlockProvider(Ljava/lang/String;)V
05-14 15:45:23.285  7861  7892 D M_InsDal: Lcom/fsck/k9/mailstore/StorageManager;--->getProvider(Ljava/lang/String;)Lcom/fsck/k9/mailstore/StorageManager$StorageProvider;
05-14 15:45:23.285  7861  7892 D M_InsDal: Lcom/fsck/k9/activity/Accounts$1;--->accountStatusChanged(Lcom/fsck/k9/BaseAccount;Lcom/fsck/k9/AccountStats;)V
05-14 15:45:23.285  7861  7892 D M_InsDal: Lcom/fsck/k9/Account;--->getUuid()Ljava/lang/String;
05-14 15:45:23.285  7861  7892 D M_InsDal: Lcom/fsck/k9/Account;--->getUuid()Ljava/lang/String;
05-14 15:45:23.285  7861  7892 D M_InsDal: Lcom/fsck/k9/activity/Accounts$AccountsHandler;--->dataChanged()V
05-14 15:45:23.285  7861  7892 D M_InsDal: Lcom/fsck/k9/activity/Accounts$AccountsHandler$2;---><init>(Lcom/fsck/k9/activity/Accounts$AccountsHandler;)V
05-14 15:45:23.285  7861  7892 D M_InsDal: Lcom/fsck/k9/Account;--->hashCode()I
05-14 15:45:23.285  7861  7892 D M_InsDal: Lcom/fsck/k9/activity/Accounts$AccountsHandler;--->progress(I)V
05-14 15:45:23.285  7861  7892 D M_InsDal: Lcom/fsck/k9/activity/Accounts$AccountsHandler$6;---><init>(Lcom/fsck/k9/activity/Accounts$AccountsHandler;I)V
05-14 15:45:23.285  7861  7892 D M_InsDal: Lcom/fsck/k9/activity/Accounts$AccountsHandler;--->refreshTitle()V
05-14 15:45:23.285  7861  7892 D M_InsDal: Lcom/fsck/k9/activity/Accounts$AccountsHandler$1;---><init>(Lcom/fsck/k9/activity/Accounts$AccountsHandler;)V
05-14 15:45:23.286  7861  7861 D M_InsDal: Lcom/fsck/k9/mail/K9MailLib;--->isDebug()Z
05-14 15:45:23.286  7861  7861 D M_InsDal: Lcom/fsck/k9/K9$2;--->enabled()Z
05-14 15:45:23.286  7861  7861 D M_InsDal: Lcom/fsck/k9/mail/power/TracingPowerManager$TracingWakeLock;--->raiseNotification()V
05-14 15:45:23.286  7861  7861 D M_InsDal: Lcom/fsck/k9/service/BootReceiver;--->receive(Landroid/content/Context;Landroid/content/Intent;Ljava/lang/Integer;)Ljava/lang/Integer;
05-14 15:45:23.286  7861  7861 D M_InsDal: Lcom/fsck/k9/service/BootReceiver;--->buildPendingIntent(Landroid/content/Context;Landroid/content/Intent;)Landroid/app/PendingIntent;
05-14 15:45:23.286  7861  7861 D M_InsDal: Lcom/fsck/k9/helper/K9AlarmManager;--->getAlarmManager(Landroid/content/Context;)Lcom/fsck/k9/helper/K9AlarmManager;
05-14 15:45:23.286  7861  7861 D M_InsDal: Lcom/fsck/k9/power/DozeChecker;---><init>(Landroid/content/Context;)V
05-14 15:45:23.286  7861  7861 D M_InsDal: Lcom/fsck/k9/helper/K9AlarmManager;---><init>(Landroid/app/AlarmManager;Lcom/fsck/k9/power/DozeChecker;)V
05-14 15:45:23.286  7861  7861 D M_InsDal: Lcom/fsck/k9/helper/K9AlarmManager;--->cancel(Landroid/app/PendingIntent;)V
05-14 15:45:23.286  7861  7861 D M_InsDal: Lcom/fsck/k9/service/CoreReceiver;--->releaseWakeLock(Ljava/lang/Integer;)V
05-14 15:45:23.286  7861  7861 D M_InsDal: Lcom/fsck/k9/mail/power/TracingPowerManager$TracingWakeLock;--->release()V
05-14 15:45:23.286  7861  7861 D M_InsDal: Lcom/fsck/k9/mail/K9MailLib;--->isDebug()Z
05-14 15:45:23.286  7861  7861 D M_InsDal: Lcom/fsck/k9/K9$2;--->enabled()Z
05-14 15:45:23.286  7861  7861 D M_InsDal: Lcom/fsck/k9/mail/power/TracingPowerManager$TracingWakeLock;--->cancelNotification()V
05-14 15:45:23.287  7861  7861 D M_InsDal: Lcom/fsck/k9/service/PushService;---><init>()V
05-14 15:45:23.287  7861  7861 D M_InsDal: Lcom/fsck/k9/service/CoreService;---><init>()V
05-14 15:45:23.287  7861  7861 D M_InsDal: Lcom/fsck/k9/service/CoreService;--->onCreate()V
05-14 15:45:23.287  7861  7861 D M_InsDal: Lcom/fsck/k9/service/PushService;--->onCreate()V
05-14 15:45:23.287  7861  7861 D M_InsDal: Lcom/fsck/k9/service/CoreService;--->setAutoShutdown(Z)V
05-14 15:45:23.287  7861  7861 D M_InsDal: Lcom/fsck/k9/service/CoreService;--->onStartCommand(Landroid/content/Intent;II)I
05-14 15:45:23.287  7861  7861 D M_InsDal: Lcom/fsck/k9/service/CoreService;--->acquireWakeLock(Landroid/content/Context;Ljava/lang/String;J)Lcom/fsck/k9/mail/power/TracingPowerManager$TracingWakeLock;
05-14 15:45:23.287  7861  7861 D M_InsDal: Lcom/fsck/k9/mail/power/TracingPowerManager;--->getPowerManager(Landroid/content/Context;)Lcom/fsck/k9/mail/power/TracingPowerManager;
05-14 15:45:23.287  7861  7861 D M_InsDal: Lcom/fsck/k9/mail/power/TracingPowerManager;--->newWakeLock(ILjava/lang/String;)Lcom/fsck/k9/mail/power/TracingPowerManager$TracingWakeLock;
05-14 15:45:23.287  7861  7861 D M_InsDal: Lcom/fsck/k9/mail/power/TracingPowerManager$TracingWakeLock;---><init>(Lcom/fsck/k9/mail/power/TracingPowerManager;ILjava/lang/String;)V
05-14 15:45:23.287  7861  7861 D M_InsDal: Lcom/fsck/k9/mail/K9MailLib;--->isDebug()Z
05-14 15:45:23.287  7861  7861 D M_InsDal: Lcom/fsck/k9/K9$2;--->enabled()Z
05-14 15:45:23.287  7861  7861 D M_InsDal: Lcom/fsck/k9/mail/power/TracingPowerManager$TracingWakeLock;--->setReferenceCounted(Z)V
05-14 15:45:23.287  7861  7861 D M_InsDal: Lcom/fsck/k9/mail/power/TracingPowerManager$TracingWakeLock;--->acquire(J)V
05-14 15:45:23.287  7861  7861 D M_InsDal: Lcom/fsck/k9/mail/K9MailLib;--->isDebug()Z
05-14 15:45:23.287  7861  7861 D M_InsDal: Lcom/fsck/k9/K9$2;--->enabled()Z
05-14 15:45:23.287  7861  7861 D M_InsDal: Lcom/fsck/k9/mail/power/TracingPowerManager$TracingWakeLock;--->raiseNotification()V
05-14 15:45:23.287  7861  7861 D M_InsDal: Lcom/fsck/k9/mail/power/TracingPowerManager$TracingWakeLock;--->release()V
05-14 15:45:23.287  7861  7861 D M_InsDal: Lcom/fsck/k9/mail/K9MailLib;--->isDebug()Z
05-14 15:45:23.287  7861  7861 D M_InsDal: Lcom/fsck/k9/K9$2;--->enabled()Z
05-14 15:45:23.287  7861  7861 D M_InsDal: Lcom/fsck/k9/mail/power/TracingPowerManager$TracingWakeLock;--->cancelNotification()V
05-14 15:45:23.287  7861  7861 D M_InsDal: Lcom/fsck/k9/service/PushService;--->startService(Landroid/content/Intent;I)I
05-14 15:45:23.288  7861  7861 D M_InsDal: Lcom/fsck/k9/mail/power/TracingPowerManager$TracingWakeLock;--->release()V
05-14 15:45:23.288  7861  7861 D M_InsDal: Lcom/fsck/k9/mail/K9MailLib;--->isDebug()Z
05-14 15:45:23.288  7861  7861 D M_InsDal: Lcom/fsck/k9/K9$2;--->enabled()Z
05-14 15:45:23.288  7861  7861 D M_InsDal: Lcom/fsck/k9/mail/power/TracingPowerManager$TracingWakeLock;--->cancelNotification()V
05-14 15:45:23.288  7861  7861 D M_InsDal: Lcom/fsck/k9/service/CoreService;--->onStartCommand(Landroid/content/Intent;II)I
05-14 15:45:23.288  7861  7861 D M_InsDal: Lcom/fsck/k9/service/CoreService;--->acquireWakeLock(Landroid/content/Context;Ljava/lang/String;J)Lcom/fsck/k9/mail/power/TracingPowerManager$TracingWakeLock;
05-14 15:45:23.288  7861  7861 D M_InsDal: Lcom/fsck/k9/mail/power/TracingPowerManager;--->getPowerManager(Landroid/content/Context;)Lcom/fsck/k9/mail/power/TracingPowerManager;
05-14 15:45:23.288  7861  7861 D M_InsDal: Lcom/fsck/k9/mail/power/TracingPowerManager;--->newWakeLock(ILjava/lang/String;)Lcom/fsck/k9/mail/power/TracingPowerManager$TracingWakeLock;
05-14 15:45:23.288  7861  7861 D M_InsDal: Lcom/fsck/k9/mail/power/TracingPowerManager$TracingWakeLock;---><init>(Lcom/fsck/k9/mail/power/TracingPowerManager;ILjava/lang/String;)V
05-14 15:45:23.288  7861  7861 D M_InsDal: Lcom/fsck/k9/mail/K9MailLib;--->isDebug()Z
05-14 15:45:23.288  7861  7861 D M_InsDal: Lcom/fsck/k9/K9$2;--->enabled()Z
05-14 15:45:23.288  7861  7861 D M_InsDal: Lcom/fsck/k9/mail/power/TracingPowerManager$TracingWakeLock;--->setReferenceCounted(Z)V
05-14 15:45:23.288  7861  7861 D M_InsDal: Lcom/fsck/k9/mail/power/TracingPowerManager$TracingWakeLock;--->acquire(J)V
05-14 15:45:23.288  7861  7861 D M_InsDal: Lcom/fsck/k9/mail/K9MailLib;--->isDebug()Z
05-14 15:45:23.288  7861  7861 D M_InsDal: Lcom/fsck/k9/K9$2;--->enabled()Z
05-14 15:45:23.288  7861  7861 D M_InsDal: Lcom/fsck/k9/mail/power/TracingPowerManager$TracingWakeLock;--->raiseNotification()V
05-14 15:45:23.288  7861  7861 D M_InsDal: Lcom/fsck/k9/mail/power/TracingPowerManager$TracingWakeLock;--->release()V
05-14 15:45:23.288  7861  7861 D M_InsDal: Lcom/fsck/k9/mail/K9MailLib;--->isDebug()Z
05-14 15:45:23.288  7861  7861 D M_InsDal: Lcom/fsck/k9/K9$2;--->enabled()Z
05-14 15:45:23.288  7861  7861 D M_InsDal: Lcom/fsck/k9/mail/power/TracingPowerManager$TracingWakeLock;--->cancelNotification()V
05-14 15:45:23.288  7861  7861 D M_InsDal: Lcom/fsck/k9/service/PushService;--->startService(Landroid/content/Intent;I)I
05-14 15:45:23.288  7861  7861 D M_InsDal: Lcom/fsck/k9/mail/power/TracingPowerManager$TracingWakeLock;--->release()V
05-14 15:45:23.288  7861  7861 D M_InsDal: Lcom/fsck/k9/mail/K9MailLib;--->isDebug()Z
05-14 15:45:23.288  7861  7861 D M_InsDal: Lcom/fsck/k9/K9$2;--->enabled()Z
05-14 15:45:23.288  7861  7861 D M_InsDal: Lcom/fsck/k9/mail/power/TracingPowerManager$TracingWakeLock;--->cancelNotification()V
05-14 15:45:23.289  7861  7861 D M_InsDal: Lcom/fsck/k9/service/MailService;--->onDestroy()V
05-14 15:45:23.289  7861  7861 D M_InsDal: Lcom/fsck/k9/service/CoreService;--->onDestroy()V
05-14 15:45:23.289  7861  7861 D M_InsDal: Lcom/fsck/k9/activity/Accounts$AccountsHandler$2;--->run()V
05-14 15:45:23.289  7861  7861 D M_InsDal: Lcom/fsck/k9/activity/Accounts$AccountsHandler$6;--->run()V
05-14 15:45:23.289  7861  7861 D M_InsDal: Lcom/fsck/k9/activity/Accounts$AccountsHandler$2;--->run()V
05-14 15:45:23.290  7861  7861 D M_InsDal: Lcom/fsck/k9/activity/Accounts$AccountsHandler$6;--->run()V
05-14 15:45:23.300  7861  7885 D M_InsDal: Lcom/fsck/k9/mail/store/imap/ImapConnection;--->configureSocket()V
05-14 15:45:23.300  7861  7886 D M_InsDal: Lcom/fsck/k9/mail/store/imap/ImapConnection;--->configureSocket()V
05-14 15:45:23.300  7861  7885 D M_InsDal: Lcom/fsck/k9/mail/store/imap/ImapConnection;--->setUpStreamsAndParserFromSocket()V
05-14 15:45:23.300  7861  7886 D M_InsDal: Lcom/fsck/k9/mail/store/imap/ImapConnection;--->setUpStreamsAndParserFromSocket()V
05-14 15:45:23.302  7861  7861 D M_InsDal: Lcom/fsck/k9/activity/Accounts$AccountsAdapter;--->getView(ILandroid/view/View;Landroid/view/ViewGroup;)Landroid/view/View;
05-14 15:45:23.305  7861  7861 D M_InsDal: Lcom/fsck/k9/activity/Accounts$AccountsAdapter$AccountViewHolder;---><init>(Lcom/fsck/k9/activity/Accounts$AccountsAdapter;)V
05-14 15:45:23.306  7861  7861 D M_InsDal: Lcom/fsck/k9/search/SearchAccount;--->getUuid()Ljava/lang/String;
05-14 15:45:23.306  7861  7861 D M_InsDal: Lcom/fsck/k9/search/SearchAccount;--->getEmail()Ljava/lang/String;
05-14 15:45:23.306  7861  7861 D M_InsDal: Lcom/fsck/k9/search/SearchAccount;--->getDescription()Ljava/lang/String;
05-14 15:45:23.306  7861  7861 D M_InsDal: Lcom/fsck/k9/search/SearchAccount;--->getEmail()Ljava/lang/String;
05-14 15:45:23.306  7861  7861 D M_InsDal: Lcom/fsck/k9/search/SearchAccount;--->getDescription()Ljava/lang/String;
05-14 15:45:23.306  7861  7861 D M_InsDal: Lcom/fsck/k9/K9;--->messageListStars()Z
05-14 15:45:23.306  7861  7861 D M_InsDal: Lcom/fsck/k9/activity/Accounts$AccountsAdapter;--->createFlaggedSearchListener(Lcom/fsck/k9/BaseAccount;)Landroid/view/View$OnClickListener;
05-14 15:45:23.306  7861  7861 D M_InsDal: Lcom/fsck/k9/search/SearchAccount;--->getDescription()Ljava/lang/String;
05-14 15:45:23.306  7861  7861 D M_InsDal: Lcom/fsck/k9/search/SearchAccount;--->getRelatedSearch()Lcom/fsck/k9/search/LocalSearch;
05-14 15:45:23.306  7861  7861 D M_InsDal: Lcom/fsck/k9/search/LocalSearch;--->clone()Lcom/fsck/k9/search/LocalSearch;
05-14 15:45:23.306  7861  7861 D M_InsDal: Lcom/fsck/k9/search/ConditionsTreeNode;--->cloneTree()Lcom/fsck/k9/search/ConditionsTreeNode;
05-14 15:45:23.306  7861  7861 D M_InsDal: Lcom/fsck/k9/search/SearchSpecification$SearchCondition;--->clone()Lcom/fsck/k9/search/SearchSpecification$SearchCondition;
05-14 15:45:23.306  7861  7861 D M_InsDal: Lcom/fsck/k9/search/SearchSpecification$SearchCondition;---><init>(Lcom/fsck/k9/search/SearchSpecification$SearchField;Lcom/fsck/k9/search/SearchSpecification$Attribute;Ljava/lang/String;)V
05-14 15:45:23.306  7861  7861 D M_InsDal: Lcom/fsck/k9/search/ConditionsTreeNode;---><init>(Lcom/fsck/k9/search/SearchSpecification$SearchCondition;)V
05-14 15:45:23.306  7861  7861 D M_InsDal: Lcom/fsck/k9/search/LocalSearch;---><init>(Ljava/lang/String;Lcom/fsck/k9/search/ConditionsTreeNode;Ljava/lang/String;Z)V
05-14 15:45:23.306  7861  7861 D M_InsDal: Lcom/fsck/k9/search/LocalSearch;---><init>(Ljava/lang/String;)V
05-14 15:45:23.306  7861  7861 D M_InsDal: Lcom/fsck/k9/search/ConditionsTreeNode;--->getLeafSet()Ljava/util/Set;
05-14 15:45:23.306  7861  7861 D M_InsDal: Lcom/fsck/k9/search/ConditionsTreeNode;--->getLeafSet(Ljava/util/Set;)Ljava/util/Set;
05-14 15:45:23.306  7861  7861 D M_InsDal: Lcom/fsck/k9/search/LocalSearch;--->setName(Ljava/lang/String;)V
05-14 15:45:23.306  7861  7861 D M_InsDal: Lcom/fsck/k9/search/LocalSearch;--->and(Lcom/fsck/k9/search/SearchSpecification$SearchField;Ljava/lang/String;Lcom/fsck/k9/search/SearchSpecification$Attribute;)V
05-14 15:45:23.306  7861  7861 D M_InsDal: Lcom/fsck/k9/search/SearchSpecification$SearchCondition;---><init>(Lcom/fsck/k9/search/SearchSpecification$SearchField;Lcom/fsck/k9/search/SearchSpecification$Attribute;Ljava/lang/String;)V
05-14 15:45:23.306  7861  7861 D M_InsDal: Lcom/fsck/k9/search/LocalSearch;--->and(Lcom/fsck/k9/search/SearchSpecification$SearchCondition;)Lcom/fsck/k9/search/ConditionsTreeNode;
05-14 15:45:23.306  7861  7861 D M_InsDal: Lcom/fsck/k9/search/ConditionsTreeNode;---><init>(Lcom/fsck/k9/search/SearchSpecification$SearchCondition;)V
05-14 15:45:23.306  7861  7861 D M_InsDal: Lcom/fsck/k9/search/LocalSearch;--->and(Lcom/fsck/k9/search/ConditionsTreeNode;)Lcom/fsck/k9/search/ConditionsTreeNode;
05-14 15:45:23.306  7861  7861 D M_InsDal: Lcom/fsck/k9/search/ConditionsTreeNode;--->getLeafSet()Ljava/util/Set;
05-14 15:45:23.306  7861  7861 D M_InsDal: Lcom/fsck/k9/search/ConditionsTreeNode;--->getLeafSet(Ljava/util/Set;)Ljava/util/Set;
05-14 15:45:23.306  7861  7861 D M_InsDal: Lcom/fsck/k9/search/ConditionsTreeNode;--->and(Lcom/fsck/k9/search/ConditionsTreeNode;)Lcom/fsck/k9/search/ConditionsTreeNode;
05-14 15:45:23.306  7861  7861 D M_InsDal: Lcom/fsck/k9/search/ConditionsTreeNode;--->add(Lcom/fsck/k9/search/ConditionsTreeNode;Lcom/fsck/k9/search/ConditionsTreeNode$Operator;)Lcom/fsck/k9/search/ConditionsTreeNode;
05-14 15:45:23.306  7861  7861 D M_InsDal: Lcom/fsck/k9/search/ConditionsTreeNode;---><init>(Lcom/fsck/k9/search/ConditionsTreeNode;Lcom/fsck/k9/search/ConditionsTreeNode$Operator;)V
05-14 15:45:23.306  7861  7861 D M_InsDal: Lcom/fsck/k9/activity/Accounts$AccountClickListener;---><init>(Lcom/fsck/k9/activity/Accounts;Lcom/fsck/k9/search/LocalSearch;)V
05-14 15:45:23.306  7861  7861 D M_InsDal: Lcom/fsck/k9/activity/Accounts$AccountsAdapter;--->createUnreadSearchListener(Lcom/fsck/k9/BaseAccount;)Landroid/view/View$OnClickListener;
05-14 15:45:23.306  7861  7861 D M_InsDal: Lcom/fsck/k9/activity/Accounts;--->createUnreadSearch(Landroid/content/Context;Lcom/fsck/k9/BaseAccount;)Lcom/fsck/k9/search/LocalSearch;
05-14 15:45:23.306  7861  7861 D M_InsDal: Lcom/fsck/k9/search/SearchAccount;--->getDescription()Ljava/lang/String;
05-14 15:45:23.306  7861  7861 D M_InsDal: Lcom/fsck/k9/search/SearchAccount;--->getRelatedSearch()Lcom/fsck/k9/search/LocalSearch;
05-14 15:45:23.306  7861  7861 D M_InsDal: Lcom/fsck/k9/search/LocalSearch;--->clone()Lcom/fsck/k9/search/LocalSearch;
05-14 15:45:23.306  7861  7861 D M_InsDal: Lcom/fsck/k9/search/ConditionsTreeNode;--->cloneTree()Lcom/fsck/k9/search/ConditionsTreeNode;
05-14 15:45:23.306  7861  7861 D M_InsDal: Lcom/fsck/k9/search/SearchSpecification$SearchCondition;--->clone()Lcom/fsck/k9/search/SearchSpecification$SearchCondition;
05-14 15:45:23.306  7861  7861 D M_InsDal: Lcom/fsck/k9/search/SearchSpecification$SearchCondition;---><init>(Lcom/fsck/k9/search/SearchSpecification$SearchField;Lcom/fsck/k9/search/SearchSpecification$Attribute;Ljava/lang/String;)V
05-14 15:45:23.306  7861  7861 D M_InsDal: Lcom/fsck/k9/search/ConditionsTreeNode;---><init>(Lcom/fsck/k9/search/SearchSpecification$SearchCondition;)V
05-14 15:45:23.306  7861  7861 D M_InsDal: Lcom/fsck/k9/search/LocalSearch;---><init>(Ljava/lang/String;Lcom/fsck/k9/search/ConditionsTreeNode;Ljava/lang/String;Z)V
05-14 15:45:23.306  7861  7861 D M_InsDal: Lcom/fsck/k9/search/LocalSearch;---><init>(Ljava/lang/String;)V
05-14 15:45:23.306  7861  7861 D M_InsDal: Lcom/fsck/k9/search/ConditionsTreeNode;--->getLeafSet()Ljava/util/Set;
05-14 15:45:23.306  7861  7861 D M_InsDal: Lcom/fsck/k9/search/ConditionsTreeNode;--->getLeafSet(Ljava/util/Set;)Ljava/util/Set;
05-14 15:45:23.306  7861  7861 D M_InsDal: Lcom/fsck/k9/search/LocalSearch;--->setName(Ljava/lang/String;)V
05-14 15:45:23.306  7861  7861 D M_InsDal: Lcom/fsck/k9/search/LocalSearch;--->and(Lcom/fsck/k9/search/SearchSpecification$SearchField;Ljava/lang/String;Lcom/fsck/k9/search/SearchSpecification$Attribute;)V
05-14 15:45:23.306  7861  7861 D M_InsDal: Lcom/fsck/k9/search/SearchSpecification$SearchCondition;---><init>(Lcom/fsck/k9/search/SearchSpecification$SearchField;Lcom/fsck/k9/search/SearchSpecification$Attribute;Ljava/lang/String;)V
05-14 15:45:23.306  7861  7861 D M_InsDal: Lcom/fsck/k9/search/LocalSearch;--->and(Lcom/fsck/k9/search/SearchSpecification$SearchCondition;)Lcom/fsck/k9/search/ConditionsTreeNode;
05-14 15:45:23.306  7861  7861 D M_InsDal: Lcom/fsck/k9/search/ConditionsTreeNode;---><init>(Lcom/fsck/k9/search/SearchSpecification$SearchCondition;)V
05-14 15:45:23.306  7861  7861 D M_InsDal: Lcom/fsck/k9/search/LocalSearch;--->and(Lcom/fsck/k9/search/ConditionsTreeNode;)Lcom/fsck/k9/search/ConditionsTreeNode;
05-14 15:45:23.306  7861  7861 D M_InsDal: Lcom/fsck/k9/search/ConditionsTreeNode;--->getLeafSet()Ljava/util/Set;
05-14 15:45:23.306  7861  7861 D M_InsDal: Lcom/fsck/k9/search/ConditionsTreeNode;--->getLeafSet(Ljava/util/Set;)Ljava/util/Set;
05-14 15:45:23.306  7861  7861 D M_InsDal: Lcom/fsck/k9/search/ConditionsTreeNode;--->and(Lcom/fsck/k9/search/ConditionsTreeNode;)Lcom/fsck/k9/search/ConditionsTreeNode;
05-14 15:45:23.306  7861  7861 D M_InsDal: Lcom/fsck/k9/search/ConditionsTreeNode;--->add(Lcom/fsck/k9/search/ConditionsTreeNode;Lcom/fsck/k9/search/ConditionsTreeNode$Operator;)Lcom/fsck/k9/search/ConditionsTreeNode;
05-14 15:45:23.306  7861  7861 D M_InsDal: Lcom/fsck/k9/search/ConditionsTreeNode;---><init>(Lcom/fsck/k9/search/ConditionsTreeNode;Lcom/fsck/k9/search/ConditionsTreeNode$Operator;)V
05-14 15:45:23.306  7861  7861 D M_InsDal: Lcom/fsck/k9/activity/Accounts$AccountClickListener;---><init>(Lcom/fsck/k9/activity/Accounts;Lcom/fsck/k9/search/LocalSearch;)V
05-14 15:45:23.306  7861  7861 D M_InsDal: Lcom/fsck/k9/activity/Accounts$AccountsAdapter$1;---><init>(Lcom/fsck/k9/activity/Accounts$AccountsAdapter;)V
05-14 15:45:23.306  7861  7861 D M_InsDal: Lcom/fsck/k9/view/ColorChip;---><init>(IZLandroid/graphics/Path;)V
05-14 15:45:23.306  7861  7861 D M_InsDal: Lcom/fsck/k9/view/ColorChip;--->drawable()Landroid/graphics/drawable/ShapeDrawable;
05-14 15:45:23.306  7861  7861 D M_InsDal: Lcom/fsck/k9/view/ColorChip;---><init>(IZLandroid/graphics/Path;)V
05-14 15:45:23.306  7861  7861 D M_InsDal: Lcom/fsck/k9/view/ColorChip;--->drawable()Landroid/graphics/drawable/ShapeDrawable;
05-14 15:45:23.306  7861  7861 D M_InsDal: Lcom/fsck/k9/FontSizes;--->getAccountName()I
05-14 15:45:23.306  7861  7861 D M_InsDal: Lcom/fsck/k9/FontSizes;--->setViewTextSize(Landroid/widget/TextView;I)V
05-14 15:45:23.306  7861  7861 D M_InsDal: Lcom/fsck/k9/FontSizes;--->getAccountDescription()I
05-14 15:45:23.306  7861  7861 D M_InsDal: Lcom/fsck/k9/FontSizes;--->setViewTextSize(Landroid/widget/TextView;I)V
05-14 15:45:23.308  7861  7861 D M_InsDal: Lcom/fsck/k9/activity/Accounts$AccountsAdapter;--->getView(ILandroid/view/View;Landroid/view/ViewGroup;)Landroid/view/View;
05-14 15:45:23.310  7861  7861 D M_InsDal: Lcom/fsck/k9/activity/Accounts$AccountsAdapter$AccountViewHolder;---><init>(Lcom/fsck/k9/activity/Accounts$AccountsAdapter;)V
05-14 15:45:23.310  7861  7861 D M_InsDal: Lcom/fsck/k9/search/SearchAccount;--->getUuid()Ljava/lang/String;
05-14 15:45:23.310  7861  7861 D M_InsDal: Lcom/fsck/k9/search/SearchAccount;--->getEmail()Ljava/lang/String;
05-14 15:45:23.310  7861  7861 D M_InsDal: Lcom/fsck/k9/search/SearchAccount;--->getDescription()Ljava/lang/String;
05-14 15:45:23.310  7861  7861 D M_InsDal: Lcom/fsck/k9/search/SearchAccount;--->getEmail()Ljava/lang/String;
05-14 15:45:23.310  7861  7861 D M_InsDal: Lcom/fsck/k9/search/SearchAccount;--->getDescription()Ljava/lang/String;
05-14 15:45:23.310  7861  7861 D M_InsDal: Lcom/fsck/k9/K9;--->messageListStars()Z
05-14 15:45:23.311  7861  7861 D M_InsDal: Lcom/fsck/k9/activity/Accounts$AccountsAdapter;--->createFlaggedSearchListener(Lcom/fsck/k9/BaseAccount;)Landroid/view/View$OnClickListener;
05-14 15:45:23.311  7861  7861 D M_InsDal: Lcom/fsck/k9/search/SearchAccount;--->getDescription()Ljava/lang/String;
05-14 15:45:23.311  7861  7861 D M_InsDal: Lcom/fsck/k9/search/SearchAccount;--->getRelatedSearch()Lcom/fsck/k9/search/LocalSearch;
05-14 15:45:23.311  7861  7861 D M_InsDal: Lcom/fsck/k9/search/LocalSearch;--->clone()Lcom/fsck/k9/search/LocalSearch;
05-14 15:45:23.311  7861  7861 D M_InsDal: Lcom/fsck/k9/search/ConditionsTreeNode;--->cloneTree()Lcom/fsck/k9/search/ConditionsTreeNode;
05-14 15:45:23.311  7861  7861 D M_InsDal: Lcom/fsck/k9/search/SearchSpecification$SearchCondition;--->clone()Lcom/fsck/k9/search/SearchSpecification$SearchCondition;
05-14 15:45:23.311  7861  7861 D M_InsDal: Lcom/fsck/k9/search/SearchSpecification$SearchCondition;---><init>(Lcom/fsck/k9/search/SearchSpecification$SearchField;Lcom/fsck/k9/search/SearchSpecification$Attribute;Ljava/lang/String;)V
05-14 15:45:23.311  7861  7861 D M_InsDal: Lcom/fsck/k9/search/ConditionsTreeNode;---><init>(Lcom/fsck/k9/search/SearchSpecification$SearchCondition;)V
05-14 15:45:23.311  7861  7861 D M_InsDal: Lcom/fsck/k9/search/LocalSearch;---><init>(Ljava/lang/String;Lcom/fsck/k9/search/ConditionsTreeNode;Ljava/lang/String;Z)V
05-14 15:45:23.311  7861  7861 D M_InsDal: Lcom/fsck/k9/search/LocalSearch;---><init>(Ljava/lang/String;)V
05-14 15:45:23.311  7861  7861 D M_InsDal: Lcom/fsck/k9/search/ConditionsTreeNode;--->getLeafSet()Ljava/util/Set;
05-14 15:45:23.311  7861  7861 D M_InsDal: Lcom/fsck/k9/search/ConditionsTreeNode;--->getLeafSet(Ljava/util/Set;)Ljava/util/Set;
05-14 15:45:23.311  7861  7861 D M_InsDal: Lcom/fsck/k9/search/LocalSearch;--->setName(Ljava/lang/String;)V
05-14 15:45:23.311  7861  7861 D M_InsDal: Lcom/fsck/k9/search/LocalSearch;--->and(Lcom/fsck/k9/search/SearchSpecification$SearchField;Ljava/lang/String;Lcom/fsck/k9/search/SearchSpecification$Attribute;)V
05-14 15:45:23.311  7861  7861 D M_InsDal: Lcom/fsck/k9/search/SearchSpecification$SearchCondition;---><init>(Lcom/fsck/k9/search/SearchSpecification$SearchField;Lcom/fsck/k9/search/SearchSpecification$Attribute;Ljava/lang/String;)V
05-14 15:45:23.311  7861  7861 D M_InsDal: Lcom/fsck/k9/search/LocalSearch;--->and(Lcom/fsck/k9/search/SearchSpecification$SearchCondition;)Lcom/fsck/k9/search/ConditionsTreeNode;
05-14 15:45:23.311  7861  7861 D M_InsDal: Lcom/fsck/k9/search/ConditionsTreeNode;---><init>(Lcom/fsck/k9/search/SearchSpecification$SearchCondition;)V
05-14 15:45:23.311  7861  7861 D M_InsDal: Lcom/fsck/k9/search/LocalSearch;--->and(Lcom/fsck/k9/search/ConditionsTreeNode;)Lcom/fsck/k9/search/ConditionsTreeNode;
05-14 15:45:23.311  7861  7861 D M_InsDal: Lcom/fsck/k9/search/ConditionsTreeNode;--->getLeafSet()Ljava/util/Set;
05-14 15:45:23.311  7861  7861 D M_InsDal: Lcom/fsck/k9/search/ConditionsTreeNode;--->getLeafSet(Ljava/util/Set;)Ljava/util/Set;
05-14 15:45:23.311  7861  7861 D M_InsDal: Lcom/fsck/k9/search/ConditionsTreeNode;--->and(Lcom/fsck/k9/search/ConditionsTreeNode;)Lcom/fsck/k9/search/ConditionsTreeNode;
05-14 15:45:23.311  7861  7861 D M_InsDal: Lcom/fsck/k9/search/ConditionsTreeNode;--->add(Lcom/fsck/k9/search/ConditionsTreeNode;Lcom/fsck/k9/search/ConditionsTreeNode$Operator;)Lcom/fsck/k9/search/ConditionsTreeNode;
05-14 15:45:23.311  7861  7861 D M_InsDal: Lcom/fsck/k9/search/ConditionsTreeNode;---><init>(Lcom/fsck/k9/search/ConditionsTreeNode;Lcom/fsck/k9/search/ConditionsTreeNode$Operator;)V
05-14 15:45:23.311  7861  7861 D M_InsDal: Lcom/fsck/k9/activity/Accounts$AccountClickListener;---><init>(Lcom/fsck/k9/activity/Accounts;Lcom/fsck/k9/search/LocalSearch;)V
05-14 15:45:23.311  7861  7861 D M_InsDal: Lcom/fsck/k9/activity/Accounts$AccountsAdapter;--->createUnreadSearchListener(Lcom/fsck/k9/BaseAccount;)Landroid/view/View$OnClickListener;
05-14 15:45:23.311  7861  7861 D M_InsDal: Lcom/fsck/k9/activity/Accounts;--->createUnreadSearch(Landroid/content/Context;Lcom/fsck/k9/BaseAccount;)Lcom/fsck/k9/search/LocalSearch;
05-14 15:45:23.311  7861  7861 D M_InsDal: Lcom/fsck/k9/search/SearchAccount;--->getDescription()Ljava/lang/String;
05-14 15:45:23.311  7861  7861 D M_InsDal: Lcom/fsck/k9/search/SearchAccount;--->getRelatedSearch()Lcom/fsck/k9/search/LocalSearch;
05-14 15:45:23.311  7861  7861 D M_InsDal: Lcom/fsck/k9/search/LocalSearch;--->clone()Lcom/fsck/k9/search/LocalSearch;
05-14 15:45:23.311  7861  7861 D M_InsDal: Lcom/fsck/k9/search/ConditionsTreeNode;--->cloneTree()Lcom/fsck/k9/search/ConditionsTreeNode;
05-14 15:45:23.311  7861  7861 D M_InsDal: Lcom/fsck/k9/search/SearchSpecification$SearchCondition;--->clone()Lcom/fsck/k9/search/SearchSpecification$SearchCondition;
05-14 15:45:23.311  7861  7861 D M_InsDal: Lcom/fsck/k9/search/SearchSpecification$SearchCondition;---><init>(Lcom/fsck/k9/search/SearchSpecification$SearchField;Lcom/fsck/k9/search/SearchSpecification$Attribute;Ljava/lang/String;)V
05-14 15:45:23.311  7861  7861 D M_InsDal: Lcom/fsck/k9/search/ConditionsTreeNode;---><init>(Lcom/fsck/k9/search/SearchSpecification$SearchCondition;)V
05-14 15:45:23.311  7861  7861 D M_InsDal: Lcom/fsck/k9/search/LocalSearch;---><init>(Ljava/lang/String;Lcom/fsck/k9/search/ConditionsTreeNode;Ljava/lang/String;Z)V
05-14 15:45:23.311  7861  7861 D M_InsDal: Lcom/fsck/k9/search/LocalSearch;---><init>(Ljava/lang/String;)V
05-14 15:45:23.311  7861  7861 D M_InsDal: Lcom/fsck/k9/search/ConditionsTreeNode;--->getLeafSet()Ljava/util/Set;
05-14 15:45:23.311  7861  7861 D M_InsDal: Lcom/fsck/k9/search/ConditionsTreeNode;--->getLeafSet(Ljava/util/Set;)Ljava/util/Set;
05-14 15:45:23.311  7861  7861 D M_InsDal: Lcom/fsck/k9/search/LocalSearch;--->setName(Ljava/lang/String;)V
05-14 15:45:23.311  7861  7861 D M_InsDal: Lcom/fsck/k9/search/LocalSearch;--->and(Lcom/fsck/k9/search/SearchSpecification$SearchField;Ljava/lang/String;Lcom/fsck/k9/search/SearchSpecification$Attribute;)V
05-14 15:45:23.311  7861  7861 D M_InsDal: Lcom/fsck/k9/search/SearchSpecification$SearchCondition;---><init>(Lcom/fsck/k9/search/SearchSpecification$SearchField;Lcom/fsck/k9/search/SearchSpecification$Attribute;Ljava/lang/String;)V
05-14 15:45:23.311  7861  7861 D M_InsDal: Lcom/fsck/k9/search/LocalSearch;--->and(Lcom/fsck/k9/search/SearchSpecification$SearchCondition;)Lcom/fsck/k9/search/ConditionsTreeNode;
05-14 15:45:23.311  7861  7861 D M_InsDal: Lcom/fsck/k9/search/ConditionsTreeNode;---><init>(Lcom/fsck/k9/search/SearchSpecification$SearchCondition;)V
05-14 15:45:23.311  7861  7861 D M_InsDal: Lcom/fsck/k9/search/LocalSearch;--->and(Lcom/fsck/k9/search/ConditionsTreeNode;)Lcom/fsck/k9/search/ConditionsTreeNode;
05-14 15:45:23.311  7861  7861 D M_InsDal: Lcom/fsck/k9/search/ConditionsTreeNode;--->getLeafSet()Ljava/util/Set;
05-14 15:45:23.311  7861  7861 D M_InsDal: Lcom/fsck/k9/search/ConditionsTreeNode;--->getLeafSet(Ljava/util/Set;)Ljava/util/Set;
05-14 15:45:23.311  7861  7861 D M_InsDal: Lcom/fsck/k9/search/ConditionsTreeNode;--->and(Lcom/fsck/k9/search/ConditionsTreeNode;)Lcom/fsck/k9/search/ConditionsTreeNode;
05-14 15:45:23.311  7861  7861 D M_InsDal: Lcom/fsck/k9/search/ConditionsTreeNode;--->add(Lcom/fsck/k9/search/ConditionsTreeNode;Lcom/fsck/k9/search/ConditionsTreeNode$Operator;)Lcom/fsck/k9/search/ConditionsTreeNode;
05-14 15:45:23.311  7861  7861 D M_InsDal: Lcom/fsck/k9/search/ConditionsTreeNode;---><init>(Lcom/fsck/k9/search/ConditionsTreeNode;Lcom/fsck/k9/search/ConditionsTreeNode$Operator;)V
05-14 15:45:23.311  7861  7861 D M_InsDal: Lcom/fsck/k9/activity/Accounts$AccountClickListener;---><init>(Lcom/fsck/k9/activity/Accounts;Lcom/fsck/k9/search/LocalSearch;)V
05-14 15:45:23.311  7861  7861 D M_InsDal: Lcom/fsck/k9/activity/Accounts$AccountsAdapter$1;---><init>(Lcom/fsck/k9/activity/Accounts$AccountsAdapter;)V
05-14 15:45:23.311  7861  7861 D M_InsDal: Lcom/fsck/k9/view/ColorChip;---><init>(IZLandroid/graphics/Path;)V
05-14 15:45:23.311  7861  7861 D M_InsDal: Lcom/fsck/k9/view/ColorChip;--->drawable()Landroid/graphics/drawable/ShapeDrawable;
05-14 15:45:23.311  7861  7861 D M_InsDal: Lcom/fsck/k9/view/ColorChip;---><init>(IZLandroid/graphics/Path;)V
05-14 15:45:23.311  7861  7861 D M_InsDal: Lcom/fsck/k9/view/ColorChip;--->drawable()Landroid/graphics/drawable/ShapeDrawable;
05-14 15:45:23.311  7861  7861 D M_InsDal: Lcom/fsck/k9/FontSizes;--->getAccountName()I
05-14 15:45:23.311  7861  7861 D M_InsDal: Lcom/fsck/k9/FontSizes;--->setViewTextSize(Landroid/widget/TextView;I)V
05-14 15:45:23.311  7861  7861 D M_InsDal: Lcom/fsck/k9/FontSizes;--->getAccountDescription()I
05-14 15:45:23.311  7861  7861 D M_InsDal: Lcom/fsck/k9/FontSizes;--->setViewTextSize(Landroid/widget/TextView;I)V
05-14 15:45:23.312  7861  7861 D M_InsDal: Lcom/fsck/k9/activity/Accounts$AccountsAdapter;--->getView(ILandroid/view/View;Landroid/view/ViewGroup;)Landroid/view/View;
05-14 15:45:23.313  7861  7861 D M_InsDal: Lcom/fsck/k9/activity/Accounts$AccountsAdapter$AccountViewHolder;---><init>(Lcom/fsck/k9/activity/Accounts$AccountsAdapter;)V
05-14 15:45:23.313  7861  7861 D M_InsDal: Lcom/fsck/k9/Account;--->getUuid()Ljava/lang/String;
05-14 15:45:23.313  7861  7861 D M_InsDal: Lcom/fsck/k9/helper/SizeFormatter;--->formatSize(Landroid/content/Context;J)Ljava/lang/String;
05-14 15:45:23.313  7861  7861 D M_InsDal: Lcom/fsck/k9/Account;--->getDescription()Ljava/lang/String;
05-14 15:45:23.313  7861  7861 D M_InsDal: Lcom/fsck/k9/K9;--->messageListStars()Z
05-14 15:45:23.313  7861  7861 D M_InsDal: Lcom/fsck/k9/activity/Accounts$AccountsAdapter;--->createFlaggedSearchListener(Lcom/fsck/k9/BaseAccount;)Landroid/view/View$OnClickListener;
05-14 15:45:23.313  7861  7861 D M_InsDal: Lcom/fsck/k9/Account;--->getDescription()Ljava/lang/String;
05-14 15:45:23.313  7861  7861 D M_InsDal: Lcom/fsck/k9/search/LocalSearch;---><init>(Ljava/lang/String;)V
05-14 15:45:23.313  7861  7861 D M_InsDal: Lcom/fsck/k9/Account;--->getUuid()Ljava/lang/String;
05-14 15:45:23.313  7861  7861 D M_InsDal: Lcom/fsck/k9/search/LocalSearch;--->addAccountUuid(Ljava/lang/String;)V
05-14 15:45:23.313  7861  7861 D M_InsDal: Lcom/fsck/k9/Account;--->excludeSpecialFolders(Lcom/fsck/k9/search/LocalSearch;)V
05-14 15:45:23.313  7861  7861 D M_InsDal: Lcom/fsck/k9/Account;--->getTrashFolderName()Ljava/lang/String;
05-14 15:45:23.313  7861  7861 D M_InsDal: Lcom/fsck/k9/Account;--->excludeSpecialFolder(Lcom/fsck/k9/search/LocalSearch;Ljava/lang/String;)V
05-14 15:45:23.313  7861  7861 D M_InsDal: Lcom/fsck/k9/search/LocalSearch;--->and(Lcom/fsck/k9/search/SearchSpecification$SearchField;Ljava/lang/String;Lcom/fsck/k9/search/SearchSpecification$Attribute;)V
05-14 15:45:23.313  7861  7861 D M_InsDal: Lcom/fsck/k9/search/SearchSpecification$SearchCondition;---><init>(Lcom/fsck/k9/search/SearchSpecification$SearchField;Lcom/fsck/k9/search/SearchSpecification$Attribute;Ljava/lang/String;)V
05-14 15:45:23.313  7861  7861 D M_InsDal: Lcom/fsck/k9/search/LocalSearch;--->and(Lcom/fsck/k9/search/SearchSpecification$SearchCondition;)Lcom/fsck/k9/search/ConditionsTreeNode;
05-14 15:45:23.313  7861  7861 D M_InsDal: Lcom/fsck/k9/search/ConditionsTreeNode;---><init>(Lcom/fsck/k9/search/SearchSpecification$SearchCondition;)V
05-14 15:45:23.313  7861  7861 D M_InsDal: Lcom/fsck/k9/search/LocalSearch;--->and(Lcom/fsck/k9/search/ConditionsTreeNode;)Lcom/fsck/k9/search/ConditionsTreeNode;
05-14 15:45:23.313  7861  7861 D M_InsDal: Lcom/fsck/k9/search/ConditionsTreeNode;--->getLeafSet()Ljava/util/Set;
05-14 15:45:23.313  7861  7861 D M_InsDal: Lcom/fsck/k9/search/ConditionsTreeNode;--->getLeafSet(Ljava/util/Set;)Ljava/util/Set;
05-14 15:45:23.313  7861  7861 D M_InsDal: Lcom/fsck/k9/Account;--->getDraftsFolderName()Ljava/lang/String;
05-14 15:45:23.313  7861  7861 D M_InsDal: Lcom/fsck/k9/Account;--->excludeSpecialFolder(Lcom/fsck/k9/search/LocalSearch;Ljava/lang/String;)V
05-14 15:45:23.313  7861  7861 D M_InsDal: Lcom/fsck/k9/search/LocalSearch;--->and(Lcom/fsck/k9/search/SearchSpecification$SearchField;Ljava/lang/String;Lcom/fsck/k9/search/SearchSpecification$Attribute;)V
05-14 15:45:23.313  7861  7861 D M_InsDal: Lcom/fsck/k9/search/SearchSpecification$SearchCondition;---><init>(Lcom/fsck/k9/search/SearchSpecification$SearchField;Lcom/fsck/k9/search/SearchSpecification$Attribute;Ljava/lang/String;)V
05-14 15:45:23.313  7861  7861 D M_InsDal: Lcom/fsck/k9/search/LocalSearch;--->and(Lcom/fsck/k9/search/SearchSpecification$SearchCondition;)Lcom/fsck/k9/search/ConditionsTreeNode;
05-14 15:45:23.313  7861  7861 D M_InsDal: Lcom/fsck/k9/search/ConditionsTreeNode;---><init>(Lcom/fsck/k9/search/SearchSpecification$SearchCondition;)V
05-14 15:45:23.313  7861  7861 D M_InsDal: Lcom/fsck/k9/search/LocalSearch;--->and(Lcom/fsck/k9/search/ConditionsTreeNode;)Lcom/fsck/k9/search/ConditionsTreeNode;
05-14 15:45:23.313  7861  7861 D M_InsDal: Lcom/fsck/k9/search/ConditionsTreeNode;--->getLeafSet()Ljava/util/Set;
05-14 15:45:23.313  7861  7861 D M_InsDal: Lcom/fsck/k9/search/ConditionsTreeNode;--->getLeafSet(Ljava/util/Set;)Ljava/util/Set;
05-14 15:45:23.313  7861  7861 D M_InsDal: Lcom/fsck/k9/search/ConditionsTreeNode;--->and(Lcom/fsck/k9/search/ConditionsTreeNode;)Lcom/fsck/k9/search/ConditionsTreeNode;
05-14 15:45:23.313  7861  7861 D M_InsDal: Lcom/fsck/k9/search/ConditionsTreeNode;--->add(Lcom/fsck/k9/search/ConditionsTreeNode;Lcom/fsck/k9/search/ConditionsTreeNode$Operator;)Lcom/fsck/k9/search/ConditionsTreeNode;
05-14 15:45:23.313  7861  7861 D M_InsDal: Lcom/fsck/k9/search/ConditionsTreeNode;---><init>(Lcom/fsck/k9/search/ConditionsTreeNode;Lcom/fsck/k9/search/ConditionsTreeNode$Operator;)V
05-14 15:45:23.313  7861  7861 D M_InsDal: Lcom/fsck/k9/Account;--->getSpamFolderName()Ljava/lang/String;
05-14 15:45:23.313  7861  7861 D M_InsDal: Lcom/fsck/k9/Account;--->excludeSpecialFolder(Lcom/fsck/k9/search/LocalSearch;Ljava/lang/String;)V
05-14 15:45:23.313  7861  7861 D M_InsDal: Lcom/fsck/k9/search/LocalSearch;--->and(Lcom/fsck/k9/search/SearchSpecification$SearchField;Ljava/lang/String;Lcom/fsck/k9/search/SearchSpecification$Attribute;)V
05-14 15:45:23.313  7861  7861 D M_InsDal: Lcom/fsck/k9/search/SearchSpecification$SearchCondition;---><init>(Lcom/fsck/k9/search/SearchSpecification$SearchField;Lcom/fsck/k9/search/SearchSpecification$Attribute;Ljava/lang/String;)V
05-14 15:45:23.313  7861  7861 D M_InsDal: Lcom/fsck/k9/search/LocalSearch;--->and(Lcom/fsck/k9/search/SearchSpecification$SearchCondition;)Lcom/fsck/k9/search/ConditionsTreeNode;
