05-14 15:45:46.519  7966  7992 D M_InsDal: Lcom/fsck/k9/mail/store/imap/ImapStore;--->getConnection()Lcom/fsck/k9/mail/store/imap/ImapConnection;
05-14 15:45:46.519  7966  7993 D M_InsDal: Lcom/fsck/k9/mail/store/imap/ImapFolder;--->internalOpen(I)Ljava/util/List;
05-14 15:45:46.519  7966  7993 D M_InsDal: Lcom/fsck/k9/mail/store/imap/ImapFolder;--->isOpen()Z
05-14 15:45:46.519  7966  7992 D M_InsDal: Lcom/fsck/k9/mail/store/imap/ImapStore;--->pollConnection()Lcom/fsck/k9/mail/store/imap/ImapConnection;
05-14 15:45:46.519  7966  7993 D M_InsDal: Lcom/fsck/k9/mail/store/imap/ImapStore;--->releaseConnection(Lcom/fsck/k9/mail/store/imap/ImapConnection;)V
05-14 15:45:46.519  7966  7993 D M_InsDal: Lcom/fsck/k9/mail/store/imap/ImapStore;--->getConnection()Lcom/fsck/k9/mail/store/imap/ImapConnection;
05-14 15:45:46.519  7966  7993 D M_InsDal: Lcom/fsck/k9/mail/store/imap/ImapStore;--->pollConnection()Lcom/fsck/k9/mail/store/imap/ImapConnection;
05-14 15:45:46.519  7966  7992 D M_InsDal: Lcom/fsck/k9/mail/store/imap/ImapStore;--->createImapConnection()Lcom/fsck/k9/mail/store/imap/ImapConnection;
05-14 15:45:46.519  7966  7993 D M_InsDal: Lcom/fsck/k9/mail/store/imap/ImapStore;--->createImapConnection()Lcom/fsck/k9/mail/store/imap/ImapConnection;
05-14 15:45:46.519  7966  7992 D M_InsDal: Lcom/fsck/k9/mail/store/imap/ImapStore$StoreImapSettings;---><init>(Lcom/fsck/k9/mail/store/imap/ImapStore;)V
05-14 15:45:46.519  7966  7993 D M_InsDal: Lcom/fsck/k9/mail/store/imap/ImapStore$StoreImapSettings;---><init>(Lcom/fsck/k9/mail/store/imap/ImapStore;)V
05-14 15:45:46.519  7966  7992 D M_InsDal: Lcom/fsck/k9/mail/store/imap/ImapConnection;---><init>(Lcom/fsck/k9/mail/store/imap/ImapSettings;Lcom/fsck/k9/mail/ssl/TrustedSocketFactory;Landroid/net/ConnectivityManager;Lcom/fsck/k9/mail/oauth/OAuth2TokenProvider;)V
05-14 15:45:46.519  7966  7992 D M_InsDal: Lcom/fsck/k9/mail/store/imap/ImapFolder;--->getPrefixedName()Ljava/lang/String;
05-14 15:45:46.519  7966  7992 D M_InsDal: Lcom/fsck/k9/mail/store/imap/ImapStore;--->getStoreConfig()Lcom/fsck/k9/mail/store/StoreConfig;
05-14 15:45:46.519  7966  7992 D M_InsDal: Lcom/fsck/k9/Account;--->getInboxFolderName()Ljava/lang/String;
05-14 15:45:46.519  7966  7992 D M_InsDal: Lcom/fsck/k9/mail/store/imap/FolderNameCodec;--->encode(Ljava/lang/String;)Ljava/lang/String;
05-14 15:45:46.519  7966  7993 D M_InsDal: Lcom/fsck/k9/mail/store/imap/ImapConnection;---><init>(Lcom/fsck/k9/mail/store/imap/ImapSettings;Lcom/fsck/k9/mail/ssl/TrustedSocketFactory;Landroid/net/ConnectivityManager;Lcom/fsck/k9/mail/oauth/OAuth2TokenProvider;)V
05-14 15:45:46.519  7966  7993 D M_InsDal: Lcom/fsck/k9/mail/store/imap/ImapFolder;--->getPrefixedName()Ljava/lang/String;
05-14 15:45:46.519  7966  7993 D M_InsDal: Lcom/fsck/k9/mail/store/imap/ImapStore;--->getStoreConfig()Lcom/fsck/k9/mail/store/StoreConfig;
05-14 15:45:46.519  7966  7993 D M_InsDal: Lcom/fsck/k9/Account;--->getInboxFolderName()Ljava/lang/String;
05-14 15:45:46.519  7966  7993 D M_InsDal: Lcom/fsck/k9/mail/store/imap/ImapConnection;--->open()V
05-14 15:45:46.519  7966  7993 D M_InsDal: Lcom/fsck/k9/mail/store/imap/ImapConnection;--->adjustDNSCacheTTL()V
05-14 15:45:46.519  7966  7993 D M_InsDal: Lcom/fsck/k9/mail/store/imap/ImapConnection;--->connect()Ljava/net/Socket;
05-14 15:45:46.519  7966  7993 D M_InsDal: Lcom/fsck/k9/mail/store/imap/ImapStore$StoreImapSettings;--->getHost()Ljava/lang/String;
05-14 15:45:46.519  7966  7993 D M_InsDal: Lcom/fsck/k9/mail/store/imap/ImapConnection;--->connectToAddress(Ljava/net/InetAddress;)Ljava/net/Socket;
05-14 15:45:46.519  7966  7993 D M_InsDal: Lcom/fsck/k9/mail/store/imap/ImapStore$StoreImapSettings;--->getHost()Ljava/lang/String;
05-14 15:45:46.519  7966  7993 D M_InsDal: Lcom/fsck/k9/mail/store/imap/ImapStore$StoreImapSettings;--->getPort()I
05-14 15:45:46.519  7966  7966 D M_InsDal: Lcom/fsck/k9/service/PushService;---><init>()V
05-14 15:45:46.519  7966  7993 D M_InsDal: Lcom/fsck/k9/mail/store/imap/ImapStore$StoreImapSettings;--->getClientCertificateAlias()Ljava/lang/String;
05-14 15:45:46.519  7966  7993 D M_InsDal: Lcom/fsck/k9/mail/K9MailLib;--->isDebug()Z
05-14 15:45:46.519  7966  7966 D M_InsDal: Lcom/fsck/k9/service/CoreService;---><init>()V
05-14 15:45:46.519  7966  7993 D M_InsDal: Lcom/fsck/k9/K9$2;--->enabled()Z
05-14 15:45:46.519  7966  7993 D M_InsDal: Lcom/fsck/k9/mail/store/imap/ImapStore$StoreImapSettings;--->getConnectionSecurity()Lcom/fsck/k9/mail/ConnectionSecurity;
05-14 15:45:46.519  7966  7966 D M_InsDal: Lcom/fsck/k9/service/CoreService;--->onCreate()V
05-14 15:45:46.519  7966  7966 D M_InsDal: Lcom/fsck/k9/service/PushService;--->onCreate()V
05-14 15:45:46.519  7966  7966 D M_InsDal: Lcom/fsck/k9/service/CoreService;--->setAutoShutdown(Z)V
05-14 15:45:46.519  7966  7993 D M_InsDal: Lcom/fsck/k9/mail/ssl/DefaultTrustedSocketFactory;--->createSocket(Ljava/net/Socket;Ljava/lang/String;ILjava/lang/String;)Ljava/net/Socket;
05-14 15:45:46.519  7966  7993 D M_InsDal: Lcom/fsck/k9/mail/ssl/TrustManagerFactory;--->get(Ljava/lang/String;I)Ljavax/net/ssl/X509TrustManager;
05-14 15:45:46.519  7966  7993 D M_InsDal: Lcom/fsck/k9/mail/ssl/TrustManagerFactory$SecureX509TrustManager;--->getInstance(Ljava/lang/String;I)Ljavax/net/ssl/X509TrustManager;
05-14 15:45:46.519  7966  7966 D M_InsDal: Lcom/fsck/k9/service/CoreService;--->onStartCommand(Landroid/content/Intent;II)I
05-14 15:45:46.519  7966  7966 D M_InsDal: Lcom/fsck/k9/service/CoreService;--->acquireWakeLock(Landroid/content/Context;Ljava/lang/String;J)Lcom/fsck/k9/mail/power/TracingPowerManager$TracingWakeLock;
05-14 15:45:46.519  7966  7966 D M_InsDal: Lcom/fsck/k9/mail/power/TracingPowerManager;--->getPowerManager(Landroid/content/Context;)Lcom/fsck/k9/mail/power/TracingPowerManager;
05-14 15:45:46.519  7966  7966 D M_InsDal: Lcom/fsck/k9/mail/power/TracingPowerManager;--->newWakeLock(ILjava/lang/String;)Lcom/fsck/k9/mail/power/TracingPowerManager$TracingWakeLock;
05-14 15:45:46.519  7966  7966 D M_InsDal: Lcom/fsck/k9/mail/power/TracingPowerManager$TracingWakeLock;---><init>(Lcom/fsck/k9/mail/power/TracingPowerManager;ILjava/lang/String;)V
05-14 15:45:46.519  7966  7986 D M_InsDal: Lcom/fsck/k9/service/MailService;--->schedulePushers()V
05-14 15:45:46.519  7966  7986 D M_InsDal: Lcom/fsck/k9/controller/MessagingController;--->getInstance(Landroid/content/Context;)Lcom/fsck/k9/controller/MessagingController;
05-14 15:45:46.519  7966  7986 D M_InsDal: Lcom/fsck/k9/controller/MessagingController;--->getPushers()Ljava/util/Collection;
05-14 15:45:46.519  7966  7966 D M_InsDal: Lcom/fsck/k9/mail/K9MailLib;--->isDebug()Z
05-14 15:45:46.519  7966  7966 D M_InsDal: Lcom/fsck/k9/K9$2;--->enabled()Z
05-14 15:45:46.519  7966  7966 D M_InsDal: Lcom/fsck/k9/mail/power/TracingPowerManager$TracingWakeLock;--->setReferenceCounted(Z)V
05-14 15:45:46.519  7966  7966 D M_InsDal: Lcom/fsck/k9/mail/power/TracingPowerManager$TracingWakeLock;--->acquire(J)V
05-14 15:45:46.519  7966  7986 D M_InsDal: Lcom/fsck/k9/mail/store/imap/ImapPusher;--->getRefreshInterval()I
05-14 15:45:46.519  7966  7986 D M_InsDal: Lcom/fsck/k9/mail/store/imap/ImapStore;--->getStoreConfig()Lcom/fsck/k9/mail/store/StoreConfig;
05-14 15:45:46.519  7966  7986 D M_InsDal: Lcom/fsck/k9/Account;--->getIdleRefreshMinutes()I
05-14 15:45:46.519  7966  7986 D M_InsDal: Lcom/fsck/k9/service/BootReceiver;--->scheduleIntent(Landroid/content/Context;JLandroid/content/Intent;)V
05-14 15:45:46.519  7966  7993 D M_InsDal: Lcom/fsck/k9/mail/ssl/DefaultTrustedSocketFactory;--->hardenSocket(Ljavax/net/ssl/SSLSocket;)V
05-14 15:45:46.519  7966  7993 D M_InsDal: Lcom/fsck/k9/mail/ssl/DefaultTrustedSocketFactory;--->setSniHost(Ljavax/net/ssl/SSLSocketFactory;Ljavax/net/ssl/SSLSocket;Ljava/lang/String;)V
05-14 15:45:46.519  7966  7993 D M_InsDal: Lcom/fsck/k9/mail/ssl/DefaultTrustedSocketFactory;--->setHostnameViaReflection(Ljavax/net/ssl/SSLSocket;Ljava/lang/String;)V
05-14 15:45:46.520  7966  7992 D M_InsDal: Lcom/fsck/k9/mail/store/imap/ImapUtility;--->encodeString(Ljava/lang/String;)Ljava/lang/String;
05-14 15:45:46.520  7966  7992 D M_InsDal: Lcom/fsck/k9/mail/store/imap/ImapFolder;--->executeSimpleCommand(Ljava/lang/String;)Ljava/util/List;
05-14 15:45:46.520  7966  7992 D M_InsDal: Lcom/fsck/k9/mail/store/imap/ImapConnection;--->executeSimpleCommand(Ljava/lang/String;)Ljava/util/List;
05-14 15:45:46.520  7966  7992 D M_InsDal: Lcom/fsck/k9/mail/store/imap/ImapConnection;--->executeSimpleCommand(Ljava/lang/String;Z)Ljava/util/List;
05-14 15:45:46.520  7966  7992 D M_InsDal: Lcom/fsck/k9/mail/store/imap/ImapConnection;--->sendCommand(Ljava/lang/String;Z)Ljava/lang/String;
05-14 15:45:46.520  7966  7992 D M_InsDal: Lcom/fsck/k9/mail/store/imap/ImapConnection;--->open()V
05-14 15:45:46.521  7966  7966 D M_InsDal: Lcom/fsck/k9/mail/K9MailLib;--->isDebug()Z
05-14 15:45:46.521  7966  7966 D M_InsDal: Lcom/fsck/k9/K9$2;--->enabled()Z
05-14 15:45:46.521  7966  7966 D M_InsDal: Lcom/fsck/k9/mail/power/TracingPowerManager$TracingWakeLock;--->raiseNotification()V
05-14 15:45:46.521  7966  7966 D M_InsDal: Lcom/fsck/k9/service/BootReceiver;--->receive(Landroid/content/Context;Landroid/content/Intent;Ljava/lang/Integer;)Ljava/lang/Integer;
05-14 15:45:46.521  7966  7966 D M_InsDal: Lcom/fsck/k9/service/BootReceiver;--->buildPendingIntent(Landroid/content/Context;Landroid/content/Intent;)Landroid/app/PendingIntent;
05-14 15:45:46.521  7966  7966 D M_InsDal: Lcom/fsck/k9/helper/K9AlarmManager;--->getAlarmManager(Landroid/content/Context;)Lcom/fsck/k9/helper/K9AlarmManager;
05-14 15:45:46.521  7966  7966 D M_InsDal: Lcom/fsck/k9/power/DozeChecker;---><init>(Landroid/content/Context;)V
05-14 15:45:46.521  7966  7966 D M_InsDal: Lcom/fsck/k9/helper/K9AlarmManager;---><init>(Landroid/app/AlarmManager;Lcom/fsck/k9/power/DozeChecker;)V
05-14 15:45:46.521  7966  7966 D M_InsDal: Lcom/fsck/k9/helper/K9AlarmManager;--->set(IJLandroid/app/PendingIntent;)V
05-14 15:45:46.521  7966  7966 D M_InsDal: Lcom/fsck/k9/power/DozeChecker;--->isDeviceIdleModeSupported()Z
05-14 15:45:46.521  7966  7966 D M_InsDal: Lcom/fsck/k9/power/DozeChecker;--->isAppWhitelisted()Z
05-14 15:45:46.522  7966  7966 D M_InsDal: Lcom/fsck/k9/service/CoreReceiver;--->releaseWakeLock(Ljava/lang/Integer;)V
05-14 15:45:46.522  7966  7966 D M_InsDal: Lcom/fsck/k9/mail/power/TracingPowerManager$TracingWakeLock;--->release()V
05-14 15:45:46.522  7966  7966 D M_InsDal: Lcom/fsck/k9/mail/K9MailLib;--->isDebug()Z
05-14 15:45:46.522  7966  7966 D M_InsDal: Lcom/fsck/k9/K9$2;--->enabled()Z
05-14 15:45:46.522  7966  7966 D M_InsDal: Lcom/fsck/k9/mail/power/TracingPowerManager$TracingWakeLock;--->cancelNotification()V
05-14 15:45:46.522  7966  7966 D M_InsDal: Lcom/fsck/k9/service/MailService;--->onDestroy()V
05-14 15:45:46.522  7966  7966 D M_InsDal: Lcom/fsck/k9/service/CoreService;--->onDestroy()V
05-14 15:45:49.539  7966  7988 D M_InsDal: Lcom/fsck/k9/mail/store/imap/ImapConnection;--->configureSocket()V
05-14 15:45:49.539  7966  7988 D M_InsDal: Lcom/fsck/k9/mail/store/imap/ImapConnection;--->setUpStreamsAndParserFromSocket()V
05-14 15:45:49.576  7966  7988 D M_InsDal: Lcom/fsck/k9/mail/ssl/TrustManagerFactory$SecureX509TrustManager;--->checkServerTrusted([Ljava/security/cert/X509Certificate;Ljava/lang/String;)V
05-14 15:45:49.627  7966  7988 D M_InsDal: Lcom/fsck/k9/mail/store/imap/ImapConnection;--->setUpStreamsAndParser(Ljava/io/InputStream;Ljava/io/OutputStream;)V
05-14 15:45:49.628  7966  7988 D M_InsDal: Lcom/fsck/k9/mail/filter/PeekableInputStream;---><init>(Ljava/io/InputStream;)V
05-14 15:45:49.628  7966  7988 D M_InsDal: Lcom/fsck/k9/mail/store/imap/ImapResponseParser;---><init>(Lcom/fsck/k9/mail/filter/PeekableInputStream;)V
05-14 15:45:49.628  7966  7988 D M_InsDal: Lcom/fsck/k9/mail/store/imap/ImapConnection;--->readInitialResponse()V
05-14 15:45:49.628  7966  7988 D M_InsDal: Lcom/fsck/k9/mail/store/imap/ImapResponseParser;--->readResponse()Lcom/fsck/k9/mail/store/imap/ImapResponse;
05-14 15:45:49.628  7966  7988 D M_InsDal: Lcom/fsck/k9/mail/store/imap/ImapResponseParser;--->readResponse(Lcom/fsck/k9/mail/store/imap/ImapResponseCallback;)Lcom/fsck/k9/mail/store/imap/ImapResponse;
05-14 15:45:49.628  7966  7988 D M_InsDal: Lcom/fsck/k9/mail/filter/PeekableInputStream;--->peek()I
05-14 15:45:49.636  7966  7988 D M_InsDal: Lcom/fsck/k9/mail/store/imap/ImapResponseParser;--->readUntaggedResponse(Lcom/fsck/k9/mail/store/imap/ImapResponseCallback;)V
05-14 15:45:49.636  7966  7988 D M_InsDal: Lcom/fsck/k9/mail/store/imap/ImapResponseParser;--->parseUntaggedResponse()V
05-14 15:45:49.636  7966  7988 D M_InsDal: Lcom/fsck/k9/mail/store/imap/ImapResponseParser;--->expect(C)V
05-14 15:45:49.636  7966  7988 D M_InsDal: Lcom/fsck/k9/mail/filter/PeekableInputStream;--->read()I
05-14 15:45:49.636  7966  7988 D M_InsDal: Lcom/fsck/k9/mail/store/imap/ImapResponseParser;--->expect(C)V
05-14 15:45:49.636  7966  7988 D M_InsDal: Lcom/fsck/k9/mail/filter/PeekableInputStream;--->read()I
05-14 15:45:49.637  7966  7988 D M_InsDal: Lcom/fsck/k9/mail/store/imap/ImapList;---><clinit>()V
05-14 15:45:49.637  7966  7988 D M_InsDal: Lcom/fsck/k9/mail/store/imap/ImapResponse;--->newUntaggedResponse(Lcom/fsck/k9/mail/store/imap/ImapResponseCallback;)Lcom/fsck/k9/mail/store/imap/ImapResponse;
05-14 15:45:49.637  7966  7988 D M_InsDal: Lcom/fsck/k9/mail/store/imap/ImapResponse;---><init>(Lcom/fsck/k9/mail/store/imap/ImapResponseCallback;ZLjava/lang/String;)V
05-14 15:45:49.637  7966  7988 D M_InsDal: Lcom/fsck/k9/mail/store/imap/ImapList;---><init>()V
05-14 15:45:49.637  7966  7988 D M_InsDal: Lcom/fsck/k9/mail/store/imap/ImapResponseParser;--->readTokens(Lcom/fsck/k9/mail/store/imap/ImapResponse;)V
05-14 15:45:49.637  7966  7988 D M_InsDal: Lcom/fsck/k9/mail/store/imap/ImapResponseParser;--->readToken(Lcom/fsck/k9/mail/store/imap/ImapResponse;)Ljava/lang/Object;
05-14 15:45:49.637  7966  7988 D M_InsDal: Lcom/fsck/k9/mail/store/imap/ImapResponseParser;--->parseToken(Lcom/fsck/k9/mail/store/imap/ImapList;)Ljava/lang/Object;
05-14 15:45:49.637  7966  7988 D M_InsDal: Lcom/fsck/k9/mail/filter/PeekableInputStream;--->peek()I
05-14 15:45:49.637  7966  7988 D M_InsDal: Lcom/fsck/k9/mail/store/imap/ImapResponseParser;--->parseBareString(Z)Ljava/lang/String;
05-14 15:45:49.637  7966  7988 D M_InsDal: Lcom/fsck/k9/mail/filter/PeekableInputStream;--->peek()I
05-14 15:45:49.637  7966  7988 D M_InsDal: Lcom/fsck/k9/mail/filter/PeekableInputStream;--->read()I
05-14 15:45:49.637  7966  7988 D M_InsDal: Lcom/fsck/k9/mail/filter/PeekableInputStream;--->peek()I
05-14 15:45:49.637  7966  7988 D M_InsDal: Lcom/fsck/k9/mail/filter/PeekableInputStream;--->read()I
05-14 15:45:49.637  7966  7988 D M_InsDal: Lcom/fsck/k9/mail/filter/PeekableInputStream;--->peek()I
05-14 15:45:49.637  7966  7988 D M_InsDal: Lcom/fsck/k9/mail/store/imap/ImapResponseParser;--->checkTokenIsString(Ljava/lang/Object;)V
05-14 15:45:49.637  7966  7988 D M_InsDal: Lcom/fsck/k9/mail/store/imap/ImapResponseParser;--->isStatusResponse(Ljava/lang/String;)Z
05-14 15:45:49.637  7966  7988 D M_InsDal: Lcom/fsck/k9/mail/store/imap/ImapResponseParser;--->parseResponseText(Lcom/fsck/k9/mail/store/imap/ImapResponse;)V
05-14 15:45:49.637  7966  7988 D M_InsDal: Lcom/fsck/k9/mail/store/imap/ImapResponseParser;--->skipIfSpace()V
05-14 15:45:49.638  7966  7988 D M_InsDal: Lcom/fsck/k9/mail/filter/PeekableInputStream;--->peek()I
05-14 15:45:49.638  7966  7988 D M_InsDal: Lcom/fsck/k9/mail/store/imap/ImapResponseParser;--->expect(C)V
05-14 15:45:49.638  7966  7988 D M_InsDal: Lcom/fsck/k9/mail/filter/PeekableInputStream;--->read()I
05-14 15:45:49.638  7966  7988 D M_InsDal: Lcom/fsck/k9/mail/filter/PeekableInputStream;--->peek()I
05-14 15:45:49.638  7966  7988 D M_InsDal: Lcom/fsck/k9/mail/store/imap/ImapResponseParser;--->parseList(Lcom/fsck/k9/mail/store/imap/ImapList;CC)Lcom/fsck/k9/mail/store/imap/ImapList;
05-14 15:45:49.638  7966  7988 D M_InsDal: Lcom/fsck/k9/mail/store/imap/ImapResponseParser;--->expect(C)V
05-14 15:45:49.638  7966  7988 D M_InsDal: Lcom/fsck/k9/mail/filter/PeekableInputStream;--->read()I
05-14 15:45:49.638  7966  7988 D M_InsDal: Lcom/fsck/k9/mail/store/imap/ImapList;---><init>()V
05-14 15:45:49.638  7966  7988 D M_InsDal: Lcom/fsck/k9/mail/store/imap/ImapResponseParser;--->parseToken(Lcom/fsck/k9/mail/store/imap/ImapList;)Ljava/lang/Object;
05-14 15:45:49.638  7966  7988 D M_InsDal: Lcom/fsck/k9/mail/filter/PeekableInputStream;--->peek()I
05-14 15:45:49.638  7966  7988 D M_InsDal: Lcom/fsck/k9/mail/store/imap/ImapResponseParser;--->parseBareString(Z)Ljava/lang/String;
05-14 15:45:49.638  7966  7988 D M_InsDal: Lcom/fsck/k9/mail/filter/PeekableInputStream;--->peek()I
05-14 15:45:49.638  7966  7988 D M_InsDal: Lcom/fsck/k9/mail/filter/PeekableInputStream;--->read()I
05-14 15:45:49.638  7966  7988 D M_InsDal: Lcom/fsck/k9/mail/filter/PeekableInputStream;--->peek()I
05-14 15:45:49.638  7966  7988 D M_InsDal: Lcom/fsck/k9/mail/filter/PeekableInputStream;--->read()I
05-14 15:45:49.638  7966  7988 D M_InsDal: Lcom/fsck/k9/mail/filter/PeekableInputStream;--->peek()I
05-14 15:45:49.638  7966  7988 D M_InsDal: Lcom/fsck/k9/mail/filter/PeekableInputStream;--->read()I
05-14 15:45:49.638  7966  7988 D M_InsDal: Lcom/fsck/k9/mail/filter/PeekableInputStream;--->peek()I
05-14 15:45:49.638  7966  7988 D M_InsDal: Lcom/fsck/k9/mail/filter/PeekableInputStream;--->read()I
05-14 15:45:49.638  7966  7988 D M_InsDal: Lcom/fsck/k9/mail/filter/PeekableInputStream;--->peek()I
05-14 15:45:49.638  7966  7988 D M_InsDal: Lcom/fsck/k9/mail/filter/PeekableInputStream;--->read()I
05-14 15:45:49.638  7966  7988 D M_InsDal: Lcom/fsck/k9/mail/filter/PeekableInputStream;--->peek()I
05-14 15:45:49.638  7966  7988 D M_InsDal: Lcom/fsck/k9/mail/filter/PeekableInputStream;--->read()I
05-14 15:45:49.638  7966  7988 D M_InsDal: Lcom/fsck/k9/mail/filter/PeekableInputStream;--->peek()I
05-14 15:45:49.638  7966  7988 D M_InsDal: Lcom/fsck/k9/mail/filter/PeekableInputStream;--->read()I
05-14 15:45:49.638  7966  7988 D M_InsDal: Lcom/fsck/k9/mail/filter/PeekableInputStream;--->peek()I
05-14 15:45:49.638  7966  7988 D M_InsDal: Lcom/fsck/k9/mail/filter/PeekableInputStream;--->read()I
05-14 15:45:49.638  7966  7988 D M_InsDal: Lcom/fsck/k9/mail/filter/PeekableInputStream;--->peek()I
05-14 15:45:49.638  7966  7988 D M_InsDal: Lcom/fsck/k9/mail/filter/PeekableInputStream;--->read()I
05-14 15:45:49.638  7966  7988 D M_InsDal: Lcom/fsck/k9/mail/filter/PeekableInputStream;--->peek()I
05-14 15:45:49.638  7966  7988 D M_InsDal: Lcom/fsck/k9/mail/filter/PeekableInputStream;--->read()I
05-14 15:45:49.638  7966  7988 D M_InsDal: Lcom/fsck/k9/mail/filter/PeekableInputStream;--->peek()I
05-14 15:45:49.638  7966  7988 D M_InsDal: Lcom/fsck/k9/mail/store/imap/ImapResponseParser;--->parseToken(Lcom/fsck/k9/mail/store/imap/ImapList;)Ljava/lang/Object;
05-14 15:45:49.638  7966  7988 D M_InsDal: Lcom/fsck/k9/mail/filter/PeekableInputStream;--->peek()I
05-14 15:45:49.638  7966  7988 D M_InsDal: Lcom/fsck/k9/mail/store/imap/ImapResponseParser;--->expect(C)V
05-14 15:45:49.638  7966  7988 D M_InsDal: Lcom/fsck/k9/mail/filter/PeekableInputStream;--->read()I
05-14 15:45:49.638  7966  7988 D M_InsDal: Lcom/fsck/k9/mail/filter/PeekableInputStream;--->peek()I
05-14 15:45:49.638  7966  7988 D M_InsDal: Lcom/fsck/k9/mail/store/imap/ImapResponseParser;--->parseBareString(Z)Ljava/lang/String;
05-14 15:45:49.638  7966  7988 D M_InsDal: Lcom/fsck/k9/mail/filter/PeekableInputStream;--->peek()I
05-14 15:45:49.638  7966  7988 D M_InsDal: Lcom/fsck/k9/mail/filter/PeekableInputStream;--->read()I
05-14 15:45:49.638  7966  7988 D M_InsDal: Lcom/fsck/k9/mail/filter/PeekableInputStream;--->peek()I
05-14 15:45:49.638  7966  7988 D M_InsDal: Lcom/fsck/k9/mail/filter/PeekableInputStream;--->read()I
05-14 15:45:49.638  7966  7988 D M_InsDal: Lcom/fsck/k9/mail/filter/PeekableInputStream;--->peek()I
05-14 15:45:49.638  7966  7988 D M_InsDal: Lcom/fsck/k9/mail/filter/PeekableInputStream;--->read()I
05-14 15:45:49.638  7966  7988 D M_InsDal: Lcom/fsck/k9/mail/filter/PeekableInputStream;--->peek()I
05-14 15:45:49.638  7966  7988 D M_InsDal: Lcom/fsck/k9/mail/filter/PeekableInputStream;--->read()I
05-14 15:45:49.638  7966  7988 D M_InsDal: Lcom/fsck/k9/mail/filter/PeekableInputStream;--->peek()I
05-14 15:45:49.638  7966  7988 D M_InsDal: Lcom/fsck/k9/mail/filter/PeekableInputStream;--->read()I
05-14 15:45:49.638  7966  7988 D M_InsDal: Lcom/fsck/k9/mail/filter/PeekableInputStream;--->peek()I
05-14 15:45:49.638  7966  7988 D M_InsDal: Lcom/fsck/k9/mail/store/imap/ImapResponseParser;--->parseToken(Lcom/fsck/k9/mail/store/imap/ImapList;)Ljava/lang/Object;
05-14 15:45:49.638  7966  7988 D M_InsDal: Lcom/fsck/k9/mail/filter/PeekableInputStream;--->peek()I
05-14 15:45:49.638  7966  7988 D M_InsDal: Lcom/fsck/k9/mail/store/imap/ImapResponseParser;--->expect(C)V
05-14 15:45:49.638  7966  7988 D M_InsDal: Lcom/fsck/k9/mail/filter/PeekableInputStream;--->read()I
05-14 15:45:49.638  7966  7988 D M_InsDal: Lcom/fsck/k9/mail/filter/PeekableInputStream;--->peek()I
05-14 15:45:49.638  7966  7988 D M_InsDal: Lcom/fsck/k9/mail/store/imap/ImapResponseParser;--->parseBareString(Z)Ljava/lang/String;
05-14 15:45:49.638  7966  7988 D M_InsDal: Lcom/fsck/k9/mail/filter/PeekableInputStream;--->peek()I
05-14 15:45:49.638  7966  7988 D M_InsDal: Lcom/fsck/k9/mail/filter/PeekableInputStream;--->read()I
05-14 15:45:49.638  7966  7988 D M_InsDal: Lcom/fsck/k9/mail/filter/PeekableInputStream;--->peek()I
05-14 15:45:49.638  7966  7988 D M_InsDal: Lcom/fsck/k9/mail/filter/PeekableInputStream;--->read()I
05-14 15:45:49.638  7966  7988 D M_InsDal: Lcom/fsck/k9/mail/filter/PeekableInputStream;--->peek()I
05-14 15:45:49.638  7966  7988 D M_InsDal: Lcom/fsck/k9/mail/filter/PeekableInputStream;--->read()I
05-14 15:45:49.638  7966  7988 D M_InsDal: Lcom/fsck/k9/mail/filter/PeekableInputStream;--->peek()I
05-14 15:45:49.638  7966  7988 D M_InsDal: Lcom/fsck/k9/mail/filter/PeekableInputStream;--->read()I
05-14 15:45:49.638  7966  7988 D M_InsDal: Lcom/fsck/k9/mail/filter/PeekableInputStream;--->peek()I
05-14 15:45:49.638  7966  7988 D M_InsDal: Lcom/fsck/k9/mail/filter/PeekableInputStream;--->read()I
05-14 15:45:49.638  7966  7988 D M_InsDal: Lcom/fsck/k9/mail/filter/PeekableInputStream;--->peek()I
05-14 15:45:49.638  7966  7988 D M_InsDal: Lcom/fsck/k9/mail/filter/PeekableInputStream;--->read()I
05-14 15:45:49.638  7966  7988 D M_InsDal: Lcom/fsck/k9/mail/filter/PeekableInputStream;--->peek()I
05-14 15:45:49.638  7966  7988 D M_InsDal: Lcom/fsck/k9/mail/filter/PeekableInputStream;--->read()I
05-14 15:45:49.638  7966  7988 D M_InsDal: Lcom/fsck/k9/mail/filter/PeekableInputStream;--->peek()I
05-14 15:45:49.638  7966  7988 D M_InsDal: Lcom/fsck/k9/mail/filter/PeekableInputStream;--->read()I
05-14 15:45:49.638  7966  7988 D M_InsDal: Lcom/fsck/k9/mail/filter/PeekableInputStream;--->peek()I
05-14 15:45:49.638  7966  7988 D M_InsDal: Lcom/fsck/k9/mail/filter/PeekableInputStream;--->read()I
05-14 15:45:49.638  7966  7988 D M_InsDal: Lcom/fsck/k9/mail/filter/PeekableInputStream;--->peek()I
05-14 15:45:49.638  7966  7988 D M_InsDal: Lcom/fsck/k9/mail/store/imap/ImapResponseParser;--->parseToken(Lcom/fsck/k9/mail/store/imap/ImapList;)Ljava/lang/Object;
05-14 15:45:49.638  7966  7988 D M_InsDal: Lcom/fsck/k9/mail/filter/PeekableInputStream;--->peek()I
05-14 15:45:49.638  7966  7988 D M_InsDal: Lcom/fsck/k9/mail/store/imap/ImapResponseParser;--->expect(C)V
05-14 15:45:49.638  7966  7988 D M_InsDal: Lcom/fsck/k9/mail/filter/PeekableInputStream;--->read()I
05-14 15:45:49.638  7966  7988 D M_InsDal: Lcom/fsck/k9/mail/filter/PeekableInputStream;--->peek()I
05-14 15:45:49.638  7966  7988 D M_InsDal: Lcom/fsck/k9/mail/store/imap/ImapResponseParser;--->parseBareString(Z)Ljava/lang/String;
05-14 15:45:49.638  7966  7988 D M_InsDal: Lcom/fsck/k9/mail/filter/PeekableInputStream;--->peek()I
05-14 15:45:49.638  7966  7988 D M_InsDal: Lcom/fsck/k9/mail/filter/PeekableInputStream;--->read()I
05-14 15:45:49.638  7966  7988 D M_InsDal: Lcom/fsck/k9/mail/filter/PeekableInputStream;--->peek()I
05-14 15:45:49.638  7966  7988 D M_InsDal: Lcom/fsck/k9/mail/filter/PeekableInputStream;--->read()I
05-14 15:45:49.638  7966  7988 D M_InsDal: Lcom/fsck/k9/mail/filter/PeekableInputStream;--->peek()I
05-14 15:45:49.638  7966  7988 D M_InsDal: Lcom/fsck/k9/mail/store/imap/ImapResponseParser;--->parseToken(Lcom/fsck/k9/mail/store/imap/ImapList;)Ljava/lang/Object;
05-14 15:45:49.638  7966  7988 D M_InsDal: Lcom/fsck/k9/mail/filter/PeekableInputStream;--->peek()I
05-14 15:45:49.638  7966  7988 D M_InsDal: Lcom/fsck/k9/mail/store/imap/ImapResponseParser;--->expect(C)V
05-14 15:45:49.638  7966  7988 D M_InsDal: Lcom/fsck/k9/mail/filter/PeekableInputStream;--->read()I
05-14 15:45:49.638  7966  7988 D M_InsDal: Lcom/fsck/k9/mail/filter/PeekableInputStream;--->peek()I
05-14 15:45:49.638  7966  7988 D M_InsDal: Lcom/fsck/k9/mail/store/imap/ImapResponseParser;--->parseBareString(Z)Ljava/lang/String;
05-14 15:45:49.638  7966  7988 D M_InsDal: Lcom/fsck/k9/mail/filter/PeekableInputStream;--->peek()I
05-14 15:45:49.638  7966  7988 D M_InsDal: Lcom/fsck/k9/mail/filter/PeekableInputStream;--->read()I
05-14 15:45:49.638  7966  7988 D M_InsDal: Lcom/fsck/k9/mail/filter/PeekableInputStream;--->peek()I
05-14 15:45:49.638  7966  7988 D M_InsDal: Lcom/fsck/k9/mail/filter/PeekableInputStream;--->read()I
05-14 15:45:49.638  7966  7988 D M_InsDal: Lcom/fsck/k9/mail/filter/PeekableInputStream;--->peek()I
05-14 15:45:49.638  7966  7988 D M_InsDal: Lcom/fsck/k9/mail/filter/PeekableInputStream;--->read()I
05-14 15:45:49.638  7966  7988 D M_InsDal: Lcom/fsck/k9/mail/filter/PeekableInputStream;--->peek()I
05-14 15:45:49.638  7966  7988 D M_InsDal: Lcom/fsck/k9/mail/filter/PeekableInputStream;--->read()I
05-14 15:45:49.638  7966  7988 D M_InsDal: Lcom/fsck/k9/mail/filter/PeekableInputStream;--->peek()I
05-14 15:45:49.638  7966  7988 D M_InsDal: Lcom/fsck/k9/mail/filter/PeekableInputStream;--->read()I
05-14 15:45:49.638  7966  7988 D M_InsDal: Lcom/fsck/k9/mail/filter/PeekableInputStream;--->peek()I
05-14 15:45:49.638  7966  7988 D M_InsDal: Lcom/fsck/k9/mail/filter/PeekableInputStream;--->read()I
05-14 15:45:49.638  7966  7988 D M_InsDal: Lcom/fsck/k9/mail/filter/PeekableInputStream;--->peek()I
05-14 15:45:49.638  7966  7988 D M_InsDal: Lcom/fsck/k9/mail/filter/PeekableInputStream;--->read()I
05-14 15:45:49.638  7966  7988 D M_InsDal: Lcom/fsck/k9/mail/filter/PeekableInputStream;--->peek()I
05-14 15:45:49.638  7966  7988 D M_InsDal: Lcom/fsck/k9/mail/filter/PeekableInputStream;--->read()I
05-14 15:45:49.638  7966  7988 D M_InsDal: Lcom/fsck/k9/mail/filter/PeekableInputStream;--->peek()I
05-14 15:45:49.638  7966  7988 D M_InsDal: Lcom/fsck/k9/mail/filter/PeekableInputStream;--->read()I
05-14 15:45:49.638  7966  7988 D M_InsDal: Lcom/fsck/k9/mail/filter/PeekableInputStream;--->peek()I
05-14 15:45:49.638  7966  7988 D M_InsDal: Lcom/fsck/k9/mail/filter/PeekableInputStream;--->read()I
05-14 15:45:49.638  7966  7988 D M_InsDal: Lcom/fsck/k9/mail/filter/PeekableInputStream;--->peek()I
05-14 15:45:49.638  7966  7988 D M_InsDal: Lcom/fsck/k9/mail/store/imap/ImapResponseParser;--->parseToken(Lcom/fsck/k9/mail/store/imap/ImapList;)Ljava/lang/Object;
05-14 15:45:49.638  7966  7988 D M_InsDal: Lcom/fsck/k9/mail/filter/PeekableInputStream;--->peek()I
05-14 15:45:49.638  7966  7988 D M_InsDal: Lcom/fsck/k9/mail/store/imap/ImapResponseParser;--->expect(C)V
05-14 15:45:49.638  7966  7988 D M_InsDal: Lcom/fsck/k9/mail/filter/PeekableInputStream;--->read()I
05-14 15:45:49.638  7966  7988 D M_InsDal: Lcom/fsck/k9/mail/filter/PeekableInputStream;--->peek()I
05-14 15:45:49.638  7966  7988 D M_InsDal: Lcom/fsck/k9/mail/store/imap/ImapResponseParser;--->parseBareString(Z)Ljava/lang/String;
05-14 15:45:49.638  7966  7988 D M_InsDal: Lcom/fsck/k9/mail/filter/PeekableInputStream;--->peek()I
05-14 15:45:49.638  7966  7988 D M_InsDal: Lcom/fsck/k9/mail/filter/PeekableInputStream;--->read()I
05-14 15:45:49.638  7966  7988 D M_InsDal: Lcom/fsck/k9/mail/filter/PeekableInputStream;--->peek()I
05-14 15:45:49.638  7966  7988 D M_InsDal: Lcom/fsck/k9/mail/filter/PeekableInputStream;--->read()I
05-14 15:45:49.638  7966  7988 D M_InsDal: Lcom/fsck/k9/mail/filter/PeekableInputStream;--->peek()I
05-14 15:45:49.638  7966  7988 D M_InsDal: Lcom/fsck/k9/mail/filter/PeekableInputStream;--->read()I
05-14 15:45:49.638  7966  7988 D M_InsDal: Lcom/fsck/k9/mail/filter/PeekableInputStream;--->peek()I
05-14 15:45:49.638  7966  7988 D M_InsDal: Lcom/fsck/k9/mail/filter/PeekableInputStream;--->read()I
05-14 15:45:49.638  7966  7988 D M_InsDal: Lcom/fsck/k9/mail/filter/PeekableInputStream;--->peek()I
05-14 15:45:49.638  7966  7988 D M_InsDal: Lcom/fsck/k9/mail/filter/PeekableInputStream;--->read()I
05-14 15:45:49.638  7966  7988 D M_InsDal: Lcom/fsck/k9/mail/filter/PeekableInputStream;--->peek()I
05-14 15:45:49.638  7966  7988 D M_InsDal: Lcom/fsck/k9/mail/filter/PeekableInputStream;--->read()I
05-14 15:45:49.638  7966  7988 D M_InsDal: Lcom/fsck/k9/mail/filter/PeekableInputStream;--->peek()I
05-14 15:45:49.638  7966  7988 D M_InsDal: Lcom/fsck/k9/mail/filter/PeekableInputStream;--->read()I
05-14 15:45:49.638  7966  7988 D M_InsDal: Lcom/fsck/k9/mail/filter/PeekableInputStream;--->peek()I
05-14 15:45:49.638  7966  7988 D M_InsDal: Lcom/fsck/k9/mail/filter/PeekableInputStream;--->read()I
05-14 15:45:49.638  7966  7988 D M_InsDal: Lcom/fsck/k9/mail/filter/PeekableInputStream;--->peek()I
05-14 15:45:49.638  7966  7988 D M_InsDal: Lcom/fsck/k9/mail/filter/PeekableInputStream;--->read()I
05-14 15:45:49.638  7966  7988 D M_InsDal: Lcom/fsck/k9/mail/filter/PeekableInputStream;--->peek()I
05-14 15:45:49.638  7966  7988 D M_InsDal: Lcom/fsck/k9/mail/filter/PeekableInputStream;--->read()I
05-14 15:45:49.638  7966  7988 D M_InsDal: Lcom/fsck/k9/mail/filter/PeekableInputStream;--->peek()I
05-14 15:45:49.638  7966  7988 D M_InsDal: Lcom/fsck/k9/mail/store/imap/ImapResponseParser;--->parseToken(Lcom/fsck/k9/mail/store/imap/ImapList;)Ljava/lang/Object;
05-14 15:45:49.638  7966  7988 D M_InsDal: Lcom/fsck/k9/mail/filter/PeekableInputStream;--->peek()I
05-14 15:45:49.638  7966  7988 D M_InsDal: Lcom/fsck/k9/mail/store/imap/ImapResponseParser;--->expect(C)V
05-14 15:45:49.638  7966  7988 D M_InsDal: Lcom/fsck/k9/mail/filter/PeekableInputStream;--->read()I
05-14 15:45:49.638  7966  7988 D M_InsDal: Lcom/fsck/k9/mail/filter/PeekableInputStream;--->peek()I
05-14 15:45:49.638  7966  7988 D M_InsDal: Lcom/fsck/k9/mail/store/imap/ImapResponseParser;--->parseBareString(Z)Ljava/lang/String;
05-14 15:45:49.638  7966  7988 D M_InsDal: Lcom/fsck/k9/mail/filter/PeekableInputStream;--->peek()I
05-14 15:45:49.638  7966  7988 D M_InsDal: Lcom/fsck/k9/mail/filter/PeekableInputStream;--->read()I
05-14 15:45:49.638  7966  7988 D M_InsDal: Lcom/fsck/k9/mail/filter/PeekableInputStream;--->peek()I
05-14 15:45:49.638  7966  7988 D M_InsDal: Lcom/fsck/k9/mail/filter/PeekableInputStream;--->read()I
05-14 15:45:49.638  7966  7988 D M_InsDal: Lcom/fsck/k9/mail/filter/PeekableInputStream;--->peek()I
05-14 15:45:49.638  7966  7988 D M_InsDal: Lcom/fsck/k9/mail/filter/PeekableInputStream;--->read()I
05-14 15:45:49.638  7966  7988 D M_InsDal: Lcom/fsck/k9/mail/filter/PeekableInputStream;--->peek()I
05-14 15:45:49.638  7966  7988 D M_InsDal: Lcom/fsck/k9/mail/filter/PeekableInputStream;--->read()I
05-14 15:45:49.638  7966  7988 D M_InsDal: Lcom/fsck/k9/mail/filter/PeekableInputStream;--->peek()I
05-14 15:45:49.638  7966  7988 D M_InsDal: Lcom/fsck/k9/mail/filter/PeekableInputStream;--->read()I
05-14 15:45:49.638  7966  7988 D M_InsDal: Lcom/fsck/k9/mail/filter/PeekableInputStream;--->peek()I
05-14 15:45:49.638  7966  7988 D M_InsDal: Lcom/fsck/k9/mail/filter/PeekableInputStream;--->read()I
05-14 15:45:49.638  7966  7988 D M_InsDal: Lcom/fsck/k9/mail/filter/PeekableInputStream;--->peek()I
05-14 15:45:49.638  7966  7988 D M_InsDal: Lcom/fsck/k9/mail/filter/PeekableInputStream;--->read()I
05-14 15:45:49.638  7966  7988 D M_InsDal: Lcom/fsck/k9/mail/filter/PeekableInputStream;--->peek()I
05-14 15:45:49.638  7966  7988 D M_InsDal: Lcom/fsck/k9/mail/filter/PeekableInputStream;--->read()I
05-14 15:45:49.638  7966  7988 D M_InsDal: Lcom/fsck/k9/mail/filter/PeekableInputStream;--->peek()I
05-14 15:45:49.638  7966  7988 D M_InsDal: Lcom/fsck/k9/mail/filter/PeekableInputStream;--->read()I
05-14 15:45:49.638  7966  7988 D M_InsDal: Lcom/fsck/k9/mail/filter/PeekableInputStream;--->peek()I
05-14 15:45:49.638  7966  7988 D M_InsDal: Lcom/fsck/k9/mail/filter/PeekableInputStream;--->read()I
05-14 15:45:49.638  7966  7988 D M_InsDal: Lcom/fsck/k9/mail/filter/PeekableInputStream;--->peek()I
05-14 15:45:49.638  7966  7988 D M_InsDal: Lcom/fsck/k9/mail/filter/PeekableInputStream;--->read()I
05-14 15:45:49.638  7966  7988 D M_InsDal: Lcom/fsck/k9/mail/filter/PeekableInputStream;--->peek()I
05-14 15:45:49.638  7966  7988 D M_InsDal: Lcom/fsck/k9/mail/filter/PeekableInputStream;--->read()I
05-14 15:45:49.638  7966  7988 D M_InsDal: Lcom/fsck/k9/mail/filter/PeekableInputStream;--->peek()I
05-14 15:45:49.638  7966  7988 D M_InsDal: Lcom/fsck/k9/mail/store/imap/ImapResponseParser;--->parseToken(Lcom/fsck/k9/mail/store/imap/ImapList;)Ljava/lang/Object;
05-14 15:45:49.638  7966  7988 D M_InsDal: Lcom/fsck/k9/mail/filter/PeekableInputStream;--->peek()I
05-14 15:45:49.638  7966  7988 D M_InsDal: Lcom/fsck/k9/mail/store/imap/ImapResponseParser;--->expect(C)V
05-14 15:45:49.638  7966  7988 D M_InsDal: Lcom/fsck/k9/mail/filter/PeekableInputStream;--->read()I
05-14 15:45:49.638  7966  7988 D M_InsDal: Lcom/fsck/k9/mail/filter/PeekableInputStream;--->peek()I
05-14 15:45:49.638  7966  7988 D M_InsDal: Lcom/fsck/k9/mail/store/imap/ImapResponseParser;--->parseBareString(Z)Ljava/lang/String;
05-14 15:45:49.638  7966  7988 D M_InsDal: Lcom/fsck/k9/mail/filter/PeekableInputStream;--->peek()I
05-14 15:45:49.638  7966  7988 D M_InsDal: Lcom/fsck/k9/mail/filter/PeekableInputStream;--->read()I
05-14 15:45:49.638  7966  7988 D M_InsDal: Lcom/fsck/k9/mail/filter/PeekableInputStream;--->peek()I
05-14 15:45:49.638  7966  7988 D M_InsDal: Lcom/fsck/k9/mail/filter/PeekableInputStream;--->read()I
05-14 15:45:49.638  7966  7988 D M_InsDal: Lcom/fsck/k9/mail/filter/PeekableInputStream;--->peek()I
05-14 15:45:49.638  7966  7988 D M_InsDal: Lcom/fsck/k9/mail/filter/PeekableInputStream;--->read()I
05-14 15:45:49.638  7966  7988 D M_InsDal: Lcom/fsck/k9/mail/filter/PeekableInputStream;--->peek()I
05-14 15:45:49.638  7966  7988 D M_InsDal: Lcom/fsck/k9/mail/filter/PeekableInputStream;--->read()I
05-14 15:45:49.638  7966  7988 D M_InsDal: Lcom/fsck/k9/mail/filter/PeekableInputStream;--->peek()I
05-14 15:45:49.638  7966  7988 D M_InsDal: Lcom/fsck/k9/mail/filter/PeekableInputStream;--->read()I
05-14 15:45:49.638  7966  7988 D M_InsDal: Lcom/fsck/k9/mail/filter/PeekableInputStream;--->peek()I
05-14 15:45:49.638  7966  7988 D M_InsDal: Lcom/fsck/k9/mail/filter/PeekableInputStream;--->read()I
05-14 15:45:49.638  7966  7988 D M_InsDal: Lcom/fsck/k9/mail/filter/PeekableInputStream;--->peek()I
05-14 15:45:49.638  7966  7988 D M_InsDal: Lcom/fsck/k9/mail/filter/PeekableInputStream;--->read()I
05-14 15:45:49.638  7966  7988 D M_InsDal: Lcom/fsck/k9/mail/filter/PeekableInputStream;--->peek()I
05-14 15:45:49.638  7966  7988 D M_InsDal: Lcom/fsck/k9/mail/filter/PeekableInputStream;--->read()I
05-14 15:45:49.638  7966  7988 D M_InsDal: Lcom/fsck/k9/mail/filter/PeekableInputStream;--->peek()I
05-14 15:45:49.638  7966  7988 D M_InsDal: Lcom/fsck/k9/mail/filter/PeekableInputStream;--->read()I
05-14 15:45:49.638  7966  7988 D M_InsDal: Lcom/fsck/k9/mail/filter/PeekableInputStream;--->peek()I
05-14 15:45:49.638  7966  7988 D M_InsDal: Lcom/fsck/k9/mail/store/imap/ImapResponseParser;--->parseToken(Lcom/fsck/k9/mail/store/imap/ImapList;)Ljava/lang/Object;
05-14 15:45:49.638  7966  7988 D M_InsDal: Lcom/fsck/k9/mail/filter/PeekableInputStream;--->peek()I
05-14 15:45:49.638  7966  7988 D M_InsDal: Lcom/fsck/k9/mail/store/imap/ImapResponseParser;--->expect(C)V
05-14 15:45:49.638  7966  7988 D M_InsDal: Lcom/fsck/k9/mail/filter/PeekableInputStream;--->read()I
05-14 15:45:49.638  7966  7988 D M_InsDal: Lcom/fsck/k9/mail/store/imap/ImapResponseParser;--->skipIfSpace()V
05-14 15:45:49.638  7966  7988 D M_InsDal: Lcom/fsck/k9/mail/filter/PeekableInputStream;--->peek()I
05-14 15:45:49.638  7966  7988 D M_InsDal: Lcom/fsck/k9/mail/store/imap/ImapResponseParser;--->expect(C)V
05-14 15:45:49.638  7966  7988 D M_InsDal: Lcom/fsck/k9/mail/filter/PeekableInputStream;--->read()I
05-14 15:45:49.638  7966  7988 D M_InsDal: Lcom/fsck/k9/mail/store/imap/ImapResponseParser;--->readStringUntilEndOfLine()Ljava/lang/String;
05-14 15:45:49.638  7966  7988 D M_InsDal: Lcom/fsck/k9/mail/store/imap/ImapResponseParser;--->readStringUntil(C)Ljava/lang/String;
05-14 15:45:49.638  7966  7988 D M_InsDal: Lcom/fsck/k9/mail/filter/PeekableInputStream;--->read()I
05-14 15:45:49.638  7966  7988 D M_InsDal: Lcom/fsck/k9/mail/filter/PeekableInputStream;--->read()I
05-14 15:45:49.638  7966  7988 D M_InsDal: Lcom/fsck/k9/mail/store/imap/ImapResponseParser;--->expect(C)V
05-14 15:45:49.638  7966  7988 D M_InsDal: Lcom/fsck/k9/mail/filter/PeekableInputStream;--->read()I
05-14 15:45:49.638  7966  7988 D M_InsDal: Lcom/fsck/k9/mail/K9MailLib;--->isDebug()Z
05-14 15:45:49.638  7966  7988 D M_InsDal: Lcom/fsck/k9/K9$2;--->enabled()Z
05-14 15:45:49.638  7966  7988 D M_InsDal: Lcom/fsck/k9/mail/store/imap/ImapConnection;--->extractCapabilities(Ljava/util/List;)Ljava/util/List;
05-14 15:45:49.639  7966  7988 D M_InsDal: Lcom/fsck/k9/mail/store/imap/CapabilityResponse;--->parse(Ljava/util/List;)Lcom/fsck/k9/mail/store/imap/CapabilityResponse;
05-14 15:45:49.639  7966  7988 D M_InsDal: Lcom/fsck/k9/mail/store/imap/ImapResponseParser;--->equalsIgnoreCase(Ljava/lang/Object;Ljava/lang/String;)Z
05-14 15:45:49.639  7966  7988 D M_InsDal: Lcom/fsck/k9/mail/store/imap/ImapList;--->isList(I)Z
05-14 15:45:49.639  7966  7988 D M_InsDal: Lcom/fsck/k9/mail/store/imap/ImapList;--->inRange(I)Z
05-14 15:45:49.639  7966  7988 D M_InsDal: Lcom/fsck/k9/mail/store/imap/ImapList;--->getList(I)Lcom/fsck/k9/mail/store/imap/ImapList;
05-14 15:45:49.639  7966  7988 D M_InsDal: Lcom/fsck/k9/mail/store/imap/CapabilityResponse;--->parse(Lcom/fsck/k9/mail/store/imap/ImapList;)Lcom/fsck/k9/mail/store/imap/CapabilityResponse;
05-14 15:45:49.639  7966  7988 D M_InsDal: Lcom/fsck/k9/mail/store/imap/ImapResponseParser;--->equalsIgnoreCase(Ljava/lang/Object;Ljava/lang/String;)Z
05-14 15:45:49.639  7966  7988 D M_InsDal: Lcom/fsck/k9/mail/store/imap/ImapList;--->isString(I)Z
05-14 15:45:49.639  7966  7988 D M_InsDal: Lcom/fsck/k9/mail/store/imap/ImapList;--->inRange(I)Z
05-14 15:45:49.639  7966  7988 D M_InsDal: Lcom/fsck/k9/mail/store/imap/ImapList;--->getString(I)Ljava/lang/String;
05-14 15:45:49.639  7966  7988 D M_InsDal: Lcom/fsck/k9/mail/store/imap/ImapList;--->isString(I)Z
05-14 15:45:49.639  7966  7988 D M_InsDal: Lcom/fsck/k9/mail/store/imap/ImapList;--->inRange(I)Z
05-14 15:45:49.639  7966  7988 D M_InsDal: Lcom/fsck/k9/mail/store/imap/ImapList;--->getString(I)Ljava/lang/String;
05-14 15:45:49.639  7966  7988 D M_InsDal: Lcom/fsck/k9/mail/store/imap/ImapList;--->isString(I)Z
05-14 15:45:49.639  7966  7988 D M_InsDal: Lcom/fsck/k9/mail/store/imap/ImapList;--->inRange(I)Z
05-14 15:45:49.639  7966  7988 D M_InsDal: Lcom/fsck/k9/mail/store/imap/ImapList;--->getString(I)Ljava/lang/String;
05-14 15:45:49.639  7966  7988 D M_InsDal: Lcom/fsck/k9/mail/store/imap/ImapList;--->isString(I)Z
05-14 15:45:49.639  7966  7988 D M_InsDal: Lcom/fsck/k9/mail/store/imap/ImapList;--->inRange(I)Z
05-14 15:45:49.639  7966  7988 D M_InsDal: Lcom/fsck/k9/mail/store/imap/ImapList;--->getString(I)Ljava/lang/String;
05-14 15:45:49.639  7966  7988 D M_InsDal: Lcom/fsck/k9/mail/store/imap/ImapList;--->isString(I)Z
05-14 15:45:49.639  7966  7988 D M_InsDal: Lcom/fsck/k9/mail/store/imap/ImapList;--->inRange(I)Z
05-14 15:45:49.639  7966  7988 D M_InsDal: Lcom/fsck/k9/mail/store/imap/ImapList;--->getString(I)Ljava/lang/String;
05-14 15:45:49.639  7966  7988 D M_InsDal: Lcom/fsck/k9/mail/store/imap/ImapList;--->isString(I)Z
05-14 15:45:49.639  7966  7988 D M_InsDal: Lcom/fsck/k9/mail/store/imap/ImapList;--->inRange(I)Z
05-14 15:45:49.639  7966  7988 D M_InsDal: Lcom/fsck/k9/mail/store/imap/ImapList;--->getString(I)Ljava/lang/String;
05-14 15:45:49.639  7966  7988 D M_InsDal: Lcom/fsck/k9/mail/store/imap/ImapList;--->isString(I)Z
05-14 15:45:49.639  7966  7988 D M_InsDal: Lcom/fsck/k9/mail/store/imap/ImapList;--->inRange(I)Z
05-14 15:45:49.639  7966  7988 D M_InsDal: Lcom/fsck/k9/mail/store/imap/ImapList;--->getString(I)Ljava/lang/String;
05-14 15:45:49.639  7966  7988 D M_InsDal: Lcom/fsck/k9/mail/store/imap/CapabilityResponse;---><init>(Ljava/util/Set;)V
05-14 15:45:49.639  7966  7988 D M_InsDal: Lcom/fsck/k9/mail/store/imap/CapabilityResponse;--->getCapabilities()Ljava/util/Set;
05-14 15:45:49.639  7966  7988 D M_InsDal: Lcom/fsck/k9/mail/K9MailLib;--->isDebug()Z
05-14 15:45:49.639  7966  7988 D M_InsDal: Lcom/fsck/k9/K9$2;--->enabled()Z
05-14 15:45:49.639  7966  7988 D M_InsDal: Lcom/fsck/k9/mail/store/imap/ImapConnection;--->requestCapabilitiesIfNecessary()V
05-14 15:45:49.639  7966  7988 D M_InsDal: Lcom/fsck/k9/mail/store/imap/ImapConnection;--->upgradeToTlsIfNecessary()V
05-14 15:45:49.639  7966  7988 D M_InsDal: Lcom/fsck/k9/mail/store/imap/ImapStore$StoreImapSettings;--->getConnectionSecurity()Lcom/fsck/k9/mail/ConnectionSecurity;
05-14 15:45:49.639  7966  7988 D M_InsDal: Lcom/fsck/k9/mail/store/imap/ImapConnection;--->authenticate()Ljava/util/List;
05-14 15:45:49.639  7966  7988 D M_InsDal: Lcom/fsck/k9/mail/store/imap/ImapConnection$2;---><clinit>()V
05-14 15:45:49.639  7966  7988 D M_InsDal: Lcom/fsck/k9/mail/AuthType;--->values()[Lcom/fsck/k9/mail/AuthType;
05-14 15:45:49.639  7966  7988 D M_InsDal: Lcom/fsck/k9/mail/store/imap/ImapStore$StoreImapSettings;--->getAuthType()Lcom/fsck/k9/mail/AuthType;
05-14 15:45:49.639  7966  7988 D M_InsDal: Lcom/fsck/k9/mail/store/imap/ImapConnection;--->hasCapability(Ljava/lang/String;)Z
05-14 15:45:49.639  7966  7988 D M_InsDal: Lcom/fsck/k9/mail/store/imap/ImapConnection;--->saslAuthPlainWithLoginFallback()Ljava/util/List;
05-14 15:45:49.639  7966  7988 D M_InsDal: Lcom/fsck/k9/mail/store/imap/ImapConnection;--->saslAuthPlain()Ljava/util/List;
05-14 15:45:49.639  7966  7988 D M_InsDal: Lcom/fsck/k9/mail/store/imap/ImapConnection;--->sendCommand(Ljava/lang/String;Z)Ljava/lang/String;
05-14 15:45:49.639  7966  7988 D M_InsDal: Lcom/fsck/k9/mail/store/imap/ImapConnection;--->open()V
05-14 15:45:49.639  7966  7988 D M_InsDal: Lcom/fsck/k9/mail/store/imap/ImapConnection;--->getLogId()Ljava/lang/String;
05-14 15:45:49.639  7966  7988 D M_InsDal: Lcom/fsck/k9/mail/store/imap/ImapConnection;--->close()V
05-14 15:45:49.639  7966  7988 D M_InsDal: Lcom/fsck/k9/mail/store/imap/ImapFolderPusher$PushRunnable;--->reacquireWakeLockAndCleanUp()V
05-14 15:45:49.639  7966  7988 D M_InsDal: Lcom/fsck/k9/mail/power/TracingPowerManager$TracingWakeLock;--->acquire(J)V
05-14 15:45:49.639  7966  7988 D M_InsDal: Lcom/fsck/k9/mail/K9MailLib;--->isDebug()Z
05-14 15:45:49.639  7966  7988 D M_InsDal: Lcom/fsck/k9/K9$2;--->enabled()Z
05-14 15:45:49.639  7966  7988 D M_InsDal: Lcom/fsck/k9/mail/power/TracingPowerManager$TracingWakeLock;--->raiseNotification()V
05-14 15:45:49.639  7966  7988 D M_InsDal: Lcom/fsck/k9/mail/store/imap/ImapFolderPusher$PushRunnable;--->clearStoredUntaggedResponses()V
05-14 15:45:49.639  7966  7988 D M_InsDal: Lcom/fsck/k9/mail/store/imap/ImapFolder;--->getName()Ljava/lang/String;
05-14 15:45:49.639  7966  7988 D M_InsDal: Lcom/fsck/k9/controller/MessagingControllerPushReceiver;--->setPushActive(Ljava/lang/String;Z)V
05-14 15:45:49.639  7966  7988 D M_InsDal: Lcom/fsck/k9/controller/MessagingController;--->getListeners()Ljava/util/Set;
05-14 15:45:49.639  7966  7988 D M_InsDal: Lcom/fsck/k9/controller/MemorizingMessagingListener;--->setPushActive(Lcom/fsck/k9/Account;Ljava/lang/String;Z)V
05-14 15:45:49.639  7966  7988 D M_InsDal: Lcom/fsck/k9/controller/MemorizingMessagingListener;--->getMemory(Lcom/fsck/k9/Account;Ljava/lang/String;)Lcom/fsck/k9/controller/MemorizingMessagingListener$Memory;
05-14 15:45:49.639  7966  7988 D M_InsDal: Lcom/fsck/k9/controller/MemorizingMessagingListener;--->getMemoryKey(Lcom/fsck/k9/Account;Ljava/lang/String;)Ljava/lang/String;
05-14 15:45:49.639  7966  7988 D M_InsDal: Lcom/fsck/k9/Account;--->getDescription()Ljava/lang/String;
05-14 15:45:49.639  7966  7988 D M_InsDal: Lcom/fsck/k9/controller/MemorizingMessagingListener$Memory;---><init>(Lcom/fsck/k9/Account;Ljava/lang/String;)V
05-14 15:45:49.639  7966  7988 D M_InsDal: Lcom/fsck/k9/controller/MemorizingMessagingListener;--->getMemoryKey(Lcom/fsck/k9/Account;Ljava/lang/String;)Ljava/lang/String;
05-14 15:45:49.639  7966  7988 D M_InsDal: Lcom/fsck/k9/Account;--->getDescription()Ljava/lang/String;
05-14 15:45:49.639  7966  7988 D M_InsDal: Lcom/fsck/k9/controller/MemorizingMessagingListener$MemorizingState;---><clinit>()V
05-14 15:45:49.639  7966  7988 D M_InsDal: Lcom/fsck/k9/controller/MemorizingMessagingListener$MemorizingState;---><init>(Ljava/lang/String;I)V
05-14 15:45:49.639  7966  7988 D M_InsDal: Lcom/fsck/k9/controller/MemorizingMessagingListener$MemorizingState;---><init>(Ljava/lang/String;I)V
05-14 15:45:49.639  7966  7988 D M_InsDal: Lcom/fsck/k9/controller/SimpleMessagingListener;--->setPushActive(Lcom/fsck/k9/Account;Ljava/lang/String;Z)V
05-14 15:45:49.639  7966  7988 D M_InsDal: Lcom/fsck/k9/controller/SimpleMessagingListener;--->setPushActive(Lcom/fsck/k9/Account;Ljava/lang/String;Z)V
05-14 15:45:49.639  7966  7988 D M_InsDal: Lcom/fsck/k9/mail/store/imap/ImapConnection;--->close()V
05-14 15:45:49.639  7966  7988 D M_InsDal: Lcom/fsck/k9/mail/store/imap/ImapFolder;--->getLogId()Ljava/lang/String;
05-14 15:45:49.639  7966  7988 D M_InsDal: Lcom/fsck/k9/mail/store/imap/ImapStore;--->getStoreConfig()Lcom/fsck/k9/mail/store/StoreConfig;
05-14 15:45:49.639  7966  7988 D M_InsDal: Lcom/fsck/k9/Account;--->toString()Ljava/lang/String;
05-14 15:45:49.639  7966  7988 D M_InsDal: Lcom/fsck/k9/mail/store/imap/ImapFolder;--->getName()Ljava/lang/String;
05-14 15:45:49.639  7966  7988 D M_InsDal: Lcom/fsck/k9/mail/store/imap/ImapFolder;--->getName()Ljava/lang/String;
05-14 15:45:49.639  7966  7988 D M_InsDal: Lcom/fsck/k9/controller/MessagingControllerPushReceiver;--->setPushActive(Ljava/lang/String;Z)V
05-14 15:45:49.639  7966  7988 D M_InsDal: Lcom/fsck/k9/controller/MessagingController;--->getListeners()Ljava/util/Set;
05-14 15:45:49.639  7966  7988 D M_InsDal: Lcom/fsck/k9/controller/MemorizingMessagingListener;--->setPushActive(Lcom/fsck/k9/Account;Ljava/lang/String;Z)V
05-14 15:45:49.639  7966  7988 D M_InsDal: Lcom/fsck/k9/controller/MemorizingMessagingListener;--->getMemory(Lcom/fsck/k9/Account;Ljava/lang/String;)Lcom/fsck/k9/controller/MemorizingMessagingListener$Memory;
05-14 15:45:49.639  7966  7988 D M_InsDal: Lcom/fsck/k9/controller/MemorizingMessagingListener;--->getMemoryKey(Lcom/fsck/k9/Account;Ljava/lang/String;)Ljava/lang/String;
05-14 15:45:49.639  7966  7988 D M_InsDal: Lcom/fsck/k9/Account;--->getDescription()Ljava/lang/String;
05-14 15:45:49.639  7966  7988 D M_InsDal: Lcom/fsck/k9/controller/SimpleMessagingListener;--->setPushActive(Lcom/fsck/k9/Account;Ljava/lang/String;Z)V
05-14 15:45:49.639  7966  7988 D M_InsDal: Lcom/fsck/k9/controller/SimpleMessagingListener;--->setPushActive(Lcom/fsck/k9/Account;Ljava/lang/String;Z)V
05-14 15:45:49.639  7966  7988 D M_InsDal: Lcom/fsck/k9/mail/K9MailLib;--->isDebug()Z
05-14 15:45:49.639  7966  7988 D M_InsDal: Lcom/fsck/k9/K9$2;--->enabled()Z
05-14 15:45:49.639  7966  7988 D M_InsDal: Lcom/fsck/k9/mail/store/imap/ImapFolder;--->close()V
05-14 15:45:49.639  7966  7988 D M_InsDal: Lcom/fsck/k9/mail/store/imap/ImapFolder;--->isOpen()Z
05-14 15:45:49.639  7966  7988 D M_InsDal: Lcom/fsck/k9/mail/power/TracingPowerManager$TracingWakeLock;--->release()V
05-14 15:45:49.640  7966  7988 D M_InsDal: Lcom/fsck/k9/mail/K9MailLib;--->isDebug()Z
05-14 15:45:49.640  7966  7988 D M_InsDal: Lcom/fsck/k9/K9$2;--->enabled()Z
05-14 15:45:49.640  7966  7988 D M_InsDal: Lcom/fsck/k9/mail/power/TracingPowerManager$TracingWakeLock;--->cancelNotification()V
05-14 15:45:53.538  7966  7989 D M_InsDal: Lcom/fsck/k9/mail/store/imap/ImapConnection;--->configureSocket()V
05-14 15:45:53.538  7966  7989 D M_InsDal: Lcom/fsck/k9/mail/store/imap/ImapConnection;--->setUpStreamsAndParserFromSocket()V
05-14 15:45:53.545  7966  7993 D M_InsDal: Lcom/fsck/k9/mail/store/imap/ImapConnection;--->configureSocket()V
05-14 15:45:53.545  7966  7993 D M_InsDal: Lcom/fsck/k9/mail/store/imap/ImapConnection;--->setUpStreamsAndParserFromSocket()V
05-14 15:45:53.575  7966  7993 D M_InsDal: Lcom/fsck/k9/mail/ssl/TrustManagerFactory$SecureX509TrustManager;--->checkServerTrusted([Ljava/security/cert/X509Certificate;Ljava/lang/String;)V
05-14 15:45:53.575  7966  7989 D M_InsDal: Lcom/fsck/k9/mail/ssl/TrustManagerFactory$SecureX509TrustManager;--->checkServerTrusted([Ljava/security/cert/X509Certificate;Ljava/lang/String;)V
05-14 15:45:53.608  7966  7993 D M_InsDal: Lcom/fsck/k9/mail/store/imap/ImapConnection;--->setUpStreamsAndParser(Ljava/io/InputStream;Ljava/io/OutputStream;)V
05-14 15:45:53.608  7966  7989 D M_InsDal: Lcom/fsck/k9/mail/store/imap/ImapConnection;--->setUpStreamsAndParser(Ljava/io/InputStream;Ljava/io/OutputStream;)V
05-14 15:45:53.608  7966  7989 D M_InsDal: Lcom/fsck/k9/mail/filter/PeekableInputStream;---><init>(Ljava/io/InputStream;)V
05-14 15:45:53.608  7966  7993 D M_InsDal: Lcom/fsck/k9/mail/filter/PeekableInputStream;---><init>(Ljava/io/InputStream;)V
05-14 15:45:53.608  7966  7989 D M_InsDal: Lcom/fsck/k9/mail/store/imap/ImapResponseParser;---><init>(Lcom/fsck/k9/mail/filter/PeekableInputStream;)V
