05-14 15:49:11.357  8897  8897 D M_InsDal: Lcom/fsck/k9/notification/DeviceNotifications;---><init>(Lcom/fsck/k9/notification/NotificationController;Lcom/fsck/k9/notification/NotificationActionCreator;Lcom/fsck/k9/notification/LockScreenNotification;Lcom/fsck/k9/notification/WearNotifications;)V
05-14 15:49:11.357  8897  8897 D M_InsDal: Lcom/fsck/k9/notification/BaseNotifications;---><init>(Lcom/fsck/k9/notification/NotificationController;Lcom/fsck/k9/notification/NotificationActionCreator;)V
05-14 15:49:11.357  8897  8897 D M_InsDal: Lcom/fsck/k9/notification/NotificationController;--->getContext()Landroid/content/Context;
05-14 15:49:11.357  8897  8897 D M_InsDal: Lcom/fsck/k9/notification/NewMailNotifications;---><init>(Lcom/fsck/k9/notification/NotificationController;Lcom/fsck/k9/notification/NotificationContentCreator;Lcom/fsck/k9/notification/DeviceNotifications;Lcom/fsck/k9/notification/WearNotifications;)V
05-14 15:49:11.357  8897  8897 D M_InsDal: Lcom/fsck/k9/helper/Contacts;---><clinit>()V
05-14 15:49:11.357  8897  8897 D M_InsDal: Lcom/fsck/k9/helper/Contacts;--->getInstance(Landroid/content/Context;)Lcom/fsck/k9/helper/Contacts;
05-14 15:49:11.357  8897  8897 D M_InsDal: Lcom/fsck/k9/helper/Contacts;---><init>(Landroid/content/Context;)V
05-14 15:49:11.357  8897  8897 D M_InsDal: Lcom/fsck/k9/mail/TransportProvider;---><clinit>()V
05-14 15:49:11.357  8897  8897 D M_InsDal: Lcom/fsck/k9/mail/TransportProvider;---><init>()V
05-14 15:49:11.357  8897  8897 D M_InsDal: Lcom/fsck/k9/mail/TransportProvider;--->getInstance()Lcom/fsck/k9/mail/TransportProvider;
05-14 15:49:11.357  8897  8897 D M_InsDal: Lcom/fsck/k9/controller/MessagingController;---><init>(Landroid/content/Context;Lcom/fsck/k9/notification/NotificationController;Lcom/fsck/k9/helper/Contacts;Lcom/fsck/k9/mail/TransportProvider;)V
05-14 15:49:11.357  8897  8897 D M_InsDal: Lcom/fsck/k9/controller/MemorizingMessagingListener;---><init>()V
05-14 15:49:11.357  8897  8897 D M_InsDal: Lcom/fsck/k9/controller/SimpleMessagingListener;---><init>()V
05-14 15:49:11.357  8897  8897 D M_InsDal: Lcom/fsck/k9/controller/MessagingController$1;---><init>(Lcom/fsck/k9/controller/MessagingController;)V
05-14 15:49:11.358  8897  8897 D M_InsDal: Lcom/fsck/k9/controller/MessagingController;--->addListener(Lcom/fsck/k9/controller/MessagingListener;)V
05-14 15:49:11.358  8897  8897 D M_InsDal: Lcom/fsck/k9/controller/MessagingController;--->refreshListener(Lcom/fsck/k9/controller/MessagingListener;)V
05-14 15:49:11.358  8897  8897 D M_InsDal: Lcom/fsck/k9/controller/MemorizingMessagingListener;--->refreshOther(Lcom/fsck/k9/controller/MessagingListener;)V
05-14 15:49:11.358  8897  8897 D M_InsDal: Lcom/fsck/k9/K9$3;---><init>(Lcom/fsck/k9/K9;)V
05-14 15:49:11.358  8897  8897 D M_InsDal: Lcom/fsck/k9/controller/SimpleMessagingListener;---><init>()V
05-14 15:49:11.358  8897  8897 D M_InsDal: Lcom/fsck/k9/controller/MessagingController;--->addListener(Lcom/fsck/k9/controller/MessagingListener;)V
05-14 15:49:11.358  8897  8897 D M_InsDal: Lcom/fsck/k9/controller/MessagingController;--->refreshListener(Lcom/fsck/k9/controller/MessagingListener;)V
05-14 15:49:11.358  8897  8915 D M_InsDal: Lcom/fsck/k9/controller/MessagingController$1;--->run()V
05-14 15:49:11.358  8897  8897 D M_InsDal: Lcom/fsck/k9/controller/MemorizingMessagingListener;--->refreshOther(Lcom/fsck/k9/controller/MessagingListener;)V
05-14 15:49:11.358  8897  8897 D M_InsDal: Lcom/fsck/k9/K9;--->notifyObservers()V
05-14 15:49:11.358  8897  8915 D M_InsDal: Lcom/fsck/k9/controller/MessagingController;--->runInBackground()V
05-14 15:49:11.358  8897  8897 D M_InsDal: Lcom/fsck/k9/provider/MessageProvider$1;--->initializeComponent(Landroid/app/Application;)V
05-14 15:49:11.358  8897  8897 D M_InsDal: Lcom/fsck/k9/controller/MessagingController;--->getInstance(Landroid/content/Context;)Lcom/fsck/k9/controller/MessagingController;
05-14 15:49:11.358  8897  8897 D M_InsDal: Lcom/fsck/k9/provider/MessageProvider$1$1;---><init>(Lcom/fsck/k9/provider/MessageProvider$1;Landroid/app/Application;)V
05-14 15:49:11.358  8897  8897 D M_InsDal: Lcom/fsck/k9/controller/SimpleMessagingListener;---><init>()V
05-14 15:49:11.358  8897  8897 D M_InsDal: Lcom/fsck/k9/controller/MessagingController;--->addListener(Lcom/fsck/k9/controller/MessagingListener;)V
05-14 15:49:11.358  8897  8897 D M_InsDal: Lcom/fsck/k9/controller/MessagingController;--->refreshListener(Lcom/fsck/k9/controller/MessagingListener;)V
05-14 15:49:11.358  8897  8897 D M_InsDal: Lcom/fsck/k9/controller/MemorizingMessagingListener;--->refreshOther(Lcom/fsck/k9/controller/MessagingListener;)V
05-14 15:49:11.360  8897  8897 D M_InsDal: Lcom/fsck/k9/activity/MessageCompose;---><clinit>()V
05-14 15:49:11.361  8897  8897 D M_InsDal: Lcom/fsck/k9/activity/MessageCompose;---><init>()V
05-14 15:49:11.361  8897  8897 D M_InsDal: Lcom/fsck/k9/activity/K9Activity;---><init>()V
05-14 15:49:11.361  8897  8897 D M_InsDal: Lcom/fsck/k9/activity/MessageCompose$10;---><init>(Lcom/fsck/k9/activity/MessageCompose;)V
05-14 15:49:11.361  8897  8897 D M_InsDal: Lcom/fsck/k9/activity/MessageCompose$11;---><init>(Lcom/fsck/k9/activity/MessageCompose;)V
05-14 15:49:11.361  8897  8897 D M_InsDal: Lcom/fsck/k9/controller/SimpleMessagingListener;---><init>()V
05-14 15:49:11.361  8897  8897 D M_InsDal: Lcom/fsck/k9/activity/MessageCompose$12;---><init>(Lcom/fsck/k9/activity/MessageCompose;)V
05-14 15:49:11.361  8897  8897 D M_InsDal: Lcom/fsck/k9/activity/MessageCompose$13;---><init>(Lcom/fsck/k9/activity/MessageCompose;)V
05-14 15:49:11.362  8897  8897 D M_InsDal: Lcom/fsck/k9/activity/K9Activity;--->onCreate(Landroid/os/Bundle;)V
05-14 15:49:11.362  8897  8897 D M_InsDal: Lcom/fsck/k9/activity/K9ActivityCommon;--->newInstance(Landroid/app/Activity;)Lcom/fsck/k9/activity/K9ActivityCommon;
05-14 15:49:11.362  8897  8897 D M_InsDal: Lcom/fsck/k9/activity/K9ActivityCommon;---><init>(Landroid/app/Activity;)V
05-14 15:49:11.362  8897  8897 D M_InsDal: Lcom/fsck/k9/K9;--->getK9Language()Ljava/lang/String;
05-14 15:49:11.362  8897  8897 D M_InsDal: Lcom/fsck/k9/activity/K9ActivityCommon;--->setLanguage(Landroid/content/Context;Ljava/lang/String;)V
05-14 15:49:11.362  8897  8897 D M_InsDal: Lcom/fsck/k9/K9;--->getK9ThemeResourceId()I
05-14 15:49:11.362  8897  8897 D M_InsDal: Lcom/fsck/k9/K9;--->getK9ThemeResourceId(Lcom/fsck/k9/K9$Theme;)I
05-14 15:49:11.363  8897  8897 D M_InsDal: Lcom/fsck/k9/activity/MessageCompose;--->onCreate(Landroid/os/Bundle;)V
05-14 15:49:11.363  8897  8897 D M_InsDal: Lcom/fsck/k9/activity/UpgradeDatabases;--->actionUpgradeDatabases(Landroid/content/Context;Landroid/content/Intent;)Z
05-14 15:49:11.363  8897  8897 D M_InsDal: Lcom/fsck/k9/K9;--->areDatabasesUpToDate()Z
05-14 15:49:11.364  8897  8897 D M_InsDal: Lcom/fsck/k9/K9;--->getK9ComposerThemeSetting()Lcom/fsck/k9/K9$Theme;
05-14 15:49:11.381  8897  8897 D M_InsDal: Lcom/fsck/k9/view/ToolableViewAnimator;---><init>(Landroid/content/Context;Landroid/util/AttributeSet;)V
05-14 15:49:11.382  8897  8897 D M_InsDal: Lcom/fsck/k9/view/ToolableViewAnimator;--->addView(Landroid/view/View;ILandroid/view/ViewGroup$LayoutParams;)V
05-14 15:49:11.383  8897  8897 D M_InsDal: Lcom/fsck/k9/view/ToolableViewAnimator;--->addView(Landroid/view/View;ILandroid/view/ViewGroup$LayoutParams;)V
05-14 15:49:11.383  8897  8897 D M_InsDal: Lcom/fsck/k9/view/ToolableViewAnimator;---><init>(Landroid/content/Context;Landroid/util/AttributeSet;)V
05-14 15:49:11.383  8897  8897 D M_InsDal: Lcom/fsck/k9/view/ToolableViewAnimator;--->addView(Landroid/view/View;ILandroid/view/ViewGroup$LayoutParams;)V
05-14 15:49:11.384  8897  8897 D M_InsDal: Lcom/fsck/k9/view/ToolableViewAnimator;--->addView(Landroid/view/View;ILandroid/view/ViewGroup$LayoutParams;)V
05-14 15:49:11.387  8897  8897 D M_InsDal: Lcom/fsck/k9/view/RecipientSelectView;---><init>(Landroid/content/Context;Landroid/util/AttributeSet;)V
05-14 15:49:11.395  8897  8897 D M_InsDal: Lcom/fsck/k9/view/RecipientSelectView;--->initView(Landroid/content/Context;)V
05-14 15:49:11.395  8897  8897 D M_InsDal: Lcom/fsck/k9/activity/AlternateRecipientAdapter;---><init>(Landroid/content/Context;Lcom/fsck/k9/activity/AlternateRecipientAdapter$AlternateRecipientListener;)V
05-14 15:49:11.396  8897  8897 D M_InsDal: Lcom/fsck/k9/activity/compose/RecipientAdapter;---><init>(Landroid/content/Context;)V
05-14 15:49:11.396  8897  8897 D M_InsDal: Lcom/fsck/k9/activity/compose/RecipientAdapter;--->getFilter()Landroid/widget/Filter;
05-14 15:49:11.396  8897  8897 D M_InsDal: Lcom/fsck/k9/activity/compose/RecipientAdapter$1;---><init>(Lcom/fsck/k9/activity/compose/RecipientAdapter;)V
05-14 15:49:11.397  8897  8897 D M_InsDal: Lcom/fsck/k9/view/RecipientSelectView;---><init>(Landroid/content/Context;Landroid/util/AttributeSet;)V
05-14 15:49:11.398  8897  8897 D M_InsDal: Lcom/fsck/k9/view/RecipientSelectView;--->initView(Landroid/content/Context;)V
05-14 15:49:11.399  8897  8897 D M_InsDal: Lcom/fsck/k9/activity/AlternateRecipientAdapter;---><init>(Landroid/content/Context;Lcom/fsck/k9/activity/AlternateRecipientAdapter$AlternateRecipientListener;)V
05-14 15:49:11.399  8897  8897 D M_InsDal: Lcom/fsck/k9/activity/compose/RecipientAdapter;---><init>(Landroid/content/Context;)V
05-14 15:49:11.399  8897  8897 D M_InsDal: Lcom/fsck/k9/activity/compose/RecipientAdapter;--->getFilter()Landroid/widget/Filter;
05-14 15:49:11.399  8897  8897 D M_InsDal: Lcom/fsck/k9/activity/compose/RecipientAdapter$1;---><init>(Lcom/fsck/k9/activity/compose/RecipientAdapter;)V
05-14 15:49:11.399  8897  8897 D M_InsDal: Lcom/fsck/k9/view/RecipientSelectView;---><init>(Landroid/content/Context;Landroid/util/AttributeSet;)V
05-14 15:49:11.400  8897  8897 D M_InsDal: Lcom/fsck/k9/view/RecipientSelectView;--->initView(Landroid/content/Context;)V
05-14 15:49:11.400  8897  8897 D M_InsDal: Lcom/fsck/k9/activity/AlternateRecipientAdapter;---><init>(Landroid/content/Context;Lcom/fsck/k9/activity/AlternateRecipientAdapter$AlternateRecipientListener;)V
05-14 15:49:11.400  8897  8897 D M_InsDal: Lcom/fsck/k9/activity/compose/RecipientAdapter;---><init>(Landroid/content/Context;)V
05-14 15:49:11.400  8897  8897 D M_InsDal: Lcom/fsck/k9/activity/compose/RecipientAdapter;--->getFilter()Landroid/widget/Filter;
05-14 15:49:11.400  8897  8897 D M_InsDal: Lcom/fsck/k9/activity/compose/RecipientAdapter$1;---><init>(Lcom/fsck/k9/activity/compose/RecipientAdapter;)V
05-14 15:49:11.401  8897  8897 D M_InsDal: Lcom/fsck/k9/ui/EolConvertingEditText;---><init>(Landroid/content/Context;Landroid/util/AttributeSet;)V
05-14 15:49:11.405  8897  8897 D M_InsDal: Lcom/fsck/k9/ui/EolConvertingEditText;---><init>(Landroid/content/Context;Landroid/util/AttributeSet;)V
05-14 15:49:11.406  8897  8897 D M_InsDal: Lcom/fsck/k9/view/RigidWebView;---><clinit>()V
05-14 15:49:11.406  8897  8897 D M_InsDal: Lcom/fsck/k9/view/MessageWebView;---><init>(Landroid/content/Context;Landroid/util/AttributeSet;)V
05-14 15:49:11.406  8897  8897 D M_InsDal: Lcom/fsck/k9/view/RigidWebView;---><init>(Landroid/content/Context;Landroid/util/AttributeSet;)V
05-14 15:49:11.491  8897  8897 D M_InsDal: Lcom/fsck/k9/Clock;---><clinit>()V
05-14 15:49:11.491  8897  8897 D M_InsDal: Lcom/fsck/k9/Clock;---><init>()V
05-14 15:49:11.491  8897  8897 D M_InsDal: Lcom/fsck/k9/Throttle;---><clinit>()V
05-14 15:49:11.492  8897  8897 D M_InsDal: Lcom/fsck/k9/view/RigidWebView$1;---><init>(Lcom/fsck/k9/view/RigidWebView;)V
05-14 15:49:11.492  8897  8897 D M_InsDal: Lcom/fsck/k9/helper/Utility;--->getMainThreadHandler()Landroid/os/Handler;
05-14 15:49:11.492  8897  8897 D M_InsDal: Lcom/fsck/k9/Throttle;---><init>(Ljava/lang/String;Ljava/lang/Runnable;Landroid/os/Handler;II)V
05-14 15:49:11.492  8897  8897 D M_InsDal: Lcom/fsck/k9/Throttle;---><init>(Ljava/lang/String;Ljava/lang/Runnable;Landroid/os/Handler;IILcom/fsck/k9/Clock;Ljava/util/Timer;)V
05-14 15:49:11.494  8897  8897 D M_InsDal: Lcom/fsck/k9/ui/EolConvertingEditText;---><init>(Landroid/content/Context;Landroid/util/AttributeSet;)V
05-14 15:49:11.495  8897  8897 D M_InsDal: Lcom/fsck/k9/activity/MessageCompose;--->initializeActionBar()V
05-14 15:49:11.495  8897  8897 D M_InsDal: Lcom/fsck/k9/activity/MessageReference;--->parse(Ljava/lang/String;)Lcom/fsck/k9/activity/MessageReference;
05-14 15:49:11.495  8897  8897 D M_InsDal: Lcom/fsck/k9/Preferences;--->getPreferences(Landroid/content/Context;)Lcom/fsck/k9/Preferences;
05-14 15:49:11.495  8897  8897 D M_InsDal: Lcom/fsck/k9/Preferences;--->getAccount(Ljava/lang/String;)Lcom/fsck/k9/Account;
05-14 15:49:11.495  8897  8897 D M_InsDal: Lcom/fsck/k9/Preferences;--->getPreferences(Landroid/content/Context;)Lcom/fsck/k9/Preferences;
05-14 15:49:11.495  8897  8897 D M_InsDal: Lcom/fsck/k9/Preferences;--->getDefaultAccount()Lcom/fsck/k9/Account;
05-14 15:49:11.495  8897  8897 D M_InsDal: Lcom/fsck/k9/Preferences;--->getStorage()Lcom/fsck/k9/preferences/Storage;
05-14 15:49:11.495  8897  8897 D M_InsDal: Lcom/fsck/k9/preferences/Storage;--->getString(Ljava/lang/String;Ljava/lang/String;)Ljava/lang/String;
05-14 15:49:11.495  8897  8897 D M_InsDal: Lcom/fsck/k9/Preferences;--->getAccount(Ljava/lang/String;)Lcom/fsck/k9/Account;
05-14 15:49:11.495  8897  8897 D M_InsDal: Lcom/fsck/k9/helper/Contacts;--->getInstance(Landroid/content/Context;)Lcom/fsck/k9/helper/Contacts;
05-14 15:49:11.495  8897  8897 D M_InsDal: Lcom/fsck/k9/helper/Contacts;---><init>(Landroid/content/Context;)V
05-14 15:49:11.495  8897  8897 D M_InsDal: Lcom/fsck/k9/activity/compose/RecipientMvpView;---><clinit>()V
05-14 15:49:11.495  8897  8897 D M_InsDal: Lcom/fsck/k9/activity/compose/RecipientMvpView;---><init>(Lcom/fsck/k9/activity/MessageCompose;)V
05-14 15:49:11.495  8897  8897 D M_InsDal: Lcom/fsck/k9/message/ComposePgpInlineDecider;---><init>()V
05-14 15:49:11.495  8897  8897 D M_InsDal: Lcom/fsck/k9/message/ComposePgpEnableByDefaultDecider;---><init>()V
05-14 15:49:11.495  8897  8897 D M_InsDal: Lcom/fsck/k9/message/AutocryptStatusInteractor;---><clinit>()V
05-14 15:49:11.495  8897  8897 D M_InsDal: Lcom/fsck/k9/message/AutocryptStatusInteractor;---><init>()V
05-14 15:49:11.495  8897  8897 D M_InsDal: Lcom/fsck/k9/message/AutocryptStatusInteractor;--->getInstance()Lcom/fsck/k9/message/AutocryptStatusInteractor;
05-14 15:49:11.496  8897  8897 D M_InsDal: Lcom/fsck/k9/helper/ReplyToParser;---><init>()V
05-14 15:49:11.496  8897  8897 D M_InsDal: Lcom/fsck/k9/activity/compose/RecipientPresenter;---><init>(Landroid/content/Context;Landroid/app/LoaderManager;Lcom/fsck/k9/activity/compose/RecipientMvpView;Lcom/fsck/k9/Account;Lcom/fsck/k9/message/ComposePgpInlineDecider;Lcom/fsck/k9/message/ComposePgpEnableByDefaultDecider;Lcom/fsck/k9/message/AutocryptStatusInteractor;Lcom/fsck/k9/helper/ReplyToParser;Lcom/fsck/k9/activity/compose/RecipientPresenter$RecipientsChangedListener;)V
05-14 15:49:11.496  8897  8897 D M_InsDal: Lcom/fsck/k9/activity/compose/RecipientPresenter$CryptoProviderState;---><clinit>()V
05-14 15:49:11.496  8897  8897 D M_InsDal: Lcom/fsck/k9/activity/compose/RecipientPresenter$CryptoProviderState;---><init>(Ljava/lang/String;I)V
05-14 15:49:11.496  8897  8897 D M_InsDal: Lcom/fsck/k9/activity/compose/RecipientPresenter$CryptoProviderState;---><init>(Ljava/lang/String;I)V
05-14 15:49:11.496  8897  8897 D M_InsDal: Lcom/fsck/k9/mail/Message$RecipientType;---><clinit>()V
05-14 15:49:11.496  8897  8897 D M_InsDal: Lcom/fsck/k9/mail/Message$RecipientType;---><init>(Ljava/lang/String;I)V
05-14 15:49:11.496  8897  8897 D M_InsDal: Lcom/fsck/k9/mail/Message$RecipientType;---><init>(Ljava/lang/String;I)V
05-14 15:49:11.496  8897  8897 D M_InsDal: Lcom/fsck/k9/activity/compose/RecipientPresenter$CryptoMode;---><clinit>()V
05-14 15:49:11.496  8897  8897 D M_InsDal: Lcom/fsck/k9/activity/compose/RecipientPresenter$CryptoMode;---><init>(Ljava/lang/String;I)V
05-14 15:49:11.496  8897  8897 D M_InsDal: Lcom/fsck/k9/activity/compose/RecipientPresenter$CryptoMode;---><init>(Ljava/lang/String;I)V
05-14 15:49:11.496  8897  8897 D M_InsDal: Lcom/fsck/k9/activity/compose/RecipientMvpView;--->setPresenter(Lcom/fsck/k9/activity/compose/RecipientPresenter;)V
05-14 15:49:11.496  8897  8897 D M_InsDal: Lcom/fsck/k9/activity/compose/RecipientMvpView$1;---><init>(Lcom/fsck/k9/activity/compose/RecipientMvpView;Lcom/fsck/k9/activity/compose/RecipientPresenter;)V
05-14 15:49:11.496  8897  8897 D M_InsDal: Lcom/fsck/k9/view/RecipientSelectView;--->setTokenListener(Lcom/fsck/k9/view/RecipientSelectView$TokenListener;)V
05-14 15:49:11.496  8897  8897 D M_InsDal: Lcom/fsck/k9/activity/compose/RecipientMvpView$2;---><init>(Lcom/fsck/k9/activity/compose/RecipientMvpView;Lcom/fsck/k9/activity/compose/RecipientPresenter;)V
05-14 15:49:11.496  8897  8897 D M_InsDal: Lcom/fsck/k9/view/RecipientSelectView;--->setTokenListener(Lcom/fsck/k9/view/RecipientSelectView$TokenListener;)V
05-14 15:49:11.496  8897  8897 D M_InsDal: Lcom/fsck/k9/activity/compose/RecipientMvpView$3;---><init>(Lcom/fsck/k9/activity/compose/RecipientMvpView;Lcom/fsck/k9/activity/compose/RecipientPresenter;)V
05-14 15:49:11.496  8897  8897 D M_InsDal: Lcom/fsck/k9/view/RecipientSelectView;--->setTokenListener(Lcom/fsck/k9/view/RecipientSelectView$TokenListener;)V
05-14 15:49:11.496  8897  8897 D M_InsDal: Lcom/fsck/k9/activity/compose/RecipientMvpView;--->setLoaderManager(Landroid/app/LoaderManager;)V
05-14 15:49:11.496  8897  8897 D M_InsDal: Lcom/fsck/k9/view/RecipientSelectView;--->setLoaderManager(Landroid/app/LoaderManager;)V
05-14 15:49:11.496  8897  8897 D M_InsDal: Lcom/fsck/k9/view/RecipientSelectView;--->setLoaderManager(Landroid/app/LoaderManager;)V
05-14 15:49:11.496  8897  8897 D M_InsDal: Lcom/fsck/k9/activity/compose/RecipientPresenter;--->onSwitchAccount(Lcom/fsck/k9/Account;)V
05-14 15:49:11.496  8897  8897 D M_InsDal: Lcom/fsck/k9/Account;--->isAlwaysShowCcBcc()Z
05-14 15:49:11.496  8897  8897 D M_InsDal: Lcom/fsck/k9/activity/compose/RecipientPresenter;--->setupCryptoProvider()V
05-14 15:49:11.496  8897  8897 D M_InsDal: Lcom/fsck/k9/K9;--->getOpenPgpProvider()Ljava/lang/String;
05-14 15:49:11.496  8897  8897 D M_InsDal: Lcom/fsck/k9/activity/compose/RecipientPresenter;--->setCryptoProviderState(Lcom/fsck/k9/activity/compose/RecipientPresenter$CryptoProviderState;)V
05-14 15:49:11.496  8897  8897 D M_InsDal: Lcom/fsck/k9/activity/compose/RecipientMvpView;--->setCryptoProvider(Ljava/lang/String;)V
05-14 15:49:11.496  8897  8897 D M_InsDal: Lcom/fsck/k9/view/RecipientSelectView;--->setCryptoProvider(Ljava/lang/String;Z)V
05-14 15:49:11.496  8897  8897 D M_InsDal: Lcom/fsck/k9/activity/compose/RecipientAdapter;--->setShowAdvancedInfo(Z)V
05-14 15:49:11.496  8897  8897 D M_InsDal: Lcom/fsck/k9/activity/AlternateRecipientAdapter;--->setShowAdvancedInfo(Z)V
05-14 15:49:11.496  8897  8897 D M_InsDal: Lcom/fsck/k9/view/RecipientSelectView;--->setCryptoProvider(Ljava/lang/String;Z)V
05-14 15:49:11.496  8897  8897 D M_InsDal: Lcom/fsck/k9/activity/compose/RecipientAdapter;--->setShowAdvancedInfo(Z)V
05-14 15:49:11.496  8897  8897 D M_InsDal: Lcom/fsck/k9/activity/AlternateRecipientAdapter;--->setShowAdvancedInfo(Z)V
05-14 15:49:11.496  8897  8897 D M_InsDal: Lcom/fsck/k9/view/RecipientSelectView;--->setCryptoProvider(Ljava/lang/String;Z)V
05-14 15:49:11.496  8897  8897 D M_InsDal: Lcom/fsck/k9/activity/compose/RecipientAdapter;--->setShowAdvancedInfo(Z)V
05-14 15:49:11.496  8897  8897 D M_InsDal: Lcom/fsck/k9/activity/AlternateRecipientAdapter;--->setShowAdvancedInfo(Z)V
05-14 15:49:11.496  8897  8897 D M_InsDal: Lcom/fsck/k9/activity/compose/RecipientPresenter;--->asyncUpdateCryptoStatus()V
05-14 15:49:11.496  8897  8897 D M_InsDal: Lcom/fsck/k9/Account;--->getCryptoKey()J
05-14 15:49:11.496  8897  8897 D M_InsDal: Lcom/fsck/k9/activity/compose/ComposeCryptoStatus$ComposeCryptoStatusBuilder;---><init>()V
05-14 15:49:11.496  8897  8897 D M_InsDal: Lcom/fsck/k9/activity/compose/ComposeCryptoStatus$ComposeCryptoStatusBuilder;--->setCryptoProviderState(Lcom/fsck/k9/activity/compose/RecipientPresenter$CryptoProviderState;)Lcom/fsck/k9/activity/compose/ComposeCryptoStatus$ComposeCryptoStatusBuilder;
05-14 15:49:11.496  8897  8897 D M_InsDal: Lcom/fsck/k9/activity/compose/ComposeCryptoStatus$ComposeCryptoStatusBuilder;--->setCryptoMode(Lcom/fsck/k9/activity/compose/RecipientPresenter$CryptoMode;)Lcom/fsck/k9/activity/compose/ComposeCryptoStatus$ComposeCryptoStatusBuilder;
05-14 15:49:11.496  8897  8897 D M_InsDal: Lcom/fsck/k9/activity/compose/ComposeCryptoStatus$ComposeCryptoStatusBuilder;--->setEnablePgpInline(Z)Lcom/fsck/k9/activity/compose/ComposeCryptoStatus$ComposeCryptoStatusBuilder;
05-14 15:49:11.496  8897  8897 D M_InsDal: Lcom/fsck/k9/Account;--->getAutocryptPreferEncryptMutual()Z
05-14 15:49:11.496  8897  8897 D M_InsDal: Lcom/fsck/k9/activity/compose/ComposeCryptoStatus$ComposeCryptoStatusBuilder;--->setPreferEncryptMutual(Z)Lcom/fsck/k9/activity/compose/ComposeCryptoStatus$ComposeCryptoStatusBuilder;
05-14 15:49:11.496  8897  8897 D M_InsDal: Lcom/fsck/k9/activity/compose/RecipientPresenter;--->getAllRecipients()Ljava/util/List;
05-14 15:49:11.496  8897  8897 D M_InsDal: Lcom/fsck/k9/activity/compose/RecipientMvpView;--->getToRecipients()Ljava/util/List;
05-14 15:49:11.496  8897  8897 D M_InsDal: Lcom/fsck/k9/activity/compose/RecipientMvpView;--->getCcRecipients()Ljava/util/List;
05-14 15:49:11.496  8897  8897 D M_InsDal: Lcom/fsck/k9/activity/compose/RecipientMvpView;--->getBccRecipients()Ljava/util/List;
05-14 15:49:11.496  8897  8897 D M_InsDal: Lcom/fsck/k9/activity/compose/ComposeCryptoStatus$ComposeCryptoStatusBuilder;--->setRecipients(Ljava/util/List;)Lcom/fsck/k9/activity/compose/ComposeCryptoStatus$ComposeCryptoStatusBuilder;
05-14 15:49:11.496  8897  8897 D M_InsDal: Lcom/fsck/k9/activity/compose/ComposeCryptoStatus$ComposeCryptoStatusBuilder;--->setOpenPgpKeyId(Ljava/lang/Long;)Lcom/fsck/k9/activity/compose/ComposeCryptoStatus$ComposeCryptoStatusBuilder;
05-14 15:49:11.496  8897  8897 D M_InsDal: Lcom/fsck/k9/activity/compose/ComposeCryptoStatus$ComposeCryptoStatusBuilder;--->build()Lcom/fsck/k9/activity/compose/ComposeCryptoStatus;
05-14 15:49:11.496  8897  8897 D M_InsDal: Lcom/fsck/k9/activity/compose/ComposeCryptoStatus;---><init>()V
05-14 15:49:11.496  8897  8897 D M_InsDal: Lcom/fsck/k9/activity/compose/ComposeCryptoStatus;--->getRecipientAddresses()[Ljava/lang/String;
05-14 15:49:11.496  8897  8897 D M_InsDal: Lcom/fsck/k9/activity/compose/RecipientPresenter$1;---><init>(Lcom/fsck/k9/activity/compose/RecipientPresenter;[Ljava/lang/String;Lcom/fsck/k9/activity/compose/ComposeCryptoStatus;)V
05-14 15:49:11.496  8897  8897 D M_InsDal: Lcom/fsck/k9/activity/compose/RecipientPresenter;--->asyncUpdateCryptoStatus()V
05-14 15:49:11.496  8897  8897 D M_InsDal: Lcom/fsck/k9/Account;--->getCryptoKey()J
05-14 15:49:11.496  8897  8897 D M_InsDal: Lcom/fsck/k9/activity/compose/ComposeCryptoStatus$ComposeCryptoStatusBuilder;---><init>()V
05-14 15:49:11.496  8897  8897 D M_InsDal: Lcom/fsck/k9/activity/compose/ComposeCryptoStatus$ComposeCryptoStatusBuilder;--->setCryptoProviderState(Lcom/fsck/k9/activity/compose/RecipientPresenter$CryptoProviderState;)Lcom/fsck/k9/activity/compose/ComposeCryptoStatus$ComposeCryptoStatusBuilder;
05-14 15:49:11.496  8897  8897 D M_InsDal: Lcom/fsck/k9/activity/compose/ComposeCryptoStatus$ComposeCryptoStatusBuilder;--->setCryptoMode(Lcom/fsck/k9/activity/compose/RecipientPresenter$CryptoMode;)Lcom/fsck/k9/activity/compose/ComposeCryptoStatus$ComposeCryptoStatusBuilder;
05-14 15:49:11.518  8897  8962 D M_InsDal: Lcom/fsck/k9/mail/Store;---><init>()V
05-14 15:49:11.518  8897  8897 D M_InsDal: Lcom/fsck/k9/activity/compose/ComposeCryptoStatus;--->getCryptoSpecialModeDisplayType()Lcom/fsck/k9/activity/compose/RecipientMvpView$CryptoSpecialModeDisplayType;
05-14 15:49:11.518  8897  8897 D M_InsDal: Lcom/fsck/k9/activity/compose/RecipientMvpView$CryptoSpecialModeDisplayType;---><clinit>()V
05-14 15:49:11.518  8897  8962 D M_InsDal: Lcom/fsck/k9/message/extractors/MessagePreviewCreator;--->newInstance()Lcom/fsck/k9/message/extractors/MessagePreviewCreator;
05-14 15:49:11.518  8897  8897 D M_InsDal: Lcom/fsck/k9/activity/compose/RecipientMvpView$CryptoSpecialModeDisplayType;---><init>(Ljava/lang/String;II)V
05-14 15:49:11.518  8897  8897 D M_InsDal: Lcom/fsck/k9/activity/compose/RecipientMvpView$CryptoSpecialModeDisplayType;---><init>(Ljava/lang/String;II)V
05-14 15:49:11.518  8897  8962 D M_InsDal: Lcom/fsck/k9/message/extractors/TextPartFinder;---><init>()V
05-14 15:49:11.518  8897  8897 D M_InsDal: Lcom/fsck/k9/activity/compose/RecipientMvpView;--->showCryptoSpecialMode(Lcom/fsck/k9/activity/compose/RecipientMvpView$CryptoSpecialModeDisplayType;)V
05-14 15:49:11.518  8897  8962 D M_InsDal: Lcom/fsck/k9/message/extractors/PreviewTextExtractor;---><init>()V
05-14 15:49:11.518  8897  8962 D M_InsDal: Lcom/fsck/k9/message/extractors/EncryptionDetector;---><init>(Lcom/fsck/k9/message/extractors/TextPartFinder;)V
05-14 15:49:11.518  8897  8962 D M_InsDal: Lcom/fsck/k9/message/extractors/MessagePreviewCreator;---><init>(Lcom/fsck/k9/message/extractors/TextPartFinder;Lcom/fsck/k9/message/extractors/PreviewTextExtractor;Lcom/fsck/k9/message/extractors/EncryptionDetector;)V
05-14 15:49:11.518  8897  8962 D M_InsDal: Lcom/fsck/k9/message/extractors/MessageFulltextCreator;--->newInstance()Lcom/fsck/k9/message/extractors/MessageFulltextCreator;
05-14 15:49:11.518  8897  8962 D M_InsDal: Lcom/fsck/k9/message/extractors/TextPartFinder;---><init>()V
05-14 15:49:11.518  8897  8897 D M_InsDal: Lcom/fsck/k9/activity/compose/RecipientPresenter$1;--->onPostExecute(Lcom/fsck/k9/message/AutocryptStatusInteractor$RecipientAutocryptStatus;)V
05-14 15:49:11.518  8897  8962 D M_InsDal: Lcom/fsck/k9/message/extractors/EncryptionDetector;---><init>(Lcom/fsck/k9/message/extractors/TextPartFinder;)V
05-14 15:49:11.518  8897  8897 D M_InsDal: Lcom/fsck/k9/activity/compose/RecipientPresenter;--->redrawCachedCryptoStatusIcon()V
05-14 15:49:11.518  8897  8897 D M_InsDal: Lcom/fsck/k9/activity/compose/ComposeCryptoStatus;--->isEncryptionEnabled()Z
05-14 15:49:11.518  8897  8962 D M_InsDal: Lcom/fsck/k9/message/extractors/MessageFulltextCreator;---><init>(Lcom/fsck/k9/message/extractors/TextPartFinder;Lcom/fsck/k9/message/extractors/EncryptionDetector;)V
05-14 15:49:11.518  8897  8897 D M_InsDal: Lcom/fsck/k9/activity/compose/RecipientMvpView;--->setRecipientTokensShowCryptoEnabled(Z)V
05-14 15:49:11.518  8897  8897 D M_InsDal: Lcom/fsck/k9/view/RecipientSelectView;--->setShowCryptoEnabled(Z)V
05-14 15:49:11.518  8897  8897 D M_InsDal: Lcom/fsck/k9/view/RecipientSelectView;--->redrawAllTokens()V
05-14 15:49:11.518  8897  8962 D M_InsDal: Lcom/fsck/k9/message/extractors/AttachmentCounter;--->newInstance()Lcom/fsck/k9/message/extractors/AttachmentCounter;
05-14 15:49:11.518  8897  8962 D M_InsDal: Lcom/fsck/k9/message/extractors/TextPartFinder;---><init>()V
05-14 15:49:11.518  8897  8962 D M_InsDal: Lcom/fsck/k9/message/extractors/EncryptionDetector;---><init>(Lcom/fsck/k9/message/extractors/TextPartFinder;)V
05-14 15:49:11.518  8897  8897 D M_InsDal: Lcom/fsck/k9/view/RecipientSelectView;--->setShowCryptoEnabled(Z)V
05-14 15:49:11.518  8897  8962 D M_InsDal: Lcom/fsck/k9/message/extractors/AttachmentCounter;---><init>(Lcom/fsck/k9/message/extractors/EncryptionDetector;)V
05-14 15:49:11.518  8897  8897 D M_InsDal: Lcom/fsck/k9/view/RecipientSelectView;--->redrawAllTokens()V
05-14 15:49:11.518  8897  8897 D M_InsDal: Lcom/fsck/k9/view/RecipientSelectView;--->setShowCryptoEnabled(Z)V
05-14 15:49:11.518  8897  8897 D M_InsDal: Lcom/fsck/k9/view/RecipientSelectView;--->redrawAllTokens()V
05-14 15:49:11.518  8897  8897 D M_InsDal: Lcom/fsck/k9/activity/compose/ComposeCryptoStatus;--->getCryptoStatusDisplayType()Lcom/fsck/k9/activity/compose/RecipientMvpView$CryptoStatusDisplayType;
05-14 15:49:11.518  8897  8897 D M_InsDal: Lcom/fsck/k9/activity/compose/RecipientMvpView;--->showCryptoStatus(Lcom/fsck/k9/activity/compose/RecipientMvpView$CryptoStatusDisplayType;)V
05-14 15:49:11.518  8897  8962 D M_InsDal: Lcom/fsck/k9/controller/PendingCommandSerializer;---><clinit>()V
05-14 15:49:11.518  8897  8897 D M_InsDal: Lcom/fsck/k9/activity/compose/ComposeCryptoStatus;--->getCryptoSpecialModeDisplayType()Lcom/fsck/k9/activity/compose/RecipientMvpView$CryptoSpecialModeDisplayType;
05-14 15:49:11.518  8897  8897 D M_InsDal: Lcom/fsck/k9/activity/compose/RecipientMvpView;--->showCryptoSpecialMode(Lcom/fsck/k9/activity/compose/RecipientMvpView$CryptoSpecialModeDisplayType;)V
05-14 15:49:11.518  8897  8962 D M_InsDal: Lcom/fsck/k9/controller/PendingCommandSerializer;---><init>()V
05-14 15:49:11.521  8897  8962 D M_InsDal: Lcom/fsck/k9/controller/PendingCommandSerializer;--->getInstance()Lcom/fsck/k9/controller/PendingCommandSerializer;
05-14 15:49:11.521  8897  8962 D M_InsDal: Lcom/fsck/k9/message/extractors/AttachmentInfoExtractor;--->getInstance()Lcom/fsck/k9/message/extractors/AttachmentInfoExtractor;
05-14 15:49:11.521  8897  8962 D M_InsDal: Lcom/fsck/k9/Globals;--->getContext()Landroid/content/Context;
05-14 15:49:11.521  8897  8962 D M_InsDal: Lcom/fsck/k9/message/extractors/AttachmentInfoExtractor;---><init>(Landroid/content/Context;)V
05-14 15:49:11.521  8897  8962 D M_InsDal: Lcom/fsck/k9/Account;--->getUuid()Ljava/lang/String;
05-14 15:49:11.521  8897  8962 D M_InsDal: Lcom/fsck/k9/mailstore/StoreSchemaDefinition;---><init>(Lcom/fsck/k9/mailstore/LocalStore;)V
05-14 15:49:11.521  8897  8962 D M_InsDal: Lcom/fsck/k9/mailstore/LockableDatabase;---><init>(Landroid/content/Context;Ljava/lang/String;Lcom/fsck/k9/mailstore/LockableDatabase$SchemaDefinition;)V
05-14 15:49:11.521  8897  8962 D M_InsDal: Lcom/fsck/k9/mailstore/LockableDatabase$StorageListener;---><init>(Lcom/fsck/k9/mailstore/LockableDatabase;)V
05-14 15:49:11.521  8897  8962 D M_InsDal: Lcom/fsck/k9/Account;--->getLocalStorageProviderId()Ljava/lang/String;
05-14 15:49:11.521  8897  8962 D M_InsDal: Lcom/fsck/k9/mailstore/LockableDatabase;--->setStorageProviderId(Ljava/lang/String;)V
05-14 15:49:11.521  8897  8962 D M_InsDal: Lcom/fsck/k9/mailstore/LockableDatabase;--->open()V
05-14 15:49:11.521  8897  8962 D M_InsDal: Lcom/fsck/k9/mailstore/LockableDatabase;--->lockWrite()V
05-14 15:49:11.521  8897  8962 D M_InsDal: Lcom/fsck/k9/mailstore/LockableDatabase;--->lockWrite(Ljava/lang/String;)V
05-14 15:49:11.521  8897  8962 D M_InsDal: Lcom/fsck/k9/mailstore/LockableDatabase;--->getStorageManager()Lcom/fsck/k9/mailstore/StorageManager;
05-14 15:49:11.521  8897  8962 D M_InsDal: Lcom/fsck/k9/mailstore/StorageManager;--->getInstance(Landroid/content/Context;)Lcom/fsck/k9/mailstore/StorageManager;
05-14 15:49:11.521  8897  8962 D M_InsDal: Lcom/fsck/k9/mailstore/StorageManager;--->lockProvider(Ljava/lang/String;)V
05-14 15:49:11.521  8897  8962 D M_InsDal: Lcom/fsck/k9/mailstore/StorageManager;--->getProvider(Ljava/lang/String;)Lcom/fsck/k9/mailstore/StorageManager$StorageProvider;
05-14 15:49:11.521  8897  8962 D M_InsDal: Lcom/fsck/k9/mailstore/StorageManager$InternalStorageProvider;--->isReady(Landroid/content/Context;)Z
05-14 15:49:11.521  8897  8962 D M_InsDal: Lcom/fsck/k9/mailstore/LockableDatabase;--->openOrCreateDataspace()V
05-14 15:49:11.521  8897  8962 D M_InsDal: Lcom/fsck/k9/mailstore/LockableDatabase;--->lockWrite()V
05-14 15:49:11.521  8897  8962 D M_InsDal: Lcom/fsck/k9/mailstore/LockableDatabase;--->lockWrite(Ljava/lang/String;)V
05-14 15:49:11.521  8897  8962 D M_InsDal: Lcom/fsck/k9/mailstore/LockableDatabase;--->getStorageManager()Lcom/fsck/k9/mailstore/StorageManager;
05-14 15:49:11.521  8897  8962 D M_InsDal: Lcom/fsck/k9/mailstore/StorageManager;--->getInstance(Landroid/content/Context;)Lcom/fsck/k9/mailstore/StorageManager;
05-14 15:49:11.521  8897  8962 D M_InsDal: Lcom/fsck/k9/mailstore/StorageManager;--->lockProvider(Ljava/lang/String;)V
05-14 15:49:11.521  8897  8962 D M_InsDal: Lcom/fsck/k9/mailstore/StorageManager;--->getProvider(Ljava/lang/String;)Lcom/fsck/k9/mailstore/StorageManager$StorageProvider;
05-14 15:49:11.521  8897  8962 D M_InsDal: Lcom/fsck/k9/mailstore/StorageManager$InternalStorageProvider;--->isReady(Landroid/content/Context;)Z
05-14 15:49:11.521  8897  8962 D M_InsDal: Lcom/fsck/k9/mailstore/LockableDatabase;--->prepareStorage(Ljava/lang/String;)Ljava/io/File;
05-14 15:49:11.521  8897  8962 D M_InsDal: Lcom/fsck/k9/mailstore/LockableDatabase;--->getStorageManager()Lcom/fsck/k9/mailstore/StorageManager;
05-14 15:49:11.521  8897  8962 D M_InsDal: Lcom/fsck/k9/mailstore/StorageManager;--->getInstance(Landroid/content/Context;)Lcom/fsck/k9/mailstore/StorageManager;
05-14 15:49:11.521  8897  8962 D M_InsDal: Lcom/fsck/k9/mailstore/StorageManager;--->getDatabase(Ljava/lang/String;Ljava/lang/String;)Ljava/io/File;
05-14 15:49:11.521  8897  8962 D M_InsDal: Lcom/fsck/k9/mailstore/StorageManager;--->getProvider(Ljava/lang/String;)Lcom/fsck/k9/mailstore/StorageManager$StorageProvider;
05-14 15:49:11.521  8897  8962 D M_InsDal: Lcom/fsck/k9/mailstore/StorageManager$InternalStorageProvider;--->getDatabase(Landroid/content/Context;Ljava/lang/String;)Ljava/io/File;
05-14 15:49:11.521  8897  8962 D M_InsDal: Lcom/fsck/k9/mailstore/StorageManager;--->getAttachmentDirectory(Ljava/lang/String;Ljava/lang/String;)Ljava/io/File;
05-14 15:49:11.521  8897  8962 D M_InsDal: Lcom/fsck/k9/mailstore/StorageManager;--->getProvider(Ljava/lang/String;)Lcom/fsck/k9/mailstore/StorageManager$StorageProvider;
05-14 15:49:11.521  8897  8962 D M_InsDal: Lcom/fsck/k9/mailstore/StorageManager$InternalStorageProvider;--->getAttachmentDirectory(Landroid/content/Context;Ljava/lang/String;)Ljava/io/File;
05-14 15:49:11.521  8897  8962 D M_InsDal: Lcom/fsck/k9/mailstore/LockableDatabase;--->doOpenOrCreateDb(Ljava/io/File;)V
05-14 15:49:11.522  8897  8962 D M_InsDal: Lcom/fsck/k9/mailstore/StoreSchemaDefinition;--->getVersion()I
05-14 15:49:11.522  8897  8962 D M_InsDal: Lcom/fsck/k9/mailstore/LockableDatabase;--->unlockWrite()V
05-14 15:49:11.522  8897  8962 D M_InsDal: Lcom/fsck/k9/mailstore/LockableDatabase;--->unlockWrite(Ljava/lang/String;)V
05-14 15:49:11.522  8897  8962 D M_InsDal: Lcom/fsck/k9/mailstore/LockableDatabase;--->getStorageManager()Lcom/fsck/k9/mailstore/StorageManager;
05-14 15:49:11.522  8897  8962 D M_InsDal: Lcom/fsck/k9/mailstore/StorageManager;--->getInstance(Landroid/content/Context;)Lcom/fsck/k9/mailstore/StorageManager;
05-14 15:49:11.522  8897  8962 D M_InsDal: Lcom/fsck/k9/mailstore/StorageManager;--->unlockProvider(Ljava/lang/String;)V
05-14 15:49:11.522  8897  8962 D M_InsDal: Lcom/fsck/k9/mailstore/StorageManager;--->getProvider(Ljava/lang/String;)Lcom/fsck/k9/mailstore/StorageManager$StorageProvider;
05-14 15:49:11.522  8897  8962 D M_InsDal: Lcom/fsck/k9/mailstore/LockableDatabase;--->unlockWrite()V
05-14 15:49:11.522  8897  8962 D M_InsDal: Lcom/fsck/k9/mailstore/LockableDatabase;--->unlockWrite(Ljava/lang/String;)V
05-14 15:49:11.522  8897  8962 D M_InsDal: Lcom/fsck/k9/mailstore/LockableDatabase;--->getStorageManager()Lcom/fsck/k9/mailstore/StorageManager;
05-14 15:49:11.522  8897  8962 D M_InsDal: Lcom/fsck/k9/mailstore/StorageManager;--->getInstance(Landroid/content/Context;)Lcom/fsck/k9/mailstore/StorageManager;
05-14 15:49:11.522  8897  8962 D M_InsDal: Lcom/fsck/k9/mailstore/StorageManager;--->unlockProvider(Ljava/lang/String;)V
05-14 15:49:11.522  8897  8962 D M_InsDal: Lcom/fsck/k9/mailstore/StorageManager;--->getProvider(Ljava/lang/String;)Lcom/fsck/k9/mailstore/StorageManager$StorageProvider;
05-14 15:49:11.522  8897  8962 D M_InsDal: Lcom/fsck/k9/mailstore/StorageManager;--->getInstance(Landroid/content/Context;)Lcom/fsck/k9/mailstore/StorageManager;
05-14 15:49:11.522  8897  8962 D M_InsDal: Lcom/fsck/k9/mailstore/StorageManager;--->addListener(Lcom/fsck/k9/mailstore/StorageManager$StorageListener;)V
05-14 15:49:11.522  8897  8962 D M_InsDal: Lcom/fsck/k9/mailstore/LocalStore;--->getPersonalNamespaces(Z)Ljava/util/List;
05-14 15:49:11.522  8897  8962 D M_InsDal: Lcom/fsck/k9/mailstore/LocalStore$6;---><init>(Lcom/fsck/k9/mailstore/LocalStore;Ljava/util/List;)V
05-14 15:49:11.522  8897  8962 D M_InsDal: Lcom/fsck/k9/mailstore/LockableDatabase;--->execute(ZLcom/fsck/k9/mailstore/LockableDatabase$DbCallback;)Ljava/lang/Object;
05-14 15:49:11.522  8897  8962 D M_InsDal: Lcom/fsck/k9/mailstore/LockableDatabase;--->lockRead()V
05-14 15:49:11.522  8897  8962 D M_InsDal: Lcom/fsck/k9/mailstore/LockableDatabase;--->getStorageManager()Lcom/fsck/k9/mailstore/StorageManager;
05-14 15:49:11.522  8897  8962 D M_InsDal: Lcom/fsck/k9/mailstore/StorageManager;--->getInstance(Landroid/content/Context;)Lcom/fsck/k9/mailstore/StorageManager;
05-14 15:49:11.522  8897  8962 D M_InsDal: Lcom/fsck/k9/mailstore/StorageManager;--->lockProvider(Ljava/lang/String;)V
05-14 15:49:11.522  8897  8962 D M_InsDal: Lcom/fsck/k9/mailstore/StorageManager;--->getProvider(Ljava/lang/String;)Lcom/fsck/k9/mailstore/StorageManager$StorageProvider;
05-14 15:49:11.522  8897  8962 D M_InsDal: Lcom/fsck/k9/mailstore/StorageManager$InternalStorageProvider;--->isReady(Landroid/content/Context;)Z
05-14 15:49:11.522  8897  8962 D M_InsDal: Lcom/fsck/k9/K9;--->isDebug()Z
05-14 15:49:11.522  8897  8962 D M_InsDal: Lcom/fsck/k9/mailstore/LocalStore$6;--->doDbWork(Landroid/database/sqlite/SQLiteDatabase;)Ljava/util/List;
05-14 15:49:11.522  8897  8962 D M_InsDal: Lcom/fsck/k9/mailstore/LocalFolder;---><init>(Lcom/fsck/k9/mailstore/LocalStore;Ljava/lang/String;)V
05-14 15:49:11.522  8897  8962 D M_InsDal: Lcom/fsck/k9/mail/Folder;---><init>()V
05-14 15:49:11.523  8897  8962 D M_InsDal: Lcom/fsck/k9/mail/Folder$FolderClass;---><clinit>()V
05-14 15:49:11.523  8897  8962 D M_InsDal: Lcom/fsck/k9/mail/Folder$FolderClass;---><init>(Ljava/lang/String;I)V
05-14 15:49:11.523  8897  8962 D M_InsDal: Lcom/fsck/k9/mail/Folder$FolderClass;---><init>(Ljava/lang/String;I)V
05-14 15:49:11.523  8897  8962 D M_InsDal: Lcom/fsck/k9/mailstore/LocalFolder$MoreMessages;---><clinit>()V
05-14 15:49:11.523  8897  8962 D M_InsDal: Lcom/fsck/k9/mailstore/LocalFolder$MoreMessages;---><init>(Ljava/lang/String;ILjava/lang/String;)V
05-14 15:49:11.523  8897  8962 D M_InsDal: Lcom/fsck/k9/mailstore/LocalFolder$MoreMessages;---><init>(Ljava/lang/String;ILjava/lang/String;)V
05-14 15:49:11.523  8897  8962 D M_InsDal: Lcom/fsck/k9/mailstore/LocalStore;--->getAttachmentInfoExtractor()Lcom/fsck/k9/message/extractors/AttachmentInfoExtractor;
05-14 15:49:11.523  8897  8962 D M_InsDal: Lcom/fsck/k9/mailstore/LocalFolder;--->getAccount()Lcom/fsck/k9/Account;
05-14 15:49:11.523  8897  8962 D M_InsDal: Lcom/fsck/k9/mailstore/LocalStore;--->getAccount()Lcom/fsck/k9/Account;
05-14 15:49:11.523  8897  8962 D M_InsDal: Lcom/fsck/k9/Account;--->getInboxFolderName()Ljava/lang/String;
05-14 15:49:11.523  8897  8962 D M_InsDal: Lcom/fsck/k9/mailstore/LocalFolder;--->getName()Ljava/lang/String;
05-14 15:49:11.523  8897  8962 D M_InsDal: Lcom/fsck/k9/mailstore/LocalFolder;--->open(Landroid/database/Cursor;)V
05-14 15:49:11.523  8897  8962 D M_InsDal: Lcom/fsck/k9/mail/Folder;--->setStatus(Ljava/lang/String;)V
05-14 15:49:11.523  8897  8962 D M_InsDal: Lcom/fsck/k9/mail/Folder;--->setLastChecked(J)V
05-14 15:49:11.523  8897  8962 D M_InsDal: Lcom/fsck/k9/mail/Folder;--->setLastPush(J)V
05-14 15:49:11.523  8897  8962 D M_InsDal: Lcom/fsck/k9/mail/Folder$FolderClass;--->valueOf(Ljava/lang/String;)Lcom/fsck/k9/mail/Folder$FolderClass;
05-14 15:49:11.523  8897  8962 D M_InsDal: Lcom/fsck/k9/mail/Folder$FolderClass;--->values()[Lcom/fsck/k9/mail/Folder$FolderClass;
05-14 15:49:11.523  8897  8962 D M_InsDal: Lcom/fsck/k9/mail/Folder$FolderClass;--->valueOf(Ljava/lang/String;)Lcom/fsck/k9/mail/Folder$FolderClass;
05-14 15:49:11.524  8897  8962 D M_InsDal: Lcom/fsck/k9/mailstore/LocalFolder;--->open(I)V
05-14 15:49:12.613  8897  8966 D M_InsDal: Lcom/fsck/k9/mail/filter/PeekableInputStream;--->peek()I
05-14 15:49:12.613  8897  8966 D M_InsDal: Lcom/fsck/k9/mail/store/imap/ImapResponseParser;--->parseToken(Lcom/fsck/k9/mail/store/imap/ImapList;)Ljava/lang/Object;
05-14 15:49:12.613  8897  8966 D M_InsDal: Lcom/fsck/k9/mail/filter/PeekableInputStream;--->peek()I
05-14 15:49:12.613  8897  8966 D M_InsDal: Lcom/fsck/k9/mail/store/imap/ImapResponseParser;--->expect(C)V
05-14 15:49:12.613  8897  8966 D M_InsDal: Lcom/fsck/k9/mail/filter/PeekableInputStream;--->read()I
05-14 15:49:12.613  8897  8966 D M_InsDal: Lcom/fsck/k9/mail/filter/PeekableInputStream;--->peek()I
05-14 15:49:12.613  8897  8966 D M_InsDal: Lcom/fsck/k9/mail/store/imap/ImapResponseParser;--->parseBareString(Z)Ljava/lang/String;
05-14 15:49:12.613  8897  8966 D M_InsDal: Lcom/fsck/k9/mail/filter/PeekableInputStream;--->peek()I
05-14 15:49:12.613  8897  8966 D M_InsDal: Lcom/fsck/k9/mail/filter/PeekableInputStream;--->read()I
05-14 15:49:12.613  8897  8966 D M_InsDal: Lcom/fsck/k9/mail/filter/PeekableInputStream;--->peek()I
05-14 15:49:12.613  8897  8966 D M_InsDal: Lcom/fsck/k9/mail/filter/PeekableInputStream;--->read()I
05-14 15:49:12.613  8897  8966 D M_InsDal: Lcom/fsck/k9/mail/filter/PeekableInputStream;--->peek()I
05-14 15:49:12.613  8897  8966 D M_InsDal: Lcom/fsck/k9/mail/filter/PeekableInputStream;--->read()I
05-14 15:49:12.613  8897  8966 D M_InsDal: Lcom/fsck/k9/mail/filter/PeekableInputStream;--->peek()I
05-14 15:49:12.613  8897  8966 D M_InsDal: Lcom/fsck/k9/mail/filter/PeekableInputStream;--->read()I
05-14 15:49:12.613  8897  8966 D M_InsDal: Lcom/fsck/k9/mail/filter/PeekableInputStream;--->peek()I
05-14 15:49:12.613  8897  8966 D M_InsDal: Lcom/fsck/k9/mail/filter/PeekableInputStream;--->read()I
05-14 15:49:12.613  8897  8966 D M_InsDal: Lcom/fsck/k9/mail/filter/PeekableInputStream;--->peek()I
05-14 15:49:12.613  8897  8966 D M_InsDal: Lcom/fsck/k9/mail/filter/PeekableInputStream;--->read()I
05-14 15:49:12.613  8897  8966 D M_InsDal: Lcom/fsck/k9/mail/filter/PeekableInputStream;--->peek()I
05-14 15:49:12.613  8897  8966 D M_InsDal: Lcom/fsck/k9/mail/filter/PeekableInputStream;--->read()I
05-14 15:49:12.613  8897  8966 D M_InsDal: Lcom/fsck/k9/mail/filter/PeekableInputStream;--->peek()I
05-14 15:49:12.613  8897  8966 D M_InsDal: Lcom/fsck/k9/mail/filter/PeekableInputStream;--->read()I
05-14 15:49:12.613  8897  8966 D M_InsDal: Lcom/fsck/k9/mail/filter/PeekableInputStream;--->peek()I
05-14 15:49:12.613  8897  8966 D M_InsDal: Lcom/fsck/k9/mail/filter/PeekableInputStream;--->read()I
05-14 15:49:12.613  8897  8966 D M_InsDal: Lcom/fsck/k9/mail/filter/PeekableInputStream;--->peek()I
05-14 15:49:12.613  8897  8966 D M_InsDal: Lcom/fsck/k9/mail/filter/PeekableInputStream;--->read()I
05-14 15:49:12.613  8897  8966 D M_InsDal: Lcom/fsck/k9/mail/filter/PeekableInputStream;--->peek()I
05-14 15:49:12.613  8897  8966 D M_InsDal: Lcom/fsck/k9/mail/filter/PeekableInputStream;--->read()I
05-14 15:49:12.613  8897  8966 D M_InsDal: Lcom/fsck/k9/mail/filter/PeekableInputStream;--->peek()I
05-14 15:49:12.613  8897  8966 D M_InsDal: Lcom/fsck/k9/mail/filter/PeekableInputStream;--->read()I
05-14 15:49:12.613  8897  8966 D M_InsDal: Lcom/fsck/k9/mail/filter/PeekableInputStream;--->peek()I
05-14 15:49:12.613  8897  8966 D M_InsDal: Lcom/fsck/k9/mail/store/imap/ImapResponseParser;--->parseToken(Lcom/fsck/k9/mail/store/imap/ImapList;)Ljava/lang/Object;
05-14 15:49:12.613  8897  8966 D M_InsDal: Lcom/fsck/k9/mail/filter/PeekableInputStream;--->peek()I
05-14 15:49:12.613  8897  8966 D M_InsDal: Lcom/fsck/k9/mail/store/imap/ImapResponseParser;--->expect(C)V
05-14 15:49:12.613  8897  8966 D M_InsDal: Lcom/fsck/k9/mail/filter/PeekableInputStream;--->read()I
05-14 15:49:12.613  8897  8966 D M_InsDal: Lcom/fsck/k9/mail/filter/PeekableInputStream;--->peek()I
05-14 15:49:12.613  8897  8966 D M_InsDal: Lcom/fsck/k9/mail/store/imap/ImapResponseParser;--->parseBareString(Z)Ljava/lang/String;
05-14 15:49:12.613  8897  8966 D M_InsDal: Lcom/fsck/k9/mail/filter/PeekableInputStream;--->peek()I
05-14 15:49:12.613  8897  8966 D M_InsDal: Lcom/fsck/k9/mail/filter/PeekableInputStream;--->read()I
05-14 15:49:12.613  8897  8966 D M_InsDal: Lcom/fsck/k9/mail/filter/PeekableInputStream;--->peek()I
05-14 15:49:12.613  8897  8966 D M_InsDal: Lcom/fsck/k9/mail/filter/PeekableInputStream;--->read()I
05-14 15:49:12.613  8897  8966 D M_InsDal: Lcom/fsck/k9/mail/filter/PeekableInputStream;--->peek()I
05-14 15:49:12.613  8897  8966 D M_InsDal: Lcom/fsck/k9/mail/filter/PeekableInputStream;--->read()I
05-14 15:49:12.613  8897  8966 D M_InsDal: Lcom/fsck/k9/mail/filter/PeekableInputStream;--->peek()I
05-14 15:49:12.613  8897  8966 D M_InsDal: Lcom/fsck/k9/mail/filter/PeekableInputStream;--->read()I
05-14 15:49:12.613  8897  8966 D M_InsDal: Lcom/fsck/k9/mail/filter/PeekableInputStream;--->peek()I
05-14 15:49:12.613  8897  8966 D M_InsDal: Lcom/fsck/k9/mail/filter/PeekableInputStream;--->read()I
05-14 15:49:12.613  8897  8966 D M_InsDal: Lcom/fsck/k9/mail/filter/PeekableInputStream;--->peek()I
05-14 15:49:12.613  8897  8966 D M_InsDal: Lcom/fsck/k9/mail/filter/PeekableInputStream;--->read()I
05-14 15:49:12.613  8897  8966 D M_InsDal: Lcom/fsck/k9/mail/filter/PeekableInputStream;--->peek()I
05-14 15:49:12.613  8897  8966 D M_InsDal: Lcom/fsck/k9/mail/filter/PeekableInputStream;--->read()I
05-14 15:49:12.613  8897  8966 D M_InsDal: Lcom/fsck/k9/mail/filter/PeekableInputStream;--->peek()I
05-14 15:49:12.613  8897  8966 D M_InsDal: Lcom/fsck/k9/mail/filter/PeekableInputStream;--->read()I
05-14 15:49:12.613  8897  8966 D M_InsDal: Lcom/fsck/k9/mail/filter/PeekableInputStream;--->peek()I
05-14 15:49:12.613  8897  8966 D M_InsDal: Lcom/fsck/k9/mail/filter/PeekableInputStream;--->read()I
05-14 15:49:12.613  8897  8966 D M_InsDal: Lcom/fsck/k9/mail/filter/PeekableInputStream;--->peek()I
05-14 15:49:12.613  8897  8966 D M_InsDal: Lcom/fsck/k9/mail/store/imap/ImapResponseParser;--->parseToken(Lcom/fsck/k9/mail/store/imap/ImapList;)Ljava/lang/Object;
05-14 15:49:12.613  8897  8966 D M_InsDal: Lcom/fsck/k9/mail/filter/PeekableInputStream;--->peek()I
05-14 15:49:12.613  8897  8966 D M_InsDal: Lcom/fsck/k9/mail/store/imap/ImapResponseParser;--->expect(C)V
05-14 15:49:12.613  8897  8966 D M_InsDal: Lcom/fsck/k9/mail/filter/PeekableInputStream;--->read()I
05-14 15:49:12.613  8897  8966 D M_InsDal: Lcom/fsck/k9/mail/store/imap/ImapResponseParser;--->skipIfSpace()V
05-14 15:49:12.613  8897  8966 D M_InsDal: Lcom/fsck/k9/mail/filter/PeekableInputStream;--->peek()I
05-14 15:49:12.613  8897  8966 D M_InsDal: Lcom/fsck/k9/mail/store/imap/ImapResponseParser;--->expect(C)V
05-14 15:49:12.613  8897  8966 D M_InsDal: Lcom/fsck/k9/mail/filter/PeekableInputStream;--->read()I
05-14 15:49:12.613  8897  8966 D M_InsDal: Lcom/fsck/k9/mail/store/imap/ImapResponseParser;--->readStringUntilEndOfLine()Ljava/lang/String;
05-14 15:49:12.613  8897  8966 D M_InsDal: Lcom/fsck/k9/mail/store/imap/ImapResponseParser;--->readStringUntil(C)Ljava/lang/String;
05-14 15:49:12.613  8897  8966 D M_InsDal: Lcom/fsck/k9/mail/filter/PeekableInputStream;--->read()I
05-14 15:49:12.613  8897  8966 D M_InsDal: Lcom/fsck/k9/mail/filter/PeekableInputStream;--->read()I
05-14 15:49:12.613  8897  8966 D M_InsDal: Lcom/fsck/k9/mail/store/imap/ImapResponseParser;--->expect(C)V
05-14 15:49:12.613  8897  8966 D M_InsDal: Lcom/fsck/k9/mail/filter/PeekableInputStream;--->read()I
05-14 15:49:12.613  8897  8966 D M_InsDal: Lcom/fsck/k9/mail/K9MailLib;--->isDebug()Z
05-14 15:49:12.613  8897  8966 D M_InsDal: Lcom/fsck/k9/K9$2;--->enabled()Z
05-14 15:49:12.613  8897  8966 D M_InsDal: Lcom/fsck/k9/mail/store/imap/ImapConnection;--->extractCapabilities(Ljava/util/List;)Ljava/util/List;
05-14 15:49:12.613  8897  8966 D M_InsDal: Lcom/fsck/k9/mail/store/imap/CapabilityResponse;--->parse(Ljava/util/List;)Lcom/fsck/k9/mail/store/imap/CapabilityResponse;
05-14 15:49:12.613  8897  8966 D M_InsDal: Lcom/fsck/k9/mail/store/imap/ImapResponseParser;--->equalsIgnoreCase(Ljava/lang/Object;Ljava/lang/String;)Z
05-14 15:49:12.613  8897  8966 D M_InsDal: Lcom/fsck/k9/mail/store/imap/ImapList;--->isList(I)Z
05-14 15:49:12.613  8897  8966 D M_InsDal: Lcom/fsck/k9/mail/store/imap/ImapList;--->inRange(I)Z
05-14 15:49:12.613  8897  8966 D M_InsDal: Lcom/fsck/k9/mail/store/imap/ImapList;--->getList(I)Lcom/fsck/k9/mail/store/imap/ImapList;
05-14 15:49:12.613  8897  8966 D M_InsDal: Lcom/fsck/k9/mail/store/imap/CapabilityResponse;--->parse(Lcom/fsck/k9/mail/store/imap/ImapList;)Lcom/fsck/k9/mail/store/imap/CapabilityResponse;
05-14 15:49:12.613  8897  8966 D M_InsDal: Lcom/fsck/k9/mail/store/imap/ImapResponseParser;--->equalsIgnoreCase(Ljava/lang/Object;Ljava/lang/String;)Z
05-14 15:49:12.613  8897  8966 D M_InsDal: Lcom/fsck/k9/mail/store/imap/ImapList;--->isString(I)Z
05-14 15:49:12.613  8897  8966 D M_InsDal: Lcom/fsck/k9/mail/store/imap/ImapList;--->inRange(I)Z
05-14 15:49:12.613  8897  8966 D M_InsDal: Lcom/fsck/k9/mail/store/imap/ImapList;--->getString(I)Ljava/lang/String;
05-14 15:49:12.613  8897  8966 D M_InsDal: Lcom/fsck/k9/mail/store/imap/ImapList;--->isString(I)Z
05-14 15:49:12.613  8897  8966 D M_InsDal: Lcom/fsck/k9/mail/store/imap/ImapList;--->inRange(I)Z
05-14 15:49:12.613  8897  8966 D M_InsDal: Lcom/fsck/k9/mail/store/imap/ImapList;--->getString(I)Ljava/lang/String;
05-14 15:49:12.613  8897  8966 D M_InsDal: Lcom/fsck/k9/mail/store/imap/ImapList;--->isString(I)Z
05-14 15:49:12.613  8897  8966 D M_InsDal: Lcom/fsck/k9/mail/store/imap/ImapList;--->inRange(I)Z
05-14 15:49:12.613  8897  8966 D M_InsDal: Lcom/fsck/k9/mail/store/imap/ImapList;--->getString(I)Ljava/lang/String;
05-14 15:49:12.613  8897  8966 D M_InsDal: Lcom/fsck/k9/mail/store/imap/ImapList;--->isString(I)Z
05-14 15:49:12.613  8897  8966 D M_InsDal: Lcom/fsck/k9/mail/store/imap/ImapList;--->inRange(I)Z
05-14 15:49:12.613  8897  8966 D M_InsDal: Lcom/fsck/k9/mail/store/imap/ImapList;--->getString(I)Ljava/lang/String;
05-14 15:49:12.613  8897  8966 D M_InsDal: Lcom/fsck/k9/mail/store/imap/ImapList;--->isString(I)Z
05-14 15:49:12.613  8897  8966 D M_InsDal: Lcom/fsck/k9/mail/store/imap/ImapList;--->inRange(I)Z
