05-14 15:55:07.465 10729 10754 D M_InsDal: Lcom/fsck/k9/mail/store/imap/ImapResponseParser;--->parseUntaggedResponse()V
05-14 15:55:07.465 10729 10754 D M_InsDal: Lcom/fsck/k9/mail/store/imap/ImapResponseParser;--->expect(C)V
05-14 15:55:07.465 10729 10754 D M_InsDal: Lcom/fsck/k9/mail/filter/PeekableInputStream;--->read()I
05-14 15:55:07.465 10729 10754 D M_InsDal: Lcom/fsck/k9/mail/store/imap/ImapResponseParser;--->expect(C)V
05-14 15:55:07.465 10729 10754 D M_InsDal: Lcom/fsck/k9/mail/filter/PeekableInputStream;--->read()I
05-14 15:55:07.465 10729 10754 D M_InsDal: Lcom/fsck/k9/mail/store/imap/ImapResponse;--->newUntaggedResponse(Lcom/fsck/k9/mail/store/imap/ImapResponseCallback;)Lcom/fsck/k9/mail/store/imap/ImapResponse;
05-14 15:55:07.465 10729 10754 D M_InsDal: Lcom/fsck/k9/mail/store/imap/ImapResponse;---><init>(Lcom/fsck/k9/mail/store/imap/ImapResponseCallback;ZLjava/lang/String;)V
05-14 15:55:07.465 10729 10754 D M_InsDal: Lcom/fsck/k9/mail/store/imap/ImapList;---><init>()V
05-14 15:55:07.465 10729 10754 D M_InsDal: Lcom/fsck/k9/mail/store/imap/ImapResponseParser;--->readTokens(Lcom/fsck/k9/mail/store/imap/ImapResponse;)V
05-14 15:55:07.465 10729 10754 D M_InsDal: Lcom/fsck/k9/mail/store/imap/ImapResponseParser;--->readToken(Lcom/fsck/k9/mail/store/imap/ImapResponse;)Ljava/lang/Object;
05-14 15:55:07.465 10729 10754 D M_InsDal: Lcom/fsck/k9/mail/store/imap/ImapResponseParser;--->parseToken(Lcom/fsck/k9/mail/store/imap/ImapList;)Ljava/lang/Object;
05-14 15:55:07.465 10729 10754 D M_InsDal: Lcom/fsck/k9/mail/filter/PeekableInputStream;--->peek()I
05-14 15:55:07.465 10729 10754 D M_InsDal: Lcom/fsck/k9/mail/store/imap/ImapResponseParser;--->parseBareString(Z)Ljava/lang/String;
05-14 15:55:07.465 10729 10754 D M_InsDal: Lcom/fsck/k9/mail/filter/PeekableInputStream;--->peek()I
05-14 15:55:07.465 10729 10754 D M_InsDal: Lcom/fsck/k9/mail/filter/PeekableInputStream;--->read()I
05-14 15:55:07.465 10729 10754 D M_InsDal: Lcom/fsck/k9/mail/filter/PeekableInputStream;--->peek()I
05-14 15:55:07.465 10729 10754 D M_InsDal: Lcom/fsck/k9/mail/filter/PeekableInputStream;--->read()I
05-14 15:55:07.465 10729 10754 D M_InsDal: Lcom/fsck/k9/mail/filter/PeekableInputStream;--->peek()I
05-14 15:55:07.465 10729 10754 D M_InsDal: Lcom/fsck/k9/mail/filter/PeekableInputStream;--->read()I
05-14 15:55:07.465 10729 10754 D M_InsDal: Lcom/fsck/k9/mail/filter/PeekableInputStream;--->peek()I
05-14 15:55:07.466 10729 10754 D M_InsDal: Lcom/fsck/k9/mail/filter/PeekableInputStream;--->read()I
05-14 15:55:07.466 10729 10754 D M_InsDal: Lcom/fsck/k9/mail/filter/PeekableInputStream;--->peek()I
05-14 15:55:07.466 10729 10754 D M_InsDal: Lcom/fsck/k9/mail/filter/PeekableInputStream;--->read()I
05-14 15:55:07.466 10729 10754 D M_InsDal: Lcom/fsck/k9/mail/filter/PeekableInputStream;--->peek()I
05-14 15:55:07.466 10729 10754 D M_InsDal: Lcom/fsck/k9/mail/store/imap/ImapResponseParser;--->checkTokenIsString(Ljava/lang/Object;)V
05-14 15:55:07.466 10729 10754 D M_InsDal: Lcom/fsck/k9/mail/store/imap/ImapResponseParser;--->isStatusResponse(Ljava/lang/String;)Z
05-14 15:55:07.466 10729 10754 D M_InsDal: Lcom/fsck/k9/mail/store/imap/ImapResponseParser;--->equalsIgnoreCase(Ljava/lang/Object;Ljava/lang/String;)Z
05-14 15:55:07.466 10729 10754 D M_InsDal: Lcom/fsck/k9/mail/store/imap/ImapResponseParser;--->equalsIgnoreCase(Ljava/lang/Object;Ljava/lang/String;)Z
05-14 15:55:07.466 10729 10754 D M_InsDal: Lcom/fsck/k9/mail/store/imap/ImapResponseParser;--->readToken(Lcom/fsck/k9/mail/store/imap/ImapResponse;)Ljava/lang/Object;
05-14 15:55:07.466 10729 10754 D M_InsDal: Lcom/fsck/k9/mail/store/imap/ImapResponseParser;--->parseToken(Lcom/fsck/k9/mail/store/imap/ImapList;)Ljava/lang/Object;
05-14 15:55:07.466 10729 10754 D M_InsDal: Lcom/fsck/k9/mail/filter/PeekableInputStream;--->peek()I
05-14 15:55:07.466 10729 10754 D M_InsDal: Lcom/fsck/k9/mail/store/imap/ImapResponseParser;--->expect(C)V
05-14 15:55:07.466 10729 10754 D M_InsDal: Lcom/fsck/k9/mail/filter/PeekableInputStream;--->read()I
05-14 15:55:07.466 10729 10754 D M_InsDal: Lcom/fsck/k9/mail/filter/PeekableInputStream;--->peek()I
05-14 15:55:07.466 10729 10754 D M_InsDal: Lcom/fsck/k9/mail/store/imap/ImapResponseParser;--->parseList(Lcom/fsck/k9/mail/store/imap/ImapList;CC)Lcom/fsck/k9/mail/store/imap/ImapList;
05-14 15:55:07.466 10729 10754 D M_InsDal: Lcom/fsck/k9/mail/store/imap/ImapResponseParser;--->expect(C)V
05-14 15:55:07.466 10729 10754 D M_InsDal: Lcom/fsck/k9/mail/filter/PeekableInputStream;--->read()I
05-14 15:55:07.466 10729 10754 D M_InsDal: Lcom/fsck/k9/mail/store/imap/ImapList;---><init>()V
05-14 15:55:07.466 10729 10754 D M_InsDal: Lcom/fsck/k9/mail/store/imap/ImapResponseParser;--->parseToken(Lcom/fsck/k9/mail/store/imap/ImapList;)Ljava/lang/Object;
05-14 15:55:07.466 10729 10754 D M_InsDal: Lcom/fsck/k9/mail/filter/PeekableInputStream;--->peek()I
05-14 15:55:07.466 10729 10754 D M_InsDal: Lcom/fsck/k9/mail/store/imap/ImapResponseParser;--->parseBareString(Z)Ljava/lang/String;
05-14 15:55:07.466 10729 10754 D M_InsDal: Lcom/fsck/k9/mail/filter/PeekableInputStream;--->peek()I
05-14 15:55:07.466 10729 10754 D M_InsDal: Lcom/fsck/k9/mail/filter/PeekableInputStream;--->read()I
05-14 15:55:07.466 10729 10754 D M_InsDal: Lcom/fsck/k9/mail/filter/PeekableInputStream;--->peek()I
05-14 15:55:07.466 10729 10754 D M_InsDal: Lcom/fsck/k9/mail/filter/PeekableInputStream;--->read()I
05-14 15:55:07.466 10729 10754 D M_InsDal: Lcom/fsck/k9/mail/filter/PeekableInputStream;--->peek()I
05-14 15:55:07.466 10729 10754 D M_InsDal: Lcom/fsck/k9/mail/filter/PeekableInputStream;--->read()I
05-14 15:55:07.466 10729 10754 D M_InsDal: Lcom/fsck/k9/mail/filter/PeekableInputStream;--->peek()I
05-14 15:55:07.466 10729 10754 D M_InsDal: Lcom/fsck/k9/mail/filter/PeekableInputStream;--->read()I
05-14 15:55:07.466 10729 10754 D M_InsDal: Lcom/fsck/k9/mail/filter/PeekableInputStream;--->peek()I
05-14 15:55:07.466 10729 10754 D M_InsDal: Lcom/fsck/k9/mail/filter/PeekableInputStream;--->read()I
05-14 15:55:07.466 10729 10754 D M_InsDal: Lcom/fsck/k9/mail/filter/PeekableInputStream;--->peek()I
05-14 15:55:07.466 10729 10754 D M_InsDal: Lcom/fsck/k9/mail/filter/PeekableInputStream;--->read()I
05-14 15:55:07.466 10729 10754 D M_InsDal: Lcom/fsck/k9/mail/filter/PeekableInputStream;--->peek()I
05-14 15:55:07.466 10729 10754 D M_InsDal: Lcom/fsck/k9/mail/filter/PeekableInputStream;--->read()I
05-14 15:55:07.466 10729 10754 D M_InsDal: Lcom/fsck/k9/mail/filter/PeekableInputStream;--->peek()I
05-14 15:55:07.466 10729 10754 D M_InsDal: Lcom/fsck/k9/mail/filter/PeekableInputStream;--->read()I
05-14 15:55:07.466 10729 10754 D M_InsDal: Lcom/fsck/k9/mail/filter/PeekableInputStream;--->peek()I
05-14 15:55:07.466 10729 10754 D M_InsDal: Lcom/fsck/k9/mail/filter/PeekableInputStream;--->read()I
05-14 15:55:07.466 10729 10754 D M_InsDal: Lcom/fsck/k9/mail/filter/PeekableInputStream;--->peek()I
05-14 15:55:07.466 10729 10754 D M_InsDal: Lcom/fsck/k9/mail/store/imap/ImapResponseParser;--->parseBareString(Z)Ljava/lang/String;
05-14 15:55:07.466 10729 10754 D M_InsDal: Lcom/fsck/k9/mail/store/imap/ImapResponseParser;--->skipIfSpace()V
05-14 15:55:07.466 10729 10754 D M_InsDal: Lcom/fsck/k9/mail/store/imap/ImapResponseParser;--->parseToken(Lcom/fsck/k9/mail/store/imap/ImapList;)Ljava/lang/Object;
05-14 15:55:07.466 10729 10754 D M_InsDal: Lcom/fsck/k9/mail/filter/PeekableInputStream;--->read()I
05-14 15:55:07.466 10729 10754 D M_InsDal: Lcom/fsck/k9/mail/store/imap/ImapResponseParser;--->readStringUntilEndOfLine()Ljava/lang/String;
05-14 15:55:07.466 10729 10754 D M_InsDal: Lcom/fsck/k9/mail/filter/PeekableInputStream;--->read()I
05-14 15:55:07.466 10729 10754 D M_InsDal: Lcom/fsck/k9/mail/store/imap/ImapResponse;--->getTag()Ljava/lang/String;
05-14 15:55:07.467 10729 10754 D M_InsDal: Lcom/fsck/k9/mail/store/imap/ImapResponseParser;--->checkTokenIsString(Ljava/lang/Object;)V
05-14 15:55:07.467 10729 10754 D M_InsDal: Lcom/fsck/k9/mail/store/imap/ImapResponseParser;--->isStatusResponse(Ljava/lang/String;)Z
05-14 15:55:07.467 10729 10754 D M_InsDal: Lcom/fsck/k9/mail/store/imap/ImapResponseParser;--->parseResponseText(Lcom/fsck/k9/mail/store/imap/ImapResponse;)V
05-14 15:55:07.467 10729 10754 D M_InsDal: Lcom/fsck/k9/mail/store/imap/ImapList;---><init>()V
05-14 15:55:07.467 10729 10754 D M_InsDal: Lcom/fsck/k9/mail/store/imap/ImapResponseParser;--->parseToken(Lcom/fsck/k9/mail/store/imap/ImapList;)Ljava/lang/Object;
05-14 15:55:07.467 10729 10754 D M_InsDal: Lcom/fsck/k9/mail/filter/PeekableInputStream;--->peek()I
05-14 15:55:07.467 10729 10754 D M_InsDal: Lcom/fsck/k9/mail/store/imap/ImapResponseParser;--->parseBareString(Z)Ljava/lang/String;
05-14 15:55:07.467 10729 10754 D M_InsDal: Lcom/fsck/k9/mail/filter/PeekableInputStream;--->peek()I
05-14 15:55:07.467 10729 10754 D M_InsDal: Lcom/fsck/k9/mail/filter/PeekableInputStream;--->read()I
05-14 15:55:07.467 10729 10754 D M_InsDal: Lcom/fsck/k9/mail/filter/PeekableInputStream;--->peek()I
05-14 15:55:07.467 10729 10754 D M_InsDal: Lcom/fsck/k9/mail/filter/PeekableInputStream;--->read()I
05-14 15:55:07.467 10729 10754 D M_InsDal: Lcom/fsck/k9/mail/filter/PeekableInputStream;--->read()I
05-14 15:55:07.467 10729 10754 D M_InsDal: Lcom/fsck/k9/mail/store/imap/ImapResponseParser;--->expect(C)V
05-14 15:55:07.467 10729 10754 D M_InsDal: Lcom/fsck/k9/mail/filter/PeekableInputStream;--->read()I
05-14 15:55:07.467 10729 10754 D M_InsDal: Lcom/fsck/k9/mail/K9MailLib;--->isDebug()Z
05-14 15:55:07.467 10729 10754 D M_InsDal: Lcom/fsck/k9/K9$2;--->enabled()Z
05-14 15:55:07.467 10729 10754 D M_InsDal: Lcom/fsck/k9/mail/store/imap/ImapResponse;--->getTag()Ljava/lang/String;
05-14 15:55:07.467 10729 10754 D M_InsDal: Lcom/fsck/k9/mail/store/imap/ImapResponse;--->getTag()Ljava/lang/String;
05-14 15:55:07.467 10729 10754 D M_InsDal: Lcom/fsck/k9/mail/store/imap/ImapResponseParser;--->equalsIgnoreCase(Ljava/lang/Object;Ljava/lang/String;)Z
05-14 15:55:07.467 10729 10754 D M_InsDal: Lcom/fsck/k9/mail/store/imap/ImapFolder;--->handleUntaggedResponses(Ljava/util/List;)Ljava/util/List;
05-14 15:55:07.467 10729 10754 D M_InsDal: Lcom/fsck/k9/mail/store/imap/ImapFolderPusher;--->handleUntaggedResponse(Lcom/fsck/k9/mail/store/imap/ImapResponse;)V
05-14 15:55:07.467 10729 10754 D M_InsDal: Lcom/fsck/k9/mail/store/imap/ImapFolderPusher;--->handleUntaggedResponse(Lcom/fsck/k9/mail/store/imap/ImapResponse;)V
05-14 15:55:07.467 10729 10754 D M_InsDal: Lcom/fsck/k9/mail/store/imap/ImapResponse;--->getTag()Ljava/lang/String;
05-14 15:55:07.467 10729 10754 D M_InsDal: Lcom/fsck/k9/mail/store/imap/ImapResponseParser;--->equalsIgnoreCase(Ljava/lang/Object;Ljava/lang/String;)Z
05-14 15:55:07.467 10729 10754 D M_InsDal: Lcom/fsck/k9/mail/store/imap/ImapResponseParser;--->equalsIgnoreCase(Ljava/lang/Object;Ljava/lang/String;)Z
05-14 15:55:07.467 10729 10754 D M_InsDal: Lcom/fsck/k9/mail/store/imap/ImapList;--->getLong(I)J
05-14 15:55:07.467 10729 10754 D M_InsDal: Lcom/fsck/k9/mail/store/imap/ImapList;--->getString(I)Ljava/lang/String;
05-14 15:55:07.467 10729 10754 D M_InsDal: Lcom/fsck/k9/mail/K9MailLib;--->isDebug()Z
05-14 15:55:07.467 10729 10754 D M_InsDal: Lcom/fsck/k9/K9$2;--->enabled()Z
05-14 15:55:07.467 10729 10754 D M_InsDal: Lcom/fsck/k9/mail/store/imap/ImapFolderPusher;--->handleUntaggedResponse(Lcom/fsck/k9/mail/store/imap/ImapResponse;)V
05-14 15:55:07.467 10729 10754 D M_InsDal: Lcom/fsck/k9/mail/store/imap/ImapResponse;--->getTag()Ljava/lang/String;
05-14 15:55:07.467 10729 10754 D M_InsDal: Lcom/fsck/k9/mail/store/imap/ImapResponseParser;--->equalsIgnoreCase(Ljava/lang/Object;Ljava/lang/String;)Z
05-14 15:55:07.467 10729 10754 D M_InsDal: Lcom/fsck/k9/mail/store/imap/ImapResponseParser;--->equalsIgnoreCase(Ljava/lang/Object;Ljava/lang/String;)Z
05-14 15:55:07.467 10729 10754 D M_InsDal: Lcom/fsck/k9/mail/store/imap/ImapFolder;--->handlePossibleUidNext(Lcom/fsck/k9/mail/store/imap/ImapResponse;)V
05-14 15:55:07.467 10729 10754 D M_InsDal: Lcom/fsck/k9/mail/store/imap/ImapResponseParser;--->equalsIgnoreCase(Ljava/lang/Object;Ljava/lang/String;)Z
05-14 15:55:07.467 10729 10754 D M_InsDal: Lcom/fsck/k9/mail/store/imap/ImapFolderPusher;--->handleUntaggedResponse(Lcom/fsck/k9/mail/store/imap/ImapResponse;)V
05-14 15:55:07.467 10729 10754 D M_InsDal: Lcom/fsck/k9/mail/store/imap/ImapResponse;--->getTag()Ljava/lang/String;
05-14 15:55:07.467 10729 10754 D M_InsDal: Lcom/fsck/k9/mail/store/imap/ImapResponseParser;--->equalsIgnoreCase(Ljava/lang/Object;Ljava/lang/String;)Z
05-14 15:55:07.467 10729 10754 D M_InsDal: Lcom/fsck/k9/mail/store/imap/ImapResponseParser;--->equalsIgnoreCase(Ljava/lang/Object;Ljava/lang/String;)Z
05-14 15:55:07.467 10729 10754 D M_InsDal: Lcom/fsck/k9/mail/store/imap/ImapFolder;--->handlePossibleUidNext(Lcom/fsck/k9/mail/store/imap/ImapResponse;)V
05-14 15:55:07.467 10729 10754 D M_InsDal: Lcom/fsck/k9/mail/store/imap/ImapResponseParser;--->equalsIgnoreCase(Ljava/lang/Object;Ljava/lang/String;)Z
05-14 15:55:07.467 10729 10754 D M_InsDal: Lcom/fsck/k9/mail/store/imap/ImapFolderPusher;--->handleUntaggedResponse(Lcom/fsck/k9/mail/store/imap/ImapResponse;)V
05-14 15:55:07.467 10729 10754 D M_InsDal: Lcom/fsck/k9/mail/store/imap/ImapResponse;--->getTag()Ljava/lang/String;
05-14 15:55:07.467 10729 10754 D M_InsDal: Lcom/fsck/k9/mail/store/imap/ImapFolder;--->handlePermanentFlags(Lcom/fsck/k9/mail/store/imap/ImapResponse;)V
05-14 15:55:07.467 10729 10754 D M_InsDal: Lcom/fsck/k9/mail/store/imap/PermanentFlagsResponse;--->parse(Lcom/fsck/k9/mail/store/imap/ImapResponse;)Lcom/fsck/k9/mail/store/imap/PermanentFlagsResponse;
05-14 15:55:07.467 10729 10754 D M_InsDal: Lcom/fsck/k9/mail/store/imap/ImapResponse;--->isTagged()Z
05-14 15:55:07.467 10729 10754 D M_InsDal: Lcom/fsck/k9/mail/store/imap/ImapResponseParser;--->equalsIgnoreCase(Ljava/lang/Object;Ljava/lang/String;)Z
05-14 15:55:07.467 10729 10754 D M_InsDal: Lcom/fsck/k9/mail/store/imap/ImapFolder;--->handlePermanentFlags(Lcom/fsck/k9/mail/store/imap/ImapResponse;)V
05-14 15:55:07.467 10729 10754 D M_InsDal: Lcom/fsck/k9/mail/store/imap/PermanentFlagsResponse;--->parse(Lcom/fsck/k9/mail/store/imap/ImapResponse;)Lcom/fsck/k9/mail/store/imap/PermanentFlagsResponse;
05-14 15:55:07.467 10729 10754 D M_InsDal: Lcom/fsck/k9/mail/store/imap/ImapResponse;--->isTagged()Z
05-14 15:55:07.467 10729 10754 D M_InsDal: Lcom/fsck/k9/mail/store/imap/ImapResponseParser;--->equalsIgnoreCase(Ljava/lang/Object;Ljava/lang/String;)Z
05-14 15:55:07.467 10729 10754 D M_InsDal: Lcom/fsck/k9/mail/store/imap/ImapFolder;--->handlePermanentFlags(Lcom/fsck/k9/mail/store/imap/ImapResponse;)V
05-14 15:55:07.467 10729 10754 D M_InsDal: Lcom/fsck/k9/mail/store/imap/PermanentFlagsResponse;--->parse(Lcom/fsck/k9/mail/store/imap/ImapResponse;)Lcom/fsck/k9/mail/store/imap/PermanentFlagsResponse;
05-14 15:55:07.467 10729 10754 D M_InsDal: Lcom/fsck/k9/mail/store/imap/ImapResponse;--->isTagged()Z
05-14 15:55:07.467 10729 10754 D M_InsDal: Lcom/fsck/k9/mail/store/imap/ImapResponseParser;--->equalsIgnoreCase(Ljava/lang/Object;Ljava/lang/String;)Z
05-14 15:55:07.467 10729 10754 D M_InsDal: Lcom/fsck/k9/mail/store/imap/ImapList;--->isList(I)Z
05-14 15:55:07.467 10729 10754 D M_InsDal: Lcom/fsck/k9/mail/store/imap/ImapList;--->inRange(I)Z
05-14 15:55:07.467 10729 10754 D M_InsDal: Lcom/fsck/k9/mail/store/imap/ImapList;--->getList(I)Lcom/fsck/k9/mail/store/imap/ImapList;
05-14 15:55:07.467 10729 10754 D M_InsDal: Lcom/fsck/k9/mail/store/imap/ImapResponseParser;--->equalsIgnoreCase(Ljava/lang/Object;Ljava/lang/String;)Z
05-14 15:55:07.467 10729 10754 D M_InsDal: Lcom/fsck/k9/mail/store/imap/ImapFolder;--->handlePermanentFlags(Lcom/fsck/k9/mail/store/imap/ImapResponse;)V
05-14 15:55:07.467 10729 10754 D M_InsDal: Lcom/fsck/k9/mail/store/imap/PermanentFlagsResponse;--->parse(Lcom/fsck/k9/mail/store/imap/ImapResponse;)Lcom/fsck/k9/mail/store/imap/PermanentFlagsResponse;
05-14 15:55:07.467 10729 10754 D M_InsDal: Lcom/fsck/k9/mail/store/imap/ImapResponse;--->isTagged()Z
05-14 15:55:07.467 10729 10754 D M_InsDal: Lcom/fsck/k9/mail/store/imap/ImapResponseParser;--->equalsIgnoreCase(Ljava/lang/Object;Ljava/lang/String;)Z
05-14 15:55:07.467 10729 10754 D M_InsDal: Lcom/fsck/k9/mail/store/imap/ImapList;--->isList(I)Z
05-14 15:55:07.467 10729 10754 D M_InsDal: Lcom/fsck/k9/mail/store/imap/ImapList;--->inRange(I)Z
05-14 15:55:07.467 10729 10754 D M_InsDal: Lcom/fsck/k9/mail/store/imap/ImapList;--->getList(I)Lcom/fsck/k9/mail/store/imap/ImapList;
05-14 15:55:07.467 10729 10754 D M_InsDal: Lcom/fsck/k9/mail/store/imap/ImapResponseParser;--->equalsIgnoreCase(Ljava/lang/Object;Ljava/lang/String;)Z
05-14 15:55:07.467 10729 10754 D M_InsDal: Lcom/fsck/k9/mail/store/imap/ImapFolder;--->handlePermanentFlags(Lcom/fsck/k9/mail/store/imap/ImapResponse;)V
05-14 15:55:07.467 10729 10754 D M_InsDal: Lcom/fsck/k9/mail/store/imap/PermanentFlagsResponse;--->parse(Lcom/fsck/k9/mail/store/imap/ImapResponse;)Lcom/fsck/k9/mail/store/imap/PermanentFlagsResponse;
05-14 15:55:07.467 10729 10754 D M_InsDal: Lcom/fsck/k9/mail/store/imap/ImapResponse;--->isTagged()Z
05-14 15:55:07.467 10729 10754 D M_InsDal: Lcom/fsck/k9/mail/store/imap/ImapResponseParser;--->equalsIgnoreCase(Ljava/lang/Object;Ljava/lang/String;)Z
05-14 15:55:07.467 10729 10754 D M_InsDal: Lcom/fsck/k9/mail/store/imap/ImapFolder;--->handlePermanentFlags(Lcom/fsck/k9/mail/store/imap/ImapResponse;)V
05-14 15:55:07.467 10729 10754 D M_InsDal: Lcom/fsck/k9/mail/store/imap/PermanentFlagsResponse;--->parse(Lcom/fsck/k9/mail/store/imap/ImapResponse;)Lcom/fsck/k9/mail/store/imap/PermanentFlagsResponse;
05-14 15:55:07.467 10729 10754 D M_InsDal: Lcom/fsck/k9/mail/store/imap/ImapResponse;--->isTagged()Z
05-14 15:55:07.467 10729 10754 D M_InsDal: Lcom/fsck/k9/mail/store/imap/ImapResponseParser;--->equalsIgnoreCase(Ljava/lang/Object;Ljava/lang/String;)Z
05-14 15:55:07.467 10729 10754 D M_InsDal: Lcom/fsck/k9/mail/store/imap/ImapList;--->isList(I)Z
05-14 15:55:07.467 10729 10754 D M_InsDal: Lcom/fsck/k9/mail/store/imap/ImapList;--->inRange(I)Z
05-14 15:55:07.467 10729 10754 D M_InsDal: Lcom/fsck/k9/mail/store/imap/ImapList;--->getList(I)Lcom/fsck/k9/mail/store/imap/ImapList;
05-14 15:55:07.467 10729 10754 D M_InsDal: Lcom/fsck/k9/mail/store/imap/ImapResponseParser;--->equalsIgnoreCase(Ljava/lang/Object;Ljava/lang/String;)Z
05-14 15:55:07.467 10729 10754 D M_InsDal: Lcom/fsck/k9/mail/store/imap/ImapList;--->isList(I)Z
05-14 15:55:07.467 10729 10754 D M_InsDal: Lcom/fsck/k9/mail/store/imap/ImapList;--->inRange(I)Z
05-14 15:55:07.467 10729 10754 D M_InsDal: Lcom/fsck/k9/mail/store/imap/ImapList;--->getList(I)Lcom/fsck/k9/mail/store/imap/ImapList;
05-14 15:55:07.467 10729 10754 D M_InsDal: Lcom/fsck/k9/mail/store/imap/PermanentFlagsResponse;---><init>(Ljava/util/Set;Z)V
05-14 15:55:07.467 10729 10754 D M_InsDal: Lcom/fsck/k9/mail/store/imap/ImapStore;--->getPermanentFlagsIndex()Ljava/util/Set;
05-14 15:55:07.467 10729 10754 D M_InsDal: Lcom/fsck/k9/mail/store/imap/PermanentFlagsResponse;--->getFlags()Ljava/util/Set;
05-14 15:55:07.467 10729 10754 D M_InsDal: Lcom/fsck/k9/mail/store/imap/PermanentFlagsResponse;--->canCreateKeywords()Z
05-14 15:55:07.467 10729 10754 D M_InsDal: Lcom/fsck/k9/mail/store/imap/ImapFolder;--->handlePermanentFlags(Lcom/fsck/k9/mail/store/imap/ImapResponse;)V
05-14 15:55:07.467 10729 10754 D M_InsDal: Lcom/fsck/k9/mail/store/imap/PermanentFlagsResponse;--->parse(Lcom/fsck/k9/mail/store/imap/ImapResponse;)Lcom/fsck/k9/mail/store/imap/PermanentFlagsResponse;
05-14 15:55:07.467 10729 10754 D M_InsDal: Lcom/fsck/k9/mail/store/imap/ImapResponse;--->isTagged()Z
05-14 15:55:07.467 10729 10754 D M_InsDal: Lcom/fsck/k9/mail/store/imap/ImapUtility;--->getLastResponse(Ljava/util/List;)Lcom/fsck/k9/mail/store/imap/ImapResponse;
05-14 15:55:07.467 10729 10754 D M_InsDal: Lcom/fsck/k9/mail/store/imap/ImapFolder;--->handleSelectOrExamineOkResponse(Lcom/fsck/k9/mail/store/imap/ImapResponse;)V
05-14 15:55:07.467 10729 10754 D M_InsDal: Lcom/fsck/k9/mail/store/imap/SelectOrExamineResponse;--->parse(Lcom/fsck/k9/mail/store/imap/ImapResponse;)Lcom/fsck/k9/mail/store/imap/SelectOrExamineResponse;
05-14 15:55:07.467 10729 10754 D M_InsDal: Lcom/fsck/k9/mail/store/imap/ImapResponse;--->isTagged()Z
05-14 15:55:07.467 10729 10754 D M_InsDal: Lcom/fsck/k9/mail/store/imap/ImapResponseParser;--->equalsIgnoreCase(Ljava/lang/Object;Ljava/lang/String;)Z
05-14 15:55:07.467 10729 10754 D M_InsDal: Lcom/fsck/k9/mail/store/imap/ImapList;--->isList(I)Z
05-14 15:55:07.467 10729 10754 D M_InsDal: Lcom/fsck/k9/mail/store/imap/ImapList;--->inRange(I)Z
05-14 15:55:07.467 10729 10754 D M_InsDal: Lcom/fsck/k9/mail/store/imap/ImapList;--->getList(I)Lcom/fsck/k9/mail/store/imap/ImapList;
05-14 15:55:07.467 10729 10754 D M_InsDal: Lcom/fsck/k9/mail/store/imap/ImapList;--->isString(I)Z
05-14 15:55:07.467 10729 10754 D M_InsDal: Lcom/fsck/k9/mail/store/imap/ImapList;--->inRange(I)Z
05-14 15:55:07.467 10729 10754 D M_InsDal: Lcom/fsck/k9/mail/store/imap/ImapList;--->getString(I)Ljava/lang/String;
05-14 15:55:07.467 10729 10754 D M_InsDal: Lcom/fsck/k9/mail/store/imap/SelectOrExamineResponse;---><init>(Ljava/lang/Boolean;)V
05-14 15:55:07.467 10729 10754 D M_InsDal: Lcom/fsck/k9/mail/store/imap/SelectOrExamineResponse;--->hasOpenMode()Z
05-14 15:55:07.467 10729 10754 D M_InsDal: Lcom/fsck/k9/mail/store/imap/SelectOrExamineResponse;--->getOpenMode()I
05-14 15:55:07.467 10729 10754 D M_InsDal: Lcom/fsck/k9/mail/store/imap/SelectOrExamineResponse;--->hasOpenMode()Z
05-14 15:55:07.468 10729 10754 D M_InsDal: Lcom/fsck/k9/mail/store/imap/ImapFolderPusher$PushRunnable;--->checkConnectionNotNull(Lcom/fsck/k9/mail/store/imap/ImapConnection;)V
05-14 15:55:07.468 10729 10754 D M_InsDal: Lcom/fsck/k9/mail/store/imap/ImapFolderPusher$PushRunnable;--->checkConnectionIdleCapable(Lcom/fsck/k9/mail/store/imap/ImapConnection;)V
05-14 15:55:07.468 10729 10754 D M_InsDal: Lcom/fsck/k9/mail/store/imap/ImapConnection;--->isIdleCapable()Z
05-14 15:55:07.468 10729 10754 D M_InsDal: Lcom/fsck/k9/mail/K9MailLib;--->isDebug()Z
05-14 15:55:07.468 10729 10754 D M_InsDal: Lcom/fsck/k9/mail/store/imap/ImapResponseParser;--->equalsIgnoreCase(Ljava/lang/Object;Ljava/lang/String;)Z
05-14 15:55:07.468 10729 10754 D M_InsDal: Lcom/fsck/k9/mail/store/imap/ImapList;--->getNumber(I)I
05-14 15:55:07.468 10729 10754 D M_InsDal: Lcom/fsck/k9/mail/store/imap/ImapList;--->getString(I)Ljava/lang/String;
05-14 15:55:07.468 10729 10754 D M_InsDal: Lcom/fsck/k9/mail/K9MailLib;--->isDebug()Z
05-14 15:55:07.468 10729 10754 D M_InsDal: Lcom/fsck/k9/K9$2;--->enabled()Z
05-14 15:55:07.468 10729 10754 D M_InsDal: Lcom/fsck/k9/mail/store/imap/ImapFolder;--->handlePossibleUidNext(Lcom/fsck/k9/mail/store/imap/ImapResponse;)V
05-14 15:55:07.468 10729 10754 D M_InsDal: Lcom/fsck/k9/mail/store/imap/ImapResponseParser;--->equalsIgnoreCase(Ljava/lang/Object;Ljava/lang/String;)Z
05-14 15:55:07.468 10729 10754 D M_InsDal: Lcom/fsck/k9/mail/store/imap/ImapResponseParser;--->equalsIgnoreCase(Ljava/lang/Object;Ljava/lang/String;)Z
05-14 15:55:07.468 10729 10754 D M_InsDal: Lcom/fsck/k9/mail/store/imap/ImapFolderPusher;--->superHandleUntaggedResponse(Lcom/fsck/k9/mail/store/imap/ImapResponse;)V
05-14 15:55:07.468 10729 10754 D M_InsDal: Lcom/fsck/k9/mail/store/imap/ImapResponse;--->getTag()Ljava/lang/String;
05-14 15:55:07.468 10729 10754 D M_InsDal: Lcom/fsck/k9/mail/store/imap/ImapResponseParser;--->equalsIgnoreCase(Ljava/lang/Object;Ljava/lang/String;)Z
05-14 15:55:07.468 10729 10754 D M_InsDal: Lcom/fsck/k9/mail/store/imap/ImapResponseParser;--->equalsIgnoreCase(Ljava/lang/Object;Ljava/lang/String;)Z
05-14 15:55:07.468 10729 10754 D M_InsDal: Lcom/fsck/k9/mail/K9MailLib;--->isDebug()Z
05-14 15:55:07.468 10729 10754 D M_InsDal: Lcom/fsck/k9/K9$2;--->enabled()Z
05-14 15:55:07.468 10729 10754 D M_InsDal: Lcom/fsck/k9/mail/store/imap/ImapFolderPusher$PushRunnable;--->getAndClearStoredUntaggedResponses()Ljava/util/List;
05-14 15:55:07.468 10729 10754 D M_InsDal: Lcom/fsck/k9/controller/MessagingControllerPushReceiver;--->syncFolder(Lcom/fsck/k9/mail/Folder;)V
05-14 15:55:07.468 10729 10754 D M_InsDal: Lcom/fsck/k9/mail/store/imap/ImapFolder;--->getName()Ljava/lang/String;
05-14 15:55:07.468 10729 10754 D M_InsDal: Lcom/fsck/k9/mail/store/imap/ImapFolder;--->getName()Ljava/lang/String;
05-14 15:55:07.468 10729 10754 D M_InsDal: Lcom/fsck/k9/controller/MessagingControllerPushReceiver$1;---><init>(Lcom/fsck/k9/controller/MessagingControllerPushReceiver;Ljava/util/concurrent/CountDownLatch;)V
05-14 15:55:07.468 10729 10754 D M_InsDal: Lcom/fsck/k9/controller/SimpleMessagingListener;---><init>()V
05-14 15:55:07.468 10729 10754 D M_InsDal: Lcom/fsck/k9/controller/MessagingController;--->synchronizeMailbox(Lcom/fsck/k9/Account;Ljava/lang/String;Lcom/fsck/k9/controller/MessagingListener;Lcom/fsck/k9/mail/Folder;)V
05-14 15:55:07.468 10729 10754 D M_InsDal: Lcom/fsck/k9/controller/MessagingController$9;---><init>(Lcom/fsck/k9/controller/MessagingController;Lcom/fsck/k9/Account;Ljava/lang/String;Lcom/fsck/k9/controller/MessagingListener;Lcom/fsck/k9/mail/Folder;)V
05-14 15:55:07.468 10729 10754 D M_InsDal: Lcom/fsck/k9/controller/MessagingController;--->putBackground(Ljava/lang/String;Lcom/fsck/k9/controller/MessagingListener;Ljava/lang/Runnable;)V
05-14 15:55:07.468 10729 10754 D M_InsDal: Lcom/fsck/k9/controller/MessagingController;--->putCommand(Ljava/util/concurrent/BlockingQueue;Ljava/lang/String;Lcom/fsck/k9/controller/MessagingListener;Ljava/lang/Runnable;Z)V
05-14 15:55:07.468 10729 10754 D M_InsDal: Lcom/fsck/k9/controller/MessagingController$Command;---><init>()V
05-14 15:55:07.468 10729 10754 D M_InsDal: Lcom/fsck/k9/mail/store/imap/ImapFolder;--->getName()Ljava/lang/String;
05-14 15:55:07.468 10729 10748 D M_InsDal: Lcom/fsck/k9/controller/MessagingController$9;--->run()V
05-14 15:55:07.468 10729 10748 D M_InsDal: Lcom/fsck/k9/controller/MessagingController;--->synchronizeMailboxSynchronous(Lcom/fsck/k9/Account;Ljava/lang/String;Lcom/fsck/k9/controller/MessagingListener;Lcom/fsck/k9/mail/Folder;)V
05-14 15:55:07.468 10729 10748 D M_InsDal: Lcom/fsck/k9/controller/MessagingController;--->getRemoteMessageStore(Lcom/fsck/k9/Account;)Lcom/fsck/k9/controller/RemoteMessageStore;
05-14 15:55:07.468 10729 10748 D M_InsDal: Lcom/fsck/k9/Account;--->getStoreUri()Ljava/lang/String;
05-14 15:55:07.468 10729 10748 D M_InsDal: Lcom/fsck/k9/controller/MessagingController;--->getImapMessageStore()Lcom/fsck/k9/controller/imap/ImapMessageStore;
05-14 15:55:07.468 10729 10748 D M_InsDal: Lcom/fsck/k9/controller/imap/ImapMessageStore;---><init>(Lcom/fsck/k9/notification/NotificationController;Lcom/fsck/k9/controller/MessagingController;Landroid/content/Context;)V
05-14 15:55:07.468 10729 10748 D M_InsDal: Lcom/fsck/k9/controller/imap/ImapSync;---><init>(Lcom/fsck/k9/notification/NotificationController;Lcom/fsck/k9/controller/MessagingController;Landroid/content/Context;)V
05-14 15:55:07.468 10729 10748 D M_InsDal: Lcom/fsck/k9/controller/imap/ImapMessageStore;--->sync(Lcom/fsck/k9/Account;Ljava/lang/String;Lcom/fsck/k9/controller/MessagingListener;Lcom/fsck/k9/mail/Folder;)V
05-14 15:55:07.468 10729 10748 D M_InsDal: Lcom/fsck/k9/controller/imap/ImapSync;--->sync(Lcom/fsck/k9/Account;Ljava/lang/String;Lcom/fsck/k9/controller/MessagingListener;Lcom/fsck/k9/mail/Folder;)V
05-14 15:55:07.468 10729 10748 D M_InsDal: Lcom/fsck/k9/controller/imap/ImapSync;--->synchronizeMailboxSynchronous(Lcom/fsck/k9/Account;Ljava/lang/String;Lcom/fsck/k9/controller/MessagingListener;Lcom/fsck/k9/mail/Folder;)V
05-14 15:55:07.468 10729 10748 D M_InsDal: Lcom/fsck/k9/Account;--->getDescription()Ljava/lang/String;
05-14 15:55:07.468 10729 10748 D M_InsDal: Lcom/fsck/k9/controller/imap/ImapSync;--->getListeners(Lcom/fsck/k9/controller/MessagingListener;)Ljava/util/Set;
05-14 15:55:07.468 10729 10748 D M_InsDal: Lcom/fsck/k9/controller/MessagingController;--->getListeners(Lcom/fsck/k9/controller/MessagingListener;)Ljava/util/Set;
05-14 15:55:07.468 10729 10748 D M_InsDal: Lcom/fsck/k9/controller/MemorizingMessagingListener;--->synchronizeMailboxStarted(Lcom/fsck/k9/Account;Ljava/lang/String;)V
05-14 15:55:07.468 10729 10748 D M_InsDal: Lcom/fsck/k9/controller/MemorizingMessagingListener;--->getMemory(Lcom/fsck/k9/Account;Ljava/lang/String;)Lcom/fsck/k9/controller/MemorizingMessagingListener$Memory;
05-14 15:55:07.468 10729 10748 D M_InsDal: Lcom/fsck/k9/controller/MemorizingMessagingListener;--->getMemoryKey(Lcom/fsck/k9/Account;Ljava/lang/String;)Ljava/lang/String;
05-14 15:55:07.468 10729 10748 D M_InsDal: Lcom/fsck/k9/Account;--->getDescription()Ljava/lang/String;
05-14 15:55:07.468 10729 10748 D M_InsDal: Lcom/fsck/k9/controller/MemorizingMessagingListener$Memory;---><init>(Lcom/fsck/k9/Account;Ljava/lang/String;)V
05-14 15:55:07.468 10729 10748 D M_InsDal: Lcom/fsck/k9/controller/MemorizingMessagingListener;--->getMemoryKey(Lcom/fsck/k9/Account;Ljava/lang/String;)Ljava/lang/String;
05-14 15:55:07.468 10729 10748 D M_InsDal: Lcom/fsck/k9/Account;--->getDescription()Ljava/lang/String;
05-14 15:55:07.468 10729 10748 D M_InsDal: Lcom/fsck/k9/controller/MemorizingMessagingListener$MemorizingState;---><clinit>()V
05-14 15:55:07.468 10729 10748 D M_InsDal: Lcom/fsck/k9/controller/MemorizingMessagingListener$MemorizingState;---><init>(Ljava/lang/String;I)V
05-14 15:55:07.468 10729 10748 D M_InsDal: Lcom/fsck/k9/controller/MemorizingMessagingListener$MemorizingState;---><init>(Ljava/lang/String;I)V
05-14 15:55:07.469 10729 10748 D M_InsDal: Lcom/fsck/k9/controller/SimpleMessagingListener;--->synchronizeMailboxStarted(Lcom/fsck/k9/Account;Ljava/lang/String;)V
05-14 15:55:07.469 10729 10748 D M_InsDal: Lcom/fsck/k9/controller/SimpleMessagingListener;--->synchronizeMailboxStarted(Lcom/fsck/k9/Account;Ljava/lang/String;)V
05-14 15:55:07.469 10729 10748 D M_InsDal: Lcom/fsck/k9/fragment/MessageListFragment$MessageListActivityListener;--->synchronizeMailboxStarted(Lcom/fsck/k9/Account;Ljava/lang/String;)V
05-14 15:55:07.469 10729 10748 D M_InsDal: Lcom/fsck/k9/fragment/MessageListFragment$MessageListActivityListener;--->updateForMe(Lcom/fsck/k9/Account;Ljava/lang/String;)Z
05-14 15:55:07.469 10729 10748 D M_InsDal: Lcom/fsck/k9/Account;--->getUuid()Ljava/lang/String;
05-14 15:55:07.469 10729 10748 D M_InsDal: Lcom/fsck/k9/helper/Utility;--->arrayContains([Ljava/lang/Object;Ljava/lang/Object;)Z
05-14 15:55:07.469 10729 10748 D M_InsDal: Lcom/fsck/k9/search/LocalSearch;--->getFolderNames()Ljava/util/List;
05-14 15:55:07.469 10729 10748 D M_InsDal: Lcom/fsck/k9/activity/ActivityListener;--->synchronizeMailboxStarted(Lcom/fsck/k9/Account;Ljava/lang/String;)V
05-14 15:55:07.469 10729 10748 D M_InsDal: Lcom/fsck/k9/Account;--->getDescription()Ljava/lang/String;
05-14 15:55:07.469 10729 10748 D M_InsDal: Lcom/fsck/k9/fragment/MessageListFragment$MessageListActivityListener;--->informUserOfStatus()V
05-14 15:55:07.469 10729 10748 D M_InsDal: Lcom/fsck/k9/fragment/MessageListHandler;--->refreshTitle()V
05-14 15:55:07.469 10729 10748 D M_InsDal: Lcom/fsck/k9/controller/SimpleMessagingListener;--->synchronizeMailboxStarted(Lcom/fsck/k9/Account;Ljava/lang/String;)V
05-14 15:55:07.469 10729 10748 D M_InsDal: Lcom/fsck/k9/Account;--->getOutboxFolderName()Ljava/lang/String;
05-14 15:55:07.469 10729 10748 D M_InsDal: Lcom/fsck/k9/Account;--->getDescription()Ljava/lang/String;
05-14 15:55:07.469 10729 10748 D M_InsDal: Lcom/fsck/k9/controller/imap/ImapSync;--->processPendingCommandsSynchronous(Lcom/fsck/k9/Account;)V
05-14 15:55:07.469 10729 10748 D M_InsDal: Lcom/fsck/k9/controller/MessagingController;--->processPendingCommandsSynchronous(Lcom/fsck/k9/Account;)V
05-14 15:55:07.469 10729 10748 D M_InsDal: Lcom/fsck/k9/Account;--->getLocalStore()Lcom/fsck/k9/mailstore/LocalStore;
05-14 15:55:07.469 10729 10748 D M_InsDal: Lcom/fsck/k9/mailstore/LocalStore;--->getInstance(Lcom/fsck/k9/Account;Landroid/content/Context;)Lcom/fsck/k9/mailstore/LocalStore;
05-14 15:55:07.469 10729 10748 D M_InsDal: Lcom/fsck/k9/Account;--->getUuid()Ljava/lang/String;
05-14 15:55:07.469 10729 10748 D M_InsDal: Lcom/fsck/k9/mailstore/LocalStore;--->getPendingCommands()Ljava/util/List;
05-14 15:55:07.469 10729 10729 D M_InsDal: Lcom/fsck/k9/fragment/MessageListHandler;--->handleMessage(Landroid/os/Message;)V
05-14 15:55:07.469 10729 10748 D M_InsDal: Lcom/fsck/k9/mailstore/LocalStore$9;---><init>(Lcom/fsck/k9/mailstore/LocalStore;)V
05-14 15:55:07.469 10729 10748 D M_InsDal: Lcom/fsck/k9/mailstore/LockableDatabase;--->execute(ZLcom/fsck/k9/mailstore/LockableDatabase$DbCallback;)Ljava/lang/Object;
05-14 15:55:07.469 10729 10748 D M_InsDal: Lcom/fsck/k9/mailstore/LockableDatabase;--->lockRead()V
05-14 15:55:07.469 10729 10748 D M_InsDal: Lcom/fsck/k9/mailstore/LockableDatabase;--->getStorageManager()Lcom/fsck/k9/mailstore/StorageManager;
05-14 15:55:07.469 10729 10729 D M_InsDal: Lcom/fsck/k9/fragment/MessageListFragment;--->updateTitle()V
05-14 15:55:07.469 10729 10748 D M_InsDal: Lcom/fsck/k9/mailstore/StorageManager;--->getInstance(Landroid/content/Context;)Lcom/fsck/k9/mailstore/StorageManager;
05-14 15:55:07.469 10729 10729 D M_InsDal: Lcom/fsck/k9/fragment/MessageListFragment;--->setWindowTitle()V
05-14 15:55:07.469 10729 10729 D M_InsDal: Lcom/fsck/k9/fragment/MessageListFragment;--->isManualSearch()Z
05-14 15:55:07.469 10729 10748 D M_InsDal: Lcom/fsck/k9/mailstore/StorageManager;--->lockProvider(Ljava/lang/String;)V
05-14 15:55:07.469 10729 10729 D M_InsDal: Lcom/fsck/k9/search/LocalSearch;--->isManualSearch()Z
05-14 15:55:07.469 10729 10748 D M_InsDal: Lcom/fsck/k9/mailstore/StorageManager;--->getProvider(Ljava/lang/String;)Lcom/fsck/k9/mailstore/StorageManager$StorageProvider;
05-14 15:55:07.469 10729 10729 D M_InsDal: Lcom/fsck/k9/activity/FolderInfoHolder;--->getDisplayName(Landroid/content/Context;Lcom/fsck/k9/Account;Ljava/lang/String;)Ljava/lang/String;
05-14 15:55:07.469 10729 10729 D M_InsDal: Lcom/fsck/k9/Account;--->getSpamFolderName()Ljava/lang/String;
05-14 15:55:07.469 10729 10729 D M_InsDal: Lcom/fsck/k9/Account;--->getArchiveFolderName()Ljava/lang/String;
05-14 15:55:07.469 10729 10729 D M_InsDal: Lcom/fsck/k9/Account;--->getSentFolderName()Ljava/lang/String;
05-14 15:55:07.469 10729 10748 D M_InsDal: Lcom/fsck/k9/mailstore/StorageManager$InternalStorageProvider;--->isReady(Landroid/content/Context;)Z
05-14 15:55:07.469 10729 10729 D M_InsDal: Lcom/fsck/k9/Account;--->getTrashFolderName()Ljava/lang/String;
05-14 15:55:07.469 10729 10729 D M_InsDal: Lcom/fsck/k9/Account;--->getDraftsFolderName()Ljava/lang/String;
05-14 15:55:07.469 10729 10748 D M_InsDal: Lcom/fsck/k9/K9;--->isDebug()Z
05-14 15:55:07.469 10729 10729 D M_InsDal: Lcom/fsck/k9/Account;--->getOutboxFolderName()Ljava/lang/String;
05-14 15:55:07.469 10729 10729 D M_InsDal: Lcom/fsck/k9/Account;--->getInboxFolderName()Ljava/lang/String;
05-14 15:55:07.469 10729 10748 D M_InsDal: Lcom/fsck/k9/mailstore/LocalStore$9;--->doDbWork(Landroid/database/sqlite/SQLiteDatabase;)Ljava/util/List;
05-14 15:55:07.469 10729 10729 D M_InsDal: Lcom/fsck/k9/activity/MessageList;--->setMessageListTitle(Ljava/lang/String;)V
05-14 15:55:07.469 10729 10729 D M_InsDal: Lcom/fsck/k9/activity/MessageList;--->setActionBarTitle(Ljava/lang/String;)V
05-14 15:55:07.469 10729 10729 D M_InsDal: Lcom/fsck/k9/activity/ActivityListener;--->getOperation(Landroid/content/Context;)Ljava/lang/String;
05-14 15:55:07.469 10729 10729 D M_InsDal: Lcom/fsck/k9/activity/ActivityListener;--->getActionInProgressOperation(Landroid/content/Context;)Ljava/lang/String;
05-14 15:55:07.469 10729 10729 D M_InsDal: Lcom/fsck/k9/Account;--->getInboxFolderName()Ljava/lang/String;
05-14 15:55:07.469 10729 10729 D M_InsDal: Lcom/fsck/k9/Account;--->getOutboxFolderName()Ljava/lang/String;
05-14 15:55:07.469 10729 10729 D M_InsDal: Lcom/fsck/k9/activity/MessageList;--->setMessageListSubTitle(Ljava/lang/String;)V
05-14 15:55:07.469 10729 10729 D M_InsDal: Lcom/fsck/k9/activity/MessageList;--->setActionBarSubTitle(Ljava/lang/String;)V
05-14 15:55:07.469 10729 10748 D M_InsDal: Lcom/fsck/k9/helper/Utility;--->closeQuietly(Landroid/database/Cursor;)V
05-14 15:55:07.469 10729 10729 D M_InsDal: Lcom/fsck/k9/activity/MessageList;--->setUnreadCount(I)V
05-14 15:55:07.469 10729 10729 D M_InsDal: Lcom/fsck/k9/activity/MessageList;--->setActionBarUnread(I)V
05-14 15:55:07.469 10729 10729 D M_InsDal: Lcom/fsck/k9/search/LocalSearch;--->isManualSearch()Z
05-14 15:55:07.469 10729 10729 D M_InsDal: Lcom/fsck/k9/fragment/MessageListFragment;--->setWindowProgress()V
05-14 15:55:07.469 10729 10729 D M_InsDal: Lcom/fsck/k9/activity/MessageList;--->setMessageListProgress(I)V
05-14 15:55:07.469 10729 10748 D M_InsDal: Lcom/fsck/k9/mailstore/LockableDatabase;--->unlockRead()V
05-14 15:55:07.469 10729 10748 D M_InsDal: Lcom/fsck/k9/mailstore/LockableDatabase;--->getStorageManager()Lcom/fsck/k9/mailstore/StorageManager;
05-14 15:55:07.469 10729 10748 D M_InsDal: Lcom/fsck/k9/mailstore/StorageManager;--->getInstance(Landroid/content/Context;)Lcom/fsck/k9/mailstore/StorageManager;
05-14 15:55:07.469 10729 10748 D M_InsDal: Lcom/fsck/k9/mailstore/StorageManager;--->unlockProvider(Ljava/lang/String;)V
05-14 15:55:07.469 10729 10748 D M_InsDal: Lcom/fsck/k9/mailstore/StorageManager;--->getProvider(Ljava/lang/String;)Lcom/fsck/k9/mailstore/StorageManager$StorageProvider;
05-14 15:55:07.469 10729 10748 D M_InsDal: Lcom/fsck/k9/Account;--->getLocalStore()Lcom/fsck/k9/mailstore/LocalStore;
05-14 15:55:07.469 10729 10748 D M_InsDal: Lcom/fsck/k9/mailstore/LocalStore;--->getInstance(Lcom/fsck/k9/Account;Landroid/content/Context;)Lcom/fsck/k9/mailstore/LocalStore;
05-14 15:55:07.469 10729 10748 D M_InsDal: Lcom/fsck/k9/Account;--->getUuid()Ljava/lang/String;
05-14 15:55:07.469 10729 10748 D M_InsDal: Lcom/fsck/k9/mailstore/LocalStore;--->getFolder(Ljava/lang/String;)Lcom/fsck/k9/mailstore/LocalFolder;
05-14 15:55:07.469 10729 10748 D M_InsDal: Lcom/fsck/k9/mailstore/LocalFolder;---><init>(Lcom/fsck/k9/mailstore/LocalStore;Ljava/lang/String;)V
05-14 15:55:07.469 10729 10748 D M_InsDal: Lcom/fsck/k9/mail/Folder;---><init>()V
05-14 15:55:07.469 10729 10748 D M_InsDal: Lcom/fsck/k9/mailstore/LocalStore;--->getAttachmentInfoExtractor()Lcom/fsck/k9/message/extractors/AttachmentInfoExtractor;
05-14 15:55:07.469 10729 10748 D M_InsDal: Lcom/fsck/k9/mailstore/LocalFolder;--->getAccount()Lcom/fsck/k9/Account;
05-14 15:55:07.469 10729 10748 D M_InsDal: Lcom/fsck/k9/mailstore/LocalStore;--->getAccount()Lcom/fsck/k9/Account;
05-14 15:55:07.469 10729 10748 D M_InsDal: Lcom/fsck/k9/Account;--->getInboxFolderName()Ljava/lang/String;
05-14 15:55:07.469 10729 10748 D M_InsDal: Lcom/fsck/k9/mailstore/LocalFolder;--->getName()Ljava/lang/String;
05-14 15:55:07.469 10729 10748 D M_InsDal: Lcom/fsck/k9/mailstore/LocalFolder;--->open(I)V
05-14 15:55:07.469 10729 10748 D M_InsDal: Lcom/fsck/k9/mailstore/LocalFolder;--->isOpen()Z
05-14 15:55:07.469 10729 10748 D M_InsDal: Lcom/fsck/k9/mailstore/LocalFolder;--->isOpen()Z
05-14 15:55:07.469 10729 10748 D M_InsDal: Lcom/fsck/k9/mailstore/LocalStore;--->getDatabase()Lcom/fsck/k9/mailstore/LockableDatabase;
05-14 15:55:07.469 10729 10748 D M_InsDal: Lcom/fsck/k9/mailstore/LocalFolder$1;---><init>(Lcom/fsck/k9/mailstore/LocalFolder;I)V
05-14 15:55:07.469 10729 10748 D M_InsDal: Lcom/fsck/k9/mailstore/LockableDatabase;--->execute(ZLcom/fsck/k9/mailstore/LockableDatabase$DbCallback;)Ljava/lang/Object;
05-14 15:55:07.469 10729 10748 D M_InsDal: Lcom/fsck/k9/mailstore/LockableDatabase;--->lockRead()V
05-14 15:55:07.469 10729 10748 D M_InsDal: Lcom/fsck/k9/mailstore/LockableDatabase;--->getStorageManager()Lcom/fsck/k9/mailstore/StorageManager;
05-14 15:55:07.469 10729 10748 D M_InsDal: Lcom/fsck/k9/mailstore/StorageManager;--->getInstance(Landroid/content/Context;)Lcom/fsck/k9/mailstore/StorageManager;
05-14 15:55:07.469 10729 10748 D M_InsDal: Lcom/fsck/k9/mailstore/StorageManager;--->lockProvider(Ljava/lang/String;)V
05-14 15:55:07.469 10729 10748 D M_InsDal: Lcom/fsck/k9/mailstore/StorageManager;--->getProvider(Ljava/lang/String;)Lcom/fsck/k9/mailstore/StorageManager$StorageProvider;
05-14 15:55:07.469 10729 10748 D M_InsDal: Lcom/fsck/k9/mailstore/StorageManager$InternalStorageProvider;--->isReady(Landroid/content/Context;)Z
05-14 15:55:07.469 10729 10748 D M_InsDal: Lcom/fsck/k9/K9;--->isDebug()Z
05-14 15:55:07.469 10729 10748 D M_InsDal: Lcom/fsck/k9/mailstore/LocalFolder$1;--->doDbWork(Landroid/database/sqlite/SQLiteDatabase;)Ljava/lang/Void;
05-14 15:55:07.469 10729 10748 D M_InsDal: Lcom/fsck/k9/mailstore/LocalFolder;--->open(Landroid/database/Cursor;)V
05-14 15:55:07.469 10729 10748 D M_InsDal: Lcom/fsck/k9/mail/Folder;--->setStatus(Ljava/lang/String;)V
05-14 15:55:07.469 10729 10748 D M_InsDal: Lcom/fsck/k9/mail/Folder;--->setLastChecked(J)V
05-14 15:55:07.469 10729 10748 D M_InsDal: Lcom/fsck/k9/mail/Folder;--->setLastPush(J)V
05-14 15:55:07.469 10729 10748 D M_InsDal: Lcom/fsck/k9/mail/Folder$FolderClass;--->valueOf(Ljava/lang/String;)Lcom/fsck/k9/mail/Folder$FolderClass;
05-14 15:55:07.469 10729 10748 D M_InsDal: Lcom/fsck/k9/mail/Folder$FolderClass;--->valueOf(Ljava/lang/String;)Lcom/fsck/k9/mail/Folder$FolderClass;
05-14 15:55:07.469 10729 10748 D M_InsDal: Lcom/fsck/k9/mailstore/LocalFolder$MoreMessages;--->fromDatabaseName(Ljava/lang/String;)Lcom/fsck/k9/mailstore/LocalFolder$MoreMessages;
05-14 15:55:07.469 10729 10748 D M_InsDal: Lcom/fsck/k9/mailstore/LocalFolder$MoreMessages;--->values()[Lcom/fsck/k9/mailstore/LocalFolder$MoreMessages;
05-14 15:55:07.469 10729 10748 D M_InsDal: Lcom/fsck/k9/helper/Utility;--->closeQuietly(Landroid/database/Cursor;)V
05-14 15:55:07.469 10729 10748 D M_InsDal: Lcom/fsck/k9/mailstore/LockableDatabase;--->unlockRead()V
05-14 15:55:07.469 10729 10748 D M_InsDal: Lcom/fsck/k9/mailstore/LockableDatabase;--->getStorageManager()Lcom/fsck/k9/mailstore/StorageManager;
05-14 15:55:07.469 10729 10748 D M_InsDal: Lcom/fsck/k9/mailstore/StorageManager;--->getInstance(Landroid/content/Context;)Lcom/fsck/k9/mailstore/StorageManager;
05-14 15:55:07.469 10729 10748 D M_InsDal: Lcom/fsck/k9/mailstore/StorageManager;--->unlockProvider(Ljava/lang/String;)V
05-14 15:55:07.469 10729 10748 D M_InsDal: Lcom/fsck/k9/mailstore/StorageManager;--->getProvider(Ljava/lang/String;)Lcom/fsck/k9/mailstore/StorageManager$StorageProvider;
05-14 15:55:07.469 10729 10748 D M_InsDal: Lcom/fsck/k9/mailstore/LocalFolder;--->updateLastUid()V
05-14 15:55:07.469 10729 10748 D M_InsDal: Lcom/fsck/k9/mailstore/LocalStore;--->getDatabase()Lcom/fsck/k9/mailstore/LockableDatabase;
05-14 15:55:07.469 10729 10748 D M_InsDal: Lcom/fsck/k9/mailstore/LocalFolder$26;---><init>(Lcom/fsck/k9/mailstore/LocalFolder;)V
05-14 15:55:07.469 10729 10748 D M_InsDal: Lcom/fsck/k9/mailstore/LockableDatabase;--->execute(ZLcom/fsck/k9/mailstore/LockableDatabase$DbCallback;)Ljava/lang/Object;
05-14 15:55:07.469 10729 10748 D M_InsDal: Lcom/fsck/k9/mailstore/LockableDatabase;--->lockRead()V
05-14 15:55:07.469 10729 10748 D M_InsDal: Lcom/fsck/k9/mailstore/LockableDatabase;--->getStorageManager()Lcom/fsck/k9/mailstore/StorageManager;
05-14 15:55:07.469 10729 10748 D M_InsDal: Lcom/fsck/k9/mailstore/StorageManager;--->getInstance(Landroid/content/Context;)Lcom/fsck/k9/mailstore/StorageManager;
05-14 15:55:07.469 10729 10748 D M_InsDal: Lcom/fsck/k9/mailstore/StorageManager;--->lockProvider(Ljava/lang/String;)V
05-14 15:55:07.469 10729 10748 D M_InsDal: Lcom/fsck/k9/mailstore/StorageManager;--->getProvider(Ljava/lang/String;)Lcom/fsck/k9/mailstore/StorageManager$StorageProvider;
05-14 15:55:07.469 10729 10748 D M_InsDal: Lcom/fsck/k9/mailstore/StorageManager$InternalStorageProvider;--->isReady(Landroid/content/Context;)Z
05-14 15:55:07.469 10729 10748 D M_InsDal: Lcom/fsck/k9/K9;--->isDebug()Z
05-14 15:55:07.469 10729 10748 D M_InsDal: Lcom/fsck/k9/mailstore/LocalFolder$26;--->doDbWork(Landroid/database/sqlite/SQLiteDatabase;)Ljava/lang/Integer;
05-14 15:55:07.469 10729 10748 D M_InsDal: Lcom/fsck/k9/mailstore/LocalFolder;--->open(I)V
05-14 15:55:07.469 10729 10748 D M_InsDal: Lcom/fsck/k9/mailstore/LocalFolder;--->isOpen()Z
05-14 15:55:07.469 10729 10748 D M_InsDal: Lcom/fsck/k9/mailstore/LocalFolder;--->getMode()I
05-14 15:55:07.470 10729 10748 D M_InsDal: Lcom/fsck/k9/helper/Utility;--->closeQuietly(Landroid/database/Cursor;)V
05-14 15:55:07.470 10729 10748 D M_InsDal: Lcom/fsck/k9/mailstore/LockableDatabase;--->unlockRead()V
05-14 15:55:07.470 10729 10748 D M_InsDal: Lcom/fsck/k9/mailstore/LockableDatabase;--->getStorageManager()Lcom/fsck/k9/mailstore/StorageManager;
05-14 15:55:07.470 10729 10748 D M_InsDal: Lcom/fsck/k9/mailstore/StorageManager;--->getInstance(Landroid/content/Context;)Lcom/fsck/k9/mailstore/StorageManager;
05-14 15:55:07.470 10729 10748 D M_InsDal: Lcom/fsck/k9/mailstore/StorageManager;--->unlockProvider(Ljava/lang/String;)V
05-14 15:55:07.470 10729 10748 D M_InsDal: Lcom/fsck/k9/mailstore/StorageManager;--->getProvider(Ljava/lang/String;)Lcom/fsck/k9/mailstore/StorageManager$StorageProvider;
05-14 15:55:07.470 10729 10748 D M_InsDal: Lcom/fsck/k9/mailstore/LocalFolder;--->getAllMessagesAndEffectiveDates()Ljava/util/Map;
05-14 15:55:07.470 10729 10748 D M_InsDal: Lcom/fsck/k9/mailstore/LocalStore;--->getDatabase()Lcom/fsck/k9/mailstore/LockableDatabase;
05-14 15:55:07.470 10729 10748 D M_InsDal: Lcom/fsck/k9/mailstore/LocalFolder$11;---><init>(Lcom/fsck/k9/mailstore/LocalFolder;)V
05-14 15:55:07.470 10729 10748 D M_InsDal: Lcom/fsck/k9/mailstore/LockableDatabase;--->execute(ZLcom/fsck/k9/mailstore/LockableDatabase$DbCallback;)Ljava/lang/Object;
05-14 15:55:07.470 10729 10748 D M_InsDal: Lcom/fsck/k9/mailstore/LockableDatabase;--->lockRead()V
05-14 15:55:07.470 10729 10748 D M_InsDal: Lcom/fsck/k9/mailstore/LockableDatabase;--->getStorageManager()Lcom/fsck/k9/mailstore/StorageManager;
05-14 15:55:07.470 10729 10748 D M_InsDal: Lcom/fsck/k9/mailstore/StorageManager;--->getInstance(Landroid/content/Context;)Lcom/fsck/k9/mailstore/StorageManager;
05-14 15:55:07.470 10729 10748 D M_InsDal: Lcom/fsck/k9/mailstore/StorageManager;--->lockProvider(Ljava/lang/String;)V
05-14 15:55:07.470 10729 10748 D M_InsDal: Lcom/fsck/k9/mailstore/StorageManager;--->getProvider(Ljava/lang/String;)Lcom/fsck/k9/mailstore/StorageManager$StorageProvider;
05-14 15:55:07.470 10729 10748 D M_InsDal: Lcom/fsck/k9/mailstore/StorageManager$InternalStorageProvider;--->isReady(Landroid/content/Context;)Z
05-14 15:55:07.470 10729 10748 D M_InsDal: Lcom/fsck/k9/K9;--->isDebug()Z
05-14 15:55:07.470 10729 10748 D M_InsDal: Lcom/fsck/k9/mailstore/LocalFolder$11;--->doDbWork(Landroid/database/sqlite/SQLiteDatabase;)Ljava/util/Map;
05-14 15:55:07.470 10729 10748 D M_InsDal: Lcom/fsck/k9/mailstore/LocalFolder;--->open(I)V
05-14 15:55:07.470 10729 10748 D M_InsDal: Lcom/fsck/k9/mailstore/LocalFolder;--->isOpen()Z
05-14 15:55:07.470 10729 10748 D M_InsDal: Lcom/fsck/k9/mailstore/LocalFolder;--->getMode()I
05-14 15:55:07.470 10729 10748 D M_InsDal: Lcom/fsck/k9/helper/Utility;--->closeQuietly(Landroid/database/Cursor;)V
05-14 15:55:07.470 10729 10748 D M_InsDal: Lcom/fsck/k9/mailstore/LockableDatabase;--->unlockRead()V
05-14 15:55:07.470 10729 10748 D M_InsDal: Lcom/fsck/k9/mailstore/LockableDatabase;--->getStorageManager()Lcom/fsck/k9/mailstore/StorageManager;
05-14 15:55:07.470 10729 10748 D M_InsDal: Lcom/fsck/k9/mailstore/StorageManager;--->getInstance(Landroid/content/Context;)Lcom/fsck/k9/mailstore/StorageManager;
05-14 15:55:07.470 10729 10748 D M_InsDal: Lcom/fsck/k9/mailstore/StorageManager;--->unlockProvider(Ljava/lang/String;)V
05-14 15:55:07.470 10729 10748 D M_InsDal: Lcom/fsck/k9/mailstore/StorageManager;--->getProvider(Ljava/lang/String;)Lcom/fsck/k9/mailstore/StorageManager$StorageProvider;
05-14 15:55:07.470 10729 10748 D M_InsDal: Lcom/fsck/k9/notification/NotificationController;--->clearAuthenticationErrorNotification(Lcom/fsck/k9/Account;Z)V
05-14 15:55:07.470 10729 10748 D M_InsDal: Lcom/fsck/k9/notification/AuthenticationErrorNotifications;--->clearAuthenticationErrorNotification(Lcom/fsck/k9/Account;Z)V
05-14 15:55:07.470 10729 10748 D M_InsDal: Lcom/fsck/k9/notification/NotificationIds;--->getAuthenticationErrorNotificationId(Lcom/fsck/k9/Account;Z)I
05-14 15:55:07.470 10729 10748 D M_InsDal: Lcom/fsck/k9/notification/NotificationIds;--->getBaseNotificationId(Lcom/fsck/k9/Account;)I
05-14 15:55:07.470 10729 10748 D M_InsDal: Lcom/fsck/k9/Account;--->getAccountNumber()I
05-14 15:55:07.470 10729 10748 D M_InsDal: Lcom/fsck/k9/notification/AuthenticationErrorNotifications;--->getNotificationManager()Landroid/support/v4/app/NotificationManagerCompat;
05-14 15:55:07.470 10729 10748 D M_InsDal: Lcom/fsck/k9/notification/NotificationController;--->getNotificationManager()Landroid/support/v4/app/NotificationManagerCompat;
05-14 15:55:07.470 10729 10748 D M_InsDal: Lcom/fsck/k9/mail/store/imap/ImapFolder;--->getMessageCount()I
05-14 15:55:07.470 10729 10748 D M_InsDal: Lcom/fsck/k9/mailstore/LocalFolder;--->getVisibleLimit()I
05-14 15:55:07.470 10729 10748 D M_InsDal: Lcom/fsck/k9/mailstore/LocalFolder;--->open(I)V
05-14 15:55:07.470 10729 10748 D M_InsDal: Lcom/fsck/k9/mailstore/LocalFolder;--->isOpen()Z
05-14 15:55:07.470 10729 10748 D M_InsDal: Lcom/fsck/k9/mailstore/LocalFolder;--->getMode()I
05-14 15:55:07.470 10729 10748 D M_InsDal: Lcom/fsck/k9/Account;--->getEarliestPollDate()Ljava/util/Date;
05-14 15:55:07.470 10729 10748 D M_InsDal: Lcom/fsck/k9/Account;--->getMaximumPolledMessageAge()I
05-14 15:55:07.470 10729 10748 D M_InsDal: Lcom/fsck/k9/mailstore/LocalFolder;--->getMoreMessages()Lcom/fsck/k9/mailstore/LocalFolder$MoreMessages;
05-14 15:55:07.470 10729 10748 D M_InsDal: Lcom/fsck/k9/Account;--->syncRemoteDeletions()Z
05-14 15:55:07.470 10729 10748 D M_InsDal: Lcom/fsck/k9/mailstore/LocalFolder;--->getMessagesByUids(Ljava/util/List;)Ljava/util/List;
05-14 15:55:07.470 10729 10748 D M_InsDal: Lcom/fsck/k9/mailstore/LocalFolder;--->open(I)V
