05-14 15:55:07.093 10729 10729 D M_InsDal: Lcom/fsck/k9/activity/misc/ContactPictureLoader;--->loadContactPicture(Landroid/net/Uri;Lcom/fsck/k9/mail/Address;Landroid/widget/ImageView;)V
05-14 15:55:07.093 10729 10729 D M_InsDal: Lcom/fsck/k9/activity/misc/ContactPictureLoader;--->loadFallbackPicture(Lcom/fsck/k9/mail/Address;Landroid/widget/ImageView;)V
05-14 15:55:07.093 10729 10729 D M_InsDal: Lcom/fsck/k9/activity/misc/ContactPictureLoader$FallbackGlideModelLoader;---><init>(Lcom/fsck/k9/activity/misc/ContactPictureLoader;)V
05-14 15:55:07.093 10729 10729 D M_InsDal: Lcom/fsck/k9/activity/misc/ContactPictureLoader$FallbackGlideBitmapDecoder;---><init>(Lcom/fsck/k9/activity/misc/ContactPictureLoader;Landroid/content/Context;)V
05-14 15:55:07.093 10729 10729 D M_InsDal: Lcom/fsck/k9/activity/misc/ContactPictureLoader$FallbackGlideParams;---><init>(Lcom/fsck/k9/activity/misc/ContactPictureLoader;Lcom/fsck/k9/mail/Address;)V
05-14 15:55:07.093 10729 10729 D M_InsDal: Lcom/fsck/k9/fragment/MessageListAdapter;--->setBackgroundColor(Landroid/view/View;ZZ)V
05-14 15:55:07.093 10729 10729 D M_InsDal: Lcom/fsck/k9/K9;--->useBackgroundAsUnreadIndicator()Z
05-14 15:55:07.093 10729 10729 D M_InsDal: Lcom/fsck/k9/fragment/MessageListAdapter;--->updateWithThreadCount(Lcom/fsck/k9/fragment/MessageViewHolder;I)V
05-14 15:55:07.093 10729 10729 D M_InsDal: Lcom/fsck/k9/fragment/MessageListAdapter;--->recipientSigil(ZZ)Ljava/lang/String;
05-14 15:55:07.093 10729 10729 D M_InsDal: Lcom/fsck/k9/fragment/MessageListAdapter;--->getPreview(Landroid/database/Cursor;)Ljava/lang/String;
05-14 15:55:07.093 10729 10729 D M_InsDal: Lcom/fsck/k9/provider/EmailProvider$SpecialColumnsCursor;--->getString(I)Ljava/lang/String;
05-14 15:55:07.093 10729 10729 D M_InsDal: Lcom/fsck/k9/mailstore/DatabasePreviewType;--->fromDatabaseValue(Ljava/lang/String;)Lcom/fsck/k9/mailstore/DatabasePreviewType;
05-14 15:55:07.093 10729 10729 D M_InsDal: Lcom/fsck/k9/mailstore/DatabasePreviewType;--->values()[Lcom/fsck/k9/mailstore/DatabasePreviewType;
05-14 15:55:07.093 10729 10729 D M_InsDal: Lcom/fsck/k9/mailstore/DatabasePreviewType;--->getDatabaseValue()Ljava/lang/String;
05-14 15:55:07.093 10729 10729 D M_InsDal: Lcom/fsck/k9/mailstore/DatabasePreviewType;--->getDatabaseValue()Ljava/lang/String;
05-14 15:55:07.093 10729 10729 D M_InsDal: Lcom/fsck/k9/provider/EmailProvider$SpecialColumnsCursor;--->getString(I)Ljava/lang/String;
05-14 15:55:07.094 10729 10729 D M_InsDal: Lcom/fsck/k9/fragment/MessageListAdapter;--->formatPreviewText(Landroid/widget/TextView;Ljava/lang/CharSequence;Ljava/lang/String;)V
05-14 15:55:07.094 10729 10729 D M_InsDal: Lcom/fsck/k9/fragment/MessageListAdapter;--->buildSenderSpan()Landroid/text/style/AbsoluteSizeSpan;
05-14 15:55:07.094 10729 10729 D M_InsDal: Lcom/fsck/k9/FontSizes;--->getMessageListSender()I
05-14 15:55:07.095 10729 10729 D M_InsDal: Lcom/fsck/k9/fragment/MessageListAdapter;--->buildPreviewSpanColor()I
05-14 15:55:07.095 10729 10729 D M_InsDal: Lcom/fsck/k9/K9;--->getK9Theme()Lcom/fsck/k9/K9$Theme;
05-14 15:55:07.095 10729 10729 D M_InsDal: Lcom/fsck/k9/fragment/MessageListAdapter;--->buildStatusHolder(ZZ)Landroid/graphics/drawable/Drawable;
05-14 15:55:07.095 10729 10729 D M_InsDal: Lcom/fsck/k9/cache/EmailProviderCacheCursor;--->getCount()I
05-14 15:55:07.095 10729 10729 D M_InsDal: Lcom/fsck/k9/cache/EmailProviderCacheCursor;--->moveToPosition(I)Z
05-14 15:55:07.095 10729 10729 D M_InsDal: Lcom/fsck/k9/provider/EmailProvider$SpecialColumnsCursor;--->getLong(I)J
05-14 15:55:07.095 10729 10729 D M_InsDal: Lcom/fsck/k9/cache/EmailProviderCacheCursor;--->getCount()I
05-14 15:55:07.095 10729 10729 D M_InsDal: Lcom/fsck/k9/cache/EmailProviderCacheCursor;--->getCount()I
05-14 15:55:07.162 10729 10729 D M_InsDal: Lcom/fsck/k9/activity/misc/ContactPictureLoader$FallbackGlideModelLoader;--->getResourceFetcher(Lcom/fsck/k9/activity/misc/ContactPictureLoader$FallbackGlideParams;II)Lcom/bumptech/glide/load/data/DataFetcher;
05-14 15:55:07.162 10729 10729 D M_InsDal: Lcom/fsck/k9/activity/misc/ContactPictureLoader$FallbackGlideModelLoader$1;---><init>(Lcom/fsck/k9/activity/misc/ContactPictureLoader$FallbackGlideModelLoader;Lcom/fsck/k9/activity/misc/ContactPictureLoader$FallbackGlideParams;)V
05-14 15:55:07.162 10729 10729 D M_InsDal: Lcom/fsck/k9/activity/misc/ContactPictureLoader$FallbackGlideModelLoader$1;--->getId()Ljava/lang/String;
05-14 15:55:07.162 10729 10729 D M_InsDal: Lcom/fsck/k9/activity/misc/ContactPictureLoader$FallbackGlideParams;--->getId()Ljava/lang/String;
05-14 15:55:07.162 10729 10729 D M_InsDal: Lcom/fsck/k9/mail/Address;--->getAddress()Ljava/lang/String;
05-14 15:55:07.162 10729 10729 D M_InsDal: Lcom/fsck/k9/mail/Address;--->getPersonal()Ljava/lang/String;
05-14 15:55:07.162 10729 10729 D M_InsDal: Lcom/fsck/k9/activity/misc/ContactPictureLoader$FallbackGlideBitmapDecoder;--->getId()Ljava/lang/String;
05-14 15:55:07.162 10729 10729 D M_InsDal: Lcom/fsck/k9/activity/misc/ContactPictureLoader$FallbackGlideModelLoader;--->getResourceFetcher(Lcom/fsck/k9/activity/misc/ContactPictureLoader$FallbackGlideParams;II)Lcom/bumptech/glide/load/data/DataFetcher;
05-14 15:55:07.162 10729 10729 D M_InsDal: Lcom/fsck/k9/activity/misc/ContactPictureLoader$FallbackGlideModelLoader$1;---><init>(Lcom/fsck/k9/activity/misc/ContactPictureLoader$FallbackGlideModelLoader;Lcom/fsck/k9/activity/misc/ContactPictureLoader$FallbackGlideParams;)V
05-14 15:55:07.162 10729 10729 D M_InsDal: Lcom/fsck/k9/activity/misc/ContactPictureLoader$FallbackGlideModelLoader$1;--->getId()Ljava/lang/String;
05-14 15:55:07.162 10729 10729 D M_InsDal: Lcom/fsck/k9/activity/misc/ContactPictureLoader$FallbackGlideParams;--->getId()Ljava/lang/String;
05-14 15:55:07.162 10729 10729 D M_InsDal: Lcom/fsck/k9/mail/Address;--->getAddress()Ljava/lang/String;
05-14 15:55:07.162 10729 10729 D M_InsDal: Lcom/fsck/k9/mail/Address;--->getPersonal()Ljava/lang/String;
05-14 15:55:07.163 10729 10729 D M_InsDal: Lcom/fsck/k9/activity/misc/ContactPictureLoader$FallbackGlideBitmapDecoder;--->getId()Ljava/lang/String;
05-14 15:55:07.163 10729 10729 D M_InsDal: Lcom/fsck/k9/activity/misc/ContactPictureLoader$FallbackGlideModelLoader;--->getResourceFetcher(Lcom/fsck/k9/activity/misc/ContactPictureLoader$FallbackGlideParams;II)Lcom/bumptech/glide/load/data/DataFetcher;
05-14 15:55:07.163 10729 10729 D M_InsDal: Lcom/fsck/k9/activity/misc/ContactPictureLoader$FallbackGlideModelLoader$1;---><init>(Lcom/fsck/k9/activity/misc/ContactPictureLoader$FallbackGlideModelLoader;Lcom/fsck/k9/activity/misc/ContactPictureLoader$FallbackGlideParams;)V
05-14 15:55:07.163 10729 10729 D M_InsDal: Lcom/fsck/k9/activity/misc/ContactPictureLoader$FallbackGlideModelLoader$1;--->getId()Ljava/lang/String;
05-14 15:55:07.163 10729 10729 D M_InsDal: Lcom/fsck/k9/activity/misc/ContactPictureLoader$FallbackGlideParams;--->getId()Ljava/lang/String;
05-14 15:55:07.163 10729 10729 D M_InsDal: Lcom/fsck/k9/mail/Address;--->getAddress()Ljava/lang/String;
05-14 15:55:07.163 10729 10729 D M_InsDal: Lcom/fsck/k9/mail/Address;--->getPersonal()Ljava/lang/String;
05-14 15:55:07.163 10729 10729 D M_InsDal: Lcom/fsck/k9/activity/misc/ContactPictureLoader$FallbackGlideBitmapDecoder;--->getId()Ljava/lang/String;
05-14 15:55:07.163 10729 10729 D M_InsDal: Lcom/fsck/k9/activity/misc/ContactPictureLoader$FallbackGlideModelLoader;--->getResourceFetcher(Lcom/fsck/k9/activity/misc/ContactPictureLoader$FallbackGlideParams;II)Lcom/bumptech/glide/load/data/DataFetcher;
05-14 15:55:07.163 10729 10729 D M_InsDal: Lcom/fsck/k9/activity/misc/ContactPictureLoader$FallbackGlideModelLoader$1;---><init>(Lcom/fsck/k9/activity/misc/ContactPictureLoader$FallbackGlideModelLoader;Lcom/fsck/k9/activity/misc/ContactPictureLoader$FallbackGlideParams;)V
05-14 15:55:07.163 10729 10729 D M_InsDal: Lcom/fsck/k9/activity/misc/ContactPictureLoader$FallbackGlideModelLoader$1;--->getId()Ljava/lang/String;
05-14 15:55:07.163 10729 10729 D M_InsDal: Lcom/fsck/k9/activity/misc/ContactPictureLoader$FallbackGlideParams;--->getId()Ljava/lang/String;
05-14 15:55:07.163 10729 10729 D M_InsDal: Lcom/fsck/k9/mail/Address;--->getAddress()Ljava/lang/String;
05-14 15:55:07.163 10729 10729 D M_InsDal: Lcom/fsck/k9/mail/Address;--->getPersonal()Ljava/lang/String;
05-14 15:55:07.163 10729 10729 D M_InsDal: Lcom/fsck/k9/activity/misc/ContactPictureLoader$FallbackGlideBitmapDecoder;--->getId()Ljava/lang/String;
05-14 15:55:07.163 10729 10729 D M_InsDal: Lcom/fsck/k9/activity/misc/ContactPictureLoader$FallbackGlideModelLoader;--->getResourceFetcher(Lcom/fsck/k9/activity/misc/ContactPictureLoader$FallbackGlideParams;II)Lcom/bumptech/glide/load/data/DataFetcher;
05-14 15:55:07.163 10729 10729 D M_InsDal: Lcom/fsck/k9/activity/misc/ContactPictureLoader$FallbackGlideModelLoader$1;---><init>(Lcom/fsck/k9/activity/misc/ContactPictureLoader$FallbackGlideModelLoader;Lcom/fsck/k9/activity/misc/ContactPictureLoader$FallbackGlideParams;)V
05-14 15:55:07.163 10729 10729 D M_InsDal: Lcom/fsck/k9/activity/misc/ContactPictureLoader$FallbackGlideModelLoader$1;--->getId()Ljava/lang/String;
05-14 15:55:07.163 10729 10729 D M_InsDal: Lcom/fsck/k9/activity/misc/ContactPictureLoader$FallbackGlideParams;--->getId()Ljava/lang/String;
05-14 15:55:07.163 10729 10729 D M_InsDal: Lcom/fsck/k9/mail/Address;--->getAddress()Ljava/lang/String;
05-14 15:55:07.163 10729 10729 D M_InsDal: Lcom/fsck/k9/mail/Address;--->getPersonal()Ljava/lang/String;
05-14 15:55:07.163 10729 10729 D M_InsDal: Lcom/fsck/k9/activity/misc/ContactPictureLoader$FallbackGlideBitmapDecoder;--->getId()Ljava/lang/String;
05-14 15:55:07.163 10729 10729 D M_InsDal: Lcom/fsck/k9/activity/misc/ContactPictureLoader$FallbackGlideModelLoader;--->getResourceFetcher(Lcom/fsck/k9/activity/misc/ContactPictureLoader$FallbackGlideParams;II)Lcom/bumptech/glide/load/data/DataFetcher;
05-14 15:55:07.163 10729 10729 D M_InsDal: Lcom/fsck/k9/activity/misc/ContactPictureLoader$FallbackGlideModelLoader$1;---><init>(Lcom/fsck/k9/activity/misc/ContactPictureLoader$FallbackGlideModelLoader;Lcom/fsck/k9/activity/misc/ContactPictureLoader$FallbackGlideParams;)V
05-14 15:55:07.163 10729 10729 D M_InsDal: Lcom/fsck/k9/activity/misc/ContactPictureLoader$FallbackGlideModelLoader$1;--->getId()Ljava/lang/String;
05-14 15:55:07.163 10729 10729 D M_InsDal: Lcom/fsck/k9/activity/misc/ContactPictureLoader$FallbackGlideParams;--->getId()Ljava/lang/String;
05-14 15:55:07.163 10729 10729 D M_InsDal: Lcom/fsck/k9/mail/Address;--->getAddress()Ljava/lang/String;
05-14 15:55:07.163 10729 10729 D M_InsDal: Lcom/fsck/k9/mail/Address;--->getPersonal()Ljava/lang/String;
05-14 15:55:07.163 10729 10729 D M_InsDal: Lcom/fsck/k9/activity/misc/ContactPictureLoader$FallbackGlideBitmapDecoder;--->getId()Ljava/lang/String;
05-14 15:55:07.163 10729 10729 D M_InsDal: Lcom/fsck/k9/activity/misc/ContactPictureLoader$FallbackGlideBitmapDecoder;--->getId()Ljava/lang/String;
05-14 15:55:07.163 10729 10763 D M_InsDal: Lcom/fsck/k9/activity/misc/ContactPictureLoader$FallbackGlideModelLoader$1;--->loadData(Lcom/bumptech/glide/Priority;)Lcom/fsck/k9/activity/misc/ContactPictureLoader$FallbackGlideParams;
05-14 15:55:07.163 10729 10729 D M_InsDal: Lcom/fsck/k9/activity/misc/ContactPictureLoader$FallbackGlideModelLoader;--->getResourceFetcher(Lcom/fsck/k9/activity/misc/ContactPictureLoader$FallbackGlideParams;II)Lcom/bumptech/glide/load/data/DataFetcher;
05-14 15:55:07.163 10729 10729 D M_InsDal: Lcom/fsck/k9/activity/misc/ContactPictureLoader$FallbackGlideModelLoader$1;---><init>(Lcom/fsck/k9/activity/misc/ContactPictureLoader$FallbackGlideModelLoader;Lcom/fsck/k9/activity/misc/ContactPictureLoader$FallbackGlideParams;)V
05-14 15:55:07.163 10729 10763 D M_InsDal: Lcom/fsck/k9/activity/misc/ContactPictureLoader$FallbackGlideBitmapDecoder;--->decode(Lcom/fsck/k9/activity/misc/ContactPictureLoader$FallbackGlideParams;II)Lcom/bumptech/glide/load/engine/Resource;
05-14 15:55:07.163 10729 10729 D M_InsDal: Lcom/fsck/k9/activity/misc/ContactPictureLoader$FallbackGlideModelLoader$1;--->getId()Ljava/lang/String;
05-14 15:55:07.163 10729 10729 D M_InsDal: Lcom/fsck/k9/activity/misc/ContactPictureLoader$FallbackGlideParams;--->getId()Ljava/lang/String;
05-14 15:55:07.163 10729 10729 D M_InsDal: Lcom/fsck/k9/mail/Address;--->getAddress()Ljava/lang/String;
05-14 15:55:07.163 10729 10729 D M_InsDal: Lcom/fsck/k9/mail/Address;--->getPersonal()Ljava/lang/String;
05-14 15:55:07.163 10729 10729 D M_InsDal: Lcom/fsck/k9/activity/misc/ContactPictureLoader$FallbackGlideBitmapDecoder;--->getId()Ljava/lang/String;
05-14 15:55:07.163 10729 10729 D M_InsDal: Lcom/fsck/k9/activity/misc/ContactPictureLoader$FallbackGlideBitmapDecoder;--->getId()Ljava/lang/String;
05-14 15:55:07.163 10729 10729 D M_InsDal: Lcom/fsck/k9/activity/misc/ContactPictureLoader$FallbackGlideModelLoader;--->getResourceFetcher(Lcom/fsck/k9/activity/misc/ContactPictureLoader$FallbackGlideParams;II)Lcom/bumptech/glide/load/data/DataFetcher;
05-14 15:55:07.163 10729 10729 D M_InsDal: Lcom/fsck/k9/activity/misc/ContactPictureLoader$FallbackGlideModelLoader$1;---><init>(Lcom/fsck/k9/activity/misc/ContactPictureLoader$FallbackGlideModelLoader;Lcom/fsck/k9/activity/misc/ContactPictureLoader$FallbackGlideParams;)V
05-14 15:55:07.163 10729 10729 D M_InsDal: Lcom/fsck/k9/activity/misc/ContactPictureLoader$FallbackGlideModelLoader$1;--->getId()Ljava/lang/String;
05-14 15:55:07.163 10729 10729 D M_InsDal: Lcom/fsck/k9/activity/misc/ContactPictureLoader$FallbackGlideParams;--->getId()Ljava/lang/String;
05-14 15:55:07.163 10729 10729 D M_InsDal: Lcom/fsck/k9/mail/Address;--->getAddress()Ljava/lang/String;
05-14 15:55:07.163 10729 10729 D M_InsDal: Lcom/fsck/k9/mail/Address;--->getPersonal()Ljava/lang/String;
05-14 15:55:07.163 10729 10729 D M_InsDal: Lcom/fsck/k9/activity/misc/ContactPictureLoader$FallbackGlideBitmapDecoder;--->getId()Ljava/lang/String;
05-14 15:55:07.163 10729 10729 D M_InsDal: Lcom/fsck/k9/activity/misc/ContactPictureLoader$FallbackGlideBitmapDecoder;--->getId()Ljava/lang/String;
05-14 15:55:07.163 10729 10729 D M_InsDal: Lcom/fsck/k9/activity/misc/ContactPictureLoader$FallbackGlideModelLoader;--->getResourceFetcher(Lcom/fsck/k9/activity/misc/ContactPictureLoader$FallbackGlideParams;II)Lcom/bumptech/glide/load/data/DataFetcher;
05-14 15:55:07.163 10729 10729 D M_InsDal: Lcom/fsck/k9/activity/misc/ContactPictureLoader$FallbackGlideModelLoader$1;---><init>(Lcom/fsck/k9/activity/misc/ContactPictureLoader$FallbackGlideModelLoader;Lcom/fsck/k9/activity/misc/ContactPictureLoader$FallbackGlideParams;)V
05-14 15:55:07.163 10729 10729 D M_InsDal: Lcom/fsck/k9/activity/misc/ContactPictureLoader$FallbackGlideModelLoader$1;--->getId()Ljava/lang/String;
05-14 15:55:07.163 10729 10729 D M_InsDal: Lcom/fsck/k9/activity/misc/ContactPictureLoader$FallbackGlideParams;--->getId()Ljava/lang/String;
05-14 15:55:07.163 10729 10729 D M_InsDal: Lcom/fsck/k9/mail/Address;--->getAddress()Ljava/lang/String;
05-14 15:55:07.163 10729 10729 D M_InsDal: Lcom/fsck/k9/mail/Address;--->getPersonal()Ljava/lang/String;
05-14 15:55:07.163 10729 10729 D M_InsDal: Lcom/fsck/k9/activity/misc/ContactPictureLoader$FallbackGlideBitmapDecoder;--->getId()Ljava/lang/String;
05-14 15:55:07.163 10729 10729 D M_InsDal: Lcom/fsck/k9/activity/misc/ContactPictureLoader$FallbackGlideBitmapDecoder;--->getId()Ljava/lang/String;
05-14 15:55:07.163 10729 10763 D M_InsDal: Lcom/fsck/k9/activity/misc/ContactPictureLoader;--->drawTextAndBgColorOnBitmap(Landroid/graphics/Bitmap;Lcom/fsck/k9/activity/misc/ContactPictureLoader$FallbackGlideParams;)Landroid/graphics/Bitmap;
05-14 15:55:07.163 10729 10763 D M_InsDal: Lcom/fsck/k9/activity/misc/ContactPictureLoader;--->calcUnknownContactColor(Lcom/fsck/k9/mail/Address;)I
05-14 15:55:07.163 10729 10763 D M_InsDal: Lcom/fsck/k9/mail/Address;--->hashCode()I
05-14 15:55:07.164 10729 10763 D M_InsDal: Lcom/fsck/k9/activity/misc/ContactPictureLoader;--->calcUnknownContactLetter(Lcom/fsck/k9/mail/Address;)Ljava/lang/String;
05-14 15:55:07.164 10729 10763 D M_InsDal: Lcom/fsck/k9/mail/Address;--->getPersonal()Ljava/lang/String;
05-14 15:55:07.164 10729 10729 D M_InsDal: Lcom/fsck/k9/cache/EmailProviderCacheCursor;--->getCount()I
05-14 15:55:07.164 10729 10729 D M_InsDal: Lcom/fsck/k9/cache/EmailProviderCacheCursor;--->getCount()I
05-14 15:55:07.164 10729 10765 D M_InsDal: Lcom/fsck/k9/activity/misc/ContactPictureLoader$FallbackGlideModelLoader$1;--->loadData(Lcom/bumptech/glide/Priority;)Lcom/fsck/k9/activity/misc/ContactPictureLoader$FallbackGlideParams;
05-14 15:55:07.164 10729 10766 D M_InsDal: Lcom/fsck/k9/activity/misc/ContactPictureLoader$FallbackGlideModelLoader$1;--->loadData(Lcom/bumptech/glide/Priority;)Lcom/fsck/k9/activity/misc/ContactPictureLoader$FallbackGlideParams;
05-14 15:55:07.165 10729 10765 D M_InsDal: Lcom/fsck/k9/activity/misc/ContactPictureLoader$FallbackGlideBitmapDecoder;--->decode(Lcom/fsck/k9/activity/misc/ContactPictureLoader$FallbackGlideParams;II)Lcom/bumptech/glide/load/engine/Resource;
05-14 15:55:07.165 10729 10766 D M_InsDal: Lcom/fsck/k9/activity/misc/ContactPictureLoader$FallbackGlideBitmapDecoder;--->decode(Lcom/fsck/k9/activity/misc/ContactPictureLoader$FallbackGlideParams;II)Lcom/bumptech/glide/load/engine/Resource;
05-14 15:55:07.165 10729 10764 D M_InsDal: Lcom/fsck/k9/activity/misc/ContactPictureLoader$FallbackGlideModelLoader$1;--->loadData(Lcom/bumptech/glide/Priority;)Lcom/fsck/k9/activity/misc/ContactPictureLoader$FallbackGlideParams;
05-14 15:55:07.165 10729 10764 D M_InsDal: Lcom/fsck/k9/activity/misc/ContactPictureLoader$FallbackGlideBitmapDecoder;--->decode(Lcom/fsck/k9/activity/misc/ContactPictureLoader$FallbackGlideParams;II)Lcom/bumptech/glide/load/engine/Resource;
05-14 15:55:07.165 10729 10766 D M_InsDal: Lcom/fsck/k9/activity/misc/ContactPictureLoader;--->drawTextAndBgColorOnBitmap(Landroid/graphics/Bitmap;Lcom/fsck/k9/activity/misc/ContactPictureLoader$FallbackGlideParams;)Landroid/graphics/Bitmap;
05-14 15:55:07.165 10729 10766 D M_InsDal: Lcom/fsck/k9/activity/misc/ContactPictureLoader;--->calcUnknownContactColor(Lcom/fsck/k9/mail/Address;)I
05-14 15:55:07.165 10729 10766 D M_InsDal: Lcom/fsck/k9/mail/Address;--->hashCode()I
05-14 15:55:07.165 10729 10765 D M_InsDal: Lcom/fsck/k9/activity/misc/ContactPictureLoader;--->drawTextAndBgColorOnBitmap(Landroid/graphics/Bitmap;Lcom/fsck/k9/activity/misc/ContactPictureLoader$FallbackGlideParams;)Landroid/graphics/Bitmap;
05-14 15:55:07.165 10729 10766 D M_InsDal: Lcom/fsck/k9/activity/misc/ContactPictureLoader;--->calcUnknownContactLetter(Lcom/fsck/k9/mail/Address;)Ljava/lang/String;
05-14 15:55:07.165 10729 10766 D M_InsDal: Lcom/fsck/k9/mail/Address;--->getPersonal()Ljava/lang/String;
05-14 15:55:07.165 10729 10765 D M_InsDal: Lcom/fsck/k9/activity/misc/ContactPictureLoader;--->calcUnknownContactColor(Lcom/fsck/k9/mail/Address;)I
05-14 15:55:07.165 10729 10764 D M_InsDal: Lcom/fsck/k9/activity/misc/ContactPictureLoader;--->drawTextAndBgColorOnBitmap(Landroid/graphics/Bitmap;Lcom/fsck/k9/activity/misc/ContactPictureLoader$FallbackGlideParams;)Landroid/graphics/Bitmap;
05-14 15:55:07.165 10729 10765 D M_InsDal: Lcom/fsck/k9/mail/Address;--->hashCode()I
05-14 15:55:07.165 10729 10765 D M_InsDal: Lcom/fsck/k9/activity/misc/ContactPictureLoader;--->calcUnknownContactLetter(Lcom/fsck/k9/mail/Address;)Ljava/lang/String;
05-14 15:55:07.165 10729 10765 D M_InsDal: Lcom/fsck/k9/mail/Address;--->getPersonal()Ljava/lang/String;
05-14 15:55:07.165 10729 10764 D M_InsDal: Lcom/fsck/k9/activity/misc/ContactPictureLoader;--->calcUnknownContactColor(Lcom/fsck/k9/mail/Address;)I
05-14 15:55:07.165 10729 10764 D M_InsDal: Lcom/fsck/k9/mail/Address;--->hashCode()I
05-14 15:55:07.165 10729 10764 D M_InsDal: Lcom/fsck/k9/activity/misc/ContactPictureLoader;--->calcUnknownContactLetter(Lcom/fsck/k9/mail/Address;)Ljava/lang/String;
05-14 15:55:07.165 10729 10764 D M_InsDal: Lcom/fsck/k9/mail/Address;--->getPersonal()Ljava/lang/String;
05-14 15:55:07.166 10729 10763 D M_InsDal: Lcom/fsck/k9/activity/misc/ContactPictureLoader$FallbackGlideModelLoader$1;--->cleanup()V
05-14 15:55:07.166 10729 10763 D M_InsDal: Lcom/fsck/k9/activity/misc/ContactPictureLoader$FallbackGlideModelLoader$1;--->loadData(Lcom/bumptech/glide/Priority;)Lcom/fsck/k9/activity/misc/ContactPictureLoader$FallbackGlideParams;
05-14 15:55:07.166 10729 10763 D M_InsDal: Lcom/fsck/k9/activity/misc/ContactPictureLoader$FallbackGlideBitmapDecoder;--->decode(Lcom/fsck/k9/activity/misc/ContactPictureLoader$FallbackGlideParams;II)Lcom/bumptech/glide/load/engine/Resource;
05-14 15:55:07.166 10729 10765 D M_InsDal: Lcom/fsck/k9/activity/misc/ContactPictureLoader$FallbackGlideModelLoader$1;--->cleanup()V
05-14 15:55:07.166 10729 10763 D M_InsDal: Lcom/fsck/k9/activity/misc/ContactPictureLoader;--->drawTextAndBgColorOnBitmap(Landroid/graphics/Bitmap;Lcom/fsck/k9/activity/misc/ContactPictureLoader$FallbackGlideParams;)Landroid/graphics/Bitmap;
05-14 15:55:07.166 10729 10763 D M_InsDal: Lcom/fsck/k9/activity/misc/ContactPictureLoader;--->calcUnknownContactColor(Lcom/fsck/k9/mail/Address;)I
05-14 15:55:07.166 10729 10763 D M_InsDal: Lcom/fsck/k9/mail/Address;--->hashCode()I
05-14 15:55:07.166 10729 10764 D M_InsDal: Lcom/fsck/k9/activity/misc/ContactPictureLoader$FallbackGlideModelLoader$1;--->cleanup()V
05-14 15:55:07.167 10729 10763 D M_InsDal: Lcom/fsck/k9/activity/misc/ContactPictureLoader;--->calcUnknownContactLetter(Lcom/fsck/k9/mail/Address;)Ljava/lang/String;
05-14 15:55:07.167 10729 10763 D M_InsDal: Lcom/fsck/k9/mail/Address;--->getPersonal()Ljava/lang/String;
05-14 15:55:07.167 10729 10766 D M_InsDal: Lcom/fsck/k9/activity/misc/ContactPictureLoader$FallbackGlideModelLoader$1;--->cleanup()V
05-14 15:55:07.167 10729 10763 D M_InsDal: Lcom/fsck/k9/activity/misc/ContactPictureLoader$FallbackGlideModelLoader$1;--->cleanup()V
05-14 15:55:07.173 10729 10729 D M_InsDal: Lcom/fsck/k9/cache/EmailProviderCacheCursor;--->getCount()I
05-14 15:55:07.173 10729 10729 D M_InsDal: Lcom/fsck/k9/cache/EmailProviderCacheCursor;--->getCount()I
05-14 15:55:07.187 10729 10729 D M_InsDal: Lcom/fsck/k9/cache/EmailProviderCacheCursor;--->getCount()I
05-14 15:55:07.187 10729 10729 D M_InsDal: Lcom/fsck/k9/cache/EmailProviderCacheCursor;--->getCount()I
05-14 15:55:07.276 10729 10754 D M_InsDal: Lcom/fsck/k9/mail/store/imap/ImapResponseParser;--->readTaggedResponse(Lcom/fsck/k9/mail/store/imap/ImapResponseCallback;)V
05-14 15:55:07.276 10729 10754 D M_InsDal: Lcom/fsck/k9/mail/store/imap/ImapResponseParser;--->parseTaggedResponse()Ljava/lang/String;
05-14 15:55:07.276 10729 10754 D M_InsDal: Lcom/fsck/k9/mail/store/imap/ImapResponseParser;--->readStringUntil(C)Ljava/lang/String;
05-14 15:55:07.276 10729 10754 D M_InsDal: Lcom/fsck/k9/mail/filter/PeekableInputStream;--->read()I
05-14 15:55:07.276 10729 10754 D M_InsDal: Lcom/fsck/k9/mail/filter/PeekableInputStream;--->read()I
05-14 15:55:07.276 10729 10754 D M_InsDal: Lcom/fsck/k9/mail/store/imap/ImapResponse;--->newTaggedResponse(Lcom/fsck/k9/mail/store/imap/ImapResponseCallback;Ljava/lang/String;)Lcom/fsck/k9/mail/store/imap/ImapResponse;
05-14 15:55:07.276 10729 10754 D M_InsDal: Lcom/fsck/k9/mail/store/imap/ImapResponse;---><init>(Lcom/fsck/k9/mail/store/imap/ImapResponseCallback;ZLjava/lang/String;)V
05-14 15:55:07.276 10729 10754 D M_InsDal: Lcom/fsck/k9/mail/store/imap/ImapList;---><init>()V
05-14 15:55:07.276 10729 10754 D M_InsDal: Lcom/fsck/k9/mail/store/imap/ImapResponseParser;--->readTokens(Lcom/fsck/k9/mail/store/imap/ImapResponse;)V
05-14 15:55:07.276 10729 10754 D M_InsDal: Lcom/fsck/k9/mail/store/imap/ImapResponseParser;--->readToken(Lcom/fsck/k9/mail/store/imap/ImapResponse;)Ljava/lang/Object;
05-14 15:55:07.276 10729 10754 D M_InsDal: Lcom/fsck/k9/mail/store/imap/ImapResponseParser;--->parseToken(Lcom/fsck/k9/mail/store/imap/ImapList;)Ljava/lang/Object;
05-14 15:55:07.276 10729 10754 D M_InsDal: Lcom/fsck/k9/mail/filter/PeekableInputStream;--->peek()I
05-14 15:55:07.276 10729 10754 D M_InsDal: Lcom/fsck/k9/mail/store/imap/ImapResponseParser;--->parseBareString(Z)Ljava/lang/String;
05-14 15:55:07.276 10729 10754 D M_InsDal: Lcom/fsck/k9/mail/filter/PeekableInputStream;--->peek()I
05-14 15:55:07.276 10729 10754 D M_InsDal: Lcom/fsck/k9/mail/filter/PeekableInputStream;--->read()I
05-14 15:55:07.276 10729 10754 D M_InsDal: Lcom/fsck/k9/mail/filter/PeekableInputStream;--->peek()I
05-14 15:55:07.276 10729 10754 D M_InsDal: Lcom/fsck/k9/mail/filter/PeekableInputStream;--->read()I
05-14 15:55:07.276 10729 10754 D M_InsDal: Lcom/fsck/k9/mail/filter/PeekableInputStream;--->peek()I
05-14 15:55:07.276 10729 10754 D M_InsDal: Lcom/fsck/k9/mail/store/imap/ImapResponseParser;--->checkTokenIsString(Ljava/lang/Object;)V
05-14 15:55:07.276 10729 10754 D M_InsDal: Lcom/fsck/k9/mail/store/imap/ImapResponseParser;--->isStatusResponse(Ljava/lang/String;)Z
05-14 15:55:07.276 10729 10754 D M_InsDal: Lcom/fsck/k9/mail/store/imap/ImapResponseParser;--->parseResponseText(Lcom/fsck/k9/mail/store/imap/ImapResponse;)V
05-14 15:55:07.276 10729 10754 D M_InsDal: Lcom/fsck/k9/mail/store/imap/ImapResponseParser;--->skipIfSpace()V
05-14 15:55:07.276 10729 10754 D M_InsDal: Lcom/fsck/k9/mail/filter/PeekableInputStream;--->peek()I
05-14 15:55:07.276 10729 10754 D M_InsDal: Lcom/fsck/k9/mail/store/imap/ImapResponseParser;--->expect(C)V
05-14 15:55:07.276 10729 10754 D M_InsDal: Lcom/fsck/k9/mail/filter/PeekableInputStream;--->read()I
05-14 15:55:07.276 10729 10754 D M_InsDal: Lcom/fsck/k9/mail/filter/PeekableInputStream;--->peek()I
05-14 15:55:07.276 10729 10754 D M_InsDal: Lcom/fsck/k9/mail/store/imap/ImapResponseParser;--->readStringUntilEndOfLine()Ljava/lang/String;
05-14 15:55:07.276 10729 10754 D M_InsDal: Lcom/fsck/k9/mail/store/imap/ImapResponseParser;--->readStringUntil(C)Ljava/lang/String;
05-14 15:55:07.276 10729 10754 D M_InsDal: Lcom/fsck/k9/mail/filter/PeekableInputStream;--->read()I
05-14 15:55:07.276 10729 10754 D M_InsDal: Lcom/fsck/k9/mail/filter/PeekableInputStream;--->read()I
05-14 15:55:07.276 10729 10754 D M_InsDal: Lcom/fsck/k9/mail/store/imap/ImapResponseParser;--->expect(C)V
05-14 15:55:07.276 10729 10754 D M_InsDal: Lcom/fsck/k9/mail/filter/PeekableInputStream;--->read()I
05-14 15:55:07.276 10729 10754 D M_InsDal: Lcom/fsck/k9/mail/K9MailLib;--->isDebug()Z
05-14 15:55:07.276 10729 10754 D M_InsDal: Lcom/fsck/k9/K9$2;--->enabled()Z
05-14 15:55:07.276 10729 10754 D M_InsDal: Lcom/fsck/k9/mail/store/imap/ImapResponse;--->getTag()Ljava/lang/String;
05-14 15:55:07.276 10729 10754 D M_InsDal: Lcom/fsck/k9/mail/store/imap/ImapResponse;--->getTag()Ljava/lang/String;
05-14 15:55:07.276 10729 10754 D M_InsDal: Lcom/fsck/k9/mail/store/imap/ImapResponseParser;--->equalsIgnoreCase(Ljava/lang/Object;Ljava/lang/String;)Z
05-14 15:55:07.276 10729 10754 D M_InsDal: Lcom/fsck/k9/mail/store/imap/ImapConnection;--->extractOrRequestCapabilities(Ljava/util/List;)Ljava/util/List;
05-14 15:55:07.276 10729 10754 D M_InsDal: Lcom/fsck/k9/mail/store/imap/CapabilityResponse;--->parse(Ljava/util/List;)Lcom/fsck/k9/mail/store/imap/CapabilityResponse;
05-14 15:55:07.276 10729 10754 D M_InsDal: Lcom/fsck/k9/mail/store/imap/ImapResponseParser;--->equalsIgnoreCase(Ljava/lang/Object;Ljava/lang/String;)Z
05-14 15:55:07.276 10729 10754 D M_InsDal: Lcom/fsck/k9/mail/store/imap/ImapList;--->isList(I)Z
05-14 15:55:07.276 10729 10754 D M_InsDal: Lcom/fsck/k9/mail/store/imap/ImapList;--->inRange(I)Z
05-14 15:55:07.276 10729 10754 D M_InsDal: Lcom/fsck/k9/mail/store/imap/ImapResponse;--->getTag()Ljava/lang/String;
05-14 15:55:07.277 10729 10754 D M_InsDal: Lcom/fsck/k9/mail/store/imap/ImapConnection;--->getLogId()Ljava/lang/String;
05-14 15:55:07.277 10729 10754 D M_InsDal: Lcom/fsck/k9/mail/store/imap/ImapConnection;--->requestCapabilities()V
05-14 15:55:07.277 10729 10754 D M_InsDal: Lcom/fsck/k9/mail/store/imap/ImapConnection;--->executeSimpleCommand(Ljava/lang/String;)Ljava/util/List;
05-14 15:55:07.277 10729 10754 D M_InsDal: Lcom/fsck/k9/mail/store/imap/ImapConnection;--->executeSimpleCommand(Ljava/lang/String;Z)Ljava/util/List;
05-14 15:55:07.277 10729 10754 D M_InsDal: Lcom/fsck/k9/mail/store/imap/ImapConnection;--->sendCommand(Ljava/lang/String;Z)Ljava/lang/String;
05-14 15:55:07.277 10729 10754 D M_InsDal: Lcom/fsck/k9/mail/store/imap/ImapConnection;--->open()V
05-14 15:55:07.277 10729 10754 D M_InsDal: Lcom/fsck/k9/mail/K9MailLib;--->isDebug()Z
05-14 15:55:07.277 10729 10754 D M_InsDal: Lcom/fsck/k9/K9$2;--->enabled()Z
05-14 15:55:07.277 10729 10754 D M_InsDal: Lcom/fsck/k9/mail/store/imap/ImapConnection;--->getLogId()Ljava/lang/String;
05-14 15:55:07.277 10729 10754 D M_InsDal: Lcom/fsck/k9/mail/store/imap/ImapResponseParser;--->readStatusResponse(Ljava/lang/String;Ljava/lang/String;Ljava/lang/String;Lcom/fsck/k9/mail/store/imap/UntaggedHandler;)Ljava/util/List;
05-14 15:55:07.277 10729 10754 D M_InsDal: Lcom/fsck/k9/mail/store/imap/ImapResponseParser;--->readResponse()Lcom/fsck/k9/mail/store/imap/ImapResponse;
05-14 15:55:07.277 10729 10754 D M_InsDal: Lcom/fsck/k9/mail/store/imap/ImapResponseParser;--->readResponse(Lcom/fsck/k9/mail/store/imap/ImapResponseCallback;)Lcom/fsck/k9/mail/store/imap/ImapResponse;
05-14 15:55:07.277 10729 10754 D M_InsDal: Lcom/fsck/k9/mail/filter/PeekableInputStream;--->peek()I
05-14 15:55:07.301 10729 10754 D M_InsDal: Lcom/fsck/k9/mail/store/imap/ImapResponseParser;--->readUntaggedResponse(Lcom/fsck/k9/mail/store/imap/ImapResponseCallback;)V
05-14 15:55:07.301 10729 10754 D M_InsDal: Lcom/fsck/k9/mail/store/imap/ImapResponseParser;--->parseUntaggedResponse()V
05-14 15:55:07.301 10729 10754 D M_InsDal: Lcom/fsck/k9/mail/store/imap/ImapResponseParser;--->expect(C)V
05-14 15:55:07.301 10729 10754 D M_InsDal: Lcom/fsck/k9/mail/filter/PeekableInputStream;--->read()I
05-14 15:55:07.301 10729 10754 D M_InsDal: Lcom/fsck/k9/mail/store/imap/ImapResponseParser;--->expect(C)V
05-14 15:55:07.301 10729 10754 D M_InsDal: Lcom/fsck/k9/mail/filter/PeekableInputStream;--->read()I
05-14 15:55:07.301 10729 10754 D M_InsDal: Lcom/fsck/k9/mail/store/imap/ImapResponse;--->newUntaggedResponse(Lcom/fsck/k9/mail/store/imap/ImapResponseCallback;)Lcom/fsck/k9/mail/store/imap/ImapResponse;
05-14 15:55:07.301 10729 10754 D M_InsDal: Lcom/fsck/k9/mail/store/imap/ImapResponse;---><init>(Lcom/fsck/k9/mail/store/imap/ImapResponseCallback;ZLjava/lang/String;)V
05-14 15:55:07.301 10729 10754 D M_InsDal: Lcom/fsck/k9/mail/store/imap/ImapList;---><init>()V
05-14 15:55:07.301 10729 10754 D M_InsDal: Lcom/fsck/k9/mail/store/imap/ImapResponseParser;--->readTokens(Lcom/fsck/k9/mail/store/imap/ImapResponse;)V
05-14 15:55:07.301 10729 10754 D M_InsDal: Lcom/fsck/k9/mail/store/imap/ImapResponseParser;--->readToken(Lcom/fsck/k9/mail/store/imap/ImapResponse;)Ljava/lang/Object;
05-14 15:55:07.301 10729 10754 D M_InsDal: Lcom/fsck/k9/mail/store/imap/ImapResponseParser;--->parseToken(Lcom/fsck/k9/mail/store/imap/ImapList;)Ljava/lang/Object;
05-14 15:55:07.301 10729 10754 D M_InsDal: Lcom/fsck/k9/mail/filter/PeekableInputStream;--->peek()I
05-14 15:55:07.301 10729 10754 D M_InsDal: Lcom/fsck/k9/mail/store/imap/ImapResponseParser;--->parseBareString(Z)Ljava/lang/String;
05-14 15:55:07.301 10729 10754 D M_InsDal: Lcom/fsck/k9/mail/filter/PeekableInputStream;--->peek()I
05-14 15:55:07.301 10729 10754 D M_InsDal: Lcom/fsck/k9/mail/filter/PeekableInputStream;--->read()I
05-14 15:55:07.301 10729 10754 D M_InsDal: Lcom/fsck/k9/mail/filter/PeekableInputStream;--->peek()I
05-14 15:55:07.301 10729 10754 D M_InsDal: Lcom/fsck/k9/mail/filter/PeekableInputStream;--->read()I
05-14 15:55:07.301 10729 10754 D M_InsDal: Lcom/fsck/k9/mail/filter/PeekableInputStream;--->peek()I
05-14 15:55:07.301 10729 10754 D M_InsDal: Lcom/fsck/k9/mail/filter/PeekableInputStream;--->read()I
05-14 15:55:07.301 10729 10754 D M_InsDal: Lcom/fsck/k9/mail/filter/PeekableInputStream;--->peek()I
05-14 15:55:07.301 10729 10754 D M_InsDal: Lcom/fsck/k9/mail/filter/PeekableInputStream;--->read()I
05-14 15:55:07.301 10729 10754 D M_InsDal: Lcom/fsck/k9/mail/filter/PeekableInputStream;--->peek()I
05-14 15:55:07.301 10729 10754 D M_InsDal: Lcom/fsck/k9/mail/filter/PeekableInputStream;--->read()I
05-14 15:55:07.301 10729 10754 D M_InsDal: Lcom/fsck/k9/mail/filter/PeekableInputStream;--->peek()I
05-14 15:55:07.301 10729 10754 D M_InsDal: Lcom/fsck/k9/mail/filter/PeekableInputStream;--->read()I
05-14 15:55:07.301 10729 10754 D M_InsDal: Lcom/fsck/k9/mail/filter/PeekableInputStream;--->peek()I
05-14 15:55:07.301 10729 10754 D M_InsDal: Lcom/fsck/k9/mail/filter/PeekableInputStream;--->read()I
05-14 15:55:07.301 10729 10754 D M_InsDal: Lcom/fsck/k9/mail/filter/PeekableInputStream;--->peek()I
05-14 15:55:07.301 10729 10754 D M_InsDal: Lcom/fsck/k9/mail/filter/PeekableInputStream;--->read()I
05-14 15:55:07.301 10729 10754 D M_InsDal: Lcom/fsck/k9/mail/filter/PeekableInputStream;--->peek()I
05-14 15:55:07.301 10729 10754 D M_InsDal: Lcom/fsck/k9/mail/filter/PeekableInputStream;--->read()I
05-14 15:55:07.301 10729 10754 D M_InsDal: Lcom/fsck/k9/mail/filter/PeekableInputStream;--->peek()I
05-14 15:55:07.301 10729 10754 D M_InsDal: Lcom/fsck/k9/mail/filter/PeekableInputStream;--->read()I
05-14 15:55:07.301 10729 10754 D M_InsDal: Lcom/fsck/k9/mail/filter/PeekableInputStream;--->peek()I
05-14 15:55:07.301 10729 10754 D M_InsDal: Lcom/fsck/k9/mail/store/imap/ImapResponseParser;--->checkTokenIsString(Ljava/lang/Object;)V
05-14 15:55:07.301 10729 10754 D M_InsDal: Lcom/fsck/k9/mail/store/imap/ImapResponseParser;--->isStatusResponse(Ljava/lang/String;)Z
05-14 15:55:07.301 10729 10754 D M_InsDal: Lcom/fsck/k9/mail/store/imap/ImapResponseParser;--->equalsIgnoreCase(Ljava/lang/Object;Ljava/lang/String;)Z
05-14 15:55:07.301 10729 10754 D M_InsDal: Lcom/fsck/k9/mail/store/imap/ImapResponseParser;--->equalsIgnoreCase(Ljava/lang/Object;Ljava/lang/String;)Z
05-14 15:55:07.301 10729 10754 D M_InsDal: Lcom/fsck/k9/mail/store/imap/ImapResponseParser;--->readToken(Lcom/fsck/k9/mail/store/imap/ImapResponse;)Ljava/lang/Object;
05-14 15:55:07.301 10729 10754 D M_InsDal: Lcom/fsck/k9/mail/store/imap/ImapResponseParser;--->parseToken(Lcom/fsck/k9/mail/store/imap/ImapList;)Ljava/lang/Object;
05-14 15:55:07.301 10729 10754 D M_InsDal: Lcom/fsck/k9/mail/filter/PeekableInputStream;--->peek()I
05-14 15:55:07.301 10729 10754 D M_InsDal: Lcom/fsck/k9/mail/store/imap/ImapResponseParser;--->expect(C)V
05-14 15:55:07.301 10729 10754 D M_InsDal: Lcom/fsck/k9/mail/filter/PeekableInputStream;--->read()I
05-14 15:55:07.301 10729 10754 D M_InsDal: Lcom/fsck/k9/mail/filter/PeekableInputStream;--->peek()I
05-14 15:55:07.301 10729 10754 D M_InsDal: Lcom/fsck/k9/mail/store/imap/ImapResponseParser;--->parseBareString(Z)Ljava/lang/String;
05-14 15:55:07.301 10729 10754 D M_InsDal: Lcom/fsck/k9/mail/filter/PeekableInputStream;--->peek()I
05-14 15:55:07.301 10729 10754 D M_InsDal: Lcom/fsck/k9/mail/filter/PeekableInputStream;--->read()I
05-14 15:55:07.301 10729 10754 D M_InsDal: Lcom/fsck/k9/mail/filter/PeekableInputStream;--->peek()I
05-14 15:55:07.301 10729 10754 D M_InsDal: Lcom/fsck/k9/mail/filter/PeekableInputStream;--->read()I
05-14 15:55:07.301 10729 10754 D M_InsDal: Lcom/fsck/k9/mail/filter/PeekableInputStream;--->peek()I
05-14 15:55:07.301 10729 10754 D M_InsDal: Lcom/fsck/k9/mail/filter/PeekableInputStream;--->read()I
05-14 15:55:07.301 10729 10754 D M_InsDal: Lcom/fsck/k9/mail/filter/PeekableInputStream;--->peek()I
05-14 15:55:07.301 10729 10754 D M_InsDal: Lcom/fsck/k9/mail/filter/PeekableInputStream;--->read()I
05-14 15:55:07.301 10729 10754 D M_InsDal: Lcom/fsck/k9/mail/filter/PeekableInputStream;--->peek()I
05-14 15:55:07.301 10729 10754 D M_InsDal: Lcom/fsck/k9/mail/filter/PeekableInputStream;--->read()I
05-14 15:55:07.301 10729 10754 D M_InsDal: Lcom/fsck/k9/mail/filter/PeekableInputStream;--->peek()I
05-14 15:55:07.301 10729 10754 D M_InsDal: Lcom/fsck/k9/mail/store/imap/ImapResponseParser;--->readToken(Lcom/fsck/k9/mail/store/imap/ImapResponse;)Ljava/lang/Object;
05-14 15:55:07.301 10729 10754 D M_InsDal: Lcom/fsck/k9/mail/store/imap/ImapResponseParser;--->parseToken(Lcom/fsck/k9/mail/store/imap/ImapList;)Ljava/lang/Object;
05-14 15:55:07.301 10729 10754 D M_InsDal: Lcom/fsck/k9/mail/filter/PeekableInputStream;--->peek()I
05-14 15:55:07.301 10729 10754 D M_InsDal: Lcom/fsck/k9/mail/store/imap/ImapResponseParser;--->expect(C)V
05-14 15:55:07.301 10729 10754 D M_InsDal: Lcom/fsck/k9/mail/filter/PeekableInputStream;--->read()I
05-14 15:55:07.301 10729 10754 D M_InsDal: Lcom/fsck/k9/mail/filter/PeekableInputStream;--->peek()I
05-14 15:55:07.301 10729 10754 D M_InsDal: Lcom/fsck/k9/mail/store/imap/ImapResponseParser;--->parseBareString(Z)Ljava/lang/String;
05-14 15:55:07.301 10729 10754 D M_InsDal: Lcom/fsck/k9/mail/filter/PeekableInputStream;--->peek()I
05-14 15:55:07.301 10729 10754 D M_InsDal: Lcom/fsck/k9/mail/filter/PeekableInputStream;--->read()I
05-14 15:55:07.301 10729 10754 D M_InsDal: Lcom/fsck/k9/mail/filter/PeekableInputStream;--->peek()I
05-14 15:55:07.301 10729 10754 D M_InsDal: Lcom/fsck/k9/mail/filter/PeekableInputStream;--->read()I
05-14 15:55:07.301 10729 10754 D M_InsDal: Lcom/fsck/k9/mail/filter/PeekableInputStream;--->peek()I
05-14 15:55:07.301 10729 10754 D M_InsDal: Lcom/fsck/k9/mail/filter/PeekableInputStream;--->read()I
05-14 15:55:07.301 10729 10754 D M_InsDal: Lcom/fsck/k9/mail/filter/PeekableInputStream;--->peek()I
05-14 15:55:07.301 10729 10754 D M_InsDal: Lcom/fsck/k9/mail/filter/PeekableInputStream;--->read()I
05-14 15:55:07.301 10729 10754 D M_InsDal: Lcom/fsck/k9/mail/filter/PeekableInputStream;--->peek()I
05-14 15:55:07.301 10729 10754 D M_InsDal: Lcom/fsck/k9/mail/filter/PeekableInputStream;--->read()I
05-14 15:55:07.301 10729 10754 D M_InsDal: Lcom/fsck/k9/mail/filter/PeekableInputStream;--->peek()I
05-14 15:55:07.301 10729 10754 D M_InsDal: Lcom/fsck/k9/mail/filter/PeekableInputStream;--->read()I
05-14 15:55:07.301 10729 10754 D M_InsDal: Lcom/fsck/k9/mail/filter/PeekableInputStream;--->peek()I
05-14 15:55:07.301 10729 10754 D M_InsDal: Lcom/fsck/k9/mail/filter/PeekableInputStream;--->read()I
05-14 15:55:07.301 10729 10754 D M_InsDal: Lcom/fsck/k9/mail/filter/PeekableInputStream;--->peek()I
05-14 15:55:07.301 10729 10754 D M_InsDal: Lcom/fsck/k9/mail/filter/PeekableInputStream;--->read()I
05-14 15:55:07.301 10729 10754 D M_InsDal: Lcom/fsck/k9/mail/filter/PeekableInputStream;--->peek()I
05-14 15:55:07.301 10729 10754 D M_InsDal: Lcom/fsck/k9/mail/filter/PeekableInputStream;--->read()I
05-14 15:55:07.301 10729 10754 D M_InsDal: Lcom/fsck/k9/mail/filter/PeekableInputStream;--->peek()I
05-14 15:55:07.301 10729 10754 D M_InsDal: Lcom/fsck/k9/mail/store/imap/ImapResponseParser;--->readToken(Lcom/fsck/k9/mail/store/imap/ImapResponse;)Ljava/lang/Object;
05-14 15:55:07.301 10729 10754 D M_InsDal: Lcom/fsck/k9/mail/store/imap/ImapResponseParser;--->parseToken(Lcom/fsck/k9/mail/store/imap/ImapList;)Ljava/lang/Object;
05-14 15:55:07.301 10729 10754 D M_InsDal: Lcom/fsck/k9/mail/filter/PeekableInputStream;--->peek()I
05-14 15:55:07.301 10729 10754 D M_InsDal: Lcom/fsck/k9/mail/store/imap/ImapResponseParser;--->expect(C)V
05-14 15:55:07.301 10729 10754 D M_InsDal: Lcom/fsck/k9/mail/filter/PeekableInputStream;--->read()I
05-14 15:55:07.301 10729 10754 D M_InsDal: Lcom/fsck/k9/mail/filter/PeekableInputStream;--->peek()I
05-14 15:55:07.301 10729 10754 D M_InsDal: Lcom/fsck/k9/mail/store/imap/ImapResponseParser;--->parseBareString(Z)Ljava/lang/String;
05-14 15:55:07.301 10729 10754 D M_InsDal: Lcom/fsck/k9/mail/filter/PeekableInputStream;--->peek()I
05-14 15:55:07.301 10729 10754 D M_InsDal: Lcom/fsck/k9/mail/filter/PeekableInputStream;--->read()I
05-14 15:55:07.301 10729 10754 D M_InsDal: Lcom/fsck/k9/mail/filter/PeekableInputStream;--->peek()I
05-14 15:55:07.301 10729 10754 D M_InsDal: Lcom/fsck/k9/mail/filter/PeekableInputStream;--->read()I
05-14 15:55:07.301 10729 10754 D M_InsDal: Lcom/fsck/k9/mail/filter/PeekableInputStream;--->peek()I
05-14 15:55:07.301 10729 10754 D M_InsDal: Lcom/fsck/k9/mail/filter/PeekableInputStream;--->read()I
05-14 15:55:07.301 10729 10754 D M_InsDal: Lcom/fsck/k9/mail/filter/PeekableInputStream;--->peek()I
05-14 15:55:07.301 10729 10754 D M_InsDal: Lcom/fsck/k9/mail/filter/PeekableInputStream;--->read()I
05-14 15:55:07.301 10729 10754 D M_InsDal: Lcom/fsck/k9/mail/filter/PeekableInputStream;--->peek()I
05-14 15:55:07.301 10729 10754 D M_InsDal: Lcom/fsck/k9/mail/filter/PeekableInputStream;--->read()I
05-14 15:55:07.301 10729 10754 D M_InsDal: Lcom/fsck/k9/mail/filter/PeekableInputStream;--->peek()I
05-14 15:55:07.301 10729 10754 D M_InsDal: Lcom/fsck/k9/mail/store/imap/ImapResponseParser;--->readToken(Lcom/fsck/k9/mail/store/imap/ImapResponse;)Ljava/lang/Object;
05-14 15:55:07.301 10729 10754 D M_InsDal: Lcom/fsck/k9/mail/store/imap/ImapResponseParser;--->parseToken(Lcom/fsck/k9/mail/store/imap/ImapList;)Ljava/lang/Object;
05-14 15:55:07.301 10729 10754 D M_InsDal: Lcom/fsck/k9/mail/filter/PeekableInputStream;--->peek()I
05-14 15:55:07.301 10729 10754 D M_InsDal: Lcom/fsck/k9/mail/store/imap/ImapResponseParser;--->expect(C)V
05-14 15:55:07.301 10729 10754 D M_InsDal: Lcom/fsck/k9/mail/filter/PeekableInputStream;--->read()I
05-14 15:55:07.301 10729 10754 D M_InsDal: Lcom/fsck/k9/mail/filter/PeekableInputStream;--->peek()I
05-14 15:55:07.301 10729 10754 D M_InsDal: Lcom/fsck/k9/mail/store/imap/ImapResponseParser;--->parseBareString(Z)Ljava/lang/String;
05-14 15:55:07.301 10729 10754 D M_InsDal: Lcom/fsck/k9/mail/filter/PeekableInputStream;--->peek()I
05-14 15:55:07.301 10729 10754 D M_InsDal: Lcom/fsck/k9/mail/filter/PeekableInputStream;--->read()I
05-14 15:55:07.301 10729 10754 D M_InsDal: Lcom/fsck/k9/mail/filter/PeekableInputStream;--->peek()I
05-14 15:55:07.301 10729 10754 D M_InsDal: Lcom/fsck/k9/mail/filter/PeekableInputStream;--->read()I
05-14 15:55:07.301 10729 10754 D M_InsDal: Lcom/fsck/k9/mail/filter/PeekableInputStream;--->peek()I
05-14 15:55:07.301 10729 10754 D M_InsDal: Lcom/fsck/k9/mail/filter/PeekableInputStream;--->read()I
05-14 15:55:07.301 10729 10754 D M_InsDal: Lcom/fsck/k9/mail/filter/PeekableInputStream;--->peek()I
05-14 15:55:07.301 10729 10754 D M_InsDal: Lcom/fsck/k9/mail/filter/PeekableInputStream;--->read()I
05-14 15:55:07.301 10729 10754 D M_InsDal: Lcom/fsck/k9/mail/filter/PeekableInputStream;--->peek()I
05-14 15:55:07.301 10729 10754 D M_InsDal: Lcom/fsck/k9/mail/store/imap/ImapResponseParser;--->readToken(Lcom/fsck/k9/mail/store/imap/ImapResponse;)Ljava/lang/Object;
05-14 15:55:07.301 10729 10754 D M_InsDal: Lcom/fsck/k9/mail/store/imap/ImapResponseParser;--->parseToken(Lcom/fsck/k9/mail/store/imap/ImapList;)Ljava/lang/Object;
05-14 15:55:07.301 10729 10754 D M_InsDal: Lcom/fsck/k9/mail/filter/PeekableInputStream;--->peek()I
05-14 15:55:07.301 10729 10754 D M_InsDal: Lcom/fsck/k9/mail/store/imap/ImapResponseParser;--->expect(C)V
05-14 15:55:07.301 10729 10754 D M_InsDal: Lcom/fsck/k9/mail/filter/PeekableInputStream;--->read()I
05-14 15:55:07.301 10729 10754 D M_InsDal: Lcom/fsck/k9/mail/filter/PeekableInputStream;--->peek()I
05-14 15:55:07.301 10729 10754 D M_InsDal: Lcom/fsck/k9/mail/store/imap/ImapResponseParser;--->parseBareString(Z)Ljava/lang/String;
05-14 15:55:07.301 10729 10754 D M_InsDal: Lcom/fsck/k9/mail/filter/PeekableInputStream;--->peek()I
05-14 15:55:07.301 10729 10754 D M_InsDal: Lcom/fsck/k9/mail/filter/PeekableInputStream;--->read()I
05-14 15:55:07.301 10729 10754 D M_InsDal: Lcom/fsck/k9/mail/filter/PeekableInputStream;--->peek()I
05-14 15:55:07.301 10729 10754 D M_InsDal: Lcom/fsck/k9/mail/filter/PeekableInputStream;--->read()I
05-14 15:55:07.301 10729 10754 D M_InsDal: Lcom/fsck/k9/mail/filter/PeekableInputStream;--->peek()I
05-14 15:55:07.301 10729 10754 D M_InsDal: Lcom/fsck/k9/mail/filter/PeekableInputStream;--->read()I
05-14 15:55:07.301 10729 10754 D M_InsDal: Lcom/fsck/k9/mail/filter/PeekableInputStream;--->peek()I
05-14 15:55:07.301 10729 10754 D M_InsDal: Lcom/fsck/k9/mail/filter/PeekableInputStream;--->read()I
05-14 15:55:07.301 10729 10754 D M_InsDal: Lcom/fsck/k9/mail/filter/PeekableInputStream;--->peek()I
05-14 15:55:07.301 10729 10754 D M_InsDal: Lcom/fsck/k9/mail/store/imap/ImapResponseParser;--->readToken(Lcom/fsck/k9/mail/store/imap/ImapResponse;)Ljava/lang/Object;
05-14 15:55:07.301 10729 10754 D M_InsDal: Lcom/fsck/k9/mail/store/imap/ImapResponseParser;--->parseToken(Lcom/fsck/k9/mail/store/imap/ImapList;)Ljava/lang/Object;
05-14 15:55:07.301 10729 10754 D M_InsDal: Lcom/fsck/k9/mail/filter/PeekableInputStream;--->peek()I
05-14 15:55:07.301 10729 10754 D M_InsDal: Lcom/fsck/k9/mail/store/imap/ImapResponseParser;--->expect(C)V
05-14 15:55:07.301 10729 10754 D M_InsDal: Lcom/fsck/k9/mail/filter/PeekableInputStream;--->read()I
05-14 15:55:07.301 10729 10754 D M_InsDal: Lcom/fsck/k9/mail/filter/PeekableInputStream;--->peek()I
05-14 15:55:07.301 10729 10754 D M_InsDal: Lcom/fsck/k9/mail/store/imap/ImapResponseParser;--->parseBareString(Z)Ljava/lang/String;
05-14 15:55:07.301 10729 10754 D M_InsDal: Lcom/fsck/k9/mail/filter/PeekableInputStream;--->peek()I
05-14 15:55:07.301 10729 10754 D M_InsDal: Lcom/fsck/k9/mail/filter/PeekableInputStream;--->read()I
05-14 15:55:07.301 10729 10754 D M_InsDal: Lcom/fsck/k9/mail/filter/PeekableInputStream;--->peek()I
05-14 15:55:07.301 10729 10754 D M_InsDal: Lcom/fsck/k9/mail/filter/PeekableInputStream;--->read()I
05-14 15:55:07.301 10729 10754 D M_InsDal: Lcom/fsck/k9/mail/filter/PeekableInputStream;--->peek()I
05-14 15:55:07.301 10729 10754 D M_InsDal: Lcom/fsck/k9/mail/filter/PeekableInputStream;--->read()I
05-14 15:55:07.301 10729 10754 D M_InsDal: Lcom/fsck/k9/mail/filter/PeekableInputStream;--->peek()I
05-14 15:55:07.301 10729 10754 D M_InsDal: Lcom/fsck/k9/mail/filter/PeekableInputStream;--->read()I
05-14 15:55:07.301 10729 10754 D M_InsDal: Lcom/fsck/k9/mail/filter/PeekableInputStream;--->peek()I
05-14 15:55:07.301 10729 10754 D M_InsDal: Lcom/fsck/k9/mail/filter/PeekableInputStream;--->read()I
05-14 15:55:07.301 10729 10754 D M_InsDal: Lcom/fsck/k9/mail/filter/PeekableInputStream;--->peek()I
05-14 15:55:07.301 10729 10754 D M_InsDal: Lcom/fsck/k9/mail/filter/PeekableInputStream;--->read()I
05-14 15:55:07.301 10729 10754 D M_InsDal: Lcom/fsck/k9/mail/filter/PeekableInputStream;--->peek()I
05-14 15:55:07.301 10729 10754 D M_InsDal: Lcom/fsck/k9/mail/filter/PeekableInputStream;--->read()I
05-14 15:55:07.301 10729 10754 D M_InsDal: Lcom/fsck/k9/mail/filter/PeekableInputStream;--->peek()I
05-14 15:55:07.302 10729 10754 D M_InsDal: Lcom/fsck/k9/mail/filter/PeekableInputStream;--->read()I
05-14 15:55:07.302 10729 10754 D M_InsDal: Lcom/fsck/k9/mail/filter/PeekableInputStream;--->peek()I
05-14 15:55:07.302 10729 10754 D M_InsDal: Lcom/fsck/k9/mail/filter/PeekableInputStream;--->read()I
05-14 15:55:07.302 10729 10754 D M_InsDal: Lcom/fsck/k9/mail/filter/PeekableInputStream;--->peek()I
05-14 15:55:07.302 10729 10754 D M_InsDal: Lcom/fsck/k9/mail/filter/PeekableInputStream;--->read()I
05-14 15:55:07.302 10729 10754 D M_InsDal: Lcom/fsck/k9/mail/filter/PeekableInputStream;--->peek()I
05-14 15:55:07.302 10729 10754 D M_InsDal: Lcom/fsck/k9/mail/filter/PeekableInputStream;--->read()I
05-14 15:55:07.302 10729 10754 D M_InsDal: Lcom/fsck/k9/mail/filter/PeekableInputStream;--->peek()I
05-14 15:55:07.302 10729 10754 D M_InsDal: Lcom/fsck/k9/mail/filter/PeekableInputStream;--->read()I
05-14 15:55:07.302 10729 10754 D M_InsDal: Lcom/fsck/k9/mail/filter/PeekableInputStream;--->peek()I
05-14 15:55:07.302 10729 10754 D M_InsDal: Lcom/fsck/k9/mail/filter/PeekableInputStream;--->read()I
05-14 15:55:07.302 10729 10754 D M_InsDal: Lcom/fsck/k9/mail/filter/PeekableInputStream;--->peek()I
05-14 15:55:07.302 10729 10754 D M_InsDal: Lcom/fsck/k9/mail/filter/PeekableInputStream;--->read()I
05-14 15:55:07.302 10729 10754 D M_InsDal: Lcom/fsck/k9/mail/filter/PeekableInputStream;--->peek()I
05-14 15:55:07.302 10729 10754 D M_InsDal: Lcom/fsck/k9/mail/filter/PeekableInputStream;--->read()I
05-14 15:55:07.302 10729 10754 D M_InsDal: Lcom/fsck/k9/mail/filter/PeekableInputStream;--->peek()I
05-14 15:55:07.302 10729 10754 D M_InsDal: Lcom/fsck/k9/mail/filter/PeekableInputStream;--->read()I
05-14 15:55:07.302 10729 10754 D M_InsDal: Lcom/fsck/k9/mail/filter/PeekableInputStream;--->peek()I
05-14 15:55:07.302 10729 10754 D M_InsDal: Lcom/fsck/k9/mail/filter/PeekableInputStream;--->read()I
05-14 15:55:07.302 10729 10754 D M_InsDal: Lcom/fsck/k9/mail/filter/PeekableInputStream;--->peek()I
05-14 15:55:07.302 10729 10754 D M_InsDal: Lcom/fsck/k9/mail/store/imap/ImapResponseParser;--->readToken(Lcom/fsck/k9/mail/store/imap/ImapResponse;)Ljava/lang/Object;
05-14 15:55:07.302 10729 10754 D M_InsDal: Lcom/fsck/k9/mail/store/imap/ImapResponseParser;--->parseToken(Lcom/fsck/k9/mail/store/imap/ImapList;)Ljava/lang/Object;
05-14 15:55:07.302 10729 10754 D M_InsDal: Lcom/fsck/k9/mail/filter/PeekableInputStream;--->peek()I
05-14 15:55:07.302 10729 10754 D M_InsDal: Lcom/fsck/k9/mail/store/imap/ImapResponseParser;--->expect(C)V
05-14 15:55:07.302 10729 10754 D M_InsDal: Lcom/fsck/k9/mail/filter/PeekableInputStream;--->read()I
05-14 15:55:07.302 10729 10754 D M_InsDal: Lcom/fsck/k9/mail/filter/PeekableInputStream;--->peek()I
05-14 15:55:07.302 10729 10754 D M_InsDal: Lcom/fsck/k9/mail/store/imap/ImapResponseParser;--->parseBareString(Z)Ljava/lang/String;
05-14 15:55:07.302 10729 10754 D M_InsDal: Lcom/fsck/k9/mail/filter/PeekableInputStream;--->peek()I
05-14 15:55:07.302 10729 10754 D M_InsDal: Lcom/fsck/k9/mail/filter/PeekableInputStream;--->read()I
05-14 15:55:07.302 10729 10754 D M_InsDal: Lcom/fsck/k9/mail/filter/PeekableInputStream;--->peek()I
05-14 15:55:07.302 10729 10754 D M_InsDal: Lcom/fsck/k9/mail/filter/PeekableInputStream;--->read()I
05-14 15:55:07.302 10729 10754 D M_InsDal: Lcom/fsck/k9/mail/filter/PeekableInputStream;--->peek()I
05-14 15:55:07.302 10729 10754 D M_InsDal: Lcom/fsck/k9/mail/filter/PeekableInputStream;--->read()I
05-14 15:55:07.302 10729 10754 D M_InsDal: Lcom/fsck/k9/mail/filter/PeekableInputStream;--->peek()I
