05-14 15:55:23.403 10813 10813 D M_InsDal: Lcom/fsck/k9/search/LocalSearch;--->and(Lcom/fsck/k9/search/SearchSpecification$SearchField;Ljava/lang/String;Lcom/fsck/k9/search/SearchSpecification$Attribute;)V
05-14 15:55:23.403 10813 10813 D M_InsDal: Lcom/fsck/k9/search/SearchSpecification$SearchCondition;---><init>(Lcom/fsck/k9/search/SearchSpecification$SearchField;Lcom/fsck/k9/search/SearchSpecification$Attribute;Ljava/lang/String;)V
05-14 15:55:23.403 10813 10813 D M_InsDal: Lcom/fsck/k9/search/LocalSearch;--->and(Lcom/fsck/k9/search/SearchSpecification$SearchCondition;)Lcom/fsck/k9/search/ConditionsTreeNode;
05-14 15:55:23.403 10813 10813 D M_InsDal: Lcom/fsck/k9/search/ConditionsTreeNode;---><init>(Lcom/fsck/k9/search/SearchSpecification$SearchCondition;)V
05-14 15:55:23.403 10813 10813 D M_InsDal: Lcom/fsck/k9/search/LocalSearch;--->and(Lcom/fsck/k9/search/ConditionsTreeNode;)Lcom/fsck/k9/search/ConditionsTreeNode;
05-14 15:55:23.403 10813 10813 D M_InsDal: Lcom/fsck/k9/search/ConditionsTreeNode;--->getLeafSet()Ljava/util/Set;
05-14 15:55:23.403 10813 10813 D M_InsDal: Lcom/fsck/k9/search/ConditionsTreeNode;--->getLeafSet(Ljava/util/Set;)Ljava/util/Set;
05-14 15:55:23.403 10813 10813 D M_InsDal: Lcom/fsck/k9/search/ConditionsTreeNode;--->and(Lcom/fsck/k9/search/ConditionsTreeNode;)Lcom/fsck/k9/search/ConditionsTreeNode;
05-14 15:55:23.403 10813 10813 D M_InsDal: Lcom/fsck/k9/search/ConditionsTreeNode;--->add(Lcom/fsck/k9/search/ConditionsTreeNode;Lcom/fsck/k9/search/ConditionsTreeNode$Operator;)Lcom/fsck/k9/search/ConditionsTreeNode;
05-14 15:55:23.403 10813 10813 D M_InsDal: Lcom/fsck/k9/search/ConditionsTreeNode;---><init>(Lcom/fsck/k9/search/ConditionsTreeNode;Lcom/fsck/k9/search/ConditionsTreeNode$Operator;)V
05-14 15:55:23.403 10813 10813 D M_InsDal: Lcom/fsck/k9/Account;--->getInboxFolderName()Ljava/lang/String;
05-14 15:55:23.403 10813 10813 D M_InsDal: Lcom/fsck/k9/search/SearchSpecification$SearchCondition;---><init>(Lcom/fsck/k9/search/SearchSpecification$SearchField;Lcom/fsck/k9/search/SearchSpecification$Attribute;Ljava/lang/String;)V
05-14 15:55:23.403 10813 10813 D M_InsDal: Lcom/fsck/k9/search/LocalSearch;--->or(Lcom/fsck/k9/search/SearchSpecification$SearchCondition;)Lcom/fsck/k9/search/ConditionsTreeNode;
05-14 15:55:23.403 10813 10813 D M_InsDal: Lcom/fsck/k9/search/ConditionsTreeNode;---><init>(Lcom/fsck/k9/search/SearchSpecification$SearchCondition;)V
05-14 15:55:23.403 10813 10813 D M_InsDal: Lcom/fsck/k9/search/LocalSearch;--->or(Lcom/fsck/k9/search/ConditionsTreeNode;)Lcom/fsck/k9/search/ConditionsTreeNode;
05-14 15:55:23.403 10813 10813 D M_InsDal: Lcom/fsck/k9/search/ConditionsTreeNode;--->getLeafSet()Ljava/util/Set;
05-14 15:55:23.403 10813 10813 D M_InsDal: Lcom/fsck/k9/search/ConditionsTreeNode;--->getLeafSet(Ljava/util/Set;)Ljava/util/Set;
05-14 15:55:23.403 10813 10813 D M_InsDal: Lcom/fsck/k9/search/ConditionsTreeNode;--->or(Lcom/fsck/k9/search/ConditionsTreeNode;)Lcom/fsck/k9/search/ConditionsTreeNode;
05-14 15:55:23.403 10813 10813 D M_InsDal: Lcom/fsck/k9/search/ConditionsTreeNode;--->add(Lcom/fsck/k9/search/ConditionsTreeNode;Lcom/fsck/k9/search/ConditionsTreeNode$Operator;)Lcom/fsck/k9/search/ConditionsTreeNode;
05-14 15:55:23.403 10813 10813 D M_InsDal: Lcom/fsck/k9/search/ConditionsTreeNode;---><init>(Lcom/fsck/k9/search/ConditionsTreeNode;Lcom/fsck/k9/search/ConditionsTreeNode$Operator;)V
05-14 15:55:23.403 10813 10813 D M_InsDal: Lcom/fsck/k9/Account;--->limitToDisplayableFolders(Lcom/fsck/k9/search/LocalSearch;)V
05-14 15:55:23.403 10813 10813 D M_InsDal: Lcom/fsck/k9/Account;--->getFolderDisplayMode()Lcom/fsck/k9/Account$FolderMode;
05-14 15:55:23.403 10813 10813 D M_InsDal: Lcom/fsck/k9/search/LocalSearch;--->and(Lcom/fsck/k9/search/SearchSpecification$SearchField;Ljava/lang/String;Lcom/fsck/k9/search/SearchSpecification$Attribute;)V
05-14 15:55:23.403 10813 10813 D M_InsDal: Lcom/fsck/k9/search/SearchSpecification$SearchCondition;---><init>(Lcom/fsck/k9/search/SearchSpecification$SearchField;Lcom/fsck/k9/search/SearchSpecification$Attribute;Ljava/lang/String;)V
05-14 15:55:23.403 10813 10813 D M_InsDal: Lcom/fsck/k9/search/LocalSearch;--->and(Lcom/fsck/k9/search/SearchSpecification$SearchCondition;)Lcom/fsck/k9/search/ConditionsTreeNode;
05-14 15:55:23.403 10813 10813 D M_InsDal: Lcom/fsck/k9/search/ConditionsTreeNode;---><init>(Lcom/fsck/k9/search/SearchSpecification$SearchCondition;)V
05-14 15:55:23.403 10813 10813 D M_InsDal: Lcom/fsck/k9/search/LocalSearch;--->and(Lcom/fsck/k9/search/ConditionsTreeNode;)Lcom/fsck/k9/search/ConditionsTreeNode;
05-14 15:55:23.403 10813 10813 D M_InsDal: Lcom/fsck/k9/search/ConditionsTreeNode;--->getLeafSet()Ljava/util/Set;
05-14 15:55:23.403 10813 10813 D M_InsDal: Lcom/fsck/k9/search/ConditionsTreeNode;--->getLeafSet(Ljava/util/Set;)Ljava/util/Set;
05-14 15:55:23.403 10813 10813 D M_InsDal: Lcom/fsck/k9/search/ConditionsTreeNode;--->and(Lcom/fsck/k9/search/ConditionsTreeNode;)Lcom/fsck/k9/search/ConditionsTreeNode;
05-14 15:55:23.403 10813 10813 D M_InsDal: Lcom/fsck/k9/search/ConditionsTreeNode;--->add(Lcom/fsck/k9/search/ConditionsTreeNode;Lcom/fsck/k9/search/ConditionsTreeNode$Operator;)Lcom/fsck/k9/search/ConditionsTreeNode;
05-14 15:55:23.403 10813 10813 D M_InsDal: Lcom/fsck/k9/search/ConditionsTreeNode;---><init>(Lcom/fsck/k9/search/ConditionsTreeNode;Lcom/fsck/k9/search/ConditionsTreeNode$Operator;)V
05-14 15:55:23.403 10813 10813 D M_InsDal: Lcom/fsck/k9/search/LocalSearch;--->and(Lcom/fsck/k9/search/SearchSpecification$SearchField;Ljava/lang/String;Lcom/fsck/k9/search/SearchSpecification$Attribute;)V
05-14 15:55:23.403 10813 10813 D M_InsDal: Lcom/fsck/k9/search/SearchSpecification$SearchCondition;---><init>(Lcom/fsck/k9/search/SearchSpecification$SearchField;Lcom/fsck/k9/search/SearchSpecification$Attribute;Ljava/lang/String;)V
05-14 15:55:23.403 10813 10813 D M_InsDal: Lcom/fsck/k9/search/LocalSearch;--->and(Lcom/fsck/k9/search/SearchSpecification$SearchCondition;)Lcom/fsck/k9/search/ConditionsTreeNode;
05-14 15:55:23.403 10813 10813 D M_InsDal: Lcom/fsck/k9/search/ConditionsTreeNode;---><init>(Lcom/fsck/k9/search/SearchSpecification$SearchCondition;)V
05-14 15:55:23.403 10813 10813 D M_InsDal: Lcom/fsck/k9/search/LocalSearch;--->and(Lcom/fsck/k9/search/ConditionsTreeNode;)Lcom/fsck/k9/search/ConditionsTreeNode;
05-14 15:55:23.403 10813 10813 D M_InsDal: Lcom/fsck/k9/search/ConditionsTreeNode;--->getLeafSet()Ljava/util/Set;
05-14 15:55:23.403 10813 10813 D M_InsDal: Lcom/fsck/k9/search/ConditionsTreeNode;--->getLeafSet(Ljava/util/Set;)Ljava/util/Set;
05-14 15:55:23.403 10813 10813 D M_InsDal: Lcom/fsck/k9/search/ConditionsTreeNode;--->and(Lcom/fsck/k9/search/ConditionsTreeNode;)Lcom/fsck/k9/search/ConditionsTreeNode;
05-14 15:55:23.403 10813 10813 D M_InsDal: Lcom/fsck/k9/search/ConditionsTreeNode;--->add(Lcom/fsck/k9/search/ConditionsTreeNode;Lcom/fsck/k9/search/ConditionsTreeNode$Operator;)Lcom/fsck/k9/search/ConditionsTreeNode;
05-14 15:55:23.403 10813 10813 D M_InsDal: Lcom/fsck/k9/search/ConditionsTreeNode;---><init>(Lcom/fsck/k9/search/ConditionsTreeNode;Lcom/fsck/k9/search/ConditionsTreeNode$Operator;)V
05-14 15:55:23.403 10813 10813 D M_InsDal: Lcom/fsck/k9/activity/Accounts$AccountClickListener;---><init>(Lcom/fsck/k9/activity/Accounts;Lcom/fsck/k9/search/LocalSearch;)V
05-14 15:55:23.403 10813 10813 D M_InsDal: Lcom/fsck/k9/activity/Accounts$AccountsAdapter;--->createUnreadSearchListener(Lcom/fsck/k9/BaseAccount;)Landroid/view/View$OnClickListener;
05-14 15:55:23.403 10813 10813 D M_InsDal: Lcom/fsck/k9/activity/Accounts;--->createUnreadSearch(Landroid/content/Context;Lcom/fsck/k9/BaseAccount;)Lcom/fsck/k9/search/LocalSearch;
05-14 15:55:23.403 10813 10813 D M_InsDal: Lcom/fsck/k9/Account;--->getDescription()Ljava/lang/String;
05-14 15:55:23.403 10813 10813 D M_InsDal: Lcom/fsck/k9/search/LocalSearch;---><init>(Ljava/lang/String;)V
05-14 15:55:23.403 10813 10813 D M_InsDal: Lcom/fsck/k9/Account;--->getUuid()Ljava/lang/String;
05-14 15:55:23.403 10813 10813 D M_InsDal: Lcom/fsck/k9/search/LocalSearch;--->addAccountUuid(Ljava/lang/String;)V
05-14 15:55:23.403 10813 10813 D M_InsDal: Lcom/fsck/k9/Account;--->excludeSpecialFolders(Lcom/fsck/k9/search/LocalSearch;)V
05-14 15:55:23.403 10813 10813 D M_InsDal: Lcom/fsck/k9/Account;--->getTrashFolderName()Ljava/lang/String;
05-14 15:55:23.403 10813 10813 D M_InsDal: Lcom/fsck/k9/Account;--->excludeSpecialFolder(Lcom/fsck/k9/search/LocalSearch;Ljava/lang/String;)V
05-14 15:55:23.403 10813 10813 D M_InsDal: Lcom/fsck/k9/search/LocalSearch;--->and(Lcom/fsck/k9/search/SearchSpecification$SearchField;Ljava/lang/String;Lcom/fsck/k9/search/SearchSpecification$Attribute;)V
05-14 15:55:23.403 10813 10813 D M_InsDal: Lcom/fsck/k9/search/SearchSpecification$SearchCondition;---><init>(Lcom/fsck/k9/search/SearchSpecification$SearchField;Lcom/fsck/k9/search/SearchSpecification$Attribute;Ljava/lang/String;)V
05-14 15:55:23.403 10813 10813 D M_InsDal: Lcom/fsck/k9/search/LocalSearch;--->and(Lcom/fsck/k9/search/SearchSpecification$SearchCondition;)Lcom/fsck/k9/search/ConditionsTreeNode;
05-14 15:55:23.403 10813 10813 D M_InsDal: Lcom/fsck/k9/search/ConditionsTreeNode;---><init>(Lcom/fsck/k9/search/SearchSpecification$SearchCondition;)V
05-14 15:55:23.403 10813 10813 D M_InsDal: Lcom/fsck/k9/search/LocalSearch;--->and(Lcom/fsck/k9/search/ConditionsTreeNode;)Lcom/fsck/k9/search/ConditionsTreeNode;
05-14 15:55:23.403 10813 10813 D M_InsDal: Lcom/fsck/k9/search/ConditionsTreeNode;--->getLeafSet()Ljava/util/Set;
05-14 15:55:23.403 10813 10813 D M_InsDal: Lcom/fsck/k9/search/ConditionsTreeNode;--->getLeafSet(Ljava/util/Set;)Ljava/util/Set;
05-14 15:55:23.403 10813 10813 D M_InsDal: Lcom/fsck/k9/Account;--->getDraftsFolderName()Ljava/lang/String;
05-14 15:55:23.403 10813 10813 D M_InsDal: Lcom/fsck/k9/Account;--->excludeSpecialFolder(Lcom/fsck/k9/search/LocalSearch;Ljava/lang/String;)V
05-14 15:55:23.403 10813 10813 D M_InsDal: Lcom/fsck/k9/search/LocalSearch;--->and(Lcom/fsck/k9/search/SearchSpecification$SearchField;Ljava/lang/String;Lcom/fsck/k9/search/SearchSpecification$Attribute;)V
05-14 15:55:23.403 10813 10813 D M_InsDal: Lcom/fsck/k9/search/SearchSpecification$SearchCondition;---><init>(Lcom/fsck/k9/search/SearchSpecification$SearchField;Lcom/fsck/k9/search/SearchSpecification$Attribute;Ljava/lang/String;)V
05-14 15:55:23.403 10813 10813 D M_InsDal: Lcom/fsck/k9/search/LocalSearch;--->and(Lcom/fsck/k9/search/SearchSpecification$SearchCondition;)Lcom/fsck/k9/search/ConditionsTreeNode;
05-14 15:55:23.403 10813 10813 D M_InsDal: Lcom/fsck/k9/search/ConditionsTreeNode;---><init>(Lcom/fsck/k9/search/SearchSpecification$SearchCondition;)V
05-14 15:55:23.403 10813 10813 D M_InsDal: Lcom/fsck/k9/search/LocalSearch;--->and(Lcom/fsck/k9/search/ConditionsTreeNode;)Lcom/fsck/k9/search/ConditionsTreeNode;
05-14 15:55:23.403 10813 10813 D M_InsDal: Lcom/fsck/k9/search/ConditionsTreeNode;--->getLeafSet()Ljava/util/Set;
05-14 15:55:23.403 10813 10813 D M_InsDal: Lcom/fsck/k9/search/ConditionsTreeNode;--->getLeafSet(Ljava/util/Set;)Ljava/util/Set;
05-14 15:55:23.403 10813 10813 D M_InsDal: Lcom/fsck/k9/search/ConditionsTreeNode;--->and(Lcom/fsck/k9/search/ConditionsTreeNode;)Lcom/fsck/k9/search/ConditionsTreeNode;
05-14 15:55:23.403 10813 10813 D M_InsDal: Lcom/fsck/k9/search/ConditionsTreeNode;--->add(Lcom/fsck/k9/search/ConditionsTreeNode;Lcom/fsck/k9/search/ConditionsTreeNode$Operator;)Lcom/fsck/k9/search/ConditionsTreeNode;
05-14 15:55:23.403 10813 10813 D M_InsDal: Lcom/fsck/k9/search/ConditionsTreeNode;---><init>(Lcom/fsck/k9/search/ConditionsTreeNode;Lcom/fsck/k9/search/ConditionsTreeNode$Operator;)V
05-14 15:55:23.403 10813 10813 D M_InsDal: Lcom/fsck/k9/Account;--->getSpamFolderName()Ljava/lang/String;
05-14 15:55:23.403 10813 10813 D M_InsDal: Lcom/fsck/k9/Account;--->excludeSpecialFolder(Lcom/fsck/k9/search/LocalSearch;Ljava/lang/String;)V
05-14 15:55:23.403 10813 10813 D M_InsDal: Lcom/fsck/k9/search/LocalSearch;--->and(Lcom/fsck/k9/search/SearchSpecification$SearchField;Ljava/lang/String;Lcom/fsck/k9/search/SearchSpecification$Attribute;)V
05-14 15:55:23.403 10813 10813 D M_InsDal: Lcom/fsck/k9/search/SearchSpecification$SearchCondition;---><init>(Lcom/fsck/k9/search/SearchSpecification$SearchField;Lcom/fsck/k9/search/SearchSpecification$Attribute;Ljava/lang/String;)V
05-14 15:55:23.403 10813 10813 D M_InsDal: Lcom/fsck/k9/search/LocalSearch;--->and(Lcom/fsck/k9/search/SearchSpecification$SearchCondition;)Lcom/fsck/k9/search/ConditionsTreeNode;
05-14 15:55:23.403 10813 10813 D M_InsDal: Lcom/fsck/k9/search/ConditionsTreeNode;---><init>(Lcom/fsck/k9/search/SearchSpecification$SearchCondition;)V
05-14 15:55:23.403 10813 10813 D M_InsDal: Lcom/fsck/k9/search/LocalSearch;--->and(Lcom/fsck/k9/search/ConditionsTreeNode;)Lcom/fsck/k9/search/ConditionsTreeNode;
05-14 15:55:23.403 10813 10813 D M_InsDal: Lcom/fsck/k9/search/ConditionsTreeNode;--->getLeafSet()Ljava/util/Set;
05-14 15:55:23.403 10813 10813 D M_InsDal: Lcom/fsck/k9/search/ConditionsTreeNode;--->getLeafSet(Ljava/util/Set;)Ljava/util/Set;
05-14 15:55:23.403 10813 10813 D M_InsDal: Lcom/fsck/k9/search/ConditionsTreeNode;--->and(Lcom/fsck/k9/search/ConditionsTreeNode;)Lcom/fsck/k9/search/ConditionsTreeNode;
05-14 15:55:23.403 10813 10813 D M_InsDal: Lcom/fsck/k9/search/ConditionsTreeNode;--->add(Lcom/fsck/k9/search/ConditionsTreeNode;Lcom/fsck/k9/search/ConditionsTreeNode$Operator;)Lcom/fsck/k9/search/ConditionsTreeNode;
05-14 15:55:23.403 10813 10813 D M_InsDal: Lcom/fsck/k9/search/ConditionsTreeNode;---><init>(Lcom/fsck/k9/search/ConditionsTreeNode;Lcom/fsck/k9/search/ConditionsTreeNode$Operator;)V
05-14 15:55:23.403 10813 10813 D M_InsDal: Lcom/fsck/k9/Account;--->getOutboxFolderName()Ljava/lang/String;
05-14 15:55:23.403 10813 10813 D M_InsDal: Lcom/fsck/k9/Account;--->excludeSpecialFolder(Lcom/fsck/k9/search/LocalSearch;Ljava/lang/String;)V
05-14 15:55:23.405 10813 10813 D M_InsDal: Lcom/fsck/k9/search/LocalSearch;--->and(Lcom/fsck/k9/search/SearchSpecification$SearchField;Ljava/lang/String;Lcom/fsck/k9/search/SearchSpecification$Attribute;)V
05-14 15:55:23.405 10813 10813 D M_InsDal: Lcom/fsck/k9/search/SearchSpecification$SearchCondition;---><init>(Lcom/fsck/k9/search/SearchSpecification$SearchField;Lcom/fsck/k9/search/SearchSpecification$Attribute;Ljava/lang/String;)V
05-14 15:55:23.405 10813 10813 D M_InsDal: Lcom/fsck/k9/search/LocalSearch;--->and(Lcom/fsck/k9/search/SearchSpecification$SearchCondition;)Lcom/fsck/k9/search/ConditionsTreeNode;
05-14 15:55:23.405 10813 10813 D M_InsDal: Lcom/fsck/k9/search/ConditionsTreeNode;---><init>(Lcom/fsck/k9/search/SearchSpecification$SearchCondition;)V
05-14 15:55:23.405 10813 10813 D M_InsDal: Lcom/fsck/k9/search/LocalSearch;--->and(Lcom/fsck/k9/search/ConditionsTreeNode;)Lcom/fsck/k9/search/ConditionsTreeNode;
05-14 15:55:23.405 10813 10813 D M_InsDal: Lcom/fsck/k9/search/ConditionsTreeNode;--->getLeafSet()Ljava/util/Set;
05-14 15:55:23.405 10813 10813 D M_InsDal: Lcom/fsck/k9/search/ConditionsTreeNode;--->getLeafSet(Ljava/util/Set;)Ljava/util/Set;
05-14 15:55:23.405 10813 10813 D M_InsDal: Lcom/fsck/k9/search/ConditionsTreeNode;--->and(Lcom/fsck/k9/search/ConditionsTreeNode;)Lcom/fsck/k9/search/ConditionsTreeNode;
05-14 15:55:23.405 10813 10813 D M_InsDal: Lcom/fsck/k9/search/ConditionsTreeNode;--->add(Lcom/fsck/k9/search/ConditionsTreeNode;Lcom/fsck/k9/search/ConditionsTreeNode$Operator;)Lcom/fsck/k9/search/ConditionsTreeNode;
05-14 15:55:23.405 10813 10813 D M_InsDal: Lcom/fsck/k9/search/ConditionsTreeNode;---><init>(Lcom/fsck/k9/search/ConditionsTreeNode;Lcom/fsck/k9/search/ConditionsTreeNode$Operator;)V
05-14 15:55:23.405 10813 10813 D M_InsDal: Lcom/fsck/k9/Account;--->getSentFolderName()Ljava/lang/String;
05-14 15:55:23.405 10813 10813 D M_InsDal: Lcom/fsck/k9/Account;--->excludeSpecialFolder(Lcom/fsck/k9/search/LocalSearch;Ljava/lang/String;)V
05-14 15:55:23.405 10813 10813 D M_InsDal: Lcom/fsck/k9/search/LocalSearch;--->and(Lcom/fsck/k9/search/SearchSpecification$SearchField;Ljava/lang/String;Lcom/fsck/k9/search/SearchSpecification$Attribute;)V
05-14 15:55:23.405 10813 10813 D M_InsDal: Lcom/fsck/k9/search/SearchSpecification$SearchCondition;---><init>(Lcom/fsck/k9/search/SearchSpecification$SearchField;Lcom/fsck/k9/search/SearchSpecification$Attribute;Ljava/lang/String;)V
05-14 15:55:23.405 10813 10813 D M_InsDal: Lcom/fsck/k9/search/LocalSearch;--->and(Lcom/fsck/k9/search/SearchSpecification$SearchCondition;)Lcom/fsck/k9/search/ConditionsTreeNode;
05-14 15:55:23.405 10813 10813 D M_InsDal: Lcom/fsck/k9/search/ConditionsTreeNode;---><init>(Lcom/fsck/k9/search/SearchSpecification$SearchCondition;)V
05-14 15:55:23.405 10813 10813 D M_InsDal: Lcom/fsck/k9/search/LocalSearch;--->and(Lcom/fsck/k9/search/ConditionsTreeNode;)Lcom/fsck/k9/search/ConditionsTreeNode;
05-14 15:55:23.405 10813 10813 D M_InsDal: Lcom/fsck/k9/search/ConditionsTreeNode;--->getLeafSet()Ljava/util/Set;
05-14 15:55:23.405 10813 10813 D M_InsDal: Lcom/fsck/k9/search/ConditionsTreeNode;--->getLeafSet(Ljava/util/Set;)Ljava/util/Set;
05-14 15:55:23.405 10813 10813 D M_InsDal: Lcom/fsck/k9/search/ConditionsTreeNode;--->and(Lcom/fsck/k9/search/ConditionsTreeNode;)Lcom/fsck/k9/search/ConditionsTreeNode;
05-14 15:55:23.405 10813 10813 D M_InsDal: Lcom/fsck/k9/search/ConditionsTreeNode;--->add(Lcom/fsck/k9/search/ConditionsTreeNode;Lcom/fsck/k9/search/ConditionsTreeNode$Operator;)Lcom/fsck/k9/search/ConditionsTreeNode;
05-14 15:55:23.405 10813 10813 D M_InsDal: Lcom/fsck/k9/search/ConditionsTreeNode;---><init>(Lcom/fsck/k9/search/ConditionsTreeNode;Lcom/fsck/k9/search/ConditionsTreeNode$Operator;)V
05-14 15:55:23.405 10813 10813 D M_InsDal: Lcom/fsck/k9/Account;--->getInboxFolderName()Ljava/lang/String;
05-14 15:55:23.405 10813 10813 D M_InsDal: Lcom/fsck/k9/search/SearchSpecification$SearchCondition;---><init>(Lcom/fsck/k9/search/SearchSpecification$SearchField;Lcom/fsck/k9/search/SearchSpecification$Attribute;Ljava/lang/String;)V
05-14 15:55:23.405 10813 10813 D M_InsDal: Lcom/fsck/k9/search/LocalSearch;--->or(Lcom/fsck/k9/search/SearchSpecification$SearchCondition;)Lcom/fsck/k9/search/ConditionsTreeNode;
05-14 15:55:23.405 10813 10813 D M_InsDal: Lcom/fsck/k9/search/ConditionsTreeNode;---><init>(Lcom/fsck/k9/search/SearchSpecification$SearchCondition;)V
05-14 15:55:23.405 10813 10813 D M_InsDal: Lcom/fsck/k9/search/LocalSearch;--->or(Lcom/fsck/k9/search/ConditionsTreeNode;)Lcom/fsck/k9/search/ConditionsTreeNode;
05-14 15:55:23.405 10813 10813 D M_InsDal: Lcom/fsck/k9/search/ConditionsTreeNode;--->getLeafSet()Ljava/util/Set;
05-14 15:55:23.405 10813 10813 D M_InsDal: Lcom/fsck/k9/search/ConditionsTreeNode;--->getLeafSet(Ljava/util/Set;)Ljava/util/Set;
05-14 15:55:23.405 10813 10813 D M_InsDal: Lcom/fsck/k9/search/ConditionsTreeNode;--->or(Lcom/fsck/k9/search/ConditionsTreeNode;)Lcom/fsck/k9/search/ConditionsTreeNode;
05-14 15:55:23.405 10813 10813 D M_InsDal: Lcom/fsck/k9/search/ConditionsTreeNode;--->add(Lcom/fsck/k9/search/ConditionsTreeNode;Lcom/fsck/k9/search/ConditionsTreeNode$Operator;)Lcom/fsck/k9/search/ConditionsTreeNode;
05-14 15:55:23.405 10813 10813 D M_InsDal: Lcom/fsck/k9/search/ConditionsTreeNode;---><init>(Lcom/fsck/k9/search/ConditionsTreeNode;Lcom/fsck/k9/search/ConditionsTreeNode$Operator;)V
05-14 15:55:23.405 10813 10813 D M_InsDal: Lcom/fsck/k9/Account;--->limitToDisplayableFolders(Lcom/fsck/k9/search/LocalSearch;)V
05-14 15:55:23.405 10813 10813 D M_InsDal: Lcom/fsck/k9/Account;--->getFolderDisplayMode()Lcom/fsck/k9/Account$FolderMode;
05-14 15:55:23.405 10813 10813 D M_InsDal: Lcom/fsck/k9/search/LocalSearch;--->and(Lcom/fsck/k9/search/SearchSpecification$SearchField;Ljava/lang/String;Lcom/fsck/k9/search/SearchSpecification$Attribute;)V
05-14 15:55:23.405 10813 10813 D M_InsDal: Lcom/fsck/k9/search/SearchSpecification$SearchCondition;---><init>(Lcom/fsck/k9/search/SearchSpecification$SearchField;Lcom/fsck/k9/search/SearchSpecification$Attribute;Ljava/lang/String;)V
05-14 15:55:23.405 10813 10813 D M_InsDal: Lcom/fsck/k9/search/LocalSearch;--->and(Lcom/fsck/k9/search/SearchSpecification$SearchCondition;)Lcom/fsck/k9/search/ConditionsTreeNode;
05-14 15:55:23.405 10813 10813 D M_InsDal: Lcom/fsck/k9/search/ConditionsTreeNode;---><init>(Lcom/fsck/k9/search/SearchSpecification$SearchCondition;)V
05-14 15:55:23.405 10813 10813 D M_InsDal: Lcom/fsck/k9/search/LocalSearch;--->and(Lcom/fsck/k9/search/ConditionsTreeNode;)Lcom/fsck/k9/search/ConditionsTreeNode;
05-14 15:55:23.405 10813 10813 D M_InsDal: Lcom/fsck/k9/search/ConditionsTreeNode;--->getLeafSet()Ljava/util/Set;
05-14 15:55:23.405 10813 10813 D M_InsDal: Lcom/fsck/k9/search/ConditionsTreeNode;--->getLeafSet(Ljava/util/Set;)Ljava/util/Set;
05-14 15:55:23.405 10813 10813 D M_InsDal: Lcom/fsck/k9/search/ConditionsTreeNode;--->and(Lcom/fsck/k9/search/ConditionsTreeNode;)Lcom/fsck/k9/search/ConditionsTreeNode;
05-14 15:55:23.405 10813 10813 D M_InsDal: Lcom/fsck/k9/search/ConditionsTreeNode;--->add(Lcom/fsck/k9/search/ConditionsTreeNode;Lcom/fsck/k9/search/ConditionsTreeNode$Operator;)Lcom/fsck/k9/search/ConditionsTreeNode;
05-14 15:55:23.405 10813 10813 D M_InsDal: Lcom/fsck/k9/search/ConditionsTreeNode;---><init>(Lcom/fsck/k9/search/ConditionsTreeNode;Lcom/fsck/k9/search/ConditionsTreeNode$Operator;)V
05-14 15:55:23.405 10813 10813 D M_InsDal: Lcom/fsck/k9/search/LocalSearch;--->and(Lcom/fsck/k9/search/SearchSpecification$SearchField;Ljava/lang/String;Lcom/fsck/k9/search/SearchSpecification$Attribute;)V
05-14 15:55:23.405 10813 10813 D M_InsDal: Lcom/fsck/k9/search/SearchSpecification$SearchCondition;---><init>(Lcom/fsck/k9/search/SearchSpecification$SearchField;Lcom/fsck/k9/search/SearchSpecification$Attribute;Ljava/lang/String;)V
05-14 15:55:23.405 10813 10813 D M_InsDal: Lcom/fsck/k9/search/LocalSearch;--->and(Lcom/fsck/k9/search/SearchSpecification$SearchCondition;)Lcom/fsck/k9/search/ConditionsTreeNode;
05-14 15:55:23.405 10813 10813 D M_InsDal: Lcom/fsck/k9/search/ConditionsTreeNode;---><init>(Lcom/fsck/k9/search/SearchSpecification$SearchCondition;)V
05-14 15:55:23.405 10813 10813 D M_InsDal: Lcom/fsck/k9/search/LocalSearch;--->and(Lcom/fsck/k9/search/ConditionsTreeNode;)Lcom/fsck/k9/search/ConditionsTreeNode;
05-14 15:55:23.405 10813 10813 D M_InsDal: Lcom/fsck/k9/search/ConditionsTreeNode;--->getLeafSet()Ljava/util/Set;
05-14 15:55:23.405 10813 10813 D M_InsDal: Lcom/fsck/k9/search/ConditionsTreeNode;--->getLeafSet(Ljava/util/Set;)Ljava/util/Set;
05-14 15:55:23.405 10813 10813 D M_InsDal: Lcom/fsck/k9/search/ConditionsTreeNode;--->and(Lcom/fsck/k9/search/ConditionsTreeNode;)Lcom/fsck/k9/search/ConditionsTreeNode;
05-14 15:55:23.405 10813 10813 D M_InsDal: Lcom/fsck/k9/search/ConditionsTreeNode;--->add(Lcom/fsck/k9/search/ConditionsTreeNode;Lcom/fsck/k9/search/ConditionsTreeNode$Operator;)Lcom/fsck/k9/search/ConditionsTreeNode;
05-14 15:55:23.405 10813 10813 D M_InsDal: Lcom/fsck/k9/search/ConditionsTreeNode;---><init>(Lcom/fsck/k9/search/ConditionsTreeNode;Lcom/fsck/k9/search/ConditionsTreeNode$Operator;)V
05-14 15:55:23.405 10813 10813 D M_InsDal: Lcom/fsck/k9/activity/Accounts$AccountClickListener;---><init>(Lcom/fsck/k9/activity/Accounts;Lcom/fsck/k9/search/LocalSearch;)V
05-14 15:55:23.405 10813 10813 D M_InsDal: Lcom/fsck/k9/activity/Accounts$AccountsAdapter$1;---><init>(Lcom/fsck/k9/activity/Accounts$AccountsAdapter;)V
05-14 15:55:23.405 10813 10813 D M_InsDal: Lcom/fsck/k9/Account;--->getChipColor()I
05-14 15:55:23.405 10813 10813 D M_InsDal: Lcom/fsck/k9/Account;--->generateColorChip(ZZ)Lcom/fsck/k9/view/ColorChip;
05-14 15:55:23.405 10813 10813 D M_InsDal: Lcom/fsck/k9/view/ColorChip;--->drawable()Landroid/graphics/drawable/ShapeDrawable;
05-14 15:55:23.405 10813 10813 D M_InsDal: Lcom/fsck/k9/Account;--->generateColorChip(ZZ)Lcom/fsck/k9/view/ColorChip;
05-14 15:55:23.405 10813 10813 D M_InsDal: Lcom/fsck/k9/view/ColorChip;--->drawable()Landroid/graphics/drawable/ShapeDrawable;
05-14 15:55:23.405 10813 10813 D M_InsDal: Lcom/fsck/k9/FontSizes;--->getAccountName()I
05-14 15:55:23.405 10813 10813 D M_InsDal: Lcom/fsck/k9/FontSizes;--->setViewTextSize(Landroid/widget/TextView;I)V
05-14 15:55:23.405 10813 10813 D M_InsDal: Lcom/fsck/k9/FontSizes;--->getAccountDescription()I
05-14 15:55:23.405 10813 10813 D M_InsDal: Lcom/fsck/k9/FontSizes;--->setViewTextSize(Landroid/widget/TextView;I)V
05-14 15:55:23.405 10813 10813 D M_InsDal: Lcom/fsck/k9/activity/Accounts$AccountsAdapter$2;---><init>(Lcom/fsck/k9/activity/Accounts$AccountsAdapter;Lcom/fsck/k9/BaseAccount;)V
05-14 15:55:23.586 10813 10813 D M_InsDal: Lcom/fsck/k9/service/CoreService;--->onStartCommand(Landroid/content/Intent;II)I
05-14 15:55:23.586 10813 10813 D M_InsDal: Lcom/fsck/k9/service/CoreService;--->acquireWakeLock(Landroid/content/Context;Ljava/lang/String;J)Lcom/fsck/k9/mail/power/TracingPowerManager$TracingWakeLock;
05-14 15:55:23.586 10813 10813 D M_InsDal: Lcom/fsck/k9/mail/power/TracingPowerManager;--->getPowerManager(Landroid/content/Context;)Lcom/fsck/k9/mail/power/TracingPowerManager;
05-14 15:55:23.586 10813 10813 D M_InsDal: Lcom/fsck/k9/mail/power/TracingPowerManager;--->newWakeLock(ILjava/lang/String;)Lcom/fsck/k9/mail/power/TracingPowerManager$TracingWakeLock;
05-14 15:55:23.586 10813 10813 D M_InsDal: Lcom/fsck/k9/mail/power/TracingPowerManager$TracingWakeLock;---><init>(Lcom/fsck/k9/mail/power/TracingPowerManager;ILjava/lang/String;)V
05-14 15:55:23.586 10813 10813 D M_InsDal: Lcom/fsck/k9/mail/K9MailLib;--->isDebug()Z
05-14 15:55:23.586 10813 10813 D M_InsDal: Lcom/fsck/k9/K9$2;--->enabled()Z
05-14 15:55:23.586 10813 10813 D M_InsDal: Lcom/fsck/k9/mail/power/TracingPowerManager$TracingWakeLock;--->setReferenceCounted(Z)V
05-14 15:55:23.586 10813 10813 D M_InsDal: Lcom/fsck/k9/mail/power/TracingPowerManager$TracingWakeLock;--->acquire(J)V
05-14 15:55:23.587 10813 10813 D M_InsDal: Lcom/fsck/k9/mail/K9MailLib;--->isDebug()Z
05-14 15:55:23.587 10813 10813 D M_InsDal: Lcom/fsck/k9/K9$2;--->enabled()Z
05-14 15:55:23.587 10813 10813 D M_InsDal: Lcom/fsck/k9/mail/power/TracingPowerManager$TracingWakeLock;--->raiseNotification()V
05-14 15:55:23.587 10813 10813 D M_InsDal: Lcom/fsck/k9/mail/power/TracingPowerManager$TracingWakeLock;--->release()V
05-14 15:55:23.587 10813 10813 D M_InsDal: Lcom/fsck/k9/mail/K9MailLib;--->isDebug()Z
05-14 15:55:23.587 10813 10813 D M_InsDal: Lcom/fsck/k9/K9$2;--->enabled()Z
05-14 15:55:23.587 10813 10813 D M_InsDal: Lcom/fsck/k9/mail/power/TracingPowerManager$TracingWakeLock;--->cancelNotification()V
05-14 15:55:23.587 10813 10813 D M_InsDal: Lcom/fsck/k9/service/PushService;--->startService(Landroid/content/Intent;I)I
05-14 15:55:23.587 10813 10813 D M_InsDal: Lcom/fsck/k9/mail/power/TracingPowerManager$TracingWakeLock;--->release()V
05-14 15:55:23.587 10813 10813 D M_InsDal: Lcom/fsck/k9/mail/K9MailLib;--->isDebug()Z
05-14 15:55:23.587 10813 10813 D M_InsDal: Lcom/fsck/k9/K9$2;--->enabled()Z
05-14 15:55:23.587 10813 10813 D M_InsDal: Lcom/fsck/k9/mail/power/TracingPowerManager$TracingWakeLock;--->cancelNotification()V
05-14 15:55:23.587 10813 10813 D M_InsDal: Lcom/fsck/k9/activity/Accounts$AccountsHandler$1;--->run()V
05-14 15:55:23.587 10813 10813 D M_InsDal: Lcom/fsck/k9/activity/Accounts$AccountsHandler;--->setViewTitle()V
05-14 15:55:23.588 10813 10813 D M_InsDal: Lcom/fsck/k9/activity/ActivityListener;--->getOperation(Landroid/content/Context;)Ljava/lang/String;
05-14 15:55:23.588 10813 10813 D M_InsDal: Lcom/fsck/k9/service/MailService;--->getNextPollTime()J
05-14 15:55:23.588 10813 10813 D M_InsDal: Lcom/fsck/k9/K9;--->isDebug()Z
05-14 15:55:23.588 10813 10813 D M_InsDal: Lcom/fsck/k9/service/MailService;--->isSyncDisabled()Z
05-14 15:55:23.588 10813 10813 D M_InsDal: Lcom/fsck/k9/service/MailService;--->onDestroy()V
05-14 15:55:23.588 10813 10813 D M_InsDal: Lcom/fsck/k9/service/CoreService;--->onDestroy()V
05-14 15:55:23.588 10813 10813 D M_InsDal: Lcom/fsck/k9/service/BootReceiver;---><init>()V
05-14 15:55:23.588 10813 10813 D M_InsDal: Lcom/fsck/k9/service/CoreReceiver;---><init>()V
05-14 15:55:23.588 10813 10813 D M_InsDal: Lcom/fsck/k9/service/CoreReceiver;--->onReceive(Landroid/content/Context;Landroid/content/Intent;)V
05-14 15:55:23.588 10813 10813 D M_InsDal: Lcom/fsck/k9/service/CoreReceiver;--->getWakeLock(Landroid/content/Context;)Ljava/lang/Integer;
05-14 15:55:23.588 10813 10813 D M_InsDal: Lcom/fsck/k9/mail/power/TracingPowerManager;--->getPowerManager(Landroid/content/Context;)Lcom/fsck/k9/mail/power/TracingPowerManager;
05-14 15:55:23.588 10813 10813 D M_InsDal: Lcom/fsck/k9/mail/power/TracingPowerManager;--->newWakeLock(ILjava/lang/String;)Lcom/fsck/k9/mail/power/TracingPowerManager$TracingWakeLock;
05-14 15:55:23.588 10813 10813 D M_InsDal: Lcom/fsck/k9/mail/power/TracingPowerManager$TracingWakeLock;---><init>(Lcom/fsck/k9/mail/power/TracingPowerManager;ILjava/lang/String;)V
05-14 15:55:23.588 10813 10813 D M_InsDal: Lcom/fsck/k9/mail/K9MailLib;--->isDebug()Z
05-14 15:55:23.588 10813 10813 D M_InsDal: Lcom/fsck/k9/K9$2;--->enabled()Z
05-14 15:55:23.588 10813 10813 D M_InsDal: Lcom/fsck/k9/mail/power/TracingPowerManager$TracingWakeLock;--->setReferenceCounted(Z)V
05-14 15:55:23.588 10813 10813 D M_InsDal: Lcom/fsck/k9/mail/power/TracingPowerManager$TracingWakeLock;--->acquire(J)V
05-14 15:55:23.589 10813 10813 D M_InsDal: Lcom/fsck/k9/mail/K9MailLib;--->isDebug()Z
05-14 15:55:23.589 10813 10813 D M_InsDal: Lcom/fsck/k9/K9$2;--->enabled()Z
05-14 15:55:23.589 10813 10813 D M_InsDal: Lcom/fsck/k9/mail/power/TracingPowerManager$TracingWakeLock;--->raiseNotification()V
05-14 15:55:23.589 10813 10813 D M_InsDal: Lcom/fsck/k9/service/BootReceiver;--->receive(Landroid/content/Context;Landroid/content/Intent;Ljava/lang/Integer;)Ljava/lang/Integer;
05-14 15:55:23.589 10813 10813 D M_InsDal: Lcom/fsck/k9/service/BootReceiver;--->buildPendingIntent(Landroid/content/Context;Landroid/content/Intent;)Landroid/app/PendingIntent;
05-14 15:55:23.590 10813 10813 D M_InsDal: Lcom/fsck/k9/helper/K9AlarmManager;--->getAlarmManager(Landroid/content/Context;)Lcom/fsck/k9/helper/K9AlarmManager;
05-14 15:55:23.590 10813 10813 D M_InsDal: Lcom/fsck/k9/power/DozeChecker;---><init>(Landroid/content/Context;)V
05-14 15:55:23.590 10813 10813 D M_InsDal: Lcom/fsck/k9/helper/K9AlarmManager;---><init>(Landroid/app/AlarmManager;Lcom/fsck/k9/power/DozeChecker;)V
05-14 15:55:23.590 10813 10813 D M_InsDal: Lcom/fsck/k9/helper/K9AlarmManager;--->set(IJLandroid/app/PendingIntent;)V
05-14 15:55:23.590 10813 10813 D M_InsDal: Lcom/fsck/k9/power/DozeChecker;--->isDeviceIdleModeSupported()Z
05-14 15:55:23.590 10813 10813 D M_InsDal: Lcom/fsck/k9/power/DozeChecker;--->isAppWhitelisted()Z
05-14 15:55:23.591 10813 10813 D M_InsDal: Lcom/fsck/k9/service/CoreReceiver;--->releaseWakeLock(Ljava/lang/Integer;)V
05-14 15:55:23.591 10813 10813 D M_InsDal: Lcom/fsck/k9/mail/power/TracingPowerManager$TracingWakeLock;--->release()V
05-14 15:55:23.591 10813 10813 D M_InsDal: Lcom/fsck/k9/mail/K9MailLib;--->isDebug()Z
05-14 15:55:23.591 10813 10813 D M_InsDal: Lcom/fsck/k9/K9$2;--->enabled()Z
05-14 15:55:23.591 10813 10813 D M_InsDal: Lcom/fsck/k9/mail/power/TracingPowerManager$TracingWakeLock;--->cancelNotification()V
05-14 15:55:30.411 10813 10841 D M_InsDal: Lcom/fsck/k9/mail/store/imap/ImapConnection;--->configureSocket()V
05-14 15:55:30.411 10813 10841 D M_InsDal: Lcom/fsck/k9/mail/store/imap/ImapConnection;--->setUpStreamsAndParserFromSocket()V
05-14 15:55:30.414 10813 10842 D M_InsDal: Lcom/fsck/k9/mail/store/imap/ImapConnection;--->configureSocket()V
05-14 15:55:30.414 10813 10842 D M_InsDal: Lcom/fsck/k9/mail/store/imap/ImapConnection;--->setUpStreamsAndParserFromSocket()V
05-14 15:55:30.442 10813 10842 D M_InsDal: Lcom/fsck/k9/mail/ssl/TrustManagerFactory$SecureX509TrustManager;--->checkServerTrusted([Ljava/security/cert/X509Certificate;Ljava/lang/String;)V
05-14 15:55:30.443 10813 10841 D M_InsDal: Lcom/fsck/k9/mail/ssl/TrustManagerFactory$SecureX509TrustManager;--->checkServerTrusted([Ljava/security/cert/X509Certificate;Ljava/lang/String;)V
05-14 15:55:30.467 10813 10842 D M_InsDal: Lcom/fsck/k9/mail/store/imap/ImapConnection;--->setUpStreamsAndParser(Ljava/io/InputStream;Ljava/io/OutputStream;)V
05-14 15:55:30.468 10813 10842 D M_InsDal: Lcom/fsck/k9/mail/filter/PeekableInputStream;---><init>(Ljava/io/InputStream;)V
05-14 15:55:30.468 10813 10842 D M_InsDal: Lcom/fsck/k9/mail/store/imap/ImapResponseParser;---><init>(Lcom/fsck/k9/mail/filter/PeekableInputStream;)V
05-14 15:55:30.468 10813 10842 D M_InsDal: Lcom/fsck/k9/mail/store/imap/ImapConnection;--->readInitialResponse()V
05-14 15:55:30.468 10813 10842 D M_InsDal: Lcom/fsck/k9/mail/store/imap/ImapResponseParser;--->readResponse()Lcom/fsck/k9/mail/store/imap/ImapResponse;
05-14 15:55:30.468 10813 10842 D M_InsDal: Lcom/fsck/k9/mail/store/imap/ImapResponseParser;--->readResponse(Lcom/fsck/k9/mail/store/imap/ImapResponseCallback;)Lcom/fsck/k9/mail/store/imap/ImapResponse;
05-14 15:55:30.468 10813 10842 D M_InsDal: Lcom/fsck/k9/mail/filter/PeekableInputStream;--->peek()I
05-14 15:55:30.472 10813 10841 D M_InsDal: Lcom/fsck/k9/mail/store/imap/ImapConnection;--->setUpStreamsAndParser(Ljava/io/InputStream;Ljava/io/OutputStream;)V
05-14 15:55:30.472 10813 10841 D M_InsDal: Lcom/fsck/k9/mail/filter/PeekableInputStream;---><init>(Ljava/io/InputStream;)V
05-14 15:55:30.472 10813 10841 D M_InsDal: Lcom/fsck/k9/mail/store/imap/ImapResponseParser;---><init>(Lcom/fsck/k9/mail/filter/PeekableInputStream;)V
05-14 15:55:30.472 10813 10841 D M_InsDal: Lcom/fsck/k9/mail/store/imap/ImapConnection;--->readInitialResponse()V
05-14 15:55:30.472 10813 10841 D M_InsDal: Lcom/fsck/k9/mail/store/imap/ImapResponseParser;--->readResponse()Lcom/fsck/k9/mail/store/imap/ImapResponse;
05-14 15:55:30.472 10813 10841 D M_InsDal: Lcom/fsck/k9/mail/store/imap/ImapResponseParser;--->readResponse(Lcom/fsck/k9/mail/store/imap/ImapResponseCallback;)Lcom/fsck/k9/mail/store/imap/ImapResponse;
05-14 15:55:30.472 10813 10841 D M_InsDal: Lcom/fsck/k9/mail/filter/PeekableInputStream;--->peek()I
05-14 15:55:30.473 10813 10841 D M_InsDal: Lcom/fsck/k9/mail/store/imap/ImapResponseParser;--->readUntaggedResponse(Lcom/fsck/k9/mail/store/imap/ImapResponseCallback;)V
05-14 15:55:30.473 10813 10841 D M_InsDal: Lcom/fsck/k9/mail/store/imap/ImapResponseParser;--->parseUntaggedResponse()V
05-14 15:55:30.473 10813 10841 D M_InsDal: Lcom/fsck/k9/mail/store/imap/ImapResponseParser;--->expect(C)V
05-14 15:55:30.473 10813 10841 D M_InsDal: Lcom/fsck/k9/mail/filter/PeekableInputStream;--->read()I
05-14 15:55:30.473 10813 10841 D M_InsDal: Lcom/fsck/k9/mail/store/imap/ImapResponseParser;--->expect(C)V
05-14 15:55:30.473 10813 10841 D M_InsDal: Lcom/fsck/k9/mail/filter/PeekableInputStream;--->read()I
05-14 15:55:30.473 10813 10842 D M_InsDal: Lcom/fsck/k9/mail/store/imap/ImapResponseParser;--->readUntaggedResponse(Lcom/fsck/k9/mail/store/imap/ImapResponseCallback;)V
05-14 15:55:30.473 10813 10842 D M_InsDal: Lcom/fsck/k9/mail/store/imap/ImapResponseParser;--->parseUntaggedResponse()V
05-14 15:55:30.473 10813 10842 D M_InsDal: Lcom/fsck/k9/mail/store/imap/ImapResponseParser;--->expect(C)V
05-14 15:55:30.473 10813 10842 D M_InsDal: Lcom/fsck/k9/mail/filter/PeekableInputStream;--->read()I
05-14 15:55:30.473 10813 10842 D M_InsDal: Lcom/fsck/k9/mail/store/imap/ImapResponseParser;--->expect(C)V
05-14 15:55:30.473 10813 10842 D M_InsDal: Lcom/fsck/k9/mail/filter/PeekableInputStream;--->read()I
05-14 15:55:30.473 10813 10841 D M_InsDal: Lcom/fsck/k9/mail/store/imap/ImapList;---><clinit>()V
05-14 15:55:30.473 10813 10841 D M_InsDal: Lcom/fsck/k9/mail/store/imap/ImapResponse;--->newUntaggedResponse(Lcom/fsck/k9/mail/store/imap/ImapResponseCallback;)Lcom/fsck/k9/mail/store/imap/ImapResponse;
05-14 15:55:30.473 10813 10841 D M_InsDal: Lcom/fsck/k9/mail/store/imap/ImapResponse;---><init>(Lcom/fsck/k9/mail/store/imap/ImapResponseCallback;ZLjava/lang/String;)V
05-14 15:55:30.473 10813 10841 D M_InsDal: Lcom/fsck/k9/mail/store/imap/ImapList;---><init>()V
05-14 15:55:30.473 10813 10841 D M_InsDal: Lcom/fsck/k9/mail/store/imap/ImapResponseParser;--->readTokens(Lcom/fsck/k9/mail/store/imap/ImapResponse;)V
05-14 15:55:30.473 10813 10841 D M_InsDal: Lcom/fsck/k9/mail/store/imap/ImapResponseParser;--->readToken(Lcom/fsck/k9/mail/store/imap/ImapResponse;)Ljava/lang/Object;
05-14 15:55:30.473 10813 10842 D M_InsDal: Lcom/fsck/k9/mail/store/imap/ImapResponse;--->newUntaggedResponse(Lcom/fsck/k9/mail/store/imap/ImapResponseCallback;)Lcom/fsck/k9/mail/store/imap/ImapResponse;
05-14 15:55:30.473 10813 10841 D M_InsDal: Lcom/fsck/k9/mail/store/imap/ImapResponseParser;--->parseToken(Lcom/fsck/k9/mail/store/imap/ImapList;)Ljava/lang/Object;
05-14 15:55:30.473 10813 10842 D M_InsDal: Lcom/fsck/k9/mail/store/imap/ImapResponse;---><init>(Lcom/fsck/k9/mail/store/imap/ImapResponseCallback;ZLjava/lang/String;)V
05-14 15:55:30.473 10813 10841 D M_InsDal: Lcom/fsck/k9/mail/filter/PeekableInputStream;--->peek()I
05-14 15:55:30.473 10813 10842 D M_InsDal: Lcom/fsck/k9/mail/store/imap/ImapList;---><init>()V
05-14 15:55:30.473 10813 10842 D M_InsDal: Lcom/fsck/k9/mail/store/imap/ImapResponseParser;--->readTokens(Lcom/fsck/k9/mail/store/imap/ImapResponse;)V
05-14 15:55:30.473 10813 10841 D M_InsDal: Lcom/fsck/k9/mail/store/imap/ImapResponseParser;--->parseBareString(Z)Ljava/lang/String;
05-14 15:55:30.473 10813 10842 D M_InsDal: Lcom/fsck/k9/mail/store/imap/ImapResponseParser;--->readToken(Lcom/fsck/k9/mail/store/imap/ImapResponse;)Ljava/lang/Object;
05-14 15:55:30.473 10813 10841 D M_InsDal: Lcom/fsck/k9/mail/filter/PeekableInputStream;--->peek()I
05-14 15:55:30.473 10813 10841 D M_InsDal: Lcom/fsck/k9/mail/filter/PeekableInputStream;--->read()I
05-14 15:55:30.473 10813 10842 D M_InsDal: Lcom/fsck/k9/mail/store/imap/ImapResponseParser;--->parseToken(Lcom/fsck/k9/mail/store/imap/ImapList;)Ljava/lang/Object;
05-14 15:55:30.473 10813 10841 D M_InsDal: Lcom/fsck/k9/mail/filter/PeekableInputStream;--->peek()I
05-14 15:55:30.473 10813 10842 D M_InsDal: Lcom/fsck/k9/mail/filter/PeekableInputStream;--->peek()I
05-14 15:55:30.473 10813 10841 D M_InsDal: Lcom/fsck/k9/mail/filter/PeekableInputStream;--->read()I
05-14 15:55:30.473 10813 10842 D M_InsDal: Lcom/fsck/k9/mail/store/imap/ImapResponseParser;--->parseBareString(Z)Ljava/lang/String;
05-14 15:55:30.473 10813 10841 D M_InsDal: Lcom/fsck/k9/mail/filter/PeekableInputStream;--->peek()I
05-14 15:55:30.473 10813 10842 D M_InsDal: Lcom/fsck/k9/mail/filter/PeekableInputStream;--->peek()I
05-14 15:55:30.473 10813 10842 D M_InsDal: Lcom/fsck/k9/mail/filter/PeekableInputStream;--->read()I
05-14 15:55:30.473 10813 10842 D M_InsDal: Lcom/fsck/k9/mail/filter/PeekableInputStream;--->peek()I
05-14 15:55:30.473 10813 10842 D M_InsDal: Lcom/fsck/k9/mail/filter/PeekableInputStream;--->read()I
05-14 15:55:30.473 10813 10842 D M_InsDal: Lcom/fsck/k9/mail/filter/PeekableInputStream;--->peek()I
05-14 15:55:30.473 10813 10841 D M_InsDal: Lcom/fsck/k9/mail/store/imap/ImapResponseParser;--->checkTokenIsString(Ljava/lang/Object;)V
05-14 15:55:30.473 10813 10842 D M_InsDal: Lcom/fsck/k9/mail/store/imap/ImapResponseParser;--->checkTokenIsString(Ljava/lang/Object;)V
05-14 15:55:30.473 10813 10841 D M_InsDal: Lcom/fsck/k9/mail/store/imap/ImapResponseParser;--->isStatusResponse(Ljava/lang/String;)Z
05-14 15:55:30.473 10813 10842 D M_InsDal: Lcom/fsck/k9/mail/store/imap/ImapResponseParser;--->isStatusResponse(Ljava/lang/String;)Z
05-14 15:55:30.473 10813 10842 D M_InsDal: Lcom/fsck/k9/mail/store/imap/ImapResponseParser;--->parseResponseText(Lcom/fsck/k9/mail/store/imap/ImapResponse;)V
05-14 15:55:30.473 10813 10841 D M_InsDal: Lcom/fsck/k9/mail/store/imap/ImapResponseParser;--->parseResponseText(Lcom/fsck/k9/mail/store/imap/ImapResponse;)V
05-14 15:55:30.473 10813 10842 D M_InsDal: Lcom/fsck/k9/mail/store/imap/ImapResponseParser;--->skipIfSpace()V
05-14 15:55:30.473 10813 10841 D M_InsDal: Lcom/fsck/k9/mail/store/imap/ImapResponseParser;--->skipIfSpace()V
05-14 15:55:30.473 10813 10841 D M_InsDal: Lcom/fsck/k9/mail/filter/PeekableInputStream;--->peek()I
05-14 15:55:30.473 10813 10842 D M_InsDal: Lcom/fsck/k9/mail/filter/PeekableInputStream;--->peek()I
05-14 15:55:30.473 10813 10841 D M_InsDal: Lcom/fsck/k9/mail/store/imap/ImapResponseParser;--->expect(C)V
05-14 15:55:30.473 10813 10842 D M_InsDal: Lcom/fsck/k9/mail/store/imap/ImapResponseParser;--->expect(C)V
05-14 15:55:30.473 10813 10841 D M_InsDal: Lcom/fsck/k9/mail/filter/PeekableInputStream;--->read()I
05-14 15:55:30.473 10813 10842 D M_InsDal: Lcom/fsck/k9/mail/filter/PeekableInputStream;--->read()I
05-14 15:55:30.473 10813 10841 D M_InsDal: Lcom/fsck/k9/mail/filter/PeekableInputStream;--->peek()I
05-14 15:55:30.473 10813 10842 D M_InsDal: Lcom/fsck/k9/mail/filter/PeekableInputStream;--->peek()I
05-14 15:55:30.473 10813 10841 D M_InsDal: Lcom/fsck/k9/mail/store/imap/ImapResponseParser;--->parseList(Lcom/fsck/k9/mail/store/imap/ImapList;CC)Lcom/fsck/k9/mail/store/imap/ImapList;
05-14 15:55:30.473 10813 10842 D M_InsDal: Lcom/fsck/k9/mail/store/imap/ImapResponseParser;--->parseList(Lcom/fsck/k9/mail/store/imap/ImapList;CC)Lcom/fsck/k9/mail/store/imap/ImapList;
05-14 15:55:30.473 10813 10841 D M_InsDal: Lcom/fsck/k9/mail/store/imap/ImapResponseParser;--->expect(C)V
05-14 15:55:30.473 10813 10842 D M_InsDal: Lcom/fsck/k9/mail/store/imap/ImapResponseParser;--->expect(C)V
05-14 15:55:30.473 10813 10841 D M_InsDal: Lcom/fsck/k9/mail/filter/PeekableInputStream;--->read()I
05-14 15:55:30.473 10813 10842 D M_InsDal: Lcom/fsck/k9/mail/filter/PeekableInputStream;--->read()I
05-14 15:55:30.473 10813 10841 D M_InsDal: Lcom/fsck/k9/mail/store/imap/ImapList;---><init>()V
05-14 15:55:30.473 10813 10842 D M_InsDal: Lcom/fsck/k9/mail/store/imap/ImapList;---><init>()V
05-14 15:55:30.473 10813 10842 D M_InsDal: Lcom/fsck/k9/mail/store/imap/ImapResponseParser;--->parseToken(Lcom/fsck/k9/mail/store/imap/ImapList;)Ljava/lang/Object;
05-14 15:55:30.473 10813 10841 D M_InsDal: Lcom/fsck/k9/mail/store/imap/ImapResponseParser;--->parseToken(Lcom/fsck/k9/mail/store/imap/ImapList;)Ljava/lang/Object;
05-14 15:55:30.473 10813 10841 D M_InsDal: Lcom/fsck/k9/mail/filter/PeekableInputStream;--->peek()I
05-14 15:55:30.473 10813 10842 D M_InsDal: Lcom/fsck/k9/mail/filter/PeekableInputStream;--->peek()I
05-14 15:55:30.473 10813 10841 D M_InsDal: Lcom/fsck/k9/mail/store/imap/ImapResponseParser;--->parseBareString(Z)Ljava/lang/String;
05-14 15:55:30.473 10813 10842 D M_InsDal: Lcom/fsck/k9/mail/store/imap/ImapResponseParser;--->parseBareString(Z)Ljava/lang/String;
05-14 15:55:30.473 10813 10842 D M_InsDal: Lcom/fsck/k9/mail/filter/PeekableInputStream;--->peek()I
05-14 15:55:30.473 10813 10842 D M_InsDal: Lcom/fsck/k9/mail/filter/PeekableInputStream;--->read()I
05-14 15:55:30.473 10813 10841 D M_InsDal: Lcom/fsck/k9/mail/filter/PeekableInputStream;--->peek()I
05-14 15:55:30.473 10813 10842 D M_InsDal: Lcom/fsck/k9/mail/filter/PeekableInputStream;--->peek()I
05-14 15:55:30.473 10813 10841 D M_InsDal: Lcom/fsck/k9/mail/filter/PeekableInputStream;--->read()I
05-14 15:55:30.473 10813 10842 D M_InsDal: Lcom/fsck/k9/mail/filter/PeekableInputStream;--->read()I
05-14 15:55:30.473 10813 10841 D M_InsDal: Lcom/fsck/k9/mail/filter/PeekableInputStream;--->peek()I
05-14 15:55:30.474 10813 10842 D M_InsDal: Lcom/fsck/k9/mail/filter/PeekableInputStream;--->peek()I
05-14 15:55:30.474 10813 10841 D M_InsDal: Lcom/fsck/k9/mail/filter/PeekableInputStream;--->read()I
05-14 15:55:30.474 10813 10842 D M_InsDal: Lcom/fsck/k9/mail/filter/PeekableInputStream;--->read()I
05-14 15:55:30.474 10813 10841 D M_InsDal: Lcom/fsck/k9/mail/filter/PeekableInputStream;--->peek()I
05-14 15:55:30.474 10813 10842 D M_InsDal: Lcom/fsck/k9/mail/filter/PeekableInputStream;--->peek()I
05-14 15:55:30.474 10813 10841 D M_InsDal: Lcom/fsck/k9/mail/filter/PeekableInputStream;--->read()I
05-14 15:55:30.474 10813 10842 D M_InsDal: Lcom/fsck/k9/mail/filter/PeekableInputStream;--->read()I
05-14 15:55:30.474 10813 10841 D M_InsDal: Lcom/fsck/k9/mail/filter/PeekableInputStream;--->peek()I
05-14 15:55:30.474 10813 10842 D M_InsDal: Lcom/fsck/k9/mail/filter/PeekableInputStream;--->peek()I
05-14 15:55:30.474 10813 10841 D M_InsDal: Lcom/fsck/k9/mail/filter/PeekableInputStream;--->read()I
05-14 15:55:30.474 10813 10842 D M_InsDal: Lcom/fsck/k9/mail/filter/PeekableInputStream;--->read()I
05-14 15:55:30.474 10813 10841 D M_InsDal: Lcom/fsck/k9/mail/filter/PeekableInputStream;--->peek()I
05-14 15:55:30.474 10813 10842 D M_InsDal: Lcom/fsck/k9/mail/filter/PeekableInputStream;--->peek()I
05-14 15:55:30.474 10813 10841 D M_InsDal: Lcom/fsck/k9/mail/filter/PeekableInputStream;--->read()I
05-14 15:55:30.474 10813 10842 D M_InsDal: Lcom/fsck/k9/mail/filter/PeekableInputStream;--->read()I
05-14 15:55:30.474 10813 10841 D M_InsDal: Lcom/fsck/k9/mail/filter/PeekableInputStream;--->peek()I
05-14 15:55:30.474 10813 10842 D M_InsDal: Lcom/fsck/k9/mail/filter/PeekableInputStream;--->peek()I
05-14 15:55:30.474 10813 10841 D M_InsDal: Lcom/fsck/k9/mail/filter/PeekableInputStream;--->read()I
05-14 15:55:30.474 10813 10842 D M_InsDal: Lcom/fsck/k9/mail/filter/PeekableInputStream;--->read()I
05-14 15:55:30.474 10813 10841 D M_InsDal: Lcom/fsck/k9/mail/filter/PeekableInputStream;--->peek()I
05-14 15:55:30.474 10813 10842 D M_InsDal: Lcom/fsck/k9/mail/filter/PeekableInputStream;--->peek()I
05-14 15:55:30.474 10813 10841 D M_InsDal: Lcom/fsck/k9/mail/filter/PeekableInputStream;--->read()I
05-14 15:55:30.474 10813 10842 D M_InsDal: Lcom/fsck/k9/mail/filter/PeekableInputStream;--->read()I
05-14 15:55:30.474 10813 10841 D M_InsDal: Lcom/fsck/k9/mail/filter/PeekableInputStream;--->peek()I
05-14 15:55:30.474 10813 10842 D M_InsDal: Lcom/fsck/k9/mail/filter/PeekableInputStream;--->peek()I
05-14 15:55:30.474 10813 10841 D M_InsDal: Lcom/fsck/k9/mail/filter/PeekableInputStream;--->read()I
05-14 15:55:30.474 10813 10842 D M_InsDal: Lcom/fsck/k9/mail/filter/PeekableInputStream;--->read()I
05-14 15:55:30.474 10813 10841 D M_InsDal: Lcom/fsck/k9/mail/filter/PeekableInputStream;--->peek()I
05-14 15:55:30.474 10813 10842 D M_InsDal: Lcom/fsck/k9/mail/filter/PeekableInputStream;--->peek()I
05-14 15:55:30.474 10813 10841 D M_InsDal: Lcom/fsck/k9/mail/filter/PeekableInputStream;--->read()I
05-14 15:55:30.474 10813 10842 D M_InsDal: Lcom/fsck/k9/mail/filter/PeekableInputStream;--->read()I
05-14 15:55:30.474 10813 10841 D M_InsDal: Lcom/fsck/k9/mail/filter/PeekableInputStream;--->peek()I
05-14 15:55:30.474 10813 10842 D M_InsDal: Lcom/fsck/k9/mail/filter/PeekableInputStream;--->peek()I
05-14 15:55:30.474 10813 10841 D M_InsDal: Lcom/fsck/k9/mail/filter/PeekableInputStream;--->read()I
05-14 15:55:30.474 10813 10842 D M_InsDal: Lcom/fsck/k9/mail/store/imap/ImapResponseParser;--->parseToken(Lcom/fsck/k9/mail/store/imap/ImapList;)Ljava/lang/Object;
05-14 15:55:30.474 10813 10841 D M_InsDal: Lcom/fsck/k9/mail/filter/PeekableInputStream;--->peek()I
05-14 15:55:30.474 10813 10842 D M_InsDal: Lcom/fsck/k9/mail/filter/PeekableInputStream;--->peek()I
05-14 15:55:30.474 10813 10842 D M_InsDal: Lcom/fsck/k9/mail/store/imap/ImapResponseParser;--->expect(C)V
05-14 15:55:30.474 10813 10842 D M_InsDal: Lcom/fsck/k9/mail/filter/PeekableInputStream;--->read()I
05-14 15:55:30.474 10813 10841 D M_InsDal: Lcom/fsck/k9/mail/store/imap/ImapResponseParser;--->parseToken(Lcom/fsck/k9/mail/store/imap/ImapList;)Ljava/lang/Object;
05-14 15:55:30.474 10813 10841 D M_InsDal: Lcom/fsck/k9/mail/filter/PeekableInputStream;--->peek()I
05-14 15:55:30.474 10813 10842 D M_InsDal: Lcom/fsck/k9/mail/filter/PeekableInputStream;--->peek()I
05-14 15:55:30.474 10813 10841 D M_InsDal: Lcom/fsck/k9/mail/store/imap/ImapResponseParser;--->expect(C)V
05-14 15:55:30.474 10813 10842 D M_InsDal: Lcom/fsck/k9/mail/store/imap/ImapResponseParser;--->parseBareString(Z)Ljava/lang/String;
05-14 15:55:30.474 10813 10841 D M_InsDal: Lcom/fsck/k9/mail/filter/PeekableInputStream;--->read()I
05-14 15:55:30.474 10813 10842 D M_InsDal: Lcom/fsck/k9/mail/filter/PeekableInputStream;--->peek()I
05-14 15:55:30.474 10813 10841 D M_InsDal: Lcom/fsck/k9/mail/filter/PeekableInputStream;--->peek()I
05-14 15:55:30.474 10813 10842 D M_InsDal: Lcom/fsck/k9/mail/filter/PeekableInputStream;--->read()I
05-14 15:55:30.474 10813 10841 D M_InsDal: Lcom/fsck/k9/mail/store/imap/ImapResponseParser;--->parseBareString(Z)Ljava/lang/String;
05-14 15:55:30.474 10813 10842 D M_InsDal: Lcom/fsck/k9/mail/filter/PeekableInputStream;--->peek()I
05-14 15:55:30.474 10813 10841 D M_InsDal: Lcom/fsck/k9/mail/filter/PeekableInputStream;--->peek()I
05-14 15:55:30.474 10813 10842 D M_InsDal: Lcom/fsck/k9/mail/filter/PeekableInputStream;--->read()I
05-14 15:55:30.474 10813 10841 D M_InsDal: Lcom/fsck/k9/mail/filter/PeekableInputStream;--->read()I
05-14 15:55:30.474 10813 10842 D M_InsDal: Lcom/fsck/k9/mail/filter/PeekableInputStream;--->peek()I
05-14 15:55:30.474 10813 10841 D M_InsDal: Lcom/fsck/k9/mail/filter/PeekableInputStream;--->peek()I
05-14 15:55:30.474 10813 10842 D M_InsDal: Lcom/fsck/k9/mail/filter/PeekableInputStream;--->read()I
05-14 15:55:30.474 10813 10842 D M_InsDal: Lcom/fsck/k9/mail/filter/PeekableInputStream;--->peek()I
05-14 15:55:30.474 10813 10841 D M_InsDal: Lcom/fsck/k9/mail/filter/PeekableInputStream;--->read()I
05-14 15:55:30.474 10813 10842 D M_InsDal: Lcom/fsck/k9/mail/filter/PeekableInputStream;--->read()I
05-14 15:55:30.474 10813 10841 D M_InsDal: Lcom/fsck/k9/mail/filter/PeekableInputStream;--->peek()I
05-14 15:55:30.474 10813 10842 D M_InsDal: Lcom/fsck/k9/mail/filter/PeekableInputStream;--->peek()I
05-14 15:55:30.474 10813 10841 D M_InsDal: Lcom/fsck/k9/mail/filter/PeekableInputStream;--->read()I
05-14 15:55:30.474 10813 10842 D M_InsDal: Lcom/fsck/k9/mail/filter/PeekableInputStream;--->read()I
05-14 15:55:30.474 10813 10841 D M_InsDal: Lcom/fsck/k9/mail/filter/PeekableInputStream;--->peek()I
05-14 15:55:30.474 10813 10842 D M_InsDal: Lcom/fsck/k9/mail/filter/PeekableInputStream;--->peek()I
