05-14 15:55:23.380 10813 10841 D M_InsDal: Lcom/fsck/k9/mail/store/imap/FolderNameCodec;--->encode(Ljava/lang/String;)Ljava/lang/String;
05-14 15:55:23.381 10813 10842 D M_InsDal: Lcom/fsck/k9/mailstore/LocalFolder;--->open(Landroid/database/Cursor;)V
05-14 15:55:23.381 10813 10842 D M_InsDal: Lcom/fsck/k9/mail/Folder;--->setStatus(Ljava/lang/String;)V
05-14 15:55:23.381 10813 10842 D M_InsDal: Lcom/fsck/k9/mail/Folder;--->setLastChecked(J)V
05-14 15:55:23.381 10813 10842 D M_InsDal: Lcom/fsck/k9/mail/Folder;--->setLastPush(J)V
05-14 15:55:23.381 10813 10842 D M_InsDal: Lcom/fsck/k9/mail/Folder$FolderClass;--->valueOf(Ljava/lang/String;)Lcom/fsck/k9/mail/Folder$FolderClass;
05-14 15:55:23.381 10813 10842 D M_InsDal: Lcom/fsck/k9/mail/Folder$FolderClass;--->valueOf(Ljava/lang/String;)Lcom/fsck/k9/mail/Folder$FolderClass;
05-14 15:55:23.381 10813 10842 D M_InsDal: Lcom/fsck/k9/mailstore/LocalFolder$MoreMessages;--->fromDatabaseName(Ljava/lang/String;)Lcom/fsck/k9/mailstore/LocalFolder$MoreMessages;
05-14 15:55:23.381 10813 10842 D M_InsDal: Lcom/fsck/k9/mailstore/LocalFolder$MoreMessages;--->values()[Lcom/fsck/k9/mailstore/LocalFolder$MoreMessages;
05-14 15:55:23.381 10813 10842 D M_InsDal: Lcom/fsck/k9/helper/Utility;--->closeQuietly(Landroid/database/Cursor;)V
05-14 15:55:23.381 10813 10842 D M_InsDal: Lcom/fsck/k9/mailstore/LockableDatabase;--->unlockRead()V
05-14 15:55:23.381 10813 10842 D M_InsDal: Lcom/fsck/k9/mailstore/LockableDatabase;--->getStorageManager()Lcom/fsck/k9/mailstore/StorageManager;
05-14 15:55:23.381 10813 10842 D M_InsDal: Lcom/fsck/k9/mailstore/StorageManager;--->getInstance(Landroid/content/Context;)Lcom/fsck/k9/mailstore/StorageManager;
05-14 15:55:23.381 10813 10842 D M_InsDal: Lcom/fsck/k9/mailstore/StorageManager;--->unlockProvider(Ljava/lang/String;)V
05-14 15:55:23.381 10813 10842 D M_InsDal: Lcom/fsck/k9/mailstore/StorageManager;--->getProvider(Ljava/lang/String;)Lcom/fsck/k9/mailstore/StorageManager$StorageProvider;
05-14 15:55:23.381 10813 10842 D M_InsDal: Lcom/fsck/k9/mailstore/LocalFolder;--->getPushState()Ljava/lang/String;
05-14 15:55:23.381 10813 10842 D M_InsDal: Lcom/fsck/k9/mailstore/LocalFolder;--->close()V
05-14 15:55:23.381 10813 10842 D M_InsDal: Lcom/fsck/k9/mail/store/imap/ImapPushState;--->parse(Ljava/lang/String;)Lcom/fsck/k9/mail/store/imap/ImapPushState;
05-14 15:55:23.381 10813 10842 D M_InsDal: Lcom/fsck/k9/mail/store/imap/ImapPushState;--->createDefaultImapPushState()Lcom/fsck/k9/mail/store/imap/ImapPushState;
05-14 15:55:23.381 10813 10842 D M_InsDal: Lcom/fsck/k9/mail/store/imap/ImapPushState;---><init>(J)V
05-14 15:55:23.381 10813 10842 D M_InsDal: Lcom/fsck/k9/mail/K9MailLib;--->isDebug()Z
05-14 15:55:23.381 10813 10842 D M_InsDal: Lcom/fsck/k9/K9$2;--->enabled()Z
05-14 15:55:23.381 10813 10842 D M_InsDal: Lcom/fsck/k9/mail/store/imap/ImapFolderPusher$PushRunnable;--->openConnectionIfNecessary()Z
05-14 15:55:23.381 10813 10842 D M_InsDal: Lcom/fsck/k9/mail/store/imap/ImapFolder;--->internalOpen(I)Ljava/util/List;
05-14 15:55:23.381 10813 10842 D M_InsDal: Lcom/fsck/k9/mail/store/imap/ImapFolder;--->isOpen()Z
05-14 15:55:23.381 10813 10842 D M_InsDal: Lcom/fsck/k9/mail/store/imap/ImapStore;--->releaseConnection(Lcom/fsck/k9/mail/store/imap/ImapConnection;)V
05-14 15:55:23.381 10813 10842 D M_InsDal: Lcom/fsck/k9/mail/store/imap/ImapStore;--->getConnection()Lcom/fsck/k9/mail/store/imap/ImapConnection;
05-14 15:55:23.381 10813 10842 D M_InsDal: Lcom/fsck/k9/mail/store/imap/ImapStore;--->pollConnection()Lcom/fsck/k9/mail/store/imap/ImapConnection;
05-14 15:55:23.381 10813 10842 D M_InsDal: Lcom/fsck/k9/mail/store/imap/ImapStore;--->createImapConnection()Lcom/fsck/k9/mail/store/imap/ImapConnection;
05-14 15:55:23.381 10813 10842 D M_InsDal: Lcom/fsck/k9/mail/store/imap/ImapStore$StoreImapSettings;---><init>(Lcom/fsck/k9/mail/store/imap/ImapStore;)V
05-14 15:55:23.381 10813 10842 D M_InsDal: Lcom/fsck/k9/mail/store/imap/ImapConnection;---><init>(Lcom/fsck/k9/mail/store/imap/ImapSettings;Lcom/fsck/k9/mail/ssl/TrustedSocketFactory;Landroid/net/ConnectivityManager;Lcom/fsck/k9/mail/oauth/OAuth2TokenProvider;)V
05-14 15:55:23.381 10813 10842 D M_InsDal: Lcom/fsck/k9/mail/store/imap/ImapFolder;--->getPrefixedName()Ljava/lang/String;
05-14 15:55:23.381 10813 10842 D M_InsDal: Lcom/fsck/k9/mail/store/imap/ImapStore;--->getStoreConfig()Lcom/fsck/k9/mail/store/StoreConfig;
05-14 15:55:23.381 10813 10842 D M_InsDal: Lcom/fsck/k9/Account;--->getInboxFolderName()Ljava/lang/String;
05-14 15:55:23.381 10813 10842 D M_InsDal: Lcom/fsck/k9/mail/store/imap/ImapConnection;--->open()V
05-14 15:55:23.381 10813 10842 D M_InsDal: Lcom/fsck/k9/mail/store/imap/ImapConnection;--->adjustDNSCacheTTL()V
05-14 15:55:23.382 10813 10842 D M_InsDal: Lcom/fsck/k9/mail/store/imap/ImapConnection;--->connect()Ljava/net/Socket;
05-14 15:55:23.382 10813 10842 D M_InsDal: Lcom/fsck/k9/mail/store/imap/ImapStore$StoreImapSettings;--->getHost()Ljava/lang/String;
05-14 15:55:23.382 10813 10841 D M_InsDal: Lcom/fsck/k9/mail/store/imap/ImapUtility;--->encodeString(Ljava/lang/String;)Ljava/lang/String;
05-14 15:55:23.382 10813 10841 D M_InsDal: Lcom/fsck/k9/mail/store/imap/ImapFolder;--->executeSimpleCommand(Ljava/lang/String;)Ljava/util/List;
05-14 15:55:23.382 10813 10841 D M_InsDal: Lcom/fsck/k9/mail/store/imap/ImapConnection;--->executeSimpleCommand(Ljava/lang/String;)Ljava/util/List;
05-14 15:55:23.382 10813 10841 D M_InsDal: Lcom/fsck/k9/mail/store/imap/ImapConnection;--->executeSimpleCommand(Ljava/lang/String;Z)Ljava/util/List;
05-14 15:55:23.382 10813 10841 D M_InsDal: Lcom/fsck/k9/mail/store/imap/ImapConnection;--->sendCommand(Ljava/lang/String;Z)Ljava/lang/String;
05-14 15:55:23.382 10813 10841 D M_InsDal: Lcom/fsck/k9/mail/store/imap/ImapConnection;--->open()V
05-14 15:55:23.382 10813 10841 D M_InsDal: Lcom/fsck/k9/mail/store/imap/ImapConnection;--->adjustDNSCacheTTL()V
05-14 15:55:23.382 10813 10841 D M_InsDal: Lcom/fsck/k9/mail/store/imap/ImapConnection;--->connect()Ljava/net/Socket;
05-14 15:55:23.382 10813 10841 D M_InsDal: Lcom/fsck/k9/mail/store/imap/ImapStore$StoreImapSettings;--->getHost()Ljava/lang/String;
05-14 15:55:23.382 10813 10813 D M_InsDal: Lcom/fsck/k9/activity/Accounts$AccountsAdapter$AccountViewHolder;---><init>(Lcom/fsck/k9/activity/Accounts$AccountsAdapter;)V
05-14 15:55:23.382 10813 10813 D M_InsDal: Lcom/fsck/k9/search/SearchAccount;--->getUuid()Ljava/lang/String;
05-14 15:55:23.382 10813 10813 D M_InsDal: Lcom/fsck/k9/search/SearchAccount;--->getEmail()Ljava/lang/String;
05-14 15:55:23.382 10813 10813 D M_InsDal: Lcom/fsck/k9/search/SearchAccount;--->getDescription()Ljava/lang/String;
05-14 15:55:23.382 10813 10813 D M_InsDal: Lcom/fsck/k9/search/SearchAccount;--->getEmail()Ljava/lang/String;
05-14 15:55:23.382 10813 10813 D M_InsDal: Lcom/fsck/k9/search/SearchAccount;--->getDescription()Ljava/lang/String;
05-14 15:55:23.382 10813 10813 D M_InsDal: Lcom/fsck/k9/K9;--->messageListStars()Z
05-14 15:55:23.382 10813 10813 D M_InsDal: Lcom/fsck/k9/activity/Accounts$AccountsAdapter;--->createFlaggedSearchListener(Lcom/fsck/k9/BaseAccount;)Landroid/view/View$OnClickListener;
05-14 15:55:23.382 10813 10813 D M_InsDal: Lcom/fsck/k9/search/SearchAccount;--->getDescription()Ljava/lang/String;
05-14 15:55:23.383 10813 10813 D M_InsDal: Lcom/fsck/k9/search/SearchAccount;--->getRelatedSearch()Lcom/fsck/k9/search/LocalSearch;
05-14 15:55:23.383 10813 10813 D M_InsDal: Lcom/fsck/k9/search/LocalSearch;--->clone()Lcom/fsck/k9/search/LocalSearch;
05-14 15:55:23.383 10813 10813 D M_InsDal: Lcom/fsck/k9/search/ConditionsTreeNode;--->cloneTree()Lcom/fsck/k9/search/ConditionsTreeNode;
05-14 15:55:23.383 10813 10813 D M_InsDal: Lcom/fsck/k9/search/SearchSpecification$SearchCondition;--->clone()Lcom/fsck/k9/search/SearchSpecification$SearchCondition;
05-14 15:55:23.383 10813 10813 D M_InsDal: Lcom/fsck/k9/search/SearchSpecification$SearchCondition;---><init>(Lcom/fsck/k9/search/SearchSpecification$SearchField;Lcom/fsck/k9/search/SearchSpecification$Attribute;Ljava/lang/String;)V
05-14 15:55:23.383 10813 10813 D M_InsDal: Lcom/fsck/k9/search/ConditionsTreeNode;---><init>(Lcom/fsck/k9/search/SearchSpecification$SearchCondition;)V
05-14 15:55:23.383 10813 10813 D M_InsDal: Lcom/fsck/k9/search/LocalSearch;---><init>(Ljava/lang/String;Lcom/fsck/k9/search/ConditionsTreeNode;Ljava/lang/String;Z)V
05-14 15:55:23.383 10813 10813 D M_InsDal: Lcom/fsck/k9/search/LocalSearch;---><init>(Ljava/lang/String;)V
05-14 15:55:23.383 10813 10813 D M_InsDal: Lcom/fsck/k9/search/ConditionsTreeNode;--->getLeafSet()Ljava/util/Set;
05-14 15:55:23.383 10813 10813 D M_InsDal: Lcom/fsck/k9/search/ConditionsTreeNode;--->getLeafSet(Ljava/util/Set;)Ljava/util/Set;
05-14 15:55:23.383 10813 10813 D M_InsDal: Lcom/fsck/k9/search/LocalSearch;--->setName(Ljava/lang/String;)V
05-14 15:55:23.383 10813 10813 D M_InsDal: Lcom/fsck/k9/search/LocalSearch;--->and(Lcom/fsck/k9/search/SearchSpecification$SearchField;Ljava/lang/String;Lcom/fsck/k9/search/SearchSpecification$Attribute;)V
05-14 15:55:23.383 10813 10813 D M_InsDal: Lcom/fsck/k9/search/SearchSpecification$SearchCondition;---><init>(Lcom/fsck/k9/search/SearchSpecification$SearchField;Lcom/fsck/k9/search/SearchSpecification$Attribute;Ljava/lang/String;)V
05-14 15:55:23.383 10813 10813 D M_InsDal: Lcom/fsck/k9/search/LocalSearch;--->and(Lcom/fsck/k9/search/SearchSpecification$SearchCondition;)Lcom/fsck/k9/search/ConditionsTreeNode;
05-14 15:55:23.383 10813 10813 D M_InsDal: Lcom/fsck/k9/search/ConditionsTreeNode;---><init>(Lcom/fsck/k9/search/SearchSpecification$SearchCondition;)V
05-14 15:55:23.383 10813 10813 D M_InsDal: Lcom/fsck/k9/search/LocalSearch;--->and(Lcom/fsck/k9/search/ConditionsTreeNode;)Lcom/fsck/k9/search/ConditionsTreeNode;
05-14 15:55:23.383 10813 10813 D M_InsDal: Lcom/fsck/k9/search/ConditionsTreeNode;--->getLeafSet()Ljava/util/Set;
05-14 15:55:23.383 10813 10813 D M_InsDal: Lcom/fsck/k9/search/ConditionsTreeNode;--->getLeafSet(Ljava/util/Set;)Ljava/util/Set;
05-14 15:55:23.383 10813 10813 D M_InsDal: Lcom/fsck/k9/search/ConditionsTreeNode;--->and(Lcom/fsck/k9/search/ConditionsTreeNode;)Lcom/fsck/k9/search/ConditionsTreeNode;
05-14 15:55:23.383 10813 10813 D M_InsDal: Lcom/fsck/k9/search/ConditionsTreeNode;--->add(Lcom/fsck/k9/search/ConditionsTreeNode;Lcom/fsck/k9/search/ConditionsTreeNode$Operator;)Lcom/fsck/k9/search/ConditionsTreeNode;
05-14 15:55:23.383 10813 10813 D M_InsDal: Lcom/fsck/k9/search/ConditionsTreeNode;---><init>(Lcom/fsck/k9/search/ConditionsTreeNode;Lcom/fsck/k9/search/ConditionsTreeNode$Operator;)V
05-14 15:55:23.383 10813 10813 D M_InsDal: Lcom/fsck/k9/activity/Accounts$AccountClickListener;---><init>(Lcom/fsck/k9/activity/Accounts;Lcom/fsck/k9/search/LocalSearch;)V
05-14 15:55:23.383 10813 10813 D M_InsDal: Lcom/fsck/k9/activity/Accounts$AccountsAdapter;--->createUnreadSearchListener(Lcom/fsck/k9/BaseAccount;)Landroid/view/View$OnClickListener;
05-14 15:55:23.383 10813 10813 D M_InsDal: Lcom/fsck/k9/activity/Accounts;--->createUnreadSearch(Landroid/content/Context;Lcom/fsck/k9/BaseAccount;)Lcom/fsck/k9/search/LocalSearch;
05-14 15:55:23.383 10813 10813 D M_InsDal: Lcom/fsck/k9/search/SearchAccount;--->getDescription()Ljava/lang/String;
05-14 15:55:23.383 10813 10813 D M_InsDal: Lcom/fsck/k9/search/SearchAccount;--->getRelatedSearch()Lcom/fsck/k9/search/LocalSearch;
05-14 15:55:23.383 10813 10813 D M_InsDal: Lcom/fsck/k9/search/LocalSearch;--->clone()Lcom/fsck/k9/search/LocalSearch;
05-14 15:55:23.383 10813 10813 D M_InsDal: Lcom/fsck/k9/search/ConditionsTreeNode;--->cloneTree()Lcom/fsck/k9/search/ConditionsTreeNode;
05-14 15:55:23.383 10813 10813 D M_InsDal: Lcom/fsck/k9/search/SearchSpecification$SearchCondition;--->clone()Lcom/fsck/k9/search/SearchSpecification$SearchCondition;
05-14 15:55:23.383 10813 10813 D M_InsDal: Lcom/fsck/k9/search/SearchSpecification$SearchCondition;---><init>(Lcom/fsck/k9/search/SearchSpecification$SearchField;Lcom/fsck/k9/search/SearchSpecification$Attribute;Ljava/lang/String;)V
05-14 15:55:23.383 10813 10813 D M_InsDal: Lcom/fsck/k9/search/ConditionsTreeNode;---><init>(Lcom/fsck/k9/search/SearchSpecification$SearchCondition;)V
05-14 15:55:23.383 10813 10813 D M_InsDal: Lcom/fsck/k9/search/LocalSearch;---><init>(Ljava/lang/String;Lcom/fsck/k9/search/ConditionsTreeNode;Ljava/lang/String;Z)V
05-14 15:55:23.383 10813 10813 D M_InsDal: Lcom/fsck/k9/search/LocalSearch;---><init>(Ljava/lang/String;)V
05-14 15:55:23.383 10813 10813 D M_InsDal: Lcom/fsck/k9/search/ConditionsTreeNode;--->getLeafSet()Ljava/util/Set;
05-14 15:55:23.383 10813 10813 D M_InsDal: Lcom/fsck/k9/search/ConditionsTreeNode;--->getLeafSet(Ljava/util/Set;)Ljava/util/Set;
05-14 15:55:23.383 10813 10813 D M_InsDal: Lcom/fsck/k9/search/LocalSearch;--->setName(Ljava/lang/String;)V
05-14 15:55:23.383 10813 10813 D M_InsDal: Lcom/fsck/k9/search/LocalSearch;--->and(Lcom/fsck/k9/search/SearchSpecification$SearchField;Ljava/lang/String;Lcom/fsck/k9/search/SearchSpecification$Attribute;)V
05-14 15:55:23.383 10813 10813 D M_InsDal: Lcom/fsck/k9/search/SearchSpecification$SearchCondition;---><init>(Lcom/fsck/k9/search/SearchSpecification$SearchField;Lcom/fsck/k9/search/SearchSpecification$Attribute;Ljava/lang/String;)V
05-14 15:55:23.383 10813 10813 D M_InsDal: Lcom/fsck/k9/search/LocalSearch;--->and(Lcom/fsck/k9/search/SearchSpecification$SearchCondition;)Lcom/fsck/k9/search/ConditionsTreeNode;
05-14 15:55:23.383 10813 10813 D M_InsDal: Lcom/fsck/k9/search/ConditionsTreeNode;---><init>(Lcom/fsck/k9/search/SearchSpecification$SearchCondition;)V
05-14 15:55:23.383 10813 10813 D M_InsDal: Lcom/fsck/k9/search/LocalSearch;--->and(Lcom/fsck/k9/search/ConditionsTreeNode;)Lcom/fsck/k9/search/ConditionsTreeNode;
05-14 15:55:23.383 10813 10813 D M_InsDal: Lcom/fsck/k9/search/ConditionsTreeNode;--->getLeafSet()Ljava/util/Set;
05-14 15:55:23.383 10813 10813 D M_InsDal: Lcom/fsck/k9/search/ConditionsTreeNode;--->getLeafSet(Ljava/util/Set;)Ljava/util/Set;
05-14 15:55:23.383 10813 10813 D M_InsDal: Lcom/fsck/k9/search/ConditionsTreeNode;--->and(Lcom/fsck/k9/search/ConditionsTreeNode;)Lcom/fsck/k9/search/ConditionsTreeNode;
05-14 15:55:23.383 10813 10813 D M_InsDal: Lcom/fsck/k9/search/ConditionsTreeNode;--->add(Lcom/fsck/k9/search/ConditionsTreeNode;Lcom/fsck/k9/search/ConditionsTreeNode$Operator;)Lcom/fsck/k9/search/ConditionsTreeNode;
05-14 15:55:23.383 10813 10813 D M_InsDal: Lcom/fsck/k9/search/ConditionsTreeNode;---><init>(Lcom/fsck/k9/search/ConditionsTreeNode;Lcom/fsck/k9/search/ConditionsTreeNode$Operator;)V
05-14 15:55:23.383 10813 10813 D M_InsDal: Lcom/fsck/k9/activity/Accounts$AccountClickListener;---><init>(Lcom/fsck/k9/activity/Accounts;Lcom/fsck/k9/search/LocalSearch;)V
05-14 15:55:23.383 10813 10813 D M_InsDal: Lcom/fsck/k9/activity/Accounts$AccountsAdapter$1;---><init>(Lcom/fsck/k9/activity/Accounts$AccountsAdapter;)V
05-14 15:55:23.383 10813 10813 D M_InsDal: Lcom/fsck/k9/view/ColorChip;---><init>(IZLandroid/graphics/Path;)V
05-14 15:55:23.383 10813 10813 D M_InsDal: Lcom/fsck/k9/view/ColorChip;--->drawable()Landroid/graphics/drawable/ShapeDrawable;
05-14 15:55:23.383 10813 10813 D M_InsDal: Lcom/fsck/k9/view/ColorChip;---><init>(IZLandroid/graphics/Path;)V
05-14 15:55:23.383 10813 10813 D M_InsDal: Lcom/fsck/k9/view/ColorChip;--->drawable()Landroid/graphics/drawable/ShapeDrawable;
05-14 15:55:23.383 10813 10813 D M_InsDal: Lcom/fsck/k9/FontSizes;--->getAccountName()I
05-14 15:55:23.383 10813 10813 D M_InsDal: Lcom/fsck/k9/FontSizes;--->setViewTextSize(Landroid/widget/TextView;I)V
05-14 15:55:23.383 10813 10813 D M_InsDal: Lcom/fsck/k9/FontSizes;--->getAccountDescription()I
05-14 15:55:23.383 10813 10813 D M_InsDal: Lcom/fsck/k9/FontSizes;--->setViewTextSize(Landroid/widget/TextView;I)V
05-14 15:55:23.384 10813 10841 D M_InsDal: Lcom/fsck/k9/mail/store/imap/ImapConnection;--->connectToAddress(Ljava/net/InetAddress;)Ljava/net/Socket;
05-14 15:55:23.384 10813 10841 D M_InsDal: Lcom/fsck/k9/mail/store/imap/ImapStore$StoreImapSettings;--->getHost()Ljava/lang/String;
05-14 15:55:23.384 10813 10841 D M_InsDal: Lcom/fsck/k9/mail/store/imap/ImapStore$StoreImapSettings;--->getPort()I
05-14 15:55:23.384 10813 10841 D M_InsDal: Lcom/fsck/k9/mail/store/imap/ImapStore$StoreImapSettings;--->getClientCertificateAlias()Ljava/lang/String;
05-14 15:55:23.384 10813 10841 D M_InsDal: Lcom/fsck/k9/mail/K9MailLib;--->isDebug()Z
05-14 15:55:23.384 10813 10841 D M_InsDal: Lcom/fsck/k9/K9$2;--->enabled()Z
05-14 15:55:23.384 10813 10841 D M_InsDal: Lcom/fsck/k9/mail/store/imap/ImapStore$StoreImapSettings;--->getConnectionSecurity()Lcom/fsck/k9/mail/ConnectionSecurity;
05-14 15:55:23.384 10813 10842 D M_InsDal: Lcom/fsck/k9/mail/store/imap/ImapConnection;--->connectToAddress(Ljava/net/InetAddress;)Ljava/net/Socket;
05-14 15:55:23.384 10813 10842 D M_InsDal: Lcom/fsck/k9/mail/store/imap/ImapStore$StoreImapSettings;--->getHost()Ljava/lang/String;
05-14 15:55:23.384 10813 10842 D M_InsDal: Lcom/fsck/k9/mail/store/imap/ImapStore$StoreImapSettings;--->getPort()I
05-14 15:55:23.384 10813 10842 D M_InsDal: Lcom/fsck/k9/mail/store/imap/ImapStore$StoreImapSettings;--->getClientCertificateAlias()Ljava/lang/String;
05-14 15:55:23.384 10813 10841 D M_InsDal: Lcom/fsck/k9/mail/ssl/DefaultTrustedSocketFactory;--->createSocket(Ljava/net/Socket;Ljava/lang/String;ILjava/lang/String;)Ljava/net/Socket;
05-14 15:55:23.384 10813 10842 D M_InsDal: Lcom/fsck/k9/mail/K9MailLib;--->isDebug()Z
05-14 15:55:23.384 10813 10842 D M_InsDal: Lcom/fsck/k9/K9$2;--->enabled()Z
05-14 15:55:23.384 10813 10842 D M_InsDal: Lcom/fsck/k9/mail/store/imap/ImapStore$StoreImapSettings;--->getConnectionSecurity()Lcom/fsck/k9/mail/ConnectionSecurity;
05-14 15:55:23.384 10813 10842 D M_InsDal: Lcom/fsck/k9/mail/ssl/DefaultTrustedSocketFactory;--->createSocket(Ljava/net/Socket;Ljava/lang/String;ILjava/lang/String;)Ljava/net/Socket;
05-14 15:55:23.384 10813 10842 D M_InsDal: Lcom/fsck/k9/mail/ssl/TrustManagerFactory;---><clinit>()V
05-14 15:55:23.384 10813 10842 D M_InsDal: Lcom/fsck/k9/mail/ssl/LocalKeyStore;--->getInstance()Lcom/fsck/k9/mail/ssl/LocalKeyStore;
05-14 15:55:23.384 10813 10842 D M_InsDal: Lcom/fsck/k9/mail/ssl/LocalKeyStore$LocalKeyStoreHolder;---><clinit>()V
05-14 15:55:23.384 10813 10842 D M_InsDal: Lcom/fsck/k9/mail/ssl/LocalKeyStore;---><init>()V
05-14 15:55:23.384 10813 10842 D M_InsDal: Lcom/fsck/k9/mail/ssl/LocalKeyStore;--->upgradeKeyStoreFile()V
05-14 15:55:23.384 10813 10842 D M_InsDal: Lcom/fsck/k9/mail/ssl/LocalKeyStore;--->getKeyStoreFilePath(I)Ljava/lang/String;
05-14 15:55:23.384 10813 10842 D M_InsDal: Lcom/fsck/k9/mail/ssl/LocalKeyStore;--->setKeyStoreFile(Ljava/io/File;)V
05-14 15:55:23.384 10813 10842 D M_InsDal: Lcom/fsck/k9/mail/ssl/LocalKeyStore;--->getKeyStoreFilePath(I)Ljava/lang/String;
05-14 15:55:23.384 10813 10813 D M_InsDal: Lcom/fsck/k9/activity/Accounts$AccountsAdapter;--->getView(ILandroid/view/View;Landroid/view/ViewGroup;)Landroid/view/View;
05-14 15:55:23.384 10813 10842 D M_InsDal: Lcom/fsck/k9/mail/ssl/TrustManagerFactory;--->get(Ljava/lang/String;I)Ljavax/net/ssl/X509TrustManager;
05-14 15:55:23.384 10813 10841 D M_InsDal: Lcom/fsck/k9/mail/ssl/TrustManagerFactory;--->get(Ljava/lang/String;I)Ljavax/net/ssl/X509TrustManager;
05-14 15:55:23.384 10813 10842 D M_InsDal: Lcom/fsck/k9/mail/ssl/TrustManagerFactory$SecureX509TrustManager;---><clinit>()V
05-14 15:55:23.384 10813 10842 D M_InsDal: Lcom/fsck/k9/mail/ssl/TrustManagerFactory$SecureX509TrustManager;--->getInstance(Ljava/lang/String;I)Ljavax/net/ssl/X509TrustManager;
05-14 15:55:23.384 10813 10842 D M_InsDal: Lcom/fsck/k9/mail/ssl/TrustManagerFactory$SecureX509TrustManager;---><init>(Ljava/lang/String;I)V
05-14 15:55:23.384 10813 10841 D M_InsDal: Lcom/fsck/k9/mail/ssl/TrustManagerFactory$SecureX509TrustManager;--->getInstance(Ljava/lang/String;I)Ljavax/net/ssl/X509TrustManager;
05-14 15:55:23.384 10813 10842 D M_InsDal: Lcom/fsck/k9/mail/ssl/DefaultTrustedSocketFactory;--->hardenSocket(Ljavax/net/ssl/SSLSocket;)V
05-14 15:55:23.384 10813 10842 D M_InsDal: Lcom/fsck/k9/mail/ssl/DefaultTrustedSocketFactory;--->setSniHost(Ljavax/net/ssl/SSLSocketFactory;Ljavax/net/ssl/SSLSocket;Ljava/lang/String;)V
05-14 15:55:23.384 10813 10841 D M_InsDal: Lcom/fsck/k9/mail/ssl/DefaultTrustedSocketFactory;--->hardenSocket(Ljavax/net/ssl/SSLSocket;)V
05-14 15:55:23.384 10813 10841 D M_InsDal: Lcom/fsck/k9/mail/ssl/DefaultTrustedSocketFactory;--->setSniHost(Ljavax/net/ssl/SSLSocketFactory;Ljavax/net/ssl/SSLSocket;Ljava/lang/String;)V
05-14 15:55:23.384 10813 10842 D M_InsDal: Lcom/fsck/k9/mail/ssl/DefaultTrustedSocketFactory;--->setHostnameViaReflection(Ljavax/net/ssl/SSLSocket;Ljava/lang/String;)V
05-14 15:55:23.384 10813 10841 D M_InsDal: Lcom/fsck/k9/mail/ssl/DefaultTrustedSocketFactory;--->setHostnameViaReflection(Ljavax/net/ssl/SSLSocket;Ljava/lang/String;)V
05-14 15:55:23.386 10813 10813 D M_InsDal: Lcom/fsck/k9/activity/Accounts$AccountsAdapter$AccountViewHolder;---><init>(Lcom/fsck/k9/activity/Accounts$AccountsAdapter;)V
05-14 15:55:23.386 10813 10813 D M_InsDal: Lcom/fsck/k9/search/SearchAccount;--->getUuid()Ljava/lang/String;
05-14 15:55:23.386 10813 10813 D M_InsDal: Lcom/fsck/k9/search/SearchAccount;--->getEmail()Ljava/lang/String;
05-14 15:55:23.386 10813 10813 D M_InsDal: Lcom/fsck/k9/search/SearchAccount;--->getDescription()Ljava/lang/String;
05-14 15:55:23.386 10813 10813 D M_InsDal: Lcom/fsck/k9/search/SearchAccount;--->getEmail()Ljava/lang/String;
05-14 15:55:23.386 10813 10813 D M_InsDal: Lcom/fsck/k9/search/SearchAccount;--->getDescription()Ljava/lang/String;
05-14 15:55:23.386 10813 10813 D M_InsDal: Lcom/fsck/k9/K9;--->messageListStars()Z
05-14 15:55:23.386 10813 10813 D M_InsDal: Lcom/fsck/k9/activity/Accounts$AccountsAdapter;--->createFlaggedSearchListener(Lcom/fsck/k9/BaseAccount;)Landroid/view/View$OnClickListener;
05-14 15:55:23.386 10813 10813 D M_InsDal: Lcom/fsck/k9/search/SearchAccount;--->getDescription()Ljava/lang/String;
05-14 15:55:23.386 10813 10813 D M_InsDal: Lcom/fsck/k9/search/SearchAccount;--->getRelatedSearch()Lcom/fsck/k9/search/LocalSearch;
05-14 15:55:23.386 10813 10813 D M_InsDal: Lcom/fsck/k9/search/LocalSearch;--->clone()Lcom/fsck/k9/search/LocalSearch;
05-14 15:55:23.386 10813 10813 D M_InsDal: Lcom/fsck/k9/search/ConditionsTreeNode;--->cloneTree()Lcom/fsck/k9/search/ConditionsTreeNode;
05-14 15:55:23.386 10813 10813 D M_InsDal: Lcom/fsck/k9/search/SearchSpecification$SearchCondition;--->clone()Lcom/fsck/k9/search/SearchSpecification$SearchCondition;
05-14 15:55:23.386 10813 10813 D M_InsDal: Lcom/fsck/k9/search/SearchSpecification$SearchCondition;---><init>(Lcom/fsck/k9/search/SearchSpecification$SearchField;Lcom/fsck/k9/search/SearchSpecification$Attribute;Ljava/lang/String;)V
05-14 15:55:23.386 10813 10813 D M_InsDal: Lcom/fsck/k9/search/ConditionsTreeNode;---><init>(Lcom/fsck/k9/search/SearchSpecification$SearchCondition;)V
05-14 15:55:23.386 10813 10813 D M_InsDal: Lcom/fsck/k9/search/LocalSearch;---><init>(Ljava/lang/String;Lcom/fsck/k9/search/ConditionsTreeNode;Ljava/lang/String;Z)V
05-14 15:55:23.386 10813 10813 D M_InsDal: Lcom/fsck/k9/search/LocalSearch;---><init>(Ljava/lang/String;)V
05-14 15:55:23.386 10813 10813 D M_InsDal: Lcom/fsck/k9/search/ConditionsTreeNode;--->getLeafSet()Ljava/util/Set;
05-14 15:55:23.386 10813 10813 D M_InsDal: Lcom/fsck/k9/search/ConditionsTreeNode;--->getLeafSet(Ljava/util/Set;)Ljava/util/Set;
05-14 15:55:23.386 10813 10813 D M_InsDal: Lcom/fsck/k9/search/LocalSearch;--->setName(Ljava/lang/String;)V
05-14 15:55:23.386 10813 10813 D M_InsDal: Lcom/fsck/k9/search/LocalSearch;--->and(Lcom/fsck/k9/search/SearchSpecification$SearchField;Ljava/lang/String;Lcom/fsck/k9/search/SearchSpecification$Attribute;)V
05-14 15:55:23.386 10813 10813 D M_InsDal: Lcom/fsck/k9/search/SearchSpecification$SearchCondition;---><init>(Lcom/fsck/k9/search/SearchSpecification$SearchField;Lcom/fsck/k9/search/SearchSpecification$Attribute;Ljava/lang/String;)V
05-14 15:55:23.386 10813 10813 D M_InsDal: Lcom/fsck/k9/search/LocalSearch;--->and(Lcom/fsck/k9/search/SearchSpecification$SearchCondition;)Lcom/fsck/k9/search/ConditionsTreeNode;
05-14 15:55:23.386 10813 10813 D M_InsDal: Lcom/fsck/k9/search/ConditionsTreeNode;---><init>(Lcom/fsck/k9/search/SearchSpecification$SearchCondition;)V
05-14 15:55:23.386 10813 10813 D M_InsDal: Lcom/fsck/k9/search/LocalSearch;--->and(Lcom/fsck/k9/search/ConditionsTreeNode;)Lcom/fsck/k9/search/ConditionsTreeNode;
05-14 15:55:23.386 10813 10813 D M_InsDal: Lcom/fsck/k9/search/ConditionsTreeNode;--->getLeafSet()Ljava/util/Set;
05-14 15:55:23.386 10813 10813 D M_InsDal: Lcom/fsck/k9/search/ConditionsTreeNode;--->getLeafSet(Ljava/util/Set;)Ljava/util/Set;
05-14 15:55:23.386 10813 10813 D M_InsDal: Lcom/fsck/k9/search/ConditionsTreeNode;--->and(Lcom/fsck/k9/search/ConditionsTreeNode;)Lcom/fsck/k9/search/ConditionsTreeNode;
05-14 15:55:23.386 10813 10813 D M_InsDal: Lcom/fsck/k9/search/ConditionsTreeNode;--->add(Lcom/fsck/k9/search/ConditionsTreeNode;Lcom/fsck/k9/search/ConditionsTreeNode$Operator;)Lcom/fsck/k9/search/ConditionsTreeNode;
05-14 15:55:23.386 10813 10813 D M_InsDal: Lcom/fsck/k9/search/ConditionsTreeNode;---><init>(Lcom/fsck/k9/search/ConditionsTreeNode;Lcom/fsck/k9/search/ConditionsTreeNode$Operator;)V
05-14 15:55:23.386 10813 10813 D M_InsDal: Lcom/fsck/k9/activity/Accounts$AccountClickListener;---><init>(Lcom/fsck/k9/activity/Accounts;Lcom/fsck/k9/search/LocalSearch;)V
05-14 15:55:23.386 10813 10813 D M_InsDal: Lcom/fsck/k9/activity/Accounts$AccountsAdapter;--->createUnreadSearchListener(Lcom/fsck/k9/BaseAccount;)Landroid/view/View$OnClickListener;
05-14 15:55:23.386 10813 10813 D M_InsDal: Lcom/fsck/k9/activity/Accounts;--->createUnreadSearch(Landroid/content/Context;Lcom/fsck/k9/BaseAccount;)Lcom/fsck/k9/search/LocalSearch;
05-14 15:55:23.386 10813 10813 D M_InsDal: Lcom/fsck/k9/search/SearchAccount;--->getDescription()Ljava/lang/String;
05-14 15:55:23.386 10813 10813 D M_InsDal: Lcom/fsck/k9/search/SearchAccount;--->getRelatedSearch()Lcom/fsck/k9/search/LocalSearch;
05-14 15:55:23.386 10813 10813 D M_InsDal: Lcom/fsck/k9/search/LocalSearch;--->clone()Lcom/fsck/k9/search/LocalSearch;
05-14 15:55:23.386 10813 10813 D M_InsDal: Lcom/fsck/k9/search/ConditionsTreeNode;--->cloneTree()Lcom/fsck/k9/search/ConditionsTreeNode;
05-14 15:55:23.386 10813 10813 D M_InsDal: Lcom/fsck/k9/search/SearchSpecification$SearchCondition;--->clone()Lcom/fsck/k9/search/SearchSpecification$SearchCondition;
05-14 15:55:23.386 10813 10813 D M_InsDal: Lcom/fsck/k9/search/SearchSpecification$SearchCondition;---><init>(Lcom/fsck/k9/search/SearchSpecification$SearchField;Lcom/fsck/k9/search/SearchSpecification$Attribute;Ljava/lang/String;)V
05-14 15:55:23.386 10813 10813 D M_InsDal: Lcom/fsck/k9/search/ConditionsTreeNode;---><init>(Lcom/fsck/k9/search/SearchSpecification$SearchCondition;)V
05-14 15:55:23.386 10813 10813 D M_InsDal: Lcom/fsck/k9/search/LocalSearch;---><init>(Ljava/lang/String;Lcom/fsck/k9/search/ConditionsTreeNode;Ljava/lang/String;Z)V
05-14 15:55:23.386 10813 10813 D M_InsDal: Lcom/fsck/k9/search/LocalSearch;---><init>(Ljava/lang/String;)V
05-14 15:55:23.386 10813 10813 D M_InsDal: Lcom/fsck/k9/search/ConditionsTreeNode;--->getLeafSet()Ljava/util/Set;
05-14 15:55:23.386 10813 10813 D M_InsDal: Lcom/fsck/k9/search/ConditionsTreeNode;--->getLeafSet(Ljava/util/Set;)Ljava/util/Set;
05-14 15:55:23.386 10813 10813 D M_InsDal: Lcom/fsck/k9/search/LocalSearch;--->setName(Ljava/lang/String;)V
05-14 15:55:23.386 10813 10813 D M_InsDal: Lcom/fsck/k9/search/LocalSearch;--->and(Lcom/fsck/k9/search/SearchSpecification$SearchField;Ljava/lang/String;Lcom/fsck/k9/search/SearchSpecification$Attribute;)V
05-14 15:55:23.386 10813 10813 D M_InsDal: Lcom/fsck/k9/search/SearchSpecification$SearchCondition;---><init>(Lcom/fsck/k9/search/SearchSpecification$SearchField;Lcom/fsck/k9/search/SearchSpecification$Attribute;Ljava/lang/String;)V
05-14 15:55:23.386 10813 10813 D M_InsDal: Lcom/fsck/k9/search/LocalSearch;--->and(Lcom/fsck/k9/search/SearchSpecification$SearchCondition;)Lcom/fsck/k9/search/ConditionsTreeNode;
05-14 15:55:23.386 10813 10813 D M_InsDal: Lcom/fsck/k9/search/ConditionsTreeNode;---><init>(Lcom/fsck/k9/search/SearchSpecification$SearchCondition;)V
05-14 15:55:23.386 10813 10813 D M_InsDal: Lcom/fsck/k9/search/LocalSearch;--->and(Lcom/fsck/k9/search/ConditionsTreeNode;)Lcom/fsck/k9/search/ConditionsTreeNode;
05-14 15:55:23.386 10813 10813 D M_InsDal: Lcom/fsck/k9/search/ConditionsTreeNode;--->getLeafSet()Ljava/util/Set;
05-14 15:55:23.386 10813 10813 D M_InsDal: Lcom/fsck/k9/search/ConditionsTreeNode;--->getLeafSet(Ljava/util/Set;)Ljava/util/Set;
05-14 15:55:23.386 10813 10813 D M_InsDal: Lcom/fsck/k9/search/ConditionsTreeNode;--->and(Lcom/fsck/k9/search/ConditionsTreeNode;)Lcom/fsck/k9/search/ConditionsTreeNode;
05-14 15:55:23.386 10813 10813 D M_InsDal: Lcom/fsck/k9/search/ConditionsTreeNode;--->add(Lcom/fsck/k9/search/ConditionsTreeNode;Lcom/fsck/k9/search/ConditionsTreeNode$Operator;)Lcom/fsck/k9/search/ConditionsTreeNode;
05-14 15:55:23.386 10813 10813 D M_InsDal: Lcom/fsck/k9/search/ConditionsTreeNode;---><init>(Lcom/fsck/k9/search/ConditionsTreeNode;Lcom/fsck/k9/search/ConditionsTreeNode$Operator;)V
05-14 15:55:23.386 10813 10813 D M_InsDal: Lcom/fsck/k9/activity/Accounts$AccountClickListener;---><init>(Lcom/fsck/k9/activity/Accounts;Lcom/fsck/k9/search/LocalSearch;)V
05-14 15:55:23.386 10813 10813 D M_InsDal: Lcom/fsck/k9/activity/Accounts$AccountsAdapter$1;---><init>(Lcom/fsck/k9/activity/Accounts$AccountsAdapter;)V
05-14 15:55:23.386 10813 10813 D M_InsDal: Lcom/fsck/k9/view/ColorChip;---><init>(IZLandroid/graphics/Path;)V
05-14 15:55:23.386 10813 10813 D M_InsDal: Lcom/fsck/k9/view/ColorChip;--->drawable()Landroid/graphics/drawable/ShapeDrawable;
05-14 15:55:23.386 10813 10813 D M_InsDal: Lcom/fsck/k9/view/ColorChip;---><init>(IZLandroid/graphics/Path;)V
05-14 15:55:23.386 10813 10813 D M_InsDal: Lcom/fsck/k9/view/ColorChip;--->drawable()Landroid/graphics/drawable/ShapeDrawable;
05-14 15:55:23.386 10813 10813 D M_InsDal: Lcom/fsck/k9/FontSizes;--->getAccountName()I
05-14 15:55:23.386 10813 10813 D M_InsDal: Lcom/fsck/k9/FontSizes;--->setViewTextSize(Landroid/widget/TextView;I)V
05-14 15:55:23.386 10813 10813 D M_InsDal: Lcom/fsck/k9/FontSizes;--->getAccountDescription()I
05-14 15:55:23.386 10813 10813 D M_InsDal: Lcom/fsck/k9/FontSizes;--->setViewTextSize(Landroid/widget/TextView;I)V
05-14 15:55:23.387 10813 10813 D M_InsDal: Lcom/fsck/k9/activity/Accounts$AccountsAdapter;--->getView(ILandroid/view/View;Landroid/view/ViewGroup;)Landroid/view/View;
05-14 15:55:23.388 10813 10813 D M_InsDal: Lcom/fsck/k9/activity/Accounts$AccountsAdapter$AccountViewHolder;---><init>(Lcom/fsck/k9/activity/Accounts$AccountsAdapter;)V
05-14 15:55:23.388 10813 10813 D M_InsDal: Lcom/fsck/k9/Account;--->getUuid()Ljava/lang/String;
05-14 15:55:23.388 10813 10813 D M_InsDal: Lcom/fsck/k9/helper/SizeFormatter;--->formatSize(Landroid/content/Context;J)Ljava/lang/String;
05-14 15:55:23.388 10813 10813 D M_InsDal: Lcom/fsck/k9/Account;--->getDescription()Ljava/lang/String;
05-14 15:55:23.388 10813 10813 D M_InsDal: Lcom/fsck/k9/K9;--->messageListStars()Z
05-14 15:55:23.388 10813 10813 D M_InsDal: Lcom/fsck/k9/activity/Accounts$AccountsAdapter;--->createFlaggedSearchListener(Lcom/fsck/k9/BaseAccount;)Landroid/view/View$OnClickListener;
05-14 15:55:23.388 10813 10813 D M_InsDal: Lcom/fsck/k9/Account;--->getDescription()Ljava/lang/String;
05-14 15:55:23.388 10813 10813 D M_InsDal: Lcom/fsck/k9/search/LocalSearch;---><init>(Ljava/lang/String;)V
05-14 15:55:23.388 10813 10813 D M_InsDal: Lcom/fsck/k9/Account;--->getUuid()Ljava/lang/String;
05-14 15:55:23.388 10813 10813 D M_InsDal: Lcom/fsck/k9/search/LocalSearch;--->addAccountUuid(Ljava/lang/String;)V
05-14 15:55:23.388 10813 10813 D M_InsDal: Lcom/fsck/k9/Account;--->excludeSpecialFolders(Lcom/fsck/k9/search/LocalSearch;)V
05-14 15:55:23.388 10813 10813 D M_InsDal: Lcom/fsck/k9/Account;--->getTrashFolderName()Ljava/lang/String;
05-14 15:55:23.388 10813 10813 D M_InsDal: Lcom/fsck/k9/Account;--->excludeSpecialFolder(Lcom/fsck/k9/search/LocalSearch;Ljava/lang/String;)V
05-14 15:55:23.388 10813 10813 D M_InsDal: Lcom/fsck/k9/search/LocalSearch;--->and(Lcom/fsck/k9/search/SearchSpecification$SearchField;Ljava/lang/String;Lcom/fsck/k9/search/SearchSpecification$Attribute;)V
05-14 15:55:23.388 10813 10813 D M_InsDal: Lcom/fsck/k9/search/SearchSpecification$SearchCondition;---><init>(Lcom/fsck/k9/search/SearchSpecification$SearchField;Lcom/fsck/k9/search/SearchSpecification$Attribute;Ljava/lang/String;)V
05-14 15:55:23.388 10813 10813 D M_InsDal: Lcom/fsck/k9/search/LocalSearch;--->and(Lcom/fsck/k9/search/SearchSpecification$SearchCondition;)Lcom/fsck/k9/search/ConditionsTreeNode;
05-14 15:55:23.388 10813 10813 D M_InsDal: Lcom/fsck/k9/search/ConditionsTreeNode;---><init>(Lcom/fsck/k9/search/SearchSpecification$SearchCondition;)V
05-14 15:55:23.388 10813 10813 D M_InsDal: Lcom/fsck/k9/search/LocalSearch;--->and(Lcom/fsck/k9/search/ConditionsTreeNode;)Lcom/fsck/k9/search/ConditionsTreeNode;
05-14 15:55:23.388 10813 10813 D M_InsDal: Lcom/fsck/k9/search/ConditionsTreeNode;--->getLeafSet()Ljava/util/Set;
05-14 15:55:23.388 10813 10813 D M_InsDal: Lcom/fsck/k9/search/ConditionsTreeNode;--->getLeafSet(Ljava/util/Set;)Ljava/util/Set;
05-14 15:55:23.388 10813 10813 D M_InsDal: Lcom/fsck/k9/Account;--->getDraftsFolderName()Ljava/lang/String;
05-14 15:55:23.388 10813 10813 D M_InsDal: Lcom/fsck/k9/Account;--->excludeSpecialFolder(Lcom/fsck/k9/search/LocalSearch;Ljava/lang/String;)V
05-14 15:55:23.388 10813 10813 D M_InsDal: Lcom/fsck/k9/search/LocalSearch;--->and(Lcom/fsck/k9/search/SearchSpecification$SearchField;Ljava/lang/String;Lcom/fsck/k9/search/SearchSpecification$Attribute;)V
05-14 15:55:23.388 10813 10813 D M_InsDal: Lcom/fsck/k9/search/SearchSpecification$SearchCondition;---><init>(Lcom/fsck/k9/search/SearchSpecification$SearchField;Lcom/fsck/k9/search/SearchSpecification$Attribute;Ljava/lang/String;)V
05-14 15:55:23.388 10813 10813 D M_InsDal: Lcom/fsck/k9/search/LocalSearch;--->and(Lcom/fsck/k9/search/SearchSpecification$SearchCondition;)Lcom/fsck/k9/search/ConditionsTreeNode;
05-14 15:55:23.388 10813 10813 D M_InsDal: Lcom/fsck/k9/search/ConditionsTreeNode;---><init>(Lcom/fsck/k9/search/SearchSpecification$SearchCondition;)V
05-14 15:55:23.388 10813 10813 D M_InsDal: Lcom/fsck/k9/search/LocalSearch;--->and(Lcom/fsck/k9/search/ConditionsTreeNode;)Lcom/fsck/k9/search/ConditionsTreeNode;
05-14 15:55:23.388 10813 10813 D M_InsDal: Lcom/fsck/k9/search/ConditionsTreeNode;--->getLeafSet()Ljava/util/Set;
05-14 15:55:23.388 10813 10813 D M_InsDal: Lcom/fsck/k9/search/ConditionsTreeNode;--->getLeafSet(Ljava/util/Set;)Ljava/util/Set;
05-14 15:55:23.388 10813 10813 D M_InsDal: Lcom/fsck/k9/search/ConditionsTreeNode;--->and(Lcom/fsck/k9/search/ConditionsTreeNode;)Lcom/fsck/k9/search/ConditionsTreeNode;
05-14 15:55:23.388 10813 10813 D M_InsDal: Lcom/fsck/k9/search/ConditionsTreeNode;--->add(Lcom/fsck/k9/search/ConditionsTreeNode;Lcom/fsck/k9/search/ConditionsTreeNode$Operator;)Lcom/fsck/k9/search/ConditionsTreeNode;
05-14 15:55:23.388 10813 10813 D M_InsDal: Lcom/fsck/k9/search/ConditionsTreeNode;---><init>(Lcom/fsck/k9/search/ConditionsTreeNode;Lcom/fsck/k9/search/ConditionsTreeNode$Operator;)V
05-14 15:55:23.388 10813 10813 D M_InsDal: Lcom/fsck/k9/Account;--->getSpamFolderName()Ljava/lang/String;
05-14 15:55:23.388 10813 10813 D M_InsDal: Lcom/fsck/k9/Account;--->excludeSpecialFolder(Lcom/fsck/k9/search/LocalSearch;Ljava/lang/String;)V
05-14 15:55:23.388 10813 10813 D M_InsDal: Lcom/fsck/k9/search/LocalSearch;--->and(Lcom/fsck/k9/search/SearchSpecification$SearchField;Ljava/lang/String;Lcom/fsck/k9/search/SearchSpecification$Attribute;)V
05-14 15:55:23.388 10813 10813 D M_InsDal: Lcom/fsck/k9/search/SearchSpecification$SearchCondition;---><init>(Lcom/fsck/k9/search/SearchSpecification$SearchField;Lcom/fsck/k9/search/SearchSpecification$Attribute;Ljava/lang/String;)V
05-14 15:55:23.388 10813 10813 D M_InsDal: Lcom/fsck/k9/search/LocalSearch;--->and(Lcom/fsck/k9/search/SearchSpecification$SearchCondition;)Lcom/fsck/k9/search/ConditionsTreeNode;
05-14 15:55:23.388 10813 10813 D M_InsDal: Lcom/fsck/k9/search/ConditionsTreeNode;---><init>(Lcom/fsck/k9/search/SearchSpecification$SearchCondition;)V
05-14 15:55:23.388 10813 10813 D M_InsDal: Lcom/fsck/k9/search/LocalSearch;--->and(Lcom/fsck/k9/search/ConditionsTreeNode;)Lcom/fsck/k9/search/ConditionsTreeNode;
05-14 15:55:23.388 10813 10813 D M_InsDal: Lcom/fsck/k9/search/ConditionsTreeNode;--->getLeafSet()Ljava/util/Set;
05-14 15:55:23.388 10813 10813 D M_InsDal: Lcom/fsck/k9/search/ConditionsTreeNode;--->getLeafSet(Ljava/util/Set;)Ljava/util/Set;
05-14 15:55:23.388 10813 10813 D M_InsDal: Lcom/fsck/k9/search/ConditionsTreeNode;--->and(Lcom/fsck/k9/search/ConditionsTreeNode;)Lcom/fsck/k9/search/ConditionsTreeNode;
05-14 15:55:23.388 10813 10813 D M_InsDal: Lcom/fsck/k9/search/ConditionsTreeNode;--->add(Lcom/fsck/k9/search/ConditionsTreeNode;Lcom/fsck/k9/search/ConditionsTreeNode$Operator;)Lcom/fsck/k9/search/ConditionsTreeNode;
05-14 15:55:23.388 10813 10813 D M_InsDal: Lcom/fsck/k9/search/ConditionsTreeNode;---><init>(Lcom/fsck/k9/search/ConditionsTreeNode;Lcom/fsck/k9/search/ConditionsTreeNode$Operator;)V
05-14 15:55:23.388 10813 10813 D M_InsDal: Lcom/fsck/k9/Account;--->getOutboxFolderName()Ljava/lang/String;
05-14 15:55:23.388 10813 10813 D M_InsDal: Lcom/fsck/k9/Account;--->excludeSpecialFolder(Lcom/fsck/k9/search/LocalSearch;Ljava/lang/String;)V
05-14 15:55:23.388 10813 10813 D M_InsDal: Lcom/fsck/k9/search/LocalSearch;--->and(Lcom/fsck/k9/search/SearchSpecification$SearchField;Ljava/lang/String;Lcom/fsck/k9/search/SearchSpecification$Attribute;)V
05-14 15:55:23.388 10813 10813 D M_InsDal: Lcom/fsck/k9/search/SearchSpecification$SearchCondition;---><init>(Lcom/fsck/k9/search/SearchSpecification$SearchField;Lcom/fsck/k9/search/SearchSpecification$Attribute;Ljava/lang/String;)V
05-14 15:55:23.388 10813 10813 D M_InsDal: Lcom/fsck/k9/search/LocalSearch;--->and(Lcom/fsck/k9/search/SearchSpecification$SearchCondition;)Lcom/fsck/k9/search/ConditionsTreeNode;
05-14 15:55:23.388 10813 10813 D M_InsDal: Lcom/fsck/k9/search/ConditionsTreeNode;---><init>(Lcom/fsck/k9/search/SearchSpecification$SearchCondition;)V
05-14 15:55:23.388 10813 10813 D M_InsDal: Lcom/fsck/k9/search/LocalSearch;--->and(Lcom/fsck/k9/search/ConditionsTreeNode;)Lcom/fsck/k9/search/ConditionsTreeNode;
05-14 15:55:23.388 10813 10813 D M_InsDal: Lcom/fsck/k9/search/ConditionsTreeNode;--->getLeafSet()Ljava/util/Set;
05-14 15:55:23.388 10813 10813 D M_InsDal: Lcom/fsck/k9/search/ConditionsTreeNode;--->getLeafSet(Ljava/util/Set;)Ljava/util/Set;
05-14 15:55:23.388 10813 10813 D M_InsDal: Lcom/fsck/k9/search/ConditionsTreeNode;--->and(Lcom/fsck/k9/search/ConditionsTreeNode;)Lcom/fsck/k9/search/ConditionsTreeNode;
05-14 15:55:23.388 10813 10813 D M_InsDal: Lcom/fsck/k9/search/ConditionsTreeNode;--->add(Lcom/fsck/k9/search/ConditionsTreeNode;Lcom/fsck/k9/search/ConditionsTreeNode$Operator;)Lcom/fsck/k9/search/ConditionsTreeNode;
05-14 15:55:23.388 10813 10813 D M_InsDal: Lcom/fsck/k9/search/ConditionsTreeNode;---><init>(Lcom/fsck/k9/search/ConditionsTreeNode;Lcom/fsck/k9/search/ConditionsTreeNode$Operator;)V
05-14 15:55:23.388 10813 10813 D M_InsDal: Lcom/fsck/k9/Account;--->getSentFolderName()Ljava/lang/String;
05-14 15:55:23.388 10813 10813 D M_InsDal: Lcom/fsck/k9/Account;--->excludeSpecialFolder(Lcom/fsck/k9/search/LocalSearch;Ljava/lang/String;)V
05-14 15:55:23.388 10813 10813 D M_InsDal: Lcom/fsck/k9/search/LocalSearch;--->and(Lcom/fsck/k9/search/SearchSpecification$SearchField;Ljava/lang/String;Lcom/fsck/k9/search/SearchSpecification$Attribute;)V
05-14 15:55:23.388 10813 10813 D M_InsDal: Lcom/fsck/k9/search/SearchSpecification$SearchCondition;---><init>(Lcom/fsck/k9/search/SearchSpecification$SearchField;Lcom/fsck/k9/search/SearchSpecification$Attribute;Ljava/lang/String;)V
05-14 15:55:23.388 10813 10813 D M_InsDal: Lcom/fsck/k9/search/LocalSearch;--->and(Lcom/fsck/k9/search/SearchSpecification$SearchCondition;)Lcom/fsck/k9/search/ConditionsTreeNode;
05-14 15:55:23.388 10813 10813 D M_InsDal: Lcom/fsck/k9/search/ConditionsTreeNode;---><init>(Lcom/fsck/k9/search/SearchSpecification$SearchCondition;)V
05-14 15:55:23.388 10813 10813 D M_InsDal: Lcom/fsck/k9/search/LocalSearch;--->and(Lcom/fsck/k9/search/ConditionsTreeNode;)Lcom/fsck/k9/search/ConditionsTreeNode;
05-14 15:55:23.388 10813 10813 D M_InsDal: Lcom/fsck/k9/search/ConditionsTreeNode;--->getLeafSet()Ljava/util/Set;
05-14 15:55:23.388 10813 10813 D M_InsDal: Lcom/fsck/k9/search/ConditionsTreeNode;--->getLeafSet(Ljava/util/Set;)Ljava/util/Set;
05-14 15:55:23.388 10813 10813 D M_InsDal: Lcom/fsck/k9/search/ConditionsTreeNode;--->and(Lcom/fsck/k9/search/ConditionsTreeNode;)Lcom/fsck/k9/search/ConditionsTreeNode;
05-14 15:55:23.388 10813 10813 D M_InsDal: Lcom/fsck/k9/search/ConditionsTreeNode;--->add(Lcom/fsck/k9/search/ConditionsTreeNode;Lcom/fsck/k9/search/ConditionsTreeNode$Operator;)Lcom/fsck/k9/search/ConditionsTreeNode;
05-14 15:55:23.388 10813 10813 D M_InsDal: Lcom/fsck/k9/search/ConditionsTreeNode;---><init>(Lcom/fsck/k9/search/ConditionsTreeNode;Lcom/fsck/k9/search/ConditionsTreeNode$Operator;)V
05-14 15:55:23.388 10813 10813 D M_InsDal: Lcom/fsck/k9/Account;--->getInboxFolderName()Ljava/lang/String;
05-14 15:55:23.388 10813 10813 D M_InsDal: Lcom/fsck/k9/search/SearchSpecification$SearchCondition;---><init>(Lcom/fsck/k9/search/SearchSpecification$SearchField;Lcom/fsck/k9/search/SearchSpecification$Attribute;Ljava/lang/String;)V
05-14 15:55:23.388 10813 10813 D M_InsDal: Lcom/fsck/k9/search/LocalSearch;--->or(Lcom/fsck/k9/search/SearchSpecification$SearchCondition;)Lcom/fsck/k9/search/ConditionsTreeNode;
05-14 15:55:23.388 10813 10813 D M_InsDal: Lcom/fsck/k9/search/ConditionsTreeNode;---><init>(Lcom/fsck/k9/search/SearchSpecification$SearchCondition;)V
05-14 15:55:23.388 10813 10813 D M_InsDal: Lcom/fsck/k9/search/LocalSearch;--->or(Lcom/fsck/k9/search/ConditionsTreeNode;)Lcom/fsck/k9/search/ConditionsTreeNode;
05-14 15:55:23.388 10813 10813 D M_InsDal: Lcom/fsck/k9/search/ConditionsTreeNode;--->getLeafSet()Ljava/util/Set;
05-14 15:55:23.388 10813 10813 D M_InsDal: Lcom/fsck/k9/search/ConditionsTreeNode;--->getLeafSet(Ljava/util/Set;)Ljava/util/Set;
05-14 15:55:23.388 10813 10813 D M_InsDal: Lcom/fsck/k9/search/ConditionsTreeNode;--->or(Lcom/fsck/k9/search/ConditionsTreeNode;)Lcom/fsck/k9/search/ConditionsTreeNode;
05-14 15:55:23.388 10813 10813 D M_InsDal: Lcom/fsck/k9/search/ConditionsTreeNode;--->add(Lcom/fsck/k9/search/ConditionsTreeNode;Lcom/fsck/k9/search/ConditionsTreeNode$Operator;)Lcom/fsck/k9/search/ConditionsTreeNode;
05-14 15:55:23.388 10813 10813 D M_InsDal: Lcom/fsck/k9/search/ConditionsTreeNode;---><init>(Lcom/fsck/k9/search/ConditionsTreeNode;Lcom/fsck/k9/search/ConditionsTreeNode$Operator;)V
05-14 15:55:23.388 10813 10813 D M_InsDal: Lcom/fsck/k9/Account;--->limitToDisplayableFolders(Lcom/fsck/k9/search/LocalSearch;)V
05-14 15:55:23.388 10813 10813 D M_InsDal: Lcom/fsck/k9/Account;--->getFolderDisplayMode()Lcom/fsck/k9/Account$FolderMode;
05-14 15:55:23.388 10813 10813 D M_InsDal: Lcom/fsck/k9/search/LocalSearch;--->and(Lcom/fsck/k9/search/SearchSpecification$SearchField;Ljava/lang/String;Lcom/fsck/k9/search/SearchSpecification$Attribute;)V
05-14 15:55:23.389 10813 10813 D M_InsDal: Lcom/fsck/k9/search/SearchSpecification$SearchCondition;---><init>(Lcom/fsck/k9/search/SearchSpecification$SearchField;Lcom/fsck/k9/search/SearchSpecification$Attribute;Ljava/lang/String;)V
05-14 15:55:23.389 10813 10813 D M_InsDal: Lcom/fsck/k9/search/LocalSearch;--->and(Lcom/fsck/k9/search/SearchSpecification$SearchCondition;)Lcom/fsck/k9/search/ConditionsTreeNode;
05-14 15:55:23.389 10813 10813 D M_InsDal: Lcom/fsck/k9/search/ConditionsTreeNode;---><init>(Lcom/fsck/k9/search/SearchSpecification$SearchCondition;)V
05-14 15:55:23.389 10813 10813 D M_InsDal: Lcom/fsck/k9/search/LocalSearch;--->and(Lcom/fsck/k9/search/ConditionsTreeNode;)Lcom/fsck/k9/search/ConditionsTreeNode;
05-14 15:55:23.389 10813 10813 D M_InsDal: Lcom/fsck/k9/search/ConditionsTreeNode;--->getLeafSet()Ljava/util/Set;
05-14 15:55:23.389 10813 10813 D M_InsDal: Lcom/fsck/k9/search/ConditionsTreeNode;--->getLeafSet(Ljava/util/Set;)Ljava/util/Set;
05-14 15:55:23.389 10813 10813 D M_InsDal: Lcom/fsck/k9/search/ConditionsTreeNode;--->and(Lcom/fsck/k9/search/ConditionsTreeNode;)Lcom/fsck/k9/search/ConditionsTreeNode;
05-14 15:55:23.389 10813 10813 D M_InsDal: Lcom/fsck/k9/search/ConditionsTreeNode;--->add(Lcom/fsck/k9/search/ConditionsTreeNode;Lcom/fsck/k9/search/ConditionsTreeNode$Operator;)Lcom/fsck/k9/search/ConditionsTreeNode;
05-14 15:55:23.389 10813 10813 D M_InsDal: Lcom/fsck/k9/search/ConditionsTreeNode;---><init>(Lcom/fsck/k9/search/ConditionsTreeNode;Lcom/fsck/k9/search/ConditionsTreeNode$Operator;)V
05-14 15:55:23.389 10813 10813 D M_InsDal: Lcom/fsck/k9/search/LocalSearch;--->and(Lcom/fsck/k9/search/SearchSpecification$SearchField;Ljava/lang/String;Lcom/fsck/k9/search/SearchSpecification$Attribute;)V
05-14 15:55:23.389 10813 10813 D M_InsDal: Lcom/fsck/k9/search/SearchSpecification$SearchCondition;---><init>(Lcom/fsck/k9/search/SearchSpecification$SearchField;Lcom/fsck/k9/search/SearchSpecification$Attribute;Ljava/lang/String;)V
05-14 15:55:23.389 10813 10813 D M_InsDal: Lcom/fsck/k9/search/LocalSearch;--->and(Lcom/fsck/k9/search/SearchSpecification$SearchCondition;)Lcom/fsck/k9/search/ConditionsTreeNode;
05-14 15:55:23.389 10813 10813 D M_InsDal: Lcom/fsck/k9/search/ConditionsTreeNode;---><init>(Lcom/fsck/k9/search/SearchSpecification$SearchCondition;)V
05-14 15:55:23.389 10813 10813 D M_InsDal: Lcom/fsck/k9/search/LocalSearch;--->and(Lcom/fsck/k9/search/ConditionsTreeNode;)Lcom/fsck/k9/search/ConditionsTreeNode;
05-14 15:55:23.389 10813 10813 D M_InsDal: Lcom/fsck/k9/search/ConditionsTreeNode;--->getLeafSet()Ljava/util/Set;
05-14 15:55:23.389 10813 10813 D M_InsDal: Lcom/fsck/k9/search/ConditionsTreeNode;--->getLeafSet(Ljava/util/Set;)Ljava/util/Set;
05-14 15:55:23.389 10813 10813 D M_InsDal: Lcom/fsck/k9/search/ConditionsTreeNode;--->and(Lcom/fsck/k9/search/ConditionsTreeNode;)Lcom/fsck/k9/search/ConditionsTreeNode;
05-14 15:55:23.389 10813 10813 D M_InsDal: Lcom/fsck/k9/search/ConditionsTreeNode;--->add(Lcom/fsck/k9/search/ConditionsTreeNode;Lcom/fsck/k9/search/ConditionsTreeNode$Operator;)Lcom/fsck/k9/search/ConditionsTreeNode;
05-14 15:55:23.389 10813 10813 D M_InsDal: Lcom/fsck/k9/search/ConditionsTreeNode;---><init>(Lcom/fsck/k9/search/ConditionsTreeNode;Lcom/fsck/k9/search/ConditionsTreeNode$Operator;)V
05-14 15:55:23.389 10813 10813 D M_InsDal: Lcom/fsck/k9/activity/Accounts$AccountClickListener;---><init>(Lcom/fsck/k9/activity/Accounts;Lcom/fsck/k9/search/LocalSearch;)V
05-14 15:55:23.389 10813 10813 D M_InsDal: Lcom/fsck/k9/activity/Accounts$AccountsAdapter;--->createUnreadSearchListener(Lcom/fsck/k9/BaseAccount;)Landroid/view/View$OnClickListener;
05-14 15:55:23.389 10813 10813 D M_InsDal: Lcom/fsck/k9/activity/Accounts;--->createUnreadSearch(Landroid/content/Context;Lcom/fsck/k9/BaseAccount;)Lcom/fsck/k9/search/LocalSearch;
05-14 15:55:23.389 10813 10813 D M_InsDal: Lcom/fsck/k9/Account;--->getDescription()Ljava/lang/String;
05-14 15:55:23.389 10813 10813 D M_InsDal: Lcom/fsck/k9/search/LocalSearch;---><init>(Ljava/lang/String;)V
05-14 15:55:23.389 10813 10813 D M_InsDal: Lcom/fsck/k9/Account;--->getUuid()Ljava/lang/String;
05-14 15:55:23.389 10813 10813 D M_InsDal: Lcom/fsck/k9/search/LocalSearch;--->addAccountUuid(Ljava/lang/String;)V
05-14 15:55:23.389 10813 10813 D M_InsDal: Lcom/fsck/k9/Account;--->excludeSpecialFolders(Lcom/fsck/k9/search/LocalSearch;)V
05-14 15:55:23.389 10813 10813 D M_InsDal: Lcom/fsck/k9/Account;--->getTrashFolderName()Ljava/lang/String;
05-14 15:55:23.389 10813 10813 D M_InsDal: Lcom/fsck/k9/Account;--->excludeSpecialFolder(Lcom/fsck/k9/search/LocalSearch;Ljava/lang/String;)V
05-14 15:55:23.389 10813 10813 D M_InsDal: Lcom/fsck/k9/search/LocalSearch;--->and(Lcom/fsck/k9/search/SearchSpecification$SearchField;Ljava/lang/String;Lcom/fsck/k9/search/SearchSpecification$Attribute;)V
05-14 15:55:23.389 10813 10813 D M_InsDal: Lcom/fsck/k9/search/SearchSpecification$SearchCondition;---><init>(Lcom/fsck/k9/search/SearchSpecification$SearchField;Lcom/fsck/k9/search/SearchSpecification$Attribute;Ljava/lang/String;)V
05-14 15:55:23.389 10813 10813 D M_InsDal: Lcom/fsck/k9/search/LocalSearch;--->and(Lcom/fsck/k9/search/SearchSpecification$SearchCondition;)Lcom/fsck/k9/search/ConditionsTreeNode;
05-14 15:55:23.389 10813 10813 D M_InsDal: Lcom/fsck/k9/search/ConditionsTreeNode;---><init>(Lcom/fsck/k9/search/SearchSpecification$SearchCondition;)V
05-14 15:55:23.389 10813 10813 D M_InsDal: Lcom/fsck/k9/search/LocalSearch;--->and(Lcom/fsck/k9/search/ConditionsTreeNode;)Lcom/fsck/k9/search/ConditionsTreeNode;
05-14 15:55:23.389 10813 10813 D M_InsDal: Lcom/fsck/k9/search/ConditionsTreeNode;--->getLeafSet()Ljava/util/Set;
05-14 15:55:23.389 10813 10813 D M_InsDal: Lcom/fsck/k9/search/ConditionsTreeNode;--->getLeafSet(Ljava/util/Set;)Ljava/util/Set;
05-14 15:55:23.389 10813 10813 D M_InsDal: Lcom/fsck/k9/Account;--->getDraftsFolderName()Ljava/lang/String;
05-14 15:55:23.389 10813 10813 D M_InsDal: Lcom/fsck/k9/Account;--->excludeSpecialFolder(Lcom/fsck/k9/search/LocalSearch;Ljava/lang/String;)V
05-14 15:55:23.389 10813 10813 D M_InsDal: Lcom/fsck/k9/search/LocalSearch;--->and(Lcom/fsck/k9/search/SearchSpecification$SearchField;Ljava/lang/String;Lcom/fsck/k9/search/SearchSpecification$Attribute;)V
05-14 15:55:23.389 10813 10813 D M_InsDal: Lcom/fsck/k9/search/SearchSpecification$SearchCondition;---><init>(Lcom/fsck/k9/search/SearchSpecification$SearchField;Lcom/fsck/k9/search/SearchSpecification$Attribute;Ljava/lang/String;)V
