05-14 15:55:45.837 10890 10890 D M_InsDal: Lcom/fsck/k9/provider/EmailProvider$SpecialColumnsCursor;--->getLong(I)J
05-14 15:55:45.837 10890 10890 D M_InsDal: Lcom/fsck/k9/cache/EmailProviderCacheCursor;--->getCount()I
05-14 15:55:45.838 10890 10890 D M_InsDal: Lcom/fsck/k9/cache/EmailProviderCacheCursor;--->getCount()I
05-14 15:55:45.917 10890 10890 D M_InsDal: Lcom/fsck/k9/activity/misc/ContactPictureLoader$FallbackGlideModelLoader;--->getResourceFetcher(Lcom/fsck/k9/activity/misc/ContactPictureLoader$FallbackGlideParams;II)Lcom/bumptech/glide/load/data/DataFetcher;
05-14 15:55:45.917 10890 10890 D M_InsDal: Lcom/fsck/k9/activity/misc/ContactPictureLoader$FallbackGlideModelLoader$1;---><init>(Lcom/fsck/k9/activity/misc/ContactPictureLoader$FallbackGlideModelLoader;Lcom/fsck/k9/activity/misc/ContactPictureLoader$FallbackGlideParams;)V
05-14 15:55:45.917 10890 10890 D M_InsDal: Lcom/fsck/k9/activity/misc/ContactPictureLoader$FallbackGlideModelLoader$1;--->getId()Ljava/lang/String;
05-14 15:55:45.917 10890 10890 D M_InsDal: Lcom/fsck/k9/activity/misc/ContactPictureLoader$FallbackGlideParams;--->getId()Ljava/lang/String;
05-14 15:55:45.917 10890 10890 D M_InsDal: Lcom/fsck/k9/mail/Address;--->getAddress()Ljava/lang/String;
05-14 15:55:45.917 10890 10890 D M_InsDal: Lcom/fsck/k9/mail/Address;--->getPersonal()Ljava/lang/String;
05-14 15:55:45.917 10890 10890 D M_InsDal: Lcom/fsck/k9/activity/misc/ContactPictureLoader$FallbackGlideBitmapDecoder;--->getId()Ljava/lang/String;
05-14 15:55:45.918 10890 10890 D M_InsDal: Lcom/fsck/k9/activity/misc/ContactPictureLoader$FallbackGlideModelLoader;--->getResourceFetcher(Lcom/fsck/k9/activity/misc/ContactPictureLoader$FallbackGlideParams;II)Lcom/bumptech/glide/load/data/DataFetcher;
05-14 15:55:45.918 10890 10890 D M_InsDal: Lcom/fsck/k9/activity/misc/ContactPictureLoader$FallbackGlideModelLoader$1;---><init>(Lcom/fsck/k9/activity/misc/ContactPictureLoader$FallbackGlideModelLoader;Lcom/fsck/k9/activity/misc/ContactPictureLoader$FallbackGlideParams;)V
05-14 15:55:45.918 10890 10890 D M_InsDal: Lcom/fsck/k9/activity/misc/ContactPictureLoader$FallbackGlideModelLoader$1;--->getId()Ljava/lang/String;
05-14 15:55:45.918 10890 10890 D M_InsDal: Lcom/fsck/k9/activity/misc/ContactPictureLoader$FallbackGlideParams;--->getId()Ljava/lang/String;
05-14 15:55:45.918 10890 10890 D M_InsDal: Lcom/fsck/k9/mail/Address;--->getAddress()Ljava/lang/String;
05-14 15:55:45.918 10890 10890 D M_InsDal: Lcom/fsck/k9/mail/Address;--->getPersonal()Ljava/lang/String;
05-14 15:55:45.918 10890 10890 D M_InsDal: Lcom/fsck/k9/activity/misc/ContactPictureLoader$FallbackGlideBitmapDecoder;--->getId()Ljava/lang/String;
05-14 15:55:45.918 10890 10890 D M_InsDal: Lcom/fsck/k9/activity/misc/ContactPictureLoader$FallbackGlideModelLoader;--->getResourceFetcher(Lcom/fsck/k9/activity/misc/ContactPictureLoader$FallbackGlideParams;II)Lcom/bumptech/glide/load/data/DataFetcher;
05-14 15:55:45.918 10890 10890 D M_InsDal: Lcom/fsck/k9/activity/misc/ContactPictureLoader$FallbackGlideModelLoader$1;---><init>(Lcom/fsck/k9/activity/misc/ContactPictureLoader$FallbackGlideModelLoader;Lcom/fsck/k9/activity/misc/ContactPictureLoader$FallbackGlideParams;)V
05-14 15:55:45.918 10890 10890 D M_InsDal: Lcom/fsck/k9/activity/misc/ContactPictureLoader$FallbackGlideModelLoader$1;--->getId()Ljava/lang/String;
05-14 15:55:45.918 10890 10890 D M_InsDal: Lcom/fsck/k9/activity/misc/ContactPictureLoader$FallbackGlideParams;--->getId()Ljava/lang/String;
05-14 15:55:45.918 10890 10890 D M_InsDal: Lcom/fsck/k9/mail/Address;--->getAddress()Ljava/lang/String;
05-14 15:55:45.918 10890 10890 D M_InsDal: Lcom/fsck/k9/mail/Address;--->getPersonal()Ljava/lang/String;
05-14 15:55:45.918 10890 10890 D M_InsDal: Lcom/fsck/k9/activity/misc/ContactPictureLoader$FallbackGlideBitmapDecoder;--->getId()Ljava/lang/String;
05-14 15:55:45.918 10890 10890 D M_InsDal: Lcom/fsck/k9/activity/misc/ContactPictureLoader$FallbackGlideModelLoader;--->getResourceFetcher(Lcom/fsck/k9/activity/misc/ContactPictureLoader$FallbackGlideParams;II)Lcom/bumptech/glide/load/data/DataFetcher;
05-14 15:55:45.918 10890 10890 D M_InsDal: Lcom/fsck/k9/activity/misc/ContactPictureLoader$FallbackGlideModelLoader$1;---><init>(Lcom/fsck/k9/activity/misc/ContactPictureLoader$FallbackGlideModelLoader;Lcom/fsck/k9/activity/misc/ContactPictureLoader$FallbackGlideParams;)V
05-14 15:55:45.918 10890 10890 D M_InsDal: Lcom/fsck/k9/activity/misc/ContactPictureLoader$FallbackGlideModelLoader$1;--->getId()Ljava/lang/String;
05-14 15:55:45.918 10890 10890 D M_InsDal: Lcom/fsck/k9/activity/misc/ContactPictureLoader$FallbackGlideParams;--->getId()Ljava/lang/String;
05-14 15:55:45.918 10890 10890 D M_InsDal: Lcom/fsck/k9/mail/Address;--->getAddress()Ljava/lang/String;
05-14 15:55:45.918 10890 10890 D M_InsDal: Lcom/fsck/k9/mail/Address;--->getPersonal()Ljava/lang/String;
05-14 15:55:45.918 10890 10890 D M_InsDal: Lcom/fsck/k9/activity/misc/ContactPictureLoader$FallbackGlideBitmapDecoder;--->getId()Ljava/lang/String;
05-14 15:55:45.918 10890 10890 D M_InsDal: Lcom/fsck/k9/activity/misc/ContactPictureLoader$FallbackGlideBitmapDecoder;--->getId()Ljava/lang/String;
05-14 15:55:45.918 10890 10890 D M_InsDal: Lcom/fsck/k9/activity/misc/ContactPictureLoader$FallbackGlideModelLoader;--->getResourceFetcher(Lcom/fsck/k9/activity/misc/ContactPictureLoader$FallbackGlideParams;II)Lcom/bumptech/glide/load/data/DataFetcher;
05-14 15:55:45.918 10890 10890 D M_InsDal: Lcom/fsck/k9/activity/misc/ContactPictureLoader$FallbackGlideModelLoader$1;---><init>(Lcom/fsck/k9/activity/misc/ContactPictureLoader$FallbackGlideModelLoader;Lcom/fsck/k9/activity/misc/ContactPictureLoader$FallbackGlideParams;)V
05-14 15:55:45.918 10890 10890 D M_InsDal: Lcom/fsck/k9/activity/misc/ContactPictureLoader$FallbackGlideModelLoader$1;--->getId()Ljava/lang/String;
05-14 15:55:45.918 10890 10890 D M_InsDal: Lcom/fsck/k9/activity/misc/ContactPictureLoader$FallbackGlideParams;--->getId()Ljava/lang/String;
05-14 15:55:45.918 10890 10890 D M_InsDal: Lcom/fsck/k9/mail/Address;--->getAddress()Ljava/lang/String;
05-14 15:55:45.918 10890 10890 D M_InsDal: Lcom/fsck/k9/mail/Address;--->getPersonal()Ljava/lang/String;
05-14 15:55:45.918 10890 10890 D M_InsDal: Lcom/fsck/k9/activity/misc/ContactPictureLoader$FallbackGlideBitmapDecoder;--->getId()Ljava/lang/String;
05-14 15:55:45.918 10890 10890 D M_InsDal: Lcom/fsck/k9/activity/misc/ContactPictureLoader$FallbackGlideBitmapDecoder;--->getId()Ljava/lang/String;
05-14 15:55:45.918 10890 10890 D M_InsDal: Lcom/fsck/k9/activity/misc/ContactPictureLoader$FallbackGlideModelLoader;--->getResourceFetcher(Lcom/fsck/k9/activity/misc/ContactPictureLoader$FallbackGlideParams;II)Lcom/bumptech/glide/load/data/DataFetcher;
05-14 15:55:45.918 10890 10890 D M_InsDal: Lcom/fsck/k9/activity/misc/ContactPictureLoader$FallbackGlideModelLoader$1;---><init>(Lcom/fsck/k9/activity/misc/ContactPictureLoader$FallbackGlideModelLoader;Lcom/fsck/k9/activity/misc/ContactPictureLoader$FallbackGlideParams;)V
05-14 15:55:45.918 10890 10890 D M_InsDal: Lcom/fsck/k9/activity/misc/ContactPictureLoader$FallbackGlideModelLoader$1;--->getId()Ljava/lang/String;
05-14 15:55:45.918 10890 10890 D M_InsDal: Lcom/fsck/k9/activity/misc/ContactPictureLoader$FallbackGlideParams;--->getId()Ljava/lang/String;
05-14 15:55:45.918 10890 10890 D M_InsDal: Lcom/fsck/k9/mail/Address;--->getAddress()Ljava/lang/String;
05-14 15:55:45.918 10890 10890 D M_InsDal: Lcom/fsck/k9/mail/Address;--->getPersonal()Ljava/lang/String;
05-14 15:55:45.918 10890 10890 D M_InsDal: Lcom/fsck/k9/activity/misc/ContactPictureLoader$FallbackGlideBitmapDecoder;--->getId()Ljava/lang/String;
05-14 15:55:45.918 10890 10890 D M_InsDal: Lcom/fsck/k9/activity/misc/ContactPictureLoader$FallbackGlideModelLoader;--->getResourceFetcher(Lcom/fsck/k9/activity/misc/ContactPictureLoader$FallbackGlideParams;II)Lcom/bumptech/glide/load/data/DataFetcher;
05-14 15:55:45.918 10890 10890 D M_InsDal: Lcom/fsck/k9/activity/misc/ContactPictureLoader$FallbackGlideModelLoader$1;---><init>(Lcom/fsck/k9/activity/misc/ContactPictureLoader$FallbackGlideModelLoader;Lcom/fsck/k9/activity/misc/ContactPictureLoader$FallbackGlideParams;)V
05-14 15:55:45.918 10890 10890 D M_InsDal: Lcom/fsck/k9/activity/misc/ContactPictureLoader$FallbackGlideModelLoader$1;--->getId()Ljava/lang/String;
05-14 15:55:45.918 10890 10890 D M_InsDal: Lcom/fsck/k9/activity/misc/ContactPictureLoader$FallbackGlideParams;--->getId()Ljava/lang/String;
05-14 15:55:45.918 10890 10890 D M_InsDal: Lcom/fsck/k9/mail/Address;--->getAddress()Ljava/lang/String;
05-14 15:55:45.918 10890 10890 D M_InsDal: Lcom/fsck/k9/mail/Address;--->getPersonal()Ljava/lang/String;
05-14 15:55:45.918 10890 10890 D M_InsDal: Lcom/fsck/k9/activity/misc/ContactPictureLoader$FallbackGlideBitmapDecoder;--->getId()Ljava/lang/String;
05-14 15:55:45.918 10890 10890 D M_InsDal: Lcom/fsck/k9/activity/misc/ContactPictureLoader$FallbackGlideBitmapDecoder;--->getId()Ljava/lang/String;
05-14 15:55:45.918 10890 10890 D M_InsDal: Lcom/fsck/k9/activity/misc/ContactPictureLoader$FallbackGlideModelLoader;--->getResourceFetcher(Lcom/fsck/k9/activity/misc/ContactPictureLoader$FallbackGlideParams;II)Lcom/bumptech/glide/load/data/DataFetcher;
05-14 15:55:45.918 10890 10890 D M_InsDal: Lcom/fsck/k9/activity/misc/ContactPictureLoader$FallbackGlideModelLoader$1;---><init>(Lcom/fsck/k9/activity/misc/ContactPictureLoader$FallbackGlideModelLoader;Lcom/fsck/k9/activity/misc/ContactPictureLoader$FallbackGlideParams;)V
05-14 15:55:45.918 10890 10890 D M_InsDal: Lcom/fsck/k9/activity/misc/ContactPictureLoader$FallbackGlideModelLoader$1;--->getId()Ljava/lang/String;
05-14 15:55:45.918 10890 10890 D M_InsDal: Lcom/fsck/k9/activity/misc/ContactPictureLoader$FallbackGlideParams;--->getId()Ljava/lang/String;
05-14 15:55:45.918 10890 10890 D M_InsDal: Lcom/fsck/k9/mail/Address;--->getAddress()Ljava/lang/String;
05-14 15:55:45.918 10890 10890 D M_InsDal: Lcom/fsck/k9/mail/Address;--->getPersonal()Ljava/lang/String;
05-14 15:55:45.918 10890 10890 D M_InsDal: Lcom/fsck/k9/activity/misc/ContactPictureLoader$FallbackGlideBitmapDecoder;--->getId()Ljava/lang/String;
05-14 15:55:45.918 10890 10890 D M_InsDal: Lcom/fsck/k9/activity/misc/ContactPictureLoader$FallbackGlideModelLoader;--->getResourceFetcher(Lcom/fsck/k9/activity/misc/ContactPictureLoader$FallbackGlideParams;II)Lcom/bumptech/glide/load/data/DataFetcher;
05-14 15:55:45.918 10890 10890 D M_InsDal: Lcom/fsck/k9/activity/misc/ContactPictureLoader$FallbackGlideModelLoader$1;---><init>(Lcom/fsck/k9/activity/misc/ContactPictureLoader$FallbackGlideModelLoader;Lcom/fsck/k9/activity/misc/ContactPictureLoader$FallbackGlideParams;)V
05-14 15:55:45.918 10890 10890 D M_InsDal: Lcom/fsck/k9/activity/misc/ContactPictureLoader$FallbackGlideModelLoader$1;--->getId()Ljava/lang/String;
05-14 15:55:45.918 10890 10890 D M_InsDal: Lcom/fsck/k9/activity/misc/ContactPictureLoader$FallbackGlideParams;--->getId()Ljava/lang/String;
05-14 15:55:45.918 10890 10890 D M_InsDal: Lcom/fsck/k9/mail/Address;--->getAddress()Ljava/lang/String;
05-14 15:55:45.918 10890 10890 D M_InsDal: Lcom/fsck/k9/mail/Address;--->getPersonal()Ljava/lang/String;
05-14 15:55:45.918 10890 10890 D M_InsDal: Lcom/fsck/k9/activity/misc/ContactPictureLoader$FallbackGlideBitmapDecoder;--->getId()Ljava/lang/String;
05-14 15:55:45.918 10890 10890 D M_InsDal: Lcom/fsck/k9/activity/misc/ContactPictureLoader$FallbackGlideBitmapDecoder;--->getId()Ljava/lang/String;
05-14 15:55:45.919 10890 10924 D M_InsDal: Lcom/fsck/k9/activity/misc/ContactPictureLoader$FallbackGlideModelLoader$1;--->loadData(Lcom/bumptech/glide/Priority;)Lcom/fsck/k9/activity/misc/ContactPictureLoader$FallbackGlideParams;
05-14 15:55:45.919 10890 10924 D M_InsDal: Lcom/fsck/k9/activity/misc/ContactPictureLoader$FallbackGlideBitmapDecoder;--->decode(Lcom/fsck/k9/activity/misc/ContactPictureLoader$FallbackGlideParams;II)Lcom/bumptech/glide/load/engine/Resource;
05-14 15:55:45.919 10890 10924 D M_InsDal: Lcom/fsck/k9/activity/misc/ContactPictureLoader;--->drawTextAndBgColorOnBitmap(Landroid/graphics/Bitmap;Lcom/fsck/k9/activity/misc/ContactPictureLoader$FallbackGlideParams;)Landroid/graphics/Bitmap;
05-14 15:55:45.919 10890 10924 D M_InsDal: Lcom/fsck/k9/activity/misc/ContactPictureLoader;--->calcUnknownContactColor(Lcom/fsck/k9/mail/Address;)I
05-14 15:55:45.919 10890 10924 D M_InsDal: Lcom/fsck/k9/mail/Address;--->hashCode()I
05-14 15:55:45.919 10890 10924 D M_InsDal: Lcom/fsck/k9/activity/misc/ContactPictureLoader;--->calcUnknownContactLetter(Lcom/fsck/k9/mail/Address;)Ljava/lang/String;
05-14 15:55:45.919 10890 10924 D M_InsDal: Lcom/fsck/k9/mail/Address;--->getPersonal()Ljava/lang/String;
05-14 15:55:45.919 10890 10926 D M_InsDal: Lcom/fsck/k9/activity/misc/ContactPictureLoader$FallbackGlideModelLoader$1;--->loadData(Lcom/bumptech/glide/Priority;)Lcom/fsck/k9/activity/misc/ContactPictureLoader$FallbackGlideParams;
05-14 15:55:45.919 10890 10890 D M_InsDal: Lcom/fsck/k9/cache/EmailProviderCacheCursor;--->getCount()I
05-14 15:55:45.920 10890 10890 D M_InsDal: Lcom/fsck/k9/cache/EmailProviderCacheCursor;--->getCount()I
05-14 15:55:45.920 10890 10926 D M_InsDal: Lcom/fsck/k9/activity/misc/ContactPictureLoader$FallbackGlideBitmapDecoder;--->decode(Lcom/fsck/k9/activity/misc/ContactPictureLoader$FallbackGlideParams;II)Lcom/bumptech/glide/load/engine/Resource;
05-14 15:55:45.920 10890 10926 D M_InsDal: Lcom/fsck/k9/activity/misc/ContactPictureLoader;--->drawTextAndBgColorOnBitmap(Landroid/graphics/Bitmap;Lcom/fsck/k9/activity/misc/ContactPictureLoader$FallbackGlideParams;)Landroid/graphics/Bitmap;
05-14 15:55:45.920 10890 10926 D M_InsDal: Lcom/fsck/k9/activity/misc/ContactPictureLoader;--->calcUnknownContactColor(Lcom/fsck/k9/mail/Address;)I
05-14 15:55:45.920 10890 10926 D M_InsDal: Lcom/fsck/k9/mail/Address;--->hashCode()I
05-14 15:55:45.920 10890 10926 D M_InsDal: Lcom/fsck/k9/activity/misc/ContactPictureLoader;--->calcUnknownContactLetter(Lcom/fsck/k9/mail/Address;)Ljava/lang/String;
05-14 15:55:45.920 10890 10926 D M_InsDal: Lcom/fsck/k9/mail/Address;--->getPersonal()Ljava/lang/String;
05-14 15:55:45.920 10890 10924 D M_InsDal: Lcom/fsck/k9/activity/misc/ContactPictureLoader$FallbackGlideModelLoader$1;--->cleanup()V
05-14 15:55:45.921 10890 10926 D M_InsDal: Lcom/fsck/k9/activity/misc/ContactPictureLoader$FallbackGlideModelLoader$1;--->cleanup()V
05-14 15:55:45.922 10890 10925 D M_InsDal: Lcom/fsck/k9/activity/misc/ContactPictureLoader$FallbackGlideModelLoader$1;--->loadData(Lcom/bumptech/glide/Priority;)Lcom/fsck/k9/activity/misc/ContactPictureLoader$FallbackGlideParams;
05-14 15:55:45.922 10890 10927 D M_InsDal: Lcom/fsck/k9/activity/misc/ContactPictureLoader$FallbackGlideModelLoader$1;--->loadData(Lcom/bumptech/glide/Priority;)Lcom/fsck/k9/activity/misc/ContactPictureLoader$FallbackGlideParams;
05-14 15:55:45.922 10890 10925 D M_InsDal: Lcom/fsck/k9/activity/misc/ContactPictureLoader$FallbackGlideBitmapDecoder;--->decode(Lcom/fsck/k9/activity/misc/ContactPictureLoader$FallbackGlideParams;II)Lcom/bumptech/glide/load/engine/Resource;
05-14 15:55:45.922 10890 10927 D M_InsDal: Lcom/fsck/k9/activity/misc/ContactPictureLoader$FallbackGlideBitmapDecoder;--->decode(Lcom/fsck/k9/activity/misc/ContactPictureLoader$FallbackGlideParams;II)Lcom/bumptech/glide/load/engine/Resource;
05-14 15:55:45.922 10890 10925 D M_InsDal: Lcom/fsck/k9/activity/misc/ContactPictureLoader;--->drawTextAndBgColorOnBitmap(Landroid/graphics/Bitmap;Lcom/fsck/k9/activity/misc/ContactPictureLoader$FallbackGlideParams;)Landroid/graphics/Bitmap;
05-14 15:55:45.922 10890 10925 D M_InsDal: Lcom/fsck/k9/activity/misc/ContactPictureLoader;--->calcUnknownContactColor(Lcom/fsck/k9/mail/Address;)I
05-14 15:55:45.922 10890 10927 D M_InsDal: Lcom/fsck/k9/activity/misc/ContactPictureLoader;--->drawTextAndBgColorOnBitmap(Landroid/graphics/Bitmap;Lcom/fsck/k9/activity/misc/ContactPictureLoader$FallbackGlideParams;)Landroid/graphics/Bitmap;
05-14 15:55:45.922 10890 10925 D M_InsDal: Lcom/fsck/k9/mail/Address;--->hashCode()I
05-14 15:55:45.922 10890 10927 D M_InsDal: Lcom/fsck/k9/activity/misc/ContactPictureLoader;--->calcUnknownContactColor(Lcom/fsck/k9/mail/Address;)I
05-14 15:55:45.922 10890 10927 D M_InsDal: Lcom/fsck/k9/mail/Address;--->hashCode()I
05-14 15:55:45.922 10890 10925 D M_InsDal: Lcom/fsck/k9/activity/misc/ContactPictureLoader;--->calcUnknownContactLetter(Lcom/fsck/k9/mail/Address;)Ljava/lang/String;
05-14 15:55:45.922 10890 10925 D M_InsDal: Lcom/fsck/k9/mail/Address;--->getPersonal()Ljava/lang/String;
05-14 15:55:45.923 10890 10927 D M_InsDal: Lcom/fsck/k9/activity/misc/ContactPictureLoader;--->calcUnknownContactLetter(Lcom/fsck/k9/mail/Address;)Ljava/lang/String;
05-14 15:55:45.923 10890 10927 D M_InsDal: Lcom/fsck/k9/mail/Address;--->getPersonal()Ljava/lang/String;
05-14 15:55:45.923 10890 10925 D M_InsDal: Lcom/fsck/k9/activity/misc/ContactPictureLoader$FallbackGlideModelLoader$1;--->cleanup()V
05-14 15:55:45.924 10890 10926 D M_InsDal: Lcom/fsck/k9/activity/misc/ContactPictureLoader$FallbackGlideModelLoader$1;--->loadData(Lcom/bumptech/glide/Priority;)Lcom/fsck/k9/activity/misc/ContactPictureLoader$FallbackGlideParams;
05-14 15:55:45.924 10890 10926 D M_InsDal: Lcom/fsck/k9/activity/misc/ContactPictureLoader$FallbackGlideBitmapDecoder;--->decode(Lcom/fsck/k9/activity/misc/ContactPictureLoader$FallbackGlideParams;II)Lcom/bumptech/glide/load/engine/Resource;
05-14 15:55:45.924 10890 10926 D M_InsDal: Lcom/fsck/k9/activity/misc/ContactPictureLoader;--->drawTextAndBgColorOnBitmap(Landroid/graphics/Bitmap;Lcom/fsck/k9/activity/misc/ContactPictureLoader$FallbackGlideParams;)Landroid/graphics/Bitmap;
05-14 15:55:45.924 10890 10926 D M_InsDal: Lcom/fsck/k9/activity/misc/ContactPictureLoader;--->calcUnknownContactColor(Lcom/fsck/k9/mail/Address;)I
05-14 15:55:45.924 10890 10926 D M_InsDal: Lcom/fsck/k9/mail/Address;--->hashCode()I
05-14 15:55:45.924 10890 10927 D M_InsDal: Lcom/fsck/k9/activity/misc/ContactPictureLoader$FallbackGlideModelLoader$1;--->cleanup()V
05-14 15:55:45.924 10890 10926 D M_InsDal: Lcom/fsck/k9/activity/misc/ContactPictureLoader;--->calcUnknownContactLetter(Lcom/fsck/k9/mail/Address;)Ljava/lang/String;
05-14 15:55:45.924 10890 10926 D M_InsDal: Lcom/fsck/k9/mail/Address;--->getPersonal()Ljava/lang/String;
05-14 15:55:45.924 10890 10926 D M_InsDal: Lcom/fsck/k9/activity/misc/ContactPictureLoader$FallbackGlideModelLoader$1;--->cleanup()V
05-14 15:55:45.936 10890 10890 D M_InsDal: Lcom/fsck/k9/cache/EmailProviderCacheCursor;--->getCount()I
05-14 15:55:45.937 10890 10890 D M_InsDal: Lcom/fsck/k9/cache/EmailProviderCacheCursor;--->getCount()I
05-14 15:55:45.937 10890 10890 D M_InsDal: Lcom/fsck/k9/cache/EmailProviderCacheCursor;--->getCount()I
05-14 15:55:45.937 10890 10890 D M_InsDal: Lcom/fsck/k9/cache/EmailProviderCacheCursor;--->getCount()I
05-14 15:55:45.937 10890 10890 D M_InsDal: Lcom/fsck/k9/cache/EmailProviderCacheCursor;--->getCount()I
05-14 15:55:45.953 10890 10890 D M_InsDal: Lcom/fsck/k9/cache/EmailProviderCacheCursor;--->getCount()I
05-14 15:55:47.137 10890 10890 D M_InsDal: Lcom/fsck/k9/cache/EmailProviderCacheCursor;--->getCount()I
05-14 15:55:47.137 10890 10890 D M_InsDal: Lcom/fsck/k9/cache/EmailProviderCacheCursor;--->getCount()I
05-14 15:55:47.154 10890 10890 D M_InsDal: Lcom/fsck/k9/cache/EmailProviderCacheCursor;--->getCount()I
05-14 15:55:47.389 10890 10890 D M_InsDal: Lcom/fsck/k9/cache/EmailProviderCacheCursor;--->getCount()I
05-14 15:55:52.710 10890 10916 D M_InsDal: Lcom/fsck/k9/mail/store/imap/ImapConnection;--->configureSocket()V
05-14 15:55:52.710 10890 10916 D M_InsDal: Lcom/fsck/k9/mail/store/imap/ImapConnection;--->setUpStreamsAndParserFromSocket()V
05-14 15:55:52.710 10890 10915 D M_InsDal: Lcom/fsck/k9/mail/store/imap/ImapConnection;--->configureSocket()V
05-14 15:55:52.711 10890 10915 D M_InsDal: Lcom/fsck/k9/mail/store/imap/ImapConnection;--->setUpStreamsAndParserFromSocket()V
05-14 15:55:52.740 10890 10915 D M_InsDal: Lcom/fsck/k9/mail/ssl/TrustManagerFactory$SecureX509TrustManager;--->checkServerTrusted([Ljava/security/cert/X509Certificate;Ljava/lang/String;)V
05-14 15:55:52.740 10890 10916 D M_InsDal: Lcom/fsck/k9/mail/ssl/TrustManagerFactory$SecureX509TrustManager;--->checkServerTrusted([Ljava/security/cert/X509Certificate;Ljava/lang/String;)V
05-14 15:55:52.768 10890 10916 D M_InsDal: Lcom/fsck/k9/mail/store/imap/ImapConnection;--->setUpStreamsAndParser(Ljava/io/InputStream;Ljava/io/OutputStream;)V
05-14 15:55:52.768 10890 10915 D M_InsDal: Lcom/fsck/k9/mail/store/imap/ImapConnection;--->setUpStreamsAndParser(Ljava/io/InputStream;Ljava/io/OutputStream;)V
05-14 15:55:52.768 10890 10916 D M_InsDal: Lcom/fsck/k9/mail/filter/PeekableInputStream;---><init>(Ljava/io/InputStream;)V
05-14 15:55:52.768 10890 10915 D M_InsDal: Lcom/fsck/k9/mail/filter/PeekableInputStream;---><init>(Ljava/io/InputStream;)V
05-14 15:55:52.768 10890 10915 D M_InsDal: Lcom/fsck/k9/mail/store/imap/ImapResponseParser;---><init>(Lcom/fsck/k9/mail/filter/PeekableInputStream;)V
05-14 15:55:52.768 10890 10916 D M_InsDal: Lcom/fsck/k9/mail/store/imap/ImapResponseParser;---><init>(Lcom/fsck/k9/mail/filter/PeekableInputStream;)V
05-14 15:55:52.768 10890 10916 D M_InsDal: Lcom/fsck/k9/mail/store/imap/ImapConnection;--->readInitialResponse()V
05-14 15:55:52.768 10890 10915 D M_InsDal: Lcom/fsck/k9/mail/store/imap/ImapConnection;--->readInitialResponse()V
05-14 15:55:52.768 10890 10915 D M_InsDal: Lcom/fsck/k9/mail/store/imap/ImapResponseParser;--->readResponse()Lcom/fsck/k9/mail/store/imap/ImapResponse;
05-14 15:55:52.768 10890 10916 D M_InsDal: Lcom/fsck/k9/mail/store/imap/ImapResponseParser;--->readResponse()Lcom/fsck/k9/mail/store/imap/ImapResponse;
05-14 15:55:52.768 10890 10916 D M_InsDal: Lcom/fsck/k9/mail/store/imap/ImapResponseParser;--->readResponse(Lcom/fsck/k9/mail/store/imap/ImapResponseCallback;)Lcom/fsck/k9/mail/store/imap/ImapResponse;
05-14 15:55:52.768 10890 10915 D M_InsDal: Lcom/fsck/k9/mail/store/imap/ImapResponseParser;--->readResponse(Lcom/fsck/k9/mail/store/imap/ImapResponseCallback;)Lcom/fsck/k9/mail/store/imap/ImapResponse;
05-14 15:55:52.768 10890 10916 D M_InsDal: Lcom/fsck/k9/mail/filter/PeekableInputStream;--->peek()I
05-14 15:55:52.768 10890 10915 D M_InsDal: Lcom/fsck/k9/mail/filter/PeekableInputStream;--->peek()I
05-14 15:55:52.769 10890 10916 D M_InsDal: Lcom/fsck/k9/mail/store/imap/ImapResponseParser;--->readUntaggedResponse(Lcom/fsck/k9/mail/store/imap/ImapResponseCallback;)V
05-14 15:55:52.769 10890 10916 D M_InsDal: Lcom/fsck/k9/mail/store/imap/ImapResponseParser;--->parseUntaggedResponse()V
05-14 15:55:52.769 10890 10916 D M_InsDal: Lcom/fsck/k9/mail/store/imap/ImapResponseParser;--->expect(C)V
05-14 15:55:52.769 10890 10916 D M_InsDal: Lcom/fsck/k9/mail/filter/PeekableInputStream;--->read()I
05-14 15:55:52.769 10890 10916 D M_InsDal: Lcom/fsck/k9/mail/store/imap/ImapResponseParser;--->expect(C)V
05-14 15:55:52.769 10890 10916 D M_InsDal: Lcom/fsck/k9/mail/filter/PeekableInputStream;--->read()I
05-14 15:55:52.770 10890 10916 D M_InsDal: Lcom/fsck/k9/mail/store/imap/ImapList;---><clinit>()V
05-14 15:55:52.770 10890 10916 D M_InsDal: Lcom/fsck/k9/mail/store/imap/ImapResponse;--->newUntaggedResponse(Lcom/fsck/k9/mail/store/imap/ImapResponseCallback;)Lcom/fsck/k9/mail/store/imap/ImapResponse;
05-14 15:55:52.770 10890 10916 D M_InsDal: Lcom/fsck/k9/mail/store/imap/ImapResponse;---><init>(Lcom/fsck/k9/mail/store/imap/ImapResponseCallback;ZLjava/lang/String;)V
05-14 15:55:52.770 10890 10916 D M_InsDal: Lcom/fsck/k9/mail/store/imap/ImapList;---><init>()V
05-14 15:55:52.770 10890 10916 D M_InsDal: Lcom/fsck/k9/mail/store/imap/ImapResponseParser;--->readTokens(Lcom/fsck/k9/mail/store/imap/ImapResponse;)V
05-14 15:55:52.770 10890 10916 D M_InsDal: Lcom/fsck/k9/mail/store/imap/ImapResponseParser;--->readToken(Lcom/fsck/k9/mail/store/imap/ImapResponse;)Ljava/lang/Object;
05-14 15:55:52.770 10890 10916 D M_InsDal: Lcom/fsck/k9/mail/store/imap/ImapResponseParser;--->parseToken(Lcom/fsck/k9/mail/store/imap/ImapList;)Ljava/lang/Object;
05-14 15:55:52.770 10890 10916 D M_InsDal: Lcom/fsck/k9/mail/filter/PeekableInputStream;--->peek()I
05-14 15:55:52.770 10890 10916 D M_InsDal: Lcom/fsck/k9/mail/store/imap/ImapResponseParser;--->parseBareString(Z)Ljava/lang/String;
05-14 15:55:52.770 10890 10916 D M_InsDal: Lcom/fsck/k9/mail/filter/PeekableInputStream;--->peek()I
05-14 15:55:52.770 10890 10916 D M_InsDal: Lcom/fsck/k9/mail/filter/PeekableInputStream;--->read()I
05-14 15:55:52.770 10890 10916 D M_InsDal: Lcom/fsck/k9/mail/filter/PeekableInputStream;--->peek()I
05-14 15:55:52.770 10890 10916 D M_InsDal: Lcom/fsck/k9/mail/filter/PeekableInputStream;--->read()I
05-14 15:55:52.770 10890 10916 D M_InsDal: Lcom/fsck/k9/mail/filter/PeekableInputStream;--->peek()I
05-14 15:55:52.770 10890 10916 D M_InsDal: Lcom/fsck/k9/mail/store/imap/ImapResponseParser;--->checkTokenIsString(Ljava/lang/Object;)V
05-14 15:55:52.770 10890 10916 D M_InsDal: Lcom/fsck/k9/mail/store/imap/ImapResponseParser;--->isStatusResponse(Ljava/lang/String;)Z
05-14 15:55:52.770 10890 10916 D M_InsDal: Lcom/fsck/k9/mail/store/imap/ImapResponseParser;--->parseResponseText(Lcom/fsck/k9/mail/store/imap/ImapResponse;)V
05-14 15:55:52.770 10890 10916 D M_InsDal: Lcom/fsck/k9/mail/store/imap/ImapResponseParser;--->skipIfSpace()V
05-14 15:55:52.770 10890 10916 D M_InsDal: Lcom/fsck/k9/mail/filter/PeekableInputStream;--->peek()I
05-14 15:55:52.770 10890 10916 D M_InsDal: Lcom/fsck/k9/mail/store/imap/ImapResponseParser;--->expect(C)V
05-14 15:55:52.770 10890 10916 D M_InsDal: Lcom/fsck/k9/mail/filter/PeekableInputStream;--->read()I
05-14 15:55:52.770 10890 10916 D M_InsDal: Lcom/fsck/k9/mail/filter/PeekableInputStream;--->peek()I
05-14 15:55:52.770 10890 10916 D M_InsDal: Lcom/fsck/k9/mail/store/imap/ImapResponseParser;--->parseList(Lcom/fsck/k9/mail/store/imap/ImapList;CC)Lcom/fsck/k9/mail/store/imap/ImapList;
05-14 15:55:52.770 10890 10916 D M_InsDal: Lcom/fsck/k9/mail/store/imap/ImapResponseParser;--->expect(C)V
05-14 15:55:52.770 10890 10916 D M_InsDal: Lcom/fsck/k9/mail/filter/PeekableInputStream;--->read()I
05-14 15:55:52.770 10890 10916 D M_InsDal: Lcom/fsck/k9/mail/store/imap/ImapList;---><init>()V
05-14 15:55:52.770 10890 10916 D M_InsDal: Lcom/fsck/k9/mail/store/imap/ImapResponseParser;--->parseToken(Lcom/fsck/k9/mail/store/imap/ImapList;)Ljava/lang/Object;
05-14 15:55:52.770 10890 10916 D M_InsDal: Lcom/fsck/k9/mail/filter/PeekableInputStream;--->peek()I
05-14 15:55:52.770 10890 10916 D M_InsDal: Lcom/fsck/k9/mail/store/imap/ImapResponseParser;--->parseBareString(Z)Ljava/lang/String;
05-14 15:55:52.770 10890 10916 D M_InsDal: Lcom/fsck/k9/mail/filter/PeekableInputStream;--->peek()I
05-14 15:55:52.770 10890 10916 D M_InsDal: Lcom/fsck/k9/mail/filter/PeekableInputStream;--->read()I
05-14 15:55:52.770 10890 10916 D M_InsDal: Lcom/fsck/k9/mail/filter/PeekableInputStream;--->peek()I
05-14 15:55:52.770 10890 10916 D M_InsDal: Lcom/fsck/k9/mail/filter/PeekableInputStream;--->read()I
05-14 15:55:52.770 10890 10916 D M_InsDal: Lcom/fsck/k9/mail/filter/PeekableInputStream;--->peek()I
05-14 15:55:52.770 10890 10916 D M_InsDal: Lcom/fsck/k9/mail/filter/PeekableInputStream;--->read()I
05-14 15:55:52.770 10890 10916 D M_InsDal: Lcom/fsck/k9/mail/filter/PeekableInputStream;--->peek()I
05-14 15:55:52.770 10890 10916 D M_InsDal: Lcom/fsck/k9/mail/filter/PeekableInputStream;--->read()I
05-14 15:55:52.770 10890 10916 D M_InsDal: Lcom/fsck/k9/mail/filter/PeekableInputStream;--->peek()I
05-14 15:55:52.770 10890 10916 D M_InsDal: Lcom/fsck/k9/mail/filter/PeekableInputStream;--->read()I
05-14 15:55:52.770 10890 10916 D M_InsDal: Lcom/fsck/k9/mail/filter/PeekableInputStream;--->peek()I
05-14 15:55:52.770 10890 10916 D M_InsDal: Lcom/fsck/k9/mail/filter/PeekableInputStream;--->read()I
05-14 15:55:52.770 10890 10916 D M_InsDal: Lcom/fsck/k9/mail/filter/PeekableInputStream;--->peek()I
05-14 15:55:52.770 10890 10916 D M_InsDal: Lcom/fsck/k9/mail/filter/PeekableInputStream;--->read()I
05-14 15:55:52.770 10890 10916 D M_InsDal: Lcom/fsck/k9/mail/filter/PeekableInputStream;--->peek()I
05-14 15:55:52.770 10890 10916 D M_InsDal: Lcom/fsck/k9/mail/filter/PeekableInputStream;--->read()I
05-14 15:55:52.770 10890 10916 D M_InsDal: Lcom/fsck/k9/mail/filter/PeekableInputStream;--->peek()I
05-14 15:55:52.770 10890 10916 D M_InsDal: Lcom/fsck/k9/mail/filter/PeekableInputStream;--->read()I
05-14 15:55:52.770 10890 10916 D M_InsDal: Lcom/fsck/k9/mail/filter/PeekableInputStream;--->peek()I
05-14 15:55:52.770 10890 10916 D M_InsDal: Lcom/fsck/k9/mail/filter/PeekableInputStream;--->read()I
05-14 15:55:52.770 10890 10916 D M_InsDal: Lcom/fsck/k9/mail/filter/PeekableInputStream;--->peek()I
05-14 15:55:52.770 10890 10916 D M_InsDal: Lcom/fsck/k9/mail/store/imap/ImapResponseParser;--->parseToken(Lcom/fsck/k9/mail/store/imap/ImapList;)Ljava/lang/Object;
05-14 15:55:52.770 10890 10916 D M_InsDal: Lcom/fsck/k9/mail/filter/PeekableInputStream;--->peek()I
05-14 15:55:52.770 10890 10916 D M_InsDal: Lcom/fsck/k9/mail/store/imap/ImapResponseParser;--->expect(C)V
05-14 15:55:52.770 10890 10916 D M_InsDal: Lcom/fsck/k9/mail/filter/PeekableInputStream;--->read()I
05-14 15:55:52.770 10890 10916 D M_InsDal: Lcom/fsck/k9/mail/filter/PeekableInputStream;--->peek()I
05-14 15:55:52.770 10890 10916 D M_InsDal: Lcom/fsck/k9/mail/store/imap/ImapResponseParser;--->parseBareString(Z)Ljava/lang/String;
05-14 15:55:52.770 10890 10916 D M_InsDal: Lcom/fsck/k9/mail/filter/PeekableInputStream;--->peek()I
05-14 15:55:52.770 10890 10916 D M_InsDal: Lcom/fsck/k9/mail/filter/PeekableInputStream;--->read()I
05-14 15:55:52.770 10890 10916 D M_InsDal: Lcom/fsck/k9/mail/filter/PeekableInputStream;--->peek()I
05-14 15:55:52.770 10890 10916 D M_InsDal: Lcom/fsck/k9/mail/filter/PeekableInputStream;--->read()I
05-14 15:55:52.770 10890 10916 D M_InsDal: Lcom/fsck/k9/mail/filter/PeekableInputStream;--->peek()I
05-14 15:55:52.770 10890 10916 D M_InsDal: Lcom/fsck/k9/mail/filter/PeekableInputStream;--->read()I
05-14 15:55:52.770 10890 10916 D M_InsDal: Lcom/fsck/k9/mail/filter/PeekableInputStream;--->peek()I
05-14 15:55:52.770 10890 10916 D M_InsDal: Lcom/fsck/k9/mail/filter/PeekableInputStream;--->read()I
05-14 15:55:52.770 10890 10916 D M_InsDal: Lcom/fsck/k9/mail/filter/PeekableInputStream;--->peek()I
05-14 15:55:52.770 10890 10916 D M_InsDal: Lcom/fsck/k9/mail/filter/PeekableInputStream;--->read()I
05-14 15:55:52.770 10890 10916 D M_InsDal: Lcom/fsck/k9/mail/filter/PeekableInputStream;--->peek()I
05-14 15:55:52.770 10890 10916 D M_InsDal: Lcom/fsck/k9/mail/store/imap/ImapResponseParser;--->parseToken(Lcom/fsck/k9/mail/store/imap/ImapList;)Ljava/lang/Object;
05-14 15:55:52.770 10890 10916 D M_InsDal: Lcom/fsck/k9/mail/filter/PeekableInputStream;--->peek()I
05-14 15:55:52.770 10890 10916 D M_InsDal: Lcom/fsck/k9/mail/store/imap/ImapResponseParser;--->expect(C)V
05-14 15:55:52.770 10890 10916 D M_InsDal: Lcom/fsck/k9/mail/filter/PeekableInputStream;--->read()I
05-14 15:55:52.770 10890 10916 D M_InsDal: Lcom/fsck/k9/mail/filter/PeekableInputStream;--->peek()I
05-14 15:55:52.770 10890 10916 D M_InsDal: Lcom/fsck/k9/mail/store/imap/ImapResponseParser;--->parseBareString(Z)Ljava/lang/String;
05-14 15:55:52.770 10890 10916 D M_InsDal: Lcom/fsck/k9/mail/filter/PeekableInputStream;--->peek()I
05-14 15:55:52.770 10890 10916 D M_InsDal: Lcom/fsck/k9/mail/filter/PeekableInputStream;--->read()I
05-14 15:55:52.770 10890 10916 D M_InsDal: Lcom/fsck/k9/mail/filter/PeekableInputStream;--->peek()I
05-14 15:55:52.770 10890 10916 D M_InsDal: Lcom/fsck/k9/mail/filter/PeekableInputStream;--->read()I
05-14 15:55:52.770 10890 10916 D M_InsDal: Lcom/fsck/k9/mail/filter/PeekableInputStream;--->peek()I
05-14 15:55:52.770 10890 10916 D M_InsDal: Lcom/fsck/k9/mail/filter/PeekableInputStream;--->read()I
05-14 15:55:52.770 10890 10916 D M_InsDal: Lcom/fsck/k9/mail/filter/PeekableInputStream;--->peek()I
05-14 15:55:52.770 10890 10916 D M_InsDal: Lcom/fsck/k9/mail/filter/PeekableInputStream;--->read()I
05-14 15:55:52.770 10890 10916 D M_InsDal: Lcom/fsck/k9/mail/filter/PeekableInputStream;--->peek()I
05-14 15:55:52.770 10890 10916 D M_InsDal: Lcom/fsck/k9/mail/filter/PeekableInputStream;--->read()I
05-14 15:55:52.770 10890 10916 D M_InsDal: Lcom/fsck/k9/mail/filter/PeekableInputStream;--->peek()I
05-14 15:55:52.770 10890 10916 D M_InsDal: Lcom/fsck/k9/mail/filter/PeekableInputStream;--->read()I
05-14 15:55:52.770 10890 10916 D M_InsDal: Lcom/fsck/k9/mail/filter/PeekableInputStream;--->peek()I
05-14 15:55:52.770 10890 10916 D M_InsDal: Lcom/fsck/k9/mail/filter/PeekableInputStream;--->read()I
05-14 15:55:52.770 10890 10916 D M_InsDal: Lcom/fsck/k9/mail/filter/PeekableInputStream;--->peek()I
05-14 15:55:52.770 10890 10916 D M_InsDal: Lcom/fsck/k9/mail/filter/PeekableInputStream;--->read()I
05-14 15:55:52.770 10890 10916 D M_InsDal: Lcom/fsck/k9/mail/filter/PeekableInputStream;--->peek()I
05-14 15:55:52.770 10890 10916 D M_InsDal: Lcom/fsck/k9/mail/filter/PeekableInputStream;--->read()I
05-14 15:55:52.770 10890 10916 D M_InsDal: Lcom/fsck/k9/mail/filter/PeekableInputStream;--->peek()I
05-14 15:55:52.770 10890 10916 D M_InsDal: Lcom/fsck/k9/mail/store/imap/ImapResponseParser;--->parseToken(Lcom/fsck/k9/mail/store/imap/ImapList;)Ljava/lang/Object;
05-14 15:55:52.770 10890 10916 D M_InsDal: Lcom/fsck/k9/mail/filter/PeekableInputStream;--->peek()I
05-14 15:55:52.770 10890 10916 D M_InsDal: Lcom/fsck/k9/mail/store/imap/ImapResponseParser;--->expect(C)V
05-14 15:55:52.770 10890 10916 D M_InsDal: Lcom/fsck/k9/mail/filter/PeekableInputStream;--->read()I
05-14 15:55:52.770 10890 10916 D M_InsDal: Lcom/fsck/k9/mail/filter/PeekableInputStream;--->peek()I
05-14 15:55:52.770 10890 10916 D M_InsDal: Lcom/fsck/k9/mail/store/imap/ImapResponseParser;--->parseBareString(Z)Ljava/lang/String;
05-14 15:55:52.770 10890 10916 D M_InsDal: Lcom/fsck/k9/mail/filter/PeekableInputStream;--->peek()I
05-14 15:55:52.771 10890 10916 D M_InsDal: Lcom/fsck/k9/mail/filter/PeekableInputStream;--->read()I
05-14 15:55:52.771 10890 10916 D M_InsDal: Lcom/fsck/k9/mail/filter/PeekableInputStream;--->peek()I
05-14 15:55:52.771 10890 10916 D M_InsDal: Lcom/fsck/k9/mail/filter/PeekableInputStream;--->read()I
05-14 15:55:52.771 10890 10916 D M_InsDal: Lcom/fsck/k9/mail/filter/PeekableInputStream;--->peek()I
05-14 15:55:52.771 10890 10916 D M_InsDal: Lcom/fsck/k9/mail/store/imap/ImapResponseParser;--->parseToken(Lcom/fsck/k9/mail/store/imap/ImapList;)Ljava/lang/Object;
05-14 15:55:52.771 10890 10916 D M_InsDal: Lcom/fsck/k9/mail/filter/PeekableInputStream;--->peek()I
05-14 15:55:52.771 10890 10916 D M_InsDal: Lcom/fsck/k9/mail/store/imap/ImapResponseParser;--->expect(C)V
05-14 15:55:52.771 10890 10916 D M_InsDal: Lcom/fsck/k9/mail/filter/PeekableInputStream;--->read()I
05-14 15:55:52.771 10890 10916 D M_InsDal: Lcom/fsck/k9/mail/filter/PeekableInputStream;--->peek()I
05-14 15:55:52.771 10890 10916 D M_InsDal: Lcom/fsck/k9/mail/store/imap/ImapResponseParser;--->parseBareString(Z)Ljava/lang/String;
05-14 15:55:52.771 10890 10916 D M_InsDal: Lcom/fsck/k9/mail/filter/PeekableInputStream;--->peek()I
05-14 15:55:52.771 10890 10916 D M_InsDal: Lcom/fsck/k9/mail/filter/PeekableInputStream;--->read()I
05-14 15:55:52.771 10890 10916 D M_InsDal: Lcom/fsck/k9/mail/filter/PeekableInputStream;--->peek()I
05-14 15:55:52.771 10890 10916 D M_InsDal: Lcom/fsck/k9/mail/filter/PeekableInputStream;--->read()I
05-14 15:55:52.771 10890 10916 D M_InsDal: Lcom/fsck/k9/mail/filter/PeekableInputStream;--->peek()I
05-14 15:55:52.771 10890 10916 D M_InsDal: Lcom/fsck/k9/mail/filter/PeekableInputStream;--->read()I
05-14 15:55:52.771 10890 10916 D M_InsDal: Lcom/fsck/k9/mail/filter/PeekableInputStream;--->peek()I
05-14 15:55:52.771 10890 10916 D M_InsDal: Lcom/fsck/k9/mail/filter/PeekableInputStream;--->read()I
05-14 15:55:52.771 10890 10916 D M_InsDal: Lcom/fsck/k9/mail/filter/PeekableInputStream;--->peek()I
05-14 15:55:52.771 10890 10916 D M_InsDal: Lcom/fsck/k9/mail/filter/PeekableInputStream;--->read()I
05-14 15:55:52.771 10890 10916 D M_InsDal: Lcom/fsck/k9/mail/filter/PeekableInputStream;--->peek()I
05-14 15:55:52.771 10890 10916 D M_InsDal: Lcom/fsck/k9/mail/filter/PeekableInputStream;--->read()I
05-14 15:55:52.771 10890 10916 D M_InsDal: Lcom/fsck/k9/mail/filter/PeekableInputStream;--->peek()I
05-14 15:55:52.771 10890 10916 D M_InsDal: Lcom/fsck/k9/mail/filter/PeekableInputStream;--->read()I
05-14 15:55:52.771 10890 10916 D M_InsDal: Lcom/fsck/k9/mail/filter/PeekableInputStream;--->peek()I
05-14 15:55:52.771 10890 10916 D M_InsDal: Lcom/fsck/k9/mail/filter/PeekableInputStream;--->read()I
05-14 15:55:52.771 10890 10916 D M_InsDal: Lcom/fsck/k9/mail/filter/PeekableInputStream;--->peek()I
05-14 15:55:52.771 10890 10916 D M_InsDal: Lcom/fsck/k9/mail/filter/PeekableInputStream;--->read()I
05-14 15:55:52.771 10890 10916 D M_InsDal: Lcom/fsck/k9/mail/filter/PeekableInputStream;--->peek()I
05-14 15:55:52.771 10890 10916 D M_InsDal: Lcom/fsck/k9/mail/filter/PeekableInputStream;--->read()I
05-14 15:55:52.771 10890 10916 D M_InsDal: Lcom/fsck/k9/mail/filter/PeekableInputStream;--->peek()I
05-14 15:55:52.771 10890 10916 D M_InsDal: Lcom/fsck/k9/mail/store/imap/ImapResponseParser;--->parseToken(Lcom/fsck/k9/mail/store/imap/ImapList;)Ljava/lang/Object;
05-14 15:55:52.771 10890 10916 D M_InsDal: Lcom/fsck/k9/mail/filter/PeekableInputStream;--->peek()I
05-14 15:55:52.771 10890 10916 D M_InsDal: Lcom/fsck/k9/mail/store/imap/ImapResponseParser;--->expect(C)V
05-14 15:55:52.771 10890 10916 D M_InsDal: Lcom/fsck/k9/mail/filter/PeekableInputStream;--->read()I
05-14 15:55:52.771 10890 10916 D M_InsDal: Lcom/fsck/k9/mail/filter/PeekableInputStream;--->peek()I
05-14 15:55:52.771 10890 10916 D M_InsDal: Lcom/fsck/k9/mail/store/imap/ImapResponseParser;--->parseBareString(Z)Ljava/lang/String;
05-14 15:55:52.771 10890 10916 D M_InsDal: Lcom/fsck/k9/mail/filter/PeekableInputStream;--->peek()I
05-14 15:55:52.771 10890 10916 D M_InsDal: Lcom/fsck/k9/mail/filter/PeekableInputStream;--->read()I
05-14 15:55:52.771 10890 10916 D M_InsDal: Lcom/fsck/k9/mail/filter/PeekableInputStream;--->peek()I
05-14 15:55:52.771 10890 10916 D M_InsDal: Lcom/fsck/k9/mail/filter/PeekableInputStream;--->read()I
05-14 15:55:52.771 10890 10916 D M_InsDal: Lcom/fsck/k9/mail/filter/PeekableInputStream;--->peek()I
05-14 15:55:52.771 10890 10916 D M_InsDal: Lcom/fsck/k9/mail/filter/PeekableInputStream;--->read()I
05-14 15:55:52.771 10890 10916 D M_InsDal: Lcom/fsck/k9/mail/filter/PeekableInputStream;--->peek()I
05-14 15:55:52.771 10890 10916 D M_InsDal: Lcom/fsck/k9/mail/filter/PeekableInputStream;--->read()I
05-14 15:55:52.771 10890 10916 D M_InsDal: Lcom/fsck/k9/mail/filter/PeekableInputStream;--->peek()I
05-14 15:55:52.771 10890 10916 D M_InsDal: Lcom/fsck/k9/mail/filter/PeekableInputStream;--->read()I
05-14 15:55:52.771 10890 10916 D M_InsDal: Lcom/fsck/k9/mail/filter/PeekableInputStream;--->peek()I
05-14 15:55:52.771 10890 10916 D M_InsDal: Lcom/fsck/k9/mail/filter/PeekableInputStream;--->read()I
05-14 15:55:52.771 10890 10916 D M_InsDal: Lcom/fsck/k9/mail/filter/PeekableInputStream;--->peek()I
05-14 15:55:52.771 10890 10916 D M_InsDal: Lcom/fsck/k9/mail/filter/PeekableInputStream;--->read()I
05-14 15:55:52.771 10890 10916 D M_InsDal: Lcom/fsck/k9/mail/filter/PeekableInputStream;--->peek()I
05-14 15:55:52.771 10890 10916 D M_InsDal: Lcom/fsck/k9/mail/filter/PeekableInputStream;--->read()I
05-14 15:55:52.771 10890 10916 D M_InsDal: Lcom/fsck/k9/mail/filter/PeekableInputStream;--->peek()I
05-14 15:55:52.771 10890 10916 D M_InsDal: Lcom/fsck/k9/mail/filter/PeekableInputStream;--->read()I
05-14 15:55:52.771 10890 10916 D M_InsDal: Lcom/fsck/k9/mail/filter/PeekableInputStream;--->peek()I
05-14 15:55:52.771 10890 10916 D M_InsDal: Lcom/fsck/k9/mail/filter/PeekableInputStream;--->read()I
05-14 15:55:52.771 10890 10916 D M_InsDal: Lcom/fsck/k9/mail/filter/PeekableInputStream;--->peek()I
05-14 15:55:52.771 10890 10916 D M_InsDal: Lcom/fsck/k9/mail/store/imap/ImapResponseParser;--->parseToken(Lcom/fsck/k9/mail/store/imap/ImapList;)Ljava/lang/Object;
05-14 15:55:52.771 10890 10916 D M_InsDal: Lcom/fsck/k9/mail/filter/PeekableInputStream;--->peek()I
05-14 15:55:52.771 10890 10916 D M_InsDal: Lcom/fsck/k9/mail/store/imap/ImapResponseParser;--->expect(C)V
05-14 15:55:52.771 10890 10916 D M_InsDal: Lcom/fsck/k9/mail/filter/PeekableInputStream;--->read()I
05-14 15:55:52.771 10890 10916 D M_InsDal: Lcom/fsck/k9/mail/filter/PeekableInputStream;--->peek()I
05-14 15:55:52.771 10890 10916 D M_InsDal: Lcom/fsck/k9/mail/store/imap/ImapResponseParser;--->parseBareString(Z)Ljava/lang/String;
05-14 15:55:52.771 10890 10916 D M_InsDal: Lcom/fsck/k9/mail/filter/PeekableInputStream;--->peek()I
05-14 15:55:52.771 10890 10916 D M_InsDal: Lcom/fsck/k9/mail/filter/PeekableInputStream;--->read()I
05-14 15:55:52.771 10890 10916 D M_InsDal: Lcom/fsck/k9/mail/filter/PeekableInputStream;--->peek()I
05-14 15:55:52.771 10890 10916 D M_InsDal: Lcom/fsck/k9/mail/filter/PeekableInputStream;--->read()I
05-14 15:55:52.771 10890 10916 D M_InsDal: Lcom/fsck/k9/mail/filter/PeekableInputStream;--->peek()I
05-14 15:55:52.771 10890 10916 D M_InsDal: Lcom/fsck/k9/mail/filter/PeekableInputStream;--->read()I
05-14 15:55:52.771 10890 10916 D M_InsDal: Lcom/fsck/k9/mail/filter/PeekableInputStream;--->peek()I
05-14 15:55:52.771 10890 10916 D M_InsDal: Lcom/fsck/k9/mail/filter/PeekableInputStream;--->read()I
05-14 15:55:52.771 10890 10916 D M_InsDal: Lcom/fsck/k9/mail/filter/PeekableInputStream;--->peek()I
05-14 15:55:52.771 10890 10916 D M_InsDal: Lcom/fsck/k9/mail/filter/PeekableInputStream;--->read()I
05-14 15:55:52.771 10890 10916 D M_InsDal: Lcom/fsck/k9/mail/filter/PeekableInputStream;--->peek()I
05-14 15:55:52.771 10890 10916 D M_InsDal: Lcom/fsck/k9/mail/filter/PeekableInputStream;--->read()I
05-14 15:55:52.771 10890 10916 D M_InsDal: Lcom/fsck/k9/mail/filter/PeekableInputStream;--->peek()I
05-14 15:55:52.771 10890 10916 D M_InsDal: Lcom/fsck/k9/mail/filter/PeekableInputStream;--->read()I
05-14 15:55:52.771 10890 10916 D M_InsDal: Lcom/fsck/k9/mail/filter/PeekableInputStream;--->peek()I
05-14 15:55:52.771 10890 10916 D M_InsDal: Lcom/fsck/k9/mail/filter/PeekableInputStream;--->read()I
05-14 15:55:52.771 10890 10916 D M_InsDal: Lcom/fsck/k9/mail/filter/PeekableInputStream;--->peek()I
05-14 15:55:52.771 10890 10916 D M_InsDal: Lcom/fsck/k9/mail/filter/PeekableInputStream;--->read()I
05-14 15:55:52.771 10890 10916 D M_InsDal: Lcom/fsck/k9/mail/filter/PeekableInputStream;--->peek()I
05-14 15:55:52.771 10890 10916 D M_InsDal: Lcom/fsck/k9/mail/filter/PeekableInputStream;--->read()I
05-14 15:55:52.771 10890 10916 D M_InsDal: Lcom/fsck/k9/mail/filter/PeekableInputStream;--->peek()I
05-14 15:55:52.771 10890 10916 D M_InsDal: Lcom/fsck/k9/mail/filter/PeekableInputStream;--->read()I
05-14 15:55:52.771 10890 10916 D M_InsDal: Lcom/fsck/k9/mail/filter/PeekableInputStream;--->peek()I
05-14 15:55:52.771 10890 10916 D M_InsDal: Lcom/fsck/k9/mail/filter/PeekableInputStream;--->read()I
05-14 15:55:52.771 10890 10916 D M_InsDal: Lcom/fsck/k9/mail/filter/PeekableInputStream;--->peek()I
05-14 15:55:52.771 10890 10916 D M_InsDal: Lcom/fsck/k9/mail/store/imap/ImapResponseParser;--->parseToken(Lcom/fsck/k9/mail/store/imap/ImapList;)Ljava/lang/Object;
05-14 15:55:52.771 10890 10916 D M_InsDal: Lcom/fsck/k9/mail/filter/PeekableInputStream;--->peek()I
05-14 15:55:52.771 10890 10916 D M_InsDal: Lcom/fsck/k9/mail/store/imap/ImapResponseParser;--->expect(C)V
05-14 15:55:52.771 10890 10916 D M_InsDal: Lcom/fsck/k9/mail/filter/PeekableInputStream;--->read()I
05-14 15:55:52.771 10890 10916 D M_InsDal: Lcom/fsck/k9/mail/filter/PeekableInputStream;--->peek()I
05-14 15:55:52.771 10890 10916 D M_InsDal: Lcom/fsck/k9/mail/store/imap/ImapResponseParser;--->parseBareString(Z)Ljava/lang/String;
05-14 15:55:52.771 10890 10916 D M_InsDal: Lcom/fsck/k9/mail/filter/PeekableInputStream;--->peek()I
05-14 15:55:52.771 10890 10916 D M_InsDal: Lcom/fsck/k9/mail/filter/PeekableInputStream;--->read()I
05-14 15:55:52.771 10890 10916 D M_InsDal: Lcom/fsck/k9/mail/filter/PeekableInputStream;--->peek()I
05-14 15:55:52.771 10890 10916 D M_InsDal: Lcom/fsck/k9/mail/filter/PeekableInputStream;--->read()I
05-14 15:55:52.771 10890 10916 D M_InsDal: Lcom/fsck/k9/mail/filter/PeekableInputStream;--->peek()I
05-14 15:55:52.771 10890 10916 D M_InsDal: Lcom/fsck/k9/mail/filter/PeekableInputStream;--->read()I
05-14 15:55:52.771 10890 10916 D M_InsDal: Lcom/fsck/k9/mail/filter/PeekableInputStream;--->peek()I
05-14 15:55:52.771 10890 10916 D M_InsDal: Lcom/fsck/k9/mail/filter/PeekableInputStream;--->read()I
05-14 15:55:52.771 10890 10916 D M_InsDal: Lcom/fsck/k9/mail/filter/PeekableInputStream;--->peek()I
05-14 15:55:52.771 10890 10916 D M_InsDal: Lcom/fsck/k9/mail/filter/PeekableInputStream;--->read()I
05-14 15:55:52.771 10890 10916 D M_InsDal: Lcom/fsck/k9/mail/filter/PeekableInputStream;--->peek()I
05-14 15:55:52.771 10890 10916 D M_InsDal: Lcom/fsck/k9/mail/filter/PeekableInputStream;--->read()I
05-14 15:55:52.771 10890 10916 D M_InsDal: Lcom/fsck/k9/mail/filter/PeekableInputStream;--->peek()I
05-14 15:55:52.771 10890 10916 D M_InsDal: Lcom/fsck/k9/mail/filter/PeekableInputStream;--->read()I
05-14 15:55:52.771 10890 10916 D M_InsDal: Lcom/fsck/k9/mail/filter/PeekableInputStream;--->peek()I
05-14 15:55:52.771 10890 10916 D M_InsDal: Lcom/fsck/k9/mail/filter/PeekableInputStream;--->read()I
05-14 15:55:52.771 10890 10916 D M_InsDal: Lcom/fsck/k9/mail/filter/PeekableInputStream;--->peek()I
05-14 15:55:52.771 10890 10916 D M_InsDal: Lcom/fsck/k9/mail/filter/PeekableInputStream;--->read()I
05-14 15:55:52.771 10890 10916 D M_InsDal: Lcom/fsck/k9/mail/filter/PeekableInputStream;--->peek()I
05-14 15:55:52.771 10890 10916 D M_InsDal: Lcom/fsck/k9/mail/store/imap/ImapResponseParser;--->parseToken(Lcom/fsck/k9/mail/store/imap/ImapList;)Ljava/lang/Object;
05-14 15:55:52.771 10890 10916 D M_InsDal: Lcom/fsck/k9/mail/filter/PeekableInputStream;--->peek()I
05-14 15:55:52.771 10890 10916 D M_InsDal: Lcom/fsck/k9/mail/store/imap/ImapResponseParser;--->expect(C)V
05-14 15:55:52.771 10890 10916 D M_InsDal: Lcom/fsck/k9/mail/filter/PeekableInputStream;--->read()I
05-14 15:55:52.771 10890 10916 D M_InsDal: Lcom/fsck/k9/mail/store/imap/ImapResponseParser;--->skipIfSpace()V
05-14 15:55:52.771 10890 10916 D M_InsDal: Lcom/fsck/k9/mail/filter/PeekableInputStream;--->peek()I
05-14 15:55:52.771 10890 10916 D M_InsDal: Lcom/fsck/k9/mail/store/imap/ImapResponseParser;--->expect(C)V
05-14 15:55:52.771 10890 10916 D M_InsDal: Lcom/fsck/k9/mail/filter/PeekableInputStream;--->read()I
05-14 15:55:52.771 10890 10916 D M_InsDal: Lcom/fsck/k9/mail/store/imap/ImapResponseParser;--->readStringUntilEndOfLine()Ljava/lang/String;
05-14 15:55:52.771 10890 10916 D M_InsDal: Lcom/fsck/k9/mail/store/imap/ImapResponseParser;--->readStringUntil(C)Ljava/lang/String;
05-14 15:55:52.771 10890 10916 D M_InsDal: Lcom/fsck/k9/mail/filter/PeekableInputStream;--->read()I
05-14 15:55:52.771 10890 10916 D M_InsDal: Lcom/fsck/k9/mail/filter/PeekableInputStream;--->read()I
05-14 15:55:52.771 10890 10916 D M_InsDal: Lcom/fsck/k9/mail/store/imap/ImapResponseParser;--->expect(C)V
05-14 15:55:52.771 10890 10916 D M_InsDal: Lcom/fsck/k9/mail/filter/PeekableInputStream;--->read()I
05-14 15:55:52.771 10890 10916 D M_InsDal: Lcom/fsck/k9/mail/K9MailLib;--->isDebug()Z
05-14 15:55:52.771 10890 10916 D M_InsDal: Lcom/fsck/k9/K9$2;--->enabled()Z
05-14 15:55:52.771 10890 10916 D M_InsDal: Lcom/fsck/k9/mail/store/imap/ImapConnection;--->extractCapabilities(Ljava/util/List;)Ljava/util/List;
05-14 15:55:52.771 10890 10916 D M_InsDal: Lcom/fsck/k9/mail/store/imap/CapabilityResponse;--->parse(Ljava/util/List;)Lcom/fsck/k9/mail/store/imap/CapabilityResponse;
05-14 15:55:52.771 10890 10916 D M_InsDal: Lcom/fsck/k9/mail/store/imap/ImapResponseParser;--->equalsIgnoreCase(Ljava/lang/Object;Ljava/lang/String;)Z
05-14 15:55:52.771 10890 10916 D M_InsDal: Lcom/fsck/k9/mail/store/imap/ImapList;--->isList(I)Z
05-14 15:55:52.771 10890 10916 D M_InsDal: Lcom/fsck/k9/mail/store/imap/ImapList;--->inRange(I)Z
05-14 15:55:52.771 10890 10916 D M_InsDal: Lcom/fsck/k9/mail/store/imap/ImapList;--->getList(I)Lcom/fsck/k9/mail/store/imap/ImapList;
05-14 15:55:52.771 10890 10916 D M_InsDal: Lcom/fsck/k9/mail/store/imap/CapabilityResponse;--->parse(Lcom/fsck/k9/mail/store/imap/ImapList;)Lcom/fsck/k9/mail/store/imap/CapabilityResponse;
05-14 15:55:52.771 10890 10916 D M_InsDal: Lcom/fsck/k9/mail/store/imap/ImapResponseParser;--->equalsIgnoreCase(Ljava/lang/Object;Ljava/lang/String;)Z
05-14 15:55:52.771 10890 10916 D M_InsDal: Lcom/fsck/k9/mail/store/imap/ImapList;--->isString(I)Z
05-14 15:55:52.771 10890 10916 D M_InsDal: Lcom/fsck/k9/mail/store/imap/ImapList;--->inRange(I)Z
05-14 15:55:52.771 10890 10916 D M_InsDal: Lcom/fsck/k9/mail/store/imap/ImapList;--->getString(I)Ljava/lang/String;
05-14 15:55:52.771 10890 10916 D M_InsDal: Lcom/fsck/k9/mail/store/imap/ImapList;--->isString(I)Z
05-14 15:55:52.771 10890 10916 D M_InsDal: Lcom/fsck/k9/mail/store/imap/ImapList;--->inRange(I)Z
05-14 15:55:52.771 10890 10916 D M_InsDal: Lcom/fsck/k9/mail/store/imap/ImapList;--->getString(I)Ljava/lang/String;
05-14 15:55:52.771 10890 10916 D M_InsDal: Lcom/fsck/k9/mail/store/imap/ImapList;--->isString(I)Z
05-14 15:55:52.771 10890 10916 D M_InsDal: Lcom/fsck/k9/mail/store/imap/ImapList;--->inRange(I)Z
05-14 15:55:52.771 10890 10916 D M_InsDal: Lcom/fsck/k9/mail/store/imap/ImapList;--->getString(I)Ljava/lang/String;
05-14 15:55:52.771 10890 10916 D M_InsDal: Lcom/fsck/k9/mail/store/imap/ImapList;--->isString(I)Z
05-14 15:55:52.771 10890 10916 D M_InsDal: Lcom/fsck/k9/mail/store/imap/ImapList;--->inRange(I)Z
05-14 15:55:52.771 10890 10916 D M_InsDal: Lcom/fsck/k9/mail/store/imap/ImapList;--->getString(I)Ljava/lang/String;
05-14 15:55:52.771 10890 10916 D M_InsDal: Lcom/fsck/k9/mail/store/imap/ImapList;--->isString(I)Z
