05-14 15:56:08.239 10974 10974 D M_InsDal: Lcom/fsck/k9/activity/misc/ContactPictureLoader$FallbackGlideParams;--->getId()Ljava/lang/String;
05-14 15:56:08.239 10974 10974 D M_InsDal: Lcom/fsck/k9/mail/Address;--->getAddress()Ljava/lang/String;
05-14 15:56:08.239 10974 10974 D M_InsDal: Lcom/fsck/k9/mail/Address;--->getPersonal()Ljava/lang/String;
05-14 15:56:08.239 10974 10974 D M_InsDal: Lcom/fsck/k9/activity/misc/ContactPictureLoader$FallbackGlideBitmapDecoder;--->getId()Ljava/lang/String;
05-14 15:56:08.239 10974 10974 D M_InsDal: Lcom/fsck/k9/activity/misc/ContactPictureLoader$FallbackGlideModelLoader;--->getResourceFetcher(Lcom/fsck/k9/activity/misc/ContactPictureLoader$FallbackGlideParams;II)Lcom/bumptech/glide/load/data/DataFetcher;
05-14 15:56:08.239 10974 10974 D M_InsDal: Lcom/fsck/k9/activity/misc/ContactPictureLoader$FallbackGlideModelLoader$1;---><init>(Lcom/fsck/k9/activity/misc/ContactPictureLoader$FallbackGlideModelLoader;Lcom/fsck/k9/activity/misc/ContactPictureLoader$FallbackGlideParams;)V
05-14 15:56:08.239 10974 10974 D M_InsDal: Lcom/fsck/k9/activity/misc/ContactPictureLoader$FallbackGlideModelLoader$1;--->getId()Ljava/lang/String;
05-14 15:56:08.239 10974 10974 D M_InsDal: Lcom/fsck/k9/activity/misc/ContactPictureLoader$FallbackGlideParams;--->getId()Ljava/lang/String;
05-14 15:56:08.239 10974 10974 D M_InsDal: Lcom/fsck/k9/mail/Address;--->getAddress()Ljava/lang/String;
05-14 15:56:08.239 10974 10974 D M_InsDal: Lcom/fsck/k9/mail/Address;--->getPersonal()Ljava/lang/String;
05-14 15:56:08.239 10974 10974 D M_InsDal: Lcom/fsck/k9/activity/misc/ContactPictureLoader$FallbackGlideBitmapDecoder;--->getId()Ljava/lang/String;
05-14 15:56:08.239 10974 10974 D M_InsDal: Lcom/fsck/k9/activity/misc/ContactPictureLoader$FallbackGlideModelLoader;--->getResourceFetcher(Lcom/fsck/k9/activity/misc/ContactPictureLoader$FallbackGlideParams;II)Lcom/bumptech/glide/load/data/DataFetcher;
05-14 15:56:08.239 10974 10974 D M_InsDal: Lcom/fsck/k9/activity/misc/ContactPictureLoader$FallbackGlideModelLoader$1;---><init>(Lcom/fsck/k9/activity/misc/ContactPictureLoader$FallbackGlideModelLoader;Lcom/fsck/k9/activity/misc/ContactPictureLoader$FallbackGlideParams;)V
05-14 15:56:08.239 10974 10974 D M_InsDal: Lcom/fsck/k9/activity/misc/ContactPictureLoader$FallbackGlideModelLoader$1;--->getId()Ljava/lang/String;
05-14 15:56:08.239 10974 10974 D M_InsDal: Lcom/fsck/k9/activity/misc/ContactPictureLoader$FallbackGlideParams;--->getId()Ljava/lang/String;
05-14 15:56:08.239 10974 10974 D M_InsDal: Lcom/fsck/k9/mail/Address;--->getAddress()Ljava/lang/String;
05-14 15:56:08.239 10974 10974 D M_InsDal: Lcom/fsck/k9/mail/Address;--->getPersonal()Ljava/lang/String;
05-14 15:56:08.240 10974 10974 D M_InsDal: Lcom/fsck/k9/activity/misc/ContactPictureLoader$FallbackGlideBitmapDecoder;--->getId()Ljava/lang/String;
05-14 15:56:08.240 10974 10974 D M_InsDal: Lcom/fsck/k9/activity/misc/ContactPictureLoader$FallbackGlideModelLoader;--->getResourceFetcher(Lcom/fsck/k9/activity/misc/ContactPictureLoader$FallbackGlideParams;II)Lcom/bumptech/glide/load/data/DataFetcher;
05-14 15:56:08.240 10974 10974 D M_InsDal: Lcom/fsck/k9/activity/misc/ContactPictureLoader$FallbackGlideModelLoader$1;---><init>(Lcom/fsck/k9/activity/misc/ContactPictureLoader$FallbackGlideModelLoader;Lcom/fsck/k9/activity/misc/ContactPictureLoader$FallbackGlideParams;)V
05-14 15:56:08.240 10974 10974 D M_InsDal: Lcom/fsck/k9/activity/misc/ContactPictureLoader$FallbackGlideModelLoader$1;--->getId()Ljava/lang/String;
05-14 15:56:08.240 10974 10974 D M_InsDal: Lcom/fsck/k9/activity/misc/ContactPictureLoader$FallbackGlideParams;--->getId()Ljava/lang/String;
05-14 15:56:08.240 10974 10974 D M_InsDal: Lcom/fsck/k9/mail/Address;--->getAddress()Ljava/lang/String;
05-14 15:56:08.240 10974 10974 D M_InsDal: Lcom/fsck/k9/mail/Address;--->getPersonal()Ljava/lang/String;
05-14 15:56:08.240 10974 10974 D M_InsDal: Lcom/fsck/k9/activity/misc/ContactPictureLoader$FallbackGlideBitmapDecoder;--->getId()Ljava/lang/String;
05-14 15:56:08.240 10974 10974 D M_InsDal: Lcom/fsck/k9/activity/misc/ContactPictureLoader$FallbackGlideBitmapDecoder;--->getId()Ljava/lang/String;
05-14 15:56:08.240 10974 10974 D M_InsDal: Lcom/fsck/k9/activity/misc/ContactPictureLoader$FallbackGlideModelLoader;--->getResourceFetcher(Lcom/fsck/k9/activity/misc/ContactPictureLoader$FallbackGlideParams;II)Lcom/bumptech/glide/load/data/DataFetcher;
05-14 15:56:08.240 10974 10974 D M_InsDal: Lcom/fsck/k9/activity/misc/ContactPictureLoader$FallbackGlideModelLoader$1;---><init>(Lcom/fsck/k9/activity/misc/ContactPictureLoader$FallbackGlideModelLoader;Lcom/fsck/k9/activity/misc/ContactPictureLoader$FallbackGlideParams;)V
05-14 15:56:08.240 10974 10974 D M_InsDal: Lcom/fsck/k9/activity/misc/ContactPictureLoader$FallbackGlideModelLoader$1;--->getId()Ljava/lang/String;
05-14 15:56:08.240 10974 10974 D M_InsDal: Lcom/fsck/k9/activity/misc/ContactPictureLoader$FallbackGlideParams;--->getId()Ljava/lang/String;
05-14 15:56:08.240 10974 10974 D M_InsDal: Lcom/fsck/k9/mail/Address;--->getAddress()Ljava/lang/String;
05-14 15:56:08.240 10974 10974 D M_InsDal: Lcom/fsck/k9/mail/Address;--->getPersonal()Ljava/lang/String;
05-14 15:56:08.240 10974 10974 D M_InsDal: Lcom/fsck/k9/activity/misc/ContactPictureLoader$FallbackGlideBitmapDecoder;--->getId()Ljava/lang/String;
05-14 15:56:08.240 10974 10974 D M_InsDal: Lcom/fsck/k9/activity/misc/ContactPictureLoader$FallbackGlideBitmapDecoder;--->getId()Ljava/lang/String;
05-14 15:56:08.240 10974 10974 D M_InsDal: Lcom/fsck/k9/activity/misc/ContactPictureLoader$FallbackGlideModelLoader;--->getResourceFetcher(Lcom/fsck/k9/activity/misc/ContactPictureLoader$FallbackGlideParams;II)Lcom/bumptech/glide/load/data/DataFetcher;
05-14 15:56:08.240 10974 10974 D M_InsDal: Lcom/fsck/k9/activity/misc/ContactPictureLoader$FallbackGlideModelLoader$1;---><init>(Lcom/fsck/k9/activity/misc/ContactPictureLoader$FallbackGlideModelLoader;Lcom/fsck/k9/activity/misc/ContactPictureLoader$FallbackGlideParams;)V
05-14 15:56:08.240 10974 10974 D M_InsDal: Lcom/fsck/k9/activity/misc/ContactPictureLoader$FallbackGlideModelLoader$1;--->getId()Ljava/lang/String;
05-14 15:56:08.240 10974 10974 D M_InsDal: Lcom/fsck/k9/activity/misc/ContactPictureLoader$FallbackGlideParams;--->getId()Ljava/lang/String;
05-14 15:56:08.240 10974 10974 D M_InsDal: Lcom/fsck/k9/mail/Address;--->getAddress()Ljava/lang/String;
05-14 15:56:08.240 10974 10974 D M_InsDal: Lcom/fsck/k9/mail/Address;--->getPersonal()Ljava/lang/String;
05-14 15:56:08.240 10974 10974 D M_InsDal: Lcom/fsck/k9/activity/misc/ContactPictureLoader$FallbackGlideBitmapDecoder;--->getId()Ljava/lang/String;
05-14 15:56:08.240 10974 10974 D M_InsDal: Lcom/fsck/k9/activity/misc/ContactPictureLoader$FallbackGlideModelLoader;--->getResourceFetcher(Lcom/fsck/k9/activity/misc/ContactPictureLoader$FallbackGlideParams;II)Lcom/bumptech/glide/load/data/DataFetcher;
05-14 15:56:08.240 10974 10974 D M_InsDal: Lcom/fsck/k9/activity/misc/ContactPictureLoader$FallbackGlideModelLoader$1;---><init>(Lcom/fsck/k9/activity/misc/ContactPictureLoader$FallbackGlideModelLoader;Lcom/fsck/k9/activity/misc/ContactPictureLoader$FallbackGlideParams;)V
05-14 15:56:08.240 10974 10974 D M_InsDal: Lcom/fsck/k9/activity/misc/ContactPictureLoader$FallbackGlideModelLoader$1;--->getId()Ljava/lang/String;
05-14 15:56:08.240 10974 10974 D M_InsDal: Lcom/fsck/k9/activity/misc/ContactPictureLoader$FallbackGlideParams;--->getId()Ljava/lang/String;
05-14 15:56:08.240 10974 10974 D M_InsDal: Lcom/fsck/k9/mail/Address;--->getAddress()Ljava/lang/String;
05-14 15:56:08.240 10974 10974 D M_InsDal: Lcom/fsck/k9/mail/Address;--->getPersonal()Ljava/lang/String;
05-14 15:56:08.240 10974 10974 D M_InsDal: Lcom/fsck/k9/activity/misc/ContactPictureLoader$FallbackGlideBitmapDecoder;--->getId()Ljava/lang/String;
05-14 15:56:08.240 10974 10974 D M_InsDal: Lcom/fsck/k9/activity/misc/ContactPictureLoader$FallbackGlideBitmapDecoder;--->getId()Ljava/lang/String;
05-14 15:56:08.240 10974 10974 D M_InsDal: Lcom/fsck/k9/activity/misc/ContactPictureLoader$FallbackGlideModelLoader;--->getResourceFetcher(Lcom/fsck/k9/activity/misc/ContactPictureLoader$FallbackGlideParams;II)Lcom/bumptech/glide/load/data/DataFetcher;
05-14 15:56:08.240 10974 10974 D M_InsDal: Lcom/fsck/k9/activity/misc/ContactPictureLoader$FallbackGlideModelLoader$1;---><init>(Lcom/fsck/k9/activity/misc/ContactPictureLoader$FallbackGlideModelLoader;Lcom/fsck/k9/activity/misc/ContactPictureLoader$FallbackGlideParams;)V
05-14 15:56:08.240 10974 10974 D M_InsDal: Lcom/fsck/k9/activity/misc/ContactPictureLoader$FallbackGlideModelLoader$1;--->getId()Ljava/lang/String;
05-14 15:56:08.240 10974 10974 D M_InsDal: Lcom/fsck/k9/activity/misc/ContactPictureLoader$FallbackGlideParams;--->getId()Ljava/lang/String;
05-14 15:56:08.240 10974 10974 D M_InsDal: Lcom/fsck/k9/mail/Address;--->getAddress()Ljava/lang/String;
05-14 15:56:08.240 10974 10974 D M_InsDal: Lcom/fsck/k9/mail/Address;--->getPersonal()Ljava/lang/String;
05-14 15:56:08.240 10974 10974 D M_InsDal: Lcom/fsck/k9/activity/misc/ContactPictureLoader$FallbackGlideBitmapDecoder;--->getId()Ljava/lang/String;
05-14 15:56:08.240 10974 10974 D M_InsDal: Lcom/fsck/k9/activity/misc/ContactPictureLoader$FallbackGlideModelLoader;--->getResourceFetcher(Lcom/fsck/k9/activity/misc/ContactPictureLoader$FallbackGlideParams;II)Lcom/bumptech/glide/load/data/DataFetcher;
05-14 15:56:08.240 10974 10974 D M_InsDal: Lcom/fsck/k9/activity/misc/ContactPictureLoader$FallbackGlideModelLoader$1;---><init>(Lcom/fsck/k9/activity/misc/ContactPictureLoader$FallbackGlideModelLoader;Lcom/fsck/k9/activity/misc/ContactPictureLoader$FallbackGlideParams;)V
05-14 15:56:08.240 10974 10974 D M_InsDal: Lcom/fsck/k9/activity/misc/ContactPictureLoader$FallbackGlideModelLoader$1;--->getId()Ljava/lang/String;
05-14 15:56:08.240 10974 10974 D M_InsDal: Lcom/fsck/k9/activity/misc/ContactPictureLoader$FallbackGlideParams;--->getId()Ljava/lang/String;
05-14 15:56:08.240 10974 10974 D M_InsDal: Lcom/fsck/k9/mail/Address;--->getAddress()Ljava/lang/String;
05-14 15:56:08.240 10974 10974 D M_InsDal: Lcom/fsck/k9/mail/Address;--->getPersonal()Ljava/lang/String;
05-14 15:56:08.241 10974 10974 D M_InsDal: Lcom/fsck/k9/activity/misc/ContactPictureLoader$FallbackGlideBitmapDecoder;--->getId()Ljava/lang/String;
05-14 15:56:08.241 10974 10974 D M_InsDal: Lcom/fsck/k9/activity/misc/ContactPictureLoader$FallbackGlideBitmapDecoder;--->getId()Ljava/lang/String;
05-14 15:56:08.241 10974 10974 D M_InsDal: Lcom/fsck/k9/cache/EmailProviderCacheCursor;--->getCount()I
05-14 15:56:08.241 10974 10974 D M_InsDal: Lcom/fsck/k9/cache/EmailProviderCacheCursor;--->getCount()I
05-14 15:56:08.242 10974 11011 D M_InsDal: Lcom/fsck/k9/activity/misc/ContactPictureLoader$FallbackGlideModelLoader$1;--->loadData(Lcom/bumptech/glide/Priority;)Lcom/fsck/k9/activity/misc/ContactPictureLoader$FallbackGlideParams;
05-14 15:56:08.242 10974 11009 D M_InsDal: Lcom/fsck/k9/activity/misc/ContactPictureLoader$FallbackGlideModelLoader$1;--->loadData(Lcom/bumptech/glide/Priority;)Lcom/fsck/k9/activity/misc/ContactPictureLoader$FallbackGlideParams;
05-14 15:56:08.242 10974 11009 D M_InsDal: Lcom/fsck/k9/activity/misc/ContactPictureLoader$FallbackGlideBitmapDecoder;--->decode(Lcom/fsck/k9/activity/misc/ContactPictureLoader$FallbackGlideParams;II)Lcom/bumptech/glide/load/engine/Resource;
05-14 15:56:08.242 10974 11010 D M_InsDal: Lcom/fsck/k9/activity/misc/ContactPictureLoader$FallbackGlideModelLoader$1;--->loadData(Lcom/bumptech/glide/Priority;)Lcom/fsck/k9/activity/misc/ContactPictureLoader$FallbackGlideParams;
05-14 15:56:08.242 10974 11010 D M_InsDal: Lcom/fsck/k9/activity/misc/ContactPictureLoader$FallbackGlideBitmapDecoder;--->decode(Lcom/fsck/k9/activity/misc/ContactPictureLoader$FallbackGlideParams;II)Lcom/bumptech/glide/load/engine/Resource;
05-14 15:56:08.242 10974 11012 D M_InsDal: Lcom/fsck/k9/activity/misc/ContactPictureLoader$FallbackGlideModelLoader$1;--->loadData(Lcom/bumptech/glide/Priority;)Lcom/fsck/k9/activity/misc/ContactPictureLoader$FallbackGlideParams;
05-14 15:56:08.242 10974 11012 D M_InsDal: Lcom/fsck/k9/activity/misc/ContactPictureLoader$FallbackGlideBitmapDecoder;--->decode(Lcom/fsck/k9/activity/misc/ContactPictureLoader$FallbackGlideParams;II)Lcom/bumptech/glide/load/engine/Resource;
05-14 15:56:08.242 10974 11011 D M_InsDal: Lcom/fsck/k9/activity/misc/ContactPictureLoader$FallbackGlideBitmapDecoder;--->decode(Lcom/fsck/k9/activity/misc/ContactPictureLoader$FallbackGlideParams;II)Lcom/bumptech/glide/load/engine/Resource;
05-14 15:56:08.242 10974 11009 D M_InsDal: Lcom/fsck/k9/activity/misc/ContactPictureLoader;--->drawTextAndBgColorOnBitmap(Landroid/graphics/Bitmap;Lcom/fsck/k9/activity/misc/ContactPictureLoader$FallbackGlideParams;)Landroid/graphics/Bitmap;
05-14 15:56:08.242 10974 11009 D M_InsDal: Lcom/fsck/k9/activity/misc/ContactPictureLoader;--->calcUnknownContactColor(Lcom/fsck/k9/mail/Address;)I
05-14 15:56:08.242 10974 11009 D M_InsDal: Lcom/fsck/k9/mail/Address;--->hashCode()I
05-14 15:56:08.242 10974 11009 D M_InsDal: Lcom/fsck/k9/activity/misc/ContactPictureLoader;--->calcUnknownContactLetter(Lcom/fsck/k9/mail/Address;)Ljava/lang/String;
05-14 15:56:08.242 10974 11009 D M_InsDal: Lcom/fsck/k9/mail/Address;--->getPersonal()Ljava/lang/String;
05-14 15:56:08.243 10974 11011 D M_InsDal: Lcom/fsck/k9/activity/misc/ContactPictureLoader;--->drawTextAndBgColorOnBitmap(Landroid/graphics/Bitmap;Lcom/fsck/k9/activity/misc/ContactPictureLoader$FallbackGlideParams;)Landroid/graphics/Bitmap;
05-14 15:56:08.243 10974 11011 D M_InsDal: Lcom/fsck/k9/activity/misc/ContactPictureLoader;--->calcUnknownContactColor(Lcom/fsck/k9/mail/Address;)I
05-14 15:56:08.243 10974 11011 D M_InsDal: Lcom/fsck/k9/mail/Address;--->hashCode()I
05-14 15:56:08.243 10974 11011 D M_InsDal: Lcom/fsck/k9/activity/misc/ContactPictureLoader;--->calcUnknownContactLetter(Lcom/fsck/k9/mail/Address;)Ljava/lang/String;
05-14 15:56:08.243 10974 11011 D M_InsDal: Lcom/fsck/k9/mail/Address;--->getPersonal()Ljava/lang/String;
05-14 15:56:08.243 10974 11010 D M_InsDal: Lcom/fsck/k9/activity/misc/ContactPictureLoader;--->drawTextAndBgColorOnBitmap(Landroid/graphics/Bitmap;Lcom/fsck/k9/activity/misc/ContactPictureLoader$FallbackGlideParams;)Landroid/graphics/Bitmap;
05-14 15:56:08.243 10974 11010 D M_InsDal: Lcom/fsck/k9/activity/misc/ContactPictureLoader;--->calcUnknownContactColor(Lcom/fsck/k9/mail/Address;)I
05-14 15:56:08.243 10974 11010 D M_InsDal: Lcom/fsck/k9/mail/Address;--->hashCode()I
05-14 15:56:08.243 10974 11012 D M_InsDal: Lcom/fsck/k9/activity/misc/ContactPictureLoader;--->drawTextAndBgColorOnBitmap(Landroid/graphics/Bitmap;Lcom/fsck/k9/activity/misc/ContactPictureLoader$FallbackGlideParams;)Landroid/graphics/Bitmap;
05-14 15:56:08.243 10974 11010 D M_InsDal: Lcom/fsck/k9/activity/misc/ContactPictureLoader;--->calcUnknownContactLetter(Lcom/fsck/k9/mail/Address;)Ljava/lang/String;
05-14 15:56:08.243 10974 11012 D M_InsDal: Lcom/fsck/k9/activity/misc/ContactPictureLoader;--->calcUnknownContactColor(Lcom/fsck/k9/mail/Address;)I
05-14 15:56:08.243 10974 11012 D M_InsDal: Lcom/fsck/k9/mail/Address;--->hashCode()I
05-14 15:56:08.243 10974 11010 D M_InsDal: Lcom/fsck/k9/mail/Address;--->getPersonal()Ljava/lang/String;
05-14 15:56:08.243 10974 11012 D M_InsDal: Lcom/fsck/k9/activity/misc/ContactPictureLoader;--->calcUnknownContactLetter(Lcom/fsck/k9/mail/Address;)Ljava/lang/String;
05-14 15:56:08.243 10974 11012 D M_InsDal: Lcom/fsck/k9/mail/Address;--->getPersonal()Ljava/lang/String;
05-14 15:56:08.245 10974 11009 D M_InsDal: Lcom/fsck/k9/activity/misc/ContactPictureLoader$FallbackGlideModelLoader$1;--->cleanup()V
05-14 15:56:08.245 10974 11012 D M_InsDal: Lcom/fsck/k9/activity/misc/ContactPictureLoader$FallbackGlideModelLoader$1;--->cleanup()V
05-14 15:56:08.245 10974 11011 D M_InsDal: Lcom/fsck/k9/activity/misc/ContactPictureLoader$FallbackGlideModelLoader$1;--->cleanup()V
05-14 15:56:08.245 10974 11009 D M_InsDal: Lcom/fsck/k9/activity/misc/ContactPictureLoader$FallbackGlideModelLoader$1;--->loadData(Lcom/bumptech/glide/Priority;)Lcom/fsck/k9/activity/misc/ContactPictureLoader$FallbackGlideParams;
05-14 15:56:08.245 10974 11009 D M_InsDal: Lcom/fsck/k9/activity/misc/ContactPictureLoader$FallbackGlideBitmapDecoder;--->decode(Lcom/fsck/k9/activity/misc/ContactPictureLoader$FallbackGlideParams;II)Lcom/bumptech/glide/load/engine/Resource;
05-14 15:56:08.245 10974 11009 D M_InsDal: Lcom/fsck/k9/activity/misc/ContactPictureLoader;--->drawTextAndBgColorOnBitmap(Landroid/graphics/Bitmap;Lcom/fsck/k9/activity/misc/ContactPictureLoader$FallbackGlideParams;)Landroid/graphics/Bitmap;
05-14 15:56:08.245 10974 11010 D M_InsDal: Lcom/fsck/k9/activity/misc/ContactPictureLoader$FallbackGlideModelLoader$1;--->cleanup()V
05-14 15:56:08.245 10974 11009 D M_InsDal: Lcom/fsck/k9/activity/misc/ContactPictureLoader;--->calcUnknownContactColor(Lcom/fsck/k9/mail/Address;)I
05-14 15:56:08.245 10974 11009 D M_InsDal: Lcom/fsck/k9/mail/Address;--->hashCode()I
05-14 15:56:08.245 10974 11009 D M_InsDal: Lcom/fsck/k9/activity/misc/ContactPictureLoader;--->calcUnknownContactLetter(Lcom/fsck/k9/mail/Address;)Ljava/lang/String;
05-14 15:56:08.245 10974 11009 D M_InsDal: Lcom/fsck/k9/mail/Address;--->getPersonal()Ljava/lang/String;
05-14 15:56:08.245 10974 11009 D M_InsDal: Lcom/fsck/k9/activity/misc/ContactPictureLoader$FallbackGlideModelLoader$1;--->cleanup()V
05-14 15:56:08.261 10974 10974 D M_InsDal: Lcom/fsck/k9/cache/EmailProviderCacheCursor;--->getCount()I
05-14 15:56:08.284 10974 10974 D M_InsDal: Lcom/fsck/k9/cache/EmailProviderCacheCursor;--->getCount()I
05-14 15:56:09.472 10974 10974 D M_InsDal: Lcom/fsck/k9/cache/EmailProviderCacheCursor;--->getCount()I
05-14 15:56:09.738 10974 10974 D M_InsDal: Lcom/fsck/k9/cache/EmailProviderCacheCursor;--->getCount()I
05-14 15:56:10.983 10974 10999 D M_InsDal: Lcom/fsck/k9/mail/store/imap/ImapConnection;--->configureSocket()V
05-14 15:56:10.983 10974 10999 D M_InsDal: Lcom/fsck/k9/mail/store/imap/ImapConnection;--->setUpStreamsAndParserFromSocket()V
05-14 15:56:11.013 10974 10999 D M_InsDal: Lcom/fsck/k9/mail/ssl/TrustManagerFactory$SecureX509TrustManager;--->checkServerTrusted([Ljava/security/cert/X509Certificate;Ljava/lang/String;)V
05-14 15:56:11.040 10974 10999 D M_InsDal: Lcom/fsck/k9/mail/store/imap/ImapConnection;--->setUpStreamsAndParser(Ljava/io/InputStream;Ljava/io/OutputStream;)V
05-14 15:56:11.040 10974 10999 D M_InsDal: Lcom/fsck/k9/mail/filter/PeekableInputStream;---><init>(Ljava/io/InputStream;)V
05-14 15:56:11.040 10974 10999 D M_InsDal: Lcom/fsck/k9/mail/store/imap/ImapResponseParser;---><init>(Lcom/fsck/k9/mail/filter/PeekableInputStream;)V
05-14 15:56:11.040 10974 10999 D M_InsDal: Lcom/fsck/k9/mail/store/imap/ImapConnection;--->readInitialResponse()V
05-14 15:56:11.040 10974 10999 D M_InsDal: Lcom/fsck/k9/mail/store/imap/ImapResponseParser;--->readResponse()Lcom/fsck/k9/mail/store/imap/ImapResponse;
05-14 15:56:11.040 10974 10999 D M_InsDal: Lcom/fsck/k9/mail/store/imap/ImapResponseParser;--->readResponse(Lcom/fsck/k9/mail/store/imap/ImapResponseCallback;)Lcom/fsck/k9/mail/store/imap/ImapResponse;
05-14 15:56:11.040 10974 10999 D M_InsDal: Lcom/fsck/k9/mail/filter/PeekableInputStream;--->peek()I
05-14 15:56:11.046 10974 10999 D M_InsDal: Lcom/fsck/k9/mail/store/imap/ImapResponseParser;--->readUntaggedResponse(Lcom/fsck/k9/mail/store/imap/ImapResponseCallback;)V
05-14 15:56:11.046 10974 10999 D M_InsDal: Lcom/fsck/k9/mail/store/imap/ImapResponseParser;--->parseUntaggedResponse()V
05-14 15:56:11.046 10974 10999 D M_InsDal: Lcom/fsck/k9/mail/store/imap/ImapResponseParser;--->expect(C)V
05-14 15:56:11.046 10974 10999 D M_InsDal: Lcom/fsck/k9/mail/filter/PeekableInputStream;--->read()I
05-14 15:56:11.046 10974 10999 D M_InsDal: Lcom/fsck/k9/mail/store/imap/ImapResponseParser;--->expect(C)V
05-14 15:56:11.046 10974 10999 D M_InsDal: Lcom/fsck/k9/mail/filter/PeekableInputStream;--->read()I
05-14 15:56:11.046 10974 10999 D M_InsDal: Lcom/fsck/k9/mail/store/imap/ImapList;---><clinit>()V
05-14 15:56:11.046 10974 10999 D M_InsDal: Lcom/fsck/k9/mail/store/imap/ImapResponse;--->newUntaggedResponse(Lcom/fsck/k9/mail/store/imap/ImapResponseCallback;)Lcom/fsck/k9/mail/store/imap/ImapResponse;
05-14 15:56:11.046 10974 10999 D M_InsDal: Lcom/fsck/k9/mail/store/imap/ImapResponse;---><init>(Lcom/fsck/k9/mail/store/imap/ImapResponseCallback;ZLjava/lang/String;)V
05-14 15:56:11.046 10974 10999 D M_InsDal: Lcom/fsck/k9/mail/store/imap/ImapList;---><init>()V
05-14 15:56:11.046 10974 10999 D M_InsDal: Lcom/fsck/k9/mail/store/imap/ImapResponseParser;--->readTokens(Lcom/fsck/k9/mail/store/imap/ImapResponse;)V
05-14 15:56:11.046 10974 10999 D M_InsDal: Lcom/fsck/k9/mail/store/imap/ImapResponseParser;--->readToken(Lcom/fsck/k9/mail/store/imap/ImapResponse;)Ljava/lang/Object;
05-14 15:56:11.046 10974 10999 D M_InsDal: Lcom/fsck/k9/mail/store/imap/ImapResponseParser;--->parseToken(Lcom/fsck/k9/mail/store/imap/ImapList;)Ljava/lang/Object;
05-14 15:56:11.046 10974 10999 D M_InsDal: Lcom/fsck/k9/mail/filter/PeekableInputStream;--->peek()I
05-14 15:56:11.046 10974 10999 D M_InsDal: Lcom/fsck/k9/mail/store/imap/ImapResponseParser;--->parseBareString(Z)Ljava/lang/String;
05-14 15:56:11.046 10974 10999 D M_InsDal: Lcom/fsck/k9/mail/filter/PeekableInputStream;--->peek()I
05-14 15:56:11.046 10974 10999 D M_InsDal: Lcom/fsck/k9/mail/filter/PeekableInputStream;--->read()I
05-14 15:56:11.046 10974 10999 D M_InsDal: Lcom/fsck/k9/mail/filter/PeekableInputStream;--->peek()I
05-14 15:56:11.046 10974 10999 D M_InsDal: Lcom/fsck/k9/mail/filter/PeekableInputStream;--->read()I
05-14 15:56:11.046 10974 10999 D M_InsDal: Lcom/fsck/k9/mail/filter/PeekableInputStream;--->peek()I
05-14 15:56:11.046 10974 10999 D M_InsDal: Lcom/fsck/k9/mail/store/imap/ImapResponseParser;--->checkTokenIsString(Ljava/lang/Object;)V
05-14 15:56:11.046 10974 10999 D M_InsDal: Lcom/fsck/k9/mail/store/imap/ImapResponseParser;--->isStatusResponse(Ljava/lang/String;)Z
05-14 15:56:11.046 10974 10999 D M_InsDal: Lcom/fsck/k9/mail/store/imap/ImapResponseParser;--->parseResponseText(Lcom/fsck/k9/mail/store/imap/ImapResponse;)V
05-14 15:56:11.046 10974 10999 D M_InsDal: Lcom/fsck/k9/mail/store/imap/ImapResponseParser;--->skipIfSpace()V
05-14 15:56:11.046 10974 10999 D M_InsDal: Lcom/fsck/k9/mail/filter/PeekableInputStream;--->peek()I
05-14 15:56:11.046 10974 10999 D M_InsDal: Lcom/fsck/k9/mail/store/imap/ImapResponseParser;--->expect(C)V
05-14 15:56:11.046 10974 10999 D M_InsDal: Lcom/fsck/k9/mail/filter/PeekableInputStream;--->read()I
05-14 15:56:11.046 10974 10999 D M_InsDal: Lcom/fsck/k9/mail/filter/PeekableInputStream;--->peek()I
05-14 15:56:11.046 10974 10999 D M_InsDal: Lcom/fsck/k9/mail/store/imap/ImapResponseParser;--->parseList(Lcom/fsck/k9/mail/store/imap/ImapList;CC)Lcom/fsck/k9/mail/store/imap/ImapList;
05-14 15:56:11.046 10974 10999 D M_InsDal: Lcom/fsck/k9/mail/store/imap/ImapResponseParser;--->expect(C)V
05-14 15:56:11.046 10974 10999 D M_InsDal: Lcom/fsck/k9/mail/filter/PeekableInputStream;--->read()I
05-14 15:56:11.046 10974 10999 D M_InsDal: Lcom/fsck/k9/mail/store/imap/ImapList;---><init>()V
05-14 15:56:11.046 10974 10999 D M_InsDal: Lcom/fsck/k9/mail/store/imap/ImapResponseParser;--->parseToken(Lcom/fsck/k9/mail/store/imap/ImapList;)Ljava/lang/Object;
05-14 15:56:11.046 10974 10999 D M_InsDal: Lcom/fsck/k9/mail/filter/PeekableInputStream;--->peek()I
05-14 15:56:11.046 10974 10999 D M_InsDal: Lcom/fsck/k9/mail/store/imap/ImapResponseParser;--->parseBareString(Z)Ljava/lang/String;
05-14 15:56:11.046 10974 10999 D M_InsDal: Lcom/fsck/k9/mail/filter/PeekableInputStream;--->peek()I
05-14 15:56:11.046 10974 10999 D M_InsDal: Lcom/fsck/k9/mail/filter/PeekableInputStream;--->read()I
05-14 15:56:11.046 10974 10999 D M_InsDal: Lcom/fsck/k9/mail/filter/PeekableInputStream;--->peek()I
05-14 15:56:11.046 10974 10999 D M_InsDal: Lcom/fsck/k9/mail/filter/PeekableInputStream;--->read()I
05-14 15:56:11.046 10974 10999 D M_InsDal: Lcom/fsck/k9/mail/filter/PeekableInputStream;--->peek()I
05-14 15:56:11.046 10974 10999 D M_InsDal: Lcom/fsck/k9/mail/filter/PeekableInputStream;--->read()I
05-14 15:56:11.046 10974 10999 D M_InsDal: Lcom/fsck/k9/mail/filter/PeekableInputStream;--->peek()I
05-14 15:56:11.046 10974 10999 D M_InsDal: Lcom/fsck/k9/mail/filter/PeekableInputStream;--->read()I
05-14 15:56:11.046 10974 10999 D M_InsDal: Lcom/fsck/k9/mail/filter/PeekableInputStream;--->peek()I
05-14 15:56:11.046 10974 10999 D M_InsDal: Lcom/fsck/k9/mail/filter/PeekableInputStream;--->read()I
05-14 15:56:11.046 10974 10999 D M_InsDal: Lcom/fsck/k9/mail/filter/PeekableInputStream;--->peek()I
05-14 15:56:11.046 10974 10999 D M_InsDal: Lcom/fsck/k9/mail/filter/PeekableInputStream;--->read()I
05-14 15:56:11.046 10974 10999 D M_InsDal: Lcom/fsck/k9/mail/filter/PeekableInputStream;--->peek()I
05-14 15:56:11.046 10974 10999 D M_InsDal: Lcom/fsck/k9/mail/filter/PeekableInputStream;--->read()I
05-14 15:56:11.046 10974 10999 D M_InsDal: Lcom/fsck/k9/mail/filter/PeekableInputStream;--->peek()I
05-14 15:56:11.046 10974 10999 D M_InsDal: Lcom/fsck/k9/mail/filter/PeekableInputStream;--->read()I
05-14 15:56:11.046 10974 10999 D M_InsDal: Lcom/fsck/k9/mail/filter/PeekableInputStream;--->peek()I
05-14 15:56:11.046 10974 10999 D M_InsDal: Lcom/fsck/k9/mail/filter/PeekableInputStream;--->read()I
05-14 15:56:11.046 10974 10999 D M_InsDal: Lcom/fsck/k9/mail/filter/PeekableInputStream;--->peek()I
05-14 15:56:11.046 10974 10999 D M_InsDal: Lcom/fsck/k9/mail/filter/PeekableInputStream;--->read()I
05-14 15:56:11.046 10974 10999 D M_InsDal: Lcom/fsck/k9/mail/filter/PeekableInputStream;--->peek()I
05-14 15:56:11.046 10974 10999 D M_InsDal: Lcom/fsck/k9/mail/store/imap/ImapResponseParser;--->parseToken(Lcom/fsck/k9/mail/store/imap/ImapList;)Ljava/lang/Object;
05-14 15:56:11.046 10974 10999 D M_InsDal: Lcom/fsck/k9/mail/filter/PeekableInputStream;--->peek()I
05-14 15:56:11.046 10974 10999 D M_InsDal: Lcom/fsck/k9/mail/store/imap/ImapResponseParser;--->expect(C)V
05-14 15:56:11.046 10974 10999 D M_InsDal: Lcom/fsck/k9/mail/filter/PeekableInputStream;--->read()I
05-14 15:56:11.046 10974 10999 D M_InsDal: Lcom/fsck/k9/mail/filter/PeekableInputStream;--->peek()I
05-14 15:56:11.046 10974 10999 D M_InsDal: Lcom/fsck/k9/mail/store/imap/ImapResponseParser;--->parseBareString(Z)Ljava/lang/String;
05-14 15:56:11.046 10974 10999 D M_InsDal: Lcom/fsck/k9/mail/filter/PeekableInputStream;--->peek()I
05-14 15:56:11.046 10974 10999 D M_InsDal: Lcom/fsck/k9/mail/filter/PeekableInputStream;--->read()I
05-14 15:56:11.046 10974 10999 D M_InsDal: Lcom/fsck/k9/mail/filter/PeekableInputStream;--->peek()I
05-14 15:56:11.046 10974 10999 D M_InsDal: Lcom/fsck/k9/mail/filter/PeekableInputStream;--->read()I
05-14 15:56:11.046 10974 10999 D M_InsDal: Lcom/fsck/k9/mail/filter/PeekableInputStream;--->peek()I
05-14 15:56:11.046 10974 10999 D M_InsDal: Lcom/fsck/k9/mail/filter/PeekableInputStream;--->read()I
05-14 15:56:11.046 10974 10999 D M_InsDal: Lcom/fsck/k9/mail/filter/PeekableInputStream;--->peek()I
05-14 15:56:11.046 10974 10999 D M_InsDal: Lcom/fsck/k9/mail/filter/PeekableInputStream;--->read()I
05-14 15:56:11.046 10974 10999 D M_InsDal: Lcom/fsck/k9/mail/filter/PeekableInputStream;--->peek()I
05-14 15:56:11.046 10974 10999 D M_InsDal: Lcom/fsck/k9/mail/filter/PeekableInputStream;--->read()I
05-14 15:56:11.046 10974 10999 D M_InsDal: Lcom/fsck/k9/mail/filter/PeekableInputStream;--->peek()I
05-14 15:56:11.046 10974 10999 D M_InsDal: Lcom/fsck/k9/mail/store/imap/ImapResponseParser;--->parseToken(Lcom/fsck/k9/mail/store/imap/ImapList;)Ljava/lang/Object;
05-14 15:56:11.046 10974 10999 D M_InsDal: Lcom/fsck/k9/mail/filter/PeekableInputStream;--->peek()I
05-14 15:56:11.046 10974 10999 D M_InsDal: Lcom/fsck/k9/mail/store/imap/ImapResponseParser;--->expect(C)V
05-14 15:56:11.046 10974 10999 D M_InsDal: Lcom/fsck/k9/mail/filter/PeekableInputStream;--->read()I
05-14 15:56:11.047 10974 10999 D M_InsDal: Lcom/fsck/k9/mail/filter/PeekableInputStream;--->peek()I
05-14 15:56:11.047 10974 10999 D M_InsDal: Lcom/fsck/k9/mail/store/imap/ImapResponseParser;--->parseBareString(Z)Ljava/lang/String;
05-14 15:56:11.047 10974 10999 D M_InsDal: Lcom/fsck/k9/mail/filter/PeekableInputStream;--->peek()I
05-14 15:56:11.047 10974 10999 D M_InsDal: Lcom/fsck/k9/mail/filter/PeekableInputStream;--->read()I
05-14 15:56:11.047 10974 10999 D M_InsDal: Lcom/fsck/k9/mail/filter/PeekableInputStream;--->peek()I
05-14 15:56:11.047 10974 10999 D M_InsDal: Lcom/fsck/k9/mail/filter/PeekableInputStream;--->read()I
05-14 15:56:11.047 10974 10999 D M_InsDal: Lcom/fsck/k9/mail/filter/PeekableInputStream;--->peek()I
05-14 15:56:11.047 10974 10999 D M_InsDal: Lcom/fsck/k9/mail/filter/PeekableInputStream;--->read()I
05-14 15:56:11.047 10974 10999 D M_InsDal: Lcom/fsck/k9/mail/filter/PeekableInputStream;--->peek()I
05-14 15:56:11.047 10974 10999 D M_InsDal: Lcom/fsck/k9/mail/filter/PeekableInputStream;--->read()I
05-14 15:56:11.047 10974 10999 D M_InsDal: Lcom/fsck/k9/mail/filter/PeekableInputStream;--->peek()I
05-14 15:56:11.047 10974 10999 D M_InsDal: Lcom/fsck/k9/mail/filter/PeekableInputStream;--->read()I
05-14 15:56:11.047 10974 10999 D M_InsDal: Lcom/fsck/k9/mail/filter/PeekableInputStream;--->peek()I
05-14 15:56:11.047 10974 10999 D M_InsDal: Lcom/fsck/k9/mail/filter/PeekableInputStream;--->read()I
05-14 15:56:11.047 10974 10999 D M_InsDal: Lcom/fsck/k9/mail/filter/PeekableInputStream;--->peek()I
05-14 15:56:11.047 10974 10999 D M_InsDal: Lcom/fsck/k9/mail/filter/PeekableInputStream;--->read()I
05-14 15:56:11.047 10974 10999 D M_InsDal: Lcom/fsck/k9/mail/filter/PeekableInputStream;--->peek()I
05-14 15:56:11.047 10974 10999 D M_InsDal: Lcom/fsck/k9/mail/filter/PeekableInputStream;--->read()I
05-14 15:56:11.047 10974 10999 D M_InsDal: Lcom/fsck/k9/mail/filter/PeekableInputStream;--->peek()I
05-14 15:56:11.047 10974 10999 D M_InsDal: Lcom/fsck/k9/mail/filter/PeekableInputStream;--->read()I
05-14 15:56:11.047 10974 10999 D M_InsDal: Lcom/fsck/k9/mail/filter/PeekableInputStream;--->peek()I
05-14 15:56:11.047 10974 10999 D M_InsDal: Lcom/fsck/k9/mail/store/imap/ImapResponseParser;--->parseToken(Lcom/fsck/k9/mail/store/imap/ImapList;)Ljava/lang/Object;
05-14 15:56:11.047 10974 10999 D M_InsDal: Lcom/fsck/k9/mail/filter/PeekableInputStream;--->peek()I
05-14 15:56:11.047 10974 10999 D M_InsDal: Lcom/fsck/k9/mail/store/imap/ImapResponseParser;--->expect(C)V
05-14 15:56:11.047 10974 10999 D M_InsDal: Lcom/fsck/k9/mail/filter/PeekableInputStream;--->read()I
05-14 15:56:11.047 10974 10999 D M_InsDal: Lcom/fsck/k9/mail/filter/PeekableInputStream;--->peek()I
05-14 15:56:11.047 10974 10999 D M_InsDal: Lcom/fsck/k9/mail/store/imap/ImapResponseParser;--->parseBareString(Z)Ljava/lang/String;
05-14 15:56:11.047 10974 10999 D M_InsDal: Lcom/fsck/k9/mail/filter/PeekableInputStream;--->peek()I
05-14 15:56:11.047 10974 10999 D M_InsDal: Lcom/fsck/k9/mail/filter/PeekableInputStream;--->read()I
05-14 15:56:11.047 10974 10999 D M_InsDal: Lcom/fsck/k9/mail/filter/PeekableInputStream;--->peek()I
05-14 15:56:11.047 10974 10999 D M_InsDal: Lcom/fsck/k9/mail/filter/PeekableInputStream;--->read()I
05-14 15:56:11.047 10974 10999 D M_InsDal: Lcom/fsck/k9/mail/filter/PeekableInputStream;--->peek()I
05-14 15:56:11.047 10974 10999 D M_InsDal: Lcom/fsck/k9/mail/store/imap/ImapResponseParser;--->parseToken(Lcom/fsck/k9/mail/store/imap/ImapList;)Ljava/lang/Object;
05-14 15:56:11.047 10974 10999 D M_InsDal: Lcom/fsck/k9/mail/filter/PeekableInputStream;--->peek()I
05-14 15:56:11.047 10974 10999 D M_InsDal: Lcom/fsck/k9/mail/store/imap/ImapResponseParser;--->expect(C)V
05-14 15:56:11.047 10974 10999 D M_InsDal: Lcom/fsck/k9/mail/filter/PeekableInputStream;--->read()I
05-14 15:56:11.047 10974 10999 D M_InsDal: Lcom/fsck/k9/mail/filter/PeekableInputStream;--->peek()I
05-14 15:56:11.047 10974 10999 D M_InsDal: Lcom/fsck/k9/mail/store/imap/ImapResponseParser;--->parseBareString(Z)Ljava/lang/String;
05-14 15:56:11.047 10974 10999 D M_InsDal: Lcom/fsck/k9/mail/filter/PeekableInputStream;--->peek()I
05-14 15:56:11.047 10974 10999 D M_InsDal: Lcom/fsck/k9/mail/filter/PeekableInputStream;--->read()I
05-14 15:56:11.047 10974 10999 D M_InsDal: Lcom/fsck/k9/mail/filter/PeekableInputStream;--->peek()I
05-14 15:56:11.047 10974 10999 D M_InsDal: Lcom/fsck/k9/mail/filter/PeekableInputStream;--->read()I
05-14 15:56:11.047 10974 10999 D M_InsDal: Lcom/fsck/k9/mail/filter/PeekableInputStream;--->peek()I
05-14 15:56:11.047 10974 10999 D M_InsDal: Lcom/fsck/k9/mail/filter/PeekableInputStream;--->read()I
05-14 15:56:11.047 10974 10999 D M_InsDal: Lcom/fsck/k9/mail/filter/PeekableInputStream;--->peek()I
05-14 15:56:11.047 10974 10999 D M_InsDal: Lcom/fsck/k9/mail/filter/PeekableInputStream;--->read()I
05-14 15:56:11.047 10974 10999 D M_InsDal: Lcom/fsck/k9/mail/filter/PeekableInputStream;--->peek()I
05-14 15:56:11.047 10974 10999 D M_InsDal: Lcom/fsck/k9/mail/filter/PeekableInputStream;--->read()I
05-14 15:56:11.047 10974 10999 D M_InsDal: Lcom/fsck/k9/mail/filter/PeekableInputStream;--->peek()I
05-14 15:56:11.047 10974 10999 D M_InsDal: Lcom/fsck/k9/mail/filter/PeekableInputStream;--->read()I
05-14 15:56:11.047 10974 10999 D M_InsDal: Lcom/fsck/k9/mail/filter/PeekableInputStream;--->peek()I
05-14 15:56:11.047 10974 10999 D M_InsDal: Lcom/fsck/k9/mail/filter/PeekableInputStream;--->read()I
05-14 15:56:11.047 10974 10999 D M_InsDal: Lcom/fsck/k9/mail/filter/PeekableInputStream;--->peek()I
05-14 15:56:11.047 10974 10999 D M_InsDal: Lcom/fsck/k9/mail/filter/PeekableInputStream;--->read()I
05-14 15:56:11.047 10974 10999 D M_InsDal: Lcom/fsck/k9/mail/filter/PeekableInputStream;--->peek()I
05-14 15:56:11.047 10974 10999 D M_InsDal: Lcom/fsck/k9/mail/filter/PeekableInputStream;--->read()I
05-14 15:56:11.047 10974 10999 D M_InsDal: Lcom/fsck/k9/mail/filter/PeekableInputStream;--->peek()I
05-14 15:56:11.047 10974 10999 D M_InsDal: Lcom/fsck/k9/mail/filter/PeekableInputStream;--->read()I
05-14 15:56:11.047 10974 10999 D M_InsDal: Lcom/fsck/k9/mail/filter/PeekableInputStream;--->peek()I
05-14 15:56:11.047 10974 10999 D M_InsDal: Lcom/fsck/k9/mail/store/imap/ImapResponseParser;--->parseToken(Lcom/fsck/k9/mail/store/imap/ImapList;)Ljava/lang/Object;
05-14 15:56:11.047 10974 10999 D M_InsDal: Lcom/fsck/k9/mail/filter/PeekableInputStream;--->peek()I
05-14 15:56:11.047 10974 10999 D M_InsDal: Lcom/fsck/k9/mail/store/imap/ImapResponseParser;--->expect(C)V
05-14 15:56:11.047 10974 10999 D M_InsDal: Lcom/fsck/k9/mail/filter/PeekableInputStream;--->read()I
05-14 15:56:11.047 10974 10999 D M_InsDal: Lcom/fsck/k9/mail/filter/PeekableInputStream;--->peek()I
05-14 15:56:11.047 10974 10999 D M_InsDal: Lcom/fsck/k9/mail/store/imap/ImapResponseParser;--->parseBareString(Z)Ljava/lang/String;
05-14 15:56:11.047 10974 10999 D M_InsDal: Lcom/fsck/k9/mail/filter/PeekableInputStream;--->peek()I
05-14 15:56:11.047 10974 10999 D M_InsDal: Lcom/fsck/k9/mail/filter/PeekableInputStream;--->read()I
05-14 15:56:11.047 10974 10999 D M_InsDal: Lcom/fsck/k9/mail/filter/PeekableInputStream;--->peek()I
05-14 15:56:11.047 10974 10999 D M_InsDal: Lcom/fsck/k9/mail/filter/PeekableInputStream;--->read()I
05-14 15:56:11.047 10974 10999 D M_InsDal: Lcom/fsck/k9/mail/filter/PeekableInputStream;--->peek()I
05-14 15:56:11.047 10974 10999 D M_InsDal: Lcom/fsck/k9/mail/filter/PeekableInputStream;--->read()I
05-14 15:56:11.047 10974 10999 D M_InsDal: Lcom/fsck/k9/mail/filter/PeekableInputStream;--->peek()I
05-14 15:56:11.047 10974 10999 D M_InsDal: Lcom/fsck/k9/mail/filter/PeekableInputStream;--->read()I
05-14 15:56:11.047 10974 10999 D M_InsDal: Lcom/fsck/k9/mail/filter/PeekableInputStream;--->peek()I
05-14 15:56:11.047 10974 10999 D M_InsDal: Lcom/fsck/k9/mail/filter/PeekableInputStream;--->read()I
05-14 15:56:11.047 10974 10999 D M_InsDal: Lcom/fsck/k9/mail/filter/PeekableInputStream;--->peek()I
05-14 15:56:11.047 10974 10999 D M_InsDal: Lcom/fsck/k9/mail/filter/PeekableInputStream;--->read()I
05-14 15:56:11.047 10974 10999 D M_InsDal: Lcom/fsck/k9/mail/filter/PeekableInputStream;--->peek()I
05-14 15:56:11.047 10974 10999 D M_InsDal: Lcom/fsck/k9/mail/filter/PeekableInputStream;--->read()I
05-14 15:56:11.047 10974 10999 D M_InsDal: Lcom/fsck/k9/mail/filter/PeekableInputStream;--->peek()I
05-14 15:56:11.047 10974 10999 D M_InsDal: Lcom/fsck/k9/mail/filter/PeekableInputStream;--->read()I
05-14 15:56:11.047 10974 10999 D M_InsDal: Lcom/fsck/k9/mail/filter/PeekableInputStream;--->peek()I
05-14 15:56:11.047 10974 10999 D M_InsDal: Lcom/fsck/k9/mail/filter/PeekableInputStream;--->read()I
05-14 15:56:11.047 10974 10999 D M_InsDal: Lcom/fsck/k9/mail/filter/PeekableInputStream;--->peek()I
05-14 15:56:11.047 10974 10999 D M_InsDal: Lcom/fsck/k9/mail/filter/PeekableInputStream;--->read()I
05-14 15:56:11.047 10974 10999 D M_InsDal: Lcom/fsck/k9/mail/filter/PeekableInputStream;--->peek()I
05-14 15:56:11.047 10974 10999 D M_InsDal: Lcom/fsck/k9/mail/store/imap/ImapResponseParser;--->parseToken(Lcom/fsck/k9/mail/store/imap/ImapList;)Ljava/lang/Object;
05-14 15:56:11.047 10974 10999 D M_InsDal: Lcom/fsck/k9/mail/filter/PeekableInputStream;--->peek()I
05-14 15:56:11.047 10974 10999 D M_InsDal: Lcom/fsck/k9/mail/store/imap/ImapResponseParser;--->expect(C)V
05-14 15:56:11.047 10974 10999 D M_InsDal: Lcom/fsck/k9/mail/filter/PeekableInputStream;--->read()I
05-14 15:56:11.047 10974 10999 D M_InsDal: Lcom/fsck/k9/mail/filter/PeekableInputStream;--->peek()I
05-14 15:56:11.047 10974 10999 D M_InsDal: Lcom/fsck/k9/mail/store/imap/ImapResponseParser;--->parseBareString(Z)Ljava/lang/String;
05-14 15:56:11.047 10974 10999 D M_InsDal: Lcom/fsck/k9/mail/filter/PeekableInputStream;--->peek()I
05-14 15:56:11.047 10974 10999 D M_InsDal: Lcom/fsck/k9/mail/filter/PeekableInputStream;--->read()I
05-14 15:56:11.047 10974 10999 D M_InsDal: Lcom/fsck/k9/mail/filter/PeekableInputStream;--->peek()I
05-14 15:56:11.047 10974 10999 D M_InsDal: Lcom/fsck/k9/mail/filter/PeekableInputStream;--->read()I
05-14 15:56:11.047 10974 10999 D M_InsDal: Lcom/fsck/k9/mail/filter/PeekableInputStream;--->peek()I
05-14 15:56:11.047 10974 10999 D M_InsDal: Lcom/fsck/k9/mail/filter/PeekableInputStream;--->read()I
05-14 15:56:11.047 10974 10999 D M_InsDal: Lcom/fsck/k9/mail/filter/PeekableInputStream;--->peek()I
05-14 15:56:11.047 10974 10999 D M_InsDal: Lcom/fsck/k9/mail/filter/PeekableInputStream;--->read()I
05-14 15:56:11.047 10974 10999 D M_InsDal: Lcom/fsck/k9/mail/filter/PeekableInputStream;--->peek()I
05-14 15:56:11.047 10974 10999 D M_InsDal: Lcom/fsck/k9/mail/filter/PeekableInputStream;--->read()I
05-14 15:56:11.047 10974 10999 D M_InsDal: Lcom/fsck/k9/mail/filter/PeekableInputStream;--->peek()I
05-14 15:56:11.047 10974 10999 D M_InsDal: Lcom/fsck/k9/mail/filter/PeekableInputStream;--->read()I
05-14 15:56:11.047 10974 10999 D M_InsDal: Lcom/fsck/k9/mail/filter/PeekableInputStream;--->peek()I
05-14 15:56:11.047 10974 10999 D M_InsDal: Lcom/fsck/k9/mail/filter/PeekableInputStream;--->read()I
05-14 15:56:11.047 10974 10999 D M_InsDal: Lcom/fsck/k9/mail/filter/PeekableInputStream;--->peek()I
05-14 15:56:11.047 10974 10999 D M_InsDal: Lcom/fsck/k9/mail/filter/PeekableInputStream;--->read()I
05-14 15:56:11.047 10974 10999 D M_InsDal: Lcom/fsck/k9/mail/filter/PeekableInputStream;--->peek()I
05-14 15:56:11.047 10974 10999 D M_InsDal: Lcom/fsck/k9/mail/filter/PeekableInputStream;--->read()I
05-14 15:56:11.047 10974 10999 D M_InsDal: Lcom/fsck/k9/mail/filter/PeekableInputStream;--->peek()I
05-14 15:56:11.047 10974 10999 D M_InsDal: Lcom/fsck/k9/mail/filter/PeekableInputStream;--->read()I
05-14 15:56:11.047 10974 10999 D M_InsDal: Lcom/fsck/k9/mail/filter/PeekableInputStream;--->peek()I
05-14 15:56:11.047 10974 10999 D M_InsDal: Lcom/fsck/k9/mail/filter/PeekableInputStream;--->read()I
05-14 15:56:11.047 10974 10999 D M_InsDal: Lcom/fsck/k9/mail/filter/PeekableInputStream;--->peek()I
05-14 15:56:11.047 10974 10999 D M_InsDal: Lcom/fsck/k9/mail/filter/PeekableInputStream;--->read()I
05-14 15:56:11.047 10974 10999 D M_InsDal: Lcom/fsck/k9/mail/filter/PeekableInputStream;--->peek()I
05-14 15:56:11.047 10974 10999 D M_InsDal: Lcom/fsck/k9/mail/store/imap/ImapResponseParser;--->parseToken(Lcom/fsck/k9/mail/store/imap/ImapList;)Ljava/lang/Object;
05-14 15:56:11.047 10974 10999 D M_InsDal: Lcom/fsck/k9/mail/filter/PeekableInputStream;--->peek()I
05-14 15:56:11.047 10974 10999 D M_InsDal: Lcom/fsck/k9/mail/store/imap/ImapResponseParser;--->expect(C)V
05-14 15:56:11.047 10974 10999 D M_InsDal: Lcom/fsck/k9/mail/filter/PeekableInputStream;--->read()I
05-14 15:56:11.047 10974 10999 D M_InsDal: Lcom/fsck/k9/mail/filter/PeekableInputStream;--->peek()I
05-14 15:56:11.047 10974 10999 D M_InsDal: Lcom/fsck/k9/mail/store/imap/ImapResponseParser;--->parseBareString(Z)Ljava/lang/String;
05-14 15:56:11.047 10974 10999 D M_InsDal: Lcom/fsck/k9/mail/filter/PeekableInputStream;--->peek()I
05-14 15:56:11.047 10974 10999 D M_InsDal: Lcom/fsck/k9/mail/filter/PeekableInputStream;--->read()I
05-14 15:56:11.047 10974 10999 D M_InsDal: Lcom/fsck/k9/mail/filter/PeekableInputStream;--->peek()I
05-14 15:56:11.047 10974 10999 D M_InsDal: Lcom/fsck/k9/mail/filter/PeekableInputStream;--->read()I
05-14 15:56:11.047 10974 10999 D M_InsDal: Lcom/fsck/k9/mail/filter/PeekableInputStream;--->peek()I
05-14 15:56:11.047 10974 10999 D M_InsDal: Lcom/fsck/k9/mail/filter/PeekableInputStream;--->read()I
05-14 15:56:11.047 10974 10999 D M_InsDal: Lcom/fsck/k9/mail/filter/PeekableInputStream;--->peek()I
05-14 15:56:11.047 10974 10999 D M_InsDal: Lcom/fsck/k9/mail/filter/PeekableInputStream;--->read()I
05-14 15:56:11.047 10974 10999 D M_InsDal: Lcom/fsck/k9/mail/filter/PeekableInputStream;--->peek()I
05-14 15:56:11.047 10974 10999 D M_InsDal: Lcom/fsck/k9/mail/filter/PeekableInputStream;--->read()I
05-14 15:56:11.047 10974 10999 D M_InsDal: Lcom/fsck/k9/mail/filter/PeekableInputStream;--->peek()I
05-14 15:56:11.047 10974 10999 D M_InsDal: Lcom/fsck/k9/mail/filter/PeekableInputStream;--->read()I
05-14 15:56:11.047 10974 10999 D M_InsDal: Lcom/fsck/k9/mail/filter/PeekableInputStream;--->peek()I
05-14 15:56:11.047 10974 10999 D M_InsDal: Lcom/fsck/k9/mail/filter/PeekableInputStream;--->read()I
05-14 15:56:11.047 10974 10999 D M_InsDal: Lcom/fsck/k9/mail/filter/PeekableInputStream;--->peek()I
05-14 15:56:11.047 10974 10999 D M_InsDal: Lcom/fsck/k9/mail/filter/PeekableInputStream;--->read()I
05-14 15:56:11.047 10974 10999 D M_InsDal: Lcom/fsck/k9/mail/filter/PeekableInputStream;--->peek()I
05-14 15:56:11.047 10974 10999 D M_InsDal: Lcom/fsck/k9/mail/filter/PeekableInputStream;--->read()I
05-14 15:56:11.047 10974 10999 D M_InsDal: Lcom/fsck/k9/mail/filter/PeekableInputStream;--->peek()I
05-14 15:56:11.047 10974 10999 D M_InsDal: Lcom/fsck/k9/mail/store/imap/ImapResponseParser;--->parseToken(Lcom/fsck/k9/mail/store/imap/ImapList;)Ljava/lang/Object;
05-14 15:56:11.047 10974 10999 D M_InsDal: Lcom/fsck/k9/mail/filter/PeekableInputStream;--->peek()I
05-14 15:56:11.047 10974 10999 D M_InsDal: Lcom/fsck/k9/mail/store/imap/ImapResponseParser;--->expect(C)V
05-14 15:56:11.047 10974 10999 D M_InsDal: Lcom/fsck/k9/mail/filter/PeekableInputStream;--->read()I
05-14 15:56:11.047 10974 10999 D M_InsDal: Lcom/fsck/k9/mail/store/imap/ImapResponseParser;--->skipIfSpace()V
05-14 15:56:11.047 10974 10999 D M_InsDal: Lcom/fsck/k9/mail/filter/PeekableInputStream;--->peek()I
05-14 15:56:11.047 10974 10999 D M_InsDal: Lcom/fsck/k9/mail/store/imap/ImapResponseParser;--->expect(C)V
05-14 15:56:11.047 10974 10999 D M_InsDal: Lcom/fsck/k9/mail/filter/PeekableInputStream;--->read()I
05-14 15:56:11.047 10974 10999 D M_InsDal: Lcom/fsck/k9/mail/store/imap/ImapResponseParser;--->readStringUntilEndOfLine()Ljava/lang/String;
05-14 15:56:11.047 10974 10999 D M_InsDal: Lcom/fsck/k9/mail/store/imap/ImapResponseParser;--->readStringUntil(C)Ljava/lang/String;
05-14 15:56:11.047 10974 10999 D M_InsDal: Lcom/fsck/k9/mail/filter/PeekableInputStream;--->read()I
05-14 15:56:11.048 10974 10999 D M_InsDal: Lcom/fsck/k9/mail/filter/PeekableInputStream;--->read()I
05-14 15:56:11.048 10974 10999 D M_InsDal: Lcom/fsck/k9/mail/store/imap/ImapResponseParser;--->expect(C)V
05-14 15:56:11.048 10974 10999 D M_InsDal: Lcom/fsck/k9/mail/filter/PeekableInputStream;--->read()I
05-14 15:56:11.048 10974 10999 D M_InsDal: Lcom/fsck/k9/mail/K9MailLib;--->isDebug()Z
05-14 15:56:11.048 10974 10999 D M_InsDal: Lcom/fsck/k9/K9$2;--->enabled()Z
05-14 15:56:11.048 10974 10999 D M_InsDal: Lcom/fsck/k9/mail/store/imap/ImapConnection;--->extractCapabilities(Ljava/util/List;)Ljava/util/List;
05-14 15:56:11.048 10974 10999 D M_InsDal: Lcom/fsck/k9/mail/store/imap/CapabilityResponse;--->parse(Ljava/util/List;)Lcom/fsck/k9/mail/store/imap/CapabilityResponse;
05-14 15:56:11.048 10974 10999 D M_InsDal: Lcom/fsck/k9/mail/store/imap/ImapResponseParser;--->equalsIgnoreCase(Ljava/lang/Object;Ljava/lang/String;)Z
05-14 15:56:11.048 10974 10999 D M_InsDal: Lcom/fsck/k9/mail/store/imap/ImapList;--->isList(I)Z
05-14 15:56:11.048 10974 10999 D M_InsDal: Lcom/fsck/k9/mail/store/imap/ImapList;--->inRange(I)Z
05-14 15:56:11.048 10974 10999 D M_InsDal: Lcom/fsck/k9/mail/store/imap/ImapList;--->getList(I)Lcom/fsck/k9/mail/store/imap/ImapList;
05-14 15:56:11.048 10974 10999 D M_InsDal: Lcom/fsck/k9/mail/store/imap/CapabilityResponse;--->parse(Lcom/fsck/k9/mail/store/imap/ImapList;)Lcom/fsck/k9/mail/store/imap/CapabilityResponse;
05-14 15:56:11.048 10974 10999 D M_InsDal: Lcom/fsck/k9/mail/store/imap/ImapResponseParser;--->equalsIgnoreCase(Ljava/lang/Object;Ljava/lang/String;)Z
05-14 15:56:11.048 10974 10999 D M_InsDal: Lcom/fsck/k9/mail/store/imap/ImapList;--->isString(I)Z
05-14 15:56:11.048 10974 10999 D M_InsDal: Lcom/fsck/k9/mail/store/imap/ImapList;--->inRange(I)Z
05-14 15:56:11.048 10974 10999 D M_InsDal: Lcom/fsck/k9/mail/store/imap/ImapList;--->getString(I)Ljava/lang/String;
05-14 15:56:11.048 10974 10999 D M_InsDal: Lcom/fsck/k9/mail/store/imap/ImapList;--->isString(I)Z
05-14 15:56:11.048 10974 10999 D M_InsDal: Lcom/fsck/k9/mail/store/imap/ImapList;--->inRange(I)Z
05-14 15:56:11.048 10974 10999 D M_InsDal: Lcom/fsck/k9/mail/store/imap/ImapList;--->getString(I)Ljava/lang/String;
05-14 15:56:11.048 10974 10999 D M_InsDal: Lcom/fsck/k9/mail/store/imap/ImapList;--->isString(I)Z
05-14 15:56:11.048 10974 10999 D M_InsDal: Lcom/fsck/k9/mail/store/imap/ImapList;--->inRange(I)Z
05-14 15:56:11.048 10974 10999 D M_InsDal: Lcom/fsck/k9/mail/store/imap/ImapList;--->getString(I)Ljava/lang/String;
05-14 15:56:11.048 10974 10999 D M_InsDal: Lcom/fsck/k9/mail/store/imap/ImapList;--->isString(I)Z
05-14 15:56:11.048 10974 10999 D M_InsDal: Lcom/fsck/k9/mail/store/imap/ImapList;--->inRange(I)Z
05-14 15:56:11.048 10974 10999 D M_InsDal: Lcom/fsck/k9/mail/store/imap/ImapList;--->getString(I)Ljava/lang/String;
05-14 15:56:11.048 10974 10999 D M_InsDal: Lcom/fsck/k9/mail/store/imap/ImapList;--->isString(I)Z
05-14 15:56:11.048 10974 10999 D M_InsDal: Lcom/fsck/k9/mail/store/imap/ImapList;--->inRange(I)Z
05-14 15:56:11.048 10974 10999 D M_InsDal: Lcom/fsck/k9/mail/store/imap/ImapList;--->getString(I)Ljava/lang/String;
05-14 15:56:11.048 10974 10999 D M_InsDal: Lcom/fsck/k9/mail/store/imap/ImapList;--->isString(I)Z
05-14 15:56:11.048 10974 10999 D M_InsDal: Lcom/fsck/k9/mail/store/imap/ImapList;--->inRange(I)Z
05-14 15:56:11.048 10974 10999 D M_InsDal: Lcom/fsck/k9/mail/store/imap/ImapList;--->getString(I)Ljava/lang/String;
05-14 15:56:11.048 10974 10999 D M_InsDal: Lcom/fsck/k9/mail/store/imap/ImapList;--->isString(I)Z
05-14 15:56:11.048 10974 10999 D M_InsDal: Lcom/fsck/k9/mail/store/imap/ImapList;--->inRange(I)Z
05-14 15:56:11.048 10974 10999 D M_InsDal: Lcom/fsck/k9/mail/store/imap/ImapList;--->getString(I)Ljava/lang/String;
05-14 15:56:11.048 10974 10999 D M_InsDal: Lcom/fsck/k9/mail/store/imap/CapabilityResponse;---><init>(Ljava/util/Set;)V
05-14 15:56:11.048 10974 10999 D M_InsDal: Lcom/fsck/k9/mail/store/imap/CapabilityResponse;--->getCapabilities()Ljava/util/Set;
05-14 15:56:11.048 10974 10999 D M_InsDal: Lcom/fsck/k9/mail/K9MailLib;--->isDebug()Z
05-14 15:56:11.048 10974 10999 D M_InsDal: Lcom/fsck/k9/K9$2;--->enabled()Z
05-14 15:56:11.048 10974 10999 D M_InsDal: Lcom/fsck/k9/mail/store/imap/ImapConnection;--->requestCapabilitiesIfNecessary()V
05-14 15:56:11.048 10974 10999 D M_InsDal: Lcom/fsck/k9/mail/store/imap/ImapConnection;--->upgradeToTlsIfNecessary()V
05-14 15:56:11.048 10974 10999 D M_InsDal: Lcom/fsck/k9/mail/store/imap/ImapStore$StoreImapSettings;--->getConnectionSecurity()Lcom/fsck/k9/mail/ConnectionSecurity;
05-14 15:56:11.048 10974 10999 D M_InsDal: Lcom/fsck/k9/mail/store/imap/ImapConnection;--->authenticate()Ljava/util/List;
05-14 15:56:11.048 10974 10999 D M_InsDal: Lcom/fsck/k9/mail/store/imap/ImapConnection$2;---><clinit>()V
05-14 15:56:11.048 10974 10999 D M_InsDal: Lcom/fsck/k9/mail/AuthType;--->values()[Lcom/fsck/k9/mail/AuthType;
05-14 15:56:11.048 10974 10999 D M_InsDal: Lcom/fsck/k9/mail/store/imap/ImapStore$StoreImapSettings;--->getAuthType()Lcom/fsck/k9/mail/AuthType;
05-14 15:56:11.048 10974 10999 D M_InsDal: Lcom/fsck/k9/mail/store/imap/ImapConnection;--->hasCapability(Ljava/lang/String;)Z
05-14 15:56:11.048 10974 10999 D M_InsDal: Lcom/fsck/k9/mail/store/imap/ImapConnection;--->saslAuthPlainWithLoginFallback()Ljava/util/List;
05-14 15:56:11.048 10974 10999 D M_InsDal: Lcom/fsck/k9/mail/store/imap/ImapConnection;--->saslAuthPlain()Ljava/util/List;
05-14 15:56:11.048 10974 10999 D M_InsDal: Lcom/fsck/k9/mail/store/imap/ImapConnection;--->sendCommand(Ljava/lang/String;Z)Ljava/lang/String;
05-14 15:56:11.048 10974 10999 D M_InsDal: Lcom/fsck/k9/mail/store/imap/ImapConnection;--->open()V
05-14 15:56:11.048 10974 10999 D M_InsDal: Lcom/fsck/k9/mail/K9MailLib;--->isDebug()Z
05-14 15:56:11.048 10974 10999 D M_InsDal: Lcom/fsck/k9/K9$2;--->enabled()Z
05-14 15:56:11.048 10974 10999 D M_InsDal: Lcom/fsck/k9/mail/store/imap/ImapConnection;--->readContinuationResponse(Ljava/lang/String;)Lcom/fsck/k9/mail/store/imap/ImapResponse;
