--------- beginning of main
--------- beginning of system
06-04 00:18:26.953 16196 16196 D M_InsDal: Lcom/ichi2/anki/AnkiDroidApp;---><clinit>()V
06-04 00:18:26.953 16196 16196 D M_InsDal: Lcom/ichi2/anki/AnkiDroidApp;---><init>()V
06-04 00:18:26.953 16196 16196 D M_InsDal: Lcom/ichi2/anki/provider/CardContentProvider;---><clinit>()V
06-04 00:18:26.953 16196 16196 D M_InsDal: Lcom/ichi2/anki/FlashCardsContract$Note;---><clinit>()V
06-04 00:18:26.953 16196 16196 D M_InsDal: Lcom/ichi2/anki/FlashCardsContract;---><clinit>()V
06-04 00:18:26.953 16196 16196 D M_InsDal: Lcom/ichi2/anki/provider/CardContentProvider;---><init>()V
06-04 00:18:26.953 16196 16196 D M_InsDal: Lcom/ichi2/anki/provider/CardContentProvider;--->onCreate()Z
06-04 00:18:26.956 16196 16196 D M_InsDal: Lcom/ichi2/anki/AnkiDroidApp;--->onCreate()V
06-04 00:18:26.956 16196 16196 D M_InsDal: Lcom/ichi2/anki/AnkiDroidApp;--->getSharedPrefs(Landroid/content/Context;)Landroid/content/SharedPreferences;
06-04 00:18:26.959 16196 16196 D M_InsDal: Lcom/ichi2/anki/AnkiDroidApp$ProductionCrashReportingTree;---><clinit>()V
06-04 00:18:26.959 16196 16196 D M_InsDal: Lcom/ichi2/anki/AnkiDroidApp$ProductionCrashReportingTree;---><init>()V
06-04 00:18:26.959 16196 16196 D M_InsDal: Lcom/ichi2/anki/AnkiDroidApp;--->setAcraReportingMode(Ljava/lang/String;)V
06-04 00:18:26.959 16196 16196 D M_InsDal: Lcom/ichi2/anki/AnkiDroidApp;--->setLanguage(Ljava/lang/String;)V
06-04 00:18:26.959 16196 16196 D M_InsDal: Lcom/ichi2/anki/AnkiDroidApp;--->getInstance()Lcom/ichi2/anki/AnkiDroidApp;
06-04 00:18:26.959 16196 16196 D M_InsDal: Lcom/ichi2/anki/AnkiDroidApp;--->getInstance()Lcom/ichi2/anki/AnkiDroidApp;
06-04 00:18:26.959 16196 16196 D M_InsDal: Lcom/ichi2/anki/AnkiDroidApp;--->getSharedPrefs(Landroid/content/Context;)Landroid/content/SharedPreferences;
06-04 00:18:26.959 16196 16196 D M_InsDal: Lcom/ichi2/anki/AnkiDroidApp;--->getInstance()Lcom/ichi2/anki/AnkiDroidApp;
06-04 00:18:26.959 16196 16196 D M_InsDal: Lcom/ichi2/anki/AnkiDroidApp;--->getInstance()Lcom/ichi2/anki/AnkiDroidApp;
06-04 00:18:26.986 16196 16196 D M_InsDal: Lcom/ichi2/anki/CollectionHelper;--->hasStorageAccessPermission(Landroid/content/Context;)Z
06-04 00:18:26.987 16196 16196 D M_InsDal: Lcom/ichi2/anki/CollectionHelper;--->getCurrentAnkiDroidDirectory(Landroid/content/Context;)Ljava/lang/String;
06-04 00:18:26.987 16196 16196 D M_InsDal: Lcom/ichi2/anki/CollectionHelper;--->getDefaultAnkiDroidDirectory()Ljava/lang/String;
06-04 00:18:26.987 16196 16196 D M_InsDal: Lcom/ichi2/anki/CollectionHelper;--->initializeAnkiDroidDirectory(Ljava/lang/String;)V
06-04 00:18:26.990 16196 16196 D M_InsDal: Lcom/ichi2/anki/CardBrowser;---><clinit>()V
06-04 00:18:26.990 16196 16196 D M_InsDal: Lcom/ichi2/anki/CardBrowser;---><init>()V
06-04 00:18:26.990 16196 16196 D M_InsDal: Lcom/ichi2/anki/NavigationDrawerActivity;---><init>()V
06-04 00:18:26.990 16196 16196 D M_InsDal: Lcom/ichi2/anki/AnkiActivity;---><init>()V
06-04 00:18:26.990 16196 16196 D M_InsDal: Lcom/ichi2/anki/dialogs/DialogHandler;---><init>(Lcom/ichi2/anki/AnkiActivity;)V
06-04 00:18:26.990 16196 16196 D M_InsDal: Lcom/ichi2/anki/CardBrowser$1;---><init>(Lcom/ichi2/anki/CardBrowser;)V
06-04 00:18:26.990 16196 16196 D M_InsDal: Lcom/ichi2/anki/CardBrowser$2;---><init>(Lcom/ichi2/anki/CardBrowser;)V
06-04 00:18:26.990 16196 16196 D M_InsDal: Lcom/ichi2/anki/CardBrowser$3;---><init>(Lcom/ichi2/anki/CardBrowser;)V
06-04 00:18:26.991 16196 16196 D M_InsDal: Lcom/ichi2/anki/CardBrowser$13;---><init>(Lcom/ichi2/anki/CardBrowser;)V
06-04 00:18:26.991 16196 16196 D M_InsDal: Lcom/ichi2/anki/CardBrowser$14;---><init>(Lcom/ichi2/anki/CardBrowser;)V
06-04 00:18:26.991 16196 16196 D M_InsDal: Lcom/ichi2/anki/CardBrowser$15;---><init>(Lcom/ichi2/anki/CardBrowser;)V
06-04 00:18:26.991 16196 16196 D M_InsDal: Lcom/ichi2/anki/CardBrowser$16;---><init>(Lcom/ichi2/anki/CardBrowser;)V
06-04 00:18:26.991 16196 16196 D M_InsDal: Lcom/ichi2/anki/CardBrowser$17;---><init>(Lcom/ichi2/anki/CardBrowser;)V
06-04 00:18:26.992 16196 16196 D M_InsDal: Lcom/ichi2/anki/AnkiActivity;--->onCreate(Landroid/os/Bundle;)V
06-04 00:18:26.992 16196 16196 D M_InsDal: Lcom/ichi2/anki/AnkiDroidApp;--->getSharedPrefs(Landroid/content/Context;)Landroid/content/SharedPreferences;
06-04 00:18:26.994 16196 16196 D M_InsDal: Lcom/ichi2/anki/CardBrowser;--->onCreate(Landroid/os/Bundle;)V
06-04 00:18:27.021 16196 16196 D M_InsDal: Lcom/ichi2/anki/NavigationDrawerActivity;--->initNavigationDrawer(Landroid/view/View;)V
06-04 00:18:27.022 16196 16196 D M_InsDal: Lcom/ichi2/anki/NavigationDrawerActivity$1;---><init>(Lcom/ichi2/anki/NavigationDrawerActivity;)V
06-04 00:18:27.022 16196 16196 D M_InsDal: Lcom/ichi2/anki/AnkiDroidApp;--->getSharedPrefs(Landroid/content/Context;)Landroid/content/SharedPreferences;
06-04 00:18:27.022 16196 16196 D M_InsDal: Lcom/ichi2/anki/NavigationDrawerActivity$2;---><init>(Lcom/ichi2/anki/NavigationDrawerActivity;Landroid/content/SharedPreferences;)V
06-04 00:18:27.023 16196 16196 D M_InsDal: Lcom/ichi2/anki/NavigationDrawerActivity$3;---><init>(Lcom/ichi2/anki/NavigationDrawerActivity;Landroid/app/Activity;Landroid/support/v4/widget/DrawerLayout;II)V
06-04 00:18:27.023 16196 16196 D M_InsDal: Lcom/ichi2/anki/AnkiActivity;--->startLoadingCollection()V
06-04 00:18:27.023 16196 16196 D M_InsDal: Lcom/ichi2/anki/AnkiActivity;--->colIsOpen()Z
06-04 00:18:27.023 16196 16196 D M_InsDal: Lcom/ichi2/anki/CollectionHelper;--->getInstance()Lcom/ichi2/anki/CollectionHelper;
06-04 00:18:27.023 16196 16196 D M_InsDal: Lcom/ichi2/anki/CollectionHelper$LazyHolder;---><clinit>()V
06-04 00:18:27.023 16196 16196 D M_InsDal: Lcom/ichi2/anki/CollectionHelper;---><init>()V
06-04 00:18:27.023 16196 16196 D M_InsDal: Lcom/ichi2/anki/CollectionHelper;--->colIsOpen()Z
06-04 00:18:27.023 16196 16196 D M_InsDal: Lcom/ichi2/anki/AnkiActivity;--->showProgressBar()V
06-04 00:18:27.023 16196 16196 D M_InsDal: Lcom/ichi2/anki/AnkiActivity;--->onCreateLoader(ILandroid/os/Bundle;)Landroid/support/v4/content/Loader;
06-04 00:18:27.025 16196 16196 D M_InsDal: Lcom/ichi2/anki/CollectionHelper;--->getInstance()Lcom/ichi2/anki/CollectionHelper;
06-04 00:18:27.025 16196 16196 D M_InsDal: Lcom/ichi2/anki/CollectionHelper;--->isCollectionLocked()Z
06-04 00:18:27.025 16196 16196 D M_InsDal: Lcom/ichi2/anki/AnkiActivity;--->onStart()V
06-04 00:18:27.026 16196 16220 D M_InsDal: Lcom/ichi2/anki/CollectionHelper;--->getInstance()Lcom/ichi2/anki/CollectionHelper;
06-04 00:18:27.026 16196 16220 D M_InsDal: Lcom/ichi2/anki/CollectionHelper;--->getCol(Landroid/content/Context;)Lcom/ichi2/libanki/Collection;
06-04 00:18:27.026 16196 16220 D M_InsDal: Lcom/ichi2/anki/CollectionHelper;--->getCollectionPath(Landroid/content/Context;)Ljava/lang/String;
06-04 00:18:27.026 16196 16220 D M_InsDal: Lcom/ichi2/anki/CollectionHelper;--->getCurrentAnkiDroidDirectory(Landroid/content/Context;)Ljava/lang/String;
06-04 00:18:27.026 16196 16220 D M_InsDal: Lcom/ichi2/anki/CollectionHelper;--->getDefaultAnkiDroidDirectory()Ljava/lang/String;
06-04 00:18:27.026 16196 16220 D M_InsDal: Lcom/ichi2/anki/CollectionHelper;--->colIsOpen()Z
06-04 00:18:27.026 16196 16220 D M_InsDal: Lcom/ichi2/anki/CollectionHelper;--->getParentDirectory(Ljava/lang/String;)Ljava/lang/String;
06-04 00:18:27.026 16196 16220 D M_InsDal: Lcom/ichi2/anki/CollectionHelper;--->initializeAnkiDroidDirectory(Ljava/lang/String;)V
06-04 00:18:27.026 16196 16220 D M_InsDal: Lcom/ichi2/anki/AnkiDroidApp$ProductionCrashReportingTree;--->i(Ljava/lang/String;[Ljava/lang/Object;)V
06-04 00:18:27.026 16196 16220 D M_InsDal: Lcom/ichi2/anki/AnkiDroidApp$ProductionCrashReportingTree;--->formatString(Ljava/lang/String;[Ljava/lang/Object;)Ljava/lang/String;
06-04 00:18:27.027 16196 16196 D M_InsDal: Lcom/ichi2/anki/NavigationDrawerActivity;--->onPostCreate(Landroid/os/Bundle;)V
06-04 00:18:27.027 16196 16196 D M_InsDal: Lcom/ichi2/anki/CardBrowser;--->onResume()V
06-04 00:18:27.027 16196 16196 D M_InsDal: Lcom/ichi2/anki/AnkiActivity;--->onResume()V
06-04 00:18:27.027 16196 16196 D M_InsDal: Lcom/ichi2/anki/dialogs/DialogHandler;--->readMessage()V
06-04 00:18:27.027 16196 16196 D M_InsDal: Lcom/ichi2/anki/NavigationDrawerActivity;--->selectNavigationItem(I)V
06-04 00:18:27.031 16196 16220 D M_InsDal: Lcom/ichi2/anki/AnkiDroidApp;--->getInstance()Lcom/ichi2/anki/AnkiDroidApp;
06-04 00:18:27.337 16196 16196 D M_InsDal: Lcom/ichi2/anki/CardBrowser;--->onCreateOptionsMenu(Landroid/view/Menu;)Z
06-04 00:18:27.343 16196 16196 D M_InsDal: Lcom/ichi2/anki/AnkiActivity;--->getCol()Lcom/ichi2/libanki/Collection;
06-04 00:18:27.343 16196 16196 D M_InsDal: Lcom/ichi2/anki/CollectionHelper;--->getInstance()Lcom/ichi2/anki/CollectionHelper;
06-04 00:18:27.343 16196 16196 D M_InsDal: Lcom/ichi2/anki/CollectionHelper;--->getCol(Landroid/content/Context;)Lcom/ichi2/libanki/Collection;
06-04 00:18:27.343 16196 16196 D M_InsDal: Lcom/ichi2/anki/CollectionHelper;--->getCollectionPath(Landroid/content/Context;)Ljava/lang/String;
06-04 00:18:27.343 16196 16196 D M_InsDal: Lcom/ichi2/anki/CollectionHelper;--->getCurrentAnkiDroidDirectory(Landroid/content/Context;)Ljava/lang/String;
06-04 00:18:27.343 16196 16196 D M_InsDal: Lcom/ichi2/anki/CollectionHelper;--->getDefaultAnkiDroidDirectory()Ljava/lang/String;
06-04 00:18:27.343 16196 16196 D M_InsDal: Lcom/ichi2/anki/CollectionHelper;--->colIsOpen()Z
06-04 00:18:27.344 16196 16196 D M_InsDal: Lcom/ichi2/anki/CardBrowser$9;---><init>(Lcom/ichi2/anki/CardBrowser;)V
06-04 00:18:27.344 16196 16196 D M_InsDal: Lcom/ichi2/anki/CardBrowser$10;---><init>(Lcom/ichi2/anki/CardBrowser;)V
06-04 00:18:27.344 16196 16196 D M_InsDal: Lcom/ichi2/anki/CardBrowser$11;---><init>(Lcom/ichi2/anki/CardBrowser;)V
06-04 00:18:27.348 16196 16196 D M_InsDal: Lcom/ichi2/anki/AnkiActivity;--->onLoadFinished(Landroid/support/v4/content/Loader;Lcom/ichi2/libanki/Collection;)V
06-04 00:18:27.348 16196 16196 D M_InsDal: Lcom/ichi2/anki/AnkiActivity;--->hideProgressBar()V
06-04 00:18:27.348 16196 16196 D M_InsDal: Lcom/ichi2/anki/AnkiActivity;--->colIsOpen()Z
06-04 00:18:27.348 16196 16196 D M_InsDal: Lcom/ichi2/anki/CollectionHelper;--->getInstance()Lcom/ichi2/anki/CollectionHelper;
06-04 00:18:27.348 16196 16196 D M_InsDal: Lcom/ichi2/anki/CollectionHelper;--->colIsOpen()Z
06-04 00:18:27.348 16196 16196 D M_InsDal: Lcom/ichi2/anki/AnkiActivity;--->onCollectionLoaded(Lcom/ichi2/libanki/Collection;)V
06-04 00:18:27.348 16196 16196 D M_InsDal: Lcom/ichi2/anki/CardBrowser;--->onCollectionLoaded(Lcom/ichi2/libanki/Collection;)V
06-04 00:18:27.348 16196 16196 D M_InsDal: Lcom/ichi2/anki/AnkiActivity;--->getCol()Lcom/ichi2/libanki/Collection;
06-04 00:18:27.348 16196 16196 D M_InsDal: Lcom/ichi2/anki/CollectionHelper;--->getInstance()Lcom/ichi2/anki/CollectionHelper;
06-04 00:18:27.348 16196 16196 D M_InsDal: Lcom/ichi2/anki/CollectionHelper;--->getCol(Landroid/content/Context;)Lcom/ichi2/libanki/Collection;
06-04 00:18:27.348 16196 16196 D M_InsDal: Lcom/ichi2/anki/CollectionHelper;--->getCollectionPath(Landroid/content/Context;)Ljava/lang/String;
06-04 00:18:27.348 16196 16196 D M_InsDal: Lcom/ichi2/anki/CollectionHelper;--->getCurrentAnkiDroidDirectory(Landroid/content/Context;)Ljava/lang/String;
06-04 00:18:27.348 16196 16196 D M_InsDal: Lcom/ichi2/anki/CollectionHelper;--->getDefaultAnkiDroidDirectory()Ljava/lang/String;
06-04 00:18:27.349 16196 16196 D M_InsDal: Lcom/ichi2/anki/CollectionHelper;--->colIsOpen()Z
06-04 00:18:27.349 16196 16196 D M_InsDal: Lcom/ichi2/anki/AnkiActivity;--->getCol()Lcom/ichi2/libanki/Collection;
06-04 00:18:27.349 16196 16196 D M_InsDal: Lcom/ichi2/anki/CollectionHelper;--->getInstance()Lcom/ichi2/anki/CollectionHelper;
06-04 00:18:27.349 16196 16196 D M_InsDal: Lcom/ichi2/anki/CollectionHelper;--->getCol(Landroid/content/Context;)Lcom/ichi2/libanki/Collection;
06-04 00:18:27.349 16196 16196 D M_InsDal: Lcom/ichi2/anki/CollectionHelper;--->getCollectionPath(Landroid/content/Context;)Ljava/lang/String;
06-04 00:18:27.349 16196 16196 D M_InsDal: Lcom/ichi2/anki/CollectionHelper;--->getCurrentAnkiDroidDirectory(Landroid/content/Context;)Ljava/lang/String;
06-04 00:18:27.349 16196 16196 D M_InsDal: Lcom/ichi2/anki/CollectionHelper;--->getDefaultAnkiDroidDirectory()Ljava/lang/String;
06-04 00:18:27.349 16196 16196 D M_InsDal: Lcom/ichi2/anki/CollectionHelper;--->colIsOpen()Z
06-04 00:18:27.349 16196 16196 D M_InsDal: Lcom/ichi2/anki/CardBrowser;--->registerExternalStorageListener()V
06-04 00:18:27.349 16196 16196 D M_InsDal: Lcom/ichi2/anki/CardBrowser$18;---><init>(Lcom/ichi2/anki/CardBrowser;)V
06-04 00:18:27.350 16196 16196 D M_InsDal: Lcom/ichi2/anki/AnkiDroidApp;--->getSharedPrefs(Landroid/content/Context;)Landroid/content/SharedPreferences;
06-04 00:18:27.350 16196 16196 D M_InsDal: Lcom/ichi2/anki/AnkiActivity;--->getCol()Lcom/ichi2/libanki/Collection;
06-04 00:18:27.350 16196 16196 D M_InsDal: Lcom/ichi2/anki/CollectionHelper;--->getInstance()Lcom/ichi2/anki/CollectionHelper;
06-04 00:18:27.350 16196 16196 D M_InsDal: Lcom/ichi2/anki/CollectionHelper;--->getCol(Landroid/content/Context;)Lcom/ichi2/libanki/Collection;
06-04 00:18:27.350 16196 16196 D M_InsDal: Lcom/ichi2/anki/CollectionHelper;--->getCollectionPath(Landroid/content/Context;)Ljava/lang/String;
06-04 00:18:27.350 16196 16196 D M_InsDal: Lcom/ichi2/anki/CollectionHelper;--->getCurrentAnkiDroidDirectory(Landroid/content/Context;)Ljava/lang/String;
06-04 00:18:27.351 16196 16196 D M_InsDal: Lcom/ichi2/anki/CollectionHelper;--->getDefaultAnkiDroidDirectory()Ljava/lang/String;
06-04 00:18:27.351 16196 16196 D M_InsDal: Lcom/ichi2/anki/CollectionHelper;--->colIsOpen()Z
06-04 00:18:27.352 16196 16196 D M_InsDal: Lcom/ichi2/anki/widgets/DeckDropDownAdapter;---><init>(Landroid/content/Context;Ljava/util/ArrayList;)V
06-04 00:18:27.352 16196 16196 D M_InsDal: Lcom/ichi2/anki/widgets/DeckDropDownAdapter;--->getCount()I
06-04 00:18:27.352 16196 16196 D M_InsDal: Lcom/ichi2/anki/widgets/DeckDropDownAdapter;--->getCount()I
06-04 00:18:27.352 16196 16196 D M_InsDal: Lcom/ichi2/anki/widgets/DeckDropDownAdapter;--->getItemId(I)J
06-04 00:18:27.352 16196 16196 D M_InsDal: Lcom/ichi2/anki/widgets/DeckDropDownAdapter;--->getItemId(I)J
06-04 00:18:27.352 16196 16196 D M_InsDal: Lcom/ichi2/anki/CardBrowser$4;---><init>(Lcom/ichi2/anki/CardBrowser;)V
06-04 00:18:27.352 16196 16196 D M_InsDal: Lcom/ichi2/anki/AnkiActivity;--->getCol()Lcom/ichi2/libanki/Collection;
06-04 00:18:27.352 16196 16196 D M_InsDal: Lcom/ichi2/anki/CollectionHelper;--->getInstance()Lcom/ichi2/anki/CollectionHelper;
06-04 00:18:27.352 16196 16196 D M_InsDal: Lcom/ichi2/anki/CollectionHelper;--->getCol(Landroid/content/Context;)Lcom/ichi2/libanki/Collection;
06-04 00:18:27.352 16196 16196 D M_InsDal: Lcom/ichi2/anki/CollectionHelper;--->getCollectionPath(Landroid/content/Context;)Ljava/lang/String;
06-04 00:18:27.352 16196 16196 D M_InsDal: Lcom/ichi2/anki/CollectionHelper;--->getCurrentAnkiDroidDirectory(Landroid/content/Context;)Ljava/lang/String;
06-04 00:18:27.352 16196 16196 D M_InsDal: Lcom/ichi2/anki/CollectionHelper;--->getDefaultAnkiDroidDirectory()Ljava/lang/String;
06-04 00:18:27.353 16196 16196 D M_InsDal: Lcom/ichi2/anki/CollectionHelper;--->colIsOpen()Z
06-04 00:18:27.353 16196 16196 D M_InsDal: Lcom/ichi2/anki/AnkiActivity;--->getCol()Lcom/ichi2/libanki/Collection;
06-04 00:18:27.353 16196 16196 D M_InsDal: Lcom/ichi2/anki/CollectionHelper;--->getInstance()Lcom/ichi2/anki/CollectionHelper;
06-04 00:18:27.353 16196 16196 D M_InsDal: Lcom/ichi2/anki/CollectionHelper;--->getCol(Landroid/content/Context;)Lcom/ichi2/libanki/Collection;
06-04 00:18:27.353 16196 16196 D M_InsDal: Lcom/ichi2/anki/CollectionHelper;--->getCollectionPath(Landroid/content/Context;)Ljava/lang/String;
06-04 00:18:27.353 16196 16196 D M_InsDal: Lcom/ichi2/anki/CollectionHelper;--->getCurrentAnkiDroidDirectory(Landroid/content/Context;)Ljava/lang/String;
06-04 00:18:27.353 16196 16196 D M_InsDal: Lcom/ichi2/anki/CollectionHelper;--->getDefaultAnkiDroidDirectory()Ljava/lang/String;
06-04 00:18:27.354 16196 16196 D M_InsDal: Lcom/ichi2/anki/CollectionHelper;--->colIsOpen()Z
06-04 00:18:27.354 16196 16196 D M_InsDal: Lcom/ichi2/anki/AnkiActivity;--->getCol()Lcom/ichi2/libanki/Collection;
06-04 00:18:27.354 16196 16196 D M_InsDal: Lcom/ichi2/anki/CollectionHelper;--->getInstance()Lcom/ichi2/anki/CollectionHelper;
06-04 00:18:27.354 16196 16196 D M_InsDal: Lcom/ichi2/anki/CollectionHelper;--->getCol(Landroid/content/Context;)Lcom/ichi2/libanki/Collection;
06-04 00:18:27.354 16196 16196 D M_InsDal: Lcom/ichi2/anki/CollectionHelper;--->getCollectionPath(Landroid/content/Context;)Ljava/lang/String;
06-04 00:18:27.354 16196 16196 D M_InsDal: Lcom/ichi2/anki/CollectionHelper;--->getCurrentAnkiDroidDirectory(Landroid/content/Context;)Ljava/lang/String;
06-04 00:18:27.354 16196 16196 D M_InsDal: Lcom/ichi2/anki/CollectionHelper;--->getDefaultAnkiDroidDirectory()Ljava/lang/String;
06-04 00:18:27.354 16196 16196 D M_InsDal: Lcom/ichi2/anki/CollectionHelper;--->colIsOpen()Z
06-04 00:18:27.355 16196 16196 D M_InsDal: Lcom/ichi2/anki/AnkiDroidApp;--->getSharedPrefs(Landroid/content/Context;)Landroid/content/SharedPreferences;
06-04 00:18:27.355 16196 16196 D M_InsDal: Lcom/ichi2/anki/CardBrowser$5;---><init>(Lcom/ichi2/anki/CardBrowser;)V
06-04 00:18:27.355 16196 16196 D M_InsDal: Lcom/ichi2/anki/AnkiDroidApp;--->getSharedPrefs(Landroid/content/Context;)Landroid/content/SharedPreferences;
06-04 00:18:27.355 16196 16196 D M_InsDal: Lcom/ichi2/anki/CardBrowser$6;---><init>(Lcom/ichi2/anki/CardBrowser;)V
06-04 00:18:27.355 16196 16196 D M_InsDal: Lcom/ichi2/anki/CardBrowser$MultiColumnListAdapter;---><init>(Lcom/ichi2/anki/CardBrowser;Landroid/content/Context;I[Ljava/lang/String;[ILjava/lang/String;ILjava/lang/String;)V
06-04 00:18:27.355 16196 16196 D M_InsDal: Lcom/ichi2/anki/CardBrowser$MultiColumnListAdapter;--->getCount()I
06-04 00:18:27.355 16196 16196 D M_InsDal: Lcom/ichi2/anki/CardBrowser;--->getCards()Ljava/util/List;
06-04 00:18:27.355 16196 16196 D M_InsDal: Lcom/ichi2/anki/CardBrowser$MultiColumnListAdapter;--->getCount()I
06-04 00:18:27.355 16196 16196 D M_InsDal: Lcom/ichi2/anki/CardBrowser;--->getCards()Ljava/util/List;
06-04 00:18:27.355 16196 16196 D M_InsDal: Lcom/ichi2/anki/CardBrowser$RenderOnScroll;---><init>(Lcom/ichi2/anki/CardBrowser;)V
06-04 00:18:27.355 16196 16196 D M_InsDal: Lcom/ichi2/anki/CardBrowser$RenderOnScroll;--->onScroll(Landroid/widget/AbsListView;III)V
06-04 00:18:27.355 16196 16196 D M_InsDal: Lcom/ichi2/anki/CardBrowser;--->getCards()Ljava/util/List;
06-04 00:18:27.355 16196 16196 D M_InsDal: Lcom/ichi2/anki/CardBrowser$7;---><init>(Lcom/ichi2/anki/CardBrowser;)V
06-04 00:18:27.355 16196 16196 D M_InsDal: Lcom/ichi2/anki/CardBrowser$8;---><init>(Lcom/ichi2/anki/CardBrowser;)V
06-04 00:18:27.356 16196 16196 D M_InsDal: Lcom/ichi2/anki/CardBrowser;--->getDeckPositionFromDeckId(J)I
06-04 00:18:27.356 16196 16196 D M_InsDal: Lcom/ichi2/anki/CardBrowser;--->selectDropDownItem(I)V
06-04 00:18:27.356 16196 16196 D M_InsDal: Lcom/ichi2/anki/widgets/DeckDropDownAdapter;--->getItemId(I)J
06-04 00:18:27.356 16196 16196 D M_InsDal: Lcom/ichi2/anki/CardBrowser;--->searchCards()V
06-04 00:18:27.356 16196 16196 D M_InsDal: Lcom/ichi2/anki/AnkiActivity;--->colIsOpen()Z
06-04 00:18:27.356 16196 16196 D M_InsDal: Lcom/ichi2/anki/CollectionHelper;--->getInstance()Lcom/ichi2/anki/CollectionHelper;
06-04 00:18:27.356 16196 16196 D M_InsDal: Lcom/ichi2/anki/CollectionHelper;--->colIsOpen()Z
06-04 00:18:27.356 16196 16196 D M_InsDal: Lcom/ichi2/anki/CardBrowser;--->getCards()Ljava/util/List;
06-04 00:18:27.356 16196 16196 D M_InsDal: Lcom/ichi2/anki/CardBrowser$MultiColumnListAdapter;--->getCount()I
06-04 00:18:27.356 16196 16196 D M_InsDal: Lcom/ichi2/anki/CardBrowser;--->getCards()Ljava/util/List;
06-04 00:18:27.356 16196 16196 D M_InsDal: Lcom/ichi2/anki/CardBrowser$MultiColumnListAdapter;--->getCount()I
06-04 00:18:27.356 16196 16196 D M_InsDal: Lcom/ichi2/anki/CardBrowser;--->getCards()Ljava/util/List;
06-04 00:18:27.356 16196 16196 D M_InsDal: Lcom/ichi2/anki/CardBrowser$16;--->onPreExecute()V
06-04 00:18:27.356 16196 16196 D M_InsDal: Lcom/ichi2/anki/AnkiActivity;--->showProgressBar()V
06-04 00:18:27.357 16196 16223 D M_InsDal: Lcom/ichi2/anki/AnkiDroidApp;--->getInstance()Lcom/ichi2/anki/AnkiDroidApp;
06-04 00:18:27.357 16196 16223 D M_InsDal: Lcom/ichi2/anki/CollectionHelper;--->getInstance()Lcom/ichi2/anki/CollectionHelper;
06-04 00:18:27.357 16196 16223 D M_InsDal: Lcom/ichi2/anki/CollectionHelper;--->getColSafe(Landroid/content/Context;)Lcom/ichi2/libanki/Collection;
06-04 00:18:27.357 16196 16223 D M_InsDal: Lcom/ichi2/anki/CollectionHelper;--->getCol(Landroid/content/Context;)Lcom/ichi2/libanki/Collection;
06-04 00:18:27.357 16196 16223 D M_InsDal: Lcom/ichi2/anki/CollectionHelper;--->getCollectionPath(Landroid/content/Context;)Ljava/lang/String;
06-04 00:18:27.357 16196 16223 D M_InsDal: Lcom/ichi2/anki/CollectionHelper;--->getCurrentAnkiDroidDirectory(Landroid/content/Context;)Ljava/lang/String;
06-04 00:18:27.357 16196 16223 D M_InsDal: Lcom/ichi2/anki/CollectionHelper;--->getDefaultAnkiDroidDirectory()Ljava/lang/String;
06-04 00:18:27.357 16196 16223 D M_InsDal: Lcom/ichi2/anki/CollectionHelper;--->colIsOpen()Z
06-04 00:18:27.358 16196 16223 D M_InsDal: Lcom/ichi2/anki/CollectionHelper;--->getInstance()Lcom/ichi2/anki/CollectionHelper;
06-04 00:18:27.358 16196 16223 D M_InsDal: Lcom/ichi2/anki/CollectionHelper;--->getCol(Landroid/content/Context;)Lcom/ichi2/libanki/Collection;
06-04 00:18:27.358 16196 16223 D M_InsDal: Lcom/ichi2/anki/CollectionHelper;--->getCollectionPath(Landroid/content/Context;)Ljava/lang/String;
06-04 00:18:27.358 16196 16223 D M_InsDal: Lcom/ichi2/anki/CollectionHelper;--->getCurrentAnkiDroidDirectory(Landroid/content/Context;)Ljava/lang/String;
06-04 00:18:27.358 16196 16223 D M_InsDal: Lcom/ichi2/anki/CollectionHelper;--->getDefaultAnkiDroidDirectory()Ljava/lang/String;
06-04 00:18:27.359 16196 16196 D M_InsDal: Lcom/ichi2/anki/widgets/DeckDropDownAdapter;--->getCount()I
06-04 00:18:27.359 16196 16196 D M_InsDal: Lcom/ichi2/anki/widgets/DeckDropDownAdapter;--->getView(ILandroid/view/View;Landroid/view/ViewGroup;)Landroid/view/View;
06-04 00:18:27.359 16196 16223 D M_InsDal: Lcom/ichi2/anki/CollectionHelper;--->colIsOpen()Z
06-04 00:18:27.360 16196 16196 D M_InsDal: Lcom/ichi2/anki/widgets/DeckDropDownAdapter$DeckDropDownViewHolder;---><init>()V
06-04 00:18:27.360 16196 16196 D M_InsDal: Lcom/ichi2/anki/CardBrowser;--->getSubtitleText()Ljava/lang/String;
06-04 00:18:27.360 16196 16196 D M_InsDal: Lcom/ichi2/anki/CardBrowser;--->getCards()Ljava/util/List;
06-04 00:18:27.364 16196 16196 D M_InsDal: Lcom/ichi2/anki/CardBrowser$MultiColumnListAdapter;--->getCount()I
06-04 00:18:27.364 16196 16196 D M_InsDal: Lcom/ichi2/anki/CardBrowser;--->getCards()Ljava/util/List;
06-04 00:18:27.371 16196 16196 D M_InsDal: Lcom/ichi2/anki/widgets/DeckDropDownAdapter;--->getItemId(I)J
06-04 00:18:27.371 16196 16196 D M_InsDal: Lcom/ichi2/anki/widgets/DeckDropDownAdapter;--->getItemId(I)J
06-04 00:18:27.371 16196 16196 D M_InsDal: Lcom/ichi2/anki/CardBrowser$RenderOnScroll;--->onScroll(Landroid/widget/AbsListView;III)V
06-04 00:18:27.371 16196 16196 D M_InsDal: Lcom/ichi2/anki/CardBrowser;--->getCards()Ljava/util/List;
06-04 00:18:27.573 16196 16196 D M_InsDal: Lcom/ichi2/anki/CardBrowser$16;--->onProgressUpdate([Lcom/ichi2/async/DeckTask$TaskData;)V
06-04 00:18:27.573 16196 16196 D M_InsDal: Lcom/ichi2/anki/CardBrowser;--->updateList()V
06-04 00:18:27.573 16196 16196 D M_InsDal: Lcom/ichi2/anki/CardBrowser$MultiColumnListAdapter;--->getCount()I
06-04 00:18:27.573 16196 16196 D M_InsDal: Lcom/ichi2/anki/CardBrowser;--->getCards()Ljava/util/List;
06-04 00:18:27.573 16196 16196 D M_InsDal: Lcom/ichi2/anki/CardBrowser$MultiColumnListAdapter;--->getCount()I
06-04 00:18:27.573 16196 16196 D M_InsDal: Lcom/ichi2/anki/CardBrowser;--->getCards()Ljava/util/List;
06-04 00:18:27.574 16196 16196 D M_InsDal: Lcom/ichi2/anki/widgets/DeckDropDownAdapter;--->getCount()I
06-04 00:18:27.574 16196 16196 D M_InsDal: Lcom/ichi2/anki/widgets/DeckDropDownAdapter;--->getCount()I
06-04 00:18:27.574 16196 16196 D M_InsDal: Lcom/ichi2/anki/CardBrowser$16;--->onPostExecute(Lcom/ichi2/async/DeckTask$TaskData;)V
06-04 00:18:27.574 16196 16196 D M_InsDal: Lcom/ichi2/anki/AnkiDroidApp$ProductionCrashReportingTree;--->i(Ljava/lang/String;[Ljava/lang/Object;)V
06-04 00:18:27.574 16196 16196 D M_InsDal: Lcom/ichi2/anki/AnkiDroidApp$ProductionCrashReportingTree;--->formatString(Ljava/lang/String;[Ljava/lang/Object;)Ljava/lang/String;
06-04 00:18:27.574 16196 16196 D M_InsDal: Lcom/ichi2/anki/CardBrowser;--->updateList()V
06-04 00:18:27.574 16196 16196 D M_InsDal: Lcom/ichi2/anki/CardBrowser$MultiColumnListAdapter;--->getCount()I
06-04 00:18:27.574 16196 16196 D M_InsDal: Lcom/ichi2/anki/CardBrowser;--->getCards()Ljava/util/List;
06-04 00:18:27.574 16196 16196 D M_InsDal: Lcom/ichi2/anki/CardBrowser$MultiColumnListAdapter;--->getCount()I
06-04 00:18:27.574 16196 16196 D M_InsDal: Lcom/ichi2/anki/CardBrowser;--->getCards()Ljava/util/List;
06-04 00:18:27.574 16196 16196 D M_InsDal: Lcom/ichi2/anki/widgets/DeckDropDownAdapter;--->getCount()I
06-04 00:18:27.574 16196 16196 D M_InsDal: Lcom/ichi2/anki/widgets/DeckDropDownAdapter;--->getCount()I
06-04 00:18:27.574 16196 16196 D M_InsDal: Lcom/ichi2/anki/AnkiActivity;--->hideProgressBar()V
06-04 00:18:27.574 16196 16196 D M_InsDal: Lcom/ichi2/anki/CardBrowser$5;--->onItemSelected(Landroid/widget/AdapterView;Landroid/view/View;IJ)V
06-04 00:18:27.574 16196 16196 D M_InsDal: Lcom/ichi2/anki/CardBrowser$6;--->onItemSelected(Landroid/widget/AdapterView;Landroid/view/View;IJ)V
06-04 00:18:27.574 16196 16196 D M_InsDal: Lcom/ichi2/anki/widgets/DeckDropDownAdapter;--->getItemId(I)J
06-04 00:18:27.574 16196 16196 D M_InsDal: Lcom/ichi2/anki/widgets/DeckDropDownAdapter;--->getItemId(I)J
06-04 00:18:27.574 16196 16196 D M_InsDal: Lcom/ichi2/anki/widgets/DeckDropDownAdapter;--->getCount()I
06-04 00:18:27.574 16196 16196 D M_InsDal: Lcom/ichi2/anki/widgets/DeckDropDownAdapter;--->getView(ILandroid/view/View;Landroid/view/ViewGroup;)Landroid/view/View;
06-04 00:18:27.575 16196 16196 D M_InsDal: Lcom/ichi2/anki/widgets/DeckDropDownAdapter$DeckDropDownViewHolder;---><init>()V
06-04 00:18:27.575 16196 16196 D M_InsDal: Lcom/ichi2/anki/CardBrowser;--->getSubtitleText()Ljava/lang/String;
06-04 00:18:27.575 16196 16196 D M_InsDal: Lcom/ichi2/anki/CardBrowser;--->getCards()Ljava/util/List;
06-04 00:18:27.575 16196 16196 D M_InsDal: Lcom/ichi2/anki/CardBrowser$MultiColumnListAdapter;--->getCount()I
06-04 00:18:27.575 16196 16196 D M_InsDal: Lcom/ichi2/anki/CardBrowser;--->getCards()Ljava/util/List;
06-04 00:18:27.575 16196 16196 D M_InsDal: Lcom/ichi2/anki/widgets/DeckDropDownAdapter;--->getItemId(I)J
06-04 00:18:27.575 16196 16196 D M_InsDal: Lcom/ichi2/anki/widgets/DeckDropDownAdapter;--->getItemId(I)J
06-04 00:18:27.575 16196 16196 D M_InsDal: Lcom/ichi2/anki/CardBrowser$4;--->onItemSelected(Landroid/widget/AdapterView;Landroid/view/View;IJ)V
06-04 00:18:27.575 16196 16196 D M_InsDal: Lcom/ichi2/anki/CardBrowser;--->selectDropDownItem(I)V
06-04 00:18:27.575 16196 16196 D M_InsDal: Lcom/ichi2/anki/widgets/DeckDropDownAdapter;--->getItemId(I)J
06-04 00:18:27.575 16196 16196 D M_InsDal: Lcom/ichi2/anki/CardBrowser;--->searchCards()V
06-04 00:18:27.575 16196 16196 D M_InsDal: Lcom/ichi2/anki/AnkiActivity;--->colIsOpen()Z
06-04 00:18:27.575 16196 16196 D M_InsDal: Lcom/ichi2/anki/CollectionHelper;--->getInstance()Lcom/ichi2/anki/CollectionHelper;
06-04 00:18:27.575 16196 16196 D M_InsDal: Lcom/ichi2/anki/CollectionHelper;--->colIsOpen()Z
06-04 00:18:27.575 16196 16196 D M_InsDal: Lcom/ichi2/anki/CardBrowser;--->getCards()Ljava/util/List;
06-04 00:18:27.575 16196 16196 D M_InsDal: Lcom/ichi2/anki/CardBrowser$MultiColumnListAdapter;--->getCount()I
06-04 00:18:27.575 16196 16196 D M_InsDal: Lcom/ichi2/anki/CardBrowser;--->getCards()Ljava/util/List;
06-04 00:18:27.575 16196 16196 D M_InsDal: Lcom/ichi2/anki/CardBrowser$MultiColumnListAdapter;--->getCount()I
06-04 00:18:27.575 16196 16196 D M_InsDal: Lcom/ichi2/anki/CardBrowser;--->getCards()Ljava/util/List;
06-04 00:18:27.575 16196 16196 D M_InsDal: Lcom/ichi2/anki/CardBrowser$16;--->onPreExecute()V
06-04 00:18:27.575 16196 16196 D M_InsDal: Lcom/ichi2/anki/AnkiActivity;--->showProgressBar()V
06-04 00:18:27.576 16196 16196 D M_InsDal: Lcom/ichi2/anki/widgets/DeckDropDownAdapter;--->getItemId(I)J
06-04 00:18:27.576 16196 16196 D M_InsDal: Lcom/ichi2/anki/widgets/DeckDropDownAdapter;--->getView(ILandroid/view/View;Landroid/view/ViewGroup;)Landroid/view/View;
06-04 00:18:27.576 16196 16225 D M_InsDal: Lcom/ichi2/anki/AnkiDroidApp;--->getInstance()Lcom/ichi2/anki/AnkiDroidApp;
06-04 00:18:27.576 16196 16225 D M_InsDal: Lcom/ichi2/anki/CollectionHelper;--->getInstance()Lcom/ichi2/anki/CollectionHelper;
06-04 00:18:27.576 16196 16225 D M_InsDal: Lcom/ichi2/anki/CollectionHelper;--->getColSafe(Landroid/content/Context;)Lcom/ichi2/libanki/Collection;
06-04 00:18:27.576 16196 16225 D M_InsDal: Lcom/ichi2/anki/CollectionHelper;--->getCol(Landroid/content/Context;)Lcom/ichi2/libanki/Collection;
06-04 00:18:27.576 16196 16225 D M_InsDal: Lcom/ichi2/anki/CollectionHelper;--->getCollectionPath(Landroid/content/Context;)Ljava/lang/String;
06-04 00:18:27.576 16196 16225 D M_InsDal: Lcom/ichi2/anki/CollectionHelper;--->getCurrentAnkiDroidDirectory(Landroid/content/Context;)Ljava/lang/String;
06-04 00:18:27.576 16196 16225 D M_InsDal: Lcom/ichi2/anki/CollectionHelper;--->getDefaultAnkiDroidDirectory()Ljava/lang/String;
06-04 00:18:27.577 16196 16196 D M_InsDal: Lcom/ichi2/anki/widgets/DeckDropDownAdapter$DeckDropDownViewHolder;---><init>()V
06-04 00:18:27.577 16196 16196 D M_InsDal: Lcom/ichi2/anki/CardBrowser;--->getSubtitleText()Ljava/lang/String;
06-04 00:18:27.577 16196 16196 D M_InsDal: Lcom/ichi2/anki/CardBrowser;--->getCards()Ljava/util/List;
06-04 00:18:27.577 16196 16225 D M_InsDal: Lcom/ichi2/anki/CollectionHelper;--->colIsOpen()Z
06-04 00:18:27.577 16196 16225 D M_InsDal: Lcom/ichi2/anki/CollectionHelper;--->getInstance()Lcom/ichi2/anki/CollectionHelper;
06-04 00:18:27.577 16196 16225 D M_InsDal: Lcom/ichi2/anki/CollectionHelper;--->getCol(Landroid/content/Context;)Lcom/ichi2/libanki/Collection;
06-04 00:18:27.577 16196 16225 D M_InsDal: Lcom/ichi2/anki/CollectionHelper;--->getCollectionPath(Landroid/content/Context;)Ljava/lang/String;
06-04 00:18:27.577 16196 16225 D M_InsDal: Lcom/ichi2/anki/CollectionHelper;--->getCurrentAnkiDroidDirectory(Landroid/content/Context;)Ljava/lang/String;
06-04 00:18:27.577 16196 16225 D M_InsDal: Lcom/ichi2/anki/CollectionHelper;--->getDefaultAnkiDroidDirectory()Ljava/lang/String;
06-04 00:18:27.577 16196 16196 D M_InsDal: Lcom/ichi2/anki/widgets/DeckDropDownAdapter;--->getItemId(I)J
06-04 00:18:27.577 16196 16196 D M_InsDal: Lcom/ichi2/anki/CardBrowser$RenderOnScroll;--->onScroll(Landroid/widget/AbsListView;III)V
06-04 00:18:27.577 16196 16196 D M_InsDal: Lcom/ichi2/anki/CardBrowser;--->getCards()Ljava/util/List;
06-04 00:18:27.577 16196 16225 D M_InsDal: Lcom/ichi2/anki/CollectionHelper;--->colIsOpen()Z
06-04 00:18:27.589 16196 16196 D M_InsDal: Lcom/ichi2/anki/CardBrowser$16;--->onProgressUpdate([Lcom/ichi2/async/DeckTask$TaskData;)V
06-04 00:18:27.589 16196 16196 D M_InsDal: Lcom/ichi2/anki/CardBrowser;--->updateList()V
06-04 00:18:27.589 16196 16196 D M_InsDal: Lcom/ichi2/anki/CardBrowser$MultiColumnListAdapter;--->getCount()I
06-04 00:18:27.589 16196 16196 D M_InsDal: Lcom/ichi2/anki/CardBrowser;--->getCards()Ljava/util/List;
06-04 00:18:27.589 16196 16196 D M_InsDal: Lcom/ichi2/anki/CardBrowser$MultiColumnListAdapter;--->getCount()I
06-04 00:18:27.589 16196 16196 D M_InsDal: Lcom/ichi2/anki/CardBrowser;--->getCards()Ljava/util/List;
06-04 00:18:27.589 16196 16196 D M_InsDal: Lcom/ichi2/anki/widgets/DeckDropDownAdapter;--->getCount()I
06-04 00:18:27.589 16196 16196 D M_InsDal: Lcom/ichi2/anki/widgets/DeckDropDownAdapter;--->getCount()I
06-04 00:18:27.589 16196 16196 D M_InsDal: Lcom/ichi2/anki/CardBrowser$16;--->onPostExecute(Lcom/ichi2/async/DeckTask$TaskData;)V
06-04 00:18:27.589 16196 16196 D M_InsDal: Lcom/ichi2/anki/AnkiDroidApp$ProductionCrashReportingTree;--->i(Ljava/lang/String;[Ljava/lang/Object;)V
06-04 00:18:27.589 16196 16196 D M_InsDal: Lcom/ichi2/anki/AnkiDroidApp$ProductionCrashReportingTree;--->formatString(Ljava/lang/String;[Ljava/lang/Object;)Ljava/lang/String;
06-04 00:18:27.589 16196 16196 D M_InsDal: Lcom/ichi2/anki/CardBrowser;--->updateList()V
06-04 00:18:27.589 16196 16196 D M_InsDal: Lcom/ichi2/anki/CardBrowser$MultiColumnListAdapter;--->getCount()I
06-04 00:18:27.589 16196 16196 D M_InsDal: Lcom/ichi2/anki/CardBrowser;--->getCards()Ljava/util/List;
06-04 00:18:27.589 16196 16196 D M_InsDal: Lcom/ichi2/anki/CardBrowser$MultiColumnListAdapter;--->getCount()I
06-04 00:18:27.589 16196 16196 D M_InsDal: Lcom/ichi2/anki/CardBrowser;--->getCards()Ljava/util/List;
06-04 00:18:27.589 16196 16196 D M_InsDal: Lcom/ichi2/anki/widgets/DeckDropDownAdapter;--->getCount()I
06-04 00:18:27.589 16196 16196 D M_InsDal: Lcom/ichi2/anki/widgets/DeckDropDownAdapter;--->getCount()I
06-04 00:18:27.589 16196 16196 D M_InsDal: Lcom/ichi2/anki/AnkiActivity;--->hideProgressBar()V
06-04 00:18:27.594 16196 16196 D M_InsDal: Lcom/ichi2/anki/widgets/DeckDropDownAdapter;--->getItemId(I)J
06-04 00:18:27.594 16196 16196 D M_InsDal: Lcom/ichi2/anki/widgets/DeckDropDownAdapter;--->getItemId(I)J
06-04 00:18:27.594 16196 16196 D M_InsDal: Lcom/ichi2/anki/widgets/DeckDropDownAdapter;--->getCount()I
06-04 00:18:27.594 16196 16196 D M_InsDal: Lcom/ichi2/anki/widgets/DeckDropDownAdapter;--->getView(ILandroid/view/View;Landroid/view/ViewGroup;)Landroid/view/View;
06-04 00:18:27.594 16196 16196 D M_InsDal: Lcom/ichi2/anki/widgets/DeckDropDownAdapter$DeckDropDownViewHolder;---><init>()V
06-04 00:18:27.595 16196 16196 D M_InsDal: Lcom/ichi2/anki/CardBrowser;--->getSubtitleText()Ljava/lang/String;
06-04 00:18:27.595 16196 16196 D M_InsDal: Lcom/ichi2/anki/CardBrowser;--->getCards()Ljava/util/List;
06-04 00:18:27.595 16196 16196 D M_InsDal: Lcom/ichi2/anki/CardBrowser$MultiColumnListAdapter;--->getCount()I
06-04 00:18:27.595 16196 16196 D M_InsDal: Lcom/ichi2/anki/CardBrowser;--->getCards()Ljava/util/List;
06-04 00:18:27.595 16196 16196 D M_InsDal: Lcom/ichi2/anki/widgets/DeckDropDownAdapter;--->getItemId(I)J
06-04 00:18:27.595 16196 16196 D M_InsDal: Lcom/ichi2/anki/widgets/DeckDropDownAdapter;--->getItemId(I)J
06-04 00:18:27.595 16196 16196 D M_InsDal: Lcom/ichi2/anki/widgets/DeckDropDownAdapter;--->getView(ILandroid/view/View;Landroid/view/ViewGroup;)Landroid/view/View;
06-04 00:18:27.596 16196 16196 D M_InsDal: Lcom/ichi2/anki/widgets/DeckDropDownAdapter$DeckDropDownViewHolder;---><init>()V
06-04 00:18:27.596 16196 16196 D M_InsDal: Lcom/ichi2/anki/CardBrowser;--->getSubtitleText()Ljava/lang/String;
06-04 00:18:27.596 16196 16196 D M_InsDal: Lcom/ichi2/anki/CardBrowser;--->getCards()Ljava/util/List;
06-04 00:18:27.597 16196 16196 D M_InsDal: Lcom/ichi2/anki/widgets/DeckDropDownAdapter;--->getItemId(I)J
06-04 00:18:27.597 16196 16196 D M_InsDal: Lcom/ichi2/anki/CardBrowser$RenderOnScroll;--->onScroll(Landroid/widget/AbsListView;III)V
06-04 00:18:27.597 16196 16196 D M_InsDal: Lcom/ichi2/anki/CardBrowser;--->getCards()Ljava/util/List;
