06-04 00:46:48.328 26152 26152 D M_InsDal: Lcom/ichi2/anki/CollectionHelper;--->getInstance()Lcom/ichi2/anki/CollectionHelper;
06-04 00:46:48.328 26152 26152 D M_InsDal: Lcom/ichi2/anki/CollectionHelper;--->getCol(Landroid/content/Context;)Lcom/ichi2/libanki/Collection;
06-04 00:46:48.328 26152 26152 D M_InsDal: Lcom/ichi2/anki/CollectionHelper;--->getCollectionPath(Landroid/content/Context;)Ljava/lang/String;
06-04 00:46:48.328 26152 26152 D M_InsDal: Lcom/ichi2/anki/CollectionHelper;--->getCurrentAnkiDroidDirectory(Landroid/content/Context;)Ljava/lang/String;
06-04 00:46:48.328 26152 26152 D M_InsDal: Lcom/ichi2/anki/CollectionHelper;--->getDefaultAnkiDroidDirectory()Ljava/lang/String;
06-04 00:46:48.328 26152 26213 D M_InsDal: Lcom/ichi2/anki/stats/AnkiStatsTaskHandler$CreateChartTask;--->doInBackground([Landroid/view/View;)Lcom/wildplot/android/rendering/PlotSheet;
06-04 00:46:48.328 26152 26213 D M_InsDal: Lcom/ichi2/anki/stats/ChartBuilder;---><init>(Lcom/ichi2/anki/stats/ChartView;Lcom/ichi2/libanki/Collection;ZLcom/ichi2/libanki/Stats$ChartType;)V
06-04 00:46:48.328 26152 26213 D M_InsDal: Lcom/ichi2/anki/stats/ChartBuilder;--->renderChart(Lcom/ichi2/libanki/Stats$AxisType;)Lcom/wildplot/android/rendering/PlotSheet;
06-04 00:46:48.328 26152 26213 D M_InsDal: Lcom/ichi2/anki/stats/ChartBuilder;--->calcStats(Lcom/ichi2/libanki/Stats$AxisType;)V
06-04 00:46:48.329 26152 26152 D M_InsDal: Lcom/ichi2/anki/CollectionHelper;--->colIsOpen()Z
06-04 00:46:48.329 26152 26152 D M_InsDal: Lcom/ichi2/anki/Statistics$ChartFragment;--->isWholeCollection()Z
06-04 00:46:48.329 26152 26152 D M_InsDal: Lcom/ichi2/anki/CollectionHelper;--->getInstance()Lcom/ichi2/anki/CollectionHelper;
06-04 00:46:48.329 26152 26152 D M_InsDal: Lcom/ichi2/anki/CollectionHelper;--->getCol(Landroid/content/Context;)Lcom/ichi2/libanki/Collection;
06-04 00:46:48.329 26152 26152 D M_InsDal: Lcom/ichi2/anki/CollectionHelper;--->getCollectionPath(Landroid/content/Context;)Ljava/lang/String;
06-04 00:46:48.329 26152 26152 D M_InsDal: Lcom/ichi2/anki/CollectionHelper;--->getCurrentAnkiDroidDirectory(Landroid/content/Context;)Ljava/lang/String;
06-04 00:46:48.329 26152 26152 D M_InsDal: Lcom/ichi2/anki/CollectionHelper;--->getDefaultAnkiDroidDirectory()Ljava/lang/String;
06-04 00:46:48.329 26152 26152 D M_InsDal: Lcom/ichi2/anki/CollectionHelper;--->colIsOpen()Z
06-04 00:46:48.329 26152 26152 D M_InsDal: Lcom/ichi2/anki/Statistics$ChartFragment;--->onCreate(Landroid/os/Bundle;)V
06-04 00:46:48.329 26152 26152 D M_InsDal: Lcom/ichi2/anki/Statistics$ChartFragment;--->onCreateView(Landroid/view/LayoutInflater;Landroid/view/ViewGroup;Landroid/os/Bundle;)Landroid/view/View;
06-04 00:46:48.329 26152 26152 D M_InsDal: Lcom/ichi2/anki/stats/ChartView;---><init>(Landroid/content/Context;Landroid/util/AttributeSet;)V
06-04 00:46:48.330 26152 26152 D M_InsDal: Lcom/ichi2/anki/Statistics;--->getTaskHandler()Lcom/ichi2/anki/stats/AnkiStatsTaskHandler;
06-04 00:46:48.330 26152 26152 D M_InsDal: Lcom/ichi2/anki/Statistics$ChartFragment;--->createChart()V
06-04 00:46:48.330 26152 26152 D M_InsDal: Lcom/ichi2/anki/Statistics;--->getTaskHandler()Lcom/ichi2/anki/stats/AnkiStatsTaskHandler;
06-04 00:46:48.330 26152 26152 D M_InsDal: Lcom/ichi2/anki/stats/AnkiStatsTaskHandler;--->createChart(Lcom/ichi2/libanki/Stats$ChartType;[Landroid/view/View;)Lcom/ichi2/anki/stats/AnkiStatsTaskHandler$CreateChartTask;
06-04 00:46:48.330 26152 26152 D M_InsDal: Lcom/ichi2/anki/stats/AnkiStatsTaskHandler$CreateChartTask;---><init>(Lcom/ichi2/anki/stats/AnkiStatsTaskHandler;Lcom/ichi2/libanki/Stats$ChartType;)V
06-04 00:46:48.330 26152 26152 D M_InsDal: Lcom/ichi2/anki/stats/ChartView;--->addFragment(Lcom/ichi2/anki/Statistics$ChartFragment;)V
06-04 00:46:48.330 26152 26152 D M_InsDal: Lcom/ichi2/anki/Statistics;--->getTaskHandler()Lcom/ichi2/anki/stats/AnkiStatsTaskHandler;
06-04 00:46:48.330 26152 26152 D M_InsDal: Lcom/ichi2/anki/stats/AnkiStatsTaskHandler;--->getStatType()Lcom/ichi2/libanki/Stats$AxisType;
06-04 00:46:48.330 26152 26152 D M_InsDal: Lcom/ichi2/anki/Statistics;--->getViewPager()Landroid/support/v4/view/ViewPager;
06-04 00:46:48.330 26152 26152 D M_InsDal: Lcom/ichi2/anki/Statistics;--->getSectionsPagerAdapter()Lcom/ichi2/anki/Statistics$SectionsPagerAdapter;
06-04 00:46:48.330 26152 26152 D M_InsDal: Lcom/ichi2/anki/CollectionHelper;--->getInstance()Lcom/ichi2/anki/CollectionHelper;
06-04 00:46:48.330 26152 26152 D M_InsDal: Lcom/ichi2/anki/CollectionHelper;--->getCol(Landroid/content/Context;)Lcom/ichi2/libanki/Collection;
06-04 00:46:48.330 26152 26152 D M_InsDal: Lcom/ichi2/anki/CollectionHelper;--->getCollectionPath(Landroid/content/Context;)Ljava/lang/String;
06-04 00:46:48.330 26152 26152 D M_InsDal: Lcom/ichi2/anki/CollectionHelper;--->getCurrentAnkiDroidDirectory(Landroid/content/Context;)Ljava/lang/String;
06-04 00:46:48.330 26152 26152 D M_InsDal: Lcom/ichi2/anki/CollectionHelper;--->getDefaultAnkiDroidDirectory()Ljava/lang/String;
06-04 00:46:48.330 26152 26214 D M_InsDal: Lcom/ichi2/anki/stats/AnkiStatsTaskHandler$CreateChartTask;--->doInBackground([Landroid/view/View;)Lcom/wildplot/android/rendering/PlotSheet;
06-04 00:46:48.330 26152 26214 D M_InsDal: Lcom/ichi2/anki/stats/ChartBuilder;---><init>(Lcom/ichi2/anki/stats/ChartView;Lcom/ichi2/libanki/Collection;ZLcom/ichi2/libanki/Stats$ChartType;)V
06-04 00:46:48.330 26152 26214 D M_InsDal: Lcom/ichi2/anki/stats/ChartBuilder;--->renderChart(Lcom/ichi2/libanki/Stats$AxisType;)Lcom/wildplot/android/rendering/PlotSheet;
06-04 00:46:48.330 26152 26214 D M_InsDal: Lcom/ichi2/anki/stats/ChartBuilder;--->calcStats(Lcom/ichi2/libanki/Stats$AxisType;)V
06-04 00:46:48.331 26152 26152 D M_InsDal: Lcom/ichi2/anki/CollectionHelper;--->colIsOpen()Z
06-04 00:46:48.331 26152 26152 D M_InsDal: Lcom/ichi2/anki/Statistics$ChartFragment;--->isWholeCollection()Z
06-04 00:46:48.331 26152 26152 D M_InsDal: Lcom/ichi2/anki/CollectionHelper;--->getInstance()Lcom/ichi2/anki/CollectionHelper;
06-04 00:46:48.331 26152 26152 D M_InsDal: Lcom/ichi2/anki/CollectionHelper;--->getCol(Landroid/content/Context;)Lcom/ichi2/libanki/Collection;
06-04 00:46:48.331 26152 26152 D M_InsDal: Lcom/ichi2/anki/CollectionHelper;--->getCollectionPath(Landroid/content/Context;)Ljava/lang/String;
06-04 00:46:48.331 26152 26152 D M_InsDal: Lcom/ichi2/anki/CollectionHelper;--->getCurrentAnkiDroidDirectory(Landroid/content/Context;)Ljava/lang/String;
06-04 00:46:48.331 26152 26152 D M_InsDal: Lcom/ichi2/anki/CollectionHelper;--->getDefaultAnkiDroidDirectory()Ljava/lang/String;
06-04 00:46:48.332 26152 26152 D M_InsDal: Lcom/ichi2/anki/CollectionHelper;--->colIsOpen()Z
06-04 00:46:48.332 26152 26152 D M_InsDal: Lcom/ichi2/anki/Statistics$StatisticFragment;--->onResume()V
06-04 00:46:48.332 26152 26152 D M_InsDal: Lcom/ichi2/anki/Statistics$ChartFragment;--->checkAndUpdate()V
06-04 00:46:48.332 26152 26152 D M_InsDal: Lcom/ichi2/anki/Statistics$StatisticFragment;--->onResume()V
06-04 00:46:48.332 26152 26152 D M_InsDal: Lcom/ichi2/anki/Statistics$ChartFragment;--->checkAndUpdate()V
06-04 00:46:48.332 26152 26152 D M_InsDal: Lcom/ichi2/anki/Statistics$StatisticFragment;--->onResume()V
06-04 00:46:48.332 26152 26152 D M_InsDal: Lcom/ichi2/anki/Statistics$ChartFragment;--->checkAndUpdate()V
06-04 00:46:48.333 26152 26152 D M_InsDal: Lcom/ichi2/anki/Statistics$StatisticFragment;--->onResume()V
06-04 00:46:48.333 26152 26152 D M_InsDal: Lcom/ichi2/anki/Statistics$ChartFragment;--->checkAndUpdate()V
06-04 00:46:48.333 26152 26152 D M_InsDal: Lcom/ichi2/anki/Statistics$StatisticFragment;--->onResume()V
06-04 00:46:48.333 26152 26152 D M_InsDal: Lcom/ichi2/anki/Statistics$ChartFragment;--->checkAndUpdate()V
06-04 00:46:48.333 26152 26152 D M_InsDal: Lcom/ichi2/anki/Statistics$StatisticFragment;--->onResume()V
06-04 00:46:48.333 26152 26152 D M_InsDal: Lcom/ichi2/anki/Statistics$ChartFragment;--->checkAndUpdate()V
06-04 00:46:48.333 26152 26152 D M_InsDal: Lcom/ichi2/anki/Statistics$StatisticFragment;--->onResume()V
06-04 00:46:48.333 26152 26152 D M_InsDal: Lcom/ichi2/anki/Statistics$ChartFragment;--->checkAndUpdate()V
06-04 00:46:48.333 26152 26152 D M_InsDal: Lcom/ichi2/anki/Statistics$SectionsPagerAdapter;--->getCount()I
06-04 00:46:48.334 26152 26152 D M_InsDal: Lcom/ichi2/anki/Statistics$SectionsPagerAdapter;--->getPageTitle(I)Ljava/lang/CharSequence;
06-04 00:46:48.335 26152 26152 D M_InsDal: Lcom/ichi2/anki/Statistics$SectionsPagerAdapter;--->getCount()I
06-04 00:46:48.335 26152 26152 D M_InsDal: Lcom/ichi2/anki/Statistics$SectionsPagerAdapter;--->getPageTitle(I)Ljava/lang/CharSequence;
06-04 00:46:48.335 26152 26152 D M_InsDal: Lcom/ichi2/anki/Statistics$SectionsPagerAdapter;--->getCount()I
06-04 00:46:48.335 26152 26152 D M_InsDal: Lcom/ichi2/anki/Statistics$SectionsPagerAdapter;--->getPageTitle(I)Ljava/lang/CharSequence;
06-04 00:46:48.335 26152 26152 D M_InsDal: Lcom/ichi2/anki/Statistics$SectionsPagerAdapter;--->getCount()I
06-04 00:46:48.335 26152 26152 D M_InsDal: Lcom/ichi2/anki/Statistics$SectionsPagerAdapter;--->getPageTitle(I)Ljava/lang/CharSequence;
06-04 00:46:48.335 26152 26152 D M_InsDal: Lcom/ichi2/anki/Statistics$SectionsPagerAdapter;--->getCount()I
06-04 00:46:48.335 26152 26152 D M_InsDal: Lcom/ichi2/anki/Statistics$SectionsPagerAdapter;--->getPageTitle(I)Ljava/lang/CharSequence;
06-04 00:46:48.335 26152 26152 D M_InsDal: Lcom/ichi2/anki/Statistics$SectionsPagerAdapter;--->getCount()I
06-04 00:46:48.336 26152 26152 D M_InsDal: Lcom/ichi2/anki/Statistics$SectionsPagerAdapter;--->getPageTitle(I)Ljava/lang/CharSequence;
06-04 00:46:48.336 26152 26152 D M_InsDal: Lcom/ichi2/anki/Statistics$SectionsPagerAdapter;--->getCount()I
06-04 00:46:48.336 26152 26152 D M_InsDal: Lcom/ichi2/anki/Statistics$SectionsPagerAdapter;--->getPageTitle(I)Ljava/lang/CharSequence;
06-04 00:46:48.336 26152 26152 D M_InsDal: Lcom/ichi2/anki/Statistics$SectionsPagerAdapter;--->getCount()I
06-04 00:46:48.336 26152 26152 D M_InsDal: Lcom/ichi2/anki/Statistics$SectionsPagerAdapter;--->getPageTitle(I)Ljava/lang/CharSequence;
06-04 00:46:48.336 26152 26152 D M_InsDal: Lcom/ichi2/anki/Statistics$SectionsPagerAdapter;--->getCount()I
06-04 00:46:48.336 26152 26152 D M_InsDal: Lcom/ichi2/anki/Statistics$SectionsPagerAdapter;--->getPageTitle(I)Ljava/lang/CharSequence;
06-04 00:46:48.336 26152 26152 D M_InsDal: Lcom/ichi2/anki/Statistics$SectionsPagerAdapter;--->getCount()I
06-04 00:46:48.336 26152 26152 D M_InsDal: Lcom/ichi2/anki/stats/AnkiStatsTaskHandler;--->setmStandardTextSize(F)V
06-04 00:46:48.336 26152 26152 D M_InsDal: Lcom/ichi2/anki/Statistics$SectionsPagerAdapter;--->getCount()I
06-04 00:46:48.336 26152 26152 D M_InsDal: Lcom/ichi2/anki/Statistics$SectionsPagerAdapter;--->getItemPosition(Ljava/lang/Object;)I
06-04 00:46:48.336 26152 26152 D M_InsDal: Lcom/ichi2/anki/Statistics$OverviewStatisticsFragment;--->checkAndUpdate()V
06-04 00:46:48.336 26152 26152 D M_InsDal: Lcom/ichi2/anki/CollectionHelper;--->getInstance()Lcom/ichi2/anki/CollectionHelper;
06-04 00:46:48.336 26152 26152 D M_InsDal: Lcom/ichi2/anki/CollectionHelper;--->getCol(Landroid/content/Context;)Lcom/ichi2/libanki/Collection;
06-04 00:46:48.336 26152 26152 D M_InsDal: Lcom/ichi2/anki/CollectionHelper;--->getCollectionPath(Landroid/content/Context;)Ljava/lang/String;
06-04 00:46:48.336 26152 26152 D M_InsDal: Lcom/ichi2/anki/CollectionHelper;--->getCurrentAnkiDroidDirectory(Landroid/content/Context;)Ljava/lang/String;
06-04 00:46:48.336 26152 26152 D M_InsDal: Lcom/ichi2/anki/CollectionHelper;--->getDefaultAnkiDroidDirectory()Ljava/lang/String;
06-04 00:46:48.337 26152 26152 D M_InsDal: Lcom/ichi2/anki/CollectionHelper;--->colIsOpen()Z
06-04 00:46:48.337 26152 26152 D M_InsDal: Lcom/ichi2/anki/Statistics;--->getTaskHandler()Lcom/ichi2/anki/stats/AnkiStatsTaskHandler;
06-04 00:46:48.337 26152 26152 D M_InsDal: Lcom/ichi2/anki/stats/AnkiStatsTaskHandler;--->getStatType()Lcom/ichi2/libanki/Stats$AxisType;
06-04 00:46:48.337 26152 26152 D M_InsDal: Lcom/ichi2/anki/Statistics$OverviewStatisticsFragment;--->isWholeCollection()Z
06-04 00:46:48.337 26152 26152 D M_InsDal: Lcom/ichi2/anki/Statistics$SectionsPagerAdapter;--->getItemPosition(Ljava/lang/Object;)I
06-04 00:46:48.337 26152 26152 D M_InsDal: Lcom/ichi2/anki/Statistics$ChartFragment;--->checkAndUpdate()V
06-04 00:46:48.337 26152 26152 D M_InsDal: Lcom/ichi2/anki/Statistics$SectionsPagerAdapter;--->getItemPosition(Ljava/lang/Object;)I
06-04 00:46:48.337 26152 26152 D M_InsDal: Lcom/ichi2/anki/Statistics$ChartFragment;--->checkAndUpdate()V
06-04 00:46:48.337 26152 26152 D M_InsDal: Lcom/ichi2/anki/Statistics$SectionsPagerAdapter;--->getItemPosition(Ljava/lang/Object;)I
06-04 00:46:48.337 26152 26152 D M_InsDal: Lcom/ichi2/anki/Statistics$ChartFragment;--->checkAndUpdate()V
06-04 00:46:48.337 26152 26152 D M_InsDal: Lcom/ichi2/anki/Statistics$SectionsPagerAdapter;--->getItemPosition(Ljava/lang/Object;)I
06-04 00:46:48.337 26152 26152 D M_InsDal: Lcom/ichi2/anki/Statistics$ChartFragment;--->checkAndUpdate()V
06-04 00:46:48.337 26152 26152 D M_InsDal: Lcom/ichi2/anki/Statistics$SectionsPagerAdapter;--->getItemPosition(Ljava/lang/Object;)I
06-04 00:46:48.337 26152 26152 D M_InsDal: Lcom/ichi2/anki/Statistics$ChartFragment;--->checkAndUpdate()V
06-04 00:46:48.337 26152 26152 D M_InsDal: Lcom/ichi2/anki/Statistics$SectionsPagerAdapter;--->getItemPosition(Ljava/lang/Object;)I
06-04 00:46:48.337 26152 26152 D M_InsDal: Lcom/ichi2/anki/Statistics$ChartFragment;--->checkAndUpdate()V
06-04 00:46:48.337 26152 26152 D M_InsDal: Lcom/ichi2/anki/Statistics$SectionsPagerAdapter;--->getItemPosition(Ljava/lang/Object;)I
06-04 00:46:48.337 26152 26152 D M_InsDal: Lcom/ichi2/anki/Statistics$ChartFragment;--->checkAndUpdate()V
06-04 00:46:48.337 26152 26152 D M_InsDal: Lcom/ichi2/anki/Statistics$SectionsPagerAdapter;--->getItemPosition(Ljava/lang/Object;)I
06-04 00:46:48.337 26152 26152 D M_InsDal: Lcom/ichi2/anki/Statistics$ChartFragment;--->checkAndUpdate()V
06-04 00:46:48.337 26152 26152 D M_InsDal: Lcom/ichi2/anki/AnkiActivity;--->getCol()Lcom/ichi2/libanki/Collection;
06-04 00:46:48.337 26152 26152 D M_InsDal: Lcom/ichi2/anki/CollectionHelper;--->getInstance()Lcom/ichi2/anki/CollectionHelper;
06-04 00:46:48.337 26152 26152 D M_InsDal: Lcom/ichi2/anki/CollectionHelper;--->getCol(Landroid/content/Context;)Lcom/ichi2/libanki/Collection;
06-04 00:46:48.337 26152 26152 D M_InsDal: Lcom/ichi2/anki/CollectionHelper;--->getCollectionPath(Landroid/content/Context;)Ljava/lang/String;
06-04 00:46:48.337 26152 26152 D M_InsDal: Lcom/ichi2/anki/CollectionHelper;--->getCurrentAnkiDroidDirectory(Landroid/content/Context;)Ljava/lang/String;
06-04 00:46:48.337 26152 26152 D M_InsDal: Lcom/ichi2/anki/CollectionHelper;--->getDefaultAnkiDroidDirectory()Ljava/lang/String;
06-04 00:46:48.338 26152 26152 D M_InsDal: Lcom/ichi2/anki/CollectionHelper;--->colIsOpen()Z
06-04 00:46:48.338 26152 26152 D M_InsDal: Lcom/ichi2/anki/Statistics;--->selectDropDownItem(I)V
06-04 00:46:48.338 26152 26152 D M_InsDal: Lcom/ichi2/anki/widgets/DeckDropDownAdapter;--->getItemId(I)J
06-04 00:46:48.338 26152 26152 D M_InsDal: Lcom/ichi2/anki/AnkiActivity;--->getCol()Lcom/ichi2/libanki/Collection;
06-04 00:46:48.338 26152 26152 D M_InsDal: Lcom/ichi2/anki/CollectionHelper;--->getInstance()Lcom/ichi2/anki/CollectionHelper;
06-04 00:46:48.338 26152 26152 D M_InsDal: Lcom/ichi2/anki/CollectionHelper;--->getCol(Landroid/content/Context;)Lcom/ichi2/libanki/Collection;
06-04 00:46:48.338 26152 26152 D M_InsDal: Lcom/ichi2/anki/CollectionHelper;--->getCollectionPath(Landroid/content/Context;)Ljava/lang/String;
06-04 00:46:48.338 26152 26152 D M_InsDal: Lcom/ichi2/anki/CollectionHelper;--->getCurrentAnkiDroidDirectory(Landroid/content/Context;)Ljava/lang/String;
06-04 00:46:48.338 26152 26152 D M_InsDal: Lcom/ichi2/anki/CollectionHelper;--->getDefaultAnkiDroidDirectory()Ljava/lang/String;
06-04 00:46:48.338 26152 26152 D M_InsDal: Lcom/ichi2/anki/CollectionHelper;--->colIsOpen()Z
06-04 00:46:48.339 26152 26152 D M_InsDal: Lcom/ichi2/anki/stats/AnkiStatsTaskHandler;--->setIsWholeCollection(Z)V
06-04 00:46:48.339 26152 26152 D M_InsDal: Lcom/ichi2/anki/Statistics$SectionsPagerAdapter;--->getCount()I
06-04 00:46:48.339 26152 26152 D M_InsDal: Lcom/ichi2/anki/Statistics$SectionsPagerAdapter;--->getItemPosition(Ljava/lang/Object;)I
06-04 00:46:48.339 26152 26152 D M_InsDal: Lcom/ichi2/anki/Statistics$OverviewStatisticsFragment;--->checkAndUpdate()V
06-04 00:46:48.339 26152 26152 D M_InsDal: Lcom/ichi2/anki/CollectionHelper;--->getInstance()Lcom/ichi2/anki/CollectionHelper;
06-04 00:46:48.339 26152 26152 D M_InsDal: Lcom/ichi2/anki/CollectionHelper;--->getCol(Landroid/content/Context;)Lcom/ichi2/libanki/Collection;
06-04 00:46:48.339 26152 26152 D M_InsDal: Lcom/ichi2/anki/CollectionHelper;--->getCollectionPath(Landroid/content/Context;)Ljava/lang/String;
06-04 00:46:48.339 26152 26152 D M_InsDal: Lcom/ichi2/anki/CollectionHelper;--->getCurrentAnkiDroidDirectory(Landroid/content/Context;)Ljava/lang/String;
06-04 00:46:48.339 26152 26152 D M_InsDal: Lcom/ichi2/anki/CollectionHelper;--->getDefaultAnkiDroidDirectory()Ljava/lang/String;
06-04 00:46:48.339 26152 26152 D M_InsDal: Lcom/ichi2/anki/CollectionHelper;--->colIsOpen()Z
06-04 00:46:48.340 26152 26152 D M_InsDal: Lcom/ichi2/anki/Statistics;--->getTaskHandler()Lcom/ichi2/anki/stats/AnkiStatsTaskHandler;
06-04 00:46:48.340 26152 26152 D M_InsDal: Lcom/ichi2/anki/stats/AnkiStatsTaskHandler;--->getStatType()Lcom/ichi2/libanki/Stats$AxisType;
06-04 00:46:48.340 26152 26152 D M_InsDal: Lcom/ichi2/anki/Statistics$OverviewStatisticsFragment;--->isWholeCollection()Z
06-04 00:46:48.340 26152 26152 D M_InsDal: Lcom/ichi2/anki/Statistics$SectionsPagerAdapter;--->getItemPosition(Ljava/lang/Object;)I
06-04 00:46:48.340 26152 26152 D M_InsDal: Lcom/ichi2/anki/Statistics$ChartFragment;--->checkAndUpdate()V
06-04 00:46:48.340 26152 26152 D M_InsDal: Lcom/ichi2/anki/Statistics$SectionsPagerAdapter;--->getItemPosition(Ljava/lang/Object;)I
06-04 00:46:48.340 26152 26152 D M_InsDal: Lcom/ichi2/anki/Statistics$ChartFragment;--->checkAndUpdate()V
06-04 00:46:48.340 26152 26152 D M_InsDal: Lcom/ichi2/anki/Statistics$SectionsPagerAdapter;--->getItemPosition(Ljava/lang/Object;)I
06-04 00:46:48.340 26152 26152 D M_InsDal: Lcom/ichi2/anki/Statistics$ChartFragment;--->checkAndUpdate()V
06-04 00:46:48.340 26152 26152 D M_InsDal: Lcom/ichi2/anki/Statistics$SectionsPagerAdapter;--->getItemPosition(Ljava/lang/Object;)I
06-04 00:46:48.340 26152 26152 D M_InsDal: Lcom/ichi2/anki/Statistics$ChartFragment;--->checkAndUpdate()V
06-04 00:46:48.340 26152 26152 D M_InsDal: Lcom/ichi2/anki/Statistics$SectionsPagerAdapter;--->getItemPosition(Ljava/lang/Object;)I
06-04 00:46:48.340 26152 26152 D M_InsDal: Lcom/ichi2/anki/Statistics$ChartFragment;--->checkAndUpdate()V
06-04 00:46:48.340 26152 26152 D M_InsDal: Lcom/ichi2/anki/Statistics$SectionsPagerAdapter;--->getItemPosition(Ljava/lang/Object;)I
06-04 00:46:48.340 26152 26152 D M_InsDal: Lcom/ichi2/anki/Statistics$ChartFragment;--->checkAndUpdate()V
06-04 00:46:48.340 26152 26152 D M_InsDal: Lcom/ichi2/anki/Statistics$SectionsPagerAdapter;--->getItemPosition(Ljava/lang/Object;)I
06-04 00:46:48.340 26152 26152 D M_InsDal: Lcom/ichi2/anki/Statistics$ChartFragment;--->checkAndUpdate()V
06-04 00:46:48.340 26152 26152 D M_InsDal: Lcom/ichi2/anki/Statistics$SectionsPagerAdapter;--->getItemPosition(Ljava/lang/Object;)I
06-04 00:46:48.340 26152 26152 D M_InsDal: Lcom/ichi2/anki/Statistics$ChartFragment;--->checkAndUpdate()V
06-04 00:46:48.345 26152 26152 D M_InsDal: Lcom/ichi2/anki/Statistics;--->onCreateOptionsMenu(Landroid/view/Menu;)Z
06-04 00:46:48.346 26152 26152 D M_InsDal: Lcom/ichi2/anki/Statistics;--->onPrepareOptionsMenu(Landroid/view/Menu;)Z
06-04 00:46:48.346 26152 26152 D M_InsDal: Lcom/ichi2/anki/Statistics$2;---><clinit>()V
06-04 00:46:48.346 26152 26152 D M_InsDal: Lcom/ichi2/anki/stats/AnkiStatsTaskHandler;--->getStatType()Lcom/ichi2/libanki/Stats$AxisType;
06-04 00:46:48.350 26152 26152 D M_InsDal: Lcom/ichi2/anki/widgets/DeckDropDownAdapter;--->getCount()I
06-04 00:46:48.350 26152 26152 D M_InsDal: Lcom/ichi2/anki/widgets/DeckDropDownAdapter;--->getView(ILandroid/view/View;Landroid/view/ViewGroup;)Landroid/view/View;
06-04 00:46:48.350 26152 26152 D M_InsDal: Lcom/ichi2/anki/widgets/DeckDropDownAdapter$DeckDropDownViewHolder;---><init>()V
06-04 00:46:48.350 26152 26152 D M_InsDal: Lcom/ichi2/anki/Statistics;--->getSubtitleText()Ljava/lang/String;
06-04 00:46:48.358 26152 26152 D M_InsDal: Lcom/ichi2/anki/Statistics$SectionsPagerAdapter;--->getCount()I
06-04 00:46:48.358 26152 26152 D M_InsDal: Lcom/ichi2/anki/Statistics$SectionsPagerAdapter;--->getCount()I
06-04 00:46:48.359 26152 26152 D M_InsDal: Lcom/ichi2/anki/widgets/DeckDropDownAdapter;--->getCount()I
06-04 00:46:48.359 26152 26152 D M_InsDal: Lcom/ichi2/anki/Statistics$SectionsPagerAdapter;--->getCount()I
06-04 00:46:48.359 26152 26152 D M_InsDal: Lcom/ichi2/anki/Statistics$SectionsPagerAdapter;--->getCount()I
06-04 00:46:48.359 26152 26152 D M_InsDal: Lcom/ichi2/anki/widgets/DeckDropDownAdapter;--->getItemId(I)J
06-04 00:46:48.360 26152 26152 D M_InsDal: Lcom/ichi2/anki/widgets/DeckDropDownAdapter;--->getItemId(I)J
06-04 00:46:48.360 26152 26152 D M_InsDal: Lcom/ichi2/anki/stats/ChartView;--->onSizeChanged(IIII)V
06-04 00:46:48.360 26152 26152 D M_InsDal: Lcom/ichi2/anki/Statistics$ChartFragment;--->checkAndUpdate()V
06-04 00:46:48.360 26152 26152 D M_InsDal: Lcom/ichi2/anki/CollectionHelper;--->getInstance()Lcom/ichi2/anki/CollectionHelper;
06-04 00:46:48.360 26152 26152 D M_InsDal: Lcom/ichi2/anki/CollectionHelper;--->getCol(Landroid/content/Context;)Lcom/ichi2/libanki/Collection;
06-04 00:46:48.360 26152 26152 D M_InsDal: Lcom/ichi2/anki/CollectionHelper;--->getCollectionPath(Landroid/content/Context;)Ljava/lang/String;
06-04 00:46:48.360 26152 26152 D M_InsDal: Lcom/ichi2/anki/CollectionHelper;--->getCurrentAnkiDroidDirectory(Landroid/content/Context;)Ljava/lang/String;
06-04 00:46:48.360 26152 26152 D M_InsDal: Lcom/ichi2/anki/CollectionHelper;--->getDefaultAnkiDroidDirectory()Ljava/lang/String;
06-04 00:46:48.360 26152 26152 D M_InsDal: Lcom/ichi2/anki/CollectionHelper;--->colIsOpen()Z
06-04 00:46:48.360 26152 26152 D M_InsDal: Lcom/ichi2/anki/Statistics;--->getTaskHandler()Lcom/ichi2/anki/stats/AnkiStatsTaskHandler;
06-04 00:46:48.360 26152 26152 D M_InsDal: Lcom/ichi2/anki/stats/AnkiStatsTaskHandler;--->getStatType()Lcom/ichi2/libanki/Stats$AxisType;
06-04 00:46:48.360 26152 26152 D M_InsDal: Lcom/ichi2/anki/Statistics$ChartFragment;--->isWholeCollection()Z
06-04 00:46:48.360 26152 26152 D M_InsDal: Lcom/ichi2/anki/Statistics$ChartFragment;--->createChart()V
06-04 00:46:48.360 26152 26152 D M_InsDal: Lcom/ichi2/anki/Statistics;--->getTaskHandler()Lcom/ichi2/anki/stats/AnkiStatsTaskHandler;
06-04 00:46:48.360 26152 26152 D M_InsDal: Lcom/ichi2/anki/stats/AnkiStatsTaskHandler;--->createChart(Lcom/ichi2/libanki/Stats$ChartType;[Landroid/view/View;)Lcom/ichi2/anki/stats/AnkiStatsTaskHandler$CreateChartTask;
06-04 00:46:48.360 26152 26152 D M_InsDal: Lcom/ichi2/anki/stats/AnkiStatsTaskHandler$CreateChartTask;---><init>(Lcom/ichi2/anki/stats/AnkiStatsTaskHandler;Lcom/ichi2/libanki/Stats$ChartType;)V
06-04 00:46:48.361 26152 26152 D M_InsDal: Lcom/ichi2/anki/stats/ChartView;--->onSizeChanged(IIII)V
06-04 00:46:48.361 26152 26152 D M_InsDal: Lcom/ichi2/anki/Statistics$ChartFragment;--->checkAndUpdate()V
06-04 00:46:48.361 26152 26152 D M_InsDal: Lcom/ichi2/anki/CollectionHelper;--->getInstance()Lcom/ichi2/anki/CollectionHelper;
06-04 00:46:48.361 26152 26152 D M_InsDal: Lcom/ichi2/anki/CollectionHelper;--->getCol(Landroid/content/Context;)Lcom/ichi2/libanki/Collection;
06-04 00:46:48.361 26152 26152 D M_InsDal: Lcom/ichi2/anki/CollectionHelper;--->getCollectionPath(Landroid/content/Context;)Ljava/lang/String;
06-04 00:46:48.361 26152 26212 D M_InsDal: Lcom/ichi2/anki/stats/AnkiStatsTaskHandler$CreateChartTask;--->doInBackground([Landroid/view/View;)Lcom/wildplot/android/rendering/PlotSheet;
06-04 00:46:48.361 26152 26152 D M_InsDal: Lcom/ichi2/anki/CollectionHelper;--->getCurrentAnkiDroidDirectory(Landroid/content/Context;)Ljava/lang/String;
06-04 00:46:48.361 26152 26152 D M_InsDal: Lcom/ichi2/anki/CollectionHelper;--->getDefaultAnkiDroidDirectory()Ljava/lang/String;
06-04 00:46:48.361 26152 26212 D M_InsDal: Lcom/ichi2/anki/stats/ChartBuilder;---><init>(Lcom/ichi2/anki/stats/ChartView;Lcom/ichi2/libanki/Collection;ZLcom/ichi2/libanki/Stats$ChartType;)V
06-04 00:46:48.361 26152 26212 D M_InsDal: Lcom/ichi2/anki/stats/ChartBuilder;--->renderChart(Lcom/ichi2/libanki/Stats$AxisType;)Lcom/wildplot/android/rendering/PlotSheet;
06-04 00:46:48.361 26152 26212 D M_InsDal: Lcom/ichi2/anki/stats/ChartBuilder;--->calcStats(Lcom/ichi2/libanki/Stats$AxisType;)V
06-04 00:46:48.361 26152 26212 D M_InsDal: Lcom/ichi2/anki/stats/StatsMetaInfo;---><init>()V
06-04 00:46:48.361 26152 26212 D M_InsDal: Lcom/ichi2/anki/stats/StatsMetaInfo;--->isStatsCalculated()Z
06-04 00:46:48.361 26152 26152 D M_InsDal: Lcom/ichi2/anki/CollectionHelper;--->colIsOpen()Z
06-04 00:46:48.361 26152 26152 D M_InsDal: Lcom/ichi2/anki/Statistics;--->getTaskHandler()Lcom/ichi2/anki/stats/AnkiStatsTaskHandler;
06-04 00:46:48.361 26152 26152 D M_InsDal: Lcom/ichi2/anki/stats/AnkiStatsTaskHandler;--->getStatType()Lcom/ichi2/libanki/Stats$AxisType;
06-04 00:46:48.361 26152 26152 D M_InsDal: Lcom/ichi2/anki/Statistics$ChartFragment;--->isWholeCollection()Z
06-04 00:46:48.361 26152 26152 D M_InsDal: Lcom/ichi2/anki/Statistics$ChartFragment;--->createChart()V
06-04 00:46:48.361 26152 26152 D M_InsDal: Lcom/ichi2/anki/Statistics;--->getTaskHandler()Lcom/ichi2/anki/stats/AnkiStatsTaskHandler;
06-04 00:46:48.361 26152 26212 D M_InsDal: Lcom/ichi2/anki/stats/AnkiStatsTaskHandler;--->getInstance()Lcom/ichi2/anki/stats/AnkiStatsTaskHandler;
06-04 00:46:48.361 26152 26152 D M_InsDal: Lcom/ichi2/anki/stats/AnkiStatsTaskHandler;--->createChart(Lcom/ichi2/libanki/Stats$ChartType;[Landroid/view/View;)Lcom/ichi2/anki/stats/AnkiStatsTaskHandler$CreateChartTask;
06-04 00:46:48.361 26152 26152 D M_InsDal: Lcom/ichi2/anki/stats/AnkiStatsTaskHandler$CreateChartTask;---><init>(Lcom/ichi2/anki/stats/AnkiStatsTaskHandler;Lcom/ichi2/libanki/Stats$ChartType;)V
06-04 00:46:48.361 26152 26212 D M_InsDal: Lcom/ichi2/anki/stats/AnkiStatsTaskHandler;--->getmStandardTextSize()F
06-04 00:46:48.361 26152 26152 D M_InsDal: Lcom/ichi2/anki/stats/ChartView;--->onSizeChanged(IIII)V
06-04 00:46:48.361 26152 26152 D M_InsDal: Lcom/ichi2/anki/Statistics$ChartFragment;--->checkAndUpdate()V
06-04 00:46:48.361 26152 26152 D M_InsDal: Lcom/ichi2/anki/CollectionHelper;--->getInstance()Lcom/ichi2/anki/CollectionHelper;
06-04 00:46:48.361 26152 26152 D M_InsDal: Lcom/ichi2/anki/CollectionHelper;--->getCol(Landroid/content/Context;)Lcom/ichi2/libanki/Collection;
06-04 00:46:48.361 26152 26152 D M_InsDal: Lcom/ichi2/anki/CollectionHelper;--->getCollectionPath(Landroid/content/Context;)Ljava/lang/String;
06-04 00:46:48.361 26152 26152 D M_InsDal: Lcom/ichi2/anki/CollectionHelper;--->getCurrentAnkiDroidDirectory(Landroid/content/Context;)Ljava/lang/String;
06-04 00:46:48.361 26152 26152 D M_InsDal: Lcom/ichi2/anki/CollectionHelper;--->getDefaultAnkiDroidDirectory()Ljava/lang/String;
06-04 00:46:48.362 26152 26152 D M_InsDal: Lcom/ichi2/anki/CollectionHelper;--->colIsOpen()Z
06-04 00:46:48.362 26152 26152 D M_InsDal: Lcom/ichi2/anki/Statistics;--->getTaskHandler()Lcom/ichi2/anki/stats/AnkiStatsTaskHandler;
06-04 00:46:48.362 26152 26152 D M_InsDal: Lcom/ichi2/anki/stats/AnkiStatsTaskHandler;--->getStatType()Lcom/ichi2/libanki/Stats$AxisType;
06-04 00:46:48.362 26152 26152 D M_InsDal: Lcom/ichi2/anki/Statistics$ChartFragment;--->isWholeCollection()Z
06-04 00:46:48.362 26152 26152 D M_InsDal: Lcom/ichi2/anki/Statistics$ChartFragment;--->createChart()V
06-04 00:46:48.362 26152 26152 D M_InsDal: Lcom/ichi2/anki/Statistics;--->getTaskHandler()Lcom/ichi2/anki/stats/AnkiStatsTaskHandler;
06-04 00:46:48.362 26152 26152 D M_InsDal: Lcom/ichi2/anki/stats/AnkiStatsTaskHandler;--->createChart(Lcom/ichi2/libanki/Stats$ChartType;[Landroid/view/View;)Lcom/ichi2/anki/stats/AnkiStatsTaskHandler$CreateChartTask;
06-04 00:46:48.362 26152 26152 D M_InsDal: Lcom/ichi2/anki/stats/AnkiStatsTaskHandler$CreateChartTask;---><init>(Lcom/ichi2/anki/stats/AnkiStatsTaskHandler;Lcom/ichi2/libanki/Stats$ChartType;)V
06-04 00:46:48.362 26152 26152 D M_InsDal: Lcom/ichi2/anki/stats/ChartView;--->onSizeChanged(IIII)V
06-04 00:46:48.362 26152 26152 D M_InsDal: Lcom/ichi2/anki/Statistics$ChartFragment;--->checkAndUpdate()V
06-04 00:46:48.362 26152 26152 D M_InsDal: Lcom/ichi2/anki/CollectionHelper;--->getInstance()Lcom/ichi2/anki/CollectionHelper;
06-04 00:46:48.362 26152 26152 D M_InsDal: Lcom/ichi2/anki/CollectionHelper;--->getCol(Landroid/content/Context;)Lcom/ichi2/libanki/Collection;
06-04 00:46:48.362 26152 26152 D M_InsDal: Lcom/ichi2/anki/CollectionHelper;--->getCollectionPath(Landroid/content/Context;)Ljava/lang/String;
06-04 00:46:48.362 26152 26152 D M_InsDal: Lcom/ichi2/anki/CollectionHelper;--->getCurrentAnkiDroidDirectory(Landroid/content/Context;)Ljava/lang/String;
06-04 00:46:48.362 26152 26152 D M_InsDal: Lcom/ichi2/anki/CollectionHelper;--->getDefaultAnkiDroidDirectory()Ljava/lang/String;
06-04 00:46:48.362 26152 26212 D M_InsDal: Lcom/ichi2/anki/stats/ChartBuilder;--->setupCumulative(Lcom/wildplot/android/rendering/PlotSheet;Lcom/wildplot/android/rendering/PlotSheet;)V
06-04 00:46:48.362 26152 26212 D M_InsDal: Lcom/ichi2/anki/stats/ChartBuilder;--->setupBarGraphs(Lcom/wildplot/android/rendering/PlotSheet;Lcom/wildplot/android/rendering/PlotSheet;)V
06-04 00:46:48.362 26152 26152 D M_InsDal: Lcom/ichi2/anki/CollectionHelper;--->colIsOpen()Z
06-04 00:46:48.362 26152 26152 D M_InsDal: Lcom/ichi2/anki/Statistics;--->getTaskHandler()Lcom/ichi2/anki/stats/AnkiStatsTaskHandler;
06-04 00:46:48.362 26152 26152 D M_InsDal: Lcom/ichi2/anki/stats/AnkiStatsTaskHandler;--->getStatType()Lcom/ichi2/libanki/Stats$AxisType;
06-04 00:46:48.362 26152 26152 D M_InsDal: Lcom/ichi2/anki/Statistics$ChartFragment;--->isWholeCollection()Z
06-04 00:46:48.362 26152 26152 D M_InsDal: Lcom/ichi2/anki/Statistics$ChartFragment;--->createChart()V
06-04 00:46:48.362 26152 26152 D M_InsDal: Lcom/ichi2/anki/Statistics;--->getTaskHandler()Lcom/ichi2/anki/stats/AnkiStatsTaskHandler;
06-04 00:46:48.362 26152 26152 D M_InsDal: Lcom/ichi2/anki/stats/AnkiStatsTaskHandler;--->createChart(Lcom/ichi2/libanki/Stats$ChartType;[Landroid/view/View;)Lcom/ichi2/anki/stats/AnkiStatsTaskHandler$CreateChartTask;
06-04 00:46:48.362 26152 26212 D M_InsDal: Lcom/ichi2/anki/stats/ChartBuilder;--->ticksCalcX(ILcom/wildplot/android/rendering/graphics/wrapper/RectangleWrap;DD)D
06-04 00:46:48.362 26152 26152 D M_InsDal: Lcom/ichi2/anki/stats/AnkiStatsTaskHandler$CreateChartTask;---><init>(Lcom/ichi2/anki/stats/AnkiStatsTaskHandler;Lcom/ichi2/libanki/Stats$ChartType;)V
06-04 00:46:48.362 26152 26212 D M_InsDal: Lcom/ichi2/anki/stats/ChartBuilder;--->setupXaxis(Lcom/wildplot/android/rendering/PlotSheet;DZ)V
06-04 00:46:48.362 26152 26152 D M_InsDal: Lcom/ichi2/anki/stats/ChartView;--->onSizeChanged(IIII)V
06-04 00:46:48.362 26152 26152 D M_InsDal: Lcom/ichi2/anki/Statistics$ChartFragment;--->checkAndUpdate()V
06-04 00:46:48.362 26152 26152 D M_InsDal: Lcom/ichi2/anki/CollectionHelper;--->getInstance()Lcom/ichi2/anki/CollectionHelper;
06-04 00:46:48.362 26152 26152 D M_InsDal: Lcom/ichi2/anki/CollectionHelper;--->getCol(Landroid/content/Context;)Lcom/ichi2/libanki/Collection;
06-04 00:46:48.362 26152 26152 D M_InsDal: Lcom/ichi2/anki/CollectionHelper;--->getCollectionPath(Landroid/content/Context;)Ljava/lang/String;
06-04 00:46:48.362 26152 26152 D M_InsDal: Lcom/ichi2/anki/CollectionHelper;--->getCurrentAnkiDroidDirectory(Landroid/content/Context;)Ljava/lang/String;
06-04 00:46:48.362 26152 26152 D M_InsDal: Lcom/ichi2/anki/CollectionHelper;--->getDefaultAnkiDroidDirectory()Ljava/lang/String;
06-04 00:46:48.363 26152 26212 D M_InsDal: Lcom/ichi2/anki/stats/ChartBuilder;--->ticksCalcY(ILcom/wildplot/android/rendering/graphics/wrapper/RectangleWrap;DD)D
06-04 00:46:48.363 26152 26212 D M_InsDal: Lcom/ichi2/anki/stats/ChartBuilder;--->ticsCalc(ILcom/wildplot/android/rendering/graphics/wrapper/RectangleWrap;D)D
06-04 00:46:48.363 26152 26212 D M_InsDal: Lcom/ichi2/anki/stats/ChartBuilder;--->setupYaxis(Lcom/wildplot/android/rendering/PlotSheet;Lcom/wildplot/android/rendering/PlotSheet;DIZZ)V
06-04 00:46:48.363 26152 26212 D M_InsDal: Lcom/ichi2/anki/stats/ChartBuilder;--->ticsCalc(ILcom/wildplot/android/rendering/graphics/wrapper/RectangleWrap;D)D
06-04 00:46:48.363 26152 26212 D M_InsDal: Lcom/ichi2/anki/stats/ChartBuilder;--->setupYaxis(Lcom/wildplot/android/rendering/PlotSheet;Lcom/wildplot/android/rendering/PlotSheet;DIZZ)V
06-04 00:46:48.363 26152 26152 D M_InsDal: Lcom/ichi2/anki/CollectionHelper;--->colIsOpen()Z
06-04 00:46:48.363 26152 26152 D M_InsDal: Lcom/ichi2/anki/Statistics;--->getTaskHandler()Lcom/ichi2/anki/stats/AnkiStatsTaskHandler;
06-04 00:46:48.363 26152 26152 D M_InsDal: Lcom/ichi2/anki/stats/AnkiStatsTaskHandler;--->getStatType()Lcom/ichi2/libanki/Stats$AxisType;
06-04 00:46:48.363 26152 26212 D M_InsDal: Lcom/ichi2/anki/stats/ChartBuilder;--->setupGrid(Lcom/wildplot/android/rendering/PlotSheet;DD)V
06-04 00:46:48.363 26152 26152 D M_InsDal: Lcom/ichi2/anki/Statistics$ChartFragment;--->isWholeCollection()Z
06-04 00:46:48.363 26152 26152 D M_InsDal: Lcom/ichi2/anki/Statistics$ChartFragment;--->createChart()V
06-04 00:46:48.363 26152 26152 D M_InsDal: Lcom/ichi2/anki/Statistics;--->getTaskHandler()Lcom/ichi2/anki/stats/AnkiStatsTaskHandler;
06-04 00:46:48.363 26152 26152 D M_InsDal: Lcom/ichi2/anki/stats/AnkiStatsTaskHandler;--->createChart(Lcom/ichi2/libanki/Stats$ChartType;[Landroid/view/View;)Lcom/ichi2/anki/stats/AnkiStatsTaskHandler$CreateChartTask;
06-04 00:46:48.363 26152 26152 D M_InsDal: Lcom/ichi2/anki/stats/AnkiStatsTaskHandler$CreateChartTask;---><init>(Lcom/ichi2/anki/stats/AnkiStatsTaskHandler;Lcom/ichi2/libanki/Stats$ChartType;)V
06-04 00:46:48.363 26152 26152 D M_InsDal: Lcom/ichi2/anki/stats/ChartView;--->onSizeChanged(IIII)V
06-04 00:46:48.363 26152 26152 D M_InsDal: Lcom/ichi2/anki/Statistics$ChartFragment;--->checkAndUpdate()V
06-04 00:46:48.363 26152 26152 D M_InsDal: Lcom/ichi2/anki/CollectionHelper;--->getInstance()Lcom/ichi2/anki/CollectionHelper;
06-04 00:46:48.363 26152 26152 D M_InsDal: Lcom/ichi2/anki/CollectionHelper;--->getCol(Landroid/content/Context;)Lcom/ichi2/libanki/Collection;
06-04 00:46:48.363 26152 26152 D M_InsDal: Lcom/ichi2/anki/CollectionHelper;--->getCollectionPath(Landroid/content/Context;)Ljava/lang/String;
06-04 00:46:48.363 26152 26152 D M_InsDal: Lcom/ichi2/anki/CollectionHelper;--->getCurrentAnkiDroidDirectory(Landroid/content/Context;)Ljava/lang/String;
06-04 00:46:48.363 26152 26152 D M_InsDal: Lcom/ichi2/anki/CollectionHelper;--->getDefaultAnkiDroidDirectory()Ljava/lang/String;
06-04 00:46:48.363 26152 26212 D M_InsDal: Lcom/ichi2/anki/stats/AnkiStatsTaskHandler$CreateChartTask;--->doInBackground([Landroid/view/View;)Lcom/wildplot/android/rendering/PlotSheet;
06-04 00:46:48.363 26152 26212 D M_InsDal: Lcom/ichi2/anki/stats/ChartBuilder;---><init>(Lcom/ichi2/anki/stats/ChartView;Lcom/ichi2/libanki/Collection;ZLcom/ichi2/libanki/Stats$ChartType;)V
06-04 00:46:48.363 26152 26212 D M_InsDal: Lcom/ichi2/anki/stats/ChartBuilder;--->renderChart(Lcom/ichi2/libanki/Stats$AxisType;)Lcom/wildplot/android/rendering/PlotSheet;
06-04 00:46:48.363 26152 26212 D M_InsDal: Lcom/ichi2/anki/stats/ChartBuilder;--->calcStats(Lcom/ichi2/libanki/Stats$AxisType;)V
06-04 00:46:48.363 26152 26152 D M_InsDal: Lcom/ichi2/anki/CollectionHelper;--->colIsOpen()Z
06-04 00:46:48.363 26152 26152 D M_InsDal: Lcom/ichi2/anki/Statistics;--->getTaskHandler()Lcom/ichi2/anki/stats/AnkiStatsTaskHandler;
06-04 00:46:48.363 26152 26152 D M_InsDal: Lcom/ichi2/anki/stats/AnkiStatsTaskHandler;--->getStatType()Lcom/ichi2/libanki/Stats$AxisType;
06-04 00:46:48.363 26152 26152 D M_InsDal: Lcom/ichi2/anki/Statistics$ChartFragment;--->isWholeCollection()Z
06-04 00:46:48.363 26152 26152 D M_InsDal: Lcom/ichi2/anki/Statistics$ChartFragment;--->createChart()V
06-04 00:46:48.363 26152 26152 D M_InsDal: Lcom/ichi2/anki/Statistics;--->getTaskHandler()Lcom/ichi2/anki/stats/AnkiStatsTaskHandler;
06-04 00:46:48.363 26152 26152 D M_InsDal: Lcom/ichi2/anki/stats/AnkiStatsTaskHandler;--->createChart(Lcom/ichi2/libanki/Stats$ChartType;[Landroid/view/View;)Lcom/ichi2/anki/stats/AnkiStatsTaskHandler$CreateChartTask;
06-04 00:46:48.363 26152 26152 D M_InsDal: Lcom/ichi2/anki/stats/AnkiStatsTaskHandler$CreateChartTask;---><init>(Lcom/ichi2/anki/stats/AnkiStatsTaskHandler;Lcom/ichi2/libanki/Stats$ChartType;)V
06-04 00:46:48.363 26152 26152 D M_InsDal: Lcom/ichi2/anki/stats/ChartView;--->onSizeChanged(IIII)V
06-04 00:46:48.363 26152 26152 D M_InsDal: Lcom/ichi2/anki/Statistics$ChartFragment;--->checkAndUpdate()V
06-04 00:46:48.363 26152 26152 D M_InsDal: Lcom/ichi2/anki/CollectionHelper;--->getInstance()Lcom/ichi2/anki/CollectionHelper;
06-04 00:46:48.363 26152 26152 D M_InsDal: Lcom/ichi2/anki/CollectionHelper;--->getCol(Landroid/content/Context;)Lcom/ichi2/libanki/Collection;
06-04 00:46:48.363 26152 26152 D M_InsDal: Lcom/ichi2/anki/CollectionHelper;--->getCollectionPath(Landroid/content/Context;)Ljava/lang/String;
06-04 00:46:48.363 26152 26152 D M_InsDal: Lcom/ichi2/anki/CollectionHelper;--->getCurrentAnkiDroidDirectory(Landroid/content/Context;)Ljava/lang/String;
06-04 00:46:48.363 26152 26152 D M_InsDal: Lcom/ichi2/anki/CollectionHelper;--->getDefaultAnkiDroidDirectory()Ljava/lang/String;
06-04 00:46:48.363 26152 26212 D M_InsDal: Lcom/ichi2/anki/stats/AnkiStatsTaskHandler;--->getInstance()Lcom/ichi2/anki/stats/AnkiStatsTaskHandler;
06-04 00:46:48.363 26152 26212 D M_InsDal: Lcom/ichi2/anki/stats/AnkiStatsTaskHandler;--->getmStandardTextSize()F
06-04 00:46:48.364 26152 26152 D M_InsDal: Lcom/ichi2/anki/CollectionHelper;--->colIsOpen()Z
06-04 00:46:48.364 26152 26152 D M_InsDal: Lcom/ichi2/anki/Statistics;--->getTaskHandler()Lcom/ichi2/anki/stats/AnkiStatsTaskHandler;
06-04 00:46:48.364 26152 26152 D M_InsDal: Lcom/ichi2/anki/stats/AnkiStatsTaskHandler;--->getStatType()Lcom/ichi2/libanki/Stats$AxisType;
06-04 00:46:48.364 26152 26212 D M_InsDal: Lcom/ichi2/anki/stats/ChartBuilder;--->setupCumulative(Lcom/wildplot/android/rendering/PlotSheet;Lcom/wildplot/android/rendering/PlotSheet;)V
06-04 00:46:48.364 26152 26152 D M_InsDal: Lcom/ichi2/anki/Statistics$ChartFragment;--->isWholeCollection()Z
06-04 00:46:48.364 26152 26152 D M_InsDal: Lcom/ichi2/anki/Statistics$ChartFragment;--->createChart()V
06-04 00:46:48.364 26152 26152 D M_InsDal: Lcom/ichi2/anki/Statistics;--->getTaskHandler()Lcom/ichi2/anki/stats/AnkiStatsTaskHandler;
06-04 00:46:48.364 26152 26152 D M_InsDal: Lcom/ichi2/anki/stats/AnkiStatsTaskHandler;--->createChart(Lcom/ichi2/libanki/Stats$ChartType;[Landroid/view/View;)Lcom/ichi2/anki/stats/AnkiStatsTaskHandler$CreateChartTask;
06-04 00:46:48.364 26152 26152 D M_InsDal: Lcom/ichi2/anki/stats/AnkiStatsTaskHandler$CreateChartTask;---><init>(Lcom/ichi2/anki/stats/AnkiStatsTaskHandler;Lcom/ichi2/libanki/Stats$ChartType;)V
06-04 00:46:48.364 26152 26212 D M_InsDal: Lcom/ichi2/anki/stats/ChartBuilder;--->setupBarGraphs(Lcom/wildplot/android/rendering/PlotSheet;Lcom/wildplot/android/rendering/PlotSheet;)V
06-04 00:46:48.364 26152 26152 D M_InsDal: Lcom/ichi2/anki/stats/ChartView;--->onSizeChanged(IIII)V
06-04 00:46:48.364 26152 26152 D M_InsDal: Lcom/ichi2/anki/Statistics$ChartFragment;--->checkAndUpdate()V
06-04 00:46:48.364 26152 26152 D M_InsDal: Lcom/ichi2/anki/CollectionHelper;--->getInstance()Lcom/ichi2/anki/CollectionHelper;
06-04 00:46:48.364 26152 26152 D M_InsDal: Lcom/ichi2/anki/CollectionHelper;--->getCol(Landroid/content/Context;)Lcom/ichi2/libanki/Collection;
06-04 00:46:48.364 26152 26152 D M_InsDal: Lcom/ichi2/anki/CollectionHelper;--->getCollectionPath(Landroid/content/Context;)Ljava/lang/String;
06-04 00:46:48.364 26152 26152 D M_InsDal: Lcom/ichi2/anki/CollectionHelper;--->getCurrentAnkiDroidDirectory(Landroid/content/Context;)Ljava/lang/String;
06-04 00:46:48.364 26152 26152 D M_InsDal: Lcom/ichi2/anki/CollectionHelper;--->getDefaultAnkiDroidDirectory()Ljava/lang/String;
06-04 00:46:48.364 26152 26212 D M_InsDal: Lcom/ichi2/anki/stats/ChartBuilder;--->ticksCalcX(ILcom/wildplot/android/rendering/graphics/wrapper/RectangleWrap;DD)D
06-04 00:46:48.364 26152 26212 D M_InsDal: Lcom/ichi2/anki/stats/ChartBuilder;--->setupXaxis(Lcom/wildplot/android/rendering/PlotSheet;DZ)V
06-04 00:46:48.364 26152 26212 D M_InsDal: Lcom/ichi2/anki/stats/ChartBuilder;--->ticksCalcY(ILcom/wildplot/android/rendering/graphics/wrapper/RectangleWrap;DD)D
06-04 00:46:48.364 26152 26212 D M_InsDal: Lcom/ichi2/anki/stats/ChartBuilder;--->ticsCalc(ILcom/wildplot/android/rendering/graphics/wrapper/RectangleWrap;D)D
06-04 00:46:48.364 26152 26212 D M_InsDal: Lcom/ichi2/anki/stats/ChartBuilder;--->setupYaxis(Lcom/wildplot/android/rendering/PlotSheet;Lcom/wildplot/android/rendering/PlotSheet;DIZZ)V
06-04 00:46:48.364 26152 26212 D M_InsDal: Lcom/ichi2/anki/stats/ChartBuilder;--->ticsCalc(ILcom/wildplot/android/rendering/graphics/wrapper/RectangleWrap;D)D
06-04 00:46:48.364 26152 26212 D M_InsDal: Lcom/ichi2/anki/stats/ChartBuilder;--->setupYaxis(Lcom/wildplot/android/rendering/PlotSheet;Lcom/wildplot/android/rendering/PlotSheet;DIZZ)V
06-04 00:46:48.364 26152 26152 D M_InsDal: Lcom/ichi2/anki/CollectionHelper;--->colIsOpen()Z
06-04 00:46:48.364 26152 26152 D M_InsDal: Lcom/ichi2/anki/Statistics;--->getTaskHandler()Lcom/ichi2/anki/stats/AnkiStatsTaskHandler;
06-04 00:46:48.364 26152 26152 D M_InsDal: Lcom/ichi2/anki/stats/AnkiStatsTaskHandler;--->getStatType()Lcom/ichi2/libanki/Stats$AxisType;
06-04 00:46:48.364 26152 26152 D M_InsDal: Lcom/ichi2/anki/Statistics$ChartFragment;--->isWholeCollection()Z
06-04 00:46:48.364 26152 26152 D M_InsDal: Lcom/ichi2/anki/Statistics$ChartFragment;--->createChart()V
06-04 00:46:48.364 26152 26212 D M_InsDal: Lcom/ichi2/anki/stats/ChartBuilder;--->setupGrid(Lcom/wildplot/android/rendering/PlotSheet;DD)V
06-04 00:46:48.364 26152 26152 D M_InsDal: Lcom/ichi2/anki/Statistics;--->getTaskHandler()Lcom/ichi2/anki/stats/AnkiStatsTaskHandler;
06-04 00:46:48.364 26152 26152 D M_InsDal: Lcom/ichi2/anki/stats/AnkiStatsTaskHandler;--->createChart(Lcom/ichi2/libanki/Stats$ChartType;[Landroid/view/View;)Lcom/ichi2/anki/stats/AnkiStatsTaskHandler$CreateChartTask;
06-04 00:46:48.364 26152 26152 D M_InsDal: Lcom/ichi2/anki/stats/AnkiStatsTaskHandler$CreateChartTask;---><init>(Lcom/ichi2/anki/stats/AnkiStatsTaskHandler;Lcom/ichi2/libanki/Stats$ChartType;)V
06-04 00:46:48.364 26152 26212 D M_InsDal: Lcom/ichi2/anki/stats/AnkiStatsTaskHandler$CreateChartTask;--->doInBackground([Landroid/view/View;)Lcom/wildplot/android/rendering/PlotSheet;
06-04 00:46:48.364 26152 26212 D M_InsDal: Lcom/ichi2/anki/stats/ChartBuilder;---><init>(Lcom/ichi2/anki/stats/ChartView;Lcom/ichi2/libanki/Collection;ZLcom/ichi2/libanki/Stats$ChartType;)V
06-04 00:46:48.364 26152 26212 D M_InsDal: Lcom/ichi2/anki/stats/ChartBuilder;--->renderChart(Lcom/ichi2/libanki/Stats$AxisType;)Lcom/wildplot/android/rendering/PlotSheet;
06-04 00:46:48.364 26152 26212 D M_InsDal: Lcom/ichi2/anki/stats/ChartBuilder;--->calcStats(Lcom/ichi2/libanki/Stats$AxisType;)V
06-04 00:46:48.365 26152 26212 D M_InsDal: Lcom/ichi2/anki/stats/AnkiStatsTaskHandler;--->getInstance()Lcom/ichi2/anki/stats/AnkiStatsTaskHandler;
06-04 00:46:48.365 26152 26212 D M_InsDal: Lcom/ichi2/anki/stats/AnkiStatsTaskHandler;--->getmStandardTextSize()F
06-04 00:46:48.365 26152 26212 D M_InsDal: Lcom/ichi2/anki/stats/ChartBuilder;--->setupCumulative(Lcom/wildplot/android/rendering/PlotSheet;Lcom/wildplot/android/rendering/PlotSheet;)V
06-04 00:46:48.365 26152 26212 D M_InsDal: Lcom/ichi2/anki/stats/ChartBuilder;--->setupBarGraphs(Lcom/wildplot/android/rendering/PlotSheet;Lcom/wildplot/android/rendering/PlotSheet;)V
06-04 00:46:48.365 26152 26212 D M_InsDal: Lcom/ichi2/anki/stats/ChartBuilder;--->ticksCalcX(ILcom/wildplot/android/rendering/graphics/wrapper/RectangleWrap;DD)D
06-04 00:46:48.365 26152 26212 D M_InsDal: Lcom/ichi2/anki/stats/ChartBuilder;--->setupXaxis(Lcom/wildplot/android/rendering/PlotSheet;DZ)V
06-04 00:46:48.365 26152 26212 D M_InsDal: Lcom/ichi2/anki/stats/ChartBuilder;--->ticksCalcY(ILcom/wildplot/android/rendering/graphics/wrapper/RectangleWrap;DD)D
06-04 00:46:48.365 26152 26212 D M_InsDal: Lcom/ichi2/anki/stats/ChartBuilder;--->ticsCalc(ILcom/wildplot/android/rendering/graphics/wrapper/RectangleWrap;D)D
06-04 00:46:48.365 26152 26212 D M_InsDal: Lcom/ichi2/anki/stats/ChartBuilder;--->setupYaxis(Lcom/wildplot/android/rendering/PlotSheet;Lcom/wildplot/android/rendering/PlotSheet;DIZZ)V
06-04 00:46:48.365 26152 26212 D M_InsDal: Lcom/ichi2/anki/stats/ChartBuilder;--->ticsCalc(ILcom/wildplot/android/rendering/graphics/wrapper/RectangleWrap;D)D
06-04 00:46:48.365 26152 26212 D M_InsDal: Lcom/ichi2/anki/stats/ChartBuilder;--->setupYaxis(Lcom/wildplot/android/rendering/PlotSheet;Lcom/wildplot/android/rendering/PlotSheet;DIZZ)V
06-04 00:46:48.365 26152 26212 D M_InsDal: Lcom/ichi2/anki/stats/ChartBuilder;--->setupGrid(Lcom/wildplot/android/rendering/PlotSheet;DD)V
06-04 00:46:48.366 26152 26212 D M_InsDal: Lcom/ichi2/anki/stats/AnkiStatsTaskHandler$CreateChartTask;--->doInBackground([Landroid/view/View;)Lcom/wildplot/android/rendering/PlotSheet;
06-04 00:46:48.366 26152 26212 D M_InsDal: Lcom/ichi2/anki/stats/ChartBuilder;---><init>(Lcom/ichi2/anki/stats/ChartView;Lcom/ichi2/libanki/Collection;ZLcom/ichi2/libanki/Stats$ChartType;)V
06-04 00:46:48.366 26152 26212 D M_InsDal: Lcom/ichi2/anki/stats/ChartBuilder;--->renderChart(Lcom/ichi2/libanki/Stats$AxisType;)Lcom/wildplot/android/rendering/PlotSheet;
06-04 00:46:48.366 26152 26212 D M_InsDal: Lcom/ichi2/anki/stats/ChartBuilder;--->calcStats(Lcom/ichi2/libanki/Stats$AxisType;)V
06-04 00:46:48.367 26152 26212 D M_InsDal: Lcom/ichi2/anki/stats/AnkiStatsTaskHandler;--->getInstance()Lcom/ichi2/anki/stats/AnkiStatsTaskHandler;
06-04 00:46:48.367 26152 26212 D M_InsDal: Lcom/ichi2/anki/stats/AnkiStatsTaskHandler;--->getmStandardTextSize()F
06-04 00:46:48.367 26152 26212 D M_InsDal: Lcom/ichi2/anki/stats/ChartBuilder;--->setupCumulative(Lcom/wildplot/android/rendering/PlotSheet;Lcom/wildplot/android/rendering/PlotSheet;)V
06-04 00:46:48.367 26152 26212 D M_InsDal: Lcom/ichi2/anki/stats/ChartBuilder;--->setupBarGraphs(Lcom/wildplot/android/rendering/PlotSheet;Lcom/wildplot/android/rendering/PlotSheet;)V
06-04 00:46:48.367 26152 26212 D M_InsDal: Lcom/ichi2/anki/stats/ChartBuilder;--->ticksCalcX(ILcom/wildplot/android/rendering/graphics/wrapper/RectangleWrap;DD)D
06-04 00:46:48.367 26152 26212 D M_InsDal: Lcom/ichi2/anki/stats/ChartBuilder;--->setupXaxis(Lcom/wildplot/android/rendering/PlotSheet;DZ)V
06-04 00:46:48.367 26152 26212 D M_InsDal: Lcom/ichi2/anki/stats/ChartBuilder;--->ticksCalcY(ILcom/wildplot/android/rendering/graphics/wrapper/RectangleWrap;DD)D
06-04 00:46:48.367 26152 26212 D M_InsDal: Lcom/ichi2/anki/stats/ChartBuilder;--->ticsCalc(ILcom/wildplot/android/rendering/graphics/wrapper/RectangleWrap;D)D
06-04 00:46:48.367 26152 26212 D M_InsDal: Lcom/ichi2/anki/stats/ChartBuilder;--->setupYaxis(Lcom/wildplot/android/rendering/PlotSheet;Lcom/wildplot/android/rendering/PlotSheet;DIZZ)V
06-04 00:46:48.367 26152 26212 D M_InsDal: Lcom/ichi2/anki/stats/ChartBuilder;--->ticsCalc(ILcom/wildplot/android/rendering/graphics/wrapper/RectangleWrap;D)D
06-04 00:46:48.367 26152 26212 D M_InsDal: Lcom/ichi2/anki/stats/ChartBuilder;--->setupYaxis(Lcom/wildplot/android/rendering/PlotSheet;Lcom/wildplot/android/rendering/PlotSheet;DIZZ)V
06-04 00:46:48.367 26152 26212 D M_InsDal: Lcom/ichi2/anki/stats/ChartBuilder;--->setupGrid(Lcom/wildplot/android/rendering/PlotSheet;DD)V
06-04 00:46:48.368 26152 26212 D M_InsDal: Lcom/ichi2/anki/stats/AnkiStatsTaskHandler$CreateChartTask;--->doInBackground([Landroid/view/View;)Lcom/wildplot/android/rendering/PlotSheet;
06-04 00:46:48.368 26152 26212 D M_InsDal: Lcom/ichi2/anki/stats/ChartBuilder;---><init>(Lcom/ichi2/anki/stats/ChartView;Lcom/ichi2/libanki/Collection;ZLcom/ichi2/libanki/Stats$ChartType;)V
06-04 00:46:48.368 26152 26212 D M_InsDal: Lcom/ichi2/anki/stats/ChartBuilder;--->renderChart(Lcom/ichi2/libanki/Stats$AxisType;)Lcom/wildplot/android/rendering/PlotSheet;
06-04 00:46:48.368 26152 26212 D M_InsDal: Lcom/ichi2/anki/stats/ChartBuilder;--->calcStats(Lcom/ichi2/libanki/Stats$AxisType;)V
06-04 00:46:48.368 26152 26212 D M_InsDal: Lcom/ichi2/anki/stats/AnkiStatsTaskHandler;--->getInstance()Lcom/ichi2/anki/stats/AnkiStatsTaskHandler;
06-04 00:46:48.368 26152 26212 D M_InsDal: Lcom/ichi2/anki/stats/AnkiStatsTaskHandler;--->getmStandardTextSize()F
06-04 00:46:48.368 26152 26212 D M_InsDal: Lcom/ichi2/anki/stats/ChartBuilder;--->setupCumulative(Lcom/wildplot/android/rendering/PlotSheet;Lcom/wildplot/android/rendering/PlotSheet;)V
06-04 00:46:48.368 26152 26212 D M_InsDal: Lcom/ichi2/anki/stats/ChartBuilder;--->setupBarGraphs(Lcom/wildplot/android/rendering/PlotSheet;Lcom/wildplot/android/rendering/PlotSheet;)V
06-04 00:46:48.368 26152 26212 D M_InsDal: Lcom/ichi2/anki/stats/ChartBuilder;--->ticksCalcX(ILcom/wildplot/android/rendering/graphics/wrapper/RectangleWrap;DD)D
06-04 00:46:48.368 26152 26212 D M_InsDal: Lcom/ichi2/anki/stats/ChartBuilder;--->setupXaxis(Lcom/wildplot/android/rendering/PlotSheet;DZ)V
06-04 00:46:48.369 26152 26212 D M_InsDal: Lcom/ichi2/anki/stats/ChartBuilder;--->ticksCalcY(ILcom/wildplot/android/rendering/graphics/wrapper/RectangleWrap;DD)D
06-04 00:46:48.369 26152 26212 D M_InsDal: Lcom/ichi2/anki/stats/ChartBuilder;--->ticsCalc(ILcom/wildplot/android/rendering/graphics/wrapper/RectangleWrap;D)D
