--------- beginning of main
06-08 20:27:01.024 14921 14921 D M_InsDal: Lcom/csipsimple/service/PreferenceProvider;---><clinit>()V
06-08 20:27:01.024 14921 14921 D M_InsDal: Lcom/csipsimple/service/PreferenceProvider;---><init>()V
06-08 20:27:01.024 14921 14921 D M_InsDal: Lcom/csipsimple/service/PreferenceProvider;--->onCreate()Z
06-08 20:27:01.024 14921 14921 D M_InsDal: Lcom/csipsimple/utils/PreferencesWrapper;---><clinit>()V
06-08 20:27:01.024 14921 14921 D M_InsDal: Lcom/csipsimple/utils/PreferencesWrapper$1;---><init>()V
06-08 20:27:01.024 14921 14921 D M_InsDal: Lcom/csipsimple/utils/CustomDistribution;--->getUserAgent()Ljava/lang/String;
06-08 20:27:01.025 14921 14921 D M_InsDal: Lcom/csipsimple/utils/PreferencesWrapper$2;---><init>()V
06-08 20:27:01.025 14921 14921 D M_InsDal: Lcom/csipsimple/utils/PreferencesWrapper$3;---><init>()V
06-08 20:27:01.025 14921 14921 D M_InsDal: Lcom/csipsimple/utils/PreferencesWrapper;---><init>(Landroid/content/Context;)V
06-08 20:27:01.025 14921 14921 D M_InsDal: Lcom/csipsimple/utils/PreferencesWrapper;--->needUpgrade()Ljava/lang/Integer;
06-08 20:27:01.025 14921 14921 D M_InsDal: Lcom/csipsimple/utils/PreferencesProviderWrapper;--->getCurrentPackageInfos(Landroid/content/Context;)Landroid/content/pm/PackageInfo;
06-08 20:27:01.026 14921 14921 D M_InsDal: Lcom/csipsimple/utils/Log;---><clinit>()V
06-08 20:27:01.026 14921 14921 D M_InsDal: Lcom/csipsimple/utils/Log;--->d(Ljava/lang/String;Ljava/lang/String;)V
06-08 20:27:01.026 14921 14921 D M_InsDal: Lcom/csipsimple/utils/Log;--->d(Ljava/lang/String;Ljava/lang/String;)V
06-08 20:27:01.026 14921 14921 D M_InsDal: Lcom/csipsimple/utils/Compatibility;--->getApiLevel()I
06-08 20:27:01.029 14921 14921 D M_InsDal: Lcom/csipsimple/ui/incall/InCallMediaControl;---><init>()V
06-08 20:27:01.029 14921 14921 D M_InsDal: Lcom/csipsimple/ui/incall/InCallMediaControl$1;---><init>(Lcom/csipsimple/ui/incall/InCallMediaControl;)V
06-08 20:27:01.029 14921 14921 D M_InsDal: Lcom/csipsimple/ui/incall/InCallMediaControl$2;---><init>(Lcom/csipsimple/ui/incall/InCallMediaControl;)V
06-08 20:27:01.030 14921 14921 D M_InsDal: Lcom/csipsimple/ui/incall/InCallMediaControl;--->onCreate(Landroid/os/Bundle;)V
06-08 20:27:01.042 14921 14921 D M_InsDal: Lcom/csipsimple/ui/incall/InCallMediaControl;--->onResume()V
--------- beginning of crash
06-08 20:27:01.044 14921 14921 E AndroidRuntime: FATAL EXCEPTION: main
06-08 20:27:01.044 14921 14921 E AndroidRuntime: Process: com.csipsimple, PID: 14921
06-08 20:27:01.044 14921 14921 E AndroidRuntime: java.lang.RuntimeException: Unable to resume activity {com.csipsimple/com.csipsimple.ui.incall.InCallMediaControl}: android.os.BadParcelableException: ClassNotFoundException when unmarshalling: qiu.com.csipsimple.MyParcelable
06-08 20:27:01.044 14921 14921 E AndroidRuntime: 	at android.app.ActivityThread.performResumeActivity(ActivityThread.java:3825)
06-08 20:27:01.044 14921 14921 E AndroidRuntime: 	at android.app.ActivityThread.handleResumeActivity(ActivityThread.java:3857)
06-08 20:27:01.044 14921 14921 E AndroidRuntime: 	at android.app.servertransaction.ResumeActivityItem.execute(ResumeActivityItem.java:51)
06-08 20:27:01.044 14921 14921 E AndroidRuntime: 	at android.app.servertransaction.TransactionExecutor.executeLifecycleState(TransactionExecutor.java:145)
06-08 20:27:01.044 14921 14921 E AndroidRuntime: 	at android.app.servertransaction.TransactionExecutor.execute(TransactionExecutor.java:70)
06-08 20:27:01.044 14921 14921 E AndroidRuntime: 	at android.app.ActivityThread$H.handleMessage(ActivityThread.java:1819)
06-08 20:27:01.044 14921 14921 E AndroidRuntime: 	at android.os.Handler.dispatchMessage(Handler.java:106)
06-08 20:27:01.044 14921 14921 E AndroidRuntime: 	at android.os.Looper.loop(Looper.java:193)
06-08 20:27:01.044 14921 14921 E AndroidRuntime: 	at android.app.ActivityThread.main(ActivityThread.java:6730)
06-08 20:27:01.044 14921 14921 E AndroidRuntime: 	at java.lang.reflect.Method.invoke(Native Method)
06-08 20:27:01.044 14921 14921 E AndroidRuntime: 	at com.android.internal.os.RuntimeInit$MethodAndArgsCaller.run(RuntimeInit.java:493)
06-08 20:27:01.044 14921 14921 E AndroidRuntime: 	at com.android.internal.os.ZygoteInit.main(ZygoteInit.java:860)
06-08 20:27:01.044 14921 14921 E AndroidRuntime: Caused by: android.os.BadParcelableException: ClassNotFoundException when unmarshalling: qiu.com.csipsimple.MyParcelable
06-08 20:27:01.044 14921 14921 E AndroidRuntime: 	at android.os.Parcel.readParcelableCreator(Parcel.java:2839)
06-08 20:27:01.044 14921 14921 E AndroidRuntime: 	at android.os.Parcel.readParcelable(Parcel.java:2765)
06-08 20:27:01.044 14921 14921 E AndroidRuntime: 	at android.os.Parcel.readValue(Parcel.java:2668)
06-08 20:27:01.044 14921 14921 E AndroidRuntime: 	at android.os.Parcel.readArrayMapInternal(Parcel.java:3037)
06-08 20:27:01.044 14921 14921 E AndroidRuntime: 	at android.os.BaseBundle.initializeFromParcelLocked(BaseBundle.java:288)
06-08 20:27:01.044 14921 14921 E AndroidRuntime: 	at android.os.BaseBundle.unparcel(BaseBundle.java:232)
06-08 20:27:01.044 14921 14921 E AndroidRuntime: 	at android.os.BaseBundle.getInt(BaseBundle.java:1030)
06-08 20:27:01.044 14921 14921 E AndroidRuntime: 	at android.content.Intent.getIntExtra(Intent.java:7380)
06-08 20:27:01.044 14921 14921 E AndroidRuntime: 	at com.csipsimple.ui.incall.InCallMediaControl.onResume(InCallMediaControl.java:106)
06-08 20:27:01.044 14921 14921 E AndroidRuntime: 	at android.app.Instrumentation.callActivityOnResume(Instrumentation.java:1412)
06-08 20:27:01.044 14921 14921 E AndroidRuntime: 	at android.app.Activity.performResume(Activity.java:7300)
06-08 20:27:01.044 14921 14921 E AndroidRuntime: 	at android.app.ActivityThread.performResumeActivity(ActivityThread.java:3817)
06-08 20:27:01.044 14921 14921 E AndroidRuntime: 	... 11 more
06-08 20:27:01.111 14941 14941 D M_InsDal: Lcom/csipsimple/db/DBProvider;---><clinit>()V
06-08 20:27:01.111 14941 14941 D M_InsDal: Lcom/csipsimple/db/DBProvider;---><init>()V
06-08 20:27:01.111 14941 14941 D M_InsDal: Lcom/csipsimple/db/DBProvider;--->onCreate()Z
06-08 20:27:01.112 14941 14941 D M_InsDal: Lcom/csipsimple/db/DBAdapter$DatabaseHelper;---><init>(Landroid/content/Context;)V
06-08 20:27:01.112 14941 14941 D M_InsDal: Lcom/csipsimple/service/SipService;---><clinit>()V
06-08 20:27:01.112 14941 14941 D M_InsDal: Lcom/csipsimple/service/SipService;---><init>()V
06-08 20:27:01.113 14941 14941 D M_InsDal: Lcom/csipsimple/service/SipService$1;---><init>(Lcom/csipsimple/service/SipService;)V
06-08 20:27:01.113 14941 14941 D M_InsDal: Lcom/csipsimple/api/ISipService$Stub;---><init>()V
06-08 20:27:01.113 14941 14941 D M_InsDal: Lcom/csipsimple/service/SipService$2;---><init>(Lcom/csipsimple/service/SipService;)V
06-08 20:27:01.113 14941 14941 D M_InsDal: Lcom/csipsimple/api/ISipConfiguration$Stub;---><init>()V
06-08 20:27:01.113 14941 14941 D M_InsDal: Lcom/csipsimple/service/SipService$ServiceHandler;---><init>(Lcom/csipsimple/service/SipService;)V
06-08 20:27:01.113 14941 14941 D M_InsDal: Lcom/csipsimple/api/SipManager$PresenceStatus;---><clinit>()V
06-08 20:27:01.113 14941 14941 D M_InsDal: Lcom/csipsimple/api/SipManager$PresenceStatus;---><init>(Ljava/lang/String;I)V
06-08 20:27:01.113 14941 14941 D M_InsDal: Lcom/csipsimple/api/SipManager$PresenceStatus;---><init>(Ljava/lang/String;I)V
06-08 20:27:01.113 14941 14941 D M_InsDal: Lcom/csipsimple/service/SipService;--->onCreate()V
06-08 20:27:01.113 14941 14941 D M_InsDal: Lcom/csipsimple/utils/Log;---><clinit>()V
06-08 20:27:01.113 14941 14941 D M_InsDal: Lcom/csipsimple/utils/Log;--->i(Ljava/lang/String;Ljava/lang/String;)V
06-08 20:27:01.113 14941 14941 D M_InsDal: Lcom/csipsimple/utils/PreferencesProviderWrapper;---><init>(Landroid/content/Context;)V
06-08 20:27:01.113 14941 14941 D M_InsDal: Lcom/csipsimple/utils/PreferencesProviderWrapper;--->getLogLevel()I
06-08 20:27:01.113 14941 14941 D M_InsDal: Lcom/csipsimple/api/SipConfigManager;---><clinit>()V
06-08 20:27:01.113 14941 14941 D M_InsDal: Lcom/csipsimple/api/SipConfigManager;--->getPreferenceIntegerValue(Landroid/content/Context;Ljava/lang/String;Ljava/lang/Integer;)Ljava/lang/Integer;
06-08 20:27:01.113 14941 14941 D M_InsDal: Lcom/csipsimple/api/SipConfigManager;--->getPrefUriForKey(Ljava/lang/String;)Landroid/net/Uri;
06-08 20:27:01.114 14921 14935 D M_InsDal: Lcom/csipsimple/service/PreferenceProvider;--->query(Landroid/net/Uri;[Ljava/lang/String;Ljava/lang/String;[Ljava/lang/String;Ljava/lang/String;)Landroid/database/Cursor;
06-08 20:27:01.114 14921 14935 D M_InsDal: Lcom/csipsimple/utils/PreferencesWrapper;--->getPreferenceIntegerValue(Ljava/lang/String;)Ljava/lang/Integer;
06-08 20:27:01.114 14921 14935 D M_InsDal: Lcom/csipsimple/utils/PreferencesWrapper;--->getPreferenceStringValue(Ljava/lang/String;)Ljava/lang/String;
06-08 20:27:01.114 14921 14935 D M_InsDal: Lcom/csipsimple/utils/PreferencesWrapper;--->gPrefStringValue(Landroid/content/SharedPreferences;Ljava/lang/String;)Ljava/lang/String;
06-08 20:27:01.115 14941 14941 D M_InsDal: Lcom/csipsimple/utils/Log;--->setLogLevel(I)V
06-08 20:27:01.115 14941 14941 D M_InsDal: Lcom/csipsimple/service/SipNotifications;---><clinit>()V
06-08 20:27:01.115 14941 14941 D M_InsDal: Lcom/csipsimple/service/SipNotifications;---><init>(Landroid/content/Context;)V
06-08 20:27:01.115 14941 14941 D M_InsDal: Lcom/csipsimple/service/SipNotifications;--->cancelAll()V
06-08 20:27:01.115 14941 14941 D M_InsDal: Lcom/csipsimple/service/SipNotifications;--->cancelMessages()V
06-08 20:27:01.115 14941 14941 D M_InsDal: Lcom/csipsimple/service/SipNotifications;--->cancelMissedCalls()V
06-08 20:27:01.116 14941 14941 D M_InsDal: Lcom/csipsimple/service/SipNotifications;--->cancelVoicemails()V
06-08 20:27:01.116 14941 14941 D M_InsDal: Lcom/csipsimple/service/SipNotifications;--->cancelCalls()V
06-08 20:27:01.116 14941 14941 D M_InsDal: Lcom/csipsimple/utils/Compatibility;--->isCompatible(I)Z
06-08 20:27:01.116 14941 14941 D M_InsDal: Lcom/csipsimple/service/SipNotifications;--->onServiceCreate()V
06-08 20:27:01.116 14941 14941 D M_InsDal: Lcom/csipsimple/service/SipWakeLock;---><init>(Landroid/os/PowerManager;)V
06-08 20:27:01.116 14941 14941 D M_InsDal: Lcom/csipsimple/utils/PreferencesProviderWrapper;--->getPreferenceBooleanValue(Ljava/lang/String;Z)Z
06-08 20:27:01.116 14941 14941 D M_InsDal: Lcom/csipsimple/api/SipConfigManager;--->getPreferenceBooleanValue(Landroid/content/Context;Ljava/lang/String;Ljava/lang/Boolean;)Ljava/lang/Boolean;
06-08 20:27:01.116 14941 14941 D M_InsDal: Lcom/csipsimple/api/SipConfigManager;--->getPrefUriForKey(Ljava/lang/String;)Landroid/net/Uri;
06-08 20:27:01.116 14921 14935 D M_InsDal: Lcom/csipsimple/service/PreferenceProvider;--->query(Landroid/net/Uri;[Ljava/lang/String;Ljava/lang/String;[Ljava/lang/String;Ljava/lang/String;)Landroid/database/Cursor;
06-08 20:27:01.116 14921 14935 D M_InsDal: Lcom/csipsimple/utils/PreferencesWrapper;--->getPreferenceBooleanValue(Ljava/lang/String;)Ljava/lang/Boolean;
06-08 20:27:01.116 14921 14935 D M_InsDal: Lcom/csipsimple/utils/PreferencesWrapper;--->gPrefBooleanValue(Landroid/content/SharedPreferences;Ljava/lang/String;)Ljava/lang/Boolean;
06-08 20:27:01.117 14941 14941 D M_InsDal: Lcom/csipsimple/utils/Log;--->d(Ljava/lang/String;Ljava/lang/String;)V
06-08 20:27:01.117 14941 14941 D M_InsDal: Lcom/csipsimple/service/PresenceManager;---><clinit>()V
06-08 20:27:01.117 14941 14941 D M_InsDal: Lcom/csipsimple/service/PresenceManager;---><init>()V
06-08 20:27:01.117 14941 14941 D M_InsDal: Lcom/csipsimple/service/SipService;--->onBind(Landroid/content/Intent;)Landroid/os/IBinder;
06-08 20:27:01.117 14941 14941 D M_InsDal: Lcom/csipsimple/utils/Log;--->d(Ljava/lang/String;Ljava/lang/String;)V
06-08 20:27:01.117 14941 14941 D M_InsDal: Lcom/csipsimple/utils/Log;--->d(Ljava/lang/String;Ljava/lang/String;)V
--------- beginning of system
06-08 20:27:20.587 15000 15000 D M_InsDal: Lcom/csipsimple/service/PreferenceProvider;---><clinit>()V
06-08 20:27:20.587 15000 15000 D M_InsDal: Lcom/csipsimple/service/PreferenceProvider;---><init>()V
06-08 20:27:20.587 15000 15000 D M_InsDal: Lcom/csipsimple/service/PreferenceProvider;--->onCreate()Z
06-08 20:27:20.588 15000 15000 D M_InsDal: Lcom/csipsimple/utils/PreferencesWrapper;---><clinit>()V
06-08 20:27:20.588 15000 15000 D M_InsDal: Lcom/csipsimple/utils/PreferencesWrapper$1;---><init>()V
06-08 20:27:20.588 15000 15000 D M_InsDal: Lcom/csipsimple/utils/CustomDistribution;--->getUserAgent()Ljava/lang/String;
06-08 20:27:20.588 15000 15000 D M_InsDal: Lcom/csipsimple/utils/PreferencesWrapper$2;---><init>()V
06-08 20:27:20.588 15000 15000 D M_InsDal: Lcom/csipsimple/utils/PreferencesWrapper$3;---><init>()V
06-08 20:27:20.588 15000 15000 D M_InsDal: Lcom/csipsimple/utils/PreferencesWrapper;---><init>(Landroid/content/Context;)V
06-08 20:27:20.588 15000 15000 D M_InsDal: Lcom/csipsimple/utils/PreferencesWrapper;--->needUpgrade()Ljava/lang/Integer;
06-08 20:27:20.588 15000 15000 D M_InsDal: Lcom/csipsimple/utils/PreferencesProviderWrapper;--->getCurrentPackageInfos(Landroid/content/Context;)Landroid/content/pm/PackageInfo;
06-08 20:27:20.589 15000 15000 D M_InsDal: Lcom/csipsimple/utils/Log;---><clinit>()V
06-08 20:27:20.589 15000 15000 D M_InsDal: Lcom/csipsimple/utils/Log;--->d(Ljava/lang/String;Ljava/lang/String;)V
06-08 20:27:20.589 15000 15000 D M_InsDal: Lcom/csipsimple/utils/Log;--->d(Ljava/lang/String;Ljava/lang/String;)V
06-08 20:27:20.589 15000 15000 D M_InsDal: Lcom/csipsimple/utils/Compatibility;--->getApiLevel()I
06-08 20:27:20.591 15000 15000 D M_InsDal: Lcom/csipsimple/ui/incall/InCallMediaControl;---><init>()V
06-08 20:27:20.592 15000 15000 D M_InsDal: Lcom/csipsimple/ui/incall/InCallMediaControl$1;---><init>(Lcom/csipsimple/ui/incall/InCallMediaControl;)V
06-08 20:27:20.592 15000 15000 D M_InsDal: Lcom/csipsimple/ui/incall/InCallMediaControl$2;---><init>(Lcom/csipsimple/ui/incall/InCallMediaControl;)V
06-08 20:27:20.593 15000 15000 D M_InsDal: Lcom/csipsimple/ui/incall/InCallMediaControl;--->onCreate(Landroid/os/Bundle;)V
06-08 20:27:20.606 15000 15000 D M_InsDal: Lcom/csipsimple/ui/incall/InCallMediaControl;--->onResume()V
06-08 20:27:20.608 15000 15000 D M_InsDal: Lcom/csipsimple/ui/incall/InCallMediaControl$MonitorThread;---><init>(Lcom/csipsimple/ui/incall/InCallMediaControl;)V
06-08 20:27:20.608 15000 15018 D M_InsDal: Lcom/csipsimple/ui/incall/InCallMediaControl$MonitorThread;--->run()V
06-08 20:27:20.671 15019 15019 D M_InsDal: Lcom/csipsimple/db/DBProvider;---><clinit>()V
06-08 20:27:20.671 15019 15019 D M_InsDal: Lcom/csipsimple/db/DBProvider;---><init>()V
06-08 20:27:20.671 15019 15019 D M_InsDal: Lcom/csipsimple/db/DBProvider;--->onCreate()Z
06-08 20:27:20.671 15019 15019 D M_InsDal: Lcom/csipsimple/db/DBAdapter$DatabaseHelper;---><init>(Landroid/content/Context;)V
06-08 20:27:20.672 15019 15019 D M_InsDal: Lcom/csipsimple/service/SipService;---><clinit>()V
06-08 20:27:20.672 15019 15019 D M_InsDal: Lcom/csipsimple/service/SipService;---><init>()V
06-08 20:27:20.672 15019 15019 D M_InsDal: Lcom/csipsimple/service/SipService$1;---><init>(Lcom/csipsimple/service/SipService;)V
06-08 20:27:20.672 15019 15019 D M_InsDal: Lcom/csipsimple/api/ISipService$Stub;---><init>()V
06-08 20:27:20.672 15019 15019 D M_InsDal: Lcom/csipsimple/service/SipService$2;---><init>(Lcom/csipsimple/service/SipService;)V
06-08 20:27:20.672 15019 15019 D M_InsDal: Lcom/csipsimple/api/ISipConfiguration$Stub;---><init>()V
06-08 20:27:20.672 15019 15019 D M_InsDal: Lcom/csipsimple/service/SipService$ServiceHandler;---><init>(Lcom/csipsimple/service/SipService;)V
06-08 20:27:20.672 15019 15019 D M_InsDal: Lcom/csipsimple/api/SipManager$PresenceStatus;---><clinit>()V
06-08 20:27:20.672 15019 15019 D M_InsDal: Lcom/csipsimple/api/SipManager$PresenceStatus;---><init>(Ljava/lang/String;I)V
06-08 20:27:20.672 15019 15019 D M_InsDal: Lcom/csipsimple/api/SipManager$PresenceStatus;---><init>(Ljava/lang/String;I)V
06-08 20:27:20.672 15019 15019 D M_InsDal: Lcom/csipsimple/service/SipService;--->onCreate()V
06-08 20:27:20.672 15019 15019 D M_InsDal: Lcom/csipsimple/utils/Log;---><clinit>()V
06-08 20:27:20.672 15019 15019 D M_InsDal: Lcom/csipsimple/utils/Log;--->i(Ljava/lang/String;Ljava/lang/String;)V
06-08 20:27:20.672 15019 15019 D M_InsDal: Lcom/csipsimple/utils/PreferencesProviderWrapper;---><init>(Landroid/content/Context;)V
06-08 20:27:20.673 15019 15019 D M_InsDal: Lcom/csipsimple/utils/PreferencesProviderWrapper;--->getLogLevel()I
06-08 20:27:20.673 15019 15019 D M_InsDal: Lcom/csipsimple/api/SipConfigManager;---><clinit>()V
06-08 20:27:20.673 15019 15019 D M_InsDal: Lcom/csipsimple/api/SipConfigManager;--->getPreferenceIntegerValue(Landroid/content/Context;Ljava/lang/String;Ljava/lang/Integer;)Ljava/lang/Integer;
06-08 20:27:20.673 15019 15019 D M_InsDal: Lcom/csipsimple/api/SipConfigManager;--->getPrefUriForKey(Ljava/lang/String;)Landroid/net/Uri;
06-08 20:27:20.673 15000 15025 D M_InsDal: Lcom/csipsimple/service/PreferenceProvider;--->query(Landroid/net/Uri;[Ljava/lang/String;Ljava/lang/String;[Ljava/lang/String;Ljava/lang/String;)Landroid/database/Cursor;
06-08 20:27:20.673 15000 15025 D M_InsDal: Lcom/csipsimple/utils/PreferencesWrapper;--->getPreferenceIntegerValue(Ljava/lang/String;)Ljava/lang/Integer;
06-08 20:27:20.673 15000 15025 D M_InsDal: Lcom/csipsimple/utils/PreferencesWrapper;--->getPreferenceStringValue(Ljava/lang/String;)Ljava/lang/String;
06-08 20:27:20.673 15000 15025 D M_InsDal: Lcom/csipsimple/utils/PreferencesWrapper;--->gPrefStringValue(Landroid/content/SharedPreferences;Ljava/lang/String;)Ljava/lang/String;
06-08 20:27:20.674 15019 15019 D M_InsDal: Lcom/csipsimple/utils/Log;--->setLogLevel(I)V
06-08 20:27:20.674 15019 15019 D M_InsDal: Lcom/csipsimple/service/SipNotifications;---><clinit>()V
06-08 20:27:20.674 15019 15019 D M_InsDal: Lcom/csipsimple/service/SipNotifications;---><init>(Landroid/content/Context;)V
06-08 20:27:20.674 15019 15019 D M_InsDal: Lcom/csipsimple/service/SipNotifications;--->cancelAll()V
06-08 20:27:20.674 15019 15019 D M_InsDal: Lcom/csipsimple/service/SipNotifications;--->cancelMessages()V
06-08 20:27:20.675 15019 15019 D M_InsDal: Lcom/csipsimple/service/SipNotifications;--->cancelMissedCalls()V
06-08 20:27:20.675 15019 15019 D M_InsDal: Lcom/csipsimple/service/SipNotifications;--->cancelVoicemails()V
06-08 20:27:20.675 15019 15019 D M_InsDal: Lcom/csipsimple/service/SipNotifications;--->cancelCalls()V
06-08 20:27:20.675 15019 15019 D M_InsDal: Lcom/csipsimple/utils/Compatibility;--->isCompatible(I)Z
06-08 20:27:20.675 15019 15019 D M_InsDal: Lcom/csipsimple/service/SipNotifications;--->onServiceCreate()V
06-08 20:27:20.675 15019 15019 D M_InsDal: Lcom/csipsimple/service/SipWakeLock;---><init>(Landroid/os/PowerManager;)V
06-08 20:27:20.675 15019 15019 D M_InsDal: Lcom/csipsimple/utils/PreferencesProviderWrapper;--->getPreferenceBooleanValue(Ljava/lang/String;Z)Z
06-08 20:27:20.675 15019 15019 D M_InsDal: Lcom/csipsimple/api/SipConfigManager;--->getPreferenceBooleanValue(Landroid/content/Context;Ljava/lang/String;Ljava/lang/Boolean;)Ljava/lang/Boolean;
06-08 20:27:20.675 15019 15019 D M_InsDal: Lcom/csipsimple/api/SipConfigManager;--->getPrefUriForKey(Ljava/lang/String;)Landroid/net/Uri;
06-08 20:27:20.675 15000 15025 D M_InsDal: Lcom/csipsimple/service/PreferenceProvider;--->query(Landroid/net/Uri;[Ljava/lang/String;Ljava/lang/String;[Ljava/lang/String;Ljava/lang/String;)Landroid/database/Cursor;
06-08 20:27:20.676 15000 15025 D M_InsDal: Lcom/csipsimple/utils/PreferencesWrapper;--->getPreferenceBooleanValue(Ljava/lang/String;)Ljava/lang/Boolean;
06-08 20:27:20.676 15000 15025 D M_InsDal: Lcom/csipsimple/utils/PreferencesWrapper;--->gPrefBooleanValue(Landroid/content/SharedPreferences;Ljava/lang/String;)Ljava/lang/Boolean;
06-08 20:27:20.676 15019 15019 D M_InsDal: Lcom/csipsimple/utils/Log;--->d(Ljava/lang/String;Ljava/lang/String;)V
06-08 20:27:20.676 15019 15019 D M_InsDal: Lcom/csipsimple/service/PresenceManager;---><clinit>()V
06-08 20:27:20.677 15019 15019 D M_InsDal: Lcom/csipsimple/service/PresenceManager;---><init>()V
06-08 20:27:20.677 15019 15019 D M_InsDal: Lcom/csipsimple/service/SipService;--->onBind(Landroid/content/Intent;)Landroid/os/IBinder;
06-08 20:27:20.677 15019 15019 D M_InsDal: Lcom/csipsimple/utils/Log;--->d(Ljava/lang/String;Ljava/lang/String;)V
06-08 20:27:20.677 15019 15019 D M_InsDal: Lcom/csipsimple/utils/Log;--->d(Ljava/lang/String;Ljava/lang/String;)V
06-08 20:27:21.417 15000 15000 D M_InsDal: Lcom/csipsimple/ui/incall/InCallMediaControl$2;--->onServiceConnected(Landroid/content/ComponentName;Landroid/os/IBinder;)V
06-08 20:27:21.417 15000 15000 D M_InsDal: Lcom/csipsimple/utils/Log;--->d(Ljava/lang/String;Ljava/lang/String;)V
06-08 20:27:21.418 15000 15000 D M_InsDal: Lcom/csipsimple/api/ISipService$Stub;--->asInterface(Landroid/os/IBinder;)Lcom/csipsimple/api/ISipService;
06-08 20:27:21.418 15000 15000 D M_InsDal: Lcom/csipsimple/api/ISipService$Stub$Proxy;---><init>(Landroid/os/IBinder;)V
06-08 20:27:21.418 15000 15000 D M_InsDal: Lcom/csipsimple/ui/incall/InCallMediaControl;--->updateUIFromMedia()V
06-08 20:27:21.418 15000 15000 D M_InsDal: Lcom/csipsimple/api/ISipService$Stub$Proxy;--->getCurrentMediaState()Lcom/csipsimple/api/MediaState;
06-08 20:27:21.418 15019 15036 D M_InsDal: Lcom/csipsimple/service/SipService$1;--->getCurrentMediaState()Lcom/csipsimple/api/MediaState;
06-08 20:27:21.419 15019 15036 D M_InsDal: Lcom/csipsimple/api/MediaState;---><clinit>()V
06-08 20:27:21.419 15019 15036 D M_InsDal: Lcom/csipsimple/api/MediaState$1;---><init>()V
06-08 20:27:21.419 15019 15036 D M_InsDal: Lcom/csipsimple/api/MediaState;---><init>()V
06-08 20:27:21.419 15019 15036 D M_InsDal: Lcom/csipsimple/api/MediaState;--->writeToParcel(Landroid/os/Parcel;I)V
06-08 20:27:21.419 15000 15000 D M_InsDal: Lcom/csipsimple/api/MediaState;---><clinit>()V
06-08 20:27:21.419 15000 15000 D M_InsDal: Lcom/csipsimple/api/MediaState$1;---><init>()V
06-08 20:27:21.419 15000 15000 D M_InsDal: Lcom/csipsimple/api/MediaState$1;--->createFromParcel(Landroid/os/Parcel;)Lcom/csipsimple/api/MediaState;
06-08 20:27:21.419 15000 15000 D M_InsDal: Lcom/csipsimple/api/MediaState;---><init>(Landroid/os/Parcel;)V
06-08 20:27:21.420 15000 15000 D M_InsDal: Lcom/csipsimple/api/SipConfigManager;---><clinit>()V
06-08 20:27:21.420 15000 15000 D M_InsDal: Lcom/csipsimple/api/SipConfigManager;--->getPreferenceFloatValue(Landroid/content/Context;Ljava/lang/String;)Ljava/lang/Float;
06-08 20:27:21.420 15000 15000 D M_InsDal: Lcom/csipsimple/api/SipConfigManager;--->getPreferenceFloatValue(Landroid/content/Context;Ljava/lang/String;Ljava/lang/Float;)Ljava/lang/Float;
06-08 20:27:21.420 15000 15000 D M_InsDal: Lcom/csipsimple/api/SipConfigManager;--->getPrefUriForKey(Ljava/lang/String;)Landroid/net/Uri;
06-08 20:27:21.420 15000 15000 D M_InsDal: Lcom/csipsimple/service/PreferenceProvider;--->query(Landroid/net/Uri;[Ljava/lang/String;Ljava/lang/String;[Ljava/lang/String;Ljava/lang/String;)Landroid/database/Cursor;
06-08 20:27:21.420 15000 15000 D M_InsDal: Lcom/csipsimple/utils/PreferencesWrapper;--->getPreferenceFloatValue(Ljava/lang/String;)Ljava/lang/Float;
06-08 20:27:21.420 15000 15000 D M_InsDal: Lcom/csipsimple/utils/PreferencesWrapper;--->gPrefFloatValue(Landroid/content/SharedPreferences;Ljava/lang/String;)Ljava/lang/Float;
06-08 20:27:21.420 15000 15000 D M_InsDal: Lcom/csipsimple/ui/incall/InCallMediaControl;--->onProgressChanged(Landroid/widget/SeekBar;IZ)V
06-08 20:27:21.421 15000 15000 D M_InsDal: Lcom/csipsimple/utils/Log;--->d(Ljava/lang/String;Ljava/lang/String;)V
06-08 20:27:21.421 15000 15000 D M_InsDal: Lcom/csipsimple/api/ISipService$Stub$Proxy;--->getCurrentMediaState()Lcom/csipsimple/api/MediaState;
06-08 20:27:21.421 15019 15036 D M_InsDal: Lcom/csipsimple/service/SipService$1;--->getCurrentMediaState()Lcom/csipsimple/api/MediaState;
06-08 20:27:21.421 15019 15036 D M_InsDal: Lcom/csipsimple/api/MediaState;---><init>()V
06-08 20:27:21.421 15019 15036 D M_InsDal: Lcom/csipsimple/api/MediaState;--->writeToParcel(Landroid/os/Parcel;I)V
06-08 20:27:21.421 15000 15000 D M_InsDal: Lcom/csipsimple/api/MediaState$1;--->createFromParcel(Landroid/os/Parcel;)Lcom/csipsimple/api/MediaState;
06-08 20:27:21.421 15000 15000 D M_InsDal: Lcom/csipsimple/api/MediaState;---><init>(Landroid/os/Parcel;)V
06-08 20:27:21.422 15000 15000 D M_InsDal: Lcom/csipsimple/api/ISipService$Stub$Proxy;--->confAdjustTxLevel(IF)V
06-08 20:27:21.422 15019 15036 D M_InsDal: Lcom/csipsimple/service/SipService$1;--->confAdjustTxLevel(IF)V
06-08 20:27:21.422 15019 15036 D M_InsDal: Lcom/csipsimple/service/SipService;--->getExecutor()Lcom/csipsimple/service/SipService$SipServiceExecutor;
06-08 20:27:21.422 15019 15036 D M_InsDal: Lcom/csipsimple/service/SipService$SipServiceExecutor;---><init>(Lcom/csipsimple/service/SipService;)V
06-08 20:27:21.422 15019 15036 D M_InsDal: Lcom/csipsimple/service/SipService;--->createLooper()Landroid/os/Looper;
06-08 20:27:21.422 15019 15036 D M_InsDal: Lcom/csipsimple/utils/Log;--->d(Ljava/lang/String;Ljava/lang/String;)V
06-08 20:27:21.423 15019 15036 D M_InsDal: Lcom/csipsimple/service/SipService$1$17;---><init>(Lcom/csipsimple/service/SipService$1;IF)V
06-08 20:27:21.423 15019 15036 D M_InsDal: Lcom/csipsimple/service/SipService$SipRunnable;---><init>()V
06-08 20:27:21.423 15019 15036 D M_InsDal: Lcom/csipsimple/service/SipService$SipServiceExecutor;--->execute(Ljava/lang/Runnable;)V
06-08 20:27:21.423 15019 15036 D M_InsDal: Lcom/csipsimple/service/SipWakeLock;--->acquire(Ljava/lang/Object;)V
06-08 20:27:21.424 15019 15036 D M_InsDal: Lcom/csipsimple/utils/Log;--->v(Ljava/lang/String;Ljava/lang/String;)V
06-08 20:27:21.424 15019 15038 D M_InsDal: Lcom/csipsimple/service/SipService$SipServiceExecutor;--->handleMessage(Landroid/os/Message;)V
06-08 20:27:21.424 15019 15038 D M_InsDal: Lcom/csipsimple/service/SipService$SipServiceExecutor;--->executeInternal(Ljava/lang/Runnable;)V
06-08 20:27:21.424 15019 15038 D M_InsDal: Lcom/csipsimple/service/SipService$SipRunnable;--->run()V
06-08 20:27:21.424 15019 15038 D M_InsDal: Lcom/csipsimple/service/SipService$1$17;--->doRun()V
06-08 20:27:21.424 15019 15038 D M_InsDal: Lcom/csipsimple/service/SipWakeLock;--->release(Ljava/lang/Object;)V
06-08 20:27:21.424 15000 15000 D M_InsDal: Lcom/csipsimple/api/SipConfigManager;--->setPreferenceFloatValue(Landroid/content/Context;Ljava/lang/String;Ljava/lang/Float;)V
06-08 20:27:21.424 15000 15000 D M_InsDal: Lcom/csipsimple/api/SipConfigManager;--->getPrefUriForKey(Ljava/lang/String;)Landroid/net/Uri;
06-08 20:27:21.424 15000 15000 D M_InsDal: Lcom/csipsimple/service/PreferenceProvider;--->update(Landroid/net/Uri;Landroid/content/ContentValues;Ljava/lang/String;[Ljava/lang/String;)I
06-08 20:27:21.424 15000 15000 D M_InsDal: Lcom/csipsimple/utils/PreferencesWrapper;--->setPreferenceFloatValue(Ljava/lang/String;F)V
06-08 20:27:21.424 15019 15038 D M_InsDal: Lcom/csipsimple/utils/Log;--->v(Ljava/lang/String;Ljava/lang/String;)V
06-08 20:27:21.425 15000 15000 D M_InsDal: Lcom/csipsimple/api/SipConfigManager;--->getPreferenceFloatValue(Landroid/content/Context;Ljava/lang/String;)Ljava/lang/Float;
06-08 20:27:21.425 15000 15000 D M_InsDal: Lcom/csipsimple/api/SipConfigManager;--->getPreferenceFloatValue(Landroid/content/Context;Ljava/lang/String;Ljava/lang/Float;)Ljava/lang/Float;
06-08 20:27:21.425 15000 15000 D M_InsDal: Lcom/csipsimple/api/SipConfigManager;--->getPrefUriForKey(Ljava/lang/String;)Landroid/net/Uri;
06-08 20:27:21.425 15000 15000 D M_InsDal: Lcom/csipsimple/service/PreferenceProvider;--->query(Landroid/net/Uri;[Ljava/lang/String;Ljava/lang/String;[Ljava/lang/String;Ljava/lang/String;)Landroid/database/Cursor;
06-08 20:27:21.425 15000 15000 D M_InsDal: Lcom/csipsimple/utils/PreferencesWrapper;--->getPreferenceFloatValue(Ljava/lang/String;)Ljava/lang/Float;
06-08 20:27:21.425 15000 15000 D M_InsDal: Lcom/csipsimple/utils/PreferencesWrapper;--->gPrefFloatValue(Landroid/content/SharedPreferences;Ljava/lang/String;)Ljava/lang/Float;
06-08 20:27:21.425 15000 15000 D M_InsDal: Lcom/csipsimple/ui/incall/InCallMediaControl;--->onProgressChanged(Landroid/widget/SeekBar;IZ)V
06-08 20:27:21.425 15000 15000 D M_InsDal: Lcom/csipsimple/utils/Log;--->d(Ljava/lang/String;Ljava/lang/String;)V
06-08 20:27:21.425 15000 15000 D M_InsDal: Lcom/csipsimple/api/ISipService$Stub$Proxy;--->getCurrentMediaState()Lcom/csipsimple/api/MediaState;
06-08 20:27:21.425 15019 15036 D M_InsDal: Lcom/csipsimple/service/SipService$1;--->getCurrentMediaState()Lcom/csipsimple/api/MediaState;
06-08 20:27:21.425 15019 15036 D M_InsDal: Lcom/csipsimple/api/MediaState;---><init>()V
06-08 20:27:21.425 15019 15036 D M_InsDal: Lcom/csipsimple/api/MediaState;--->writeToParcel(Landroid/os/Parcel;I)V
06-08 20:27:21.425 15000 15000 D M_InsDal: Lcom/csipsimple/api/MediaState$1;--->createFromParcel(Landroid/os/Parcel;)Lcom/csipsimple/api/MediaState;
06-08 20:27:21.425 15000 15000 D M_InsDal: Lcom/csipsimple/api/MediaState;---><init>(Landroid/os/Parcel;)V
06-08 20:27:21.425 15000 15000 D M_InsDal: Lcom/csipsimple/api/ISipService$Stub$Proxy;--->confAdjustRxLevel(IF)V
06-08 20:27:21.426 15019 15036 D M_InsDal: Lcom/csipsimple/service/SipService$1;--->confAdjustRxLevel(IF)V
06-08 20:27:21.426 15019 15036 D M_InsDal: Lcom/csipsimple/service/SipService;--->getExecutor()Lcom/csipsimple/service/SipService$SipServiceExecutor;
06-08 20:27:21.426 15019 15036 D M_InsDal: Lcom/csipsimple/service/SipService$1$18;---><init>(Lcom/csipsimple/service/SipService$1;IF)V
06-08 20:27:21.426 15019 15036 D M_InsDal: Lcom/csipsimple/service/SipService$SipRunnable;---><init>()V
06-08 20:27:21.426 15019 15036 D M_InsDal: Lcom/csipsimple/service/SipService$SipServiceExecutor;--->execute(Ljava/lang/Runnable;)V
06-08 20:27:21.426 15019 15036 D M_InsDal: Lcom/csipsimple/service/SipWakeLock;--->acquire(Ljava/lang/Object;)V
06-08 20:27:21.427 15019 15036 D M_InsDal: Lcom/csipsimple/utils/Log;--->v(Ljava/lang/String;Ljava/lang/String;)V
06-08 20:27:21.427 15019 15038 D M_InsDal: Lcom/csipsimple/service/SipService$SipServiceExecutor;--->handleMessage(Landroid/os/Message;)V
06-08 20:27:21.427 15019 15038 D M_InsDal: Lcom/csipsimple/service/SipService$SipServiceExecutor;--->executeInternal(Ljava/lang/Runnable;)V
06-08 20:27:21.427 15000 15000 D M_InsDal: Lcom/csipsimple/api/SipConfigManager;--->setPreferenceFloatValue(Landroid/content/Context;Ljava/lang/String;Ljava/lang/Float;)V
06-08 20:27:21.427 15019 15038 D M_InsDal: Lcom/csipsimple/service/SipService$SipRunnable;--->run()V
06-08 20:27:21.427 15000 15000 D M_InsDal: Lcom/csipsimple/api/SipConfigManager;--->getPrefUriForKey(Ljava/lang/String;)Landroid/net/Uri;
06-08 20:27:21.427 15019 15038 D M_InsDal: Lcom/csipsimple/service/SipService$1$18;--->doRun()V
06-08 20:27:21.427 15019 15038 D M_InsDal: Lcom/csipsimple/service/SipWakeLock;--->release(Ljava/lang/Object;)V
06-08 20:27:21.427 15000 15000 D M_InsDal: Lcom/csipsimple/service/PreferenceProvider;--->update(Landroid/net/Uri;Landroid/content/ContentValues;Ljava/lang/String;[Ljava/lang/String;)I
06-08 20:27:21.427 15000 15000 D M_InsDal: Lcom/csipsimple/utils/PreferencesWrapper;--->setPreferenceFloatValue(Ljava/lang/String;F)V
06-08 20:27:21.427 15000 15000 D M_InsDal: Lcom/csipsimple/api/SipConfigManager;--->getPreferenceBooleanValue(Landroid/content/Context;Ljava/lang/String;)Ljava/lang/Boolean;
06-08 20:27:21.427 15000 15000 D M_InsDal: Lcom/csipsimple/api/SipConfigManager;--->getPreferenceBooleanValue(Landroid/content/Context;Ljava/lang/String;Ljava/lang/Boolean;)Ljava/lang/Boolean;
06-08 20:27:21.427 15000 15000 D M_InsDal: Lcom/csipsimple/api/SipConfigManager;--->getPrefUriForKey(Ljava/lang/String;)Landroid/net/Uri;
06-08 20:27:21.427 15000 15000 D M_InsDal: Lcom/csipsimple/service/PreferenceProvider;--->query(Landroid/net/Uri;[Ljava/lang/String;Ljava/lang/String;[Ljava/lang/String;Ljava/lang/String;)Landroid/database/Cursor;
06-08 20:27:21.427 15000 15000 D M_InsDal: Lcom/csipsimple/utils/PreferencesWrapper;--->getPreferenceBooleanValue(Ljava/lang/String;)Ljava/lang/Boolean;
06-08 20:27:21.427 15000 15000 D M_InsDal: Lcom/csipsimple/utils/PreferencesWrapper;--->gPrefBooleanValue(Landroid/content/SharedPreferences;Ljava/lang/String;)Ljava/lang/Boolean;
06-08 20:27:21.427 15019 15038 D M_InsDal: Lcom/csipsimple/utils/Log;--->v(Ljava/lang/String;Ljava/lang/String;)V
06-08 20:27:21.428 15000 15000 D M_InsDal: Lcom/csipsimple/ui/incall/InCallMediaControl;--->onCheckedChanged(Landroid/widget/CompoundButton;Z)V
06-08 20:27:21.428 15000 15000 D M_InsDal: Lcom/csipsimple/api/ISipService$Stub$Proxy;--->setEchoCancellation(Z)V
06-08 20:27:21.428 15019 15036 D M_InsDal: Lcom/csipsimple/service/SipService$1;--->setEchoCancellation(Z)V
06-08 20:27:21.428 15000 15000 D M_InsDal: Lcom/csipsimple/api/SipConfigManager;--->setPreferenceBooleanValue(Landroid/content/Context;Ljava/lang/String;Z)V
06-08 20:27:21.428 15000 15000 D M_InsDal: Lcom/csipsimple/api/SipConfigManager;--->getPrefUriForKey(Ljava/lang/String;)Landroid/net/Uri;
06-08 20:27:21.428 15000 15000 D M_InsDal: Lcom/csipsimple/service/PreferenceProvider;--->update(Landroid/net/Uri;Landroid/content/ContentValues;Ljava/lang/String;[Ljava/lang/String;)I
06-08 20:27:21.428 15000 15000 D M_InsDal: Lcom/csipsimple/utils/PreferencesWrapper;--->setPreferenceBooleanValue(Ljava/lang/String;Z)V
06-08 20:27:21.454 15000 15018 D M_InsDal: Lcom/csipsimple/api/ISipService$Stub$Proxy;--->confGetRxTxLevel(I)J
06-08 20:27:21.454 15019 15036 D M_InsDal: Lcom/csipsimple/service/SipService$1;--->confGetRxTxLevel(I)J
06-08 20:27:21.454 15019 15036 D M_InsDal: Lcom/csipsimple/service/SipService$1$28;---><init>(Lcom/csipsimple/service/SipService$1;Lcom/csipsimple/service/SipService;I)V
06-08 20:27:21.454 15019 15036 D M_InsDal: Lcom/csipsimple/service/SipService$ReturnRunnable;---><init>(Lcom/csipsimple/service/SipService;)V
06-08 20:27:21.454 15019 15036 D M_InsDal: Lcom/csipsimple/service/SipService$SipRunnable;---><init>()V
06-08 20:27:21.454 15019 15036 D M_InsDal: Lcom/csipsimple/service/SipService;--->getExecutor()Lcom/csipsimple/service/SipService$SipServiceExecutor;
06-08 20:27:21.454 15019 15036 D M_InsDal: Lcom/csipsimple/service/SipService$SipServiceExecutor;--->execute(Ljava/lang/Runnable;)V
06-08 20:27:21.454 15019 15036 D M_InsDal: Lcom/csipsimple/service/SipWakeLock;--->acquire(Ljava/lang/Object;)V
06-08 20:27:21.455 15019 15036 D M_InsDal: Lcom/csipsimple/utils/Log;--->v(Ljava/lang/String;Ljava/lang/String;)V
06-08 20:27:21.455 15019 15036 D M_InsDal: Lcom/csipsimple/service/SipService$ReturnRunnable;--->getResult()Ljava/lang/Object;
06-08 20:27:21.455 15019 15038 D M_InsDal: Lcom/csipsimple/service/SipService$SipServiceExecutor;--->handleMessage(Landroid/os/Message;)V
06-08 20:27:21.455 15019 15038 D M_InsDal: Lcom/csipsimple/service/SipService$SipServiceExecutor;--->executeInternal(Ljava/lang/Runnable;)V
06-08 20:27:21.455 15019 15038 D M_InsDal: Lcom/csipsimple/service/SipService$SipRunnable;--->run()V
06-08 20:27:21.455 15019 15038 D M_InsDal: Lcom/csipsimple/service/SipService$ReturnRunnable;--->doRun()V
06-08 20:27:21.455 15019 15038 D M_InsDal: Lcom/csipsimple/service/SipService$1$28;--->runWithReturn()Ljava/lang/Object;
06-08 20:27:21.456 15019 15038 D M_InsDal: Lcom/csipsimple/utils/Log;--->e(Ljava/lang/String;Ljava/lang/String;Ljava/lang/Throwable;)V
06-08 20:27:21.456 15019 15038 D M_InsDal: Lcom/csipsimple/service/SipWakeLock;--->release(Ljava/lang/Object;)V
06-08 20:27:21.457 15019 15038 D M_InsDal: Lcom/csipsimple/utils/Log;--->v(Ljava/lang/String;Ljava/lang/String;)V
06-08 20:27:32.713 15019 15019 D M_InsDal: Lcom/csipsimple/service/SipService;--->onDestroy()V
06-08 20:27:32.713 15019 15019 D M_InsDal: Lcom/csipsimple/utils/Log;--->i(Ljava/lang/String;Ljava/lang/String;)V
06-08 20:27:32.713 15019 15019 D M_InsDal: Lcom/csipsimple/service/SipService;--->unregisterBroadcasts()V
06-08 20:27:32.713 15019 15019 D M_InsDal: Lcom/csipsimple/service/SipNotifications;--->onServiceDestroy()V
06-08 20:27:32.713 15019 15019 D M_InsDal: Lcom/csipsimple/service/SipNotifications;--->cancelAll()V
06-08 20:27:32.713 15019 15019 D M_InsDal: Lcom/csipsimple/service/SipNotifications;--->cancelRegisters()V
06-08 20:27:32.713 15019 15019 D M_InsDal: Lcom/csipsimple/service/SipNotifications;--->stopForegroundCompat(I)V
06-08 20:27:32.713 15019 15019 D M_InsDal: Lcom/csipsimple/service/SipNotifications;--->invokeMethod(Ljava/lang/reflect/Method;[Ljava/lang/Object;)V
