--------- beginning of main
--------- beginning of system
06-08 20:07:52.107 10688 10688 D M_InsDal: Lcom/csipsimple/service/PreferenceProvider;---><clinit>()V
06-08 20:07:52.107 10688 10688 D M_InsDal: Lcom/csipsimple/service/PreferenceProvider;---><init>()V
06-08 20:07:52.107 10688 10688 D M_InsDal: Lcom/csipsimple/service/PreferenceProvider;--->onCreate()Z
06-08 20:07:52.107 10688 10688 D M_InsDal: Lcom/csipsimple/utils/PreferencesWrapper;---><clinit>()V
06-08 20:07:52.107 10688 10688 D M_InsDal: Lcom/csipsimple/utils/PreferencesWrapper$1;---><init>()V
06-08 20:07:52.107 10688 10688 D M_InsDal: Lcom/csipsimple/utils/CustomDistribution;--->getUserAgent()Ljava/lang/String;
06-08 20:07:52.108 10688 10688 D M_InsDal: Lcom/csipsimple/utils/PreferencesWrapper$2;---><init>()V
06-08 20:07:52.108 10688 10688 D M_InsDal: Lcom/csipsimple/utils/PreferencesWrapper$3;---><init>()V
06-08 20:07:52.108 10688 10688 D M_InsDal: Lcom/csipsimple/utils/PreferencesWrapper;---><init>(Landroid/content/Context;)V
06-08 20:07:52.108 10688 10688 D M_InsDal: Lcom/csipsimple/utils/PreferencesWrapper;--->needUpgrade()Ljava/lang/Integer;
06-08 20:07:52.108 10688 10688 D M_InsDal: Lcom/csipsimple/utils/PreferencesProviderWrapper;--->getCurrentPackageInfos(Landroid/content/Context;)Landroid/content/pm/PackageInfo;
06-08 20:07:52.109 10688 10688 D M_InsDal: Lcom/csipsimple/utils/Log;---><clinit>()V
06-08 20:07:52.109 10688 10688 D M_InsDal: Lcom/csipsimple/utils/Log;--->d(Ljava/lang/String;Ljava/lang/String;)V
06-08 20:07:52.109 10688 10688 D M_InsDal: Lcom/csipsimple/utils/Log;--->d(Ljava/lang/String;Ljava/lang/String;)V
06-08 20:07:52.109 10688 10688 D M_InsDal: Lcom/csipsimple/utils/Compatibility;--->getApiLevel()I
06-08 20:07:52.112 10688 10688 D M_InsDal: Lcom/csipsimple/ui/SipHome;---><init>()V
06-08 20:07:52.112 10688 10688 D M_InsDal: Lcom/csipsimple/ui/SipHome$1;---><init>(Lcom/csipsimple/ui/SipHome;)V
06-08 20:07:52.113 10688 10688 D M_InsDal: Lcom/csipsimple/ui/SipHome;--->onCreate(Landroid/os/Bundle;)V
06-08 20:07:52.114 10688 10688 D M_InsDal: Lcom/csipsimple/utils/PreferencesProviderWrapper;---><init>(Landroid/content/Context;)V
06-08 20:07:52.124 10688 10688 D M_InsDal: Lcom/csipsimple/utils/CustomDistribution;--->supportMessaging()Z
06-08 20:07:52.124 10688 10688 D M_InsDal: Lcom/csipsimple/ui/SipHome$TabsAdapter;---><init>(Lcom/csipsimple/ui/SipHome;Landroid/support/v4/app/FragmentActivity;Lcom/actionbarsherlock/app/ActionBar;Landroid/support/v4/view/ViewPager;)V
06-08 20:07:52.125 10688 10688 D M_InsDal: Lcom/csipsimple/ui/SipHome$TabsAdapter;--->addTab(Lcom/actionbarsherlock/app/ActionBar$Tab;Ljava/lang/Class;I)V
06-08 20:07:52.126 10688 10688 D M_InsDal: Lcom/csipsimple/ui/SipHome$TabsAdapter;--->onTabSelected(Lcom/actionbarsherlock/app/ActionBar$Tab;Landroid/support/v4/app/FragmentTransaction;)V
06-08 20:07:52.126 10688 10688 D M_InsDal: Lcom/csipsimple/ui/SipHome$TabsAdapter;--->clearDetails()V
06-08 20:07:52.126 10688 10688 D M_InsDal: Lcom/csipsimple/ui/SipHome$TabsAdapter;--->getCount()I
06-08 20:07:52.126 10688 10688 D M_InsDal: Lcom/csipsimple/ui/SipHome$TabsAdapter;--->getCount()I
06-08 20:07:52.126 10688 10688 D M_InsDal: Lcom/csipsimple/ui/SipHome$TabsAdapter;--->addTab(Lcom/actionbarsherlock/app/ActionBar$Tab;Ljava/lang/Class;I)V
06-08 20:07:52.126 10688 10688 D M_InsDal: Lcom/csipsimple/ui/SipHome$TabsAdapter;--->getCount()I
06-08 20:07:52.126 10688 10688 D M_InsDal: Lcom/csipsimple/ui/SipHome$TabsAdapter;--->getCount()I
06-08 20:07:52.126 10688 10688 D M_InsDal: Lcom/csipsimple/ui/SipHome$TabsAdapter;--->addTab(Lcom/actionbarsherlock/app/ActionBar$Tab;Ljava/lang/Class;I)V
06-08 20:07:52.126 10688 10688 D M_InsDal: Lcom/csipsimple/ui/SipHome$TabsAdapter;--->getCount()I
06-08 20:07:52.126 10688 10688 D M_InsDal: Lcom/csipsimple/ui/SipHome$TabsAdapter;--->getCount()I
06-08 20:07:52.126 10688 10688 D M_InsDal: Lcom/csipsimple/ui/SipHome$TabsAdapter;--->addTab(Lcom/actionbarsherlock/app/ActionBar$Tab;Ljava/lang/Class;I)V
06-08 20:07:52.127 10688 10688 D M_InsDal: Lcom/csipsimple/ui/SipHome$TabsAdapter;--->getCount()I
06-08 20:07:52.127 10688 10688 D M_InsDal: Lcom/csipsimple/ui/SipHome$TabsAdapter;--->getCount()I
06-08 20:07:52.127 10688 10688 D M_InsDal: Lcom/csipsimple/utils/PreferencesProviderWrapper;--->getPreferenceBooleanValue(Ljava/lang/String;)Z
06-08 20:07:52.127 10688 10688 D M_InsDal: Lcom/csipsimple/api/SipConfigManager;---><clinit>()V
06-08 20:07:52.127 10688 10688 D M_InsDal: Lcom/csipsimple/api/SipConfigManager;--->getPreferenceBooleanValue(Landroid/content/Context;Ljava/lang/String;)Ljava/lang/Boolean;
06-08 20:07:52.127 10688 10688 D M_InsDal: Lcom/csipsimple/api/SipConfigManager;--->getPreferenceBooleanValue(Landroid/content/Context;Ljava/lang/String;Ljava/lang/Boolean;)Ljava/lang/Boolean;
06-08 20:07:52.127 10688 10688 D M_InsDal: Lcom/csipsimple/api/SipConfigManager;--->getPrefUriForKey(Ljava/lang/String;)Landroid/net/Uri;
06-08 20:07:52.127 10688 10688 D M_InsDal: Lcom/csipsimple/service/PreferenceProvider;--->query(Landroid/net/Uri;[Ljava/lang/String;Ljava/lang/String;[Ljava/lang/String;Ljava/lang/String;)Landroid/database/Cursor;
06-08 20:07:52.127 10688 10688 D M_InsDal: Lcom/csipsimple/utils/PreferencesWrapper;--->getPreferenceBooleanValue(Ljava/lang/String;)Ljava/lang/Boolean;
06-08 20:07:52.127 10688 10688 D M_InsDal: Lcom/csipsimple/utils/PreferencesWrapper;--->gPrefBooleanValue(Landroid/content/SharedPreferences;Ljava/lang/String;)Ljava/lang/Boolean;
06-08 20:07:52.127 10688 10688 D M_InsDal: Lcom/csipsimple/ui/SipHome;--->selectTabWithAction(Landroid/content/Intent;)V
06-08 20:07:52.127 10688 10688 D M_InsDal: Lcom/csipsimple/ui/SipHome$TabsAdapter;--->getPositionForId(I)Ljava/lang/Integer;
06-08 20:07:52.127 10688 10688 D M_InsDal: Lcom/csipsimple/ui/SipHome$TabsAdapter;--->onTabUnselected(Lcom/actionbarsherlock/app/ActionBar$Tab;Landroid/support/v4/app/FragmentTransaction;)V
06-08 20:07:52.127 10688 10688 D M_InsDal: Lcom/csipsimple/ui/SipHome$TabsAdapter;--->onTabSelected(Lcom/actionbarsherlock/app/ActionBar$Tab;Landroid/support/v4/app/FragmentTransaction;)V
06-08 20:07:52.127 10688 10688 D M_InsDal: Lcom/csipsimple/ui/SipHome$TabsAdapter;--->clearDetails()V
06-08 20:07:52.127 10688 10688 D M_InsDal: Lcom/csipsimple/ui/SipHome$TabsAdapter;--->getCount()I
06-08 20:07:52.127 10688 10688 D M_InsDal: Lcom/csipsimple/ui/SipHome$TabsAdapter;--->getCount()I
06-08 20:07:52.127 10688 10688 D M_InsDal: Lcom/csipsimple/ui/SipHome$TabsAdapter;--->onPageSelected(I)V
06-08 20:07:52.127 10688 10688 D M_InsDal: Lcom/csipsimple/ui/SipHome$TabsAdapter;--->onTabReselected(Lcom/actionbarsherlock/app/ActionBar$Tab;Landroid/support/v4/app/FragmentTransaction;)V
06-08 20:07:52.127 10688 10688 D M_InsDal: Lcom/csipsimple/utils/PreferencesProviderWrapper;--->getLogLevel()I
06-08 20:07:52.127 10688 10688 D M_InsDal: Lcom/csipsimple/api/SipConfigManager;--->getPreferenceIntegerValue(Landroid/content/Context;Ljava/lang/String;Ljava/lang/Integer;)Ljava/lang/Integer;
06-08 20:07:52.127 10688 10688 D M_InsDal: Lcom/csipsimple/api/SipConfigManager;--->getPrefUriForKey(Ljava/lang/String;)Landroid/net/Uri;
06-08 20:07:52.127 10688 10688 D M_InsDal: Lcom/csipsimple/service/PreferenceProvider;--->query(Landroid/net/Uri;[Ljava/lang/String;Ljava/lang/String;[Ljava/lang/String;Ljava/lang/String;)Landroid/database/Cursor;
06-08 20:07:52.127 10688 10688 D M_InsDal: Lcom/csipsimple/utils/PreferencesWrapper;--->getPreferenceIntegerValue(Ljava/lang/String;)Ljava/lang/Integer;
06-08 20:07:52.127 10688 10688 D M_InsDal: Lcom/csipsimple/utils/PreferencesWrapper;--->getPreferenceStringValue(Ljava/lang/String;)Ljava/lang/String;
06-08 20:07:52.127 10688 10688 D M_InsDal: Lcom/csipsimple/utils/PreferencesWrapper;--->gPrefStringValue(Landroid/content/SharedPreferences;Ljava/lang/String;)Ljava/lang/String;
06-08 20:07:52.127 10688 10688 D M_InsDal: Lcom/csipsimple/utils/Log;--->setLogLevel(I)V
06-08 20:07:52.127 10688 10688 D M_InsDal: Lcom/csipsimple/ui/SipHome$2;---><init>(Lcom/csipsimple/ui/SipHome;)V
06-08 20:07:52.128 10688 10706 D M_InsDal: Lcom/csipsimple/ui/SipHome$2;--->run()V
06-08 20:07:52.128 10688 10706 D M_InsDal: Lcom/csipsimple/ui/SipHome;--->asyncSanityCheck()V
06-08 20:07:52.128 10688 10706 D M_InsDal: Lcom/csipsimple/utils/NightlyUpdater;--->isNightlyBuild(Landroid/content/Context;)Z
06-08 20:07:52.128 10688 10706 D M_InsDal: Lcom/csipsimple/utils/NightlyUpdater;--->getApplicationMetaData(Landroid/content/Context;)Landroid/os/Bundle;
06-08 20:07:52.128 10688 10706 D M_InsDal: Lcom/csipsimple/ui/warnings/WarningUtils;---><clinit>()V
06-08 20:07:52.128 10688 10706 D M_InsDal: Lcom/csipsimple/ui/warnings/WarningUtils;--->shouldWarnPrivilegedIntent(Landroid/content/Context;Lcom/csipsimple/utils/PreferencesProviderWrapper;)Z
06-08 20:07:52.128 10688 10706 D M_InsDal: Lcom/csipsimple/ui/warnings/WarningUtils;--->getIgnoreKey(Ljava/lang/String;)Ljava/lang/String;
06-08 20:07:52.128 10688 10706 D M_InsDal: Lcom/csipsimple/utils/PreferencesProviderWrapper;--->getPreferenceBooleanValue(Ljava/lang/String;Z)Z
06-08 20:07:52.128 10688 10706 D M_InsDal: Lcom/csipsimple/api/SipConfigManager;--->getPreferenceBooleanValue(Landroid/content/Context;Ljava/lang/String;Ljava/lang/Boolean;)Ljava/lang/Boolean;
06-08 20:07:52.128 10688 10706 D M_InsDal: Lcom/csipsimple/api/SipConfigManager;--->getPrefUriForKey(Ljava/lang/String;)Landroid/net/Uri;
06-08 20:07:52.128 10688 10706 D M_InsDal: Lcom/csipsimple/service/PreferenceProvider;--->query(Landroid/net/Uri;[Ljava/lang/String;Ljava/lang/String;[Ljava/lang/String;Ljava/lang/String;)Landroid/database/Cursor;
06-08 20:07:52.129 10688 10706 D M_InsDal: Lcom/csipsimple/utils/PreferencesWrapper;--->getPreferenceBooleanValue(Ljava/lang/String;)Ljava/lang/Boolean;
06-08 20:07:52.129 10688 10706 D M_InsDal: Lcom/csipsimple/utils/PreferencesWrapper;--->gPrefBooleanValue(Landroid/content/SharedPreferences;Ljava/lang/String;)Ljava/lang/Boolean;
06-08 20:07:52.129 10688 10706 D M_InsDal: Lcom/csipsimple/utils/PreferencesProviderWrapper;--->getPreferenceBooleanValue(Ljava/lang/String;Z)Z
06-08 20:07:52.129 10688 10706 D M_InsDal: Lcom/csipsimple/api/SipConfigManager;--->getPreferenceBooleanValue(Landroid/content/Context;Ljava/lang/String;Ljava/lang/Boolean;)Ljava/lang/Boolean;
06-08 20:07:52.129 10688 10706 D M_InsDal: Lcom/csipsimple/api/SipConfigManager;--->getPrefUriForKey(Ljava/lang/String;)Landroid/net/Uri;
06-08 20:07:52.129 10688 10706 D M_InsDal: Lcom/csipsimple/service/PreferenceProvider;--->query(Landroid/net/Uri;[Ljava/lang/String;Ljava/lang/String;[Ljava/lang/String;Ljava/lang/String;)Landroid/database/Cursor;
06-08 20:07:52.129 10688 10706 D M_InsDal: Lcom/csipsimple/utils/PreferencesWrapper;--->getPreferenceBooleanValue(Ljava/lang/String;)Ljava/lang/Boolean;
06-08 20:07:52.129 10688 10706 D M_InsDal: Lcom/csipsimple/utils/PreferencesWrapper;--->gPrefBooleanValue(Landroid/content/SharedPreferences;Ljava/lang/String;)Ljava/lang/Boolean;
06-08 20:07:52.129 10688 10706 D M_InsDal: Lcom/csipsimple/utils/PhoneCapabilityTester;---><clinit>()V
06-08 20:07:52.129 10688 10706 D M_InsDal: Lcom/csipsimple/utils/PhoneCapabilityTester;--->isPhone(Landroid/content/Context;)Z
06-08 20:07:52.129 10688 10706 D M_InsDal: Lcom/csipsimple/utils/PhoneCapabilityTester;--->initialize(Landroid/content/Context;)V
06-08 20:07:52.129 10688 10688 D M_InsDal: Lcom/csipsimple/ui/SipHome;--->onResume()V
06-08 20:07:52.129 10688 10688 D M_InsDal: Lcom/csipsimple/utils/Log;--->d(Ljava/lang/String;Ljava/lang/String;)V
06-08 20:07:52.130 10688 10706 D M_InsDal: Lcom/csipsimple/utils/PhoneCapabilityTester;--->getPriviledgedIntent(Ljava/lang/String;)Landroid/content/Intent;
06-08 20:07:52.130 10688 10688 D M_InsDal: Lcom/csipsimple/utils/PreferencesProviderWrapper;--->setPreferenceBooleanValue(Ljava/lang/String;Z)V
06-08 20:07:52.130 10688 10688 D M_InsDal: Lcom/csipsimple/api/SipConfigManager;--->setPreferenceBooleanValue(Landroid/content/Context;Ljava/lang/String;Z)V
06-08 20:07:52.130 10688 10706 D M_InsDal: Lcom/csipsimple/utils/PhoneCapabilityTester;--->getPossibleActivities(Landroid/content/Context;Landroid/content/Intent;)Ljava/util/List;
06-08 20:07:52.130 10688 10688 D M_InsDal: Lcom/csipsimple/api/SipConfigManager;--->getPrefUriForKey(Ljava/lang/String;)Landroid/net/Uri;
06-08 20:07:52.130 10688 10688 D M_InsDal: Lcom/csipsimple/service/PreferenceProvider;--->update(Landroid/net/Uri;Landroid/content/ContentValues;Ljava/lang/String;[Ljava/lang/String;)I
06-08 20:07:52.130 10688 10688 D M_InsDal: Lcom/csipsimple/utils/PreferencesWrapper;--->setPreferenceBooleanValue(Ljava/lang/String;Z)V
06-08 20:07:52.130 10688 10688 D M_InsDal: Lcom/csipsimple/ui/SipHome;--->sendFragmentVisibilityChange(IZ)V
06-08 20:07:52.130 10688 10688 D M_InsDal: Lcom/csipsimple/ui/SipHome;--->getFragmentAt(I)Landroid/support/v4/app/Fragment;
06-08 20:07:52.130 10688 10688 D M_InsDal: Lcom/csipsimple/ui/SipHome$TabsAdapter;--->getIdForPosition(I)Ljava/lang/Integer;
06-08 20:07:52.130 10688 10688 D M_InsDal: Lcom/csipsimple/utils/Log;--->d(Ljava/lang/String;Ljava/lang/String;)V
06-08 20:07:52.130 10688 10688 D M_InsDal: Lcom/csipsimple/ui/SipHome;--->startSipService()V
06-08 20:07:52.130 10688 10688 D M_InsDal: Lcom/csipsimple/ui/SipHome$3;---><init>(Lcom/csipsimple/ui/SipHome;Ljava/lang/String;)V
06-08 20:07:52.130 10688 10688 D M_InsDal: Lcom/csipsimple/ui/SipHome;--->applyTheme()V
06-08 20:07:52.130 10688 10688 D M_InsDal: Lcom/csipsimple/utils/Theme;--->getCurrentTheme(Landroid/content/Context;)Lcom/csipsimple/utils/Theme;
06-08 20:07:52.130 10688 10688 D M_InsDal: Lcom/csipsimple/api/SipConfigManager;--->getPreferenceStringValue(Landroid/content/Context;Ljava/lang/String;)Ljava/lang/String;
06-08 20:07:52.130 10688 10688 D M_InsDal: Lcom/csipsimple/api/SipConfigManager;--->getPreferenceStringValue(Landroid/content/Context;Ljava/lang/String;Ljava/lang/String;)Ljava/lang/String;
06-08 20:07:52.130 10688 10688 D M_InsDal: Lcom/csipsimple/api/SipConfigManager;--->getPrefUriForKey(Ljava/lang/String;)Landroid/net/Uri;
06-08 20:07:52.130 10688 10707 D M_InsDal: Lcom/csipsimple/ui/SipHome$3;--->run()V
06-08 20:07:52.130 10688 10688 D M_InsDal: Lcom/csipsimple/service/PreferenceProvider;--->query(Landroid/net/Uri;[Ljava/lang/String;Ljava/lang/String;[Ljava/lang/String;Ljava/lang/String;)Landroid/database/Cursor;
06-08 20:07:52.130 10688 10706 D M_InsDal: Lcom/csipsimple/utils/PhoneCapabilityTester;--->resolveActivitiesForPriviledgedCall(Landroid/content/Context;)Ljava/util/List;
06-08 20:07:52.130 10688 10706 D M_InsDal: Lcom/csipsimple/ui/SipHome;--->applyWarning(Ljava/lang/String;Z)V
06-08 20:07:52.130 10688 10688 D M_InsDal: Lcom/csipsimple/utils/PreferencesWrapper;--->getPreferenceStringValue(Ljava/lang/String;)Ljava/lang/String;
06-08 20:07:52.130 10688 10688 D M_InsDal: Lcom/csipsimple/utils/PreferencesWrapper;--->gPrefStringValue(Landroid/content/SharedPreferences;Ljava/lang/String;)Ljava/lang/String;
06-08 20:07:52.130 10688 10706 D M_InsDal: Lcom/csipsimple/ui/warnings/WarningUtils;--->shouldWarnNoStun(Lcom/csipsimple/utils/PreferencesProviderWrapper;)Z
06-08 20:07:52.130 10688 10706 D M_InsDal: Lcom/csipsimple/ui/warnings/WarningUtils;--->getIgnoreKey(Ljava/lang/String;)Ljava/lang/String;
06-08 20:07:52.130 10688 10706 D M_InsDal: Lcom/csipsimple/utils/PreferencesProviderWrapper;--->getPreferenceBooleanValue(Ljava/lang/String;Z)Z
06-08 20:07:52.130 10688 10706 D M_InsDal: Lcom/csipsimple/api/SipConfigManager;--->getPreferenceBooleanValue(Landroid/content/Context;Ljava/lang/String;Ljava/lang/Boolean;)Ljava/lang/Boolean;
06-08 20:07:52.130 10688 10706 D M_InsDal: Lcom/csipsimple/api/SipConfigManager;--->getPrefUriForKey(Ljava/lang/String;)Landroid/net/Uri;
06-08 20:07:52.130 10688 10706 D M_InsDal: Lcom/csipsimple/service/PreferenceProvider;--->query(Landroid/net/Uri;[Ljava/lang/String;Ljava/lang/String;[Ljava/lang/String;Ljava/lang/String;)Landroid/database/Cursor;
06-08 20:07:52.130 10688 10706 D M_InsDal: Lcom/csipsimple/utils/PreferencesWrapper;--->getPreferenceBooleanValue(Ljava/lang/String;)Ljava/lang/Boolean;
06-08 20:07:52.130 10688 10706 D M_InsDal: Lcom/csipsimple/utils/PreferencesWrapper;--->gPrefBooleanValue(Landroid/content/SharedPreferences;Ljava/lang/String;)Ljava/lang/Boolean;
06-08 20:07:52.130 10688 10706 D M_InsDal: Lcom/csipsimple/utils/PreferencesProviderWrapper;--->getPreferenceBooleanValue(Ljava/lang/String;)Z
06-08 20:07:52.130 10688 10706 D M_InsDal: Lcom/csipsimple/api/SipConfigManager;--->getPreferenceBooleanValue(Landroid/content/Context;Ljava/lang/String;)Ljava/lang/Boolean;
06-08 20:07:52.130 10688 10706 D M_InsDal: Lcom/csipsimple/api/SipConfigManager;--->getPreferenceBooleanValue(Landroid/content/Context;Ljava/lang/String;Ljava/lang/Boolean;)Ljava/lang/Boolean;
06-08 20:07:52.130 10688 10706 D M_InsDal: Lcom/csipsimple/api/SipConfigManager;--->getPrefUriForKey(Ljava/lang/String;)Landroid/net/Uri;
06-08 20:07:52.130 10688 10706 D M_InsDal: Lcom/csipsimple/service/PreferenceProvider;--->query(Landroid/net/Uri;[Ljava/lang/String;Ljava/lang/String;[Ljava/lang/String;Ljava/lang/String;)Landroid/database/Cursor;
06-08 20:07:52.130 10688 10706 D M_InsDal: Lcom/csipsimple/utils/PreferencesWrapper;--->getPreferenceBooleanValue(Ljava/lang/String;)Ljava/lang/Boolean;
06-08 20:07:52.130 10688 10706 D M_InsDal: Lcom/csipsimple/utils/PreferencesWrapper;--->gPrefBooleanValue(Landroid/content/SharedPreferences;Ljava/lang/String;)Ljava/lang/Boolean;
06-08 20:07:52.131 10688 10706 D M_InsDal: Lcom/csipsimple/utils/PreferencesProviderWrapper;--->getPreferenceBooleanValue(Ljava/lang/String;)Z
06-08 20:07:52.131 10688 10706 D M_InsDal: Lcom/csipsimple/api/SipConfigManager;--->getPreferenceBooleanValue(Landroid/content/Context;Ljava/lang/String;)Ljava/lang/Boolean;
06-08 20:07:52.131 10688 10706 D M_InsDal: Lcom/csipsimple/api/SipConfigManager;--->getPreferenceBooleanValue(Landroid/content/Context;Ljava/lang/String;Ljava/lang/Boolean;)Ljava/lang/Boolean;
06-08 20:07:52.131 10688 10706 D M_InsDal: Lcom/csipsimple/api/SipConfigManager;--->getPrefUriForKey(Ljava/lang/String;)Landroid/net/Uri;
06-08 20:07:52.131 10688 10706 D M_InsDal: Lcom/csipsimple/service/PreferenceProvider;--->query(Landroid/net/Uri;[Ljava/lang/String;Ljava/lang/String;[Ljava/lang/String;Ljava/lang/String;)Landroid/database/Cursor;
06-08 20:07:52.131 10688 10706 D M_InsDal: Lcom/csipsimple/utils/PreferencesWrapper;--->getPreferenceBooleanValue(Ljava/lang/String;)Ljava/lang/Boolean;
06-08 20:07:52.131 10688 10706 D M_InsDal: Lcom/csipsimple/utils/PreferencesWrapper;--->gPrefBooleanValue(Landroid/content/SharedPreferences;Ljava/lang/String;)Ljava/lang/Boolean;
06-08 20:07:52.131 10688 10706 D M_InsDal: Lcom/csipsimple/ui/SipHome;--->applyWarning(Ljava/lang/String;Z)V
06-08 20:07:52.131 10688 10706 D M_InsDal: Lcom/csipsimple/ui/warnings/WarningUtils;--->shouldWarnVpnIcs(Lcom/csipsimple/utils/PreferencesProviderWrapper;)Z
06-08 20:07:52.131 10688 10706 D M_InsDal: Lcom/csipsimple/ui/warnings/WarningUtils;--->getIgnoreKey(Ljava/lang/String;)Ljava/lang/String;
06-08 20:07:52.131 10688 10706 D M_InsDal: Lcom/csipsimple/utils/PreferencesProviderWrapper;--->getPreferenceBooleanValue(Ljava/lang/String;Z)Z
06-08 20:07:52.131 10688 10706 D M_InsDal: Lcom/csipsimple/api/SipConfigManager;--->getPreferenceBooleanValue(Landroid/content/Context;Ljava/lang/String;Ljava/lang/Boolean;)Ljava/lang/Boolean;
06-08 20:07:52.131 10688 10706 D M_InsDal: Lcom/csipsimple/api/SipConfigManager;--->getPrefUriForKey(Ljava/lang/String;)Landroid/net/Uri;
06-08 20:07:52.131 10688 10706 D M_InsDal: Lcom/csipsimple/service/PreferenceProvider;--->query(Landroid/net/Uri;[Ljava/lang/String;Ljava/lang/String;[Ljava/lang/String;Ljava/lang/String;)Landroid/database/Cursor;
06-08 20:07:52.131 10688 10706 D M_InsDal: Lcom/csipsimple/utils/PreferencesWrapper;--->getPreferenceBooleanValue(Ljava/lang/String;)Ljava/lang/Boolean;
06-08 20:07:52.131 10688 10706 D M_InsDal: Lcom/csipsimple/utils/PreferencesWrapper;--->gPrefBooleanValue(Landroid/content/SharedPreferences;Ljava/lang/String;)Ljava/lang/Boolean;
06-08 20:07:52.131 10688 10706 D M_InsDal: Lcom/csipsimple/utils/Compatibility;--->isCompatible(I)Z
06-08 20:07:52.131 10688 10706 D M_InsDal: Lcom/csipsimple/utils/PreferencesProviderWrapper;--->getPreferenceIntegerValue(Ljava/lang/String;)I
06-08 20:07:52.131 10688 10706 D M_InsDal: Lcom/csipsimple/api/SipConfigManager;--->getPreferenceIntegerValue(Landroid/content/Context;Ljava/lang/String;)Ljava/lang/Integer;
06-08 20:07:52.131 10688 10706 D M_InsDal: Lcom/csipsimple/api/SipConfigManager;--->getPreferenceIntegerValue(Landroid/content/Context;Ljava/lang/String;Ljava/lang/Integer;)Ljava/lang/Integer;
06-08 20:07:52.131 10688 10706 D M_InsDal: Lcom/csipsimple/api/SipConfigManager;--->getPrefUriForKey(Ljava/lang/String;)Landroid/net/Uri;
06-08 20:07:52.131 10688 10706 D M_InsDal: Lcom/csipsimple/service/PreferenceProvider;--->query(Landroid/net/Uri;[Ljava/lang/String;Ljava/lang/String;[Ljava/lang/String;Ljava/lang/String;)Landroid/database/Cursor;
06-08 20:07:52.131 10688 10706 D M_InsDal: Lcom/csipsimple/utils/PreferencesWrapper;--->getPreferenceIntegerValue(Ljava/lang/String;)Ljava/lang/Integer;
06-08 20:07:52.131 10688 10706 D M_InsDal: Lcom/csipsimple/utils/PreferencesWrapper;--->getPreferenceStringValue(Ljava/lang/String;)Ljava/lang/String;
06-08 20:07:52.131 10688 10706 D M_InsDal: Lcom/csipsimple/utils/PreferencesWrapper;--->gPrefStringValue(Landroid/content/SharedPreferences;Ljava/lang/String;)Ljava/lang/String;
06-08 20:07:52.131 10688 10706 D M_InsDal: Lcom/csipsimple/utils/PreferencesProviderWrapper;--->getSystemProp(Ljava/lang/String;)Ljava/lang/String;
06-08 20:07:52.131 10688 10707 D M_InsDal: Lcom/csipsimple/ui/SipHome;--->postStartSipService()V
06-08 20:07:52.131 10688 10707 D M_InsDal: Lcom/csipsimple/utils/CustomDistribution;--->showFirstSettingScreen()Z
06-08 20:07:52.131 10688 10707 D M_InsDal: Lcom/csipsimple/utils/PreferencesProviderWrapper;--->getPreferenceBooleanValue(Ljava/lang/String;Z)Z
06-08 20:07:52.131 10688 10707 D M_InsDal: Lcom/csipsimple/api/SipConfigManager;--->getPreferenceBooleanValue(Landroid/content/Context;Ljava/lang/String;Ljava/lang/Boolean;)Ljava/lang/Boolean;
06-08 20:07:52.131 10688 10707 D M_InsDal: Lcom/csipsimple/api/SipConfigManager;--->getPrefUriForKey(Ljava/lang/String;)Landroid/net/Uri;
06-08 20:07:52.131 10688 10707 D M_InsDal: Lcom/csipsimple/service/PreferenceProvider;--->query(Landroid/net/Uri;[Ljava/lang/String;Ljava/lang/String;[Ljava/lang/String;Ljava/lang/String;)Landroid/database/Cursor;
06-08 20:07:52.131 10688 10707 D M_InsDal: Lcom/csipsimple/utils/PreferencesWrapper;--->getPreferenceBooleanValue(Ljava/lang/String;)Ljava/lang/Boolean;
06-08 20:07:52.131 10688 10707 D M_InsDal: Lcom/csipsimple/utils/PreferencesWrapper;--->gPrefBooleanValue(Landroid/content/SharedPreferences;Ljava/lang/String;)Ljava/lang/Boolean;
06-08 20:07:52.134 10688 10706 D M_InsDal: Lcom/csipsimple/utils/PreferencesProviderWrapper;--->getSystemProp(Ljava/lang/String;)Ljava/lang/String;
06-08 20:07:52.138 10688 10688 D M_InsDal: Lcom/csipsimple/ui/SipHome$1;--->run()V
06-08 20:07:52.138 10688 10688 D M_InsDal: Lcom/csipsimple/ui/SipHome;--->refreshWarningTabDisplay()V
06-08 20:07:52.138 10688 10688 D M_InsDal: Lcom/csipsimple/ui/SipHome$TabsAdapter;--->getPositionForId(I)Ljava/lang/Integer;
06-08 20:07:52.138 10688 10688 D M_InsDal: Lcom/csipsimple/ui/SipHome$1;--->run()V
06-08 20:07:52.138 10688 10688 D M_InsDal: Lcom/csipsimple/ui/SipHome;--->refreshWarningTabDisplay()V
06-08 20:07:52.138 10688 10688 D M_InsDal: Lcom/csipsimple/ui/SipHome$TabsAdapter;--->getPositionForId(I)Ljava/lang/Integer;
06-08 20:07:52.138 10688 10688 D M_InsDal: Lcom/csipsimple/ui/SipHome;--->onPause()V
06-08 20:07:52.138 10688 10688 D M_InsDal: Lcom/csipsimple/utils/Log;--->d(Ljava/lang/String;Ljava/lang/String;)V
06-08 20:07:52.138 10688 10706 D M_InsDal: Lcom/csipsimple/ui/SipHome;--->applyWarning(Ljava/lang/String;Z)V
06-08 20:07:52.138 10688 10706 D M_InsDal: Lcom/csipsimple/ui/warnings/WarningUtils;--->shouldWarnSDCard(Landroid/content/Context;Lcom/csipsimple/utils/PreferencesProviderWrapper;)Z
06-08 20:07:52.138 10688 10706 D M_InsDal: Lcom/csipsimple/utils/Compatibility;--->isInstalledOnSdCard(Landroid/content/Context;)Z
06-08 20:07:52.138 10688 10706 D M_InsDal: Lcom/csipsimple/utils/Compatibility;--->isCompatible(I)Z
06-08 20:07:52.138 10688 10706 D M_InsDal: Lcom/csipsimple/ui/SipHome;--->applyWarning(Ljava/lang/String;Z)V
06-08 20:07:52.140 10688 10688 D M_InsDal: Lcom/csipsimple/ui/SipHome$TabsAdapter;--->getCount()I
06-08 20:07:52.140 10688 10688 D M_InsDal: Lcom/csipsimple/ui/SipHome$TabsAdapter;--->getItem(I)Landroid/support/v4/app/Fragment;
06-08 20:07:52.140 10688 10688 D M_InsDal: Lcom/csipsimple/ui/messages/ConversationsListFragment;---><init>()V
06-08 20:07:52.140 10688 10688 D M_InsDal: Lcom/csipsimple/widgets/CSSListFragment;---><init>()V
06-08 20:07:52.140 10688 10688 D M_InsDal: Lcom/csipsimple/ui/SipHome$TabsAdapter;--->getItem(I)Landroid/support/v4/app/Fragment;
06-08 20:07:52.140 10688 10688 D M_InsDal: Lcom/csipsimple/ui/favorites/FavListFragment;---><init>()V
06-08 20:07:52.140 10688 10688 D M_InsDal: Lcom/csipsimple/widgets/CSSListFragment;---><init>()V
06-08 20:07:52.140 10688 10688 D M_InsDal: Lcom/csipsimple/ui/SipHome$TabsAdapter;--->getCount()I
06-08 20:07:52.140 10688 10688 D M_InsDal: Lcom/csipsimple/ui/SipHome;--->onAttachFragment(Landroid/support/v4/app/Fragment;)V
06-08 20:07:52.140 10688 10688 D M_InsDal: Lcom/csipsimple/ui/SipHome$TabsAdapter;--->getIdForPosition(I)Ljava/lang/Integer;
06-08 20:07:52.140 10688 10688 D M_InsDal: Lcom/csipsimple/ui/messages/ConversationsListFragment;--->onVisibilityChanged(Z)V
06-08 20:07:52.140 10688 10688 D M_InsDal: Lcom/csipsimple/ui/messages/ConversationsListFragment;--->attachAdapter()V
06-08 20:07:52.141 10688 10688 D M_InsDal: Lcom/csipsimple/ui/messages/ConverstationsAdapter;---><clinit>()V
06-08 20:07:52.141 10688 10688 D M_InsDal: Lcom/csipsimple/ui/messages/ConverstationsAdapter;---><init>(Landroid/content/Context;Landroid/database/Cursor;)V
06-08 20:07:52.141 10688 10688 D M_InsDal: Lcom/csipsimple/ui/messages/ConversationsListFragment;--->onCreateLoader(ILandroid/os/Bundle;)Landroid/support/v4/content/Loader;
06-08 20:07:52.141 10688 10688 D M_InsDal: Lcom/csipsimple/api/SipMessage;---><clinit>()V
06-08 20:07:52.141 10688 10688 D M_InsDal: Lcom/csipsimple/ui/messages/ConversationsListFragment;--->onCreateView(Landroid/view/LayoutInflater;Landroid/view/ViewGroup;Landroid/os/Bundle;)Landroid/view/View;
06-08 20:07:52.143 10688 10688 D M_InsDal: Lcom/csipsimple/ui/messages/ConversationsListFragment$1;---><init>(Lcom/csipsimple/ui/messages/ConversationsListFragment;)V
06-08 20:07:52.144 10688 10688 D M_InsDal: Lcom/csipsimple/widgets/CheckableListItemView;---><init>(Landroid/content/Context;Landroid/util/AttributeSet;)V
06-08 20:07:52.144 10688 10688 D M_InsDal: Lcom/csipsimple/widgets/CheckableListItemView;--->requestLayout()V
06-08 20:07:52.144 10688 10688 D M_InsDal: Lcom/csipsimple/widgets/CheckableListItemView;--->requestLayout()V
06-08 20:07:52.144 10688 10688 D M_InsDal: Lcom/csipsimple/widgets/contactbadge/QuickContactBadge;---><init>(Landroid/content/Context;Landroid/util/AttributeSet;)V
06-08 20:07:52.144 10688 10688 D M_InsDal: Lcom/csipsimple/widgets/contactbadge/QuickContactBadge;---><init>(Landroid/content/Context;Landroid/util/AttributeSet;I)V
06-08 20:07:52.144 10688 10688 D M_InsDal: Lcom/csipsimple/widgets/contactbadge/QuickContactBadge$ArrowPosition;---><clinit>()V
06-08 20:07:52.145 10688 10688 D M_InsDal: Lcom/csipsimple/widgets/contactbadge/QuickContactBadge$ArrowPosition;---><init>(Ljava/lang/String;I)V
06-08 20:07:52.145 10688 10688 D M_InsDal: Lcom/csipsimple/widgets/contactbadge/QuickContactBadge$ArrowPosition;---><init>(Ljava/lang/String;I)V
06-08 20:07:52.145 10688 10688 D M_InsDal: Lcom/csipsimple/utils/Compatibility;--->isCompatible(I)Z
06-08 20:07:52.145 10688 10688 D M_InsDal: Lcom/csipsimple/widgets/contactbadge/ContactBadge5;---><init>(Landroid/content/Context;Landroid/util/AttributeSet;ILcom/csipsimple/widgets/contactbadge/QuickContactBadge;)V
06-08 20:07:52.145 10688 10688 D M_InsDal: Lcom/csipsimple/widgets/contactbadge/ContactBadgeContract;---><init>(Landroid/content/Context;Landroid/util/AttributeSet;ILcom/csipsimple/widgets/contactbadge/QuickContactBadge;)V
06-08 20:07:52.145 10688 10688 D M_InsDal: Lcom/csipsimple/widgets/contactbadge/OverlayedQuickContactBadge;---><init>(Landroid/content/Context;Landroid/util/AttributeSet;ILcom/csipsimple/widgets/contactbadge/QuickContactBadge;)V
06-08 20:07:52.146 10688 10688 D M_InsDal: Lcom/csipsimple/widgets/contactbadge/ContactBadge5;--->getImageView()Landroid/widget/ImageView;
06-08 20:07:52.146 10688 10688 D M_InsDal: Lcom/csipsimple/widgets/contactbadge/QuickContactBadge;--->setDrawable()V
06-08 20:07:52.146 10688 10688 D M_InsDal: Lcom/csipsimple/widgets/CheckableListItemView;--->requestLayout()V
06-08 20:07:52.147 10688 10688 D M_InsDal: Lcom/csipsimple/ui/messages/ConversationsListFragment;--->onViewCreated(Landroid/view/View;Landroid/os/Bundle;)V
06-08 20:07:52.147 10688 10688 D M_InsDal: Lcom/csipsimple/widgets/CSSListFragment;--->onActivityCreated(Landroid/os/Bundle;)V
06-08 20:07:52.147 10688 10688 D M_InsDal: Lcom/csipsimple/ui/messages/ConversationsListFragment;--->onActivityCreated(Landroid/os/Bundle;)V
06-08 20:07:52.147 10688 10688 D M_InsDal: Lcom/csipsimple/ui/SipHome;--->onAttachFragment(Landroid/support/v4/app/Fragment;)V
06-08 20:07:52.147 10688 10688 D M_InsDal: Lcom/csipsimple/ui/SipHome$TabsAdapter;--->getIdForPosition(I)Ljava/lang/Integer;
06-08 20:07:52.147 10688 10688 D M_InsDal: Lcom/csipsimple/ui/favorites/FavListFragment;--->onCreate(Landroid/os/Bundle;)V
06-08 20:07:52.148 10688 10688 D M_InsDal: Lcom/csipsimple/ui/favorites/FavListFragment;--->onViewCreated(Landroid/view/View;Landroid/os/Bundle;)V
06-08 20:07:52.148 10688 10688 D M_InsDal: Lcom/csipsimple/widgets/CSSListFragment;--->onActivityCreated(Landroid/os/Bundle;)V
06-08 20:07:52.148 10688 10688 D M_InsDal: Lcom/csipsimple/ui/favorites/FavListFragment;--->onActivityCreated(Landroid/os/Bundle;)V
06-08 20:07:52.152 10688 10688 D M_InsDal: Lcom/csipsimple/ui/SipHome$TabsAdapter;--->getCount()I
06-08 20:07:52.152 10688 10688 D M_InsDal: Lcom/csipsimple/ui/SipHome$TabsAdapter;--->getCount()I
06-08 20:07:52.153 10688 10688 D M_InsDal: Lcom/csipsimple/ui/SipHome$1;--->run()V
06-08 20:07:52.153 10688 10688 D M_InsDal: Lcom/csipsimple/ui/SipHome;--->refreshWarningTabDisplay()V
06-08 20:07:52.153 10688 10688 D M_InsDal: Lcom/csipsimple/ui/SipHome$TabsAdapter;--->getPositionForId(I)Ljava/lang/Integer;
06-08 20:07:52.153 10688 10688 D M_InsDal: Lcom/csipsimple/ui/SipHome$1;--->run()V
06-08 20:07:52.153 10688 10688 D M_InsDal: Lcom/csipsimple/ui/SipHome;--->refreshWarningTabDisplay()V
06-08 20:07:52.153 10688 10688 D M_InsDal: Lcom/csipsimple/ui/SipHome$TabsAdapter;--->getPositionForId(I)Ljava/lang/Integer;
06-08 20:07:52.155 10688 10688 D M_InsDal: Lcom/csipsimple/ui/prefs/PrefsFast;---><init>()V
06-08 20:07:52.156 10688 10688 D M_InsDal: Lcom/csipsimple/ui/prefs/PrefsFast;--->onCreate(Landroid/os/Bundle;)V
06-08 20:07:52.163 10688 10688 D M_InsDal: Lcom/csipsimple/ui/prefs/PrefsFast;--->updateFromPrefs()V
06-08 20:07:52.163 10688 10688 D M_InsDal: Lcom/csipsimple/api/SipConfigManager;--->getPreferenceBooleanValue(Landroid/content/Context;Ljava/lang/String;)Ljava/lang/Boolean;
06-08 20:07:52.163 10688 10688 D M_InsDal: Lcom/csipsimple/api/SipConfigManager;--->getPreferenceBooleanValue(Landroid/content/Context;Ljava/lang/String;Ljava/lang/Boolean;)Ljava/lang/Boolean;
06-08 20:07:52.163 10688 10688 D M_InsDal: Lcom/csipsimple/api/SipConfigManager;--->getPrefUriForKey(Ljava/lang/String;)Landroid/net/Uri;
06-08 20:07:52.163 10688 10688 D M_InsDal: Lcom/csipsimple/service/PreferenceProvider;--->query(Landroid/net/Uri;[Ljava/lang/String;Ljava/lang/String;[Ljava/lang/String;Ljava/lang/String;)Landroid/database/Cursor;
06-08 20:07:52.163 10688 10688 D M_InsDal: Lcom/csipsimple/utils/PreferencesWrapper;--->getPreferenceBooleanValue(Ljava/lang/String;)Ljava/lang/Boolean;
06-08 20:07:52.163 10688 10688 D M_InsDal: Lcom/csipsimple/utils/PreferencesWrapper;--->gPrefBooleanValue(Landroid/content/SharedPreferences;Ljava/lang/String;)Ljava/lang/Boolean;
06-08 20:07:52.163 10688 10688 D M_InsDal: Lcom/csipsimple/api/SipConfigManager;--->getPreferenceBooleanValue(Landroid/content/Context;Ljava/lang/String;Ljava/lang/Boolean;)Ljava/lang/Boolean;
06-08 20:07:52.163 10688 10688 D M_InsDal: Lcom/csipsimple/api/SipConfigManager;--->getPrefUriForKey(Ljava/lang/String;)Landroid/net/Uri;
06-08 20:07:52.163 10688 10688 D M_InsDal: Lcom/csipsimple/service/PreferenceProvider;--->query(Landroid/net/Uri;[Ljava/lang/String;Ljava/lang/String;[Ljava/lang/String;Ljava/lang/String;)Landroid/database/Cursor;
06-08 20:07:52.163 10688 10688 D M_InsDal: Lcom/csipsimple/utils/PreferencesWrapper;--->getPreferenceBooleanValue(Ljava/lang/String;)Ljava/lang/Boolean;
06-08 20:07:52.163 10688 10688 D M_InsDal: Lcom/csipsimple/utils/PreferencesWrapper;--->gPrefBooleanValue(Landroid/content/SharedPreferences;Ljava/lang/String;)Ljava/lang/Boolean;
06-08 20:07:52.163 10688 10688 D M_InsDal: Lcom/csipsimple/api/SipConfigManager;--->getPreferenceBooleanValue(Landroid/content/Context;Ljava/lang/String;Ljava/lang/Boolean;)Ljava/lang/Boolean;
06-08 20:07:52.163 10688 10688 D M_InsDal: Lcom/csipsimple/api/SipConfigManager;--->getPrefUriForKey(Ljava/lang/String;)Landroid/net/Uri;
06-08 20:07:52.163 10688 10688 D M_InsDal: Lcom/csipsimple/service/PreferenceProvider;--->query(Landroid/net/Uri;[Ljava/lang/String;Ljava/lang/String;[Ljava/lang/String;Ljava/lang/String;)Landroid/database/Cursor;
06-08 20:07:52.163 10688 10688 D M_InsDal: Lcom/csipsimple/utils/PreferencesWrapper;--->getPreferenceBooleanValue(Ljava/lang/String;)Ljava/lang/Boolean;
06-08 20:07:52.163 10688 10688 D M_InsDal: Lcom/csipsimple/utils/PreferencesWrapper;--->gPrefBooleanValue(Landroid/content/SharedPreferences;Ljava/lang/String;)Ljava/lang/Boolean;
06-08 20:07:52.163 10688 10688 D M_InsDal: Lcom/csipsimple/api/SipConfigManager;--->getPreferenceBooleanValue(Landroid/content/Context;Ljava/lang/String;Ljava/lang/Boolean;)Ljava/lang/Boolean;
06-08 20:07:52.163 10688 10688 D M_InsDal: Lcom/csipsimple/api/SipConfigManager;--->getPrefUriForKey(Ljava/lang/String;)Landroid/net/Uri;
06-08 20:07:52.163 10688 10688 D M_InsDal: Lcom/csipsimple/service/PreferenceProvider;--->query(Landroid/net/Uri;[Ljava/lang/String;Ljava/lang/String;[Ljava/lang/String;Ljava/lang/String;)Landroid/database/Cursor;
06-08 20:07:52.163 10688 10688 D M_InsDal: Lcom/csipsimple/utils/PreferencesWrapper;--->getPreferenceBooleanValue(Ljava/lang/String;)Ljava/lang/Boolean;
06-08 20:07:52.163 10688 10688 D M_InsDal: Lcom/csipsimple/utils/PreferencesWrapper;--->gPrefBooleanValue(Landroid/content/SharedPreferences;Ljava/lang/String;)Ljava/lang/Boolean;
06-08 20:07:52.163 10688 10688 D M_InsDal: Lcom/csipsimple/api/SipConfigManager;--->getPreferenceBooleanValue(Landroid/content/Context;Ljava/lang/String;Ljava/lang/Boolean;)Ljava/lang/Boolean;
06-08 20:07:52.163 10688 10688 D M_InsDal: Lcom/csipsimple/api/SipConfigManager;--->getPrefUriForKey(Ljava/lang/String;)Landroid/net/Uri;
06-08 20:07:52.163 10688 10688 D M_InsDal: Lcom/csipsimple/service/PreferenceProvider;--->query(Landroid/net/Uri;[Ljava/lang/String;Ljava/lang/String;[Ljava/lang/String;Ljava/lang/String;)Landroid/database/Cursor;
06-08 20:07:52.163 10688 10688 D M_InsDal: Lcom/csipsimple/utils/PreferencesWrapper;--->getPreferenceBooleanValue(Ljava/lang/String;)Ljava/lang/Boolean;
06-08 20:07:52.163 10688 10688 D M_InsDal: Lcom/csipsimple/utils/PreferencesWrapper;--->gPrefBooleanValue(Landroid/content/SharedPreferences;Ljava/lang/String;)Ljava/lang/Boolean;
06-08 20:07:52.163 10688 10688 D M_InsDal: Lcom/csipsimple/api/SipConfigManager;--->getPreferenceBooleanValue(Landroid/content/Context;Ljava/lang/String;Ljava/lang/Boolean;)Ljava/lang/Boolean;
06-08 20:07:52.163 10688 10688 D M_InsDal: Lcom/csipsimple/api/SipConfigManager;--->getPrefUriForKey(Ljava/lang/String;)Landroid/net/Uri;
06-08 20:07:52.163 10688 10688 D M_InsDal: Lcom/csipsimple/service/PreferenceProvider;--->query(Landroid/net/Uri;[Ljava/lang/String;Ljava/lang/String;[Ljava/lang/String;Ljava/lang/String;)Landroid/database/Cursor;
06-08 20:07:52.163 10688 10688 D M_InsDal: Lcom/csipsimple/utils/PreferencesWrapper;--->getPreferenceBooleanValue(Ljava/lang/String;)Ljava/lang/Boolean;
06-08 20:07:52.163 10688 10688 D M_InsDal: Lcom/csipsimple/utils/PreferencesWrapper;--->gPrefBooleanValue(Landroid/content/SharedPreferences;Ljava/lang/String;)Ljava/lang/Boolean;
06-08 20:07:52.163 10688 10688 D M_InsDal: Lcom/csipsimple/api/SipConfigManager;--->getPreferenceBooleanValue(Landroid/content/Context;Ljava/lang/String;Ljava/lang/Boolean;)Ljava/lang/Boolean;
06-08 20:07:52.163 10688 10688 D M_InsDal: Lcom/csipsimple/api/SipConfigManager;--->getPrefUriForKey(Ljava/lang/String;)Landroid/net/Uri;
06-08 20:07:52.163 10688 10688 D M_InsDal: Lcom/csipsimple/service/PreferenceProvider;--->query(Landroid/net/Uri;[Ljava/lang/String;Ljava/lang/String;[Ljava/lang/String;Ljava/lang/String;)Landroid/database/Cursor;
06-08 20:07:52.163 10688 10688 D M_InsDal: Lcom/csipsimple/utils/PreferencesWrapper;--->getPreferenceBooleanValue(Ljava/lang/String;)Ljava/lang/Boolean;
06-08 20:07:52.163 10688 10688 D M_InsDal: Lcom/csipsimple/utils/PreferencesWrapper;--->gPrefBooleanValue(Landroid/content/SharedPreferences;Ljava/lang/String;)Ljava/lang/Boolean;
06-08 20:07:52.163 10688 10688 D M_InsDal: Lcom/csipsimple/api/SipConfigManager;--->getPreferenceBooleanValue(Landroid/content/Context;Ljava/lang/String;Ljava/lang/Boolean;)Ljava/lang/Boolean;
06-08 20:07:52.163 10688 10688 D M_InsDal: Lcom/csipsimple/api/SipConfigManager;--->getPrefUriForKey(Ljava/lang/String;)Landroid/net/Uri;
06-08 20:07:52.163 10688 10688 D M_InsDal: Lcom/csipsimple/service/PreferenceProvider;--->query(Landroid/net/Uri;[Ljava/lang/String;Ljava/lang/String;[Ljava/lang/String;Ljava/lang/String;)Landroid/database/Cursor;
06-08 20:07:52.163 10688 10688 D M_InsDal: Lcom/csipsimple/utils/PreferencesWrapper;--->getPreferenceBooleanValue(Ljava/lang/String;)Ljava/lang/Boolean;
06-08 20:07:52.163 10688 10688 D M_InsDal: Lcom/csipsimple/utils/PreferencesWrapper;--->gPrefBooleanValue(Landroid/content/SharedPreferences;Ljava/lang/String;)Ljava/lang/Boolean;
06-08 20:07:52.163 10688 10688 D M_InsDal: Lcom/csipsimple/api/SipConfigManager;--->getPreferenceBooleanValue(Landroid/content/Context;Ljava/lang/String;Ljava/lang/Boolean;)Ljava/lang/Boolean;
06-08 20:07:52.163 10688 10688 D M_InsDal: Lcom/csipsimple/api/SipConfigManager;--->getPrefUriForKey(Ljava/lang/String;)Landroid/net/Uri;
06-08 20:07:52.163 10688 10688 D M_InsDal: Lcom/csipsimple/service/PreferenceProvider;--->query(Landroid/net/Uri;[Ljava/lang/String;Ljava/lang/String;[Ljava/lang/String;Ljava/lang/String;)Landroid/database/Cursor;
06-08 20:07:52.163 10688 10688 D M_InsDal: Lcom/csipsimple/utils/PreferencesWrapper;--->getPreferenceBooleanValue(Ljava/lang/String;)Ljava/lang/Boolean;
06-08 20:07:52.163 10688 10688 D M_InsDal: Lcom/csipsimple/utils/PreferencesWrapper;--->gPrefBooleanValue(Landroid/content/SharedPreferences;Ljava/lang/String;)Ljava/lang/Boolean;
06-08 20:07:52.163 10688 10688 D M_InsDal: Lcom/csipsimple/api/SipConfigManager;--->getPreferenceBooleanValue(Landroid/content/Context;Ljava/lang/String;Ljava/lang/Boolean;)Ljava/lang/Boolean;
06-08 20:07:52.163 10688 10688 D M_InsDal: Lcom/csipsimple/api/SipConfigManager;--->getPrefUriForKey(Ljava/lang/String;)Landroid/net/Uri;
06-08 20:07:52.163 10688 10688 D M_InsDal: Lcom/csipsimple/service/PreferenceProvider;--->query(Landroid/net/Uri;[Ljava/lang/String;Ljava/lang/String;[Ljava/lang/String;Ljava/lang/String;)Landroid/database/Cursor;
06-08 20:07:52.163 10688 10688 D M_InsDal: Lcom/csipsimple/utils/PreferencesWrapper;--->getPreferenceBooleanValue(Ljava/lang/String;)Ljava/lang/Boolean;
06-08 20:07:52.163 10688 10688 D M_InsDal: Lcom/csipsimple/utils/PreferencesWrapper;--->gPrefBooleanValue(Landroid/content/SharedPreferences;Ljava/lang/String;)Ljava/lang/Boolean;
06-08 20:07:52.163 10688 10688 D M_InsDal: Lcom/csipsimple/ui/prefs/PrefsFast$Profile;---><clinit>()V
06-08 20:07:52.163 10688 10688 D M_InsDal: Lcom/csipsimple/ui/prefs/PrefsFast$Profile;---><init>(Ljava/lang/String;I)V
06-08 20:07:52.163 10688 10688 D M_InsDal: Lcom/csipsimple/ui/prefs/PrefsFast$Profile;---><init>(Ljava/lang/String;I)V
06-08 20:07:52.163 10688 10688 D M_InsDal: Lcom/csipsimple/ui/prefs/PrefsFast;--->setProfile(Lcom/csipsimple/ui/prefs/PrefsFast$Profile;)V
06-08 20:07:52.205 10709 10709 D M_InsDal: Lcom/csipsimple/db/DBProvider;---><clinit>()V
06-08 20:07:52.205 10709 10709 D M_InsDal: Lcom/csipsimple/db/DBProvider;---><init>()V
06-08 20:07:52.205 10709 10709 D M_InsDal: Lcom/csipsimple/db/DBProvider;--->onCreate()Z
06-08 20:07:52.205 10709 10709 D M_InsDal: Lcom/csipsimple/db/DBAdapter$DatabaseHelper;---><init>(Landroid/content/Context;)V
06-08 20:07:52.207 10709 10728 D M_InsDal: Lcom/csipsimple/db/DBProvider;--->query(Landroid/net/Uri;[Ljava/lang/String;Ljava/lang/String;[Ljava/lang/String;Ljava/lang/String;)Landroid/database/Cursor;
06-08 20:07:52.207 10709 10728 D M_InsDal: Lcom/csipsimple/api/SipMessage;---><clinit>()V
06-08 20:07:52.207 10709 10709 D M_InsDal: Lcom/csipsimple/service/SipService;---><clinit>()V
06-08 20:07:52.207 10709 10709 D M_InsDal: Lcom/csipsimple/service/SipService;---><init>()V
06-08 20:07:52.207 10709 10709 D M_InsDal: Lcom/csipsimple/service/SipService$1;---><init>(Lcom/csipsimple/service/SipService;)V
06-08 20:07:52.207 10709 10709 D M_InsDal: Lcom/csipsimple/api/ISipService$Stub;---><init>()V
06-08 20:07:52.207 10709 10709 D M_InsDal: Lcom/csipsimple/service/SipService$2;---><init>(Lcom/csipsimple/service/SipService;)V
06-08 20:07:52.207 10709 10709 D M_InsDal: Lcom/csipsimple/api/ISipConfiguration$Stub;---><init>()V
06-08 20:07:52.207 10709 10709 D M_InsDal: Lcom/csipsimple/service/SipService$ServiceHandler;---><init>(Lcom/csipsimple/service/SipService;)V
06-08 20:07:52.207 10709 10709 D M_InsDal: Lcom/csipsimple/api/SipManager$PresenceStatus;---><clinit>()V
06-08 20:07:52.207 10709 10709 D M_InsDal: Lcom/csipsimple/api/SipManager$PresenceStatus;---><init>(Ljava/lang/String;I)V
06-08 20:07:52.207 10709 10709 D M_InsDal: Lcom/csipsimple/api/SipManager$PresenceStatus;---><init>(Ljava/lang/String;I)V
06-08 20:07:52.208 10709 10709 D M_InsDal: Lcom/csipsimple/service/SipService;--->onCreate()V
06-08 20:07:52.208 10709 10709 D M_InsDal: Lcom/csipsimple/utils/Log;---><clinit>()V
06-08 20:07:52.208 10709 10709 D M_InsDal: Lcom/csipsimple/utils/Log;--->i(Ljava/lang/String;Ljava/lang/String;)V
06-08 20:07:52.208 10709 10709 D M_InsDal: Lcom/csipsimple/utils/PreferencesProviderWrapper;---><init>(Landroid/content/Context;)V
06-08 20:07:52.208 10709 10709 D M_InsDal: Lcom/csipsimple/utils/PreferencesProviderWrapper;--->getLogLevel()I
06-08 20:07:52.208 10709 10709 D M_InsDal: Lcom/csipsimple/api/SipConfigManager;---><clinit>()V
06-08 20:07:52.208 10709 10709 D M_InsDal: Lcom/csipsimple/api/SipConfigManager;--->getPreferenceIntegerValue(Landroid/content/Context;Ljava/lang/String;Ljava/lang/Integer;)Ljava/lang/Integer;
06-08 20:07:52.208 10709 10709 D M_InsDal: Lcom/csipsimple/api/SipConfigManager;--->getPrefUriForKey(Ljava/lang/String;)Landroid/net/Uri;
06-08 20:07:52.209 10688 10717 D M_InsDal: Lcom/csipsimple/service/PreferenceProvider;--->query(Landroid/net/Uri;[Ljava/lang/String;Ljava/lang/String;[Ljava/lang/String;Ljava/lang/String;)Landroid/database/Cursor;
06-08 20:07:52.209 10688 10717 D M_InsDal: Lcom/csipsimple/utils/PreferencesWrapper;--->getPreferenceIntegerValue(Ljava/lang/String;)Ljava/lang/Integer;
06-08 20:07:52.209 10688 10717 D M_InsDal: Lcom/csipsimple/utils/PreferencesWrapper;--->getPreferenceStringValue(Ljava/lang/String;)Ljava/lang/String;
06-08 20:07:52.209 10688 10717 D M_InsDal: Lcom/csipsimple/utils/PreferencesWrapper;--->gPrefStringValue(Landroid/content/SharedPreferences;Ljava/lang/String;)Ljava/lang/String;
06-08 20:07:52.210 10709 10709 D M_InsDal: Lcom/csipsimple/utils/Log;--->setLogLevel(I)V
06-08 20:07:52.210 10709 10709 D M_InsDal: Lcom/csipsimple/service/SipNotifications;---><clinit>()V
06-08 20:07:52.210 10709 10709 D M_InsDal: Lcom/csipsimple/service/SipNotifications;---><init>(Landroid/content/Context;)V
06-08 20:07:52.210 10709 10709 D M_InsDal: Lcom/csipsimple/service/SipNotifications;--->cancelAll()V
06-08 20:07:52.210 10709 10709 D M_InsDal: Lcom/csipsimple/service/SipNotifications;--->cancelMessages()V
06-08 20:07:52.211 10709 10709 D M_InsDal: Lcom/csipsimple/service/SipNotifications;--->cancelMissedCalls()V
06-08 20:07:52.211 10709 10709 D M_InsDal: Lcom/csipsimple/service/SipNotifications;--->cancelVoicemails()V
06-08 20:07:52.211 10709 10709 D M_InsDal: Lcom/csipsimple/service/SipNotifications;--->cancelCalls()V
06-08 20:07:52.211 10709 10709 D M_InsDal: Lcom/csipsimple/utils/Compatibility;--->isCompatible(I)Z
06-08 20:07:52.211 10709 10709 D M_InsDal: Lcom/csipsimple/service/SipNotifications;--->onServiceCreate()V
06-08 20:07:52.211 10709 10709 D M_InsDal: Lcom/csipsimple/service/SipWakeLock;---><init>(Landroid/os/PowerManager;)V
06-08 20:07:52.211 10709 10709 D M_InsDal: Lcom/csipsimple/utils/PreferencesProviderWrapper;--->getPreferenceBooleanValue(Ljava/lang/String;Z)Z
06-08 20:07:52.211 10709 10709 D M_InsDal: Lcom/csipsimple/api/SipConfigManager;--->getPreferenceBooleanValue(Landroid/content/Context;Ljava/lang/String;Ljava/lang/Boolean;)Ljava/lang/Boolean;
06-08 20:07:52.211 10709 10709 D M_InsDal: Lcom/csipsimple/api/SipConfigManager;--->getPrefUriForKey(Ljava/lang/String;)Landroid/net/Uri;
06-08 20:07:52.212 10688 10717 D M_InsDal: Lcom/csipsimple/service/PreferenceProvider;--->query(Landroid/net/Uri;[Ljava/lang/String;Ljava/lang/String;[Ljava/lang/String;Ljava/lang/String;)Landroid/database/Cursor;
06-08 20:07:52.212 10688 10717 D M_InsDal: Lcom/csipsimple/utils/PreferencesWrapper;--->getPreferenceBooleanValue(Ljava/lang/String;)Ljava/lang/Boolean;
06-08 20:07:52.212 10688 10717 D M_InsDal: Lcom/csipsimple/utils/PreferencesWrapper;--->gPrefBooleanValue(Landroid/content/SharedPreferences;Ljava/lang/String;)Ljava/lang/Boolean;
06-08 20:07:52.212 10709 10709 D M_InsDal: Lcom/csipsimple/utils/Log;--->d(Ljava/lang/String;Ljava/lang/String;)V
06-08 20:07:52.213 10709 10709 D M_InsDal: Lcom/csipsimple/service/PresenceManager;---><clinit>()V
06-08 20:07:52.213 10709 10709 D M_InsDal: Lcom/csipsimple/service/PresenceManager;---><init>()V
06-08 20:07:52.213 10709 10709 D M_InsDal: Lcom/csipsimple/service/SipService;--->onStart(Landroid/content/Intent;I)V
06-08 20:07:52.213 10709 10709 D M_InsDal: Lcom/csipsimple/service/SipService;--->registerForOutgoing(Landroid/content/ComponentName;)V
06-08 20:07:52.213 10709 10709 D M_InsDal: Lcom/csipsimple/service/SipService;--->isConnectivityValid()Z
06-08 20:07:52.213 10709 10709 D M_InsDal: Lcom/csipsimple/utils/PreferencesProviderWrapper;--->getPreferenceBooleanValue(Ljava/lang/String;Z)Z
06-08 20:07:52.213 10709 10709 D M_InsDal: Lcom/csipsimple/api/SipConfigManager;--->getPreferenceBooleanValue(Landroid/content/Context;Ljava/lang/String;Ljava/lang/Boolean;)Ljava/lang/Boolean;
06-08 20:07:52.213 10709 10709 D M_InsDal: Lcom/csipsimple/api/SipConfigManager;--->getPrefUriForKey(Ljava/lang/String;)Landroid/net/Uri;
06-08 20:07:52.213 10688 10717 D M_InsDal: Lcom/csipsimple/service/PreferenceProvider;--->query(Landroid/net/Uri;[Ljava/lang/String;Ljava/lang/String;[Ljava/lang/String;Ljava/lang/String;)Landroid/database/Cursor;
06-08 20:07:52.213 10688 10717 D M_InsDal: Lcom/csipsimple/utils/PreferencesWrapper;--->getPreferenceBooleanValue(Ljava/lang/String;)Ljava/lang/Boolean;
06-08 20:07:52.213 10688 10717 D M_InsDal: Lcom/csipsimple/utils/PreferencesWrapper;--->gPrefBooleanValue(Landroid/content/SharedPreferences;Ljava/lang/String;)Ljava/lang/Boolean;
06-08 20:07:52.214 10709 10709 D M_InsDal: Lcom/csipsimple/utils/PreferencesProviderWrapper;--->isValidConnectionForIncoming()Z
06-08 20:07:52.214 10709 10709 D M_InsDal: Lcom/csipsimple/utils/PreferencesProviderWrapper;--->isValidConnectionFor(Landroid/net/NetworkInfo;Ljava/lang/String;)Z
06-08 20:07:52.214 10709 10709 D M_InsDal: Lcom/csipsimple/utils/PreferencesProviderWrapper;--->isValidWifiConnectionFor(Landroid/net/NetworkInfo;Ljava/lang/String;)Z
06-08 20:07:52.214 10709 10709 D M_InsDal: Lcom/csipsimple/utils/PreferencesProviderWrapper;--->getPreferenceBooleanValue(Ljava/lang/String;Z)Z
06-08 20:07:52.214 10709 10709 D M_InsDal: Lcom/csipsimple/api/SipConfigManager;--->getPreferenceBooleanValue(Landroid/content/Context;Ljava/lang/String;Ljava/lang/Boolean;)Ljava/lang/Boolean;
06-08 20:07:52.214 10709 10709 D M_InsDal: Lcom/csipsimple/api/SipConfigManager;--->getPrefUriForKey(Ljava/lang/String;)Landroid/net/Uri;
06-08 20:07:52.214 10688 10717 D M_InsDal: Lcom/csipsimple/service/PreferenceProvider;--->query(Landroid/net/Uri;[Ljava/lang/String;Ljava/lang/String;[Ljava/lang/String;Ljava/lang/String;)Landroid/database/Cursor;
06-08 20:07:52.214 10688 10717 D M_InsDal: Lcom/csipsimple/utils/PreferencesWrapper;--->getPreferenceBooleanValue(Ljava/lang/String;)Ljava/lang/Boolean;
06-08 20:07:52.214 10688 10717 D M_InsDal: Lcom/csipsimple/utils/PreferencesWrapper;--->gPrefBooleanValue(Landroid/content/SharedPreferences;Ljava/lang/String;)Ljava/lang/Boolean;
06-08 20:07:52.215 10709 10709 D M_InsDal: Lcom/csipsimple/utils/Log;--->d(Ljava/lang/String;Ljava/lang/String;)V
06-08 20:07:52.215 10709 10709 D M_InsDal: Lcom/csipsimple/utils/PreferencesProviderWrapper;--->isValidConnectionForOutgoing()Z
