06-08 20:12:31.834 11946 11946 D M_InsDal: Lcom/csipsimple/service/SipService;--->isConnectivityValid()Z
06-08 20:12:31.834 11946 11946 D M_InsDal: Lcom/csipsimple/utils/PreferencesProviderWrapper;--->getPreferenceBooleanValue(Ljava/lang/String;Z)Z
06-08 20:12:31.834 11946 11946 D M_InsDal: Lcom/csipsimple/api/SipConfigManager;--->getPreferenceBooleanValue(Landroid/content/Context;Ljava/lang/String;Ljava/lang/Boolean;)Ljava/lang/Boolean;
06-08 20:12:31.834 11946 11946 D M_InsDal: Lcom/csipsimple/api/SipConfigManager;--->getPrefUriForKey(Ljava/lang/String;)Landroid/net/Uri;
06-08 20:12:31.834 11923 11937 D M_InsDal: Lcom/csipsimple/service/PreferenceProvider;--->query(Landroid/net/Uri;[Ljava/lang/String;Ljava/lang/String;[Ljava/lang/String;Ljava/lang/String;)Landroid/database/Cursor;
06-08 20:12:31.834 11923 11937 D M_InsDal: Lcom/csipsimple/utils/PreferencesWrapper;--->getPreferenceBooleanValue(Ljava/lang/String;)Ljava/lang/Boolean;
06-08 20:12:31.834 11923 11937 D M_InsDal: Lcom/csipsimple/utils/PreferencesWrapper;--->gPrefBooleanValue(Landroid/content/SharedPreferences;Ljava/lang/String;)Ljava/lang/Boolean;
06-08 20:12:31.835 11923 11923 D M_InsDal: Lcom/csipsimple/ui/dialpad/DigitsEditText;--->isTextSelectable()Z
06-08 20:12:31.835 11923 11923 D M_InsDal: Lcom/csipsimple/widgets/Dialpad;--->onMeasure(II)V
06-08 20:12:31.835 11946 11946 D M_InsDal: Lcom/csipsimple/utils/PreferencesProviderWrapper;--->isValidConnectionForIncoming()Z
06-08 20:12:31.836 11946 11946 D M_InsDal: Lcom/csipsimple/utils/PreferencesProviderWrapper;--->isValidConnectionFor(Landroid/net/NetworkInfo;Ljava/lang/String;)Z
06-08 20:12:31.836 11946 11946 D M_InsDal: Lcom/csipsimple/utils/PreferencesProviderWrapper;--->isValidWifiConnectionFor(Landroid/net/NetworkInfo;Ljava/lang/String;)Z
06-08 20:12:31.836 11946 11946 D M_InsDal: Lcom/csipsimple/utils/PreferencesProviderWrapper;--->getPreferenceBooleanValue(Ljava/lang/String;Z)Z
06-08 20:12:31.836 11946 11946 D M_InsDal: Lcom/csipsimple/api/SipConfigManager;--->getPreferenceBooleanValue(Landroid/content/Context;Ljava/lang/String;Ljava/lang/Boolean;)Ljava/lang/Boolean;
06-08 20:12:31.836 11946 11946 D M_InsDal: Lcom/csipsimple/api/SipConfigManager;--->getPrefUriForKey(Ljava/lang/String;)Landroid/net/Uri;
06-08 20:12:31.836 11923 11937 D M_InsDal: Lcom/csipsimple/service/PreferenceProvider;--->query(Landroid/net/Uri;[Ljava/lang/String;Ljava/lang/String;[Ljava/lang/String;Ljava/lang/String;)Landroid/database/Cursor;
06-08 20:12:31.836 11923 11937 D M_InsDal: Lcom/csipsimple/utils/PreferencesWrapper;--->getPreferenceBooleanValue(Ljava/lang/String;)Ljava/lang/Boolean;
06-08 20:12:31.836 11923 11937 D M_InsDal: Lcom/csipsimple/utils/PreferencesWrapper;--->gPrefBooleanValue(Landroid/content/SharedPreferences;Ljava/lang/String;)Ljava/lang/Boolean;
06-08 20:12:31.837 11946 11946 D M_InsDal: Lcom/csipsimple/utils/Log;--->d(Ljava/lang/String;Ljava/lang/String;)V
06-08 20:12:31.837 11946 11946 D M_InsDal: Lcom/csipsimple/utils/PreferencesProviderWrapper;--->isValidConnectionForOutgoing()Z
06-08 20:12:31.837 11946 11946 D M_InsDal: Lcom/csipsimple/utils/PreferencesProviderWrapper;--->getPreferenceBooleanValue(Ljava/lang/String;Z)Z
06-08 20:12:31.837 11946 11946 D M_InsDal: Lcom/csipsimple/api/SipConfigManager;--->getPreferenceBooleanValue(Landroid/content/Context;Ljava/lang/String;Ljava/lang/Boolean;)Ljava/lang/Boolean;
06-08 20:12:31.837 11946 11946 D M_InsDal: Lcom/csipsimple/api/SipConfigManager;--->getPrefUriForKey(Ljava/lang/String;)Landroid/net/Uri;
06-08 20:12:31.837 11923 11937 D M_InsDal: Lcom/csipsimple/service/PreferenceProvider;--->query(Landroid/net/Uri;[Ljava/lang/String;Ljava/lang/String;[Ljava/lang/String;Ljava/lang/String;)Landroid/database/Cursor;
06-08 20:12:31.837 11923 11937 D M_InsDal: Lcom/csipsimple/utils/PreferencesWrapper;--->getPreferenceBooleanValue(Ljava/lang/String;)Ljava/lang/Boolean;
06-08 20:12:31.838 11923 11937 D M_InsDal: Lcom/csipsimple/utils/PreferencesWrapper;--->gPrefBooleanValue(Landroid/content/SharedPreferences;Ljava/lang/String;)Ljava/lang/Boolean;
06-08 20:12:31.838 11923 11923 D M_InsDal: Lcom/csipsimple/ui/SipHome$TabsAdapter;--->getCount()I
06-08 20:12:31.838 11923 11923 D M_InsDal: Lcom/csipsimple/ui/SipHome$TabsAdapter;--->getCount()I
06-08 20:12:31.838 11923 11923 D M_InsDal: Lcom/csipsimple/ui/dialpad/DialerLayout;--->onMeasure(II)V
06-08 20:12:31.839 11923 11923 D M_InsDal: Lcom/csipsimple/widgets/Dialpad;--->onMeasure(II)V
06-08 20:12:31.839 11923 11923 D M_InsDal: Lcom/csipsimple/ui/SipHome$TabsAdapter;--->getCount()I
06-08 20:12:31.839 11923 11923 D M_InsDal: Lcom/csipsimple/ui/SipHome$TabsAdapter;--->getCount()I
06-08 20:12:31.840 11946 11946 D M_InsDal: Lcom/csipsimple/utils/PreferencesProviderWrapper;--->isValidConnectionFor(Landroid/net/NetworkInfo;Ljava/lang/String;)Z
06-08 20:12:31.840 11946 11946 D M_InsDal: Lcom/csipsimple/utils/PreferencesProviderWrapper;--->isValidWifiConnectionFor(Landroid/net/NetworkInfo;Ljava/lang/String;)Z
06-08 20:12:31.840 11946 11946 D M_InsDal: Lcom/csipsimple/utils/PreferencesProviderWrapper;--->getPreferenceBooleanValue(Ljava/lang/String;Z)Z
06-08 20:12:31.840 11946 11946 D M_InsDal: Lcom/csipsimple/api/SipConfigManager;--->getPreferenceBooleanValue(Landroid/content/Context;Ljava/lang/String;Ljava/lang/Boolean;)Ljava/lang/Boolean;
06-08 20:12:31.840 11946 11946 D M_InsDal: Lcom/csipsimple/api/SipConfigManager;--->getPrefUriForKey(Ljava/lang/String;)Landroid/net/Uri;
06-08 20:12:31.840 11923 11923 D M_InsDal: Lcom/csipsimple/ui/dialpad/DialerLayout;--->onMeasure(II)V
06-08 20:12:31.840 11923 11937 D M_InsDal: Lcom/csipsimple/service/PreferenceProvider;--->query(Landroid/net/Uri;[Ljava/lang/String;Ljava/lang/String;[Ljava/lang/String;Ljava/lang/String;)Landroid/database/Cursor;
06-08 20:12:31.840 11923 11923 D M_InsDal: Lcom/csipsimple/widgets/Dialpad;--->onMeasure(II)V
06-08 20:12:31.840 11923 11937 D M_InsDal: Lcom/csipsimple/utils/PreferencesWrapper;--->getPreferenceBooleanValue(Ljava/lang/String;)Ljava/lang/Boolean;
06-08 20:12:31.840 11923 11937 D M_InsDal: Lcom/csipsimple/utils/PreferencesWrapper;--->gPrefBooleanValue(Landroid/content/SharedPreferences;Ljava/lang/String;)Ljava/lang/Boolean;
06-08 20:12:31.840 11923 11923 D M_InsDal: Lcom/csipsimple/ui/dialpad/DigitsEditText;--->onLayout(ZIIII)V
06-08 20:12:31.840 11923 11923 D M_InsDal: Lcom/csipsimple/ui/dialpad/DigitsEditText;--->setIsDigit(ZZ)V
06-08 20:12:31.841 11923 11923 D M_InsDal: Lcom/csipsimple/ui/SipHome$1;--->run()V
06-08 20:12:31.841 11923 11923 D M_InsDal: Lcom/csipsimple/ui/SipHome;--->refreshWarningTabDisplay()V
06-08 20:12:31.841 11923 11923 D M_InsDal: Lcom/csipsimple/ui/SipHome$TabsAdapter;--->getPositionForId(I)Ljava/lang/Integer;
06-08 20:12:31.841 11923 11923 D M_InsDal: Lcom/csipsimple/ui/SipHome$1;--->run()V
06-08 20:12:31.841 11923 11923 D M_InsDal: Lcom/csipsimple/ui/SipHome;--->refreshWarningTabDisplay()V
06-08 20:12:31.841 11923 11923 D M_InsDal: Lcom/csipsimple/ui/SipHome$TabsAdapter;--->getPositionForId(I)Ljava/lang/Integer;
06-08 20:12:31.841 11946 11946 D M_InsDal: Lcom/csipsimple/utils/Log;--->d(Ljava/lang/String;Ljava/lang/String;)V
06-08 20:12:31.841 11946 11946 D M_InsDal: Lcom/csipsimple/service/SipService;--->loadStack()Z
06-08 20:12:31.842 11946 11946 D M_InsDal: Lcom/csipsimple/pjsip/PjSipService;---><clinit>()V
06-08 20:12:31.842 11946 11946 D M_InsDal: Lcom/csipsimple/pjsip/PjSipService;---><init>()V
06-08 20:12:31.842 11946 11946 D M_InsDal: Lcom/csipsimple/pjsip/PjSipService;--->setService(Lcom/csipsimple/service/SipService;)V
06-08 20:12:31.842 11946 11946 D M_InsDal: Lcom/csipsimple/service/SipService;--->getPrefs()Lcom/csipsimple/utils/PreferencesProviderWrapper;
06-08 20:12:31.842 11946 11946 D M_InsDal: Lcom/csipsimple/pjsip/PjSipService;--->tryToLoadStack()Z
06-08 20:12:31.842 11923 11923 D M_InsDal: Lcom/csipsimple/ui/prefs/PrefsFast;---><init>()V
06-08 20:12:31.843 11923 11923 D M_InsDal: Lcom/csipsimple/ui/prefs/PrefsFast;--->onCreate(Landroid/os/Bundle;)V
06-08 20:12:31.850 11923 11923 D M_InsDal: Lcom/csipsimple/ui/prefs/PrefsFast;--->updateFromPrefs()V
06-08 20:12:31.851 11923 11923 D M_InsDal: Lcom/csipsimple/api/SipConfigManager;--->getPreferenceBooleanValue(Landroid/content/Context;Ljava/lang/String;)Ljava/lang/Boolean;
06-08 20:12:31.851 11923 11923 D M_InsDal: Lcom/csipsimple/api/SipConfigManager;--->getPreferenceBooleanValue(Landroid/content/Context;Ljava/lang/String;Ljava/lang/Boolean;)Ljava/lang/Boolean;
06-08 20:12:31.851 11923 11923 D M_InsDal: Lcom/csipsimple/api/SipConfigManager;--->getPrefUriForKey(Ljava/lang/String;)Landroid/net/Uri;
06-08 20:12:31.851 11923 11923 D M_InsDal: Lcom/csipsimple/service/PreferenceProvider;--->query(Landroid/net/Uri;[Ljava/lang/String;Ljava/lang/String;[Ljava/lang/String;Ljava/lang/String;)Landroid/database/Cursor;
06-08 20:12:31.851 11923 11923 D M_InsDal: Lcom/csipsimple/utils/PreferencesWrapper;--->getPreferenceBooleanValue(Ljava/lang/String;)Ljava/lang/Boolean;
06-08 20:12:31.851 11923 11923 D M_InsDal: Lcom/csipsimple/utils/PreferencesWrapper;--->gPrefBooleanValue(Landroid/content/SharedPreferences;Ljava/lang/String;)Ljava/lang/Boolean;
06-08 20:12:31.851 11923 11923 D M_InsDal: Lcom/csipsimple/api/SipConfigManager;--->getPreferenceBooleanValue(Landroid/content/Context;Ljava/lang/String;Ljava/lang/Boolean;)Ljava/lang/Boolean;
06-08 20:12:31.851 11923 11923 D M_InsDal: Lcom/csipsimple/api/SipConfigManager;--->getPrefUriForKey(Ljava/lang/String;)Landroid/net/Uri;
06-08 20:12:31.851 11923 11923 D M_InsDal: Lcom/csipsimple/service/PreferenceProvider;--->query(Landroid/net/Uri;[Ljava/lang/String;Ljava/lang/String;[Ljava/lang/String;Ljava/lang/String;)Landroid/database/Cursor;
06-08 20:12:31.851 11923 11923 D M_InsDal: Lcom/csipsimple/utils/PreferencesWrapper;--->getPreferenceBooleanValue(Ljava/lang/String;)Ljava/lang/Boolean;
06-08 20:12:31.851 11923 11923 D M_InsDal: Lcom/csipsimple/utils/PreferencesWrapper;--->gPrefBooleanValue(Landroid/content/SharedPreferences;Ljava/lang/String;)Ljava/lang/Boolean;
06-08 20:12:31.851 11923 11923 D M_InsDal: Lcom/csipsimple/api/SipConfigManager;--->getPreferenceBooleanValue(Landroid/content/Context;Ljava/lang/String;Ljava/lang/Boolean;)Ljava/lang/Boolean;
06-08 20:12:31.851 11923 11923 D M_InsDal: Lcom/csipsimple/api/SipConfigManager;--->getPrefUriForKey(Ljava/lang/String;)Landroid/net/Uri;
06-08 20:12:31.851 11923 11923 D M_InsDal: Lcom/csipsimple/service/PreferenceProvider;--->query(Landroid/net/Uri;[Ljava/lang/String;Ljava/lang/String;[Ljava/lang/String;Ljava/lang/String;)Landroid/database/Cursor;
06-08 20:12:31.851 11923 11923 D M_InsDal: Lcom/csipsimple/utils/PreferencesWrapper;--->getPreferenceBooleanValue(Ljava/lang/String;)Ljava/lang/Boolean;
06-08 20:12:31.851 11923 11923 D M_InsDal: Lcom/csipsimple/utils/PreferencesWrapper;--->gPrefBooleanValue(Landroid/content/SharedPreferences;Ljava/lang/String;)Ljava/lang/Boolean;
06-08 20:12:31.851 11923 11923 D M_InsDal: Lcom/csipsimple/api/SipConfigManager;--->getPreferenceBooleanValue(Landroid/content/Context;Ljava/lang/String;Ljava/lang/Boolean;)Ljava/lang/Boolean;
06-08 20:12:31.851 11923 11923 D M_InsDal: Lcom/csipsimple/api/SipConfigManager;--->getPrefUriForKey(Ljava/lang/String;)Landroid/net/Uri;
06-08 20:12:31.851 11923 11923 D M_InsDal: Lcom/csipsimple/service/PreferenceProvider;--->query(Landroid/net/Uri;[Ljava/lang/String;Ljava/lang/String;[Ljava/lang/String;Ljava/lang/String;)Landroid/database/Cursor;
06-08 20:12:31.851 11923 11923 D M_InsDal: Lcom/csipsimple/utils/PreferencesWrapper;--->getPreferenceBooleanValue(Ljava/lang/String;)Ljava/lang/Boolean;
06-08 20:12:31.851 11923 11923 D M_InsDal: Lcom/csipsimple/utils/PreferencesWrapper;--->gPrefBooleanValue(Landroid/content/SharedPreferences;Ljava/lang/String;)Ljava/lang/Boolean;
06-08 20:12:31.851 11923 11923 D M_InsDal: Lcom/csipsimple/api/SipConfigManager;--->getPreferenceBooleanValue(Landroid/content/Context;Ljava/lang/String;Ljava/lang/Boolean;)Ljava/lang/Boolean;
06-08 20:12:31.851 11923 11923 D M_InsDal: Lcom/csipsimple/api/SipConfigManager;--->getPrefUriForKey(Ljava/lang/String;)Landroid/net/Uri;
06-08 20:12:31.851 11923 11923 D M_InsDal: Lcom/csipsimple/service/PreferenceProvider;--->query(Landroid/net/Uri;[Ljava/lang/String;Ljava/lang/String;[Ljava/lang/String;Ljava/lang/String;)Landroid/database/Cursor;
06-08 20:12:31.851 11923 11923 D M_InsDal: Lcom/csipsimple/utils/PreferencesWrapper;--->getPreferenceBooleanValue(Ljava/lang/String;)Ljava/lang/Boolean;
06-08 20:12:31.851 11923 11923 D M_InsDal: Lcom/csipsimple/utils/PreferencesWrapper;--->gPrefBooleanValue(Landroid/content/SharedPreferences;Ljava/lang/String;)Ljava/lang/Boolean;
06-08 20:12:31.851 11923 11923 D M_InsDal: Lcom/csipsimple/api/SipConfigManager;--->getPreferenceBooleanValue(Landroid/content/Context;Ljava/lang/String;Ljava/lang/Boolean;)Ljava/lang/Boolean;
06-08 20:12:31.851 11923 11923 D M_InsDal: Lcom/csipsimple/api/SipConfigManager;--->getPrefUriForKey(Ljava/lang/String;)Landroid/net/Uri;
06-08 20:12:31.851 11923 11923 D M_InsDal: Lcom/csipsimple/service/PreferenceProvider;--->query(Landroid/net/Uri;[Ljava/lang/String;Ljava/lang/String;[Ljava/lang/String;Ljava/lang/String;)Landroid/database/Cursor;
06-08 20:12:31.851 11923 11923 D M_InsDal: Lcom/csipsimple/utils/PreferencesWrapper;--->getPreferenceBooleanValue(Ljava/lang/String;)Ljava/lang/Boolean;
06-08 20:12:31.851 11923 11923 D M_InsDal: Lcom/csipsimple/utils/PreferencesWrapper;--->gPrefBooleanValue(Landroid/content/SharedPreferences;Ljava/lang/String;)Ljava/lang/Boolean;
06-08 20:12:31.851 11923 11923 D M_InsDal: Lcom/csipsimple/api/SipConfigManager;--->getPreferenceBooleanValue(Landroid/content/Context;Ljava/lang/String;Ljava/lang/Boolean;)Ljava/lang/Boolean;
06-08 20:12:31.851 11923 11923 D M_InsDal: Lcom/csipsimple/api/SipConfigManager;--->getPrefUriForKey(Ljava/lang/String;)Landroid/net/Uri;
06-08 20:12:31.851 11923 11923 D M_InsDal: Lcom/csipsimple/service/PreferenceProvider;--->query(Landroid/net/Uri;[Ljava/lang/String;Ljava/lang/String;[Ljava/lang/String;Ljava/lang/String;)Landroid/database/Cursor;
06-08 20:12:31.851 11923 11923 D M_InsDal: Lcom/csipsimple/utils/PreferencesWrapper;--->getPreferenceBooleanValue(Ljava/lang/String;)Ljava/lang/Boolean;
06-08 20:12:31.851 11923 11923 D M_InsDal: Lcom/csipsimple/utils/PreferencesWrapper;--->gPrefBooleanValue(Landroid/content/SharedPreferences;Ljava/lang/String;)Ljava/lang/Boolean;
06-08 20:12:31.851 11923 11923 D M_InsDal: Lcom/csipsimple/api/SipConfigManager;--->getPreferenceBooleanValue(Landroid/content/Context;Ljava/lang/String;Ljava/lang/Boolean;)Ljava/lang/Boolean;
06-08 20:12:31.851 11923 11923 D M_InsDal: Lcom/csipsimple/api/SipConfigManager;--->getPrefUriForKey(Ljava/lang/String;)Landroid/net/Uri;
06-08 20:12:31.851 11923 11923 D M_InsDal: Lcom/csipsimple/service/PreferenceProvider;--->query(Landroid/net/Uri;[Ljava/lang/String;Ljava/lang/String;[Ljava/lang/String;Ljava/lang/String;)Landroid/database/Cursor;
06-08 20:12:31.851 11923 11923 D M_InsDal: Lcom/csipsimple/utils/PreferencesWrapper;--->getPreferenceBooleanValue(Ljava/lang/String;)Ljava/lang/Boolean;
06-08 20:12:31.851 11923 11923 D M_InsDal: Lcom/csipsimple/utils/PreferencesWrapper;--->gPrefBooleanValue(Landroid/content/SharedPreferences;Ljava/lang/String;)Ljava/lang/Boolean;
06-08 20:12:31.851 11923 11923 D M_InsDal: Lcom/csipsimple/api/SipConfigManager;--->getPreferenceBooleanValue(Landroid/content/Context;Ljava/lang/String;Ljava/lang/Boolean;)Ljava/lang/Boolean;
06-08 20:12:31.851 11923 11923 D M_InsDal: Lcom/csipsimple/api/SipConfigManager;--->getPrefUriForKey(Ljava/lang/String;)Landroid/net/Uri;
06-08 20:12:31.851 11923 11923 D M_InsDal: Lcom/csipsimple/service/PreferenceProvider;--->query(Landroid/net/Uri;[Ljava/lang/String;Ljava/lang/String;[Ljava/lang/String;Ljava/lang/String;)Landroid/database/Cursor;
06-08 20:12:31.851 11923 11923 D M_InsDal: Lcom/csipsimple/utils/PreferencesWrapper;--->getPreferenceBooleanValue(Ljava/lang/String;)Ljava/lang/Boolean;
06-08 20:12:31.851 11923 11923 D M_InsDal: Lcom/csipsimple/utils/PreferencesWrapper;--->gPrefBooleanValue(Landroid/content/SharedPreferences;Ljava/lang/String;)Ljava/lang/Boolean;
06-08 20:12:31.851 11923 11923 D M_InsDal: Lcom/csipsimple/api/SipConfigManager;--->getPreferenceBooleanValue(Landroid/content/Context;Ljava/lang/String;Ljava/lang/Boolean;)Ljava/lang/Boolean;
06-08 20:12:31.851 11923 11923 D M_InsDal: Lcom/csipsimple/api/SipConfigManager;--->getPrefUriForKey(Ljava/lang/String;)Landroid/net/Uri;
06-08 20:12:31.851 11923 11923 D M_InsDal: Lcom/csipsimple/service/PreferenceProvider;--->query(Landroid/net/Uri;[Ljava/lang/String;Ljava/lang/String;[Ljava/lang/String;Ljava/lang/String;)Landroid/database/Cursor;
06-08 20:12:31.851 11923 11923 D M_InsDal: Lcom/csipsimple/utils/PreferencesWrapper;--->getPreferenceBooleanValue(Ljava/lang/String;)Ljava/lang/Boolean;
06-08 20:12:31.851 11923 11923 D M_InsDal: Lcom/csipsimple/utils/PreferencesWrapper;--->gPrefBooleanValue(Landroid/content/SharedPreferences;Ljava/lang/String;)Ljava/lang/Boolean;
06-08 20:12:31.851 11923 11923 D M_InsDal: Lcom/csipsimple/ui/prefs/PrefsFast$Profile;---><clinit>()V
06-08 20:12:31.851 11923 11923 D M_InsDal: Lcom/csipsimple/ui/prefs/PrefsFast$Profile;---><init>(Ljava/lang/String;I)V
06-08 20:12:31.851 11923 11923 D M_InsDal: Lcom/csipsimple/ui/prefs/PrefsFast$Profile;---><init>(Ljava/lang/String;I)V
06-08 20:12:31.851 11923 11923 D M_InsDal: Lcom/csipsimple/ui/prefs/PrefsFast;--->setProfile(Lcom/csipsimple/ui/prefs/PrefsFast$Profile;)V
06-08 20:12:31.864 11946 11946 D M_InsDal: Lcom/csipsimple/utils/Log;--->e(Ljava/lang/String;Ljava/lang/String;Ljava/lang/Throwable;)V
06-08 20:12:31.864 11946 11946 D M_InsDal: Lcom/csipsimple/service/SipService;--->notifyUserOfMessage(Ljava/lang/String;)V
06-08 20:12:31.865 11946 11946 D M_InsDal: Lcom/csipsimple/service/SipService$ServiceHandler;--->handleMessage(Landroid/os/Message;)V
06-08 20:12:32.689 11923 11923 D M_InsDal: Lcom/csipsimple/ui/SipHome;--->onCreateOptionsMenu(Lcom/actionbarsherlock/view/Menu;)Z
06-08 20:12:32.689 11923 11923 D M_InsDal: Lcom/csipsimple/utils/CustomDistribution;--->getCustomDistributionWizard()Lcom/csipsimple/wizards/WizardUtils$WizardInfo;
06-08 20:12:32.689 11923 11923 D M_InsDal: Lcom/csipsimple/utils/CustomDistribution;--->distributionWantsOtherAccounts()Z
06-08 20:12:32.689 11923 11923 D M_InsDal: Lcom/csipsimple/utils/Compatibility;--->isCompatible(I)Z
06-08 20:12:32.689 11923 11923 D M_InsDal: Lcom/csipsimple/ui/calllog/CallLogListFragment;--->onCreateOptionsMenu(Lcom/actionbarsherlock/view/Menu;Lcom/actionbarsherlock/view/MenuInflater;)V
06-08 20:12:32.689 11923 11923 D M_InsDal: Lcom/csipsimple/ui/calllog/CallLogListFragment$3;---><init>(Lcom/csipsimple/ui/calllog/CallLogListFragment;)V
06-08 20:12:32.697 11923 11923 D M_InsDal: Lcom/csipsimple/ui/SipHome$TabsAdapter;--->getCount()I
06-08 20:12:32.697 11923 11923 D M_InsDal: Lcom/csipsimple/ui/SipHome$TabsAdapter;--->getCount()I
06-08 20:12:32.697 11923 11923 D M_InsDal: Lcom/csipsimple/ui/dialpad/DialerLayout;--->onMeasure(II)V
06-08 20:12:32.698 11923 11923 D M_InsDal: Lcom/csipsimple/widgets/Dialpad;--->onMeasure(II)V
06-08 20:12:32.698 11923 11923 D M_InsDal: Lcom/csipsimple/ui/SipHome$TabsAdapter;--->getCount()I
06-08 20:12:32.698 11923 11923 D M_InsDal: Lcom/csipsimple/ui/SipHome$TabsAdapter;--->getCount()I
06-08 20:12:32.698 11923 11923 D M_InsDal: Lcom/csipsimple/ui/dialpad/DigitsEditText;--->onLayout(ZIIII)V
06-08 20:12:32.698 11923 11923 D M_InsDal: Lcom/csipsimple/ui/dialpad/DigitsEditText;--->setIsDigit(ZZ)V
06-08 20:12:32.700 11923 11923 D M_InsDal: Lcom/csipsimple/ui/SipHome$TabsAdapter;--->getCount()I
06-08 20:12:32.815 11923 11923 D M_InsDal: Lcom/csipsimple/widgets/CSSListFragment;--->onLoadFinished(Landroid/support/v4/content/Loader;Landroid/database/Cursor;)V
06-08 20:12:32.815 11923 11923 D M_InsDal: Lcom/csipsimple/ui/calllog/CallLogListFragment;--->changeCursor(Landroid/database/Cursor;)V
06-08 20:12:32.815 11923 11923 D M_InsDal: Lcom/csipsimple/ui/calllog/GroupingListAdapter;--->changeCursor(Landroid/database/Cursor;)V
06-08 20:12:32.815 11923 11923 D M_InsDal: Lcom/csipsimple/ui/calllog/GroupingListAdapter;--->resetCache()V
06-08 20:12:32.815 11923 11923 D M_InsDal: Lcom/csipsimple/ui/calllog/GroupingListAdapter;--->findGroups()V
06-08 20:12:32.815 11923 11923 D M_InsDal: Lcom/csipsimple/ui/calllog/CallLogAdapter;--->addGroups(Landroid/database/Cursor;)V
06-08 20:12:32.815 11923 11923 D M_InsDal: Lcom/csipsimple/ui/calllog/CallLogGroupBuilder;--->addGroups(Landroid/database/Cursor;)V
06-08 20:12:32.816 11923 11923 D M_InsDal: Lcom/csipsimple/ui/calllog/GroupingListAdapter;--->getCount()I
06-08 20:12:32.816 11923 11923 D M_InsDal: Lcom/csipsimple/ui/calllog/GroupingListAdapter;--->getCount()I
06-08 20:12:32.816 11923 11923 D M_InsDal: Lcom/csipsimple/widgets/CSSListFragment;--->setListShownNoAnimation(Z)V
06-08 20:12:32.816 11923 11923 D M_InsDal: Lcom/csipsimple/widgets/CSSListFragment;--->setListShown(ZZ)V
06-08 20:12:32.816 11923 11923 D M_InsDal: Lcom/csipsimple/widgets/CSSListFragment;--->ensureCustomList()V
06-08 20:12:32.816 11923 11923 D M_InsDal: Lcom/csipsimple/ui/dialpad/DialerFragment$1;--->onServiceConnected(Landroid/content/ComponentName;Landroid/os/IBinder;)V
06-08 20:12:32.816 11923 11923 D M_InsDal: Lcom/csipsimple/api/ISipService$Stub;--->asInterface(Landroid/os/IBinder;)Lcom/csipsimple/api/ISipService;
06-08 20:12:32.816 11923 11923 D M_InsDal: Lcom/csipsimple/api/ISipService$Stub$Proxy;---><init>(Landroid/os/IBinder;)V
06-08 20:12:32.924 11923 11923 D M_InsDal: Lcom/csipsimple/ui/SipHome$TabsAdapter;--->getCount()I
06-08 20:12:32.926 11923 11923 D M_InsDal: Lcom/csipsimple/ui/SipHome$TabsAdapter;--->getCount()I
06-08 20:12:44.271 22419 22419 D M_InsDal: Lorg/sufficientlysecure/keychain/KeychainApplication;--->onTrimMemory(I)V
