06-05 15:44:45.374 10893 10893 D M_InsDal: Lcom/fsck/k9/mail/TransportProvider;---><init>()V
06-05 15:44:45.374 10893 10893 D M_InsDal: Lcom/fsck/k9/mail/TransportProvider;--->getInstance()Lcom/fsck/k9/mail/TransportProvider;
06-05 15:44:45.374 10893 10893 D M_InsDal: Lcom/fsck/k9/controller/MessagingController;---><init>(Landroid/content/Context;Lcom/fsck/k9/notification/NotificationController;Lcom/fsck/k9/helper/Contacts;Lcom/fsck/k9/mail/TransportProvider;)V
06-05 15:44:45.374 10893 10893 D M_InsDal: Lcom/fsck/k9/controller/MemorizingMessagingListener;---><init>()V
06-05 15:44:45.374 10893 10893 D M_InsDal: Lcom/fsck/k9/controller/SimpleMessagingListener;---><init>()V
06-05 15:44:45.374 10893 10893 D M_InsDal: Lcom/fsck/k9/controller/MessagingController$1;---><init>(Lcom/fsck/k9/controller/MessagingController;)V
06-05 15:44:45.374 10893 10893 D M_InsDal: Lcom/fsck/k9/controller/MessagingController;--->addListener(Lcom/fsck/k9/controller/MessagingListener;)V
06-05 15:44:45.374 10893 10893 D M_InsDal: Lcom/fsck/k9/controller/MessagingController;--->refreshListener(Lcom/fsck/k9/controller/MessagingListener;)V
06-05 15:44:45.374 10893 10893 D M_InsDal: Lcom/fsck/k9/controller/MemorizingMessagingListener;--->refreshOther(Lcom/fsck/k9/controller/MessagingListener;)V
06-05 15:44:45.374 10893 10912 D M_InsDal: Lcom/fsck/k9/controller/MessagingController$1;--->run()V
06-05 15:44:45.374 10893 10893 D M_InsDal: Lcom/fsck/k9/K9$3;---><init>(Lcom/fsck/k9/K9;)V
06-05 15:44:45.374 10893 10893 D M_InsDal: Lcom/fsck/k9/controller/SimpleMessagingListener;---><init>()V
06-05 15:44:45.374 10893 10893 D M_InsDal: Lcom/fsck/k9/controller/MessagingController;--->addListener(Lcom/fsck/k9/controller/MessagingListener;)V
06-05 15:44:45.374 10893 10893 D M_InsDal: Lcom/fsck/k9/controller/MessagingController;--->refreshListener(Lcom/fsck/k9/controller/MessagingListener;)V
06-05 15:44:45.374 10893 10893 D M_InsDal: Lcom/fsck/k9/controller/MemorizingMessagingListener;--->refreshOther(Lcom/fsck/k9/controller/MessagingListener;)V
06-05 15:44:45.374 10893 10912 D M_InsDal: Lcom/fsck/k9/controller/MessagingController;--->runInBackground()V
06-05 15:44:45.374 10893 10893 D M_InsDal: Lcom/fsck/k9/K9;--->notifyObservers()V
06-05 15:44:45.374 10893 10893 D M_InsDal: Lcom/fsck/k9/provider/MessageProvider$1;--->initializeComponent(Landroid/app/Application;)V
06-05 15:44:45.374 10893 10893 D M_InsDal: Lcom/fsck/k9/controller/MessagingController;--->getInstance(Landroid/content/Context;)Lcom/fsck/k9/controller/MessagingController;
06-05 15:44:45.374 10893 10893 D M_InsDal: Lcom/fsck/k9/provider/MessageProvider$1$1;---><init>(Lcom/fsck/k9/provider/MessageProvider$1;Landroid/app/Application;)V
06-05 15:44:45.374 10893 10893 D M_InsDal: Lcom/fsck/k9/controller/SimpleMessagingListener;---><init>()V
06-05 15:44:45.374 10893 10893 D M_InsDal: Lcom/fsck/k9/controller/MessagingController;--->addListener(Lcom/fsck/k9/controller/MessagingListener;)V
06-05 15:44:45.374 10893 10893 D M_InsDal: Lcom/fsck/k9/controller/MessagingController;--->refreshListener(Lcom/fsck/k9/controller/MessagingListener;)V
06-05 15:44:45.374 10893 10893 D M_InsDal: Lcom/fsck/k9/controller/MemorizingMessagingListener;--->refreshOther(Lcom/fsck/k9/controller/MessagingListener;)V
06-05 15:44:45.375 10893 10893 D M_InsDal: Lcom/fsck/k9/provider/AttachmentTempFileProvider;--->onTrimMemory(I)V
06-05 15:44:45.375 10893 10893 D M_InsDal: Lcom/fsck/k9/provider/DecryptedFileProvider;--->onTrimMemory(I)V
06-05 15:44:45.376 10893 10893 D M_InsDal: Lcom/fsck/k9/activity/MessageCompose;---><clinit>()V
06-05 15:44:45.376 10893 10893 D M_InsDal: Lcom/fsck/k9/activity/MessageCompose;---><init>()V
06-05 15:44:45.376 10893 10893 D M_InsDal: Lcom/fsck/k9/activity/K9Activity;---><init>()V
06-05 15:44:45.376 10893 10893 D M_InsDal: Lcom/fsck/k9/activity/MessageCompose$10;---><init>(Lcom/fsck/k9/activity/MessageCompose;)V
06-05 15:44:45.376 10893 10893 D M_InsDal: Lcom/fsck/k9/activity/MessageCompose$11;---><init>(Lcom/fsck/k9/activity/MessageCompose;)V
06-05 15:44:45.376 10893 10893 D M_InsDal: Lcom/fsck/k9/controller/SimpleMessagingListener;---><init>()V
06-05 15:44:45.376 10893 10893 D M_InsDal: Lcom/fsck/k9/activity/MessageCompose$12;---><init>(Lcom/fsck/k9/activity/MessageCompose;)V
06-05 15:44:45.376 10893 10893 D M_InsDal: Lcom/fsck/k9/activity/MessageCompose$13;---><init>(Lcom/fsck/k9/activity/MessageCompose;)V
06-05 15:44:45.377 10893 10893 D M_InsDal: Lcom/fsck/k9/activity/K9Activity;--->onCreate(Landroid/os/Bundle;)V
06-05 15:44:45.377 10893 10893 D M_InsDal: Lcom/fsck/k9/activity/K9ActivityCommon;--->newInstance(Landroid/app/Activity;)Lcom/fsck/k9/activity/K9ActivityCommon;
06-05 15:44:45.377 10893 10893 D M_InsDal: Lcom/fsck/k9/activity/K9ActivityCommon;---><init>(Landroid/app/Activity;)V
06-05 15:44:45.377 10893 10893 D M_InsDal: Lcom/fsck/k9/K9;--->getK9Language()Ljava/lang/String;
06-05 15:44:45.377 10893 10893 D M_InsDal: Lcom/fsck/k9/activity/K9ActivityCommon;--->setLanguage(Landroid/content/Context;Ljava/lang/String;)V
06-05 15:44:45.377 10893 10893 D M_InsDal: Lcom/fsck/k9/K9;--->getK9ThemeResourceId()I
06-05 15:44:45.377 10893 10893 D M_InsDal: Lcom/fsck/k9/K9;--->getK9ThemeResourceId(Lcom/fsck/k9/K9$Theme;)I
06-05 15:44:45.377 10893 10893 D M_InsDal: Lcom/fsck/k9/activity/MessageCompose;--->onCreate(Landroid/os/Bundle;)V
06-05 15:44:45.377 10893 10893 D M_InsDal: Lcom/fsck/k9/activity/UpgradeDatabases;--->actionUpgradeDatabases(Landroid/content/Context;Landroid/content/Intent;)Z
06-05 15:44:45.377 10893 10893 D M_InsDal: Lcom/fsck/k9/K9;--->areDatabasesUpToDate()Z
06-05 15:44:45.378 10893 10893 D M_InsDal: Lcom/fsck/k9/K9;--->getK9ComposerThemeSetting()Lcom/fsck/k9/K9$Theme;
06-05 15:44:45.386 10893 10893 D M_InsDal: Lcom/fsck/k9/view/ToolableViewAnimator;---><init>(Landroid/content/Context;Landroid/util/AttributeSet;)V
06-05 15:44:45.386 10893 10893 D M_InsDal: Lcom/fsck/k9/view/ToolableViewAnimator;--->addView(Landroid/view/View;ILandroid/view/ViewGroup$LayoutParams;)V
06-05 15:44:45.386 10893 10893 D M_InsDal: Lcom/fsck/k9/view/ToolableViewAnimator;--->addView(Landroid/view/View;ILandroid/view/ViewGroup$LayoutParams;)V
06-05 15:44:45.386 10893 10893 D M_InsDal: Lcom/fsck/k9/view/ToolableViewAnimator;---><init>(Landroid/content/Context;Landroid/util/AttributeSet;)V
06-05 15:44:45.386 10893 10893 D M_InsDal: Lcom/fsck/k9/view/ToolableViewAnimator;--->addView(Landroid/view/View;ILandroid/view/ViewGroup$LayoutParams;)V
06-05 15:44:45.387 10893 10893 D M_InsDal: Lcom/fsck/k9/view/ToolableViewAnimator;--->addView(Landroid/view/View;ILandroid/view/ViewGroup$LayoutParams;)V
06-05 15:44:45.388 10893 10893 D M_InsDal: Lcom/fsck/k9/view/RecipientSelectView;---><init>(Landroid/content/Context;Landroid/util/AttributeSet;)V
06-05 15:44:45.390 10893 10893 D M_InsDal: Lcom/fsck/k9/view/RecipientSelectView;--->initView(Landroid/content/Context;)V
06-05 15:44:45.390 10893 10893 D M_InsDal: Lcom/fsck/k9/activity/AlternateRecipientAdapter;---><init>(Landroid/content/Context;Lcom/fsck/k9/activity/AlternateRecipientAdapter$AlternateRecipientListener;)V
06-05 15:44:45.390 10893 10893 D M_InsDal: Lcom/fsck/k9/activity/compose/RecipientAdapter;---><init>(Landroid/content/Context;)V
06-05 15:44:45.390 10893 10893 D M_InsDal: Lcom/fsck/k9/activity/compose/RecipientAdapter;--->getFilter()Landroid/widget/Filter;
06-05 15:44:45.391 10893 10893 D M_InsDal: Lcom/fsck/k9/activity/compose/RecipientAdapter$1;---><init>(Lcom/fsck/k9/activity/compose/RecipientAdapter;)V
06-05 15:44:45.391 10893 10893 D M_InsDal: Lcom/fsck/k9/view/RecipientSelectView;---><init>(Landroid/content/Context;Landroid/util/AttributeSet;)V
06-05 15:44:45.391 10893 10893 D M_InsDal: Lcom/fsck/k9/view/RecipientSelectView;--->initView(Landroid/content/Context;)V
06-05 15:44:45.391 10893 10893 D M_InsDal: Lcom/fsck/k9/activity/AlternateRecipientAdapter;---><init>(Landroid/content/Context;Lcom/fsck/k9/activity/AlternateRecipientAdapter$AlternateRecipientListener;)V
06-05 15:44:45.391 10893 10893 D M_InsDal: Lcom/fsck/k9/activity/compose/RecipientAdapter;---><init>(Landroid/content/Context;)V
06-05 15:44:45.391 10893 10893 D M_InsDal: Lcom/fsck/k9/activity/compose/RecipientAdapter;--->getFilter()Landroid/widget/Filter;
06-05 15:44:45.391 10893 10893 D M_InsDal: Lcom/fsck/k9/activity/compose/RecipientAdapter$1;---><init>(Lcom/fsck/k9/activity/compose/RecipientAdapter;)V
06-05 15:44:45.391 10893 10893 D M_InsDal: Lcom/fsck/k9/view/RecipientSelectView;---><init>(Landroid/content/Context;Landroid/util/AttributeSet;)V
06-05 15:44:45.392 10893 10893 D M_InsDal: Lcom/fsck/k9/view/RecipientSelectView;--->initView(Landroid/content/Context;)V
06-05 15:44:45.392 10893 10893 D M_InsDal: Lcom/fsck/k9/activity/AlternateRecipientAdapter;---><init>(Landroid/content/Context;Lcom/fsck/k9/activity/AlternateRecipientAdapter$AlternateRecipientListener;)V
06-05 15:44:45.392 10893 10893 D M_InsDal: Lcom/fsck/k9/activity/compose/RecipientAdapter;---><init>(Landroid/content/Context;)V
06-05 15:44:45.392 10893 10893 D M_InsDal: Lcom/fsck/k9/activity/compose/RecipientAdapter;--->getFilter()Landroid/widget/Filter;
06-05 15:44:45.392 10893 10893 D M_InsDal: Lcom/fsck/k9/activity/compose/RecipientAdapter$1;---><init>(Lcom/fsck/k9/activity/compose/RecipientAdapter;)V
06-05 15:44:45.392 10893 10893 D M_InsDal: Lcom/fsck/k9/ui/EolConvertingEditText;---><init>(Landroid/content/Context;Landroid/util/AttributeSet;)V
06-05 15:44:45.394 10893 10893 D M_InsDal: Lcom/fsck/k9/ui/EolConvertingEditText;---><init>(Landroid/content/Context;Landroid/util/AttributeSet;)V
06-05 15:44:45.394 10893 10893 D M_InsDal: Lcom/fsck/k9/view/RigidWebView;---><clinit>()V
06-05 15:44:45.394 10893 10893 D M_InsDal: Lcom/fsck/k9/view/MessageWebView;---><init>(Landroid/content/Context;Landroid/util/AttributeSet;)V
06-05 15:44:45.394 10893 10893 D M_InsDal: Lcom/fsck/k9/view/RigidWebView;---><init>(Landroid/content/Context;Landroid/util/AttributeSet;)V
06-05 15:44:45.535 10893 10893 D M_InsDal: Lcom/fsck/k9/Clock;---><clinit>()V
06-05 15:44:45.535 10893 10893 D M_InsDal: Lcom/fsck/k9/Clock;---><init>()V
06-05 15:44:45.535 10893 10893 D M_InsDal: Lcom/fsck/k9/Throttle;---><clinit>()V
06-05 15:44:45.535 10893 10893 D M_InsDal: Lcom/fsck/k9/view/RigidWebView$1;---><init>(Lcom/fsck/k9/view/RigidWebView;)V
06-05 15:44:45.535 10893 10893 D M_InsDal: Lcom/fsck/k9/helper/Utility;--->getMainThreadHandler()Landroid/os/Handler;
06-05 15:44:45.535 10893 10893 D M_InsDal: Lcom/fsck/k9/Throttle;---><init>(Ljava/lang/String;Ljava/lang/Runnable;Landroid/os/Handler;II)V
06-05 15:44:45.535 10893 10893 D M_InsDal: Lcom/fsck/k9/Throttle;---><init>(Ljava/lang/String;Ljava/lang/Runnable;Landroid/os/Handler;IILcom/fsck/k9/Clock;Ljava/util/Timer;)V
06-05 15:44:45.538 10893 10893 D M_InsDal: Lcom/fsck/k9/ui/EolConvertingEditText;---><init>(Landroid/content/Context;Landroid/util/AttributeSet;)V
06-05 15:44:45.540 10893 10893 D M_InsDal: Lcom/fsck/k9/activity/MessageCompose;--->initializeActionBar()V
06-05 15:44:45.540 10893 10893 D M_InsDal: Lcom/fsck/k9/activity/MessageReference;--->parse(Ljava/lang/String;)Lcom/fsck/k9/activity/MessageReference;
06-05 15:44:45.540 10893 10893 D M_InsDal: Lcom/fsck/k9/Preferences;--->getPreferences(Landroid/content/Context;)Lcom/fsck/k9/Preferences;
06-05 15:44:45.540 10893 10893 D M_InsDal: Lcom/fsck/k9/Preferences;--->getAccount(Ljava/lang/String;)Lcom/fsck/k9/Account;
06-05 15:44:45.540 10893 10893 D M_InsDal: Lcom/fsck/k9/Preferences;--->getPreferences(Landroid/content/Context;)Lcom/fsck/k9/Preferences;
06-05 15:44:45.540 10893 10893 D M_InsDal: Lcom/fsck/k9/Preferences;--->getDefaultAccount()Lcom/fsck/k9/Account;
06-05 15:44:45.540 10893 10893 D M_InsDal: Lcom/fsck/k9/Preferences;--->getStorage()Lcom/fsck/k9/preferences/Storage;
06-05 15:44:45.540 10893 10893 D M_InsDal: Lcom/fsck/k9/preferences/Storage;--->getString(Ljava/lang/String;Ljava/lang/String;)Ljava/lang/String;
06-05 15:44:45.540 10893 10893 D M_InsDal: Lcom/fsck/k9/Preferences;--->getAccount(Ljava/lang/String;)Lcom/fsck/k9/Account;
06-05 15:44:45.540 10893 10893 D M_InsDal: Lcom/fsck/k9/helper/Contacts;--->getInstance(Landroid/content/Context;)Lcom/fsck/k9/helper/Contacts;
06-05 15:44:45.540 10893 10893 D M_InsDal: Lcom/fsck/k9/helper/Contacts;---><init>(Landroid/content/Context;)V
06-05 15:44:45.540 10893 10893 D M_InsDal: Lcom/fsck/k9/activity/compose/RecipientMvpView;---><clinit>()V
06-05 15:44:45.540 10893 10893 D M_InsDal: Lcom/fsck/k9/activity/compose/RecipientMvpView;---><init>(Lcom/fsck/k9/activity/MessageCompose;)V
06-05 15:44:45.540 10893 10893 D M_InsDal: Lcom/fsck/k9/message/ComposePgpInlineDecider;---><init>()V
06-05 15:44:45.540 10893 10893 D M_InsDal: Lcom/fsck/k9/message/ComposePgpEnableByDefaultDecider;---><init>()V
06-05 15:44:45.540 10893 10893 D M_InsDal: Lcom/fsck/k9/message/AutocryptStatusInteractor;---><clinit>()V
06-05 15:44:45.540 10893 10893 D M_InsDal: Lcom/fsck/k9/message/AutocryptStatusInteractor;---><init>()V
06-05 15:44:45.540 10893 10893 D M_InsDal: Lcom/fsck/k9/message/AutocryptStatusInteractor;--->getInstance()Lcom/fsck/k9/message/AutocryptStatusInteractor;
06-05 15:44:45.540 10893 10893 D M_InsDal: Lcom/fsck/k9/helper/ReplyToParser;---><init>()V
06-05 15:44:45.540 10893 10893 D M_InsDal: Lcom/fsck/k9/activity/compose/RecipientPresenter;---><init>(Landroid/content/Context;Landroid/app/LoaderManager;Lcom/fsck/k9/activity/compose/RecipientMvpView;Lcom/fsck/k9/Account;Lcom/fsck/k9/message/ComposePgpInlineDecider;Lcom/fsck/k9/message/ComposePgpEnableByDefaultDecider;Lcom/fsck/k9/message/AutocryptStatusInteractor;Lcom/fsck/k9/helper/ReplyToParser;Lcom/fsck/k9/activity/compose/RecipientPresenter$RecipientsChangedListener;)V
06-05 15:44:45.540 10893 10893 D M_InsDal: Lcom/fsck/k9/activity/compose/RecipientPresenter$CryptoProviderState;---><clinit>()V
06-05 15:44:45.540 10893 10893 D M_InsDal: Lcom/fsck/k9/activity/compose/RecipientPresenter$CryptoProviderState;---><init>(Ljava/lang/String;I)V
06-05 15:44:45.540 10893 10893 D M_InsDal: Lcom/fsck/k9/activity/compose/RecipientPresenter$CryptoProviderState;---><init>(Ljava/lang/String;I)V
06-05 15:44:45.540 10893 10893 D M_InsDal: Lcom/fsck/k9/mail/Message$RecipientType;---><clinit>()V
06-05 15:44:45.540 10893 10893 D M_InsDal: Lcom/fsck/k9/mail/Message$RecipientType;---><init>(Ljava/lang/String;I)V
06-05 15:44:45.540 10893 10893 D M_InsDal: Lcom/fsck/k9/mail/Message$RecipientType;---><init>(Ljava/lang/String;I)V
06-05 15:44:45.540 10893 10893 D M_InsDal: Lcom/fsck/k9/activity/compose/RecipientPresenter$CryptoMode;---><clinit>()V
06-05 15:44:45.540 10893 10893 D M_InsDal: Lcom/fsck/k9/activity/compose/RecipientPresenter$CryptoMode;---><init>(Ljava/lang/String;I)V
06-05 15:44:45.540 10893 10893 D M_InsDal: Lcom/fsck/k9/activity/compose/RecipientPresenter$CryptoMode;---><init>(Ljava/lang/String;I)V
06-05 15:44:45.540 10893 10893 D M_InsDal: Lcom/fsck/k9/activity/compose/RecipientMvpView;--->setPresenter(Lcom/fsck/k9/activity/compose/RecipientPresenter;)V
06-05 15:44:45.540 10893 10893 D M_InsDal: Lcom/fsck/k9/activity/compose/RecipientMvpView$1;---><init>(Lcom/fsck/k9/activity/compose/RecipientMvpView;Lcom/fsck/k9/activity/compose/RecipientPresenter;)V
06-05 15:44:45.540 10893 10893 D M_InsDal: Lcom/fsck/k9/view/RecipientSelectView;--->setTokenListener(Lcom/fsck/k9/view/RecipientSelectView$TokenListener;)V
06-05 15:44:45.540 10893 10893 D M_InsDal: Lcom/fsck/k9/activity/compose/RecipientMvpView$2;---><init>(Lcom/fsck/k9/activity/compose/RecipientMvpView;Lcom/fsck/k9/activity/compose/RecipientPresenter;)V
06-05 15:44:45.540 10893 10893 D M_InsDal: Lcom/fsck/k9/view/RecipientSelectView;--->setTokenListener(Lcom/fsck/k9/view/RecipientSelectView$TokenListener;)V
06-05 15:44:45.540 10893 10893 D M_InsDal: Lcom/fsck/k9/activity/compose/RecipientMvpView$3;---><init>(Lcom/fsck/k9/activity/compose/RecipientMvpView;Lcom/fsck/k9/activity/compose/RecipientPresenter;)V
06-05 15:44:45.540 10893 10893 D M_InsDal: Lcom/fsck/k9/view/RecipientSelectView;--->setTokenListener(Lcom/fsck/k9/view/RecipientSelectView$TokenListener;)V
06-05 15:44:45.540 10893 10893 D M_InsDal: Lcom/fsck/k9/activity/compose/RecipientMvpView;--->setLoaderManager(Landroid/app/LoaderManager;)V
06-05 15:44:45.540 10893 10893 D M_InsDal: Lcom/fsck/k9/view/RecipientSelectView;--->setLoaderManager(Landroid/app/LoaderManager;)V
06-05 15:44:45.540 10893 10893 D M_InsDal: Lcom/fsck/k9/view/RecipientSelectView;--->setLoaderManager(Landroid/app/LoaderManager;)V
06-05 15:44:45.540 10893 10893 D M_InsDal: Lcom/fsck/k9/activity/compose/RecipientPresenter;--->onSwitchAccount(Lcom/fsck/k9/Account;)V
06-05 15:44:45.540 10893 10893 D M_InsDal: Lcom/fsck/k9/Account;--->isAlwaysShowCcBcc()Z
06-05 15:44:45.540 10893 10893 D M_InsDal: Lcom/fsck/k9/activity/compose/RecipientPresenter;--->setupCryptoProvider()V
06-05 15:44:45.540 10893 10893 D M_InsDal: Lcom/fsck/k9/K9;--->getOpenPgpProvider()Ljava/lang/String;
06-05 15:44:45.540 10893 10893 D M_InsDal: Lcom/fsck/k9/activity/compose/RecipientPresenter;--->setCryptoProviderState(Lcom/fsck/k9/activity/compose/RecipientPresenter$CryptoProviderState;)V
06-05 15:44:45.540 10893 10893 D M_InsDal: Lcom/fsck/k9/activity/compose/RecipientMvpView;--->setCryptoProvider(Ljava/lang/String;)V
06-05 15:44:45.540 10893 10893 D M_InsDal: Lcom/fsck/k9/view/RecipientSelectView;--->setCryptoProvider(Ljava/lang/String;Z)V
06-05 15:44:45.540 10893 10893 D M_InsDal: Lcom/fsck/k9/activity/compose/RecipientAdapter;--->setShowAdvancedInfo(Z)V
06-05 15:44:45.540 10893 10893 D M_InsDal: Lcom/fsck/k9/activity/AlternateRecipientAdapter;--->setShowAdvancedInfo(Z)V
06-05 15:44:45.540 10893 10893 D M_InsDal: Lcom/fsck/k9/view/RecipientSelectView;--->setCryptoProvider(Ljava/lang/String;Z)V
06-05 15:44:45.540 10893 10893 D M_InsDal: Lcom/fsck/k9/activity/compose/RecipientAdapter;--->setShowAdvancedInfo(Z)V
06-05 15:44:45.540 10893 10893 D M_InsDal: Lcom/fsck/k9/activity/AlternateRecipientAdapter;--->setShowAdvancedInfo(Z)V
06-05 15:44:45.540 10893 10893 D M_InsDal: Lcom/fsck/k9/view/RecipientSelectView;--->setCryptoProvider(Ljava/lang/String;Z)V
06-05 15:44:45.540 10893 10893 D M_InsDal: Lcom/fsck/k9/activity/compose/RecipientAdapter;--->setShowAdvancedInfo(Z)V
06-05 15:44:45.540 10893 10893 D M_InsDal: Lcom/fsck/k9/activity/AlternateRecipientAdapter;--->setShowAdvancedInfo(Z)V
06-05 15:44:45.540 10893 10893 D M_InsDal: Lcom/fsck/k9/activity/compose/RecipientPresenter;--->asyncUpdateCryptoStatus()V
06-05 15:44:45.540 10893 10893 D M_InsDal: Lcom/fsck/k9/Account;--->getCryptoKey()J
06-05 15:44:45.540 10893 10893 D M_InsDal: Lcom/fsck/k9/activity/compose/ComposeCryptoStatus$ComposeCryptoStatusBuilder;---><init>()V
06-05 15:44:45.540 10893 10893 D M_InsDal: Lcom/fsck/k9/activity/compose/ComposeCryptoStatus$ComposeCryptoStatusBuilder;--->setCryptoProviderState(Lcom/fsck/k9/activity/compose/RecipientPresenter$CryptoProviderState;)Lcom/fsck/k9/activity/compose/ComposeCryptoStatus$ComposeCryptoStatusBuilder;
06-05 15:44:45.540 10893 10893 D M_InsDal: Lcom/fsck/k9/activity/compose/ComposeCryptoStatus$ComposeCryptoStatusBuilder;--->setCryptoMode(Lcom/fsck/k9/activity/compose/RecipientPresenter$CryptoMode;)Lcom/fsck/k9/activity/compose/ComposeCryptoStatus$ComposeCryptoStatusBuilder;
06-05 15:44:45.540 10893 10893 D M_InsDal: Lcom/fsck/k9/activity/compose/ComposeCryptoStatus$ComposeCryptoStatusBuilder;--->setEnablePgpInline(Z)Lcom/fsck/k9/activity/compose/ComposeCryptoStatus$ComposeCryptoStatusBuilder;
06-05 15:44:45.540 10893 10893 D M_InsDal: Lcom/fsck/k9/Account;--->getAutocryptPreferEncryptMutual()Z
06-05 15:44:45.540 10893 10893 D M_InsDal: Lcom/fsck/k9/activity/compose/ComposeCryptoStatus$ComposeCryptoStatusBuilder;--->setPreferEncryptMutual(Z)Lcom/fsck/k9/activity/compose/ComposeCryptoStatus$ComposeCryptoStatusBuilder;
06-05 15:44:45.540 10893 10893 D M_InsDal: Lcom/fsck/k9/activity/compose/RecipientPresenter;--->getAllRecipients()Ljava/util/List;
06-05 15:44:45.540 10893 10893 D M_InsDal: Lcom/fsck/k9/activity/compose/RecipientMvpView;--->getToRecipients()Ljava/util/List;
06-05 15:44:45.540 10893 10893 D M_InsDal: Lcom/fsck/k9/activity/compose/RecipientMvpView;--->getCcRecipients()Ljava/util/List;
06-05 15:44:45.540 10893 10893 D M_InsDal: Lcom/fsck/k9/activity/compose/RecipientMvpView;--->getBccRecipients()Ljava/util/List;
06-05 15:44:45.540 10893 10893 D M_InsDal: Lcom/fsck/k9/activity/compose/ComposeCryptoStatus$ComposeCryptoStatusBuilder;--->setRecipients(Ljava/util/List;)Lcom/fsck/k9/activity/compose/ComposeCryptoStatus$ComposeCryptoStatusBuilder;
06-05 15:44:45.540 10893 10893 D M_InsDal: Lcom/fsck/k9/activity/compose/ComposeCryptoStatus$ComposeCryptoStatusBuilder;--->setOpenPgpKeyId(Ljava/lang/Long;)Lcom/fsck/k9/activity/compose/ComposeCryptoStatus$ComposeCryptoStatusBuilder;
06-05 15:44:45.540 10893 10893 D M_InsDal: Lcom/fsck/k9/activity/compose/ComposeCryptoStatus$ComposeCryptoStatusBuilder;--->build()Lcom/fsck/k9/activity/compose/ComposeCryptoStatus;
06-05 15:44:45.541 10893 10893 D M_InsDal: Lcom/fsck/k9/activity/compose/ComposeCryptoStatus;---><init>()V
06-05 15:44:45.541 10893 10893 D M_InsDal: Lcom/fsck/k9/activity/compose/ComposeCryptoStatus;--->getRecipientAddresses()[Ljava/lang/String;
06-05 15:44:45.541 10893 10893 D M_InsDal: Lcom/fsck/k9/activity/compose/RecipientPresenter$1;---><init>(Lcom/fsck/k9/activity/compose/RecipientPresenter;[Ljava/lang/String;Lcom/fsck/k9/activity/compose/ComposeCryptoStatus;)V
06-05 15:44:45.541 10893 10893 D M_InsDal: Lcom/fsck/k9/activity/compose/RecipientPresenter;--->asyncUpdateCryptoStatus()V
06-05 15:44:45.541 10893 10893 D M_InsDal: Lcom/fsck/k9/Account;--->getCryptoKey()J
06-05 15:44:45.541 10893 10893 D M_InsDal: Lcom/fsck/k9/activity/compose/ComposeCryptoStatus$ComposeCryptoStatusBuilder;---><init>()V
06-05 15:44:45.541 10893 10893 D M_InsDal: Lcom/fsck/k9/activity/compose/ComposeCryptoStatus$ComposeCryptoStatusBuilder;--->setCryptoProviderState(Lcom/fsck/k9/activity/compose/RecipientPresenter$CryptoProviderState;)Lcom/fsck/k9/activity/compose/ComposeCryptoStatus$ComposeCryptoStatusBuilder;
06-05 15:44:45.541 10893 10893 D M_InsDal: Lcom/fsck/k9/activity/compose/ComposeCryptoStatus$ComposeCryptoStatusBuilder;--->setCryptoMode(Lcom/fsck/k9/activity/compose/RecipientPresenter$CryptoMode;)Lcom/fsck/k9/activity/compose/ComposeCryptoStatus$ComposeCryptoStatusBuilder;
06-05 15:44:45.541 10893 10893 D M_InsDal: Lcom/fsck/k9/activity/compose/ComposeCryptoStatus$ComposeCryptoStatusBuilder;--->setEnablePgpInline(Z)Lcom/fsck/k9/activity/compose/ComposeCryptoStatus$ComposeCryptoStatusBuilder;
06-05 15:44:45.541 10893 10893 D M_InsDal: Lcom/fsck/k9/Account;--->getAutocryptPreferEncryptMutual()Z
06-05 15:44:45.541 10893 10893 D M_InsDal: Lcom/fsck/k9/activity/compose/ComposeCryptoStatus$ComposeCryptoStatusBuilder;--->setPreferEncryptMutual(Z)Lcom/fsck/k9/activity/compose/ComposeCryptoStatus$ComposeCryptoStatusBuilder;
06-05 15:44:45.541 10893 10893 D M_InsDal: Lcom/fsck/k9/activity/compose/RecipientPresenter;--->getAllRecipients()Ljava/util/List;
06-05 15:44:45.541 10893 10893 D M_InsDal: Lcom/fsck/k9/activity/compose/RecipientMvpView;--->getToRecipients()Ljava/util/List;
06-05 15:44:45.541 10893 10893 D M_InsDal: Lcom/fsck/k9/activity/compose/RecipientMvpView;--->getCcRecipients()Ljava/util/List;
06-05 15:44:45.541 10893 10893 D M_InsDal: Lcom/fsck/k9/activity/compose/RecipientMvpView;--->getBccRecipients()Ljava/util/List;
06-05 15:44:45.541 10893 10893 D M_InsDal: Lcom/fsck/k9/activity/compose/ComposeCryptoStatus$ComposeCryptoStatusBuilder;--->setRecipients(Ljava/util/List;)Lcom/fsck/k9/activity/compose/ComposeCryptoStatus$ComposeCryptoStatusBuilder;
06-05 15:44:45.541 10893 10893 D M_InsDal: Lcom/fsck/k9/activity/compose/ComposeCryptoStatus$ComposeCryptoStatusBuilder;--->setOpenPgpKeyId(Ljava/lang/Long;)Lcom/fsck/k9/activity/compose/ComposeCryptoStatus$ComposeCryptoStatusBuilder;
06-05 15:44:45.541 10893 10893 D M_InsDal: Lcom/fsck/k9/activity/compose/ComposeCryptoStatus$ComposeCryptoStatusBuilder;--->build()Lcom/fsck/k9/activity/compose/ComposeCryptoStatus;
06-05 15:44:45.541 10893 10893 D M_InsDal: Lcom/fsck/k9/activity/compose/ComposeCryptoStatus;---><init>()V
06-05 15:44:45.541 10893 10893 D M_InsDal: Lcom/fsck/k9/activity/compose/ComposeCryptoStatus;--->getRecipientAddresses()[Ljava/lang/String;
06-05 15:44:45.541 10893 10893 D M_InsDal: Lcom/fsck/k9/activity/compose/RecipientPresenter$1;---><init>(Lcom/fsck/k9/activity/compose/RecipientPresenter;[Ljava/lang/String;Lcom/fsck/k9/activity/compose/ComposeCryptoStatus;)V
06-05 15:44:45.541 10893 10954 D M_InsDal: Lcom/fsck/k9/activity/compose/RecipientPresenter$1;--->doInBackground([Ljava/lang/Void;)Lcom/fsck/k9/message/AutocryptStatusInteractor$RecipientAutocryptStatus;
06-05 15:44:45.541 10893 10893 D M_InsDal: Lcom/fsck/k9/ui/compose/QuotedMessageMvpView;---><init>(Lcom/fsck/k9/activity/MessageCompose;)V
06-05 15:44:45.541 10893 10893 D M_InsDal: Lcom/fsck/k9/view/MessageWebView;--->configure()V
06-05 15:44:45.541 10893 10893 D M_InsDal: Lcom/fsck/k9/K9;--->getK9MessageViewTheme()Lcom/fsck/k9/K9$Theme;
06-05 15:44:45.541 10893 10955 D M_InsDal: Lcom/fsck/k9/activity/compose/RecipientPresenter$1;--->doInBackground([Ljava/lang/Void;)Lcom/fsck/k9/message/AutocryptStatusInteractor$RecipientAutocryptStatus;
06-05 15:44:45.541 10893 10893 D M_InsDal: Lcom/fsck/k9/K9;--->autofitWidth()Z
06-05 15:44:45.542 10893 10893 D M_InsDal: Lcom/fsck/k9/view/MessageWebView;--->disableDisplayZoomControls()V
06-05 15:44:45.542 10893 10893 D M_InsDal: Lcom/fsck/k9/K9;--->getFontSizes()Lcom/fsck/k9/FontSizes;
06-05 15:44:45.542 10893 10893 D M_InsDal: Lcom/fsck/k9/FontSizes;--->getMessageViewContentAsPercent()I
06-05 15:44:45.542 10893 10893 D M_InsDal: Lcom/fsck/k9/view/MessageWebView;--->blockNetworkData(Z)V
06-05 15:44:45.542 10893 10893 D M_InsDal: Lcom/fsck/k9/ui/compose/QuotedMessageMvpView$1;---><init>(Lcom/fsck/k9/ui/compose/QuotedMessageMvpView;)V
06-05 15:44:45.542 10893 10893 D M_InsDal: Lcom/fsck/k9/ui/compose/QuotedMessagePresenter;---><init>(Lcom/fsck/k9/activity/MessageCompose;Lcom/fsck/k9/ui/compose/QuotedMessageMvpView;Lcom/fsck/k9/Account;)V
06-05 15:44:45.542 10893 10893 D M_InsDal: Lcom/fsck/k9/ui/compose/QuotedMessagePresenter;--->onSwitchAccount(Lcom/fsck/k9/Account;)V
06-05 15:44:45.542 10893 10893 D M_InsDal: Lcom/fsck/k9/message/QuotedTextMode;---><clinit>()V
06-05 15:44:45.542 10893 10893 D M_InsDal: Lcom/fsck/k9/message/QuotedTextMode;---><init>(Ljava/lang/String;I)V
06-05 15:44:45.542 10893 10893 D M_InsDal: Lcom/fsck/k9/message/QuotedTextMode;---><init>(Ljava/lang/String;I)V
06-05 15:44:45.542 10893 10893 D M_InsDal: Lcom/fsck/k9/Account;--->getQuoteStyle()Lcom/fsck/k9/Account$QuoteStyle;
06-05 15:44:45.542 10893 10893 D M_InsDal: Lcom/fsck/k9/ui/compose/QuotedMessageMvpView;--->setOnClickPresenter(Lcom/fsck/k9/ui/compose/QuotedMessagePresenter;)V
06-05 15:44:45.542 10893 10893 D M_InsDal: Lcom/fsck/k9/ui/compose/QuotedMessageMvpView$2;---><init>(Lcom/fsck/k9/ui/compose/QuotedMessageMvpView;Lcom/fsck/k9/ui/compose/QuotedMessagePresenter;)V
06-05 15:44:45.542 10893 10893 D M_InsDal: Lcom/fsck/k9/activity/compose/AttachmentPresenter;---><init>(Landroid/content/Context;Lcom/fsck/k9/activity/compose/AttachmentPresenter$AttachmentMvpView;Landroid/app/LoaderManager;Lcom/fsck/k9/activity/compose/AttachmentPresenter$AttachmentsChangedListener;)V
06-05 15:44:45.542 10893 10893 D M_InsDal: Lcom/fsck/k9/activity/compose/AttachmentPresenter$WaitingAction;---><clinit>()V
06-05 15:44:45.542 10893 10893 D M_InsDal: Lcom/fsck/k9/activity/compose/AttachmentPresenter$WaitingAction;---><init>(Ljava/lang/String;I)V
06-05 15:44:45.542 10893 10893 D M_InsDal: Lcom/fsck/k9/activity/compose/AttachmentPresenter$WaitingAction;---><init>(Ljava/lang/String;I)V
06-05 15:44:45.542 10893 10893 D M_InsDal: Lcom/fsck/k9/activity/compose/AttachmentPresenter$1;---><init>(Lcom/fsck/k9/activity/compose/AttachmentPresenter;)V
06-05 15:44:45.542 10893 10893 D M_InsDal: Lcom/fsck/k9/activity/compose/AttachmentPresenter$2;---><init>(Lcom/fsck/k9/activity/compose/AttachmentPresenter;)V
06-05 15:44:45.543 10893 10893 D M_InsDal: Lcom/fsck/k9/activity/MessageCompose$1;---><init>(Lcom/fsck/k9/activity/MessageCompose;)V
06-05 15:44:45.543 10893 10893 D M_InsDal: Lcom/fsck/k9/helper/SimpleTextWatcher;---><init>()V
06-05 15:44:45.543 10893 10893 D M_InsDal: Lcom/fsck/k9/activity/MessageCompose$2;---><init>(Lcom/fsck/k9/activity/MessageCompose;)V
06-05 15:44:45.543 10893 10893 D M_InsDal: Lcom/fsck/k9/helper/SimpleTextWatcher;---><init>()V
06-05 15:44:45.543 10893 10893 D M_InsDal: Lcom/fsck/k9/activity/compose/RecipientMvpView;--->addTextChangedListener(Landroid/text/TextWatcher;)V
06-05 15:44:45.543 10893 10893 D M_InsDal: Lcom/fsck/k9/ui/compose/QuotedMessageMvpView;--->addTextChangedListener(Landroid/text/TextWatcher;)V
06-05 15:44:45.543 10893 10893 D M_InsDal: Lcom/fsck/k9/ui/compose/QuotedMessagePresenter;--->showOrHideQuotedText(Lcom/fsck/k9/message/QuotedTextMode;)V
06-05 15:44:45.543 10893 10893 D M_InsDal: Lcom/fsck/k9/ui/compose/QuotedMessageMvpView;--->showOrHideQuotedText(Lcom/fsck/k9/message/QuotedTextMode;Lcom/fsck/k9/message/SimpleMessageFormat;)V
06-05 15:44:45.543 10893 10893 D M_InsDal: Lcom/fsck/k9/ui/compose/QuotedMessageMvpView$3;---><clinit>()V
06-05 15:44:45.543 10893 10893 D M_InsDal: Lcom/fsck/k9/message/QuotedTextMode;--->values()[Lcom/fsck/k9/message/QuotedTextMode;
06-05 15:44:45.543 10893 10893 D M_InsDal: Lcom/fsck/k9/activity/MessageCompose;--->initFromIntent(Landroid/content/Intent;)Z
06-05 15:44:45.543 10893 10893 D M_InsDal: Lcom/fsck/k9/activity/MessageCompose$Action;---><clinit>()V
06-05 15:44:45.543 10893 10893 D M_InsDal: Lcom/fsck/k9/activity/MessageCompose$Action;---><init>(Ljava/lang/String;II)V
06-05 15:44:45.543 10893 10893 D M_InsDal: Lcom/fsck/k9/activity/MessageCompose$Action;---><init>(Ljava/lang/String;II)V
06-05 15:44:45.543 10893 10893 D M_InsDal: Lcom/fsck/k9/Account;--->getIdentity(I)Lcom/fsck/k9/Identity;
06-05 15:44:45.543 10893 10893 D M_InsDal: Lcom/fsck/k9/Account;--->isSignatureBeforeQuotedText()Z
06-05 15:44:45.543 10893 10893 D M_InsDal: Lcom/fsck/k9/activity/MessageCompose;--->updateSignature()V
06-05 15:44:45.543 10893 10893 D M_InsDal: Lcom/fsck/k9/Identity;--->getSignatureUse()Z
06-05 15:44:45.543 10893 10893 D M_InsDal: Lcom/fsck/k9/Identity;--->getSignature()Ljava/lang/String;
06-05 15:44:45.543 10893 10893 D M_InsDal: Lcom/fsck/k9/ui/EolConvertingEditText;--->setCharacters(Ljava/lang/CharSequence;)V
06-05 15:44:45.543 10893 10893 D M_InsDal: Lcom/fsck/k9/Identity;--->getSignatureUse()Z
06-05 15:44:45.543 10893 10893 D M_InsDal: Lcom/fsck/k9/Account;--->isMessageReadReceiptAlways()Z
06-05 15:44:45.543 10893 10893 D M_InsDal: Lcom/fsck/k9/activity/MessageCompose;--->updateFrom()V
06-05 15:44:45.543 10893 10893 D M_InsDal: Lcom/fsck/k9/Identity;--->getEmail()Ljava/lang/String;
06-05 15:44:45.543 10893 10893 D M_InsDal: Lcom/fsck/k9/Account;--->getAlwaysBcc()Ljava/lang/String;
06-05 15:44:45.543 10893 10893 D M_InsDal: Lcom/fsck/k9/activity/compose/RecipientMvpView;--->requestFocusOnToField()V
06-05 15:44:45.543 10893 10893 D M_InsDal: Lcom/fsck/k9/activity/compose/RecipientMvpView;--->onFocusChange(Landroid/view/View;Z)V
06-05 15:44:45.543 10893 10893 D M_InsDal: Lcom/fsck/k9/activity/compose/RecipientPresenter;--->onToFocused()V
06-05 15:44:45.543 10893 10893 D M_InsDal: Lcom/fsck/k9/view/RecipientSelectView;--->onFocusChanged(ZILandroid/graphics/Rect;)V
06-05 15:44:45.543 10893 10893 D M_InsDal: Lcom/fsck/k9/view/RecipientSelectView;--->displayKeyboard()V
06-05 15:44:45.543 10893 10893 D M_InsDal: Lcom/fsck/k9/activity/MessageCompose;--->updateMessageFormat()V
06-05 15:44:45.543 10893 10893 D M_InsDal: Lcom/fsck/k9/Account;--->getMessageFormat()Lcom/fsck/k9/Account$MessageFormat;
06-05 15:44:45.543 10893 10893 D M_InsDal: Lcom/fsck/k9/ui/compose/QuotedMessagePresenter;--->isForcePlainText()Z
06-05 15:44:45.543 10893 10893 D M_InsDal: Lcom/fsck/k9/activity/compose/RecipientPresenter;--->isForceTextMessageFormat()Z
06-05 15:44:45.543 10893 10893 D M_InsDal: Lcom/fsck/k9/message/SimpleMessageFormat;---><clinit>()V
06-05 15:44:45.543 10893 10893 D M_InsDal: Lcom/fsck/k9/message/SimpleMessageFormat;---><init>(Ljava/lang/String;I)V
06-05 15:44:45.543 10893 10893 D M_InsDal: Lcom/fsck/k9/message/SimpleMessageFormat;---><init>(Ljava/lang/String;I)V
06-05 15:44:45.543 10893 10893 D M_InsDal: Lcom/fsck/k9/activity/MessageCompose;--->setCurrentMessageFormat(Lcom/fsck/k9/message/SimpleMessageFormat;)V
06-05 15:44:45.543 10893 10893 D M_InsDal: Lcom/fsck/k9/K9;--->getFontSizes()Lcom/fsck/k9/FontSizes;
06-05 15:44:45.543 10893 10893 D M_InsDal: Lcom/fsck/k9/FontSizes;--->getMessageComposeInput()I
06-05 15:44:45.543 10893 10893 D M_InsDal: Lcom/fsck/k9/K9;--->getFontSizes()Lcom/fsck/k9/FontSizes;
06-05 15:44:45.543 10893 10893 D M_InsDal: Lcom/fsck/k9/activity/compose/RecipientMvpView;--->setFontSizes(Lcom/fsck/k9/FontSizes;I)V
06-05 15:44:45.543 10893 10893 D M_InsDal: Lcom/fsck/k9/FontSizes;--->setViewTextSize(Landroid/widget/TextView;I)V
06-05 15:44:45.543 10893 10893 D M_InsDal: Lcom/fsck/k9/FontSizes;--->setViewTextSize(Landroid/widget/TextView;I)V
06-05 15:44:45.543 10893 10893 D M_InsDal: Lcom/fsck/k9/K9;--->getFontSizes()Lcom/fsck/k9/FontSizes;
06-05 15:44:45.543 10893 10893 D M_InsDal: Lcom/fsck/k9/ui/compose/QuotedMessageMvpView;--->setFontSizes(Lcom/fsck/k9/FontSizes;I)V
06-05 15:44:45.543 10893 10893 D M_InsDal: Lcom/fsck/k9/FontSizes;--->setViewTextSize(Landroid/widget/TextView;I)V
06-05 15:44:45.543 10893 10893 D M_InsDal: Lcom/fsck/k9/K9;--->getFontSizes()Lcom/fsck/k9/FontSizes;
06-05 15:44:45.543 10893 10893 D M_InsDal: Lcom/fsck/k9/FontSizes;--->setViewTextSize(Landroid/widget/TextView;I)V
06-05 15:44:45.543 10893 10893 D M_InsDal: Lcom/fsck/k9/K9;--->getFontSizes()Lcom/fsck/k9/FontSizes;
06-05 15:44:45.543 10893 10893 D M_InsDal: Lcom/fsck/k9/FontSizes;--->setViewTextSize(Landroid/widget/TextView;I)V
06-05 15:44:45.543 10893 10893 D M_InsDal: Lcom/fsck/k9/K9;--->getFontSizes()Lcom/fsck/k9/FontSizes;
06-05 15:44:45.543 10893 10893 D M_InsDal: Lcom/fsck/k9/FontSizes;--->setViewTextSize(Landroid/widget/TextView;I)V
06-05 15:44:45.543 10893 10893 D M_InsDal: Lcom/fsck/k9/activity/MessageCompose;--->updateMessageFormat()V
06-05 15:44:45.543 10893 10893 D M_InsDal: Lcom/fsck/k9/Account;--->getMessageFormat()Lcom/fsck/k9/Account$MessageFormat;
06-05 15:44:45.543 10893 10893 D M_InsDal: Lcom/fsck/k9/ui/compose/QuotedMessagePresenter;--->isForcePlainText()Z
06-05 15:44:45.543 10893 10893 D M_InsDal: Lcom/fsck/k9/activity/compose/RecipientPresenter;--->isForceTextMessageFormat()Z
06-05 15:44:45.543 10893 10893 D M_InsDal: Lcom/fsck/k9/activity/MessageCompose;--->setCurrentMessageFormat(Lcom/fsck/k9/message/SimpleMessageFormat;)V
06-05 15:44:45.543 10893 10893 D M_InsDal: Lcom/fsck/k9/activity/MessageCompose;--->setTitle()V
06-05 15:44:45.543 10893 10893 D M_InsDal: Lcom/fsck/k9/activity/MessageCompose$Action;--->getTitleResource()I
06-05 15:44:45.545 10893 10893 D M_InsDal: Lcom/fsck/k9/activity/MessageCompose;--->onResume()V
06-05 15:44:45.545 10893 10893 D M_InsDal: Lcom/fsck/k9/controller/MessagingController;--->getInstance(Landroid/content/Context;)Lcom/fsck/k9/controller/MessagingController;
06-05 15:44:45.545 10893 10893 D M_InsDal: Lcom/fsck/k9/controller/MessagingController;--->addListener(Lcom/fsck/k9/controller/MessagingListener;)V
06-05 15:44:45.545 10893 10893 D M_InsDal: Lcom/fsck/k9/controller/MessagingController;--->refreshListener(Lcom/fsck/k9/controller/MessagingListener;)V
06-05 15:44:45.545 10893 10893 D M_InsDal: Lcom/fsck/k9/controller/MemorizingMessagingListener;--->refreshOther(Lcom/fsck/k9/controller/MessagingListener;)V
06-05 15:44:45.555 10893 10893 D M_InsDal: Lcom/fsck/k9/service/MailService;---><init>()V
06-05 15:44:45.555 10893 10893 D M_InsDal: Lcom/fsck/k9/service/CoreService;---><init>()V
06-05 15:44:45.555 10893 10893 D M_InsDal: Lcom/fsck/k9/service/CoreService;--->onCreate()V
06-05 15:44:45.555 10893 10893 D M_InsDal: Lcom/fsck/k9/service/MailService;--->onCreate()V
06-05 15:44:45.555 10893 10893 D M_InsDal: Lcom/fsck/k9/service/CoreService;--->onStartCommand(Landroid/content/Intent;II)I
06-05 15:44:45.555 10893 10893 D M_InsDal: Lcom/fsck/k9/service/CoreService;--->acquireWakeLock(Landroid/content/Context;Ljava/lang/String;J)Lcom/fsck/k9/mail/power/TracingPowerManager$TracingWakeLock;
06-05 15:44:45.555 10893 10893 D M_InsDal: Lcom/fsck/k9/mail/power/TracingPowerManager;--->getPowerManager(Landroid/content/Context;)Lcom/fsck/k9/mail/power/TracingPowerManager;
06-05 15:44:45.555 10893 10893 D M_InsDal: Lcom/fsck/k9/mail/power/TracingPowerManager;--->newWakeLock(ILjava/lang/String;)Lcom/fsck/k9/mail/power/TracingPowerManager$TracingWakeLock;
06-05 15:44:45.555 10893 10893 D M_InsDal: Lcom/fsck/k9/mail/power/TracingPowerManager$TracingWakeLock;---><init>(Lcom/fsck/k9/mail/power/TracingPowerManager;ILjava/lang/String;)V
06-05 15:44:45.555 10893 10893 D M_InsDal: Lcom/fsck/k9/mail/K9MailLib;--->isDebug()Z
06-05 15:44:45.555 10893 10893 D M_InsDal: Lcom/fsck/k9/K9$2;--->enabled()Z
06-05 15:44:45.555 10893 10893 D M_InsDal: Lcom/fsck/k9/mail/power/TracingPowerManager$TracingWakeLock;--->setReferenceCounted(Z)V
06-05 15:44:45.555 10893 10893 D M_InsDal: Lcom/fsck/k9/mail/power/TracingPowerManager$TracingWakeLock;--->acquire(J)V
06-05 15:44:45.556 10893 10893 D M_InsDal: Lcom/fsck/k9/mail/K9MailLib;--->isDebug()Z
06-05 15:44:45.556 10893 10893 D M_InsDal: Lcom/fsck/k9/K9$2;--->enabled()Z
06-05 15:44:45.556 10893 10893 D M_InsDal: Lcom/fsck/k9/mail/power/TracingPowerManager$TracingWakeLock;--->raiseNotification()V
06-05 15:44:45.556 10893 10893 D M_InsDal: Lcom/fsck/k9/mail/power/TracingPowerManager$TracingWakeLock;--->release()V
06-05 15:44:45.556 10893 10893 D M_InsDal: Lcom/fsck/k9/mail/K9MailLib;--->isDebug()Z
06-05 15:44:45.556 10893 10893 D M_InsDal: Lcom/fsck/k9/K9$2;--->enabled()Z
06-05 15:44:45.556 10893 10893 D M_InsDal: Lcom/fsck/k9/mail/power/TracingPowerManager$TracingWakeLock;--->cancelNotification()V
06-05 15:44:45.556 10893 10893 D M_InsDal: Lcom/fsck/k9/service/MailService;--->startService(Landroid/content/Intent;I)I
06-05 15:44:45.556 10893 10893 D M_InsDal: Lcom/fsck/k9/service/MailService;--->isSyncDisabled()Z
06-05 15:44:45.556 10893 10893 D M_InsDal: Lcom/fsck/k9/helper/Utility;--->hasConnectivity(Landroid/content/Context;)Z
06-05 15:44:45.556 10893 10893 D M_InsDal: Lcom/fsck/k9/K9;--->getBackgroundOps()Lcom/fsck/k9/K9$BACKGROUND_OPS;
06-05 15:44:45.556 10893 10893 D M_InsDal: Lcom/fsck/k9/service/MailService$5;---><clinit>()V
06-05 15:44:45.557 10893 10893 D M_InsDal: Lcom/fsck/k9/K9$BACKGROUND_OPS;--->values()[Lcom/fsck/k9/K9$BACKGROUND_OPS;
06-05 15:44:45.557 10893 10893 D M_InsDal: Lcom/fsck/k9/service/MailService;--->rescheduleAllInBackground(ZZLjava/lang/Integer;)V
06-05 15:44:45.557 10893 10893 D M_InsDal: Lcom/fsck/k9/service/MailService$1;---><init>(Lcom/fsck/k9/service/MailService;ZZ)V
06-05 15:44:45.557 10893 10893 D M_InsDal: Lcom/fsck/k9/service/CoreService;--->execute(Landroid/content/Context;Ljava/lang/Runnable;ILjava/lang/Integer;)V
06-05 15:44:45.557 10893 10893 D M_InsDal: Lcom/fsck/k9/service/CoreService;--->acquireWakeLock(Landroid/content/Context;Ljava/lang/String;J)Lcom/fsck/k9/mail/power/TracingPowerManager$TracingWakeLock;
06-05 15:44:45.557 10893 10893 D M_InsDal: Lcom/fsck/k9/mail/power/TracingPowerManager;--->getPowerManager(Landroid/content/Context;)Lcom/fsck/k9/mail/power/TracingPowerManager;
06-05 15:44:45.557 10893 10893 D M_InsDal: Lcom/fsck/k9/mail/power/TracingPowerManager;--->newWakeLock(ILjava/lang/String;)Lcom/fsck/k9/mail/power/TracingPowerManager$TracingWakeLock;
06-05 15:44:45.557 10893 10893 D M_InsDal: Lcom/fsck/k9/mail/power/TracingPowerManager$TracingWakeLock;---><init>(Lcom/fsck/k9/mail/power/TracingPowerManager;ILjava/lang/String;)V
06-05 15:44:45.557 10893 10893 D M_InsDal: Lcom/fsck/k9/mail/K9MailLib;--->isDebug()Z
06-05 15:44:45.557 10893 10893 D M_InsDal: Lcom/fsck/k9/K9$2;--->enabled()Z
06-05 15:44:45.557 10893 10893 D M_InsDal: Lcom/fsck/k9/mail/power/TracingPowerManager$TracingWakeLock;--->setReferenceCounted(Z)V
06-05 15:44:45.557 10893 10893 D M_InsDal: Lcom/fsck/k9/mail/power/TracingPowerManager$TracingWakeLock;--->acquire(J)V
06-05 15:44:45.557 10893 10893 D M_InsDal: Lcom/fsck/k9/mail/K9MailLib;--->isDebug()Z
06-05 15:44:45.557 10893 10893 D M_InsDal: Lcom/fsck/k9/K9$2;--->enabled()Z
06-05 15:44:45.557 10893 10893 D M_InsDal: Lcom/fsck/k9/mail/power/TracingPowerManager$TracingWakeLock;--->raiseNotification()V
06-05 15:44:45.557 10893 10893 D M_InsDal: Lcom/fsck/k9/service/CoreService$1;---><init>(Lcom/fsck/k9/service/CoreService;Ljava/lang/Runnable;Ljava/lang/Integer;Lcom/fsck/k9/mail/power/TracingPowerManager$TracingWakeLock;Z)V
06-05 15:44:45.557 10893 10893 D M_InsDal: Lcom/fsck/k9/service/MailService;--->isSyncDisabled()Z
06-05 15:44:45.557 10893 10893 D M_InsDal: Lcom/fsck/k9/mail/power/TracingPowerManager$TracingWakeLock;--->release()V
06-05 15:44:45.557 10893 10893 D M_InsDal: Lcom/fsck/k9/mail/K9MailLib;--->isDebug()Z
06-05 15:44:45.557 10893 10893 D M_InsDal: Lcom/fsck/k9/K9$2;--->enabled()Z
06-05 15:44:45.557 10893 10893 D M_InsDal: Lcom/fsck/k9/mail/power/TracingPowerManager$TracingWakeLock;--->cancelNotification()V
06-05 15:44:45.557 10893 10958 D M_InsDal: Lcom/fsck/k9/service/CoreService$1;--->run()V
06-05 15:44:45.557 10893 10958 D M_InsDal: Lcom/fsck/k9/service/MailService;--->isSyncDisabled()Z
06-05 15:44:45.557 10893 10958 D M_InsDal: Lcom/fsck/k9/service/MailService$1;--->run()V
06-05 15:44:45.557 10893 10958 D M_InsDal: Lcom/fsck/k9/service/MailService;--->reschedulePoll(ZZZ)V
06-05 15:44:45.557 10893 10958 D M_InsDal: Lcom/fsck/k9/Preferences;--->getPreferences(Landroid/content/Context;)Lcom/fsck/k9/Preferences;
06-05 15:44:45.557 10893 10958 D M_InsDal: Lcom/fsck/k9/Preferences;--->getStorage()Lcom/fsck/k9/preferences/Storage;
06-05 15:44:45.557 10893 10958 D M_InsDal: Lcom/fsck/k9/preferences/Storage;--->getInt(Ljava/lang/String;I)I
06-05 15:44:45.558 10893 10958 D M_InsDal: Lcom/fsck/k9/preferences/Storage;--->getLong(Ljava/lang/String;J)J
06-05 15:44:45.558 10893 10958 D M_InsDal: Lcom/fsck/k9/Preferences;--->getAvailableAccounts()Ljava/util/Collection;
06-05 15:44:45.558 10893 10958 D M_InsDal: Lcom/fsck/k9/Preferences;--->getAccounts()Ljava/util/List;
06-05 15:44:45.558 10893 10958 D M_InsDal: Lcom/fsck/k9/Account;--->isEnabled()Z
06-05 15:44:45.558 10893 10958 D M_InsDal: Lcom/fsck/k9/Account;--->isAvailable(Landroid/content/Context;)Z
06-05 15:44:45.558 10893 10958 D M_InsDal: Lcom/fsck/k9/Account;--->getLocalStorageProviderId()Ljava/lang/String;
06-05 15:44:45.558 10893 10958 D M_InsDal: Lcom/fsck/k9/mailstore/StorageManager;--->getInstance(Landroid/content/Context;)Lcom/fsck/k9/mailstore/StorageManager;
06-05 15:44:45.558 10893 10958 D M_InsDal: Lcom/fsck/k9/mailstore/StorageManager;--->isReady(Ljava/lang/String;)Z
06-05 15:44:45.558 10893 10958 D M_InsDal: Lcom/fsck/k9/mailstore/StorageManager;--->getProvider(Ljava/lang/String;)Lcom/fsck/k9/mailstore/StorageManager$StorageProvider;
06-05 15:44:45.558 10893 10958 D M_InsDal: Lcom/fsck/k9/mailstore/StorageManager$InternalStorageProvider;--->isReady(Landroid/content/Context;)Z
06-05 15:44:45.558 10893 10958 D M_InsDal: Lcom/fsck/k9/Account;--->getAutomaticCheckIntervalMinutes()I
06-05 15:44:45.558 10893 10958 D M_InsDal: Lcom/fsck/k9/preferences/Storage;--->edit()Lcom/fsck/k9/preferences/StorageEditor;
06-05 15:44:45.558 10893 10958 D M_InsDal: Lcom/fsck/k9/preferences/StorageEditor;---><init>(Lcom/fsck/k9/preferences/Storage;)V
06-05 15:44:45.558 10893 10958 D M_InsDal: Lcom/fsck/k9/preferences/Storage;--->getAll()Ljava/util/Map;
06-05 15:44:45.558 10893 10958 D M_InsDal: Lcom/fsck/k9/preferences/StorageEditor;--->putInt(Ljava/lang/String;I)Lcom/fsck/k9/preferences/StorageEditor;
06-05 15:44:45.558 10893 10958 D M_InsDal: Lcom/fsck/k9/preferences/StorageEditor;--->commit()Z
06-05 15:44:45.558 10893 10958 D M_InsDal: Lcom/fsck/k9/preferences/StorageEditor;--->commitChanges()V
06-05 15:44:45.558 10893 10958 D M_InsDal: Lcom/fsck/k9/preferences/StorageEditor$1;---><init>(Lcom/fsck/k9/preferences/StorageEditor;)V
06-05 15:44:45.558 10893 10958 D M_InsDal: Lcom/fsck/k9/preferences/Storage;--->doInTransaction(Ljava/lang/Runnable;)V
06-05 15:44:45.558 10893 10958 D M_InsDal: Lcom/fsck/k9/preferences/Storage;--->openDB()Landroid/database/sqlite/SQLiteDatabase;
06-05 15:44:45.560 10893 10958 D M_InsDal: Lcom/fsck/k9/preferences/StorageEditor$1;--->run()V
06-05 15:44:45.560 10893 10958 D M_InsDal: Lcom/fsck/k9/preferences/Storage;--->put(Ljava/util/Map;)V
06-05 15:44:45.561 10893 10958 D M_InsDal: Lcom/fsck/k9/service/MailService;--->cancel()V
06-05 15:44:45.561 10893 10958 D M_InsDal: Lcom/fsck/k9/service/CoreReceiver;---><clinit>()V
06-05 15:44:45.561 10893 10958 D M_InsDal: Lcom/fsck/k9/service/BootReceiver;--->cancelIntent(Landroid/content/Context;Landroid/content/Intent;)V
06-05 15:44:45.562 10893 10958 D M_InsDal: Lcom/fsck/k9/service/MailService;--->reschedulePushers(ZZ)V
06-05 15:44:45.562 10893 10958 D M_InsDal: Lcom/fsck/k9/service/MailService;--->stopPushers()V
06-05 15:44:45.562 10893 10958 D M_InsDal: Lcom/fsck/k9/controller/MessagingController;--->getInstance(Landroid/content/Context;)Lcom/fsck/k9/controller/MessagingController;
06-05 15:44:45.562 10893 10958 D M_InsDal: Lcom/fsck/k9/controller/MessagingController;--->stopAllPushing()V
06-05 15:44:45.562 10893 10958 D M_InsDal: Lcom/fsck/k9/service/PushService;--->stopService(Landroid/content/Context;)V
06-05 15:44:45.562 10893 10958 D M_InsDal: Lcom/fsck/k9/service/CoreService;--->addWakeLock(Landroid/content/Context;Landroid/content/Intent;)V
06-05 15:44:45.562 10893 10958 D M_InsDal: Lcom/fsck/k9/service/CoreService;--->acquireWakeLock(Landroid/content/Context;Ljava/lang/String;J)Lcom/fsck/k9/mail/power/TracingPowerManager$TracingWakeLock;
06-05 15:44:45.562 10893 10958 D M_InsDal: Lcom/fsck/k9/mail/power/TracingPowerManager;--->getPowerManager(Landroid/content/Context;)Lcom/fsck/k9/mail/power/TracingPowerManager;
06-05 15:44:45.562 10893 10958 D M_InsDal: Lcom/fsck/k9/mail/power/TracingPowerManager;--->newWakeLock(ILjava/lang/String;)Lcom/fsck/k9/mail/power/TracingPowerManager$TracingWakeLock;
06-05 15:44:45.562 10893 10958 D M_InsDal: Lcom/fsck/k9/mail/power/TracingPowerManager$TracingWakeLock;---><init>(Lcom/fsck/k9/mail/power/TracingPowerManager;ILjava/lang/String;)V
06-05 15:44:45.562 10893 10958 D M_InsDal: Lcom/fsck/k9/mail/K9MailLib;--->isDebug()Z
06-05 15:44:45.562 10893 10958 D M_InsDal: Lcom/fsck/k9/K9$2;--->enabled()Z
06-05 15:44:45.562 10893 10958 D M_InsDal: Lcom/fsck/k9/mail/power/TracingPowerManager$TracingWakeLock;--->setReferenceCounted(Z)V
06-05 15:44:45.562 10893 10958 D M_InsDal: Lcom/fsck/k9/mail/power/TracingPowerManager$TracingWakeLock;--->acquire(J)V
06-05 15:44:45.563 10893 10958 D M_InsDal: Lcom/fsck/k9/mail/K9MailLib;--->isDebug()Z
06-05 15:44:45.563 10893 10958 D M_InsDal: Lcom/fsck/k9/K9$2;--->enabled()Z
06-05 15:44:45.563 10893 10958 D M_InsDal: Lcom/fsck/k9/mail/power/TracingPowerManager$TracingWakeLock;--->raiseNotification()V
06-05 15:44:45.563 10893 10958 D M_InsDal: Lcom/fsck/k9/service/CoreService;--->registerWakeLock(Lcom/fsck/k9/mail/power/TracingPowerManager$TracingWakeLock;)Ljava/lang/Integer;
06-05 15:44:45.564 10893 10958 D M_InsDal: Lcom/fsck/k9/service/MailService;--->setupPushers()V
06-05 15:44:45.564 10893 10893 D M_InsDal: Lcom/fsck/k9/activity/compose/RecipientPresenter$1;--->onPostExecute(Lcom/fsck/k9/message/AutocryptStatusInteractor$RecipientAutocryptStatus;)V
06-05 15:44:45.564 10893 10958 D M_InsDal: Lcom/fsck/k9/Preferences;--->getPreferences(Landroid/content/Context;)Lcom/fsck/k9/Preferences;
06-05 15:44:45.564 10893 10893 D M_InsDal: Lcom/fsck/k9/activity/compose/RecipientPresenter;--->redrawCachedCryptoStatusIcon()V
06-05 15:44:45.564 10893 10958 D M_InsDal: Lcom/fsck/k9/Preferences;--->getAccounts()Ljava/util/List;
06-05 15:44:45.564 10893 10893 D M_InsDal: Lcom/fsck/k9/activity/compose/ComposeCryptoStatus;--->isEncryptionEnabled()Z
06-05 15:44:45.564 10893 10893 D M_InsDal: Lcom/fsck/k9/activity/compose/RecipientMvpView;--->setRecipientTokensShowCryptoEnabled(Z)V
06-05 15:44:45.564 10893 10893 D M_InsDal: Lcom/fsck/k9/view/RecipientSelectView;--->setShowCryptoEnabled(Z)V
06-05 15:44:45.564 10893 10893 D M_InsDal: Lcom/fsck/k9/view/RecipientSelectView;--->redrawAllTokens()V
06-05 15:44:45.564 10893 10958 D M_InsDal: Lcom/fsck/k9/Account;--->getDescription()Ljava/lang/String;
06-05 15:44:45.564 10893 10958 D M_InsDal: Lcom/fsck/k9/Account;--->isEnabled()Z
06-05 15:44:45.564 10893 10958 D M_InsDal: Lcom/fsck/k9/Account;--->isAvailable(Landroid/content/Context;)Z
06-05 15:44:45.564 10893 10958 D M_InsDal: Lcom/fsck/k9/Account;--->getLocalStorageProviderId()Ljava/lang/String;
06-05 15:44:45.564 10893 10958 D M_InsDal: Lcom/fsck/k9/mailstore/StorageManager;--->getInstance(Landroid/content/Context;)Lcom/fsck/k9/mailstore/StorageManager;
06-05 15:44:45.564 10893 10958 D M_InsDal: Lcom/fsck/k9/mailstore/StorageManager;--->isReady(Ljava/lang/String;)Z
06-05 15:44:45.564 10893 10958 D M_InsDal: Lcom/fsck/k9/mailstore/StorageManager;--->getProvider(Ljava/lang/String;)Lcom/fsck/k9/mailstore/StorageManager$StorageProvider;
06-05 15:44:45.564 10893 10958 D M_InsDal: Lcom/fsck/k9/mailstore/StorageManager$InternalStorageProvider;--->isReady(Landroid/content/Context;)Z
06-05 15:44:45.564 10893 10958 D M_InsDal: Lcom/fsck/k9/controller/MessagingController;--->getInstance(Landroid/content/Context;)Lcom/fsck/k9/controller/MessagingController;
06-05 15:44:45.564 10893 10893 D M_InsDal: Lcom/fsck/k9/view/RecipientSelectView;--->setShowCryptoEnabled(Z)V
06-05 15:44:45.564 10893 10958 D M_InsDal: Lcom/fsck/k9/controller/MessagingController;--->setupPushing(Lcom/fsck/k9/Account;)Z
