06-05 15:44:45.564 10893 10893 D M_InsDal: Lcom/fsck/k9/view/RecipientSelectView;--->redrawAllTokens()V
06-05 15:44:45.564 10893 10958 D M_InsDal: Lcom/fsck/k9/Account;--->hashCode()I
06-05 15:44:45.564 10893 10893 D M_InsDal: Lcom/fsck/k9/view/RecipientSelectView;--->setShowCryptoEnabled(Z)V
06-05 15:44:45.564 10893 10893 D M_InsDal: Lcom/fsck/k9/view/RecipientSelectView;--->redrawAllTokens()V
06-05 15:44:45.564 10893 10893 D M_InsDal: Lcom/fsck/k9/activity/compose/ComposeCryptoStatus;--->getCryptoStatusDisplayType()Lcom/fsck/k9/activity/compose/RecipientMvpView$CryptoStatusDisplayType;
06-05 15:44:45.564 10893 10958 D M_InsDal: Lcom/fsck/k9/Account;--->getFolderDisplayMode()Lcom/fsck/k9/Account$FolderMode;
06-05 15:44:45.564 10893 10958 D M_InsDal: Lcom/fsck/k9/Account;--->getFolderPushMode()Lcom/fsck/k9/Account$FolderMode;
06-05 15:44:45.564 10893 10958 D M_InsDal: Lcom/fsck/k9/Account;--->getLocalStore()Lcom/fsck/k9/mailstore/LocalStore;
06-05 15:44:45.564 10893 10893 D M_InsDal: Lcom/fsck/k9/activity/compose/ComposeCryptoStatus$1;---><clinit>()V
06-05 15:44:45.565 10893 10893 D M_InsDal: Lcom/fsck/k9/activity/compose/RecipientPresenter$CryptoMode;--->values()[Lcom/fsck/k9/activity/compose/RecipientPresenter$CryptoMode;
06-05 15:44:45.565 10893 10958 D M_InsDal: Lcom/fsck/k9/mailstore/LocalStore;---><clinit>()V
06-05 15:44:45.565 10893 10893 D M_InsDal: Lcom/fsck/k9/activity/compose/RecipientPresenter$CryptoProviderState;--->values()[Lcom/fsck/k9/activity/compose/RecipientPresenter$CryptoProviderState;
06-05 15:44:45.565 10893 10958 D M_InsDal: Lcom/fsck/k9/mailstore/LocalStore;--->getInstance(Lcom/fsck/k9/Account;Landroid/content/Context;)Lcom/fsck/k9/mailstore/LocalStore;
06-05 15:44:45.565 10893 10958 D M_InsDal: Lcom/fsck/k9/Account;--->getUuid()Ljava/lang/String;
06-05 15:44:45.565 10893 10958 D M_InsDal: Lcom/fsck/k9/mailstore/LocalStore;---><init>(Lcom/fsck/k9/Account;Landroid/content/Context;)V
06-05 15:44:45.565 10893 10958 D M_InsDal: Lcom/fsck/k9/mail/Store;---><init>()V
06-05 15:44:45.565 10893 10893 D M_InsDal: Lcom/fsck/k9/activity/compose/RecipientMvpView$CryptoStatusDisplayType;---><clinit>()V
06-05 15:44:45.565 10893 10958 D M_InsDal: Lcom/fsck/k9/message/extractors/MessagePreviewCreator;--->newInstance()Lcom/fsck/k9/message/extractors/MessagePreviewCreator;
06-05 15:44:45.565 10893 10958 D M_InsDal: Lcom/fsck/k9/message/extractors/TextPartFinder;---><init>()V
06-05 15:44:45.565 10893 10893 D M_InsDal: Lcom/fsck/k9/activity/compose/RecipientMvpView$CryptoStatusDisplayType;---><init>(Ljava/lang/String;II)V
06-05 15:44:45.565 10893 10893 D M_InsDal: Lcom/fsck/k9/activity/compose/RecipientMvpView$CryptoStatusDisplayType;---><init>(Ljava/lang/String;II)V
06-05 15:44:45.565 10893 10958 D M_InsDal: Lcom/fsck/k9/message/extractors/PreviewTextExtractor;---><init>()V
06-05 15:44:45.565 10893 10893 D M_InsDal: Lcom/fsck/k9/activity/compose/RecipientMvpView$CryptoStatusDisplayType;---><init>(Ljava/lang/String;II)V
06-05 15:44:45.565 10893 10893 D M_InsDal: Lcom/fsck/k9/activity/compose/RecipientMvpView$CryptoStatusDisplayType;---><init>(Ljava/lang/String;II)V
06-05 15:44:45.565 10893 10958 D M_InsDal: Lcom/fsck/k9/message/extractors/EncryptionDetector;---><init>(Lcom/fsck/k9/message/extractors/TextPartFinder;)V
06-05 15:44:45.565 10893 10958 D M_InsDal: Lcom/fsck/k9/message/extractors/MessagePreviewCreator;---><init>(Lcom/fsck/k9/message/extractors/TextPartFinder;Lcom/fsck/k9/message/extractors/PreviewTextExtractor;Lcom/fsck/k9/message/extractors/EncryptionDetector;)V
06-05 15:44:45.565 10893 10893 D M_InsDal: Lcom/fsck/k9/activity/compose/RecipientMvpView$CryptoStatusDisplayType;---><init>(Ljava/lang/String;II)V
06-05 15:44:45.565 10893 10958 D M_InsDal: Lcom/fsck/k9/message/extractors/MessageFulltextCreator;--->newInstance()Lcom/fsck/k9/message/extractors/MessageFulltextCreator;
06-05 15:44:45.565 10893 10958 D M_InsDal: Lcom/fsck/k9/message/extractors/TextPartFinder;---><init>()V
06-05 15:44:45.565 10893 10958 D M_InsDal: Lcom/fsck/k9/message/extractors/EncryptionDetector;---><init>(Lcom/fsck/k9/message/extractors/TextPartFinder;)V
06-05 15:44:45.565 10893 10893 D M_InsDal: Lcom/fsck/k9/activity/compose/RecipientMvpView$CryptoStatusDisplayType;---><init>(Ljava/lang/String;II)V
06-05 15:44:45.565 10893 10958 D M_InsDal: Lcom/fsck/k9/message/extractors/MessageFulltextCreator;---><init>(Lcom/fsck/k9/message/extractors/TextPartFinder;Lcom/fsck/k9/message/extractors/EncryptionDetector;)V
06-05 15:44:45.565 10893 10893 D M_InsDal: Lcom/fsck/k9/activity/compose/RecipientMvpView$CryptoStatusDisplayType;---><init>(Ljava/lang/String;II)V
06-05 15:44:45.565 10893 10958 D M_InsDal: Lcom/fsck/k9/message/extractors/AttachmentCounter;--->newInstance()Lcom/fsck/k9/message/extractors/AttachmentCounter;
06-05 15:44:45.565 10893 10958 D M_InsDal: Lcom/fsck/k9/message/extractors/TextPartFinder;---><init>()V
06-05 15:44:45.565 10893 10893 D M_InsDal: Lcom/fsck/k9/activity/compose/RecipientMvpView$CryptoStatusDisplayType;---><init>(Ljava/lang/String;II)V
06-05 15:44:45.565 10893 10958 D M_InsDal: Lcom/fsck/k9/message/extractors/EncryptionDetector;---><init>(Lcom/fsck/k9/message/extractors/TextPartFinder;)V
06-05 15:44:45.565 10893 10893 D M_InsDal: Lcom/fsck/k9/activity/compose/RecipientMvpView$CryptoStatusDisplayType;---><init>(Ljava/lang/String;II)V
06-05 15:44:45.565 10893 10893 D M_InsDal: Lcom/fsck/k9/activity/compose/RecipientMvpView$CryptoStatusDisplayType;---><init>(Ljava/lang/String;II)V
06-05 15:44:45.565 10893 10958 D M_InsDal: Lcom/fsck/k9/message/extractors/AttachmentCounter;---><init>(Lcom/fsck/k9/message/extractors/EncryptionDetector;)V
06-05 15:44:45.565 10893 10893 D M_InsDal: Lcom/fsck/k9/activity/compose/RecipientMvpView;--->showCryptoStatus(Lcom/fsck/k9/activity/compose/RecipientMvpView$CryptoStatusDisplayType;)V
06-05 15:44:45.565 10893 10958 D M_InsDal: Lcom/fsck/k9/controller/PendingCommandSerializer;---><clinit>()V
06-05 15:44:45.565 10893 10958 D M_InsDal: Lcom/fsck/k9/controller/PendingCommandSerializer;---><init>()V
06-05 15:44:45.565 10893 10893 D M_InsDal: Lcom/fsck/k9/activity/compose/ComposeCryptoStatus;--->getCryptoSpecialModeDisplayType()Lcom/fsck/k9/activity/compose/RecipientMvpView$CryptoSpecialModeDisplayType;
06-05 15:44:45.565 10893 10893 D M_InsDal: Lcom/fsck/k9/activity/compose/RecipientMvpView$CryptoSpecialModeDisplayType;---><clinit>()V
06-05 15:44:45.565 10893 10893 D M_InsDal: Lcom/fsck/k9/activity/compose/RecipientMvpView$CryptoSpecialModeDisplayType;---><init>(Ljava/lang/String;II)V
06-05 15:44:45.565 10893 10893 D M_InsDal: Lcom/fsck/k9/activity/compose/RecipientMvpView$CryptoSpecialModeDisplayType;---><init>(Ljava/lang/String;II)V
06-05 15:44:45.565 10893 10893 D M_InsDal: Lcom/fsck/k9/activity/compose/RecipientMvpView;--->showCryptoSpecialMode(Lcom/fsck/k9/activity/compose/RecipientMvpView$CryptoSpecialModeDisplayType;)V
06-05 15:44:45.565 10893 10893 D M_InsDal: Lcom/fsck/k9/activity/compose/RecipientPresenter$1;--->onPostExecute(Lcom/fsck/k9/message/AutocryptStatusInteractor$RecipientAutocryptStatus;)V
06-05 15:44:45.565 10893 10893 D M_InsDal: Lcom/fsck/k9/activity/compose/RecipientPresenter;--->redrawCachedCryptoStatusIcon()V
06-05 15:44:45.565 10893 10893 D M_InsDal: Lcom/fsck/k9/activity/compose/ComposeCryptoStatus;--->isEncryptionEnabled()Z
06-05 15:44:45.565 10893 10893 D M_InsDal: Lcom/fsck/k9/activity/compose/RecipientMvpView;--->setRecipientTokensShowCryptoEnabled(Z)V
06-05 15:44:45.565 10893 10893 D M_InsDal: Lcom/fsck/k9/view/RecipientSelectView;--->setShowCryptoEnabled(Z)V
06-05 15:44:45.565 10893 10893 D M_InsDal: Lcom/fsck/k9/view/RecipientSelectView;--->redrawAllTokens()V
06-05 15:44:45.565 10893 10893 D M_InsDal: Lcom/fsck/k9/view/RecipientSelectView;--->setShowCryptoEnabled(Z)V
06-05 15:44:45.565 10893 10893 D M_InsDal: Lcom/fsck/k9/view/RecipientSelectView;--->redrawAllTokens()V
06-05 15:44:45.565 10893 10893 D M_InsDal: Lcom/fsck/k9/view/RecipientSelectView;--->setShowCryptoEnabled(Z)V
06-05 15:44:45.565 10893 10893 D M_InsDal: Lcom/fsck/k9/view/RecipientSelectView;--->redrawAllTokens()V
06-05 15:44:45.565 10893 10893 D M_InsDal: Lcom/fsck/k9/activity/compose/ComposeCryptoStatus;--->getCryptoStatusDisplayType()Lcom/fsck/k9/activity/compose/RecipientMvpView$CryptoStatusDisplayType;
06-05 15:44:45.565 10893 10893 D M_InsDal: Lcom/fsck/k9/activity/compose/RecipientMvpView;--->showCryptoStatus(Lcom/fsck/k9/activity/compose/RecipientMvpView$CryptoStatusDisplayType;)V
06-05 15:44:45.566 10893 10893 D M_InsDal: Lcom/fsck/k9/activity/compose/ComposeCryptoStatus;--->getCryptoSpecialModeDisplayType()Lcom/fsck/k9/activity/compose/RecipientMvpView$CryptoSpecialModeDisplayType;
06-05 15:44:45.566 10893 10893 D M_InsDal: Lcom/fsck/k9/activity/compose/RecipientMvpView;--->showCryptoSpecialMode(Lcom/fsck/k9/activity/compose/RecipientMvpView$CryptoSpecialModeDisplayType;)V
06-05 15:44:45.569 10893 10958 D M_InsDal: Lcom/fsck/k9/controller/PendingCommandSerializer;--->getInstance()Lcom/fsck/k9/controller/PendingCommandSerializer;
06-05 15:44:45.569 10893 10958 D M_InsDal: Lcom/fsck/k9/message/extractors/AttachmentInfoExtractor;--->getInstance()Lcom/fsck/k9/message/extractors/AttachmentInfoExtractor;
06-05 15:44:45.569 10893 10958 D M_InsDal: Lcom/fsck/k9/Globals;--->getContext()Landroid/content/Context;
06-05 15:44:45.569 10893 10958 D M_InsDal: Lcom/fsck/k9/message/extractors/AttachmentInfoExtractor;---><init>(Landroid/content/Context;)V
06-05 15:44:45.569 10893 10958 D M_InsDal: Lcom/fsck/k9/Account;--->getUuid()Ljava/lang/String;
06-05 15:44:45.570 10893 10958 D M_InsDal: Lcom/fsck/k9/mailstore/StoreSchemaDefinition;---><init>(Lcom/fsck/k9/mailstore/LocalStore;)V
06-05 15:44:45.570 10893 10958 D M_InsDal: Lcom/fsck/k9/mailstore/LockableDatabase;---><init>(Landroid/content/Context;Ljava/lang/String;Lcom/fsck/k9/mailstore/LockableDatabase$SchemaDefinition;)V
06-05 15:44:45.570 10893 10958 D M_InsDal: Lcom/fsck/k9/mailstore/LockableDatabase$StorageListener;---><init>(Lcom/fsck/k9/mailstore/LockableDatabase;)V
06-05 15:44:45.570 10893 10958 D M_InsDal: Lcom/fsck/k9/Account;--->getLocalStorageProviderId()Ljava/lang/String;
06-05 15:44:45.570 10893 10958 D M_InsDal: Lcom/fsck/k9/mailstore/LockableDatabase;--->setStorageProviderId(Ljava/lang/String;)V
06-05 15:44:45.570 10893 10958 D M_InsDal: Lcom/fsck/k9/mailstore/LockableDatabase;--->open()V
06-05 15:44:45.570 10893 10958 D M_InsDal: Lcom/fsck/k9/mailstore/LockableDatabase;--->lockWrite()V
06-05 15:44:45.570 10893 10958 D M_InsDal: Lcom/fsck/k9/mailstore/LockableDatabase;--->lockWrite(Ljava/lang/String;)V
06-05 15:44:45.570 10893 10958 D M_InsDal: Lcom/fsck/k9/mailstore/LockableDatabase;--->getStorageManager()Lcom/fsck/k9/mailstore/StorageManager;
06-05 15:44:45.570 10893 10958 D M_InsDal: Lcom/fsck/k9/mailstore/StorageManager;--->getInstance(Landroid/content/Context;)Lcom/fsck/k9/mailstore/StorageManager;
06-05 15:44:45.570 10893 10958 D M_InsDal: Lcom/fsck/k9/mailstore/StorageManager;--->lockProvider(Ljava/lang/String;)V
06-05 15:44:45.570 10893 10958 D M_InsDal: Lcom/fsck/k9/mailstore/StorageManager;--->getProvider(Ljava/lang/String;)Lcom/fsck/k9/mailstore/StorageManager$StorageProvider;
06-05 15:44:45.570 10893 10958 D M_InsDal: Lcom/fsck/k9/mailstore/StorageManager$InternalStorageProvider;--->isReady(Landroid/content/Context;)Z
06-05 15:44:45.570 10893 10958 D M_InsDal: Lcom/fsck/k9/mailstore/LockableDatabase;--->openOrCreateDataspace()V
06-05 15:44:45.570 10893 10958 D M_InsDal: Lcom/fsck/k9/mailstore/LockableDatabase;--->lockWrite()V
06-05 15:44:45.570 10893 10958 D M_InsDal: Lcom/fsck/k9/mailstore/LockableDatabase;--->lockWrite(Ljava/lang/String;)V
06-05 15:44:45.570 10893 10958 D M_InsDal: Lcom/fsck/k9/mailstore/LockableDatabase;--->getStorageManager()Lcom/fsck/k9/mailstore/StorageManager;
06-05 15:44:45.570 10893 10958 D M_InsDal: Lcom/fsck/k9/mailstore/StorageManager;--->getInstance(Landroid/content/Context;)Lcom/fsck/k9/mailstore/StorageManager;
06-05 15:44:45.570 10893 10958 D M_InsDal: Lcom/fsck/k9/mailstore/StorageManager;--->lockProvider(Ljava/lang/String;)V
06-05 15:44:45.570 10893 10958 D M_InsDal: Lcom/fsck/k9/mailstore/StorageManager;--->getProvider(Ljava/lang/String;)Lcom/fsck/k9/mailstore/StorageManager$StorageProvider;
06-05 15:44:45.570 10893 10958 D M_InsDal: Lcom/fsck/k9/mailstore/StorageManager$InternalStorageProvider;--->isReady(Landroid/content/Context;)Z
06-05 15:44:45.570 10893 10958 D M_InsDal: Lcom/fsck/k9/mailstore/LockableDatabase;--->prepareStorage(Ljava/lang/String;)Ljava/io/File;
06-05 15:44:45.570 10893 10958 D M_InsDal: Lcom/fsck/k9/mailstore/LockableDatabase;--->getStorageManager()Lcom/fsck/k9/mailstore/StorageManager;
06-05 15:44:45.570 10893 10958 D M_InsDal: Lcom/fsck/k9/mailstore/StorageManager;--->getInstance(Landroid/content/Context;)Lcom/fsck/k9/mailstore/StorageManager;
06-05 15:44:45.570 10893 10958 D M_InsDal: Lcom/fsck/k9/mailstore/StorageManager;--->getDatabase(Ljava/lang/String;Ljava/lang/String;)Ljava/io/File;
06-05 15:44:45.570 10893 10958 D M_InsDal: Lcom/fsck/k9/mailstore/StorageManager;--->getProvider(Ljava/lang/String;)Lcom/fsck/k9/mailstore/StorageManager$StorageProvider;
06-05 15:44:45.570 10893 10958 D M_InsDal: Lcom/fsck/k9/mailstore/StorageManager$InternalStorageProvider;--->getDatabase(Landroid/content/Context;Ljava/lang/String;)Ljava/io/File;
06-05 15:44:45.570 10893 10958 D M_InsDal: Lcom/fsck/k9/mailstore/StorageManager;--->getAttachmentDirectory(Ljava/lang/String;Ljava/lang/String;)Ljava/io/File;
06-05 15:44:45.570 10893 10958 D M_InsDal: Lcom/fsck/k9/mailstore/StorageManager;--->getProvider(Ljava/lang/String;)Lcom/fsck/k9/mailstore/StorageManager$StorageProvider;
06-05 15:44:45.570 10893 10958 D M_InsDal: Lcom/fsck/k9/mailstore/StorageManager$InternalStorageProvider;--->getAttachmentDirectory(Landroid/content/Context;Ljava/lang/String;)Ljava/io/File;
06-05 15:44:45.570 10893 10958 D M_InsDal: Lcom/fsck/k9/mailstore/LockableDatabase;--->doOpenOrCreateDb(Ljava/io/File;)V
06-05 15:44:45.572 10893 10958 D M_InsDal: Lcom/fsck/k9/mailstore/StoreSchemaDefinition;--->getVersion()I
06-05 15:44:45.572 10893 10958 D M_InsDal: Lcom/fsck/k9/mailstore/LockableDatabase;--->unlockWrite()V
06-05 15:44:45.572 10893 10958 D M_InsDal: Lcom/fsck/k9/mailstore/LockableDatabase;--->unlockWrite(Ljava/lang/String;)V
06-05 15:44:45.572 10893 10958 D M_InsDal: Lcom/fsck/k9/mailstore/LockableDatabase;--->getStorageManager()Lcom/fsck/k9/mailstore/StorageManager;
06-05 15:44:45.572 10893 10958 D M_InsDal: Lcom/fsck/k9/mailstore/StorageManager;--->getInstance(Landroid/content/Context;)Lcom/fsck/k9/mailstore/StorageManager;
06-05 15:44:45.572 10893 10958 D M_InsDal: Lcom/fsck/k9/mailstore/StorageManager;--->unlockProvider(Ljava/lang/String;)V
06-05 15:44:45.572 10893 10958 D M_InsDal: Lcom/fsck/k9/mailstore/StorageManager;--->getProvider(Ljava/lang/String;)Lcom/fsck/k9/mailstore/StorageManager$StorageProvider;
06-05 15:44:45.572 10893 10958 D M_InsDal: Lcom/fsck/k9/mailstore/LockableDatabase;--->unlockWrite()V
06-05 15:44:45.572 10893 10958 D M_InsDal: Lcom/fsck/k9/mailstore/LockableDatabase;--->unlockWrite(Ljava/lang/String;)V
06-05 15:44:45.572 10893 10958 D M_InsDal: Lcom/fsck/k9/mailstore/LockableDatabase;--->getStorageManager()Lcom/fsck/k9/mailstore/StorageManager;
06-05 15:44:45.572 10893 10958 D M_InsDal: Lcom/fsck/k9/mailstore/StorageManager;--->getInstance(Landroid/content/Context;)Lcom/fsck/k9/mailstore/StorageManager;
06-05 15:44:45.572 10893 10958 D M_InsDal: Lcom/fsck/k9/mailstore/StorageManager;--->unlockProvider(Ljava/lang/String;)V
06-05 15:44:45.572 10893 10958 D M_InsDal: Lcom/fsck/k9/mailstore/StorageManager;--->getProvider(Ljava/lang/String;)Lcom/fsck/k9/mailstore/StorageManager$StorageProvider;
06-05 15:44:45.572 10893 10958 D M_InsDal: Lcom/fsck/k9/mailstore/StorageManager;--->getInstance(Landroid/content/Context;)Lcom/fsck/k9/mailstore/StorageManager;
06-05 15:44:45.572 10893 10958 D M_InsDal: Lcom/fsck/k9/mailstore/StorageManager;--->addListener(Lcom/fsck/k9/mailstore/StorageManager$StorageListener;)V
06-05 15:44:45.572 10893 10958 D M_InsDal: Lcom/fsck/k9/mailstore/LocalStore;--->getPersonalNamespaces(Z)Ljava/util/List;
06-05 15:44:45.572 10893 10958 D M_InsDal: Lcom/fsck/k9/mailstore/LocalStore$6;---><init>(Lcom/fsck/k9/mailstore/LocalStore;Ljava/util/List;)V
06-05 15:44:45.572 10893 10958 D M_InsDal: Lcom/fsck/k9/mailstore/LockableDatabase;--->execute(ZLcom/fsck/k9/mailstore/LockableDatabase$DbCallback;)Ljava/lang/Object;
06-05 15:44:45.572 10893 10958 D M_InsDal: Lcom/fsck/k9/mailstore/LockableDatabase;--->lockRead()V
06-05 15:44:45.572 10893 10958 D M_InsDal: Lcom/fsck/k9/mailstore/LockableDatabase;--->getStorageManager()Lcom/fsck/k9/mailstore/StorageManager;
06-05 15:44:45.572 10893 10958 D M_InsDal: Lcom/fsck/k9/mailstore/StorageManager;--->getInstance(Landroid/content/Context;)Lcom/fsck/k9/mailstore/StorageManager;
06-05 15:44:45.572 10893 10958 D M_InsDal: Lcom/fsck/k9/mailstore/StorageManager;--->lockProvider(Ljava/lang/String;)V
06-05 15:44:45.572 10893 10958 D M_InsDal: Lcom/fsck/k9/mailstore/StorageManager;--->getProvider(Ljava/lang/String;)Lcom/fsck/k9/mailstore/StorageManager$StorageProvider;
06-05 15:44:45.572 10893 10958 D M_InsDal: Lcom/fsck/k9/mailstore/StorageManager$InternalStorageProvider;--->isReady(Landroid/content/Context;)Z
06-05 15:44:45.572 10893 10958 D M_InsDal: Lcom/fsck/k9/K9;--->isDebug()Z
06-05 15:44:45.572 10893 10958 D M_InsDal: Lcom/fsck/k9/mailstore/LocalStore$6;--->doDbWork(Landroid/database/sqlite/SQLiteDatabase;)Ljava/util/List;
06-05 15:44:45.573 10893 10958 D M_InsDal: Lcom/fsck/k9/mailstore/LocalFolder;---><init>(Lcom/fsck/k9/mailstore/LocalStore;Ljava/lang/String;)V
06-05 15:44:45.573 10893 10958 D M_InsDal: Lcom/fsck/k9/mail/Folder;---><init>()V
06-05 15:44:45.573 10893 10958 D M_InsDal: Lcom/fsck/k9/mail/Folder$FolderClass;---><clinit>()V
06-05 15:44:45.573 10893 10958 D M_InsDal: Lcom/fsck/k9/mail/Folder$FolderClass;---><init>(Ljava/lang/String;I)V
06-05 15:44:45.573 10893 10958 D M_InsDal: Lcom/fsck/k9/mail/Folder$FolderClass;---><init>(Ljava/lang/String;I)V
06-05 15:44:45.573 10893 10958 D M_InsDal: Lcom/fsck/k9/mailstore/LocalFolder$MoreMessages;---><clinit>()V
06-05 15:44:45.573 10893 10958 D M_InsDal: Lcom/fsck/k9/mailstore/LocalFolder$MoreMessages;---><init>(Ljava/lang/String;ILjava/lang/String;)V
06-05 15:44:45.573 10893 10958 D M_InsDal: Lcom/fsck/k9/mailstore/LocalFolder$MoreMessages;---><init>(Ljava/lang/String;ILjava/lang/String;)V
06-05 15:44:45.573 10893 10958 D M_InsDal: Lcom/fsck/k9/mailstore/LocalStore;--->getAttachmentInfoExtractor()Lcom/fsck/k9/message/extractors/AttachmentInfoExtractor;
06-05 15:44:45.573 10893 10958 D M_InsDal: Lcom/fsck/k9/mailstore/LocalFolder;--->getAccount()Lcom/fsck/k9/Account;
06-05 15:44:45.573 10893 10958 D M_InsDal: Lcom/fsck/k9/mailstore/LocalStore;--->getAccount()Lcom/fsck/k9/Account;
06-05 15:44:45.573 10893 10958 D M_InsDal: Lcom/fsck/k9/Account;--->getInboxFolderName()Ljava/lang/String;
06-05 15:44:45.573 10893 10958 D M_InsDal: Lcom/fsck/k9/mailstore/LocalFolder;--->getName()Ljava/lang/String;
06-05 15:44:45.573 10893 10958 D M_InsDal: Lcom/fsck/k9/mailstore/LocalFolder;--->open(Landroid/database/Cursor;)V
06-05 15:44:45.573 10893 10958 D M_InsDal: Lcom/fsck/k9/mail/Folder;--->setStatus(Ljava/lang/String;)V
06-05 15:44:45.573 10893 10958 D M_InsDal: Lcom/fsck/k9/mail/Folder;--->setLastChecked(J)V
06-05 15:44:45.573 10893 10958 D M_InsDal: Lcom/fsck/k9/mail/Folder;--->setLastPush(J)V
06-05 15:44:45.573 10893 10958 D M_InsDal: Lcom/fsck/k9/mail/Folder$FolderClass;--->valueOf(Ljava/lang/String;)Lcom/fsck/k9/mail/Folder$FolderClass;
06-05 15:44:45.573 10893 10958 D M_InsDal: Lcom/fsck/k9/mail/Folder$FolderClass;--->values()[Lcom/fsck/k9/mail/Folder$FolderClass;
06-05 15:44:45.573 10893 10958 D M_InsDal: Lcom/fsck/k9/mail/Folder$FolderClass;--->valueOf(Ljava/lang/String;)Lcom/fsck/k9/mail/Folder$FolderClass;
06-05 15:44:45.573 10893 10958 D M_InsDal: Lcom/fsck/k9/mail/Folder$FolderClass;--->valueOf(Ljava/lang/String;)Lcom/fsck/k9/mail/Folder$FolderClass;
06-05 15:44:45.573 10893 10958 D M_InsDal: Lcom/fsck/k9/mailstore/LocalFolder$MoreMessages;--->fromDatabaseName(Ljava/lang/String;)Lcom/fsck/k9/mailstore/LocalFolder$MoreMessages;
06-05 15:44:45.573 10893 10958 D M_InsDal: Lcom/fsck/k9/mailstore/LocalFolder$MoreMessages;--->values()[Lcom/fsck/k9/mailstore/LocalFolder$MoreMessages;
06-05 15:44:45.573 10893 10958 D M_InsDal: Lcom/fsck/k9/mailstore/LocalFolder;---><init>(Lcom/fsck/k9/mailstore/LocalStore;Ljava/lang/String;)V
06-05 15:44:45.573 10893 10958 D M_InsDal: Lcom/fsck/k9/mail/Folder;---><init>()V
06-05 15:44:45.573 10893 10958 D M_InsDal: Lcom/fsck/k9/mailstore/LocalStore;--->getAttachmentInfoExtractor()Lcom/fsck/k9/message/extractors/AttachmentInfoExtractor;
06-05 15:44:45.573 10893 10958 D M_InsDal: Lcom/fsck/k9/mailstore/LocalFolder;--->getAccount()Lcom/fsck/k9/Account;
06-05 15:44:45.573 10893 10958 D M_InsDal: Lcom/fsck/k9/mailstore/LocalStore;--->getAccount()Lcom/fsck/k9/Account;
06-05 15:44:45.573 10893 10958 D M_InsDal: Lcom/fsck/k9/Account;--->getInboxFolderName()Ljava/lang/String;
06-05 15:44:45.573 10893 10958 D M_InsDal: Lcom/fsck/k9/mailstore/LocalFolder;--->getName()Ljava/lang/String;
06-05 15:44:45.573 10893 10958 D M_InsDal: Lcom/fsck/k9/mailstore/LocalFolder;--->open(Landroid/database/Cursor;)V
06-05 15:44:45.573 10893 10958 D M_InsDal: Lcom/fsck/k9/mail/Folder;--->setStatus(Ljava/lang/String;)V
06-05 15:44:45.573 10893 10958 D M_InsDal: Lcom/fsck/k9/mail/Folder;--->setLastChecked(J)V
06-05 15:44:45.573 10893 10958 D M_InsDal: Lcom/fsck/k9/mail/Folder;--->setLastPush(J)V
06-05 15:44:45.573 10893 10958 D M_InsDal: Lcom/fsck/k9/mail/Folder$FolderClass;--->valueOf(Ljava/lang/String;)Lcom/fsck/k9/mail/Folder$FolderClass;
06-05 15:44:45.573 10893 10958 D M_InsDal: Lcom/fsck/k9/mail/Folder$FolderClass;--->valueOf(Ljava/lang/String;)Lcom/fsck/k9/mail/Folder$FolderClass;
06-05 15:44:45.573 10893 10958 D M_InsDal: Lcom/fsck/k9/mailstore/LocalFolder$MoreMessages;--->fromDatabaseName(Ljava/lang/String;)Lcom/fsck/k9/mailstore/LocalFolder$MoreMessages;
06-05 15:44:45.573 10893 10958 D M_InsDal: Lcom/fsck/k9/mailstore/LocalFolder$MoreMessages;--->values()[Lcom/fsck/k9/mailstore/LocalFolder$MoreMessages;
06-05 15:44:45.573 10893 10958 D M_InsDal: Lcom/fsck/k9/mailstore/LocalFolder;---><init>(Lcom/fsck/k9/mailstore/LocalStore;Ljava/lang/String;)V
06-05 15:44:45.573 10893 10958 D M_InsDal: Lcom/fsck/k9/mail/Folder;---><init>()V
06-05 15:44:45.573 10893 10958 D M_InsDal: Lcom/fsck/k9/mailstore/LocalStore;--->getAttachmentInfoExtractor()Lcom/fsck/k9/message/extractors/AttachmentInfoExtractor;
06-05 15:44:45.573 10893 10958 D M_InsDal: Lcom/fsck/k9/mailstore/LocalFolder;--->getAccount()Lcom/fsck/k9/Account;
06-05 15:44:45.573 10893 10958 D M_InsDal: Lcom/fsck/k9/mailstore/LocalStore;--->getAccount()Lcom/fsck/k9/Account;
06-05 15:44:45.573 10893 10958 D M_InsDal: Lcom/fsck/k9/Account;--->getInboxFolderName()Ljava/lang/String;
06-05 15:44:45.573 10893 10958 D M_InsDal: Lcom/fsck/k9/mailstore/LocalFolder;--->getName()Ljava/lang/String;
06-05 15:44:45.573 10893 10958 D M_InsDal: Lcom/fsck/k9/mailstore/LocalFolder;--->open(Landroid/database/Cursor;)V
06-05 15:44:45.573 10893 10958 D M_InsDal: Lcom/fsck/k9/mail/Folder;--->setStatus(Ljava/lang/String;)V
06-05 15:44:45.573 10893 10958 D M_InsDal: Lcom/fsck/k9/mail/Folder;--->setLastChecked(J)V
06-05 15:44:45.573 10893 10958 D M_InsDal: Lcom/fsck/k9/mail/Folder;--->setLastPush(J)V
06-05 15:44:45.573 10893 10958 D M_InsDal: Lcom/fsck/k9/mail/Folder$FolderClass;--->valueOf(Ljava/lang/String;)Lcom/fsck/k9/mail/Folder$FolderClass;
06-05 15:44:45.573 10893 10958 D M_InsDal: Lcom/fsck/k9/mail/Folder$FolderClass;--->valueOf(Ljava/lang/String;)Lcom/fsck/k9/mail/Folder$FolderClass;
06-05 15:44:45.573 10893 10958 D M_InsDal: Lcom/fsck/k9/mailstore/LocalFolder$MoreMessages;--->fromDatabaseName(Ljava/lang/String;)Lcom/fsck/k9/mailstore/LocalFolder$MoreMessages;
06-05 15:44:45.573 10893 10958 D M_InsDal: Lcom/fsck/k9/mailstore/LocalFolder$MoreMessages;--->values()[Lcom/fsck/k9/mailstore/LocalFolder$MoreMessages;
06-05 15:44:45.573 10893 10958 D M_InsDal: Lcom/fsck/k9/mailstore/LocalFolder;---><init>(Lcom/fsck/k9/mailstore/LocalStore;Ljava/lang/String;)V
06-05 15:44:45.573 10893 10958 D M_InsDal: Lcom/fsck/k9/mail/Folder;---><init>()V
06-05 15:44:45.573 10893 10958 D M_InsDal: Lcom/fsck/k9/mailstore/LocalStore;--->getAttachmentInfoExtractor()Lcom/fsck/k9/message/extractors/AttachmentInfoExtractor;
06-05 15:44:45.573 10893 10958 D M_InsDal: Lcom/fsck/k9/mailstore/LocalFolder;--->getAccount()Lcom/fsck/k9/Account;
06-05 15:44:45.573 10893 10958 D M_InsDal: Lcom/fsck/k9/mailstore/LocalStore;--->getAccount()Lcom/fsck/k9/Account;
06-05 15:44:45.573 10893 10958 D M_InsDal: Lcom/fsck/k9/Account;--->getInboxFolderName()Ljava/lang/String;
06-05 15:44:45.573 10893 10958 D M_InsDal: Lcom/fsck/k9/mailstore/LocalFolder;--->getName()Ljava/lang/String;
06-05 15:44:45.573 10893 10958 D M_InsDal: Lcom/fsck/k9/mailstore/LocalFolder;--->open(Landroid/database/Cursor;)V
06-05 15:44:45.573 10893 10958 D M_InsDal: Lcom/fsck/k9/mail/Folder;--->setStatus(Ljava/lang/String;)V
06-05 15:44:45.573 10893 10958 D M_InsDal: Lcom/fsck/k9/mail/Folder;--->setLastChecked(J)V
06-05 15:44:45.573 10893 10958 D M_InsDal: Lcom/fsck/k9/mail/Folder;--->setLastPush(J)V
06-05 15:44:45.573 10893 10958 D M_InsDal: Lcom/fsck/k9/mail/Folder$FolderClass;--->valueOf(Ljava/lang/String;)Lcom/fsck/k9/mail/Folder$FolderClass;
06-05 15:44:45.573 10893 10958 D M_InsDal: Lcom/fsck/k9/mail/Folder$FolderClass;--->valueOf(Ljava/lang/String;)Lcom/fsck/k9/mail/Folder$FolderClass;
06-05 15:44:45.573 10893 10958 D M_InsDal: Lcom/fsck/k9/mailstore/LocalFolder$MoreMessages;--->fromDatabaseName(Ljava/lang/String;)Lcom/fsck/k9/mailstore/LocalFolder$MoreMessages;
06-05 15:44:45.573 10893 10958 D M_InsDal: Lcom/fsck/k9/mailstore/LocalFolder$MoreMessages;--->values()[Lcom/fsck/k9/mailstore/LocalFolder$MoreMessages;
06-05 15:44:45.573 10893 10958 D M_InsDal: Lcom/fsck/k9/mailstore/LocalFolder;---><init>(Lcom/fsck/k9/mailstore/LocalStore;Ljava/lang/String;)V
06-05 15:44:45.573 10893 10958 D M_InsDal: Lcom/fsck/k9/mail/Folder;---><init>()V
06-05 15:44:45.573 10893 10958 D M_InsDal: Lcom/fsck/k9/mailstore/LocalStore;--->getAttachmentInfoExtractor()Lcom/fsck/k9/message/extractors/AttachmentInfoExtractor;
06-05 15:44:45.573 10893 10958 D M_InsDal: Lcom/fsck/k9/mailstore/LocalFolder;--->getAccount()Lcom/fsck/k9/Account;
06-05 15:44:45.573 10893 10958 D M_InsDal: Lcom/fsck/k9/mailstore/LocalStore;--->getAccount()Lcom/fsck/k9/Account;
06-05 15:44:45.573 10893 10958 D M_InsDal: Lcom/fsck/k9/Account;--->getInboxFolderName()Ljava/lang/String;
06-05 15:44:45.573 10893 10958 D M_InsDal: Lcom/fsck/k9/mailstore/LocalFolder;--->getName()Ljava/lang/String;
06-05 15:44:45.573 10893 10958 D M_InsDal: Lcom/fsck/k9/mailstore/LocalFolder;--->open(Landroid/database/Cursor;)V
06-05 15:44:45.574 10893 10958 D M_InsDal: Lcom/fsck/k9/mail/Folder;--->setStatus(Ljava/lang/String;)V
06-05 15:44:45.574 10893 10958 D M_InsDal: Lcom/fsck/k9/mail/Folder;--->setLastChecked(J)V
06-05 15:44:45.574 10893 10958 D M_InsDal: Lcom/fsck/k9/mail/Folder;--->setLastPush(J)V
06-05 15:44:45.574 10893 10958 D M_InsDal: Lcom/fsck/k9/mail/Folder$FolderClass;--->valueOf(Ljava/lang/String;)Lcom/fsck/k9/mail/Folder$FolderClass;
06-05 15:44:45.574 10893 10958 D M_InsDal: Lcom/fsck/k9/mail/Folder$FolderClass;--->valueOf(Ljava/lang/String;)Lcom/fsck/k9/mail/Folder$FolderClass;
06-05 15:44:45.574 10893 10958 D M_InsDal: Lcom/fsck/k9/mailstore/LocalFolder$MoreMessages;--->fromDatabaseName(Ljava/lang/String;)Lcom/fsck/k9/mailstore/LocalFolder$MoreMessages;
06-05 15:44:45.574 10893 10958 D M_InsDal: Lcom/fsck/k9/mailstore/LocalFolder$MoreMessages;--->values()[Lcom/fsck/k9/mailstore/LocalFolder$MoreMessages;
06-05 15:44:45.574 10893 10958 D M_InsDal: Lcom/fsck/k9/mailstore/LocalFolder;---><init>(Lcom/fsck/k9/mailstore/LocalStore;Ljava/lang/String;)V
06-05 15:44:45.574 10893 10958 D M_InsDal: Lcom/fsck/k9/mail/Folder;---><init>()V
06-05 15:44:45.574 10893 10958 D M_InsDal: Lcom/fsck/k9/mailstore/LocalStore;--->getAttachmentInfoExtractor()Lcom/fsck/k9/message/extractors/AttachmentInfoExtractor;
06-05 15:44:45.574 10893 10958 D M_InsDal: Lcom/fsck/k9/mailstore/LocalFolder;--->getAccount()Lcom/fsck/k9/Account;
06-05 15:44:45.574 10893 10958 D M_InsDal: Lcom/fsck/k9/mailstore/LocalStore;--->getAccount()Lcom/fsck/k9/Account;
06-05 15:44:45.574 10893 10958 D M_InsDal: Lcom/fsck/k9/Account;--->getInboxFolderName()Ljava/lang/String;
06-05 15:44:45.574 10893 10958 D M_InsDal: Lcom/fsck/k9/mailstore/LocalFolder;--->getName()Ljava/lang/String;
06-05 15:44:45.574 10893 10958 D M_InsDal: Lcom/fsck/k9/mailstore/LocalFolder;--->open(Landroid/database/Cursor;)V
06-05 15:44:45.574 10893 10958 D M_InsDal: Lcom/fsck/k9/mail/Folder;--->setStatus(Ljava/lang/String;)V
06-05 15:44:45.574 10893 10958 D M_InsDal: Lcom/fsck/k9/mail/Folder;--->setLastChecked(J)V
06-05 15:44:45.574 10893 10958 D M_InsDal: Lcom/fsck/k9/mail/Folder;--->setLastPush(J)V
06-05 15:44:45.574 10893 10958 D M_InsDal: Lcom/fsck/k9/mail/Folder$FolderClass;--->valueOf(Ljava/lang/String;)Lcom/fsck/k9/mail/Folder$FolderClass;
06-05 15:44:45.574 10893 10958 D M_InsDal: Lcom/fsck/k9/mail/Folder$FolderClass;--->valueOf(Ljava/lang/String;)Lcom/fsck/k9/mail/Folder$FolderClass;
06-05 15:44:45.574 10893 10958 D M_InsDal: Lcom/fsck/k9/mailstore/LocalFolder$MoreMessages;--->fromDatabaseName(Ljava/lang/String;)Lcom/fsck/k9/mailstore/LocalFolder$MoreMessages;
06-05 15:44:45.574 10893 10958 D M_InsDal: Lcom/fsck/k9/mailstore/LocalFolder$MoreMessages;--->values()[Lcom/fsck/k9/mailstore/LocalFolder$MoreMessages;
06-05 15:44:45.574 10893 10958 D M_InsDal: Lcom/fsck/k9/mailstore/LocalFolder;---><init>(Lcom/fsck/k9/mailstore/LocalStore;Ljava/lang/String;)V
06-05 15:44:45.574 10893 10958 D M_InsDal: Lcom/fsck/k9/mail/Folder;---><init>()V
06-05 15:44:45.574 10893 10958 D M_InsDal: Lcom/fsck/k9/mailstore/LocalStore;--->getAttachmentInfoExtractor()Lcom/fsck/k9/message/extractors/AttachmentInfoExtractor;
06-05 15:44:45.574 10893 10958 D M_InsDal: Lcom/fsck/k9/mailstore/LocalFolder;--->getAccount()Lcom/fsck/k9/Account;
06-05 15:44:45.574 10893 10958 D M_InsDal: Lcom/fsck/k9/mailstore/LocalStore;--->getAccount()Lcom/fsck/k9/Account;
06-05 15:44:45.574 10893 10958 D M_InsDal: Lcom/fsck/k9/Account;--->getInboxFolderName()Ljava/lang/String;
06-05 15:44:45.574 10893 10958 D M_InsDal: Lcom/fsck/k9/mailstore/LocalFolder;--->getName()Ljava/lang/String;
06-05 15:44:45.574 10893 10958 D M_InsDal: Lcom/fsck/k9/mailstore/LocalFolder;--->open(Landroid/database/Cursor;)V
06-05 15:44:45.574 10893 10958 D M_InsDal: Lcom/fsck/k9/mail/Folder;--->setStatus(Ljava/lang/String;)V
06-05 15:44:45.574 10893 10958 D M_InsDal: Lcom/fsck/k9/mail/Folder;--->setLastChecked(J)V
06-05 15:44:45.574 10893 10958 D M_InsDal: Lcom/fsck/k9/mail/Folder;--->setLastPush(J)V
06-05 15:44:45.574 10893 10958 D M_InsDal: Lcom/fsck/k9/mail/Folder$FolderClass;--->valueOf(Ljava/lang/String;)Lcom/fsck/k9/mail/Folder$FolderClass;
06-05 15:44:45.574 10893 10958 D M_InsDal: Lcom/fsck/k9/mail/Folder$FolderClass;--->valueOf(Ljava/lang/String;)Lcom/fsck/k9/mail/Folder$FolderClass;
06-05 15:44:45.574 10893 10958 D M_InsDal: Lcom/fsck/k9/mailstore/LocalFolder$MoreMessages;--->fromDatabaseName(Ljava/lang/String;)Lcom/fsck/k9/mailstore/LocalFolder$MoreMessages;
06-05 15:44:45.574 10893 10958 D M_InsDal: Lcom/fsck/k9/mailstore/LocalFolder$MoreMessages;--->values()[Lcom/fsck/k9/mailstore/LocalFolder$MoreMessages;
06-05 15:44:45.574 10893 10958 D M_InsDal: Lcom/fsck/k9/mailstore/LocalFolder;---><init>(Lcom/fsck/k9/mailstore/LocalStore;Ljava/lang/String;)V
06-05 15:44:45.574 10893 10958 D M_InsDal: Lcom/fsck/k9/mail/Folder;---><init>()V
06-05 15:44:45.574 10893 10958 D M_InsDal: Lcom/fsck/k9/mailstore/LocalStore;--->getAttachmentInfoExtractor()Lcom/fsck/k9/message/extractors/AttachmentInfoExtractor;
06-05 15:44:45.574 10893 10958 D M_InsDal: Lcom/fsck/k9/mailstore/LocalFolder;--->getAccount()Lcom/fsck/k9/Account;
06-05 15:44:45.574 10893 10958 D M_InsDal: Lcom/fsck/k9/mailstore/LocalStore;--->getAccount()Lcom/fsck/k9/Account;
06-05 15:44:45.574 10893 10958 D M_InsDal: Lcom/fsck/k9/Account;--->getInboxFolderName()Ljava/lang/String;
06-05 15:44:45.574 10893 10958 D M_InsDal: Lcom/fsck/k9/mailstore/LocalFolder;--->getName()Ljava/lang/String;
06-05 15:44:45.574 10893 10958 D M_InsDal: Lcom/fsck/k9/mailstore/LocalFolder;--->open(Landroid/database/Cursor;)V
06-05 15:44:45.574 10893 10958 D M_InsDal: Lcom/fsck/k9/mail/Folder;--->setStatus(Ljava/lang/String;)V
06-05 15:44:45.574 10893 10958 D M_InsDal: Lcom/fsck/k9/mail/Folder;--->setLastChecked(J)V
06-05 15:44:45.574 10893 10958 D M_InsDal: Lcom/fsck/k9/mail/Folder;--->setLastPush(J)V
06-05 15:44:45.574 10893 10958 D M_InsDal: Lcom/fsck/k9/mail/Folder$FolderClass;--->valueOf(Ljava/lang/String;)Lcom/fsck/k9/mail/Folder$FolderClass;
06-05 15:44:45.574 10893 10958 D M_InsDal: Lcom/fsck/k9/mail/Folder$FolderClass;--->valueOf(Ljava/lang/String;)Lcom/fsck/k9/mail/Folder$FolderClass;
06-05 15:44:45.574 10893 10958 D M_InsDal: Lcom/fsck/k9/mailstore/LocalFolder$MoreMessages;--->fromDatabaseName(Ljava/lang/String;)Lcom/fsck/k9/mailstore/LocalFolder$MoreMessages;
06-05 15:44:45.574 10893 10958 D M_InsDal: Lcom/fsck/k9/mailstore/LocalFolder$MoreMessages;--->values()[Lcom/fsck/k9/mailstore/LocalFolder$MoreMessages;
06-05 15:44:45.574 10893 10958 D M_InsDal: Lcom/fsck/k9/mailstore/LocalFolder;---><init>(Lcom/fsck/k9/mailstore/LocalStore;Ljava/lang/String;)V
06-05 15:44:45.574 10893 10958 D M_InsDal: Lcom/fsck/k9/mail/Folder;---><init>()V
06-05 15:44:45.574 10893 10958 D M_InsDal: Lcom/fsck/k9/mailstore/LocalStore;--->getAttachmentInfoExtractor()Lcom/fsck/k9/message/extractors/AttachmentInfoExtractor;
06-05 15:44:45.574 10893 10958 D M_InsDal: Lcom/fsck/k9/mailstore/LocalFolder;--->getAccount()Lcom/fsck/k9/Account;
06-05 15:44:45.574 10893 10958 D M_InsDal: Lcom/fsck/k9/mailstore/LocalStore;--->getAccount()Lcom/fsck/k9/Account;
06-05 15:44:45.574 10893 10958 D M_InsDal: Lcom/fsck/k9/Account;--->getInboxFolderName()Ljava/lang/String;
06-05 15:44:45.574 10893 10958 D M_InsDal: Lcom/fsck/k9/mailstore/LocalFolder;--->getName()Ljava/lang/String;
06-05 15:44:45.574 10893 10958 D M_InsDal: Lcom/fsck/k9/mailstore/LocalFolder;--->open(Landroid/database/Cursor;)V
06-05 15:44:45.574 10893 10958 D M_InsDal: Lcom/fsck/k9/mail/Folder;--->setStatus(Ljava/lang/String;)V
06-05 15:44:45.574 10893 10958 D M_InsDal: Lcom/fsck/k9/mail/Folder;--->setLastChecked(J)V
06-05 15:44:45.574 10893 10958 D M_InsDal: Lcom/fsck/k9/mail/Folder;--->setLastPush(J)V
06-05 15:44:45.574 10893 10958 D M_InsDal: Lcom/fsck/k9/mail/Folder$FolderClass;--->valueOf(Ljava/lang/String;)Lcom/fsck/k9/mail/Folder$FolderClass;
06-05 15:44:45.574 10893 10958 D M_InsDal: Lcom/fsck/k9/mail/Folder$FolderClass;--->valueOf(Ljava/lang/String;)Lcom/fsck/k9/mail/Folder$FolderClass;
06-05 15:44:45.574 10893 10958 D M_InsDal: Lcom/fsck/k9/mailstore/LocalFolder$MoreMessages;--->fromDatabaseName(Ljava/lang/String;)Lcom/fsck/k9/mailstore/LocalFolder$MoreMessages;
06-05 15:44:45.574 10893 10958 D M_InsDal: Lcom/fsck/k9/mailstore/LocalFolder$MoreMessages;--->values()[Lcom/fsck/k9/mailstore/LocalFolder$MoreMessages;
06-05 15:44:45.574 10893 10958 D M_InsDal: Lcom/fsck/k9/mailstore/LocalFolder;---><init>(Lcom/fsck/k9/mailstore/LocalStore;Ljava/lang/String;)V
06-05 15:44:45.574 10893 10958 D M_InsDal: Lcom/fsck/k9/mail/Folder;---><init>()V
06-05 15:44:45.574 10893 10958 D M_InsDal: Lcom/fsck/k9/mailstore/LocalStore;--->getAttachmentInfoExtractor()Lcom/fsck/k9/message/extractors/AttachmentInfoExtractor;
06-05 15:44:45.574 10893 10958 D M_InsDal: Lcom/fsck/k9/mailstore/LocalFolder;--->getAccount()Lcom/fsck/k9/Account;
06-05 15:44:45.574 10893 10958 D M_InsDal: Lcom/fsck/k9/mailstore/LocalStore;--->getAccount()Lcom/fsck/k9/Account;
06-05 15:44:45.574 10893 10958 D M_InsDal: Lcom/fsck/k9/Account;--->getInboxFolderName()Ljava/lang/String;
06-05 15:44:45.574 10893 10958 D M_InsDal: Lcom/fsck/k9/mailstore/LocalFolder;--->getName()Ljava/lang/String;
06-05 15:44:45.574 10893 10958 D M_InsDal: Lcom/fsck/k9/mailstore/LocalFolder;--->open(Landroid/database/Cursor;)V
06-05 15:44:45.574 10893 10958 D M_InsDal: Lcom/fsck/k9/mail/Folder;--->setStatus(Ljava/lang/String;)V
06-05 15:44:45.574 10893 10958 D M_InsDal: Lcom/fsck/k9/mail/Folder;--->setLastChecked(J)V
06-05 15:44:45.574 10893 10958 D M_InsDal: Lcom/fsck/k9/mail/Folder;--->setLastPush(J)V
06-05 15:44:45.574 10893 10958 D M_InsDal: Lcom/fsck/k9/mail/Folder$FolderClass;--->valueOf(Ljava/lang/String;)Lcom/fsck/k9/mail/Folder$FolderClass;
06-05 15:44:45.574 10893 10958 D M_InsDal: Lcom/fsck/k9/mail/Folder$FolderClass;--->valueOf(Ljava/lang/String;)Lcom/fsck/k9/mail/Folder$FolderClass;
06-05 15:44:45.574 10893 10958 D M_InsDal: Lcom/fsck/k9/mailstore/LocalFolder$MoreMessages;--->fromDatabaseName(Ljava/lang/String;)Lcom/fsck/k9/mailstore/LocalFolder$MoreMessages;
06-05 15:44:45.574 10893 10958 D M_InsDal: Lcom/fsck/k9/mailstore/LocalFolder$MoreMessages;--->values()[Lcom/fsck/k9/mailstore/LocalFolder$MoreMessages;
06-05 15:44:45.574 10893 10958 D M_InsDal: Lcom/fsck/k9/mailstore/LocalFolder;---><init>(Lcom/fsck/k9/mailstore/LocalStore;Ljava/lang/String;)V
06-05 15:44:45.574 10893 10958 D M_InsDal: Lcom/fsck/k9/mail/Folder;---><init>()V
06-05 15:44:45.574 10893 10958 D M_InsDal: Lcom/fsck/k9/mailstore/LocalStore;--->getAttachmentInfoExtractor()Lcom/fsck/k9/message/extractors/AttachmentInfoExtractor;
06-05 15:44:45.574 10893 10958 D M_InsDal: Lcom/fsck/k9/mailstore/LocalFolder;--->getAccount()Lcom/fsck/k9/Account;
06-05 15:44:45.574 10893 10958 D M_InsDal: Lcom/fsck/k9/mailstore/LocalStore;--->getAccount()Lcom/fsck/k9/Account;
06-05 15:44:45.574 10893 10958 D M_InsDal: Lcom/fsck/k9/Account;--->getInboxFolderName()Ljava/lang/String;
06-05 15:44:45.574 10893 10958 D M_InsDal: Lcom/fsck/k9/mailstore/LocalFolder;--->getName()Ljava/lang/String;
06-05 15:44:45.574 10893 10958 D M_InsDal: Lcom/fsck/k9/mailstore/LocalFolder;--->open(Landroid/database/Cursor;)V
06-05 15:44:45.574 10893 10958 D M_InsDal: Lcom/fsck/k9/mail/Folder;--->setStatus(Ljava/lang/String;)V
06-05 15:44:45.574 10893 10958 D M_InsDal: Lcom/fsck/k9/mail/Folder;--->setLastChecked(J)V
06-05 15:44:45.574 10893 10958 D M_InsDal: Lcom/fsck/k9/mail/Folder;--->setLastPush(J)V
06-05 15:44:45.574 10893 10958 D M_InsDal: Lcom/fsck/k9/mail/Folder$FolderClass;--->valueOf(Ljava/lang/String;)Lcom/fsck/k9/mail/Folder$FolderClass;
06-05 15:44:45.574 10893 10958 D M_InsDal: Lcom/fsck/k9/mail/Folder$FolderClass;--->valueOf(Ljava/lang/String;)Lcom/fsck/k9/mail/Folder$FolderClass;
06-05 15:44:45.574 10893 10958 D M_InsDal: Lcom/fsck/k9/mailstore/LocalFolder$MoreMessages;--->fromDatabaseName(Ljava/lang/String;)Lcom/fsck/k9/mailstore/LocalFolder$MoreMessages;
06-05 15:44:45.574 10893 10958 D M_InsDal: Lcom/fsck/k9/mailstore/LocalFolder$MoreMessages;--->values()[Lcom/fsck/k9/mailstore/LocalFolder$MoreMessages;
06-05 15:44:45.574 10893 10958 D M_InsDal: Lcom/fsck/k9/helper/Utility;--->closeQuietly(Landroid/database/Cursor;)V
06-05 15:44:45.574 10893 10958 D M_InsDal: Lcom/fsck/k9/mailstore/LockableDatabase;--->unlockRead()V
06-05 15:44:45.574 10893 10958 D M_InsDal: Lcom/fsck/k9/mailstore/LockableDatabase;--->getStorageManager()Lcom/fsck/k9/mailstore/StorageManager;
06-05 15:44:45.574 10893 10958 D M_InsDal: Lcom/fsck/k9/mailstore/StorageManager;--->getInstance(Landroid/content/Context;)Lcom/fsck/k9/mailstore/StorageManager;
06-05 15:44:45.574 10893 10958 D M_InsDal: Lcom/fsck/k9/mailstore/StorageManager;--->unlockProvider(Ljava/lang/String;)V
06-05 15:44:45.574 10893 10958 D M_InsDal: Lcom/fsck/k9/mailstore/StorageManager;--->getProvider(Ljava/lang/String;)Lcom/fsck/k9/mailstore/StorageManager$StorageProvider;
06-05 15:44:45.574 10893 10958 D M_InsDal: Lcom/fsck/k9/mailstore/LocalFolder;--->getName()Ljava/lang/String;
06-05 15:44:45.574 10893 10958 D M_InsDal: Lcom/fsck/k9/Account;--->getOutboxFolderName()Ljava/lang/String;
06-05 15:44:45.574 10893 10958 D M_InsDal: Lcom/fsck/k9/mailstore/LocalFolder;--->open(I)V
06-05 15:44:45.574 10893 10958 D M_InsDal: Lcom/fsck/k9/mailstore/LocalFolder;--->isOpen()Z
06-05 15:44:45.574 10893 10958 D M_InsDal: Lcom/fsck/k9/mailstore/LocalFolder;--->getMode()I
06-05 15:44:45.574 10893 10958 D M_InsDal: Lcom/fsck/k9/mailstore/LocalFolder;--->getDisplayClass()Lcom/fsck/k9/mail/Folder$FolderClass;
06-05 15:44:45.574 10893 10958 D M_InsDal: Lcom/fsck/k9/mailstore/LocalFolder;--->getPushClass()Lcom/fsck/k9/mail/Folder$FolderClass;
06-05 15:44:45.574 10893 10958 D M_InsDal: Lcom/fsck/k9/controller/MessagingController;--->modeMismatch(Lcom/fsck/k9/Account$FolderMode;Lcom/fsck/k9/mail/Folder$FolderClass;)Z
06-05 15:44:45.574 10893 10958 D M_InsDal: Lcom/fsck/k9/controller/MessagingController;--->modeMismatch(Lcom/fsck/k9/Account$FolderMode;Lcom/fsck/k9/mail/Folder$FolderClass;)Z
06-05 15:44:45.574 10893 10958 D M_InsDal: Lcom/fsck/k9/mailstore/LocalFolder;--->getName()Ljava/lang/String;
06-05 15:44:45.574 10893 10958 D M_InsDal: Lcom/fsck/k9/Account;--->getOutboxFolderName()Ljava/lang/String;
06-05 15:44:45.574 10893 10958 D M_InsDal: Lcom/fsck/k9/mailstore/LocalFolder;--->open(I)V
06-05 15:44:45.574 10893 10958 D M_InsDal: Lcom/fsck/k9/mailstore/LocalFolder;--->isOpen()Z
06-05 15:44:45.574 10893 10958 D M_InsDal: Lcom/fsck/k9/mailstore/LocalFolder;--->getMode()I
06-05 15:44:45.574 10893 10958 D M_InsDal: Lcom/fsck/k9/mailstore/LocalFolder;--->getDisplayClass()Lcom/fsck/k9/mail/Folder$FolderClass;
06-05 15:44:45.574 10893 10958 D M_InsDal: Lcom/fsck/k9/mailstore/LocalFolder;--->getPushClass()Lcom/fsck/k9/mail/Folder$FolderClass;
06-05 15:44:45.574 10893 10958 D M_InsDal: Lcom/fsck/k9/controller/MessagingController;--->modeMismatch(Lcom/fsck/k9/Account$FolderMode;Lcom/fsck/k9/mail/Folder$FolderClass;)Z
06-05 15:44:45.574 10893 10958 D M_InsDal: Lcom/fsck/k9/controller/MessagingController;--->modeMismatch(Lcom/fsck/k9/Account$FolderMode;Lcom/fsck/k9/mail/Folder$FolderClass;)Z
06-05 15:44:45.574 10893 10958 D M_InsDal: Lcom/fsck/k9/mailstore/LocalFolder;--->getName()Ljava/lang/String;
06-05 15:44:45.574 10893 10958 D M_InsDal: Lcom/fsck/k9/Account;--->getOutboxFolderName()Ljava/lang/String;
06-05 15:44:45.574 10893 10958 D M_InsDal: Lcom/fsck/k9/mailstore/LocalFolder;--->open(I)V
06-05 15:44:45.574 10893 10958 D M_InsDal: Lcom/fsck/k9/mailstore/LocalFolder;--->isOpen()Z
06-05 15:44:45.574 10893 10958 D M_InsDal: Lcom/fsck/k9/mailstore/LocalFolder;--->getMode()I
06-05 15:44:45.574 10893 10958 D M_InsDal: Lcom/fsck/k9/mailstore/LocalFolder;--->getDisplayClass()Lcom/fsck/k9/mail/Folder$FolderClass;
06-05 15:44:45.574 10893 10958 D M_InsDal: Lcom/fsck/k9/mailstore/LocalFolder;--->getPushClass()Lcom/fsck/k9/mail/Folder$FolderClass;
06-05 15:44:45.574 10893 10958 D M_InsDal: Lcom/fsck/k9/controller/MessagingController;--->modeMismatch(Lcom/fsck/k9/Account$FolderMode;Lcom/fsck/k9/mail/Folder$FolderClass;)Z
06-05 15:44:45.574 10893 10958 D M_InsDal: Lcom/fsck/k9/controller/MessagingController;--->modeMismatch(Lcom/fsck/k9/Account$FolderMode;Lcom/fsck/k9/mail/Folder$FolderClass;)Z
06-05 15:44:45.574 10893 10958 D M_InsDal: Lcom/fsck/k9/Account;--->getDescription()Ljava/lang/String;
06-05 15:44:45.574 10893 10958 D M_InsDal: Lcom/fsck/k9/mailstore/LocalFolder;--->getName()Ljava/lang/String;
06-05 15:44:45.574 10893 10958 D M_InsDal: Lcom/fsck/k9/mailstore/LocalFolder;--->getName()Ljava/lang/String;
06-05 15:44:45.574 10893 10958 D M_InsDal: Lcom/fsck/k9/Account;--->getOutboxFolderName()Ljava/lang/String;
06-05 15:44:45.574 10893 10958 D M_InsDal: Lcom/fsck/k9/mailstore/LocalFolder;--->open(I)V
06-05 15:44:45.574 10893 10958 D M_InsDal: Lcom/fsck/k9/mailstore/LocalFolder;--->isOpen()Z
06-05 15:44:45.574 10893 10958 D M_InsDal: Lcom/fsck/k9/mailstore/LocalFolder;--->getMode()I
06-05 15:44:45.574 10893 10958 D M_InsDal: Lcom/fsck/k9/mailstore/LocalFolder;--->getDisplayClass()Lcom/fsck/k9/mail/Folder$FolderClass;
06-05 15:44:45.574 10893 10958 D M_InsDal: Lcom/fsck/k9/mailstore/LocalFolder;--->getPushClass()Lcom/fsck/k9/mail/Folder$FolderClass;
06-05 15:44:45.574 10893 10958 D M_InsDal: Lcom/fsck/k9/controller/MessagingController;--->modeMismatch(Lcom/fsck/k9/Account$FolderMode;Lcom/fsck/k9/mail/Folder$FolderClass;)Z
06-05 15:44:45.574 10893 10958 D M_InsDal: Lcom/fsck/k9/controller/MessagingController;--->modeMismatch(Lcom/fsck/k9/Account$FolderMode;Lcom/fsck/k9/mail/Folder$FolderClass;)Z
06-05 15:44:45.574 10893 10958 D M_InsDal: Lcom/fsck/k9/mailstore/LocalFolder;--->getName()Ljava/lang/String;
06-05 15:44:45.574 10893 10958 D M_InsDal: Lcom/fsck/k9/Account;--->getOutboxFolderName()Ljava/lang/String;
06-05 15:44:45.574 10893 10958 D M_InsDal: Lcom/fsck/k9/mailstore/LocalFolder;--->getName()Ljava/lang/String;
06-05 15:44:45.574 10893 10958 D M_InsDal: Lcom/fsck/k9/Account;--->getOutboxFolderName()Ljava/lang/String;
06-05 15:44:45.574 10893 10958 D M_InsDal: Lcom/fsck/k9/mailstore/LocalFolder;--->open(I)V
06-05 15:44:45.574 10893 10958 D M_InsDal: Lcom/fsck/k9/mailstore/LocalFolder;--->isOpen()Z
06-05 15:44:45.574 10893 10958 D M_InsDal: Lcom/fsck/k9/mailstore/LocalFolder;--->getMode()I
06-05 15:44:45.574 10893 10958 D M_InsDal: Lcom/fsck/k9/mailstore/LocalFolder;--->getDisplayClass()Lcom/fsck/k9/mail/Folder$FolderClass;
06-05 15:44:45.575 10893 10958 D M_InsDal: Lcom/fsck/k9/mailstore/LocalFolder;--->getPushClass()Lcom/fsck/k9/mail/Folder$FolderClass;
06-05 15:44:45.575 10893 10958 D M_InsDal: Lcom/fsck/k9/controller/MessagingController;--->modeMismatch(Lcom/fsck/k9/Account$FolderMode;Lcom/fsck/k9/mail/Folder$FolderClass;)Z
06-05 15:44:45.575 10893 10958 D M_InsDal: Lcom/fsck/k9/controller/MessagingController;--->modeMismatch(Lcom/fsck/k9/Account$FolderMode;Lcom/fsck/k9/mail/Folder$FolderClass;)Z
06-05 15:44:45.575 10893 10958 D M_InsDal: Lcom/fsck/k9/mailstore/LocalFolder;--->getName()Ljava/lang/String;
06-05 15:44:45.575 10893 10958 D M_InsDal: Lcom/fsck/k9/Account;--->getOutboxFolderName()Ljava/lang/String;
06-05 15:44:45.575 10893 10958 D M_InsDal: Lcom/fsck/k9/mailstore/LocalFolder;--->open(I)V
06-05 15:44:45.575 10893 10958 D M_InsDal: Lcom/fsck/k9/mailstore/LocalFolder;--->isOpen()Z
06-05 15:44:45.575 10893 10958 D M_InsDal: Lcom/fsck/k9/mailstore/LocalFolder;--->getMode()I
06-05 15:44:45.575 10893 10958 D M_InsDal: Lcom/fsck/k9/mailstore/LocalFolder;--->getDisplayClass()Lcom/fsck/k9/mail/Folder$FolderClass;
06-05 15:44:45.575 10893 10958 D M_InsDal: Lcom/fsck/k9/mailstore/LocalFolder;--->getPushClass()Lcom/fsck/k9/mail/Folder$FolderClass;
06-05 15:44:45.575 10893 10958 D M_InsDal: Lcom/fsck/k9/controller/MessagingController;--->modeMismatch(Lcom/fsck/k9/Account$FolderMode;Lcom/fsck/k9/mail/Folder$FolderClass;)Z
06-05 15:44:45.575 10893 10958 D M_InsDal: Lcom/fsck/k9/controller/MessagingController;--->modeMismatch(Lcom/fsck/k9/Account$FolderMode;Lcom/fsck/k9/mail/Folder$FolderClass;)Z
06-05 15:44:45.575 10893 10958 D M_InsDal: Lcom/fsck/k9/mailstore/LocalFolder;--->getName()Ljava/lang/String;
06-05 15:44:45.575 10893 10958 D M_InsDal: Lcom/fsck/k9/Account;--->getOutboxFolderName()Ljava/lang/String;
06-05 15:44:45.575 10893 10958 D M_InsDal: Lcom/fsck/k9/mailstore/LocalFolder;--->open(I)V
06-05 15:44:45.575 10893 10958 D M_InsDal: Lcom/fsck/k9/mailstore/LocalFolder;--->isOpen()Z
06-05 15:44:45.575 10893 10958 D M_InsDal: Lcom/fsck/k9/mailstore/LocalFolder;--->getMode()I
06-05 15:44:45.575 10893 10958 D M_InsDal: Lcom/fsck/k9/mailstore/LocalFolder;--->getDisplayClass()Lcom/fsck/k9/mail/Folder$FolderClass;
06-05 15:44:45.575 10893 10958 D M_InsDal: Lcom/fsck/k9/mailstore/LocalFolder;--->getPushClass()Lcom/fsck/k9/mail/Folder$FolderClass;
06-05 15:44:45.575 10893 10958 D M_InsDal: Lcom/fsck/k9/mailstore/LocalFolder;--->getSyncClass()Lcom/fsck/k9/mail/Folder$FolderClass;
06-05 15:44:45.575 10893 10958 D M_InsDal: Lcom/fsck/k9/controller/MessagingController;--->modeMismatch(Lcom/fsck/k9/Account$FolderMode;Lcom/fsck/k9/mail/Folder$FolderClass;)Z
06-05 15:44:45.575 10893 10958 D M_InsDal: Lcom/fsck/k9/controller/MessagingController;--->modeMismatch(Lcom/fsck/k9/Account$FolderMode;Lcom/fsck/k9/mail/Folder$FolderClass;)Z
06-05 15:44:45.575 10893 10958 D M_InsDal: Lcom/fsck/k9/mailstore/LocalFolder;--->getName()Ljava/lang/String;
06-05 15:44:45.575 10893 10958 D M_InsDal: Lcom/fsck/k9/Account;--->getOutboxFolderName()Ljava/lang/String;
06-05 15:44:45.575 10893 10958 D M_InsDal: Lcom/fsck/k9/mailstore/LocalFolder;--->open(I)V
06-05 15:44:45.575 10893 10958 D M_InsDal: Lcom/fsck/k9/mailstore/LocalFolder;--->isOpen()Z
06-05 15:44:45.575 10893 10958 D M_InsDal: Lcom/fsck/k9/mailstore/LocalFolder;--->getMode()I
06-05 15:44:45.575 10893 10958 D M_InsDal: Lcom/fsck/k9/mailstore/LocalFolder;--->getDisplayClass()Lcom/fsck/k9/mail/Folder$FolderClass;
06-05 15:44:45.575 10893 10958 D M_InsDal: Lcom/fsck/k9/mailstore/LocalFolder;--->getPushClass()Lcom/fsck/k9/mail/Folder$FolderClass;
06-05 15:44:45.575 10893 10958 D M_InsDal: Lcom/fsck/k9/mailstore/LocalFolder;--->getSyncClass()Lcom/fsck/k9/mail/Folder$FolderClass;
06-05 15:44:45.575 10893 10958 D M_InsDal: Lcom/fsck/k9/controller/MessagingController;--->modeMismatch(Lcom/fsck/k9/Account$FolderMode;Lcom/fsck/k9/mail/Folder$FolderClass;)Z
06-05 15:44:45.575 10893 10958 D M_InsDal: Lcom/fsck/k9/controller/MessagingController;--->modeMismatch(Lcom/fsck/k9/Account$FolderMode;Lcom/fsck/k9/mail/Folder$FolderClass;)Z
06-05 15:44:45.575 10893 10958 D M_InsDal: Lcom/fsck/k9/mailstore/LocalFolder;--->getName()Ljava/lang/String;
06-05 15:44:45.575 10893 10958 D M_InsDal: Lcom/fsck/k9/Account;--->getOutboxFolderName()Ljava/lang/String;
06-05 15:44:45.575 10893 10958 D M_InsDal: Lcom/fsck/k9/mailstore/LocalFolder;--->open(I)V
06-05 15:44:45.575 10893 10958 D M_InsDal: Lcom/fsck/k9/mailstore/LocalFolder;--->isOpen()Z
