06-05 15:52:54.669 13603 13627 D M_InsDal: Lcom/fsck/k9/mailstore/LocalFolder;--->getAccount()Lcom/fsck/k9/Account;
06-05 15:52:54.669 13603 13627 D M_InsDal: Lcom/fsck/k9/mailstore/LocalStore;--->getAccount()Lcom/fsck/k9/Account;
06-05 15:52:54.669 13603 13627 D M_InsDal: Lcom/fsck/k9/Account;--->getInboxFolderName()Ljava/lang/String;
06-05 15:52:54.669 13603 13627 D M_InsDal: Lcom/fsck/k9/mailstore/LocalFolder;--->getName()Ljava/lang/String;
06-05 15:52:54.669 13603 13627 D M_InsDal: Lcom/fsck/k9/mailstore/LocalFolder;--->open(I)V
06-05 15:52:54.669 13603 13627 D M_InsDal: Lcom/fsck/k9/mailstore/LocalFolder;--->isOpen()Z
06-05 15:52:54.669 13603 13627 D M_InsDal: Lcom/fsck/k9/mailstore/LocalFolder;--->isOpen()Z
06-05 15:52:54.669 13603 13628 D M_InsDal: Lcom/fsck/k9/mail/K9MailLib;--->isDebug()Z
06-05 15:52:54.669 13603 13628 D M_InsDal: Lcom/fsck/k9/K9$2;--->enabled()Z
06-05 15:52:54.669 13603 13628 D M_InsDal: Lcom/fsck/k9/mail/power/TracingPowerManager$TracingWakeLock;--->raiseNotification()V
06-05 15:52:54.669 13603 13628 D M_InsDal: Lcom/fsck/k9/mail/K9MailLib;--->isDebug()Z
06-05 15:52:54.669 13603 13628 D M_InsDal: Lcom/fsck/k9/K9$2;--->enabled()Z
06-05 15:52:54.669 13603 13628 D M_InsDal: Lcom/fsck/k9/mail/store/imap/ImapFolderPusher$PushRunnable;--->getOldUidNext()J
06-05 15:52:54.669 13603 13628 D M_InsDal: Lcom/fsck/k9/mail/store/imap/ImapFolder;--->getName()Ljava/lang/String;
06-05 15:52:54.669 13603 13628 D M_InsDal: Lcom/fsck/k9/controller/MessagingControllerPushReceiver;--->getPushState(Ljava/lang/String;)Ljava/lang/String;
06-05 15:52:54.669 13603 13628 D M_InsDal: Lcom/fsck/k9/Account;--->getLocalStore()Lcom/fsck/k9/mailstore/LocalStore;
06-05 15:52:54.669 13603 13628 D M_InsDal: Lcom/fsck/k9/mailstore/LocalStore;--->getInstance(Lcom/fsck/k9/Account;Landroid/content/Context;)Lcom/fsck/k9/mailstore/LocalStore;
06-05 15:52:54.669 13603 13628 D M_InsDal: Lcom/fsck/k9/Account;--->getUuid()Ljava/lang/String;
06-05 15:52:54.669 13603 13627 D M_InsDal: Lcom/fsck/k9/mailstore/LocalStore;--->getDatabase()Lcom/fsck/k9/mailstore/LockableDatabase;
06-05 15:52:54.669 13603 13628 D M_InsDal: Lcom/fsck/k9/mailstore/LocalStore;--->getFolder(Ljava/lang/String;)Lcom/fsck/k9/mailstore/LocalFolder;
06-05 15:52:54.669 13603 13628 D M_InsDal: Lcom/fsck/k9/mailstore/LocalFolder;---><init>(Lcom/fsck/k9/mailstore/LocalStore;Ljava/lang/String;)V
06-05 15:52:54.669 13603 13628 D M_InsDal: Lcom/fsck/k9/mail/Folder;---><init>()V
06-05 15:52:54.669 13603 13628 D M_InsDal: Lcom/fsck/k9/mailstore/LocalStore;--->getAttachmentInfoExtractor()Lcom/fsck/k9/message/extractors/AttachmentInfoExtractor;
06-05 15:52:54.669 13603 13628 D M_InsDal: Lcom/fsck/k9/mailstore/LocalFolder;--->getAccount()Lcom/fsck/k9/Account;
06-05 15:52:54.669 13603 13628 D M_InsDal: Lcom/fsck/k9/mailstore/LocalStore;--->getAccount()Lcom/fsck/k9/Account;
06-05 15:52:54.669 13603 13628 D M_InsDal: Lcom/fsck/k9/Account;--->getInboxFolderName()Ljava/lang/String;
06-05 15:52:54.669 13603 13628 D M_InsDal: Lcom/fsck/k9/mailstore/LocalFolder;--->getName()Ljava/lang/String;
06-05 15:52:54.669 13603 13628 D M_InsDal: Lcom/fsck/k9/mailstore/LocalFolder;--->open(I)V
06-05 15:52:54.669 13603 13628 D M_InsDal: Lcom/fsck/k9/mailstore/LocalFolder;--->isOpen()Z
06-05 15:52:54.669 13603 13628 D M_InsDal: Lcom/fsck/k9/mailstore/LocalFolder;--->isOpen()Z
06-05 15:52:54.669 13603 13628 D M_InsDal: Lcom/fsck/k9/mailstore/LocalStore;--->getDatabase()Lcom/fsck/k9/mailstore/LockableDatabase;
06-05 15:52:54.669 13603 13627 D M_InsDal: Lcom/fsck/k9/mailstore/LocalFolder$1;---><init>(Lcom/fsck/k9/mailstore/LocalFolder;I)V
06-05 15:52:54.669 13603 13628 D M_InsDal: Lcom/fsck/k9/mailstore/LocalFolder$1;---><init>(Lcom/fsck/k9/mailstore/LocalFolder;I)V
06-05 15:52:54.669 13603 13627 D M_InsDal: Lcom/fsck/k9/mailstore/LockableDatabase;--->execute(ZLcom/fsck/k9/mailstore/LockableDatabase$DbCallback;)Ljava/lang/Object;
06-05 15:52:54.669 13603 13628 D M_InsDal: Lcom/fsck/k9/mailstore/LockableDatabase;--->execute(ZLcom/fsck/k9/mailstore/LockableDatabase$DbCallback;)Ljava/lang/Object;
06-05 15:52:54.669 13603 13627 D M_InsDal: Lcom/fsck/k9/mailstore/LockableDatabase;--->lockRead()V
06-05 15:52:54.669 13603 13628 D M_InsDal: Lcom/fsck/k9/mailstore/LockableDatabase;--->lockRead()V
06-05 15:52:54.669 13603 13628 D M_InsDal: Lcom/fsck/k9/mailstore/LockableDatabase;--->getStorageManager()Lcom/fsck/k9/mailstore/StorageManager;
06-05 15:52:54.669 13603 13627 D M_InsDal: Lcom/fsck/k9/mailstore/LockableDatabase;--->getStorageManager()Lcom/fsck/k9/mailstore/StorageManager;
06-05 15:52:54.670 13603 13628 D M_InsDal: Lcom/fsck/k9/mailstore/StorageManager;--->getInstance(Landroid/content/Context;)Lcom/fsck/k9/mailstore/StorageManager;
06-05 15:52:54.670 13603 13627 D M_InsDal: Lcom/fsck/k9/mailstore/StorageManager;--->getInstance(Landroid/content/Context;)Lcom/fsck/k9/mailstore/StorageManager;
06-05 15:52:54.670 13603 13628 D M_InsDal: Lcom/fsck/k9/mailstore/StorageManager;--->lockProvider(Ljava/lang/String;)V
06-05 15:52:54.670 13603 13628 D M_InsDal: Lcom/fsck/k9/mailstore/StorageManager;--->getProvider(Ljava/lang/String;)Lcom/fsck/k9/mailstore/StorageManager$StorageProvider;
06-05 15:52:54.670 13603 13627 D M_InsDal: Lcom/fsck/k9/mailstore/StorageManager;--->lockProvider(Ljava/lang/String;)V
06-05 15:52:54.670 13603 13627 D M_InsDal: Lcom/fsck/k9/mailstore/StorageManager;--->getProvider(Ljava/lang/String;)Lcom/fsck/k9/mailstore/StorageManager$StorageProvider;
06-05 15:52:54.670 13603 13628 D M_InsDal: Lcom/fsck/k9/mailstore/StorageManager$InternalStorageProvider;--->isReady(Landroid/content/Context;)Z
06-05 15:52:54.670 13603 13628 D M_InsDal: Lcom/fsck/k9/K9;--->isDebug()Z
06-05 15:52:54.670 13603 13628 D M_InsDal: Lcom/fsck/k9/mailstore/LocalFolder$1;--->doDbWork(Landroid/database/sqlite/SQLiteDatabase;)Ljava/lang/Void;
06-05 15:52:54.670 13603 13624 D M_InsDal: Lcom/fsck/k9/service/MailService;--->isSyncDisabled()Z
06-05 15:52:54.670 13603 13627 D M_InsDal: Lcom/fsck/k9/mailstore/StorageManager$InternalStorageProvider;--->isReady(Landroid/content/Context;)Z
06-05 15:52:54.670 13603 13627 D M_InsDal: Lcom/fsck/k9/K9;--->isDebug()Z
06-05 15:52:54.670 13603 13627 D M_InsDal: Lcom/fsck/k9/mailstore/LocalFolder$1;--->doDbWork(Landroid/database/sqlite/SQLiteDatabase;)Ljava/lang/Void;
06-05 15:52:54.670 13603 13624 D M_InsDal: Lcom/fsck/k9/controller/MessagingController;--->getInstance(Landroid/content/Context;)Lcom/fsck/k9/controller/MessagingController;
06-05 15:52:54.670 13603 13624 D M_InsDal: Lcom/fsck/k9/controller/MessagingController;--->systemStatusChanged()V
06-05 15:52:54.670 13603 13624 D M_InsDal: Lcom/fsck/k9/controller/MessagingController;--->getListeners()Ljava/util/Set;
06-05 15:52:54.670 13603 13624 D M_InsDal: Lcom/fsck/k9/controller/SimpleMessagingListener;--->systemStatusChanged()V
06-05 15:52:54.670 13603 13624 D M_InsDal: Lcom/fsck/k9/controller/SimpleMessagingListener;--->systemStatusChanged()V
06-05 15:52:54.670 13603 13624 D M_InsDal: Lcom/fsck/k9/mail/power/TracingPowerManager$TracingWakeLock;--->release()V
06-05 15:52:54.670 13603 13624 D M_InsDal: Lcom/fsck/k9/mail/K9MailLib;--->isDebug()Z
06-05 15:52:54.670 13603 13624 D M_InsDal: Lcom/fsck/k9/K9$2;--->enabled()Z
06-05 15:52:54.670 13603 13624 D M_InsDal: Lcom/fsck/k9/mail/power/TracingPowerManager$TracingWakeLock;--->cancelNotification()V
06-05 15:52:54.670 13603 13603 D M_InsDal: Lcom/fsck/k9/activity/MessageList;--->initializeFragments()V
06-05 15:52:54.670 13603 13603 D M_InsDal: Lcom/fsck/k9/K9;--->isThreadedViewEnabled()Z
06-05 15:52:54.670 13603 13603 D M_InsDal: Lcom/fsck/k9/fragment/MessageListFragment;---><clinit>()V
06-05 15:52:54.670 13603 13627 D M_InsDal: Lcom/fsck/k9/mailstore/LocalFolder;--->open(Landroid/database/Cursor;)V
06-05 15:52:54.670 13603 13627 D M_InsDal: Lcom/fsck/k9/mail/Folder;--->setStatus(Ljava/lang/String;)V
06-05 15:52:54.670 13603 13627 D M_InsDal: Lcom/fsck/k9/mail/Folder;--->setLastChecked(J)V
06-05 15:52:54.670 13603 13627 D M_InsDal: Lcom/fsck/k9/mail/Folder;--->setLastPush(J)V
06-05 15:52:54.670 13603 13627 D M_InsDal: Lcom/fsck/k9/mail/Folder$FolderClass;--->valueOf(Ljava/lang/String;)Lcom/fsck/k9/mail/Folder$FolderClass;
06-05 15:52:54.670 13603 13628 D M_InsDal: Lcom/fsck/k9/mailstore/LocalFolder;--->open(Landroid/database/Cursor;)V
06-05 15:52:54.670 13603 13627 D M_InsDal: Lcom/fsck/k9/mail/Folder$FolderClass;--->valueOf(Ljava/lang/String;)Lcom/fsck/k9/mail/Folder$FolderClass;
06-05 15:52:54.670 13603 13603 D M_InsDal: Lcom/fsck/k9/fragment/MessageListFragmentComparators$AttachmentComparator;---><init>()V
06-05 15:52:54.670 13603 13627 D M_InsDal: Lcom/fsck/k9/mail/Folder$FolderClass;--->valueOf(Ljava/lang/String;)Lcom/fsck/k9/mail/Folder$FolderClass;
06-05 15:52:54.670 13603 13627 D M_InsDal: Lcom/fsck/k9/mail/Folder$FolderClass;--->valueOf(Ljava/lang/String;)Lcom/fsck/k9/mail/Folder$FolderClass;
06-05 15:52:54.670 13603 13628 D M_InsDal: Lcom/fsck/k9/mail/Folder;--->setStatus(Ljava/lang/String;)V
06-05 15:52:54.670 13603 13627 D M_InsDal: Lcom/fsck/k9/mailstore/LocalFolder$MoreMessages;--->fromDatabaseName(Ljava/lang/String;)Lcom/fsck/k9/mailstore/LocalFolder$MoreMessages;
06-05 15:52:54.670 13603 13628 D M_InsDal: Lcom/fsck/k9/mail/Folder;--->setLastChecked(J)V
06-05 15:52:54.670 13603 13627 D M_InsDal: Lcom/fsck/k9/mailstore/LocalFolder$MoreMessages;--->values()[Lcom/fsck/k9/mailstore/LocalFolder$MoreMessages;
06-05 15:52:54.670 13603 13628 D M_InsDal: Lcom/fsck/k9/mail/Folder;--->setLastPush(J)V
06-05 15:52:54.670 13603 13628 D M_InsDal: Lcom/fsck/k9/mail/Folder$FolderClass;--->valueOf(Ljava/lang/String;)Lcom/fsck/k9/mail/Folder$FolderClass;
06-05 15:52:54.670 13603 13627 D M_InsDal: Lcom/fsck/k9/helper/Utility;--->closeQuietly(Landroid/database/Cursor;)V
06-05 15:52:54.670 13603 13628 D M_InsDal: Lcom/fsck/k9/mail/Folder$FolderClass;--->valueOf(Ljava/lang/String;)Lcom/fsck/k9/mail/Folder$FolderClass;
06-05 15:52:54.670 13603 13628 D M_InsDal: Lcom/fsck/k9/mail/Folder$FolderClass;--->valueOf(Ljava/lang/String;)Lcom/fsck/k9/mail/Folder$FolderClass;
06-05 15:52:54.670 13603 13628 D M_InsDal: Lcom/fsck/k9/mailstore/LocalFolder$MoreMessages;--->fromDatabaseName(Ljava/lang/String;)Lcom/fsck/k9/mailstore/LocalFolder$MoreMessages;
06-05 15:52:54.670 13603 13628 D M_InsDal: Lcom/fsck/k9/mailstore/LocalFolder$MoreMessages;--->values()[Lcom/fsck/k9/mailstore/LocalFolder$MoreMessages;
06-05 15:52:54.670 13603 13628 D M_InsDal: Lcom/fsck/k9/helper/Utility;--->closeQuietly(Landroid/database/Cursor;)V
06-05 15:52:54.670 13603 13603 D M_InsDal: Lcom/fsck/k9/fragment/MessageListFragmentComparators$DateComparator;---><init>()V
06-05 15:52:54.670 13603 13627 D M_InsDal: Lcom/fsck/k9/mailstore/LockableDatabase;--->unlockRead()V
06-05 15:52:54.670 13603 13627 D M_InsDal: Lcom/fsck/k9/mailstore/LockableDatabase;--->getStorageManager()Lcom/fsck/k9/mailstore/StorageManager;
06-05 15:52:54.670 13603 13628 D M_InsDal: Lcom/fsck/k9/mailstore/LockableDatabase;--->unlockRead()V
06-05 15:52:54.670 13603 13627 D M_InsDal: Lcom/fsck/k9/mailstore/StorageManager;--->getInstance(Landroid/content/Context;)Lcom/fsck/k9/mailstore/StorageManager;
06-05 15:52:54.670 13603 13628 D M_InsDal: Lcom/fsck/k9/mailstore/LockableDatabase;--->getStorageManager()Lcom/fsck/k9/mailstore/StorageManager;
06-05 15:52:54.670 13603 13627 D M_InsDal: Lcom/fsck/k9/mailstore/StorageManager;--->unlockProvider(Ljava/lang/String;)V
06-05 15:52:54.670 13603 13627 D M_InsDal: Lcom/fsck/k9/mailstore/StorageManager;--->getProvider(Ljava/lang/String;)Lcom/fsck/k9/mailstore/StorageManager$StorageProvider;
06-05 15:52:54.670 13603 13603 D M_InsDal: Lcom/fsck/k9/fragment/MessageListFragmentComparators$ArrivalComparator;---><init>()V
06-05 15:52:54.670 13603 13628 D M_InsDal: Lcom/fsck/k9/mailstore/StorageManager;--->getInstance(Landroid/content/Context;)Lcom/fsck/k9/mailstore/StorageManager;
06-05 15:52:54.670 13603 13628 D M_InsDal: Lcom/fsck/k9/mailstore/StorageManager;--->unlockProvider(Ljava/lang/String;)V
06-05 15:52:54.670 13603 13628 D M_InsDal: Lcom/fsck/k9/mailstore/StorageManager;--->getProvider(Ljava/lang/String;)Lcom/fsck/k9/mailstore/StorageManager$StorageProvider;
06-05 15:52:54.670 13603 13627 D M_InsDal: Lcom/fsck/k9/mailstore/LocalFolder;--->getPushState()Ljava/lang/String;
06-05 15:52:54.670 13603 13628 D M_InsDal: Lcom/fsck/k9/mailstore/LocalFolder;--->getPushState()Ljava/lang/String;
06-05 15:52:54.670 13603 13628 D M_InsDal: Lcom/fsck/k9/mailstore/LocalFolder;--->close()V
06-05 15:52:54.670 13603 13603 D M_InsDal: Lcom/fsck/k9/fragment/MessageListFragmentComparators$FlaggedComparator;---><init>()V
06-05 15:52:54.670 13603 13627 D M_InsDal: Lcom/fsck/k9/mailstore/LocalFolder;--->close()V
06-05 15:52:54.670 13603 13603 D M_InsDal: Lcom/fsck/k9/fragment/MessageListFragmentComparators$SubjectComparator;---><init>()V
06-05 15:52:54.670 13603 13603 D M_InsDal: Lcom/fsck/k9/fragment/MessageListFragmentComparators$SenderComparator;---><init>()V
06-05 15:52:54.670 13603 13627 D M_InsDal: Lcom/fsck/k9/mail/store/imap/ImapPushState;--->parse(Ljava/lang/String;)Lcom/fsck/k9/mail/store/imap/ImapPushState;
06-05 15:52:54.670 13603 13628 D M_InsDal: Lcom/fsck/k9/mail/store/imap/ImapPushState;--->parse(Ljava/lang/String;)Lcom/fsck/k9/mail/store/imap/ImapPushState;
06-05 15:52:54.670 13603 13628 D M_InsDal: Lcom/fsck/k9/mail/store/imap/ImapPushState;--->createDefaultImapPushState()Lcom/fsck/k9/mail/store/imap/ImapPushState;
06-05 15:52:54.670 13603 13628 D M_InsDal: Lcom/fsck/k9/mail/store/imap/ImapPushState;---><init>(J)V
06-05 15:52:54.670 13603 13627 D M_InsDal: Lcom/fsck/k9/mail/store/imap/ImapPushState;---><init>(J)V
06-05 15:52:54.670 13603 13628 D M_InsDal: Lcom/fsck/k9/mail/K9MailLib;--->isDebug()Z
06-05 15:52:54.670 13603 13627 D M_InsDal: Lcom/fsck/k9/mail/K9MailLib;--->isDebug()Z
06-05 15:52:54.670 13603 13628 D M_InsDal: Lcom/fsck/k9/K9$2;--->enabled()Z
06-05 15:52:54.670 13603 13627 D M_InsDal: Lcom/fsck/k9/K9$2;--->enabled()Z
06-05 15:52:54.670 13603 13627 D M_InsDal: Lcom/fsck/k9/mail/store/imap/ImapFolderPusher$PushRunnable;--->openConnectionIfNecessary()Z
06-05 15:52:54.670 13603 13628 D M_InsDal: Lcom/fsck/k9/mail/store/imap/ImapFolderPusher$PushRunnable;--->openConnectionIfNecessary()Z
06-05 15:52:54.670 13603 13627 D M_InsDal: Lcom/fsck/k9/mail/store/imap/ImapFolder;--->internalOpen(I)Ljava/util/List;
06-05 15:52:54.670 13603 13628 D M_InsDal: Lcom/fsck/k9/mail/store/imap/ImapFolder;--->internalOpen(I)Ljava/util/List;
06-05 15:52:54.670 13603 13628 D M_InsDal: Lcom/fsck/k9/mail/store/imap/ImapFolder;--->isOpen()Z
06-05 15:52:54.670 13603 13603 D M_InsDal: Lcom/fsck/k9/fragment/MessageListFragmentComparators$UnreadComparator;---><init>()V
06-05 15:52:54.670 13603 13628 D M_InsDal: Lcom/fsck/k9/mail/store/imap/ImapStore;--->releaseConnection(Lcom/fsck/k9/mail/store/imap/ImapConnection;)V
06-05 15:52:54.670 13603 13627 D M_InsDal: Lcom/fsck/k9/mail/store/imap/ImapFolder;--->isOpen()Z
06-05 15:52:54.670 13603 13628 D M_InsDal: Lcom/fsck/k9/mail/store/imap/ImapStore;--->getConnection()Lcom/fsck/k9/mail/store/imap/ImapConnection;
06-05 15:52:54.670 13603 13627 D M_InsDal: Lcom/fsck/k9/mail/store/imap/ImapStore;--->releaseConnection(Lcom/fsck/k9/mail/store/imap/ImapConnection;)V
06-05 15:52:54.670 13603 13628 D M_InsDal: Lcom/fsck/k9/mail/store/imap/ImapStore;--->pollConnection()Lcom/fsck/k9/mail/store/imap/ImapConnection;
06-05 15:52:54.670 13603 13627 D M_InsDal: Lcom/fsck/k9/mail/store/imap/ImapStore;--->getConnection()Lcom/fsck/k9/mail/store/imap/ImapConnection;
06-05 15:52:54.670 13603 13627 D M_InsDal: Lcom/fsck/k9/mail/store/imap/ImapStore;--->pollConnection()Lcom/fsck/k9/mail/store/imap/ImapConnection;
06-05 15:52:54.670 13603 13603 D M_InsDal: Lcom/fsck/k9/fragment/MessageListFragment;--->newInstance(Lcom/fsck/k9/search/LocalSearch;ZZ)Lcom/fsck/k9/fragment/MessageListFragment;
06-05 15:52:54.670 13603 13603 D M_InsDal: Lcom/fsck/k9/fragment/MessageListFragment;---><init>()V
06-05 15:52:54.670 13603 13603 D M_InsDal: Lcom/fsck/k9/fragment/MessageListHandler;---><init>(Lcom/fsck/k9/fragment/MessageListFragment;)V
06-05 15:52:54.670 13603 13628 D M_InsDal: Lcom/fsck/k9/mail/store/imap/ImapStore;--->createImapConnection()Lcom/fsck/k9/mail/store/imap/ImapConnection;
06-05 15:52:54.670 13603 13627 D M_InsDal: Lcom/fsck/k9/mail/store/imap/ImapStore;--->createImapConnection()Lcom/fsck/k9/mail/store/imap/ImapConnection;
06-05 15:52:54.670 13603 13603 D M_InsDal: Lcom/fsck/k9/fragment/MessageListFragment$ActionModeCallback;---><init>(Lcom/fsck/k9/fragment/MessageListFragment;)V
06-05 15:52:54.671 13603 13628 D M_InsDal: Lcom/fsck/k9/mail/store/imap/ImapStore$StoreImapSettings;---><init>(Lcom/fsck/k9/mail/store/imap/ImapStore;)V
06-05 15:52:54.671 13603 13628 D M_InsDal: Lcom/fsck/k9/mail/store/imap/ImapConnection;---><init>(Lcom/fsck/k9/mail/store/imap/ImapSettings;Lcom/fsck/k9/mail/ssl/TrustedSocketFactory;Landroid/net/ConnectivityManager;Lcom/fsck/k9/mail/oauth/OAuth2TokenProvider;)V
06-05 15:52:54.671 13603 13627 D M_InsDal: Lcom/fsck/k9/mail/store/imap/ImapStore$StoreImapSettings;---><init>(Lcom/fsck/k9/mail/store/imap/ImapStore;)V
06-05 15:52:54.671 13603 13627 D M_InsDal: Lcom/fsck/k9/mail/store/imap/ImapConnection;---><init>(Lcom/fsck/k9/mail/store/imap/ImapSettings;Lcom/fsck/k9/mail/ssl/TrustedSocketFactory;Landroid/net/ConnectivityManager;Lcom/fsck/k9/mail/oauth/OAuth2TokenProvider;)V
06-05 15:52:54.671 13603 13603 D M_InsDal: Lcom/fsck/k9/fragment/MessageListFragment$MessageListActivityListener;---><init>(Lcom/fsck/k9/fragment/MessageListFragment;)V
06-05 15:52:54.671 13603 13627 D M_InsDal: Lcom/fsck/k9/mail/store/imap/ImapFolder;--->getPrefixedName()Ljava/lang/String;
06-05 15:52:54.671 13603 13627 D M_InsDal: Lcom/fsck/k9/mail/store/imap/ImapStore;--->getStoreConfig()Lcom/fsck/k9/mail/store/StoreConfig;
06-05 15:52:54.671 13603 13603 D M_InsDal: Lcom/fsck/k9/activity/ActivityListener;---><init>()V
06-05 15:52:54.671 13603 13627 D M_InsDal: Lcom/fsck/k9/Account;--->getInboxFolderName()Ljava/lang/String;
06-05 15:52:54.671 13603 13603 D M_InsDal: Lcom/fsck/k9/controller/SimpleMessagingListener;---><init>()V
06-05 15:52:54.671 13603 13628 D M_InsDal: Lcom/fsck/k9/mail/store/imap/ImapFolder;--->getPrefixedName()Ljava/lang/String;
06-05 15:52:54.671 13603 13603 D M_InsDal: Lcom/fsck/k9/activity/ActivityListener$1;---><init>(Lcom/fsck/k9/activity/ActivityListener;)V
06-05 15:52:54.671 13603 13627 D M_InsDal: Lcom/fsck/k9/mail/store/imap/FolderNameCodec;--->encode(Ljava/lang/String;)Ljava/lang/String;
06-05 15:52:54.671 13603 13628 D M_InsDal: Lcom/fsck/k9/mail/store/imap/ImapStore;--->getStoreConfig()Lcom/fsck/k9/mail/store/StoreConfig;
06-05 15:52:54.671 13603 13628 D M_InsDal: Lcom/fsck/k9/Account;--->getInboxFolderName()Ljava/lang/String;
06-05 15:52:54.671 13603 13628 D M_InsDal: Lcom/fsck/k9/mail/store/imap/ImapConnection;--->open()V
06-05 15:52:54.671 13603 13628 D M_InsDal: Lcom/fsck/k9/mail/store/imap/ImapConnection;--->adjustDNSCacheTTL()V
06-05 15:52:54.671 13603 13628 D M_InsDal: Lcom/fsck/k9/mail/store/imap/ImapConnection;--->connect()Ljava/net/Socket;
06-05 15:52:54.671 13603 13628 D M_InsDal: Lcom/fsck/k9/mail/store/imap/ImapStore$StoreImapSettings;--->getHost()Ljava/lang/String;
06-05 15:52:54.671 13603 13603 D M_InsDal: Lcom/fsck/k9/activity/MessageList;--->displayViews()V
06-05 15:52:54.671 13603 13603 D M_InsDal: Lcom/fsck/k9/activity/MessageList$2;---><clinit>()V
06-05 15:52:54.671 13603 13603 D M_InsDal: Lcom/fsck/k9/activity/MessageList$DisplayMode;--->values()[Lcom/fsck/k9/activity/MessageList$DisplayMode;
06-05 15:52:54.671 13603 13603 D M_InsDal: Lcom/fsck/k9/activity/MessageList;--->showMessageList()V
06-05 15:52:54.671 13603 13603 D M_InsDal: Lcom/fsck/k9/view/ViewSwitcher;--->showFirstView()V
06-05 15:52:54.671 13603 13603 D M_InsDal: Lcom/fsck/k9/fragment/MessageListFragment;--->setActiveMessage(Lcom/fsck/k9/activity/MessageReference;)V
06-05 15:52:54.671 13603 13603 D M_InsDal: Lcom/fsck/k9/activity/MessageList;--->showDefaultTitleView()V
06-05 15:52:54.671 13603 13603 D M_InsDal: Lcom/fsck/k9/fragment/MessageListFragment;--->updateTitle()V
06-05 15:52:54.671 13603 13603 D M_InsDal: Lcom/fsck/k9/view/MessageTitleView;--->setMessageHeader(Lcom/fsck/k9/view/MessageHeader;)V
06-05 15:52:54.671 13603 13627 D M_InsDal: Lcom/fsck/k9/mail/store/imap/ImapUtility;--->encodeString(Ljava/lang/String;)Ljava/lang/String;
06-05 15:52:54.671 13603 13603 D M_InsDal: Lcom/fsck/k9/activity/MessageList;--->configureMenu(Landroid/view/Menu;)V
06-05 15:52:54.671 13603 13627 D M_InsDal: Lcom/fsck/k9/mail/store/imap/ImapFolder;--->executeSimpleCommand(Ljava/lang/String;)Ljava/util/List;
06-05 15:52:54.671 13603 13627 D M_InsDal: Lcom/fsck/k9/mail/store/imap/ImapConnection;--->executeSimpleCommand(Ljava/lang/String;)Ljava/util/List;
06-05 15:52:54.671 13603 13627 D M_InsDal: Lcom/fsck/k9/mail/store/imap/ImapConnection;--->executeSimpleCommand(Ljava/lang/String;Z)Ljava/util/List;
06-05 15:52:54.671 13603 13627 D M_InsDal: Lcom/fsck/k9/mail/store/imap/ImapConnection;--->sendCommand(Ljava/lang/String;Z)Ljava/lang/String;
06-05 15:52:54.671 13603 13627 D M_InsDal: Lcom/fsck/k9/mail/store/imap/ImapConnection;--->open()V
06-05 15:52:54.671 13603 13627 D M_InsDal: Lcom/fsck/k9/mail/store/imap/ImapConnection;--->adjustDNSCacheTTL()V
06-05 15:52:54.671 13603 13627 D M_InsDal: Lcom/fsck/k9/mail/store/imap/ImapConnection;--->connect()Ljava/net/Socket;
06-05 15:52:54.671 13603 13627 D M_InsDal: Lcom/fsck/k9/mail/store/imap/ImapStore$StoreImapSettings;--->getHost()Ljava/lang/String;
06-05 15:52:54.671 13603 13628 D M_InsDal: Lcom/fsck/k9/mail/store/imap/ImapConnection;--->connectToAddress(Ljava/net/InetAddress;)Ljava/net/Socket;
06-05 15:52:54.671 13603 13628 D M_InsDal: Lcom/fsck/k9/mail/store/imap/ImapStore$StoreImapSettings;--->getHost()Ljava/lang/String;
06-05 15:52:54.671 13603 13628 D M_InsDal: Lcom/fsck/k9/mail/store/imap/ImapStore$StoreImapSettings;--->getPort()I
06-05 15:52:54.671 13603 13628 D M_InsDal: Lcom/fsck/k9/mail/store/imap/ImapStore$StoreImapSettings;--->getClientCertificateAlias()Ljava/lang/String;
06-05 15:52:54.671 13603 13628 D M_InsDal: Lcom/fsck/k9/mail/K9MailLib;--->isDebug()Z
06-05 15:52:54.671 13603 13628 D M_InsDal: Lcom/fsck/k9/K9$2;--->enabled()Z
06-05 15:52:54.671 13603 13628 D M_InsDal: Lcom/fsck/k9/mail/store/imap/ImapStore$StoreImapSettings;--->getConnectionSecurity()Lcom/fsck/k9/mail/ConnectionSecurity;
06-05 15:52:54.671 13603 13628 D M_InsDal: Lcom/fsck/k9/mail/ssl/DefaultTrustedSocketFactory;--->createSocket(Ljava/net/Socket;Ljava/lang/String;ILjava/lang/String;)Ljava/net/Socket;
06-05 15:52:54.671 13603 13628 D M_InsDal: Lcom/fsck/k9/mail/ssl/TrustManagerFactory;---><clinit>()V
06-05 15:52:54.671 13603 13628 D M_InsDal: Lcom/fsck/k9/mail/ssl/LocalKeyStore;--->getInstance()Lcom/fsck/k9/mail/ssl/LocalKeyStore;
06-05 15:52:54.671 13603 13628 D M_InsDal: Lcom/fsck/k9/mail/ssl/LocalKeyStore$LocalKeyStoreHolder;---><clinit>()V
06-05 15:52:54.671 13603 13628 D M_InsDal: Lcom/fsck/k9/mail/ssl/LocalKeyStore;---><init>()V
06-05 15:52:54.671 13603 13628 D M_InsDal: Lcom/fsck/k9/mail/ssl/LocalKeyStore;--->upgradeKeyStoreFile()V
06-05 15:52:54.671 13603 13628 D M_InsDal: Lcom/fsck/k9/mail/ssl/LocalKeyStore;--->getKeyStoreFilePath(I)Ljava/lang/String;
06-05 15:52:54.671 13603 13628 D M_InsDal: Lcom/fsck/k9/mail/ssl/LocalKeyStore;--->setKeyStoreFile(Ljava/io/File;)V
06-05 15:52:54.671 13603 13628 D M_InsDal: Lcom/fsck/k9/mail/ssl/LocalKeyStore;--->getKeyStoreFilePath(I)Ljava/lang/String;
06-05 15:52:54.672 13603 13627 D M_InsDal: Lcom/fsck/k9/mail/store/imap/ImapConnection;--->connectToAddress(Ljava/net/InetAddress;)Ljava/net/Socket;
06-05 15:52:54.672 13603 13627 D M_InsDal: Lcom/fsck/k9/mail/store/imap/ImapStore$StoreImapSettings;--->getHost()Ljava/lang/String;
06-05 15:52:54.672 13603 13627 D M_InsDal: Lcom/fsck/k9/mail/store/imap/ImapStore$StoreImapSettings;--->getPort()I
06-05 15:52:54.672 13603 13627 D M_InsDal: Lcom/fsck/k9/mail/store/imap/ImapStore$StoreImapSettings;--->getClientCertificateAlias()Ljava/lang/String;
06-05 15:52:54.672 13603 13627 D M_InsDal: Lcom/fsck/k9/mail/K9MailLib;--->isDebug()Z
06-05 15:52:54.672 13603 13627 D M_InsDal: Lcom/fsck/k9/K9$2;--->enabled()Z
06-05 15:52:54.672 13603 13627 D M_InsDal: Lcom/fsck/k9/mail/store/imap/ImapStore$StoreImapSettings;--->getConnectionSecurity()Lcom/fsck/k9/mail/ConnectionSecurity;
06-05 15:52:54.672 13603 13627 D M_InsDal: Lcom/fsck/k9/mail/ssl/DefaultTrustedSocketFactory;--->createSocket(Ljava/net/Socket;Ljava/lang/String;ILjava/lang/String;)Ljava/net/Socket;
06-05 15:52:54.672 13603 13603 D M_InsDal: Lcom/fsck/k9/fragment/MessageListFragment;--->onAttach(Landroid/app/Activity;)V
06-05 15:52:54.672 13603 13603 D M_InsDal: Lcom/fsck/k9/fragment/MessageListFragment;--->onCreate(Landroid/os/Bundle;)V
06-05 15:52:54.672 13603 13603 D M_InsDal: Lcom/fsck/k9/Preferences;--->getPreferences(Landroid/content/Context;)Lcom/fsck/k9/Preferences;
06-05 15:52:54.672 13603 13603 D M_InsDal: Lcom/fsck/k9/controller/MessagingController;--->getInstance(Landroid/content/Context;)Lcom/fsck/k9/controller/MessagingController;
06-05 15:52:54.672 13603 13603 D M_InsDal: Lcom/fsck/k9/K9;--->messageListPreviewLines()I
06-05 15:52:54.672 13603 13603 D M_InsDal: Lcom/fsck/k9/K9;--->messageListCheckboxes()Z
06-05 15:52:54.672 13603 13603 D M_InsDal: Lcom/fsck/k9/K9;--->messageListStars()Z
06-05 15:52:54.672 13603 13603 D M_InsDal: Lcom/fsck/k9/K9;--->showContactPicture()Z
06-05 15:52:54.672 13603 13628 D M_InsDal: Lcom/fsck/k9/mail/ssl/TrustManagerFactory;--->get(Ljava/lang/String;I)Ljavax/net/ssl/X509TrustManager;
06-05 15:52:54.672 13603 13603 D M_InsDal: Lcom/fsck/k9/helper/ContactPicture;--->getContactPictureLoader(Landroid/content/Context;)Lcom/fsck/k9/activity/misc/ContactPictureLoader;
06-05 15:52:54.672 13603 13603 D M_InsDal: Lcom/fsck/k9/K9;--->isColorizeMissingContactPictures()Z
06-05 15:52:54.672 13603 13628 D M_InsDal: Lcom/fsck/k9/mail/ssl/TrustManagerFactory$SecureX509TrustManager;---><clinit>()V
06-05 15:52:54.672 13603 13628 D M_InsDal: Lcom/fsck/k9/mail/ssl/TrustManagerFactory$SecureX509TrustManager;--->getInstance(Ljava/lang/String;I)Ljavax/net/ssl/X509TrustManager;
06-05 15:52:54.672 13603 13627 D M_InsDal: Lcom/fsck/k9/mail/ssl/TrustManagerFactory;--->get(Ljava/lang/String;I)Ljavax/net/ssl/X509TrustManager;
06-05 15:52:54.672 13603 13603 D M_InsDal: Lcom/fsck/k9/activity/misc/ContactPictureLoader;---><clinit>()V
06-05 15:52:54.672 13603 13627 D M_InsDal: Lcom/fsck/k9/mail/ssl/TrustManagerFactory$SecureX509TrustManager;--->getInstance(Ljava/lang/String;I)Ljavax/net/ssl/X509TrustManager;
06-05 15:52:54.672 13603 13628 D M_InsDal: Lcom/fsck/k9/mail/ssl/TrustManagerFactory$SecureX509TrustManager;---><init>(Ljava/lang/String;I)V
06-05 15:52:54.672 13603 13628 D M_InsDal: Lcom/fsck/k9/mail/ssl/DefaultTrustedSocketFactory;--->hardenSocket(Ljavax/net/ssl/SSLSocket;)V
06-05 15:52:54.672 13603 13627 D M_InsDal: Lcom/fsck/k9/mail/ssl/DefaultTrustedSocketFactory;--->hardenSocket(Ljavax/net/ssl/SSLSocket;)V
06-05 15:52:54.672 13603 13628 D M_InsDal: Lcom/fsck/k9/mail/ssl/DefaultTrustedSocketFactory;--->setSniHost(Ljavax/net/ssl/SSLSocketFactory;Ljavax/net/ssl/SSLSocket;Ljava/lang/String;)V
06-05 15:52:54.672 13603 13627 D M_InsDal: Lcom/fsck/k9/mail/ssl/DefaultTrustedSocketFactory;--->setSniHost(Ljavax/net/ssl/SSLSocketFactory;Ljavax/net/ssl/SSLSocket;Ljava/lang/String;)V
06-05 15:52:54.672 13603 13628 D M_InsDal: Lcom/fsck/k9/mail/ssl/DefaultTrustedSocketFactory;--->setHostnameViaReflection(Ljavax/net/ssl/SSLSocket;Ljava/lang/String;)V
06-05 15:52:54.672 13603 13627 D M_InsDal: Lcom/fsck/k9/mail/ssl/DefaultTrustedSocketFactory;--->setHostnameViaReflection(Ljavax/net/ssl/SSLSocket;Ljava/lang/String;)V
06-05 15:52:54.675 13603 13603 D M_InsDal: Lcom/fsck/k9/activity/misc/ContactPictureLoader;---><init>(Landroid/content/Context;I)V
06-05 15:52:54.675 13603 13603 D M_InsDal: Lcom/fsck/k9/helper/Contacts;--->getInstance(Landroid/content/Context;)Lcom/fsck/k9/helper/Contacts;
06-05 15:52:54.675 13603 13603 D M_InsDal: Lcom/fsck/k9/helper/Contacts;---><init>(Landroid/content/Context;)V
06-05 15:52:54.675 13603 13603 D M_InsDal: Lcom/fsck/k9/fragment/MessageListFragment;--->restoreInstanceState(Landroid/os/Bundle;)V
06-05 15:52:54.675 13603 13603 D M_InsDal: Lcom/fsck/k9/fragment/MessageListFragment;--->decodeArguments()V
06-05 15:52:54.675 13603 13603 D M_InsDal: Lcom/fsck/k9/search/LocalSearch;--->getName()Ljava/lang/String;
06-05 15:52:54.675 13603 13603 D M_InsDal: Lcom/fsck/k9/search/LocalSearch;--->getAccountUuids()[Ljava/lang/String;
06-05 15:52:54.675 13603 13603 D M_InsDal: Lcom/fsck/k9/search/LocalSearch;--->searchAllAccounts()Z
06-05 15:52:54.675 13603 13603 D M_InsDal: Lcom/fsck/k9/Preferences;--->getAccount(Ljava/lang/String;)Lcom/fsck/k9/Account;
06-05 15:52:54.675 13603 13603 D M_InsDal: Lcom/fsck/k9/search/LocalSearch;--->getFolderNames()Ljava/util/List;
06-05 15:52:54.675 13603 13603 D M_InsDal: Lcom/fsck/k9/search/LocalSearch;--->getFolderNames()Ljava/util/List;
06-05 15:52:54.675 13603 13603 D M_InsDal: Lcom/fsck/k9/fragment/MessageListFragment;--->getFolderInfoHolder(Ljava/lang/String;Lcom/fsck/k9/Account;)Lcom/fsck/k9/activity/FolderInfoHolder;
06-05 15:52:54.675 13603 13603 D M_InsDal: Lcom/fsck/k9/fragment/MlfUtils;--->getOpenFolder(Ljava/lang/String;Lcom/fsck/k9/Account;)Lcom/fsck/k9/mailstore/LocalFolder;
06-05 15:52:54.675 13603 13603 D M_InsDal: Lcom/fsck/k9/Account;--->getLocalStore()Lcom/fsck/k9/mailstore/LocalStore;
06-05 15:52:54.675 13603 13603 D M_InsDal: Lcom/fsck/k9/mailstore/LocalStore;--->getInstance(Lcom/fsck/k9/Account;Landroid/content/Context;)Lcom/fsck/k9/mailstore/LocalStore;
06-05 15:52:54.675 13603 13603 D M_InsDal: Lcom/fsck/k9/Account;--->getUuid()Ljava/lang/String;
06-05 15:52:54.675 13603 13603 D M_InsDal: Lcom/fsck/k9/mailstore/LocalStore;--->getFolder(Ljava/lang/String;)Lcom/fsck/k9/mailstore/LocalFolder;
06-05 15:52:54.675 13603 13603 D M_InsDal: Lcom/fsck/k9/mailstore/LocalFolder;---><init>(Lcom/fsck/k9/mailstore/LocalStore;Ljava/lang/String;)V
06-05 15:52:54.675 13603 13603 D M_InsDal: Lcom/fsck/k9/mail/Folder;---><init>()V
06-05 15:52:54.675 13603 13603 D M_InsDal: Lcom/fsck/k9/mailstore/LocalStore;--->getAttachmentInfoExtractor()Lcom/fsck/k9/message/extractors/AttachmentInfoExtractor;
06-05 15:52:54.675 13603 13603 D M_InsDal: Lcom/fsck/k9/mailstore/LocalFolder;--->getAccount()Lcom/fsck/k9/Account;
06-05 15:52:54.675 13603 13603 D M_InsDal: Lcom/fsck/k9/mailstore/LocalStore;--->getAccount()Lcom/fsck/k9/Account;
06-05 15:52:54.675 13603 13603 D M_InsDal: Lcom/fsck/k9/Account;--->getInboxFolderName()Ljava/lang/String;
06-05 15:52:54.675 13603 13603 D M_InsDal: Lcom/fsck/k9/mailstore/LocalFolder;--->getName()Ljava/lang/String;
06-05 15:52:54.675 13603 13603 D M_InsDal: Lcom/fsck/k9/mailstore/LocalFolder;--->open(I)V
06-05 15:52:54.675 13603 13603 D M_InsDal: Lcom/fsck/k9/mailstore/LocalFolder;--->isOpen()Z
06-05 15:52:54.675 13603 13603 D M_InsDal: Lcom/fsck/k9/mailstore/LocalFolder;--->isOpen()Z
06-05 15:52:54.675 13603 13603 D M_InsDal: Lcom/fsck/k9/mailstore/LocalStore;--->getDatabase()Lcom/fsck/k9/mailstore/LockableDatabase;
06-05 15:52:54.675 13603 13603 D M_InsDal: Lcom/fsck/k9/mailstore/LocalFolder$1;---><init>(Lcom/fsck/k9/mailstore/LocalFolder;I)V
06-05 15:52:54.675 13603 13603 D M_InsDal: Lcom/fsck/k9/mailstore/LockableDatabase;--->execute(ZLcom/fsck/k9/mailstore/LockableDatabase$DbCallback;)Ljava/lang/Object;
06-05 15:52:54.675 13603 13603 D M_InsDal: Lcom/fsck/k9/mailstore/LockableDatabase;--->lockRead()V
06-05 15:52:54.675 13603 13603 D M_InsDal: Lcom/fsck/k9/mailstore/LockableDatabase;--->getStorageManager()Lcom/fsck/k9/mailstore/StorageManager;
06-05 15:52:54.675 13603 13603 D M_InsDal: Lcom/fsck/k9/mailstore/StorageManager;--->getInstance(Landroid/content/Context;)Lcom/fsck/k9/mailstore/StorageManager;
06-05 15:52:54.675 13603 13603 D M_InsDal: Lcom/fsck/k9/mailstore/StorageManager;--->lockProvider(Ljava/lang/String;)V
06-05 15:52:54.675 13603 13603 D M_InsDal: Lcom/fsck/k9/mailstore/StorageManager;--->getProvider(Ljava/lang/String;)Lcom/fsck/k9/mailstore/StorageManager$StorageProvider;
06-05 15:52:54.675 13603 13603 D M_InsDal: Lcom/fsck/k9/mailstore/StorageManager$InternalStorageProvider;--->isReady(Landroid/content/Context;)Z
06-05 15:52:54.675 13603 13603 D M_InsDal: Lcom/fsck/k9/K9;--->isDebug()Z
06-05 15:52:54.675 13603 13603 D M_InsDal: Lcom/fsck/k9/mailstore/LocalFolder$1;--->doDbWork(Landroid/database/sqlite/SQLiteDatabase;)Ljava/lang/Void;
06-05 15:52:54.675 13603 13603 D M_InsDal: Lcom/fsck/k9/mailstore/LocalFolder;--->open(Landroid/database/Cursor;)V
06-05 15:52:54.675 13603 13603 D M_InsDal: Lcom/fsck/k9/mail/Folder;--->setStatus(Ljava/lang/String;)V
06-05 15:52:54.675 13603 13603 D M_InsDal: Lcom/fsck/k9/mail/Folder;--->setLastChecked(J)V
06-05 15:52:54.675 13603 13603 D M_InsDal: Lcom/fsck/k9/mail/Folder;--->setLastPush(J)V
06-05 15:52:54.675 13603 13603 D M_InsDal: Lcom/fsck/k9/mail/Folder$FolderClass;--->valueOf(Ljava/lang/String;)Lcom/fsck/k9/mail/Folder$FolderClass;
06-05 15:52:54.675 13603 13603 D M_InsDal: Lcom/fsck/k9/mail/Folder$FolderClass;--->valueOf(Ljava/lang/String;)Lcom/fsck/k9/mail/Folder$FolderClass;
06-05 15:52:54.675 13603 13603 D M_InsDal: Lcom/fsck/k9/mailstore/LocalFolder$MoreMessages;--->fromDatabaseName(Ljava/lang/String;)Lcom/fsck/k9/mailstore/LocalFolder$MoreMessages;
06-05 15:52:54.675 13603 13603 D M_InsDal: Lcom/fsck/k9/mailstore/LocalFolder$MoreMessages;--->values()[Lcom/fsck/k9/mailstore/LocalFolder$MoreMessages;
06-05 15:52:54.675 13603 13603 D M_InsDal: Lcom/fsck/k9/helper/Utility;--->closeQuietly(Landroid/database/Cursor;)V
06-05 15:52:54.675 13603 13603 D M_InsDal: Lcom/fsck/k9/mailstore/LockableDatabase;--->unlockRead()V
06-05 15:52:54.675 13603 13603 D M_InsDal: Lcom/fsck/k9/mailstore/LockableDatabase;--->getStorageManager()Lcom/fsck/k9/mailstore/StorageManager;
06-05 15:52:54.675 13603 13603 D M_InsDal: Lcom/fsck/k9/mailstore/StorageManager;--->getInstance(Landroid/content/Context;)Lcom/fsck/k9/mailstore/StorageManager;
06-05 15:52:54.675 13603 13603 D M_InsDal: Lcom/fsck/k9/mailstore/StorageManager;--->unlockProvider(Ljava/lang/String;)V
06-05 15:52:54.675 13603 13603 D M_InsDal: Lcom/fsck/k9/mailstore/StorageManager;--->getProvider(Ljava/lang/String;)Lcom/fsck/k9/mailstore/StorageManager$StorageProvider;
06-05 15:52:54.675 13603 13603 D M_InsDal: Lcom/fsck/k9/activity/FolderInfoHolder;---><init>(Landroid/content/Context;Lcom/fsck/k9/mailstore/LocalFolder;Lcom/fsck/k9/Account;)V
06-05 15:52:54.675 13603 13603 D M_InsDal: Lcom/fsck/k9/activity/FolderInfoHolder;--->populate(Landroid/content/Context;Lcom/fsck/k9/mailstore/LocalFolder;Lcom/fsck/k9/Account;)V
06-05 15:52:54.675 13603 13603 D M_InsDal: Lcom/fsck/k9/mailstore/LocalFolder;--->getName()Ljava/lang/String;
06-05 15:52:54.675 13603 13603 D M_InsDal: Lcom/fsck/k9/mail/Folder;--->getLastUpdate()J
06-05 15:52:54.675 13603 13603 D M_InsDal: Lcom/fsck/k9/mail/Folder;--->getLastChecked()J
06-05 15:52:54.675 13603 13603 D M_InsDal: Lcom/fsck/k9/mail/Folder;--->getLastPush()J
06-05 15:52:54.675 13603 13603 D M_InsDal: Lcom/fsck/k9/mail/Folder;--->getStatus()Ljava/lang/String;
06-05 15:52:54.675 13603 13603 D M_InsDal: Lcom/fsck/k9/activity/FolderInfoHolder;--->truncateStatus(Ljava/lang/String;)Ljava/lang/String;
06-05 15:52:54.675 13603 13603 D M_InsDal: Lcom/fsck/k9/activity/FolderInfoHolder;--->getDisplayName(Landroid/content/Context;Lcom/fsck/k9/Account;Ljava/lang/String;)Ljava/lang/String;
06-05 15:52:54.675 13603 13603 D M_InsDal: Lcom/fsck/k9/Account;--->getSpamFolderName()Ljava/lang/String;
06-05 15:52:54.675 13603 13603 D M_InsDal: Lcom/fsck/k9/Account;--->getArchiveFolderName()Ljava/lang/String;
06-05 15:52:54.675 13603 13603 D M_InsDal: Lcom/fsck/k9/Account;--->getSentFolderName()Ljava/lang/String;
06-05 15:52:54.675 13603 13603 D M_InsDal: Lcom/fsck/k9/Account;--->getTrashFolderName()Ljava/lang/String;
06-05 15:52:54.675 13603 13603 D M_InsDal: Lcom/fsck/k9/Account;--->getDraftsFolderName()Ljava/lang/String;
06-05 15:52:54.675 13603 13603 D M_InsDal: Lcom/fsck/k9/Account;--->getOutboxFolderName()Ljava/lang/String;
06-05 15:52:54.675 13603 13603 D M_InsDal: Lcom/fsck/k9/Account;--->getInboxFolderName()Ljava/lang/String;
06-05 15:52:54.675 13603 13603 D M_InsDal: Lcom/fsck/k9/activity/FolderInfoHolder;--->setMoreMessagesFromFolder(Lcom/fsck/k9/mailstore/LocalFolder;)V
06-05 15:52:54.675 13603 13603 D M_InsDal: Lcom/fsck/k9/mailstore/LocalFolder;--->hasMoreMessages()Z
06-05 15:52:54.675 13603 13603 D M_InsDal: Lcom/fsck/k9/Account;--->getUuid()Ljava/lang/String;
06-05 15:52:54.675 13603 13603 D M_InsDal: Lcom/fsck/k9/fragment/MessageListFragment;--->createCacheBroadcastReceiver(Landroid/content/Context;)V
06-05 15:52:54.675 13603 13603 D M_InsDal: Lcom/fsck/k9/fragment/MessageListFragment$1;---><init>(Lcom/fsck/k9/fragment/MessageListFragment;)V
06-05 15:52:54.675 13603 13603 D M_InsDal: Lcom/fsck/k9/fragment/MessageListFragment;--->onCreateView(Landroid/view/LayoutInflater;Landroid/view/ViewGroup;Landroid/os/Bundle;)Landroid/view/View;
06-05 15:52:54.677 13603 13603 D M_InsDal: Lcom/fsck/k9/fragment/MessageListFragment;--->initializePullToRefresh(Landroid/view/View;)V
06-05 15:52:54.677 13603 13603 D M_InsDal: Lcom/fsck/k9/fragment/MessageListFragment;--->isRemoteSearchAllowed()Z
06-05 15:52:54.677 13603 13603 D M_InsDal: Lcom/fsck/k9/search/LocalSearch;--->isManualSearch()Z
06-05 15:52:54.677 13603 13603 D M_InsDal: Lcom/fsck/k9/fragment/MessageListFragment;--->isCheckMailSupported()Z
06-05 15:52:54.677 13603 13603 D M_InsDal: Lcom/fsck/k9/fragment/MessageListFragment;--->isSingleAccountMode()Z
06-05 15:52:54.677 13603 13603 D M_InsDal: Lcom/fsck/k9/fragment/MessageListFragment;--->isSingleFolderMode()Z
06-05 15:52:54.677 13603 13603 D M_InsDal: Lcom/fsck/k9/fragment/MessageListFragment;--->isRemoteFolder()Z
06-05 15:52:54.677 13603 13603 D M_InsDal: Lcom/fsck/k9/search/LocalSearch;--->isManualSearch()Z
06-05 15:52:54.677 13603 13603 D M_InsDal: Lcom/fsck/k9/fragment/MessageListFragment;--->isOutbox()Z
06-05 15:52:54.677 13603 13603 D M_InsDal: Lcom/fsck/k9/Account;--->getOutboxFolderName()Ljava/lang/String;
06-05 15:52:54.677 13603 13603 D M_InsDal: Lcom/fsck/k9/controller/MessagingController;--->isMoveCapable(Lcom/fsck/k9/Account;)Z
06-05 15:52:54.677 13603 13603 D M_InsDal: Lcom/fsck/k9/Account;--->getLocalStore()Lcom/fsck/k9/mailstore/LocalStore;
06-05 15:52:54.677 13603 13603 D M_InsDal: Lcom/fsck/k9/mailstore/LocalStore;--->getInstance(Lcom/fsck/k9/Account;Landroid/content/Context;)Lcom/fsck/k9/mailstore/LocalStore;
06-05 15:52:54.677 13603 13603 D M_InsDal: Lcom/fsck/k9/Account;--->getUuid()Ljava/lang/String;
06-05 15:52:54.677 13603 13603 D M_InsDal: Lcom/fsck/k9/Account;--->getRemoteStore()Lcom/fsck/k9/mail/Store;
06-05 15:52:54.677 13603 13603 D M_InsDal: Lcom/fsck/k9/mail/store/RemoteStore;--->getInstance(Landroid/content/Context;Lcom/fsck/k9/mail/store/StoreConfig;)Lcom/fsck/k9/mail/Store;
06-05 15:52:54.677 13603 13603 D M_InsDal: Lcom/fsck/k9/Account;--->getStoreUri()Ljava/lang/String;
06-05 15:52:54.677 13603 13603 D M_InsDal: Lcom/fsck/k9/mailstore/LocalStore;--->isMoveCapable()Z
06-05 15:52:54.677 13603 13603 D M_InsDal: Lcom/fsck/k9/mail/store/imap/ImapStore;--->isMoveCapable()Z
06-05 15:52:54.677 13603 13603 D M_InsDal: Lcom/fsck/k9/fragment/MessageListFragment$3;---><init>(Lcom/fsck/k9/fragment/MessageListFragment;)V
06-05 15:52:54.677 13603 13603 D M_InsDal: Lcom/fsck/k9/fragment/MessageListFragment;--->initializeLayout()V
06-05 15:52:54.680 13603 13603 D M_InsDal: Lcom/fsck/k9/fragment/MessageListFragment;--->onActivityCreated(Landroid/os/Bundle;)V
06-05 15:52:54.680 13603 13603 D M_InsDal: Lcom/fsck/k9/helper/MessageHelper;--->getInstance(Landroid/content/Context;)Lcom/fsck/k9/helper/MessageHelper;
06-05 15:52:54.680 13603 13603 D M_InsDal: Lcom/fsck/k9/fragment/MessageListFragment;--->initializeMessageList()V
06-05 15:52:54.680 13603 13603 D M_InsDal: Lcom/fsck/k9/fragment/MessageListAdapter;---><init>(Lcom/fsck/k9/fragment/MessageListFragment;)V
06-05 15:52:54.680 13603 13603 D M_InsDal: Lcom/fsck/k9/K9;--->getFontSizes()Lcom/fsck/k9/FontSizes;
06-05 15:52:54.680 13603 13603 D M_InsDal: Lcom/fsck/k9/fragment/MessageListFragment;--->getFolderInfoHolder(Ljava/lang/String;Lcom/fsck/k9/Account;)Lcom/fsck/k9/activity/FolderInfoHolder;
06-05 15:52:54.681 13603 13603 D M_InsDal: Lcom/fsck/k9/fragment/MlfUtils;--->getOpenFolder(Ljava/lang/String;Lcom/fsck/k9/Account;)Lcom/fsck/k9/mailstore/LocalFolder;
06-05 15:52:54.681 13603 13603 D M_InsDal: Lcom/fsck/k9/Account;--->getLocalStore()Lcom/fsck/k9/mailstore/LocalStore;
06-05 15:52:54.681 13603 13603 D M_InsDal: Lcom/fsck/k9/mailstore/LocalStore;--->getInstance(Lcom/fsck/k9/Account;Landroid/content/Context;)Lcom/fsck/k9/mailstore/LocalStore;
06-05 15:52:54.681 13603 13603 D M_InsDal: Lcom/fsck/k9/Account;--->getUuid()Ljava/lang/String;
06-05 15:52:54.681 13603 13603 D M_InsDal: Lcom/fsck/k9/mailstore/LocalStore;--->getFolder(Ljava/lang/String;)Lcom/fsck/k9/mailstore/LocalFolder;
06-05 15:52:54.681 13603 13603 D M_InsDal: Lcom/fsck/k9/mailstore/LocalFolder;---><init>(Lcom/fsck/k9/mailstore/LocalStore;Ljava/lang/String;)V
06-05 15:52:54.681 13603 13603 D M_InsDal: Lcom/fsck/k9/mail/Folder;---><init>()V
06-05 15:52:54.681 13603 13603 D M_InsDal: Lcom/fsck/k9/mailstore/LocalStore;--->getAttachmentInfoExtractor()Lcom/fsck/k9/message/extractors/AttachmentInfoExtractor;
06-05 15:52:54.681 13603 13603 D M_InsDal: Lcom/fsck/k9/mailstore/LocalFolder;--->getAccount()Lcom/fsck/k9/Account;
06-05 15:52:54.681 13603 13603 D M_InsDal: Lcom/fsck/k9/mailstore/LocalStore;--->getAccount()Lcom/fsck/k9/Account;
06-05 15:52:54.681 13603 13603 D M_InsDal: Lcom/fsck/k9/Account;--->getInboxFolderName()Ljava/lang/String;
06-05 15:52:54.681 13603 13603 D M_InsDal: Lcom/fsck/k9/mailstore/LocalFolder;--->getName()Ljava/lang/String;
06-05 15:52:54.681 13603 13603 D M_InsDal: Lcom/fsck/k9/mailstore/LocalFolder;--->open(I)V
06-05 15:52:54.681 13603 13603 D M_InsDal: Lcom/fsck/k9/mailstore/LocalFolder;--->isOpen()Z
06-05 15:52:54.681 13603 13603 D M_InsDal: Lcom/fsck/k9/mailstore/LocalFolder;--->isOpen()Z
06-05 15:52:54.681 13603 13603 D M_InsDal: Lcom/fsck/k9/mailstore/LocalStore;--->getDatabase()Lcom/fsck/k9/mailstore/LockableDatabase;
06-05 15:52:54.681 13603 13603 D M_InsDal: Lcom/fsck/k9/mailstore/LocalFolder$1;---><init>(Lcom/fsck/k9/mailstore/LocalFolder;I)V
06-05 15:52:54.681 13603 13603 D M_InsDal: Lcom/fsck/k9/mailstore/LockableDatabase;--->execute(ZLcom/fsck/k9/mailstore/LockableDatabase$DbCallback;)Ljava/lang/Object;
06-05 15:52:54.681 13603 13603 D M_InsDal: Lcom/fsck/k9/mailstore/LockableDatabase;--->lockRead()V
06-05 15:52:54.681 13603 13603 D M_InsDal: Lcom/fsck/k9/mailstore/LockableDatabase;--->getStorageManager()Lcom/fsck/k9/mailstore/StorageManager;
06-05 15:52:54.681 13603 13603 D M_InsDal: Lcom/fsck/k9/mailstore/StorageManager;--->getInstance(Landroid/content/Context;)Lcom/fsck/k9/mailstore/StorageManager;
06-05 15:52:54.681 13603 13603 D M_InsDal: Lcom/fsck/k9/mailstore/StorageManager;--->lockProvider(Ljava/lang/String;)V
06-05 15:52:54.681 13603 13603 D M_InsDal: Lcom/fsck/k9/mailstore/StorageManager;--->getProvider(Ljava/lang/String;)Lcom/fsck/k9/mailstore/StorageManager$StorageProvider;
06-05 15:52:54.681 13603 13603 D M_InsDal: Lcom/fsck/k9/mailstore/StorageManager$InternalStorageProvider;--->isReady(Landroid/content/Context;)Z
06-05 15:52:54.681 13603 13603 D M_InsDal: Lcom/fsck/k9/K9;--->isDebug()Z
06-05 15:52:54.681 13603 13603 D M_InsDal: Lcom/fsck/k9/mailstore/LocalFolder$1;--->doDbWork(Landroid/database/sqlite/SQLiteDatabase;)Ljava/lang/Void;
06-05 15:52:54.681 13603 13603 D M_InsDal: Lcom/fsck/k9/mailstore/LocalFolder;--->open(Landroid/database/Cursor;)V
06-05 15:52:54.681 13603 13603 D M_InsDal: Lcom/fsck/k9/mail/Folder;--->setStatus(Ljava/lang/String;)V
06-05 15:52:54.681 13603 13603 D M_InsDal: Lcom/fsck/k9/mail/Folder;--->setLastChecked(J)V
06-05 15:52:54.681 13603 13603 D M_InsDal: Lcom/fsck/k9/mail/Folder;--->setLastPush(J)V
06-05 15:52:54.681 13603 13603 D M_InsDal: Lcom/fsck/k9/mail/Folder$FolderClass;--->valueOf(Ljava/lang/String;)Lcom/fsck/k9/mail/Folder$FolderClass;
06-05 15:52:54.681 13603 13603 D M_InsDal: Lcom/fsck/k9/mail/Folder$FolderClass;--->valueOf(Ljava/lang/String;)Lcom/fsck/k9/mail/Folder$FolderClass;
06-05 15:52:54.681 13603 13603 D M_InsDal: Lcom/fsck/k9/mailstore/LocalFolder$MoreMessages;--->fromDatabaseName(Ljava/lang/String;)Lcom/fsck/k9/mailstore/LocalFolder$MoreMessages;
06-05 15:52:54.681 13603 13603 D M_InsDal: Lcom/fsck/k9/mailstore/LocalFolder$MoreMessages;--->values()[Lcom/fsck/k9/mailstore/LocalFolder$MoreMessages;
06-05 15:52:54.681 13603 13603 D M_InsDal: Lcom/fsck/k9/helper/Utility;--->closeQuietly(Landroid/database/Cursor;)V
06-05 15:52:54.681 13603 13603 D M_InsDal: Lcom/fsck/k9/mailstore/LockableDatabase;--->unlockRead()V
06-05 15:52:54.681 13603 13603 D M_InsDal: Lcom/fsck/k9/mailstore/LockableDatabase;--->getStorageManager()Lcom/fsck/k9/mailstore/StorageManager;
06-05 15:52:54.681 13603 13603 D M_InsDal: Lcom/fsck/k9/mailstore/StorageManager;--->getInstance(Landroid/content/Context;)Lcom/fsck/k9/mailstore/StorageManager;
06-05 15:52:54.681 13603 13603 D M_InsDal: Lcom/fsck/k9/mailstore/StorageManager;--->unlockProvider(Ljava/lang/String;)V
06-05 15:52:54.681 13603 13603 D M_InsDal: Lcom/fsck/k9/mailstore/StorageManager;--->getProvider(Ljava/lang/String;)Lcom/fsck/k9/mailstore/StorageManager$StorageProvider;
06-05 15:52:54.681 13603 13603 D M_InsDal: Lcom/fsck/k9/activity/FolderInfoHolder;---><init>(Landroid/content/Context;Lcom/fsck/k9/mailstore/LocalFolder;Lcom/fsck/k9/Account;)V
06-05 15:52:54.681 13603 13603 D M_InsDal: Lcom/fsck/k9/activity/FolderInfoHolder;--->populate(Landroid/content/Context;Lcom/fsck/k9/mailstore/LocalFolder;Lcom/fsck/k9/Account;)V
06-05 15:52:54.681 13603 13603 D M_InsDal: Lcom/fsck/k9/mailstore/LocalFolder;--->getName()Ljava/lang/String;
06-05 15:52:54.681 13603 13603 D M_InsDal: Lcom/fsck/k9/mail/Folder;--->getLastUpdate()J
06-05 15:52:54.681 13603 13603 D M_InsDal: Lcom/fsck/k9/mail/Folder;--->getLastChecked()J
06-05 15:52:54.681 13603 13603 D M_InsDal: Lcom/fsck/k9/mail/Folder;--->getLastPush()J
06-05 15:52:54.681 13603 13603 D M_InsDal: Lcom/fsck/k9/mail/Folder;--->getStatus()Ljava/lang/String;
06-05 15:52:54.681 13603 13603 D M_InsDal: Lcom/fsck/k9/activity/FolderInfoHolder;--->truncateStatus(Ljava/lang/String;)Ljava/lang/String;
06-05 15:52:54.681 13603 13603 D M_InsDal: Lcom/fsck/k9/activity/FolderInfoHolder;--->getDisplayName(Landroid/content/Context;Lcom/fsck/k9/Account;Ljava/lang/String;)Ljava/lang/String;
06-05 15:52:54.681 13603 13603 D M_InsDal: Lcom/fsck/k9/Account;--->getSpamFolderName()Ljava/lang/String;
06-05 15:52:54.681 13603 13603 D M_InsDal: Lcom/fsck/k9/Account;--->getArchiveFolderName()Ljava/lang/String;
06-05 15:52:54.681 13603 13603 D M_InsDal: Lcom/fsck/k9/Account;--->getSentFolderName()Ljava/lang/String;
06-05 15:52:54.681 13603 13603 D M_InsDal: Lcom/fsck/k9/Account;--->getTrashFolderName()Ljava/lang/String;
06-05 15:52:54.681 13603 13603 D M_InsDal: Lcom/fsck/k9/Account;--->getDraftsFolderName()Ljava/lang/String;
06-05 15:52:54.681 13603 13603 D M_InsDal: Lcom/fsck/k9/Account;--->getOutboxFolderName()Ljava/lang/String;
06-05 15:52:54.681 13603 13603 D M_InsDal: Lcom/fsck/k9/Account;--->getInboxFolderName()Ljava/lang/String;
06-05 15:52:54.681 13603 13603 D M_InsDal: Lcom/fsck/k9/activity/FolderInfoHolder;--->setMoreMessagesFromFolder(Lcom/fsck/k9/mailstore/LocalFolder;)V
06-05 15:52:54.681 13603 13603 D M_InsDal: Lcom/fsck/k9/mailstore/LocalFolder;--->hasMoreMessages()Z
06-05 15:52:54.681 13603 13603 D M_InsDal: Lcom/fsck/k9/fragment/MessageListFragment;--->getFooterView(Landroid/view/ViewGroup;)Landroid/view/View;
06-05 15:52:54.681 13603 13603 D M_InsDal: Lcom/fsck/k9/fragment/MessageListFragment$FooterViewHolder;---><init>()V
06-05 15:52:54.681 13603 13603 D M_InsDal: Lcom/fsck/k9/fragment/MessageListFragment;--->updateFooterView()V
06-05 15:52:54.681 13603 13603 D M_InsDal: Lcom/fsck/k9/search/LocalSearch;--->isManualSearch()Z
06-05 15:52:54.682 13603 13603 D M_InsDal: Lcom/fsck/k9/Account;--->getDisplayCount()I
06-05 15:52:54.682 13603 13603 D M_InsDal: Lcom/fsck/k9/Account;--->getDisplayCount()I
06-05 15:52:54.682 13603 13603 D M_InsDal: Lcom/fsck/k9/fragment/MessageListFragment;--->updateFooter(Ljava/lang/String;)V
06-05 15:52:54.682 13603 13603 D M_InsDal: Lcom/fsck/k9/fragment/MessageListFragment;--->initializeSortSettings()V
06-05 15:52:54.682 13603 13603 D M_InsDal: Lcom/fsck/k9/Account;--->getSortType()Lcom/fsck/k9/Account$SortType;
06-05 15:52:54.682 13603 13603 D M_InsDal: Lcom/fsck/k9/Account;--->isSortAscending(Lcom/fsck/k9/Account$SortType;)Z
06-05 15:52:54.682 13603 13603 D M_InsDal: Lcom/fsck/k9/Account;--->isSortAscending(Lcom/fsck/k9/Account$SortType;)Z
06-05 15:52:54.682 13603 13603 D M_InsDal: Lcom/fsck/k9/fragment/MessageListFragment;--->onCreateLoader(ILandroid/os/Bundle;)Landroid/content/Loader;
06-05 15:52:54.682 13603 13603 D M_InsDal: Lcom/fsck/k9/Preferences;--->getAccount(Ljava/lang/String;)Lcom/fsck/k9/Account;
06-05 15:52:54.682 13603 13603 D M_InsDal: Lcom/fsck/k9/fragment/MessageListFragment;--->getThreadId(Lcom/fsck/k9/search/LocalSearch;)Ljava/lang/String;
06-05 15:52:54.682 13603 13603 D M_InsDal: Lcom/fsck/k9/search/LocalSearch;--->getLeafSet()Ljava/util/Set;
06-05 15:52:54.682 13603 13603 D M_InsDal: Lcom/fsck/k9/fragment/MLFProjectionInfo;---><clinit>()V
06-05 15:52:54.682 13603 13603 D M_InsDal: Lcom/fsck/k9/search/LocalSearch;--->getConditions()Lcom/fsck/k9/search/ConditionsTreeNode;
06-05 15:52:54.682 13603 13603 D M_InsDal: Lcom/fsck/k9/search/SqlQueryBuilder;--->buildWhereClause(Lcom/fsck/k9/Account;Lcom/fsck/k9/search/ConditionsTreeNode;Ljava/lang/StringBuilder;Ljava/util/List;)V
