06-05 15:52:54.665 13603 13624 D M_InsDal: Lcom/fsck/k9/mailstore/LocalStore;--->getAttachmentInfoExtractor()Lcom/fsck/k9/message/extractors/AttachmentInfoExtractor;
06-05 15:52:54.665 13603 13624 D M_InsDal: Lcom/fsck/k9/mailstore/LocalFolder;--->getAccount()Lcom/fsck/k9/Account;
06-05 15:52:54.665 13603 13624 D M_InsDal: Lcom/fsck/k9/mailstore/LocalStore;--->getAccount()Lcom/fsck/k9/Account;
06-05 15:52:54.665 13603 13624 D M_InsDal: Lcom/fsck/k9/Account;--->getInboxFolderName()Ljava/lang/String;
06-05 15:52:54.665 13603 13624 D M_InsDal: Lcom/fsck/k9/mailstore/LocalFolder;--->getName()Ljava/lang/String;
06-05 15:52:54.665 13603 13624 D M_InsDal: Lcom/fsck/k9/mailstore/LocalFolder;--->open(Landroid/database/Cursor;)V
06-05 15:52:54.665 13603 13624 D M_InsDal: Lcom/fsck/k9/mail/Folder;--->setStatus(Ljava/lang/String;)V
06-05 15:52:54.665 13603 13624 D M_InsDal: Lcom/fsck/k9/mail/Folder;--->setLastChecked(J)V
06-05 15:52:54.665 13603 13624 D M_InsDal: Lcom/fsck/k9/mail/Folder;--->setLastPush(J)V
06-05 15:52:54.665 13603 13624 D M_InsDal: Lcom/fsck/k9/mail/Folder$FolderClass;--->valueOf(Ljava/lang/String;)Lcom/fsck/k9/mail/Folder$FolderClass;
06-05 15:52:54.665 13603 13624 D M_InsDal: Lcom/fsck/k9/mail/Folder$FolderClass;--->valueOf(Ljava/lang/String;)Lcom/fsck/k9/mail/Folder$FolderClass;
06-05 15:52:54.665 13603 13624 D M_InsDal: Lcom/fsck/k9/mailstore/LocalFolder$MoreMessages;--->fromDatabaseName(Ljava/lang/String;)Lcom/fsck/k9/mailstore/LocalFolder$MoreMessages;
06-05 15:52:54.665 13603 13624 D M_InsDal: Lcom/fsck/k9/mailstore/LocalFolder$MoreMessages;--->values()[Lcom/fsck/k9/mailstore/LocalFolder$MoreMessages;
06-05 15:52:54.665 13603 13624 D M_InsDal: Lcom/fsck/k9/mailstore/LocalFolder;---><init>(Lcom/fsck/k9/mailstore/LocalStore;Ljava/lang/String;)V
06-05 15:52:54.665 13603 13624 D M_InsDal: Lcom/fsck/k9/mail/Folder;---><init>()V
06-05 15:52:54.665 13603 13624 D M_InsDal: Lcom/fsck/k9/mailstore/LocalStore;--->getAttachmentInfoExtractor()Lcom/fsck/k9/message/extractors/AttachmentInfoExtractor;
06-05 15:52:54.665 13603 13624 D M_InsDal: Lcom/fsck/k9/mailstore/LocalFolder;--->getAccount()Lcom/fsck/k9/Account;
06-05 15:52:54.665 13603 13624 D M_InsDal: Lcom/fsck/k9/mailstore/LocalStore;--->getAccount()Lcom/fsck/k9/Account;
06-05 15:52:54.665 13603 13624 D M_InsDal: Lcom/fsck/k9/Account;--->getInboxFolderName()Ljava/lang/String;
06-05 15:52:54.665 13603 13624 D M_InsDal: Lcom/fsck/k9/mailstore/LocalFolder;--->getName()Ljava/lang/String;
06-05 15:52:54.665 13603 13624 D M_InsDal: Lcom/fsck/k9/mailstore/LocalFolder;--->open(Landroid/database/Cursor;)V
06-05 15:52:54.665 13603 13624 D M_InsDal: Lcom/fsck/k9/mail/Folder;--->setStatus(Ljava/lang/String;)V
06-05 15:52:54.665 13603 13624 D M_InsDal: Lcom/fsck/k9/mail/Folder;--->setLastChecked(J)V
06-05 15:52:54.665 13603 13624 D M_InsDal: Lcom/fsck/k9/mail/Folder;--->setLastPush(J)V
06-05 15:52:54.665 13603 13624 D M_InsDal: Lcom/fsck/k9/mail/Folder$FolderClass;--->valueOf(Ljava/lang/String;)Lcom/fsck/k9/mail/Folder$FolderClass;
06-05 15:52:54.665 13603 13624 D M_InsDal: Lcom/fsck/k9/mail/Folder$FolderClass;--->valueOf(Ljava/lang/String;)Lcom/fsck/k9/mail/Folder$FolderClass;
06-05 15:52:54.665 13603 13624 D M_InsDal: Lcom/fsck/k9/mailstore/LocalFolder$MoreMessages;--->fromDatabaseName(Ljava/lang/String;)Lcom/fsck/k9/mailstore/LocalFolder$MoreMessages;
06-05 15:52:54.665 13603 13624 D M_InsDal: Lcom/fsck/k9/mailstore/LocalFolder$MoreMessages;--->values()[Lcom/fsck/k9/mailstore/LocalFolder$MoreMessages;
06-05 15:52:54.665 13603 13624 D M_InsDal: Lcom/fsck/k9/mailstore/LocalFolder;---><init>(Lcom/fsck/k9/mailstore/LocalStore;Ljava/lang/String;)V
06-05 15:52:54.665 13603 13624 D M_InsDal: Lcom/fsck/k9/mail/Folder;---><init>()V
06-05 15:52:54.665 13603 13624 D M_InsDal: Lcom/fsck/k9/mailstore/LocalStore;--->getAttachmentInfoExtractor()Lcom/fsck/k9/message/extractors/AttachmentInfoExtractor;
06-05 15:52:54.665 13603 13624 D M_InsDal: Lcom/fsck/k9/mailstore/LocalFolder;--->getAccount()Lcom/fsck/k9/Account;
06-05 15:52:54.665 13603 13624 D M_InsDal: Lcom/fsck/k9/mailstore/LocalStore;--->getAccount()Lcom/fsck/k9/Account;
06-05 15:52:54.665 13603 13624 D M_InsDal: Lcom/fsck/k9/Account;--->getInboxFolderName()Ljava/lang/String;
06-05 15:52:54.665 13603 13624 D M_InsDal: Lcom/fsck/k9/mailstore/LocalFolder;--->getName()Ljava/lang/String;
06-05 15:52:54.665 13603 13624 D M_InsDal: Lcom/fsck/k9/mailstore/LocalFolder;--->open(Landroid/database/Cursor;)V
06-05 15:52:54.665 13603 13624 D M_InsDal: Lcom/fsck/k9/mail/Folder;--->setStatus(Ljava/lang/String;)V
06-05 15:52:54.665 13603 13624 D M_InsDal: Lcom/fsck/k9/mail/Folder;--->setLastChecked(J)V
06-05 15:52:54.665 13603 13624 D M_InsDal: Lcom/fsck/k9/mail/Folder;--->setLastPush(J)V
06-05 15:52:54.665 13603 13624 D M_InsDal: Lcom/fsck/k9/mail/Folder$FolderClass;--->valueOf(Ljava/lang/String;)Lcom/fsck/k9/mail/Folder$FolderClass;
06-05 15:52:54.665 13603 13624 D M_InsDal: Lcom/fsck/k9/mail/Folder$FolderClass;--->valueOf(Ljava/lang/String;)Lcom/fsck/k9/mail/Folder$FolderClass;
06-05 15:52:54.665 13603 13624 D M_InsDal: Lcom/fsck/k9/mailstore/LocalFolder$MoreMessages;--->fromDatabaseName(Ljava/lang/String;)Lcom/fsck/k9/mailstore/LocalFolder$MoreMessages;
06-05 15:52:54.665 13603 13624 D M_InsDal: Lcom/fsck/k9/mailstore/LocalFolder$MoreMessages;--->values()[Lcom/fsck/k9/mailstore/LocalFolder$MoreMessages;
06-05 15:52:54.665 13603 13624 D M_InsDal: Lcom/fsck/k9/mailstore/LocalFolder;---><init>(Lcom/fsck/k9/mailstore/LocalStore;Ljava/lang/String;)V
06-05 15:52:54.665 13603 13624 D M_InsDal: Lcom/fsck/k9/mail/Folder;---><init>()V
06-05 15:52:54.665 13603 13624 D M_InsDal: Lcom/fsck/k9/mailstore/LocalStore;--->getAttachmentInfoExtractor()Lcom/fsck/k9/message/extractors/AttachmentInfoExtractor;
06-05 15:52:54.665 13603 13624 D M_InsDal: Lcom/fsck/k9/mailstore/LocalFolder;--->getAccount()Lcom/fsck/k9/Account;
06-05 15:52:54.665 13603 13624 D M_InsDal: Lcom/fsck/k9/mailstore/LocalStore;--->getAccount()Lcom/fsck/k9/Account;
06-05 15:52:54.665 13603 13624 D M_InsDal: Lcom/fsck/k9/Account;--->getInboxFolderName()Ljava/lang/String;
06-05 15:52:54.665 13603 13624 D M_InsDal: Lcom/fsck/k9/mailstore/LocalFolder;--->getName()Ljava/lang/String;
06-05 15:52:54.665 13603 13624 D M_InsDal: Lcom/fsck/k9/mailstore/LocalFolder;--->open(Landroid/database/Cursor;)V
06-05 15:52:54.665 13603 13624 D M_InsDal: Lcom/fsck/k9/mail/Folder;--->setStatus(Ljava/lang/String;)V
06-05 15:52:54.665 13603 13624 D M_InsDal: Lcom/fsck/k9/mail/Folder;--->setLastChecked(J)V
06-05 15:52:54.665 13603 13624 D M_InsDal: Lcom/fsck/k9/mail/Folder;--->setLastPush(J)V
06-05 15:52:54.665 13603 13624 D M_InsDal: Lcom/fsck/k9/mail/Folder$FolderClass;--->valueOf(Ljava/lang/String;)Lcom/fsck/k9/mail/Folder$FolderClass;
06-05 15:52:54.665 13603 13624 D M_InsDal: Lcom/fsck/k9/mail/Folder$FolderClass;--->valueOf(Ljava/lang/String;)Lcom/fsck/k9/mail/Folder$FolderClass;
06-05 15:52:54.665 13603 13624 D M_InsDal: Lcom/fsck/k9/mailstore/LocalFolder$MoreMessages;--->fromDatabaseName(Ljava/lang/String;)Lcom/fsck/k9/mailstore/LocalFolder$MoreMessages;
06-05 15:52:54.665 13603 13624 D M_InsDal: Lcom/fsck/k9/mailstore/LocalFolder$MoreMessages;--->values()[Lcom/fsck/k9/mailstore/LocalFolder$MoreMessages;
06-05 15:52:54.665 13603 13624 D M_InsDal: Lcom/fsck/k9/mailstore/LocalFolder;---><init>(Lcom/fsck/k9/mailstore/LocalStore;Ljava/lang/String;)V
06-05 15:52:54.665 13603 13624 D M_InsDal: Lcom/fsck/k9/mail/Folder;---><init>()V
06-05 15:52:54.665 13603 13624 D M_InsDal: Lcom/fsck/k9/mailstore/LocalStore;--->getAttachmentInfoExtractor()Lcom/fsck/k9/message/extractors/AttachmentInfoExtractor;
06-05 15:52:54.665 13603 13624 D M_InsDal: Lcom/fsck/k9/mailstore/LocalFolder;--->getAccount()Lcom/fsck/k9/Account;
06-05 15:52:54.665 13603 13624 D M_InsDal: Lcom/fsck/k9/mailstore/LocalStore;--->getAccount()Lcom/fsck/k9/Account;
06-05 15:52:54.665 13603 13624 D M_InsDal: Lcom/fsck/k9/Account;--->getInboxFolderName()Ljava/lang/String;
06-05 15:52:54.665 13603 13624 D M_InsDal: Lcom/fsck/k9/mailstore/LocalFolder;--->getName()Ljava/lang/String;
06-05 15:52:54.665 13603 13624 D M_InsDal: Lcom/fsck/k9/mailstore/LocalFolder;--->open(Landroid/database/Cursor;)V
06-05 15:52:54.665 13603 13624 D M_InsDal: Lcom/fsck/k9/mail/Folder;--->setStatus(Ljava/lang/String;)V
06-05 15:52:54.665 13603 13624 D M_InsDal: Lcom/fsck/k9/mail/Folder;--->setLastChecked(J)V
06-05 15:52:54.665 13603 13624 D M_InsDal: Lcom/fsck/k9/mail/Folder;--->setLastPush(J)V
06-05 15:52:54.665 13603 13624 D M_InsDal: Lcom/fsck/k9/mail/Folder$FolderClass;--->valueOf(Ljava/lang/String;)Lcom/fsck/k9/mail/Folder$FolderClass;
06-05 15:52:54.665 13603 13624 D M_InsDal: Lcom/fsck/k9/mail/Folder$FolderClass;--->valueOf(Ljava/lang/String;)Lcom/fsck/k9/mail/Folder$FolderClass;
06-05 15:52:54.665 13603 13624 D M_InsDal: Lcom/fsck/k9/mailstore/LocalFolder$MoreMessages;--->fromDatabaseName(Ljava/lang/String;)Lcom/fsck/k9/mailstore/LocalFolder$MoreMessages;
06-05 15:52:54.665 13603 13624 D M_InsDal: Lcom/fsck/k9/mailstore/LocalFolder$MoreMessages;--->values()[Lcom/fsck/k9/mailstore/LocalFolder$MoreMessages;
06-05 15:52:54.665 13603 13624 D M_InsDal: Lcom/fsck/k9/mailstore/LocalFolder;---><init>(Lcom/fsck/k9/mailstore/LocalStore;Ljava/lang/String;)V
06-05 15:52:54.665 13603 13624 D M_InsDal: Lcom/fsck/k9/mail/Folder;---><init>()V
06-05 15:52:54.665 13603 13624 D M_InsDal: Lcom/fsck/k9/mailstore/LocalStore;--->getAttachmentInfoExtractor()Lcom/fsck/k9/message/extractors/AttachmentInfoExtractor;
06-05 15:52:54.665 13603 13624 D M_InsDal: Lcom/fsck/k9/mailstore/LocalFolder;--->getAccount()Lcom/fsck/k9/Account;
06-05 15:52:54.665 13603 13624 D M_InsDal: Lcom/fsck/k9/mailstore/LocalStore;--->getAccount()Lcom/fsck/k9/Account;
06-05 15:52:54.665 13603 13624 D M_InsDal: Lcom/fsck/k9/Account;--->getInboxFolderName()Ljava/lang/String;
06-05 15:52:54.665 13603 13624 D M_InsDal: Lcom/fsck/k9/mailstore/LocalFolder;--->getName()Ljava/lang/String;
06-05 15:52:54.665 13603 13624 D M_InsDal: Lcom/fsck/k9/mailstore/LocalFolder;--->open(Landroid/database/Cursor;)V
06-05 15:52:54.665 13603 13624 D M_InsDal: Lcom/fsck/k9/mail/Folder;--->setStatus(Ljava/lang/String;)V
06-05 15:52:54.665 13603 13624 D M_InsDal: Lcom/fsck/k9/mail/Folder;--->setLastChecked(J)V
06-05 15:52:54.665 13603 13624 D M_InsDal: Lcom/fsck/k9/mail/Folder;--->setLastPush(J)V
06-05 15:52:54.665 13603 13624 D M_InsDal: Lcom/fsck/k9/mail/Folder$FolderClass;--->valueOf(Ljava/lang/String;)Lcom/fsck/k9/mail/Folder$FolderClass;
06-05 15:52:54.665 13603 13624 D M_InsDal: Lcom/fsck/k9/mail/Folder$FolderClass;--->valueOf(Ljava/lang/String;)Lcom/fsck/k9/mail/Folder$FolderClass;
06-05 15:52:54.665 13603 13624 D M_InsDal: Lcom/fsck/k9/mailstore/LocalFolder$MoreMessages;--->fromDatabaseName(Ljava/lang/String;)Lcom/fsck/k9/mailstore/LocalFolder$MoreMessages;
06-05 15:52:54.665 13603 13624 D M_InsDal: Lcom/fsck/k9/mailstore/LocalFolder$MoreMessages;--->values()[Lcom/fsck/k9/mailstore/LocalFolder$MoreMessages;
06-05 15:52:54.665 13603 13624 D M_InsDal: Lcom/fsck/k9/mailstore/LocalFolder;---><init>(Lcom/fsck/k9/mailstore/LocalStore;Ljava/lang/String;)V
06-05 15:52:54.665 13603 13624 D M_InsDal: Lcom/fsck/k9/mail/Folder;---><init>()V
06-05 15:52:54.665 13603 13624 D M_InsDal: Lcom/fsck/k9/mailstore/LocalStore;--->getAttachmentInfoExtractor()Lcom/fsck/k9/message/extractors/AttachmentInfoExtractor;
06-05 15:52:54.665 13603 13624 D M_InsDal: Lcom/fsck/k9/mailstore/LocalFolder;--->getAccount()Lcom/fsck/k9/Account;
06-05 15:52:54.665 13603 13624 D M_InsDal: Lcom/fsck/k9/mailstore/LocalStore;--->getAccount()Lcom/fsck/k9/Account;
06-05 15:52:54.665 13603 13624 D M_InsDal: Lcom/fsck/k9/Account;--->getInboxFolderName()Ljava/lang/String;
06-05 15:52:54.665 13603 13624 D M_InsDal: Lcom/fsck/k9/mailstore/LocalFolder;--->getName()Ljava/lang/String;
06-05 15:52:54.665 13603 13624 D M_InsDal: Lcom/fsck/k9/mailstore/LocalFolder;--->open(Landroid/database/Cursor;)V
06-05 15:52:54.665 13603 13624 D M_InsDal: Lcom/fsck/k9/mail/Folder;--->setStatus(Ljava/lang/String;)V
06-05 15:52:54.665 13603 13624 D M_InsDal: Lcom/fsck/k9/mail/Folder;--->setLastChecked(J)V
06-05 15:52:54.665 13603 13624 D M_InsDal: Lcom/fsck/k9/mail/Folder;--->setLastPush(J)V
06-05 15:52:54.665 13603 13624 D M_InsDal: Lcom/fsck/k9/mail/Folder$FolderClass;--->valueOf(Ljava/lang/String;)Lcom/fsck/k9/mail/Folder$FolderClass;
06-05 15:52:54.665 13603 13624 D M_InsDal: Lcom/fsck/k9/mail/Folder$FolderClass;--->valueOf(Ljava/lang/String;)Lcom/fsck/k9/mail/Folder$FolderClass;
06-05 15:52:54.665 13603 13624 D M_InsDal: Lcom/fsck/k9/mailstore/LocalFolder$MoreMessages;--->fromDatabaseName(Ljava/lang/String;)Lcom/fsck/k9/mailstore/LocalFolder$MoreMessages;
06-05 15:52:54.665 13603 13624 D M_InsDal: Lcom/fsck/k9/mailstore/LocalFolder$MoreMessages;--->values()[Lcom/fsck/k9/mailstore/LocalFolder$MoreMessages;
06-05 15:52:54.665 13603 13624 D M_InsDal: Lcom/fsck/k9/mailstore/LocalFolder;---><init>(Lcom/fsck/k9/mailstore/LocalStore;Ljava/lang/String;)V
06-05 15:52:54.665 13603 13624 D M_InsDal: Lcom/fsck/k9/mail/Folder;---><init>()V
06-05 15:52:54.665 13603 13624 D M_InsDal: Lcom/fsck/k9/mailstore/LocalStore;--->getAttachmentInfoExtractor()Lcom/fsck/k9/message/extractors/AttachmentInfoExtractor;
06-05 15:52:54.665 13603 13624 D M_InsDal: Lcom/fsck/k9/mailstore/LocalFolder;--->getAccount()Lcom/fsck/k9/Account;
06-05 15:52:54.665 13603 13624 D M_InsDal: Lcom/fsck/k9/mailstore/LocalStore;--->getAccount()Lcom/fsck/k9/Account;
06-05 15:52:54.665 13603 13624 D M_InsDal: Lcom/fsck/k9/Account;--->getInboxFolderName()Ljava/lang/String;
06-05 15:52:54.665 13603 13624 D M_InsDal: Lcom/fsck/k9/mailstore/LocalFolder;--->getName()Ljava/lang/String;
06-05 15:52:54.665 13603 13624 D M_InsDal: Lcom/fsck/k9/mailstore/LocalFolder;--->open(Landroid/database/Cursor;)V
06-05 15:52:54.665 13603 13624 D M_InsDal: Lcom/fsck/k9/mail/Folder;--->setStatus(Ljava/lang/String;)V
06-05 15:52:54.665 13603 13624 D M_InsDal: Lcom/fsck/k9/mail/Folder;--->setLastChecked(J)V
06-05 15:52:54.665 13603 13624 D M_InsDal: Lcom/fsck/k9/mail/Folder;--->setLastPush(J)V
06-05 15:52:54.665 13603 13624 D M_InsDal: Lcom/fsck/k9/mail/Folder$FolderClass;--->valueOf(Ljava/lang/String;)Lcom/fsck/k9/mail/Folder$FolderClass;
06-05 15:52:54.665 13603 13624 D M_InsDal: Lcom/fsck/k9/mail/Folder$FolderClass;--->valueOf(Ljava/lang/String;)Lcom/fsck/k9/mail/Folder$FolderClass;
06-05 15:52:54.665 13603 13624 D M_InsDal: Lcom/fsck/k9/mailstore/LocalFolder$MoreMessages;--->fromDatabaseName(Ljava/lang/String;)Lcom/fsck/k9/mailstore/LocalFolder$MoreMessages;
06-05 15:52:54.665 13603 13624 D M_InsDal: Lcom/fsck/k9/mailstore/LocalFolder$MoreMessages;--->values()[Lcom/fsck/k9/mailstore/LocalFolder$MoreMessages;
06-05 15:52:54.665 13603 13624 D M_InsDal: Lcom/fsck/k9/helper/Utility;--->closeQuietly(Landroid/database/Cursor;)V
06-05 15:52:54.665 13603 13624 D M_InsDal: Lcom/fsck/k9/mailstore/LockableDatabase;--->unlockRead()V
06-05 15:52:54.665 13603 13624 D M_InsDal: Lcom/fsck/k9/mailstore/LockableDatabase;--->getStorageManager()Lcom/fsck/k9/mailstore/StorageManager;
06-05 15:52:54.665 13603 13624 D M_InsDal: Lcom/fsck/k9/mailstore/StorageManager;--->getInstance(Landroid/content/Context;)Lcom/fsck/k9/mailstore/StorageManager;
06-05 15:52:54.665 13603 13624 D M_InsDal: Lcom/fsck/k9/mailstore/StorageManager;--->unlockProvider(Ljava/lang/String;)V
06-05 15:52:54.665 13603 13624 D M_InsDal: Lcom/fsck/k9/mailstore/StorageManager;--->getProvider(Ljava/lang/String;)Lcom/fsck/k9/mailstore/StorageManager$StorageProvider;
06-05 15:52:54.665 13603 13624 D M_InsDal: Lcom/fsck/k9/mailstore/LocalFolder;--->getName()Ljava/lang/String;
06-05 15:52:54.665 13603 13624 D M_InsDal: Lcom/fsck/k9/Account;--->getOutboxFolderName()Ljava/lang/String;
06-05 15:52:54.665 13603 13624 D M_InsDal: Lcom/fsck/k9/mailstore/LocalFolder;--->open(I)V
06-05 15:52:54.665 13603 13624 D M_InsDal: Lcom/fsck/k9/mailstore/LocalFolder;--->isOpen()Z
06-05 15:52:54.665 13603 13624 D M_InsDal: Lcom/fsck/k9/mailstore/LocalFolder;--->getMode()I
06-05 15:52:54.665 13603 13624 D M_InsDal: Lcom/fsck/k9/mailstore/LocalFolder;--->getDisplayClass()Lcom/fsck/k9/mail/Folder$FolderClass;
06-05 15:52:54.665 13603 13624 D M_InsDal: Lcom/fsck/k9/mailstore/LocalFolder;--->getPushClass()Lcom/fsck/k9/mail/Folder$FolderClass;
06-05 15:52:54.665 13603 13624 D M_InsDal: Lcom/fsck/k9/controller/MessagingController;--->modeMismatch(Lcom/fsck/k9/Account$FolderMode;Lcom/fsck/k9/mail/Folder$FolderClass;)Z
06-05 15:52:54.665 13603 13624 D M_InsDal: Lcom/fsck/k9/controller/MessagingController;--->modeMismatch(Lcom/fsck/k9/Account$FolderMode;Lcom/fsck/k9/mail/Folder$FolderClass;)Z
06-05 15:52:54.665 13603 13624 D M_InsDal: Lcom/fsck/k9/mailstore/LocalFolder;--->getName()Ljava/lang/String;
06-05 15:52:54.665 13603 13624 D M_InsDal: Lcom/fsck/k9/Account;--->getOutboxFolderName()Ljava/lang/String;
06-05 15:52:54.665 13603 13624 D M_InsDal: Lcom/fsck/k9/mailstore/LocalFolder;--->open(I)V
06-05 15:52:54.665 13603 13624 D M_InsDal: Lcom/fsck/k9/mailstore/LocalFolder;--->isOpen()Z
06-05 15:52:54.665 13603 13624 D M_InsDal: Lcom/fsck/k9/mailstore/LocalFolder;--->getMode()I
06-05 15:52:54.665 13603 13624 D M_InsDal: Lcom/fsck/k9/mailstore/LocalFolder;--->getDisplayClass()Lcom/fsck/k9/mail/Folder$FolderClass;
06-05 15:52:54.665 13603 13624 D M_InsDal: Lcom/fsck/k9/mailstore/LocalFolder;--->getPushClass()Lcom/fsck/k9/mail/Folder$FolderClass;
06-05 15:52:54.665 13603 13624 D M_InsDal: Lcom/fsck/k9/controller/MessagingController;--->modeMismatch(Lcom/fsck/k9/Account$FolderMode;Lcom/fsck/k9/mail/Folder$FolderClass;)Z
06-05 15:52:54.665 13603 13624 D M_InsDal: Lcom/fsck/k9/controller/MessagingController;--->modeMismatch(Lcom/fsck/k9/Account$FolderMode;Lcom/fsck/k9/mail/Folder$FolderClass;)Z
06-05 15:52:54.665 13603 13624 D M_InsDal: Lcom/fsck/k9/mailstore/LocalFolder;--->getName()Ljava/lang/String;
06-05 15:52:54.665 13603 13624 D M_InsDal: Lcom/fsck/k9/Account;--->getOutboxFolderName()Ljava/lang/String;
06-05 15:52:54.665 13603 13624 D M_InsDal: Lcom/fsck/k9/mailstore/LocalFolder;--->open(I)V
06-05 15:52:54.665 13603 13624 D M_InsDal: Lcom/fsck/k9/mailstore/LocalFolder;--->isOpen()Z
06-05 15:52:54.665 13603 13624 D M_InsDal: Lcom/fsck/k9/mailstore/LocalFolder;--->getMode()I
06-05 15:52:54.665 13603 13624 D M_InsDal: Lcom/fsck/k9/mailstore/LocalFolder;--->getDisplayClass()Lcom/fsck/k9/mail/Folder$FolderClass;
06-05 15:52:54.665 13603 13624 D M_InsDal: Lcom/fsck/k9/mailstore/LocalFolder;--->getPushClass()Lcom/fsck/k9/mail/Folder$FolderClass;
06-05 15:52:54.665 13603 13624 D M_InsDal: Lcom/fsck/k9/controller/MessagingController;--->modeMismatch(Lcom/fsck/k9/Account$FolderMode;Lcom/fsck/k9/mail/Folder$FolderClass;)Z
06-05 15:52:54.665 13603 13624 D M_InsDal: Lcom/fsck/k9/controller/MessagingController;--->modeMismatch(Lcom/fsck/k9/Account$FolderMode;Lcom/fsck/k9/mail/Folder$FolderClass;)Z
06-05 15:52:54.665 13603 13624 D M_InsDal: Lcom/fsck/k9/Account;--->getDescription()Ljava/lang/String;
06-05 15:52:54.665 13603 13624 D M_InsDal: Lcom/fsck/k9/mailstore/LocalFolder;--->getName()Ljava/lang/String;
06-05 15:52:54.665 13603 13624 D M_InsDal: Lcom/fsck/k9/mailstore/LocalFolder;--->getName()Ljava/lang/String;
06-05 15:52:54.665 13603 13624 D M_InsDal: Lcom/fsck/k9/Account;--->getOutboxFolderName()Ljava/lang/String;
06-05 15:52:54.665 13603 13624 D M_InsDal: Lcom/fsck/k9/mailstore/LocalFolder;--->open(I)V
06-05 15:52:54.665 13603 13624 D M_InsDal: Lcom/fsck/k9/mailstore/LocalFolder;--->isOpen()Z
06-05 15:52:54.665 13603 13624 D M_InsDal: Lcom/fsck/k9/mailstore/LocalFolder;--->getMode()I
06-05 15:52:54.665 13603 13624 D M_InsDal: Lcom/fsck/k9/mailstore/LocalFolder;--->getDisplayClass()Lcom/fsck/k9/mail/Folder$FolderClass;
06-05 15:52:54.665 13603 13624 D M_InsDal: Lcom/fsck/k9/mailstore/LocalFolder;--->getPushClass()Lcom/fsck/k9/mail/Folder$FolderClass;
06-05 15:52:54.665 13603 13624 D M_InsDal: Lcom/fsck/k9/controller/MessagingController;--->modeMismatch(Lcom/fsck/k9/Account$FolderMode;Lcom/fsck/k9/mail/Folder$FolderClass;)Z
06-05 15:52:54.665 13603 13624 D M_InsDal: Lcom/fsck/k9/controller/MessagingController;--->modeMismatch(Lcom/fsck/k9/Account$FolderMode;Lcom/fsck/k9/mail/Folder$FolderClass;)Z
06-05 15:52:54.665 13603 13624 D M_InsDal: Lcom/fsck/k9/mailstore/LocalFolder;--->getName()Ljava/lang/String;
06-05 15:52:54.665 13603 13624 D M_InsDal: Lcom/fsck/k9/Account;--->getOutboxFolderName()Ljava/lang/String;
06-05 15:52:54.665 13603 13624 D M_InsDal: Lcom/fsck/k9/mailstore/LocalFolder;--->getName()Ljava/lang/String;
06-05 15:52:54.665 13603 13624 D M_InsDal: Lcom/fsck/k9/Account;--->getOutboxFolderName()Ljava/lang/String;
06-05 15:52:54.665 13603 13624 D M_InsDal: Lcom/fsck/k9/mailstore/LocalFolder;--->open(I)V
06-05 15:52:54.665 13603 13624 D M_InsDal: Lcom/fsck/k9/mailstore/LocalFolder;--->isOpen()Z
06-05 15:52:54.665 13603 13624 D M_InsDal: Lcom/fsck/k9/mailstore/LocalFolder;--->getMode()I
06-05 15:52:54.666 13603 13624 D M_InsDal: Lcom/fsck/k9/mailstore/LocalFolder;--->getDisplayClass()Lcom/fsck/k9/mail/Folder$FolderClass;
06-05 15:52:54.666 13603 13624 D M_InsDal: Lcom/fsck/k9/mailstore/LocalFolder;--->getPushClass()Lcom/fsck/k9/mail/Folder$FolderClass;
06-05 15:52:54.666 13603 13624 D M_InsDal: Lcom/fsck/k9/controller/MessagingController;--->modeMismatch(Lcom/fsck/k9/Account$FolderMode;Lcom/fsck/k9/mail/Folder$FolderClass;)Z
06-05 15:52:54.666 13603 13624 D M_InsDal: Lcom/fsck/k9/controller/MessagingController;--->modeMismatch(Lcom/fsck/k9/Account$FolderMode;Lcom/fsck/k9/mail/Folder$FolderClass;)Z
06-05 15:52:54.666 13603 13624 D M_InsDal: Lcom/fsck/k9/mailstore/LocalFolder;--->getName()Ljava/lang/String;
06-05 15:52:54.666 13603 13624 D M_InsDal: Lcom/fsck/k9/Account;--->getOutboxFolderName()Ljava/lang/String;
06-05 15:52:54.666 13603 13624 D M_InsDal: Lcom/fsck/k9/mailstore/LocalFolder;--->open(I)V
06-05 15:52:54.666 13603 13624 D M_InsDal: Lcom/fsck/k9/mailstore/LocalFolder;--->isOpen()Z
06-05 15:52:54.666 13603 13624 D M_InsDal: Lcom/fsck/k9/mailstore/LocalFolder;--->getMode()I
06-05 15:52:54.666 13603 13624 D M_InsDal: Lcom/fsck/k9/mailstore/LocalFolder;--->getDisplayClass()Lcom/fsck/k9/mail/Folder$FolderClass;
06-05 15:52:54.666 13603 13624 D M_InsDal: Lcom/fsck/k9/mailstore/LocalFolder;--->getPushClass()Lcom/fsck/k9/mail/Folder$FolderClass;
06-05 15:52:54.666 13603 13624 D M_InsDal: Lcom/fsck/k9/controller/MessagingController;--->modeMismatch(Lcom/fsck/k9/Account$FolderMode;Lcom/fsck/k9/mail/Folder$FolderClass;)Z
06-05 15:52:54.666 13603 13624 D M_InsDal: Lcom/fsck/k9/controller/MessagingController;--->modeMismatch(Lcom/fsck/k9/Account$FolderMode;Lcom/fsck/k9/mail/Folder$FolderClass;)Z
06-05 15:52:54.666 13603 13624 D M_InsDal: Lcom/fsck/k9/mailstore/LocalFolder;--->getName()Ljava/lang/String;
06-05 15:52:54.666 13603 13624 D M_InsDal: Lcom/fsck/k9/Account;--->getOutboxFolderName()Ljava/lang/String;
06-05 15:52:54.666 13603 13624 D M_InsDal: Lcom/fsck/k9/mailstore/LocalFolder;--->open(I)V
06-05 15:52:54.666 13603 13624 D M_InsDal: Lcom/fsck/k9/mailstore/LocalFolder;--->isOpen()Z
06-05 15:52:54.666 13603 13624 D M_InsDal: Lcom/fsck/k9/mailstore/LocalFolder;--->getMode()I
06-05 15:52:54.666 13603 13624 D M_InsDal: Lcom/fsck/k9/mailstore/LocalFolder;--->getDisplayClass()Lcom/fsck/k9/mail/Folder$FolderClass;
06-05 15:52:54.666 13603 13624 D M_InsDal: Lcom/fsck/k9/mailstore/LocalFolder;--->getPushClass()Lcom/fsck/k9/mail/Folder$FolderClass;
06-05 15:52:54.666 13603 13624 D M_InsDal: Lcom/fsck/k9/mailstore/LocalFolder;--->getSyncClass()Lcom/fsck/k9/mail/Folder$FolderClass;
06-05 15:52:54.666 13603 13624 D M_InsDal: Lcom/fsck/k9/controller/MessagingController;--->modeMismatch(Lcom/fsck/k9/Account$FolderMode;Lcom/fsck/k9/mail/Folder$FolderClass;)Z
06-05 15:52:54.666 13603 13624 D M_InsDal: Lcom/fsck/k9/controller/MessagingController;--->modeMismatch(Lcom/fsck/k9/Account$FolderMode;Lcom/fsck/k9/mail/Folder$FolderClass;)Z
06-05 15:52:54.666 13603 13624 D M_InsDal: Lcom/fsck/k9/mailstore/LocalFolder;--->getName()Ljava/lang/String;
06-05 15:52:54.666 13603 13624 D M_InsDal: Lcom/fsck/k9/Account;--->getOutboxFolderName()Ljava/lang/String;
06-05 15:52:54.666 13603 13624 D M_InsDal: Lcom/fsck/k9/mailstore/LocalFolder;--->open(I)V
06-05 15:52:54.666 13603 13624 D M_InsDal: Lcom/fsck/k9/mailstore/LocalFolder;--->isOpen()Z
06-05 15:52:54.666 13603 13624 D M_InsDal: Lcom/fsck/k9/mailstore/LocalFolder;--->getMode()I
06-05 15:52:54.666 13603 13624 D M_InsDal: Lcom/fsck/k9/mailstore/LocalFolder;--->getDisplayClass()Lcom/fsck/k9/mail/Folder$FolderClass;
06-05 15:52:54.666 13603 13624 D M_InsDal: Lcom/fsck/k9/mailstore/LocalFolder;--->getPushClass()Lcom/fsck/k9/mail/Folder$FolderClass;
06-05 15:52:54.666 13603 13624 D M_InsDal: Lcom/fsck/k9/mailstore/LocalFolder;--->getSyncClass()Lcom/fsck/k9/mail/Folder$FolderClass;
06-05 15:52:54.666 13603 13624 D M_InsDal: Lcom/fsck/k9/controller/MessagingController;--->modeMismatch(Lcom/fsck/k9/Account$FolderMode;Lcom/fsck/k9/mail/Folder$FolderClass;)Z
06-05 15:52:54.666 13603 13624 D M_InsDal: Lcom/fsck/k9/controller/MessagingController;--->modeMismatch(Lcom/fsck/k9/Account$FolderMode;Lcom/fsck/k9/mail/Folder$FolderClass;)Z
06-05 15:52:54.666 13603 13624 D M_InsDal: Lcom/fsck/k9/mailstore/LocalFolder;--->getName()Ljava/lang/String;
06-05 15:52:54.666 13603 13624 D M_InsDal: Lcom/fsck/k9/Account;--->getOutboxFolderName()Ljava/lang/String;
06-05 15:52:54.666 13603 13624 D M_InsDal: Lcom/fsck/k9/mailstore/LocalFolder;--->open(I)V
06-05 15:52:54.666 13603 13624 D M_InsDal: Lcom/fsck/k9/mailstore/LocalFolder;--->isOpen()Z
06-05 15:52:54.666 13603 13624 D M_InsDal: Lcom/fsck/k9/mailstore/LocalFolder;--->getMode()I
06-05 15:52:54.666 13603 13624 D M_InsDal: Lcom/fsck/k9/mailstore/LocalFolder;--->getDisplayClass()Lcom/fsck/k9/mail/Folder$FolderClass;
06-05 15:52:54.666 13603 13624 D M_InsDal: Lcom/fsck/k9/mailstore/LocalFolder;--->getPushClass()Lcom/fsck/k9/mail/Folder$FolderClass;
06-05 15:52:54.666 13603 13624 D M_InsDal: Lcom/fsck/k9/mailstore/LocalFolder;--->getSyncClass()Lcom/fsck/k9/mail/Folder$FolderClass;
06-05 15:52:54.666 13603 13624 D M_InsDal: Lcom/fsck/k9/controller/MessagingController;--->modeMismatch(Lcom/fsck/k9/Account$FolderMode;Lcom/fsck/k9/mail/Folder$FolderClass;)Z
06-05 15:52:54.666 13603 13624 D M_InsDal: Lcom/fsck/k9/controller/MessagingController;--->modeMismatch(Lcom/fsck/k9/Account$FolderMode;Lcom/fsck/k9/mail/Folder$FolderClass;)Z
06-05 15:52:54.666 13603 13624 D M_InsDal: Lcom/fsck/k9/mailstore/LocalFolder;--->getName()Ljava/lang/String;
06-05 15:52:54.666 13603 13624 D M_InsDal: Lcom/fsck/k9/Account;--->getOutboxFolderName()Ljava/lang/String;
06-05 15:52:54.666 13603 13624 D M_InsDal: Lcom/fsck/k9/mailstore/LocalFolder;--->open(I)V
06-05 15:52:54.666 13603 13624 D M_InsDal: Lcom/fsck/k9/mailstore/LocalFolder;--->isOpen()Z
06-05 15:52:54.666 13603 13624 D M_InsDal: Lcom/fsck/k9/mailstore/LocalFolder;--->getMode()I
06-05 15:52:54.666 13603 13624 D M_InsDal: Lcom/fsck/k9/mailstore/LocalFolder;--->getDisplayClass()Lcom/fsck/k9/mail/Folder$FolderClass;
06-05 15:52:54.666 13603 13624 D M_InsDal: Lcom/fsck/k9/mailstore/LocalFolder;--->getPushClass()Lcom/fsck/k9/mail/Folder$FolderClass;
06-05 15:52:54.666 13603 13624 D M_InsDal: Lcom/fsck/k9/mailstore/LocalFolder;--->getSyncClass()Lcom/fsck/k9/mail/Folder$FolderClass;
06-05 15:52:54.666 13603 13624 D M_InsDal: Lcom/fsck/k9/controller/MessagingController;--->modeMismatch(Lcom/fsck/k9/Account$FolderMode;Lcom/fsck/k9/mail/Folder$FolderClass;)Z
06-05 15:52:54.666 13603 13624 D M_InsDal: Lcom/fsck/k9/controller/MessagingController;--->modeMismatch(Lcom/fsck/k9/Account$FolderMode;Lcom/fsck/k9/mail/Folder$FolderClass;)Z
06-05 15:52:54.666 13603 13624 D M_InsDal: Lcom/fsck/k9/Account;--->getDescription()Ljava/lang/String;
06-05 15:52:54.666 13603 13624 D M_InsDal: Lcom/fsck/k9/mailstore/LocalFolder;--->getName()Ljava/lang/String;
06-05 15:52:54.666 13603 13624 D M_InsDal: Lcom/fsck/k9/mailstore/LocalFolder;--->getName()Ljava/lang/String;
06-05 15:52:54.666 13603 13624 D M_InsDal: Lcom/fsck/k9/controller/MessagingControllerPushReceiver;---><init>(Landroid/content/Context;Lcom/fsck/k9/Account;Lcom/fsck/k9/controller/MessagingController;)V
06-05 15:52:54.666 13603 13624 D M_InsDal: Lcom/fsck/k9/Account;--->getMaxPushFolders()I
06-05 15:52:54.666 13603 13624 D M_InsDal: Lcom/fsck/k9/Account;--->getRemoteStore()Lcom/fsck/k9/mail/Store;
06-05 15:52:54.666 13603 13624 D M_InsDal: Lcom/fsck/k9/mail/store/RemoteStore;---><clinit>()V
06-05 15:52:54.666 13603 13624 D M_InsDal: Lcom/fsck/k9/mail/store/RemoteStore;--->getInstance(Landroid/content/Context;Lcom/fsck/k9/mail/store/StoreConfig;)Lcom/fsck/k9/mail/Store;
06-05 15:52:54.666 13603 13624 D M_InsDal: Lcom/fsck/k9/Account;--->getStoreUri()Ljava/lang/String;
06-05 15:52:54.666 13603 13624 D M_InsDal: Lcom/fsck/k9/mail/ssl/DefaultTrustedSocketFactory;---><clinit>()V
06-05 15:52:54.666 13603 13603 D M_InsDal: Lcom/fsck/k9/view/MessageTitleView;---><init>(Landroid/content/Context;Landroid/util/AttributeSet;)V
06-05 15:52:54.666 13603 13603 D M_InsDal: Lcom/fsck/k9/view/MessageTitleView;---><init>(Landroid/content/Context;Landroid/util/AttributeSet;I)V
06-05 15:52:54.666 13603 13624 D M_InsDal: Lcom/fsck/k9/mail/ssl/DefaultTrustedSocketFactory;--->hasWeakSslImplementation()Z
06-05 15:52:54.666 13603 13624 D M_InsDal: Lcom/fsck/k9/mail/ssl/DefaultTrustedSocketFactory;--->remove([Ljava/lang/String;[Ljava/lang/String;)[Ljava/lang/String;
06-05 15:52:54.667 13603 13624 D M_InsDal: Lcom/fsck/k9/mail/ssl/DefaultTrustedSocketFactory;--->remove([Ljava/lang/String;[Ljava/lang/String;)[Ljava/lang/String;
06-05 15:52:54.667 13603 13624 D M_InsDal: Lcom/fsck/k9/mail/ssl/DefaultTrustedSocketFactory;---><init>(Landroid/content/Context;)V
06-05 15:52:54.667 13603 13624 D M_InsDal: Lcom/fsck/k9/mail/store/imap/ImapStore;---><init>(Lcom/fsck/k9/mail/store/StoreConfig;Lcom/fsck/k9/mail/ssl/TrustedSocketFactory;Landroid/net/ConnectivityManager;Lcom/fsck/k9/mail/oauth/OAuth2TokenProvider;)V
06-05 15:52:54.667 13603 13624 D M_InsDal: Lcom/fsck/k9/mail/store/RemoteStore;---><init>(Lcom/fsck/k9/mail/store/StoreConfig;Lcom/fsck/k9/mail/ssl/TrustedSocketFactory;)V
06-05 15:52:54.667 13603 13624 D M_InsDal: Lcom/fsck/k9/mail/Store;---><init>()V
06-05 15:52:54.667 13603 13624 D M_InsDal: Lcom/fsck/k9/Account;--->getStoreUri()Ljava/lang/String;
06-05 15:52:54.667 13603 13624 D M_InsDal: Lcom/fsck/k9/mail/store/imap/ImapStore;--->decodeUri(Ljava/lang/String;)Lcom/fsck/k9/mail/store/imap/ImapStoreSettings;
06-05 15:52:54.667 13603 13624 D M_InsDal: Lcom/fsck/k9/mail/store/imap/ImapStoreUriDecoder;--->decode(Ljava/lang/String;)Lcom/fsck/k9/mail/store/imap/ImapStoreSettings;
06-05 15:52:54.667 13603 13603 D M_InsDal: Lcom/fsck/k9/view/MessageTitleView;--->onTextChanged(Ljava/lang/CharSequence;III)V
06-05 15:52:54.667 13603 13624 D M_InsDal: Lcom/fsck/k9/mail/ConnectionSecurity;---><clinit>()V
06-05 15:52:54.667 13603 13624 D M_InsDal: Lcom/fsck/k9/mail/ConnectionSecurity;---><init>(Ljava/lang/String;I)V
06-05 15:52:54.667 13603 13624 D M_InsDal: Lcom/fsck/k9/mail/ConnectionSecurity;---><init>(Ljava/lang/String;I)V
06-05 15:52:54.667 13603 13624 D M_InsDal: Lcom/fsck/k9/mail/ServerSettings$Type;---><clinit>()V
06-05 15:52:54.667 13603 13624 D M_InsDal: Lcom/fsck/k9/mail/ServerSettings$Type;---><init>(Ljava/lang/String;III)V
06-05 15:52:54.667 13603 13624 D M_InsDal: Lcom/fsck/k9/mail/ServerSettings$Type;---><init>(Ljava/lang/String;III)V
06-05 15:52:54.667 13603 13603 D M_InsDal: Lcom/fsck/k9/activity/MessageList;--->getActionButtonIndeterminateProgress()Landroid/view/View;
06-05 15:52:54.667 13603 13624 D M_InsDal: Lcom/fsck/k9/mail/AuthType;---><clinit>()V
06-05 15:52:54.667 13603 13624 D M_InsDal: Lcom/fsck/k9/mail/AuthType;---><init>(Ljava/lang/String;I)V
06-05 15:52:54.667 13603 13624 D M_InsDal: Lcom/fsck/k9/mail/AuthType;---><init>(Ljava/lang/String;I)V
06-05 15:52:54.667 13603 13624 D M_InsDal: Lcom/fsck/k9/mail/AuthType;--->valueOf(Ljava/lang/String;)Lcom/fsck/k9/mail/AuthType;
06-05 15:52:54.667 13603 13624 D M_InsDal: Lcom/fsck/k9/mail/AuthType;--->values()[Lcom/fsck/k9/mail/AuthType;
06-05 15:52:54.667 13603 13624 D M_InsDal: Lcom/fsck/k9/mail/helper/UrlEncodingHelper;--->decodeUtf8(Ljava/lang/String;)Ljava/lang/String;
06-05 15:52:54.667 13603 13624 D M_InsDal: Lcom/fsck/k9/mail/helper/UrlEncodingHelper;--->decodeUtf8(Ljava/lang/String;)Ljava/lang/String;
06-05 15:52:54.667 13603 13624 D M_InsDal: Lcom/fsck/k9/mail/store/imap/ImapStoreSettings;---><init>(Ljava/lang/String;ILcom/fsck/k9/mail/ConnectionSecurity;Lcom/fsck/k9/mail/AuthType;Ljava/lang/String;Ljava/lang/String;Ljava/lang/String;ZLjava/lang/String;)V
06-05 15:52:54.667 13603 13624 D M_InsDal: Lcom/fsck/k9/mail/ServerSettings;---><init>(Lcom/fsck/k9/mail/ServerSettings$Type;Ljava/lang/String;ILcom/fsck/k9/mail/ConnectionSecurity;Lcom/fsck/k9/mail/AuthType;Ljava/lang/String;Ljava/lang/String;Ljava/lang/String;)V
06-05 15:52:54.667 13603 13624 D M_InsDal: Lcom/fsck/k9/mail/store/imap/FolderNameCodec;--->newInstance()Lcom/fsck/k9/mail/store/imap/FolderNameCodec;
06-05 15:52:54.667 13603 13624 D M_InsDal: Lcom/fsck/k9/mail/store/imap/FolderNameCodec;---><init>()V
06-05 15:52:54.667 13603 13603 D M_InsDal: Lcom/fsck/k9/activity/K9Activity;--->setupGestureDetector(Lcom/fsck/k9/activity/misc/SwipeGestureDetector$OnSwipeGestureListener;)V
06-05 15:52:54.667 13603 13603 D M_InsDal: Lcom/fsck/k9/activity/K9ActivityCommon;--->setupGestureDetector(Lcom/fsck/k9/activity/misc/SwipeGestureDetector$OnSwipeGestureListener;)V
06-05 15:52:54.667 13603 13603 D M_InsDal: Lcom/fsck/k9/activity/misc/SwipeGestureDetector;---><init>(Landroid/content/Context;Lcom/fsck/k9/activity/misc/SwipeGestureDetector$OnSwipeGestureListener;)V
06-05 15:52:54.667 13603 13624 D M_InsDal: Lcom/fsck/k9/mail/store/imap/ImapStore;--->isPushCapable()Z
06-05 15:52:54.667 13603 13624 D M_InsDal: Lcom/fsck/k9/mail/store/imap/ImapStore;--->getPusher(Lcom/fsck/k9/mail/PushReceiver;)Lcom/fsck/k9/mail/Pusher;
06-05 15:52:54.667 13603 13603 D M_InsDal: Lcom/fsck/k9/activity/MessageList;--->decodeExtras(Landroid/content/Intent;)Z
06-05 15:52:54.667 13603 13624 D M_InsDal: Lcom/fsck/k9/mail/store/imap/ImapPusher;---><init>(Lcom/fsck/k9/mail/store/imap/ImapStore;Lcom/fsck/k9/mail/PushReceiver;)V
06-05 15:52:54.667 13603 13624 D M_InsDal: Lcom/fsck/k9/Account;--->hashCode()I
06-05 15:52:54.667 13603 13624 D M_InsDal: Lcom/fsck/k9/mail/store/imap/ImapPusher;--->start(Ljava/util/List;)V
06-05 15:52:54.667 13603 13624 D M_InsDal: Lcom/fsck/k9/mail/store/imap/ImapPusher;--->stop()V
06-05 15:52:54.667 13603 13624 D M_InsDal: Lcom/fsck/k9/mail/K9MailLib;--->isDebug()Z
06-05 15:52:54.667 13603 13624 D M_InsDal: Lcom/fsck/k9/K9$2;--->enabled()Z
06-05 15:52:54.667 13603 13624 D M_InsDal: Lcom/fsck/k9/mail/store/imap/ImapPusher;--->currentTimeMillis()J
06-05 15:52:54.667 13603 13624 D M_InsDal: Lcom/fsck/k9/mail/store/imap/ImapPusher;--->setLastRefresh(J)V
06-05 15:52:54.667 13603 13603 D M_InsDal: Lcom/fsck/k9/helper/ParcelableUtil;--->unmarshall([BLandroid/os/Parcelable$Creator;)Ljava/lang/Object;
06-05 15:52:54.667 13603 13603 D M_InsDal: Lcom/fsck/k9/helper/ParcelableUtil;--->unmarshall([B)Landroid/os/Parcel;
06-05 15:52:54.667 13603 13624 D M_InsDal: Lcom/fsck/k9/mail/store/imap/ImapPusher;--->createImapFolderPusher(Ljava/lang/String;)Lcom/fsck/k9/mail/store/imap/ImapFolderPusher;
06-05 15:52:54.667 13603 13603 D M_InsDal: Lcom/fsck/k9/search/LocalSearch$1;--->createFromParcel(Landroid/os/Parcel;)Lcom/fsck/k9/search/LocalSearch;
06-05 15:52:54.667 13603 13603 D M_InsDal: Lcom/fsck/k9/search/LocalSearch;---><init>(Landroid/os/Parcel;)V
06-05 15:52:54.667 13603 13603 D M_InsDal: Lcom/fsck/k9/search/ConditionsTreeNode$1;--->createFromParcel(Landroid/os/Parcel;)Lcom/fsck/k9/search/ConditionsTreeNode;
06-05 15:52:54.667 13603 13603 D M_InsDal: Lcom/fsck/k9/search/ConditionsTreeNode;---><init>(Landroid/os/Parcel;)V
06-05 15:52:54.667 13603 13603 D M_InsDal: Lcom/fsck/k9/search/ConditionsTreeNode$Operator;--->values()[Lcom/fsck/k9/search/ConditionsTreeNode$Operator;
06-05 15:52:54.667 13603 13624 D M_InsDal: Lcom/fsck/k9/mail/store/imap/ImapFolder;---><clinit>()V
06-05 15:52:54.667 13603 13624 D M_InsDal: Lcom/fsck/k9/mail/store/imap/ImapFolder$1;---><init>()V
06-05 15:52:54.667 13603 13603 D M_InsDal: Lcom/fsck/k9/search/SearchSpecification$SearchCondition$1;--->createFromParcel(Landroid/os/Parcel;)Lcom/fsck/k9/search/SearchSpecification$SearchCondition;
06-05 15:52:54.667 13603 13624 D M_InsDal: Lcom/fsck/k9/mail/store/imap/ImapFolderPusher;---><init>(Lcom/fsck/k9/mail/store/imap/ImapStore;Ljava/lang/String;Lcom/fsck/k9/mail/PushReceiver;)V
06-05 15:52:54.667 13603 13603 D M_InsDal: Lcom/fsck/k9/search/SearchSpecification$SearchCondition;---><init>(Landroid/os/Parcel;)V
06-05 15:52:54.667 13603 13624 D M_InsDal: Lcom/fsck/k9/mail/store/imap/ImapFolder;---><init>(Lcom/fsck/k9/mail/store/imap/ImapStore;Ljava/lang/String;)V
06-05 15:52:54.667 13603 13603 D M_InsDal: Lcom/fsck/k9/search/SearchSpecification$Attribute;--->values()[Lcom/fsck/k9/search/SearchSpecification$Attribute;
06-05 15:52:54.667 13603 13624 D M_InsDal: Lcom/fsck/k9/mail/store/imap/ImapStore;--->getFolderNameCodec()Lcom/fsck/k9/mail/store/imap/FolderNameCodec;
06-05 15:52:54.667 13603 13603 D M_InsDal: Lcom/fsck/k9/search/SearchSpecification$SearchField;--->values()[Lcom/fsck/k9/search/SearchSpecification$SearchField;
06-05 15:52:54.667 13603 13624 D M_InsDal: Lcom/fsck/k9/mail/store/imap/ImapFolder;---><init>(Lcom/fsck/k9/mail/store/imap/ImapStore;Ljava/lang/String;Lcom/fsck/k9/mail/store/imap/FolderNameCodec;)V
06-05 15:52:54.667 13603 13603 D M_InsDal: Lcom/fsck/k9/search/ConditionsTreeNode;--->getLeafSet()Ljava/util/Set;
06-05 15:52:54.667 13603 13624 D M_InsDal: Lcom/fsck/k9/mail/Folder;---><init>()V
06-05 15:52:54.667 13603 13603 D M_InsDal: Lcom/fsck/k9/search/ConditionsTreeNode;--->getLeafSet(Ljava/util/Set;)Ljava/util/Set;
06-05 15:52:54.667 13603 13624 D M_InsDal: Lcom/fsck/k9/mail/store/imap/ImapFolderPusher$IdleStopper;---><init>()V
06-05 15:52:54.667 13603 13624 D M_InsDal: Lcom/fsck/k9/controller/MessagingControllerPushReceiver;--->getContext()Landroid/content/Context;
06-05 15:52:54.667 13603 13624 D M_InsDal: Lcom/fsck/k9/mail/power/TracingPowerManager;--->getPowerManager(Landroid/content/Context;)Lcom/fsck/k9/mail/power/TracingPowerManager;
06-05 15:52:54.667 13603 13624 D M_InsDal: Lcom/fsck/k9/mail/store/imap/ImapStore;--->getStoreConfig()Lcom/fsck/k9/mail/store/StoreConfig;
06-05 15:52:54.667 13603 13624 D M_InsDal: Lcom/fsck/k9/Account;--->toString()Ljava/lang/String;
06-05 15:52:54.667 13603 13624 D M_InsDal: Lcom/fsck/k9/mail/store/imap/ImapFolder;--->getName()Ljava/lang/String;
06-05 15:52:54.667 13603 13624 D M_InsDal: Lcom/fsck/k9/mail/power/TracingPowerManager;--->newWakeLock(ILjava/lang/String;)Lcom/fsck/k9/mail/power/TracingPowerManager$TracingWakeLock;
06-05 15:52:54.667 13603 13624 D M_InsDal: Lcom/fsck/k9/mail/power/TracingPowerManager$TracingWakeLock;---><init>(Lcom/fsck/k9/mail/power/TracingPowerManager;ILjava/lang/String;)V
06-05 15:52:54.667 13603 13603 D M_InsDal: Lcom/fsck/k9/activity/MessageReference;--->parse(Ljava/lang/String;)Lcom/fsck/k9/activity/MessageReference;
06-05 15:52:54.667 13603 13624 D M_InsDal: Lcom/fsck/k9/mail/K9MailLib;--->isDebug()Z
06-05 15:52:54.667 13603 13624 D M_InsDal: Lcom/fsck/k9/K9$2;--->enabled()Z
06-05 15:52:54.667 13603 13624 D M_InsDal: Lcom/fsck/k9/mail/power/TracingPowerManager$TracingWakeLock;--->setReferenceCounted(Z)V
06-05 15:52:54.667 13603 13603 D M_InsDal: Lcom/fsck/k9/Preferences;--->getPreferences(Landroid/content/Context;)Lcom/fsck/k9/Preferences;
06-05 15:52:54.667 13603 13624 D M_InsDal: Lcom/fsck/k9/mail/store/imap/ImapFolderPusher;--->start()V
06-05 15:52:54.668 13603 13603 D M_InsDal: Lcom/fsck/k9/search/LocalSearch;--->getAccountUuids()[Ljava/lang/String;
06-05 15:52:54.668 13603 13624 D M_InsDal: Lcom/fsck/k9/mail/store/imap/ImapFolderPusher$PushRunnable;---><init>(Lcom/fsck/k9/mail/store/imap/ImapFolderPusher;)V
06-05 15:52:54.668 13603 13603 D M_InsDal: Lcom/fsck/k9/search/LocalSearch;--->searchAllAccounts()Z
06-05 15:52:54.668 13603 13603 D M_InsDal: Lcom/fsck/k9/Preferences;--->getAccount(Ljava/lang/String;)Lcom/fsck/k9/Account;
06-05 15:52:54.668 13603 13603 D M_InsDal: Lcom/fsck/k9/search/LocalSearch;--->getFolderNames()Ljava/util/List;
06-05 15:52:54.668 13603 13603 D M_InsDal: Lcom/fsck/k9/Account;--->isAvailable(Landroid/content/Context;)Z
06-05 15:52:54.668 13603 13603 D M_InsDal: Lcom/fsck/k9/Account;--->getLocalStorageProviderId()Ljava/lang/String;
06-05 15:52:54.668 13603 13603 D M_InsDal: Lcom/fsck/k9/mailstore/StorageManager;--->getInstance(Landroid/content/Context;)Lcom/fsck/k9/mailstore/StorageManager;
06-05 15:52:54.668 13603 13603 D M_InsDal: Lcom/fsck/k9/mailstore/StorageManager;--->isReady(Ljava/lang/String;)Z
06-05 15:52:54.668 13603 13603 D M_InsDal: Lcom/fsck/k9/mailstore/StorageManager;--->getProvider(Ljava/lang/String;)Lcom/fsck/k9/mailstore/StorageManager$StorageProvider;
06-05 15:52:54.668 13603 13603 D M_InsDal: Lcom/fsck/k9/mailstore/StorageManager$InternalStorageProvider;--->isReady(Landroid/content/Context;)Z
06-05 15:52:54.668 13603 13603 D M_InsDal: Lcom/fsck/k9/search/LocalSearch;--->getFolderNames()Ljava/util/List;
06-05 15:52:54.668 13603 13603 D M_InsDal: Lcom/fsck/k9/activity/MessageList;--->findFragments()V
06-05 15:52:54.668 13603 13624 D M_InsDal: Lcom/fsck/k9/mail/store/imap/ImapPusher;--->createImapFolderPusher(Ljava/lang/String;)Lcom/fsck/k9/mail/store/imap/ImapFolderPusher;
06-05 15:52:54.668 13603 13624 D M_InsDal: Lcom/fsck/k9/mail/store/imap/ImapFolderPusher;---><init>(Lcom/fsck/k9/mail/store/imap/ImapStore;Ljava/lang/String;Lcom/fsck/k9/mail/PushReceiver;)V
06-05 15:52:54.668 13603 13624 D M_InsDal: Lcom/fsck/k9/mail/store/imap/ImapFolder;---><init>(Lcom/fsck/k9/mail/store/imap/ImapStore;Ljava/lang/String;)V
06-05 15:52:54.668 13603 13624 D M_InsDal: Lcom/fsck/k9/mail/store/imap/ImapStore;--->getFolderNameCodec()Lcom/fsck/k9/mail/store/imap/FolderNameCodec;
06-05 15:52:54.668 13603 13624 D M_InsDal: Lcom/fsck/k9/mail/store/imap/ImapFolder;---><init>(Lcom/fsck/k9/mail/store/imap/ImapStore;Ljava/lang/String;Lcom/fsck/k9/mail/store/imap/FolderNameCodec;)V
06-05 15:52:54.668 13603 13624 D M_InsDal: Lcom/fsck/k9/mail/Folder;---><init>()V
06-05 15:52:54.668 13603 13624 D M_InsDal: Lcom/fsck/k9/mail/store/imap/ImapFolderPusher$IdleStopper;---><init>()V
06-05 15:52:54.668 13603 13624 D M_InsDal: Lcom/fsck/k9/controller/MessagingControllerPushReceiver;--->getContext()Landroid/content/Context;
06-05 15:52:54.668 13603 13624 D M_InsDal: Lcom/fsck/k9/mail/power/TracingPowerManager;--->getPowerManager(Landroid/content/Context;)Lcom/fsck/k9/mail/power/TracingPowerManager;
06-05 15:52:54.668 13603 13624 D M_InsDal: Lcom/fsck/k9/mail/store/imap/ImapStore;--->getStoreConfig()Lcom/fsck/k9/mail/store/StoreConfig;
06-05 15:52:54.668 13603 13624 D M_InsDal: Lcom/fsck/k9/Account;--->toString()Ljava/lang/String;
06-05 15:52:54.668 13603 13624 D M_InsDal: Lcom/fsck/k9/mail/store/imap/ImapFolder;--->getName()Ljava/lang/String;
06-05 15:52:54.668 13603 13624 D M_InsDal: Lcom/fsck/k9/mail/power/TracingPowerManager;--->newWakeLock(ILjava/lang/String;)Lcom/fsck/k9/mail/power/TracingPowerManager$TracingWakeLock;
06-05 15:52:54.668 13603 13624 D M_InsDal: Lcom/fsck/k9/mail/power/TracingPowerManager$TracingWakeLock;---><init>(Lcom/fsck/k9/mail/power/TracingPowerManager;ILjava/lang/String;)V
06-05 15:52:54.668 13603 13624 D M_InsDal: Lcom/fsck/k9/mail/K9MailLib;--->isDebug()Z
06-05 15:52:54.668 13603 13624 D M_InsDal: Lcom/fsck/k9/K9$2;--->enabled()Z
06-05 15:52:54.668 13603 13624 D M_InsDal: Lcom/fsck/k9/mail/power/TracingPowerManager$TracingWakeLock;--->setReferenceCounted(Z)V
06-05 15:52:54.668 13603 13624 D M_InsDal: Lcom/fsck/k9/mail/store/imap/ImapFolderPusher;--->start()V
06-05 15:52:54.668 13603 13624 D M_InsDal: Lcom/fsck/k9/mail/store/imap/ImapFolderPusher$PushRunnable;---><init>(Lcom/fsck/k9/mail/store/imap/ImapFolderPusher;)V
06-05 15:52:54.668 13603 13624 D M_InsDal: Lcom/fsck/k9/service/PushService;--->startService(Landroid/content/Context;)V
06-05 15:52:54.668 13603 13624 D M_InsDal: Lcom/fsck/k9/service/CoreService;--->addWakeLock(Landroid/content/Context;Landroid/content/Intent;)V
06-05 15:52:54.668 13603 13624 D M_InsDal: Lcom/fsck/k9/service/CoreService;--->acquireWakeLock(Landroid/content/Context;Ljava/lang/String;J)Lcom/fsck/k9/mail/power/TracingPowerManager$TracingWakeLock;
06-05 15:52:54.668 13603 13624 D M_InsDal: Lcom/fsck/k9/mail/power/TracingPowerManager;--->getPowerManager(Landroid/content/Context;)Lcom/fsck/k9/mail/power/TracingPowerManager;
06-05 15:52:54.668 13603 13624 D M_InsDal: Lcom/fsck/k9/mail/power/TracingPowerManager;--->newWakeLock(ILjava/lang/String;)Lcom/fsck/k9/mail/power/TracingPowerManager$TracingWakeLock;
06-05 15:52:54.668 13603 13624 D M_InsDal: Lcom/fsck/k9/mail/power/TracingPowerManager$TracingWakeLock;---><init>(Lcom/fsck/k9/mail/power/TracingPowerManager;ILjava/lang/String;)V
06-05 15:52:54.668 13603 13624 D M_InsDal: Lcom/fsck/k9/mail/K9MailLib;--->isDebug()Z
06-05 15:52:54.668 13603 13624 D M_InsDal: Lcom/fsck/k9/K9$2;--->enabled()Z
06-05 15:52:54.668 13603 13624 D M_InsDal: Lcom/fsck/k9/mail/power/TracingPowerManager$TracingWakeLock;--->setReferenceCounted(Z)V
06-05 15:52:54.668 13603 13624 D M_InsDal: Lcom/fsck/k9/mail/power/TracingPowerManager$TracingWakeLock;--->acquire(J)V
06-05 15:52:54.668 13603 13624 D M_InsDal: Lcom/fsck/k9/mail/K9MailLib;--->isDebug()Z
06-05 15:52:54.668 13603 13624 D M_InsDal: Lcom/fsck/k9/K9$2;--->enabled()Z
06-05 15:52:54.668 13603 13624 D M_InsDal: Lcom/fsck/k9/mail/power/TracingPowerManager$TracingWakeLock;--->raiseNotification()V
06-05 15:52:54.668 13603 13624 D M_InsDal: Lcom/fsck/k9/service/CoreService;--->registerWakeLock(Lcom/fsck/k9/mail/power/TracingPowerManager$TracingWakeLock;)Ljava/lang/Integer;
06-05 15:52:54.669 13603 13603 D M_InsDal: Lcom/fsck/k9/activity/MessageList;--->initializeDisplayMode(Landroid/os/Bundle;)V
06-05 15:52:54.669 13603 13603 D M_InsDal: Lcom/fsck/k9/activity/MessageList;--->useSplitView()Z
06-05 15:52:54.669 13603 13603 D M_InsDal: Lcom/fsck/k9/K9;--->getSplitViewMode()Lcom/fsck/k9/K9$SplitViewMode;
06-05 15:52:54.669 13603 13603 D M_InsDal: Lcom/fsck/k9/activity/MessageList$DisplayMode;---><clinit>()V
06-05 15:52:54.669 13603 13603 D M_InsDal: Lcom/fsck/k9/activity/MessageList$DisplayMode;---><init>(Ljava/lang/String;I)V
06-05 15:52:54.669 13603 13603 D M_InsDal: Lcom/fsck/k9/activity/MessageList$DisplayMode;---><init>(Ljava/lang/String;I)V
06-05 15:52:54.669 13603 13603 D M_InsDal: Lcom/fsck/k9/activity/MessageList;--->initializeLayout()V
06-05 15:52:54.669 13603 13627 D M_InsDal: Lcom/fsck/k9/mail/store/imap/ImapFolderPusher$PushRunnable;--->run()V
06-05 15:52:54.669 13603 13627 D M_InsDal: Lcom/fsck/k9/mail/power/TracingPowerManager$TracingWakeLock;--->acquire(J)V
06-05 15:52:54.669 13603 13624 D M_InsDal: Lcom/fsck/k9/service/MailService;--->schedulePushers()V
06-05 15:52:54.669 13603 13628 D M_InsDal: Lcom/fsck/k9/mail/store/imap/ImapFolderPusher$PushRunnable;--->run()V
06-05 15:52:54.669 13603 13628 D M_InsDal: Lcom/fsck/k9/mail/power/TracingPowerManager$TracingWakeLock;--->acquire(J)V
06-05 15:52:54.669 13603 13624 D M_InsDal: Lcom/fsck/k9/controller/MessagingController;--->getInstance(Landroid/content/Context;)Lcom/fsck/k9/controller/MessagingController;
06-05 15:52:54.669 13603 13624 D M_InsDal: Lcom/fsck/k9/controller/MessagingController;--->getPushers()Ljava/util/Collection;
06-05 15:52:54.669 13603 13624 D M_InsDal: Lcom/fsck/k9/mail/store/imap/ImapPusher;--->getRefreshInterval()I
06-05 15:52:54.669 13603 13624 D M_InsDal: Lcom/fsck/k9/mail/store/imap/ImapStore;--->getStoreConfig()Lcom/fsck/k9/mail/store/StoreConfig;
06-05 15:52:54.669 13603 13624 D M_InsDal: Lcom/fsck/k9/Account;--->getIdleRefreshMinutes()I
06-05 15:52:54.669 13603 13627 D M_InsDal: Lcom/fsck/k9/mail/K9MailLib;--->isDebug()Z
06-05 15:52:54.669 13603 13627 D M_InsDal: Lcom/fsck/k9/K9$2;--->enabled()Z
06-05 15:52:54.669 13603 13627 D M_InsDal: Lcom/fsck/k9/mail/power/TracingPowerManager$TracingWakeLock;--->raiseNotification()V
06-05 15:52:54.669 13603 13627 D M_InsDal: Lcom/fsck/k9/mail/K9MailLib;--->isDebug()Z
06-05 15:52:54.669 13603 13627 D M_InsDal: Lcom/fsck/k9/K9$2;--->enabled()Z
06-05 15:52:54.669 13603 13627 D M_InsDal: Lcom/fsck/k9/mail/store/imap/ImapFolderPusher$PushRunnable;--->getOldUidNext()J
06-05 15:52:54.669 13603 13627 D M_InsDal: Lcom/fsck/k9/mail/store/imap/ImapFolder;--->getName()Ljava/lang/String;
06-05 15:52:54.669 13603 13627 D M_InsDal: Lcom/fsck/k9/controller/MessagingControllerPushReceiver;--->getPushState(Ljava/lang/String;)Ljava/lang/String;
06-05 15:52:54.669 13603 13627 D M_InsDal: Lcom/fsck/k9/Account;--->getLocalStore()Lcom/fsck/k9/mailstore/LocalStore;
06-05 15:52:54.669 13603 13627 D M_InsDal: Lcom/fsck/k9/mailstore/LocalStore;--->getInstance(Lcom/fsck/k9/Account;Landroid/content/Context;)Lcom/fsck/k9/mailstore/LocalStore;
06-05 15:52:54.669 13603 13627 D M_InsDal: Lcom/fsck/k9/Account;--->getUuid()Ljava/lang/String;
06-05 15:52:54.669 13603 13624 D M_InsDal: Lcom/fsck/k9/service/BootReceiver;--->scheduleIntent(Landroid/content/Context;JLandroid/content/Intent;)V
06-05 15:52:54.669 13603 13627 D M_InsDal: Lcom/fsck/k9/mailstore/LocalStore;--->getFolder(Ljava/lang/String;)Lcom/fsck/k9/mailstore/LocalFolder;
06-05 15:52:54.669 13603 13627 D M_InsDal: Lcom/fsck/k9/mailstore/LocalFolder;---><init>(Lcom/fsck/k9/mailstore/LocalStore;Ljava/lang/String;)V
06-05 15:52:54.669 13603 13627 D M_InsDal: Lcom/fsck/k9/mail/Folder;---><init>()V
06-05 15:52:54.669 13603 13627 D M_InsDal: Lcom/fsck/k9/mailstore/LocalStore;--->getAttachmentInfoExtractor()Lcom/fsck/k9/message/extractors/AttachmentInfoExtractor;
