06-05 15:52:54.640 13603 13603 D M_InsDal: Lcom/fsck/k9/mail/TransportProvider;---><init>()V
06-05 15:52:54.640 13603 13603 D M_InsDal: Lcom/fsck/k9/mail/TransportProvider;--->getInstance()Lcom/fsck/k9/mail/TransportProvider;
06-05 15:52:54.640 13603 13603 D M_InsDal: Lcom/fsck/k9/controller/MessagingController;---><init>(Landroid/content/Context;Lcom/fsck/k9/notification/NotificationController;Lcom/fsck/k9/helper/Contacts;Lcom/fsck/k9/mail/TransportProvider;)V
06-05 15:52:54.640 13603 13603 D M_InsDal: Lcom/fsck/k9/controller/MemorizingMessagingListener;---><init>()V
06-05 15:52:54.640 13603 13603 D M_InsDal: Lcom/fsck/k9/controller/SimpleMessagingListener;---><init>()V
06-05 15:52:54.640 13603 13603 D M_InsDal: Lcom/fsck/k9/controller/MessagingController$1;---><init>(Lcom/fsck/k9/controller/MessagingController;)V
06-05 15:52:54.640 13603 13603 D M_InsDal: Lcom/fsck/k9/controller/MessagingController;--->addListener(Lcom/fsck/k9/controller/MessagingListener;)V
06-05 15:52:54.640 13603 13603 D M_InsDal: Lcom/fsck/k9/controller/MessagingController;--->refreshListener(Lcom/fsck/k9/controller/MessagingListener;)V
06-05 15:52:54.640 13603 13603 D M_InsDal: Lcom/fsck/k9/controller/MemorizingMessagingListener;--->refreshOther(Lcom/fsck/k9/controller/MessagingListener;)V
06-05 15:52:54.640 13603 13622 D M_InsDal: Lcom/fsck/k9/controller/MessagingController$1;--->run()V
06-05 15:52:54.640 13603 13622 D M_InsDal: Lcom/fsck/k9/controller/MessagingController;--->runInBackground()V
06-05 15:52:54.640 13603 13603 D M_InsDal: Lcom/fsck/k9/K9$3;---><init>(Lcom/fsck/k9/K9;)V
06-05 15:52:54.640 13603 13603 D M_InsDal: Lcom/fsck/k9/controller/SimpleMessagingListener;---><init>()V
06-05 15:52:54.640 13603 13603 D M_InsDal: Lcom/fsck/k9/controller/MessagingController;--->addListener(Lcom/fsck/k9/controller/MessagingListener;)V
06-05 15:52:54.640 13603 13603 D M_InsDal: Lcom/fsck/k9/controller/MessagingController;--->refreshListener(Lcom/fsck/k9/controller/MessagingListener;)V
06-05 15:52:54.640 13603 13603 D M_InsDal: Lcom/fsck/k9/controller/MemorizingMessagingListener;--->refreshOther(Lcom/fsck/k9/controller/MessagingListener;)V
06-05 15:52:54.640 13603 13603 D M_InsDal: Lcom/fsck/k9/K9;--->notifyObservers()V
06-05 15:52:54.640 13603 13603 D M_InsDal: Lcom/fsck/k9/provider/MessageProvider$1;--->initializeComponent(Landroid/app/Application;)V
06-05 15:52:54.640 13603 13603 D M_InsDal: Lcom/fsck/k9/controller/MessagingController;--->getInstance(Landroid/content/Context;)Lcom/fsck/k9/controller/MessagingController;
06-05 15:52:54.640 13603 13603 D M_InsDal: Lcom/fsck/k9/provider/MessageProvider$1$1;---><init>(Lcom/fsck/k9/provider/MessageProvider$1;Landroid/app/Application;)V
06-05 15:52:54.640 13603 13603 D M_InsDal: Lcom/fsck/k9/controller/SimpleMessagingListener;---><init>()V
06-05 15:52:54.640 13603 13603 D M_InsDal: Lcom/fsck/k9/controller/MessagingController;--->addListener(Lcom/fsck/k9/controller/MessagingListener;)V
06-05 15:52:54.640 13603 13603 D M_InsDal: Lcom/fsck/k9/controller/MessagingController;--->refreshListener(Lcom/fsck/k9/controller/MessagingListener;)V
06-05 15:52:54.640 13603 13603 D M_InsDal: Lcom/fsck/k9/controller/MemorizingMessagingListener;--->refreshOther(Lcom/fsck/k9/controller/MessagingListener;)V
06-05 15:52:54.640 13603 13603 D M_InsDal: Lcom/fsck/k9/provider/AttachmentTempFileProvider;--->onTrimMemory(I)V
06-05 15:52:54.640 13603 13603 D M_InsDal: Lcom/fsck/k9/provider/DecryptedFileProvider;--->onTrimMemory(I)V
06-05 15:52:54.642 13603 13603 D M_InsDal: Lcom/fsck/k9/activity/Accounts;---><clinit>()V
06-05 15:52:54.642 13603 13603 D M_InsDal: Lcom/fsck/k9/activity/Accounts;---><init>()V
06-05 15:52:54.642 13603 13603 D M_InsDal: Lcom/fsck/k9/activity/K9ListActivity;---><init>()V
06-05 15:52:54.642 13603 13603 D M_InsDal: Lcom/fsck/k9/activity/Accounts$AccountsHandler;---><init>(Lcom/fsck/k9/activity/Accounts;)V
06-05 15:52:54.642 13603 13603 D M_InsDal: Lcom/fsck/k9/K9;--->getFontSizes()Lcom/fsck/k9/FontSizes;
06-05 15:52:54.642 13603 13603 D M_InsDal: Lcom/fsck/k9/activity/Accounts$1;---><init>(Lcom/fsck/k9/activity/Accounts;)V
06-05 15:52:54.642 13603 13603 D M_InsDal: Lcom/fsck/k9/activity/ActivityListener;---><init>()V
06-05 15:52:54.642 13603 13603 D M_InsDal: Lcom/fsck/k9/controller/SimpleMessagingListener;---><init>()V
06-05 15:52:54.642 13603 13603 D M_InsDal: Lcom/fsck/k9/activity/ActivityListener$1;---><init>(Lcom/fsck/k9/activity/ActivityListener;)V
06-05 15:52:54.642 13603 13603 D M_InsDal: Lcom/fsck/k9/activity/Accounts$2;---><init>(Lcom/fsck/k9/activity/Accounts;)V
06-05 15:52:54.643 13603 13603 D M_InsDal: Lcom/fsck/k9/activity/K9ListActivity;--->onCreate(Landroid/os/Bundle;)V
06-05 15:52:54.643 13603 13603 D M_InsDal: Lcom/fsck/k9/activity/K9ActivityCommon;--->newInstance(Landroid/app/Activity;)Lcom/fsck/k9/activity/K9ActivityCommon;
06-05 15:52:54.643 13603 13603 D M_InsDal: Lcom/fsck/k9/activity/K9ActivityCommon;---><init>(Landroid/app/Activity;)V
06-05 15:52:54.643 13603 13603 D M_InsDal: Lcom/fsck/k9/K9;--->getK9Language()Ljava/lang/String;
06-05 15:52:54.643 13603 13603 D M_InsDal: Lcom/fsck/k9/activity/K9ActivityCommon;--->setLanguage(Landroid/content/Context;Ljava/lang/String;)V
06-05 15:52:54.643 13603 13603 D M_InsDal: Lcom/fsck/k9/K9;--->getK9ThemeResourceId()I
06-05 15:52:54.643 13603 13603 D M_InsDal: Lcom/fsck/k9/K9;--->getK9ThemeResourceId(Lcom/fsck/k9/K9$Theme;)I
06-05 15:52:54.644 13603 13603 D M_InsDal: Lcom/fsck/k9/activity/Accounts;--->onCreate(Landroid/os/Bundle;)V
06-05 15:52:54.644 13603 13603 D M_InsDal: Lcom/fsck/k9/K9;--->isHideSpecialAccounts()Z
06-05 15:52:54.644 13603 13603 D M_InsDal: Lcom/fsck/k9/activity/Accounts;--->createSpecialAccounts()V
06-05 15:52:54.644 13603 13603 D M_InsDal: Lcom/fsck/k9/search/SearchAccount;--->createUnifiedInboxAccount(Landroid/content/Context;)Lcom/fsck/k9/search/SearchAccount;
06-05 15:52:54.644 13603 13603 D M_InsDal: Lcom/fsck/k9/search/LocalSearch;---><clinit>()V
06-05 15:52:54.644 13603 13603 D M_InsDal: Lcom/fsck/k9/search/LocalSearch$1;---><init>()V
06-05 15:52:54.644 13603 13603 D M_InsDal: Lcom/fsck/k9/search/LocalSearch;---><init>(Ljava/lang/String;)V
06-05 15:52:54.644 13603 13603 D M_InsDal: Lcom/fsck/k9/search/SearchSpecification$SearchField;---><clinit>()V
06-05 15:52:54.644 13603 13603 D M_InsDal: Lcom/fsck/k9/search/SearchSpecification$SearchField;---><init>(Ljava/lang/String;I)V
06-05 15:52:54.644 13603 13603 D M_InsDal: Lcom/fsck/k9/search/SearchSpecification$SearchField;---><init>(Ljava/lang/String;I)V
06-05 15:52:54.644 13603 13603 D M_InsDal: Lcom/fsck/k9/search/SearchSpecification$Attribute;---><clinit>()V
06-05 15:52:54.644 13603 13603 D M_InsDal: Lcom/fsck/k9/search/SearchSpecification$Attribute;---><init>(Ljava/lang/String;I)V
06-05 15:52:54.644 13603 13603 D M_InsDal: Lcom/fsck/k9/search/SearchSpecification$Attribute;---><init>(Ljava/lang/String;I)V
06-05 15:52:54.644 13603 13603 D M_InsDal: Lcom/fsck/k9/search/LocalSearch;--->and(Lcom/fsck/k9/search/SearchSpecification$SearchField;Ljava/lang/String;Lcom/fsck/k9/search/SearchSpecification$Attribute;)V
06-05 15:52:54.644 13603 13603 D M_InsDal: Lcom/fsck/k9/search/SearchSpecification$SearchCondition;---><clinit>()V
06-05 15:52:54.644 13603 13603 D M_InsDal: Lcom/fsck/k9/search/SearchSpecification$SearchCondition$1;---><init>()V
06-05 15:52:54.644 13603 13603 D M_InsDal: Lcom/fsck/k9/search/SearchSpecification$SearchCondition;---><init>(Lcom/fsck/k9/search/SearchSpecification$SearchField;Lcom/fsck/k9/search/SearchSpecification$Attribute;Ljava/lang/String;)V
06-05 15:52:54.644 13603 13603 D M_InsDal: Lcom/fsck/k9/search/LocalSearch;--->and(Lcom/fsck/k9/search/SearchSpecification$SearchCondition;)Lcom/fsck/k9/search/ConditionsTreeNode;
06-05 15:52:54.644 13603 13603 D M_InsDal: Lcom/fsck/k9/search/ConditionsTreeNode;---><clinit>()V
06-05 15:52:54.644 13603 13603 D M_InsDal: Lcom/fsck/k9/search/ConditionsTreeNode$1;---><init>()V
06-05 15:52:54.644 13603 13603 D M_InsDal: Lcom/fsck/k9/search/ConditionsTreeNode;---><init>(Lcom/fsck/k9/search/SearchSpecification$SearchCondition;)V
06-05 15:52:54.644 13603 13603 D M_InsDal: Lcom/fsck/k9/search/ConditionsTreeNode$Operator;---><clinit>()V
06-05 15:52:54.644 13603 13603 D M_InsDal: Lcom/fsck/k9/search/ConditionsTreeNode$Operator;---><init>(Ljava/lang/String;I)V
06-05 15:52:54.644 13603 13603 D M_InsDal: Lcom/fsck/k9/search/ConditionsTreeNode$Operator;---><init>(Ljava/lang/String;I)V
06-05 15:52:54.644 13603 13603 D M_InsDal: Lcom/fsck/k9/search/LocalSearch;--->and(Lcom/fsck/k9/search/ConditionsTreeNode;)Lcom/fsck/k9/search/ConditionsTreeNode;
06-05 15:52:54.644 13603 13603 D M_InsDal: Lcom/fsck/k9/search/ConditionsTreeNode;--->getLeafSet()Ljava/util/Set;
06-05 15:52:54.644 13603 13603 D M_InsDal: Lcom/fsck/k9/search/ConditionsTreeNode;--->getLeafSet(Ljava/util/Set;)Ljava/util/Set;
06-05 15:52:54.644 13603 13603 D M_InsDal: Lcom/fsck/k9/search/SearchAccount;---><init>(Ljava/lang/String;Lcom/fsck/k9/search/LocalSearch;Ljava/lang/String;Ljava/lang/String;)V
06-05 15:52:54.644 13603 13603 D M_InsDal: Lcom/fsck/k9/search/SearchAccount;--->createAllMessagesAccount(Landroid/content/Context;)Lcom/fsck/k9/search/SearchAccount;
06-05 15:52:54.644 13603 13603 D M_InsDal: Lcom/fsck/k9/search/LocalSearch;---><init>(Ljava/lang/String;)V
06-05 15:52:54.644 13603 13603 D M_InsDal: Lcom/fsck/k9/search/LocalSearch;--->and(Lcom/fsck/k9/search/SearchSpecification$SearchField;Ljava/lang/String;Lcom/fsck/k9/search/SearchSpecification$Attribute;)V
06-05 15:52:54.644 13603 13603 D M_InsDal: Lcom/fsck/k9/search/SearchSpecification$SearchCondition;---><init>(Lcom/fsck/k9/search/SearchSpecification$SearchField;Lcom/fsck/k9/search/SearchSpecification$Attribute;Ljava/lang/String;)V
06-05 15:52:54.644 13603 13603 D M_InsDal: Lcom/fsck/k9/search/LocalSearch;--->and(Lcom/fsck/k9/search/SearchSpecification$SearchCondition;)Lcom/fsck/k9/search/ConditionsTreeNode;
06-05 15:52:54.644 13603 13603 D M_InsDal: Lcom/fsck/k9/search/ConditionsTreeNode;---><init>(Lcom/fsck/k9/search/SearchSpecification$SearchCondition;)V
06-05 15:52:54.644 13603 13603 D M_InsDal: Lcom/fsck/k9/search/LocalSearch;--->and(Lcom/fsck/k9/search/ConditionsTreeNode;)Lcom/fsck/k9/search/ConditionsTreeNode;
06-05 15:52:54.644 13603 13603 D M_InsDal: Lcom/fsck/k9/search/ConditionsTreeNode;--->getLeafSet()Ljava/util/Set;
06-05 15:52:54.644 13603 13603 D M_InsDal: Lcom/fsck/k9/search/ConditionsTreeNode;--->getLeafSet(Ljava/util/Set;)Ljava/util/Set;
06-05 15:52:54.644 13603 13603 D M_InsDal: Lcom/fsck/k9/search/SearchAccount;---><init>(Ljava/lang/String;Lcom/fsck/k9/search/LocalSearch;Ljava/lang/String;Ljava/lang/String;)V
06-05 15:52:54.644 13603 13603 D M_InsDal: Lcom/fsck/k9/Preferences;--->getPreferences(Landroid/content/Context;)Lcom/fsck/k9/Preferences;
06-05 15:52:54.644 13603 13603 D M_InsDal: Lcom/fsck/k9/Preferences;--->getAccounts()Ljava/util/List;
06-05 15:52:54.644 13603 13603 D M_InsDal: Lcom/fsck/k9/activity/UpgradeDatabases;--->actionUpgradeDatabases(Landroid/content/Context;Landroid/content/Intent;)Z
06-05 15:52:54.644 13603 13603 D M_InsDal: Lcom/fsck/k9/K9;--->areDatabasesUpToDate()Z
06-05 15:52:54.644 13603 13603 D M_InsDal: Lcom/fsck/k9/K9;--->startIntegratedInbox()Z
06-05 15:52:54.644 13603 13603 D M_InsDal: Lcom/fsck/k9/activity/Accounts;--->onOpenAccount(Lcom/fsck/k9/BaseAccount;)Z
06-05 15:52:54.644 13603 13603 D M_InsDal: Lcom/fsck/k9/Account;--->isEnabled()Z
06-05 15:52:54.644 13603 13603 D M_InsDal: Lcom/fsck/k9/Account;--->isAvailable(Landroid/content/Context;)Z
06-05 15:52:54.644 13603 13603 D M_InsDal: Lcom/fsck/k9/Account;--->getLocalStorageProviderId()Ljava/lang/String;
06-05 15:52:54.644 13603 13603 D M_InsDal: Lcom/fsck/k9/mailstore/StorageManager;--->getInstance(Landroid/content/Context;)Lcom/fsck/k9/mailstore/StorageManager;
06-05 15:52:54.644 13603 13603 D M_InsDal: Lcom/fsck/k9/mailstore/StorageManager;--->isReady(Ljava/lang/String;)Z
06-05 15:52:54.644 13603 13603 D M_InsDal: Lcom/fsck/k9/mailstore/StorageManager;--->getProvider(Ljava/lang/String;)Lcom/fsck/k9/mailstore/StorageManager$StorageProvider;
06-05 15:52:54.644 13603 13603 D M_InsDal: Lcom/fsck/k9/mailstore/StorageManager$InternalStorageProvider;--->isReady(Landroid/content/Context;)Z
06-05 15:52:54.644 13603 13603 D M_InsDal: Lcom/fsck/k9/Account;--->getAutoExpandFolderName()Ljava/lang/String;
06-05 15:52:54.644 13603 13603 D M_InsDal: Lcom/fsck/k9/Account;--->getAutoExpandFolderName()Ljava/lang/String;
06-05 15:52:54.644 13603 13603 D M_InsDal: Lcom/fsck/k9/search/LocalSearch;---><init>(Ljava/lang/String;)V
06-05 15:52:54.644 13603 13603 D M_InsDal: Lcom/fsck/k9/Account;--->getAutoExpandFolderName()Ljava/lang/String;
06-05 15:52:54.644 13603 13603 D M_InsDal: Lcom/fsck/k9/search/LocalSearch;--->addAllowedFolder(Ljava/lang/String;)V
06-05 15:52:54.644 13603 13603 D M_InsDal: Lcom/fsck/k9/search/SearchSpecification$SearchCondition;---><init>(Lcom/fsck/k9/search/SearchSpecification$SearchField;Lcom/fsck/k9/search/SearchSpecification$Attribute;Ljava/lang/String;)V
06-05 15:52:54.644 13603 13603 D M_InsDal: Lcom/fsck/k9/search/LocalSearch;--->and(Lcom/fsck/k9/search/SearchSpecification$SearchCondition;)Lcom/fsck/k9/search/ConditionsTreeNode;
06-05 15:52:54.644 13603 13603 D M_InsDal: Lcom/fsck/k9/search/ConditionsTreeNode;---><init>(Lcom/fsck/k9/search/SearchSpecification$SearchCondition;)V
06-05 15:52:54.644 13603 13603 D M_InsDal: Lcom/fsck/k9/search/LocalSearch;--->and(Lcom/fsck/k9/search/ConditionsTreeNode;)Lcom/fsck/k9/search/ConditionsTreeNode;
06-05 15:52:54.644 13603 13603 D M_InsDal: Lcom/fsck/k9/search/ConditionsTreeNode;--->getLeafSet()Ljava/util/Set;
06-05 15:52:54.644 13603 13603 D M_InsDal: Lcom/fsck/k9/search/ConditionsTreeNode;--->getLeafSet(Ljava/util/Set;)Ljava/util/Set;
06-05 15:52:54.644 13603 13603 D M_InsDal: Lcom/fsck/k9/Account;--->getUuid()Ljava/lang/String;
06-05 15:52:54.644 13603 13603 D M_InsDal: Lcom/fsck/k9/search/LocalSearch;--->addAccountUuid(Ljava/lang/String;)V
06-05 15:52:54.645 13603 13603 D M_InsDal: Lcom/fsck/k9/activity/MessageList;--->actionDisplaySearch(Landroid/content/Context;Lcom/fsck/k9/search/SearchSpecification;ZZ)V
06-05 15:52:54.645 13603 13603 D M_InsDal: Lcom/fsck/k9/activity/MessageList;--->actionDisplaySearch(Landroid/content/Context;Lcom/fsck/k9/search/SearchSpecification;ZZZ)V
06-05 15:52:54.645 13603 13603 D M_InsDal: Lcom/fsck/k9/activity/MessageList;--->intentDisplaySearch(Landroid/content/Context;Lcom/fsck/k9/search/SearchSpecification;ZZZ)Landroid/content/Intent;
06-05 15:52:54.645 13603 13603 D M_InsDal: Lcom/fsck/k9/helper/ParcelableUtil;--->marshall(Landroid/os/Parcelable;)[B
06-05 15:52:54.645 13603 13603 D M_InsDal: Lcom/fsck/k9/search/LocalSearch;--->writeToParcel(Landroid/os/Parcel;I)V
06-05 15:52:54.645 13603 13603 D M_InsDal: Lcom/fsck/k9/search/ConditionsTreeNode;--->writeToParcel(Landroid/os/Parcel;I)V
06-05 15:52:54.645 13603 13603 D M_InsDal: Lcom/fsck/k9/search/SearchSpecification$SearchCondition;--->writeToParcel(Landroid/os/Parcel;I)V
06-05 15:52:54.654 13603 13603 D M_InsDal: Lcom/fsck/k9/service/MailService;---><init>()V
06-05 15:52:54.654 13603 13603 D M_InsDal: Lcom/fsck/k9/service/CoreService;---><init>()V
06-05 15:52:54.654 13603 13603 D M_InsDal: Lcom/fsck/k9/service/CoreService;--->onCreate()V
06-05 15:52:54.654 13603 13603 D M_InsDal: Lcom/fsck/k9/service/MailService;--->onCreate()V
06-05 15:52:54.654 13603 13603 D M_InsDal: Lcom/fsck/k9/service/CoreService;--->onStartCommand(Landroid/content/Intent;II)I
06-05 15:52:54.654 13603 13603 D M_InsDal: Lcom/fsck/k9/service/CoreService;--->acquireWakeLock(Landroid/content/Context;Ljava/lang/String;J)Lcom/fsck/k9/mail/power/TracingPowerManager$TracingWakeLock;
06-05 15:52:54.654 13603 13603 D M_InsDal: Lcom/fsck/k9/mail/power/TracingPowerManager;--->getPowerManager(Landroid/content/Context;)Lcom/fsck/k9/mail/power/TracingPowerManager;
06-05 15:52:54.654 13603 13603 D M_InsDal: Lcom/fsck/k9/mail/power/TracingPowerManager;--->newWakeLock(ILjava/lang/String;)Lcom/fsck/k9/mail/power/TracingPowerManager$TracingWakeLock;
06-05 15:52:54.654 13603 13603 D M_InsDal: Lcom/fsck/k9/mail/power/TracingPowerManager$TracingWakeLock;---><init>(Lcom/fsck/k9/mail/power/TracingPowerManager;ILjava/lang/String;)V
06-05 15:52:54.654 13603 13603 D M_InsDal: Lcom/fsck/k9/mail/K9MailLib;--->isDebug()Z
06-05 15:52:54.654 13603 13603 D M_InsDal: Lcom/fsck/k9/K9$2;--->enabled()Z
06-05 15:52:54.654 13603 13603 D M_InsDal: Lcom/fsck/k9/mail/power/TracingPowerManager$TracingWakeLock;--->setReferenceCounted(Z)V
06-05 15:52:54.654 13603 13603 D M_InsDal: Lcom/fsck/k9/mail/power/TracingPowerManager$TracingWakeLock;--->acquire(J)V
06-05 15:52:54.655 13603 13603 D M_InsDal: Lcom/fsck/k9/mail/K9MailLib;--->isDebug()Z
06-05 15:52:54.655 13603 13603 D M_InsDal: Lcom/fsck/k9/K9$2;--->enabled()Z
06-05 15:52:54.655 13603 13603 D M_InsDal: Lcom/fsck/k9/mail/power/TracingPowerManager$TracingWakeLock;--->raiseNotification()V
06-05 15:52:54.655 13603 13603 D M_InsDal: Lcom/fsck/k9/mail/power/TracingPowerManager$TracingWakeLock;--->release()V
06-05 15:52:54.655 13603 13603 D M_InsDal: Lcom/fsck/k9/mail/K9MailLib;--->isDebug()Z
06-05 15:52:54.655 13603 13603 D M_InsDal: Lcom/fsck/k9/K9$2;--->enabled()Z
06-05 15:52:54.655 13603 13603 D M_InsDal: Lcom/fsck/k9/mail/power/TracingPowerManager$TracingWakeLock;--->cancelNotification()V
06-05 15:52:54.655 13603 13603 D M_InsDal: Lcom/fsck/k9/service/MailService;--->startService(Landroid/content/Intent;I)I
06-05 15:52:54.655 13603 13603 D M_InsDal: Lcom/fsck/k9/service/MailService;--->isSyncDisabled()Z
06-05 15:52:54.655 13603 13603 D M_InsDal: Lcom/fsck/k9/helper/Utility;--->hasConnectivity(Landroid/content/Context;)Z
06-05 15:52:54.655 13603 13603 D M_InsDal: Lcom/fsck/k9/K9;--->getBackgroundOps()Lcom/fsck/k9/K9$BACKGROUND_OPS;
06-05 15:52:54.655 13603 13603 D M_InsDal: Lcom/fsck/k9/service/MailService$5;---><clinit>()V
06-05 15:52:54.655 13603 13603 D M_InsDal: Lcom/fsck/k9/K9$BACKGROUND_OPS;--->values()[Lcom/fsck/k9/K9$BACKGROUND_OPS;
06-05 15:52:54.656 13603 13603 D M_InsDal: Lcom/fsck/k9/service/MailService;--->rescheduleAllInBackground(ZZLjava/lang/Integer;)V
06-05 15:52:54.656 13603 13603 D M_InsDal: Lcom/fsck/k9/service/MailService$1;---><init>(Lcom/fsck/k9/service/MailService;ZZ)V
06-05 15:52:54.656 13603 13603 D M_InsDal: Lcom/fsck/k9/service/CoreService;--->execute(Landroid/content/Context;Ljava/lang/Runnable;ILjava/lang/Integer;)V
06-05 15:52:54.656 13603 13603 D M_InsDal: Lcom/fsck/k9/service/CoreService;--->acquireWakeLock(Landroid/content/Context;Ljava/lang/String;J)Lcom/fsck/k9/mail/power/TracingPowerManager$TracingWakeLock;
06-05 15:52:54.656 13603 13603 D M_InsDal: Lcom/fsck/k9/mail/power/TracingPowerManager;--->getPowerManager(Landroid/content/Context;)Lcom/fsck/k9/mail/power/TracingPowerManager;
06-05 15:52:54.656 13603 13603 D M_InsDal: Lcom/fsck/k9/mail/power/TracingPowerManager;--->newWakeLock(ILjava/lang/String;)Lcom/fsck/k9/mail/power/TracingPowerManager$TracingWakeLock;
06-05 15:52:54.656 13603 13603 D M_InsDal: Lcom/fsck/k9/mail/power/TracingPowerManager$TracingWakeLock;---><init>(Lcom/fsck/k9/mail/power/TracingPowerManager;ILjava/lang/String;)V
06-05 15:52:54.656 13603 13603 D M_InsDal: Lcom/fsck/k9/mail/K9MailLib;--->isDebug()Z
06-05 15:52:54.656 13603 13603 D M_InsDal: Lcom/fsck/k9/K9$2;--->enabled()Z
06-05 15:52:54.656 13603 13603 D M_InsDal: Lcom/fsck/k9/mail/power/TracingPowerManager$TracingWakeLock;--->setReferenceCounted(Z)V
06-05 15:52:54.656 13603 13603 D M_InsDal: Lcom/fsck/k9/mail/power/TracingPowerManager$TracingWakeLock;--->acquire(J)V
06-05 15:52:54.656 13603 13603 D M_InsDal: Lcom/fsck/k9/mail/K9MailLib;--->isDebug()Z
06-05 15:52:54.656 13603 13603 D M_InsDal: Lcom/fsck/k9/K9$2;--->enabled()Z
06-05 15:52:54.656 13603 13603 D M_InsDal: Lcom/fsck/k9/mail/power/TracingPowerManager$TracingWakeLock;--->raiseNotification()V
06-05 15:52:54.656 13603 13603 D M_InsDal: Lcom/fsck/k9/service/CoreService$1;---><init>(Lcom/fsck/k9/service/CoreService;Ljava/lang/Runnable;Ljava/lang/Integer;Lcom/fsck/k9/mail/power/TracingPowerManager$TracingWakeLock;Z)V
06-05 15:52:54.656 13603 13603 D M_InsDal: Lcom/fsck/k9/service/MailService;--->isSyncDisabled()Z
06-05 15:52:54.656 13603 13603 D M_InsDal: Lcom/fsck/k9/mail/power/TracingPowerManager$TracingWakeLock;--->release()V
06-05 15:52:54.656 13603 13603 D M_InsDal: Lcom/fsck/k9/mail/K9MailLib;--->isDebug()Z
06-05 15:52:54.656 13603 13603 D M_InsDal: Lcom/fsck/k9/K9$2;--->enabled()Z
06-05 15:52:54.656 13603 13603 D M_InsDal: Lcom/fsck/k9/mail/power/TracingPowerManager$TracingWakeLock;--->cancelNotification()V
06-05 15:52:54.656 13603 13624 D M_InsDal: Lcom/fsck/k9/service/CoreService$1;--->run()V
06-05 15:52:54.656 13603 13624 D M_InsDal: Lcom/fsck/k9/service/MailService;--->isSyncDisabled()Z
06-05 15:52:54.656 13603 13624 D M_InsDal: Lcom/fsck/k9/service/MailService$1;--->run()V
06-05 15:52:54.656 13603 13624 D M_InsDal: Lcom/fsck/k9/service/MailService;--->reschedulePoll(ZZZ)V
06-05 15:52:54.656 13603 13624 D M_InsDal: Lcom/fsck/k9/Preferences;--->getPreferences(Landroid/content/Context;)Lcom/fsck/k9/Preferences;
06-05 15:52:54.656 13603 13624 D M_InsDal: Lcom/fsck/k9/Preferences;--->getStorage()Lcom/fsck/k9/preferences/Storage;
06-05 15:52:54.656 13603 13624 D M_InsDal: Lcom/fsck/k9/preferences/Storage;--->getInt(Ljava/lang/String;I)I
06-05 15:52:54.656 13603 13624 D M_InsDal: Lcom/fsck/k9/preferences/Storage;--->getLong(Ljava/lang/String;J)J
06-05 15:52:54.656 13603 13624 D M_InsDal: Lcom/fsck/k9/Preferences;--->getAvailableAccounts()Ljava/util/Collection;
06-05 15:52:54.656 13603 13624 D M_InsDal: Lcom/fsck/k9/Preferences;--->getAccounts()Ljava/util/List;
06-05 15:52:54.656 13603 13624 D M_InsDal: Lcom/fsck/k9/Account;--->isEnabled()Z
06-05 15:52:54.656 13603 13624 D M_InsDal: Lcom/fsck/k9/Account;--->isAvailable(Landroid/content/Context;)Z
06-05 15:52:54.656 13603 13624 D M_InsDal: Lcom/fsck/k9/Account;--->getLocalStorageProviderId()Ljava/lang/String;
06-05 15:52:54.656 13603 13624 D M_InsDal: Lcom/fsck/k9/mailstore/StorageManager;--->getInstance(Landroid/content/Context;)Lcom/fsck/k9/mailstore/StorageManager;
06-05 15:52:54.656 13603 13624 D M_InsDal: Lcom/fsck/k9/mailstore/StorageManager;--->isReady(Ljava/lang/String;)Z
06-05 15:52:54.656 13603 13624 D M_InsDal: Lcom/fsck/k9/mailstore/StorageManager;--->getProvider(Ljava/lang/String;)Lcom/fsck/k9/mailstore/StorageManager$StorageProvider;
06-05 15:52:54.656 13603 13624 D M_InsDal: Lcom/fsck/k9/mailstore/StorageManager$InternalStorageProvider;--->isReady(Landroid/content/Context;)Z
06-05 15:52:54.656 13603 13624 D M_InsDal: Lcom/fsck/k9/Account;--->getAutomaticCheckIntervalMinutes()I
06-05 15:52:54.657 13603 13624 D M_InsDal: Lcom/fsck/k9/preferences/Storage;--->edit()Lcom/fsck/k9/preferences/StorageEditor;
06-05 15:52:54.657 13603 13624 D M_InsDal: Lcom/fsck/k9/preferences/StorageEditor;---><init>(Lcom/fsck/k9/preferences/Storage;)V
06-05 15:52:54.657 13603 13624 D M_InsDal: Lcom/fsck/k9/preferences/Storage;--->getAll()Ljava/util/Map;
06-05 15:52:54.657 13603 13624 D M_InsDal: Lcom/fsck/k9/preferences/StorageEditor;--->putInt(Ljava/lang/String;I)Lcom/fsck/k9/preferences/StorageEditor;
06-05 15:52:54.657 13603 13624 D M_InsDal: Lcom/fsck/k9/preferences/StorageEditor;--->commit()Z
06-05 15:52:54.657 13603 13624 D M_InsDal: Lcom/fsck/k9/preferences/StorageEditor;--->commitChanges()V
06-05 15:52:54.657 13603 13624 D M_InsDal: Lcom/fsck/k9/preferences/StorageEditor$1;---><init>(Lcom/fsck/k9/preferences/StorageEditor;)V
06-05 15:52:54.657 13603 13624 D M_InsDal: Lcom/fsck/k9/preferences/Storage;--->doInTransaction(Ljava/lang/Runnable;)V
06-05 15:52:54.657 13603 13624 D M_InsDal: Lcom/fsck/k9/preferences/Storage;--->openDB()Landroid/database/sqlite/SQLiteDatabase;
06-05 15:52:54.657 13603 13624 D M_InsDal: Lcom/fsck/k9/preferences/StorageEditor$1;--->run()V
06-05 15:52:54.657 13603 13624 D M_InsDal: Lcom/fsck/k9/preferences/Storage;--->put(Ljava/util/Map;)V
06-05 15:52:54.658 13603 13624 D M_InsDal: Lcom/fsck/k9/service/MailService;--->cancel()V
06-05 15:52:54.658 13603 13624 D M_InsDal: Lcom/fsck/k9/service/CoreReceiver;---><clinit>()V
06-05 15:52:54.658 13603 13624 D M_InsDal: Lcom/fsck/k9/service/BootReceiver;--->cancelIntent(Landroid/content/Context;Landroid/content/Intent;)V
06-05 15:52:54.659 13603 13624 D M_InsDal: Lcom/fsck/k9/service/MailService;--->reschedulePushers(ZZ)V
06-05 15:52:54.659 13603 13624 D M_InsDal: Lcom/fsck/k9/service/MailService;--->stopPushers()V
06-05 15:52:54.659 13603 13624 D M_InsDal: Lcom/fsck/k9/controller/MessagingController;--->getInstance(Landroid/content/Context;)Lcom/fsck/k9/controller/MessagingController;
06-05 15:52:54.659 13603 13624 D M_InsDal: Lcom/fsck/k9/controller/MessagingController;--->stopAllPushing()V
06-05 15:52:54.659 13603 13624 D M_InsDal: Lcom/fsck/k9/service/PushService;--->stopService(Landroid/content/Context;)V
06-05 15:52:54.659 13603 13624 D M_InsDal: Lcom/fsck/k9/service/CoreService;--->addWakeLock(Landroid/content/Context;Landroid/content/Intent;)V
06-05 15:52:54.659 13603 13624 D M_InsDal: Lcom/fsck/k9/service/CoreService;--->acquireWakeLock(Landroid/content/Context;Ljava/lang/String;J)Lcom/fsck/k9/mail/power/TracingPowerManager$TracingWakeLock;
06-05 15:52:54.659 13603 13624 D M_InsDal: Lcom/fsck/k9/mail/power/TracingPowerManager;--->getPowerManager(Landroid/content/Context;)Lcom/fsck/k9/mail/power/TracingPowerManager;
06-05 15:52:54.659 13603 13624 D M_InsDal: Lcom/fsck/k9/mail/power/TracingPowerManager;--->newWakeLock(ILjava/lang/String;)Lcom/fsck/k9/mail/power/TracingPowerManager$TracingWakeLock;
06-05 15:52:54.659 13603 13624 D M_InsDal: Lcom/fsck/k9/mail/power/TracingPowerManager$TracingWakeLock;---><init>(Lcom/fsck/k9/mail/power/TracingPowerManager;ILjava/lang/String;)V
06-05 15:52:54.659 13603 13624 D M_InsDal: Lcom/fsck/k9/mail/K9MailLib;--->isDebug()Z
06-05 15:52:54.659 13603 13624 D M_InsDal: Lcom/fsck/k9/K9$2;--->enabled()Z
06-05 15:52:54.659 13603 13624 D M_InsDal: Lcom/fsck/k9/mail/power/TracingPowerManager$TracingWakeLock;--->setReferenceCounted(Z)V
06-05 15:52:54.659 13603 13624 D M_InsDal: Lcom/fsck/k9/mail/power/TracingPowerManager$TracingWakeLock;--->acquire(J)V
06-05 15:52:54.659 13603 13603 D M_InsDal: Lcom/fsck/k9/activity/MessageList;---><init>()V
06-05 15:52:54.659 13603 13603 D M_InsDal: Lcom/fsck/k9/activity/K9Activity;---><init>()V
06-05 15:52:54.659 13603 13603 D M_InsDal: Lcom/fsck/k9/activity/MessageList$StorageListenerImplementation;---><init>(Lcom/fsck/k9/activity/MessageList;)V
06-05 15:52:54.659 13603 13603 D M_InsDal: Lcom/fsck/k9/K9;--->messageViewShowNext()Z
06-05 15:52:54.659 13603 13624 D M_InsDal: Lcom/fsck/k9/mail/K9MailLib;--->isDebug()Z
06-05 15:52:54.659 13603 13624 D M_InsDal: Lcom/fsck/k9/K9$2;--->enabled()Z
06-05 15:52:54.659 13603 13624 D M_InsDal: Lcom/fsck/k9/mail/power/TracingPowerManager$TracingWakeLock;--->raiseNotification()V
06-05 15:52:54.659 13603 13624 D M_InsDal: Lcom/fsck/k9/service/CoreService;--->registerWakeLock(Lcom/fsck/k9/mail/power/TracingPowerManager$TracingWakeLock;)Ljava/lang/Integer;
06-05 15:52:54.660 13603 13603 D M_InsDal: Lcom/fsck/k9/activity/K9Activity;--->onCreate(Landroid/os/Bundle;)V
06-05 15:52:54.660 13603 13603 D M_InsDal: Lcom/fsck/k9/activity/K9ActivityCommon;--->newInstance(Landroid/app/Activity;)Lcom/fsck/k9/activity/K9ActivityCommon;
06-05 15:52:54.660 13603 13603 D M_InsDal: Lcom/fsck/k9/activity/K9ActivityCommon;---><init>(Landroid/app/Activity;)V
06-05 15:52:54.660 13603 13603 D M_InsDal: Lcom/fsck/k9/K9;--->getK9Language()Ljava/lang/String;
06-05 15:52:54.660 13603 13603 D M_InsDal: Lcom/fsck/k9/activity/K9ActivityCommon;--->setLanguage(Landroid/content/Context;Ljava/lang/String;)V
06-05 15:52:54.660 13603 13603 D M_InsDal: Lcom/fsck/k9/K9;--->getK9ThemeResourceId()I
06-05 15:52:54.660 13603 13603 D M_InsDal: Lcom/fsck/k9/K9;--->getK9ThemeResourceId(Lcom/fsck/k9/K9$Theme;)I
06-05 15:52:54.660 13603 13624 D M_InsDal: Lcom/fsck/k9/service/MailService;--->setupPushers()V
06-05 15:52:54.660 13603 13624 D M_InsDal: Lcom/fsck/k9/Preferences;--->getPreferences(Landroid/content/Context;)Lcom/fsck/k9/Preferences;
06-05 15:52:54.660 13603 13624 D M_InsDal: Lcom/fsck/k9/Preferences;--->getAccounts()Ljava/util/List;
06-05 15:52:54.660 13603 13603 D M_InsDal: Lcom/fsck/k9/activity/MessageList;--->onCreate(Landroid/os/Bundle;)V
06-05 15:52:54.660 13603 13624 D M_InsDal: Lcom/fsck/k9/Account;--->getDescription()Ljava/lang/String;
06-05 15:52:54.660 13603 13603 D M_InsDal: Lcom/fsck/k9/activity/UpgradeDatabases;--->actionUpgradeDatabases(Landroid/content/Context;Landroid/content/Intent;)Z
06-05 15:52:54.660 13603 13603 D M_InsDal: Lcom/fsck/k9/K9;--->areDatabasesUpToDate()Z
06-05 15:52:54.660 13603 13624 D M_InsDal: Lcom/fsck/k9/Account;--->isEnabled()Z
06-05 15:52:54.660 13603 13624 D M_InsDal: Lcom/fsck/k9/Account;--->isAvailable(Landroid/content/Context;)Z
06-05 15:52:54.660 13603 13624 D M_InsDal: Lcom/fsck/k9/Account;--->getLocalStorageProviderId()Ljava/lang/String;
06-05 15:52:54.660 13603 13624 D M_InsDal: Lcom/fsck/k9/mailstore/StorageManager;--->getInstance(Landroid/content/Context;)Lcom/fsck/k9/mailstore/StorageManager;
06-05 15:52:54.660 13603 13603 D M_InsDal: Lcom/fsck/k9/activity/MessageList;--->useSplitView()Z
06-05 15:52:54.660 13603 13624 D M_InsDal: Lcom/fsck/k9/mailstore/StorageManager;--->isReady(Ljava/lang/String;)Z
06-05 15:52:54.660 13603 13624 D M_InsDal: Lcom/fsck/k9/mailstore/StorageManager;--->getProvider(Ljava/lang/String;)Lcom/fsck/k9/mailstore/StorageManager$StorageProvider;
06-05 15:52:54.660 13603 13603 D M_InsDal: Lcom/fsck/k9/K9;--->getSplitViewMode()Lcom/fsck/k9/K9$SplitViewMode;
06-05 15:52:54.660 13603 13624 D M_InsDal: Lcom/fsck/k9/mailstore/StorageManager$InternalStorageProvider;--->isReady(Landroid/content/Context;)Z
06-05 15:52:54.660 13603 13624 D M_InsDal: Lcom/fsck/k9/controller/MessagingController;--->getInstance(Landroid/content/Context;)Lcom/fsck/k9/controller/MessagingController;
06-05 15:52:54.660 13603 13624 D M_InsDal: Lcom/fsck/k9/controller/MessagingController;--->setupPushing(Lcom/fsck/k9/Account;)Z
06-05 15:52:54.660 13603 13624 D M_InsDal: Lcom/fsck/k9/Account;--->hashCode()I
06-05 15:52:54.660 13603 13624 D M_InsDal: Lcom/fsck/k9/Account;--->getFolderDisplayMode()Lcom/fsck/k9/Account$FolderMode;
06-05 15:52:54.660 13603 13624 D M_InsDal: Lcom/fsck/k9/Account;--->getFolderPushMode()Lcom/fsck/k9/Account$FolderMode;
06-05 15:52:54.660 13603 13624 D M_InsDal: Lcom/fsck/k9/Account;--->getLocalStore()Lcom/fsck/k9/mailstore/LocalStore;
06-05 15:52:54.660 13603 13624 D M_InsDal: Lcom/fsck/k9/mailstore/LocalStore;---><clinit>()V
06-05 15:52:54.660 13603 13624 D M_InsDal: Lcom/fsck/k9/mailstore/LocalStore;--->getInstance(Lcom/fsck/k9/Account;Landroid/content/Context;)Lcom/fsck/k9/mailstore/LocalStore;
06-05 15:52:54.660 13603 13624 D M_InsDal: Lcom/fsck/k9/Account;--->getUuid()Ljava/lang/String;
06-05 15:52:54.660 13603 13624 D M_InsDal: Lcom/fsck/k9/mailstore/LocalStore;---><init>(Lcom/fsck/k9/Account;Landroid/content/Context;)V
06-05 15:52:54.660 13603 13624 D M_InsDal: Lcom/fsck/k9/mail/Store;---><init>()V
06-05 15:52:54.660 13603 13624 D M_InsDal: Lcom/fsck/k9/message/extractors/MessagePreviewCreator;--->newInstance()Lcom/fsck/k9/message/extractors/MessagePreviewCreator;
06-05 15:52:54.660 13603 13624 D M_InsDal: Lcom/fsck/k9/message/extractors/TextPartFinder;---><init>()V
06-05 15:52:54.660 13603 13624 D M_InsDal: Lcom/fsck/k9/message/extractors/PreviewTextExtractor;---><init>()V
06-05 15:52:54.660 13603 13624 D M_InsDal: Lcom/fsck/k9/message/extractors/EncryptionDetector;---><init>(Lcom/fsck/k9/message/extractors/TextPartFinder;)V
06-05 15:52:54.660 13603 13624 D M_InsDal: Lcom/fsck/k9/message/extractors/MessagePreviewCreator;---><init>(Lcom/fsck/k9/message/extractors/TextPartFinder;Lcom/fsck/k9/message/extractors/PreviewTextExtractor;Lcom/fsck/k9/message/extractors/EncryptionDetector;)V
06-05 15:52:54.660 13603 13624 D M_InsDal: Lcom/fsck/k9/message/extractors/MessageFulltextCreator;--->newInstance()Lcom/fsck/k9/message/extractors/MessageFulltextCreator;
06-05 15:52:54.660 13603 13624 D M_InsDal: Lcom/fsck/k9/message/extractors/TextPartFinder;---><init>()V
06-05 15:52:54.660 13603 13624 D M_InsDal: Lcom/fsck/k9/message/extractors/EncryptionDetector;---><init>(Lcom/fsck/k9/message/extractors/TextPartFinder;)V
06-05 15:52:54.660 13603 13624 D M_InsDal: Lcom/fsck/k9/message/extractors/MessageFulltextCreator;---><init>(Lcom/fsck/k9/message/extractors/TextPartFinder;Lcom/fsck/k9/message/extractors/EncryptionDetector;)V
06-05 15:52:54.660 13603 13624 D M_InsDal: Lcom/fsck/k9/message/extractors/AttachmentCounter;--->newInstance()Lcom/fsck/k9/message/extractors/AttachmentCounter;
06-05 15:52:54.660 13603 13624 D M_InsDal: Lcom/fsck/k9/message/extractors/TextPartFinder;---><init>()V
06-05 15:52:54.660 13603 13624 D M_InsDal: Lcom/fsck/k9/message/extractors/EncryptionDetector;---><init>(Lcom/fsck/k9/message/extractors/TextPartFinder;)V
06-05 15:52:54.660 13603 13624 D M_InsDal: Lcom/fsck/k9/message/extractors/AttachmentCounter;---><init>(Lcom/fsck/k9/message/extractors/EncryptionDetector;)V
06-05 15:52:54.660 13603 13624 D M_InsDal: Lcom/fsck/k9/controller/PendingCommandSerializer;---><clinit>()V
06-05 15:52:54.660 13603 13624 D M_InsDal: Lcom/fsck/k9/controller/PendingCommandSerializer;---><init>()V
06-05 15:52:54.662 13603 13603 D M_InsDal: Lcom/fsck/k9/view/ViewSwitcher;---><init>(Landroid/content/Context;Landroid/util/AttributeSet;)V
06-05 15:52:54.663 13603 13624 D M_InsDal: Lcom/fsck/k9/controller/PendingCommandSerializer;--->getInstance()Lcom/fsck/k9/controller/PendingCommandSerializer;
06-05 15:52:54.663 13603 13624 D M_InsDal: Lcom/fsck/k9/message/extractors/AttachmentInfoExtractor;--->getInstance()Lcom/fsck/k9/message/extractors/AttachmentInfoExtractor;
06-05 15:52:54.663 13603 13624 D M_InsDal: Lcom/fsck/k9/Globals;--->getContext()Landroid/content/Context;
06-05 15:52:54.663 13603 13624 D M_InsDal: Lcom/fsck/k9/message/extractors/AttachmentInfoExtractor;---><init>(Landroid/content/Context;)V
06-05 15:52:54.663 13603 13624 D M_InsDal: Lcom/fsck/k9/Account;--->getUuid()Ljava/lang/String;
06-05 15:52:54.663 13603 13624 D M_InsDal: Lcom/fsck/k9/mailstore/StoreSchemaDefinition;---><init>(Lcom/fsck/k9/mailstore/LocalStore;)V
06-05 15:52:54.663 13603 13624 D M_InsDal: Lcom/fsck/k9/mailstore/LockableDatabase;---><init>(Landroid/content/Context;Ljava/lang/String;Lcom/fsck/k9/mailstore/LockableDatabase$SchemaDefinition;)V
06-05 15:52:54.663 13603 13624 D M_InsDal: Lcom/fsck/k9/mailstore/LockableDatabase$StorageListener;---><init>(Lcom/fsck/k9/mailstore/LockableDatabase;)V
06-05 15:52:54.663 13603 13624 D M_InsDal: Lcom/fsck/k9/Account;--->getLocalStorageProviderId()Ljava/lang/String;
06-05 15:52:54.663 13603 13624 D M_InsDal: Lcom/fsck/k9/mailstore/LockableDatabase;--->setStorageProviderId(Ljava/lang/String;)V
06-05 15:52:54.663 13603 13624 D M_InsDal: Lcom/fsck/k9/mailstore/LockableDatabase;--->open()V
06-05 15:52:54.663 13603 13624 D M_InsDal: Lcom/fsck/k9/mailstore/LockableDatabase;--->lockWrite()V
06-05 15:52:54.663 13603 13624 D M_InsDal: Lcom/fsck/k9/mailstore/LockableDatabase;--->lockWrite(Ljava/lang/String;)V
06-05 15:52:54.663 13603 13624 D M_InsDal: Lcom/fsck/k9/mailstore/LockableDatabase;--->getStorageManager()Lcom/fsck/k9/mailstore/StorageManager;
06-05 15:52:54.663 13603 13624 D M_InsDal: Lcom/fsck/k9/mailstore/StorageManager;--->getInstance(Landroid/content/Context;)Lcom/fsck/k9/mailstore/StorageManager;
06-05 15:52:54.663 13603 13624 D M_InsDal: Lcom/fsck/k9/mailstore/StorageManager;--->lockProvider(Ljava/lang/String;)V
06-05 15:52:54.663 13603 13624 D M_InsDal: Lcom/fsck/k9/mailstore/StorageManager;--->getProvider(Ljava/lang/String;)Lcom/fsck/k9/mailstore/StorageManager$StorageProvider;
06-05 15:52:54.663 13603 13624 D M_InsDal: Lcom/fsck/k9/mailstore/StorageManager$InternalStorageProvider;--->isReady(Landroid/content/Context;)Z
06-05 15:52:54.663 13603 13624 D M_InsDal: Lcom/fsck/k9/mailstore/LockableDatabase;--->openOrCreateDataspace()V
06-05 15:52:54.663 13603 13624 D M_InsDal: Lcom/fsck/k9/mailstore/LockableDatabase;--->lockWrite()V
06-05 15:52:54.663 13603 13624 D M_InsDal: Lcom/fsck/k9/mailstore/LockableDatabase;--->lockWrite(Ljava/lang/String;)V
06-05 15:52:54.663 13603 13624 D M_InsDal: Lcom/fsck/k9/mailstore/LockableDatabase;--->getStorageManager()Lcom/fsck/k9/mailstore/StorageManager;
06-05 15:52:54.663 13603 13624 D M_InsDal: Lcom/fsck/k9/mailstore/StorageManager;--->getInstance(Landroid/content/Context;)Lcom/fsck/k9/mailstore/StorageManager;
06-05 15:52:54.663 13603 13624 D M_InsDal: Lcom/fsck/k9/mailstore/StorageManager;--->lockProvider(Ljava/lang/String;)V
06-05 15:52:54.663 13603 13624 D M_InsDal: Lcom/fsck/k9/mailstore/StorageManager;--->getProvider(Ljava/lang/String;)Lcom/fsck/k9/mailstore/StorageManager$StorageProvider;
06-05 15:52:54.663 13603 13624 D M_InsDal: Lcom/fsck/k9/mailstore/StorageManager$InternalStorageProvider;--->isReady(Landroid/content/Context;)Z
06-05 15:52:54.663 13603 13624 D M_InsDal: Lcom/fsck/k9/mailstore/LockableDatabase;--->prepareStorage(Ljava/lang/String;)Ljava/io/File;
06-05 15:52:54.663 13603 13624 D M_InsDal: Lcom/fsck/k9/mailstore/LockableDatabase;--->getStorageManager()Lcom/fsck/k9/mailstore/StorageManager;
06-05 15:52:54.663 13603 13624 D M_InsDal: Lcom/fsck/k9/mailstore/StorageManager;--->getInstance(Landroid/content/Context;)Lcom/fsck/k9/mailstore/StorageManager;
06-05 15:52:54.663 13603 13624 D M_InsDal: Lcom/fsck/k9/mailstore/StorageManager;--->getDatabase(Ljava/lang/String;Ljava/lang/String;)Ljava/io/File;
06-05 15:52:54.663 13603 13624 D M_InsDal: Lcom/fsck/k9/mailstore/StorageManager;--->getProvider(Ljava/lang/String;)Lcom/fsck/k9/mailstore/StorageManager$StorageProvider;
06-05 15:52:54.663 13603 13624 D M_InsDal: Lcom/fsck/k9/mailstore/StorageManager$InternalStorageProvider;--->getDatabase(Landroid/content/Context;Ljava/lang/String;)Ljava/io/File;
06-05 15:52:54.663 13603 13624 D M_InsDal: Lcom/fsck/k9/mailstore/StorageManager;--->getAttachmentDirectory(Ljava/lang/String;Ljava/lang/String;)Ljava/io/File;
06-05 15:52:54.663 13603 13624 D M_InsDal: Lcom/fsck/k9/mailstore/StorageManager;--->getProvider(Ljava/lang/String;)Lcom/fsck/k9/mailstore/StorageManager$StorageProvider;
06-05 15:52:54.663 13603 13624 D M_InsDal: Lcom/fsck/k9/mailstore/StorageManager$InternalStorageProvider;--->getAttachmentDirectory(Landroid/content/Context;Ljava/lang/String;)Ljava/io/File;
06-05 15:52:54.663 13603 13624 D M_InsDal: Lcom/fsck/k9/mailstore/LockableDatabase;--->doOpenOrCreateDb(Ljava/io/File;)V
06-05 15:52:54.664 13603 13603 D M_InsDal: Lcom/fsck/k9/view/ViewSwitcher;--->setFirstInAnimation(Landroid/view/animation/Animation;)V
06-05 15:52:54.664 13603 13603 D M_InsDal: Lcom/fsck/k9/view/ViewSwitcher;--->setFirstOutAnimation(Landroid/view/animation/Animation;)V
06-05 15:52:54.664 13603 13624 D M_InsDal: Lcom/fsck/k9/mailstore/StoreSchemaDefinition;--->getVersion()I
06-05 15:52:54.664 13603 13624 D M_InsDal: Lcom/fsck/k9/mailstore/LockableDatabase;--->unlockWrite()V
06-05 15:52:54.664 13603 13624 D M_InsDal: Lcom/fsck/k9/mailstore/LockableDatabase;--->unlockWrite(Ljava/lang/String;)V
06-05 15:52:54.664 13603 13624 D M_InsDal: Lcom/fsck/k9/mailstore/LockableDatabase;--->getStorageManager()Lcom/fsck/k9/mailstore/StorageManager;
06-05 15:52:54.664 13603 13624 D M_InsDal: Lcom/fsck/k9/mailstore/StorageManager;--->getInstance(Landroid/content/Context;)Lcom/fsck/k9/mailstore/StorageManager;
06-05 15:52:54.664 13603 13624 D M_InsDal: Lcom/fsck/k9/mailstore/StorageManager;--->unlockProvider(Ljava/lang/String;)V
06-05 15:52:54.664 13603 13624 D M_InsDal: Lcom/fsck/k9/mailstore/StorageManager;--->getProvider(Ljava/lang/String;)Lcom/fsck/k9/mailstore/StorageManager$StorageProvider;
06-05 15:52:54.664 13603 13624 D M_InsDal: Lcom/fsck/k9/mailstore/LockableDatabase;--->unlockWrite()V
06-05 15:52:54.664 13603 13624 D M_InsDal: Lcom/fsck/k9/mailstore/LockableDatabase;--->unlockWrite(Ljava/lang/String;)V
06-05 15:52:54.664 13603 13624 D M_InsDal: Lcom/fsck/k9/mailstore/LockableDatabase;--->getStorageManager()Lcom/fsck/k9/mailstore/StorageManager;
06-05 15:52:54.664 13603 13624 D M_InsDal: Lcom/fsck/k9/mailstore/StorageManager;--->getInstance(Landroid/content/Context;)Lcom/fsck/k9/mailstore/StorageManager;
06-05 15:52:54.664 13603 13624 D M_InsDal: Lcom/fsck/k9/mailstore/StorageManager;--->unlockProvider(Ljava/lang/String;)V
06-05 15:52:54.664 13603 13624 D M_InsDal: Lcom/fsck/k9/mailstore/StorageManager;--->getProvider(Ljava/lang/String;)Lcom/fsck/k9/mailstore/StorageManager$StorageProvider;
06-05 15:52:54.664 13603 13603 D M_InsDal: Lcom/fsck/k9/view/ViewSwitcher;--->setSecondInAnimation(Landroid/view/animation/Animation;)V
06-05 15:52:54.664 13603 13624 D M_InsDal: Lcom/fsck/k9/mailstore/StorageManager;--->getInstance(Landroid/content/Context;)Lcom/fsck/k9/mailstore/StorageManager;
06-05 15:52:54.664 13603 13624 D M_InsDal: Lcom/fsck/k9/mailstore/StorageManager;--->addListener(Lcom/fsck/k9/mailstore/StorageManager$StorageListener;)V
06-05 15:52:54.664 13603 13624 D M_InsDal: Lcom/fsck/k9/mailstore/LocalStore;--->getPersonalNamespaces(Z)Ljava/util/List;
06-05 15:52:54.664 13603 13624 D M_InsDal: Lcom/fsck/k9/mailstore/LocalStore$6;---><init>(Lcom/fsck/k9/mailstore/LocalStore;Ljava/util/List;)V
06-05 15:52:54.664 13603 13624 D M_InsDal: Lcom/fsck/k9/mailstore/LockableDatabase;--->execute(ZLcom/fsck/k9/mailstore/LockableDatabase$DbCallback;)Ljava/lang/Object;
06-05 15:52:54.664 13603 13624 D M_InsDal: Lcom/fsck/k9/mailstore/LockableDatabase;--->lockRead()V
06-05 15:52:54.664 13603 13624 D M_InsDal: Lcom/fsck/k9/mailstore/LockableDatabase;--->getStorageManager()Lcom/fsck/k9/mailstore/StorageManager;
06-05 15:52:54.664 13603 13624 D M_InsDal: Lcom/fsck/k9/mailstore/StorageManager;--->getInstance(Landroid/content/Context;)Lcom/fsck/k9/mailstore/StorageManager;
06-05 15:52:54.664 13603 13624 D M_InsDal: Lcom/fsck/k9/mailstore/StorageManager;--->lockProvider(Ljava/lang/String;)V
06-05 15:52:54.664 13603 13624 D M_InsDal: Lcom/fsck/k9/mailstore/StorageManager;--->getProvider(Ljava/lang/String;)Lcom/fsck/k9/mailstore/StorageManager$StorageProvider;
06-05 15:52:54.664 13603 13603 D M_InsDal: Lcom/fsck/k9/view/ViewSwitcher;--->setSecondOutAnimation(Landroid/view/animation/Animation;)V
06-05 15:52:54.664 13603 13624 D M_InsDal: Lcom/fsck/k9/mailstore/StorageManager$InternalStorageProvider;--->isReady(Landroid/content/Context;)Z
06-05 15:52:54.664 13603 13603 D M_InsDal: Lcom/fsck/k9/view/ViewSwitcher;--->setOnSwitchCompleteListener(Lcom/fsck/k9/view/ViewSwitcher$OnSwitchCompleteListener;)V
06-05 15:52:54.664 13603 13624 D M_InsDal: Lcom/fsck/k9/K9;--->isDebug()Z
06-05 15:52:54.664 13603 13603 D M_InsDal: Lcom/fsck/k9/activity/MessageList;--->initializeActionBar()V
06-05 15:52:54.664 13603 13624 D M_InsDal: Lcom/fsck/k9/mailstore/LocalStore$6;--->doDbWork(Landroid/database/sqlite/SQLiteDatabase;)Ljava/util/List;
06-05 15:52:54.664 13603 13624 D M_InsDal: Lcom/fsck/k9/mailstore/LocalFolder;---><init>(Lcom/fsck/k9/mailstore/LocalStore;Ljava/lang/String;)V
06-05 15:52:54.664 13603 13624 D M_InsDal: Lcom/fsck/k9/mail/Folder;---><init>()V
06-05 15:52:54.664 13603 13624 D M_InsDal: Lcom/fsck/k9/mail/Folder$FolderClass;---><clinit>()V
06-05 15:52:54.664 13603 13624 D M_InsDal: Lcom/fsck/k9/mail/Folder$FolderClass;---><init>(Ljava/lang/String;I)V
06-05 15:52:54.665 13603 13624 D M_InsDal: Lcom/fsck/k9/mail/Folder$FolderClass;---><init>(Ljava/lang/String;I)V
06-05 15:52:54.665 13603 13624 D M_InsDal: Lcom/fsck/k9/mailstore/LocalFolder$MoreMessages;---><clinit>()V
06-05 15:52:54.665 13603 13624 D M_InsDal: Lcom/fsck/k9/mailstore/LocalFolder$MoreMessages;---><init>(Ljava/lang/String;ILjava/lang/String;)V
06-05 15:52:54.665 13603 13624 D M_InsDal: Lcom/fsck/k9/mailstore/LocalFolder$MoreMessages;---><init>(Ljava/lang/String;ILjava/lang/String;)V
06-05 15:52:54.665 13603 13624 D M_InsDal: Lcom/fsck/k9/mailstore/LocalStore;--->getAttachmentInfoExtractor()Lcom/fsck/k9/message/extractors/AttachmentInfoExtractor;
06-05 15:52:54.665 13603 13624 D M_InsDal: Lcom/fsck/k9/mailstore/LocalFolder;--->getAccount()Lcom/fsck/k9/Account;
06-05 15:52:54.665 13603 13624 D M_InsDal: Lcom/fsck/k9/mailstore/LocalStore;--->getAccount()Lcom/fsck/k9/Account;
06-05 15:52:54.665 13603 13624 D M_InsDal: Lcom/fsck/k9/Account;--->getInboxFolderName()Ljava/lang/String;
06-05 15:52:54.665 13603 13624 D M_InsDal: Lcom/fsck/k9/mailstore/LocalFolder;--->getName()Ljava/lang/String;
06-05 15:52:54.665 13603 13624 D M_InsDal: Lcom/fsck/k9/mailstore/LocalFolder;--->open(Landroid/database/Cursor;)V
06-05 15:52:54.665 13603 13624 D M_InsDal: Lcom/fsck/k9/mail/Folder;--->setStatus(Ljava/lang/String;)V
06-05 15:52:54.665 13603 13624 D M_InsDal: Lcom/fsck/k9/mail/Folder;--->setLastChecked(J)V
06-05 15:52:54.665 13603 13624 D M_InsDal: Lcom/fsck/k9/mail/Folder;--->setLastPush(J)V
06-05 15:52:54.665 13603 13624 D M_InsDal: Lcom/fsck/k9/mail/Folder$FolderClass;--->valueOf(Ljava/lang/String;)Lcom/fsck/k9/mail/Folder$FolderClass;
06-05 15:52:54.665 13603 13624 D M_InsDal: Lcom/fsck/k9/mail/Folder$FolderClass;--->values()[Lcom/fsck/k9/mail/Folder$FolderClass;
06-05 15:52:54.665 13603 13624 D M_InsDal: Lcom/fsck/k9/mail/Folder$FolderClass;--->valueOf(Ljava/lang/String;)Lcom/fsck/k9/mail/Folder$FolderClass;
06-05 15:52:54.665 13603 13624 D M_InsDal: Lcom/fsck/k9/mail/Folder$FolderClass;--->valueOf(Ljava/lang/String;)Lcom/fsck/k9/mail/Folder$FolderClass;
06-05 15:52:54.665 13603 13624 D M_InsDal: Lcom/fsck/k9/mailstore/LocalFolder$MoreMessages;--->fromDatabaseName(Ljava/lang/String;)Lcom/fsck/k9/mailstore/LocalFolder$MoreMessages;
06-05 15:52:54.665 13603 13624 D M_InsDal: Lcom/fsck/k9/mailstore/LocalFolder$MoreMessages;--->values()[Lcom/fsck/k9/mailstore/LocalFolder$MoreMessages;
06-05 15:52:54.665 13603 13624 D M_InsDal: Lcom/fsck/k9/mailstore/LocalFolder;---><init>(Lcom/fsck/k9/mailstore/LocalStore;Ljava/lang/String;)V
06-05 15:52:54.665 13603 13624 D M_InsDal: Lcom/fsck/k9/mail/Folder;---><init>()V
06-05 15:52:54.665 13603 13624 D M_InsDal: Lcom/fsck/k9/mailstore/LocalStore;--->getAttachmentInfoExtractor()Lcom/fsck/k9/message/extractors/AttachmentInfoExtractor;
06-05 15:52:54.665 13603 13624 D M_InsDal: Lcom/fsck/k9/mailstore/LocalFolder;--->getAccount()Lcom/fsck/k9/Account;
06-05 15:52:54.665 13603 13624 D M_InsDal: Lcom/fsck/k9/mailstore/LocalStore;--->getAccount()Lcom/fsck/k9/Account;
06-05 15:52:54.665 13603 13624 D M_InsDal: Lcom/fsck/k9/Account;--->getInboxFolderName()Ljava/lang/String;
06-05 15:52:54.665 13603 13624 D M_InsDal: Lcom/fsck/k9/mailstore/LocalFolder;--->getName()Ljava/lang/String;
06-05 15:52:54.665 13603 13624 D M_InsDal: Lcom/fsck/k9/mailstore/LocalFolder;--->open(Landroid/database/Cursor;)V
06-05 15:52:54.665 13603 13624 D M_InsDal: Lcom/fsck/k9/mail/Folder;--->setStatus(Ljava/lang/String;)V
06-05 15:52:54.665 13603 13624 D M_InsDal: Lcom/fsck/k9/mail/Folder;--->setLastChecked(J)V
06-05 15:52:54.665 13603 13624 D M_InsDal: Lcom/fsck/k9/mail/Folder;--->setLastPush(J)V
06-05 15:52:54.665 13603 13624 D M_InsDal: Lcom/fsck/k9/mail/Folder$FolderClass;--->valueOf(Ljava/lang/String;)Lcom/fsck/k9/mail/Folder$FolderClass;
06-05 15:52:54.665 13603 13624 D M_InsDal: Lcom/fsck/k9/mail/Folder$FolderClass;--->valueOf(Ljava/lang/String;)Lcom/fsck/k9/mail/Folder$FolderClass;
06-05 15:52:54.665 13603 13624 D M_InsDal: Lcom/fsck/k9/mailstore/LocalFolder$MoreMessages;--->fromDatabaseName(Ljava/lang/String;)Lcom/fsck/k9/mailstore/LocalFolder$MoreMessages;
06-05 15:52:54.665 13603 13624 D M_InsDal: Lcom/fsck/k9/mailstore/LocalFolder$MoreMessages;--->values()[Lcom/fsck/k9/mailstore/LocalFolder$MoreMessages;
06-05 15:52:54.665 13603 13624 D M_InsDal: Lcom/fsck/k9/mailstore/LocalFolder;---><init>(Lcom/fsck/k9/mailstore/LocalStore;Ljava/lang/String;)V
06-05 15:52:54.665 13603 13624 D M_InsDal: Lcom/fsck/k9/mail/Folder;---><init>()V
06-05 15:52:54.665 13603 13624 D M_InsDal: Lcom/fsck/k9/mailstore/LocalStore;--->getAttachmentInfoExtractor()Lcom/fsck/k9/message/extractors/AttachmentInfoExtractor;
06-05 15:52:54.665 13603 13624 D M_InsDal: Lcom/fsck/k9/mailstore/LocalFolder;--->getAccount()Lcom/fsck/k9/Account;
06-05 15:52:54.665 13603 13624 D M_InsDal: Lcom/fsck/k9/mailstore/LocalStore;--->getAccount()Lcom/fsck/k9/Account;
06-05 15:52:54.665 13603 13624 D M_InsDal: Lcom/fsck/k9/Account;--->getInboxFolderName()Ljava/lang/String;
06-05 15:52:54.665 13603 13624 D M_InsDal: Lcom/fsck/k9/mailstore/LocalFolder;--->getName()Ljava/lang/String;
06-05 15:52:54.665 13603 13624 D M_InsDal: Lcom/fsck/k9/mailstore/LocalFolder;--->open(Landroid/database/Cursor;)V
06-05 15:52:54.665 13603 13624 D M_InsDal: Lcom/fsck/k9/mail/Folder;--->setStatus(Ljava/lang/String;)V
06-05 15:52:54.665 13603 13624 D M_InsDal: Lcom/fsck/k9/mail/Folder;--->setLastChecked(J)V
06-05 15:52:54.665 13603 13624 D M_InsDal: Lcom/fsck/k9/mail/Folder;--->setLastPush(J)V
06-05 15:52:54.665 13603 13624 D M_InsDal: Lcom/fsck/k9/mail/Folder$FolderClass;--->valueOf(Ljava/lang/String;)Lcom/fsck/k9/mail/Folder$FolderClass;
06-05 15:52:54.665 13603 13624 D M_InsDal: Lcom/fsck/k9/mail/Folder$FolderClass;--->valueOf(Ljava/lang/String;)Lcom/fsck/k9/mail/Folder$FolderClass;
06-05 15:52:54.665 13603 13624 D M_InsDal: Lcom/fsck/k9/mailstore/LocalFolder$MoreMessages;--->fromDatabaseName(Ljava/lang/String;)Lcom/fsck/k9/mailstore/LocalFolder$MoreMessages;
06-05 15:52:54.665 13603 13624 D M_InsDal: Lcom/fsck/k9/mailstore/LocalFolder$MoreMessages;--->values()[Lcom/fsck/k9/mailstore/LocalFolder$MoreMessages;
06-05 15:52:54.665 13603 13624 D M_InsDal: Lcom/fsck/k9/mailstore/LocalFolder;---><init>(Lcom/fsck/k9/mailstore/LocalStore;Ljava/lang/String;)V
06-05 15:52:54.665 13603 13624 D M_InsDal: Lcom/fsck/k9/mail/Folder;---><init>()V
