06-05 15:52:54.682 13603 13603 D M_InsDal: Lcom/fsck/k9/search/SqlQueryBuilder;--->buildWhereClauseInternal(Lcom/fsck/k9/Account;Lcom/fsck/k9/search/ConditionsTreeNode;Ljava/lang/StringBuilder;Ljava/util/List;)V
06-05 15:52:54.682 13603 13603 D M_InsDal: Lcom/fsck/k9/search/SqlQueryBuilder$1;---><clinit>()V
06-05 15:52:54.682 13603 13603 D M_InsDal: Lcom/fsck/k9/search/SearchSpecification$Attribute;--->values()[Lcom/fsck/k9/search/SearchSpecification$Attribute;
06-05 15:52:54.682 13603 13603 D M_InsDal: Lcom/fsck/k9/search/SearchSpecification$SearchField;--->values()[Lcom/fsck/k9/search/SearchSpecification$SearchField;
06-05 15:52:54.682 13603 13603 D M_InsDal: Lcom/fsck/k9/Account$Searchable;--->values()[Lcom/fsck/k9/Account$Searchable;
06-05 15:52:54.682 13603 13603 D M_InsDal: Lcom/fsck/k9/search/SqlQueryBuilder;--->getFolderId(Lcom/fsck/k9/Account;Ljava/lang/String;)J
06-05 15:52:54.682 13603 13603 D M_InsDal: Lcom/fsck/k9/Account;--->getLocalStore()Lcom/fsck/k9/mailstore/LocalStore;
06-05 15:52:54.682 13603 13603 D M_InsDal: Lcom/fsck/k9/mailstore/LocalStore;--->getInstance(Lcom/fsck/k9/Account;Landroid/content/Context;)Lcom/fsck/k9/mailstore/LocalStore;
06-05 15:52:54.682 13603 13603 D M_InsDal: Lcom/fsck/k9/Account;--->getUuid()Ljava/lang/String;
06-05 15:52:54.682 13603 13603 D M_InsDal: Lcom/fsck/k9/mailstore/LocalStore;--->getFolder(Ljava/lang/String;)Lcom/fsck/k9/mailstore/LocalFolder;
06-05 15:52:54.682 13603 13603 D M_InsDal: Lcom/fsck/k9/mailstore/LocalFolder;---><init>(Lcom/fsck/k9/mailstore/LocalStore;Ljava/lang/String;)V
06-05 15:52:54.682 13603 13603 D M_InsDal: Lcom/fsck/k9/mail/Folder;---><init>()V
06-05 15:52:54.682 13603 13603 D M_InsDal: Lcom/fsck/k9/mailstore/LocalStore;--->getAttachmentInfoExtractor()Lcom/fsck/k9/message/extractors/AttachmentInfoExtractor;
06-05 15:52:54.682 13603 13603 D M_InsDal: Lcom/fsck/k9/mailstore/LocalFolder;--->getAccount()Lcom/fsck/k9/Account;
06-05 15:52:54.682 13603 13603 D M_InsDal: Lcom/fsck/k9/mailstore/LocalStore;--->getAccount()Lcom/fsck/k9/Account;
06-05 15:52:54.682 13603 13603 D M_InsDal: Lcom/fsck/k9/Account;--->getInboxFolderName()Ljava/lang/String;
06-05 15:52:54.682 13603 13603 D M_InsDal: Lcom/fsck/k9/mailstore/LocalFolder;--->getName()Ljava/lang/String;
06-05 15:52:54.682 13603 13603 D M_InsDal: Lcom/fsck/k9/mailstore/LocalFolder;--->open(I)V
06-05 15:52:54.682 13603 13603 D M_InsDal: Lcom/fsck/k9/mailstore/LocalFolder;--->isOpen()Z
06-05 15:52:54.682 13603 13603 D M_InsDal: Lcom/fsck/k9/mailstore/LocalFolder;--->isOpen()Z
06-05 15:52:54.682 13603 13603 D M_InsDal: Lcom/fsck/k9/mailstore/LocalStore;--->getDatabase()Lcom/fsck/k9/mailstore/LockableDatabase;
06-05 15:52:54.682 13603 13603 D M_InsDal: Lcom/fsck/k9/mailstore/LocalFolder$1;---><init>(Lcom/fsck/k9/mailstore/LocalFolder;I)V
06-05 15:52:54.682 13603 13603 D M_InsDal: Lcom/fsck/k9/mailstore/LockableDatabase;--->execute(ZLcom/fsck/k9/mailstore/LockableDatabase$DbCallback;)Ljava/lang/Object;
06-05 15:52:54.682 13603 13603 D M_InsDal: Lcom/fsck/k9/mailstore/LockableDatabase;--->lockRead()V
06-05 15:52:54.682 13603 13603 D M_InsDal: Lcom/fsck/k9/mailstore/LockableDatabase;--->getStorageManager()Lcom/fsck/k9/mailstore/StorageManager;
06-05 15:52:54.682 13603 13603 D M_InsDal: Lcom/fsck/k9/mailstore/StorageManager;--->getInstance(Landroid/content/Context;)Lcom/fsck/k9/mailstore/StorageManager;
06-05 15:52:54.682 13603 13603 D M_InsDal: Lcom/fsck/k9/mailstore/StorageManager;--->lockProvider(Ljava/lang/String;)V
06-05 15:52:54.682 13603 13603 D M_InsDal: Lcom/fsck/k9/mailstore/StorageManager;--->getProvider(Ljava/lang/String;)Lcom/fsck/k9/mailstore/StorageManager$StorageProvider;
06-05 15:52:54.682 13603 13603 D M_InsDal: Lcom/fsck/k9/mailstore/StorageManager$InternalStorageProvider;--->isReady(Landroid/content/Context;)Z
06-05 15:52:54.682 13603 13603 D M_InsDal: Lcom/fsck/k9/K9;--->isDebug()Z
06-05 15:52:54.682 13603 13603 D M_InsDal: Lcom/fsck/k9/mailstore/LocalFolder$1;--->doDbWork(Landroid/database/sqlite/SQLiteDatabase;)Ljava/lang/Void;
06-05 15:52:54.682 13603 13603 D M_InsDal: Lcom/fsck/k9/mailstore/LocalFolder;--->open(Landroid/database/Cursor;)V
06-05 15:52:54.682 13603 13603 D M_InsDal: Lcom/fsck/k9/mail/Folder;--->setStatus(Ljava/lang/String;)V
06-05 15:52:54.682 13603 13603 D M_InsDal: Lcom/fsck/k9/mail/Folder;--->setLastChecked(J)V
06-05 15:52:54.682 13603 13603 D M_InsDal: Lcom/fsck/k9/mail/Folder;--->setLastPush(J)V
06-05 15:52:54.682 13603 13603 D M_InsDal: Lcom/fsck/k9/mail/Folder$FolderClass;--->valueOf(Ljava/lang/String;)Lcom/fsck/k9/mail/Folder$FolderClass;
06-05 15:52:54.682 13603 13603 D M_InsDal: Lcom/fsck/k9/mail/Folder$FolderClass;--->valueOf(Ljava/lang/String;)Lcom/fsck/k9/mail/Folder$FolderClass;
06-05 15:52:54.682 13603 13603 D M_InsDal: Lcom/fsck/k9/mailstore/LocalFolder$MoreMessages;--->fromDatabaseName(Ljava/lang/String;)Lcom/fsck/k9/mailstore/LocalFolder$MoreMessages;
06-05 15:52:54.682 13603 13603 D M_InsDal: Lcom/fsck/k9/mailstore/LocalFolder$MoreMessages;--->values()[Lcom/fsck/k9/mailstore/LocalFolder$MoreMessages;
06-05 15:52:54.682 13603 13603 D M_InsDal: Lcom/fsck/k9/helper/Utility;--->closeQuietly(Landroid/database/Cursor;)V
06-05 15:52:54.682 13603 13603 D M_InsDal: Lcom/fsck/k9/mailstore/LockableDatabase;--->unlockRead()V
06-05 15:52:54.682 13603 13603 D M_InsDal: Lcom/fsck/k9/mailstore/LockableDatabase;--->getStorageManager()Lcom/fsck/k9/mailstore/StorageManager;
06-05 15:52:54.682 13603 13603 D M_InsDal: Lcom/fsck/k9/mailstore/StorageManager;--->getInstance(Landroid/content/Context;)Lcom/fsck/k9/mailstore/StorageManager;
06-05 15:52:54.682 13603 13603 D M_InsDal: Lcom/fsck/k9/mailstore/StorageManager;--->unlockProvider(Ljava/lang/String;)V
06-05 15:52:54.682 13603 13603 D M_InsDal: Lcom/fsck/k9/mailstore/StorageManager;--->getProvider(Ljava/lang/String;)Lcom/fsck/k9/mailstore/StorageManager$StorageProvider;
06-05 15:52:54.682 13603 13603 D M_InsDal: Lcom/fsck/k9/mailstore/LocalFolder;--->getDatabaseId()J
06-05 15:52:54.682 13603 13603 D M_InsDal: Lcom/fsck/k9/fragment/MessageListFragment;--->buildSortOrder()Ljava/lang/String;
06-05 15:52:54.682 13603 13603 D M_InsDal: Lcom/fsck/k9/fragment/MessageListFragment$4;---><clinit>()V
06-05 15:52:54.682 13603 13603 D M_InsDal: Lcom/fsck/k9/Account$SortType;--->values()[Lcom/fsck/k9/Account$SortType;
06-05 15:52:54.683 13603 13632 D M_InsDal: Lcom/fsck/k9/provider/EmailProvider;--->query(Landroid/net/Uri;[Ljava/lang/String;Ljava/lang/String;[Ljava/lang/String;Ljava/lang/String;)Landroid/database/Cursor;
06-05 15:52:54.684 13603 13632 D M_InsDal: Lcom/fsck/k9/provider/EmailProvider;--->getThreadedMessages(Ljava/lang/String;[Ljava/lang/String;Ljava/lang/String;[Ljava/lang/String;Ljava/lang/String;)Landroid/database/Cursor;
06-05 15:52:54.684 13603 13632 D M_InsDal: Lcom/fsck/k9/provider/EmailProvider;--->getAccount(Ljava/lang/String;)Lcom/fsck/k9/Account;
06-05 15:52:54.684 13603 13632 D M_InsDal: Lcom/fsck/k9/Preferences;--->getPreferences(Landroid/content/Context;)Lcom/fsck/k9/Preferences;
06-05 15:52:54.684 13603 13632 D M_InsDal: Lcom/fsck/k9/Preferences;--->getAccount(Ljava/lang/String;)Lcom/fsck/k9/Account;
06-05 15:52:54.684 13603 13632 D M_InsDal: Lcom/fsck/k9/provider/EmailProvider;--->getDatabase(Lcom/fsck/k9/Account;)Lcom/fsck/k9/mailstore/LockableDatabase;
06-05 15:52:54.684 13603 13632 D M_InsDal: Lcom/fsck/k9/Account;--->getLocalStore()Lcom/fsck/k9/mailstore/LocalStore;
06-05 15:52:54.684 13603 13632 D M_InsDal: Lcom/fsck/k9/mailstore/LocalStore;--->getInstance(Lcom/fsck/k9/Account;Landroid/content/Context;)Lcom/fsck/k9/mailstore/LocalStore;
06-05 15:52:54.684 13603 13632 D M_InsDal: Lcom/fsck/k9/Account;--->getUuid()Ljava/lang/String;
06-05 15:52:54.684 13603 13632 D M_InsDal: Lcom/fsck/k9/mailstore/LocalStore;--->getDatabase()Lcom/fsck/k9/mailstore/LockableDatabase;
06-05 15:52:54.684 13603 13603 D M_InsDal: Lcom/fsck/k9/activity/MessageList;--->onResume()V
06-05 15:52:54.684 13603 13632 D M_InsDal: Lcom/fsck/k9/provider/EmailProvider$2;---><init>(Lcom/fsck/k9/provider/EmailProvider;[Ljava/lang/String;Ljava/lang/String;Ljava/lang/String;[Ljava/lang/String;)V
06-05 15:52:54.684 13603 13632 D M_InsDal: Lcom/fsck/k9/mailstore/LockableDatabase;--->execute(ZLcom/fsck/k9/mailstore/LockableDatabase$DbCallback;)Ljava/lang/Object;
06-05 15:52:54.684 13603 13632 D M_InsDal: Lcom/fsck/k9/mailstore/LockableDatabase;--->lockRead()V
06-05 15:52:54.684 13603 13632 D M_InsDal: Lcom/fsck/k9/mailstore/LockableDatabase;--->getStorageManager()Lcom/fsck/k9/mailstore/StorageManager;
06-05 15:52:54.684 13603 13632 D M_InsDal: Lcom/fsck/k9/mailstore/StorageManager;--->getInstance(Landroid/content/Context;)Lcom/fsck/k9/mailstore/StorageManager;
06-05 15:52:54.684 13603 13632 D M_InsDal: Lcom/fsck/k9/mailstore/StorageManager;--->lockProvider(Ljava/lang/String;)V
06-05 15:52:54.684 13603 13632 D M_InsDal: Lcom/fsck/k9/mailstore/StorageManager;--->getProvider(Ljava/lang/String;)Lcom/fsck/k9/mailstore/StorageManager$StorageProvider;
06-05 15:52:54.684 13603 13632 D M_InsDal: Lcom/fsck/k9/mailstore/StorageManager$InternalStorageProvider;--->isReady(Landroid/content/Context;)Z
06-05 15:52:54.684 13603 13632 D M_InsDal: Lcom/fsck/k9/K9;--->isDebug()Z
06-05 15:52:54.684 13603 13632 D M_InsDal: Lcom/fsck/k9/provider/EmailProvider$2;--->doDbWork(Landroid/database/sqlite/SQLiteDatabase;)Landroid/database/Cursor;
06-05 15:52:54.684 13603 13632 D M_InsDal: Lcom/fsck/k9/provider/EmailProvider;--->createThreadedSubQuery([Ljava/lang/String;Ljava/lang/String;Ljava/lang/StringBuilder;)V
06-05 15:52:54.684 13603 13632 D M_InsDal: Lcom/fsck/k9/helper/Utility;--->arrayContainsAny([Ljava/lang/Object;[Ljava/lang/Object;)Z
06-05 15:52:54.684 13603 13632 D M_InsDal: Lcom/fsck/k9/helper/Utility;--->arrayContains([Ljava/lang/Object;Ljava/lang/Object;)Z
06-05 15:52:54.684 13603 13632 D M_InsDal: Lcom/fsck/k9/helper/Utility;--->arrayContainsAny([Ljava/lang/Object;[Ljava/lang/Object;)Z
06-05 15:52:54.684 13603 13632 D M_InsDal: Lcom/fsck/k9/helper/Utility;--->arrayContains([Ljava/lang/Object;Ljava/lang/Object;)Z
06-05 15:52:54.684 13603 13632 D M_InsDal: Lcom/fsck/k9/search/SqlQueryBuilder;--->addPrefixToSelection([Ljava/lang/String;Ljava/lang/String;Ljava/lang/String;)Ljava/lang/String;
06-05 15:52:54.684 13603 13603 D M_InsDal: Lcom/fsck/k9/activity/Search;---><clinit>()V
06-05 15:52:54.684 13603 13603 D M_InsDal: Lcom/fsck/k9/activity/Search;--->setActive(Z)V
06-05 15:52:54.684 13603 13603 D M_InsDal: Lcom/fsck/k9/Account;--->isAvailable(Landroid/content/Context;)Z
06-05 15:52:54.684 13603 13603 D M_InsDal: Lcom/fsck/k9/Account;--->getLocalStorageProviderId()Ljava/lang/String;
06-05 15:52:54.684 13603 13603 D M_InsDal: Lcom/fsck/k9/mailstore/StorageManager;--->getInstance(Landroid/content/Context;)Lcom/fsck/k9/mailstore/StorageManager;
06-05 15:52:54.684 13603 13603 D M_InsDal: Lcom/fsck/k9/mailstore/StorageManager;--->isReady(Ljava/lang/String;)Z
06-05 15:52:54.684 13603 13603 D M_InsDal: Lcom/fsck/k9/mailstore/StorageManager;--->getProvider(Ljava/lang/String;)Lcom/fsck/k9/mailstore/StorageManager$StorageProvider;
06-05 15:52:54.684 13603 13603 D M_InsDal: Lcom/fsck/k9/mailstore/StorageManager$InternalStorageProvider;--->isReady(Landroid/content/Context;)Z
06-05 15:52:54.684 13603 13603 D M_InsDal: Lcom/fsck/k9/mailstore/StorageManager;--->getInstance(Landroid/content/Context;)Lcom/fsck/k9/mailstore/StorageManager;
06-05 15:52:54.684 13603 13603 D M_InsDal: Lcom/fsck/k9/mailstore/StorageManager;--->addListener(Lcom/fsck/k9/mailstore/StorageManager$StorageListener;)V
06-05 15:52:54.684 13603 13603 D M_InsDal: Lcom/fsck/k9/fragment/MessageListFragment;--->onResume()V
06-05 15:52:54.684 13603 13603 D M_InsDal: Lcom/fsck/k9/K9;--->messageListSenderAboveSubject()Z
06-05 15:52:54.684 13603 13603 D M_InsDal: Lcom/fsck/k9/helper/Utility;--->hasConnectivity(Landroid/content/Context;)Z
06-05 15:52:54.684 13603 13632 D M_InsDal: Lcom/fsck/k9/mailstore/LockableDatabase;--->unlockRead()V
06-05 15:52:54.684 13603 13632 D M_InsDal: Lcom/fsck/k9/mailstore/LockableDatabase;--->getStorageManager()Lcom/fsck/k9/mailstore/StorageManager;
06-05 15:52:54.684 13603 13632 D M_InsDal: Lcom/fsck/k9/mailstore/StorageManager;--->getInstance(Landroid/content/Context;)Lcom/fsck/k9/mailstore/StorageManager;
06-05 15:52:54.684 13603 13632 D M_InsDal: Lcom/fsck/k9/mailstore/StorageManager;--->unlockProvider(Ljava/lang/String;)V
06-05 15:52:54.684 13603 13632 D M_InsDal: Lcom/fsck/k9/mailstore/StorageManager;--->getProvider(Ljava/lang/String;)Lcom/fsck/k9/mailstore/StorageManager$StorageProvider;
06-05 15:52:54.688 13603 13632 D M_InsDal: Lcom/fsck/k9/provider/EmailProvider$IdTrickeryCursor;---><init>(Landroid/database/Cursor;)V
06-05 15:52:54.688 13603 13632 D M_InsDal: Lcom/fsck/k9/provider/EmailProvider$SpecialColumnsCursor;---><init>(Landroid/database/Cursor;[Ljava/lang/String;Ljava/util/Map;)V
06-05 15:52:54.688 13603 13632 D M_InsDal: Lcom/fsck/k9/cache/EmailProviderCacheCursor;---><init>(Ljava/lang/String;Landroid/database/Cursor;Landroid/content/Context;)V
06-05 15:52:54.688 13603 13632 D M_InsDal: Lcom/fsck/k9/cache/EmailProviderCache;---><clinit>()V
06-05 15:52:54.688 13603 13632 D M_InsDal: Lcom/fsck/k9/cache/EmailProviderCache;--->getCache(Ljava/lang/String;Landroid/content/Context;)Lcom/fsck/k9/cache/EmailProviderCache;
06-05 15:52:54.688 13603 13632 D M_InsDal: Lcom/fsck/k9/cache/EmailProviderCache;---><init>(Ljava/lang/String;)V
06-05 15:52:54.688 13603 13632 D M_InsDal: Lcom/fsck/k9/provider/EmailProvider$SpecialColumnsCursor;--->getColumnIndex(Ljava/lang/String;)I
06-05 15:52:54.688 13603 13632 D M_InsDal: Lcom/fsck/k9/provider/EmailProvider$SpecialColumnsCursor;--->getColumnIndex(Ljava/lang/String;)I
06-05 15:52:54.688 13603 13603 D M_InsDal: Lcom/fsck/k9/activity/ActivityListener;--->onResume(Landroid/content/Context;)V
06-05 15:52:54.689 13603 13632 D M_InsDal: Lcom/fsck/k9/provider/EmailProvider$SpecialColumnsCursor;--->getLong(I)J
06-05 15:52:54.689 13603 13632 D M_InsDal: Lcom/fsck/k9/provider/EmailProvider$SpecialColumnsCursor;--->getLong(I)J
06-05 15:52:54.689 13603 13632 D M_InsDal: Lcom/fsck/k9/cache/EmailProviderCache;--->isMessageHidden(Ljava/lang/Long;J)Z
06-05 15:52:54.689 13603 13603 D M_InsDal: Lcom/fsck/k9/controller/MessagingController;--->addListener(Lcom/fsck/k9/controller/MessagingListener;)V
06-05 15:52:54.689 13603 13632 D M_InsDal: Lcom/fsck/k9/provider/EmailProvider$SpecialColumnsCursor;--->getLong(I)J
06-05 15:52:54.689 13603 13632 D M_InsDal: Lcom/fsck/k9/provider/EmailProvider$SpecialColumnsCursor;--->getLong(I)J
06-05 15:52:54.689 13603 13632 D M_InsDal: Lcom/fsck/k9/cache/EmailProviderCache;--->isMessageHidden(Ljava/lang/Long;J)Z
06-05 15:52:54.689 13603 13632 D M_InsDal: Lcom/fsck/k9/provider/EmailProvider$SpecialColumnsCursor;--->getLong(I)J
06-05 15:52:54.689 13603 13632 D M_InsDal: Lcom/fsck/k9/provider/EmailProvider$SpecialColumnsCursor;--->getLong(I)J
06-05 15:52:54.689 13603 13603 D M_InsDal: Lcom/fsck/k9/controller/MessagingController;--->refreshListener(Lcom/fsck/k9/controller/MessagingListener;)V
06-05 15:52:54.689 13603 13632 D M_InsDal: Lcom/fsck/k9/cache/EmailProviderCache;--->isMessageHidden(Ljava/lang/Long;J)Z
06-05 15:52:54.689 13603 13603 D M_InsDal: Lcom/fsck/k9/controller/MemorizingMessagingListener;--->refreshOther(Lcom/fsck/k9/controller/MessagingListener;)V
06-05 15:52:54.689 13603 13632 D M_InsDal: Lcom/fsck/k9/provider/EmailProvider$SpecialColumnsCursor;--->getLong(I)J
06-05 15:52:54.689 13603 13632 D M_InsDal: Lcom/fsck/k9/provider/EmailProvider$SpecialColumnsCursor;--->getLong(I)J
06-05 15:52:54.689 13603 13632 D M_InsDal: Lcom/fsck/k9/cache/EmailProviderCache;--->isMessageHidden(Ljava/lang/Long;J)Z
06-05 15:52:54.689 13603 13632 D M_InsDal: Lcom/fsck/k9/provider/EmailProvider$SpecialColumnsCursor;--->getLong(I)J
06-05 15:52:54.689 13603 13632 D M_InsDal: Lcom/fsck/k9/provider/EmailProvider$SpecialColumnsCursor;--->getLong(I)J
06-05 15:52:54.689 13603 13632 D M_InsDal: Lcom/fsck/k9/cache/EmailProviderCache;--->isMessageHidden(Ljava/lang/Long;J)Z
06-05 15:52:54.689 13603 13632 D M_InsDal: Lcom/fsck/k9/provider/EmailProvider$SpecialColumnsCursor;--->getLong(I)J
06-05 15:52:54.689 13603 13632 D M_InsDal: Lcom/fsck/k9/provider/EmailProvider$SpecialColumnsCursor;--->getLong(I)J
06-05 15:52:54.689 13603 13632 D M_InsDal: Lcom/fsck/k9/cache/EmailProviderCache;--->isMessageHidden(Ljava/lang/Long;J)Z
06-05 15:52:54.689 13603 13632 D M_InsDal: Lcom/fsck/k9/provider/EmailProvider$SpecialColumnsCursor;--->getLong(I)J
06-05 15:52:54.689 13603 13632 D M_InsDal: Lcom/fsck/k9/provider/EmailProvider$SpecialColumnsCursor;--->getLong(I)J
06-05 15:52:54.689 13603 13632 D M_InsDal: Lcom/fsck/k9/cache/EmailProviderCache;--->isMessageHidden(Ljava/lang/Long;J)Z
06-05 15:52:54.689 13603 13603 D M_InsDal: Lcom/fsck/k9/controller/MessagingController;--->cancelNotificationsForAccount(Lcom/fsck/k9/Account;)V
06-05 15:52:54.689 13603 13632 D M_InsDal: Lcom/fsck/k9/provider/EmailProvider$SpecialColumnsCursor;--->getLong(I)J
06-05 15:52:54.689 13603 13632 D M_InsDal: Lcom/fsck/k9/provider/EmailProvider$SpecialColumnsCursor;--->getLong(I)J
06-05 15:52:54.689 13603 13632 D M_InsDal: Lcom/fsck/k9/cache/EmailProviderCache;--->isMessageHidden(Ljava/lang/Long;J)Z
06-05 15:52:54.689 13603 13603 D M_InsDal: Lcom/fsck/k9/notification/NotificationController;--->clearNewMailNotifications(Lcom/fsck/k9/Account;)V
06-05 15:52:54.689 13603 13632 D M_InsDal: Lcom/fsck/k9/provider/EmailProvider$SpecialColumnsCursor;--->getLong(I)J
06-05 15:52:54.689 13603 13632 D M_InsDal: Lcom/fsck/k9/provider/EmailProvider$SpecialColumnsCursor;--->getLong(I)J
06-05 15:52:54.689 13603 13603 D M_InsDal: Lcom/fsck/k9/notification/NewMailNotifications;--->clearNewMailNotifications(Lcom/fsck/k9/Account;)V
06-05 15:52:54.689 13603 13632 D M_InsDal: Lcom/fsck/k9/cache/EmailProviderCache;--->isMessageHidden(Ljava/lang/Long;J)Z
06-05 15:52:54.689 13603 13632 D M_InsDal: Lcom/fsck/k9/provider/EmailProvider$SpecialColumnsCursor;--->getLong(I)J
06-05 15:52:54.689 13603 13603 D M_InsDal: Lcom/fsck/k9/notification/NewMailNotifications;--->removeNotificationData(Lcom/fsck/k9/Account;)Lcom/fsck/k9/notification/NotificationData;
06-05 15:52:54.689 13603 13632 D M_InsDal: Lcom/fsck/k9/provider/EmailProvider$SpecialColumnsCursor;--->getLong(I)J
06-05 15:52:54.689 13603 13632 D M_InsDal: Lcom/fsck/k9/cache/EmailProviderCache;--->isMessageHidden(Ljava/lang/Long;J)Z
06-05 15:52:54.689 13603 13603 D M_InsDal: Lcom/fsck/k9/Account;--->getAccountNumber()I
06-05 15:52:54.689 13603 13632 D M_InsDal: Lcom/fsck/k9/provider/EmailProvider$SpecialColumnsCursor;--->getLong(I)J
06-05 15:52:54.689 13603 13632 D M_InsDal: Lcom/fsck/k9/provider/EmailProvider$SpecialColumnsCursor;--->getLong(I)J
06-05 15:52:54.689 13603 13632 D M_InsDal: Lcom/fsck/k9/cache/EmailProviderCache;--->isMessageHidden(Ljava/lang/Long;J)Z
06-05 15:52:54.689 13603 13632 D M_InsDal: Lcom/fsck/k9/provider/EmailProvider$SpecialColumnsCursor;--->getLong(I)J
06-05 15:52:54.689 13603 13632 D M_InsDal: Lcom/fsck/k9/provider/EmailProvider$SpecialColumnsCursor;--->getLong(I)J
06-05 15:52:54.689 13603 13632 D M_InsDal: Lcom/fsck/k9/cache/EmailProviderCache;--->isMessageHidden(Ljava/lang/Long;J)Z
06-05 15:52:54.689 13603 13632 D M_InsDal: Lcom/fsck/k9/provider/EmailProvider$SpecialColumnsCursor;--->getLong(I)J
06-05 15:52:54.689 13603 13632 D M_InsDal: Lcom/fsck/k9/provider/EmailProvider$SpecialColumnsCursor;--->getLong(I)J
06-05 15:52:54.689 13603 13632 D M_InsDal: Lcom/fsck/k9/cache/EmailProviderCache;--->isMessageHidden(Ljava/lang/Long;J)Z
06-05 15:52:54.689 13603 13632 D M_InsDal: Lcom/fsck/k9/provider/EmailProvider$SpecialColumnsCursor;--->getLong(I)J
06-05 15:52:54.689 13603 13632 D M_InsDal: Lcom/fsck/k9/provider/EmailProvider$SpecialColumnsCursor;--->getLong(I)J
06-05 15:52:54.689 13603 13632 D M_InsDal: Lcom/fsck/k9/cache/EmailProviderCache;--->isMessageHidden(Ljava/lang/Long;J)Z
06-05 15:52:54.689 13603 13632 D M_InsDal: Lcom/fsck/k9/provider/EmailProvider$SpecialColumnsCursor;--->getLong(I)J
06-05 15:52:54.689 13603 13632 D M_InsDal: Lcom/fsck/k9/provider/EmailProvider$SpecialColumnsCursor;--->getLong(I)J
06-05 15:52:54.689 13603 13632 D M_InsDal: Lcom/fsck/k9/cache/EmailProviderCache;--->isMessageHidden(Ljava/lang/Long;J)Z
06-05 15:52:54.689 13603 13632 D M_InsDal: Lcom/fsck/k9/provider/EmailProvider$SpecialColumnsCursor;--->getLong(I)J
06-05 15:52:54.689 13603 13632 D M_InsDal: Lcom/fsck/k9/provider/EmailProvider$SpecialColumnsCursor;--->getLong(I)J
06-05 15:52:54.689 13603 13632 D M_InsDal: Lcom/fsck/k9/cache/EmailProviderCache;--->isMessageHidden(Ljava/lang/Long;J)Z
06-05 15:52:54.689 13603 13632 D M_InsDal: Lcom/fsck/k9/provider/EmailProvider$SpecialColumnsCursor;--->getLong(I)J
06-05 15:52:54.689 13603 13603 D M_InsDal: Lcom/fsck/k9/search/LocalSearch;--->isManualSearch()Z
06-05 15:52:54.689 13603 13632 D M_InsDal: Lcom/fsck/k9/provider/EmailProvider$SpecialColumnsCursor;--->getLong(I)J
06-05 15:52:54.689 13603 13632 D M_InsDal: Lcom/fsck/k9/cache/EmailProviderCache;--->isMessageHidden(Ljava/lang/Long;J)Z
06-05 15:52:54.689 13603 13603 D M_InsDal: Lcom/fsck/k9/controller/MessagingController;--->getFolderUnreadMessageCount(Lcom/fsck/k9/Account;Ljava/lang/String;Lcom/fsck/k9/controller/MessagingListener;)V
06-05 15:52:54.689 13603 13632 D M_InsDal: Lcom/fsck/k9/provider/EmailProvider$SpecialColumnsCursor;--->getLong(I)J
06-05 15:52:54.689 13603 13632 D M_InsDal: Lcom/fsck/k9/provider/EmailProvider$SpecialColumnsCursor;--->getLong(I)J
06-05 15:52:54.689 13603 13632 D M_InsDal: Lcom/fsck/k9/cache/EmailProviderCache;--->isMessageHidden(Ljava/lang/Long;J)Z
06-05 15:52:54.689 13603 13632 D M_InsDal: Lcom/fsck/k9/provider/EmailProvider$SpecialColumnsCursor;--->getLong(I)J
06-05 15:52:54.689 13603 13632 D M_InsDal: Lcom/fsck/k9/provider/EmailProvider$SpecialColumnsCursor;--->getLong(I)J
06-05 15:52:54.689 13603 13632 D M_InsDal: Lcom/fsck/k9/cache/EmailProviderCache;--->isMessageHidden(Ljava/lang/Long;J)Z
06-05 15:52:54.689 13603 13632 D M_InsDal: Lcom/fsck/k9/provider/EmailProvider$SpecialColumnsCursor;--->getLong(I)J
06-05 15:52:54.689 13603 13632 D M_InsDal: Lcom/fsck/k9/provider/EmailProvider$SpecialColumnsCursor;--->getLong(I)J
06-05 15:52:54.689 13603 13603 D M_InsDal: Lcom/fsck/k9/controller/MessagingController$24;---><init>(Lcom/fsck/k9/controller/MessagingController;Lcom/fsck/k9/Account;Ljava/lang/String;Lcom/fsck/k9/controller/MessagingListener;)V
06-05 15:52:54.689 13603 13632 D M_InsDal: Lcom/fsck/k9/cache/EmailProviderCache;--->isMessageHidden(Ljava/lang/Long;J)Z
06-05 15:52:54.689 13603 13632 D M_InsDal: Lcom/fsck/k9/provider/EmailProvider$SpecialColumnsCursor;--->getLong(I)J
06-05 15:52:54.689 13603 13632 D M_InsDal: Lcom/fsck/k9/provider/EmailProvider$SpecialColumnsCursor;--->getLong(I)J
06-05 15:52:54.689 13603 13603 D M_InsDal: Lcom/fsck/k9/Account;--->getDescription()Ljava/lang/String;
06-05 15:52:54.689 13603 13632 D M_InsDal: Lcom/fsck/k9/cache/EmailProviderCache;--->isMessageHidden(Ljava/lang/Long;J)Z
06-05 15:52:54.689 13603 13632 D M_InsDal: Lcom/fsck/k9/provider/EmailProvider$SpecialColumnsCursor;--->getLong(I)J
06-05 15:52:54.689 13603 13632 D M_InsDal: Lcom/fsck/k9/provider/EmailProvider$SpecialColumnsCursor;--->getLong(I)J
06-05 15:52:54.689 13603 13632 D M_InsDal: Lcom/fsck/k9/cache/EmailProviderCache;--->isMessageHidden(Ljava/lang/Long;J)Z
06-05 15:52:54.689 13603 13603 D M_InsDal: Lcom/fsck/k9/controller/MessagingController;--->put(Ljava/lang/String;Lcom/fsck/k9/controller/MessagingListener;Ljava/lang/Runnable;)V
06-05 15:52:54.689 13603 13632 D M_InsDal: Lcom/fsck/k9/provider/EmailProvider$SpecialColumnsCursor;--->getLong(I)J
06-05 15:52:54.689 13603 13603 D M_InsDal: Lcom/fsck/k9/controller/MessagingController;--->putCommand(Ljava/util/concurrent/BlockingQueue;Ljava/lang/String;Lcom/fsck/k9/controller/MessagingListener;Ljava/lang/Runnable;Z)V
06-05 15:52:54.689 13603 13632 D M_InsDal: Lcom/fsck/k9/provider/EmailProvider$SpecialColumnsCursor;--->getLong(I)J
06-05 15:52:54.689 13603 13632 D M_InsDal: Lcom/fsck/k9/cache/EmailProviderCache;--->isMessageHidden(Ljava/lang/Long;J)Z
06-05 15:52:54.689 13603 13632 D M_InsDal: Lcom/fsck/k9/provider/EmailProvider$SpecialColumnsCursor;--->getLong(I)J
06-05 15:52:54.689 13603 13632 D M_InsDal: Lcom/fsck/k9/provider/EmailProvider$SpecialColumnsCursor;--->getLong(I)J
06-05 15:52:54.689 13603 13632 D M_InsDal: Lcom/fsck/k9/cache/EmailProviderCache;--->isMessageHidden(Ljava/lang/Long;J)Z
06-05 15:52:54.689 13603 13632 D M_InsDal: Lcom/fsck/k9/provider/EmailProvider$SpecialColumnsCursor;--->getLong(I)J
06-05 15:52:54.689 13603 13632 D M_InsDal: Lcom/fsck/k9/provider/EmailProvider$SpecialColumnsCursor;--->getLong(I)J
06-05 15:52:54.689 13603 13632 D M_InsDal: Lcom/fsck/k9/cache/EmailProviderCache;--->isMessageHidden(Ljava/lang/Long;J)Z
06-05 15:52:54.689 13603 13603 D M_InsDal: Lcom/fsck/k9/controller/MessagingController$Command;---><init>()V
06-05 15:52:54.689 13603 13632 D M_InsDal: Lcom/fsck/k9/cache/EmailProviderCacheCursor;--->getCount()I
06-05 15:52:54.689 13603 13632 D M_InsDal: Lcom/fsck/k9/cache/EmailProviderCacheCursor;--->getCount()I
06-05 15:52:54.689 13603 13603 D M_InsDal: Lcom/fsck/k9/fragment/MessageListFragment;--->updateTitle()V
06-05 15:52:54.689 13603 13603 D M_InsDal: Lcom/fsck/k9/fragment/MessageListFragment;--->setWindowTitle()V
06-05 15:52:54.689 13603 13603 D M_InsDal: Lcom/fsck/k9/fragment/MessageListFragment;--->isManualSearch()Z
06-05 15:52:54.689 13603 13603 D M_InsDal: Lcom/fsck/k9/search/LocalSearch;--->isManualSearch()Z
06-05 15:52:54.689 13603 13603 D M_InsDal: Lcom/fsck/k9/activity/FolderInfoHolder;--->getDisplayName(Landroid/content/Context;Lcom/fsck/k9/Account;Ljava/lang/String;)Ljava/lang/String;
06-05 15:52:54.689 13603 13603 D M_InsDal: Lcom/fsck/k9/Account;--->getSpamFolderName()Ljava/lang/String;
06-05 15:52:54.689 13603 13603 D M_InsDal: Lcom/fsck/k9/Account;--->getArchiveFolderName()Ljava/lang/String;
06-05 15:52:54.689 13603 13603 D M_InsDal: Lcom/fsck/k9/Account;--->getSentFolderName()Ljava/lang/String;
06-05 15:52:54.689 13603 13603 D M_InsDal: Lcom/fsck/k9/Account;--->getTrashFolderName()Ljava/lang/String;
06-05 15:52:54.689 13603 13603 D M_InsDal: Lcom/fsck/k9/Account;--->getDraftsFolderName()Ljava/lang/String;
06-05 15:52:54.689 13603 13603 D M_InsDal: Lcom/fsck/k9/Account;--->getOutboxFolderName()Ljava/lang/String;
06-05 15:52:54.689 13603 13603 D M_InsDal: Lcom/fsck/k9/Account;--->getInboxFolderName()Ljava/lang/String;
06-05 15:52:54.689 13603 13622 D M_InsDal: Lcom/fsck/k9/controller/MessagingController$24;--->run()V
06-05 15:52:54.689 13603 13622 D M_InsDal: Lcom/fsck/k9/Account;--->getLocalStore()Lcom/fsck/k9/mailstore/LocalStore;
06-05 15:52:54.689 13603 13603 D M_InsDal: Lcom/fsck/k9/activity/MessageList;--->setMessageListTitle(Ljava/lang/String;)V
06-05 15:52:54.689 13603 13603 D M_InsDal: Lcom/fsck/k9/activity/MessageList;--->setActionBarTitle(Ljava/lang/String;)V
06-05 15:52:54.689 13603 13622 D M_InsDal: Lcom/fsck/k9/mailstore/LocalStore;--->getInstance(Lcom/fsck/k9/Account;Landroid/content/Context;)Lcom/fsck/k9/mailstore/LocalStore;
06-05 15:52:54.689 13603 13622 D M_InsDal: Lcom/fsck/k9/Account;--->getUuid()Ljava/lang/String;
06-05 15:52:54.689 13603 13622 D M_InsDal: Lcom/fsck/k9/mailstore/LocalStore;--->getFolder(Ljava/lang/String;)Lcom/fsck/k9/mailstore/LocalFolder;
06-05 15:52:54.689 13603 13603 D M_InsDal: Lcom/fsck/k9/activity/ActivityListener;--->getOperation(Landroid/content/Context;)Ljava/lang/String;
06-05 15:52:54.689 13603 13622 D M_InsDal: Lcom/fsck/k9/mailstore/LocalFolder;---><init>(Lcom/fsck/k9/mailstore/LocalStore;Ljava/lang/String;)V
06-05 15:52:54.689 13603 13603 D M_InsDal: Lcom/fsck/k9/service/MailService;--->getNextPollTime()J
06-05 15:52:54.689 13603 13603 D M_InsDal: Lcom/fsck/k9/K9;--->isDebug()Z
06-05 15:52:54.689 13603 13622 D M_InsDal: Lcom/fsck/k9/mail/Folder;---><init>()V
06-05 15:52:54.689 13603 13603 D M_InsDal: Lcom/fsck/k9/service/MailService;--->isSyncDisabled()Z
06-05 15:52:54.689 13603 13622 D M_InsDal: Lcom/fsck/k9/mailstore/LocalStore;--->getAttachmentInfoExtractor()Lcom/fsck/k9/message/extractors/AttachmentInfoExtractor;
06-05 15:52:54.689 13603 13603 D M_InsDal: Lcom/fsck/k9/Account;--->getEmail()Ljava/lang/String;
06-05 15:52:54.689 13603 13622 D M_InsDal: Lcom/fsck/k9/mailstore/LocalFolder;--->getAccount()Lcom/fsck/k9/Account;
06-05 15:52:54.689 13603 13603 D M_InsDal: Lcom/fsck/k9/Identity;--->getEmail()Ljava/lang/String;
06-05 15:52:54.689 13603 13603 D M_InsDal: Lcom/fsck/k9/activity/MessageList;--->setMessageListSubTitle(Ljava/lang/String;)V
06-05 15:52:54.689 13603 13603 D M_InsDal: Lcom/fsck/k9/activity/MessageList;--->setActionBarSubTitle(Ljava/lang/String;)V
06-05 15:52:54.689 13603 13622 D M_InsDal: Lcom/fsck/k9/mailstore/LocalStore;--->getAccount()Lcom/fsck/k9/Account;
06-05 15:52:54.689 13603 13603 D M_InsDal: Lcom/fsck/k9/activity/MessageList;--->setUnreadCount(I)V
06-05 15:52:54.689 13603 13622 D M_InsDal: Lcom/fsck/k9/Account;--->getInboxFolderName()Ljava/lang/String;
06-05 15:52:54.689 13603 13603 D M_InsDal: Lcom/fsck/k9/activity/MessageList;--->setActionBarUnread(I)V
06-05 15:52:54.689 13603 13622 D M_InsDal: Lcom/fsck/k9/mailstore/LocalFolder;--->getName()Ljava/lang/String;
06-05 15:52:54.689 13603 13622 D M_InsDal: Lcom/fsck/k9/mailstore/LocalFolder;--->getUnreadMessageCount()I
06-05 15:52:54.689 13603 13603 D M_InsDal: Lcom/fsck/k9/search/LocalSearch;--->isManualSearch()Z
06-05 15:52:54.689 13603 13622 D M_InsDal: Lcom/fsck/k9/mailstore/LocalFolder;--->open(I)V
06-05 15:52:54.689 13603 13622 D M_InsDal: Lcom/fsck/k9/mailstore/LocalFolder;--->isOpen()Z
06-05 15:52:54.689 13603 13603 D M_InsDal: Lcom/fsck/k9/fragment/MessageListFragment;--->setWindowProgress()V
06-05 15:52:54.689 13603 13622 D M_InsDal: Lcom/fsck/k9/mailstore/LocalFolder;--->isOpen()Z
06-05 15:52:54.689 13603 13603 D M_InsDal: Lcom/fsck/k9/activity/MessageList;--->setMessageListProgress(I)V
06-05 15:52:54.689 13603 13622 D M_InsDal: Lcom/fsck/k9/mailstore/LocalStore;--->getDatabase()Lcom/fsck/k9/mailstore/LockableDatabase;
06-05 15:52:54.689 13603 13622 D M_InsDal: Lcom/fsck/k9/mailstore/LocalFolder$1;---><init>(Lcom/fsck/k9/mailstore/LocalFolder;I)V
06-05 15:52:54.689 13603 13622 D M_InsDal: Lcom/fsck/k9/mailstore/LockableDatabase;--->execute(ZLcom/fsck/k9/mailstore/LockableDatabase$DbCallback;)Ljava/lang/Object;
06-05 15:52:54.689 13603 13622 D M_InsDal: Lcom/fsck/k9/mailstore/LockableDatabase;--->lockRead()V
06-05 15:52:54.689 13603 13622 D M_InsDal: Lcom/fsck/k9/mailstore/LockableDatabase;--->getStorageManager()Lcom/fsck/k9/mailstore/StorageManager;
06-05 15:52:54.689 13603 13622 D M_InsDal: Lcom/fsck/k9/mailstore/StorageManager;--->getInstance(Landroid/content/Context;)Lcom/fsck/k9/mailstore/StorageManager;
06-05 15:52:54.689 13603 13622 D M_InsDal: Lcom/fsck/k9/mailstore/StorageManager;--->lockProvider(Ljava/lang/String;)V
06-05 15:52:54.689 13603 13622 D M_InsDal: Lcom/fsck/k9/mailstore/StorageManager;--->getProvider(Ljava/lang/String;)Lcom/fsck/k9/mailstore/StorageManager$StorageProvider;
06-05 15:52:54.689 13603 13622 D M_InsDal: Lcom/fsck/k9/mailstore/StorageManager$InternalStorageProvider;--->isReady(Landroid/content/Context;)Z
06-05 15:52:54.689 13603 13622 D M_InsDal: Lcom/fsck/k9/K9;--->isDebug()Z
06-05 15:52:54.689 13603 13622 D M_InsDal: Lcom/fsck/k9/mailstore/LocalFolder$1;--->doDbWork(Landroid/database/sqlite/SQLiteDatabase;)Ljava/lang/Void;
06-05 15:52:54.690 13603 13622 D M_InsDal: Lcom/fsck/k9/mailstore/LocalFolder;--->open(Landroid/database/Cursor;)V
06-05 15:52:54.690 13603 13622 D M_InsDal: Lcom/fsck/k9/mail/Folder;--->setStatus(Ljava/lang/String;)V
06-05 15:52:54.690 13603 13622 D M_InsDal: Lcom/fsck/k9/mail/Folder;--->setLastChecked(J)V
06-05 15:52:54.690 13603 13622 D M_InsDal: Lcom/fsck/k9/mail/Folder;--->setLastPush(J)V
06-05 15:52:54.690 13603 13622 D M_InsDal: Lcom/fsck/k9/mail/Folder$FolderClass;--->valueOf(Ljava/lang/String;)Lcom/fsck/k9/mail/Folder$FolderClass;
06-05 15:52:54.690 13603 13622 D M_InsDal: Lcom/fsck/k9/mail/Folder$FolderClass;--->valueOf(Ljava/lang/String;)Lcom/fsck/k9/mail/Folder$FolderClass;
06-05 15:52:54.690 13603 13622 D M_InsDal: Lcom/fsck/k9/mailstore/LocalFolder$MoreMessages;--->fromDatabaseName(Ljava/lang/String;)Lcom/fsck/k9/mailstore/LocalFolder$MoreMessages;
06-05 15:52:54.690 13603 13622 D M_InsDal: Lcom/fsck/k9/mailstore/LocalFolder$MoreMessages;--->values()[Lcom/fsck/k9/mailstore/LocalFolder$MoreMessages;
06-05 15:52:54.690 13603 13622 D M_InsDal: Lcom/fsck/k9/helper/Utility;--->closeQuietly(Landroid/database/Cursor;)V
06-05 15:52:54.690 13603 13622 D M_InsDal: Lcom/fsck/k9/mailstore/LockableDatabase;--->unlockRead()V
06-05 15:52:54.690 13603 13622 D M_InsDal: Lcom/fsck/k9/mailstore/LockableDatabase;--->getStorageManager()Lcom/fsck/k9/mailstore/StorageManager;
06-05 15:52:54.690 13603 13622 D M_InsDal: Lcom/fsck/k9/mailstore/StorageManager;--->getInstance(Landroid/content/Context;)Lcom/fsck/k9/mailstore/StorageManager;
06-05 15:52:54.690 13603 13622 D M_InsDal: Lcom/fsck/k9/mailstore/StorageManager;--->unlockProvider(Ljava/lang/String;)V
06-05 15:52:54.690 13603 13622 D M_InsDal: Lcom/fsck/k9/mailstore/StorageManager;--->getProvider(Ljava/lang/String;)Lcom/fsck/k9/mailstore/StorageManager$StorageProvider;
06-05 15:52:54.690 13603 13622 D M_InsDal: Lcom/fsck/k9/mailstore/LocalStore;--->getDatabase()Lcom/fsck/k9/mailstore/LockableDatabase;
06-05 15:52:54.690 13603 13622 D M_InsDal: Lcom/fsck/k9/mailstore/LocalFolder$4;---><init>(Lcom/fsck/k9/mailstore/LocalFolder;)V
06-05 15:52:54.690 13603 13622 D M_InsDal: Lcom/fsck/k9/mailstore/LockableDatabase;--->execute(ZLcom/fsck/k9/mailstore/LockableDatabase$DbCallback;)Ljava/lang/Object;
06-05 15:52:54.690 13603 13622 D M_InsDal: Lcom/fsck/k9/mailstore/LockableDatabase;--->lockRead()V
06-05 15:52:54.690 13603 13622 D M_InsDal: Lcom/fsck/k9/mailstore/LockableDatabase;--->getStorageManager()Lcom/fsck/k9/mailstore/StorageManager;
06-05 15:52:54.690 13603 13622 D M_InsDal: Lcom/fsck/k9/mailstore/StorageManager;--->getInstance(Landroid/content/Context;)Lcom/fsck/k9/mailstore/StorageManager;
06-05 15:52:54.690 13603 13622 D M_InsDal: Lcom/fsck/k9/mailstore/StorageManager;--->lockProvider(Ljava/lang/String;)V
06-05 15:52:54.690 13603 13622 D M_InsDal: Lcom/fsck/k9/mailstore/StorageManager;--->getProvider(Ljava/lang/String;)Lcom/fsck/k9/mailstore/StorageManager$StorageProvider;
06-05 15:52:54.690 13603 13622 D M_InsDal: Lcom/fsck/k9/mailstore/StorageManager$InternalStorageProvider;--->isReady(Landroid/content/Context;)Z
06-05 15:52:54.690 13603 13622 D M_InsDal: Lcom/fsck/k9/K9;--->isDebug()Z
06-05 15:52:54.690 13603 13622 D M_InsDal: Lcom/fsck/k9/mailstore/LocalFolder$4;--->doDbWork(Landroid/database/sqlite/SQLiteDatabase;)Ljava/lang/Integer;
06-05 15:52:54.690 13603 13622 D M_InsDal: Lcom/fsck/k9/mailstore/LockableDatabase;--->unlockRead()V
06-05 15:52:54.690 13603 13622 D M_InsDal: Lcom/fsck/k9/mailstore/LockableDatabase;--->getStorageManager()Lcom/fsck/k9/mailstore/StorageManager;
06-05 15:52:54.690 13603 13622 D M_InsDal: Lcom/fsck/k9/mailstore/StorageManager;--->getInstance(Landroid/content/Context;)Lcom/fsck/k9/mailstore/StorageManager;
06-05 15:52:54.690 13603 13622 D M_InsDal: Lcom/fsck/k9/mailstore/StorageManager;--->unlockProvider(Ljava/lang/String;)V
06-05 15:52:54.690 13603 13622 D M_InsDal: Lcom/fsck/k9/mailstore/StorageManager;--->getProvider(Ljava/lang/String;)Lcom/fsck/k9/mailstore/StorageManager$StorageProvider;
06-05 15:52:54.690 13603 13622 D M_InsDal: Lcom/fsck/k9/fragment/MessageListFragment$MessageListActivityListener;--->folderStatusChanged(Lcom/fsck/k9/Account;Ljava/lang/String;I)V
06-05 15:52:54.690 13603 13622 D M_InsDal: Lcom/fsck/k9/fragment/MessageListFragment;--->isSingleAccountMode()Z
06-05 15:52:54.690 13603 13622 D M_InsDal: Lcom/fsck/k9/fragment/MessageListFragment;--->isSingleFolderMode()Z
06-05 15:52:54.691 13603 13622 D M_InsDal: Lcom/fsck/k9/Account;--->equals(Ljava/lang/Object;)Z
06-05 15:52:54.691 13603 13622 D M_InsDal: Lcom/fsck/k9/activity/ActivityListener;--->folderStatusChanged(Lcom/fsck/k9/Account;Ljava/lang/String;I)V
06-05 15:52:54.691 13603 13622 D M_InsDal: Lcom/fsck/k9/fragment/MessageListFragment$MessageListActivityListener;--->informUserOfStatus()V
06-05 15:52:54.691 13603 13622 D M_InsDal: Lcom/fsck/k9/fragment/MessageListHandler;--->refreshTitle()V
06-05 15:52:54.698 13603 13627 D M_InsDal: Lcom/fsck/k9/mail/store/imap/ImapConnection;--->configureSocket()V
06-05 15:52:54.698 13603 13627 D M_InsDal: Lcom/fsck/k9/mail/store/imap/ImapConnection;--->setUpStreamsAndParserFromSocket()V
06-05 15:52:54.698 13603 13628 D M_InsDal: Lcom/fsck/k9/mail/store/imap/ImapConnection;--->configureSocket()V
06-05 15:52:54.698 13603 13628 D M_InsDal: Lcom/fsck/k9/mail/store/imap/ImapConnection;--->setUpStreamsAndParserFromSocket()V
06-05 15:52:54.702 13603 13603 D M_InsDal: Lcom/fsck/k9/service/BootReceiver;---><init>()V
06-05 15:52:54.702 13603 13603 D M_InsDal: Lcom/fsck/k9/service/CoreReceiver;---><init>()V
06-05 15:52:54.702 13603 13603 D M_InsDal: Lcom/fsck/k9/service/CoreReceiver;--->onReceive(Landroid/content/Context;Landroid/content/Intent;)V
06-05 15:52:54.702 13603 13603 D M_InsDal: Lcom/fsck/k9/service/CoreReceiver;--->getWakeLock(Landroid/content/Context;)Ljava/lang/Integer;
06-05 15:52:54.702 13603 13603 D M_InsDal: Lcom/fsck/k9/mail/power/TracingPowerManager;--->getPowerManager(Landroid/content/Context;)Lcom/fsck/k9/mail/power/TracingPowerManager;
06-05 15:52:54.702 13603 13603 D M_InsDal: Lcom/fsck/k9/mail/power/TracingPowerManager;--->newWakeLock(ILjava/lang/String;)Lcom/fsck/k9/mail/power/TracingPowerManager$TracingWakeLock;
06-05 15:52:54.702 13603 13603 D M_InsDal: Lcom/fsck/k9/mail/power/TracingPowerManager$TracingWakeLock;---><init>(Lcom/fsck/k9/mail/power/TracingPowerManager;ILjava/lang/String;)V
06-05 15:52:54.702 13603 13603 D M_InsDal: Lcom/fsck/k9/mail/K9MailLib;--->isDebug()Z
06-05 15:52:54.702 13603 13603 D M_InsDal: Lcom/fsck/k9/K9$2;--->enabled()Z
06-05 15:52:54.702 13603 13603 D M_InsDal: Lcom/fsck/k9/mail/power/TracingPowerManager$TracingWakeLock;--->setReferenceCounted(Z)V
06-05 15:52:54.702 13603 13603 D M_InsDal: Lcom/fsck/k9/mail/power/TracingPowerManager$TracingWakeLock;--->acquire(J)V
06-05 15:52:54.702 13603 13603 D M_InsDal: Lcom/fsck/k9/mail/K9MailLib;--->isDebug()Z
06-05 15:52:54.702 13603 13603 D M_InsDal: Lcom/fsck/k9/K9$2;--->enabled()Z
06-05 15:52:54.702 13603 13603 D M_InsDal: Lcom/fsck/k9/mail/power/TracingPowerManager$TracingWakeLock;--->raiseNotification()V
06-05 15:52:54.702 13603 13603 D M_InsDal: Lcom/fsck/k9/service/BootReceiver;--->receive(Landroid/content/Context;Landroid/content/Intent;Ljava/lang/Integer;)Ljava/lang/Integer;
06-05 15:52:54.702 13603 13603 D M_InsDal: Lcom/fsck/k9/service/BootReceiver;--->buildPendingIntent(Landroid/content/Context;Landroid/content/Intent;)Landroid/app/PendingIntent;
06-05 15:52:54.702 13603 13603 D M_InsDal: Lcom/fsck/k9/helper/K9AlarmManager;--->getAlarmManager(Landroid/content/Context;)Lcom/fsck/k9/helper/K9AlarmManager;
06-05 15:52:54.702 13603 13603 D M_InsDal: Lcom/fsck/k9/power/DozeChecker;---><init>(Landroid/content/Context;)V
06-05 15:52:54.702 13603 13603 D M_InsDal: Lcom/fsck/k9/helper/K9AlarmManager;---><init>(Landroid/app/AlarmManager;Lcom/fsck/k9/power/DozeChecker;)V
06-05 15:52:54.702 13603 13603 D M_InsDal: Lcom/fsck/k9/helper/K9AlarmManager;--->cancel(Landroid/app/PendingIntent;)V
06-05 15:52:54.702 13603 13603 D M_InsDal: Lcom/fsck/k9/service/CoreReceiver;--->releaseWakeLock(Ljava/lang/Integer;)V
06-05 15:52:54.702 13603 13603 D M_InsDal: Lcom/fsck/k9/mail/power/TracingPowerManager$TracingWakeLock;--->release()V
06-05 15:52:54.702 13603 13603 D M_InsDal: Lcom/fsck/k9/mail/K9MailLib;--->isDebug()Z
06-05 15:52:54.702 13603 13603 D M_InsDal: Lcom/fsck/k9/K9$2;--->enabled()Z
06-05 15:52:54.702 13603 13603 D M_InsDal: Lcom/fsck/k9/mail/power/TracingPowerManager$TracingWakeLock;--->cancelNotification()V
06-05 15:52:54.703 13603 13603 D M_InsDal: Lcom/fsck/k9/service/PushService;---><init>()V
06-05 15:52:54.703 13603 13603 D M_InsDal: Lcom/fsck/k9/service/CoreService;---><init>()V
06-05 15:52:54.703 13603 13603 D M_InsDal: Lcom/fsck/k9/service/CoreService;--->onCreate()V
06-05 15:52:54.703 13603 13603 D M_InsDal: Lcom/fsck/k9/service/PushService;--->onCreate()V
06-05 15:52:54.703 13603 13603 D M_InsDal: Lcom/fsck/k9/service/CoreService;--->setAutoShutdown(Z)V
06-05 15:52:54.703 13603 13603 D M_InsDal: Lcom/fsck/k9/service/CoreService;--->onStartCommand(Landroid/content/Intent;II)I
06-05 15:52:54.703 13603 13603 D M_InsDal: Lcom/fsck/k9/service/CoreService;--->acquireWakeLock(Landroid/content/Context;Ljava/lang/String;J)Lcom/fsck/k9/mail/power/TracingPowerManager$TracingWakeLock;
06-05 15:52:54.703 13603 13603 D M_InsDal: Lcom/fsck/k9/mail/power/TracingPowerManager;--->getPowerManager(Landroid/content/Context;)Lcom/fsck/k9/mail/power/TracingPowerManager;
06-05 15:52:54.703 13603 13603 D M_InsDal: Lcom/fsck/k9/mail/power/TracingPowerManager;--->newWakeLock(ILjava/lang/String;)Lcom/fsck/k9/mail/power/TracingPowerManager$TracingWakeLock;
06-05 15:52:54.703 13603 13603 D M_InsDal: Lcom/fsck/k9/mail/power/TracingPowerManager$TracingWakeLock;---><init>(Lcom/fsck/k9/mail/power/TracingPowerManager;ILjava/lang/String;)V
06-05 15:52:54.703 13603 13603 D M_InsDal: Lcom/fsck/k9/mail/K9MailLib;--->isDebug()Z
06-05 15:52:54.703 13603 13603 D M_InsDal: Lcom/fsck/k9/K9$2;--->enabled()Z
06-05 15:52:54.703 13603 13603 D M_InsDal: Lcom/fsck/k9/mail/power/TracingPowerManager$TracingWakeLock;--->setReferenceCounted(Z)V
06-05 15:52:54.703 13603 13603 D M_InsDal: Lcom/fsck/k9/mail/power/TracingPowerManager$TracingWakeLock;--->acquire(J)V
06-05 15:52:54.703 13603 13603 D M_InsDal: Lcom/fsck/k9/mail/K9MailLib;--->isDebug()Z
06-05 15:52:54.703 13603 13603 D M_InsDal: Lcom/fsck/k9/K9$2;--->enabled()Z
06-05 15:52:54.703 13603 13603 D M_InsDal: Lcom/fsck/k9/mail/power/TracingPowerManager$TracingWakeLock;--->raiseNotification()V
06-05 15:52:54.703 13603 13603 D M_InsDal: Lcom/fsck/k9/mail/power/TracingPowerManager$TracingWakeLock;--->release()V
06-05 15:52:54.703 13603 13603 D M_InsDal: Lcom/fsck/k9/mail/K9MailLib;--->isDebug()Z
06-05 15:52:54.703 13603 13603 D M_InsDal: Lcom/fsck/k9/K9$2;--->enabled()Z
06-05 15:52:54.703 13603 13603 D M_InsDal: Lcom/fsck/k9/mail/power/TracingPowerManager$TracingWakeLock;--->cancelNotification()V
06-05 15:52:54.703 13603 13603 D M_InsDal: Lcom/fsck/k9/service/PushService;--->startService(Landroid/content/Intent;I)I
06-05 15:52:54.703 13603 13603 D M_InsDal: Lcom/fsck/k9/mail/power/TracingPowerManager$TracingWakeLock;--->release()V
06-05 15:52:54.703 13603 13603 D M_InsDal: Lcom/fsck/k9/mail/K9MailLib;--->isDebug()Z
06-05 15:52:54.703 13603 13603 D M_InsDal: Lcom/fsck/k9/K9$2;--->enabled()Z
06-05 15:52:54.703 13603 13603 D M_InsDal: Lcom/fsck/k9/mail/power/TracingPowerManager$TracingWakeLock;--->cancelNotification()V
06-05 15:52:54.704 13603 13603 D M_InsDal: Lcom/fsck/k9/service/CoreService;--->onStartCommand(Landroid/content/Intent;II)I
06-05 15:52:54.704 13603 13603 D M_InsDal: Lcom/fsck/k9/service/CoreService;--->acquireWakeLock(Landroid/content/Context;Ljava/lang/String;J)Lcom/fsck/k9/mail/power/TracingPowerManager$TracingWakeLock;
06-05 15:52:54.704 13603 13603 D M_InsDal: Lcom/fsck/k9/mail/power/TracingPowerManager;--->getPowerManager(Landroid/content/Context;)Lcom/fsck/k9/mail/power/TracingPowerManager;
06-05 15:52:54.704 13603 13603 D M_InsDal: Lcom/fsck/k9/mail/power/TracingPowerManager;--->newWakeLock(ILjava/lang/String;)Lcom/fsck/k9/mail/power/TracingPowerManager$TracingWakeLock;
06-05 15:52:54.704 13603 13603 D M_InsDal: Lcom/fsck/k9/mail/power/TracingPowerManager$TracingWakeLock;---><init>(Lcom/fsck/k9/mail/power/TracingPowerManager;ILjava/lang/String;)V
06-05 15:52:54.704 13603 13603 D M_InsDal: Lcom/fsck/k9/mail/K9MailLib;--->isDebug()Z
06-05 15:52:54.704 13603 13603 D M_InsDal: Lcom/fsck/k9/K9$2;--->enabled()Z
06-05 15:52:54.704 13603 13603 D M_InsDal: Lcom/fsck/k9/mail/power/TracingPowerManager$TracingWakeLock;--->setReferenceCounted(Z)V
06-05 15:52:54.704 13603 13603 D M_InsDal: Lcom/fsck/k9/mail/power/TracingPowerManager$TracingWakeLock;--->acquire(J)V
06-05 15:52:54.704 13603 13603 D M_InsDal: Lcom/fsck/k9/mail/K9MailLib;--->isDebug()Z
06-05 15:52:54.704 13603 13603 D M_InsDal: Lcom/fsck/k9/K9$2;--->enabled()Z
06-05 15:52:54.704 13603 13603 D M_InsDal: Lcom/fsck/k9/mail/power/TracingPowerManager$TracingWakeLock;--->raiseNotification()V
06-05 15:52:54.704 13603 13603 D M_InsDal: Lcom/fsck/k9/mail/power/TracingPowerManager$TracingWakeLock;--->release()V
06-05 15:52:54.704 13603 13603 D M_InsDal: Lcom/fsck/k9/mail/K9MailLib;--->isDebug()Z
06-05 15:52:54.704 13603 13603 D M_InsDal: Lcom/fsck/k9/K9$2;--->enabled()Z
06-05 15:52:54.704 13603 13603 D M_InsDal: Lcom/fsck/k9/mail/power/TracingPowerManager$TracingWakeLock;--->cancelNotification()V
06-05 15:52:54.704 13603 13603 D M_InsDal: Lcom/fsck/k9/service/PushService;--->startService(Landroid/content/Intent;I)I
06-05 15:52:54.704 13603 13603 D M_InsDal: Lcom/fsck/k9/mail/power/TracingPowerManager$TracingWakeLock;--->release()V
06-05 15:52:54.704 13603 13603 D M_InsDal: Lcom/fsck/k9/mail/K9MailLib;--->isDebug()Z
06-05 15:52:54.704 13603 13603 D M_InsDal: Lcom/fsck/k9/K9$2;--->enabled()Z
06-05 15:52:54.704 13603 13603 D M_InsDal: Lcom/fsck/k9/mail/power/TracingPowerManager$TracingWakeLock;--->cancelNotification()V
06-05 15:52:54.704 13603 13603 D M_InsDal: Lcom/fsck/k9/service/MailService;--->onDestroy()V
06-05 15:52:54.704 13603 13603 D M_InsDal: Lcom/fsck/k9/service/CoreService;--->onDestroy()V
06-05 15:52:54.705 13603 13603 D M_InsDal: Lcom/fsck/k9/fragment/MessageListFragment;--->onLoadFinished(Landroid/content/Loader;Landroid/database/Cursor;)V
06-05 15:52:54.705 13603 13603 D M_InsDal: Lcom/fsck/k9/fragment/MessageListFragment;--->isPullToRefreshAllowed()Z
06-05 15:52:54.705 13603 13603 D M_InsDal: Lcom/fsck/k9/fragment/MessageListFragment;--->isRemoteSearchAllowed()Z
06-05 15:52:54.705 13603 13603 D M_InsDal: Lcom/fsck/k9/search/LocalSearch;--->isManualSearch()Z
06-05 15:52:54.705 13603 13603 D M_InsDal: Lcom/fsck/k9/fragment/MessageListFragment;--->isCheckMailAllowed()Z
06-05 15:52:54.705 13603 13603 D M_InsDal: Lcom/fsck/k9/fragment/MessageListFragment;--->isManualSearch()Z
06-05 15:52:54.705 13603 13603 D M_InsDal: Lcom/fsck/k9/search/LocalSearch;--->isManualSearch()Z
06-05 15:52:54.705 13603 13603 D M_InsDal: Lcom/fsck/k9/fragment/MessageListFragment;--->isCheckMailSupported()Z
06-05 15:52:54.705 13603 13603 D M_InsDal: Lcom/fsck/k9/fragment/MessageListFragment;--->isSingleAccountMode()Z
06-05 15:52:54.705 13603 13603 D M_InsDal: Lcom/fsck/k9/fragment/MessageListFragment;--->isSingleFolderMode()Z
06-05 15:52:54.705 13603 13603 D M_InsDal: Lcom/fsck/k9/fragment/MessageListFragment;--->isRemoteFolder()Z
06-05 15:52:54.705 13603 13603 D M_InsDal: Lcom/fsck/k9/search/LocalSearch;--->isManualSearch()Z
06-05 15:52:54.705 13603 13603 D M_InsDal: Lcom/fsck/k9/fragment/MessageListFragment;--->isOutbox()Z
06-05 15:52:54.705 13603 13603 D M_InsDal: Lcom/fsck/k9/Account;--->getOutboxFolderName()Ljava/lang/String;
06-05 15:52:54.705 13603 13603 D M_InsDal: Lcom/fsck/k9/controller/MessagingController;--->isMoveCapable(Lcom/fsck/k9/Account;)Z
06-05 15:52:54.705 13603 13603 D M_InsDal: Lcom/fsck/k9/Account;--->getLocalStore()Lcom/fsck/k9/mailstore/LocalStore;
06-05 15:52:54.705 13603 13603 D M_InsDal: Lcom/fsck/k9/mailstore/LocalStore;--->getInstance(Lcom/fsck/k9/Account;Landroid/content/Context;)Lcom/fsck/k9/mailstore/LocalStore;
06-05 15:52:54.705 13603 13603 D M_InsDal: Lcom/fsck/k9/Account;--->getUuid()Ljava/lang/String;
06-05 15:52:54.705 13603 13603 D M_InsDal: Lcom/fsck/k9/Account;--->getRemoteStore()Lcom/fsck/k9/mail/Store;
06-05 15:52:54.705 13603 13603 D M_InsDal: Lcom/fsck/k9/mail/store/RemoteStore;--->getInstance(Landroid/content/Context;Lcom/fsck/k9/mail/store/StoreConfig;)Lcom/fsck/k9/mail/Store;
06-05 15:52:54.705 13603 13603 D M_InsDal: Lcom/fsck/k9/Account;--->getStoreUri()Ljava/lang/String;
06-05 15:52:54.705 13603 13603 D M_InsDal: Lcom/fsck/k9/mailstore/LocalStore;--->isMoveCapable()Z
06-05 15:52:54.705 13603 13603 D M_InsDal: Lcom/fsck/k9/mail/store/imap/ImapStore;--->isMoveCapable()Z
06-05 15:52:54.705 13603 13603 D M_InsDal: Lcom/fsck/k9/fragment/MessageListFragment;--->cleanupSelected(Landroid/database/Cursor;)V
06-05 15:52:54.705 13603 13603 D M_InsDal: Lcom/fsck/k9/fragment/MessageListFragment;--->updateContextMenu(Landroid/database/Cursor;)V
06-05 15:52:54.705 13603 13603 D M_InsDal: Lcom/fsck/k9/provider/EmailProvider$SpecialColumnsCursor;--->getColumnIndexOrThrow(Ljava/lang/String;)I
06-05 15:52:54.705 13603 13603 D M_InsDal: Lcom/fsck/k9/provider/EmailProvider$SpecialColumnsCursor;--->getColumnIndex(Ljava/lang/String;)I
06-05 15:52:54.705 13603 13603 D M_InsDal: Lcom/fsck/k9/provider/EmailProvider$IdTrickeryCursor;--->getColumnIndex(Ljava/lang/String;)I
06-05 15:52:54.705 13603 13603 D M_InsDal: Lcom/fsck/k9/cache/EmailProviderCacheCursor;--->getCount()I
06-05 15:52:54.705 13603 13603 D M_InsDal: Lcom/fsck/k9/cache/EmailProviderCacheCursor;--->getCount()I
06-05 15:52:54.705 13603 13603 D M_InsDal: Lcom/fsck/k9/fragment/MessageListFragment;--->resetActionMode()V
06-05 15:52:54.705 13603 13603 D M_InsDal: Lcom/fsck/k9/fragment/MessageListFragment;--->computeBatchDirection()V
06-05 15:52:54.705 13603 13603 D M_InsDal: Lcom/fsck/k9/cache/EmailProviderCacheCursor;--->getCount()I
06-05 15:52:54.705 13603 13603 D M_InsDal: Lcom/fsck/k9/cache/EmailProviderCacheCursor;--->moveToPosition(I)Z
06-05 15:52:54.705 13603 13603 D M_InsDal: Lcom/fsck/k9/provider/EmailProvider$SpecialColumnsCursor;--->getLong(I)J
06-05 15:52:54.705 13603 13603 D M_InsDal: Lcom/fsck/k9/cache/EmailProviderCacheCursor;--->moveToPosition(I)Z
