--------- beginning of system
--------- beginning of main
06-05 15:53:10.240 13688 13714 D M_InsDal: Lcom/fsck/k9/mail/Folder;--->setLastPush(J)V
06-05 15:53:10.240 13688 13714 D M_InsDal: Lcom/fsck/k9/mail/Folder$FolderClass;--->valueOf(Ljava/lang/String;)Lcom/fsck/k9/mail/Folder$FolderClass;
06-05 15:53:10.240 13688 13714 D M_InsDal: Lcom/fsck/k9/mail/Folder$FolderClass;--->valueOf(Ljava/lang/String;)Lcom/fsck/k9/mail/Folder$FolderClass;
06-05 15:53:10.240 13688 13714 D M_InsDal: Lcom/fsck/k9/mailstore/LocalFolder$MoreMessages;--->fromDatabaseName(Ljava/lang/String;)Lcom/fsck/k9/mailstore/LocalFolder$MoreMessages;
06-05 15:53:10.240 13688 13714 D M_InsDal: Lcom/fsck/k9/mailstore/LocalFolder$MoreMessages;--->values()[Lcom/fsck/k9/mailstore/LocalFolder$MoreMessages;
06-05 15:53:10.240 13688 13714 D M_InsDal: Lcom/fsck/k9/mailstore/LocalFolder;---><init>(Lcom/fsck/k9/mailstore/LocalStore;Ljava/lang/String;)V
06-05 15:53:10.240 13688 13714 D M_InsDal: Lcom/fsck/k9/mail/Folder;---><init>()V
06-05 15:53:10.240 13688 13714 D M_InsDal: Lcom/fsck/k9/mailstore/LocalStore;--->getAttachmentInfoExtractor()Lcom/fsck/k9/message/extractors/AttachmentInfoExtractor;
06-05 15:53:10.240 13688 13714 D M_InsDal: Lcom/fsck/k9/mailstore/LocalFolder;--->getAccount()Lcom/fsck/k9/Account;
06-05 15:53:10.240 13688 13714 D M_InsDal: Lcom/fsck/k9/mailstore/LocalStore;--->getAccount()Lcom/fsck/k9/Account;
06-05 15:53:10.240 13688 13714 D M_InsDal: Lcom/fsck/k9/Account;--->getInboxFolderName()Ljava/lang/String;
06-05 15:53:10.240 13688 13714 D M_InsDal: Lcom/fsck/k9/mailstore/LocalFolder;--->getName()Ljava/lang/String;
06-05 15:53:10.240 13688 13714 D M_InsDal: Lcom/fsck/k9/mailstore/LocalFolder;--->open(Landroid/database/Cursor;)V
06-05 15:53:10.240 13688 13714 D M_InsDal: Lcom/fsck/k9/mail/Folder;--->setStatus(Ljava/lang/String;)V
06-05 15:53:10.240 13688 13714 D M_InsDal: Lcom/fsck/k9/mail/Folder;--->setLastChecked(J)V
06-05 15:53:10.240 13688 13714 D M_InsDal: Lcom/fsck/k9/mail/Folder;--->setLastPush(J)V
06-05 15:53:10.240 13688 13714 D M_InsDal: Lcom/fsck/k9/mail/Folder$FolderClass;--->valueOf(Ljava/lang/String;)Lcom/fsck/k9/mail/Folder$FolderClass;
06-05 15:53:10.240 13688 13714 D M_InsDal: Lcom/fsck/k9/mail/Folder$FolderClass;--->valueOf(Ljava/lang/String;)Lcom/fsck/k9/mail/Folder$FolderClass;
06-05 15:53:10.240 13688 13714 D M_InsDal: Lcom/fsck/k9/mailstore/LocalFolder$MoreMessages;--->fromDatabaseName(Ljava/lang/String;)Lcom/fsck/k9/mailstore/LocalFolder$MoreMessages;
06-05 15:53:10.240 13688 13714 D M_InsDal: Lcom/fsck/k9/mailstore/LocalFolder$MoreMessages;--->values()[Lcom/fsck/k9/mailstore/LocalFolder$MoreMessages;
06-05 15:53:10.240 13688 13714 D M_InsDal: Lcom/fsck/k9/mailstore/LocalFolder;---><init>(Lcom/fsck/k9/mailstore/LocalStore;Ljava/lang/String;)V
06-05 15:53:10.240 13688 13714 D M_InsDal: Lcom/fsck/k9/mail/Folder;---><init>()V
06-05 15:53:10.240 13688 13714 D M_InsDal: Lcom/fsck/k9/mailstore/LocalStore;--->getAttachmentInfoExtractor()Lcom/fsck/k9/message/extractors/AttachmentInfoExtractor;
06-05 15:53:10.240 13688 13714 D M_InsDal: Lcom/fsck/k9/mailstore/LocalFolder;--->getAccount()Lcom/fsck/k9/Account;
06-05 15:53:10.240 13688 13714 D M_InsDal: Lcom/fsck/k9/mailstore/LocalStore;--->getAccount()Lcom/fsck/k9/Account;
06-05 15:53:10.240 13688 13714 D M_InsDal: Lcom/fsck/k9/Account;--->getInboxFolderName()Ljava/lang/String;
06-05 15:53:10.240 13688 13714 D M_InsDal: Lcom/fsck/k9/mailstore/LocalFolder;--->getName()Ljava/lang/String;
06-05 15:53:10.240 13688 13714 D M_InsDal: Lcom/fsck/k9/mailstore/LocalFolder;--->open(Landroid/database/Cursor;)V
06-05 15:53:10.240 13688 13714 D M_InsDal: Lcom/fsck/k9/mail/Folder;--->setStatus(Ljava/lang/String;)V
06-05 15:53:10.240 13688 13714 D M_InsDal: Lcom/fsck/k9/mail/Folder;--->setLastChecked(J)V
06-05 15:53:10.240 13688 13714 D M_InsDal: Lcom/fsck/k9/mail/Folder;--->setLastPush(J)V
06-05 15:53:10.240 13688 13714 D M_InsDal: Lcom/fsck/k9/mail/Folder$FolderClass;--->valueOf(Ljava/lang/String;)Lcom/fsck/k9/mail/Folder$FolderClass;
06-05 15:53:10.240 13688 13714 D M_InsDal: Lcom/fsck/k9/mail/Folder$FolderClass;--->valueOf(Ljava/lang/String;)Lcom/fsck/k9/mail/Folder$FolderClass;
06-05 15:53:10.240 13688 13714 D M_InsDal: Lcom/fsck/k9/mailstore/LocalFolder$MoreMessages;--->fromDatabaseName(Ljava/lang/String;)Lcom/fsck/k9/mailstore/LocalFolder$MoreMessages;
06-05 15:53:10.240 13688 13714 D M_InsDal: Lcom/fsck/k9/mailstore/LocalFolder$MoreMessages;--->values()[Lcom/fsck/k9/mailstore/LocalFolder$MoreMessages;
06-05 15:53:10.240 13688 13714 D M_InsDal: Lcom/fsck/k9/mailstore/LocalFolder;---><init>(Lcom/fsck/k9/mailstore/LocalStore;Ljava/lang/String;)V
06-05 15:53:10.240 13688 13714 D M_InsDal: Lcom/fsck/k9/mail/Folder;---><init>()V
06-05 15:53:10.240 13688 13714 D M_InsDal: Lcom/fsck/k9/mailstore/LocalStore;--->getAttachmentInfoExtractor()Lcom/fsck/k9/message/extractors/AttachmentInfoExtractor;
06-05 15:53:10.240 13688 13714 D M_InsDal: Lcom/fsck/k9/mailstore/LocalFolder;--->getAccount()Lcom/fsck/k9/Account;
06-05 15:53:10.240 13688 13714 D M_InsDal: Lcom/fsck/k9/mailstore/LocalStore;--->getAccount()Lcom/fsck/k9/Account;
06-05 15:53:10.240 13688 13714 D M_InsDal: Lcom/fsck/k9/Account;--->getInboxFolderName()Ljava/lang/String;
06-05 15:53:10.240 13688 13714 D M_InsDal: Lcom/fsck/k9/mailstore/LocalFolder;--->getName()Ljava/lang/String;
06-05 15:53:10.240 13688 13714 D M_InsDal: Lcom/fsck/k9/mailstore/LocalFolder;--->open(Landroid/database/Cursor;)V
06-05 15:53:10.240 13688 13714 D M_InsDal: Lcom/fsck/k9/mail/Folder;--->setStatus(Ljava/lang/String;)V
06-05 15:53:10.240 13688 13714 D M_InsDal: Lcom/fsck/k9/mail/Folder;--->setLastChecked(J)V
06-05 15:53:10.240 13688 13714 D M_InsDal: Lcom/fsck/k9/mail/Folder;--->setLastPush(J)V
06-05 15:53:10.240 13688 13714 D M_InsDal: Lcom/fsck/k9/mail/Folder$FolderClass;--->valueOf(Ljava/lang/String;)Lcom/fsck/k9/mail/Folder$FolderClass;
06-05 15:53:10.240 13688 13714 D M_InsDal: Lcom/fsck/k9/mail/Folder$FolderClass;--->valueOf(Ljava/lang/String;)Lcom/fsck/k9/mail/Folder$FolderClass;
06-05 15:53:10.240 13688 13714 D M_InsDal: Lcom/fsck/k9/mailstore/LocalFolder$MoreMessages;--->fromDatabaseName(Ljava/lang/String;)Lcom/fsck/k9/mailstore/LocalFolder$MoreMessages;
06-05 15:53:10.240 13688 13714 D M_InsDal: Lcom/fsck/k9/mailstore/LocalFolder$MoreMessages;--->values()[Lcom/fsck/k9/mailstore/LocalFolder$MoreMessages;
06-05 15:53:10.240 13688 13714 D M_InsDal: Lcom/fsck/k9/mailstore/LocalFolder;---><init>(Lcom/fsck/k9/mailstore/LocalStore;Ljava/lang/String;)V
06-05 15:53:10.240 13688 13714 D M_InsDal: Lcom/fsck/k9/mail/Folder;---><init>()V
06-05 15:53:10.240 13688 13714 D M_InsDal: Lcom/fsck/k9/mailstore/LocalStore;--->getAttachmentInfoExtractor()Lcom/fsck/k9/message/extractors/AttachmentInfoExtractor;
06-05 15:53:10.240 13688 13714 D M_InsDal: Lcom/fsck/k9/mailstore/LocalFolder;--->getAccount()Lcom/fsck/k9/Account;
06-05 15:53:10.240 13688 13714 D M_InsDal: Lcom/fsck/k9/mailstore/LocalStore;--->getAccount()Lcom/fsck/k9/Account;
06-05 15:53:10.240 13688 13714 D M_InsDal: Lcom/fsck/k9/Account;--->getInboxFolderName()Ljava/lang/String;
06-05 15:53:10.240 13688 13714 D M_InsDal: Lcom/fsck/k9/mailstore/LocalFolder;--->getName()Ljava/lang/String;
06-05 15:53:10.240 13688 13714 D M_InsDal: Lcom/fsck/k9/mailstore/LocalFolder;--->open(Landroid/database/Cursor;)V
06-05 15:53:10.240 13688 13714 D M_InsDal: Lcom/fsck/k9/mail/Folder;--->setStatus(Ljava/lang/String;)V
06-05 15:53:10.240 13688 13714 D M_InsDal: Lcom/fsck/k9/mail/Folder;--->setLastChecked(J)V
06-05 15:53:10.240 13688 13714 D M_InsDal: Lcom/fsck/k9/mail/Folder;--->setLastPush(J)V
06-05 15:53:10.240 13688 13714 D M_InsDal: Lcom/fsck/k9/mail/Folder$FolderClass;--->valueOf(Ljava/lang/String;)Lcom/fsck/k9/mail/Folder$FolderClass;
06-05 15:53:10.240 13688 13714 D M_InsDal: Lcom/fsck/k9/mail/Folder$FolderClass;--->valueOf(Ljava/lang/String;)Lcom/fsck/k9/mail/Folder$FolderClass;
06-05 15:53:10.240 13688 13714 D M_InsDal: Lcom/fsck/k9/mailstore/LocalFolder$MoreMessages;--->fromDatabaseName(Ljava/lang/String;)Lcom/fsck/k9/mailstore/LocalFolder$MoreMessages;
06-05 15:53:10.240 13688 13714 D M_InsDal: Lcom/fsck/k9/mailstore/LocalFolder$MoreMessages;--->values()[Lcom/fsck/k9/mailstore/LocalFolder$MoreMessages;
06-05 15:53:10.240 13688 13714 D M_InsDal: Lcom/fsck/k9/mailstore/LocalFolder;---><init>(Lcom/fsck/k9/mailstore/LocalStore;Ljava/lang/String;)V
06-05 15:53:10.240 13688 13714 D M_InsDal: Lcom/fsck/k9/mail/Folder;---><init>()V
06-05 15:53:10.241 13688 13714 D M_InsDal: Lcom/fsck/k9/mailstore/LocalStore;--->getAttachmentInfoExtractor()Lcom/fsck/k9/message/extractors/AttachmentInfoExtractor;
06-05 15:53:10.241 13688 13714 D M_InsDal: Lcom/fsck/k9/mailstore/LocalFolder;--->getAccount()Lcom/fsck/k9/Account;
06-05 15:53:10.241 13688 13714 D M_InsDal: Lcom/fsck/k9/mailstore/LocalStore;--->getAccount()Lcom/fsck/k9/Account;
06-05 15:53:10.241 13688 13714 D M_InsDal: Lcom/fsck/k9/Account;--->getInboxFolderName()Ljava/lang/String;
06-05 15:53:10.241 13688 13714 D M_InsDal: Lcom/fsck/k9/mailstore/LocalFolder;--->getName()Ljava/lang/String;
06-05 15:53:10.241 13688 13714 D M_InsDal: Lcom/fsck/k9/mailstore/LocalFolder;--->open(Landroid/database/Cursor;)V
06-05 15:53:10.241 13688 13714 D M_InsDal: Lcom/fsck/k9/mail/Folder;--->setStatus(Ljava/lang/String;)V
06-05 15:53:10.241 13688 13714 D M_InsDal: Lcom/fsck/k9/mail/Folder;--->setLastChecked(J)V
06-05 15:53:10.241 13688 13714 D M_InsDal: Lcom/fsck/k9/mail/Folder;--->setLastPush(J)V
06-05 15:53:10.241 13688 13714 D M_InsDal: Lcom/fsck/k9/mail/Folder$FolderClass;--->valueOf(Ljava/lang/String;)Lcom/fsck/k9/mail/Folder$FolderClass;
06-05 15:53:10.241 13688 13714 D M_InsDal: Lcom/fsck/k9/mail/Folder$FolderClass;--->valueOf(Ljava/lang/String;)Lcom/fsck/k9/mail/Folder$FolderClass;
06-05 15:53:10.241 13688 13714 D M_InsDal: Lcom/fsck/k9/mailstore/LocalFolder$MoreMessages;--->fromDatabaseName(Ljava/lang/String;)Lcom/fsck/k9/mailstore/LocalFolder$MoreMessages;
06-05 15:53:10.241 13688 13714 D M_InsDal: Lcom/fsck/k9/mailstore/LocalFolder$MoreMessages;--->values()[Lcom/fsck/k9/mailstore/LocalFolder$MoreMessages;
06-05 15:53:10.241 13688 13714 D M_InsDal: Lcom/fsck/k9/mailstore/LocalFolder;---><init>(Lcom/fsck/k9/mailstore/LocalStore;Ljava/lang/String;)V
06-05 15:53:10.241 13688 13714 D M_InsDal: Lcom/fsck/k9/mail/Folder;---><init>()V
06-05 15:53:10.241 13688 13714 D M_InsDal: Lcom/fsck/k9/mailstore/LocalStore;--->getAttachmentInfoExtractor()Lcom/fsck/k9/message/extractors/AttachmentInfoExtractor;
06-05 15:53:10.241 13688 13714 D M_InsDal: Lcom/fsck/k9/mailstore/LocalFolder;--->getAccount()Lcom/fsck/k9/Account;
06-05 15:53:10.241 13688 13714 D M_InsDal: Lcom/fsck/k9/mailstore/LocalStore;--->getAccount()Lcom/fsck/k9/Account;
06-05 15:53:10.241 13688 13714 D M_InsDal: Lcom/fsck/k9/Account;--->getInboxFolderName()Ljava/lang/String;
06-05 15:53:10.241 13688 13714 D M_InsDal: Lcom/fsck/k9/mailstore/LocalFolder;--->getName()Ljava/lang/String;
06-05 15:53:10.241 13688 13714 D M_InsDal: Lcom/fsck/k9/mailstore/LocalFolder;--->open(Landroid/database/Cursor;)V
06-05 15:53:10.241 13688 13714 D M_InsDal: Lcom/fsck/k9/mail/Folder;--->setStatus(Ljava/lang/String;)V
06-05 15:53:10.241 13688 13714 D M_InsDal: Lcom/fsck/k9/mail/Folder;--->setLastChecked(J)V
06-05 15:53:10.241 13688 13714 D M_InsDal: Lcom/fsck/k9/mail/Folder;--->setLastPush(J)V
06-05 15:53:10.241 13688 13714 D M_InsDal: Lcom/fsck/k9/mail/Folder$FolderClass;--->valueOf(Ljava/lang/String;)Lcom/fsck/k9/mail/Folder$FolderClass;
06-05 15:53:10.241 13688 13714 D M_InsDal: Lcom/fsck/k9/mail/Folder$FolderClass;--->valueOf(Ljava/lang/String;)Lcom/fsck/k9/mail/Folder$FolderClass;
06-05 15:53:10.241 13688 13714 D M_InsDal: Lcom/fsck/k9/mailstore/LocalFolder$MoreMessages;--->fromDatabaseName(Ljava/lang/String;)Lcom/fsck/k9/mailstore/LocalFolder$MoreMessages;
06-05 15:53:10.241 13688 13714 D M_InsDal: Lcom/fsck/k9/mailstore/LocalFolder$MoreMessages;--->values()[Lcom/fsck/k9/mailstore/LocalFolder$MoreMessages;
06-05 15:53:10.241 13688 13714 D M_InsDal: Lcom/fsck/k9/mailstore/LocalFolder;---><init>(Lcom/fsck/k9/mailstore/LocalStore;Ljava/lang/String;)V
06-05 15:53:10.241 13688 13714 D M_InsDal: Lcom/fsck/k9/mail/Folder;---><init>()V
06-05 15:53:10.241 13688 13714 D M_InsDal: Lcom/fsck/k9/mailstore/LocalStore;--->getAttachmentInfoExtractor()Lcom/fsck/k9/message/extractors/AttachmentInfoExtractor;
06-05 15:53:10.241 13688 13714 D M_InsDal: Lcom/fsck/k9/mailstore/LocalFolder;--->getAccount()Lcom/fsck/k9/Account;
06-05 15:53:10.241 13688 13714 D M_InsDal: Lcom/fsck/k9/mailstore/LocalStore;--->getAccount()Lcom/fsck/k9/Account;
06-05 15:53:10.241 13688 13714 D M_InsDal: Lcom/fsck/k9/Account;--->getInboxFolderName()Ljava/lang/String;
06-05 15:53:10.241 13688 13714 D M_InsDal: Lcom/fsck/k9/mailstore/LocalFolder;--->getName()Ljava/lang/String;
06-05 15:53:10.241 13688 13714 D M_InsDal: Lcom/fsck/k9/mailstore/LocalFolder;--->open(Landroid/database/Cursor;)V
06-05 15:53:10.241 13688 13714 D M_InsDal: Lcom/fsck/k9/mail/Folder;--->setStatus(Ljava/lang/String;)V
06-05 15:53:10.241 13688 13714 D M_InsDal: Lcom/fsck/k9/mail/Folder;--->setLastChecked(J)V
06-05 15:53:10.241 13688 13714 D M_InsDal: Lcom/fsck/k9/mail/Folder;--->setLastPush(J)V
06-05 15:53:10.241 13688 13714 D M_InsDal: Lcom/fsck/k9/mail/Folder$FolderClass;--->valueOf(Ljava/lang/String;)Lcom/fsck/k9/mail/Folder$FolderClass;
06-05 15:53:10.241 13688 13714 D M_InsDal: Lcom/fsck/k9/mail/Folder$FolderClass;--->valueOf(Ljava/lang/String;)Lcom/fsck/k9/mail/Folder$FolderClass;
06-05 15:53:10.241 13688 13714 D M_InsDal: Lcom/fsck/k9/mailstore/LocalFolder$MoreMessages;--->fromDatabaseName(Ljava/lang/String;)Lcom/fsck/k9/mailstore/LocalFolder$MoreMessages;
06-05 15:53:10.241 13688 13714 D M_InsDal: Lcom/fsck/k9/mailstore/LocalFolder$MoreMessages;--->values()[Lcom/fsck/k9/mailstore/LocalFolder$MoreMessages;
06-05 15:53:10.241 13688 13714 D M_InsDal: Lcom/fsck/k9/mailstore/LocalFolder;---><init>(Lcom/fsck/k9/mailstore/LocalStore;Ljava/lang/String;)V
06-05 15:53:10.241 13688 13714 D M_InsDal: Lcom/fsck/k9/mail/Folder;---><init>()V
06-05 15:53:10.241 13688 13714 D M_InsDal: Lcom/fsck/k9/mailstore/LocalStore;--->getAttachmentInfoExtractor()Lcom/fsck/k9/message/extractors/AttachmentInfoExtractor;
06-05 15:53:10.241 13688 13714 D M_InsDal: Lcom/fsck/k9/mailstore/LocalFolder;--->getAccount()Lcom/fsck/k9/Account;
06-05 15:53:10.241 13688 13714 D M_InsDal: Lcom/fsck/k9/mailstore/LocalStore;--->getAccount()Lcom/fsck/k9/Account;
06-05 15:53:10.241 13688 13714 D M_InsDal: Lcom/fsck/k9/Account;--->getInboxFolderName()Ljava/lang/String;
06-05 15:53:10.241 13688 13714 D M_InsDal: Lcom/fsck/k9/mailstore/LocalFolder;--->getName()Ljava/lang/String;
06-05 15:53:10.241 13688 13714 D M_InsDal: Lcom/fsck/k9/mailstore/LocalFolder;--->open(Landroid/database/Cursor;)V
06-05 15:53:10.241 13688 13714 D M_InsDal: Lcom/fsck/k9/mail/Folder;--->setStatus(Ljava/lang/String;)V
06-05 15:53:10.241 13688 13714 D M_InsDal: Lcom/fsck/k9/mail/Folder;--->setLastChecked(J)V
06-05 15:53:10.241 13688 13714 D M_InsDal: Lcom/fsck/k9/mail/Folder;--->setLastPush(J)V
06-05 15:53:10.241 13688 13714 D M_InsDal: Lcom/fsck/k9/mail/Folder$FolderClass;--->valueOf(Ljava/lang/String;)Lcom/fsck/k9/mail/Folder$FolderClass;
06-05 15:53:10.241 13688 13714 D M_InsDal: Lcom/fsck/k9/mail/Folder$FolderClass;--->valueOf(Ljava/lang/String;)Lcom/fsck/k9/mail/Folder$FolderClass;
06-05 15:53:10.241 13688 13714 D M_InsDal: Lcom/fsck/k9/mailstore/LocalFolder$MoreMessages;--->fromDatabaseName(Ljava/lang/String;)Lcom/fsck/k9/mailstore/LocalFolder$MoreMessages;
06-05 15:53:10.241 13688 13714 D M_InsDal: Lcom/fsck/k9/mailstore/LocalFolder$MoreMessages;--->values()[Lcom/fsck/k9/mailstore/LocalFolder$MoreMessages;
06-05 15:53:10.241 13688 13714 D M_InsDal: Lcom/fsck/k9/mailstore/LocalFolder;---><init>(Lcom/fsck/k9/mailstore/LocalStore;Ljava/lang/String;)V
06-05 15:53:10.241 13688 13714 D M_InsDal: Lcom/fsck/k9/mail/Folder;---><init>()V
06-05 15:53:10.241 13688 13714 D M_InsDal: Lcom/fsck/k9/mailstore/LocalStore;--->getAttachmentInfoExtractor()Lcom/fsck/k9/message/extractors/AttachmentInfoExtractor;
06-05 15:53:10.241 13688 13714 D M_InsDal: Lcom/fsck/k9/mailstore/LocalFolder;--->getAccount()Lcom/fsck/k9/Account;
06-05 15:53:10.241 13688 13714 D M_InsDal: Lcom/fsck/k9/mailstore/LocalStore;--->getAccount()Lcom/fsck/k9/Account;
06-05 15:53:10.241 13688 13714 D M_InsDal: Lcom/fsck/k9/Account;--->getInboxFolderName()Ljava/lang/String;
06-05 15:53:10.241 13688 13714 D M_InsDal: Lcom/fsck/k9/mailstore/LocalFolder;--->getName()Ljava/lang/String;
06-05 15:53:10.241 13688 13714 D M_InsDal: Lcom/fsck/k9/mailstore/LocalFolder;--->open(Landroid/database/Cursor;)V
06-05 15:53:10.241 13688 13714 D M_InsDal: Lcom/fsck/k9/mail/Folder;--->setStatus(Ljava/lang/String;)V
06-05 15:53:10.241 13688 13714 D M_InsDal: Lcom/fsck/k9/mail/Folder;--->setLastChecked(J)V
06-05 15:53:10.241 13688 13714 D M_InsDal: Lcom/fsck/k9/mail/Folder;--->setLastPush(J)V
06-05 15:53:10.241 13688 13714 D M_InsDal: Lcom/fsck/k9/mail/Folder$FolderClass;--->valueOf(Ljava/lang/String;)Lcom/fsck/k9/mail/Folder$FolderClass;
06-05 15:53:10.241 13688 13714 D M_InsDal: Lcom/fsck/k9/mail/Folder$FolderClass;--->valueOf(Ljava/lang/String;)Lcom/fsck/k9/mail/Folder$FolderClass;
06-05 15:53:10.241 13688 13714 D M_InsDal: Lcom/fsck/k9/mailstore/LocalFolder$MoreMessages;--->fromDatabaseName(Ljava/lang/String;)Lcom/fsck/k9/mailstore/LocalFolder$MoreMessages;
06-05 15:53:10.241 13688 13714 D M_InsDal: Lcom/fsck/k9/mailstore/LocalFolder$MoreMessages;--->values()[Lcom/fsck/k9/mailstore/LocalFolder$MoreMessages;
06-05 15:53:10.241 13688 13714 D M_InsDal: Lcom/fsck/k9/helper/Utility;--->closeQuietly(Landroid/database/Cursor;)V
06-05 15:53:10.241 13688 13714 D M_InsDal: Lcom/fsck/k9/mailstore/LockableDatabase;--->unlockRead()V
06-05 15:53:10.241 13688 13714 D M_InsDal: Lcom/fsck/k9/mailstore/LockableDatabase;--->getStorageManager()Lcom/fsck/k9/mailstore/StorageManager;
06-05 15:53:10.241 13688 13714 D M_InsDal: Lcom/fsck/k9/mailstore/StorageManager;--->getInstance(Landroid/content/Context;)Lcom/fsck/k9/mailstore/StorageManager;
06-05 15:53:10.241 13688 13714 D M_InsDal: Lcom/fsck/k9/mailstore/StorageManager;--->unlockProvider(Ljava/lang/String;)V
06-05 15:53:10.241 13688 13714 D M_InsDal: Lcom/fsck/k9/mailstore/StorageManager;--->getProvider(Ljava/lang/String;)Lcom/fsck/k9/mailstore/StorageManager$StorageProvider;
06-05 15:53:10.241 13688 13714 D M_InsDal: Lcom/fsck/k9/mailstore/LocalFolder;--->getName()Ljava/lang/String;
06-05 15:53:10.241 13688 13714 D M_InsDal: Lcom/fsck/k9/Account;--->getOutboxFolderName()Ljava/lang/String;
06-05 15:53:10.241 13688 13714 D M_InsDal: Lcom/fsck/k9/mailstore/LocalFolder;--->open(I)V
06-05 15:53:10.241 13688 13714 D M_InsDal: Lcom/fsck/k9/mailstore/LocalFolder;--->isOpen()Z
06-05 15:53:10.241 13688 13714 D M_InsDal: Lcom/fsck/k9/mailstore/LocalFolder;--->getMode()I
06-05 15:53:10.241 13688 13714 D M_InsDal: Lcom/fsck/k9/mailstore/LocalFolder;--->getDisplayClass()Lcom/fsck/k9/mail/Folder$FolderClass;
06-05 15:53:10.241 13688 13714 D M_InsDal: Lcom/fsck/k9/mailstore/LocalFolder;--->getPushClass()Lcom/fsck/k9/mail/Folder$FolderClass;
06-05 15:53:10.241 13688 13714 D M_InsDal: Lcom/fsck/k9/controller/MessagingController;--->modeMismatch(Lcom/fsck/k9/Account$FolderMode;Lcom/fsck/k9/mail/Folder$FolderClass;)Z
06-05 15:53:10.241 13688 13714 D M_InsDal: Lcom/fsck/k9/controller/MessagingController;--->modeMismatch(Lcom/fsck/k9/Account$FolderMode;Lcom/fsck/k9/mail/Folder$FolderClass;)Z
06-05 15:53:10.241 13688 13714 D M_InsDal: Lcom/fsck/k9/mailstore/LocalFolder;--->getName()Ljava/lang/String;
06-05 15:53:10.241 13688 13714 D M_InsDal: Lcom/fsck/k9/Account;--->getOutboxFolderName()Ljava/lang/String;
06-05 15:53:10.241 13688 13714 D M_InsDal: Lcom/fsck/k9/mailstore/LocalFolder;--->open(I)V
06-05 15:53:10.241 13688 13714 D M_InsDal: Lcom/fsck/k9/mailstore/LocalFolder;--->isOpen()Z
06-05 15:53:10.241 13688 13714 D M_InsDal: Lcom/fsck/k9/mailstore/LocalFolder;--->getMode()I
06-05 15:53:10.241 13688 13714 D M_InsDal: Lcom/fsck/k9/mailstore/LocalFolder;--->getDisplayClass()Lcom/fsck/k9/mail/Folder$FolderClass;
06-05 15:53:10.241 13688 13714 D M_InsDal: Lcom/fsck/k9/mailstore/LocalFolder;--->getPushClass()Lcom/fsck/k9/mail/Folder$FolderClass;
06-05 15:53:10.241 13688 13714 D M_InsDal: Lcom/fsck/k9/controller/MessagingController;--->modeMismatch(Lcom/fsck/k9/Account$FolderMode;Lcom/fsck/k9/mail/Folder$FolderClass;)Z
06-05 15:53:10.241 13688 13714 D M_InsDal: Lcom/fsck/k9/controller/MessagingController;--->modeMismatch(Lcom/fsck/k9/Account$FolderMode;Lcom/fsck/k9/mail/Folder$FolderClass;)Z
06-05 15:53:10.241 13688 13714 D M_InsDal: Lcom/fsck/k9/mailstore/LocalFolder;--->getName()Ljava/lang/String;
06-05 15:53:10.241 13688 13714 D M_InsDal: Lcom/fsck/k9/Account;--->getOutboxFolderName()Ljava/lang/String;
06-05 15:53:10.241 13688 13714 D M_InsDal: Lcom/fsck/k9/mailstore/LocalFolder;--->open(I)V
06-05 15:53:10.241 13688 13714 D M_InsDal: Lcom/fsck/k9/mailstore/LocalFolder;--->isOpen()Z
06-05 15:53:10.241 13688 13714 D M_InsDal: Lcom/fsck/k9/mailstore/LocalFolder;--->getMode()I
06-05 15:53:10.241 13688 13714 D M_InsDal: Lcom/fsck/k9/mailstore/LocalFolder;--->getDisplayClass()Lcom/fsck/k9/mail/Folder$FolderClass;
06-05 15:53:10.241 13688 13714 D M_InsDal: Lcom/fsck/k9/mailstore/LocalFolder;--->getPushClass()Lcom/fsck/k9/mail/Folder$FolderClass;
06-05 15:53:10.241 13688 13714 D M_InsDal: Lcom/fsck/k9/controller/MessagingController;--->modeMismatch(Lcom/fsck/k9/Account$FolderMode;Lcom/fsck/k9/mail/Folder$FolderClass;)Z
06-05 15:53:10.241 13688 13714 D M_InsDal: Lcom/fsck/k9/controller/MessagingController;--->modeMismatch(Lcom/fsck/k9/Account$FolderMode;Lcom/fsck/k9/mail/Folder$FolderClass;)Z
06-05 15:53:10.242 13688 13714 D M_InsDal: Lcom/fsck/k9/Account;--->getDescription()Ljava/lang/String;
06-05 15:53:10.242 13688 13714 D M_InsDal: Lcom/fsck/k9/mailstore/LocalFolder;--->getName()Ljava/lang/String;
06-05 15:53:10.242 13688 13714 D M_InsDal: Lcom/fsck/k9/mailstore/LocalFolder;--->getName()Ljava/lang/String;
06-05 15:53:10.242 13688 13714 D M_InsDal: Lcom/fsck/k9/Account;--->getOutboxFolderName()Ljava/lang/String;
06-05 15:53:10.242 13688 13714 D M_InsDal: Lcom/fsck/k9/mailstore/LocalFolder;--->open(I)V
06-05 15:53:10.242 13688 13714 D M_InsDal: Lcom/fsck/k9/mailstore/LocalFolder;--->isOpen()Z
06-05 15:53:10.242 13688 13714 D M_InsDal: Lcom/fsck/k9/mailstore/LocalFolder;--->getMode()I
06-05 15:53:10.242 13688 13714 D M_InsDal: Lcom/fsck/k9/mailstore/LocalFolder;--->getDisplayClass()Lcom/fsck/k9/mail/Folder$FolderClass;
06-05 15:53:10.242 13688 13714 D M_InsDal: Lcom/fsck/k9/mailstore/LocalFolder;--->getPushClass()Lcom/fsck/k9/mail/Folder$FolderClass;
06-05 15:53:10.242 13688 13714 D M_InsDal: Lcom/fsck/k9/controller/MessagingController;--->modeMismatch(Lcom/fsck/k9/Account$FolderMode;Lcom/fsck/k9/mail/Folder$FolderClass;)Z
06-05 15:53:10.242 13688 13714 D M_InsDal: Lcom/fsck/k9/controller/MessagingController;--->modeMismatch(Lcom/fsck/k9/Account$FolderMode;Lcom/fsck/k9/mail/Folder$FolderClass;)Z
06-05 15:53:10.242 13688 13714 D M_InsDal: Lcom/fsck/k9/mailstore/LocalFolder;--->getName()Ljava/lang/String;
06-05 15:53:10.242 13688 13714 D M_InsDal: Lcom/fsck/k9/Account;--->getOutboxFolderName()Ljava/lang/String;
06-05 15:53:10.242 13688 13714 D M_InsDal: Lcom/fsck/k9/mailstore/LocalFolder;--->getName()Ljava/lang/String;
06-05 15:53:10.242 13688 13714 D M_InsDal: Lcom/fsck/k9/Account;--->getOutboxFolderName()Ljava/lang/String;
06-05 15:53:10.242 13688 13714 D M_InsDal: Lcom/fsck/k9/mailstore/LocalFolder;--->open(I)V
06-05 15:53:10.242 13688 13714 D M_InsDal: Lcom/fsck/k9/mailstore/LocalFolder;--->isOpen()Z
06-05 15:53:10.242 13688 13714 D M_InsDal: Lcom/fsck/k9/mailstore/LocalFolder;--->getMode()I
06-05 15:53:10.242 13688 13714 D M_InsDal: Lcom/fsck/k9/mailstore/LocalFolder;--->getDisplayClass()Lcom/fsck/k9/mail/Folder$FolderClass;
06-05 15:53:10.242 13688 13714 D M_InsDal: Lcom/fsck/k9/mailstore/LocalFolder;--->getPushClass()Lcom/fsck/k9/mail/Folder$FolderClass;
06-05 15:53:10.242 13688 13714 D M_InsDal: Lcom/fsck/k9/controller/MessagingController;--->modeMismatch(Lcom/fsck/k9/Account$FolderMode;Lcom/fsck/k9/mail/Folder$FolderClass;)Z
06-05 15:53:10.242 13688 13714 D M_InsDal: Lcom/fsck/k9/controller/MessagingController;--->modeMismatch(Lcom/fsck/k9/Account$FolderMode;Lcom/fsck/k9/mail/Folder$FolderClass;)Z
06-05 15:53:10.242 13688 13714 D M_InsDal: Lcom/fsck/k9/mailstore/LocalFolder;--->getName()Ljava/lang/String;
06-05 15:53:10.242 13688 13714 D M_InsDal: Lcom/fsck/k9/Account;--->getOutboxFolderName()Ljava/lang/String;
06-05 15:53:10.242 13688 13714 D M_InsDal: Lcom/fsck/k9/mailstore/LocalFolder;--->open(I)V
06-05 15:53:10.242 13688 13714 D M_InsDal: Lcom/fsck/k9/mailstore/LocalFolder;--->isOpen()Z
06-05 15:53:10.242 13688 13714 D M_InsDal: Lcom/fsck/k9/mailstore/LocalFolder;--->getMode()I
06-05 15:53:10.242 13688 13714 D M_InsDal: Lcom/fsck/k9/mailstore/LocalFolder;--->getDisplayClass()Lcom/fsck/k9/mail/Folder$FolderClass;
06-05 15:53:10.242 13688 13714 D M_InsDal: Lcom/fsck/k9/mailstore/LocalFolder;--->getPushClass()Lcom/fsck/k9/mail/Folder$FolderClass;
06-05 15:53:10.242 13688 13714 D M_InsDal: Lcom/fsck/k9/controller/MessagingController;--->modeMismatch(Lcom/fsck/k9/Account$FolderMode;Lcom/fsck/k9/mail/Folder$FolderClass;)Z
06-05 15:53:10.242 13688 13714 D M_InsDal: Lcom/fsck/k9/controller/MessagingController;--->modeMismatch(Lcom/fsck/k9/Account$FolderMode;Lcom/fsck/k9/mail/Folder$FolderClass;)Z
06-05 15:53:10.242 13688 13714 D M_InsDal: Lcom/fsck/k9/mailstore/LocalFolder;--->getName()Ljava/lang/String;
06-05 15:53:10.242 13688 13714 D M_InsDal: Lcom/fsck/k9/Account;--->getOutboxFolderName()Ljava/lang/String;
06-05 15:53:10.242 13688 13714 D M_InsDal: Lcom/fsck/k9/mailstore/LocalFolder;--->open(I)V
06-05 15:53:10.242 13688 13714 D M_InsDal: Lcom/fsck/k9/mailstore/LocalFolder;--->isOpen()Z
06-05 15:53:10.242 13688 13714 D M_InsDal: Lcom/fsck/k9/mailstore/LocalFolder;--->getMode()I
06-05 15:53:10.242 13688 13714 D M_InsDal: Lcom/fsck/k9/mailstore/LocalFolder;--->getDisplayClass()Lcom/fsck/k9/mail/Folder$FolderClass;
06-05 15:53:10.242 13688 13714 D M_InsDal: Lcom/fsck/k9/mailstore/LocalFolder;--->getPushClass()Lcom/fsck/k9/mail/Folder$FolderClass;
06-05 15:53:10.242 13688 13714 D M_InsDal: Lcom/fsck/k9/mailstore/LocalFolder;--->getSyncClass()Lcom/fsck/k9/mail/Folder$FolderClass;
06-05 15:53:10.242 13688 13714 D M_InsDal: Lcom/fsck/k9/controller/MessagingController;--->modeMismatch(Lcom/fsck/k9/Account$FolderMode;Lcom/fsck/k9/mail/Folder$FolderClass;)Z
06-05 15:53:10.242 13688 13714 D M_InsDal: Lcom/fsck/k9/controller/MessagingController;--->modeMismatch(Lcom/fsck/k9/Account$FolderMode;Lcom/fsck/k9/mail/Folder$FolderClass;)Z
06-05 15:53:10.242 13688 13714 D M_InsDal: Lcom/fsck/k9/mailstore/LocalFolder;--->getName()Ljava/lang/String;
06-05 15:53:10.242 13688 13714 D M_InsDal: Lcom/fsck/k9/Account;--->getOutboxFolderName()Ljava/lang/String;
06-05 15:53:10.242 13688 13714 D M_InsDal: Lcom/fsck/k9/mailstore/LocalFolder;--->open(I)V
06-05 15:53:10.242 13688 13714 D M_InsDal: Lcom/fsck/k9/mailstore/LocalFolder;--->isOpen()Z
06-05 15:53:10.242 13688 13714 D M_InsDal: Lcom/fsck/k9/mailstore/LocalFolder;--->getMode()I
06-05 15:53:10.242 13688 13714 D M_InsDal: Lcom/fsck/k9/mailstore/LocalFolder;--->getDisplayClass()Lcom/fsck/k9/mail/Folder$FolderClass;
06-05 15:53:10.242 13688 13714 D M_InsDal: Lcom/fsck/k9/mailstore/LocalFolder;--->getPushClass()Lcom/fsck/k9/mail/Folder$FolderClass;
06-05 15:53:10.242 13688 13714 D M_InsDal: Lcom/fsck/k9/mailstore/LocalFolder;--->getSyncClass()Lcom/fsck/k9/mail/Folder$FolderClass;
06-05 15:53:10.242 13688 13714 D M_InsDal: Lcom/fsck/k9/controller/MessagingController;--->modeMismatch(Lcom/fsck/k9/Account$FolderMode;Lcom/fsck/k9/mail/Folder$FolderClass;)Z
06-05 15:53:10.242 13688 13714 D M_InsDal: Lcom/fsck/k9/controller/MessagingController;--->modeMismatch(Lcom/fsck/k9/Account$FolderMode;Lcom/fsck/k9/mail/Folder$FolderClass;)Z
06-05 15:53:10.242 13688 13714 D M_InsDal: Lcom/fsck/k9/mailstore/LocalFolder;--->getName()Ljava/lang/String;
06-05 15:53:10.242 13688 13714 D M_InsDal: Lcom/fsck/k9/Account;--->getOutboxFolderName()Ljava/lang/String;
06-05 15:53:10.242 13688 13714 D M_InsDal: Lcom/fsck/k9/mailstore/LocalFolder;--->open(I)V
06-05 15:53:10.242 13688 13714 D M_InsDal: Lcom/fsck/k9/mailstore/LocalFolder;--->isOpen()Z
06-05 15:53:10.242 13688 13714 D M_InsDal: Lcom/fsck/k9/mailstore/LocalFolder;--->getMode()I
06-05 15:53:10.242 13688 13714 D M_InsDal: Lcom/fsck/k9/mailstore/LocalFolder;--->getDisplayClass()Lcom/fsck/k9/mail/Folder$FolderClass;
06-05 15:53:10.242 13688 13714 D M_InsDal: Lcom/fsck/k9/mailstore/LocalFolder;--->getPushClass()Lcom/fsck/k9/mail/Folder$FolderClass;
06-05 15:53:10.242 13688 13714 D M_InsDal: Lcom/fsck/k9/mailstore/LocalFolder;--->getSyncClass()Lcom/fsck/k9/mail/Folder$FolderClass;
06-05 15:53:10.242 13688 13714 D M_InsDal: Lcom/fsck/k9/controller/MessagingController;--->modeMismatch(Lcom/fsck/k9/Account$FolderMode;Lcom/fsck/k9/mail/Folder$FolderClass;)Z
06-05 15:53:10.242 13688 13714 D M_InsDal: Lcom/fsck/k9/controller/MessagingController;--->modeMismatch(Lcom/fsck/k9/Account$FolderMode;Lcom/fsck/k9/mail/Folder$FolderClass;)Z
06-05 15:53:10.242 13688 13714 D M_InsDal: Lcom/fsck/k9/mailstore/LocalFolder;--->getName()Ljava/lang/String;
06-05 15:53:10.242 13688 13714 D M_InsDal: Lcom/fsck/k9/Account;--->getOutboxFolderName()Ljava/lang/String;
06-05 15:53:10.242 13688 13714 D M_InsDal: Lcom/fsck/k9/mailstore/LocalFolder;--->open(I)V
06-05 15:53:10.242 13688 13714 D M_InsDal: Lcom/fsck/k9/mailstore/LocalFolder;--->isOpen()Z
06-05 15:53:10.242 13688 13714 D M_InsDal: Lcom/fsck/k9/mailstore/LocalFolder;--->getMode()I
06-05 15:53:10.242 13688 13714 D M_InsDal: Lcom/fsck/k9/mailstore/LocalFolder;--->getDisplayClass()Lcom/fsck/k9/mail/Folder$FolderClass;
06-05 15:53:10.242 13688 13714 D M_InsDal: Lcom/fsck/k9/mailstore/LocalFolder;--->getPushClass()Lcom/fsck/k9/mail/Folder$FolderClass;
06-05 15:53:10.242 13688 13714 D M_InsDal: Lcom/fsck/k9/mailstore/LocalFolder;--->getSyncClass()Lcom/fsck/k9/mail/Folder$FolderClass;
06-05 15:53:10.242 13688 13714 D M_InsDal: Lcom/fsck/k9/controller/MessagingController;--->modeMismatch(Lcom/fsck/k9/Account$FolderMode;Lcom/fsck/k9/mail/Folder$FolderClass;)Z
06-05 15:53:10.242 13688 13714 D M_InsDal: Lcom/fsck/k9/controller/MessagingController;--->modeMismatch(Lcom/fsck/k9/Account$FolderMode;Lcom/fsck/k9/mail/Folder$FolderClass;)Z
06-05 15:53:10.242 13688 13714 D M_InsDal: Lcom/fsck/k9/Account;--->getDescription()Ljava/lang/String;
06-05 15:53:10.242 13688 13714 D M_InsDal: Lcom/fsck/k9/mailstore/LocalFolder;--->getName()Ljava/lang/String;
06-05 15:53:10.242 13688 13714 D M_InsDal: Lcom/fsck/k9/mailstore/LocalFolder;--->getName()Ljava/lang/String;
06-05 15:53:10.242 13688 13714 D M_InsDal: Lcom/fsck/k9/controller/MessagingControllerPushReceiver;---><init>(Landroid/content/Context;Lcom/fsck/k9/Account;Lcom/fsck/k9/controller/MessagingController;)V
06-05 15:53:10.242 13688 13714 D M_InsDal: Lcom/fsck/k9/Account;--->getMaxPushFolders()I
06-05 15:53:10.242 13688 13714 D M_InsDal: Lcom/fsck/k9/Account;--->getRemoteStore()Lcom/fsck/k9/mail/Store;
06-05 15:53:10.242 13688 13714 D M_InsDal: Lcom/fsck/k9/mail/store/RemoteStore;---><clinit>()V
06-05 15:53:10.242 13688 13714 D M_InsDal: Lcom/fsck/k9/mail/store/RemoteStore;--->getInstance(Landroid/content/Context;Lcom/fsck/k9/mail/store/StoreConfig;)Lcom/fsck/k9/mail/Store;
06-05 15:53:10.242 13688 13714 D M_InsDal: Lcom/fsck/k9/Account;--->getStoreUri()Ljava/lang/String;
06-05 15:53:10.242 13688 13714 D M_InsDal: Lcom/fsck/k9/mail/ssl/DefaultTrustedSocketFactory;---><clinit>()V
06-05 15:53:10.242 13688 13688 D M_InsDal: Lcom/fsck/k9/activity/Accounts$AccountsAdapter$AccountViewHolder;---><init>(Lcom/fsck/k9/activity/Accounts$AccountsAdapter;)V
06-05 15:53:10.242 13688 13688 D M_InsDal: Lcom/fsck/k9/search/SearchAccount;--->getUuid()Ljava/lang/String;
06-05 15:53:10.242 13688 13688 D M_InsDal: Lcom/fsck/k9/search/SearchAccount;--->getEmail()Ljava/lang/String;
06-05 15:53:10.242 13688 13688 D M_InsDal: Lcom/fsck/k9/search/SearchAccount;--->getDescription()Ljava/lang/String;
06-05 15:53:10.242 13688 13688 D M_InsDal: Lcom/fsck/k9/search/SearchAccount;--->getEmail()Ljava/lang/String;
06-05 15:53:10.242 13688 13688 D M_InsDal: Lcom/fsck/k9/search/SearchAccount;--->getDescription()Ljava/lang/String;
06-05 15:53:10.242 13688 13688 D M_InsDal: Lcom/fsck/k9/K9;--->messageListStars()Z
06-05 15:53:10.242 13688 13688 D M_InsDal: Lcom/fsck/k9/activity/Accounts$AccountsAdapter;--->createFlaggedSearchListener(Lcom/fsck/k9/BaseAccount;)Landroid/view/View$OnClickListener;
06-05 15:53:10.242 13688 13688 D M_InsDal: Lcom/fsck/k9/search/SearchAccount;--->getDescription()Ljava/lang/String;
06-05 15:53:10.242 13688 13688 D M_InsDal: Lcom/fsck/k9/search/SearchAccount;--->getRelatedSearch()Lcom/fsck/k9/search/LocalSearch;
06-05 15:53:10.242 13688 13688 D M_InsDal: Lcom/fsck/k9/search/LocalSearch;--->clone()Lcom/fsck/k9/search/LocalSearch;
06-05 15:53:10.242 13688 13688 D M_InsDal: Lcom/fsck/k9/search/ConditionsTreeNode;--->cloneTree()Lcom/fsck/k9/search/ConditionsTreeNode;
06-05 15:53:10.242 13688 13688 D M_InsDal: Lcom/fsck/k9/search/SearchSpecification$SearchCondition;--->clone()Lcom/fsck/k9/search/SearchSpecification$SearchCondition;
06-05 15:53:10.242 13688 13688 D M_InsDal: Lcom/fsck/k9/search/SearchSpecification$SearchCondition;---><init>(Lcom/fsck/k9/search/SearchSpecification$SearchField;Lcom/fsck/k9/search/SearchSpecification$Attribute;Ljava/lang/String;)V
06-05 15:53:10.242 13688 13688 D M_InsDal: Lcom/fsck/k9/search/ConditionsTreeNode;---><init>(Lcom/fsck/k9/search/SearchSpecification$SearchCondition;)V
06-05 15:53:10.242 13688 13688 D M_InsDal: Lcom/fsck/k9/search/LocalSearch;---><init>(Ljava/lang/String;Lcom/fsck/k9/search/ConditionsTreeNode;Ljava/lang/String;Z)V
06-05 15:53:10.242 13688 13688 D M_InsDal: Lcom/fsck/k9/search/LocalSearch;---><init>(Ljava/lang/String;)V
06-05 15:53:10.242 13688 13688 D M_InsDal: Lcom/fsck/k9/search/ConditionsTreeNode;--->getLeafSet()Ljava/util/Set;
06-05 15:53:10.242 13688 13688 D M_InsDal: Lcom/fsck/k9/search/ConditionsTreeNode;--->getLeafSet(Ljava/util/Set;)Ljava/util/Set;
06-05 15:53:10.243 13688 13688 D M_InsDal: Lcom/fsck/k9/search/LocalSearch;--->setName(Ljava/lang/String;)V
06-05 15:53:10.243 13688 13688 D M_InsDal: Lcom/fsck/k9/search/LocalSearch;--->and(Lcom/fsck/k9/search/SearchSpecification$SearchField;Ljava/lang/String;Lcom/fsck/k9/search/SearchSpecification$Attribute;)V
06-05 15:53:10.243 13688 13688 D M_InsDal: Lcom/fsck/k9/search/SearchSpecification$SearchCondition;---><init>(Lcom/fsck/k9/search/SearchSpecification$SearchField;Lcom/fsck/k9/search/SearchSpecification$Attribute;Ljava/lang/String;)V
06-05 15:53:10.243 13688 13688 D M_InsDal: Lcom/fsck/k9/search/LocalSearch;--->and(Lcom/fsck/k9/search/SearchSpecification$SearchCondition;)Lcom/fsck/k9/search/ConditionsTreeNode;
06-05 15:53:10.243 13688 13688 D M_InsDal: Lcom/fsck/k9/search/ConditionsTreeNode;---><init>(Lcom/fsck/k9/search/SearchSpecification$SearchCondition;)V
06-05 15:53:10.243 13688 13688 D M_InsDal: Lcom/fsck/k9/search/LocalSearch;--->and(Lcom/fsck/k9/search/ConditionsTreeNode;)Lcom/fsck/k9/search/ConditionsTreeNode;
06-05 15:53:10.243 13688 13688 D M_InsDal: Lcom/fsck/k9/search/ConditionsTreeNode;--->getLeafSet()Ljava/util/Set;
06-05 15:53:10.243 13688 13688 D M_InsDal: Lcom/fsck/k9/search/ConditionsTreeNode;--->getLeafSet(Ljava/util/Set;)Ljava/util/Set;
06-05 15:53:10.243 13688 13688 D M_InsDal: Lcom/fsck/k9/search/ConditionsTreeNode;--->and(Lcom/fsck/k9/search/ConditionsTreeNode;)Lcom/fsck/k9/search/ConditionsTreeNode;
06-05 15:53:10.243 13688 13688 D M_InsDal: Lcom/fsck/k9/search/ConditionsTreeNode;--->add(Lcom/fsck/k9/search/ConditionsTreeNode;Lcom/fsck/k9/search/ConditionsTreeNode$Operator;)Lcom/fsck/k9/search/ConditionsTreeNode;
06-05 15:53:10.243 13688 13688 D M_InsDal: Lcom/fsck/k9/search/ConditionsTreeNode;---><init>(Lcom/fsck/k9/search/ConditionsTreeNode;Lcom/fsck/k9/search/ConditionsTreeNode$Operator;)V
06-05 15:53:10.243 13688 13688 D M_InsDal: Lcom/fsck/k9/activity/Accounts$AccountClickListener;---><init>(Lcom/fsck/k9/activity/Accounts;Lcom/fsck/k9/search/LocalSearch;)V
06-05 15:53:10.243 13688 13688 D M_InsDal: Lcom/fsck/k9/activity/Accounts$AccountsAdapter;--->createUnreadSearchListener(Lcom/fsck/k9/BaseAccount;)Landroid/view/View$OnClickListener;
06-05 15:53:10.243 13688 13688 D M_InsDal: Lcom/fsck/k9/activity/Accounts;--->createUnreadSearch(Landroid/content/Context;Lcom/fsck/k9/BaseAccount;)Lcom/fsck/k9/search/LocalSearch;
06-05 15:53:10.243 13688 13688 D M_InsDal: Lcom/fsck/k9/search/SearchAccount;--->getDescription()Ljava/lang/String;
06-05 15:53:10.243 13688 13688 D M_InsDal: Lcom/fsck/k9/search/SearchAccount;--->getRelatedSearch()Lcom/fsck/k9/search/LocalSearch;
06-05 15:53:10.243 13688 13688 D M_InsDal: Lcom/fsck/k9/search/LocalSearch;--->clone()Lcom/fsck/k9/search/LocalSearch;
06-05 15:53:10.243 13688 13688 D M_InsDal: Lcom/fsck/k9/search/ConditionsTreeNode;--->cloneTree()Lcom/fsck/k9/search/ConditionsTreeNode;
06-05 15:53:10.243 13688 13688 D M_InsDal: Lcom/fsck/k9/search/SearchSpecification$SearchCondition;--->clone()Lcom/fsck/k9/search/SearchSpecification$SearchCondition;
06-05 15:53:10.243 13688 13688 D M_InsDal: Lcom/fsck/k9/search/SearchSpecification$SearchCondition;---><init>(Lcom/fsck/k9/search/SearchSpecification$SearchField;Lcom/fsck/k9/search/SearchSpecification$Attribute;Ljava/lang/String;)V
06-05 15:53:10.243 13688 13688 D M_InsDal: Lcom/fsck/k9/search/ConditionsTreeNode;---><init>(Lcom/fsck/k9/search/SearchSpecification$SearchCondition;)V
06-05 15:53:10.243 13688 13688 D M_InsDal: Lcom/fsck/k9/search/LocalSearch;---><init>(Ljava/lang/String;Lcom/fsck/k9/search/ConditionsTreeNode;Ljava/lang/String;Z)V
06-05 15:53:10.243 13688 13688 D M_InsDal: Lcom/fsck/k9/search/LocalSearch;---><init>(Ljava/lang/String;)V
06-05 15:53:10.243 13688 13688 D M_InsDal: Lcom/fsck/k9/search/ConditionsTreeNode;--->getLeafSet()Ljava/util/Set;
06-05 15:53:10.243 13688 13688 D M_InsDal: Lcom/fsck/k9/search/ConditionsTreeNode;--->getLeafSet(Ljava/util/Set;)Ljava/util/Set;
06-05 15:53:10.243 13688 13688 D M_InsDal: Lcom/fsck/k9/search/LocalSearch;--->setName(Ljava/lang/String;)V
06-05 15:53:10.243 13688 13688 D M_InsDal: Lcom/fsck/k9/search/LocalSearch;--->and(Lcom/fsck/k9/search/SearchSpecification$SearchField;Ljava/lang/String;Lcom/fsck/k9/search/SearchSpecification$Attribute;)V
06-05 15:53:10.243 13688 13688 D M_InsDal: Lcom/fsck/k9/search/SearchSpecification$SearchCondition;---><init>(Lcom/fsck/k9/search/SearchSpecification$SearchField;Lcom/fsck/k9/search/SearchSpecification$Attribute;Ljava/lang/String;)V
06-05 15:53:10.243 13688 13688 D M_InsDal: Lcom/fsck/k9/search/LocalSearch;--->and(Lcom/fsck/k9/search/SearchSpecification$SearchCondition;)Lcom/fsck/k9/search/ConditionsTreeNode;
06-05 15:53:10.243 13688 13688 D M_InsDal: Lcom/fsck/k9/search/ConditionsTreeNode;---><init>(Lcom/fsck/k9/search/SearchSpecification$SearchCondition;)V
06-05 15:53:10.243 13688 13688 D M_InsDal: Lcom/fsck/k9/search/LocalSearch;--->and(Lcom/fsck/k9/search/ConditionsTreeNode;)Lcom/fsck/k9/search/ConditionsTreeNode;
06-05 15:53:10.243 13688 13688 D M_InsDal: Lcom/fsck/k9/search/ConditionsTreeNode;--->getLeafSet()Ljava/util/Set;
06-05 15:53:10.243 13688 13688 D M_InsDal: Lcom/fsck/k9/search/ConditionsTreeNode;--->getLeafSet(Ljava/util/Set;)Ljava/util/Set;
06-05 15:53:10.243 13688 13688 D M_InsDal: Lcom/fsck/k9/search/ConditionsTreeNode;--->and(Lcom/fsck/k9/search/ConditionsTreeNode;)Lcom/fsck/k9/search/ConditionsTreeNode;
06-05 15:53:10.243 13688 13688 D M_InsDal: Lcom/fsck/k9/search/ConditionsTreeNode;--->add(Lcom/fsck/k9/search/ConditionsTreeNode;Lcom/fsck/k9/search/ConditionsTreeNode$Operator;)Lcom/fsck/k9/search/ConditionsTreeNode;
06-05 15:53:10.243 13688 13688 D M_InsDal: Lcom/fsck/k9/search/ConditionsTreeNode;---><init>(Lcom/fsck/k9/search/ConditionsTreeNode;Lcom/fsck/k9/search/ConditionsTreeNode$Operator;)V
06-05 15:53:10.243 13688 13688 D M_InsDal: Lcom/fsck/k9/activity/Accounts$AccountClickListener;---><init>(Lcom/fsck/k9/activity/Accounts;Lcom/fsck/k9/search/LocalSearch;)V
06-05 15:53:10.243 13688 13688 D M_InsDal: Lcom/fsck/k9/activity/Accounts$AccountsAdapter$1;---><init>(Lcom/fsck/k9/activity/Accounts$AccountsAdapter;)V
06-05 15:53:10.243 13688 13688 D M_InsDal: Lcom/fsck/k9/view/ColorChip;---><init>(IZLandroid/graphics/Path;)V
06-05 15:53:10.243 13688 13688 D M_InsDal: Lcom/fsck/k9/view/ColorChip;--->drawable()Landroid/graphics/drawable/ShapeDrawable;
06-05 15:53:10.243 13688 13688 D M_InsDal: Lcom/fsck/k9/view/ColorChip;---><init>(IZLandroid/graphics/Path;)V
06-05 15:53:10.243 13688 13688 D M_InsDal: Lcom/fsck/k9/view/ColorChip;--->drawable()Landroid/graphics/drawable/ShapeDrawable;
06-05 15:53:10.243 13688 13688 D M_InsDal: Lcom/fsck/k9/FontSizes;--->getAccountName()I
06-05 15:53:10.243 13688 13688 D M_InsDal: Lcom/fsck/k9/FontSizes;--->setViewTextSize(Landroid/widget/TextView;I)V
06-05 15:53:10.243 13688 13688 D M_InsDal: Lcom/fsck/k9/FontSizes;--->getAccountDescription()I
06-05 15:53:10.243 13688 13688 D M_InsDal: Lcom/fsck/k9/FontSizes;--->setViewTextSize(Landroid/widget/TextView;I)V
06-05 15:53:10.244 13688 13714 D M_InsDal: Lcom/fsck/k9/mail/ssl/DefaultTrustedSocketFactory;--->hasWeakSslImplementation()Z
06-05 15:53:10.244 13688 13714 D M_InsDal: Lcom/fsck/k9/mail/ssl/DefaultTrustedSocketFactory;--->remove([Ljava/lang/String;[Ljava/lang/String;)[Ljava/lang/String;
06-05 15:53:10.244 13688 13714 D M_InsDal: Lcom/fsck/k9/mail/ssl/DefaultTrustedSocketFactory;--->remove([Ljava/lang/String;[Ljava/lang/String;)[Ljava/lang/String;
06-05 15:53:10.244 13688 13714 D M_InsDal: Lcom/fsck/k9/mail/ssl/DefaultTrustedSocketFactory;---><init>(Landroid/content/Context;)V
06-05 15:53:10.244 13688 13714 D M_InsDal: Lcom/fsck/k9/mail/store/imap/ImapStore;---><init>(Lcom/fsck/k9/mail/store/StoreConfig;Lcom/fsck/k9/mail/ssl/TrustedSocketFactory;Landroid/net/ConnectivityManager;Lcom/fsck/k9/mail/oauth/OAuth2TokenProvider;)V
06-05 15:53:10.244 13688 13714 D M_InsDal: Lcom/fsck/k9/mail/store/RemoteStore;---><init>(Lcom/fsck/k9/mail/store/StoreConfig;Lcom/fsck/k9/mail/ssl/TrustedSocketFactory;)V
06-05 15:53:10.244 13688 13714 D M_InsDal: Lcom/fsck/k9/mail/Store;---><init>()V
06-05 15:53:10.244 13688 13714 D M_InsDal: Lcom/fsck/k9/Account;--->getStoreUri()Ljava/lang/String;
06-05 15:53:10.244 13688 13714 D M_InsDal: Lcom/fsck/k9/mail/store/imap/ImapStore;--->decodeUri(Ljava/lang/String;)Lcom/fsck/k9/mail/store/imap/ImapStoreSettings;
06-05 15:53:10.244 13688 13714 D M_InsDal: Lcom/fsck/k9/mail/store/imap/ImapStoreUriDecoder;--->decode(Ljava/lang/String;)Lcom/fsck/k9/mail/store/imap/ImapStoreSettings;
06-05 15:53:10.244 13688 13714 D M_InsDal: Lcom/fsck/k9/mail/ConnectionSecurity;---><clinit>()V
06-05 15:53:10.244 13688 13714 D M_InsDal: Lcom/fsck/k9/mail/ConnectionSecurity;---><init>(Ljava/lang/String;I)V
06-05 15:53:10.244 13688 13714 D M_InsDal: Lcom/fsck/k9/mail/ConnectionSecurity;---><init>(Ljava/lang/String;I)V
06-05 15:53:10.244 13688 13714 D M_InsDal: Lcom/fsck/k9/mail/ServerSettings$Type;---><clinit>()V
06-05 15:53:10.244 13688 13714 D M_InsDal: Lcom/fsck/k9/mail/ServerSettings$Type;---><init>(Ljava/lang/String;III)V
06-05 15:53:10.244 13688 13714 D M_InsDal: Lcom/fsck/k9/mail/ServerSettings$Type;---><init>(Ljava/lang/String;III)V
06-05 15:53:10.244 13688 13714 D M_InsDal: Lcom/fsck/k9/mail/AuthType;---><clinit>()V
06-05 15:53:10.244 13688 13714 D M_InsDal: Lcom/fsck/k9/mail/AuthType;---><init>(Ljava/lang/String;I)V
06-05 15:53:10.244 13688 13714 D M_InsDal: Lcom/fsck/k9/mail/AuthType;---><init>(Ljava/lang/String;I)V
06-05 15:53:10.244 13688 13688 D M_InsDal: Lcom/fsck/k9/activity/Accounts$AccountsAdapter;--->getView(ILandroid/view/View;Landroid/view/ViewGroup;)Landroid/view/View;
06-05 15:53:10.244 13688 13714 D M_InsDal: Lcom/fsck/k9/mail/AuthType;---><init>(Ljava/lang/String;I)V
06-05 15:53:10.244 13688 13714 D M_InsDal: Lcom/fsck/k9/mail/AuthType;---><init>(Ljava/lang/String;I)V
06-05 15:53:10.244 13688 13714 D M_InsDal: Lcom/fsck/k9/mail/AuthType;--->valueOf(Ljava/lang/String;)Lcom/fsck/k9/mail/AuthType;
06-05 15:53:10.244 13688 13714 D M_InsDal: Lcom/fsck/k9/mail/AuthType;--->values()[Lcom/fsck/k9/mail/AuthType;
06-05 15:53:10.244 13688 13714 D M_InsDal: Lcom/fsck/k9/mail/helper/UrlEncodingHelper;--->decodeUtf8(Ljava/lang/String;)Ljava/lang/String;
06-05 15:53:10.244 13688 13714 D M_InsDal: Lcom/fsck/k9/mail/helper/UrlEncodingHelper;--->decodeUtf8(Ljava/lang/String;)Ljava/lang/String;
06-05 15:53:10.244 13688 13714 D M_InsDal: Lcom/fsck/k9/mail/store/imap/ImapStoreSettings;---><init>(Ljava/lang/String;ILcom/fsck/k9/mail/ConnectionSecurity;Lcom/fsck/k9/mail/AuthType;Ljava/lang/String;Ljava/lang/String;Ljava/lang/String;ZLjava/lang/String;)V
06-05 15:53:10.244 13688 13714 D M_InsDal: Lcom/fsck/k9/mail/ServerSettings;---><init>(Lcom/fsck/k9/mail/ServerSettings$Type;Ljava/lang/String;ILcom/fsck/k9/mail/ConnectionSecurity;Lcom/fsck/k9/mail/AuthType;Ljava/lang/String;Ljava/lang/String;Ljava/lang/String;)V
06-05 15:53:10.244 13688 13714 D M_InsDal: Lcom/fsck/k9/mail/store/imap/FolderNameCodec;--->newInstance()Lcom/fsck/k9/mail/store/imap/FolderNameCodec;
06-05 15:53:10.244 13688 13714 D M_InsDal: Lcom/fsck/k9/mail/store/imap/FolderNameCodec;---><init>()V
06-05 15:53:10.244 13688 13714 D M_InsDal: Lcom/fsck/k9/mail/store/imap/ImapStore;--->isPushCapable()Z
06-05 15:53:10.244 13688 13714 D M_InsDal: Lcom/fsck/k9/mail/store/imap/ImapStore;--->getPusher(Lcom/fsck/k9/mail/PushReceiver;)Lcom/fsck/k9/mail/Pusher;
06-05 15:53:10.244 13688 13714 D M_InsDal: Lcom/fsck/k9/mail/store/imap/ImapPusher;---><init>(Lcom/fsck/k9/mail/store/imap/ImapStore;Lcom/fsck/k9/mail/PushReceiver;)V
06-05 15:53:10.245 13688 13714 D M_InsDal: Lcom/fsck/k9/Account;--->hashCode()I
06-05 15:53:10.245 13688 13714 D M_InsDal: Lcom/fsck/k9/mail/store/imap/ImapPusher;--->start(Ljava/util/List;)V
06-05 15:53:10.245 13688 13714 D M_InsDal: Lcom/fsck/k9/mail/store/imap/ImapPusher;--->stop()V
06-05 15:53:10.245 13688 13714 D M_InsDal: Lcom/fsck/k9/mail/K9MailLib;--->isDebug()Z
06-05 15:53:10.245 13688 13714 D M_InsDal: Lcom/fsck/k9/K9$2;--->enabled()Z
06-05 15:53:10.245 13688 13714 D M_InsDal: Lcom/fsck/k9/mail/store/imap/ImapPusher;--->currentTimeMillis()J
06-05 15:53:10.245 13688 13714 D M_InsDal: Lcom/fsck/k9/mail/store/imap/ImapPusher;--->setLastRefresh(J)V
06-05 15:53:10.245 13688 13714 D M_InsDal: Lcom/fsck/k9/mail/store/imap/ImapPusher;--->createImapFolderPusher(Ljava/lang/String;)Lcom/fsck/k9/mail/store/imap/ImapFolderPusher;
06-05 15:53:10.245 13688 13714 D M_InsDal: Lcom/fsck/k9/mail/store/imap/ImapFolder;---><clinit>()V
06-05 15:53:10.245 13688 13714 D M_InsDal: Lcom/fsck/k9/mail/store/imap/ImapFolder$1;---><init>()V
06-05 15:53:10.245 13688 13714 D M_InsDal: Lcom/fsck/k9/mail/store/imap/ImapFolderPusher;---><init>(Lcom/fsck/k9/mail/store/imap/ImapStore;Ljava/lang/String;Lcom/fsck/k9/mail/PushReceiver;)V
06-05 15:53:10.245 13688 13714 D M_InsDal: Lcom/fsck/k9/mail/store/imap/ImapFolder;---><init>(Lcom/fsck/k9/mail/store/imap/ImapStore;Ljava/lang/String;)V
06-05 15:53:10.245 13688 13714 D M_InsDal: Lcom/fsck/k9/mail/store/imap/ImapStore;--->getFolderNameCodec()Lcom/fsck/k9/mail/store/imap/FolderNameCodec;
06-05 15:53:10.245 13688 13714 D M_InsDal: Lcom/fsck/k9/mail/store/imap/ImapFolder;---><init>(Lcom/fsck/k9/mail/store/imap/ImapStore;Ljava/lang/String;Lcom/fsck/k9/mail/store/imap/FolderNameCodec;)V
06-05 15:53:10.245 13688 13714 D M_InsDal: Lcom/fsck/k9/mail/Folder;---><init>()V
06-05 15:53:10.245 13688 13688 D M_InsDal: Lcom/fsck/k9/activity/Accounts$AccountsAdapter$AccountViewHolder;---><init>(Lcom/fsck/k9/activity/Accounts$AccountsAdapter;)V
06-05 15:53:10.245 13688 13714 D M_InsDal: Lcom/fsck/k9/mail/store/imap/ImapFolderPusher$IdleStopper;---><init>()V
06-05 15:53:10.245 13688 13688 D M_InsDal: Lcom/fsck/k9/search/SearchAccount;--->getUuid()Ljava/lang/String;
06-05 15:53:10.245 13688 13688 D M_InsDal: Lcom/fsck/k9/search/SearchAccount;--->getEmail()Ljava/lang/String;
06-05 15:53:10.245 13688 13688 D M_InsDal: Lcom/fsck/k9/search/SearchAccount;--->getDescription()Ljava/lang/String;
06-05 15:53:10.245 13688 13714 D M_InsDal: Lcom/fsck/k9/controller/MessagingControllerPushReceiver;--->getContext()Landroid/content/Context;
06-05 15:53:10.245 13688 13688 D M_InsDal: Lcom/fsck/k9/search/SearchAccount;--->getEmail()Ljava/lang/String;
06-05 15:53:10.245 13688 13714 D M_InsDal: Lcom/fsck/k9/mail/power/TracingPowerManager;--->getPowerManager(Landroid/content/Context;)Lcom/fsck/k9/mail/power/TracingPowerManager;
06-05 15:53:10.245 13688 13688 D M_InsDal: Lcom/fsck/k9/search/SearchAccount;--->getDescription()Ljava/lang/String;
06-05 15:53:10.245 13688 13714 D M_InsDal: Lcom/fsck/k9/mail/store/imap/ImapStore;--->getStoreConfig()Lcom/fsck/k9/mail/store/StoreConfig;
06-05 15:53:10.245 13688 13714 D M_InsDal: Lcom/fsck/k9/Account;--->toString()Ljava/lang/String;
06-05 15:53:10.245 13688 13714 D M_InsDal: Lcom/fsck/k9/mail/store/imap/ImapFolder;--->getName()Ljava/lang/String;
06-05 15:53:10.245 13688 13714 D M_InsDal: Lcom/fsck/k9/mail/power/TracingPowerManager;--->newWakeLock(ILjava/lang/String;)Lcom/fsck/k9/mail/power/TracingPowerManager$TracingWakeLock;
06-05 15:53:10.245 13688 13714 D M_InsDal: Lcom/fsck/k9/mail/power/TracingPowerManager$TracingWakeLock;---><init>(Lcom/fsck/k9/mail/power/TracingPowerManager;ILjava/lang/String;)V
06-05 15:53:10.245 13688 13714 D M_InsDal: Lcom/fsck/k9/mail/K9MailLib;--->isDebug()Z
06-05 15:53:10.245 13688 13714 D M_InsDal: Lcom/fsck/k9/K9$2;--->enabled()Z
06-05 15:53:10.245 13688 13714 D M_InsDal: Lcom/fsck/k9/mail/power/TracingPowerManager$TracingWakeLock;--->setReferenceCounted(Z)V
06-05 15:53:10.245 13688 13714 D M_InsDal: Lcom/fsck/k9/mail/store/imap/ImapFolderPusher;--->start()V
