06-05 15:53:10.247 13688 13688 D M_InsDal: Lcom/fsck/k9/search/LocalSearch;--->and(Lcom/fsck/k9/search/SearchSpecification$SearchCondition;)Lcom/fsck/k9/search/ConditionsTreeNode;
06-05 15:53:10.247 13688 13688 D M_InsDal: Lcom/fsck/k9/search/ConditionsTreeNode;---><init>(Lcom/fsck/k9/search/SearchSpecification$SearchCondition;)V
06-05 15:53:10.247 13688 13688 D M_InsDal: Lcom/fsck/k9/search/LocalSearch;--->and(Lcom/fsck/k9/search/ConditionsTreeNode;)Lcom/fsck/k9/search/ConditionsTreeNode;
06-05 15:53:10.247 13688 13688 D M_InsDal: Lcom/fsck/k9/search/ConditionsTreeNode;--->getLeafSet()Ljava/util/Set;
06-05 15:53:10.247 13688 13688 D M_InsDal: Lcom/fsck/k9/search/ConditionsTreeNode;--->getLeafSet(Ljava/util/Set;)Ljava/util/Set;
06-05 15:53:10.247 13688 13688 D M_InsDal: Lcom/fsck/k9/search/ConditionsTreeNode;--->and(Lcom/fsck/k9/search/ConditionsTreeNode;)Lcom/fsck/k9/search/ConditionsTreeNode;
06-05 15:53:10.247 13688 13688 D M_InsDal: Lcom/fsck/k9/search/ConditionsTreeNode;--->add(Lcom/fsck/k9/search/ConditionsTreeNode;Lcom/fsck/k9/search/ConditionsTreeNode$Operator;)Lcom/fsck/k9/search/ConditionsTreeNode;
06-05 15:53:10.247 13688 13688 D M_InsDal: Lcom/fsck/k9/search/ConditionsTreeNode;---><init>(Lcom/fsck/k9/search/ConditionsTreeNode;Lcom/fsck/k9/search/ConditionsTreeNode$Operator;)V
06-05 15:53:10.247 13688 13688 D M_InsDal: Lcom/fsck/k9/activity/Accounts$AccountClickListener;---><init>(Lcom/fsck/k9/activity/Accounts;Lcom/fsck/k9/search/LocalSearch;)V
06-05 15:53:10.247 13688 13688 D M_InsDal: Lcom/fsck/k9/activity/Accounts$AccountsAdapter;--->createUnreadSearchListener(Lcom/fsck/k9/BaseAccount;)Landroid/view/View$OnClickListener;
06-05 15:53:10.247 13688 13688 D M_InsDal: Lcom/fsck/k9/activity/Accounts;--->createUnreadSearch(Landroid/content/Context;Lcom/fsck/k9/BaseAccount;)Lcom/fsck/k9/search/LocalSearch;
06-05 15:53:10.247 13688 13688 D M_InsDal: Lcom/fsck/k9/Account;--->getDescription()Ljava/lang/String;
06-05 15:53:10.247 13688 13722 D M_InsDal: Lcom/fsck/k9/mail/store/imap/ImapConnection;--->connectToAddress(Ljava/net/InetAddress;)Ljava/net/Socket;
06-05 15:53:10.247 13688 13722 D M_InsDal: Lcom/fsck/k9/mail/store/imap/ImapStore$StoreImapSettings;--->getHost()Ljava/lang/String;
06-05 15:53:10.247 13688 13722 D M_InsDal: Lcom/fsck/k9/mail/store/imap/ImapStore$StoreImapSettings;--->getPort()I
06-05 15:53:10.247 13688 13722 D M_InsDal: Lcom/fsck/k9/mail/store/imap/ImapStore$StoreImapSettings;--->getClientCertificateAlias()Ljava/lang/String;
06-05 15:53:10.247 13688 13722 D M_InsDal: Lcom/fsck/k9/mail/K9MailLib;--->isDebug()Z
06-05 15:53:10.247 13688 13688 D M_InsDal: Lcom/fsck/k9/search/LocalSearch;---><init>(Ljava/lang/String;)V
06-05 15:53:10.247 13688 13722 D M_InsDal: Lcom/fsck/k9/K9$2;--->enabled()Z
06-05 15:53:10.247 13688 13688 D M_InsDal: Lcom/fsck/k9/Account;--->getUuid()Ljava/lang/String;
06-05 15:53:10.247 13688 13688 D M_InsDal: Lcom/fsck/k9/search/LocalSearch;--->addAccountUuid(Ljava/lang/String;)V
06-05 15:53:10.247 13688 13688 D M_InsDal: Lcom/fsck/k9/Account;--->excludeSpecialFolders(Lcom/fsck/k9/search/LocalSearch;)V
06-05 15:53:10.247 13688 13688 D M_InsDal: Lcom/fsck/k9/Account;--->getTrashFolderName()Ljava/lang/String;
06-05 15:53:10.247 13688 13722 D M_InsDal: Lcom/fsck/k9/mail/store/imap/ImapStore$StoreImapSettings;--->getConnectionSecurity()Lcom/fsck/k9/mail/ConnectionSecurity;
06-05 15:53:10.247 13688 13688 D M_InsDal: Lcom/fsck/k9/Account;--->excludeSpecialFolder(Lcom/fsck/k9/search/LocalSearch;Ljava/lang/String;)V
06-05 15:53:10.247 13688 13688 D M_InsDal: Lcom/fsck/k9/search/LocalSearch;--->and(Lcom/fsck/k9/search/SearchSpecification$SearchField;Ljava/lang/String;Lcom/fsck/k9/search/SearchSpecification$Attribute;)V
06-05 15:53:10.247 13688 13688 D M_InsDal: Lcom/fsck/k9/search/SearchSpecification$SearchCondition;---><init>(Lcom/fsck/k9/search/SearchSpecification$SearchField;Lcom/fsck/k9/search/SearchSpecification$Attribute;Ljava/lang/String;)V
06-05 15:53:10.247 13688 13722 D M_InsDal: Lcom/fsck/k9/mail/ssl/DefaultTrustedSocketFactory;--->createSocket(Ljava/net/Socket;Ljava/lang/String;ILjava/lang/String;)Ljava/net/Socket;
06-05 15:53:10.247 13688 13688 D M_InsDal: Lcom/fsck/k9/search/LocalSearch;--->and(Lcom/fsck/k9/search/SearchSpecification$SearchCondition;)Lcom/fsck/k9/search/ConditionsTreeNode;
06-05 15:53:10.247 13688 13688 D M_InsDal: Lcom/fsck/k9/search/ConditionsTreeNode;---><init>(Lcom/fsck/k9/search/SearchSpecification$SearchCondition;)V
06-05 15:53:10.247 13688 13688 D M_InsDal: Lcom/fsck/k9/search/LocalSearch;--->and(Lcom/fsck/k9/search/ConditionsTreeNode;)Lcom/fsck/k9/search/ConditionsTreeNode;
06-05 15:53:10.247 13688 13688 D M_InsDal: Lcom/fsck/k9/search/ConditionsTreeNode;--->getLeafSet()Ljava/util/Set;
06-05 15:53:10.247 13688 13688 D M_InsDal: Lcom/fsck/k9/search/ConditionsTreeNode;--->getLeafSet(Ljava/util/Set;)Ljava/util/Set;
06-05 15:53:10.247 13688 13688 D M_InsDal: Lcom/fsck/k9/Account;--->getDraftsFolderName()Ljava/lang/String;
06-05 15:53:10.247 13688 13688 D M_InsDal: Lcom/fsck/k9/Account;--->excludeSpecialFolder(Lcom/fsck/k9/search/LocalSearch;Ljava/lang/String;)V
06-05 15:53:10.247 13688 13688 D M_InsDal: Lcom/fsck/k9/search/LocalSearch;--->and(Lcom/fsck/k9/search/SearchSpecification$SearchField;Ljava/lang/String;Lcom/fsck/k9/search/SearchSpecification$Attribute;)V
06-05 15:53:10.247 13688 13688 D M_InsDal: Lcom/fsck/k9/search/SearchSpecification$SearchCondition;---><init>(Lcom/fsck/k9/search/SearchSpecification$SearchField;Lcom/fsck/k9/search/SearchSpecification$Attribute;Ljava/lang/String;)V
06-05 15:53:10.247 13688 13722 D M_InsDal: Lcom/fsck/k9/mail/ssl/TrustManagerFactory;---><clinit>()V
06-05 15:53:10.247 13688 13722 D M_InsDal: Lcom/fsck/k9/mail/ssl/LocalKeyStore;--->getInstance()Lcom/fsck/k9/mail/ssl/LocalKeyStore;
06-05 15:53:10.247 13688 13722 D M_InsDal: Lcom/fsck/k9/mail/ssl/LocalKeyStore$LocalKeyStoreHolder;---><clinit>()V
06-05 15:53:10.247 13688 13722 D M_InsDal: Lcom/fsck/k9/mail/ssl/LocalKeyStore;---><init>()V
06-05 15:53:10.247 13688 13722 D M_InsDal: Lcom/fsck/k9/mail/ssl/LocalKeyStore;--->upgradeKeyStoreFile()V
06-05 15:53:10.247 13688 13688 D M_InsDal: Lcom/fsck/k9/search/LocalSearch;--->and(Lcom/fsck/k9/search/SearchSpecification$SearchCondition;)Lcom/fsck/k9/search/ConditionsTreeNode;
06-05 15:53:10.247 13688 13688 D M_InsDal: Lcom/fsck/k9/search/ConditionsTreeNode;---><init>(Lcom/fsck/k9/search/SearchSpecification$SearchCondition;)V
06-05 15:53:10.247 13688 13722 D M_InsDal: Lcom/fsck/k9/mail/ssl/LocalKeyStore;--->getKeyStoreFilePath(I)Ljava/lang/String;
06-05 15:53:10.247 13688 13688 D M_InsDal: Lcom/fsck/k9/search/LocalSearch;--->and(Lcom/fsck/k9/search/ConditionsTreeNode;)Lcom/fsck/k9/search/ConditionsTreeNode;
06-05 15:53:10.247 13688 13688 D M_InsDal: Lcom/fsck/k9/search/ConditionsTreeNode;--->getLeafSet()Ljava/util/Set;
06-05 15:53:10.247 13688 13688 D M_InsDal: Lcom/fsck/k9/search/ConditionsTreeNode;--->getLeafSet(Ljava/util/Set;)Ljava/util/Set;
06-05 15:53:10.247 13688 13688 D M_InsDal: Lcom/fsck/k9/search/ConditionsTreeNode;--->and(Lcom/fsck/k9/search/ConditionsTreeNode;)Lcom/fsck/k9/search/ConditionsTreeNode;
06-05 15:53:10.247 13688 13688 D M_InsDal: Lcom/fsck/k9/search/ConditionsTreeNode;--->add(Lcom/fsck/k9/search/ConditionsTreeNode;Lcom/fsck/k9/search/ConditionsTreeNode$Operator;)Lcom/fsck/k9/search/ConditionsTreeNode;
06-05 15:53:10.247 13688 13688 D M_InsDal: Lcom/fsck/k9/search/ConditionsTreeNode;---><init>(Lcom/fsck/k9/search/ConditionsTreeNode;Lcom/fsck/k9/search/ConditionsTreeNode$Operator;)V
06-05 15:53:10.247 13688 13688 D M_InsDal: Lcom/fsck/k9/Account;--->getSpamFolderName()Ljava/lang/String;
06-05 15:53:10.247 13688 13688 D M_InsDal: Lcom/fsck/k9/Account;--->excludeSpecialFolder(Lcom/fsck/k9/search/LocalSearch;Ljava/lang/String;)V
06-05 15:53:10.247 13688 13688 D M_InsDal: Lcom/fsck/k9/search/LocalSearch;--->and(Lcom/fsck/k9/search/SearchSpecification$SearchField;Ljava/lang/String;Lcom/fsck/k9/search/SearchSpecification$Attribute;)V
06-05 15:53:10.247 13688 13688 D M_InsDal: Lcom/fsck/k9/search/SearchSpecification$SearchCondition;---><init>(Lcom/fsck/k9/search/SearchSpecification$SearchField;Lcom/fsck/k9/search/SearchSpecification$Attribute;Ljava/lang/String;)V
06-05 15:53:10.247 13688 13688 D M_InsDal: Lcom/fsck/k9/search/LocalSearch;--->and(Lcom/fsck/k9/search/SearchSpecification$SearchCondition;)Lcom/fsck/k9/search/ConditionsTreeNode;
06-05 15:53:10.247 13688 13688 D M_InsDal: Lcom/fsck/k9/search/ConditionsTreeNode;---><init>(Lcom/fsck/k9/search/SearchSpecification$SearchCondition;)V
06-05 15:53:10.247 13688 13722 D M_InsDal: Lcom/fsck/k9/mail/ssl/LocalKeyStore;--->setKeyStoreFile(Ljava/io/File;)V
06-05 15:53:10.247 13688 13688 D M_InsDal: Lcom/fsck/k9/search/LocalSearch;--->and(Lcom/fsck/k9/search/ConditionsTreeNode;)Lcom/fsck/k9/search/ConditionsTreeNode;
06-05 15:53:10.247 13688 13722 D M_InsDal: Lcom/fsck/k9/mail/ssl/LocalKeyStore;--->getKeyStoreFilePath(I)Ljava/lang/String;
06-05 15:53:10.247 13688 13688 D M_InsDal: Lcom/fsck/k9/search/ConditionsTreeNode;--->getLeafSet()Ljava/util/Set;
06-05 15:53:10.247 13688 13688 D M_InsDal: Lcom/fsck/k9/search/ConditionsTreeNode;--->getLeafSet(Ljava/util/Set;)Ljava/util/Set;
06-05 15:53:10.247 13688 13688 D M_InsDal: Lcom/fsck/k9/search/ConditionsTreeNode;--->and(Lcom/fsck/k9/search/ConditionsTreeNode;)Lcom/fsck/k9/search/ConditionsTreeNode;
06-05 15:53:10.247 13688 13688 D M_InsDal: Lcom/fsck/k9/search/ConditionsTreeNode;--->add(Lcom/fsck/k9/search/ConditionsTreeNode;Lcom/fsck/k9/search/ConditionsTreeNode$Operator;)Lcom/fsck/k9/search/ConditionsTreeNode;
06-05 15:53:10.247 13688 13688 D M_InsDal: Lcom/fsck/k9/search/ConditionsTreeNode;---><init>(Lcom/fsck/k9/search/ConditionsTreeNode;Lcom/fsck/k9/search/ConditionsTreeNode$Operator;)V
06-05 15:53:10.247 13688 13688 D M_InsDal: Lcom/fsck/k9/Account;--->getOutboxFolderName()Ljava/lang/String;
06-05 15:53:10.247 13688 13688 D M_InsDal: Lcom/fsck/k9/Account;--->excludeSpecialFolder(Lcom/fsck/k9/search/LocalSearch;Ljava/lang/String;)V
06-05 15:53:10.247 13688 13688 D M_InsDal: Lcom/fsck/k9/search/LocalSearch;--->and(Lcom/fsck/k9/search/SearchSpecification$SearchField;Ljava/lang/String;Lcom/fsck/k9/search/SearchSpecification$Attribute;)V
06-05 15:53:10.247 13688 13688 D M_InsDal: Lcom/fsck/k9/search/SearchSpecification$SearchCondition;---><init>(Lcom/fsck/k9/search/SearchSpecification$SearchField;Lcom/fsck/k9/search/SearchSpecification$Attribute;Ljava/lang/String;)V
06-05 15:53:10.247 13688 13688 D M_InsDal: Lcom/fsck/k9/search/LocalSearch;--->and(Lcom/fsck/k9/search/SearchSpecification$SearchCondition;)Lcom/fsck/k9/search/ConditionsTreeNode;
06-05 15:53:10.247 13688 13688 D M_InsDal: Lcom/fsck/k9/search/ConditionsTreeNode;---><init>(Lcom/fsck/k9/search/SearchSpecification$SearchCondition;)V
06-05 15:53:10.247 13688 13688 D M_InsDal: Lcom/fsck/k9/search/LocalSearch;--->and(Lcom/fsck/k9/search/ConditionsTreeNode;)Lcom/fsck/k9/search/ConditionsTreeNode;
06-05 15:53:10.247 13688 13688 D M_InsDal: Lcom/fsck/k9/search/ConditionsTreeNode;--->getLeafSet()Ljava/util/Set;
06-05 15:53:10.247 13688 13688 D M_InsDal: Lcom/fsck/k9/search/ConditionsTreeNode;--->getLeafSet(Ljava/util/Set;)Ljava/util/Set;
06-05 15:53:10.247 13688 13688 D M_InsDal: Lcom/fsck/k9/search/ConditionsTreeNode;--->and(Lcom/fsck/k9/search/ConditionsTreeNode;)Lcom/fsck/k9/search/ConditionsTreeNode;
06-05 15:53:10.247 13688 13688 D M_InsDal: Lcom/fsck/k9/search/ConditionsTreeNode;--->add(Lcom/fsck/k9/search/ConditionsTreeNode;Lcom/fsck/k9/search/ConditionsTreeNode$Operator;)Lcom/fsck/k9/search/ConditionsTreeNode;
06-05 15:53:10.247 13688 13688 D M_InsDal: Lcom/fsck/k9/search/ConditionsTreeNode;---><init>(Lcom/fsck/k9/search/ConditionsTreeNode;Lcom/fsck/k9/search/ConditionsTreeNode$Operator;)V
06-05 15:53:10.247 13688 13688 D M_InsDal: Lcom/fsck/k9/Account;--->getSentFolderName()Ljava/lang/String;
06-05 15:53:10.247 13688 13688 D M_InsDal: Lcom/fsck/k9/Account;--->excludeSpecialFolder(Lcom/fsck/k9/search/LocalSearch;Ljava/lang/String;)V
06-05 15:53:10.247 13688 13688 D M_InsDal: Lcom/fsck/k9/search/LocalSearch;--->and(Lcom/fsck/k9/search/SearchSpecification$SearchField;Ljava/lang/String;Lcom/fsck/k9/search/SearchSpecification$Attribute;)V
06-05 15:53:10.247 13688 13688 D M_InsDal: Lcom/fsck/k9/search/SearchSpecification$SearchCondition;---><init>(Lcom/fsck/k9/search/SearchSpecification$SearchField;Lcom/fsck/k9/search/SearchSpecification$Attribute;Ljava/lang/String;)V
06-05 15:53:10.247 13688 13688 D M_InsDal: Lcom/fsck/k9/search/LocalSearch;--->and(Lcom/fsck/k9/search/SearchSpecification$SearchCondition;)Lcom/fsck/k9/search/ConditionsTreeNode;
06-05 15:53:10.247 13688 13688 D M_InsDal: Lcom/fsck/k9/search/ConditionsTreeNode;---><init>(Lcom/fsck/k9/search/SearchSpecification$SearchCondition;)V
06-05 15:53:10.247 13688 13688 D M_InsDal: Lcom/fsck/k9/search/LocalSearch;--->and(Lcom/fsck/k9/search/ConditionsTreeNode;)Lcom/fsck/k9/search/ConditionsTreeNode;
06-05 15:53:10.247 13688 13688 D M_InsDal: Lcom/fsck/k9/search/ConditionsTreeNode;--->getLeafSet()Ljava/util/Set;
06-05 15:53:10.247 13688 13688 D M_InsDal: Lcom/fsck/k9/search/ConditionsTreeNode;--->getLeafSet(Ljava/util/Set;)Ljava/util/Set;
06-05 15:53:10.247 13688 13688 D M_InsDal: Lcom/fsck/k9/search/ConditionsTreeNode;--->and(Lcom/fsck/k9/search/ConditionsTreeNode;)Lcom/fsck/k9/search/ConditionsTreeNode;
06-05 15:53:10.247 13688 13688 D M_InsDal: Lcom/fsck/k9/search/ConditionsTreeNode;--->add(Lcom/fsck/k9/search/ConditionsTreeNode;Lcom/fsck/k9/search/ConditionsTreeNode$Operator;)Lcom/fsck/k9/search/ConditionsTreeNode;
06-05 15:53:10.247 13688 13688 D M_InsDal: Lcom/fsck/k9/search/ConditionsTreeNode;---><init>(Lcom/fsck/k9/search/ConditionsTreeNode;Lcom/fsck/k9/search/ConditionsTreeNode$Operator;)V
06-05 15:53:10.247 13688 13688 D M_InsDal: Lcom/fsck/k9/Account;--->getInboxFolderName()Ljava/lang/String;
06-05 15:53:10.247 13688 13688 D M_InsDal: Lcom/fsck/k9/search/SearchSpecification$SearchCondition;---><init>(Lcom/fsck/k9/search/SearchSpecification$SearchField;Lcom/fsck/k9/search/SearchSpecification$Attribute;Ljava/lang/String;)V
06-05 15:53:10.247 13688 13688 D M_InsDal: Lcom/fsck/k9/search/LocalSearch;--->or(Lcom/fsck/k9/search/SearchSpecification$SearchCondition;)Lcom/fsck/k9/search/ConditionsTreeNode;
06-05 15:53:10.247 13688 13688 D M_InsDal: Lcom/fsck/k9/search/ConditionsTreeNode;---><init>(Lcom/fsck/k9/search/SearchSpecification$SearchCondition;)V
06-05 15:53:10.247 13688 13688 D M_InsDal: Lcom/fsck/k9/search/LocalSearch;--->or(Lcom/fsck/k9/search/ConditionsTreeNode;)Lcom/fsck/k9/search/ConditionsTreeNode;
06-05 15:53:10.247 13688 13688 D M_InsDal: Lcom/fsck/k9/search/ConditionsTreeNode;--->getLeafSet()Ljava/util/Set;
06-05 15:53:10.247 13688 13688 D M_InsDal: Lcom/fsck/k9/search/ConditionsTreeNode;--->getLeafSet(Ljava/util/Set;)Ljava/util/Set;
06-05 15:53:10.247 13688 13688 D M_InsDal: Lcom/fsck/k9/search/ConditionsTreeNode;--->or(Lcom/fsck/k9/search/ConditionsTreeNode;)Lcom/fsck/k9/search/ConditionsTreeNode;
06-05 15:53:10.247 13688 13688 D M_InsDal: Lcom/fsck/k9/search/ConditionsTreeNode;--->add(Lcom/fsck/k9/search/ConditionsTreeNode;Lcom/fsck/k9/search/ConditionsTreeNode$Operator;)Lcom/fsck/k9/search/ConditionsTreeNode;
06-05 15:53:10.247 13688 13688 D M_InsDal: Lcom/fsck/k9/search/ConditionsTreeNode;---><init>(Lcom/fsck/k9/search/ConditionsTreeNode;Lcom/fsck/k9/search/ConditionsTreeNode$Operator;)V
06-05 15:53:10.247 13688 13688 D M_InsDal: Lcom/fsck/k9/Account;--->limitToDisplayableFolders(Lcom/fsck/k9/search/LocalSearch;)V
06-05 15:53:10.247 13688 13688 D M_InsDal: Lcom/fsck/k9/Account;--->getFolderDisplayMode()Lcom/fsck/k9/Account$FolderMode;
06-05 15:53:10.247 13688 13688 D M_InsDal: Lcom/fsck/k9/search/LocalSearch;--->and(Lcom/fsck/k9/search/SearchSpecification$SearchField;Ljava/lang/String;Lcom/fsck/k9/search/SearchSpecification$Attribute;)V
06-05 15:53:10.247 13688 13688 D M_InsDal: Lcom/fsck/k9/search/SearchSpecification$SearchCondition;---><init>(Lcom/fsck/k9/search/SearchSpecification$SearchField;Lcom/fsck/k9/search/SearchSpecification$Attribute;Ljava/lang/String;)V
06-05 15:53:10.247 13688 13688 D M_InsDal: Lcom/fsck/k9/search/LocalSearch;--->and(Lcom/fsck/k9/search/SearchSpecification$SearchCondition;)Lcom/fsck/k9/search/ConditionsTreeNode;
06-05 15:53:10.247 13688 13688 D M_InsDal: Lcom/fsck/k9/search/ConditionsTreeNode;---><init>(Lcom/fsck/k9/search/SearchSpecification$SearchCondition;)V
06-05 15:53:10.247 13688 13688 D M_InsDal: Lcom/fsck/k9/search/LocalSearch;--->and(Lcom/fsck/k9/search/ConditionsTreeNode;)Lcom/fsck/k9/search/ConditionsTreeNode;
06-05 15:53:10.247 13688 13688 D M_InsDal: Lcom/fsck/k9/search/ConditionsTreeNode;--->getLeafSet()Ljava/util/Set;
06-05 15:53:10.247 13688 13688 D M_InsDal: Lcom/fsck/k9/search/ConditionsTreeNode;--->getLeafSet(Ljava/util/Set;)Ljava/util/Set;
06-05 15:53:10.247 13688 13688 D M_InsDal: Lcom/fsck/k9/search/ConditionsTreeNode;--->and(Lcom/fsck/k9/search/ConditionsTreeNode;)Lcom/fsck/k9/search/ConditionsTreeNode;
06-05 15:53:10.247 13688 13688 D M_InsDal: Lcom/fsck/k9/search/ConditionsTreeNode;--->add(Lcom/fsck/k9/search/ConditionsTreeNode;Lcom/fsck/k9/search/ConditionsTreeNode$Operator;)Lcom/fsck/k9/search/ConditionsTreeNode;
06-05 15:53:10.247 13688 13688 D M_InsDal: Lcom/fsck/k9/search/ConditionsTreeNode;---><init>(Lcom/fsck/k9/search/ConditionsTreeNode;Lcom/fsck/k9/search/ConditionsTreeNode$Operator;)V
06-05 15:53:10.247 13688 13688 D M_InsDal: Lcom/fsck/k9/search/LocalSearch;--->and(Lcom/fsck/k9/search/SearchSpecification$SearchField;Ljava/lang/String;Lcom/fsck/k9/search/SearchSpecification$Attribute;)V
06-05 15:53:10.247 13688 13688 D M_InsDal: Lcom/fsck/k9/search/SearchSpecification$SearchCondition;---><init>(Lcom/fsck/k9/search/SearchSpecification$SearchField;Lcom/fsck/k9/search/SearchSpecification$Attribute;Ljava/lang/String;)V
06-05 15:53:10.247 13688 13688 D M_InsDal: Lcom/fsck/k9/search/LocalSearch;--->and(Lcom/fsck/k9/search/SearchSpecification$SearchCondition;)Lcom/fsck/k9/search/ConditionsTreeNode;
06-05 15:53:10.247 13688 13688 D M_InsDal: Lcom/fsck/k9/search/ConditionsTreeNode;---><init>(Lcom/fsck/k9/search/SearchSpecification$SearchCondition;)V
06-05 15:53:10.247 13688 13688 D M_InsDal: Lcom/fsck/k9/search/LocalSearch;--->and(Lcom/fsck/k9/search/ConditionsTreeNode;)Lcom/fsck/k9/search/ConditionsTreeNode;
06-05 15:53:10.247 13688 13688 D M_InsDal: Lcom/fsck/k9/search/ConditionsTreeNode;--->getLeafSet()Ljava/util/Set;
06-05 15:53:10.247 13688 13688 D M_InsDal: Lcom/fsck/k9/search/ConditionsTreeNode;--->getLeafSet(Ljava/util/Set;)Ljava/util/Set;
06-05 15:53:10.247 13688 13688 D M_InsDal: Lcom/fsck/k9/search/ConditionsTreeNode;--->and(Lcom/fsck/k9/search/ConditionsTreeNode;)Lcom/fsck/k9/search/ConditionsTreeNode;
06-05 15:53:10.247 13688 13688 D M_InsDal: Lcom/fsck/k9/search/ConditionsTreeNode;--->add(Lcom/fsck/k9/search/ConditionsTreeNode;Lcom/fsck/k9/search/ConditionsTreeNode$Operator;)Lcom/fsck/k9/search/ConditionsTreeNode;
06-05 15:53:10.247 13688 13688 D M_InsDal: Lcom/fsck/k9/search/ConditionsTreeNode;---><init>(Lcom/fsck/k9/search/ConditionsTreeNode;Lcom/fsck/k9/search/ConditionsTreeNode$Operator;)V
06-05 15:53:10.247 13688 13688 D M_InsDal: Lcom/fsck/k9/activity/Accounts$AccountClickListener;---><init>(Lcom/fsck/k9/activity/Accounts;Lcom/fsck/k9/search/LocalSearch;)V
06-05 15:53:10.247 13688 13688 D M_InsDal: Lcom/fsck/k9/activity/Accounts$AccountsAdapter$1;---><init>(Lcom/fsck/k9/activity/Accounts$AccountsAdapter;)V
06-05 15:53:10.247 13688 13688 D M_InsDal: Lcom/fsck/k9/Account;--->getChipColor()I
06-05 15:53:10.247 13688 13688 D M_InsDal: Lcom/fsck/k9/Account;--->generateColorChip(ZZ)Lcom/fsck/k9/view/ColorChip;
06-05 15:53:10.247 13688 13722 D M_InsDal: Lcom/fsck/k9/mail/ssl/TrustManagerFactory;--->get(Ljava/lang/String;I)Ljavax/net/ssl/X509TrustManager;
06-05 15:53:10.247 13688 13688 D M_InsDal: Lcom/fsck/k9/view/ColorChip;--->drawable()Landroid/graphics/drawable/ShapeDrawable;
06-05 15:53:10.247 13688 13688 D M_InsDal: Lcom/fsck/k9/Account;--->generateColorChip(ZZ)Lcom/fsck/k9/view/ColorChip;
06-05 15:53:10.247 13688 13688 D M_InsDal: Lcom/fsck/k9/view/ColorChip;--->drawable()Landroid/graphics/drawable/ShapeDrawable;
06-05 15:53:10.247 13688 13688 D M_InsDal: Lcom/fsck/k9/FontSizes;--->getAccountName()I
06-05 15:53:10.247 13688 13722 D M_InsDal: Lcom/fsck/k9/mail/ssl/TrustManagerFactory$SecureX509TrustManager;---><clinit>()V
06-05 15:53:10.247 13688 13688 D M_InsDal: Lcom/fsck/k9/FontSizes;--->setViewTextSize(Landroid/widget/TextView;I)V
06-05 15:53:10.247 13688 13688 D M_InsDal: Lcom/fsck/k9/FontSizes;--->getAccountDescription()I
06-05 15:53:10.247 13688 13688 D M_InsDal: Lcom/fsck/k9/FontSizes;--->setViewTextSize(Landroid/widget/TextView;I)V
06-05 15:53:10.247 13688 13722 D M_InsDal: Lcom/fsck/k9/mail/ssl/TrustManagerFactory$SecureX509TrustManager;--->getInstance(Ljava/lang/String;I)Ljavax/net/ssl/X509TrustManager;
06-05 15:53:10.247 13688 13722 D M_InsDal: Lcom/fsck/k9/mail/ssl/TrustManagerFactory$SecureX509TrustManager;---><init>(Ljava/lang/String;I)V
06-05 15:53:10.247 13688 13688 D M_InsDal: Lcom/fsck/k9/activity/Accounts$AccountsAdapter$2;---><init>(Lcom/fsck/k9/activity/Accounts$AccountsAdapter;Lcom/fsck/k9/BaseAccount;)V
06-05 15:53:10.247 13688 13722 D M_InsDal: Lcom/fsck/k9/mail/ssl/DefaultTrustedSocketFactory;--->hardenSocket(Ljavax/net/ssl/SSLSocket;)V
06-05 15:53:10.247 13688 13722 D M_InsDal: Lcom/fsck/k9/mail/ssl/DefaultTrustedSocketFactory;--->setSniHost(Ljavax/net/ssl/SSLSocketFactory;Ljavax/net/ssl/SSLSocket;Ljava/lang/String;)V
06-05 15:53:10.247 13688 13722 D M_InsDal: Lcom/fsck/k9/mail/ssl/DefaultTrustedSocketFactory;--->setHostnameViaReflection(Ljavax/net/ssl/SSLSocket;Ljava/lang/String;)V
06-05 15:53:10.248 13688 13721 D M_InsDal: Lcom/fsck/k9/mail/store/imap/ImapConnection;--->connectToAddress(Ljava/net/InetAddress;)Ljava/net/Socket;
06-05 15:53:10.248 13688 13721 D M_InsDal: Lcom/fsck/k9/mail/store/imap/ImapStore$StoreImapSettings;--->getHost()Ljava/lang/String;
06-05 15:53:10.248 13688 13721 D M_InsDal: Lcom/fsck/k9/mail/store/imap/ImapStore$StoreImapSettings;--->getPort()I
06-05 15:53:10.248 13688 13721 D M_InsDal: Lcom/fsck/k9/mail/store/imap/ImapStore$StoreImapSettings;--->getClientCertificateAlias()Ljava/lang/String;
06-05 15:53:10.248 13688 13721 D M_InsDal: Lcom/fsck/k9/mail/K9MailLib;--->isDebug()Z
06-05 15:53:10.248 13688 13721 D M_InsDal: Lcom/fsck/k9/K9$2;--->enabled()Z
06-05 15:53:10.248 13688 13721 D M_InsDal: Lcom/fsck/k9/mail/store/imap/ImapStore$StoreImapSettings;--->getConnectionSecurity()Lcom/fsck/k9/mail/ConnectionSecurity;
06-05 15:53:10.248 13688 13721 D M_InsDal: Lcom/fsck/k9/mail/ssl/DefaultTrustedSocketFactory;--->createSocket(Ljava/net/Socket;Ljava/lang/String;ILjava/lang/String;)Ljava/net/Socket;
06-05 15:53:10.248 13688 13721 D M_InsDal: Lcom/fsck/k9/mail/ssl/TrustManagerFactory;--->get(Ljava/lang/String;I)Ljavax/net/ssl/X509TrustManager;
06-05 15:53:10.248 13688 13721 D M_InsDal: Lcom/fsck/k9/mail/ssl/TrustManagerFactory$SecureX509TrustManager;--->getInstance(Ljava/lang/String;I)Ljavax/net/ssl/X509TrustManager;
06-05 15:53:10.248 13688 13721 D M_InsDal: Lcom/fsck/k9/mail/ssl/DefaultTrustedSocketFactory;--->hardenSocket(Ljavax/net/ssl/SSLSocket;)V
06-05 15:53:10.248 13688 13721 D M_InsDal: Lcom/fsck/k9/mail/ssl/DefaultTrustedSocketFactory;--->setSniHost(Ljavax/net/ssl/SSLSocketFactory;Ljavax/net/ssl/SSLSocket;Ljava/lang/String;)V
06-05 15:53:10.248 13688 13721 D M_InsDal: Lcom/fsck/k9/mail/ssl/DefaultTrustedSocketFactory;--->setHostnameViaReflection(Ljavax/net/ssl/SSLSocket;Ljava/lang/String;)V
06-05 15:53:10.248 13688 13688 D M_InsDal: Lcom/fsck/k9/activity/Accounts$AccountsHandler$2;--->run()V
06-05 15:53:10.248 13688 13688 D M_InsDal: Lcom/fsck/k9/activity/Accounts$AccountsHandler$6;--->run()V
06-05 15:53:10.249 13688 13688 D M_InsDal: Lcom/fsck/k9/activity/Accounts;--->onCreateOptionsMenu(Landroid/view/Menu;)Z
06-05 15:53:10.251 13688 13688 D M_InsDal: Lcom/fsck/k9/service/BootReceiver;---><init>()V
06-05 15:53:10.251 13688 13688 D M_InsDal: Lcom/fsck/k9/service/CoreReceiver;---><init>()V
06-05 15:53:10.252 13688 13688 D M_InsDal: Lcom/fsck/k9/service/CoreReceiver;--->onReceive(Landroid/content/Context;Landroid/content/Intent;)V
06-05 15:53:10.252 13688 13688 D M_InsDal: Lcom/fsck/k9/service/CoreReceiver;--->getWakeLock(Landroid/content/Context;)Ljava/lang/Integer;
06-05 15:53:10.252 13688 13688 D M_InsDal: Lcom/fsck/k9/mail/power/TracingPowerManager;--->getPowerManager(Landroid/content/Context;)Lcom/fsck/k9/mail/power/TracingPowerManager;
06-05 15:53:10.252 13688 13688 D M_InsDal: Lcom/fsck/k9/mail/power/TracingPowerManager;--->newWakeLock(ILjava/lang/String;)Lcom/fsck/k9/mail/power/TracingPowerManager$TracingWakeLock;
06-05 15:53:10.252 13688 13688 D M_InsDal: Lcom/fsck/k9/mail/power/TracingPowerManager$TracingWakeLock;---><init>(Lcom/fsck/k9/mail/power/TracingPowerManager;ILjava/lang/String;)V
06-05 15:53:10.252 13688 13688 D M_InsDal: Lcom/fsck/k9/mail/K9MailLib;--->isDebug()Z
06-05 15:53:10.252 13688 13688 D M_InsDal: Lcom/fsck/k9/K9$2;--->enabled()Z
06-05 15:53:10.252 13688 13688 D M_InsDal: Lcom/fsck/k9/mail/power/TracingPowerManager$TracingWakeLock;--->setReferenceCounted(Z)V
06-05 15:53:10.252 13688 13688 D M_InsDal: Lcom/fsck/k9/mail/power/TracingPowerManager$TracingWakeLock;--->acquire(J)V
06-05 15:53:10.252 13688 13688 D M_InsDal: Lcom/fsck/k9/mail/K9MailLib;--->isDebug()Z
06-05 15:53:10.252 13688 13688 D M_InsDal: Lcom/fsck/k9/K9$2;--->enabled()Z
06-05 15:53:10.252 13688 13688 D M_InsDal: Lcom/fsck/k9/mail/power/TracingPowerManager$TracingWakeLock;--->raiseNotification()V
06-05 15:53:10.252 13688 13688 D M_InsDal: Lcom/fsck/k9/service/BootReceiver;--->receive(Landroid/content/Context;Landroid/content/Intent;Ljava/lang/Integer;)Ljava/lang/Integer;
06-05 15:53:10.252 13688 13688 D M_InsDal: Lcom/fsck/k9/service/BootReceiver;--->buildPendingIntent(Landroid/content/Context;Landroid/content/Intent;)Landroid/app/PendingIntent;
06-05 15:53:10.252 13688 13688 D M_InsDal: Lcom/fsck/k9/helper/K9AlarmManager;--->getAlarmManager(Landroid/content/Context;)Lcom/fsck/k9/helper/K9AlarmManager;
06-05 15:53:10.252 13688 13688 D M_InsDal: Lcom/fsck/k9/power/DozeChecker;---><init>(Landroid/content/Context;)V
06-05 15:53:10.252 13688 13688 D M_InsDal: Lcom/fsck/k9/helper/K9AlarmManager;---><init>(Landroid/app/AlarmManager;Lcom/fsck/k9/power/DozeChecker;)V
06-05 15:53:10.252 13688 13688 D M_InsDal: Lcom/fsck/k9/helper/K9AlarmManager;--->cancel(Landroid/app/PendingIntent;)V
06-05 15:53:10.252 13688 13688 D M_InsDal: Lcom/fsck/k9/service/CoreReceiver;--->releaseWakeLock(Ljava/lang/Integer;)V
06-05 15:53:10.252 13688 13688 D M_InsDal: Lcom/fsck/k9/mail/power/TracingPowerManager$TracingWakeLock;--->release()V
06-05 15:53:10.252 13688 13688 D M_InsDal: Lcom/fsck/k9/mail/K9MailLib;--->isDebug()Z
06-05 15:53:10.252 13688 13688 D M_InsDal: Lcom/fsck/k9/K9$2;--->enabled()Z
06-05 15:53:10.252 13688 13688 D M_InsDal: Lcom/fsck/k9/mail/power/TracingPowerManager$TracingWakeLock;--->cancelNotification()V
06-05 15:53:10.253 13688 13688 D M_InsDal: Lcom/fsck/k9/activity/Accounts$AccountsHandler$2;--->run()V
06-05 15:53:10.253 13688 13688 D M_InsDal: Lcom/fsck/k9/activity/Accounts$AccountsHandler$6;--->run()V
06-05 15:53:10.253 13688 13688 D M_InsDal: Lcom/fsck/k9/activity/Accounts$AccountsHandler$2;--->run()V
06-05 15:53:10.253 13688 13688 D M_InsDal: Lcom/fsck/k9/activity/Accounts$AccountsHandler$6;--->run()V
06-05 15:53:10.254 13688 13688 D M_InsDal: Lcom/fsck/k9/activity/Accounts$AccountsHandler$1;--->run()V
06-05 15:53:10.254 13688 13688 D M_InsDal: Lcom/fsck/k9/activity/Accounts$AccountsHandler;--->setViewTitle()V
06-05 15:53:10.254 13688 13688 D M_InsDal: Lcom/fsck/k9/activity/ActivityListener;--->getOperation(Landroid/content/Context;)Ljava/lang/String;
06-05 15:53:10.254 13688 13688 D M_InsDal: Lcom/fsck/k9/service/MailService;--->getNextPollTime()J
06-05 15:53:10.254 13688 13688 D M_InsDal: Lcom/fsck/k9/K9;--->isDebug()Z
06-05 15:53:10.254 13688 13688 D M_InsDal: Lcom/fsck/k9/service/MailService;--->isSyncDisabled()Z
06-05 15:53:10.255 13688 13688 D M_InsDal: Lcom/fsck/k9/service/PushService;---><init>()V
06-05 15:53:10.255 13688 13688 D M_InsDal: Lcom/fsck/k9/service/CoreService;---><init>()V
06-05 15:53:10.255 13688 13688 D M_InsDal: Lcom/fsck/k9/service/CoreService;--->onCreate()V
06-05 15:53:10.255 13688 13688 D M_InsDal: Lcom/fsck/k9/service/PushService;--->onCreate()V
06-05 15:53:10.255 13688 13688 D M_InsDal: Lcom/fsck/k9/service/CoreService;--->setAutoShutdown(Z)V
06-05 15:53:10.255 13688 13688 D M_InsDal: Lcom/fsck/k9/service/CoreService;--->onStartCommand(Landroid/content/Intent;II)I
06-05 15:53:10.255 13688 13688 D M_InsDal: Lcom/fsck/k9/service/CoreService;--->acquireWakeLock(Landroid/content/Context;Ljava/lang/String;J)Lcom/fsck/k9/mail/power/TracingPowerManager$TracingWakeLock;
06-05 15:53:10.255 13688 13688 D M_InsDal: Lcom/fsck/k9/mail/power/TracingPowerManager;--->getPowerManager(Landroid/content/Context;)Lcom/fsck/k9/mail/power/TracingPowerManager;
06-05 15:53:10.255 13688 13688 D M_InsDal: Lcom/fsck/k9/mail/power/TracingPowerManager;--->newWakeLock(ILjava/lang/String;)Lcom/fsck/k9/mail/power/TracingPowerManager$TracingWakeLock;
06-05 15:53:10.255 13688 13688 D M_InsDal: Lcom/fsck/k9/mail/power/TracingPowerManager$TracingWakeLock;---><init>(Lcom/fsck/k9/mail/power/TracingPowerManager;ILjava/lang/String;)V
06-05 15:53:10.255 13688 13688 D M_InsDal: Lcom/fsck/k9/mail/K9MailLib;--->isDebug()Z
06-05 15:53:10.255 13688 13688 D M_InsDal: Lcom/fsck/k9/K9$2;--->enabled()Z
06-05 15:53:10.255 13688 13688 D M_InsDal: Lcom/fsck/k9/mail/power/TracingPowerManager$TracingWakeLock;--->setReferenceCounted(Z)V
06-05 15:53:10.255 13688 13688 D M_InsDal: Lcom/fsck/k9/mail/power/TracingPowerManager$TracingWakeLock;--->acquire(J)V
06-05 15:53:10.255 13688 13688 D M_InsDal: Lcom/fsck/k9/mail/K9MailLib;--->isDebug()Z
06-05 15:53:10.255 13688 13688 D M_InsDal: Lcom/fsck/k9/K9$2;--->enabled()Z
06-05 15:53:10.255 13688 13688 D M_InsDal: Lcom/fsck/k9/mail/power/TracingPowerManager$TracingWakeLock;--->raiseNotification()V
06-05 15:53:10.255 13688 13688 D M_InsDal: Lcom/fsck/k9/mail/power/TracingPowerManager$TracingWakeLock;--->release()V
06-05 15:53:10.255 13688 13688 D M_InsDal: Lcom/fsck/k9/mail/K9MailLib;--->isDebug()Z
06-05 15:53:10.255 13688 13688 D M_InsDal: Lcom/fsck/k9/K9$2;--->enabled()Z
06-05 15:53:10.255 13688 13688 D M_InsDal: Lcom/fsck/k9/mail/power/TracingPowerManager$TracingWakeLock;--->cancelNotification()V
06-05 15:53:10.256 13688 13688 D M_InsDal: Lcom/fsck/k9/service/PushService;--->startService(Landroid/content/Intent;I)I
06-05 15:53:10.256 13688 13688 D M_InsDal: Lcom/fsck/k9/mail/power/TracingPowerManager$TracingWakeLock;--->release()V
06-05 15:53:10.256 13688 13688 D M_InsDal: Lcom/fsck/k9/mail/K9MailLib;--->isDebug()Z
06-05 15:53:10.256 13688 13688 D M_InsDal: Lcom/fsck/k9/K9$2;--->enabled()Z
06-05 15:53:10.256 13688 13688 D M_InsDal: Lcom/fsck/k9/mail/power/TracingPowerManager$TracingWakeLock;--->cancelNotification()V
06-05 15:53:10.256 13688 13688 D M_InsDal: Lcom/fsck/k9/service/CoreService;--->onStartCommand(Landroid/content/Intent;II)I
06-05 15:53:10.256 13688 13688 D M_InsDal: Lcom/fsck/k9/service/CoreService;--->acquireWakeLock(Landroid/content/Context;Ljava/lang/String;J)Lcom/fsck/k9/mail/power/TracingPowerManager$TracingWakeLock;
06-05 15:53:10.256 13688 13688 D M_InsDal: Lcom/fsck/k9/mail/power/TracingPowerManager;--->getPowerManager(Landroid/content/Context;)Lcom/fsck/k9/mail/power/TracingPowerManager;
06-05 15:53:10.256 13688 13688 D M_InsDal: Lcom/fsck/k9/mail/power/TracingPowerManager;--->newWakeLock(ILjava/lang/String;)Lcom/fsck/k9/mail/power/TracingPowerManager$TracingWakeLock;
06-05 15:53:10.256 13688 13688 D M_InsDal: Lcom/fsck/k9/mail/power/TracingPowerManager$TracingWakeLock;---><init>(Lcom/fsck/k9/mail/power/TracingPowerManager;ILjava/lang/String;)V
06-05 15:53:10.256 13688 13688 D M_InsDal: Lcom/fsck/k9/mail/K9MailLib;--->isDebug()Z
06-05 15:53:10.256 13688 13688 D M_InsDal: Lcom/fsck/k9/K9$2;--->enabled()Z
06-05 15:53:10.256 13688 13688 D M_InsDal: Lcom/fsck/k9/mail/power/TracingPowerManager$TracingWakeLock;--->setReferenceCounted(Z)V
06-05 15:53:10.256 13688 13688 D M_InsDal: Lcom/fsck/k9/mail/power/TracingPowerManager$TracingWakeLock;--->acquire(J)V
06-05 15:53:10.257 13688 13688 D M_InsDal: Lcom/fsck/k9/mail/K9MailLib;--->isDebug()Z
06-05 15:53:10.257 13688 13688 D M_InsDal: Lcom/fsck/k9/K9$2;--->enabled()Z
06-05 15:53:10.257 13688 13688 D M_InsDal: Lcom/fsck/k9/mail/power/TracingPowerManager$TracingWakeLock;--->raiseNotification()V
06-05 15:53:10.257 13688 13688 D M_InsDal: Lcom/fsck/k9/mail/power/TracingPowerManager$TracingWakeLock;--->release()V
06-05 15:53:10.257 13688 13688 D M_InsDal: Lcom/fsck/k9/mail/K9MailLib;--->isDebug()Z
06-05 15:53:10.257 13688 13688 D M_InsDal: Lcom/fsck/k9/K9$2;--->enabled()Z
06-05 15:53:10.257 13688 13688 D M_InsDal: Lcom/fsck/k9/mail/power/TracingPowerManager$TracingWakeLock;--->cancelNotification()V
06-05 15:53:10.257 13688 13688 D M_InsDal: Lcom/fsck/k9/service/PushService;--->startService(Landroid/content/Intent;I)I
06-05 15:53:10.257 13688 13688 D M_InsDal: Lcom/fsck/k9/mail/power/TracingPowerManager$TracingWakeLock;--->release()V
06-05 15:53:10.257 13688 13688 D M_InsDal: Lcom/fsck/k9/mail/K9MailLib;--->isDebug()Z
06-05 15:53:10.257 13688 13688 D M_InsDal: Lcom/fsck/k9/K9$2;--->enabled()Z
06-05 15:53:10.257 13688 13688 D M_InsDal: Lcom/fsck/k9/mail/power/TracingPowerManager$TracingWakeLock;--->cancelNotification()V
06-05 15:53:10.257 13688 13688 D M_InsDal: Lcom/fsck/k9/service/MailService;--->onDestroy()V
06-05 15:53:10.257 13688 13688 D M_InsDal: Lcom/fsck/k9/service/CoreService;--->onDestroy()V
06-05 15:53:10.259 13688 13688 D M_InsDal: Lcom/fsck/k9/activity/Accounts$AccountsAdapter;--->getView(ILandroid/view/View;Landroid/view/ViewGroup;)Landroid/view/View;
06-05 15:53:10.259 13688 13688 D M_InsDal: Lcom/fsck/k9/search/SearchAccount;--->getUuid()Ljava/lang/String;
06-05 15:53:10.259 13688 13688 D M_InsDal: Lcom/fsck/k9/search/SearchAccount;--->getEmail()Ljava/lang/String;
06-05 15:53:10.259 13688 13688 D M_InsDal: Lcom/fsck/k9/search/SearchAccount;--->getDescription()Ljava/lang/String;
06-05 15:53:10.259 13688 13688 D M_InsDal: Lcom/fsck/k9/search/SearchAccount;--->getEmail()Ljava/lang/String;
06-05 15:53:10.259 13688 13688 D M_InsDal: Lcom/fsck/k9/search/SearchAccount;--->getDescription()Ljava/lang/String;
06-05 15:53:10.259 13688 13688 D M_InsDal: Lcom/fsck/k9/K9;--->messageListStars()Z
06-05 15:53:10.259 13688 13688 D M_InsDal: Lcom/fsck/k9/activity/Accounts$AccountsAdapter;--->createFlaggedSearchListener(Lcom/fsck/k9/BaseAccount;)Landroid/view/View$OnClickListener;
06-05 15:53:10.259 13688 13688 D M_InsDal: Lcom/fsck/k9/search/SearchAccount;--->getDescription()Ljava/lang/String;
06-05 15:53:10.259 13688 13688 D M_InsDal: Lcom/fsck/k9/search/SearchAccount;--->getRelatedSearch()Lcom/fsck/k9/search/LocalSearch;
06-05 15:53:10.259 13688 13688 D M_InsDal: Lcom/fsck/k9/search/LocalSearch;--->clone()Lcom/fsck/k9/search/LocalSearch;
06-05 15:53:10.259 13688 13688 D M_InsDal: Lcom/fsck/k9/search/ConditionsTreeNode;--->cloneTree()Lcom/fsck/k9/search/ConditionsTreeNode;
06-05 15:53:10.259 13688 13688 D M_InsDal: Lcom/fsck/k9/search/SearchSpecification$SearchCondition;--->clone()Lcom/fsck/k9/search/SearchSpecification$SearchCondition;
06-05 15:53:10.259 13688 13688 D M_InsDal: Lcom/fsck/k9/search/SearchSpecification$SearchCondition;---><init>(Lcom/fsck/k9/search/SearchSpecification$SearchField;Lcom/fsck/k9/search/SearchSpecification$Attribute;Ljava/lang/String;)V
06-05 15:53:10.259 13688 13688 D M_InsDal: Lcom/fsck/k9/search/ConditionsTreeNode;---><init>(Lcom/fsck/k9/search/SearchSpecification$SearchCondition;)V
06-05 15:53:10.259 13688 13688 D M_InsDal: Lcom/fsck/k9/search/LocalSearch;---><init>(Ljava/lang/String;Lcom/fsck/k9/search/ConditionsTreeNode;Ljava/lang/String;Z)V
06-05 15:53:10.259 13688 13688 D M_InsDal: Lcom/fsck/k9/search/LocalSearch;---><init>(Ljava/lang/String;)V
06-05 15:53:10.259 13688 13688 D M_InsDal: Lcom/fsck/k9/search/ConditionsTreeNode;--->getLeafSet()Ljava/util/Set;
06-05 15:53:10.259 13688 13688 D M_InsDal: Lcom/fsck/k9/search/ConditionsTreeNode;--->getLeafSet(Ljava/util/Set;)Ljava/util/Set;
06-05 15:53:10.259 13688 13688 D M_InsDal: Lcom/fsck/k9/search/LocalSearch;--->setName(Ljava/lang/String;)V
06-05 15:53:10.259 13688 13688 D M_InsDal: Lcom/fsck/k9/search/LocalSearch;--->and(Lcom/fsck/k9/search/SearchSpecification$SearchField;Ljava/lang/String;Lcom/fsck/k9/search/SearchSpecification$Attribute;)V
06-05 15:53:10.259 13688 13688 D M_InsDal: Lcom/fsck/k9/search/SearchSpecification$SearchCondition;---><init>(Lcom/fsck/k9/search/SearchSpecification$SearchField;Lcom/fsck/k9/search/SearchSpecification$Attribute;Ljava/lang/String;)V
06-05 15:53:10.259 13688 13688 D M_InsDal: Lcom/fsck/k9/search/LocalSearch;--->and(Lcom/fsck/k9/search/SearchSpecification$SearchCondition;)Lcom/fsck/k9/search/ConditionsTreeNode;
06-05 15:53:10.259 13688 13688 D M_InsDal: Lcom/fsck/k9/search/ConditionsTreeNode;---><init>(Lcom/fsck/k9/search/SearchSpecification$SearchCondition;)V
06-05 15:53:10.259 13688 13688 D M_InsDal: Lcom/fsck/k9/search/LocalSearch;--->and(Lcom/fsck/k9/search/ConditionsTreeNode;)Lcom/fsck/k9/search/ConditionsTreeNode;
06-05 15:53:10.259 13688 13688 D M_InsDal: Lcom/fsck/k9/search/ConditionsTreeNode;--->getLeafSet()Ljava/util/Set;
06-05 15:53:10.259 13688 13688 D M_InsDal: Lcom/fsck/k9/search/ConditionsTreeNode;--->getLeafSet(Ljava/util/Set;)Ljava/util/Set;
06-05 15:53:10.259 13688 13688 D M_InsDal: Lcom/fsck/k9/search/ConditionsTreeNode;--->and(Lcom/fsck/k9/search/ConditionsTreeNode;)Lcom/fsck/k9/search/ConditionsTreeNode;
06-05 15:53:10.259 13688 13688 D M_InsDal: Lcom/fsck/k9/search/ConditionsTreeNode;--->add(Lcom/fsck/k9/search/ConditionsTreeNode;Lcom/fsck/k9/search/ConditionsTreeNode$Operator;)Lcom/fsck/k9/search/ConditionsTreeNode;
06-05 15:53:10.259 13688 13688 D M_InsDal: Lcom/fsck/k9/search/ConditionsTreeNode;---><init>(Lcom/fsck/k9/search/ConditionsTreeNode;Lcom/fsck/k9/search/ConditionsTreeNode$Operator;)V
06-05 15:53:10.259 13688 13688 D M_InsDal: Lcom/fsck/k9/activity/Accounts$AccountClickListener;---><init>(Lcom/fsck/k9/activity/Accounts;Lcom/fsck/k9/search/LocalSearch;)V
06-05 15:53:10.259 13688 13688 D M_InsDal: Lcom/fsck/k9/activity/Accounts$AccountsAdapter;--->createUnreadSearchListener(Lcom/fsck/k9/BaseAccount;)Landroid/view/View$OnClickListener;
06-05 15:53:10.259 13688 13688 D M_InsDal: Lcom/fsck/k9/activity/Accounts;--->createUnreadSearch(Landroid/content/Context;Lcom/fsck/k9/BaseAccount;)Lcom/fsck/k9/search/LocalSearch;
06-05 15:53:10.259 13688 13688 D M_InsDal: Lcom/fsck/k9/search/SearchAccount;--->getDescription()Ljava/lang/String;
06-05 15:53:10.259 13688 13688 D M_InsDal: Lcom/fsck/k9/search/SearchAccount;--->getRelatedSearch()Lcom/fsck/k9/search/LocalSearch;
06-05 15:53:10.259 13688 13688 D M_InsDal: Lcom/fsck/k9/search/LocalSearch;--->clone()Lcom/fsck/k9/search/LocalSearch;
06-05 15:53:10.259 13688 13688 D M_InsDal: Lcom/fsck/k9/search/ConditionsTreeNode;--->cloneTree()Lcom/fsck/k9/search/ConditionsTreeNode;
06-05 15:53:10.259 13688 13688 D M_InsDal: Lcom/fsck/k9/search/SearchSpecification$SearchCondition;--->clone()Lcom/fsck/k9/search/SearchSpecification$SearchCondition;
06-05 15:53:10.259 13688 13688 D M_InsDal: Lcom/fsck/k9/search/SearchSpecification$SearchCondition;---><init>(Lcom/fsck/k9/search/SearchSpecification$SearchField;Lcom/fsck/k9/search/SearchSpecification$Attribute;Ljava/lang/String;)V
06-05 15:53:10.259 13688 13688 D M_InsDal: Lcom/fsck/k9/search/ConditionsTreeNode;---><init>(Lcom/fsck/k9/search/SearchSpecification$SearchCondition;)V
06-05 15:53:10.259 13688 13688 D M_InsDal: Lcom/fsck/k9/search/LocalSearch;---><init>(Ljava/lang/String;Lcom/fsck/k9/search/ConditionsTreeNode;Ljava/lang/String;Z)V
06-05 15:53:10.259 13688 13688 D M_InsDal: Lcom/fsck/k9/search/LocalSearch;---><init>(Ljava/lang/String;)V
06-05 15:53:10.259 13688 13688 D M_InsDal: Lcom/fsck/k9/search/ConditionsTreeNode;--->getLeafSet()Ljava/util/Set;
06-05 15:53:10.259 13688 13688 D M_InsDal: Lcom/fsck/k9/search/ConditionsTreeNode;--->getLeafSet(Ljava/util/Set;)Ljava/util/Set;
06-05 15:53:10.259 13688 13688 D M_InsDal: Lcom/fsck/k9/search/LocalSearch;--->setName(Ljava/lang/String;)V
06-05 15:53:10.259 13688 13688 D M_InsDal: Lcom/fsck/k9/search/LocalSearch;--->and(Lcom/fsck/k9/search/SearchSpecification$SearchField;Ljava/lang/String;Lcom/fsck/k9/search/SearchSpecification$Attribute;)V
06-05 15:53:10.259 13688 13688 D M_InsDal: Lcom/fsck/k9/search/SearchSpecification$SearchCondition;---><init>(Lcom/fsck/k9/search/SearchSpecification$SearchField;Lcom/fsck/k9/search/SearchSpecification$Attribute;Ljava/lang/String;)V
06-05 15:53:10.259 13688 13688 D M_InsDal: Lcom/fsck/k9/search/LocalSearch;--->and(Lcom/fsck/k9/search/SearchSpecification$SearchCondition;)Lcom/fsck/k9/search/ConditionsTreeNode;
06-05 15:53:10.259 13688 13688 D M_InsDal: Lcom/fsck/k9/search/ConditionsTreeNode;---><init>(Lcom/fsck/k9/search/SearchSpecification$SearchCondition;)V
06-05 15:53:10.259 13688 13688 D M_InsDal: Lcom/fsck/k9/search/LocalSearch;--->and(Lcom/fsck/k9/search/ConditionsTreeNode;)Lcom/fsck/k9/search/ConditionsTreeNode;
06-05 15:53:10.259 13688 13688 D M_InsDal: Lcom/fsck/k9/search/ConditionsTreeNode;--->getLeafSet()Ljava/util/Set;
06-05 15:53:10.259 13688 13688 D M_InsDal: Lcom/fsck/k9/search/ConditionsTreeNode;--->getLeafSet(Ljava/util/Set;)Ljava/util/Set;
06-05 15:53:10.259 13688 13688 D M_InsDal: Lcom/fsck/k9/search/ConditionsTreeNode;--->and(Lcom/fsck/k9/search/ConditionsTreeNode;)Lcom/fsck/k9/search/ConditionsTreeNode;
06-05 15:53:10.259 13688 13688 D M_InsDal: Lcom/fsck/k9/search/ConditionsTreeNode;--->add(Lcom/fsck/k9/search/ConditionsTreeNode;Lcom/fsck/k9/search/ConditionsTreeNode$Operator;)Lcom/fsck/k9/search/ConditionsTreeNode;
06-05 15:53:10.259 13688 13688 D M_InsDal: Lcom/fsck/k9/search/ConditionsTreeNode;---><init>(Lcom/fsck/k9/search/ConditionsTreeNode;Lcom/fsck/k9/search/ConditionsTreeNode$Operator;)V
06-05 15:53:10.259 13688 13688 D M_InsDal: Lcom/fsck/k9/activity/Accounts$AccountClickListener;---><init>(Lcom/fsck/k9/activity/Accounts;Lcom/fsck/k9/search/LocalSearch;)V
06-05 15:53:10.259 13688 13688 D M_InsDal: Lcom/fsck/k9/activity/Accounts$AccountsAdapter$1;---><init>(Lcom/fsck/k9/activity/Accounts$AccountsAdapter;)V
06-05 15:53:10.259 13688 13688 D M_InsDal: Lcom/fsck/k9/view/ColorChip;---><init>(IZLandroid/graphics/Path;)V
06-05 15:53:10.259 13688 13688 D M_InsDal: Lcom/fsck/k9/view/ColorChip;--->drawable()Landroid/graphics/drawable/ShapeDrawable;
06-05 15:53:10.259 13688 13688 D M_InsDal: Lcom/fsck/k9/view/ColorChip;---><init>(IZLandroid/graphics/Path;)V
06-05 15:53:10.259 13688 13688 D M_InsDal: Lcom/fsck/k9/view/ColorChip;--->drawable()Landroid/graphics/drawable/ShapeDrawable;
06-05 15:53:10.259 13688 13688 D M_InsDal: Lcom/fsck/k9/FontSizes;--->getAccountName()I
06-05 15:53:10.259 13688 13688 D M_InsDal: Lcom/fsck/k9/FontSizes;--->setViewTextSize(Landroid/widget/TextView;I)V
06-05 15:53:10.259 13688 13688 D M_InsDal: Lcom/fsck/k9/FontSizes;--->getAccountDescription()I
06-05 15:53:10.259 13688 13688 D M_InsDal: Lcom/fsck/k9/FontSizes;--->setViewTextSize(Landroid/widget/TextView;I)V
06-05 15:53:10.259 13688 13688 D M_InsDal: Lcom/fsck/k9/activity/Accounts$AccountsAdapter;--->getView(ILandroid/view/View;Landroid/view/ViewGroup;)Landroid/view/View;
06-05 15:53:10.259 13688 13688 D M_InsDal: Lcom/fsck/k9/search/SearchAccount;--->getUuid()Ljava/lang/String;
06-05 15:53:10.259 13688 13688 D M_InsDal: Lcom/fsck/k9/search/SearchAccount;--->getEmail()Ljava/lang/String;
06-05 15:53:10.259 13688 13688 D M_InsDal: Lcom/fsck/k9/search/SearchAccount;--->getDescription()Ljava/lang/String;
06-05 15:53:10.259 13688 13688 D M_InsDal: Lcom/fsck/k9/search/SearchAccount;--->getEmail()Ljava/lang/String;
06-05 15:53:10.259 13688 13688 D M_InsDal: Lcom/fsck/k9/search/SearchAccount;--->getDescription()Ljava/lang/String;
06-05 15:53:10.259 13688 13688 D M_InsDal: Lcom/fsck/k9/K9;--->messageListStars()Z
06-05 15:53:10.259 13688 13688 D M_InsDal: Lcom/fsck/k9/activity/Accounts$AccountsAdapter;--->createFlaggedSearchListener(Lcom/fsck/k9/BaseAccount;)Landroid/view/View$OnClickListener;
06-05 15:53:10.259 13688 13688 D M_InsDal: Lcom/fsck/k9/search/SearchAccount;--->getDescription()Ljava/lang/String;
06-05 15:53:10.259 13688 13688 D M_InsDal: Lcom/fsck/k9/search/SearchAccount;--->getRelatedSearch()Lcom/fsck/k9/search/LocalSearch;
06-05 15:53:10.259 13688 13688 D M_InsDal: Lcom/fsck/k9/search/LocalSearch;--->clone()Lcom/fsck/k9/search/LocalSearch;
06-05 15:53:10.259 13688 13688 D M_InsDal: Lcom/fsck/k9/search/ConditionsTreeNode;--->cloneTree()Lcom/fsck/k9/search/ConditionsTreeNode;
06-05 15:53:10.259 13688 13688 D M_InsDal: Lcom/fsck/k9/search/SearchSpecification$SearchCondition;--->clone()Lcom/fsck/k9/search/SearchSpecification$SearchCondition;
06-05 15:53:10.259 13688 13688 D M_InsDal: Lcom/fsck/k9/search/SearchSpecification$SearchCondition;---><init>(Lcom/fsck/k9/search/SearchSpecification$SearchField;Lcom/fsck/k9/search/SearchSpecification$Attribute;Ljava/lang/String;)V
06-05 15:53:10.259 13688 13688 D M_InsDal: Lcom/fsck/k9/search/ConditionsTreeNode;---><init>(Lcom/fsck/k9/search/SearchSpecification$SearchCondition;)V
06-05 15:53:10.259 13688 13688 D M_InsDal: Lcom/fsck/k9/search/LocalSearch;---><init>(Ljava/lang/String;Lcom/fsck/k9/search/ConditionsTreeNode;Ljava/lang/String;Z)V
06-05 15:53:10.259 13688 13688 D M_InsDal: Lcom/fsck/k9/search/LocalSearch;---><init>(Ljava/lang/String;)V
06-05 15:53:10.259 13688 13688 D M_InsDal: Lcom/fsck/k9/search/ConditionsTreeNode;--->getLeafSet()Ljava/util/Set;
06-05 15:53:10.259 13688 13688 D M_InsDal: Lcom/fsck/k9/search/ConditionsTreeNode;--->getLeafSet(Ljava/util/Set;)Ljava/util/Set;
06-05 15:53:10.259 13688 13688 D M_InsDal: Lcom/fsck/k9/search/LocalSearch;--->setName(Ljava/lang/String;)V
06-05 15:53:10.259 13688 13688 D M_InsDal: Lcom/fsck/k9/search/LocalSearch;--->and(Lcom/fsck/k9/search/SearchSpecification$SearchField;Ljava/lang/String;Lcom/fsck/k9/search/SearchSpecification$Attribute;)V
06-05 15:53:10.259 13688 13688 D M_InsDal: Lcom/fsck/k9/search/SearchSpecification$SearchCondition;---><init>(Lcom/fsck/k9/search/SearchSpecification$SearchField;Lcom/fsck/k9/search/SearchSpecification$Attribute;Ljava/lang/String;)V
06-05 15:53:10.259 13688 13688 D M_InsDal: Lcom/fsck/k9/search/LocalSearch;--->and(Lcom/fsck/k9/search/SearchSpecification$SearchCondition;)Lcom/fsck/k9/search/ConditionsTreeNode;
06-05 15:53:10.259 13688 13688 D M_InsDal: Lcom/fsck/k9/search/ConditionsTreeNode;---><init>(Lcom/fsck/k9/search/SearchSpecification$SearchCondition;)V
06-05 15:53:10.259 13688 13688 D M_InsDal: Lcom/fsck/k9/search/LocalSearch;--->and(Lcom/fsck/k9/search/ConditionsTreeNode;)Lcom/fsck/k9/search/ConditionsTreeNode;
06-05 15:53:10.259 13688 13688 D M_InsDal: Lcom/fsck/k9/search/ConditionsTreeNode;--->getLeafSet()Ljava/util/Set;
06-05 15:53:10.259 13688 13688 D M_InsDal: Lcom/fsck/k9/search/ConditionsTreeNode;--->getLeafSet(Ljava/util/Set;)Ljava/util/Set;
06-05 15:53:10.259 13688 13688 D M_InsDal: Lcom/fsck/k9/search/ConditionsTreeNode;--->and(Lcom/fsck/k9/search/ConditionsTreeNode;)Lcom/fsck/k9/search/ConditionsTreeNode;
06-05 15:53:10.259 13688 13688 D M_InsDal: Lcom/fsck/k9/search/ConditionsTreeNode;--->add(Lcom/fsck/k9/search/ConditionsTreeNode;Lcom/fsck/k9/search/ConditionsTreeNode$Operator;)Lcom/fsck/k9/search/ConditionsTreeNode;
06-05 15:53:10.259 13688 13688 D M_InsDal: Lcom/fsck/k9/search/ConditionsTreeNode;---><init>(Lcom/fsck/k9/search/ConditionsTreeNode;Lcom/fsck/k9/search/ConditionsTreeNode$Operator;)V
06-05 15:53:10.259 13688 13688 D M_InsDal: Lcom/fsck/k9/activity/Accounts$AccountClickListener;---><init>(Lcom/fsck/k9/activity/Accounts;Lcom/fsck/k9/search/LocalSearch;)V
06-05 15:53:10.259 13688 13688 D M_InsDal: Lcom/fsck/k9/activity/Accounts$AccountsAdapter;--->createUnreadSearchListener(Lcom/fsck/k9/BaseAccount;)Landroid/view/View$OnClickListener;
06-05 15:53:10.259 13688 13688 D M_InsDal: Lcom/fsck/k9/activity/Accounts;--->createUnreadSearch(Landroid/content/Context;Lcom/fsck/k9/BaseAccount;)Lcom/fsck/k9/search/LocalSearch;
06-05 15:53:10.259 13688 13688 D M_InsDal: Lcom/fsck/k9/search/SearchAccount;--->getDescription()Ljava/lang/String;
06-05 15:53:10.259 13688 13688 D M_InsDal: Lcom/fsck/k9/search/SearchAccount;--->getRelatedSearch()Lcom/fsck/k9/search/LocalSearch;
06-05 15:53:10.259 13688 13688 D M_InsDal: Lcom/fsck/k9/search/LocalSearch;--->clone()Lcom/fsck/k9/search/LocalSearch;
06-05 15:53:10.259 13688 13688 D M_InsDal: Lcom/fsck/k9/search/ConditionsTreeNode;--->cloneTree()Lcom/fsck/k9/search/ConditionsTreeNode;
06-05 15:53:10.259 13688 13688 D M_InsDal: Lcom/fsck/k9/search/SearchSpecification$SearchCondition;--->clone()Lcom/fsck/k9/search/SearchSpecification$SearchCondition;
06-05 15:53:10.259 13688 13688 D M_InsDal: Lcom/fsck/k9/search/SearchSpecification$SearchCondition;---><init>(Lcom/fsck/k9/search/SearchSpecification$SearchField;Lcom/fsck/k9/search/SearchSpecification$Attribute;Ljava/lang/String;)V
06-05 15:53:10.259 13688 13688 D M_InsDal: Lcom/fsck/k9/search/ConditionsTreeNode;---><init>(Lcom/fsck/k9/search/SearchSpecification$SearchCondition;)V
06-05 15:53:10.259 13688 13688 D M_InsDal: Lcom/fsck/k9/search/LocalSearch;---><init>(Ljava/lang/String;Lcom/fsck/k9/search/ConditionsTreeNode;Ljava/lang/String;Z)V
06-05 15:53:10.259 13688 13688 D M_InsDal: Lcom/fsck/k9/search/LocalSearch;---><init>(Ljava/lang/String;)V
06-05 15:53:10.259 13688 13688 D M_InsDal: Lcom/fsck/k9/search/ConditionsTreeNode;--->getLeafSet()Ljava/util/Set;
06-05 15:53:10.259 13688 13688 D M_InsDal: Lcom/fsck/k9/search/ConditionsTreeNode;--->getLeafSet(Ljava/util/Set;)Ljava/util/Set;
