06-05 15:26:21.312  6462  6481 D M_InsDal: Lcom/fsck/k9/mail/Folder$FolderClass;--->valueOf(Ljava/lang/String;)Lcom/fsck/k9/mail/Folder$FolderClass;
06-05 15:26:21.312  6462  6462 D M_InsDal: Lcom/fsck/k9/search/LocalSearch;--->and(Lcom/fsck/k9/search/SearchSpecification$SearchField;Ljava/lang/String;Lcom/fsck/k9/search/SearchSpecification$Attribute;)V
06-05 15:26:21.312  6462  6462 D M_InsDal: Lcom/fsck/k9/search/SearchSpecification$SearchCondition;---><init>(Lcom/fsck/k9/search/SearchSpecification$SearchField;Lcom/fsck/k9/search/SearchSpecification$Attribute;Ljava/lang/String;)V
06-05 15:26:21.312  6462  6481 D M_InsDal: Lcom/fsck/k9/mail/Folder$FolderClass;--->valueOf(Ljava/lang/String;)Lcom/fsck/k9/mail/Folder$FolderClass;
06-05 15:26:21.312  6462  6462 D M_InsDal: Lcom/fsck/k9/search/LocalSearch;--->and(Lcom/fsck/k9/search/SearchSpecification$SearchCondition;)Lcom/fsck/k9/search/ConditionsTreeNode;
06-05 15:26:21.312  6462  6481 D M_InsDal: Lcom/fsck/k9/mail/Folder$FolderClass;--->valueOf(Ljava/lang/String;)Lcom/fsck/k9/mail/Folder$FolderClass;
06-05 15:26:21.312  6462  6462 D M_InsDal: Lcom/fsck/k9/search/ConditionsTreeNode;---><init>(Lcom/fsck/k9/search/SearchSpecification$SearchCondition;)V
06-05 15:26:21.312  6462  6462 D M_InsDal: Lcom/fsck/k9/search/LocalSearch;--->and(Lcom/fsck/k9/search/ConditionsTreeNode;)Lcom/fsck/k9/search/ConditionsTreeNode;
06-05 15:26:21.312  6462  6481 D M_InsDal: Lcom/fsck/k9/mailstore/LocalFolder$MoreMessages;--->fromDatabaseName(Ljava/lang/String;)Lcom/fsck/k9/mailstore/LocalFolder$MoreMessages;
06-05 15:26:21.312  6462  6462 D M_InsDal: Lcom/fsck/k9/search/ConditionsTreeNode;--->getLeafSet()Ljava/util/Set;
06-05 15:26:21.312  6462  6481 D M_InsDal: Lcom/fsck/k9/mailstore/LocalFolder$MoreMessages;--->values()[Lcom/fsck/k9/mailstore/LocalFolder$MoreMessages;
06-05 15:26:21.312  6462  6462 D M_InsDal: Lcom/fsck/k9/search/ConditionsTreeNode;--->getLeafSet(Ljava/util/Set;)Ljava/util/Set;
06-05 15:26:21.312  6462  6462 D M_InsDal: Lcom/fsck/k9/search/ConditionsTreeNode;--->and(Lcom/fsck/k9/search/ConditionsTreeNode;)Lcom/fsck/k9/search/ConditionsTreeNode;
06-05 15:26:21.312  6462  6462 D M_InsDal: Lcom/fsck/k9/search/ConditionsTreeNode;--->add(Lcom/fsck/k9/search/ConditionsTreeNode;Lcom/fsck/k9/search/ConditionsTreeNode$Operator;)Lcom/fsck/k9/search/ConditionsTreeNode;
06-05 15:26:21.312  6462  6481 D M_InsDal: Lcom/fsck/k9/helper/Utility;--->closeQuietly(Landroid/database/Cursor;)V
06-05 15:26:21.312  6462  6462 D M_InsDal: Lcom/fsck/k9/search/ConditionsTreeNode;---><init>(Lcom/fsck/k9/search/ConditionsTreeNode;Lcom/fsck/k9/search/ConditionsTreeNode$Operator;)V
06-05 15:26:21.312  6462  6462 D M_InsDal: Lcom/fsck/k9/search/LocalSearch;--->and(Lcom/fsck/k9/search/SearchSpecification$SearchField;Ljava/lang/String;Lcom/fsck/k9/search/SearchSpecification$Attribute;)V
06-05 15:26:21.312  6462  6462 D M_InsDal: Lcom/fsck/k9/search/SearchSpecification$SearchCondition;---><init>(Lcom/fsck/k9/search/SearchSpecification$SearchField;Lcom/fsck/k9/search/SearchSpecification$Attribute;Ljava/lang/String;)V
06-05 15:26:21.312  6462  6462 D M_InsDal: Lcom/fsck/k9/search/LocalSearch;--->and(Lcom/fsck/k9/search/SearchSpecification$SearchCondition;)Lcom/fsck/k9/search/ConditionsTreeNode;
06-05 15:26:21.312  6462  6462 D M_InsDal: Lcom/fsck/k9/search/ConditionsTreeNode;---><init>(Lcom/fsck/k9/search/SearchSpecification$SearchCondition;)V
06-05 15:26:21.312  6462  6462 D M_InsDal: Lcom/fsck/k9/search/LocalSearch;--->and(Lcom/fsck/k9/search/ConditionsTreeNode;)Lcom/fsck/k9/search/ConditionsTreeNode;
06-05 15:26:21.312  6462  6462 D M_InsDal: Lcom/fsck/k9/search/ConditionsTreeNode;--->getLeafSet()Ljava/util/Set;
06-05 15:26:21.312  6462  6462 D M_InsDal: Lcom/fsck/k9/search/ConditionsTreeNode;--->getLeafSet(Ljava/util/Set;)Ljava/util/Set;
06-05 15:26:21.312  6462  6481 D M_InsDal: Lcom/fsck/k9/mailstore/LockableDatabase;--->unlockRead()V
06-05 15:26:21.312  6462  6462 D M_InsDal: Lcom/fsck/k9/search/ConditionsTreeNode;--->and(Lcom/fsck/k9/search/ConditionsTreeNode;)Lcom/fsck/k9/search/ConditionsTreeNode;
06-05 15:26:21.312  6462  6481 D M_InsDal: Lcom/fsck/k9/mailstore/LockableDatabase;--->getStorageManager()Lcom/fsck/k9/mailstore/StorageManager;
06-05 15:26:21.312  6462  6462 D M_InsDal: Lcom/fsck/k9/search/ConditionsTreeNode;--->add(Lcom/fsck/k9/search/ConditionsTreeNode;Lcom/fsck/k9/search/ConditionsTreeNode$Operator;)Lcom/fsck/k9/search/ConditionsTreeNode;
06-05 15:26:21.312  6462  6481 D M_InsDal: Lcom/fsck/k9/mailstore/StorageManager;--->getInstance(Landroid/content/Context;)Lcom/fsck/k9/mailstore/StorageManager;
06-05 15:26:21.312  6462  6462 D M_InsDal: Lcom/fsck/k9/search/ConditionsTreeNode;---><init>(Lcom/fsck/k9/search/ConditionsTreeNode;Lcom/fsck/k9/search/ConditionsTreeNode$Operator;)V
06-05 15:26:21.312  6462  6481 D M_InsDal: Lcom/fsck/k9/mailstore/StorageManager;--->unlockProvider(Ljava/lang/String;)V
06-05 15:26:21.312  6462  6462 D M_InsDal: Lcom/fsck/k9/activity/Accounts$AccountClickListener;---><init>(Lcom/fsck/k9/activity/Accounts;Lcom/fsck/k9/search/LocalSearch;)V
06-05 15:26:21.312  6462  6481 D M_InsDal: Lcom/fsck/k9/mailstore/StorageManager;--->getProvider(Ljava/lang/String;)Lcom/fsck/k9/mailstore/StorageManager$StorageProvider;
06-05 15:26:21.312  6462  6462 D M_InsDal: Lcom/fsck/k9/activity/Accounts$AccountsAdapter$1;---><init>(Lcom/fsck/k9/activity/Accounts$AccountsAdapter;)V
06-05 15:26:21.312  6462  6481 D M_InsDal: Lcom/fsck/k9/mailstore/LocalFolder;--->updateLastUid()V
06-05 15:26:21.312  6462  6462 D M_InsDal: Lcom/fsck/k9/Account;--->getChipColor()I
06-05 15:26:21.312  6462  6481 D M_InsDal: Lcom/fsck/k9/mailstore/LocalStore;--->getDatabase()Lcom/fsck/k9/mailstore/LockableDatabase;
06-05 15:26:21.312  6462  6462 D M_InsDal: Lcom/fsck/k9/Account;--->generateColorChip(ZZ)Lcom/fsck/k9/view/ColorChip;
06-05 15:26:21.312  6462  6481 D M_InsDal: Lcom/fsck/k9/mailstore/LocalFolder$26;---><init>(Lcom/fsck/k9/mailstore/LocalFolder;)V
06-05 15:26:21.312  6462  6481 D M_InsDal: Lcom/fsck/k9/mailstore/LockableDatabase;--->execute(ZLcom/fsck/k9/mailstore/LockableDatabase$DbCallback;)Ljava/lang/Object;
06-05 15:26:21.312  6462  6462 D M_InsDal: Lcom/fsck/k9/view/ColorChip;--->drawable()Landroid/graphics/drawable/ShapeDrawable;
06-05 15:26:21.312  6462  6481 D M_InsDal: Lcom/fsck/k9/mailstore/LockableDatabase;--->lockRead()V
06-05 15:26:21.312  6462  6462 D M_InsDal: Lcom/fsck/k9/Account;--->generateColorChip(ZZ)Lcom/fsck/k9/view/ColorChip;
06-05 15:26:21.312  6462  6481 D M_InsDal: Lcom/fsck/k9/mailstore/LockableDatabase;--->getStorageManager()Lcom/fsck/k9/mailstore/StorageManager;
06-05 15:26:21.312  6462  6462 D M_InsDal: Lcom/fsck/k9/view/ColorChip;--->drawable()Landroid/graphics/drawable/ShapeDrawable;
06-05 15:26:21.312  6462  6481 D M_InsDal: Lcom/fsck/k9/mailstore/StorageManager;--->getInstance(Landroid/content/Context;)Lcom/fsck/k9/mailstore/StorageManager;
06-05 15:26:21.312  6462  6462 D M_InsDal: Lcom/fsck/k9/FontSizes;--->getAccountName()I
06-05 15:26:21.312  6462  6481 D M_InsDal: Lcom/fsck/k9/mailstore/StorageManager;--->lockProvider(Ljava/lang/String;)V
06-05 15:26:21.312  6462  6462 D M_InsDal: Lcom/fsck/k9/FontSizes;--->setViewTextSize(Landroid/widget/TextView;I)V
06-05 15:26:21.312  6462  6481 D M_InsDal: Lcom/fsck/k9/mailstore/StorageManager;--->getProvider(Ljava/lang/String;)Lcom/fsck/k9/mailstore/StorageManager$StorageProvider;
06-05 15:26:21.312  6462  6462 D M_InsDal: Lcom/fsck/k9/FontSizes;--->getAccountDescription()I
06-05 15:26:21.312  6462  6462 D M_InsDal: Lcom/fsck/k9/FontSizes;--->setViewTextSize(Landroid/widget/TextView;I)V
06-05 15:26:21.312  6462  6481 D M_InsDal: Lcom/fsck/k9/mailstore/StorageManager$InternalStorageProvider;--->isReady(Landroid/content/Context;)Z
06-05 15:26:21.313  6462  6462 D M_InsDal: Lcom/fsck/k9/activity/Accounts$AccountsAdapter$2;---><init>(Lcom/fsck/k9/activity/Accounts$AccountsAdapter;Lcom/fsck/k9/BaseAccount;)V
06-05 15:26:21.313  6462  6481 D M_InsDal: Lcom/fsck/k9/K9;--->isDebug()Z
06-05 15:26:21.313  6462  6481 D M_InsDal: Lcom/fsck/k9/mailstore/LocalFolder$26;--->doDbWork(Landroid/database/sqlite/SQLiteDatabase;)Ljava/lang/Integer;
06-05 15:26:21.313  6462  6481 D M_InsDal: Lcom/fsck/k9/mailstore/LocalFolder;--->open(I)V
06-05 15:26:21.313  6462  6481 D M_InsDal: Lcom/fsck/k9/mailstore/LocalFolder;--->isOpen()Z
06-05 15:26:21.313  6462  6481 D M_InsDal: Lcom/fsck/k9/mailstore/LocalFolder;--->getMode()I
06-05 15:26:21.313  6462  6481 D M_InsDal: Lcom/fsck/k9/helper/Utility;--->closeQuietly(Landroid/database/Cursor;)V
06-05 15:26:21.313  6462  6481 D M_InsDal: Lcom/fsck/k9/mailstore/LockableDatabase;--->unlockRead()V
06-05 15:26:21.313  6462  6481 D M_InsDal: Lcom/fsck/k9/mailstore/LockableDatabase;--->getStorageManager()Lcom/fsck/k9/mailstore/StorageManager;
06-05 15:26:21.313  6462  6481 D M_InsDal: Lcom/fsck/k9/mailstore/StorageManager;--->getInstance(Landroid/content/Context;)Lcom/fsck/k9/mailstore/StorageManager;
06-05 15:26:21.313  6462  6481 D M_InsDal: Lcom/fsck/k9/mailstore/StorageManager;--->unlockProvider(Ljava/lang/String;)V
06-05 15:26:21.313  6462  6481 D M_InsDal: Lcom/fsck/k9/mailstore/StorageManager;--->getProvider(Ljava/lang/String;)Lcom/fsck/k9/mailstore/StorageManager$StorageProvider;
06-05 15:26:21.313  6462  6481 D M_InsDal: Lcom/fsck/k9/mailstore/LocalFolder;--->getAllMessagesAndEffectiveDates()Ljava/util/Map;
06-05 15:26:21.313  6462  6481 D M_InsDal: Lcom/fsck/k9/mailstore/LocalStore;--->getDatabase()Lcom/fsck/k9/mailstore/LockableDatabase;
06-05 15:26:21.313  6462  6481 D M_InsDal: Lcom/fsck/k9/mailstore/LocalFolder$11;---><init>(Lcom/fsck/k9/mailstore/LocalFolder;)V
06-05 15:26:21.313  6462  6481 D M_InsDal: Lcom/fsck/k9/mailstore/LockableDatabase;--->execute(ZLcom/fsck/k9/mailstore/LockableDatabase$DbCallback;)Ljava/lang/Object;
06-05 15:26:21.313  6462  6481 D M_InsDal: Lcom/fsck/k9/mailstore/LockableDatabase;--->lockRead()V
06-05 15:26:21.313  6462  6481 D M_InsDal: Lcom/fsck/k9/mailstore/LockableDatabase;--->getStorageManager()Lcom/fsck/k9/mailstore/StorageManager;
06-05 15:26:21.313  6462  6481 D M_InsDal: Lcom/fsck/k9/mailstore/StorageManager;--->getInstance(Landroid/content/Context;)Lcom/fsck/k9/mailstore/StorageManager;
06-05 15:26:21.313  6462  6481 D M_InsDal: Lcom/fsck/k9/mailstore/StorageManager;--->lockProvider(Ljava/lang/String;)V
06-05 15:26:21.313  6462  6481 D M_InsDal: Lcom/fsck/k9/mailstore/StorageManager;--->getProvider(Ljava/lang/String;)Lcom/fsck/k9/mailstore/StorageManager$StorageProvider;
06-05 15:26:21.313  6462  6481 D M_InsDal: Lcom/fsck/k9/mailstore/StorageManager$InternalStorageProvider;--->isReady(Landroid/content/Context;)Z
06-05 15:26:21.313  6462  6481 D M_InsDal: Lcom/fsck/k9/K9;--->isDebug()Z
06-05 15:26:21.313  6462  6481 D M_InsDal: Lcom/fsck/k9/mailstore/LocalFolder$11;--->doDbWork(Landroid/database/sqlite/SQLiteDatabase;)Ljava/util/Map;
06-05 15:26:21.313  6462  6481 D M_InsDal: Lcom/fsck/k9/mailstore/LocalFolder;--->open(I)V
06-05 15:26:21.313  6462  6481 D M_InsDal: Lcom/fsck/k9/mailstore/LocalFolder;--->isOpen()Z
06-05 15:26:21.313  6462  6481 D M_InsDal: Lcom/fsck/k9/mailstore/LocalFolder;--->getMode()I
06-05 15:26:21.313  6462  6481 D M_InsDal: Lcom/fsck/k9/helper/Utility;--->closeQuietly(Landroid/database/Cursor;)V
06-05 15:26:21.313  6462  6481 D M_InsDal: Lcom/fsck/k9/mailstore/LockableDatabase;--->unlockRead()V
06-05 15:26:21.313  6462  6481 D M_InsDal: Lcom/fsck/k9/mailstore/LockableDatabase;--->getStorageManager()Lcom/fsck/k9/mailstore/StorageManager;
06-05 15:26:21.313  6462  6481 D M_InsDal: Lcom/fsck/k9/mailstore/StorageManager;--->getInstance(Landroid/content/Context;)Lcom/fsck/k9/mailstore/StorageManager;
06-05 15:26:21.313  6462  6481 D M_InsDal: Lcom/fsck/k9/mailstore/StorageManager;--->unlockProvider(Ljava/lang/String;)V
06-05 15:26:21.313  6462  6481 D M_InsDal: Lcom/fsck/k9/mailstore/StorageManager;--->getProvider(Ljava/lang/String;)Lcom/fsck/k9/mailstore/StorageManager$StorageProvider;
06-05 15:26:21.313  6462  6481 D M_InsDal: Lcom/fsck/k9/notification/NotificationController;--->clearAuthenticationErrorNotification(Lcom/fsck/k9/Account;Z)V
06-05 15:26:21.313  6462  6481 D M_InsDal: Lcom/fsck/k9/notification/AuthenticationErrorNotifications;--->clearAuthenticationErrorNotification(Lcom/fsck/k9/Account;Z)V
06-05 15:26:21.313  6462  6481 D M_InsDal: Lcom/fsck/k9/notification/NotificationIds;--->getAuthenticationErrorNotificationId(Lcom/fsck/k9/Account;Z)I
06-05 15:26:21.313  6462  6481 D M_InsDal: Lcom/fsck/k9/notification/NotificationIds;--->getBaseNotificationId(Lcom/fsck/k9/Account;)I
06-05 15:26:21.313  6462  6481 D M_InsDal: Lcom/fsck/k9/Account;--->getAccountNumber()I
06-05 15:26:21.313  6462  6481 D M_InsDal: Lcom/fsck/k9/notification/AuthenticationErrorNotifications;--->getNotificationManager()Landroid/support/v4/app/NotificationManagerCompat;
06-05 15:26:21.313  6462  6481 D M_InsDal: Lcom/fsck/k9/notification/NotificationController;--->getNotificationManager()Landroid/support/v4/app/NotificationManagerCompat;
06-05 15:26:21.313  6462  6481 D M_InsDal: Lcom/fsck/k9/mail/store/imap/ImapFolder;--->getMessageCount()I
06-05 15:26:21.313  6462  6481 D M_InsDal: Lcom/fsck/k9/mailstore/LocalFolder;--->getVisibleLimit()I
06-05 15:26:21.313  6462  6481 D M_InsDal: Lcom/fsck/k9/mailstore/LocalFolder;--->open(I)V
06-05 15:26:21.313  6462  6481 D M_InsDal: Lcom/fsck/k9/mailstore/LocalFolder;--->isOpen()Z
06-05 15:26:21.313  6462  6481 D M_InsDal: Lcom/fsck/k9/mailstore/LocalFolder;--->getMode()I
06-05 15:26:21.313  6462  6481 D M_InsDal: Lcom/fsck/k9/Account;--->getEarliestPollDate()Ljava/util/Date;
06-05 15:26:21.313  6462  6481 D M_InsDal: Lcom/fsck/k9/Account;--->getMaximumPolledMessageAge()I
06-05 15:26:21.313  6462  6481 D M_InsDal: Lcom/fsck/k9/controller/imap/ImapSync;--->getListeners(Lcom/fsck/k9/controller/MessagingListener;)Ljava/util/Set;
06-05 15:26:21.313  6462  6481 D M_InsDal: Lcom/fsck/k9/controller/MessagingController;--->getListeners(Lcom/fsck/k9/controller/MessagingListener;)Ljava/util/Set;
06-05 15:26:21.313  6462  6481 D M_InsDal: Lcom/fsck/k9/controller/SimpleMessagingListener;--->synchronizeMailboxHeadersStarted(Lcom/fsck/k9/Account;Ljava/lang/String;)V
06-05 15:26:21.313  6462  6481 D M_InsDal: Lcom/fsck/k9/controller/SimpleMessagingListener;--->synchronizeMailboxHeadersStarted(Lcom/fsck/k9/Account;Ljava/lang/String;)V
06-05 15:26:21.313  6462  6481 D M_InsDal: Lcom/fsck/k9/activity/ActivityListener;--->synchronizeMailboxHeadersStarted(Lcom/fsck/k9/Account;Ljava/lang/String;)V
06-05 15:26:21.313  6462  6481 D M_InsDal: Lcom/fsck/k9/Account;--->getDescription()Ljava/lang/String;
06-05 15:26:21.313  6462  6481 D M_InsDal: Lcom/fsck/k9/activity/Accounts$1;--->informUserOfStatus()V
06-05 15:26:21.313  6462  6481 D M_InsDal: Lcom/fsck/k9/activity/Accounts$AccountsHandler;--->refreshTitle()V
06-05 15:26:21.313  6462  6481 D M_InsDal: Lcom/fsck/k9/activity/Accounts$AccountsHandler$1;---><init>(Lcom/fsck/k9/activity/Accounts$AccountsHandler;)V
06-05 15:26:21.313  6462  6481 D M_InsDal: Lcom/fsck/k9/controller/SimpleMessagingListener;--->synchronizeMailboxHeadersStarted(Lcom/fsck/k9/Account;Ljava/lang/String;)V
06-05 15:26:21.313  6462  6481 D M_InsDal: Lcom/fsck/k9/controller/SimpleMessagingListener;--->synchronizeMailboxHeadersStarted(Lcom/fsck/k9/Account;Ljava/lang/String;)V
06-05 15:26:21.313  6462  6481 D M_InsDal: Lcom/fsck/k9/mail/store/imap/ImapFolder;--->getMessages(IILjava/util/Date;Lcom/fsck/k9/mail/MessageRetrievalListener;)Ljava/util/List;
06-05 15:26:21.313  6462  6481 D M_InsDal: Lcom/fsck/k9/mail/store/imap/ImapFolder;--->getMessages(IILjava/util/Date;ZLcom/fsck/k9/mail/MessageRetrievalListener;)Ljava/util/List;
06-05 15:26:21.313  6462  6481 D M_InsDal: Lcom/fsck/k9/mail/store/imap/ImapFolder;--->checkOpen()V
06-05 15:26:21.313  6462  6481 D M_InsDal: Lcom/fsck/k9/mail/store/imap/ImapFolder;--->isOpen()Z
06-05 15:26:21.313  6462  6481 D M_InsDal: Lcom/fsck/k9/mail/store/imap/ImapFolder;--->getDateSearchString(Ljava/util/Date;)Ljava/lang/String;
06-05 15:26:21.313  6462  6481 D M_InsDal: Lcom/fsck/k9/mail/store/imap/ImapConnection;--->executeSimpleCommand(Ljava/lang/String;)Ljava/util/List;
06-05 15:26:21.313  6462  6481 D M_InsDal: Lcom/fsck/k9/mail/store/imap/ImapConnection;--->executeSimpleCommand(Ljava/lang/String;Z)Ljava/util/List;
06-05 15:26:21.313  6462  6481 D M_InsDal: Lcom/fsck/k9/mail/store/imap/ImapConnection;--->sendCommand(Ljava/lang/String;Z)Ljava/lang/String;
06-05 15:26:21.313  6462  6481 D M_InsDal: Lcom/fsck/k9/mail/store/imap/ImapConnection;--->open()V
06-05 15:26:21.314  6462  6462 D M_InsDal: Lcom/fsck/k9/widget/list/MessageListWidgetProvider;---><init>()V
06-05 15:26:21.314  6462  6462 D M_InsDal: Lcom/fsck/k9/widget/list/MessageListWidgetProvider;--->onReceive(Landroid/content/Context;Landroid/content/Intent;)V
06-05 15:26:21.314  6462  6462 D M_InsDal: Lcom/fsck/k9/activity/Accounts$AccountsHandler$1;--->run()V
06-05 15:26:21.314  6462  6462 D M_InsDal: Lcom/fsck/k9/activity/Accounts$AccountsHandler;--->setViewTitle()V
06-05 15:26:21.314  6462  6462 D M_InsDal: Lcom/fsck/k9/activity/ActivityListener;--->getOperation(Landroid/content/Context;)Ljava/lang/String;
06-05 15:26:21.314  6462  6462 D M_InsDal: Lcom/fsck/k9/activity/ActivityListener;--->getActionInProgressOperation(Landroid/content/Context;)Ljava/lang/String;
06-05 15:26:21.314  6462  6462 D M_InsDal: Lcom/fsck/k9/Account;--->getInboxFolderName()Ljava/lang/String;
06-05 15:26:21.314  6462  6462 D M_InsDal: Lcom/fsck/k9/activity/Accounts$AccountsHandler$5;--->run()V
06-05 15:26:21.314  6462  6481 D M_InsDal: Lcom/fsck/k9/mail/K9MailLib;--->isDebug()Z
06-05 15:26:21.315  6462  6481 D M_InsDal: Lcom/fsck/k9/K9$2;--->enabled()Z
06-05 15:26:21.315  6462  6481 D M_InsDal: Lcom/fsck/k9/mail/store/imap/ImapConnection;--->getLogId()Ljava/lang/String;
06-05 15:26:21.315  6462  6481 D M_InsDal: Lcom/fsck/k9/mail/store/imap/ImapResponseParser;--->readStatusResponse(Ljava/lang/String;Ljava/lang/String;Ljava/lang/String;Lcom/fsck/k9/mail/store/imap/UntaggedHandler;)Ljava/util/List;
06-05 15:26:21.315  6462  6481 D M_InsDal: Lcom/fsck/k9/mail/store/imap/ImapResponseParser;--->readResponse()Lcom/fsck/k9/mail/store/imap/ImapResponse;
06-05 15:26:21.315  6462  6481 D M_InsDal: Lcom/fsck/k9/mail/store/imap/ImapResponseParser;--->readResponse(Lcom/fsck/k9/mail/store/imap/ImapResponseCallback;)Lcom/fsck/k9/mail/store/imap/ImapResponse;
06-05 15:26:21.315  6462  6481 D M_InsDal: Lcom/fsck/k9/mail/filter/PeekableInputStream;--->peek()I
06-05 15:26:21.349  6462  6487 D M_InsDal: Lcom/fsck/k9/mail/store/imap/ImapResponseParser;--->readContinuationRequest(Lcom/fsck/k9/mail/store/imap/ImapResponseCallback;)V
06-05 15:26:21.349  6462  6487 D M_InsDal: Lcom/fsck/k9/mail/store/imap/ImapResponseParser;--->parseCommandContinuationRequest()Z
06-05 15:26:21.349  6462  6487 D M_InsDal: Lcom/fsck/k9/mail/store/imap/ImapResponseParser;--->expect(C)V
06-05 15:26:21.349  6462  6487 D M_InsDal: Lcom/fsck/k9/mail/filter/PeekableInputStream;--->read()I
06-05 15:26:21.349  6462  6487 D M_InsDal: Lcom/fsck/k9/mail/store/imap/ImapResponse;--->newContinuationRequest(Lcom/fsck/k9/mail/store/imap/ImapResponseCallback;)Lcom/fsck/k9/mail/store/imap/ImapResponse;
06-05 15:26:21.349  6462  6487 D M_InsDal: Lcom/fsck/k9/mail/store/imap/ImapResponse;---><init>(Lcom/fsck/k9/mail/store/imap/ImapResponseCallback;ZLjava/lang/String;)V
06-05 15:26:21.349  6462  6487 D M_InsDal: Lcom/fsck/k9/mail/store/imap/ImapList;---><init>()V
06-05 15:26:21.349  6462  6487 D M_InsDal: Lcom/fsck/k9/mail/store/imap/ImapResponseParser;--->skipIfSpace()V
06-05 15:26:21.349  6462  6487 D M_InsDal: Lcom/fsck/k9/mail/filter/PeekableInputStream;--->peek()I
06-05 15:26:21.349  6462  6487 D M_InsDal: Lcom/fsck/k9/mail/store/imap/ImapResponseParser;--->expect(C)V
06-05 15:26:21.349  6462  6487 D M_InsDal: Lcom/fsck/k9/mail/filter/PeekableInputStream;--->read()I
06-05 15:26:21.349  6462  6487 D M_InsDal: Lcom/fsck/k9/mail/store/imap/ImapResponseParser;--->readStringUntilEndOfLine()Ljava/lang/String;
06-05 15:26:21.349  6462  6487 D M_InsDal: Lcom/fsck/k9/mail/store/imap/ImapResponseParser;--->readStringUntil(C)Ljava/lang/String;
06-05 15:26:21.349  6462  6487 D M_InsDal: Lcom/fsck/k9/mail/filter/PeekableInputStream;--->read()I
06-05 15:26:21.349  6462  6487 D M_InsDal: Lcom/fsck/k9/mail/filter/PeekableInputStream;--->read()I
06-05 15:26:21.349  6462  6487 D M_InsDal: Lcom/fsck/k9/mail/store/imap/ImapResponseParser;--->expect(C)V
06-05 15:26:21.349  6462  6487 D M_InsDal: Lcom/fsck/k9/mail/filter/PeekableInputStream;--->read()I
06-05 15:26:21.349  6462  6487 D M_InsDal: Lcom/fsck/k9/mail/K9MailLib;--->isDebug()Z
06-05 15:26:21.350  6462  6487 D M_InsDal: Lcom/fsck/k9/K9$2;--->enabled()Z
06-05 15:26:21.350  6462  6487 D M_InsDal: Lcom/fsck/k9/mail/store/imap/ImapResponse;--->getTag()Ljava/lang/String;
06-05 15:26:21.350  6462  6487 D M_InsDal: Lcom/fsck/k9/mail/store/imap/ImapResponse;--->getTag()Ljava/lang/String;
06-05 15:26:21.350  6462  6487 D M_InsDal: Lcom/fsck/k9/mail/store/imap/ImapFolderPusher$PushRunnable;--->handleAsyncUntaggedResponse(Lcom/fsck/k9/mail/store/imap/ImapResponse;)V
06-05 15:26:21.350  6462  6487 D M_InsDal: Lcom/fsck/k9/mail/K9MailLib;--->isDebug()Z
06-05 15:26:21.350  6462  6487 D M_InsDal: Lcom/fsck/k9/K9$2;--->enabled()Z
06-05 15:26:21.350  6462  6487 D M_InsDal: Lcom/fsck/k9/mail/store/imap/ImapResponse;--->getTag()Ljava/lang/String;
06-05 15:26:21.350  6462  6487 D M_InsDal: Lcom/fsck/k9/mail/store/imap/ImapResponse;--->isContinuationRequested()Z
06-05 15:26:21.350  6462  6487 D M_InsDal: Lcom/fsck/k9/mail/K9MailLib;--->isDebug()Z
06-05 15:26:21.350  6462  6487 D M_InsDal: Lcom/fsck/k9/K9$2;--->enabled()Z
06-05 15:26:21.350  6462  6487 D M_InsDal: Lcom/fsck/k9/mail/store/imap/ImapFolderPusher$IdleStopper;--->startAcceptingDoneContinuation(Lcom/fsck/k9/mail/store/imap/ImapConnection;)V
06-05 15:26:21.350  6462  6487 D M_InsDal: Lcom/fsck/k9/mail/power/TracingPowerManager$TracingWakeLock;--->release()V
06-05 15:26:21.350  6462  6487 D M_InsDal: Lcom/fsck/k9/mail/K9MailLib;--->isDebug()Z
06-05 15:26:21.350  6462  6487 D M_InsDal: Lcom/fsck/k9/K9$2;--->enabled()Z
06-05 15:26:21.350  6462  6487 D M_InsDal: Lcom/fsck/k9/mail/power/TracingPowerManager$TracingWakeLock;--->cancelNotification()V
06-05 15:26:21.350  6462  6487 D M_InsDal: Lcom/fsck/k9/mail/store/imap/ImapResponse;--->getTag()Ljava/lang/String;
06-05 15:26:21.350  6462  6487 D M_InsDal: Lcom/fsck/k9/mail/store/imap/ImapResponseParser;--->readResponse()Lcom/fsck/k9/mail/store/imap/ImapResponse;
06-05 15:26:21.350  6462  6487 D M_InsDal: Lcom/fsck/k9/mail/store/imap/ImapResponseParser;--->readResponse(Lcom/fsck/k9/mail/store/imap/ImapResponseCallback;)Lcom/fsck/k9/mail/store/imap/ImapResponse;
06-05 15:26:21.350  6462  6487 D M_InsDal: Lcom/fsck/k9/mail/filter/PeekableInputStream;--->peek()I
06-05 15:26:21.353  6462  6462 D M_InsDal: Lcom/fsck/k9/activity/Accounts$AccountsHandler$1;--->run()V
06-05 15:26:21.353  6462  6462 D M_InsDal: Lcom/fsck/k9/activity/Accounts$AccountsHandler;--->setViewTitle()V
06-05 15:26:21.353  6462  6462 D M_InsDal: Lcom/fsck/k9/activity/ActivityListener;--->getOperation(Landroid/content/Context;)Ljava/lang/String;
06-05 15:26:21.353  6462  6462 D M_InsDal: Lcom/fsck/k9/activity/ActivityListener;--->getActionInProgressOperation(Landroid/content/Context;)Ljava/lang/String;
06-05 15:26:21.353  6462  6462 D M_InsDal: Lcom/fsck/k9/Account;--->getInboxFolderName()Ljava/lang/String;
06-05 15:26:21.382  6462  6481 D M_InsDal: Lcom/fsck/k9/mail/store/imap/ImapResponseParser;--->readUntaggedResponse(Lcom/fsck/k9/mail/store/imap/ImapResponseCallback;)V
06-05 15:26:21.382  6462  6481 D M_InsDal: Lcom/fsck/k9/mail/store/imap/ImapResponseParser;--->parseUntaggedResponse()V
06-05 15:26:21.382  6462  6481 D M_InsDal: Lcom/fsck/k9/mail/store/imap/ImapResponseParser;--->expect(C)V
06-05 15:26:21.382  6462  6481 D M_InsDal: Lcom/fsck/k9/mail/filter/PeekableInputStream;--->read()I
06-05 15:26:21.382  6462  6481 D M_InsDal: Lcom/fsck/k9/mail/store/imap/ImapResponseParser;--->expect(C)V
06-05 15:26:21.382  6462  6481 D M_InsDal: Lcom/fsck/k9/mail/filter/PeekableInputStream;--->read()I
06-05 15:26:21.382  6462  6481 D M_InsDal: Lcom/fsck/k9/mail/store/imap/ImapResponse;--->newUntaggedResponse(Lcom/fsck/k9/mail/store/imap/ImapResponseCallback;)Lcom/fsck/k9/mail/store/imap/ImapResponse;
06-05 15:26:21.382  6462  6481 D M_InsDal: Lcom/fsck/k9/mail/store/imap/ImapResponse;---><init>(Lcom/fsck/k9/mail/store/imap/ImapResponseCallback;ZLjava/lang/String;)V
06-05 15:26:21.382  6462  6481 D M_InsDal: Lcom/fsck/k9/mail/store/imap/ImapList;---><init>()V
06-05 15:26:21.382  6462  6481 D M_InsDal: Lcom/fsck/k9/mail/store/imap/ImapResponseParser;--->readTokens(Lcom/fsck/k9/mail/store/imap/ImapResponse;)V
06-05 15:26:21.382  6462  6481 D M_InsDal: Lcom/fsck/k9/mail/store/imap/ImapResponseParser;--->readToken(Lcom/fsck/k9/mail/store/imap/ImapResponse;)Ljava/lang/Object;
06-05 15:26:21.382  6462  6481 D M_InsDal: Lcom/fsck/k9/mail/store/imap/ImapResponseParser;--->parseToken(Lcom/fsck/k9/mail/store/imap/ImapList;)Ljava/lang/Object;
06-05 15:26:21.382  6462  6481 D M_InsDal: Lcom/fsck/k9/mail/filter/PeekableInputStream;--->peek()I
06-05 15:26:21.382  6462  6481 D M_InsDal: Lcom/fsck/k9/mail/store/imap/ImapResponseParser;--->parseBareString(Z)Ljava/lang/String;
06-05 15:26:21.382  6462  6481 D M_InsDal: Lcom/fsck/k9/mail/filter/PeekableInputStream;--->peek()I
06-05 15:26:21.382  6462  6481 D M_InsDal: Lcom/fsck/k9/mail/filter/PeekableInputStream;--->read()I
06-05 15:26:21.382  6462  6481 D M_InsDal: Lcom/fsck/k9/mail/filter/PeekableInputStream;--->peek()I
06-05 15:26:21.382  6462  6481 D M_InsDal: Lcom/fsck/k9/mail/filter/PeekableInputStream;--->read()I
06-05 15:26:21.382  6462  6481 D M_InsDal: Lcom/fsck/k9/mail/filter/PeekableInputStream;--->peek()I
06-05 15:26:21.382  6462  6481 D M_InsDal: Lcom/fsck/k9/mail/filter/PeekableInputStream;--->read()I
06-05 15:26:21.382  6462  6481 D M_InsDal: Lcom/fsck/k9/mail/filter/PeekableInputStream;--->peek()I
06-05 15:26:21.382  6462  6481 D M_InsDal: Lcom/fsck/k9/mail/filter/PeekableInputStream;--->read()I
06-05 15:26:21.382  6462  6481 D M_InsDal: Lcom/fsck/k9/mail/filter/PeekableInputStream;--->peek()I
06-05 15:26:21.382  6462  6481 D M_InsDal: Lcom/fsck/k9/mail/filter/PeekableInputStream;--->read()I
06-05 15:26:21.382  6462  6481 D M_InsDal: Lcom/fsck/k9/mail/filter/PeekableInputStream;--->peek()I
06-05 15:26:21.382  6462  6481 D M_InsDal: Lcom/fsck/k9/mail/filter/PeekableInputStream;--->read()I
06-05 15:26:21.382  6462  6481 D M_InsDal: Lcom/fsck/k9/mail/filter/PeekableInputStream;--->peek()I
06-05 15:26:21.382  6462  6481 D M_InsDal: Lcom/fsck/k9/mail/store/imap/ImapResponseParser;--->checkTokenIsString(Ljava/lang/Object;)V
06-05 15:26:21.382  6462  6481 D M_InsDal: Lcom/fsck/k9/mail/store/imap/ImapResponseParser;--->isStatusResponse(Ljava/lang/String;)Z
06-05 15:26:21.382  6462  6481 D M_InsDal: Lcom/fsck/k9/mail/store/imap/ImapResponseParser;--->equalsIgnoreCase(Ljava/lang/Object;Ljava/lang/String;)Z
06-05 15:26:21.382  6462  6481 D M_InsDal: Lcom/fsck/k9/mail/store/imap/ImapResponseParser;--->equalsIgnoreCase(Ljava/lang/Object;Ljava/lang/String;)Z
06-05 15:26:21.382  6462  6481 D M_InsDal: Lcom/fsck/k9/mail/store/imap/ImapResponseParser;--->readToken(Lcom/fsck/k9/mail/store/imap/ImapResponse;)Ljava/lang/Object;
06-05 15:26:21.382  6462  6481 D M_InsDal: Lcom/fsck/k9/mail/store/imap/ImapResponseParser;--->parseToken(Lcom/fsck/k9/mail/store/imap/ImapList;)Ljava/lang/Object;
06-05 15:26:21.382  6462  6481 D M_InsDal: Lcom/fsck/k9/mail/filter/PeekableInputStream;--->peek()I
06-05 15:26:21.382  6462  6481 D M_InsDal: Lcom/fsck/k9/mail/store/imap/ImapResponseParser;--->expect(C)V
06-05 15:26:21.382  6462  6481 D M_InsDal: Lcom/fsck/k9/mail/filter/PeekableInputStream;--->read()I
06-05 15:26:21.382  6462  6481 D M_InsDal: Lcom/fsck/k9/mail/filter/PeekableInputStream;--->peek()I
06-05 15:26:21.382  6462  6481 D M_InsDal: Lcom/fsck/k9/mail/store/imap/ImapResponseParser;--->parseBareString(Z)Ljava/lang/String;
06-05 15:26:21.382  6462  6481 D M_InsDal: Lcom/fsck/k9/mail/filter/PeekableInputStream;--->peek()I
06-05 15:26:21.382  6462  6481 D M_InsDal: Lcom/fsck/k9/mail/filter/PeekableInputStream;--->read()I
06-05 15:26:21.382  6462  6481 D M_InsDal: Lcom/fsck/k9/mail/filter/PeekableInputStream;--->peek()I
06-05 15:26:21.382  6462  6481 D M_InsDal: Lcom/fsck/k9/mail/filter/PeekableInputStream;--->read()I
06-05 15:26:21.382  6462  6481 D M_InsDal: Lcom/fsck/k9/mail/filter/PeekableInputStream;--->peek()I
06-05 15:26:21.382  6462  6481 D M_InsDal: Lcom/fsck/k9/mail/filter/PeekableInputStream;--->read()I
06-05 15:26:21.382  6462  6481 D M_InsDal: Lcom/fsck/k9/mail/filter/PeekableInputStream;--->peek()I
06-05 15:26:21.382  6462  6481 D M_InsDal: Lcom/fsck/k9/mail/store/imap/ImapResponseParser;--->readToken(Lcom/fsck/k9/mail/store/imap/ImapResponse;)Ljava/lang/Object;
06-05 15:26:21.382  6462  6481 D M_InsDal: Lcom/fsck/k9/mail/store/imap/ImapResponseParser;--->parseToken(Lcom/fsck/k9/mail/store/imap/ImapList;)Ljava/lang/Object;
06-05 15:26:21.382  6462  6481 D M_InsDal: Lcom/fsck/k9/mail/filter/PeekableInputStream;--->peek()I
06-05 15:26:21.382  6462  6481 D M_InsDal: Lcom/fsck/k9/mail/store/imap/ImapResponseParser;--->expect(C)V
06-05 15:26:21.382  6462  6481 D M_InsDal: Lcom/fsck/k9/mail/filter/PeekableInputStream;--->read()I
06-05 15:26:21.382  6462  6481 D M_InsDal: Lcom/fsck/k9/mail/filter/PeekableInputStream;--->peek()I
06-05 15:26:21.382  6462  6481 D M_InsDal: Lcom/fsck/k9/mail/store/imap/ImapResponseParser;--->parseBareString(Z)Ljava/lang/String;
06-05 15:26:21.382  6462  6481 D M_InsDal: Lcom/fsck/k9/mail/filter/PeekableInputStream;--->peek()I
06-05 15:26:21.382  6462  6481 D M_InsDal: Lcom/fsck/k9/mail/filter/PeekableInputStream;--->read()I
06-05 15:26:21.382  6462  6481 D M_InsDal: Lcom/fsck/k9/mail/filter/PeekableInputStream;--->peek()I
06-05 15:26:21.382  6462  6481 D M_InsDal: Lcom/fsck/k9/mail/filter/PeekableInputStream;--->read()I
06-05 15:26:21.382  6462  6481 D M_InsDal: Lcom/fsck/k9/mail/filter/PeekableInputStream;--->peek()I
06-05 15:26:21.382  6462  6481 D M_InsDal: Lcom/fsck/k9/mail/filter/PeekableInputStream;--->read()I
06-05 15:26:21.382  6462  6481 D M_InsDal: Lcom/fsck/k9/mail/filter/PeekableInputStream;--->peek()I
06-05 15:26:21.382  6462  6481 D M_InsDal: Lcom/fsck/k9/mail/store/imap/ImapResponseParser;--->readToken(Lcom/fsck/k9/mail/store/imap/ImapResponse;)Ljava/lang/Object;
06-05 15:26:21.382  6462  6481 D M_InsDal: Lcom/fsck/k9/mail/store/imap/ImapResponseParser;--->parseToken(Lcom/fsck/k9/mail/store/imap/ImapList;)Ljava/lang/Object;
06-05 15:26:21.382  6462  6481 D M_InsDal: Lcom/fsck/k9/mail/filter/PeekableInputStream;--->peek()I
06-05 15:26:21.382  6462  6481 D M_InsDal: Lcom/fsck/k9/mail/store/imap/ImapResponseParser;--->expect(C)V
06-05 15:26:21.382  6462  6481 D M_InsDal: Lcom/fsck/k9/mail/filter/PeekableInputStream;--->read()I
06-05 15:26:21.382  6462  6481 D M_InsDal: Lcom/fsck/k9/mail/filter/PeekableInputStream;--->peek()I
06-05 15:26:21.382  6462  6481 D M_InsDal: Lcom/fsck/k9/mail/store/imap/ImapResponseParser;--->parseBareString(Z)Ljava/lang/String;
06-05 15:26:21.382  6462  6481 D M_InsDal: Lcom/fsck/k9/mail/filter/PeekableInputStream;--->peek()I
06-05 15:26:21.382  6462  6481 D M_InsDal: Lcom/fsck/k9/mail/filter/PeekableInputStream;--->read()I
06-05 15:26:21.382  6462  6481 D M_InsDal: Lcom/fsck/k9/mail/filter/PeekableInputStream;--->peek()I
06-05 15:26:21.382  6462  6481 D M_InsDal: Lcom/fsck/k9/mail/filter/PeekableInputStream;--->read()I
06-05 15:26:21.382  6462  6481 D M_InsDal: Lcom/fsck/k9/mail/filter/PeekableInputStream;--->peek()I
06-05 15:26:21.382  6462  6481 D M_InsDal: Lcom/fsck/k9/mail/filter/PeekableInputStream;--->read()I
06-05 15:26:21.382  6462  6481 D M_InsDal: Lcom/fsck/k9/mail/filter/PeekableInputStream;--->peek()I
06-05 15:26:21.382  6462  6481 D M_InsDal: Lcom/fsck/k9/mail/store/imap/ImapResponseParser;--->readToken(Lcom/fsck/k9/mail/store/imap/ImapResponse;)Ljava/lang/Object;
06-05 15:26:21.382  6462  6481 D M_InsDal: Lcom/fsck/k9/mail/store/imap/ImapResponseParser;--->parseToken(Lcom/fsck/k9/mail/store/imap/ImapList;)Ljava/lang/Object;
06-05 15:26:21.382  6462  6481 D M_InsDal: Lcom/fsck/k9/mail/filter/PeekableInputStream;--->peek()I
06-05 15:26:21.382  6462  6481 D M_InsDal: Lcom/fsck/k9/mail/store/imap/ImapResponseParser;--->expect(C)V
06-05 15:26:21.382  6462  6481 D M_InsDal: Lcom/fsck/k9/mail/filter/PeekableInputStream;--->read()I
06-05 15:26:21.382  6462  6481 D M_InsDal: Lcom/fsck/k9/mail/filter/PeekableInputStream;--->peek()I
06-05 15:26:21.382  6462  6481 D M_InsDal: Lcom/fsck/k9/mail/store/imap/ImapResponseParser;--->parseBareString(Z)Ljava/lang/String;
06-05 15:26:21.382  6462  6481 D M_InsDal: Lcom/fsck/k9/mail/filter/PeekableInputStream;--->peek()I
06-05 15:26:21.382  6462  6481 D M_InsDal: Lcom/fsck/k9/mail/filter/PeekableInputStream;--->read()I
06-05 15:26:21.382  6462  6481 D M_InsDal: Lcom/fsck/k9/mail/filter/PeekableInputStream;--->peek()I
06-05 15:26:21.382  6462  6481 D M_InsDal: Lcom/fsck/k9/mail/filter/PeekableInputStream;--->read()I
06-05 15:26:21.382  6462  6481 D M_InsDal: Lcom/fsck/k9/mail/filter/PeekableInputStream;--->peek()I
06-05 15:26:21.382  6462  6481 D M_InsDal: Lcom/fsck/k9/mail/filter/PeekableInputStream;--->read()I
06-05 15:26:21.382  6462  6481 D M_InsDal: Lcom/fsck/k9/mail/filter/PeekableInputStream;--->peek()I
06-05 15:26:21.382  6462  6481 D M_InsDal: Lcom/fsck/k9/mail/store/imap/ImapResponseParser;--->readToken(Lcom/fsck/k9/mail/store/imap/ImapResponse;)Ljava/lang/Object;
06-05 15:26:21.382  6462  6481 D M_InsDal: Lcom/fsck/k9/mail/store/imap/ImapResponseParser;--->parseToken(Lcom/fsck/k9/mail/store/imap/ImapList;)Ljava/lang/Object;
06-05 15:26:21.382  6462  6481 D M_InsDal: Lcom/fsck/k9/mail/filter/PeekableInputStream;--->peek()I
06-05 15:26:21.382  6462  6481 D M_InsDal: Lcom/fsck/k9/mail/store/imap/ImapResponseParser;--->expect(C)V
06-05 15:26:21.382  6462  6481 D M_InsDal: Lcom/fsck/k9/mail/filter/PeekableInputStream;--->read()I
06-05 15:26:21.382  6462  6481 D M_InsDal: Lcom/fsck/k9/mail/filter/PeekableInputStream;--->peek()I
06-05 15:26:21.382  6462  6481 D M_InsDal: Lcom/fsck/k9/mail/store/imap/ImapResponseParser;--->parseBareString(Z)Ljava/lang/String;
06-05 15:26:21.382  6462  6481 D M_InsDal: Lcom/fsck/k9/mail/filter/PeekableInputStream;--->peek()I
06-05 15:26:21.382  6462  6481 D M_InsDal: Lcom/fsck/k9/mail/filter/PeekableInputStream;--->read()I
06-05 15:26:21.382  6462  6481 D M_InsDal: Lcom/fsck/k9/mail/filter/PeekableInputStream;--->peek()I
06-05 15:26:21.382  6462  6481 D M_InsDal: Lcom/fsck/k9/mail/filter/PeekableInputStream;--->read()I
06-05 15:26:21.382  6462  6481 D M_InsDal: Lcom/fsck/k9/mail/filter/PeekableInputStream;--->peek()I
06-05 15:26:21.382  6462  6481 D M_InsDal: Lcom/fsck/k9/mail/filter/PeekableInputStream;--->read()I
06-05 15:26:21.382  6462  6481 D M_InsDal: Lcom/fsck/k9/mail/filter/PeekableInputStream;--->peek()I
06-05 15:26:21.382  6462  6481 D M_InsDal: Lcom/fsck/k9/mail/store/imap/ImapResponseParser;--->readToken(Lcom/fsck/k9/mail/store/imap/ImapResponse;)Ljava/lang/Object;
06-05 15:26:21.382  6462  6481 D M_InsDal: Lcom/fsck/k9/mail/store/imap/ImapResponseParser;--->parseToken(Lcom/fsck/k9/mail/store/imap/ImapList;)Ljava/lang/Object;
06-05 15:26:21.382  6462  6481 D M_InsDal: Lcom/fsck/k9/mail/filter/PeekableInputStream;--->peek()I
06-05 15:26:21.382  6462  6481 D M_InsDal: Lcom/fsck/k9/mail/store/imap/ImapResponseParser;--->expect(C)V
06-05 15:26:21.382  6462  6481 D M_InsDal: Lcom/fsck/k9/mail/filter/PeekableInputStream;--->read()I
06-05 15:26:21.382  6462  6481 D M_InsDal: Lcom/fsck/k9/mail/filter/PeekableInputStream;--->peek()I
06-05 15:26:21.382  6462  6481 D M_InsDal: Lcom/fsck/k9/mail/store/imap/ImapResponseParser;--->parseBareString(Z)Ljava/lang/String;
06-05 15:26:21.382  6462  6481 D M_InsDal: Lcom/fsck/k9/mail/filter/PeekableInputStream;--->peek()I
06-05 15:26:21.382  6462  6481 D M_InsDal: Lcom/fsck/k9/mail/filter/PeekableInputStream;--->read()I
06-05 15:26:21.382  6462  6481 D M_InsDal: Lcom/fsck/k9/mail/filter/PeekableInputStream;--->peek()I
06-05 15:26:21.382  6462  6481 D M_InsDal: Lcom/fsck/k9/mail/filter/PeekableInputStream;--->read()I
06-05 15:26:21.382  6462  6481 D M_InsDal: Lcom/fsck/k9/mail/filter/PeekableInputStream;--->peek()I
06-05 15:26:21.382  6462  6481 D M_InsDal: Lcom/fsck/k9/mail/filter/PeekableInputStream;--->read()I
06-05 15:26:21.382  6462  6481 D M_InsDal: Lcom/fsck/k9/mail/filter/PeekableInputStream;--->peek()I
06-05 15:26:21.382  6462  6481 D M_InsDal: Lcom/fsck/k9/mail/store/imap/ImapResponseParser;--->readToken(Lcom/fsck/k9/mail/store/imap/ImapResponse;)Ljava/lang/Object;
06-05 15:26:21.382  6462  6481 D M_InsDal: Lcom/fsck/k9/mail/store/imap/ImapResponseParser;--->parseToken(Lcom/fsck/k9/mail/store/imap/ImapList;)Ljava/lang/Object;
06-05 15:26:21.382  6462  6481 D M_InsDal: Lcom/fsck/k9/mail/filter/PeekableInputStream;--->peek()I
06-05 15:26:21.382  6462  6481 D M_InsDal: Lcom/fsck/k9/mail/store/imap/ImapResponseParser;--->expect(C)V
06-05 15:26:21.382  6462  6481 D M_InsDal: Lcom/fsck/k9/mail/filter/PeekableInputStream;--->read()I
06-05 15:26:21.382  6462  6481 D M_InsDal: Lcom/fsck/k9/mail/filter/PeekableInputStream;--->peek()I
06-05 15:26:21.382  6462  6481 D M_InsDal: Lcom/fsck/k9/mail/store/imap/ImapResponseParser;--->parseBareString(Z)Ljava/lang/String;
06-05 15:26:21.382  6462  6481 D M_InsDal: Lcom/fsck/k9/mail/filter/PeekableInputStream;--->peek()I
06-05 15:26:21.382  6462  6481 D M_InsDal: Lcom/fsck/k9/mail/filter/PeekableInputStream;--->read()I
06-05 15:26:21.382  6462  6481 D M_InsDal: Lcom/fsck/k9/mail/filter/PeekableInputStream;--->peek()I
06-05 15:26:21.382  6462  6481 D M_InsDal: Lcom/fsck/k9/mail/filter/PeekableInputStream;--->read()I
06-05 15:26:21.382  6462  6481 D M_InsDal: Lcom/fsck/k9/mail/filter/PeekableInputStream;--->peek()I
06-05 15:26:21.382  6462  6481 D M_InsDal: Lcom/fsck/k9/mail/filter/PeekableInputStream;--->read()I
06-05 15:26:21.382  6462  6481 D M_InsDal: Lcom/fsck/k9/mail/filter/PeekableInputStream;--->peek()I
06-05 15:26:21.382  6462  6481 D M_InsDal: Lcom/fsck/k9/mail/store/imap/ImapResponseParser;--->readToken(Lcom/fsck/k9/mail/store/imap/ImapResponse;)Ljava/lang/Object;
06-05 15:26:21.382  6462  6481 D M_InsDal: Lcom/fsck/k9/mail/store/imap/ImapResponseParser;--->parseToken(Lcom/fsck/k9/mail/store/imap/ImapList;)Ljava/lang/Object;
06-05 15:26:21.382  6462  6481 D M_InsDal: Lcom/fsck/k9/mail/filter/PeekableInputStream;--->peek()I
06-05 15:26:21.382  6462  6481 D M_InsDal: Lcom/fsck/k9/mail/store/imap/ImapResponseParser;--->expect(C)V
06-05 15:26:21.382  6462  6481 D M_InsDal: Lcom/fsck/k9/mail/filter/PeekableInputStream;--->read()I
06-05 15:26:21.382  6462  6481 D M_InsDal: Lcom/fsck/k9/mail/filter/PeekableInputStream;--->peek()I
06-05 15:26:21.382  6462  6481 D M_InsDal: Lcom/fsck/k9/mail/store/imap/ImapResponseParser;--->parseBareString(Z)Ljava/lang/String;
06-05 15:26:21.382  6462  6481 D M_InsDal: Lcom/fsck/k9/mail/filter/PeekableInputStream;--->peek()I
06-05 15:26:21.382  6462  6481 D M_InsDal: Lcom/fsck/k9/mail/filter/PeekableInputStream;--->read()I
06-05 15:26:21.382  6462  6481 D M_InsDal: Lcom/fsck/k9/mail/filter/PeekableInputStream;--->peek()I
06-05 15:26:21.382  6462  6481 D M_InsDal: Lcom/fsck/k9/mail/filter/PeekableInputStream;--->read()I
06-05 15:26:21.382  6462  6481 D M_InsDal: Lcom/fsck/k9/mail/filter/PeekableInputStream;--->peek()I
06-05 15:26:21.382  6462  6481 D M_InsDal: Lcom/fsck/k9/mail/filter/PeekableInputStream;--->read()I
06-05 15:26:21.382  6462  6481 D M_InsDal: Lcom/fsck/k9/mail/filter/PeekableInputStream;--->peek()I
06-05 15:26:21.382  6462  6481 D M_InsDal: Lcom/fsck/k9/mail/store/imap/ImapResponseParser;--->readToken(Lcom/fsck/k9/mail/store/imap/ImapResponse;)Ljava/lang/Object;
06-05 15:26:21.382  6462  6481 D M_InsDal: Lcom/fsck/k9/mail/store/imap/ImapResponseParser;--->parseToken(Lcom/fsck/k9/mail/store/imap/ImapList;)Ljava/lang/Object;
06-05 15:26:21.382  6462  6481 D M_InsDal: Lcom/fsck/k9/mail/filter/PeekableInputStream;--->peek()I
06-05 15:26:21.382  6462  6481 D M_InsDal: Lcom/fsck/k9/mail/store/imap/ImapResponseParser;--->expect(C)V
06-05 15:26:21.382  6462  6481 D M_InsDal: Lcom/fsck/k9/mail/filter/PeekableInputStream;--->read()I
06-05 15:26:21.382  6462  6481 D M_InsDal: Lcom/fsck/k9/mail/filter/PeekableInputStream;--->peek()I
06-05 15:26:21.382  6462  6481 D M_InsDal: Lcom/fsck/k9/mail/store/imap/ImapResponseParser;--->parseBareString(Z)Ljava/lang/String;
06-05 15:26:21.382  6462  6481 D M_InsDal: Lcom/fsck/k9/mail/filter/PeekableInputStream;--->peek()I
06-05 15:26:21.382  6462  6481 D M_InsDal: Lcom/fsck/k9/mail/filter/PeekableInputStream;--->read()I
06-05 15:26:21.382  6462  6481 D M_InsDal: Lcom/fsck/k9/mail/filter/PeekableInputStream;--->peek()I
06-05 15:26:21.382  6462  6481 D M_InsDal: Lcom/fsck/k9/mail/filter/PeekableInputStream;--->read()I
06-05 15:26:21.382  6462  6481 D M_InsDal: Lcom/fsck/k9/mail/filter/PeekableInputStream;--->peek()I
06-05 15:26:21.382  6462  6481 D M_InsDal: Lcom/fsck/k9/mail/filter/PeekableInputStream;--->read()I
06-05 15:26:21.382  6462  6481 D M_InsDal: Lcom/fsck/k9/mail/filter/PeekableInputStream;--->peek()I
06-05 15:26:21.382  6462  6481 D M_InsDal: Lcom/fsck/k9/mail/store/imap/ImapResponseParser;--->readToken(Lcom/fsck/k9/mail/store/imap/ImapResponse;)Ljava/lang/Object;
06-05 15:26:21.382  6462  6481 D M_InsDal: Lcom/fsck/k9/mail/store/imap/ImapResponseParser;--->parseToken(Lcom/fsck/k9/mail/store/imap/ImapList;)Ljava/lang/Object;
06-05 15:26:21.382  6462  6481 D M_InsDal: Lcom/fsck/k9/mail/filter/PeekableInputStream;--->peek()I
06-05 15:26:21.382  6462  6481 D M_InsDal: Lcom/fsck/k9/mail/store/imap/ImapResponseParser;--->expect(C)V
06-05 15:26:21.382  6462  6481 D M_InsDal: Lcom/fsck/k9/mail/filter/PeekableInputStream;--->read()I
06-05 15:26:21.382  6462  6481 D M_InsDal: Lcom/fsck/k9/mail/filter/PeekableInputStream;--->peek()I
06-05 15:26:21.382  6462  6481 D M_InsDal: Lcom/fsck/k9/mail/store/imap/ImapResponseParser;--->parseBareString(Z)Ljava/lang/String;
06-05 15:26:21.382  6462  6481 D M_InsDal: Lcom/fsck/k9/mail/filter/PeekableInputStream;--->peek()I
06-05 15:26:21.382  6462  6481 D M_InsDal: Lcom/fsck/k9/mail/filter/PeekableInputStream;--->read()I
06-05 15:26:21.382  6462  6481 D M_InsDal: Lcom/fsck/k9/mail/filter/PeekableInputStream;--->peek()I
06-05 15:26:21.382  6462  6481 D M_InsDal: Lcom/fsck/k9/mail/filter/PeekableInputStream;--->read()I
06-05 15:26:21.382  6462  6481 D M_InsDal: Lcom/fsck/k9/mail/filter/PeekableInputStream;--->peek()I
06-05 15:26:21.382  6462  6481 D M_InsDal: Lcom/fsck/k9/mail/filter/PeekableInputStream;--->read()I
06-05 15:26:21.382  6462  6481 D M_InsDal: Lcom/fsck/k9/mail/filter/PeekableInputStream;--->peek()I
06-05 15:26:21.382  6462  6481 D M_InsDal: Lcom/fsck/k9/mail/store/imap/ImapResponseParser;--->readToken(Lcom/fsck/k9/mail/store/imap/ImapResponse;)Ljava/lang/Object;
06-05 15:26:21.382  6462  6481 D M_InsDal: Lcom/fsck/k9/mail/store/imap/ImapResponseParser;--->parseToken(Lcom/fsck/k9/mail/store/imap/ImapList;)Ljava/lang/Object;
06-05 15:26:21.382  6462  6481 D M_InsDal: Lcom/fsck/k9/mail/filter/PeekableInputStream;--->peek()I
06-05 15:26:21.382  6462  6481 D M_InsDal: Lcom/fsck/k9/mail/store/imap/ImapResponseParser;--->expect(C)V
06-05 15:26:21.382  6462  6481 D M_InsDal: Lcom/fsck/k9/mail/filter/PeekableInputStream;--->read()I
06-05 15:26:21.382  6462  6481 D M_InsDal: Lcom/fsck/k9/mail/filter/PeekableInputStream;--->peek()I
06-05 15:26:21.382  6462  6481 D M_InsDal: Lcom/fsck/k9/mail/store/imap/ImapResponseParser;--->parseBareString(Z)Ljava/lang/String;
06-05 15:26:21.382  6462  6481 D M_InsDal: Lcom/fsck/k9/mail/filter/PeekableInputStream;--->peek()I
06-05 15:26:21.382  6462  6481 D M_InsDal: Lcom/fsck/k9/mail/filter/PeekableInputStream;--->read()I
06-05 15:26:21.382  6462  6481 D M_InsDal: Lcom/fsck/k9/mail/filter/PeekableInputStream;--->peek()I
06-05 15:26:21.382  6462  6481 D M_InsDal: Lcom/fsck/k9/mail/filter/PeekableInputStream;--->read()I
06-05 15:26:21.382  6462  6481 D M_InsDal: Lcom/fsck/k9/mail/filter/PeekableInputStream;--->peek()I
06-05 15:26:21.382  6462  6481 D M_InsDal: Lcom/fsck/k9/mail/filter/PeekableInputStream;--->read()I
06-05 15:26:21.382  6462  6481 D M_InsDal: Lcom/fsck/k9/mail/filter/PeekableInputStream;--->peek()I
06-05 15:26:21.382  6462  6481 D M_InsDal: Lcom/fsck/k9/mail/store/imap/ImapResponseParser;--->readToken(Lcom/fsck/k9/mail/store/imap/ImapResponse;)Ljava/lang/Object;
06-05 15:26:21.382  6462  6481 D M_InsDal: Lcom/fsck/k9/mail/store/imap/ImapResponseParser;--->parseToken(Lcom/fsck/k9/mail/store/imap/ImapList;)Ljava/lang/Object;
06-05 15:26:21.382  6462  6481 D M_InsDal: Lcom/fsck/k9/mail/filter/PeekableInputStream;--->peek()I
06-05 15:26:21.382  6462  6481 D M_InsDal: Lcom/fsck/k9/mail/store/imap/ImapResponseParser;--->expect(C)V
06-05 15:26:21.382  6462  6481 D M_InsDal: Lcom/fsck/k9/mail/filter/PeekableInputStream;--->read()I
06-05 15:26:21.382  6462  6481 D M_InsDal: Lcom/fsck/k9/mail/filter/PeekableInputStream;--->peek()I
06-05 15:26:21.382  6462  6481 D M_InsDal: Lcom/fsck/k9/mail/store/imap/ImapResponseParser;--->parseBareString(Z)Ljava/lang/String;
06-05 15:26:21.382  6462  6481 D M_InsDal: Lcom/fsck/k9/mail/filter/PeekableInputStream;--->peek()I
06-05 15:26:21.382  6462  6481 D M_InsDal: Lcom/fsck/k9/mail/filter/PeekableInputStream;--->read()I
06-05 15:26:21.382  6462  6481 D M_InsDal: Lcom/fsck/k9/mail/filter/PeekableInputStream;--->peek()I
06-05 15:26:21.382  6462  6481 D M_InsDal: Lcom/fsck/k9/mail/filter/PeekableInputStream;--->read()I
06-05 15:26:21.382  6462  6481 D M_InsDal: Lcom/fsck/k9/mail/filter/PeekableInputStream;--->peek()I
06-05 15:26:21.382  6462  6481 D M_InsDal: Lcom/fsck/k9/mail/filter/PeekableInputStream;--->read()I
06-05 15:26:21.382  6462  6481 D M_InsDal: Lcom/fsck/k9/mail/filter/PeekableInputStream;--->peek()I
06-05 15:26:21.382  6462  6481 D M_InsDal: Lcom/fsck/k9/mail/store/imap/ImapResponseParser;--->readToken(Lcom/fsck/k9/mail/store/imap/ImapResponse;)Ljava/lang/Object;
06-05 15:26:21.382  6462  6481 D M_InsDal: Lcom/fsck/k9/mail/store/imap/ImapResponseParser;--->parseToken(Lcom/fsck/k9/mail/store/imap/ImapList;)Ljava/lang/Object;
06-05 15:26:21.382  6462  6481 D M_InsDal: Lcom/fsck/k9/mail/filter/PeekableInputStream;--->peek()I
06-05 15:26:21.382  6462  6481 D M_InsDal: Lcom/fsck/k9/mail/store/imap/ImapResponseParser;--->expect(C)V
06-05 15:26:21.382  6462  6481 D M_InsDal: Lcom/fsck/k9/mail/filter/PeekableInputStream;--->read()I
06-05 15:26:21.382  6462  6481 D M_InsDal: Lcom/fsck/k9/mail/filter/PeekableInputStream;--->peek()I
06-05 15:26:21.382  6462  6481 D M_InsDal: Lcom/fsck/k9/mail/store/imap/ImapResponseParser;--->parseBareString(Z)Ljava/lang/String;
06-05 15:26:21.382  6462  6481 D M_InsDal: Lcom/fsck/k9/mail/filter/PeekableInputStream;--->peek()I
06-05 15:26:21.382  6462  6481 D M_InsDal: Lcom/fsck/k9/mail/filter/PeekableInputStream;--->read()I
06-05 15:26:21.382  6462  6481 D M_InsDal: Lcom/fsck/k9/mail/filter/PeekableInputStream;--->peek()I
06-05 15:26:21.382  6462  6481 D M_InsDal: Lcom/fsck/k9/mail/filter/PeekableInputStream;--->read()I
06-05 15:26:21.382  6462  6481 D M_InsDal: Lcom/fsck/k9/mail/filter/PeekableInputStream;--->peek()I
06-05 15:26:21.382  6462  6481 D M_InsDal: Lcom/fsck/k9/mail/filter/PeekableInputStream;--->read()I
06-05 15:26:21.382  6462  6481 D M_InsDal: Lcom/fsck/k9/mail/filter/PeekableInputStream;--->peek()I
06-05 15:26:21.382  6462  6481 D M_InsDal: Lcom/fsck/k9/mail/store/imap/ImapResponseParser;--->readToken(Lcom/fsck/k9/mail/store/imap/ImapResponse;)Ljava/lang/Object;
06-05 15:26:21.382  6462  6481 D M_InsDal: Lcom/fsck/k9/mail/store/imap/ImapResponseParser;--->parseToken(Lcom/fsck/k9/mail/store/imap/ImapList;)Ljava/lang/Object;
06-05 15:26:21.382  6462  6481 D M_InsDal: Lcom/fsck/k9/mail/filter/PeekableInputStream;--->peek()I
06-05 15:26:21.382  6462  6481 D M_InsDal: Lcom/fsck/k9/mail/store/imap/ImapResponseParser;--->expect(C)V
06-05 15:26:21.382  6462  6481 D M_InsDal: Lcom/fsck/k9/mail/filter/PeekableInputStream;--->read()I
06-05 15:26:21.382  6462  6481 D M_InsDal: Lcom/fsck/k9/mail/filter/PeekableInputStream;--->peek()I
06-05 15:26:21.382  6462  6481 D M_InsDal: Lcom/fsck/k9/mail/store/imap/ImapResponseParser;--->parseBareString(Z)Ljava/lang/String;
06-05 15:26:21.382  6462  6481 D M_InsDal: Lcom/fsck/k9/mail/filter/PeekableInputStream;--->peek()I
06-05 15:26:21.382  6462  6481 D M_InsDal: Lcom/fsck/k9/mail/filter/PeekableInputStream;--->read()I
06-05 15:26:21.382  6462  6481 D M_InsDal: Lcom/fsck/k9/mail/filter/PeekableInputStream;--->peek()I
06-05 15:26:21.382  6462  6481 D M_InsDal: Lcom/fsck/k9/mail/filter/PeekableInputStream;--->read()I
06-05 15:26:21.382  6462  6481 D M_InsDal: Lcom/fsck/k9/mail/filter/PeekableInputStream;--->peek()I
06-05 15:26:21.382  6462  6481 D M_InsDal: Lcom/fsck/k9/mail/filter/PeekableInputStream;--->read()I
06-05 15:26:21.382  6462  6481 D M_InsDal: Lcom/fsck/k9/mail/filter/PeekableInputStream;--->peek()I
06-05 15:26:21.382  6462  6481 D M_InsDal: Lcom/fsck/k9/mail/store/imap/ImapResponseParser;--->readToken(Lcom/fsck/k9/mail/store/imap/ImapResponse;)Ljava/lang/Object;
06-05 15:26:21.382  6462  6481 D M_InsDal: Lcom/fsck/k9/mail/store/imap/ImapResponseParser;--->parseToken(Lcom/fsck/k9/mail/store/imap/ImapList;)Ljava/lang/Object;
06-05 15:26:21.382  6462  6481 D M_InsDal: Lcom/fsck/k9/mail/filter/PeekableInputStream;--->peek()I
06-05 15:26:21.382  6462  6481 D M_InsDal: Lcom/fsck/k9/mail/store/imap/ImapResponseParser;--->expect(C)V
06-05 15:26:21.382  6462  6481 D M_InsDal: Lcom/fsck/k9/mail/filter/PeekableInputStream;--->read()I
