06-05 15:27:07.823  6685  6685 D M_InsDal: Lcom/fsck/k9/view/ColorChip;---><init>(IZLandroid/graphics/Path;)V
06-05 15:27:07.823  6685  6685 D M_InsDal: Lcom/fsck/k9/Account;--->isEnabled()Z
06-05 15:27:07.823  6685  6685 D M_InsDal: Lcom/fsck/k9/Account;--->isAvailable(Landroid/content/Context;)Z
06-05 15:27:07.823  6685  6685 D M_InsDal: Lcom/fsck/k9/Account;--->getLocalStorageProviderId()Ljava/lang/String;
06-05 15:27:07.823  6685  6685 D M_InsDal: Lcom/fsck/k9/mailstore/StorageManager;--->getInstance(Landroid/content/Context;)Lcom/fsck/k9/mailstore/StorageManager;
06-05 15:27:07.823  6685  6685 D M_InsDal: Lcom/fsck/k9/mailstore/StorageManager;--->isReady(Ljava/lang/String;)Z
06-05 15:27:07.823  6685  6685 D M_InsDal: Lcom/fsck/k9/mailstore/StorageManager;--->getProvider(Ljava/lang/String;)Lcom/fsck/k9/mailstore/StorageManager$StorageProvider;
06-05 15:27:07.823  6685  6685 D M_InsDal: Lcom/fsck/k9/mailstore/StorageManager$InternalStorageProvider;--->isReady(Landroid/content/Context;)Z
06-05 15:27:07.823  6685  6685 D M_InsDal: Lcom/fsck/k9/K9;--->setServicesEnabled(Landroid/content/Context;ZLjava/lang/Integer;)V
06-05 15:27:07.824  6685  6685 D M_InsDal: Lcom/fsck/k9/service/CoreService;---><clinit>()V
06-05 15:27:07.824  6685  6685 D M_InsDal: Lcom/fsck/k9/service/MailService;---><clinit>()V
06-05 15:27:07.824  6685  6685 D M_InsDal: Lcom/fsck/k9/service/MailService;--->actionReset(Landroid/content/Context;Ljava/lang/Integer;)V
06-05 15:27:07.824  6685  6685 D M_InsDal: Lcom/fsck/k9/service/CoreService;--->addWakeLockId(Landroid/content/Context;Landroid/content/Intent;Ljava/lang/Integer;Z)V
06-05 15:27:07.824  6685  6685 D M_InsDal: Lcom/fsck/k9/service/CoreService;--->addWakeLock(Landroid/content/Context;Landroid/content/Intent;)V
06-05 15:27:07.824  6685  6685 D M_InsDal: Lcom/fsck/k9/service/CoreService;--->acquireWakeLock(Landroid/content/Context;Ljava/lang/String;J)Lcom/fsck/k9/mail/power/TracingPowerManager$TracingWakeLock;
06-05 15:27:07.824  6685  6685 D M_InsDal: Lcom/fsck/k9/mail/power/TracingPowerManager;---><clinit>()V
06-05 15:27:07.824  6685  6685 D M_InsDal: Lcom/fsck/k9/mail/power/TracingPowerManager;--->getPowerManager(Landroid/content/Context;)Lcom/fsck/k9/mail/power/TracingPowerManager;
06-05 15:27:07.824  6685  6685 D M_InsDal: Lcom/fsck/k9/mail/K9MailLib;--->isDebug()Z
06-05 15:27:07.824  6685  6685 D M_InsDal: Lcom/fsck/k9/K9$2;--->enabled()Z
06-05 15:27:07.824  6685  6685 D M_InsDal: Lcom/fsck/k9/mail/power/TracingPowerManager;---><init>(Landroid/content/Context;)V
06-05 15:27:07.824  6685  6685 D M_InsDal: Lcom/fsck/k9/mail/power/TracingPowerManager;--->newWakeLock(ILjava/lang/String;)Lcom/fsck/k9/mail/power/TracingPowerManager$TracingWakeLock;
06-05 15:27:07.824  6685  6685 D M_InsDal: Lcom/fsck/k9/mail/power/TracingPowerManager$TracingWakeLock;---><init>(Lcom/fsck/k9/mail/power/TracingPowerManager;ILjava/lang/String;)V
06-05 15:27:07.824  6685  6685 D M_InsDal: Lcom/fsck/k9/mail/K9MailLib;--->isDebug()Z
06-05 15:27:07.824  6685  6685 D M_InsDal: Lcom/fsck/k9/K9$2;--->enabled()Z
06-05 15:27:07.824  6685  6685 D M_InsDal: Lcom/fsck/k9/mail/power/TracingPowerManager$TracingWakeLock;--->setReferenceCounted(Z)V
06-05 15:27:07.824  6685  6685 D M_InsDal: Lcom/fsck/k9/mail/power/TracingPowerManager$TracingWakeLock;--->acquire(J)V
06-05 15:27:07.825  6685  6685 D M_InsDal: Lcom/fsck/k9/mail/K9MailLib;--->isDebug()Z
06-05 15:27:07.825  6685  6685 D M_InsDal: Lcom/fsck/k9/K9$2;--->enabled()Z
06-05 15:27:07.825  6685  6685 D M_InsDal: Lcom/fsck/k9/mail/power/TracingPowerManager$TracingWakeLock;--->raiseNotification()V
06-05 15:27:07.825  6685  6685 D M_InsDal: Lcom/fsck/k9/service/CoreService;--->registerWakeLock(Lcom/fsck/k9/mail/power/TracingPowerManager$TracingWakeLock;)Ljava/lang/Integer;
06-05 15:27:07.825  6685  6685 D M_InsDal: Lcom/fsck/k9/K9;--->updateDeviceIdleReceiver(Landroid/content/Context;Z)V
06-05 15:27:07.825  6685  6685 D M_InsDal: Lcom/fsck/k9/power/DeviceIdleManager;--->getInstance(Landroid/content/Context;)Lcom/fsck/k9/power/DeviceIdleManager;
06-05 15:27:07.825  6685  6685 D M_InsDal: Lcom/fsck/k9/power/DozeChecker;---><init>(Landroid/content/Context;)V
06-05 15:27:07.825  6685  6685 D M_InsDal: Lcom/fsck/k9/power/DozeChecker;--->isDeviceIdleModeSupported()Z
06-05 15:27:07.825  6685  6685 D M_InsDal: Lcom/fsck/k9/power/DozeChecker;--->isAppWhitelisted()Z
06-05 15:27:07.826  6685  6685 D M_InsDal: Lcom/fsck/k9/power/DeviceIdleManager$RealDeviceIdleManager;--->newInstance(Landroid/content/Context;)Lcom/fsck/k9/power/DeviceIdleManager$RealDeviceIdleManager;
06-05 15:27:07.826  6685  6685 D M_InsDal: Lcom/fsck/k9/power/DeviceIdleManager$RealDeviceIdleManager;---><init>(Landroid/content/Context;)V
06-05 15:27:07.826  6685  6685 D M_InsDal: Lcom/fsck/k9/power/DeviceIdleManager;---><init>()V
06-05 15:27:07.826  6685  6685 D M_InsDal: Lcom/fsck/k9/power/DeviceIdleReceiver;---><init>(Landroid/os/PowerManager;)V
06-05 15:27:07.826  6685  6685 D M_InsDal: Lcom/fsck/k9/power/DeviceIdleManager$RealDeviceIdleManager;--->registerReceiver()V
06-05 15:27:07.826  6685  6685 D M_InsDal: Lcom/fsck/k9/K9;--->registerReceivers()V
06-05 15:27:07.826  6685  6685 D M_InsDal: Lcom/fsck/k9/service/StorageGoneReceiver;---><init>()V
06-05 15:27:07.826  6685  6685 D M_InsDal: Lcom/fsck/k9/K9$1;---><init>(Lcom/fsck/k9/K9;Ljava/util/concurrent/BlockingQueue;)V
06-05 15:27:07.826  6685  6703 D M_InsDal: Lcom/fsck/k9/K9$1;--->run()V
06-05 15:27:07.827  6685  6685 D M_InsDal: Lcom/fsck/k9/service/ShutdownReceiver;---><init>()V
06-05 15:27:07.827  6685  6685 D M_InsDal: Lcom/fsck/k9/controller/MessagingController;---><clinit>()V
06-05 15:27:07.827  6685  6685 D M_InsDal: Lcom/fsck/k9/mail/Flag;---><clinit>()V
06-05 15:27:07.827  6685  6685 D M_InsDal: Lcom/fsck/k9/mail/Flag;---><init>(Ljava/lang/String;I)V
06-05 15:27:07.827  6685  6685 D M_InsDal: Lcom/fsck/k9/mail/Flag;---><init>(Ljava/lang/String;I)V
06-05 15:27:07.827  6685  6685 D M_InsDal: Lcom/fsck/k9/mail/Flag;--->values()[Lcom/fsck/k9/mail/Flag;
06-05 15:27:07.827  6685  6685 D M_InsDal: Lcom/fsck/k9/controller/MessagingController;--->getInstance(Landroid/content/Context;)Lcom/fsck/k9/controller/MessagingController;
06-05 15:27:07.827  6685  6685 D M_InsDal: Lcom/fsck/k9/notification/NotificationController;--->newInstance(Landroid/content/Context;)Lcom/fsck/k9/notification/NotificationController;
06-05 15:27:07.827  6685  6685 D M_InsDal: Lcom/fsck/k9/notification/NotificationController;---><init>(Landroid/content/Context;Landroid/support/v4/app/NotificationManagerCompat;)V
06-05 15:27:07.827  6685  6685 D M_InsDal: Lcom/fsck/k9/notification/NotificationActionCreator;---><init>(Landroid/content/Context;)V
06-05 15:27:07.827  6685  6685 D M_InsDal: Lcom/fsck/k9/notification/CertificateErrorNotifications;---><init>(Lcom/fsck/k9/notification/NotificationController;)V
06-05 15:27:07.827  6685  6685 D M_InsDal: Lcom/fsck/k9/notification/AuthenticationErrorNotifications;---><init>(Lcom/fsck/k9/notification/NotificationController;)V
06-05 15:27:07.827  6685  6685 D M_InsDal: Lcom/fsck/k9/notification/SyncNotifications;---><init>(Lcom/fsck/k9/notification/NotificationController;Lcom/fsck/k9/notification/NotificationActionCreator;)V
06-05 15:27:07.827  6685  6685 D M_InsDal: Lcom/fsck/k9/notification/SendFailedNotifications;---><init>(Lcom/fsck/k9/notification/NotificationController;Lcom/fsck/k9/notification/NotificationActionCreator;)V
06-05 15:27:07.827  6685  6685 D M_InsDal: Lcom/fsck/k9/notification/NewMailNotifications;--->newInstance(Lcom/fsck/k9/notification/NotificationController;Lcom/fsck/k9/notification/NotificationActionCreator;)Lcom/fsck/k9/notification/NewMailNotifications;
06-05 15:27:07.827  6685  6685 D M_InsDal: Lcom/fsck/k9/notification/NotificationController;--->getContext()Landroid/content/Context;
06-05 15:27:07.827  6685  6685 D M_InsDal: Lcom/fsck/k9/notification/NotificationContentCreator;---><init>(Landroid/content/Context;)V
06-05 15:27:07.827  6685  6685 D M_InsDal: Lcom/fsck/k9/notification/WearNotifications;---><init>(Lcom/fsck/k9/notification/NotificationController;Lcom/fsck/k9/notification/NotificationActionCreator;)V
06-05 15:27:07.827  6685  6685 D M_InsDal: Lcom/fsck/k9/notification/BaseNotifications;---><init>(Lcom/fsck/k9/notification/NotificationController;Lcom/fsck/k9/notification/NotificationActionCreator;)V
06-05 15:27:07.827  6685  6685 D M_InsDal: Lcom/fsck/k9/notification/NotificationController;--->getContext()Landroid/content/Context;
06-05 15:27:07.827  6685  6685 D M_InsDal: Lcom/fsck/k9/notification/DeviceNotifications;--->newInstance(Lcom/fsck/k9/notification/NotificationController;Lcom/fsck/k9/notification/NotificationActionCreator;Lcom/fsck/k9/notification/WearNotifications;)Lcom/fsck/k9/notification/DeviceNotifications;
06-05 15:27:07.827  6685  6685 D M_InsDal: Lcom/fsck/k9/notification/LockScreenNotification;--->newInstance(Lcom/fsck/k9/notification/NotificationController;)Lcom/fsck/k9/notification/LockScreenNotification;
06-05 15:27:07.827  6685  6685 D M_InsDal: Lcom/fsck/k9/notification/LockScreenNotification;---><init>(Lcom/fsck/k9/notification/NotificationController;)V
06-05 15:27:07.827  6685  6685 D M_InsDal: Lcom/fsck/k9/notification/NotificationController;--->getContext()Landroid/content/Context;
06-05 15:27:07.827  6685  6685 D M_InsDal: Lcom/fsck/k9/notification/DeviceNotifications;---><init>(Lcom/fsck/k9/notification/NotificationController;Lcom/fsck/k9/notification/NotificationActionCreator;Lcom/fsck/k9/notification/LockScreenNotification;Lcom/fsck/k9/notification/WearNotifications;)V
06-05 15:27:07.827  6685  6685 D M_InsDal: Lcom/fsck/k9/notification/BaseNotifications;---><init>(Lcom/fsck/k9/notification/NotificationController;Lcom/fsck/k9/notification/NotificationActionCreator;)V
06-05 15:27:07.827  6685  6685 D M_InsDal: Lcom/fsck/k9/notification/NotificationController;--->getContext()Landroid/content/Context;
06-05 15:27:07.827  6685  6685 D M_InsDal: Lcom/fsck/k9/notification/NewMailNotifications;---><init>(Lcom/fsck/k9/notification/NotificationController;Lcom/fsck/k9/notification/NotificationContentCreator;Lcom/fsck/k9/notification/DeviceNotifications;Lcom/fsck/k9/notification/WearNotifications;)V
06-05 15:27:07.827  6685  6685 D M_InsDal: Lcom/fsck/k9/helper/Contacts;---><clinit>()V
06-05 15:27:07.827  6685  6685 D M_InsDal: Lcom/fsck/k9/helper/Contacts;--->getInstance(Landroid/content/Context;)Lcom/fsck/k9/helper/Contacts;
06-05 15:27:07.827  6685  6685 D M_InsDal: Lcom/fsck/k9/helper/Contacts;---><init>(Landroid/content/Context;)V
06-05 15:27:07.827  6685  6685 D M_InsDal: Lcom/fsck/k9/mail/TransportProvider;---><clinit>()V
06-05 15:27:07.827  6685  6685 D M_InsDal: Lcom/fsck/k9/mail/TransportProvider;---><init>()V
06-05 15:27:07.827  6685  6685 D M_InsDal: Lcom/fsck/k9/mail/TransportProvider;--->getInstance()Lcom/fsck/k9/mail/TransportProvider;
06-05 15:27:07.827  6685  6685 D M_InsDal: Lcom/fsck/k9/controller/MessagingController;---><init>(Landroid/content/Context;Lcom/fsck/k9/notification/NotificationController;Lcom/fsck/k9/helper/Contacts;Lcom/fsck/k9/mail/TransportProvider;)V
06-05 15:27:07.827  6685  6685 D M_InsDal: Lcom/fsck/k9/controller/MemorizingMessagingListener;---><init>()V
06-05 15:27:07.827  6685  6685 D M_InsDal: Lcom/fsck/k9/controller/SimpleMessagingListener;---><init>()V
06-05 15:27:07.827  6685  6685 D M_InsDal: Lcom/fsck/k9/controller/MessagingController$1;---><init>(Lcom/fsck/k9/controller/MessagingController;)V
06-05 15:27:07.828  6685  6685 D M_InsDal: Lcom/fsck/k9/controller/MessagingController;--->addListener(Lcom/fsck/k9/controller/MessagingListener;)V
06-05 15:27:07.828  6685  6685 D M_InsDal: Lcom/fsck/k9/controller/MessagingController;--->refreshListener(Lcom/fsck/k9/controller/MessagingListener;)V
06-05 15:27:07.828  6685  6685 D M_InsDal: Lcom/fsck/k9/controller/MemorizingMessagingListener;--->refreshOther(Lcom/fsck/k9/controller/MessagingListener;)V
06-05 15:27:07.828  6685  6685 D M_InsDal: Lcom/fsck/k9/K9$3;---><init>(Lcom/fsck/k9/K9;)V
06-05 15:27:07.828  6685  6685 D M_InsDal: Lcom/fsck/k9/controller/SimpleMessagingListener;---><init>()V
06-05 15:27:07.828  6685  6685 D M_InsDal: Lcom/fsck/k9/controller/MessagingController;--->addListener(Lcom/fsck/k9/controller/MessagingListener;)V
06-05 15:27:07.828  6685  6685 D M_InsDal: Lcom/fsck/k9/controller/MessagingController;--->refreshListener(Lcom/fsck/k9/controller/MessagingListener;)V
06-05 15:27:07.828  6685  6685 D M_InsDal: Lcom/fsck/k9/controller/MemorizingMessagingListener;--->refreshOther(Lcom/fsck/k9/controller/MessagingListener;)V
06-05 15:27:07.828  6685  6704 D M_InsDal: Lcom/fsck/k9/controller/MessagingController$1;--->run()V
06-05 15:27:07.828  6685  6685 D M_InsDal: Lcom/fsck/k9/K9;--->notifyObservers()V
06-05 15:27:07.828  6685  6704 D M_InsDal: Lcom/fsck/k9/controller/MessagingController;--->runInBackground()V
06-05 15:27:07.828  6685  6685 D M_InsDal: Lcom/fsck/k9/provider/MessageProvider$1;--->initializeComponent(Landroid/app/Application;)V
06-05 15:27:07.828  6685  6685 D M_InsDal: Lcom/fsck/k9/controller/MessagingController;--->getInstance(Landroid/content/Context;)Lcom/fsck/k9/controller/MessagingController;
06-05 15:27:07.828  6685  6685 D M_InsDal: Lcom/fsck/k9/provider/MessageProvider$1$1;---><init>(Lcom/fsck/k9/provider/MessageProvider$1;Landroid/app/Application;)V
06-05 15:27:07.828  6685  6685 D M_InsDal: Lcom/fsck/k9/controller/SimpleMessagingListener;---><init>()V
06-05 15:27:07.828  6685  6685 D M_InsDal: Lcom/fsck/k9/controller/MessagingController;--->addListener(Lcom/fsck/k9/controller/MessagingListener;)V
06-05 15:27:07.828  6685  6685 D M_InsDal: Lcom/fsck/k9/controller/MessagingController;--->refreshListener(Lcom/fsck/k9/controller/MessagingListener;)V
06-05 15:27:07.828  6685  6685 D M_InsDal: Lcom/fsck/k9/controller/MemorizingMessagingListener;--->refreshOther(Lcom/fsck/k9/controller/MessagingListener;)V
06-05 15:27:07.828  6685  6685 D M_InsDal: Lcom/fsck/k9/service/MailService;---><init>()V
06-05 15:27:07.828  6685  6685 D M_InsDal: Lcom/fsck/k9/service/CoreService;---><init>()V
06-05 15:27:07.828  6685  6685 D M_InsDal: Lcom/fsck/k9/service/CoreService;--->onCreate()V
06-05 15:27:07.828  6685  6685 D M_InsDal: Lcom/fsck/k9/service/MailService;--->onCreate()V
06-05 15:27:07.828  6685  6685 D M_InsDal: Lcom/fsck/k9/service/CoreService;--->onStartCommand(Landroid/content/Intent;II)I
06-05 15:27:07.828  6685  6685 D M_InsDal: Lcom/fsck/k9/service/CoreService;--->acquireWakeLock(Landroid/content/Context;Ljava/lang/String;J)Lcom/fsck/k9/mail/power/TracingPowerManager$TracingWakeLock;
06-05 15:27:07.828  6685  6685 D M_InsDal: Lcom/fsck/k9/mail/power/TracingPowerManager;--->getPowerManager(Landroid/content/Context;)Lcom/fsck/k9/mail/power/TracingPowerManager;
06-05 15:27:07.828  6685  6685 D M_InsDal: Lcom/fsck/k9/mail/power/TracingPowerManager;--->newWakeLock(ILjava/lang/String;)Lcom/fsck/k9/mail/power/TracingPowerManager$TracingWakeLock;
06-05 15:27:07.828  6685  6685 D M_InsDal: Lcom/fsck/k9/mail/power/TracingPowerManager$TracingWakeLock;---><init>(Lcom/fsck/k9/mail/power/TracingPowerManager;ILjava/lang/String;)V
06-05 15:27:07.828  6685  6685 D M_InsDal: Lcom/fsck/k9/mail/K9MailLib;--->isDebug()Z
06-05 15:27:07.828  6685  6685 D M_InsDal: Lcom/fsck/k9/K9$2;--->enabled()Z
06-05 15:27:07.828  6685  6685 D M_InsDal: Lcom/fsck/k9/mail/power/TracingPowerManager$TracingWakeLock;--->setReferenceCounted(Z)V
06-05 15:27:07.828  6685  6685 D M_InsDal: Lcom/fsck/k9/mail/power/TracingPowerManager$TracingWakeLock;--->acquire(J)V
06-05 15:27:07.828  6685  6685 D M_InsDal: Lcom/fsck/k9/mail/K9MailLib;--->isDebug()Z
06-05 15:27:07.829  6685  6685 D M_InsDal: Lcom/fsck/k9/K9$2;--->enabled()Z
06-05 15:27:07.829  6685  6685 D M_InsDal: Lcom/fsck/k9/mail/power/TracingPowerManager$TracingWakeLock;--->raiseNotification()V
06-05 15:27:07.829  6685  6685 D M_InsDal: Lcom/fsck/k9/mail/power/TracingPowerManager$TracingWakeLock;--->release()V
06-05 15:27:07.829  6685  6685 D M_InsDal: Lcom/fsck/k9/mail/K9MailLib;--->isDebug()Z
06-05 15:27:07.829  6685  6685 D M_InsDal: Lcom/fsck/k9/K9$2;--->enabled()Z
06-05 15:27:07.829  6685  6685 D M_InsDal: Lcom/fsck/k9/mail/power/TracingPowerManager$TracingWakeLock;--->cancelNotification()V
06-05 15:27:07.829  6685  6685 D M_InsDal: Lcom/fsck/k9/service/MailService;--->startService(Landroid/content/Intent;I)I
06-05 15:27:07.829  6685  6685 D M_InsDal: Lcom/fsck/k9/service/MailService;--->isSyncDisabled()Z
06-05 15:27:07.829  6685  6685 D M_InsDal: Lcom/fsck/k9/helper/Utility;--->hasConnectivity(Landroid/content/Context;)Z
06-05 15:27:07.829  6685  6685 D M_InsDal: Lcom/fsck/k9/K9;--->getBackgroundOps()Lcom/fsck/k9/K9$BACKGROUND_OPS;
06-05 15:27:07.829  6685  6685 D M_InsDal: Lcom/fsck/k9/service/MailService$5;---><clinit>()V
06-05 15:27:07.829  6685  6685 D M_InsDal: Lcom/fsck/k9/K9$BACKGROUND_OPS;--->values()[Lcom/fsck/k9/K9$BACKGROUND_OPS;
06-05 15:27:07.829  6685  6685 D M_InsDal: Lcom/fsck/k9/service/MailService;--->rescheduleAllInBackground(ZZLjava/lang/Integer;)V
06-05 15:27:07.829  6685  6685 D M_InsDal: Lcom/fsck/k9/service/MailService$1;---><init>(Lcom/fsck/k9/service/MailService;ZZ)V
06-05 15:27:07.829  6685  6685 D M_InsDal: Lcom/fsck/k9/service/CoreService;--->execute(Landroid/content/Context;Ljava/lang/Runnable;ILjava/lang/Integer;)V
06-05 15:27:07.829  6685  6685 D M_InsDal: Lcom/fsck/k9/service/CoreService;--->acquireWakeLock(Landroid/content/Context;Ljava/lang/String;J)Lcom/fsck/k9/mail/power/TracingPowerManager$TracingWakeLock;
06-05 15:27:07.829  6685  6685 D M_InsDal: Lcom/fsck/k9/mail/power/TracingPowerManager;--->getPowerManager(Landroid/content/Context;)Lcom/fsck/k9/mail/power/TracingPowerManager;
06-05 15:27:07.829  6685  6685 D M_InsDal: Lcom/fsck/k9/mail/power/TracingPowerManager;--->newWakeLock(ILjava/lang/String;)Lcom/fsck/k9/mail/power/TracingPowerManager$TracingWakeLock;
06-05 15:27:07.829  6685  6685 D M_InsDal: Lcom/fsck/k9/mail/power/TracingPowerManager$TracingWakeLock;---><init>(Lcom/fsck/k9/mail/power/TracingPowerManager;ILjava/lang/String;)V
06-05 15:27:07.829  6685  6685 D M_InsDal: Lcom/fsck/k9/mail/K9MailLib;--->isDebug()Z
06-05 15:27:07.829  6685  6685 D M_InsDal: Lcom/fsck/k9/K9$2;--->enabled()Z
06-05 15:27:07.829  6685  6685 D M_InsDal: Lcom/fsck/k9/mail/power/TracingPowerManager$TracingWakeLock;--->setReferenceCounted(Z)V
06-05 15:27:07.829  6685  6685 D M_InsDal: Lcom/fsck/k9/mail/power/TracingPowerManager$TracingWakeLock;--->acquire(J)V
06-05 15:27:07.829  6685  6685 D M_InsDal: Lcom/fsck/k9/mail/K9MailLib;--->isDebug()Z
06-05 15:27:07.829  6685  6685 D M_InsDal: Lcom/fsck/k9/K9$2;--->enabled()Z
06-05 15:27:07.829  6685  6685 D M_InsDal: Lcom/fsck/k9/mail/power/TracingPowerManager$TracingWakeLock;--->raiseNotification()V
06-05 15:27:07.830  6685  6685 D M_InsDal: Lcom/fsck/k9/service/CoreService$1;---><init>(Lcom/fsck/k9/service/CoreService;Ljava/lang/Runnable;Ljava/lang/Integer;Lcom/fsck/k9/mail/power/TracingPowerManager$TracingWakeLock;Z)V
06-05 15:27:07.830  6685  6685 D M_InsDal: Lcom/fsck/k9/service/MailService;--->isSyncDisabled()Z
06-05 15:27:07.830  6685  6685 D M_InsDal: Lcom/fsck/k9/mail/power/TracingPowerManager$TracingWakeLock;--->release()V
06-05 15:27:07.830  6685  6685 D M_InsDal: Lcom/fsck/k9/mail/K9MailLib;--->isDebug()Z
06-05 15:27:07.830  6685  6685 D M_InsDal: Lcom/fsck/k9/K9$2;--->enabled()Z
06-05 15:27:07.830  6685  6685 D M_InsDal: Lcom/fsck/k9/mail/power/TracingPowerManager$TracingWakeLock;--->cancelNotification()V
06-05 15:27:07.830  6685  6705 D M_InsDal: Lcom/fsck/k9/service/CoreService$1;--->run()V
06-05 15:27:07.830  6685  6705 D M_InsDal: Lcom/fsck/k9/service/MailService;--->isSyncDisabled()Z
06-05 15:27:07.830  6685  6705 D M_InsDal: Lcom/fsck/k9/service/MailService$1;--->run()V
06-05 15:27:07.830  6685  6705 D M_InsDal: Lcom/fsck/k9/service/MailService;--->reschedulePoll(ZZZ)V
06-05 15:27:07.830  6685  6705 D M_InsDal: Lcom/fsck/k9/Preferences;--->getPreferences(Landroid/content/Context;)Lcom/fsck/k9/Preferences;
06-05 15:27:07.830  6685  6705 D M_InsDal: Lcom/fsck/k9/Preferences;--->getStorage()Lcom/fsck/k9/preferences/Storage;
06-05 15:27:07.830  6685  6705 D M_InsDal: Lcom/fsck/k9/preferences/Storage;--->getInt(Ljava/lang/String;I)I
06-05 15:27:07.830  6685  6705 D M_InsDal: Lcom/fsck/k9/preferences/Storage;--->getLong(Ljava/lang/String;J)J
06-05 15:27:07.830  6685  6705 D M_InsDal: Lcom/fsck/k9/Preferences;--->getAvailableAccounts()Ljava/util/Collection;
06-05 15:27:07.830  6685  6705 D M_InsDal: Lcom/fsck/k9/Preferences;--->getAccounts()Ljava/util/List;
06-05 15:27:07.830  6685  6705 D M_InsDal: Lcom/fsck/k9/Account;--->isEnabled()Z
06-05 15:27:07.830  6685  6705 D M_InsDal: Lcom/fsck/k9/Account;--->isAvailable(Landroid/content/Context;)Z
06-05 15:27:07.830  6685  6705 D M_InsDal: Lcom/fsck/k9/Account;--->getLocalStorageProviderId()Ljava/lang/String;
06-05 15:27:07.830  6685  6705 D M_InsDal: Lcom/fsck/k9/mailstore/StorageManager;--->getInstance(Landroid/content/Context;)Lcom/fsck/k9/mailstore/StorageManager;
06-05 15:27:07.830  6685  6705 D M_InsDal: Lcom/fsck/k9/mailstore/StorageManager;--->isReady(Ljava/lang/String;)Z
06-05 15:27:07.830  6685  6705 D M_InsDal: Lcom/fsck/k9/mailstore/StorageManager;--->getProvider(Ljava/lang/String;)Lcom/fsck/k9/mailstore/StorageManager$StorageProvider;
06-05 15:27:07.830  6685  6705 D M_InsDal: Lcom/fsck/k9/mailstore/StorageManager$InternalStorageProvider;--->isReady(Landroid/content/Context;)Z
06-05 15:27:07.830  6685  6705 D M_InsDal: Lcom/fsck/k9/Account;--->getAutomaticCheckIntervalMinutes()I
06-05 15:27:07.830  6685  6705 D M_InsDal: Lcom/fsck/k9/preferences/Storage;--->edit()Lcom/fsck/k9/preferences/StorageEditor;
06-05 15:27:07.830  6685  6705 D M_InsDal: Lcom/fsck/k9/preferences/StorageEditor;---><init>(Lcom/fsck/k9/preferences/Storage;)V
06-05 15:27:07.830  6685  6705 D M_InsDal: Lcom/fsck/k9/preferences/Storage;--->getAll()Ljava/util/Map;
06-05 15:27:07.830  6685  6705 D M_InsDal: Lcom/fsck/k9/preferences/StorageEditor;--->putInt(Ljava/lang/String;I)Lcom/fsck/k9/preferences/StorageEditor;
06-05 15:27:07.830  6685  6705 D M_InsDal: Lcom/fsck/k9/preferences/StorageEditor;--->commit()Z
06-05 15:27:07.830  6685  6705 D M_InsDal: Lcom/fsck/k9/preferences/StorageEditor;--->commitChanges()V
06-05 15:27:07.830  6685  6705 D M_InsDal: Lcom/fsck/k9/preferences/StorageEditor$1;---><init>(Lcom/fsck/k9/preferences/StorageEditor;)V
06-05 15:27:07.830  6685  6705 D M_InsDal: Lcom/fsck/k9/preferences/Storage;--->doInTransaction(Ljava/lang/Runnable;)V
06-05 15:27:07.830  6685  6705 D M_InsDal: Lcom/fsck/k9/preferences/Storage;--->openDB()Landroid/database/sqlite/SQLiteDatabase;
06-05 15:27:07.830  6685  6685 D M_InsDal: Lcom/fsck/k9/service/CoreService;--->onStartCommand(Landroid/content/Intent;II)I
06-05 15:27:07.830  6685  6685 D M_InsDal: Lcom/fsck/k9/service/CoreService;--->acquireWakeLock(Landroid/content/Context;Ljava/lang/String;J)Lcom/fsck/k9/mail/power/TracingPowerManager$TracingWakeLock;
06-05 15:27:07.830  6685  6685 D M_InsDal: Lcom/fsck/k9/mail/power/TracingPowerManager;--->getPowerManager(Landroid/content/Context;)Lcom/fsck/k9/mail/power/TracingPowerManager;
06-05 15:27:07.830  6685  6685 D M_InsDal: Lcom/fsck/k9/mail/power/TracingPowerManager;--->newWakeLock(ILjava/lang/String;)Lcom/fsck/k9/mail/power/TracingPowerManager$TracingWakeLock;
06-05 15:27:07.830  6685  6685 D M_InsDal: Lcom/fsck/k9/mail/power/TracingPowerManager$TracingWakeLock;---><init>(Lcom/fsck/k9/mail/power/TracingPowerManager;ILjava/lang/String;)V
06-05 15:27:07.830  6685  6685 D M_InsDal: Lcom/fsck/k9/mail/K9MailLib;--->isDebug()Z
06-05 15:27:07.830  6685  6685 D M_InsDal: Lcom/fsck/k9/K9$2;--->enabled()Z
06-05 15:27:07.830  6685  6685 D M_InsDal: Lcom/fsck/k9/mail/power/TracingPowerManager$TracingWakeLock;--->setReferenceCounted(Z)V
06-05 15:27:07.830  6685  6685 D M_InsDal: Lcom/fsck/k9/mail/power/TracingPowerManager$TracingWakeLock;--->acquire(J)V
06-05 15:27:07.831  6685  6685 D M_InsDal: Lcom/fsck/k9/mail/K9MailLib;--->isDebug()Z
06-05 15:27:07.831  6685  6685 D M_InsDal: Lcom/fsck/k9/K9$2;--->enabled()Z
06-05 15:27:07.831  6685  6685 D M_InsDal: Lcom/fsck/k9/mail/power/TracingPowerManager$TracingWakeLock;--->raiseNotification()V
06-05 15:27:07.831  6685  6685 D M_InsDal: Lcom/fsck/k9/service/MailService;--->startService(Landroid/content/Intent;I)I
06-05 15:27:07.831  6685  6685 D M_InsDal: Lcom/fsck/k9/service/MailService;--->isSyncDisabled()Z
06-05 15:27:07.831  6685  6685 D M_InsDal: Lcom/fsck/k9/helper/Utility;--->hasConnectivity(Landroid/content/Context;)Z
06-05 15:27:07.831  6685  6705 D M_InsDal: Lcom/fsck/k9/preferences/StorageEditor$1;--->run()V
06-05 15:27:07.831  6685  6705 D M_InsDal: Lcom/fsck/k9/preferences/Storage;--->put(Ljava/util/Map;)V
06-05 15:27:07.831  6685  6685 D M_InsDal: Lcom/fsck/k9/K9;--->getBackgroundOps()Lcom/fsck/k9/K9$BACKGROUND_OPS;
06-05 15:27:07.831  6685  6685 D M_InsDal: Lcom/fsck/k9/service/MailService;--->rescheduleAllInBackground(ZZLjava/lang/Integer;)V
06-05 15:27:07.831  6685  6685 D M_InsDal: Lcom/fsck/k9/service/MailService$1;---><init>(Lcom/fsck/k9/service/MailService;ZZ)V
06-05 15:27:07.831  6685  6685 D M_InsDal: Lcom/fsck/k9/service/CoreService;--->execute(Landroid/content/Context;Ljava/lang/Runnable;ILjava/lang/Integer;)V
06-05 15:27:07.831  6685  6685 D M_InsDal: Lcom/fsck/k9/service/CoreService;--->acquireWakeLock(Landroid/content/Context;Ljava/lang/String;J)Lcom/fsck/k9/mail/power/TracingPowerManager$TracingWakeLock;
06-05 15:27:07.831  6685  6685 D M_InsDal: Lcom/fsck/k9/mail/power/TracingPowerManager;--->getPowerManager(Landroid/content/Context;)Lcom/fsck/k9/mail/power/TracingPowerManager;
06-05 15:27:07.831  6685  6685 D M_InsDal: Lcom/fsck/k9/mail/power/TracingPowerManager;--->newWakeLock(ILjava/lang/String;)Lcom/fsck/k9/mail/power/TracingPowerManager$TracingWakeLock;
06-05 15:27:07.831  6685  6685 D M_InsDal: Lcom/fsck/k9/mail/power/TracingPowerManager$TracingWakeLock;---><init>(Lcom/fsck/k9/mail/power/TracingPowerManager;ILjava/lang/String;)V
06-05 15:27:07.831  6685  6685 D M_InsDal: Lcom/fsck/k9/mail/K9MailLib;--->isDebug()Z
06-05 15:27:07.831  6685  6685 D M_InsDal: Lcom/fsck/k9/K9$2;--->enabled()Z
06-05 15:27:07.831  6685  6685 D M_InsDal: Lcom/fsck/k9/mail/power/TracingPowerManager$TracingWakeLock;--->setReferenceCounted(Z)V
06-05 15:27:07.831  6685  6685 D M_InsDal: Lcom/fsck/k9/mail/power/TracingPowerManager$TracingWakeLock;--->acquire(J)V
06-05 15:27:07.831  6685  6705 D M_InsDal: Lcom/fsck/k9/service/MailService;--->cancel()V
06-05 15:27:07.831  6685  6705 D M_InsDal: Lcom/fsck/k9/service/CoreReceiver;---><clinit>()V
06-05 15:27:07.831  6685  6705 D M_InsDal: Lcom/fsck/k9/service/BootReceiver;--->cancelIntent(Landroid/content/Context;Landroid/content/Intent;)V
06-05 15:27:07.831  6685  6685 D M_InsDal: Lcom/fsck/k9/mail/K9MailLib;--->isDebug()Z
06-05 15:27:07.831  6685  6685 D M_InsDal: Lcom/fsck/k9/K9$2;--->enabled()Z
06-05 15:27:07.831  6685  6685 D M_InsDal: Lcom/fsck/k9/mail/power/TracingPowerManager$TracingWakeLock;--->raiseNotification()V
06-05 15:27:07.831  6685  6685 D M_InsDal: Lcom/fsck/k9/service/CoreService$1;---><init>(Lcom/fsck/k9/service/CoreService;Ljava/lang/Runnable;Ljava/lang/Integer;Lcom/fsck/k9/mail/power/TracingPowerManager$TracingWakeLock;Z)V
06-05 15:27:07.831  6685  6685 D M_InsDal: Lcom/fsck/k9/service/MailService;--->isSyncDisabled()Z
06-05 15:27:07.831  6685  6685 D M_InsDal: Lcom/fsck/k9/mail/power/TracingPowerManager$TracingWakeLock;--->release()V
06-05 15:27:07.831  6685  6685 D M_InsDal: Lcom/fsck/k9/mail/K9MailLib;--->isDebug()Z
06-05 15:27:07.831  6685  6685 D M_InsDal: Lcom/fsck/k9/K9$2;--->enabled()Z
06-05 15:27:07.831  6685  6685 D M_InsDal: Lcom/fsck/k9/mail/power/TracingPowerManager$TracingWakeLock;--->cancelNotification()V
06-05 15:27:07.832  6685  6705 D M_InsDal: Lcom/fsck/k9/service/MailService;--->reschedulePushers(ZZ)V
06-05 15:27:07.832  6685  6705 D M_InsDal: Lcom/fsck/k9/service/MailService;--->stopPushers()V
06-05 15:27:07.832  6685  6705 D M_InsDal: Lcom/fsck/k9/controller/MessagingController;--->getInstance(Landroid/content/Context;)Lcom/fsck/k9/controller/MessagingController;
06-05 15:27:07.832  6685  6705 D M_InsDal: Lcom/fsck/k9/controller/MessagingController;--->stopAllPushing()V
06-05 15:27:07.832  6685  6705 D M_InsDal: Lcom/fsck/k9/service/PushService;--->stopService(Landroid/content/Context;)V
06-05 15:27:07.832  6685  6705 D M_InsDal: Lcom/fsck/k9/service/CoreService;--->addWakeLock(Landroid/content/Context;Landroid/content/Intent;)V
06-05 15:27:07.832  6685  6705 D M_InsDal: Lcom/fsck/k9/service/CoreService;--->acquireWakeLock(Landroid/content/Context;Ljava/lang/String;J)Lcom/fsck/k9/mail/power/TracingPowerManager$TracingWakeLock;
06-05 15:27:07.832  6685  6705 D M_InsDal: Lcom/fsck/k9/mail/power/TracingPowerManager;--->getPowerManager(Landroid/content/Context;)Lcom/fsck/k9/mail/power/TracingPowerManager;
06-05 15:27:07.832  6685  6705 D M_InsDal: Lcom/fsck/k9/mail/power/TracingPowerManager;--->newWakeLock(ILjava/lang/String;)Lcom/fsck/k9/mail/power/TracingPowerManager$TracingWakeLock;
06-05 15:27:07.832  6685  6705 D M_InsDal: Lcom/fsck/k9/mail/power/TracingPowerManager$TracingWakeLock;---><init>(Lcom/fsck/k9/mail/power/TracingPowerManager;ILjava/lang/String;)V
06-05 15:27:07.832  6685  6705 D M_InsDal: Lcom/fsck/k9/mail/K9MailLib;--->isDebug()Z
06-05 15:27:07.832  6685  6705 D M_InsDal: Lcom/fsck/k9/K9$2;--->enabled()Z
06-05 15:27:07.832  6685  6705 D M_InsDal: Lcom/fsck/k9/mail/power/TracingPowerManager$TracingWakeLock;--->setReferenceCounted(Z)V
06-05 15:27:07.832  6685  6705 D M_InsDal: Lcom/fsck/k9/mail/power/TracingPowerManager$TracingWakeLock;--->acquire(J)V
06-05 15:27:07.832  6685  6705 D M_InsDal: Lcom/fsck/k9/mail/K9MailLib;--->isDebug()Z
06-05 15:27:07.832  6685  6705 D M_InsDal: Lcom/fsck/k9/K9$2;--->enabled()Z
06-05 15:27:07.832  6685  6705 D M_InsDal: Lcom/fsck/k9/mail/power/TracingPowerManager$TracingWakeLock;--->raiseNotification()V
06-05 15:27:07.832  6685  6705 D M_InsDal: Lcom/fsck/k9/service/CoreService;--->registerWakeLock(Lcom/fsck/k9/mail/power/TracingPowerManager$TracingWakeLock;)Ljava/lang/Integer;
06-05 15:27:07.832  6685  6685 D M_InsDal: Lcom/fsck/k9/service/BootReceiver;---><init>()V
06-05 15:27:07.832  6685  6685 D M_InsDal: Lcom/fsck/k9/service/CoreReceiver;---><init>()V
06-05 15:27:07.832  6685  6685 D M_InsDal: Lcom/fsck/k9/service/CoreReceiver;--->onReceive(Landroid/content/Context;Landroid/content/Intent;)V
06-05 15:27:07.832  6685  6685 D M_InsDal: Lcom/fsck/k9/service/CoreReceiver;--->getWakeLock(Landroid/content/Context;)Ljava/lang/Integer;
06-05 15:27:07.832  6685  6685 D M_InsDal: Lcom/fsck/k9/mail/power/TracingPowerManager;--->getPowerManager(Landroid/content/Context;)Lcom/fsck/k9/mail/power/TracingPowerManager;
06-05 15:27:07.832  6685  6685 D M_InsDal: Lcom/fsck/k9/mail/power/TracingPowerManager;--->newWakeLock(ILjava/lang/String;)Lcom/fsck/k9/mail/power/TracingPowerManager$TracingWakeLock;
06-05 15:27:07.832  6685  6685 D M_InsDal: Lcom/fsck/k9/mail/power/TracingPowerManager$TracingWakeLock;---><init>(Lcom/fsck/k9/mail/power/TracingPowerManager;ILjava/lang/String;)V
06-05 15:27:07.832  6685  6685 D M_InsDal: Lcom/fsck/k9/mail/K9MailLib;--->isDebug()Z
06-05 15:27:07.832  6685  6685 D M_InsDal: Lcom/fsck/k9/K9$2;--->enabled()Z
06-05 15:27:07.832  6685  6685 D M_InsDal: Lcom/fsck/k9/mail/power/TracingPowerManager$TracingWakeLock;--->setReferenceCounted(Z)V
06-05 15:27:07.832  6685  6685 D M_InsDal: Lcom/fsck/k9/mail/power/TracingPowerManager$TracingWakeLock;--->acquire(J)V
06-05 15:27:07.832  6685  6685 D M_InsDal: Lcom/fsck/k9/mail/K9MailLib;--->isDebug()Z
06-05 15:27:07.832  6685  6685 D M_InsDal: Lcom/fsck/k9/K9$2;--->enabled()Z
06-05 15:27:07.832  6685  6685 D M_InsDal: Lcom/fsck/k9/mail/power/TracingPowerManager$TracingWakeLock;--->raiseNotification()V
06-05 15:27:07.832  6685  6685 D M_InsDal: Lcom/fsck/k9/service/BootReceiver;--->receive(Landroid/content/Context;Landroid/content/Intent;Ljava/lang/Integer;)Ljava/lang/Integer;
06-05 15:27:07.832  6685  6685 D M_InsDal: Lcom/fsck/k9/service/BootReceiver;--->buildPendingIntent(Landroid/content/Context;Landroid/content/Intent;)Landroid/app/PendingIntent;
06-05 15:27:07.832  6685  6705 D M_InsDal: Lcom/fsck/k9/service/MailService;--->setupPushers()V
06-05 15:27:07.832  6685  6705 D M_InsDal: Lcom/fsck/k9/Preferences;--->getPreferences(Landroid/content/Context;)Lcom/fsck/k9/Preferences;
06-05 15:27:07.832  6685  6705 D M_InsDal: Lcom/fsck/k9/Preferences;--->getAccounts()Ljava/util/List;
06-05 15:27:07.832  6685  6705 D M_InsDal: Lcom/fsck/k9/Account;--->getDescription()Ljava/lang/String;
06-05 15:27:07.832  6685  6705 D M_InsDal: Lcom/fsck/k9/Account;--->isEnabled()Z
06-05 15:27:07.832  6685  6705 D M_InsDal: Lcom/fsck/k9/Account;--->isAvailable(Landroid/content/Context;)Z
06-05 15:27:07.832  6685  6705 D M_InsDal: Lcom/fsck/k9/Account;--->getLocalStorageProviderId()Ljava/lang/String;
06-05 15:27:07.832  6685  6705 D M_InsDal: Lcom/fsck/k9/mailstore/StorageManager;--->getInstance(Landroid/content/Context;)Lcom/fsck/k9/mailstore/StorageManager;
06-05 15:27:07.832  6685  6705 D M_InsDal: Lcom/fsck/k9/mailstore/StorageManager;--->isReady(Ljava/lang/String;)Z
06-05 15:27:07.832  6685  6705 D M_InsDal: Lcom/fsck/k9/mailstore/StorageManager;--->getProvider(Ljava/lang/String;)Lcom/fsck/k9/mailstore/StorageManager$StorageProvider;
06-05 15:27:07.832  6685  6705 D M_InsDal: Lcom/fsck/k9/mailstore/StorageManager$InternalStorageProvider;--->isReady(Landroid/content/Context;)Z
06-05 15:27:07.832  6685  6705 D M_InsDal: Lcom/fsck/k9/controller/MessagingController;--->getInstance(Landroid/content/Context;)Lcom/fsck/k9/controller/MessagingController;
06-05 15:27:07.832  6685  6705 D M_InsDal: Lcom/fsck/k9/controller/MessagingController;--->setupPushing(Lcom/fsck/k9/Account;)Z
06-05 15:27:07.832  6685  6705 D M_InsDal: Lcom/fsck/k9/Account;--->hashCode()I
06-05 15:27:07.832  6685  6705 D M_InsDal: Lcom/fsck/k9/Account;--->getFolderDisplayMode()Lcom/fsck/k9/Account$FolderMode;
06-05 15:27:07.832  6685  6705 D M_InsDal: Lcom/fsck/k9/Account;--->getFolderPushMode()Lcom/fsck/k9/Account$FolderMode;
06-05 15:27:07.832  6685  6705 D M_InsDal: Lcom/fsck/k9/Account;--->getLocalStore()Lcom/fsck/k9/mailstore/LocalStore;
06-05 15:27:07.833  6685  6705 D M_InsDal: Lcom/fsck/k9/mailstore/LocalStore;---><clinit>()V
06-05 15:27:07.833  6685  6705 D M_InsDal: Lcom/fsck/k9/mailstore/LocalStore;--->getInstance(Lcom/fsck/k9/Account;Landroid/content/Context;)Lcom/fsck/k9/mailstore/LocalStore;
06-05 15:27:07.833  6685  6705 D M_InsDal: Lcom/fsck/k9/Account;--->getUuid()Ljava/lang/String;
06-05 15:27:07.833  6685  6705 D M_InsDal: Lcom/fsck/k9/mailstore/LocalStore;---><init>(Lcom/fsck/k9/Account;Landroid/content/Context;)V
06-05 15:27:07.833  6685  6705 D M_InsDal: Lcom/fsck/k9/mail/Store;---><init>()V
06-05 15:27:07.833  6685  6685 D M_InsDal: Lcom/fsck/k9/helper/K9AlarmManager;--->getAlarmManager(Landroid/content/Context;)Lcom/fsck/k9/helper/K9AlarmManager;
06-05 15:27:07.833  6685  6705 D M_InsDal: Lcom/fsck/k9/message/extractors/MessagePreviewCreator;--->newInstance()Lcom/fsck/k9/message/extractors/MessagePreviewCreator;
06-05 15:27:07.833  6685  6685 D M_InsDal: Lcom/fsck/k9/power/DozeChecker;---><init>(Landroid/content/Context;)V
06-05 15:27:07.833  6685  6705 D M_InsDal: Lcom/fsck/k9/message/extractors/TextPartFinder;---><init>()V
06-05 15:27:07.833  6685  6685 D M_InsDal: Lcom/fsck/k9/helper/K9AlarmManager;---><init>(Landroid/app/AlarmManager;Lcom/fsck/k9/power/DozeChecker;)V
06-05 15:27:07.833  6685  6705 D M_InsDal: Lcom/fsck/k9/message/extractors/PreviewTextExtractor;---><init>()V
06-05 15:27:07.833  6685  6685 D M_InsDal: Lcom/fsck/k9/helper/K9AlarmManager;--->cancel(Landroid/app/PendingIntent;)V
06-05 15:27:07.833  6685  6705 D M_InsDal: Lcom/fsck/k9/message/extractors/EncryptionDetector;---><init>(Lcom/fsck/k9/message/extractors/TextPartFinder;)V
06-05 15:27:07.833  6685  6705 D M_InsDal: Lcom/fsck/k9/message/extractors/MessagePreviewCreator;---><init>(Lcom/fsck/k9/message/extractors/TextPartFinder;Lcom/fsck/k9/message/extractors/PreviewTextExtractor;Lcom/fsck/k9/message/extractors/EncryptionDetector;)V
06-05 15:27:07.833  6685  6705 D M_InsDal: Lcom/fsck/k9/message/extractors/MessageFulltextCreator;--->newInstance()Lcom/fsck/k9/message/extractors/MessageFulltextCreator;
06-05 15:27:07.833  6685  6705 D M_InsDal: Lcom/fsck/k9/message/extractors/TextPartFinder;---><init>()V
06-05 15:27:07.833  6685  6705 D M_InsDal: Lcom/fsck/k9/message/extractors/EncryptionDetector;---><init>(Lcom/fsck/k9/message/extractors/TextPartFinder;)V
06-05 15:27:07.833  6685  6705 D M_InsDal: Lcom/fsck/k9/message/extractors/MessageFulltextCreator;---><init>(Lcom/fsck/k9/message/extractors/TextPartFinder;Lcom/fsck/k9/message/extractors/EncryptionDetector;)V
06-05 15:27:07.833  6685  6705 D M_InsDal: Lcom/fsck/k9/message/extractors/AttachmentCounter;--->newInstance()Lcom/fsck/k9/message/extractors/AttachmentCounter;
06-05 15:27:07.833  6685  6705 D M_InsDal: Lcom/fsck/k9/message/extractors/TextPartFinder;---><init>()V
06-05 15:27:07.833  6685  6705 D M_InsDal: Lcom/fsck/k9/message/extractors/EncryptionDetector;---><init>(Lcom/fsck/k9/message/extractors/TextPartFinder;)V
06-05 15:27:07.833  6685  6705 D M_InsDal: Lcom/fsck/k9/message/extractors/AttachmentCounter;---><init>(Lcom/fsck/k9/message/extractors/EncryptionDetector;)V
06-05 15:27:07.833  6685  6705 D M_InsDal: Lcom/fsck/k9/controller/PendingCommandSerializer;---><clinit>()V
06-05 15:27:07.833  6685  6705 D M_InsDal: Lcom/fsck/k9/controller/PendingCommandSerializer;---><init>()V
06-05 15:27:07.833  6685  6685 D M_InsDal: Lcom/fsck/k9/service/CoreReceiver;--->releaseWakeLock(Ljava/lang/Integer;)V
06-05 15:27:07.833  6685  6685 D M_InsDal: Lcom/fsck/k9/mail/power/TracingPowerManager$TracingWakeLock;--->release()V
06-05 15:27:07.833  6685  6685 D M_InsDal: Lcom/fsck/k9/mail/K9MailLib;--->isDebug()Z
06-05 15:27:07.833  6685  6685 D M_InsDal: Lcom/fsck/k9/K9$2;--->enabled()Z
06-05 15:27:07.833  6685  6685 D M_InsDal: Lcom/fsck/k9/mail/power/TracingPowerManager$TracingWakeLock;--->cancelNotification()V
06-05 15:27:07.833  6685  6685 D M_InsDal: Lcom/fsck/k9/service/PushService;---><init>()V
06-05 15:27:07.833  6685  6685 D M_InsDal: Lcom/fsck/k9/service/CoreService;---><init>()V
06-05 15:27:07.833  6685  6685 D M_InsDal: Lcom/fsck/k9/service/CoreService;--->onCreate()V
06-05 15:27:07.833  6685  6685 D M_InsDal: Lcom/fsck/k9/service/PushService;--->onCreate()V
06-05 15:27:07.833  6685  6685 D M_InsDal: Lcom/fsck/k9/service/CoreService;--->setAutoShutdown(Z)V
06-05 15:27:07.833  6685  6685 D M_InsDal: Lcom/fsck/k9/service/CoreService;--->onStartCommand(Landroid/content/Intent;II)I
06-05 15:27:07.833  6685  6685 D M_InsDal: Lcom/fsck/k9/service/CoreService;--->acquireWakeLock(Landroid/content/Context;Ljava/lang/String;J)Lcom/fsck/k9/mail/power/TracingPowerManager$TracingWakeLock;
06-05 15:27:07.833  6685  6685 D M_InsDal: Lcom/fsck/k9/mail/power/TracingPowerManager;--->getPowerManager(Landroid/content/Context;)Lcom/fsck/k9/mail/power/TracingPowerManager;
06-05 15:27:07.833  6685  6685 D M_InsDal: Lcom/fsck/k9/mail/power/TracingPowerManager;--->newWakeLock(ILjava/lang/String;)Lcom/fsck/k9/mail/power/TracingPowerManager$TracingWakeLock;
06-05 15:27:07.833  6685  6685 D M_InsDal: Lcom/fsck/k9/mail/power/TracingPowerManager$TracingWakeLock;---><init>(Lcom/fsck/k9/mail/power/TracingPowerManager;ILjava/lang/String;)V
06-05 15:27:07.833  6685  6685 D M_InsDal: Lcom/fsck/k9/mail/K9MailLib;--->isDebug()Z
06-05 15:27:07.833  6685  6685 D M_InsDal: Lcom/fsck/k9/K9$2;--->enabled()Z
06-05 15:27:07.833  6685  6685 D M_InsDal: Lcom/fsck/k9/mail/power/TracingPowerManager$TracingWakeLock;--->setReferenceCounted(Z)V
06-05 15:27:07.833  6685  6685 D M_InsDal: Lcom/fsck/k9/mail/power/TracingPowerManager$TracingWakeLock;--->acquire(J)V
06-05 15:27:07.833  6685  6685 D M_InsDal: Lcom/fsck/k9/mail/K9MailLib;--->isDebug()Z
06-05 15:27:07.833  6685  6685 D M_InsDal: Lcom/fsck/k9/K9$2;--->enabled()Z
06-05 15:27:07.833  6685  6685 D M_InsDal: Lcom/fsck/k9/mail/power/TracingPowerManager$TracingWakeLock;--->raiseNotification()V
06-05 15:27:07.833  6685  6685 D M_InsDal: Lcom/fsck/k9/mail/power/TracingPowerManager$TracingWakeLock;--->release()V
06-05 15:27:07.833  6685  6685 D M_InsDal: Lcom/fsck/k9/mail/K9MailLib;--->isDebug()Z
06-05 15:27:07.833  6685  6685 D M_InsDal: Lcom/fsck/k9/K9$2;--->enabled()Z
06-05 15:27:07.833  6685  6685 D M_InsDal: Lcom/fsck/k9/mail/power/TracingPowerManager$TracingWakeLock;--->cancelNotification()V
06-05 15:27:07.834  6685  6685 D M_InsDal: Lcom/fsck/k9/service/PushService;--->startService(Landroid/content/Intent;I)I
06-05 15:27:07.834  6685  6685 D M_InsDal: Lcom/fsck/k9/mail/power/TracingPowerManager$TracingWakeLock;--->release()V
06-05 15:27:07.834  6685  6685 D M_InsDal: Lcom/fsck/k9/mail/K9MailLib;--->isDebug()Z
06-05 15:27:07.834  6685  6685 D M_InsDal: Lcom/fsck/k9/K9$2;--->enabled()Z
06-05 15:27:07.834  6685  6685 D M_InsDal: Lcom/fsck/k9/mail/power/TracingPowerManager$TracingWakeLock;--->cancelNotification()V
06-05 15:27:07.834  6685  6685 D M_InsDal: Lcom/fsck/k9/service/CoreService;--->onDestroy()V
06-05 15:27:07.835  6685  6705 D M_InsDal: Lcom/fsck/k9/controller/PendingCommandSerializer;--->getInstance()Lcom/fsck/k9/controller/PendingCommandSerializer;
06-05 15:27:07.835  6685  6705 D M_InsDal: Lcom/fsck/k9/message/extractors/AttachmentInfoExtractor;--->getInstance()Lcom/fsck/k9/message/extractors/AttachmentInfoExtractor;
06-05 15:27:07.835  6685  6705 D M_InsDal: Lcom/fsck/k9/Globals;--->getContext()Landroid/content/Context;
06-05 15:27:07.835  6685  6705 D M_InsDal: Lcom/fsck/k9/message/extractors/AttachmentInfoExtractor;---><init>(Landroid/content/Context;)V
06-05 15:27:07.835  6685  6705 D M_InsDal: Lcom/fsck/k9/Account;--->getUuid()Ljava/lang/String;
06-05 15:27:07.835  6685  6705 D M_InsDal: Lcom/fsck/k9/mailstore/StoreSchemaDefinition;---><init>(Lcom/fsck/k9/mailstore/LocalStore;)V
06-05 15:27:07.835  6685  6705 D M_InsDal: Lcom/fsck/k9/mailstore/LockableDatabase;---><init>(Landroid/content/Context;Ljava/lang/String;Lcom/fsck/k9/mailstore/LockableDatabase$SchemaDefinition;)V
06-05 15:27:07.835  6685  6705 D M_InsDal: Lcom/fsck/k9/mailstore/LockableDatabase$StorageListener;---><init>(Lcom/fsck/k9/mailstore/LockableDatabase;)V
06-05 15:27:07.835  6685  6705 D M_InsDal: Lcom/fsck/k9/Account;--->getLocalStorageProviderId()Ljava/lang/String;
06-05 15:27:07.835  6685  6705 D M_InsDal: Lcom/fsck/k9/mailstore/LockableDatabase;--->setStorageProviderId(Ljava/lang/String;)V
06-05 15:27:07.835  6685  6705 D M_InsDal: Lcom/fsck/k9/mailstore/LockableDatabase;--->open()V
06-05 15:27:07.835  6685  6705 D M_InsDal: Lcom/fsck/k9/mailstore/LockableDatabase;--->lockWrite()V
06-05 15:27:07.835  6685  6705 D M_InsDal: Lcom/fsck/k9/mailstore/LockableDatabase;--->lockWrite(Ljava/lang/String;)V
06-05 15:27:07.835  6685  6705 D M_InsDal: Lcom/fsck/k9/mailstore/LockableDatabase;--->getStorageManager()Lcom/fsck/k9/mailstore/StorageManager;
06-05 15:27:07.835  6685  6705 D M_InsDal: Lcom/fsck/k9/mailstore/StorageManager;--->getInstance(Landroid/content/Context;)Lcom/fsck/k9/mailstore/StorageManager;
06-05 15:27:07.835  6685  6705 D M_InsDal: Lcom/fsck/k9/mailstore/StorageManager;--->lockProvider(Ljava/lang/String;)V
06-05 15:27:07.835  6685  6705 D M_InsDal: Lcom/fsck/k9/mailstore/StorageManager;--->getProvider(Ljava/lang/String;)Lcom/fsck/k9/mailstore/StorageManager$StorageProvider;
06-05 15:27:07.835  6685  6705 D M_InsDal: Lcom/fsck/k9/mailstore/StorageManager$InternalStorageProvider;--->isReady(Landroid/content/Context;)Z
06-05 15:27:07.835  6685  6705 D M_InsDal: Lcom/fsck/k9/mailstore/LockableDatabase;--->openOrCreateDataspace()V
06-05 15:27:07.835  6685  6705 D M_InsDal: Lcom/fsck/k9/mailstore/LockableDatabase;--->lockWrite()V
06-05 15:27:07.835  6685  6705 D M_InsDal: Lcom/fsck/k9/mailstore/LockableDatabase;--->lockWrite(Ljava/lang/String;)V
06-05 15:27:07.835  6685  6705 D M_InsDal: Lcom/fsck/k9/mailstore/LockableDatabase;--->getStorageManager()Lcom/fsck/k9/mailstore/StorageManager;
06-05 15:27:07.835  6685  6705 D M_InsDal: Lcom/fsck/k9/mailstore/StorageManager;--->getInstance(Landroid/content/Context;)Lcom/fsck/k9/mailstore/StorageManager;
06-05 15:27:07.835  6685  6705 D M_InsDal: Lcom/fsck/k9/mailstore/StorageManager;--->lockProvider(Ljava/lang/String;)V
06-05 15:27:07.835  6685  6705 D M_InsDal: Lcom/fsck/k9/mailstore/StorageManager;--->getProvider(Ljava/lang/String;)Lcom/fsck/k9/mailstore/StorageManager$StorageProvider;
06-05 15:27:07.835  6685  6705 D M_InsDal: Lcom/fsck/k9/mailstore/StorageManager$InternalStorageProvider;--->isReady(Landroid/content/Context;)Z
06-05 15:27:07.835  6685  6705 D M_InsDal: Lcom/fsck/k9/mailstore/LockableDatabase;--->prepareStorage(Ljava/lang/String;)Ljava/io/File;
06-05 15:27:07.835  6685  6705 D M_InsDal: Lcom/fsck/k9/mailstore/LockableDatabase;--->getStorageManager()Lcom/fsck/k9/mailstore/StorageManager;
06-05 15:27:07.835  6685  6705 D M_InsDal: Lcom/fsck/k9/mailstore/StorageManager;--->getInstance(Landroid/content/Context;)Lcom/fsck/k9/mailstore/StorageManager;
06-05 15:27:07.835  6685  6705 D M_InsDal: Lcom/fsck/k9/mailstore/StorageManager;--->getDatabase(Ljava/lang/String;Ljava/lang/String;)Ljava/io/File;
06-05 15:27:07.835  6685  6705 D M_InsDal: Lcom/fsck/k9/mailstore/StorageManager;--->getProvider(Ljava/lang/String;)Lcom/fsck/k9/mailstore/StorageManager$StorageProvider;
06-05 15:27:07.835  6685  6705 D M_InsDal: Lcom/fsck/k9/mailstore/StorageManager$InternalStorageProvider;--->getDatabase(Landroid/content/Context;Ljava/lang/String;)Ljava/io/File;
06-05 15:27:07.835  6685  6705 D M_InsDal: Lcom/fsck/k9/mailstore/StorageManager;--->getAttachmentDirectory(Ljava/lang/String;Ljava/lang/String;)Ljava/io/File;
06-05 15:27:07.835  6685  6705 D M_InsDal: Lcom/fsck/k9/mailstore/StorageManager;--->getProvider(Ljava/lang/String;)Lcom/fsck/k9/mailstore/StorageManager$StorageProvider;
06-05 15:27:07.835  6685  6705 D M_InsDal: Lcom/fsck/k9/mailstore/StorageManager$InternalStorageProvider;--->getAttachmentDirectory(Landroid/content/Context;Ljava/lang/String;)Ljava/io/File;
06-05 15:27:07.835  6685  6705 D M_InsDal: Lcom/fsck/k9/mailstore/LockableDatabase;--->doOpenOrCreateDb(Ljava/io/File;)V
06-05 15:27:07.837  6685  6705 D M_InsDal: Lcom/fsck/k9/mailstore/StoreSchemaDefinition;--->getVersion()I
06-05 15:27:07.837  6685  6705 D M_InsDal: Lcom/fsck/k9/mailstore/LockableDatabase;--->unlockWrite()V
06-05 15:27:07.837  6685  6705 D M_InsDal: Lcom/fsck/k9/mailstore/LockableDatabase;--->unlockWrite(Ljava/lang/String;)V
06-05 15:27:07.837  6685  6705 D M_InsDal: Lcom/fsck/k9/mailstore/LockableDatabase;--->getStorageManager()Lcom/fsck/k9/mailstore/StorageManager;
06-05 15:27:07.837  6685  6705 D M_InsDal: Lcom/fsck/k9/mailstore/StorageManager;--->getInstance(Landroid/content/Context;)Lcom/fsck/k9/mailstore/StorageManager;
06-05 15:27:07.837  6685  6705 D M_InsDal: Lcom/fsck/k9/mailstore/StorageManager;--->unlockProvider(Ljava/lang/String;)V
06-05 15:27:07.837  6685  6705 D M_InsDal: Lcom/fsck/k9/mailstore/StorageManager;--->getProvider(Ljava/lang/String;)Lcom/fsck/k9/mailstore/StorageManager$StorageProvider;
06-05 15:27:07.837  6685  6705 D M_InsDal: Lcom/fsck/k9/mailstore/LockableDatabase;--->unlockWrite()V
06-05 15:27:07.837  6685  6705 D M_InsDal: Lcom/fsck/k9/mailstore/LockableDatabase;--->unlockWrite(Ljava/lang/String;)V
06-05 15:27:07.837  6685  6705 D M_InsDal: Lcom/fsck/k9/mailstore/LockableDatabase;--->getStorageManager()Lcom/fsck/k9/mailstore/StorageManager;
06-05 15:27:07.837  6685  6705 D M_InsDal: Lcom/fsck/k9/mailstore/StorageManager;--->getInstance(Landroid/content/Context;)Lcom/fsck/k9/mailstore/StorageManager;
06-05 15:27:07.837  6685  6705 D M_InsDal: Lcom/fsck/k9/mailstore/StorageManager;--->unlockProvider(Ljava/lang/String;)V
06-05 15:27:07.837  6685  6705 D M_InsDal: Lcom/fsck/k9/mailstore/StorageManager;--->getProvider(Ljava/lang/String;)Lcom/fsck/k9/mailstore/StorageManager$StorageProvider;
06-05 15:27:07.837  6685  6705 D M_InsDal: Lcom/fsck/k9/mailstore/StorageManager;--->getInstance(Landroid/content/Context;)Lcom/fsck/k9/mailstore/StorageManager;
06-05 15:27:07.837  6685  6705 D M_InsDal: Lcom/fsck/k9/mailstore/StorageManager;--->addListener(Lcom/fsck/k9/mailstore/StorageManager$StorageListener;)V
06-05 15:27:07.837  6685  6705 D M_InsDal: Lcom/fsck/k9/mailstore/LocalStore;--->getPersonalNamespaces(Z)Ljava/util/List;
06-05 15:27:07.837  6685  6705 D M_InsDal: Lcom/fsck/k9/mailstore/LocalStore$6;---><init>(Lcom/fsck/k9/mailstore/LocalStore;Ljava/util/List;)V
06-05 15:27:07.837  6685  6705 D M_InsDal: Lcom/fsck/k9/mailstore/LockableDatabase;--->execute(ZLcom/fsck/k9/mailstore/LockableDatabase$DbCallback;)Ljava/lang/Object;
06-05 15:27:07.837  6685  6705 D M_InsDal: Lcom/fsck/k9/mailstore/LockableDatabase;--->lockRead()V
06-05 15:27:07.837  6685  6705 D M_InsDal: Lcom/fsck/k9/mailstore/LockableDatabase;--->getStorageManager()Lcom/fsck/k9/mailstore/StorageManager;
06-05 15:27:07.837  6685  6705 D M_InsDal: Lcom/fsck/k9/mailstore/StorageManager;--->getInstance(Landroid/content/Context;)Lcom/fsck/k9/mailstore/StorageManager;
06-05 15:27:07.837  6685  6705 D M_InsDal: Lcom/fsck/k9/mailstore/StorageManager;--->lockProvider(Ljava/lang/String;)V
06-05 15:27:07.837  6685  6705 D M_InsDal: Lcom/fsck/k9/mailstore/StorageManager;--->getProvider(Ljava/lang/String;)Lcom/fsck/k9/mailstore/StorageManager$StorageProvider;
06-05 15:27:07.837  6685  6705 D M_InsDal: Lcom/fsck/k9/mailstore/StorageManager$InternalStorageProvider;--->isReady(Landroid/content/Context;)Z
06-05 15:27:07.837  6685  6705 D M_InsDal: Lcom/fsck/k9/K9;--->isDebug()Z
06-05 15:27:07.837  6685  6705 D M_InsDal: Lcom/fsck/k9/mailstore/LocalStore$6;--->doDbWork(Landroid/database/sqlite/SQLiteDatabase;)Ljava/util/List;
