06-08 16:50:54.150  2527  2527 D M_InsDal: Lcom/ichi2/anki/CollectionHelper;--->getCurrentAnkiDroidDirectory(Landroid/content/Context;)Ljava/lang/String;
06-08 16:50:54.150  2527  2527 D M_InsDal: Lcom/ichi2/anki/CollectionHelper;--->getDefaultAnkiDroidDirectory()Ljava/lang/String;
06-08 16:50:54.150  2527  2591 D M_InsDal: Lcom/ichi2/anki/stats/AnkiStatsTaskHandler$CreateChartTask;--->doInBackground([Landroid/view/View;)Lcom/wildplot/android/rendering/PlotSheet;
06-08 16:50:54.150  2527  2591 D M_InsDal: Lcom/ichi2/anki/stats/ChartBuilder;---><init>(Lcom/ichi2/anki/stats/ChartView;Lcom/ichi2/libanki/Collection;ZLcom/ichi2/libanki/Stats$ChartType;)V
06-08 16:50:54.150  2527  2591 D M_InsDal: Lcom/ichi2/anki/stats/ChartBuilder;--->renderChart(Lcom/ichi2/libanki/Stats$AxisType;)Lcom/wildplot/android/rendering/PlotSheet;
06-08 16:50:54.150  2527  2591 D M_InsDal: Lcom/ichi2/anki/stats/ChartBuilder;--->calcStats(Lcom/ichi2/libanki/Stats$AxisType;)V
06-08 16:50:54.152  2527  2527 D M_InsDal: Lcom/ichi2/anki/CollectionHelper;--->colIsOpen()Z
06-08 16:50:54.152  2527  2527 D M_InsDal: Lcom/ichi2/anki/Statistics$ChartFragment;--->isWholeCollection()Z
06-08 16:50:54.152  2527  2527 D M_InsDal: Lcom/ichi2/anki/CollectionHelper;--->getInstance()Lcom/ichi2/anki/CollectionHelper;
06-08 16:50:54.152  2527  2527 D M_InsDal: Lcom/ichi2/anki/CollectionHelper;--->getCol(Landroid/content/Context;)Lcom/ichi2/libanki/Collection;
06-08 16:50:54.152  2527  2527 D M_InsDal: Lcom/ichi2/anki/CollectionHelper;--->getCollectionPath(Landroid/content/Context;)Ljava/lang/String;
06-08 16:50:54.152  2527  2527 D M_InsDal: Lcom/ichi2/anki/CollectionHelper;--->getCurrentAnkiDroidDirectory(Landroid/content/Context;)Ljava/lang/String;
06-08 16:50:54.152  2527  2527 D M_InsDal: Lcom/ichi2/anki/CollectionHelper;--->getDefaultAnkiDroidDirectory()Ljava/lang/String;
06-08 16:50:54.154  2527  2527 D M_InsDal: Lcom/ichi2/anki/CollectionHelper;--->colIsOpen()Z
06-08 16:50:54.154  2527  2527 D M_InsDal: Lcom/ichi2/anki/Statistics$ChartFragment;--->onCreate(Landroid/os/Bundle;)V
06-08 16:50:54.154  2527  2527 D M_InsDal: Lcom/ichi2/anki/Statistics$ChartFragment;--->onCreateView(Landroid/view/LayoutInflater;Landroid/view/ViewGroup;Landroid/os/Bundle;)Landroid/view/View;
06-08 16:50:54.154  2527  2527 D M_InsDal: Lcom/ichi2/anki/stats/ChartView;---><init>(Landroid/content/Context;Landroid/util/AttributeSet;)V
06-08 16:50:54.155  2527  2527 D M_InsDal: Lcom/ichi2/anki/Statistics;--->getTaskHandler()Lcom/ichi2/anki/stats/AnkiStatsTaskHandler;
06-08 16:50:54.155  2527  2527 D M_InsDal: Lcom/ichi2/anki/Statistics$ChartFragment;--->createChart()V
06-08 16:50:54.155  2527  2527 D M_InsDal: Lcom/ichi2/anki/Statistics;--->getTaskHandler()Lcom/ichi2/anki/stats/AnkiStatsTaskHandler;
06-08 16:50:54.155  2527  2527 D M_InsDal: Lcom/ichi2/anki/stats/AnkiStatsTaskHandler;--->createChart(Lcom/ichi2/libanki/Stats$ChartType;[Landroid/view/View;)Lcom/ichi2/anki/stats/AnkiStatsTaskHandler$CreateChartTask;
06-08 16:50:54.155  2527  2527 D M_InsDal: Lcom/ichi2/anki/stats/AnkiStatsTaskHandler$CreateChartTask;---><init>(Lcom/ichi2/anki/stats/AnkiStatsTaskHandler;Lcom/ichi2/libanki/Stats$ChartType;)V
06-08 16:50:54.155  2527  2527 D M_InsDal: Lcom/ichi2/anki/stats/ChartView;--->addFragment(Lcom/ichi2/anki/Statistics$ChartFragment;)V
06-08 16:50:54.155  2527  2527 D M_InsDal: Lcom/ichi2/anki/Statistics;--->getTaskHandler()Lcom/ichi2/anki/stats/AnkiStatsTaskHandler;
06-08 16:50:54.155  2527  2527 D M_InsDal: Lcom/ichi2/anki/stats/AnkiStatsTaskHandler;--->getStatType()Lcom/ichi2/libanki/Stats$AxisType;
06-08 16:50:54.155  2527  2527 D M_InsDal: Lcom/ichi2/anki/Statistics;--->getViewPager()Landroid/support/v4/view/ViewPager;
06-08 16:50:54.155  2527  2527 D M_InsDal: Lcom/ichi2/anki/Statistics;--->getSectionsPagerAdapter()Lcom/ichi2/anki/Statistics$SectionsPagerAdapter;
06-08 16:50:54.155  2527  2527 D M_InsDal: Lcom/ichi2/anki/CollectionHelper;--->getInstance()Lcom/ichi2/anki/CollectionHelper;
06-08 16:50:54.155  2527  2527 D M_InsDal: Lcom/ichi2/anki/CollectionHelper;--->getCol(Landroid/content/Context;)Lcom/ichi2/libanki/Collection;
06-08 16:50:54.155  2527  2527 D M_InsDal: Lcom/ichi2/anki/CollectionHelper;--->getCollectionPath(Landroid/content/Context;)Ljava/lang/String;
06-08 16:50:54.155  2527  2527 D M_InsDal: Lcom/ichi2/anki/CollectionHelper;--->getCurrentAnkiDroidDirectory(Landroid/content/Context;)Ljava/lang/String;
06-08 16:50:54.155  2527  2527 D M_InsDal: Lcom/ichi2/anki/CollectionHelper;--->getDefaultAnkiDroidDirectory()Ljava/lang/String;
06-08 16:50:54.155  2527  2592 D M_InsDal: Lcom/ichi2/anki/stats/AnkiStatsTaskHandler$CreateChartTask;--->doInBackground([Landroid/view/View;)Lcom/wildplot/android/rendering/PlotSheet;
06-08 16:50:54.155  2527  2592 D M_InsDal: Lcom/ichi2/anki/stats/ChartBuilder;---><init>(Lcom/ichi2/anki/stats/ChartView;Lcom/ichi2/libanki/Collection;ZLcom/ichi2/libanki/Stats$ChartType;)V
06-08 16:50:54.155  2527  2592 D M_InsDal: Lcom/ichi2/anki/stats/ChartBuilder;--->renderChart(Lcom/ichi2/libanki/Stats$AxisType;)Lcom/wildplot/android/rendering/PlotSheet;
06-08 16:50:54.155  2527  2592 D M_InsDal: Lcom/ichi2/anki/stats/ChartBuilder;--->calcStats(Lcom/ichi2/libanki/Stats$AxisType;)V
06-08 16:50:54.156  2527  2527 D M_InsDal: Lcom/ichi2/anki/CollectionHelper;--->colIsOpen()Z
06-08 16:50:54.156  2527  2527 D M_InsDal: Lcom/ichi2/anki/Statistics$ChartFragment;--->isWholeCollection()Z
06-08 16:50:54.156  2527  2527 D M_InsDal: Lcom/ichi2/anki/CollectionHelper;--->getInstance()Lcom/ichi2/anki/CollectionHelper;
06-08 16:50:54.156  2527  2527 D M_InsDal: Lcom/ichi2/anki/CollectionHelper;--->getCol(Landroid/content/Context;)Lcom/ichi2/libanki/Collection;
06-08 16:50:54.156  2527  2527 D M_InsDal: Lcom/ichi2/anki/CollectionHelper;--->getCollectionPath(Landroid/content/Context;)Ljava/lang/String;
06-08 16:50:54.156  2527  2527 D M_InsDal: Lcom/ichi2/anki/CollectionHelper;--->getCurrentAnkiDroidDirectory(Landroid/content/Context;)Ljava/lang/String;
06-08 16:50:54.156  2527  2527 D M_InsDal: Lcom/ichi2/anki/CollectionHelper;--->getDefaultAnkiDroidDirectory()Ljava/lang/String;
06-08 16:50:54.156  2527  2527 D M_InsDal: Lcom/ichi2/anki/CollectionHelper;--->colIsOpen()Z
06-08 16:50:54.157  2527  2527 D M_InsDal: Lcom/ichi2/anki/Statistics$ChartFragment;--->onCreate(Landroid/os/Bundle;)V
06-08 16:50:54.157  2527  2527 D M_InsDal: Lcom/ichi2/anki/Statistics$ChartFragment;--->onCreateView(Landroid/view/LayoutInflater;Landroid/view/ViewGroup;Landroid/os/Bundle;)Landroid/view/View;
06-08 16:50:54.159  2527  2527 D M_InsDal: Lcom/ichi2/anki/stats/ChartView;---><init>(Landroid/content/Context;Landroid/util/AttributeSet;)V
06-08 16:50:54.161  2527  2527 D M_InsDal: Lcom/ichi2/anki/Statistics;--->getTaskHandler()Lcom/ichi2/anki/stats/AnkiStatsTaskHandler;
06-08 16:50:54.162  2527  2527 D M_InsDal: Lcom/ichi2/anki/Statistics$ChartFragment;--->createChart()V
06-08 16:50:54.162  2527  2527 D M_InsDal: Lcom/ichi2/anki/Statistics;--->getTaskHandler()Lcom/ichi2/anki/stats/AnkiStatsTaskHandler;
06-08 16:50:54.162  2527  2527 D M_InsDal: Lcom/ichi2/anki/stats/AnkiStatsTaskHandler;--->createChart(Lcom/ichi2/libanki/Stats$ChartType;[Landroid/view/View;)Lcom/ichi2/anki/stats/AnkiStatsTaskHandler$CreateChartTask;
06-08 16:50:54.162  2527  2527 D M_InsDal: Lcom/ichi2/anki/stats/AnkiStatsTaskHandler$CreateChartTask;---><init>(Lcom/ichi2/anki/stats/AnkiStatsTaskHandler;Lcom/ichi2/libanki/Stats$ChartType;)V
06-08 16:50:54.162  2527  2527 D M_InsDal: Lcom/ichi2/anki/stats/ChartView;--->addFragment(Lcom/ichi2/anki/Statistics$ChartFragment;)V
06-08 16:50:54.162  2527  2527 D M_InsDal: Lcom/ichi2/anki/Statistics;--->getTaskHandler()Lcom/ichi2/anki/stats/AnkiStatsTaskHandler;
06-08 16:50:54.162  2527  2527 D M_InsDal: Lcom/ichi2/anki/stats/AnkiStatsTaskHandler;--->getStatType()Lcom/ichi2/libanki/Stats$AxisType;
06-08 16:50:54.162  2527  2527 D M_InsDal: Lcom/ichi2/anki/Statistics;--->getViewPager()Landroid/support/v4/view/ViewPager;
06-08 16:50:54.162  2527  2527 D M_InsDal: Lcom/ichi2/anki/Statistics;--->getSectionsPagerAdapter()Lcom/ichi2/anki/Statistics$SectionsPagerAdapter;
06-08 16:50:54.162  2527  2527 D M_InsDal: Lcom/ichi2/anki/CollectionHelper;--->getInstance()Lcom/ichi2/anki/CollectionHelper;
06-08 16:50:54.162  2527  2527 D M_InsDal: Lcom/ichi2/anki/CollectionHelper;--->getCol(Landroid/content/Context;)Lcom/ichi2/libanki/Collection;
06-08 16:50:54.162  2527  2527 D M_InsDal: Lcom/ichi2/anki/CollectionHelper;--->getCollectionPath(Landroid/content/Context;)Ljava/lang/String;
06-08 16:50:54.162  2527  2527 D M_InsDal: Lcom/ichi2/anki/CollectionHelper;--->getCurrentAnkiDroidDirectory(Landroid/content/Context;)Ljava/lang/String;
06-08 16:50:54.162  2527  2527 D M_InsDal: Lcom/ichi2/anki/CollectionHelper;--->getDefaultAnkiDroidDirectory()Ljava/lang/String;
06-08 16:50:54.163  2527  2593 D M_InsDal: Lcom/ichi2/anki/stats/AnkiStatsTaskHandler$CreateChartTask;--->doInBackground([Landroid/view/View;)Lcom/wildplot/android/rendering/PlotSheet;
06-08 16:50:54.163  2527  2593 D M_InsDal: Lcom/ichi2/anki/stats/ChartBuilder;---><init>(Lcom/ichi2/anki/stats/ChartView;Lcom/ichi2/libanki/Collection;ZLcom/ichi2/libanki/Stats$ChartType;)V
06-08 16:50:54.163  2527  2593 D M_InsDal: Lcom/ichi2/anki/stats/ChartBuilder;--->renderChart(Lcom/ichi2/libanki/Stats$AxisType;)Lcom/wildplot/android/rendering/PlotSheet;
06-08 16:50:54.163  2527  2593 D M_InsDal: Lcom/ichi2/anki/stats/ChartBuilder;--->calcStats(Lcom/ichi2/libanki/Stats$AxisType;)V
06-08 16:50:54.165  2527  2527 D M_InsDal: Lcom/ichi2/anki/CollectionHelper;--->colIsOpen()Z
06-08 16:50:54.165  2527  2527 D M_InsDal: Lcom/ichi2/anki/Statistics$ChartFragment;--->isWholeCollection()Z
06-08 16:50:54.166  2527  2527 D M_InsDal: Lcom/ichi2/anki/CollectionHelper;--->getInstance()Lcom/ichi2/anki/CollectionHelper;
06-08 16:50:54.166  2527  2527 D M_InsDal: Lcom/ichi2/anki/CollectionHelper;--->getCol(Landroid/content/Context;)Lcom/ichi2/libanki/Collection;
06-08 16:50:54.166  2527  2527 D M_InsDal: Lcom/ichi2/anki/CollectionHelper;--->getCollectionPath(Landroid/content/Context;)Ljava/lang/String;
06-08 16:50:54.166  2527  2527 D M_InsDal: Lcom/ichi2/anki/CollectionHelper;--->getCurrentAnkiDroidDirectory(Landroid/content/Context;)Ljava/lang/String;
06-08 16:50:54.166  2527  2527 D M_InsDal: Lcom/ichi2/anki/CollectionHelper;--->getDefaultAnkiDroidDirectory()Ljava/lang/String;
06-08 16:50:54.166  2527  2527 D M_InsDal: Lcom/ichi2/anki/CollectionHelper;--->colIsOpen()Z
06-08 16:50:54.167  2527  2527 D M_InsDal: Lcom/ichi2/anki/Statistics$StatisticFragment;--->onResume()V
06-08 16:50:54.167  2527  2527 D M_InsDal: Lcom/ichi2/anki/Statistics$OverviewStatisticsFragment;--->checkAndUpdate()V
06-08 16:50:54.168  2527  2527 D M_InsDal: Lcom/ichi2/anki/CollectionHelper;--->getInstance()Lcom/ichi2/anki/CollectionHelper;
06-08 16:50:54.168  2527  2527 D M_InsDal: Lcom/ichi2/anki/CollectionHelper;--->getCol(Landroid/content/Context;)Lcom/ichi2/libanki/Collection;
06-08 16:50:54.168  2527  2527 D M_InsDal: Lcom/ichi2/anki/CollectionHelper;--->getCollectionPath(Landroid/content/Context;)Ljava/lang/String;
06-08 16:50:54.168  2527  2527 D M_InsDal: Lcom/ichi2/anki/CollectionHelper;--->getCurrentAnkiDroidDirectory(Landroid/content/Context;)Ljava/lang/String;
06-08 16:50:54.168  2527  2527 D M_InsDal: Lcom/ichi2/anki/CollectionHelper;--->getDefaultAnkiDroidDirectory()Ljava/lang/String;
06-08 16:50:54.168  2527  2527 D M_InsDal: Lcom/ichi2/anki/CollectionHelper;--->colIsOpen()Z
06-08 16:50:54.168  2527  2527 D M_InsDal: Lcom/ichi2/anki/Statistics;--->getTaskHandler()Lcom/ichi2/anki/stats/AnkiStatsTaskHandler;
06-08 16:50:54.168  2527  2527 D M_InsDal: Lcom/ichi2/anki/stats/AnkiStatsTaskHandler;--->getStatType()Lcom/ichi2/libanki/Stats$AxisType;
06-08 16:50:54.168  2527  2527 D M_InsDal: Lcom/ichi2/anki/Statistics$OverviewStatisticsFragment;--->isWholeCollection()Z
06-08 16:50:54.168  2527  2527 D M_InsDal: Lcom/ichi2/anki/Statistics$StatisticFragment;--->onResume()V
06-08 16:50:54.168  2527  2527 D M_InsDal: Lcom/ichi2/anki/Statistics$ChartFragment;--->checkAndUpdate()V
06-08 16:50:54.168  2527  2527 D M_InsDal: Lcom/ichi2/anki/Statistics$StatisticFragment;--->onResume()V
06-08 16:50:54.168  2527  2527 D M_InsDal: Lcom/ichi2/anki/Statistics$ChartFragment;--->checkAndUpdate()V
06-08 16:50:54.168  2527  2527 D M_InsDal: Lcom/ichi2/anki/Statistics$StatisticFragment;--->onResume()V
06-08 16:50:54.168  2527  2527 D M_InsDal: Lcom/ichi2/anki/Statistics$ChartFragment;--->checkAndUpdate()V
06-08 16:50:54.168  2527  2527 D M_InsDal: Lcom/ichi2/anki/Statistics$StatisticFragment;--->onResume()V
06-08 16:50:54.168  2527  2527 D M_InsDal: Lcom/ichi2/anki/Statistics$ChartFragment;--->checkAndUpdate()V
06-08 16:50:54.168  2527  2527 D M_InsDal: Lcom/ichi2/anki/Statistics$StatisticFragment;--->onResume()V
06-08 16:50:54.168  2527  2527 D M_InsDal: Lcom/ichi2/anki/Statistics$ChartFragment;--->checkAndUpdate()V
06-08 16:50:54.169  2527  2527 D M_InsDal: Lcom/ichi2/anki/Statistics$StatisticFragment;--->onResume()V
06-08 16:50:54.169  2527  2527 D M_InsDal: Lcom/ichi2/anki/Statistics$ChartFragment;--->checkAndUpdate()V
06-08 16:50:54.169  2527  2527 D M_InsDal: Lcom/ichi2/anki/Statistics$StatisticFragment;--->onResume()V
06-08 16:50:54.169  2527  2527 D M_InsDal: Lcom/ichi2/anki/Statistics$ChartFragment;--->checkAndUpdate()V
06-08 16:50:54.169  2527  2527 D M_InsDal: Lcom/ichi2/anki/Statistics$StatisticFragment;--->onResume()V
06-08 16:50:54.169  2527  2527 D M_InsDal: Lcom/ichi2/anki/Statistics$ChartFragment;--->checkAndUpdate()V
06-08 16:50:54.169  2527  2527 D M_InsDal: Lcom/ichi2/anki/widgets/DeckDropDownAdapter;--->getCount()I
06-08 16:50:54.170  2527  2527 D M_InsDal: Lcom/ichi2/anki/Statistics$SectionsPagerAdapter;--->getCount()I
06-08 16:50:54.170  2527  2527 D M_InsDal: Lcom/ichi2/anki/Statistics$SectionsPagerAdapter;--->getCount()I
06-08 16:50:54.174  2527  2527 D M_InsDal: Lcom/ichi2/anki/widgets/DeckDropDownAdapter;--->getCount()I
06-08 16:50:54.174  2527  2527 D M_InsDal: Lcom/ichi2/anki/Statistics$SectionsPagerAdapter;--->getCount()I
06-08 16:50:54.174  2527  2527 D M_InsDal: Lcom/ichi2/anki/Statistics$SectionsPagerAdapter;--->getCount()I
06-08 16:50:54.175  2527  2527 D M_InsDal: Lcom/ichi2/anki/widgets/DeckDropDownAdapter;--->getItemId(I)J
06-08 16:50:54.176  2527  2527 D M_InsDal: Lcom/ichi2/anki/widgets/DeckDropDownAdapter;--->getItemId(I)J
06-08 16:50:54.182  2527  2527 D M_InsDal: Lcom/ichi2/anki/stats/ChartView;--->onSizeChanged(IIII)V
06-08 16:50:54.182  2527  2527 D M_InsDal: Lcom/ichi2/anki/Statistics$ChartFragment;--->checkAndUpdate()V
06-08 16:50:54.182  2527  2527 D M_InsDal: Lcom/ichi2/anki/CollectionHelper;--->getInstance()Lcom/ichi2/anki/CollectionHelper;
06-08 16:50:54.182  2527  2527 D M_InsDal: Lcom/ichi2/anki/CollectionHelper;--->getCol(Landroid/content/Context;)Lcom/ichi2/libanki/Collection;
06-08 16:50:54.182  2527  2527 D M_InsDal: Lcom/ichi2/anki/CollectionHelper;--->getCollectionPath(Landroid/content/Context;)Ljava/lang/String;
06-08 16:50:54.182  2527  2527 D M_InsDal: Lcom/ichi2/anki/CollectionHelper;--->getCurrentAnkiDroidDirectory(Landroid/content/Context;)Ljava/lang/String;
06-08 16:50:54.182  2527  2527 D M_InsDal: Lcom/ichi2/anki/CollectionHelper;--->getDefaultAnkiDroidDirectory()Ljava/lang/String;
06-08 16:50:54.183  2527  2527 D M_InsDal: Lcom/ichi2/anki/CollectionHelper;--->colIsOpen()Z
06-08 16:50:54.183  2527  2527 D M_InsDal: Lcom/ichi2/anki/Statistics;--->getTaskHandler()Lcom/ichi2/anki/stats/AnkiStatsTaskHandler;
06-08 16:50:54.183  2527  2527 D M_InsDal: Lcom/ichi2/anki/stats/AnkiStatsTaskHandler;--->getStatType()Lcom/ichi2/libanki/Stats$AxisType;
06-08 16:50:54.183  2527  2527 D M_InsDal: Lcom/ichi2/anki/Statistics$ChartFragment;--->isWholeCollection()Z
06-08 16:50:54.183  2527  2527 D M_InsDal: Lcom/ichi2/anki/Statistics$ChartFragment;--->createChart()V
06-08 16:50:54.183  2527  2527 D M_InsDal: Lcom/ichi2/anki/Statistics;--->getTaskHandler()Lcom/ichi2/anki/stats/AnkiStatsTaskHandler;
06-08 16:50:54.183  2527  2527 D M_InsDal: Lcom/ichi2/anki/stats/AnkiStatsTaskHandler;--->createChart(Lcom/ichi2/libanki/Stats$ChartType;[Landroid/view/View;)Lcom/ichi2/anki/stats/AnkiStatsTaskHandler$CreateChartTask;
06-08 16:50:54.183  2527  2527 D M_InsDal: Lcom/ichi2/anki/stats/AnkiStatsTaskHandler$CreateChartTask;---><init>(Lcom/ichi2/anki/stats/AnkiStatsTaskHandler;Lcom/ichi2/libanki/Stats$ChartType;)V
06-08 16:50:54.183  2527  2527 D M_InsDal: Lcom/ichi2/anki/stats/ChartView;--->onSizeChanged(IIII)V
06-08 16:50:54.184  2527  2527 D M_InsDal: Lcom/ichi2/anki/Statistics$ChartFragment;--->checkAndUpdate()V
06-08 16:50:54.184  2527  2527 D M_InsDal: Lcom/ichi2/anki/CollectionHelper;--->getInstance()Lcom/ichi2/anki/CollectionHelper;
06-08 16:50:54.184  2527  2527 D M_InsDal: Lcom/ichi2/anki/CollectionHelper;--->getCol(Landroid/content/Context;)Lcom/ichi2/libanki/Collection;
06-08 16:50:54.184  2527  2527 D M_InsDal: Lcom/ichi2/anki/CollectionHelper;--->getCollectionPath(Landroid/content/Context;)Ljava/lang/String;
06-08 16:50:54.184  2527  2527 D M_InsDal: Lcom/ichi2/anki/CollectionHelper;--->getCurrentAnkiDroidDirectory(Landroid/content/Context;)Ljava/lang/String;
06-08 16:50:54.184  2527  2527 D M_InsDal: Lcom/ichi2/anki/CollectionHelper;--->getDefaultAnkiDroidDirectory()Ljava/lang/String;
06-08 16:50:54.184  2527  2591 D M_InsDal: Lcom/ichi2/anki/stats/AnkiStatsTaskHandler$CreateChartTask;--->doInBackground([Landroid/view/View;)Lcom/wildplot/android/rendering/PlotSheet;
06-08 16:50:54.184  2527  2591 D M_InsDal: Lcom/ichi2/anki/stats/ChartBuilder;---><init>(Lcom/ichi2/anki/stats/ChartView;Lcom/ichi2/libanki/Collection;ZLcom/ichi2/libanki/Stats$ChartType;)V
06-08 16:50:54.184  2527  2591 D M_InsDal: Lcom/ichi2/anki/stats/ChartBuilder;--->renderChart(Lcom/ichi2/libanki/Stats$AxisType;)Lcom/wildplot/android/rendering/PlotSheet;
06-08 16:50:54.184  2527  2591 D M_InsDal: Lcom/ichi2/anki/stats/ChartBuilder;--->calcStats(Lcom/ichi2/libanki/Stats$AxisType;)V
06-08 16:50:54.184  2527  2527 D M_InsDal: Lcom/ichi2/anki/CollectionHelper;--->colIsOpen()Z
06-08 16:50:54.184  2527  2591 D M_InsDal: Lcom/ichi2/anki/stats/StatsMetaInfo;---><init>()V
06-08 16:50:54.184  2527  2527 D M_InsDal: Lcom/ichi2/anki/Statistics;--->getTaskHandler()Lcom/ichi2/anki/stats/AnkiStatsTaskHandler;
06-08 16:50:54.184  2527  2527 D M_InsDal: Lcom/ichi2/anki/stats/AnkiStatsTaskHandler;--->getStatType()Lcom/ichi2/libanki/Stats$AxisType;
06-08 16:50:54.185  2527  2527 D M_InsDal: Lcom/ichi2/anki/Statistics$ChartFragment;--->isWholeCollection()Z
06-08 16:50:54.185  2527  2591 D M_InsDal: Lcom/ichi2/anki/stats/StatsMetaInfo;--->isStatsCalculated()Z
06-08 16:50:54.185  2527  2527 D M_InsDal: Lcom/ichi2/anki/Statistics$ChartFragment;--->createChart()V
06-08 16:50:54.185  2527  2527 D M_InsDal: Lcom/ichi2/anki/Statistics;--->getTaskHandler()Lcom/ichi2/anki/stats/AnkiStatsTaskHandler;
06-08 16:50:54.185  2527  2527 D M_InsDal: Lcom/ichi2/anki/stats/AnkiStatsTaskHandler;--->createChart(Lcom/ichi2/libanki/Stats$ChartType;[Landroid/view/View;)Lcom/ichi2/anki/stats/AnkiStatsTaskHandler$CreateChartTask;
06-08 16:50:54.185  2527  2527 D M_InsDal: Lcom/ichi2/anki/stats/AnkiStatsTaskHandler$CreateChartTask;---><init>(Lcom/ichi2/anki/stats/AnkiStatsTaskHandler;Lcom/ichi2/libanki/Stats$ChartType;)V
06-08 16:50:54.185  2527  2527 D M_InsDal: Lcom/ichi2/anki/stats/ChartView;--->onSizeChanged(IIII)V
06-08 16:50:54.185  2527  2527 D M_InsDal: Lcom/ichi2/anki/Statistics$ChartFragment;--->checkAndUpdate()V
06-08 16:50:54.185  2527  2527 D M_InsDal: Lcom/ichi2/anki/CollectionHelper;--->getInstance()Lcom/ichi2/anki/CollectionHelper;
06-08 16:50:54.185  2527  2527 D M_InsDal: Lcom/ichi2/anki/CollectionHelper;--->getCol(Landroid/content/Context;)Lcom/ichi2/libanki/Collection;
06-08 16:50:54.185  2527  2527 D M_InsDal: Lcom/ichi2/anki/CollectionHelper;--->getCollectionPath(Landroid/content/Context;)Ljava/lang/String;
06-08 16:50:54.185  2527  2527 D M_InsDal: Lcom/ichi2/anki/CollectionHelper;--->getCurrentAnkiDroidDirectory(Landroid/content/Context;)Ljava/lang/String;
06-08 16:50:54.185  2527  2527 D M_InsDal: Lcom/ichi2/anki/CollectionHelper;--->getDefaultAnkiDroidDirectory()Ljava/lang/String;
06-08 16:50:54.186  2527  2527 D M_InsDal: Lcom/ichi2/anki/CollectionHelper;--->colIsOpen()Z
06-08 16:50:54.186  2527  2527 D M_InsDal: Lcom/ichi2/anki/Statistics;--->getTaskHandler()Lcom/ichi2/anki/stats/AnkiStatsTaskHandler;
06-08 16:50:54.186  2527  2527 D M_InsDal: Lcom/ichi2/anki/stats/AnkiStatsTaskHandler;--->getStatType()Lcom/ichi2/libanki/Stats$AxisType;
06-08 16:50:54.186  2527  2527 D M_InsDal: Lcom/ichi2/anki/Statistics$ChartFragment;--->isWholeCollection()Z
06-08 16:50:54.186  2527  2527 D M_InsDal: Lcom/ichi2/anki/Statistics$ChartFragment;--->createChart()V
06-08 16:50:54.186  2527  2527 D M_InsDal: Lcom/ichi2/anki/Statistics;--->getTaskHandler()Lcom/ichi2/anki/stats/AnkiStatsTaskHandler;
06-08 16:50:54.186  2527  2527 D M_InsDal: Lcom/ichi2/anki/stats/AnkiStatsTaskHandler;--->createChart(Lcom/ichi2/libanki/Stats$ChartType;[Landroid/view/View;)Lcom/ichi2/anki/stats/AnkiStatsTaskHandler$CreateChartTask;
06-08 16:50:54.186  2527  2527 D M_InsDal: Lcom/ichi2/anki/stats/AnkiStatsTaskHandler$CreateChartTask;---><init>(Lcom/ichi2/anki/stats/AnkiStatsTaskHandler;Lcom/ichi2/libanki/Stats$ChartType;)V
06-08 16:50:54.186  2527  2527 D M_InsDal: Lcom/ichi2/anki/stats/ChartView;--->onSizeChanged(IIII)V
06-08 16:50:54.186  2527  2527 D M_InsDal: Lcom/ichi2/anki/Statistics$ChartFragment;--->checkAndUpdate()V
06-08 16:50:54.186  2527  2527 D M_InsDal: Lcom/ichi2/anki/CollectionHelper;--->getInstance()Lcom/ichi2/anki/CollectionHelper;
06-08 16:50:54.186  2527  2527 D M_InsDal: Lcom/ichi2/anki/CollectionHelper;--->getCol(Landroid/content/Context;)Lcom/ichi2/libanki/Collection;
06-08 16:50:54.186  2527  2527 D M_InsDal: Lcom/ichi2/anki/CollectionHelper;--->getCollectionPath(Landroid/content/Context;)Ljava/lang/String;
06-08 16:50:54.186  2527  2527 D M_InsDal: Lcom/ichi2/anki/CollectionHelper;--->getCurrentAnkiDroidDirectory(Landroid/content/Context;)Ljava/lang/String;
06-08 16:50:54.186  2527  2527 D M_InsDal: Lcom/ichi2/anki/CollectionHelper;--->getDefaultAnkiDroidDirectory()Ljava/lang/String;
06-08 16:50:54.186  2527  2591 D M_InsDal: Lcom/ichi2/anki/stats/AnkiStatsTaskHandler;--->getInstance()Lcom/ichi2/anki/stats/AnkiStatsTaskHandler;
06-08 16:50:54.186  2527  2591 D M_InsDal: Lcom/ichi2/anki/stats/AnkiStatsTaskHandler;--->getmStandardTextSize()F
06-08 16:50:54.187  2527  2527 D M_InsDal: Lcom/ichi2/anki/CollectionHelper;--->colIsOpen()Z
06-08 16:50:54.187  2527  2527 D M_InsDal: Lcom/ichi2/anki/Statistics;--->getTaskHandler()Lcom/ichi2/anki/stats/AnkiStatsTaskHandler;
06-08 16:50:54.187  2527  2527 D M_InsDal: Lcom/ichi2/anki/stats/AnkiStatsTaskHandler;--->getStatType()Lcom/ichi2/libanki/Stats$AxisType;
06-08 16:50:54.187  2527  2527 D M_InsDal: Lcom/ichi2/anki/Statistics$ChartFragment;--->isWholeCollection()Z
06-08 16:50:54.187  2527  2527 D M_InsDal: Lcom/ichi2/anki/Statistics$ChartFragment;--->createChart()V
06-08 16:50:54.187  2527  2527 D M_InsDal: Lcom/ichi2/anki/Statistics;--->getTaskHandler()Lcom/ichi2/anki/stats/AnkiStatsTaskHandler;
06-08 16:50:54.187  2527  2527 D M_InsDal: Lcom/ichi2/anki/stats/AnkiStatsTaskHandler;--->createChart(Lcom/ichi2/libanki/Stats$ChartType;[Landroid/view/View;)Lcom/ichi2/anki/stats/AnkiStatsTaskHandler$CreateChartTask;
06-08 16:50:54.187  2527  2527 D M_InsDal: Lcom/ichi2/anki/stats/AnkiStatsTaskHandler$CreateChartTask;---><init>(Lcom/ichi2/anki/stats/AnkiStatsTaskHandler;Lcom/ichi2/libanki/Stats$ChartType;)V
06-08 16:50:54.187  2527  2527 D M_InsDal: Lcom/ichi2/anki/stats/ChartView;--->onSizeChanged(IIII)V
06-08 16:50:54.187  2527  2527 D M_InsDal: Lcom/ichi2/anki/Statistics$ChartFragment;--->checkAndUpdate()V
06-08 16:50:54.187  2527  2527 D M_InsDal: Lcom/ichi2/anki/CollectionHelper;--->getInstance()Lcom/ichi2/anki/CollectionHelper;
06-08 16:50:54.187  2527  2527 D M_InsDal: Lcom/ichi2/anki/CollectionHelper;--->getCol(Landroid/content/Context;)Lcom/ichi2/libanki/Collection;
06-08 16:50:54.187  2527  2527 D M_InsDal: Lcom/ichi2/anki/CollectionHelper;--->getCollectionPath(Landroid/content/Context;)Ljava/lang/String;
06-08 16:50:54.187  2527  2527 D M_InsDal: Lcom/ichi2/anki/CollectionHelper;--->getCurrentAnkiDroidDirectory(Landroid/content/Context;)Ljava/lang/String;
06-08 16:50:54.187  2527  2527 D M_InsDal: Lcom/ichi2/anki/CollectionHelper;--->getDefaultAnkiDroidDirectory()Ljava/lang/String;
06-08 16:50:54.187  2527  2591 D M_InsDal: Lcom/ichi2/anki/stats/ChartBuilder;--->setupCumulative(Lcom/wildplot/android/rendering/PlotSheet;Lcom/wildplot/android/rendering/PlotSheet;)V
06-08 16:50:54.187  2527  2591 D M_InsDal: Lcom/ichi2/anki/stats/ChartBuilder;--->setupBarGraphs(Lcom/wildplot/android/rendering/PlotSheet;Lcom/wildplot/android/rendering/PlotSheet;)V
06-08 16:50:54.188  2527  2591 D M_InsDal: Lcom/ichi2/anki/stats/ChartBuilder;--->ticksCalcX(ILcom/wildplot/android/rendering/graphics/wrapper/RectangleWrap;DD)D
06-08 16:50:54.188  2527  2591 D M_InsDal: Lcom/ichi2/anki/stats/ChartBuilder;--->setupXaxis(Lcom/wildplot/android/rendering/PlotSheet;DZ)V
06-08 16:50:54.188  2527  2527 D M_InsDal: Lcom/ichi2/anki/CollectionHelper;--->colIsOpen()Z
06-08 16:50:54.188  2527  2527 D M_InsDal: Lcom/ichi2/anki/Statistics;--->getTaskHandler()Lcom/ichi2/anki/stats/AnkiStatsTaskHandler;
06-08 16:50:54.188  2527  2527 D M_InsDal: Lcom/ichi2/anki/stats/AnkiStatsTaskHandler;--->getStatType()Lcom/ichi2/libanki/Stats$AxisType;
06-08 16:50:54.188  2527  2527 D M_InsDal: Lcom/ichi2/anki/Statistics$ChartFragment;--->isWholeCollection()Z
06-08 16:50:54.188  2527  2527 D M_InsDal: Lcom/ichi2/anki/Statistics$ChartFragment;--->createChart()V
06-08 16:50:54.188  2527  2527 D M_InsDal: Lcom/ichi2/anki/Statistics;--->getTaskHandler()Lcom/ichi2/anki/stats/AnkiStatsTaskHandler;
06-08 16:50:54.188  2527  2527 D M_InsDal: Lcom/ichi2/anki/stats/AnkiStatsTaskHandler;--->createChart(Lcom/ichi2/libanki/Stats$ChartType;[Landroid/view/View;)Lcom/ichi2/anki/stats/AnkiStatsTaskHandler$CreateChartTask;
06-08 16:50:54.188  2527  2527 D M_InsDal: Lcom/ichi2/anki/stats/AnkiStatsTaskHandler$CreateChartTask;---><init>(Lcom/ichi2/anki/stats/AnkiStatsTaskHandler;Lcom/ichi2/libanki/Stats$ChartType;)V
06-08 16:50:54.189  2527  2527 D M_InsDal: Lcom/ichi2/anki/stats/ChartView;--->onSizeChanged(IIII)V
06-08 16:50:54.189  2527  2527 D M_InsDal: Lcom/ichi2/anki/Statistics$ChartFragment;--->checkAndUpdate()V
06-08 16:50:54.189  2527  2527 D M_InsDal: Lcom/ichi2/anki/CollectionHelper;--->getInstance()Lcom/ichi2/anki/CollectionHelper;
06-08 16:50:54.189  2527  2527 D M_InsDal: Lcom/ichi2/anki/CollectionHelper;--->getCol(Landroid/content/Context;)Lcom/ichi2/libanki/Collection;
06-08 16:50:54.189  2527  2527 D M_InsDal: Lcom/ichi2/anki/CollectionHelper;--->getCollectionPath(Landroid/content/Context;)Ljava/lang/String;
06-08 16:50:54.189  2527  2527 D M_InsDal: Lcom/ichi2/anki/CollectionHelper;--->getCurrentAnkiDroidDirectory(Landroid/content/Context;)Ljava/lang/String;
06-08 16:50:54.189  2527  2527 D M_InsDal: Lcom/ichi2/anki/CollectionHelper;--->getDefaultAnkiDroidDirectory()Ljava/lang/String;
06-08 16:50:54.190  2527  2591 D M_InsDal: Lcom/ichi2/anki/stats/ChartBuilder;--->ticksCalcY(ILcom/wildplot/android/rendering/graphics/wrapper/RectangleWrap;DD)D
06-08 16:50:54.190  2527  2591 D M_InsDal: Lcom/ichi2/anki/stats/ChartBuilder;--->ticsCalc(ILcom/wildplot/android/rendering/graphics/wrapper/RectangleWrap;D)D
06-08 16:50:54.190  2527  2591 D M_InsDal: Lcom/ichi2/anki/stats/ChartBuilder;--->setupYaxis(Lcom/wildplot/android/rendering/PlotSheet;Lcom/wildplot/android/rendering/PlotSheet;DIZZ)V
06-08 16:50:54.190  2527  2527 D M_InsDal: Lcom/ichi2/anki/CollectionHelper;--->colIsOpen()Z
06-08 16:50:54.190  2527  2527 D M_InsDal: Lcom/ichi2/anki/Statistics;--->getTaskHandler()Lcom/ichi2/anki/stats/AnkiStatsTaskHandler;
06-08 16:50:54.190  2527  2527 D M_InsDal: Lcom/ichi2/anki/stats/AnkiStatsTaskHandler;--->getStatType()Lcom/ichi2/libanki/Stats$AxisType;
06-08 16:50:54.190  2527  2527 D M_InsDal: Lcom/ichi2/anki/Statistics$ChartFragment;--->isWholeCollection()Z
06-08 16:50:54.190  2527  2527 D M_InsDal: Lcom/ichi2/anki/Statistics$ChartFragment;--->createChart()V
06-08 16:50:54.190  2527  2527 D M_InsDal: Lcom/ichi2/anki/Statistics;--->getTaskHandler()Lcom/ichi2/anki/stats/AnkiStatsTaskHandler;
06-08 16:50:54.190  2527  2527 D M_InsDal: Lcom/ichi2/anki/stats/AnkiStatsTaskHandler;--->createChart(Lcom/ichi2/libanki/Stats$ChartType;[Landroid/view/View;)Lcom/ichi2/anki/stats/AnkiStatsTaskHandler$CreateChartTask;
06-08 16:50:54.190  2527  2527 D M_InsDal: Lcom/ichi2/anki/stats/AnkiStatsTaskHandler$CreateChartTask;---><init>(Lcom/ichi2/anki/stats/AnkiStatsTaskHandler;Lcom/ichi2/libanki/Stats$ChartType;)V
06-08 16:50:54.190  2527  2527 D M_InsDal: Lcom/ichi2/anki/stats/ChartView;--->onSizeChanged(IIII)V
06-08 16:50:54.190  2527  2527 D M_InsDal: Lcom/ichi2/anki/Statistics$ChartFragment;--->checkAndUpdate()V
06-08 16:50:54.190  2527  2527 D M_InsDal: Lcom/ichi2/anki/CollectionHelper;--->getInstance()Lcom/ichi2/anki/CollectionHelper;
06-08 16:50:54.190  2527  2527 D M_InsDal: Lcom/ichi2/anki/CollectionHelper;--->getCol(Landroid/content/Context;)Lcom/ichi2/libanki/Collection;
06-08 16:50:54.190  2527  2527 D M_InsDal: Lcom/ichi2/anki/CollectionHelper;--->getCollectionPath(Landroid/content/Context;)Ljava/lang/String;
06-08 16:50:54.190  2527  2527 D M_InsDal: Lcom/ichi2/anki/CollectionHelper;--->getCurrentAnkiDroidDirectory(Landroid/content/Context;)Ljava/lang/String;
06-08 16:50:54.190  2527  2527 D M_InsDal: Lcom/ichi2/anki/CollectionHelper;--->getDefaultAnkiDroidDirectory()Ljava/lang/String;
06-08 16:50:54.191  2527  2527 D M_InsDal: Lcom/ichi2/anki/CollectionHelper;--->colIsOpen()Z
06-08 16:50:54.191  2527  2527 D M_InsDal: Lcom/ichi2/anki/Statistics;--->getTaskHandler()Lcom/ichi2/anki/stats/AnkiStatsTaskHandler;
06-08 16:50:54.191  2527  2527 D M_InsDal: Lcom/ichi2/anki/stats/AnkiStatsTaskHandler;--->getStatType()Lcom/ichi2/libanki/Stats$AxisType;
06-08 16:50:54.192  2527  2527 D M_InsDal: Lcom/ichi2/anki/Statistics$ChartFragment;--->isWholeCollection()Z
06-08 16:50:54.192  2527  2527 D M_InsDal: Lcom/ichi2/anki/Statistics$ChartFragment;--->createChart()V
06-08 16:50:54.192  2527  2527 D M_InsDal: Lcom/ichi2/anki/Statistics;--->getTaskHandler()Lcom/ichi2/anki/stats/AnkiStatsTaskHandler;
06-08 16:50:54.192  2527  2527 D M_InsDal: Lcom/ichi2/anki/stats/AnkiStatsTaskHandler;--->createChart(Lcom/ichi2/libanki/Stats$ChartType;[Landroid/view/View;)Lcom/ichi2/anki/stats/AnkiStatsTaskHandler$CreateChartTask;
06-08 16:50:54.192  2527  2527 D M_InsDal: Lcom/ichi2/anki/stats/AnkiStatsTaskHandler$CreateChartTask;---><init>(Lcom/ichi2/anki/stats/AnkiStatsTaskHandler;Lcom/ichi2/libanki/Stats$ChartType;)V
06-08 16:50:54.192  2527  2591 D M_InsDal: Lcom/ichi2/anki/stats/ChartBuilder;--->ticsCalc(ILcom/wildplot/android/rendering/graphics/wrapper/RectangleWrap;D)D
06-08 16:50:54.192  2527  2591 D M_InsDal: Lcom/ichi2/anki/stats/ChartBuilder;--->setupYaxis(Lcom/wildplot/android/rendering/PlotSheet;Lcom/wildplot/android/rendering/PlotSheet;DIZZ)V
06-08 16:50:54.192  2527  2527 D M_InsDal: Lcom/ichi2/anki/stats/ChartView;--->onSizeChanged(IIII)V
06-08 16:50:54.192  2527  2527 D M_InsDal: Lcom/ichi2/anki/Statistics$ChartFragment;--->checkAndUpdate()V
06-08 16:50:54.192  2527  2527 D M_InsDal: Lcom/ichi2/anki/CollectionHelper;--->getInstance()Lcom/ichi2/anki/CollectionHelper;
06-08 16:50:54.192  2527  2527 D M_InsDal: Lcom/ichi2/anki/CollectionHelper;--->getCol(Landroid/content/Context;)Lcom/ichi2/libanki/Collection;
06-08 16:50:54.192  2527  2527 D M_InsDal: Lcom/ichi2/anki/CollectionHelper;--->getCollectionPath(Landroid/content/Context;)Ljava/lang/String;
06-08 16:50:54.192  2527  2527 D M_InsDal: Lcom/ichi2/anki/CollectionHelper;--->getCurrentAnkiDroidDirectory(Landroid/content/Context;)Ljava/lang/String;
06-08 16:50:54.192  2527  2527 D M_InsDal: Lcom/ichi2/anki/CollectionHelper;--->getDefaultAnkiDroidDirectory()Ljava/lang/String;
06-08 16:50:54.193  2527  2591 D M_InsDal: Lcom/ichi2/anki/stats/ChartBuilder;--->setupGrid(Lcom/wildplot/android/rendering/PlotSheet;DD)V
06-08 16:50:54.193  2527  2527 D M_InsDal: Lcom/ichi2/anki/CollectionHelper;--->colIsOpen()Z
06-08 16:50:54.193  2527  2527 D M_InsDal: Lcom/ichi2/anki/Statistics;--->getTaskHandler()Lcom/ichi2/anki/stats/AnkiStatsTaskHandler;
06-08 16:50:54.193  2527  2527 D M_InsDal: Lcom/ichi2/anki/stats/AnkiStatsTaskHandler;--->getStatType()Lcom/ichi2/libanki/Stats$AxisType;
06-08 16:50:54.193  2527  2527 D M_InsDal: Lcom/ichi2/anki/Statistics$ChartFragment;--->isWholeCollection()Z
06-08 16:50:54.193  2527  2527 D M_InsDal: Lcom/ichi2/anki/Statistics$ChartFragment;--->createChart()V
06-08 16:50:54.193  2527  2527 D M_InsDal: Lcom/ichi2/anki/Statistics;--->getTaskHandler()Lcom/ichi2/anki/stats/AnkiStatsTaskHandler;
06-08 16:50:54.193  2527  2527 D M_InsDal: Lcom/ichi2/anki/stats/AnkiStatsTaskHandler;--->createChart(Lcom/ichi2/libanki/Stats$ChartType;[Landroid/view/View;)Lcom/ichi2/anki/stats/AnkiStatsTaskHandler$CreateChartTask;
06-08 16:50:54.193  2527  2527 D M_InsDal: Lcom/ichi2/anki/stats/AnkiStatsTaskHandler$CreateChartTask;---><init>(Lcom/ichi2/anki/stats/AnkiStatsTaskHandler;Lcom/ichi2/libanki/Stats$ChartType;)V
06-08 16:50:54.194  2527  2591 D M_InsDal: Lcom/ichi2/anki/stats/AnkiStatsTaskHandler$CreateChartTask;--->doInBackground([Landroid/view/View;)Lcom/wildplot/android/rendering/PlotSheet;
06-08 16:50:54.194  2527  2591 D M_InsDal: Lcom/ichi2/anki/stats/ChartBuilder;---><init>(Lcom/ichi2/anki/stats/ChartView;Lcom/ichi2/libanki/Collection;ZLcom/ichi2/libanki/Stats$ChartType;)V
06-08 16:50:54.194  2527  2591 D M_InsDal: Lcom/ichi2/anki/stats/ChartBuilder;--->renderChart(Lcom/ichi2/libanki/Stats$AxisType;)Lcom/wildplot/android/rendering/PlotSheet;
06-08 16:50:54.194  2527  2591 D M_InsDal: Lcom/ichi2/anki/stats/ChartBuilder;--->calcStats(Lcom/ichi2/libanki/Stats$AxisType;)V
06-08 16:50:54.196  2527  2591 D M_InsDal: Lcom/ichi2/anki/stats/AnkiStatsTaskHandler;--->getInstance()Lcom/ichi2/anki/stats/AnkiStatsTaskHandler;
06-08 16:50:54.196  2527  2591 D M_InsDal: Lcom/ichi2/anki/stats/AnkiStatsTaskHandler;--->getmStandardTextSize()F
06-08 16:50:54.196  2527  2591 D M_InsDal: Lcom/ichi2/anki/stats/ChartBuilder;--->setupCumulative(Lcom/wildplot/android/rendering/PlotSheet;Lcom/wildplot/android/rendering/PlotSheet;)V
06-08 16:50:54.196  2527  2591 D M_InsDal: Lcom/ichi2/anki/stats/ChartBuilder;--->setupBarGraphs(Lcom/wildplot/android/rendering/PlotSheet;Lcom/wildplot/android/rendering/PlotSheet;)V
06-08 16:50:54.196  2527  2591 D M_InsDal: Lcom/ichi2/anki/stats/ChartBuilder;--->ticksCalcX(ILcom/wildplot/android/rendering/graphics/wrapper/RectangleWrap;DD)D
06-08 16:50:54.197  2527  2591 D M_InsDal: Lcom/ichi2/anki/stats/ChartBuilder;--->setupXaxis(Lcom/wildplot/android/rendering/PlotSheet;DZ)V
06-08 16:50:54.197  2527  2591 D M_InsDal: Lcom/ichi2/anki/stats/ChartBuilder;--->ticksCalcY(ILcom/wildplot/android/rendering/graphics/wrapper/RectangleWrap;DD)D
06-08 16:50:54.197  2527  2591 D M_InsDal: Lcom/ichi2/anki/stats/ChartBuilder;--->ticsCalc(ILcom/wildplot/android/rendering/graphics/wrapper/RectangleWrap;D)D
06-08 16:50:54.197  2527  2591 D M_InsDal: Lcom/ichi2/anki/stats/ChartBuilder;--->setupYaxis(Lcom/wildplot/android/rendering/PlotSheet;Lcom/wildplot/android/rendering/PlotSheet;DIZZ)V
06-08 16:50:54.197  2527  2591 D M_InsDal: Lcom/ichi2/anki/stats/ChartBuilder;--->ticsCalc(ILcom/wildplot/android/rendering/graphics/wrapper/RectangleWrap;D)D
06-08 16:50:54.197  2527  2591 D M_InsDal: Lcom/ichi2/anki/stats/ChartBuilder;--->setupYaxis(Lcom/wildplot/android/rendering/PlotSheet;Lcom/wildplot/android/rendering/PlotSheet;DIZZ)V
06-08 16:50:54.197  2527  2591 D M_InsDal: Lcom/ichi2/anki/stats/ChartBuilder;--->setupGrid(Lcom/wildplot/android/rendering/PlotSheet;DD)V
06-08 16:50:54.197  2527  2591 D M_InsDal: Lcom/ichi2/anki/stats/AnkiStatsTaskHandler$CreateChartTask;--->doInBackground([Landroid/view/View;)Lcom/wildplot/android/rendering/PlotSheet;
06-08 16:50:54.197  2527  2591 D M_InsDal: Lcom/ichi2/anki/stats/ChartBuilder;---><init>(Lcom/ichi2/anki/stats/ChartView;Lcom/ichi2/libanki/Collection;ZLcom/ichi2/libanki/Stats$ChartType;)V
06-08 16:50:54.197  2527  2591 D M_InsDal: Lcom/ichi2/anki/stats/ChartBuilder;--->renderChart(Lcom/ichi2/libanki/Stats$AxisType;)Lcom/wildplot/android/rendering/PlotSheet;
06-08 16:50:54.197  2527  2591 D M_InsDal: Lcom/ichi2/anki/stats/ChartBuilder;--->calcStats(Lcom/ichi2/libanki/Stats$AxisType;)V
06-08 16:50:54.198  2527  2591 D M_InsDal: Lcom/ichi2/anki/stats/AnkiStatsTaskHandler;--->getInstance()Lcom/ichi2/anki/stats/AnkiStatsTaskHandler;
06-08 16:50:54.198  2527  2591 D M_InsDal: Lcom/ichi2/anki/stats/AnkiStatsTaskHandler;--->getmStandardTextSize()F
06-08 16:50:54.198  2527  2591 D M_InsDal: Lcom/ichi2/anki/stats/ChartBuilder;--->setupCumulative(Lcom/wildplot/android/rendering/PlotSheet;Lcom/wildplot/android/rendering/PlotSheet;)V
06-08 16:50:54.198  2527  2591 D M_InsDal: Lcom/ichi2/anki/stats/ChartBuilder;--->setupBarGraphs(Lcom/wildplot/android/rendering/PlotSheet;Lcom/wildplot/android/rendering/PlotSheet;)V
06-08 16:50:54.199  2527  2591 D M_InsDal: Lcom/ichi2/anki/stats/ChartBuilder;--->ticksCalcX(ILcom/wildplot/android/rendering/graphics/wrapper/RectangleWrap;DD)D
06-08 16:50:54.199  2527  2591 D M_InsDal: Lcom/ichi2/anki/stats/ChartBuilder;--->setupXaxis(Lcom/wildplot/android/rendering/PlotSheet;DZ)V
06-08 16:50:54.199  2527  2591 D M_InsDal: Lcom/ichi2/anki/stats/ChartBuilder;--->ticksCalcY(ILcom/wildplot/android/rendering/graphics/wrapper/RectangleWrap;DD)D
06-08 16:50:54.199  2527  2591 D M_InsDal: Lcom/ichi2/anki/stats/ChartBuilder;--->ticsCalc(ILcom/wildplot/android/rendering/graphics/wrapper/RectangleWrap;D)D
06-08 16:50:54.199  2527  2591 D M_InsDal: Lcom/ichi2/anki/stats/ChartBuilder;--->setupYaxis(Lcom/wildplot/android/rendering/PlotSheet;Lcom/wildplot/android/rendering/PlotSheet;DIZZ)V
06-08 16:50:54.199  2527  2591 D M_InsDal: Lcom/ichi2/anki/stats/ChartBuilder;--->ticsCalc(ILcom/wildplot/android/rendering/graphics/wrapper/RectangleWrap;D)D
06-08 16:50:54.199  2527  2591 D M_InsDal: Lcom/ichi2/anki/stats/ChartBuilder;--->setupYaxis(Lcom/wildplot/android/rendering/PlotSheet;Lcom/wildplot/android/rendering/PlotSheet;DIZZ)V
06-08 16:50:54.199  2527  2591 D M_InsDal: Lcom/ichi2/anki/stats/ChartBuilder;--->setupGrid(Lcom/wildplot/android/rendering/PlotSheet;DD)V
06-08 16:50:54.200  2527  2591 D M_InsDal: Lcom/ichi2/anki/stats/AnkiStatsTaskHandler$CreateChartTask;--->doInBackground([Landroid/view/View;)Lcom/wildplot/android/rendering/PlotSheet;
06-08 16:50:54.200  2527  2591 D M_InsDal: Lcom/ichi2/anki/stats/ChartBuilder;---><init>(Lcom/ichi2/anki/stats/ChartView;Lcom/ichi2/libanki/Collection;ZLcom/ichi2/libanki/Stats$ChartType;)V
06-08 16:50:54.200  2527  2591 D M_InsDal: Lcom/ichi2/anki/stats/ChartBuilder;--->renderChart(Lcom/ichi2/libanki/Stats$AxisType;)Lcom/wildplot/android/rendering/PlotSheet;
06-08 16:50:54.200  2527  2591 D M_InsDal: Lcom/ichi2/anki/stats/ChartBuilder;--->calcStats(Lcom/ichi2/libanki/Stats$AxisType;)V
06-08 16:50:54.200  2527  2591 D M_InsDal: Lcom/ichi2/anki/stats/AnkiStatsTaskHandler;--->getInstance()Lcom/ichi2/anki/stats/AnkiStatsTaskHandler;
06-08 16:50:54.200  2527  2591 D M_InsDal: Lcom/ichi2/anki/stats/AnkiStatsTaskHandler;--->getmStandardTextSize()F
06-08 16:50:54.200  2527  2591 D M_InsDal: Lcom/ichi2/anki/stats/ChartBuilder;--->setupCumulative(Lcom/wildplot/android/rendering/PlotSheet;Lcom/wildplot/android/rendering/PlotSheet;)V
06-08 16:50:54.200  2527  2591 D M_InsDal: Lcom/ichi2/anki/stats/ChartBuilder;--->setupBarGraphs(Lcom/wildplot/android/rendering/PlotSheet;Lcom/wildplot/android/rendering/PlotSheet;)V
06-08 16:50:54.201  2527  2591 D M_InsDal: Lcom/ichi2/anki/stats/ChartBuilder;--->ticksCalcX(ILcom/wildplot/android/rendering/graphics/wrapper/RectangleWrap;DD)D
06-08 16:50:54.201  2527  2591 D M_InsDal: Lcom/ichi2/anki/stats/ChartBuilder;--->setupXaxis(Lcom/wildplot/android/rendering/PlotSheet;DZ)V
06-08 16:50:54.201  2527  2591 D M_InsDal: Lcom/ichi2/anki/stats/ChartBuilder;--->ticksCalcY(ILcom/wildplot/android/rendering/graphics/wrapper/RectangleWrap;DD)D
06-08 16:50:54.201  2527  2591 D M_InsDal: Lcom/ichi2/anki/stats/ChartBuilder;--->ticsCalc(ILcom/wildplot/android/rendering/graphics/wrapper/RectangleWrap;D)D
06-08 16:50:54.201  2527  2591 D M_InsDal: Lcom/ichi2/anki/stats/ChartBuilder;--->setupYaxis(Lcom/wildplot/android/rendering/PlotSheet;Lcom/wildplot/android/rendering/PlotSheet;DIZZ)V
06-08 16:50:54.201  2527  2591 D M_InsDal: Lcom/ichi2/anki/stats/ChartBuilder;--->ticsCalc(ILcom/wildplot/android/rendering/graphics/wrapper/RectangleWrap;D)D
06-08 16:50:54.201  2527  2591 D M_InsDal: Lcom/ichi2/anki/stats/ChartBuilder;--->setupYaxis(Lcom/wildplot/android/rendering/PlotSheet;Lcom/wildplot/android/rendering/PlotSheet;DIZZ)V
06-08 16:50:54.201  2527  2591 D M_InsDal: Lcom/ichi2/anki/stats/ChartBuilder;--->setupGrid(Lcom/wildplot/android/rendering/PlotSheet;DD)V
06-08 16:50:54.201  2527  2591 D M_InsDal: Lcom/ichi2/anki/stats/AnkiStatsTaskHandler$CreateChartTask;--->doInBackground([Landroid/view/View;)Lcom/wildplot/android/rendering/PlotSheet;
06-08 16:50:54.201  2527  2591 D M_InsDal: Lcom/ichi2/anki/stats/ChartBuilder;---><init>(Lcom/ichi2/anki/stats/ChartView;Lcom/ichi2/libanki/Collection;ZLcom/ichi2/libanki/Stats$ChartType;)V
06-08 16:50:54.201  2527  2591 D M_InsDal: Lcom/ichi2/anki/stats/ChartBuilder;--->renderChart(Lcom/ichi2/libanki/Stats$AxisType;)Lcom/wildplot/android/rendering/PlotSheet;
06-08 16:50:54.201  2527  2591 D M_InsDal: Lcom/ichi2/anki/stats/ChartBuilder;--->calcStats(Lcom/ichi2/libanki/Stats$AxisType;)V
06-08 16:50:54.202  2527  2591 D M_InsDal: Lcom/ichi2/anki/stats/AnkiStatsTaskHandler;--->getInstance()Lcom/ichi2/anki/stats/AnkiStatsTaskHandler;
06-08 16:50:54.202  2527  2591 D M_InsDal: Lcom/ichi2/anki/stats/AnkiStatsTaskHandler;--->getmStandardTextSize()F
06-08 16:50:54.202  2527  2591 D M_InsDal: Lcom/ichi2/anki/stats/ChartBuilder;--->setupCumulative(Lcom/wildplot/android/rendering/PlotSheet;Lcom/wildplot/android/rendering/PlotSheet;)V
06-08 16:50:54.202  2527  2591 D M_InsDal: Lcom/ichi2/anki/stats/ChartBuilder;--->setupBarGraphs(Lcom/wildplot/android/rendering/PlotSheet;Lcom/wildplot/android/rendering/PlotSheet;)V
06-08 16:50:54.202  2527  2591 D M_InsDal: Lcom/ichi2/anki/stats/ChartBuilder;--->ticksCalcX(ILcom/wildplot/android/rendering/graphics/wrapper/RectangleWrap;DD)D
06-08 16:50:54.202  2527  2591 D M_InsDal: Lcom/ichi2/anki/stats/ChartBuilder;--->setupXaxis(Lcom/wildplot/android/rendering/PlotSheet;DZ)V
06-08 16:50:54.202  2527  2591 D M_InsDal: Lcom/ichi2/anki/stats/ChartBuilder;--->ticksCalcY(ILcom/wildplot/android/rendering/graphics/wrapper/RectangleWrap;DD)D
06-08 16:50:54.202  2527  2591 D M_InsDal: Lcom/ichi2/anki/stats/ChartBuilder;--->ticsCalc(ILcom/wildplot/android/rendering/graphics/wrapper/RectangleWrap;D)D
06-08 16:50:54.202  2527  2591 D M_InsDal: Lcom/ichi2/anki/stats/ChartBuilder;--->setupYaxis(Lcom/wildplot/android/rendering/PlotSheet;Lcom/wildplot/android/rendering/PlotSheet;DIZZ)V
06-08 16:50:54.202  2527  2591 D M_InsDal: Lcom/ichi2/anki/stats/ChartBuilder;--->ticsCalc(ILcom/wildplot/android/rendering/graphics/wrapper/RectangleWrap;D)D
06-08 16:50:54.202  2527  2591 D M_InsDal: Lcom/ichi2/anki/stats/ChartBuilder;--->setupYaxis(Lcom/wildplot/android/rendering/PlotSheet;Lcom/wildplot/android/rendering/PlotSheet;DIZZ)V
06-08 16:50:54.202  2527  2591 D M_InsDal: Lcom/ichi2/anki/stats/ChartBuilder;--->setupGrid(Lcom/wildplot/android/rendering/PlotSheet;DD)V
06-08 16:50:54.202  2527  2591 D M_InsDal: Lcom/ichi2/anki/stats/AnkiStatsTaskHandler$CreateChartTask;--->doInBackground([Landroid/view/View;)Lcom/wildplot/android/rendering/PlotSheet;
06-08 16:50:54.202  2527  2591 D M_InsDal: Lcom/ichi2/anki/stats/ChartBuilder;---><init>(Lcom/ichi2/anki/stats/ChartView;Lcom/ichi2/libanki/Collection;ZLcom/ichi2/libanki/Stats$ChartType;)V
06-08 16:50:54.202  2527  2591 D M_InsDal: Lcom/ichi2/anki/stats/ChartBuilder;--->renderChart(Lcom/ichi2/libanki/Stats$AxisType;)Lcom/wildplot/android/rendering/PlotSheet;
06-08 16:50:54.202  2527  2591 D M_InsDal: Lcom/ichi2/anki/stats/ChartBuilder;--->calcStats(Lcom/ichi2/libanki/Stats$AxisType;)V
06-08 16:50:54.203  2527  2591 D M_InsDal: Lcom/ichi2/anki/stats/AnkiStatsTaskHandler;--->getInstance()Lcom/ichi2/anki/stats/AnkiStatsTaskHandler;
06-08 16:50:54.203  2527  2591 D M_InsDal: Lcom/ichi2/anki/stats/AnkiStatsTaskHandler;--->getmStandardTextSize()F
06-08 16:50:54.203  2527  2591 D M_InsDal: Lcom/ichi2/anki/stats/ChartBuilder;--->setupCumulative(Lcom/wildplot/android/rendering/PlotSheet;Lcom/wildplot/android/rendering/PlotSheet;)V
06-08 16:50:54.203  2527  2591 D M_InsDal: Lcom/ichi2/anki/stats/ChartBuilder;--->setupBarGraphs(Lcom/wildplot/android/rendering/PlotSheet;Lcom/wildplot/android/rendering/PlotSheet;)V
06-08 16:50:54.203  2527  2591 D M_InsDal: Lcom/ichi2/anki/stats/ChartBuilder;--->ticksCalcX(ILcom/wildplot/android/rendering/graphics/wrapper/RectangleWrap;DD)D
06-08 16:50:54.203  2527  2591 D M_InsDal: Lcom/ichi2/anki/stats/ChartBuilder;--->setupXaxis(Lcom/wildplot/android/rendering/PlotSheet;DZ)V
06-08 16:50:54.203  2527  2591 D M_InsDal: Lcom/ichi2/anki/stats/ChartBuilder;--->ticksCalcY(ILcom/wildplot/android/rendering/graphics/wrapper/RectangleWrap;DD)D
06-08 16:50:54.203  2527  2591 D M_InsDal: Lcom/ichi2/anki/stats/ChartBuilder;--->ticsCalc(ILcom/wildplot/android/rendering/graphics/wrapper/RectangleWrap;D)D
06-08 16:50:54.203  2527  2591 D M_InsDal: Lcom/ichi2/anki/stats/ChartBuilder;--->setupYaxis(Lcom/wildplot/android/rendering/PlotSheet;Lcom/wildplot/android/rendering/PlotSheet;DIZZ)V
06-08 16:50:54.204  2527  2591 D M_InsDal: Lcom/ichi2/anki/stats/ChartBuilder;--->ticsCalc(ILcom/wildplot/android/rendering/graphics/wrapper/RectangleWrap;D)D
06-08 16:50:54.204  2527  2591 D M_InsDal: Lcom/ichi2/anki/stats/ChartBuilder;--->setupYaxis(Lcom/wildplot/android/rendering/PlotSheet;Lcom/wildplot/android/rendering/PlotSheet;DIZZ)V
06-08 16:50:54.204  2527  2591 D M_InsDal: Lcom/ichi2/anki/stats/ChartBuilder;--->setupGrid(Lcom/wildplot/android/rendering/PlotSheet;DD)V
06-08 16:50:54.204  2527  2591 D M_InsDal: Lcom/ichi2/anki/stats/AnkiStatsTaskHandler$CreateChartTask;--->doInBackground([Landroid/view/View;)Lcom/wildplot/android/rendering/PlotSheet;
06-08 16:50:54.204  2527  2591 D M_InsDal: Lcom/ichi2/anki/stats/ChartBuilder;---><init>(Lcom/ichi2/anki/stats/ChartView;Lcom/ichi2/libanki/Collection;ZLcom/ichi2/libanki/Stats$ChartType;)V
06-08 16:50:54.204  2527  2591 D M_InsDal: Lcom/ichi2/anki/stats/ChartBuilder;--->renderChart(Lcom/ichi2/libanki/Stats$AxisType;)Lcom/wildplot/android/rendering/PlotSheet;
06-08 16:50:54.204  2527  2591 D M_InsDal: Lcom/ichi2/anki/stats/ChartBuilder;--->calcStats(Lcom/ichi2/libanki/Stats$AxisType;)V
06-08 16:50:54.204  2527  2591 D M_InsDal: Lcom/ichi2/anki/stats/AnkiStatsTaskHandler;--->getInstance()Lcom/ichi2/anki/stats/AnkiStatsTaskHandler;
06-08 16:50:54.204  2527  2591 D M_InsDal: Lcom/ichi2/anki/stats/AnkiStatsTaskHandler;--->getmStandardTextSize()F
06-08 16:50:54.204  2527  2591 D M_InsDal: Lcom/ichi2/anki/stats/ChartBuilder;--->setupCumulative(Lcom/wildplot/android/rendering/PlotSheet;Lcom/wildplot/android/rendering/PlotSheet;)V
06-08 16:50:54.204  2527  2591 D M_InsDal: Lcom/ichi2/anki/stats/ChartBuilder;--->setupBarGraphs(Lcom/wildplot/android/rendering/PlotSheet;Lcom/wildplot/android/rendering/PlotSheet;)V
06-08 16:50:54.205  2527  2591 D M_InsDal: Lcom/ichi2/anki/stats/ChartBuilder;--->ticksCalcX(ILcom/wildplot/android/rendering/graphics/wrapper/RectangleWrap;DD)D
06-08 16:50:54.205  2527  2591 D M_InsDal: Lcom/ichi2/anki/stats/ChartBuilder;--->setupXaxis(Lcom/wildplot/android/rendering/PlotSheet;DZ)V
06-08 16:50:54.205  2527  2591 D M_InsDal: Lcom/ichi2/anki/stats/ChartBuilder;--->ticksCalcY(ILcom/wildplot/android/rendering/graphics/wrapper/RectangleWrap;DD)D
06-08 16:50:54.205  2527  2591 D M_InsDal: Lcom/ichi2/anki/stats/ChartBuilder;--->ticsCalc(ILcom/wildplot/android/rendering/graphics/wrapper/RectangleWrap;D)D
06-08 16:50:54.205  2527  2591 D M_InsDal: Lcom/ichi2/anki/stats/ChartBuilder;--->setupYaxis(Lcom/wildplot/android/rendering/PlotSheet;Lcom/wildplot/android/rendering/PlotSheet;DIZZ)V
06-08 16:50:54.205  2527  2591 D M_InsDal: Lcom/ichi2/anki/stats/ChartBuilder;--->setupGrid(Lcom/wildplot/android/rendering/PlotSheet;DD)V
06-08 16:50:54.205  2527  2591 D M_InsDal: Lcom/ichi2/anki/stats/AnkiStatsTaskHandler$CreateChartTask;--->doInBackground([Landroid/view/View;)Lcom/wildplot/android/rendering/PlotSheet;
06-08 16:50:54.205  2527  2591 D M_InsDal: Lcom/ichi2/anki/stats/ChartBuilder;---><init>(Lcom/ichi2/anki/stats/ChartView;Lcom/ichi2/libanki/Collection;ZLcom/ichi2/libanki/Stats$ChartType;)V
06-08 16:50:54.205  2527  2591 D M_InsDal: Lcom/ichi2/anki/stats/ChartBuilder;--->renderChart(Lcom/ichi2/libanki/Stats$AxisType;)Lcom/wildplot/android/rendering/PlotSheet;
06-08 16:50:54.205  2527  2591 D M_InsDal: Lcom/ichi2/anki/stats/ChartBuilder;--->calcStats(Lcom/ichi2/libanki/Stats$AxisType;)V
06-08 16:50:54.206  2527  2591 D M_InsDal: Lcom/ichi2/anki/stats/AnkiStatsTaskHandler;--->getInstance()Lcom/ichi2/anki/stats/AnkiStatsTaskHandler;
06-08 16:50:54.206  2527  2591 D M_InsDal: Lcom/ichi2/anki/stats/AnkiStatsTaskHandler;--->getmStandardTextSize()F
06-08 16:50:54.206  2527  2591 D M_InsDal: Lcom/ichi2/anki/stats/ChartBuilder;--->createPieChart(Lcom/wildplot/android/rendering/PlotSheet;)Lcom/wildplot/android/rendering/PlotSheet;
06-08 16:50:54.221  2527  2527 D M_InsDal: Lcom/ichi2/anki/Statistics;--->onCreateOptionsMenu(Landroid/view/Menu;)Z
