05-30 11:23:21.142 30126 30126 D M_InsDal: Lcom/forrestguice/suntimeswidget/themes/SuntimesTheme$ThemeDescriptor;--->displayString()Ljava/lang/String;
05-30 11:23:21.142 30126 30126 D M_InsDal: Lcom/forrestguice/suntimeswidget/themes/SuntimesTheme$ThemeDescriptor;--->displayString()Ljava/lang/String;
05-30 11:23:21.142 30126 30126 D M_InsDal: Lcom/forrestguice/suntimeswidget/settings/WidgetThemes$1;--->compare(Lcom/forrestguice/suntimeswidget/themes/SuntimesTheme$ThemeDescriptor;Lcom/forrestguice/suntimeswidget/themes/SuntimesTheme$ThemeDescriptor;)I
05-30 11:23:21.142 30126 30126 D M_InsDal: Lcom/forrestguice/suntimeswidget/themes/SuntimesTheme$ThemeDescriptor;--->displayString()Ljava/lang/String;
05-30 11:23:21.142 30126 30126 D M_InsDal: Lcom/forrestguice/suntimeswidget/themes/SuntimesTheme$ThemeDescriptor;--->displayString()Ljava/lang/String;
05-30 11:23:21.142 30126 30126 D M_InsDal: Lcom/forrestguice/suntimeswidget/settings/WidgetThemes$1;--->compare(Lcom/forrestguice/suntimeswidget/themes/SuntimesTheme$ThemeDescriptor;Lcom/forrestguice/suntimeswidget/themes/SuntimesTheme$ThemeDescriptor;)I
05-30 11:23:21.142 30126 30126 D M_InsDal: Lcom/forrestguice/suntimeswidget/themes/SuntimesTheme$ThemeDescriptor;--->displayString()Ljava/lang/String;
05-30 11:23:21.142 30126 30126 D M_InsDal: Lcom/forrestguice/suntimeswidget/themes/SuntimesTheme$ThemeDescriptor;--->displayString()Ljava/lang/String;
05-30 11:23:21.142 30126 30126 D M_InsDal: Lcom/forrestguice/suntimeswidget/settings/WidgetThemes$1;--->compare(Lcom/forrestguice/suntimeswidget/themes/SuntimesTheme$ThemeDescriptor;Lcom/forrestguice/suntimeswidget/themes/SuntimesTheme$ThemeDescriptor;)I
05-30 11:23:21.142 30126 30126 D M_InsDal: Lcom/forrestguice/suntimeswidget/themes/SuntimesTheme$ThemeDescriptor;--->displayString()Ljava/lang/String;
05-30 11:23:21.142 30126 30126 D M_InsDal: Lcom/forrestguice/suntimeswidget/themes/SuntimesTheme$ThemeDescriptor;--->displayString()Ljava/lang/String;
05-30 11:23:21.142 30126 30126 D M_InsDal: Lcom/forrestguice/suntimeswidget/settings/WidgetThemes$1;--->compare(Lcom/forrestguice/suntimeswidget/themes/SuntimesTheme$ThemeDescriptor;Lcom/forrestguice/suntimeswidget/themes/SuntimesTheme$ThemeDescriptor;)I
05-30 11:23:21.142 30126 30126 D M_InsDal: Lcom/forrestguice/suntimeswidget/themes/SuntimesTheme$ThemeDescriptor;--->displayString()Ljava/lang/String;
05-30 11:23:21.142 30126 30126 D M_InsDal: Lcom/forrestguice/suntimeswidget/themes/SuntimesTheme$ThemeDescriptor;--->displayString()Ljava/lang/String;
05-30 11:23:21.142 30126 30126 D M_InsDal: Lcom/forrestguice/suntimeswidget/settings/WidgetThemes$ThemeListAdapter;---><init>(Landroid/content/Context;II[Lcom/forrestguice/suntimeswidget/themes/SuntimesTheme$ThemeDescriptor;)V
05-30 11:23:21.142 30126 30126 D M_InsDal: Lcom/forrestguice/suntimeswidget/settings/WidgetThemes$ThemeListAdapter;--->getCount()I
05-30 11:23:21.142 30126 30126 D M_InsDal: Lcom/forrestguice/suntimeswidget/settings/WidgetThemes$ThemeListAdapter;--->getCount()I
05-30 11:23:21.142 30126 30126 D M_InsDal: Lcom/forrestguice/suntimeswidget/settings/WidgetThemes$ThemeListAdapter;--->getItemId(I)J
05-30 11:23:21.142 30126 30126 D M_InsDal: Lcom/forrestguice/suntimeswidget/settings/WidgetThemes$ThemeListAdapter;--->getItemId(I)J
05-30 11:23:21.142 30126 30126 D M_InsDal: Lcom/forrestguice/suntimeswidget/SuntimesConfigActivity0$2;---><init>(Lcom/forrestguice/suntimeswidget/SuntimesConfigActivity0;Landroid/content/Context;)V
05-30 11:23:21.142 30126 30126 D M_InsDal: Lcom/forrestguice/suntimeswidget/SuntimesConfigActivity0;--->createAdapter_calculators()Landroid/widget/ArrayAdapter;
05-30 11:23:21.142 30126 30126 D M_InsDal: Lcom/forrestguice/suntimeswidget/SuntimesConfigActivity0;--->supportingCalculators()[Lcom/forrestguice/suntimeswidget/calculator/SuntimesCalculatorDescriptor;
05-30 11:23:21.142 30126 30126 D M_InsDal: Lcom/forrestguice/suntimeswidget/calculator/SuntimesCalculatorDescriptor;---><clinit>()V
05-30 11:23:21.142 30126 30126 D M_InsDal: Lcom/forrestguice/suntimeswidget/calculator/SuntimesCalculatorDescriptor;--->values(Landroid/content/Context;)[Lcom/forrestguice/suntimeswidget/calculator/SuntimesCalculatorDescriptor;
05-30 11:23:21.142 30126 30126 D M_InsDal: Lcom/forrestguice/suntimeswidget/calculator/SuntimesCalculatorDescriptor;--->initCalculators(Landroid/content/Context;)V
05-30 11:23:21.142 30126 30126 D M_InsDal: Lcom/forrestguice/suntimeswidget/calculator/sunrisesunset_java/SunriseSunsetSuntimesCalculator;---><clinit>()V
05-30 11:23:21.142 30126 30126 D M_InsDal: Lcom/forrestguice/suntimeswidget/calculator/sunrisesunset_java/SunriseSunsetSuntimesCalculator;--->getDescriptor()Lcom/forrestguice/suntimeswidget/calculator/SuntimesCalculatorDescriptor;
05-30 11:23:21.142 30126 30126 D M_InsDal: Lcom/forrestguice/suntimeswidget/calculator/SuntimesCalculatorDescriptor;---><init>(Ljava/lang/String;Ljava/lang/String;Ljava/lang/String;I[I)V
05-30 11:23:21.142 30126 30126 D M_InsDal: Lcom/forrestguice/suntimeswidget/calculator/SuntimesCalculatorDescriptor;--->addValue(Lcom/forrestguice/suntimeswidget/calculator/SuntimesCalculatorDescriptor;)V
05-30 11:23:21.142 30126 30126 D M_InsDal: Lcom/forrestguice/suntimeswidget/calculator/ca/rmen/sunrisesunset/SunriseSunsetSuntimesCalculator;---><clinit>()V
05-30 11:23:21.142 30126 30126 D M_InsDal: Lcom/forrestguice/suntimeswidget/calculator/ca/rmen/sunrisesunset/SunriseSunsetSuntimesCalculator;--->getDescriptor()Lcom/forrestguice/suntimeswidget/calculator/SuntimesCalculatorDescriptor;
05-30 11:23:21.142 30126 30126 D M_InsDal: Lcom/forrestguice/suntimeswidget/calculator/SuntimesCalculatorDescriptor;---><init>(Ljava/lang/String;Ljava/lang/String;Ljava/lang/String;I[I)V
05-30 11:23:21.142 30126 30126 D M_InsDal: Lcom/forrestguice/suntimeswidget/calculator/SuntimesCalculatorDescriptor;--->addValue(Lcom/forrestguice/suntimeswidget/calculator/SuntimesCalculatorDescriptor;)V
05-30 11:23:21.142 30126 30126 D M_InsDal: Lcom/forrestguice/suntimeswidget/calculator/SuntimesCalculatorDescriptor;--->equals(Ljava/lang/Object;)Z
05-30 11:23:21.142 30126 30126 D M_InsDal: Lcom/forrestguice/suntimeswidget/calculator/SuntimesCalculatorDescriptor;--->getName()Ljava/lang/String;
05-30 11:23:21.142 30126 30126 D M_InsDal: Lcom/forrestguice/suntimeswidget/calculator/SuntimesCalculatorDescriptor;--->getName()Ljava/lang/String;
05-30 11:23:21.142 30126 30126 D M_InsDal: Lcom/forrestguice/suntimeswidget/calculator/time4a/Time4ASuntimesCalculator;---><clinit>()V
05-30 11:23:21.142 30126 30126 D M_InsDal: Lcom/forrestguice/suntimeswidget/calculator/time4a/Time4ASimpleSuntimesCalculator;--->getDescriptor()Lcom/forrestguice/suntimeswidget/calculator/SuntimesCalculatorDescriptor;
05-30 11:23:21.142 30126 30126 D M_InsDal: Lcom/forrestguice/suntimeswidget/calculator/SuntimesCalculatorDescriptor;---><init>(Ljava/lang/String;Ljava/lang/String;Ljava/lang/String;I[I)V
05-30 11:23:21.142 30126 30126 D M_InsDal: Lcom/forrestguice/suntimeswidget/calculator/SuntimesCalculatorDescriptor;--->addValue(Lcom/forrestguice/suntimeswidget/calculator/SuntimesCalculatorDescriptor;)V
05-30 11:23:21.142 30126 30126 D M_InsDal: Lcom/forrestguice/suntimeswidget/calculator/SuntimesCalculatorDescriptor;--->equals(Ljava/lang/Object;)Z
05-30 11:23:21.142 30126 30126 D M_InsDal: Lcom/forrestguice/suntimeswidget/calculator/SuntimesCalculatorDescriptor;--->getName()Ljava/lang/String;
05-30 11:23:21.142 30126 30126 D M_InsDal: Lcom/forrestguice/suntimeswidget/calculator/SuntimesCalculatorDescriptor;--->getName()Ljava/lang/String;
05-30 11:23:21.142 30126 30126 D M_InsDal: Lcom/forrestguice/suntimeswidget/calculator/SuntimesCalculatorDescriptor;--->equals(Ljava/lang/Object;)Z
05-30 11:23:21.142 30126 30126 D M_InsDal: Lcom/forrestguice/suntimeswidget/calculator/SuntimesCalculatorDescriptor;--->getName()Ljava/lang/String;
05-30 11:23:21.142 30126 30126 D M_InsDal: Lcom/forrestguice/suntimeswidget/calculator/SuntimesCalculatorDescriptor;--->getName()Ljava/lang/String;
05-30 11:23:21.142 30126 30126 D M_InsDal: Lcom/forrestguice/suntimeswidget/calculator/time4a/Time4ANOAASuntimesCalculator;--->getDescriptor()Lcom/forrestguice/suntimeswidget/calculator/SuntimesCalculatorDescriptor;
05-30 11:23:21.142 30126 30126 D M_InsDal: Lcom/forrestguice/suntimeswidget/calculator/SuntimesCalculatorDescriptor;---><init>(Ljava/lang/String;Ljava/lang/String;Ljava/lang/String;I[I)V
05-30 11:23:21.142 30126 30126 D M_InsDal: Lcom/forrestguice/suntimeswidget/calculator/SuntimesCalculatorDescriptor;--->addValue(Lcom/forrestguice/suntimeswidget/calculator/SuntimesCalculatorDescriptor;)V
05-30 11:23:21.142 30126 30126 D M_InsDal: Lcom/forrestguice/suntimeswidget/calculator/SuntimesCalculatorDescriptor;--->equals(Ljava/lang/Object;)Z
05-30 11:23:21.142 30126 30126 D M_InsDal: Lcom/forrestguice/suntimeswidget/calculator/SuntimesCalculatorDescriptor;--->getName()Ljava/lang/String;
05-30 11:23:21.142 30126 30126 D M_InsDal: Lcom/forrestguice/suntimeswidget/calculator/SuntimesCalculatorDescriptor;--->getName()Ljava/lang/String;
05-30 11:23:21.142 30126 30126 D M_InsDal: Lcom/forrestguice/suntimeswidget/calculator/SuntimesCalculatorDescriptor;--->equals(Ljava/lang/Object;)Z
05-30 11:23:21.142 30126 30126 D M_InsDal: Lcom/forrestguice/suntimeswidget/calculator/SuntimesCalculatorDescriptor;--->getName()Ljava/lang/String;
05-30 11:23:21.142 30126 30126 D M_InsDal: Lcom/forrestguice/suntimeswidget/calculator/SuntimesCalculatorDescriptor;--->getName()Ljava/lang/String;
05-30 11:23:21.142 30126 30126 D M_InsDal: Lcom/forrestguice/suntimeswidget/calculator/SuntimesCalculatorDescriptor;--->equals(Ljava/lang/Object;)Z
05-30 11:23:21.142 30126 30126 D M_InsDal: Lcom/forrestguice/suntimeswidget/calculator/SuntimesCalculatorDescriptor;--->getName()Ljava/lang/String;
05-30 11:23:21.142 30126 30126 D M_InsDal: Lcom/forrestguice/suntimeswidget/calculator/SuntimesCalculatorDescriptor;--->getName()Ljava/lang/String;
05-30 11:23:21.142 30126 30126 D M_InsDal: Lcom/forrestguice/suntimeswidget/calculator/time4a/Time4ACCSuntimesCalculator;---><clinit>()V
05-30 11:23:21.142 30126 30126 D M_InsDal: Lcom/forrestguice/suntimeswidget/calculator/time4a/Time4ACCSuntimesCalculator;--->getDescriptor()Lcom/forrestguice/suntimeswidget/calculator/SuntimesCalculatorDescriptor;
05-30 11:23:21.142 30126 30126 D M_InsDal: Lcom/forrestguice/suntimeswidget/calculator/SuntimesCalculatorDescriptor;---><init>(Ljava/lang/String;Ljava/lang/String;Ljava/lang/String;I[I)V
05-30 11:23:21.142 30126 30126 D M_InsDal: Lcom/forrestguice/suntimeswidget/calculator/SuntimesCalculatorDescriptor;--->addValue(Lcom/forrestguice/suntimeswidget/calculator/SuntimesCalculatorDescriptor;)V
05-30 11:23:21.142 30126 30126 D M_InsDal: Lcom/forrestguice/suntimeswidget/calculator/SuntimesCalculatorDescriptor;--->equals(Ljava/lang/Object;)Z
05-30 11:23:21.142 30126 30126 D M_InsDal: Lcom/forrestguice/suntimeswidget/calculator/SuntimesCalculatorDescriptor;--->getName()Ljava/lang/String;
05-30 11:23:21.142 30126 30126 D M_InsDal: Lcom/forrestguice/suntimeswidget/calculator/SuntimesCalculatorDescriptor;--->getName()Ljava/lang/String;
05-30 11:23:21.142 30126 30126 D M_InsDal: Lcom/forrestguice/suntimeswidget/calculator/SuntimesCalculatorDescriptor;--->equals(Ljava/lang/Object;)Z
05-30 11:23:21.142 30126 30126 D M_InsDal: Lcom/forrestguice/suntimeswidget/calculator/SuntimesCalculatorDescriptor;--->getName()Ljava/lang/String;
05-30 11:23:21.142 30126 30126 D M_InsDal: Lcom/forrestguice/suntimeswidget/calculator/SuntimesCalculatorDescriptor;--->getName()Ljava/lang/String;
05-30 11:23:21.142 30126 30126 D M_InsDal: Lcom/forrestguice/suntimeswidget/calculator/SuntimesCalculatorDescriptor;--->equals(Ljava/lang/Object;)Z
05-30 11:23:21.142 30126 30126 D M_InsDal: Lcom/forrestguice/suntimeswidget/calculator/SuntimesCalculatorDescriptor;--->getName()Ljava/lang/String;
05-30 11:23:21.142 30126 30126 D M_InsDal: Lcom/forrestguice/suntimeswidget/calculator/SuntimesCalculatorDescriptor;--->getName()Ljava/lang/String;
05-30 11:23:21.142 30126 30126 D M_InsDal: Lcom/forrestguice/suntimeswidget/calculator/SuntimesCalculatorDescriptor;--->equals(Ljava/lang/Object;)Z
05-30 11:23:21.142 30126 30126 D M_InsDal: Lcom/forrestguice/suntimeswidget/calculator/SuntimesCalculatorDescriptor;--->getName()Ljava/lang/String;
05-30 11:23:21.142 30126 30126 D M_InsDal: Lcom/forrestguice/suntimeswidget/calculator/SuntimesCalculatorDescriptor;--->getName()Ljava/lang/String;
05-30 11:23:21.142 30126 30126 D M_InsDal: Lcom/forrestguice/suntimeswidget/calculator/time4a/Time4A4JSuntimesCalculator;---><clinit>()V
05-30 11:23:21.142 30126 30126 D M_InsDal: Lcom/forrestguice/suntimeswidget/calculator/time4a/Time4A4JSuntimesCalculator;--->getDescriptor()Lcom/forrestguice/suntimeswidget/calculator/SuntimesCalculatorDescriptor;
05-30 11:23:21.142 30126 30126 D M_InsDal: Lcom/forrestguice/suntimeswidget/calculator/SuntimesCalculatorDescriptor;---><init>(Ljava/lang/String;Ljava/lang/String;Ljava/lang/String;I[I)V
05-30 11:23:21.142 30126 30126 D M_InsDal: Lcom/forrestguice/suntimeswidget/calculator/SuntimesCalculatorDescriptor;--->addValue(Lcom/forrestguice/suntimeswidget/calculator/SuntimesCalculatorDescriptor;)V
05-30 11:23:21.142 30126 30126 D M_InsDal: Lcom/forrestguice/suntimeswidget/calculator/SuntimesCalculatorDescriptor;--->equals(Ljava/lang/Object;)Z
05-30 11:23:21.142 30126 30126 D M_InsDal: Lcom/forrestguice/suntimeswidget/calculator/SuntimesCalculatorDescriptor;--->getName()Ljava/lang/String;
05-30 11:23:21.142 30126 30126 D M_InsDal: Lcom/forrestguice/suntimeswidget/calculator/SuntimesCalculatorDescriptor;--->getName()Ljava/lang/String;
05-30 11:23:21.142 30126 30126 D M_InsDal: Lcom/forrestguice/suntimeswidget/calculator/SuntimesCalculatorDescriptor;--->equals(Ljava/lang/Object;)Z
05-30 11:23:21.142 30126 30126 D M_InsDal: Lcom/forrestguice/suntimeswidget/calculator/SuntimesCalculatorDescriptor;--->getName()Ljava/lang/String;
05-30 11:23:21.142 30126 30126 D M_InsDal: Lcom/forrestguice/suntimeswidget/calculator/SuntimesCalculatorDescriptor;--->getName()Ljava/lang/String;
05-30 11:23:21.142 30126 30126 D M_InsDal: Lcom/forrestguice/suntimeswidget/calculator/SuntimesCalculatorDescriptor;--->equals(Ljava/lang/Object;)Z
05-30 11:23:21.142 30126 30126 D M_InsDal: Lcom/forrestguice/suntimeswidget/calculator/SuntimesCalculatorDescriptor;--->getName()Ljava/lang/String;
05-30 11:23:21.142 30126 30126 D M_InsDal: Lcom/forrestguice/suntimeswidget/calculator/SuntimesCalculatorDescriptor;--->getName()Ljava/lang/String;
05-30 11:23:21.142 30126 30126 D M_InsDal: Lcom/forrestguice/suntimeswidget/calculator/SuntimesCalculatorDescriptor;--->equals(Ljava/lang/Object;)Z
05-30 11:23:21.142 30126 30126 D M_InsDal: Lcom/forrestguice/suntimeswidget/calculator/SuntimesCalculatorDescriptor;--->getName()Ljava/lang/String;
05-30 11:23:21.142 30126 30126 D M_InsDal: Lcom/forrestguice/suntimeswidget/calculator/SuntimesCalculatorDescriptor;--->getName()Ljava/lang/String;
05-30 11:23:21.142 30126 30126 D M_InsDal: Lcom/forrestguice/suntimeswidget/calculator/SuntimesCalculatorDescriptor;--->equals(Ljava/lang/Object;)Z
05-30 11:23:21.142 30126 30126 D M_InsDal: Lcom/forrestguice/suntimeswidget/calculator/SuntimesCalculatorDescriptor;--->getName()Ljava/lang/String;
05-30 11:23:21.142 30126 30126 D M_InsDal: Lcom/forrestguice/suntimeswidget/calculator/SuntimesCalculatorDescriptor;--->getName()Ljava/lang/String;
05-30 11:23:21.142 30126 30126 D M_InsDal: Lcom/forrestguice/suntimeswidget/settings/AppSettings;--->loadScanForPluginsPref(Landroid/content/Context;)Z
05-30 11:23:21.142 30126 30126 D M_InsDal: Lcom/forrestguice/suntimeswidget/calculator/SuntimesCalculatorDescriptorListAdapter;---><init>(Landroid/content/Context;II[Lcom/forrestguice/suntimeswidget/calculator/SuntimesCalculatorDescriptor;)V
05-30 11:23:21.142 30126 30126 D M_InsDal: Lcom/forrestguice/suntimeswidget/calculator/SuntimesCalculatorDescriptorListAdapter;--->initDisplayStrings(Landroid/content/Context;)V
05-30 11:23:21.142 30126 30126 D M_InsDal: Lcom/forrestguice/suntimeswidget/calculator/SuntimesCalculatorDescriptor;--->values(Landroid/content/Context;)[Lcom/forrestguice/suntimeswidget/calculator/SuntimesCalculatorDescriptor;
05-30 11:23:21.142 30126 30126 D M_InsDal: Lcom/forrestguice/suntimeswidget/calculator/SuntimesCalculatorDescriptor;--->initDisplayStrings(Landroid/content/Context;)V
05-30 11:23:21.142 30126 30126 D M_InsDal: Lcom/forrestguice/suntimeswidget/calculator/SuntimesCalculatorDescriptor;--->initDisplayStrings(Landroid/content/Context;)V
05-30 11:23:21.142 30126 30126 D M_InsDal: Lcom/forrestguice/suntimeswidget/SuntimesConfigActivity0;--->defaultCalculator()Ljava/lang/String;
05-30 11:23:21.142 30126 30126 D M_InsDal: Lcom/forrestguice/suntimeswidget/calculator/SuntimesCalculatorDescriptorListAdapter;--->setDefaultValue(Ljava/lang/String;)V
05-30 11:23:21.143 30126 30126 D M_InsDal: Lcom/forrestguice/suntimeswidget/SuntimesConfigActivity0$3;---><init>(Lcom/forrestguice/suntimeswidget/SuntimesConfigActivity0;)V
05-30 11:23:21.143 30126 30126 D M_InsDal: Lcom/forrestguice/suntimeswidget/SuntimesConfigActivity0;--->initTimeFormatMode(Landroid/content/Context;)V
05-30 11:23:21.143 30126 30126 D M_InsDal: Lcom/forrestguice/suntimeswidget/settings/WidgetSettings$TimeFormatMode;--->values()[Lcom/forrestguice/suntimeswidget/settings/WidgetSettings$TimeFormatMode;
05-30 11:23:21.143 30126 30126 D M_InsDal: Lcom/forrestguice/suntimeswidget/SuntimesConfigActivity0;--->initTimeMode(Landroid/content/Context;)V
05-30 11:23:21.143 30126 30126 D M_InsDal: Lcom/forrestguice/suntimeswidget/settings/WidgetSettings$TimeMode;--->values()[Lcom/forrestguice/suntimeswidget/settings/WidgetSettings$TimeMode;
05-30 11:23:21.143 30126 30126 D M_InsDal: Lcom/forrestguice/suntimeswidget/SuntimesConfigActivity0$13;---><init>(Lcom/forrestguice/suntimeswidget/SuntimesConfigActivity0;Landroid/widget/ArrayAdapter;)V
05-30 11:23:21.143 30126 30126 D M_InsDal: Lcom/forrestguice/suntimeswidget/SuntimesConfigActivity0$14;---><init>(Lcom/forrestguice/suntimeswidget/SuntimesConfigActivity0;)V
05-30 11:23:21.143 30126 30126 D M_InsDal: Lcom/forrestguice/suntimeswidget/SuntimesConfigActivity0;--->showOptionTimeModeOverride(Z)V
05-30 11:23:21.143 30126 30126 D M_InsDal: Lcom/forrestguice/suntimeswidget/SuntimesConfigActivity0;--->showOptionTrackingMode(Z)V
05-30 11:23:21.143 30126 30126 D M_InsDal: Lcom/forrestguice/suntimeswidget/SuntimesConfigActivity0;--->createAdapter_timezoneMode()Landroid/widget/ArrayAdapter;
05-30 11:23:21.143 30126 30126 D M_InsDal: Lcom/forrestguice/suntimeswidget/settings/WidgetSettings$TimezoneMode;--->values()[Lcom/forrestguice/suntimeswidget/settings/WidgetSettings$TimezoneMode;
05-30 11:23:21.143 30126 30126 D M_InsDal: Lcom/forrestguice/suntimeswidget/SuntimesConfigActivity0;--->createAdapter_riseSetOrder()Landroid/widget/ArrayAdapter;
05-30 11:23:21.143 30126 30126 D M_InsDal: Lcom/forrestguice/suntimeswidget/settings/WidgetSettings$RiseSetOrder;--->values()[Lcom/forrestguice/suntimeswidget/settings/WidgetSettings$RiseSetOrder;
05-30 11:23:21.143 30126 30126 D M_InsDal: Lcom/forrestguice/suntimeswidget/SuntimesConfigActivity0$4;---><init>(Lcom/forrestguice/suntimeswidget/SuntimesConfigActivity0;)V
05-30 11:23:21.143 30126 30126 D M_InsDal: Lcom/forrestguice/suntimeswidget/SuntimesConfigActivity0$5;---><init>(Lcom/forrestguice/suntimeswidget/SuntimesConfigActivity0;)V
05-30 11:23:21.143 30126 30126 D M_InsDal: Lcom/forrestguice/suntimeswidget/SuntimesConfigActivity0$6;---><init>(Lcom/forrestguice/suntimeswidget/SuntimesConfigActivity0;)V
05-30 11:23:21.143 30126 30126 D M_InsDal: Lcom/forrestguice/suntimeswidget/settings/AppSettings;--->loadTimeZoneSortPref(Landroid/content/Context;)Lcom/forrestguice/suntimeswidget/settings/WidgetTimezones$TimeZoneSort;
05-30 11:23:21.143 30126 30126 D M_InsDal: Lcom/forrestguice/suntimeswidget/settings/WidgetTimezones$TimeZoneSort;--->valueOf(Ljava/lang/String;)Lcom/forrestguice/suntimeswidget/settings/WidgetTimezones$TimeZoneSort;
05-30 11:23:21.143 30126 30126 D M_InsDal: Lcom/forrestguice/suntimeswidget/settings/WidgetTimezones$TimeZoneSort;--->values()[Lcom/forrestguice/suntimeswidget/settings/WidgetTimezones$TimeZoneSort;
05-30 11:23:21.143 30126 30126 D M_InsDal: Lcom/forrestguice/suntimeswidget/settings/WidgetTimezones$TimeZonesLoadTask;---><init>(Landroid/content/Context;)V
05-30 11:23:21.143 30126 30126 D M_InsDal: Lcom/forrestguice/suntimeswidget/SuntimesConfigActivity0$7;---><init>(Lcom/forrestguice/suntimeswidget/SuntimesConfigActivity0;)V
05-30 11:23:21.143 30126 30126 D M_InsDal: Lcom/forrestguice/suntimeswidget/settings/WidgetTimezones$TimeZonesLoadTaskListener;---><init>()V
05-30 11:23:21.143 30126 30126 D M_InsDal: Lcom/forrestguice/suntimeswidget/settings/WidgetTimezones$TimeZonesLoadTask;--->setListener(Lcom/forrestguice/suntimeswidget/settings/WidgetTimezones$TimeZonesLoadTaskListener;)V
05-30 11:23:21.143 30126 30126 D M_InsDal: Lcom/forrestguice/suntimeswidget/settings/WidgetTimezones$TimeZonesLoadTask;--->onPreExecute()V
05-30 11:23:21.143 30126 30126 D M_InsDal: Lcom/forrestguice/suntimeswidget/settings/WidgetTimezones$TimeZonesLoadTaskListener;--->onStart()V
05-30 11:23:21.143 30126 30126 D M_InsDal: Lcom/forrestguice/suntimeswidget/SuntimesConfigActivity0$7;--->onStart()V
05-30 11:23:21.143 30126 30126 D M_InsDal: Lcom/forrestguice/suntimeswidget/settings/WidgetTimezones$TimeZoneItemAdapter;---><init>(Landroid/content/Context;I)V
05-30 11:23:21.143 30126 30126 D M_InsDal: Lcom/forrestguice/suntimeswidget/settings/WidgetTimezones$TimeZoneItemAdapter;--->init(Landroid/content/Context;)V
05-30 11:23:21.143 30126 30126 D M_InsDal: Lcom/forrestguice/suntimeswidget/SuntimesConfigActivity0;--->createAdapter_solarTimeMode()Landroid/widget/ArrayAdapter;
05-30 11:23:21.143 30126 30126 D M_InsDal: Lcom/forrestguice/suntimeswidget/settings/WidgetSettings$SolarTimeMode;--->values()[Lcom/forrestguice/suntimeswidget/settings/WidgetSettings$SolarTimeMode;
05-30 11:23:21.144 30126 30126 D M_InsDal: Lcom/forrestguice/suntimeswidget/SuntimesConfigActivity0$8;---><init>(Lcom/forrestguice/suntimeswidget/SuntimesConfigActivity0;)V
05-30 11:23:21.144 30126 30126 D M_InsDal: Lcom/forrestguice/suntimeswidget/SuntimesConfigActivity0$9;---><init>(Lcom/forrestguice/suntimeswidget/SuntimesConfigActivity0;Landroid/content/Context;Landroid/widget/Spinner;)V
05-30 11:23:21.144 30126 30126 D M_InsDal: Lcom/forrestguice/suntimeswidget/settings/WidgetTimezones$TimeZoneSpinnerSortActionCompat;---><init>(Landroid/content/Context;Landroid/widget/Spinner;)V
05-30 11:23:21.144 30126 30126 D M_InsDal: Lcom/forrestguice/suntimeswidget/settings/WidgetTimezones$TimeZoneSpinnerSortActionBase;---><init>()V
05-30 11:23:21.144 30126 30126 D M_InsDal: Lcom/forrestguice/suntimeswidget/settings/WidgetTimezones$TimeZoneSpinnerSortActionBase;--->init(Landroid/content/Context;Landroid/widget/Spinner;)V
05-30 11:23:21.144 30126 30147 D M_InsDal: Lcom/forrestguice/suntimeswidget/settings/WidgetTimezones$TimeZonesLoadTask;--->doInBackground([Lcom/forrestguice/suntimeswidget/settings/WidgetTimezones$TimeZoneSort;)Lcom/forrestguice/suntimeswidget/settings/WidgetTimezones$TimeZoneItemAdapter;
05-30 11:23:21.144 30126 30126 D M_InsDal: Lcom/forrestguice/suntimeswidget/LocationConfigView;--->setAutoAllowed(Z)V
05-30 11:23:21.144 30126 30126 D M_InsDal: Lcom/forrestguice/suntimeswidget/LocationConfigView;--->init(Landroid/support/v4/app/FragmentActivity;ZI)V
05-30 11:23:21.144 30126 30126 D M_InsDal: Lcom/forrestguice/suntimeswidget/LocationConfigView;--->init(Landroid/support/v4/app/FragmentActivity;Z)V
05-30 11:23:21.153 30126 30126 D M_InsDal: Lcom/forrestguice/suntimeswidget/LocationConfigView;--->initViews(Landroid/content/Context;)V
05-30 11:23:21.153 30126 30126 D M_InsDal: Lcom/forrestguice/suntimeswidget/settings/WidgetSettings;--->initDisplayStrings(Landroid/content/Context;)V
05-30 11:23:21.153 30126 30126 D M_InsDal: Lcom/forrestguice/suntimeswidget/settings/WidgetSettings$LengthUnit;--->initDisplayStrings(Landroid/content/Context;)V
05-30 11:23:21.153 30126 30126 D M_InsDal: Lcom/forrestguice/suntimeswidget/settings/WidgetSettings$LengthUnit;--->setDisplayString(Ljava/lang/String;)V
05-30 11:23:21.153 30126 30126 D M_InsDal: Lcom/forrestguice/suntimeswidget/settings/WidgetSettings$LengthUnit;--->setDisplayString(Ljava/lang/String;)V
05-30 11:23:21.153 30126 30126 D M_InsDal: Lcom/forrestguice/suntimeswidget/settings/WidgetSettings$ActionMode;--->initDisplayStrings(Landroid/content/Context;)V
05-30 11:23:21.153 30126 30126 D M_InsDal: Lcom/forrestguice/suntimeswidget/settings/WidgetSettings$ActionMode;--->setDisplayString(Ljava/lang/String;)V
05-30 11:23:21.153 30126 30126 D M_InsDal: Lcom/forrestguice/suntimeswidget/settings/WidgetSettings$ActionMode;--->setDisplayString(Ljava/lang/String;)V
05-30 11:23:21.153 30126 30126 D M_InsDal: Lcom/forrestguice/suntimeswidget/settings/WidgetSettings$WidgetModeSun1x1;--->initDisplayStrings(Landroid/content/Context;)V
05-30 11:23:21.153 30126 30126 D M_InsDal: Lcom/forrestguice/suntimeswidget/settings/WidgetSettings$WidgetModeSun1x1;--->setDisplayString(Ljava/lang/String;)V
05-30 11:23:21.153 30126 30126 D M_InsDal: Lcom/forrestguice/suntimeswidget/settings/WidgetSettings$WidgetModeSun1x1;--->setDisplayString(Ljava/lang/String;)V
05-30 11:23:21.153 30126 30126 D M_InsDal: Lcom/forrestguice/suntimeswidget/settings/WidgetSettings$WidgetModeSunPos1x1;--->initDisplayStrings(Landroid/content/Context;)V
05-30 11:23:21.153 30126 30126 D M_InsDal: Lcom/forrestguice/suntimeswidget/settings/WidgetSettings$WidgetModeSunPos1x1;--->setDisplayString(Ljava/lang/String;)V
05-30 11:23:21.153 30126 30126 D M_InsDal: Lcom/forrestguice/suntimeswidget/settings/WidgetSettings$WidgetModeSunPos1x1;--->setDisplayString(Ljava/lang/String;)V
05-30 11:23:21.153 30126 30126 D M_InsDal: Lcom/forrestguice/suntimeswidget/settings/WidgetSettings$WidgetModeMoon1x1;--->initDisplayStrings(Landroid/content/Context;)V
05-30 11:23:21.153 30126 30126 D M_InsDal: Lcom/forrestguice/suntimeswidget/settings/WidgetSettings$WidgetModeMoon1x1;--->setDisplayString(Ljava/lang/String;)V
05-30 11:23:21.153 30126 30126 D M_InsDal: Lcom/forrestguice/suntimeswidget/settings/WidgetSettings$WidgetModeMoon1x1;--->setDisplayString(Ljava/lang/String;)V
05-30 11:23:21.153 30126 30126 D M_InsDal: Lcom/forrestguice/suntimeswidget/settings/WidgetSettings$TrackingMode;--->initDisplayStrings(Landroid/content/Context;)V
05-30 11:23:21.153 30126 30126 D M_InsDal: Lcom/forrestguice/suntimeswidget/settings/WidgetSettings$TrackingMode;--->setDisplayString(Ljava/lang/String;)V
05-30 11:23:21.153 30126 30126 D M_InsDal: Lcom/forrestguice/suntimeswidget/settings/WidgetSettings$TrackingMode;--->setDisplayString(Ljava/lang/String;)V
05-30 11:23:21.153 30126 30126 D M_InsDal: Lcom/forrestguice/suntimeswidget/settings/WidgetSettings$CompareMode;--->initDisplayStrings(Landroid/content/Context;)V
05-30 11:23:21.153 30126 30126 D M_InsDal: Lcom/forrestguice/suntimeswidget/settings/WidgetSettings$CompareMode;--->setDisplayString(Ljava/lang/String;)V
05-30 11:23:21.153 30126 30126 D M_InsDal: Lcom/forrestguice/suntimeswidget/settings/WidgetSettings$CompareMode;--->setDisplayString(Ljava/lang/String;)V
05-30 11:23:21.153 30126 30126 D M_InsDal: Lcom/forrestguice/suntimeswidget/settings/WidgetSettings$TimeMode;--->initDisplayStrings(Landroid/content/Context;)V
05-30 11:23:21.153 30126 30126 D M_InsDal: Lcom/forrestguice/suntimeswidget/settings/WidgetSettings$TimeMode;--->setDisplayStrings(Ljava/lang/String;Ljava/lang/String;)V
05-30 11:23:21.153 30126 30126 D M_InsDal: Lcom/forrestguice/suntimeswidget/settings/WidgetSettings$TimeMode;--->setDisplayStrings(Ljava/lang/String;Ljava/lang/String;)V
05-30 11:23:21.153 30126 30126 D M_InsDal: Lcom/forrestguice/suntimeswidget/settings/WidgetSettings$MoonPhaseMode;--->initDisplayStrings(Landroid/content/Context;)V
05-30 11:23:21.153 30126 30126 D M_InsDal: Lcom/forrestguice/suntimeswidget/settings/WidgetSettings$MoonPhaseMode;--->setDisplayStrings(Ljava/lang/String;Ljava/lang/String;)V
05-30 11:23:21.153 30126 30126 D M_InsDal: Lcom/forrestguice/suntimeswidget/settings/WidgetSettings$MoonPhaseMode;--->setDisplayStrings(Ljava/lang/String;Ljava/lang/String;)V
05-30 11:23:21.153 30126 30126 D M_InsDal: Lcom/forrestguice/suntimeswidget/settings/WidgetSettings$SolsticeEquinoxMode;--->initDisplayStrings(Landroid/content/Context;)V
05-30 11:23:21.153 30126 30126 D M_InsDal: Lcom/forrestguice/suntimeswidget/settings/WidgetSettings$SolsticeEquinoxMode;--->setDisplayStrings(Ljava/lang/String;Ljava/lang/String;)V
05-30 11:23:21.153 30126 30126 D M_InsDal: Lcom/forrestguice/suntimeswidget/settings/WidgetSettings$SolsticeEquinoxMode;--->setDisplayStrings(Ljava/lang/String;Ljava/lang/String;)V
05-30 11:23:21.153 30126 30126 D M_InsDal: Lcom/forrestguice/suntimeswidget/settings/WidgetSettings$LocationMode;--->initDisplayStrings(Landroid/content/Context;)V
05-30 11:23:21.153 30126 30126 D M_InsDal: Lcom/forrestguice/suntimeswidget/settings/WidgetSettings$LocationMode;--->setDisplayString(Ljava/lang/String;)V
05-30 11:23:21.153 30126 30126 D M_InsDal: Lcom/forrestguice/suntimeswidget/settings/WidgetSettings$LocationMode;--->setDisplayString(Ljava/lang/String;)V
05-30 11:23:21.153 30126 30126 D M_InsDal: Lcom/forrestguice/suntimeswidget/settings/WidgetSettings$TimezoneMode;--->initDisplayStrings(Landroid/content/Context;)V
05-30 11:23:21.153 30126 30126 D M_InsDal: Lcom/forrestguice/suntimeswidget/settings/WidgetSettings$TimezoneMode;--->setDisplayString(Ljava/lang/String;)V
05-30 11:23:21.153 30126 30126 D M_InsDal: Lcom/forrestguice/suntimeswidget/settings/WidgetSettings$TimezoneMode;--->setDisplayString(Ljava/lang/String;)V
05-30 11:23:21.153 30126 30126 D M_InsDal: Lcom/forrestguice/suntimeswidget/settings/WidgetSettings$SolarTimeMode;--->initDisplayStrings(Landroid/content/Context;)V
05-30 11:23:21.153 30126 30126 D M_InsDal: Lcom/forrestguice/suntimeswidget/settings/WidgetSettings$SolarTimeMode;--->setDisplayString(Ljava/lang/String;)V
05-30 11:23:21.153 30126 30126 D M_InsDal: Lcom/forrestguice/suntimeswidget/settings/WidgetSettings$SolarTimeMode;--->setDisplayString(Ljava/lang/String;)V
05-30 11:23:21.153 30126 30126 D M_InsDal: Lcom/forrestguice/suntimeswidget/settings/WidgetSettings$DateMode;--->initDisplayStrings(Landroid/content/Context;)V
05-30 11:23:21.153 30126 30126 D M_InsDal: Lcom/forrestguice/suntimeswidget/settings/WidgetSettings$DateMode;--->setDisplayString(Ljava/lang/String;)V
05-30 11:23:21.153 30126 30126 D M_InsDal: Lcom/forrestguice/suntimeswidget/settings/WidgetSettings$DateMode;--->setDisplayString(Ljava/lang/String;)V
05-30 11:23:21.153 30126 30126 D M_InsDal: Lcom/forrestguice/suntimeswidget/settings/WidgetSettings$TimeFormatMode;--->initDisplayStrings(Landroid/content/Context;)V
05-30 11:23:21.153 30126 30126 D M_InsDal: Lcom/forrestguice/suntimeswidget/settings/WidgetSettings$TimeFormatMode;--->setDisplayString(Ljava/lang/String;)V
05-30 11:23:21.153 30126 30126 D M_InsDal: Lcom/forrestguice/suntimeswidget/settings/WidgetSettings$TimeFormatMode;--->setDisplayString(Ljava/lang/String;)V
05-30 11:23:21.153 30126 30126 D M_InsDal: Lcom/forrestguice/suntimeswidget/settings/WidgetSettings$RiseSetOrder;--->initDisplayStrings(Landroid/content/Context;)V
05-30 11:23:21.153 30126 30126 D M_InsDal: Lcom/forrestguice/suntimeswidget/settings/WidgetSettings$RiseSetOrder;--->setDisplayString(Ljava/lang/String;)V
05-30 11:23:21.153 30126 30126 D M_InsDal: Lcom/forrestguice/suntimeswidget/settings/WidgetSettings$RiseSetOrder;--->setDisplayString(Ljava/lang/String;)V
05-30 11:23:21.154 30126 30126 D M_InsDal: Lcom/forrestguice/suntimeswidget/settings/WidgetSettings$LocationMode;--->values()[Lcom/forrestguice/suntimeswidget/settings/WidgetSettings$LocationMode;
05-30 11:23:21.154 30126 30126 D M_InsDal: Lcom/forrestguice/suntimeswidget/LocationConfigView$LocationModeAdapter;---><init>(Lcom/forrestguice/suntimeswidget/LocationConfigView;Landroid/content/Context;[Lcom/forrestguice/suntimeswidget/settings/WidgetSettings$LocationMode;)V
05-30 11:23:21.154 30126 30126 D M_InsDal: Lcom/forrestguice/suntimeswidget/LocationConfigView$3;---><init>(Lcom/forrestguice/suntimeswidget/LocationConfigView;)V
05-30 11:23:21.154 30126 30126 D M_InsDal: Lcom/forrestguice/suntimeswidget/LocationConfigView$4;---><init>(Lcom/forrestguice/suntimeswidget/LocationConfigView;)V
05-30 11:23:21.154 30126 30126 D M_InsDal: Lcom/forrestguice/suntimeswidget/getfix/GetFixHelper;---><init>(Landroid/support/v4/app/FragmentActivity;Lcom/forrestguice/suntimeswidget/getfix/GetFixUI;)V
05-30 11:23:21.154 30126 30126 D M_InsDal: Lcom/forrestguice/suntimeswidget/getfix/GetFixHelper;--->addUI(Lcom/forrestguice/suntimeswidget/getfix/GetFixUI;)V
05-30 11:23:21.154 30126 30126 D M_InsDal: Lcom/forrestguice/suntimeswidget/getfix/GetFixHelper;--->addUI(Lcom/forrestguice/suntimeswidget/getfix/GetFixUI;)V
05-30 11:23:21.154 30126 30126 D M_InsDal: Lcom/forrestguice/suntimeswidget/LocationConfigView;--->updateGPSButtonIcons()V
05-30 11:23:21.154 30126 30126 D M_InsDal: Lcom/forrestguice/suntimeswidget/getfix/GetFixHelper;--->isLocationEnabled(Landroid/content/Context;)Z
05-30 11:23:21.154 30126 30126 D M_InsDal: Lcom/forrestguice/suntimeswidget/settings/AppSettings;--->loadPrefGpsPassiveMode(Landroid/content/Context;)Z
05-30 11:23:21.154 30126 30126 D M_InsDal: Lcom/forrestguice/suntimeswidget/getfix/GetFixHelper;--->isNetProviderEnabled(Landroid/content/Context;)Z
05-30 11:23:21.155 30126 30126 D M_InsDal: Lcom/forrestguice/suntimeswidget/getfix/GetFixHelper;--->isGPSProviderEnabled(Landroid/content/Context;)Z
05-30 11:23:21.155 30126 30126 D M_InsDal: Lcom/forrestguice/suntimeswidget/LocationConfigView;--->loadSettings(Landroid/content/Context;)V
05-30 11:23:21.155 30126 30126 D M_InsDal: Lcom/forrestguice/suntimeswidget/settings/WidgetSettings;--->loadLocationModePref(Landroid/content/Context;I)Lcom/forrestguice/suntimeswidget/settings/WidgetSettings$LocationMode;
05-30 11:23:21.156 30126 30147 D M_InsDal: Lcom/forrestguice/suntimeswidget/settings/WidgetTimezones$TimeZoneItem;---><init>(Ljava/lang/String;Ljava/lang/String;D)V
05-30 11:23:21.156 30126 30126 D M_InsDal: Lcom/forrestguice/suntimeswidget/settings/WidgetSettings$LocationMode;--->valueOf(Ljava/lang/String;)Lcom/forrestguice/suntimeswidget/settings/WidgetSettings$LocationMode;
05-30 11:23:21.156 30126 30126 D M_InsDal: Lcom/forrestguice/suntimeswidget/settings/WidgetSettings$LocationMode;--->values()[Lcom/forrestguice/suntimeswidget/settings/WidgetSettings$LocationMode;
05-30 11:23:21.156 30126 30126 D M_InsDal: Lcom/forrestguice/suntimeswidget/settings/WidgetSettings;--->loadLocationPref(Landroid/content/Context;I)Lcom/forrestguice/suntimeswidget/calculator/core/Location;
05-30 11:23:21.157 30126 30126 D M_InsDal: Lcom/forrestguice/suntimeswidget/calculator/core/Location;---><clinit>()V
05-30 11:23:21.157 30126 30126 D M_InsDal: Lcom/forrestguice/suntimeswidget/calculator/core/Location$1;---><init>()V
05-30 11:23:21.157 30126 30126 D M_InsDal: Lcom/forrestguice/suntimeswidget/calculator/core/Location;---><init>(Ljava/lang/String;Ljava/lang/String;Ljava/lang/String;Ljava/lang/String;)V
05-30 11:23:21.157 30126 30126 D M_InsDal: Lcom/forrestguice/suntimeswidget/calculator/core/Location;---><init>(Ljava/lang/String;Ljava/lang/String;Ljava/lang/String;Ljava/lang/String;Z)V
05-30 11:23:21.157 30126 30126 D M_InsDal: Lcom/forrestguice/suntimeswidget/calculator/core/Location;--->setUseAltitude(Z)V
05-30 11:23:21.157 30126 30147 D M_InsDal: Lcom/forrestguice/suntimeswidget/settings/WidgetTimezones$TimeZoneItem;---><init>(Ljava/lang/String;Ljava/lang/String;D)V
05-30 11:23:21.157 30126 30126 D M_InsDal: Lcom/forrestguice/suntimeswidget/LocationConfigView;--->updateViews(Lcom/forrestguice/suntimeswidget/calculator/core/Location;)V
05-30 11:23:21.157 30126 30126 D M_InsDal: Lcom/forrestguice/suntimeswidget/calculator/core/Location;--->getLatitude()Ljava/lang/String;
05-30 11:23:21.157 30126 30126 D M_InsDal: Lcom/forrestguice/suntimeswidget/calculator/core/Location;--->getLongitude()Ljava/lang/String;
05-30 11:23:21.157 30126 30126 D M_InsDal: Lcom/forrestguice/suntimeswidget/calculator/core/Location;--->getLabel()Ljava/lang/String;
05-30 11:23:21.157 30126 30126 D M_InsDal: Lcom/forrestguice/suntimeswidget/settings/WidgetSettings;--->loadLengthUnitsPref(Landroid/content/Context;I)Lcom/forrestguice/suntimeswidget/settings/WidgetSettings$LengthUnit;
05-30 11:23:21.157 30126 30126 D M_InsDal: Lcom/forrestguice/suntimeswidget/settings/WidgetSettings;--->getLengthUnit(Ljava/lang/String;)Lcom/forrestguice/suntimeswidget/settings/WidgetSettings$LengthUnit;
05-30 11:23:21.157 30126 30126 D M_InsDal: Lcom/forrestguice/suntimeswidget/settings/WidgetSettings$LengthUnit;--->valueOf(Ljava/lang/String;)Lcom/forrestguice/suntimeswidget/settings/WidgetSettings$LengthUnit;
05-30 11:23:21.157 30126 30126 D M_InsDal: Lcom/forrestguice/suntimeswidget/LocationConfigView$11;---><clinit>()V
05-30 11:23:21.157 30126 30126 D M_InsDal: Lcom/forrestguice/suntimeswidget/settings/WidgetSettings$LengthUnit;--->values()[Lcom/forrestguice/suntimeswidget/settings/WidgetSettings$LengthUnit;
05-30 11:23:21.157 30126 30126 D M_InsDal: Lcom/forrestguice/suntimeswidget/LocationConfigView$LocationViewMode;--->values()[Lcom/forrestguice/suntimeswidget/LocationConfigView$LocationViewMode;
05-30 11:23:21.157 30126 30126 D M_InsDal: Lcom/forrestguice/suntimeswidget/calculator/core/Location;--->getAltitude()Ljava/lang/String;
05-30 11:23:21.157 30126 30126 D M_InsDal: Lcom/forrestguice/suntimeswidget/LocationConfigView;--->setMode(Lcom/forrestguice/suntimeswidget/LocationConfigView$LocationViewMode;)V
05-30 11:23:21.157 30126 30147 D M_InsDal: Lcom/forrestguice/suntimeswidget/settings/WidgetTimezones$TimeZoneItem;---><init>(Ljava/lang/String;Ljava/lang/String;D)V
05-30 11:23:21.157 30126 30126 D M_InsDal: Lcom/forrestguice/suntimeswidget/LocationConfigView;--->populateLocationList()V
05-30 11:23:21.157 30126 30126 D M_InsDal: Lcom/forrestguice/suntimeswidget/LocationConfigView;--->getLocation()Lcom/forrestguice/suntimeswidget/calculator/core/Location;
05-30 11:23:21.158 30126 30126 D M_InsDal: Lcom/forrestguice/suntimeswidget/settings/WidgetSettings;--->loadLengthUnitsPref(Landroid/content/Context;I)Lcom/forrestguice/suntimeswidget/settings/WidgetSettings$LengthUnit;
05-30 11:23:21.158 30126 30126 D M_InsDal: Lcom/forrestguice/suntimeswidget/settings/WidgetSettings;--->getLengthUnit(Ljava/lang/String;)Lcom/forrestguice/suntimeswidget/settings/WidgetSettings$LengthUnit;
05-30 11:23:21.158 30126 30126 D M_InsDal: Lcom/forrestguice/suntimeswidget/settings/WidgetSettings$LengthUnit;--->valueOf(Ljava/lang/String;)Lcom/forrestguice/suntimeswidget/settings/WidgetSettings$LengthUnit;
05-30 11:23:21.158 30126 30126 D M_InsDal: Lcom/forrestguice/suntimeswidget/calculator/core/Location;---><init>(Ljava/lang/String;Ljava/lang/String;Ljava/lang/String;Ljava/lang/String;Z)V
05-30 11:23:21.158 30126 30126 D M_InsDal: Lcom/forrestguice/suntimeswidget/getfix/LocationListTask;---><init>(Landroid/content/Context;Lcom/forrestguice/suntimeswidget/calculator/core/Location;)V
05-30 11:23:21.158 30126 30126 D M_InsDal: Lcom/forrestguice/suntimeswidget/getfix/GetFixDatabaseAdapter;---><clinit>()V
05-30 11:23:21.158 30126 30147 D M_InsDal: Lcom/forrestguice/suntimeswidget/settings/WidgetTimezones$TimeZoneItem;---><init>(Ljava/lang/String;Ljava/lang/String;D)V
05-30 11:23:21.158 30126 30126 D M_InsDal: Lcom/forrestguice/suntimeswidget/getfix/GetFixDatabaseAdapter;---><init>(Landroid/content/Context;)V
05-30 11:23:21.158 30126 30126 D M_InsDal: Lcom/forrestguice/suntimeswidget/LocationConfigView$5;---><init>(Lcom/forrestguice/suntimeswidget/LocationConfigView;)V
05-30 11:23:21.158 30126 30126 D M_InsDal: Lcom/forrestguice/suntimeswidget/getfix/LocationListTask$LocationListTaskListener;---><init>()V
05-30 11:23:21.158 30126 30126 D M_InsDal: Lcom/forrestguice/suntimeswidget/getfix/LocationListTask;--->setTaskListener(Lcom/forrestguice/suntimeswidget/getfix/LocationListTask$LocationListTaskListener;)V
05-30 11:23:21.158 30126 30126 D M_InsDal: Lcom/forrestguice/suntimeswidget/SuntimesConfigActivity0;--->initWidgetMode1x1(Landroid/content/Context;)V
05-30 11:23:21.158 30126 30126 D M_InsDal: Lcom/forrestguice/suntimeswidget/SuntimesConfigActivity0;--->createAdapter_widgetModeSun1x1()Landroid/widget/ArrayAdapter;
05-30 11:23:21.158 30126 30126 D M_InsDal: Lcom/forrestguice/suntimeswidget/settings/WidgetSettings$WidgetModeSun1x1;--->values()[Lcom/forrestguice/suntimeswidget/settings/WidgetSettings$WidgetModeSun1x1;
05-30 11:23:21.158 30126 30126 D M_InsDal: Lcom/forrestguice/suntimeswidget/SuntimesConfigActivity0;--->initWidgetMode3x2(Landroid/content/Context;)V
05-30 11:23:21.158 30126 30126 D M_InsDal: Lcom/forrestguice/suntimeswidget/SuntimesConfigActivity0$10;---><init>(Lcom/forrestguice/suntimeswidget/SuntimesConfigActivity0;)V
05-30 11:23:21.158 30126 30126 D M_InsDal: Lcom/forrestguice/suntimeswidget/SuntimesConfigActivity0;--->showOptionLabels(Z)V
05-30 11:23:21.158 30126 30126 D M_InsDal: Lcom/forrestguice/suntimeswidget/SuntimesConfigActivity0;--->createAdapter_trackingMode()Landroid/widget/ArrayAdapter;
05-30 11:23:21.158 30126 30126 D M_InsDal: Lcom/forrestguice/suntimeswidget/settings/WidgetSettings$TrackingMode;--->values()[Lcom/forrestguice/suntimeswidget/settings/WidgetSettings$TrackingMode;
05-30 11:23:21.158 30126 30126 D M_InsDal: Lcom/forrestguice/suntimeswidget/SuntimesConfigActivity0;--->createAdapter_compareMode()Landroid/widget/ArrayAdapter;
05-30 11:23:21.158 30126 30147 D M_InsDal: Lcom/forrestguice/suntimeswidget/settings/WidgetTimezones$TimeZoneItem;---><init>(Ljava/lang/String;Ljava/lang/String;D)V
05-30 11:23:21.158 30126 30126 D M_InsDal: Lcom/forrestguice/suntimeswidget/settings/WidgetSettings$CompareMode;--->values()[Lcom/forrestguice/suntimeswidget/settings/WidgetSettings$CompareMode;
05-30 11:23:21.158 30126 30147 D M_InsDal: Lcom/forrestguice/suntimeswidget/settings/WidgetTimezones$TimeZoneItem;---><init>(Ljava/lang/String;Ljava/lang/String;D)V
05-30 11:23:21.158 30126 30126 D M_InsDal: Lcom/forrestguice/suntimeswidget/SuntimesConfigActivity0$11;---><init>(Lcom/forrestguice/suntimeswidget/SuntimesConfigActivity0;)V
05-30 11:23:21.158 30126 30126 D M_InsDal: Lcom/forrestguice/suntimeswidget/SuntimesConfigActivity0;--->showOptionTimeDate(Z)V
05-30 11:23:21.158 30126 30126 D M_InsDal: Lcom/forrestguice/suntimeswidget/SuntimesConfigActivity0;--->showOptionWeeks(Z)V
05-30 11:23:21.158 30126 30126 D M_InsDal: Lcom/forrestguice/suntimeswidget/SuntimesConfigActivity0;--->showOptionHours(Z)V
05-30 11:23:21.158 30126 30147 D M_InsDal: Lcom/forrestguice/suntimeswidget/settings/WidgetTimezones$TimeZoneItem;---><init>(Ljava/lang/String;Ljava/lang/String;D)V
05-30 11:23:21.158 30126 30126 D M_InsDal: Lcom/forrestguice/suntimeswidget/SuntimesConfigActivity0;--->loadSettings(Landroid/content/Context;)V
05-30 11:23:21.158 30126 30126 D M_InsDal: Lcom/forrestguice/suntimeswidget/SuntimesConfigActivity0;--->loadGeneralSettings(Landroid/content/Context;)V
05-30 11:23:21.158 30126 30126 D M_InsDal: Lcom/forrestguice/suntimeswidget/SuntimesConfigActivity0;--->supportingCalculators()[Lcom/forrestguice/suntimeswidget/calculator/SuntimesCalculatorDescriptor;
05-30 11:23:21.158 30126 30126 D M_InsDal: Lcom/forrestguice/suntimeswidget/calculator/SuntimesCalculatorDescriptor;--->values(Landroid/content/Context;)[Lcom/forrestguice/suntimeswidget/calculator/SuntimesCalculatorDescriptor;
05-30 11:23:21.158 30126 30126 D M_InsDal: Lcom/forrestguice/suntimeswidget/settings/WidgetSettings;--->loadCalculatorModePref(Landroid/content/Context;I)Lcom/forrestguice/suntimeswidget/calculator/SuntimesCalculatorDescriptor;
05-30 11:23:21.158 30126 30126 D M_InsDal: Lcom/forrestguice/suntimeswidget/settings/WidgetSettings;--->loadCalculatorModePref(Landroid/content/Context;ILjava/lang/String;)Lcom/forrestguice/suntimeswidget/calculator/SuntimesCalculatorDescriptor;
05-30 11:23:21.158 30126 30147 D M_InsDal: Lcom/forrestguice/suntimeswidget/settings/WidgetTimezones$TimeZoneItem;---><init>(Ljava/lang/String;Ljava/lang/String;D)V
05-30 11:23:21.158 30126 30126 D M_InsDal: Lcom/forrestguice/suntimeswidget/settings/WidgetSettings;--->keyCalculatorModePref(ILjava/lang/String;)Ljava/lang/String;
05-30 11:23:21.158 30126 30126 D M_InsDal: Lcom/forrestguice/suntimeswidget/settings/WidgetSettings;--->defaultCalculatorModePref(Landroid/content/Context;ILjava/lang/String;)Ljava/lang/String;
05-30 11:23:21.158 30126 30126 D M_InsDal: Lcom/forrestguice/suntimeswidget/calculator/SuntimesCalculatorDescriptor;--->valueOf(Landroid/content/Context;Ljava/lang/String;)Lcom/forrestguice/suntimeswidget/calculator/SuntimesCalculatorDescriptor;
05-30 11:23:21.158 30126 30126 D M_InsDal: Lcom/forrestguice/suntimeswidget/calculator/SuntimesCalculatorDescriptor;--->values(Landroid/content/Context;)[Lcom/forrestguice/suntimeswidget/calculator/SuntimesCalculatorDescriptor;
05-30 11:23:21.158 30126 30147 D M_InsDal: Lcom/forrestguice/suntimeswidget/settings/WidgetTimezones$TimeZoneItem;---><init>(Ljava/lang/String;Ljava/lang/String;D)V
05-30 11:23:21.158 30126 30126 D M_InsDal: Lcom/forrestguice/suntimeswidget/calculator/SuntimesCalculatorDescriptor;--->getName()Ljava/lang/String;
05-30 11:23:21.158 30126 30126 D M_InsDal: Lcom/forrestguice/suntimeswidget/calculator/SuntimesCalculatorDescriptor;--->getName()Ljava/lang/String;
05-30 11:23:21.158 30126 30147 D M_InsDal: Lcom/forrestguice/suntimeswidget/settings/WidgetTimezones$TimeZoneItem;---><init>(Ljava/lang/String;Ljava/lang/String;D)V
05-30 11:23:21.158 30126 30126 D M_InsDal: Lcom/forrestguice/suntimeswidget/calculator/SuntimesCalculatorDescriptor;--->getName()Ljava/lang/String;
05-30 11:23:21.158 30126 30126 D M_InsDal: Lcom/forrestguice/suntimeswidget/calculator/SuntimesCalculatorDescriptor;--->ordinal([Lcom/forrestguice/suntimeswidget/calculator/SuntimesCalculatorDescriptor;)I
05-30 11:23:21.158 30126 30126 D M_InsDal: Lcom/forrestguice/suntimeswidget/calculator/SuntimesCalculatorDescriptor;--->getName()Ljava/lang/String;
05-30 11:23:21.158 30126 30126 D M_InsDal: Lcom/forrestguice/suntimeswidget/calculator/SuntimesCalculatorDescriptor;--->getName()Ljava/lang/String;
05-30 11:23:21.158 30126 30126 D M_InsDal: Lcom/forrestguice/suntimeswidget/settings/WidgetSettings;--->loadTrackingModePref(Landroid/content/Context;I)Lcom/forrestguice/suntimeswidget/settings/WidgetSettings$TrackingMode;
05-30 11:23:21.158 30126 30147 D M_InsDal: Lcom/forrestguice/suntimeswidget/settings/WidgetTimezones$TimeZoneItem;---><init>(Ljava/lang/String;Ljava/lang/String;D)V
05-30 11:23:21.158 30126 30126 D M_InsDal: Lcom/forrestguice/suntimeswidget/settings/WidgetSettings$TrackingMode;--->valueOf(Ljava/lang/String;)Lcom/forrestguice/suntimeswidget/settings/WidgetSettings$TrackingMode;
05-30 11:23:21.158 30126 30126 D M_InsDal: Lcom/forrestguice/suntimeswidget/settings/WidgetSettings$TrackingMode;--->values()[Lcom/forrestguice/suntimeswidget/settings/WidgetSettings$TrackingMode;
05-30 11:23:21.158 30126 30147 D M_InsDal: Lcom/forrestguice/suntimeswidget/settings/WidgetTimezones$TimeZoneItem;---><init>(Ljava/lang/String;Ljava/lang/String;D)V
05-30 11:23:21.158 30126 30126 D M_InsDal: Lcom/forrestguice/suntimeswidget/settings/WidgetSettings;--->loadCompareModePref(Landroid/content/Context;I)Lcom/forrestguice/suntimeswidget/settings/WidgetSettings$CompareMode;
05-30 11:23:21.158 30126 30126 D M_InsDal: Lcom/forrestguice/suntimeswidget/settings/WidgetSettings$CompareMode;--->valueOf(Ljava/lang/String;)Lcom/forrestguice/suntimeswidget/settings/WidgetSettings$CompareMode;
05-30 11:23:21.158 30126 30126 D M_InsDal: Lcom/forrestguice/suntimeswidget/settings/WidgetSettings$CompareMode;--->values()[Lcom/forrestguice/suntimeswidget/settings/WidgetSettings$CompareMode;
05-30 11:23:21.158 30126 30126 D M_InsDal: Lcom/forrestguice/suntimeswidget/settings/WidgetSettings;--->loadShowComparePref(Landroid/content/Context;I)Z
05-30 11:23:21.158 30126 30147 D M_InsDal: Lcom/forrestguice/suntimeswidget/settings/WidgetTimezones$TimeZoneItem;---><init>(Ljava/lang/String;Ljava/lang/String;D)V
05-30 11:23:21.160 30126 30147 D M_InsDal: Lcom/forrestguice/suntimeswidget/settings/WidgetTimezones$TimeZoneItem;---><init>(Ljava/lang/String;Ljava/lang/String;D)V
05-30 11:23:21.160 30126 30126 D M_InsDal: Lcom/forrestguice/suntimeswidget/SuntimesConfigActivity0$11;--->onCheckedChanged(Landroid/widget/CompoundButton;Z)V
05-30 11:23:21.160 30126 30147 D M_InsDal: Lcom/forrestguice/suntimeswidget/settings/WidgetTimezones$TimeZoneItem;---><init>(Ljava/lang/String;Ljava/lang/String;D)V
05-30 11:23:21.160 30126 30126 D M_InsDal: Lcom/forrestguice/suntimeswidget/SuntimesConfigActivity0;--->showCompareUI(Z)V
05-30 11:23:21.160 30126 30147 D M_InsDal: Lcom/forrestguice/suntimeswidget/settings/WidgetTimezones$TimeZoneItem;---><init>(Ljava/lang/String;Ljava/lang/String;D)V
05-30 11:23:21.160 30126 30126 D M_InsDal: Lcom/forrestguice/suntimeswidget/SuntimesConfigActivity0;--->showCompareUI(Z)V
05-30 11:23:21.160 30126 30126 D M_InsDal: Lcom/forrestguice/suntimeswidget/settings/WidgetSettings;--->loadRiseSetOrderPref(Landroid/content/Context;I)Lcom/forrestguice/suntimeswidget/settings/WidgetSettings$RiseSetOrder;
05-30 11:23:21.160 30126 30147 D M_InsDal: Lcom/forrestguice/suntimeswidget/settings/WidgetTimezones$TimeZoneItem;---><init>(Ljava/lang/String;Ljava/lang/String;D)V
05-30 11:23:21.160 30126 30126 D M_InsDal: Lcom/forrestguice/suntimeswidget/settings/WidgetSettings$RiseSetOrder;--->valueOf(Ljava/lang/String;)Lcom/forrestguice/suntimeswidget/settings/WidgetSettings$RiseSetOrder;
05-30 11:23:21.160 30126 30147 D M_InsDal: Lcom/forrestguice/suntimeswidget/settings/WidgetTimezones$TimeZoneItem;---><init>(Ljava/lang/String;Ljava/lang/String;D)V
