05-30 11:23:21.160 30126 30126 D M_InsDal: Lcom/forrestguice/suntimeswidget/settings/WidgetSettings$RiseSetOrder;--->values()[Lcom/forrestguice/suntimeswidget/settings/WidgetSettings$RiseSetOrder;
05-30 11:23:21.160 30126 30126 D M_InsDal: Lcom/forrestguice/suntimeswidget/settings/WidgetSettings;--->loadShowNoonPref(Landroid/content/Context;I)Z
05-30 11:23:21.160 30126 30147 D M_InsDal: Lcom/forrestguice/suntimeswidget/settings/WidgetTimezones$TimeZoneItem;---><init>(Ljava/lang/String;Ljava/lang/String;D)V
05-30 11:23:21.160 30126 30126 D M_InsDal: Lcom/forrestguice/suntimeswidget/settings/WidgetSettings;--->loadShowSecondsPref(Landroid/content/Context;I)Z
05-30 11:23:21.160 30126 30126 D M_InsDal: Lcom/forrestguice/suntimeswidget/settings/WidgetSettings;--->loadShowTimeDatePref(Landroid/content/Context;I)Z
05-30 11:23:21.160 30126 30147 D M_InsDal: Lcom/forrestguice/suntimeswidget/settings/WidgetTimezones$TimeZoneItem;---><init>(Ljava/lang/String;Ljava/lang/String;D)V
05-30 11:23:21.160 30126 30147 D M_InsDal: Lcom/forrestguice/suntimeswidget/settings/WidgetTimezones$TimeZoneItem;---><init>(Ljava/lang/String;Ljava/lang/String;D)V
05-30 11:23:21.160 30126 30126 D M_InsDal: Lcom/forrestguice/suntimeswidget/settings/WidgetSettings;--->loadShowWeeksPref(Landroid/content/Context;I)Z
05-30 11:23:21.160 30126 30147 D M_InsDal: Lcom/forrestguice/suntimeswidget/settings/WidgetTimezones$TimeZoneItem;---><init>(Ljava/lang/String;Ljava/lang/String;D)V
05-30 11:23:21.160 30126 30126 D M_InsDal: Lcom/forrestguice/suntimeswidget/settings/WidgetSettings;--->loadShowHoursPref(Landroid/content/Context;I)Z
05-30 11:23:21.160 30126 30147 D M_InsDal: Lcom/forrestguice/suntimeswidget/settings/WidgetTimezones$TimeZoneItem;---><init>(Ljava/lang/String;Ljava/lang/String;D)V
05-30 11:23:21.160 30126 30147 D M_InsDal: Lcom/forrestguice/suntimeswidget/settings/WidgetTimezones$TimeZoneItem;---><init>(Ljava/lang/String;Ljava/lang/String;D)V
05-30 11:23:21.161 30126 30126 D M_InsDal: Lcom/forrestguice/suntimeswidget/settings/WidgetSettings;--->loadLocationAltitudeEnabledPref(Landroid/content/Context;I)Z
05-30 11:23:21.161 30126 30147 D M_InsDal: Lcom/forrestguice/suntimeswidget/settings/WidgetTimezones$TimeZoneItem;---><init>(Ljava/lang/String;Ljava/lang/String;D)V
05-30 11:23:21.161 30126 30126 D M_InsDal: Lcom/forrestguice/suntimeswidget/SuntimesConfigActivity0;--->loadTimeMode(Landroid/content/Context;)V
05-30 11:23:21.161 30126 30126 D M_InsDal: Lcom/forrestguice/suntimeswidget/settings/WidgetSettings;--->loadTimeModePref(Landroid/content/Context;I)Lcom/forrestguice/suntimeswidget/settings/WidgetSettings$TimeMode;
05-30 11:23:21.161 30126 30126 D M_InsDal: Lcom/forrestguice/suntimeswidget/settings/WidgetSettings$TimeMode;--->valueOf(Ljava/lang/String;)Lcom/forrestguice/suntimeswidget/settings/WidgetSettings$TimeMode;
05-30 11:23:21.161 30126 30126 D M_InsDal: Lcom/forrestguice/suntimeswidget/settings/WidgetSettings$TimeMode;--->values()[Lcom/forrestguice/suntimeswidget/settings/WidgetSettings$TimeMode;
05-30 11:23:21.161 30126 30126 D M_InsDal: Lcom/forrestguice/suntimeswidget/SuntimesConfigActivity0;--->loadTimeModeOverride(Landroid/content/Context;)V
05-30 11:23:21.161 30126 30126 D M_InsDal: Lcom/forrestguice/suntimeswidget/settings/WidgetSettings;--->loadTimeMode2OverridePref(Landroid/content/Context;I)Z
05-30 11:23:21.161 30126 30147 D M_InsDal: Lcom/forrestguice/suntimeswidget/settings/WidgetTimezones$TimeZoneItem;---><init>(Ljava/lang/String;Ljava/lang/String;D)V
05-30 11:23:21.161 30126 30147 D M_InsDal: Lcom/forrestguice/suntimeswidget/settings/WidgetTimezones$TimeZoneItem;---><init>(Ljava/lang/String;Ljava/lang/String;D)V
05-30 11:23:21.161 30126 30126 D M_InsDal: Lcom/forrestguice/suntimeswidget/SuntimesConfigActivity0;--->loadTimeFormatMode(Landroid/content/Context;)V
05-30 11:23:21.161 30126 30147 D M_InsDal: Lcom/forrestguice/suntimeswidget/settings/WidgetTimezones$TimeZoneItem;---><init>(Ljava/lang/String;Ljava/lang/String;D)V
05-30 11:23:21.161 30126 30126 D M_InsDal: Lcom/forrestguice/suntimeswidget/settings/WidgetSettings;--->loadTimeFormatModePref(Landroid/content/Context;I)Lcom/forrestguice/suntimeswidget/settings/WidgetSettings$TimeFormatMode;
05-30 11:23:21.162 30126 30126 D M_InsDal: Lcom/forrestguice/suntimeswidget/settings/WidgetSettings$TimeFormatMode;--->valueOf(Ljava/lang/String;)Lcom/forrestguice/suntimeswidget/settings/WidgetSettings$TimeFormatMode;
05-30 11:23:21.162 30126 30126 D M_InsDal: Lcom/forrestguice/suntimeswidget/settings/WidgetSettings$TimeFormatMode;--->values()[Lcom/forrestguice/suntimeswidget/settings/WidgetSettings$TimeFormatMode;
05-30 11:23:21.162 30126 30126 D M_InsDal: Lcom/forrestguice/suntimeswidget/SuntimesConfigActivity0;--->loadAppearanceSettings(Landroid/content/Context;)V
05-30 11:23:21.162 30126 30126 D M_InsDal: Lcom/forrestguice/suntimeswidget/SuntimesConfigActivity0;--->loadWidgetMode1x1(Landroid/content/Context;)V
05-30 11:23:21.162 30126 30126 D M_InsDal: Lcom/forrestguice/suntimeswidget/settings/WidgetSettings;--->loadSun1x1ModePref(Landroid/content/Context;I)Lcom/forrestguice/suntimeswidget/settings/WidgetSettings$WidgetModeSun1x1;
05-30 11:23:21.162 30126 30126 D M_InsDal: Lcom/forrestguice/suntimeswidget/settings/WidgetSettings$WidgetModeSun1x1;--->valueOf(Ljava/lang/String;)Lcom/forrestguice/suntimeswidget/settings/WidgetSettings$WidgetModeSun1x1;
05-30 11:23:21.162 30126 30126 D M_InsDal: Lcom/forrestguice/suntimeswidget/settings/WidgetSettings$WidgetModeSun1x1;--->values()[Lcom/forrestguice/suntimeswidget/settings/WidgetSettings$WidgetModeSun1x1;
05-30 11:23:21.162 30126 30126 D M_InsDal: Lcom/forrestguice/suntimeswidget/SuntimesConfigActivity0;--->loadWidgetMode3x2(Landroid/content/Context;)V
05-30 11:23:21.162 30126 30126 D M_InsDal: Lcom/forrestguice/suntimeswidget/settings/WidgetSettings;--->loadThemePref(Landroid/content/Context;I)Lcom/forrestguice/suntimeswidget/themes/SuntimesTheme;
05-30 11:23:21.162 30126 30126 D M_InsDal: Lcom/forrestguice/suntimeswidget/settings/WidgetSettings;--->loadThemeName(Landroid/content/Context;I)Ljava/lang/String;
05-30 11:23:21.162 30126 30147 D M_InsDal: Lcom/forrestguice/suntimeswidget/settings/WidgetTimezones$TimeZoneItem;---><init>(Ljava/lang/String;Ljava/lang/String;D)V
05-30 11:23:21.162 30126 30126 D M_InsDal: Lcom/forrestguice/suntimeswidget/settings/WidgetThemes;--->loadTheme(Landroid/content/Context;Ljava/lang/String;)Lcom/forrestguice/suntimeswidget/themes/SuntimesTheme;
05-30 11:23:21.162 30126 30126 D M_InsDal: Lcom/forrestguice/suntimeswidget/themes/SuntimesTheme;---><init>()V
05-30 11:23:21.162 30126 30126 D M_InsDal: Lcom/forrestguice/suntimeswidget/themes/SuntimesTheme;--->initTheme(Landroid/content/Context;Ljava/lang/String;Ljava/lang/String;Lcom/forrestguice/suntimeswidget/themes/SuntimesTheme;)Z
05-30 11:23:21.162 30126 30126 D M_InsDal: Lcom/forrestguice/suntimeswidget/themes/SuntimesTheme;--->themePrefix(Ljava/lang/String;)Ljava/lang/String;
05-30 11:23:21.162 30126 30126 D M_InsDal: Lcom/forrestguice/suntimeswidget/themes/SuntimesTheme$ThemeBackground;--->valueOf(Ljava/lang/String;)Lcom/forrestguice/suntimeswidget/themes/SuntimesTheme$ThemeBackground;
05-30 11:23:21.162 30126 30147 D M_InsDal: Lcom/forrestguice/suntimeswidget/settings/WidgetTimezones$TimeZoneItem;---><init>(Ljava/lang/String;Ljava/lang/String;D)V
05-30 11:23:21.162 30126 30126 D M_InsDal: Lcom/forrestguice/suntimeswidget/themes/SuntimesTheme$ThemeBackground;--->values()[Lcom/forrestguice/suntimeswidget/themes/SuntimesTheme$ThemeBackground;
05-30 11:23:21.162 30126 30126 D M_InsDal: Lcom/forrestguice/suntimeswidget/themes/SuntimesTheme;--->getBackgroundColor()I
05-30 11:23:21.162 30126 30147 D M_InsDal: Lcom/forrestguice/suntimeswidget/settings/WidgetTimezones$TimeZoneItem;---><init>(Ljava/lang/String;Ljava/lang/String;D)V
05-30 11:23:21.162 30126 30147 D M_InsDal: Lcom/forrestguice/suntimeswidget/settings/WidgetTimezones$TimeZoneItem;---><init>(Ljava/lang/String;Ljava/lang/String;D)V
05-30 11:23:21.163 30126 30126 D M_InsDal: Lcom/forrestguice/suntimeswidget/themes/SuntimesTheme;--->themeName()Ljava/lang/String;
05-30 11:23:21.163 30126 30126 D M_InsDal: Lcom/forrestguice/suntimeswidget/themes/SuntimesTheme;--->themeName()Ljava/lang/String;
05-30 11:23:21.163 30126 30126 D M_InsDal: Lcom/forrestguice/suntimeswidget/settings/WidgetThemes;--->valueOf(Ljava/lang/String;)Lcom/forrestguice/suntimeswidget/themes/SuntimesTheme$ThemeDescriptor;
05-30 11:23:21.163 30126 30126 D M_InsDal: Lcom/forrestguice/suntimeswidget/settings/WidgetThemes$ThemeListAdapter;--->values()[Lcom/forrestguice/suntimeswidget/themes/SuntimesTheme$ThemeDescriptor;
05-30 11:23:21.163 30126 30126 D M_InsDal: Lcom/forrestguice/suntimeswidget/themes/SuntimesTheme$ThemeDescriptor;--->ordinal([Lcom/forrestguice/suntimeswidget/themes/SuntimesTheme$ThemeDescriptor;)I
05-30 11:23:21.163 30126 30126 D M_InsDal: Lcom/forrestguice/suntimeswidget/themes/SuntimesTheme$ThemeDescriptor;--->name()Ljava/lang/String;
05-30 11:23:21.163 30126 30126 D M_InsDal: Lcom/forrestguice/suntimeswidget/settings/WidgetThemes$ThemeListAdapter;--->getItemId(I)J
05-30 11:23:21.163 30126 30126 D M_InsDal: Lcom/forrestguice/suntimeswidget/settings/WidgetSettings;--->loadAllowResizePref(Landroid/content/Context;I)Z
05-30 11:23:21.163 30126 30147 D M_InsDal: Lcom/forrestguice/suntimeswidget/settings/WidgetTimezones$TimeZoneItem;---><init>(Ljava/lang/String;Ljava/lang/String;D)V
05-30 11:23:21.164 30126 30147 D M_InsDal: Lcom/forrestguice/suntimeswidget/settings/WidgetTimezones$TimeZoneItem;---><init>(Ljava/lang/String;Ljava/lang/String;D)V
05-30 11:23:21.164 30126 30126 D M_InsDal: Lcom/forrestguice/suntimeswidget/SuntimesConfigActivity0;--->loadTitleSettings(Landroid/content/Context;)V
05-30 11:23:21.164 30126 30126 D M_InsDal: Lcom/forrestguice/suntimeswidget/settings/WidgetSettings;--->loadShowTitlePref(Landroid/content/Context;I)Z
05-30 11:23:21.164 30126 30126 D M_InsDal: Lcom/forrestguice/suntimeswidget/settings/WidgetSettings;--->loadShowTitlePref(Landroid/content/Context;IZ)Z
05-30 11:23:21.164 30126 30126 D M_InsDal: Lcom/forrestguice/suntimeswidget/SuntimesConfigActivity0;--->setTitleTextEnabled(Z)V
05-30 11:23:21.164 30126 30147 D M_InsDal: Lcom/forrestguice/suntimeswidget/settings/WidgetTimezones$TimeZoneItem;---><init>(Ljava/lang/String;Ljava/lang/String;D)V
05-30 11:23:21.164 30126 30126 D M_InsDal: Lcom/forrestguice/suntimeswidget/settings/WidgetSettings;--->loadTitleTextPref(Landroid/content/Context;I)Ljava/lang/String;
05-30 11:23:21.164 30126 30147 D M_InsDal: Lcom/forrestguice/suntimeswidget/settings/WidgetTimezones$TimeZoneItem;---><init>(Ljava/lang/String;Ljava/lang/String;D)V
05-30 11:23:21.164 30126 30126 D M_InsDal: Lcom/forrestguice/suntimeswidget/settings/WidgetSettings;--->loadTitleTextPref(Landroid/content/Context;ILjava/lang/String;)Ljava/lang/String;
05-30 11:23:21.164 30126 30147 D M_InsDal: Lcom/forrestguice/suntimeswidget/settings/WidgetTimezones$TimeZoneItem;---><init>(Ljava/lang/String;Ljava/lang/String;D)V
05-30 11:23:21.164 30126 30126 D M_InsDal: Lcom/forrestguice/suntimeswidget/SuntimesConfigActivity0;--->loadShowLabels(Landroid/content/Context;)V
05-30 11:23:21.164 30126 30126 D M_InsDal: Lcom/forrestguice/suntimeswidget/settings/WidgetSettings;--->loadShowLabelsPref(Landroid/content/Context;I)Z
05-30 11:23:21.164 30126 30126 D M_InsDal: Lcom/forrestguice/suntimeswidget/settings/WidgetSettings;--->loadShowLabelsPref(Landroid/content/Context;IZ)Z
05-30 11:23:21.164 30126 30147 D M_InsDal: Lcom/forrestguice/suntimeswidget/settings/WidgetTimezones$TimeZoneItem;---><init>(Ljava/lang/String;Ljava/lang/String;D)V
05-30 11:23:21.164 30126 30147 D M_InsDal: Lcom/forrestguice/suntimeswidget/settings/WidgetTimezones$TimeZoneItem;---><init>(Ljava/lang/String;Ljava/lang/String;D)V
05-30 11:23:21.164 30126 30126 D M_InsDal: Lcom/forrestguice/suntimeswidget/LocationConfigView;--->loadSettings(Landroid/content/Context;)V
05-30 11:23:21.164 30126 30126 D M_InsDal: Lcom/forrestguice/suntimeswidget/settings/WidgetSettings;--->loadLocationModePref(Landroid/content/Context;I)Lcom/forrestguice/suntimeswidget/settings/WidgetSettings$LocationMode;
05-30 11:23:21.164 30126 30147 D M_InsDal: Lcom/forrestguice/suntimeswidget/settings/WidgetTimezones$TimeZoneItem;---><init>(Ljava/lang/String;Ljava/lang/String;D)V
05-30 11:23:21.164 30126 30126 D M_InsDal: Lcom/forrestguice/suntimeswidget/settings/WidgetSettings$LocationMode;--->valueOf(Ljava/lang/String;)Lcom/forrestguice/suntimeswidget/settings/WidgetSettings$LocationMode;
05-30 11:23:21.164 30126 30126 D M_InsDal: Lcom/forrestguice/suntimeswidget/settings/WidgetSettings;--->loadLocationPref(Landroid/content/Context;I)Lcom/forrestguice/suntimeswidget/calculator/core/Location;
05-30 11:23:21.164 30126 30126 D M_InsDal: Lcom/forrestguice/suntimeswidget/calculator/core/Location;---><init>(Ljava/lang/String;Ljava/lang/String;Ljava/lang/String;Ljava/lang/String;)V
05-30 11:23:21.164 30126 30126 D M_InsDal: Lcom/forrestguice/suntimeswidget/calculator/core/Location;---><init>(Ljava/lang/String;Ljava/lang/String;Ljava/lang/String;Ljava/lang/String;Z)V
05-30 11:23:21.164 30126 30126 D M_InsDal: Lcom/forrestguice/suntimeswidget/calculator/core/Location;--->setUseAltitude(Z)V
05-30 11:23:21.164 30126 30126 D M_InsDal: Lcom/forrestguice/suntimeswidget/LocationConfigView;--->updateViews(Lcom/forrestguice/suntimeswidget/calculator/core/Location;)V
05-30 11:23:21.164 30126 30147 D M_InsDal: Lcom/forrestguice/suntimeswidget/settings/WidgetTimezones$TimeZoneItem;---><init>(Ljava/lang/String;Ljava/lang/String;D)V
05-30 11:23:21.164 30126 30126 D M_InsDal: Lcom/forrestguice/suntimeswidget/calculator/core/Location;--->getLatitude()Ljava/lang/String;
05-30 11:23:21.164 30126 30126 D M_InsDal: Lcom/forrestguice/suntimeswidget/calculator/core/Location;--->getLongitude()Ljava/lang/String;
05-30 11:23:21.164 30126 30126 D M_InsDal: Lcom/forrestguice/suntimeswidget/calculator/core/Location;--->getLabel()Ljava/lang/String;
05-30 11:23:21.164 30126 30126 D M_InsDal: Lcom/forrestguice/suntimeswidget/settings/WidgetSettings;--->loadLengthUnitsPref(Landroid/content/Context;I)Lcom/forrestguice/suntimeswidget/settings/WidgetSettings$LengthUnit;
05-30 11:23:21.164 30126 30147 D M_InsDal: Lcom/forrestguice/suntimeswidget/settings/WidgetTimezones$TimeZoneItem;---><init>(Ljava/lang/String;Ljava/lang/String;D)V
05-30 11:23:21.164 30126 30126 D M_InsDal: Lcom/forrestguice/suntimeswidget/settings/WidgetSettings;--->getLengthUnit(Ljava/lang/String;)Lcom/forrestguice/suntimeswidget/settings/WidgetSettings$LengthUnit;
05-30 11:23:21.164 30126 30126 D M_InsDal: Lcom/forrestguice/suntimeswidget/settings/WidgetSettings$LengthUnit;--->valueOf(Ljava/lang/String;)Lcom/forrestguice/suntimeswidget/settings/WidgetSettings$LengthUnit;
05-30 11:23:21.164 30126 30126 D M_InsDal: Lcom/forrestguice/suntimeswidget/calculator/core/Location;--->getAltitude()Ljava/lang/String;
05-30 11:23:21.164 30126 30147 D M_InsDal: Lcom/forrestguice/suntimeswidget/settings/WidgetTimezones$TimeZoneItem;---><init>(Ljava/lang/String;Ljava/lang/String;D)V
05-30 11:23:21.164 30126 30126 D M_InsDal: Lcom/forrestguice/suntimeswidget/SuntimesConfigActivity0;--->loadTimezoneSettings(Landroid/content/Context;)V
05-30 11:23:21.164 30126 30126 D M_InsDal: Lcom/forrestguice/suntimeswidget/SuntimesConfigActivity0;--->getDefaultTimezoneMode()Lcom/forrestguice/suntimeswidget/settings/WidgetSettings$TimezoneMode;
05-30 11:23:21.165 30126 30126 D M_InsDal: Lcom/forrestguice/suntimeswidget/settings/WidgetSettings;--->loadTimezoneModePref(Landroid/content/Context;ILcom/forrestguice/suntimeswidget/settings/WidgetSettings$TimezoneMode;)Lcom/forrestguice/suntimeswidget/settings/WidgetSettings$TimezoneMode;
05-30 11:23:21.165 30126 30126 D M_InsDal: Lcom/forrestguice/suntimeswidget/settings/WidgetSettings$TimezoneMode;--->valueOf(Ljava/lang/String;)Lcom/forrestguice/suntimeswidget/settings/WidgetSettings$TimezoneMode;
05-30 11:23:21.165 30126 30147 D M_InsDal: Lcom/forrestguice/suntimeswidget/settings/WidgetTimezones$TimeZoneItem;---><init>(Ljava/lang/String;Ljava/lang/String;D)V
05-30 11:23:21.165 30126 30126 D M_InsDal: Lcom/forrestguice/suntimeswidget/settings/WidgetSettings$TimezoneMode;--->values()[Lcom/forrestguice/suntimeswidget/settings/WidgetSettings$TimezoneMode;
05-30 11:23:21.165 30126 30126 D M_InsDal: Lcom/forrestguice/suntimeswidget/settings/WidgetSettings;--->loadSolarTimeModePref(Landroid/content/Context;I)Lcom/forrestguice/suntimeswidget/settings/WidgetSettings$SolarTimeMode;
05-30 11:23:21.165 30126 30126 D M_InsDal: Lcom/forrestguice/suntimeswidget/settings/WidgetSettings$SolarTimeMode;--->valueOf(Ljava/lang/String;)Lcom/forrestguice/suntimeswidget/settings/WidgetSettings$SolarTimeMode;
05-30 11:23:21.165 30126 30126 D M_InsDal: Lcom/forrestguice/suntimeswidget/settings/WidgetSettings$SolarTimeMode;--->values()[Lcom/forrestguice/suntimeswidget/settings/WidgetSettings$SolarTimeMode;
05-30 11:23:21.165 30126 30126 D M_InsDal: Lcom/forrestguice/suntimeswidget/SuntimesConfigActivity0;--->setCustomTimezoneEnabled(Z)V
05-30 11:23:21.165 30126 30147 D M_InsDal: Lcom/forrestguice/suntimeswidget/settings/WidgetTimezones$TimeZoneItem;---><init>(Ljava/lang/String;Ljava/lang/String;D)V
05-30 11:23:21.165 30126 30147 D M_InsDal: Lcom/forrestguice/suntimeswidget/settings/WidgetTimezones$TimeZoneItem;---><init>(Ljava/lang/String;Ljava/lang/String;D)V
05-30 11:23:21.165 30126 30126 D M_InsDal: Lcom/forrestguice/suntimeswidget/SuntimesConfigActivity0;--->setUseSolarTime(Z)V
05-30 11:23:21.165 30126 30126 D M_InsDal: Lcom/forrestguice/suntimeswidget/settings/WidgetSettings;--->loadTimezonePref(Landroid/content/Context;I)Ljava/lang/String;
05-30 11:23:21.165 30126 30147 D M_InsDal: Lcom/forrestguice/suntimeswidget/settings/WidgetTimezones$TimeZoneItem;---><init>(Ljava/lang/String;Ljava/lang/String;D)V
05-30 11:23:21.165 30126 30126 D M_InsDal: Lcom/forrestguice/suntimeswidget/settings/WidgetTimezones;--->selectTimeZone(Landroid/widget/Spinner;Lcom/forrestguice/suntimeswidget/settings/WidgetTimezones$TimeZoneItemAdapter;Ljava/lang/String;)V
05-30 11:23:21.165 30126 30147 D M_InsDal: Lcom/forrestguice/suntimeswidget/settings/WidgetTimezones$TimeZoneItem;---><init>(Ljava/lang/String;Ljava/lang/String;D)V
05-30 11:23:21.165 30126 30126 D M_InsDal: Lcom/forrestguice/suntimeswidget/SuntimesConfigActivity0;--->loadActionSettings(Landroid/content/Context;)V
05-30 11:23:21.165 30126 30126 D M_InsDal: Lcom/forrestguice/suntimeswidget/SuntimesConfigActivity0;--->defaultActionMode()Lcom/forrestguice/suntimeswidget/settings/WidgetSettings$ActionMode;
05-30 11:23:21.165 30126 30126 D M_InsDal: Lcom/forrestguice/suntimeswidget/settings/WidgetSettings;--->loadActionModePref(Landroid/content/Context;ILcom/forrestguice/suntimeswidget/settings/WidgetSettings$ActionMode;)Lcom/forrestguice/suntimeswidget/settings/WidgetSettings$ActionMode;
05-30 11:23:21.165 30126 30126 D M_InsDal: Lcom/forrestguice/suntimeswidget/settings/WidgetSettings$ActionMode;--->valueOf(Ljava/lang/String;)Lcom/forrestguice/suntimeswidget/settings/WidgetSettings$ActionMode;
05-30 11:23:21.165 30126 30126 D M_InsDal: Lcom/forrestguice/suntimeswidget/settings/WidgetSettings$ActionMode;--->values()[Lcom/forrestguice/suntimeswidget/settings/WidgetSettings$ActionMode;
05-30 11:23:21.165 30126 30126 D M_InsDal: Lcom/forrestguice/suntimeswidget/SuntimesConfigActivity0;--->supportedActionModes()[Lcom/forrestguice/suntimeswidget/settings/WidgetSettings$ActionMode;
05-30 11:23:21.165 30126 30126 D M_InsDal: Lcom/forrestguice/suntimeswidget/settings/WidgetSettings$ActionMode;--->values()[Lcom/forrestguice/suntimeswidget/settings/WidgetSettings$ActionMode;
05-30 11:23:21.165 30126 30147 D M_InsDal: Lcom/forrestguice/suntimeswidget/settings/WidgetTimezones$TimeZoneItem;---><init>(Ljava/lang/String;Ljava/lang/String;D)V
05-30 11:23:21.165 30126 30126 D M_InsDal: Lcom/forrestguice/suntimeswidget/settings/WidgetSettings$ActionMode;--->ordinal([Lcom/forrestguice/suntimeswidget/settings/WidgetSettings$ActionMode;)I
05-30 11:23:21.165 30126 30126 D M_InsDal: Lcom/forrestguice/suntimeswidget/settings/WidgetSettings;--->loadActionLaunchPref(Landroid/content/Context;I)Ljava/lang/String;
05-30 11:23:21.165 30126 30147 D M_InsDal: Lcom/forrestguice/suntimeswidget/settings/WidgetTimezones$TimeZoneItem;---><init>(Ljava/lang/String;Ljava/lang/String;D)V
05-30 11:23:21.188 30126 30147 D M_InsDal: Lcom/forrestguice/suntimeswidget/settings/WidgetTimezones$TimeZoneItem;---><init>(Ljava/lang/String;Ljava/lang/String;D)V
05-30 11:23:21.188 30126 30147 D M_InsDal: Lcom/forrestguice/suntimeswidget/settings/WidgetTimezones$TimeZoneItem;---><init>(Ljava/lang/String;Ljava/lang/String;D)V
05-30 11:23:21.188 30126 30147 D M_InsDal: Lcom/forrestguice/suntimeswidget/settings/WidgetTimezones$TimeZoneItem;---><init>(Ljava/lang/String;Ljava/lang/String;D)V
05-30 11:23:21.188 30126 30147 D M_InsDal: Lcom/forrestguice/suntimeswidget/settings/WidgetTimezones$TimeZoneItem;---><init>(Ljava/lang/String;Ljava/lang/String;D)V
05-30 11:23:21.194 30126 30147 D M_InsDal: Lcom/forrestguice/suntimeswidget/settings/WidgetTimezones$TimeZoneItem;---><init>(Ljava/lang/String;Ljava/lang/String;D)V
05-30 11:23:21.195 30126 30147 D M_InsDal: Lcom/forrestguice/suntimeswidget/settings/WidgetTimezones$TimeZoneItem;---><init>(Ljava/lang/String;Ljava/lang/String;D)V
05-30 11:23:21.198 30126 30147 D M_InsDal: Lcom/forrestguice/suntimeswidget/settings/WidgetTimezones$TimeZoneItem;---><init>(Ljava/lang/String;Ljava/lang/String;D)V
05-30 11:23:21.198 30126 30147 D M_InsDal: Lcom/forrestguice/suntimeswidget/settings/WidgetTimezones$TimeZoneSort;--->getComparator()Ljava/util/Comparator;
05-30 11:23:21.198 30126 30147 D M_InsDal: Lcom/forrestguice/suntimeswidget/settings/WidgetTimezones$1;---><clinit>()V
05-30 11:23:21.198 30126 30147 D M_InsDal: Lcom/forrestguice/suntimeswidget/settings/WidgetTimezones$TimeZoneSort;--->values()[Lcom/forrestguice/suntimeswidget/settings/WidgetTimezones$TimeZoneSort;
05-30 11:23:21.198 30126 30147 D M_InsDal: Lcom/forrestguice/suntimeswidget/settings/WidgetTimezones$TimeZoneSort$3;---><init>(Lcom/forrestguice/suntimeswidget/settings/WidgetTimezones$TimeZoneSort;)V
05-30 11:23:21.198 30126 30147 D M_InsDal: Lcom/forrestguice/suntimeswidget/settings/WidgetTimezones$TimeZoneSort$3;--->compare(Lcom/forrestguice/suntimeswidget/settings/WidgetTimezones$TimeZoneItem;Lcom/forrestguice/suntimeswidget/settings/WidgetTimezones$TimeZoneItem;)I
05-30 11:23:21.198 30126 30147 D M_InsDal: Lcom/forrestguice/suntimeswidget/settings/WidgetTimezones$TimeZoneItem;--->getID()Ljava/lang/String;
05-30 11:23:21.198 30126 30147 D M_InsDal: Lcom/forrestguice/suntimeswidget/settings/WidgetTimezones$TimeZoneItem;--->getID()Ljava/lang/String;
05-30 11:23:21.198 30126 30147 D M_InsDal: Lcom/forrestguice/suntimeswidget/settings/WidgetTimezones$TimeZoneSort$3;--->compare(Lcom/forrestguice/suntimeswidget/settings/WidgetTimezones$TimeZoneItem;Lcom/forrestguice/suntimeswidget/settings/WidgetTimezones$TimeZoneItem;)I
05-30 11:23:21.198 30126 30147 D M_InsDal: Lcom/forrestguice/suntimeswidget/settings/WidgetTimezones$TimeZoneItem;--->getID()Ljava/lang/String;
05-30 11:23:21.198 30126 30147 D M_InsDal: Lcom/forrestguice/suntimeswidget/settings/WidgetTimezones$TimeZoneItem;--->getID()Ljava/lang/String;
05-30 11:23:21.198 30126 30147 D M_InsDal: Lcom/forrestguice/suntimeswidget/settings/WidgetTimezones$TimeZoneSort$3;--->compare(Lcom/forrestguice/suntimeswidget/settings/WidgetTimezones$TimeZoneItem;Lcom/forrestguice/suntimeswidget/settings/WidgetTimezones$TimeZoneItem;)I
05-30 11:23:21.198 30126 30147 D M_InsDal: Lcom/forrestguice/suntimeswidget/settings/WidgetTimezones$TimeZoneItem;--->getID()Ljava/lang/String;
05-30 11:23:21.198 30126 30147 D M_InsDal: Lcom/forrestguice/suntimeswidget/settings/WidgetTimezones$TimeZoneItem;--->getID()Ljava/lang/String;
05-30 11:23:21.198 30126 30147 D M_InsDal: Lcom/forrestguice/suntimeswidget/settings/WidgetTimezones$TimeZoneSort$3;--->compare(Lcom/forrestguice/suntimeswidget/settings/WidgetTimezones$TimeZoneItem;Lcom/forrestguice/suntimeswidget/settings/WidgetTimezones$TimeZoneItem;)I
05-30 11:23:21.198 30126 30147 D M_InsDal: Lcom/forrestguice/suntimeswidget/settings/WidgetTimezones$TimeZoneItem;--->getID()Ljava/lang/String;
05-30 11:23:21.198 30126 30147 D M_InsDal: Lcom/forrestguice/suntimeswidget/settings/WidgetTimezones$TimeZoneItem;--->getID()Ljava/lang/String;
05-30 11:23:21.198 30126 30147 D M_InsDal: Lcom/forrestguice/suntimeswidget/settings/WidgetTimezones$TimeZoneSort$3;--->compare(Lcom/forrestguice/suntimeswidget/settings/WidgetTimezones$TimeZoneItem;Lcom/forrestguice/suntimeswidget/settings/WidgetTimezones$TimeZoneItem;)I
05-30 11:23:21.198 30126 30147 D M_InsDal: Lcom/forrestguice/suntimeswidget/settings/WidgetTimezones$TimeZoneItem;--->getID()Ljava/lang/String;
05-30 11:23:21.198 30126 30147 D M_InsDal: Lcom/forrestguice/suntimeswidget/settings/WidgetTimezones$TimeZoneItem;--->getID()Ljava/lang/String;
05-30 11:23:21.198 30126 30147 D M_InsDal: Lcom/forrestguice/suntimeswidget/settings/WidgetTimezones$TimeZoneSort$3;--->compare(Lcom/forrestguice/suntimeswidget/settings/WidgetTimezones$TimeZoneItem;Lcom/forrestguice/suntimeswidget/settings/WidgetTimezones$TimeZoneItem;)I
05-30 11:23:21.198 30126 30147 D M_InsDal: Lcom/forrestguice/suntimeswidget/settings/WidgetTimezones$TimeZoneItem;--->getID()Ljava/lang/String;
05-30 11:23:21.198 30126 30147 D M_InsDal: Lcom/forrestguice/suntimeswidget/settings/WidgetTimezones$TimeZoneItem;--->getID()Ljava/lang/String;
05-30 11:23:21.198 30126 30147 D M_InsDal: Lcom/forrestguice/suntimeswidget/settings/WidgetTimezones$TimeZoneSort$3;--->compare(Lcom/forrestguice/suntimeswidget/settings/WidgetTimezones$TimeZoneItem;Lcom/forrestguice/suntimeswidget/settings/WidgetTimezones$TimeZoneItem;)I
05-30 11:23:21.198 30126 30147 D M_InsDal: Lcom/forrestguice/suntimeswidget/settings/WidgetTimezones$TimeZoneItem;--->getID()Ljava/lang/String;
05-30 11:23:21.198 30126 30147 D M_InsDal: Lcom/forrestguice/suntimeswidget/settings/WidgetTimezones$TimeZoneItem;--->getID()Ljava/lang/String;
05-30 11:23:21.198 30126 30147 D M_InsDal: Lcom/forrestguice/suntimeswidget/settings/WidgetTimezones$TimeZoneSort$3;--->compare(Lcom/forrestguice/suntimeswidget/settings/WidgetTimezones$TimeZoneItem;Lcom/forrestguice/suntimeswidget/settings/WidgetTimezones$TimeZoneItem;)I
05-30 11:23:21.198 30126 30147 D M_InsDal: Lcom/forrestguice/suntimeswidget/settings/WidgetTimezones$TimeZoneItem;--->getID()Ljava/lang/String;
05-30 11:23:21.198 30126 30147 D M_InsDal: Lcom/forrestguice/suntimeswidget/settings/WidgetTimezones$TimeZoneItem;--->getID()Ljava/lang/String;
05-30 11:23:21.198 30126 30147 D M_InsDal: Lcom/forrestguice/suntimeswidget/settings/WidgetTimezones$TimeZoneSort$3;--->compare(Lcom/forrestguice/suntimeswidget/settings/WidgetTimezones$TimeZoneItem;Lcom/forrestguice/suntimeswidget/settings/WidgetTimezones$TimeZoneItem;)I
05-30 11:23:21.198 30126 30147 D M_InsDal: Lcom/forrestguice/suntimeswidget/settings/WidgetTimezones$TimeZoneItem;--->getID()Ljava/lang/String;
05-30 11:23:21.198 30126 30147 D M_InsDal: Lcom/forrestguice/suntimeswidget/settings/WidgetTimezones$TimeZoneItem;--->getID()Ljava/lang/String;
05-30 11:23:21.198 30126 30147 D M_InsDal: Lcom/forrestguice/suntimeswidget/settings/WidgetTimezones$TimeZoneSort$3;--->compare(Lcom/forrestguice/suntimeswidget/settings/WidgetTimezones$TimeZoneItem;Lcom/forrestguice/suntimeswidget/settings/WidgetTimezones$TimeZoneItem;)I
05-30 11:23:21.198 30126 30147 D M_InsDal: Lcom/forrestguice/suntimeswidget/settings/WidgetTimezones$TimeZoneItem;--->getID()Ljava/lang/String;
05-30 11:23:21.198 30126 30147 D M_InsDal: Lcom/forrestguice/suntimeswidget/settings/WidgetTimezones$TimeZoneItem;--->getID()Ljava/lang/String;
05-30 11:23:21.198 30126 30147 D M_InsDal: Lcom/forrestguice/suntimeswidget/settings/WidgetTimezones$TimeZoneSort$3;--->compare(Lcom/forrestguice/suntimeswidget/settings/WidgetTimezones$TimeZoneItem;Lcom/forrestguice/suntimeswidget/settings/WidgetTimezones$TimeZoneItem;)I
05-30 11:23:21.198 30126 30147 D M_InsDal: Lcom/forrestguice/suntimeswidget/settings/WidgetTimezones$TimeZoneItem;--->getID()Ljava/lang/String;
05-30 11:23:21.198 30126 30147 D M_InsDal: Lcom/forrestguice/suntimeswidget/settings/WidgetTimezones$TimeZoneItem;--->getID()Ljava/lang/String;
05-30 11:23:21.198 30126 30147 D M_InsDal: Lcom/forrestguice/suntimeswidget/settings/WidgetTimezones$TimeZoneSort$3;--->compare(Lcom/forrestguice/suntimeswidget/settings/WidgetTimezones$TimeZoneItem;Lcom/forrestguice/suntimeswidget/settings/WidgetTimezones$TimeZoneItem;)I
05-30 11:23:21.198 30126 30147 D M_InsDal: Lcom/forrestguice/suntimeswidget/settings/WidgetTimezones$TimeZoneItem;--->getID()Ljava/lang/String;
05-30 11:23:21.198 30126 30147 D M_InsDal: Lcom/forrestguice/suntimeswidget/settings/WidgetTimezones$TimeZoneItem;--->getID()Ljava/lang/String;
05-30 11:23:21.198 30126 30147 D M_InsDal: Lcom/forrestguice/suntimeswidget/settings/WidgetTimezones$TimeZoneSort$3;--->compare(Lcom/forrestguice/suntimeswidget/settings/WidgetTimezones$TimeZoneItem;Lcom/forrestguice/suntimeswidget/settings/WidgetTimezones$TimeZoneItem;)I
05-30 11:23:21.198 30126 30147 D M_InsDal: Lcom/forrestguice/suntimeswidget/settings/WidgetTimezones$TimeZoneItem;--->getID()Ljava/lang/String;
05-30 11:23:21.198 30126 30147 D M_InsDal: Lcom/forrestguice/suntimeswidget/settings/WidgetTimezones$TimeZoneItem;--->getID()Ljava/lang/String;
05-30 11:23:21.198 30126 30147 D M_InsDal: Lcom/forrestguice/suntimeswidget/settings/WidgetTimezones$TimeZoneSort$3;--->compare(Lcom/forrestguice/suntimeswidget/settings/WidgetTimezones$TimeZoneItem;Lcom/forrestguice/suntimeswidget/settings/WidgetTimezones$TimeZoneItem;)I
05-30 11:23:21.198 30126 30147 D M_InsDal: Lcom/forrestguice/suntimeswidget/settings/WidgetTimezones$TimeZoneItem;--->getID()Ljava/lang/String;
05-30 11:23:21.198 30126 30147 D M_InsDal: Lcom/forrestguice/suntimeswidget/settings/WidgetTimezones$TimeZoneItem;--->getID()Ljava/lang/String;
05-30 11:23:21.198 30126 30147 D M_InsDal: Lcom/forrestguice/suntimeswidget/settings/WidgetTimezones$TimeZoneSort$3;--->compare(Lcom/forrestguice/suntimeswidget/settings/WidgetTimezones$TimeZoneItem;Lcom/forrestguice/suntimeswidget/settings/WidgetTimezones$TimeZoneItem;)I
05-30 11:23:21.198 30126 30147 D M_InsDal: Lcom/forrestguice/suntimeswidget/settings/WidgetTimezones$TimeZoneItem;--->getID()Ljava/lang/String;
05-30 11:23:21.198 30126 30147 D M_InsDal: Lcom/forrestguice/suntimeswidget/settings/WidgetTimezones$TimeZoneItem;--->getID()Ljava/lang/String;
05-30 11:23:21.198 30126 30147 D M_InsDal: Lcom/forrestguice/suntimeswidget/settings/WidgetTimezones$TimeZoneSort$3;--->compare(Lcom/forrestguice/suntimeswidget/settings/WidgetTimezones$TimeZoneItem;Lcom/forrestguice/suntimeswidget/settings/WidgetTimezones$TimeZoneItem;)I
05-30 11:23:21.198 30126 30147 D M_InsDal: Lcom/forrestguice/suntimeswidget/settings/WidgetTimezones$TimeZoneItem;--->getID()Ljava/lang/String;
05-30 11:23:21.198 30126 30147 D M_InsDal: Lcom/forrestguice/suntimeswidget/settings/WidgetTimezones$TimeZoneItem;--->getID()Ljava/lang/String;
05-30 11:23:21.198 30126 30147 D M_InsDal: Lcom/forrestguice/suntimeswidget/settings/WidgetTimezones$TimeZoneSort$3;--->compare(Lcom/forrestguice/suntimeswidget/settings/WidgetTimezones$TimeZoneItem;Lcom/forrestguice/suntimeswidget/settings/WidgetTimezones$TimeZoneItem;)I
05-30 11:23:21.198 30126 30147 D M_InsDal: Lcom/forrestguice/suntimeswidget/settings/WidgetTimezones$TimeZoneItem;--->getID()Ljava/lang/String;
05-30 11:23:21.198 30126 30147 D M_InsDal: Lcom/forrestguice/suntimeswidget/settings/WidgetTimezones$TimeZoneItem;--->getID()Ljava/lang/String;
05-30 11:23:21.198 30126 30147 D M_InsDal: Lcom/forrestguice/suntimeswidget/settings/WidgetTimezones$TimeZoneSort$3;--->compare(Lcom/forrestguice/suntimeswidget/settings/WidgetTimezones$TimeZoneItem;Lcom/forrestguice/suntimeswidget/settings/WidgetTimezones$TimeZoneItem;)I
05-30 11:23:21.198 30126 30147 D M_InsDal: Lcom/forrestguice/suntimeswidget/settings/WidgetTimezones$TimeZoneItem;--->getID()Ljava/lang/String;
05-30 11:23:21.198 30126 30147 D M_InsDal: Lcom/forrestguice/suntimeswidget/settings/WidgetTimezones$TimeZoneItem;--->getID()Ljava/lang/String;
05-30 11:23:21.198 30126 30147 D M_InsDal: Lcom/forrestguice/suntimeswidget/settings/WidgetTimezones$TimeZoneSort$3;--->compare(Lcom/forrestguice/suntimeswidget/settings/WidgetTimezones$TimeZoneItem;Lcom/forrestguice/suntimeswidget/settings/WidgetTimezones$TimeZoneItem;)I
05-30 11:23:21.198 30126 30147 D M_InsDal: Lcom/forrestguice/suntimeswidget/settings/WidgetTimezones$TimeZoneItem;--->getID()Ljava/lang/String;
05-30 11:23:21.198 30126 30147 D M_InsDal: Lcom/forrestguice/suntimeswidget/settings/WidgetTimezones$TimeZoneItem;--->getID()Ljava/lang/String;
05-30 11:23:21.198 30126 30147 D M_InsDal: Lcom/forrestguice/suntimeswidget/settings/WidgetTimezones$TimeZoneSort$3;--->compare(Lcom/forrestguice/suntimeswidget/settings/WidgetTimezones$TimeZoneItem;Lcom/forrestguice/suntimeswidget/settings/WidgetTimezones$TimeZoneItem;)I
05-30 11:23:21.198 30126 30147 D M_InsDal: Lcom/forrestguice/suntimeswidget/settings/WidgetTimezones$TimeZoneItem;--->getID()Ljava/lang/String;
05-30 11:23:21.198 30126 30147 D M_InsDal: Lcom/forrestguice/suntimeswidget/settings/WidgetTimezones$TimeZoneItem;--->getID()Ljava/lang/String;
05-30 11:23:21.198 30126 30147 D M_InsDal: Lcom/forrestguice/suntimeswidget/settings/WidgetTimezones$TimeZoneSort$3;--->compare(Lcom/forrestguice/suntimeswidget/settings/WidgetTimezones$TimeZoneItem;Lcom/forrestguice/suntimeswidget/settings/WidgetTimezones$TimeZoneItem;)I
05-30 11:23:21.198 30126 30147 D M_InsDal: Lcom/forrestguice/suntimeswidget/settings/WidgetTimezones$TimeZoneItem;--->getID()Ljava/lang/String;
05-30 11:23:21.198 30126 30147 D M_InsDal: Lcom/forrestguice/suntimeswidget/settings/WidgetTimezones$TimeZoneItem;--->getID()Ljava/lang/String;
05-30 11:23:21.198 30126 30147 D M_InsDal: Lcom/forrestguice/suntimeswidget/settings/WidgetTimezones$TimeZoneSort$3;--->compare(Lcom/forrestguice/suntimeswidget/settings/WidgetTimezones$TimeZoneItem;Lcom/forrestguice/suntimeswidget/settings/WidgetTimezones$TimeZoneItem;)I
05-30 11:23:21.198 30126 30147 D M_InsDal: Lcom/forrestguice/suntimeswidget/settings/WidgetTimezones$TimeZoneItem;--->getID()Ljava/lang/String;
05-30 11:23:21.198 30126 30147 D M_InsDal: Lcom/forrestguice/suntimeswidget/settings/WidgetTimezones$TimeZoneItem;--->getID()Ljava/lang/String;
05-30 11:23:21.198 30126 30147 D M_InsDal: Lcom/forrestguice/suntimeswidget/settings/WidgetTimezones$TimeZoneSort$3;--->compare(Lcom/forrestguice/suntimeswidget/settings/WidgetTimezones$TimeZoneItem;Lcom/forrestguice/suntimeswidget/settings/WidgetTimezones$TimeZoneItem;)I
05-30 11:23:21.198 30126 30147 D M_InsDal: Lcom/forrestguice/suntimeswidget/settings/WidgetTimezones$TimeZoneItem;--->getID()Ljava/lang/String;
05-30 11:23:21.198 30126 30147 D M_InsDal: Lcom/forrestguice/suntimeswidget/settings/WidgetTimezones$TimeZoneItem;--->getID()Ljava/lang/String;
05-30 11:23:21.198 30126 30147 D M_InsDal: Lcom/forrestguice/suntimeswidget/settings/WidgetTimezones$TimeZoneSort$3;--->compare(Lcom/forrestguice/suntimeswidget/settings/WidgetTimezones$TimeZoneItem;Lcom/forrestguice/suntimeswidget/settings/WidgetTimezones$TimeZoneItem;)I
05-30 11:23:21.198 30126 30147 D M_InsDal: Lcom/forrestguice/suntimeswidget/settings/WidgetTimezones$TimeZoneItem;--->getID()Ljava/lang/String;
05-30 11:23:21.198 30126 30147 D M_InsDal: Lcom/forrestguice/suntimeswidget/settings/WidgetTimezones$TimeZoneItem;--->getID()Ljava/lang/String;
05-30 11:23:21.198 30126 30147 D M_InsDal: Lcom/forrestguice/suntimeswidget/settings/WidgetTimezones$TimeZoneSort$3;--->compare(Lcom/forrestguice/suntimeswidget/settings/WidgetTimezones$TimeZoneItem;Lcom/forrestguice/suntimeswidget/settings/WidgetTimezones$TimeZoneItem;)I
05-30 11:23:21.198 30126 30147 D M_InsDal: Lcom/forrestguice/suntimeswidget/settings/WidgetTimezones$TimeZoneItem;--->getID()Ljava/lang/String;
05-30 11:23:21.198 30126 30147 D M_InsDal: Lcom/forrestguice/suntimeswidget/settings/WidgetTimezones$TimeZoneItem;--->getID()Ljava/lang/String;
05-30 11:23:21.198 30126 30147 D M_InsDal: Lcom/forrestguice/suntimeswidget/settings/WidgetTimezones$TimeZoneSort$3;--->compare(Lcom/forrestguice/suntimeswidget/settings/WidgetTimezones$TimeZoneItem;Lcom/forrestguice/suntimeswidget/settings/WidgetTimezones$TimeZoneItem;)I
05-30 11:23:21.198 30126 30147 D M_InsDal: Lcom/forrestguice/suntimeswidget/settings/WidgetTimezones$TimeZoneItem;--->getID()Ljava/lang/String;
05-30 11:23:21.198 30126 30147 D M_InsDal: Lcom/forrestguice/suntimeswidget/settings/WidgetTimezones$TimeZoneItem;--->getID()Ljava/lang/String;
05-30 11:23:21.198 30126 30147 D M_InsDal: Lcom/forrestguice/suntimeswidget/settings/WidgetTimezones$TimeZoneSort$3;--->compare(Lcom/forrestguice/suntimeswidget/settings/WidgetTimezones$TimeZoneItem;Lcom/forrestguice/suntimeswidget/settings/WidgetTimezones$TimeZoneItem;)I
05-30 11:23:21.198 30126 30147 D M_InsDal: Lcom/forrestguice/suntimeswidget/settings/WidgetTimezones$TimeZoneItem;--->getID()Ljava/lang/String;
05-30 11:23:21.198 30126 30147 D M_InsDal: Lcom/forrestguice/suntimeswidget/settings/WidgetTimezones$TimeZoneItem;--->getID()Ljava/lang/String;
05-30 11:23:21.198 30126 30147 D M_InsDal: Lcom/forrestguice/suntimeswidget/settings/WidgetTimezones$TimeZoneSort$3;--->compare(Lcom/forrestguice/suntimeswidget/settings/WidgetTimezones$TimeZoneItem;Lcom/forrestguice/suntimeswidget/settings/WidgetTimezones$TimeZoneItem;)I
05-30 11:23:21.198 30126 30147 D M_InsDal: Lcom/forrestguice/suntimeswidget/settings/WidgetTimezones$TimeZoneItem;--->getID()Ljava/lang/String;
05-30 11:23:21.198 30126 30147 D M_InsDal: Lcom/forrestguice/suntimeswidget/settings/WidgetTimezones$TimeZoneItem;--->getID()Ljava/lang/String;
05-30 11:23:21.198 30126 30147 D M_InsDal: Lcom/forrestguice/suntimeswidget/settings/WidgetTimezones$TimeZoneSort$3;--->compare(Lcom/forrestguice/suntimeswidget/settings/WidgetTimezones$TimeZoneItem;Lcom/forrestguice/suntimeswidget/settings/WidgetTimezones$TimeZoneItem;)I
05-30 11:23:21.198 30126 30147 D M_InsDal: Lcom/forrestguice/suntimeswidget/settings/WidgetTimezones$TimeZoneItem;--->getID()Ljava/lang/String;
05-30 11:23:21.198 30126 30147 D M_InsDal: Lcom/forrestguice/suntimeswidget/settings/WidgetTimezones$TimeZoneItem;--->getID()Ljava/lang/String;
05-30 11:23:21.198 30126 30147 D M_InsDal: Lcom/forrestguice/suntimeswidget/settings/WidgetTimezones$TimeZoneSort$3;--->compare(Lcom/forrestguice/suntimeswidget/settings/WidgetTimezones$TimeZoneItem;Lcom/forrestguice/suntimeswidget/settings/WidgetTimezones$TimeZoneItem;)I
05-30 11:23:21.198 30126 30147 D M_InsDal: Lcom/forrestguice/suntimeswidget/settings/WidgetTimezones$TimeZoneItem;--->getID()Ljava/lang/String;
05-30 11:23:21.198 30126 30147 D M_InsDal: Lcom/forrestguice/suntimeswidget/settings/WidgetTimezones$TimeZoneItem;--->getID()Ljava/lang/String;
05-30 11:23:21.198 30126 30147 D M_InsDal: Lcom/forrestguice/suntimeswidget/settings/WidgetTimezones$TimeZoneSort$3;--->compare(Lcom/forrestguice/suntimeswidget/settings/WidgetTimezones$TimeZoneItem;Lcom/forrestguice/suntimeswidget/settings/WidgetTimezones$TimeZoneItem;)I
05-30 11:23:21.198 30126 30147 D M_InsDal: Lcom/forrestguice/suntimeswidget/settings/WidgetTimezones$TimeZoneItem;--->getID()Ljava/lang/String;
05-30 11:23:21.198 30126 30147 D M_InsDal: Lcom/forrestguice/suntimeswidget/settings/WidgetTimezones$TimeZoneItem;--->getID()Ljava/lang/String;
05-30 11:23:21.198 30126 30147 D M_InsDal: Lcom/forrestguice/suntimeswidget/settings/WidgetTimezones$TimeZoneSort$3;--->compare(Lcom/forrestguice/suntimeswidget/settings/WidgetTimezones$TimeZoneItem;Lcom/forrestguice/suntimeswidget/settings/WidgetTimezones$TimeZoneItem;)I
05-30 11:23:21.198 30126 30147 D M_InsDal: Lcom/forrestguice/suntimeswidget/settings/WidgetTimezones$TimeZoneItem;--->getID()Ljava/lang/String;
05-30 11:23:21.198 30126 30147 D M_InsDal: Lcom/forrestguice/suntimeswidget/settings/WidgetTimezones$TimeZoneItem;--->getID()Ljava/lang/String;
05-30 11:23:21.198 30126 30147 D M_InsDal: Lcom/forrestguice/suntimeswidget/settings/WidgetTimezones$TimeZoneSort$3;--->compare(Lcom/forrestguice/suntimeswidget/settings/WidgetTimezones$TimeZoneItem;Lcom/forrestguice/suntimeswidget/settings/WidgetTimezones$TimeZoneItem;)I
05-30 11:23:21.198 30126 30147 D M_InsDal: Lcom/forrestguice/suntimeswidget/settings/WidgetTimezones$TimeZoneItem;--->getID()Ljava/lang/String;
05-30 11:23:21.198 30126 30147 D M_InsDal: Lcom/forrestguice/suntimeswidget/settings/WidgetTimezones$TimeZoneItem;--->getID()Ljava/lang/String;
05-30 11:23:21.199 30126 30147 D M_InsDal: Lcom/forrestguice/suntimeswidget/settings/WidgetTimezones$TimeZoneSort$3;--->compare(Lcom/forrestguice/suntimeswidget/settings/WidgetTimezones$TimeZoneItem;Lcom/forrestguice/suntimeswidget/settings/WidgetTimezones$TimeZoneItem;)I
05-30 11:23:21.199 30126 30147 D M_InsDal: Lcom/forrestguice/suntimeswidget/settings/WidgetTimezones$TimeZoneItem;--->getID()Ljava/lang/String;
05-30 11:23:21.199 30126 30147 D M_InsDal: Lcom/forrestguice/suntimeswidget/settings/WidgetTimezones$TimeZoneItem;--->getID()Ljava/lang/String;
05-30 11:23:21.199 30126 30147 D M_InsDal: Lcom/forrestguice/suntimeswidget/settings/WidgetTimezones$TimeZoneSort$3;--->compare(Lcom/forrestguice/suntimeswidget/settings/WidgetTimezones$TimeZoneItem;Lcom/forrestguice/suntimeswidget/settings/WidgetTimezones$TimeZoneItem;)I
05-30 11:23:21.199 30126 30147 D M_InsDal: Lcom/forrestguice/suntimeswidget/settings/WidgetTimezones$TimeZoneItem;--->getID()Ljava/lang/String;
05-30 11:23:21.199 30126 30147 D M_InsDal: Lcom/forrestguice/suntimeswidget/settings/WidgetTimezones$TimeZoneItem;--->getID()Ljava/lang/String;
05-30 11:23:21.199 30126 30147 D M_InsDal: Lcom/forrestguice/suntimeswidget/settings/WidgetTimezones$TimeZoneSort$3;--->compare(Lcom/forrestguice/suntimeswidget/settings/WidgetTimezones$TimeZoneItem;Lcom/forrestguice/suntimeswidget/settings/WidgetTimezones$TimeZoneItem;)I
05-30 11:23:21.199 30126 30147 D M_InsDal: Lcom/forrestguice/suntimeswidget/settings/WidgetTimezones$TimeZoneItem;--->getID()Ljava/lang/String;
05-30 11:23:21.199 30126 30147 D M_InsDal: Lcom/forrestguice/suntimeswidget/settings/WidgetTimezones$TimeZoneItem;--->getID()Ljava/lang/String;
05-30 11:23:21.199 30126 30147 D M_InsDal: Lcom/forrestguice/suntimeswidget/settings/WidgetTimezones$TimeZoneSort$3;--->compare(Lcom/forrestguice/suntimeswidget/settings/WidgetTimezones$TimeZoneItem;Lcom/forrestguice/suntimeswidget/settings/WidgetTimezones$TimeZoneItem;)I
05-30 11:23:21.199 30126 30147 D M_InsDal: Lcom/forrestguice/suntimeswidget/settings/WidgetTimezones$TimeZoneItem;--->getID()Ljava/lang/String;
05-30 11:23:21.199 30126 30147 D M_InsDal: Lcom/forrestguice/suntimeswidget/settings/WidgetTimezones$TimeZoneItem;--->getID()Ljava/lang/String;
05-30 11:23:21.199 30126 30147 D M_InsDal: Lcom/forrestguice/suntimeswidget/settings/WidgetTimezones$TimeZoneSort$3;--->compare(Lcom/forrestguice/suntimeswidget/settings/WidgetTimezones$TimeZoneItem;Lcom/forrestguice/suntimeswidget/settings/WidgetTimezones$TimeZoneItem;)I
05-30 11:23:21.199 30126 30147 D M_InsDal: Lcom/forrestguice/suntimeswidget/settings/WidgetTimezones$TimeZoneItem;--->getID()Ljava/lang/String;
05-30 11:23:21.199 30126 30147 D M_InsDal: Lcom/forrestguice/suntimeswidget/settings/WidgetTimezones$TimeZoneItem;--->getID()Ljava/lang/String;
05-30 11:23:21.199 30126 30147 D M_InsDal: Lcom/forrestguice/suntimeswidget/settings/WidgetTimezones$TimeZoneSort$3;--->compare(Lcom/forrestguice/suntimeswidget/settings/WidgetTimezones$TimeZoneItem;Lcom/forrestguice/suntimeswidget/settings/WidgetTimezones$TimeZoneItem;)I
05-30 11:23:21.199 30126 30147 D M_InsDal: Lcom/forrestguice/suntimeswidget/settings/WidgetTimezones$TimeZoneItem;--->getID()Ljava/lang/String;
05-30 11:23:21.199 30126 30147 D M_InsDal: Lcom/forrestguice/suntimeswidget/settings/WidgetTimezones$TimeZoneItem;--->getID()Ljava/lang/String;
05-30 11:23:21.199 30126 30147 D M_InsDal: Lcom/forrestguice/suntimeswidget/settings/WidgetTimezones$TimeZoneSort$3;--->compare(Lcom/forrestguice/suntimeswidget/settings/WidgetTimezones$TimeZoneItem;Lcom/forrestguice/suntimeswidget/settings/WidgetTimezones$TimeZoneItem;)I
05-30 11:23:21.199 30126 30147 D M_InsDal: Lcom/forrestguice/suntimeswidget/settings/WidgetTimezones$TimeZoneItem;--->getID()Ljava/lang/String;
05-30 11:23:21.199 30126 30147 D M_InsDal: Lcom/forrestguice/suntimeswidget/settings/WidgetTimezones$TimeZoneItem;--->getID()Ljava/lang/String;
05-30 11:23:21.199 30126 30147 D M_InsDal: Lcom/forrestguice/suntimeswidget/settings/WidgetTimezones$TimeZoneSort$3;--->compare(Lcom/forrestguice/suntimeswidget/settings/WidgetTimezones$TimeZoneItem;Lcom/forrestguice/suntimeswidget/settings/WidgetTimezones$TimeZoneItem;)I
05-30 11:23:21.199 30126 30147 D M_InsDal: Lcom/forrestguice/suntimeswidget/settings/WidgetTimezones$TimeZoneItem;--->getID()Ljava/lang/String;
05-30 11:23:21.199 30126 30147 D M_InsDal: Lcom/forrestguice/suntimeswidget/settings/WidgetTimezones$TimeZoneItem;--->getID()Ljava/lang/String;
05-30 11:23:21.199 30126 30147 D M_InsDal: Lcom/forrestguice/suntimeswidget/settings/WidgetTimezones$TimeZoneSort$3;--->compare(Lcom/forrestguice/suntimeswidget/settings/WidgetTimezones$TimeZoneItem;Lcom/forrestguice/suntimeswidget/settings/WidgetTimezones$TimeZoneItem;)I
05-30 11:23:21.199 30126 30147 D M_InsDal: Lcom/forrestguice/suntimeswidget/settings/WidgetTimezones$TimeZoneItem;--->getID()Ljava/lang/String;
05-30 11:23:21.199 30126 30147 D M_InsDal: Lcom/forrestguice/suntimeswidget/settings/WidgetTimezones$TimeZoneItem;--->getID()Ljava/lang/String;
05-30 11:23:21.199 30126 30147 D M_InsDal: Lcom/forrestguice/suntimeswidget/settings/WidgetTimezones$TimeZoneSort$3;--->compare(Lcom/forrestguice/suntimeswidget/settings/WidgetTimezones$TimeZoneItem;Lcom/forrestguice/suntimeswidget/settings/WidgetTimezones$TimeZoneItem;)I
05-30 11:23:21.199 30126 30147 D M_InsDal: Lcom/forrestguice/suntimeswidget/settings/WidgetTimezones$TimeZoneItem;--->getID()Ljava/lang/String;
05-30 11:23:21.199 30126 30147 D M_InsDal: Lcom/forrestguice/suntimeswidget/settings/WidgetTimezones$TimeZoneItem;--->getID()Ljava/lang/String;
05-30 11:23:21.199 30126 30147 D M_InsDal: Lcom/forrestguice/suntimeswidget/settings/WidgetTimezones$TimeZoneSort$3;--->compare(Lcom/forrestguice/suntimeswidget/settings/WidgetTimezones$TimeZoneItem;Lcom/forrestguice/suntimeswidget/settings/WidgetTimezones$TimeZoneItem;)I
05-30 11:23:21.199 30126 30147 D M_InsDal: Lcom/forrestguice/suntimeswidget/settings/WidgetTimezones$TimeZoneItem;--->getID()Ljava/lang/String;
05-30 11:23:21.199 30126 30147 D M_InsDal: Lcom/forrestguice/suntimeswidget/settings/WidgetTimezones$TimeZoneItem;--->getID()Ljava/lang/String;
05-30 11:23:21.199 30126 30147 D M_InsDal: Lcom/forrestguice/suntimeswidget/settings/WidgetTimezones$TimeZoneSort$3;--->compare(Lcom/forrestguice/suntimeswidget/settings/WidgetTimezones$TimeZoneItem;Lcom/forrestguice/suntimeswidget/settings/WidgetTimezones$TimeZoneItem;)I
05-30 11:23:21.199 30126 30147 D M_InsDal: Lcom/forrestguice/suntimeswidget/settings/WidgetTimezones$TimeZoneItem;--->getID()Ljava/lang/String;
05-30 11:23:21.199 30126 30147 D M_InsDal: Lcom/forrestguice/suntimeswidget/settings/WidgetTimezones$TimeZoneItem;--->getID()Ljava/lang/String;
05-30 11:23:21.199 30126 30147 D M_InsDal: Lcom/forrestguice/suntimeswidget/settings/WidgetTimezones$TimeZoneSort$3;--->compare(Lcom/forrestguice/suntimeswidget/settings/WidgetTimezones$TimeZoneItem;Lcom/forrestguice/suntimeswidget/settings/WidgetTimezones$TimeZoneItem;)I
05-30 11:23:21.199 30126 30147 D M_InsDal: Lcom/forrestguice/suntimeswidget/settings/WidgetTimezones$TimeZoneItem;--->getID()Ljava/lang/String;
05-30 11:23:21.199 30126 30147 D M_InsDal: Lcom/forrestguice/suntimeswidget/settings/WidgetTimezones$TimeZoneItem;--->getID()Ljava/lang/String;
05-30 11:23:21.199 30126 30147 D M_InsDal: Lcom/forrestguice/suntimeswidget/settings/WidgetTimezones$TimeZoneSort$3;--->compare(Lcom/forrestguice/suntimeswidget/settings/WidgetTimezones$TimeZoneItem;Lcom/forrestguice/suntimeswidget/settings/WidgetTimezones$TimeZoneItem;)I
05-30 11:23:21.199 30126 30147 D M_InsDal: Lcom/forrestguice/suntimeswidget/settings/WidgetTimezones$TimeZoneItem;--->getID()Ljava/lang/String;
05-30 11:23:21.199 30126 30147 D M_InsDal: Lcom/forrestguice/suntimeswidget/settings/WidgetTimezones$TimeZoneItem;--->getID()Ljava/lang/String;
05-30 11:23:21.199 30126 30147 D M_InsDal: Lcom/forrestguice/suntimeswidget/settings/WidgetTimezones$TimeZoneSort$3;--->compare(Lcom/forrestguice/suntimeswidget/settings/WidgetTimezones$TimeZoneItem;Lcom/forrestguice/suntimeswidget/settings/WidgetTimezones$TimeZoneItem;)I
05-30 11:23:21.199 30126 30147 D M_InsDal: Lcom/forrestguice/suntimeswidget/settings/WidgetTimezones$TimeZoneItem;--->getID()Ljava/lang/String;
05-30 11:23:21.199 30126 30147 D M_InsDal: Lcom/forrestguice/suntimeswidget/settings/WidgetTimezones$TimeZoneItem;--->getID()Ljava/lang/String;
05-30 11:23:21.199 30126 30147 D M_InsDal: Lcom/forrestguice/suntimeswidget/settings/WidgetTimezones$TimeZoneSort$3;--->compare(Lcom/forrestguice/suntimeswidget/settings/WidgetTimezones$TimeZoneItem;Lcom/forrestguice/suntimeswidget/settings/WidgetTimezones$TimeZoneItem;)I
05-30 11:23:21.199 30126 30147 D M_InsDal: Lcom/forrestguice/suntimeswidget/settings/WidgetTimezones$TimeZoneItem;--->getID()Ljava/lang/String;
05-30 11:23:21.199 30126 30147 D M_InsDal: Lcom/forrestguice/suntimeswidget/settings/WidgetTimezones$TimeZoneItem;--->getID()Ljava/lang/String;
