05-30 11:21:43.301 29799 29799 D M_InsDal: Lcom/forrestguice/suntimeswidget/SuntimesUtils$TimeDisplayText;--->getSuffix()Ljava/lang/String;
05-30 11:21:43.301 29799 29799 D M_InsDal: Lcom/forrestguice/suntimeswidget/SuntimesUtils;--->formatAsDirection(Ljava/lang/String;Ljava/lang/String;)Ljava/lang/String;
05-30 11:21:43.301 29799 29799 D M_InsDal: Lcom/forrestguice/suntimeswidget/SuntimesUtils$TimeDisplayText;--->getSuffix()Ljava/lang/String;
05-30 11:21:43.301 29799 29799 D M_InsDal: Lcom/forrestguice/suntimeswidget/SuntimesUtils;--->createRelativeSpan(Landroid/text/SpannableString;Ljava/lang/String;Ljava/lang/String;F)Landroid/text/SpannableString;
05-30 11:21:43.301 29799 29799 D M_InsDal: Lcom/forrestguice/suntimeswidget/SuntimesUtils$TimeDisplayText;--->getSuffix()Ljava/lang/String;
05-30 11:21:43.301 29799 29799 D M_InsDal: Lcom/forrestguice/suntimeswidget/SuntimesUtils;--->createBoldSpan(Landroid/text/SpannableString;Ljava/lang/String;Ljava/lang/String;)Landroid/text/SpannableString;
05-30 11:21:43.301 29799 29799 D M_InsDal: Lcom/forrestguice/suntimeswidget/SuntimesUtils;--->formatAsDirection2(DIZ)Lcom/forrestguice/suntimeswidget/SuntimesUtils$TimeDisplayText;
05-30 11:21:43.301 29799 29799 D M_InsDal: Lcom/forrestguice/suntimeswidget/SuntimesUtils;--->formatAsDegrees(DI)Ljava/lang/String;
05-30 11:21:43.301 29799 29799 D M_InsDal: Lcom/forrestguice/suntimeswidget/SuntimesUtils$CardinalDirection;--->getDirection(D)Lcom/forrestguice/suntimeswidget/SuntimesUtils$CardinalDirection;
05-30 11:21:43.301 29799 29799 D M_InsDal: Lcom/forrestguice/suntimeswidget/SuntimesUtils$CardinalDirection;--->values()[Lcom/forrestguice/suntimeswidget/SuntimesUtils$CardinalDirection;
05-30 11:21:43.301 29799 29799 D M_InsDal: Lcom/forrestguice/suntimeswidget/SuntimesUtils$CardinalDirection;--->getDegress()D
05-30 11:21:43.301 29799 29799 D M_InsDal: Lcom/forrestguice/suntimeswidget/SuntimesUtils$CardinalDirection;--->getDegress()D
05-30 11:21:43.301 29799 29799 D M_InsDal: Lcom/forrestguice/suntimeswidget/SuntimesUtils$CardinalDirection;--->getLongDisplayString()Ljava/lang/String;
05-30 11:21:43.301 29799 29799 D M_InsDal: Lcom/forrestguice/suntimeswidget/SuntimesUtils$TimeDisplayText;---><init>(Ljava/lang/String;Ljava/lang/String;Ljava/lang/String;)V
05-30 11:21:43.301 29799 29799 D M_InsDal: Lcom/forrestguice/suntimeswidget/SuntimesUtils$TimeDisplayText;--->getValue()Ljava/lang/String;
05-30 11:21:43.301 29799 29799 D M_InsDal: Lcom/forrestguice/suntimeswidget/SuntimesUtils$TimeDisplayText;--->getSuffix()Ljava/lang/String;
05-30 11:21:43.301 29799 29799 D M_InsDal: Lcom/forrestguice/suntimeswidget/SuntimesUtils;--->formatAsDirection(Ljava/lang/String;Ljava/lang/String;)Ljava/lang/String;
05-30 11:21:43.301 29799 29799 D M_InsDal: Lcom/forrestguice/suntimeswidget/MoonRiseSetView;--->setShowPosition(Z)V
05-30 11:21:43.301 29799 29799 D M_InsDal: Lcom/forrestguice/suntimeswidget/MoonRiseSetView$MoonRiseSetField;--->setShowPosition(Z)V
05-30 11:21:43.301 29799 29799 D M_InsDal: Lcom/forrestguice/suntimeswidget/MoonRiseSetView$MoonRiseSetField;--->setShowPosition(Z)V
05-30 11:21:43.301 29799 29799 D M_InsDal: Lcom/forrestguice/suntimeswidget/MoonRiseSetView;--->reorderLayout(Ljava/util/Calendar;Ljava/util/Calendar;Ljava/util/Calendar;Ljava/util/Calendar;)V
05-30 11:21:43.301 29799 29799 D M_InsDal: Lcom/forrestguice/suntimeswidget/MoonRiseSetView;--->clearLayout()V
05-30 11:21:43.301 29799 29799 D M_InsDal: Lcom/forrestguice/suntimeswidget/MoonRiseSetView$MoonRiseSetField;--->removeFromLayout(Landroid/widget/LinearLayout;)V
05-30 11:21:43.301 29799 29799 D M_InsDal: Lcom/forrestguice/suntimeswidget/MoonRiseSetView$MoonRiseSetField;--->removeFromLayout(Landroid/widget/LinearLayout;)V
05-30 11:21:43.301 29799 29799 D M_InsDal: Lcom/forrestguice/suntimeswidget/MoonRiseSetView;--->determineLayout(Ljava/util/Calendar;Ljava/util/Calendar;Ljava/util/Calendar;Ljava/util/Calendar;)Lcom/forrestguice/suntimeswidget/MoonRiseSetView$MoonRiseSetFieldLayoutSet;
05-30 11:21:43.301 29799 29799 D M_InsDal: Lcom/forrestguice/suntimeswidget/MoonRiseSetView$MoonRiseSetFieldLayoutSet;---><init>(Lcom/forrestguice/suntimeswidget/MoonRiseSetView;Lcom/forrestguice/suntimeswidget/MoonRiseSetView$MoonRiseSetField;Lcom/forrestguice/suntimeswidget/MoonRiseSetView$MoonRiseSetField;Lcom/forrestguice/suntimeswidget/MoonRiseSetView$MoonRiseSetField;Z)V
05-30 11:21:43.301 29799 29799 D M_InsDal: Lcom/forrestguice/suntimeswidget/MoonRiseSetView;--->updateMargins(Landroid/content/Context;Lcom/forrestguice/suntimeswidget/MoonRiseSetView$MoonRiseSetFieldLayoutSet;)V
05-30 11:21:43.301 29799 29799 D M_InsDal: Lcom/forrestguice/suntimeswidget/MoonRiseSetView$MoonRiseSetField;--->setMarginStartEnd(II)V
05-30 11:21:43.301 29799 29799 D M_InsDal: Lcom/forrestguice/suntimeswidget/MoonRiseSetView$MoonRiseSetField;--->setMarginStartEnd(II)V
05-30 11:21:43.301 29799 29799 D M_InsDal: Lcom/forrestguice/suntimeswidget/MoonRiseSetView;--->addLayout1(Lcom/forrestguice/suntimeswidget/MoonRiseSetView$MoonRiseSetFieldLayoutSet;)V
05-30 11:21:43.301 29799 29799 D M_InsDal: Lcom/forrestguice/suntimeswidget/MoonRiseSetView$MoonRiseSetField;--->addToLayout(Landroid/widget/LinearLayout;)V
05-30 11:21:43.301 29799 29799 D M_InsDal: Lcom/forrestguice/suntimeswidget/MoonRiseSetView$MoonRiseSetField;--->addToLayout(Landroid/widget/LinearLayout;)V
05-30 11:21:43.301 29799 29799 D M_InsDal: Lcom/forrestguice/suntimeswidget/MoonPhaseView;--->updateViews(Landroid/content/Context;Lcom/forrestguice/suntimeswidget/calculator/SuntimesMoonData;)V
05-30 11:21:43.301 29799 29799 D M_InsDal: Lcom/forrestguice/suntimeswidget/calculator/SuntimesData;--->isCalculated()Z
05-30 11:21:43.301 29799 29799 D M_InsDal: Lcom/forrestguice/suntimeswidget/MoonPhaseView;--->hideIcons()V
05-30 11:21:43.301 29799 29799 D M_InsDal: Lcom/forrestguice/suntimeswidget/calculator/MoonPhaseDisplay;--->values()[Lcom/forrestguice/suntimeswidget/calculator/MoonPhaseDisplay;
05-30 11:21:43.301 29799 29799 D M_InsDal: Lcom/forrestguice/suntimeswidget/calculator/MoonPhaseDisplay;--->getView()I
05-30 11:21:43.301 29799 29799 D M_InsDal: Lcom/forrestguice/suntimeswidget/calculator/MoonPhaseDisplay;--->getView()I
05-30 11:21:43.301 29799 29799 D M_InsDal: Lcom/forrestguice/suntimeswidget/calculator/SuntimesMoonData;--->getMoonPhaseToday()Lcom/forrestguice/suntimeswidget/calculator/MoonPhaseDisplay;
05-30 11:21:43.301 29799 29799 D M_InsDal: Lcom/forrestguice/suntimeswidget/calculator/MoonPhaseDisplay;--->getLongDisplayString()Ljava/lang/String;
05-30 11:21:43.301 29799 29799 D M_InsDal: Lcom/forrestguice/suntimeswidget/calculator/MoonPhaseDisplay;--->getView()I
05-30 11:21:43.301 29799 29799 D M_InsDal: Lcom/forrestguice/suntimeswidget/MoonPhaseView;--->updateIllumination(Landroid/content/Context;)V
05-30 11:21:43.301 29799 29799 D M_InsDal: Lcom/forrestguice/suntimeswidget/calculator/SuntimesData;--->isCalculated()Z
05-30 11:21:43.301 29799 29799 D M_InsDal: Lcom/forrestguice/suntimeswidget/calculator/SuntimesMoonData;--->getMoonIlluminationNow()D
05-30 11:21:43.301 29799 29799 D M_InsDal: Lcom/forrestguice/suntimeswidget/calculator/SuntimesData;--->todayIsNotToday()Z
05-30 11:21:43.301 29799 29799 D M_InsDal: Lcom/forrestguice/suntimeswidget/calculator/SuntimesData;--->now()Ljava/util/Calendar;
05-30 11:21:43.301 29799 29799 D M_InsDal: Lcom/forrestguice/suntimeswidget/calculator/SuntimesData;--->timezone()Ljava/util/TimeZone;
05-30 11:21:43.302 29799 29799 D M_InsDal: Lcom/forrestguice/suntimeswidget/calculator/time4a/Time4ASuntimesCalculator;--->getMoonIlluminationForDate(Ljava/util/Calendar;)D
05-30 11:21:43.302 29799 29799 D M_InsDal: Lcom/forrestguice/suntimeswidget/SuntimesUtils;--->createColorSpan(Landroid/text/SpannableString;Ljava/lang/String;Ljava/lang/String;I)Landroid/text/SpannableString;
05-30 11:21:43.302 29799 29799 D M_InsDal: Lcom/forrestguice/suntimeswidget/MoonPhaseView;--->updatePosition()V
05-30 11:21:43.302 29799 29799 D M_InsDal: Lcom/forrestguice/suntimeswidget/calculator/SuntimesData;--->isCalculated()Z
05-30 11:21:43.302 29799 29799 D M_InsDal: Lcom/forrestguice/suntimeswidget/calculator/SuntimesData;--->calculator()Lcom/forrestguice/suntimeswidget/calculator/core/SuntimesCalculator;
05-30 11:21:43.302 29799 29799 D M_InsDal: Lcom/forrestguice/suntimeswidget/calculator/SuntimesData;--->calendar()Ljava/util/Calendar;
05-30 11:21:43.302 29799 29799 D M_InsDal: Lcom/forrestguice/suntimeswidget/calculator/SuntimesData;--->nowThen(Ljava/util/Calendar;)Ljava/util/Calendar;
05-30 11:21:43.302 29799 29799 D M_InsDal: Lcom/forrestguice/suntimeswidget/calculator/SuntimesData;--->now()Ljava/util/Calendar;
05-30 11:21:43.302 29799 29799 D M_InsDal: Lcom/forrestguice/suntimeswidget/calculator/SuntimesData;--->timezone()Ljava/util/TimeZone;
05-30 11:21:43.302 29799 29799 D M_InsDal: Lcom/forrestguice/suntimeswidget/calculator/time4a/Time4ASuntimesCalculator;--->getMoonPosition(Ljava/util/Calendar;)Lcom/forrestguice/suntimeswidget/calculator/core/SuntimesCalculator$MoonPosition;
05-30 11:21:43.302 29799 29799 D M_InsDal: Lcom/forrestguice/suntimeswidget/calculator/core/SuntimesCalculator$MoonPosition;---><init>()V
05-30 11:21:43.302 29799 29799 D M_InsDal: Lcom/forrestguice/suntimeswidget/calculator/core/SuntimesCalculator$Position;---><init>()V
05-30 11:21:43.302 29799 29799 D M_InsDal: Lcom/forrestguice/suntimeswidget/MoonPhaseView;--->updatePosition(Lcom/forrestguice/suntimeswidget/calculator/core/SuntimesCalculator$Position;)V
05-30 11:21:43.302 29799 29799 D M_InsDal: Lcom/forrestguice/suntimeswidget/SuntimesUtils;--->formatAsDirection2(DIZ)Lcom/forrestguice/suntimeswidget/SuntimesUtils$TimeDisplayText;
05-30 11:21:43.302 29799 29799 D M_InsDal: Lcom/forrestguice/suntimeswidget/SuntimesUtils;--->formatAsDegrees(DI)Ljava/lang/String;
05-30 11:21:43.303 29799 29799 D M_InsDal: Lcom/forrestguice/suntimeswidget/SuntimesUtils$CardinalDirection;--->getDirection(D)Lcom/forrestguice/suntimeswidget/SuntimesUtils$CardinalDirection;
05-30 11:21:43.303 29799 29799 D M_InsDal: Lcom/forrestguice/suntimeswidget/SuntimesUtils$CardinalDirection;--->values()[Lcom/forrestguice/suntimeswidget/SuntimesUtils$CardinalDirection;
05-30 11:21:43.303 29799 29799 D M_InsDal: Lcom/forrestguice/suntimeswidget/SuntimesUtils$CardinalDirection;--->getDegress()D
05-30 11:21:43.303 29799 29799 D M_InsDal: Lcom/forrestguice/suntimeswidget/SuntimesUtils$CardinalDirection;--->getDegress()D
05-30 11:21:43.303 29799 29799 D M_InsDal: Lcom/forrestguice/suntimeswidget/SuntimesUtils$CardinalDirection;--->getShortDisplayString()Ljava/lang/String;
05-30 11:21:43.303 29799 29799 D M_InsDal: Lcom/forrestguice/suntimeswidget/SuntimesUtils$TimeDisplayText;---><init>(Ljava/lang/String;Ljava/lang/String;Ljava/lang/String;)V
05-30 11:21:43.303 29799 29799 D M_InsDal: Lcom/forrestguice/suntimeswidget/SuntimesUtils$TimeDisplayText;--->getValue()Ljava/lang/String;
05-30 11:21:43.303 29799 29799 D M_InsDal: Lcom/forrestguice/suntimeswidget/SuntimesUtils$TimeDisplayText;--->getSuffix()Ljava/lang/String;
05-30 11:21:43.303 29799 29799 D M_InsDal: Lcom/forrestguice/suntimeswidget/SuntimesUtils;--->formatAsDirection(Ljava/lang/String;Ljava/lang/String;)Ljava/lang/String;
05-30 11:21:43.303 29799 29799 D M_InsDal: Lcom/forrestguice/suntimeswidget/SuntimesUtils$TimeDisplayText;--->getSuffix()Ljava/lang/String;
05-30 11:21:43.303 29799 29799 D M_InsDal: Lcom/forrestguice/suntimeswidget/SuntimesUtils;--->createRelativeSpan(Landroid/text/SpannableString;Ljava/lang/String;Ljava/lang/String;F)Landroid/text/SpannableString;
05-30 11:21:43.303 29799 29799 D M_InsDal: Lcom/forrestguice/suntimeswidget/SuntimesUtils$TimeDisplayText;--->getSuffix()Ljava/lang/String;
05-30 11:21:43.303 29799 29799 D M_InsDal: Lcom/forrestguice/suntimeswidget/SuntimesUtils;--->createBoldSpan(Landroid/text/SpannableString;Ljava/lang/String;Ljava/lang/String;)Landroid/text/SpannableString;
05-30 11:21:43.303 29799 29799 D M_InsDal: Lcom/forrestguice/suntimeswidget/SuntimesUtils;--->formatAsDirection2(DIZ)Lcom/forrestguice/suntimeswidget/SuntimesUtils$TimeDisplayText;
05-30 11:21:43.303 29799 29799 D M_InsDal: Lcom/forrestguice/suntimeswidget/SuntimesUtils;--->formatAsDegrees(DI)Ljava/lang/String;
05-30 11:21:43.303 29799 29799 D M_InsDal: Lcom/forrestguice/suntimeswidget/SuntimesUtils$CardinalDirection;--->getDirection(D)Lcom/forrestguice/suntimeswidget/SuntimesUtils$CardinalDirection;
05-30 11:21:43.303 29799 29799 D M_InsDal: Lcom/forrestguice/suntimeswidget/SuntimesUtils$CardinalDirection;--->values()[Lcom/forrestguice/suntimeswidget/SuntimesUtils$CardinalDirection;
05-30 11:21:43.303 29799 29799 D M_InsDal: Lcom/forrestguice/suntimeswidget/SuntimesUtils$CardinalDirection;--->getDegress()D
05-30 11:21:43.303 29799 29799 D M_InsDal: Lcom/forrestguice/suntimeswidget/SuntimesUtils$CardinalDirection;--->getDegress()D
05-30 11:21:43.303 29799 29799 D M_InsDal: Lcom/forrestguice/suntimeswidget/SuntimesUtils$CardinalDirection;--->getLongDisplayString()Ljava/lang/String;
05-30 11:21:43.303 29799 29799 D M_InsDal: Lcom/forrestguice/suntimeswidget/SuntimesUtils$TimeDisplayText;---><init>(Ljava/lang/String;Ljava/lang/String;Ljava/lang/String;)V
05-30 11:21:43.303 29799 29799 D M_InsDal: Lcom/forrestguice/suntimeswidget/SuntimesUtils$TimeDisplayText;--->getValue()Ljava/lang/String;
05-30 11:21:43.303 29799 29799 D M_InsDal: Lcom/forrestguice/suntimeswidget/SuntimesUtils$TimeDisplayText;--->getSuffix()Ljava/lang/String;
05-30 11:21:43.303 29799 29799 D M_InsDal: Lcom/forrestguice/suntimeswidget/SuntimesUtils;--->formatAsDirection(Ljava/lang/String;Ljava/lang/String;)Ljava/lang/String;
05-30 11:21:43.303 29799 29799 D M_InsDal: Lcom/forrestguice/suntimeswidget/SuntimesUtils;--->formatAsElevation(DI)Lcom/forrestguice/suntimeswidget/SuntimesUtils$TimeDisplayText;
05-30 11:21:43.303 29799 29799 D M_InsDal: Lcom/forrestguice/suntimeswidget/SuntimesUtils;--->formatAsDegrees(DI)Ljava/lang/String;
05-30 11:21:43.304 29799 29799 D M_InsDal: Lcom/forrestguice/suntimeswidget/SuntimesUtils$TimeDisplayText;---><init>(Ljava/lang/String;Ljava/lang/String;Ljava/lang/String;)V
05-30 11:21:43.304 29799 29799 D M_InsDal: Lcom/forrestguice/suntimeswidget/SuntimesUtils$TimeDisplayText;--->getValue()Ljava/lang/String;
05-30 11:21:43.304 29799 29799 D M_InsDal: Lcom/forrestguice/suntimeswidget/SuntimesUtils$TimeDisplayText;--->getSuffix()Ljava/lang/String;
05-30 11:21:43.304 29799 29799 D M_InsDal: Lcom/forrestguice/suntimeswidget/SuntimesUtils;--->formatAsElevation(Ljava/lang/String;Ljava/lang/String;)Ljava/lang/String;
05-30 11:21:43.304 29799 29799 D M_InsDal: Lcom/forrestguice/suntimeswidget/SuntimesUtils$TimeDisplayText;--->getSuffix()Ljava/lang/String;
05-30 11:21:43.304 29799 29799 D M_InsDal: Lcom/forrestguice/suntimeswidget/SuntimesUtils;--->createRelativeSpan(Landroid/text/SpannableString;Ljava/lang/String;Ljava/lang/String;F)Landroid/text/SpannableString;
05-30 11:21:43.304 29799 29799 D M_InsDal: Lcom/forrestguice/suntimeswidget/MoonPhasesView;--->updateViews(Landroid/content/Context;Lcom/forrestguice/suntimeswidget/calculator/SuntimesMoonData;)V
05-30 11:21:43.304 29799 29799 D M_InsDal: Lcom/forrestguice/suntimeswidget/MoonPhasesView$PhaseField;--->showLabel(Z)V
05-30 11:21:43.304 29799 29799 D M_InsDal: Lcom/forrestguice/suntimeswidget/MoonPhasesView$PhaseField;--->showLabel(Z)V
05-30 11:21:43.304 29799 29799 D M_InsDal: Lcom/forrestguice/suntimeswidget/calculator/SuntimesData;--->isCalculated()Z
05-30 11:21:43.304 29799 29799 D M_InsDal: Lcom/forrestguice/suntimeswidget/settings/WidgetSettings;--->loadShowWeeksPref(Landroid/content/Context;I)Z
05-30 11:21:43.304 29799 29799 D M_InsDal: Lcom/forrestguice/suntimeswidget/settings/WidgetSettings;--->loadShowTimeDatePref(Landroid/content/Context;I)Z
05-30 11:21:43.304 29799 29799 D M_InsDal: Lcom/forrestguice/suntimeswidget/settings/WidgetSettings;--->loadShowHoursPref(Landroid/content/Context;I)Z
05-30 11:21:43.304 29799 29799 D M_InsDal: Lcom/forrestguice/suntimeswidget/settings/WidgetSettings;--->loadShowSecondsPref(Landroid/content/Context;I)Z
05-30 11:21:43.304 29799 29799 D M_InsDal: Lcom/forrestguice/suntimeswidget/calculator/SuntimesData;--->now()Ljava/util/Calendar;
05-30 11:21:43.304 29799 29799 D M_InsDal: Lcom/forrestguice/suntimeswidget/calculator/SuntimesData;--->timezone()Ljava/util/TimeZone;
05-30 11:21:43.304 29799 29799 D M_InsDal: Lcom/forrestguice/suntimeswidget/calculator/SuntimesMoonData;--->moonPhaseCalendar(Lcom/forrestguice/suntimeswidget/calculator/core/SuntimesCalculator$MoonPhase;)Ljava/util/Calendar;
05-30 11:21:43.304 29799 29799 D M_InsDal: Lcom/forrestguice/suntimeswidget/MoonPhasesView$PhaseField;--->updateField(Landroid/content/Context;Ljava/util/Calendar;Ljava/util/Calendar;ZZZZ)V
05-30 11:21:43.304 29799 29799 D M_InsDal: Lcom/forrestguice/suntimeswidget/SuntimesUtils;--->calendarDateTimeDisplayString(Landroid/content/Context;Ljava/util/Calendar;ZZ)Lcom/forrestguice/suntimeswidget/SuntimesUtils$TimeDisplayText;
05-30 11:21:43.304 29799 29799 D M_InsDal: Lcom/forrestguice/suntimeswidget/SuntimesUtils;--->calendarDateTimeDisplayString(Landroid/content/Context;Ljava/util/Calendar;ZZZ)Lcom/forrestguice/suntimeswidget/SuntimesUtils$TimeDisplayText;
05-30 11:21:43.304 29799 29799 D M_InsDal: Lcom/forrestguice/suntimeswidget/SuntimesUtils;--->getLocale()Ljava/util/Locale;
05-30 11:21:43.304 29799 29799 D M_InsDal: Lcom/forrestguice/suntimeswidget/SuntimesUtils$TimeDisplayText;---><init>(Ljava/lang/String;Ljava/lang/String;Ljava/lang/String;)V
05-30 11:21:43.304 29799 29799 D M_InsDal: Lcom/forrestguice/suntimeswidget/SuntimesUtils$TimeDisplayText;--->setRawValue(J)V
05-30 11:21:43.304 29799 29799 D M_InsDal: Lcom/forrestguice/suntimeswidget/SuntimesUtils$TimeDisplayText;--->getValue()Ljava/lang/String;
05-30 11:21:43.304 29799 29799 D M_InsDal: Lcom/forrestguice/suntimeswidget/SuntimesUtils;--->timeDeltaDisplayString(Ljava/util/Date;Ljava/util/Date;ZZ)Lcom/forrestguice/suntimeswidget/SuntimesUtils$TimeDisplayText;
05-30 11:21:43.304 29799 29799 D M_InsDal: Lcom/forrestguice/suntimeswidget/SuntimesUtils;--->timeDeltaLongDisplayString(JJZZZ)Lcom/forrestguice/suntimeswidget/SuntimesUtils$TimeDisplayText;
05-30 11:21:43.304 29799 29799 D M_InsDal: Lcom/forrestguice/suntimeswidget/SuntimesUtils$TimeDisplayText;---><init>(Ljava/lang/String;Ljava/lang/String;Ljava/lang/String;)V
05-30 11:21:43.304 29799 29799 D M_InsDal: Lcom/forrestguice/suntimeswidget/SuntimesUtils$TimeDisplayText;--->setRawValue(J)V
05-30 11:21:43.304 29799 29799 D M_InsDal: Lcom/forrestguice/suntimeswidget/SuntimesUtils$TimeDisplayText;--->setSuffix(Ljava/lang/String;)V
05-30 11:21:43.304 29799 29799 D M_InsDal: Lcom/forrestguice/suntimeswidget/SuntimesUtils$TimeDisplayText;--->toString()Ljava/lang/String;
05-30 11:21:43.304 29799 29799 D M_InsDal: Lcom/forrestguice/suntimeswidget/SuntimesUtils;--->createBoldColorSpan(Landroid/text/SpannableString;Ljava/lang/String;Ljava/lang/String;I)Landroid/text/SpannableString;
05-30 11:21:43.304 29799 29799 D M_InsDal: Lcom/forrestguice/suntimeswidget/SuntimesUtils;--->createBoldSpan(Landroid/text/SpannableString;Ljava/lang/String;Ljava/lang/String;)Landroid/text/SpannableString;
05-30 11:21:43.304 29799 29799 D M_InsDal: Lcom/forrestguice/suntimeswidget/SuntimesUtils;--->createColorSpan(Landroid/text/SpannableString;Ljava/lang/String;Ljava/lang/String;I)Landroid/text/SpannableString;
05-30 11:21:43.304 29799 29799 D M_InsDal: Lcom/forrestguice/suntimeswidget/calculator/SuntimesData;--->now()Ljava/util/Calendar;
05-30 11:21:43.305 29799 29799 D M_InsDal: Lcom/forrestguice/suntimeswidget/calculator/SuntimesData;--->timezone()Ljava/util/TimeZone;
05-30 11:21:43.305 29799 29799 D M_InsDal: Lcom/forrestguice/suntimeswidget/calculator/SuntimesMoonData;--->moonPhaseCalendar(Lcom/forrestguice/suntimeswidget/calculator/core/SuntimesCalculator$MoonPhase;)Ljava/util/Calendar;
05-30 11:21:43.305 29799 29799 D M_InsDal: Lcom/forrestguice/suntimeswidget/MoonPhasesView$PhaseField;--->updateField(Landroid/content/Context;Ljava/util/Calendar;Ljava/util/Calendar;ZZZZ)V
05-30 11:21:43.305 29799 29799 D M_InsDal: Lcom/forrestguice/suntimeswidget/SuntimesUtils;--->calendarDateTimeDisplayString(Landroid/content/Context;Ljava/util/Calendar;ZZ)Lcom/forrestguice/suntimeswidget/SuntimesUtils$TimeDisplayText;
05-30 11:21:43.305 29799 29799 D M_InsDal: Lcom/forrestguice/suntimeswidget/SuntimesUtils;--->calendarDateTimeDisplayString(Landroid/content/Context;Ljava/util/Calendar;ZZZ)Lcom/forrestguice/suntimeswidget/SuntimesUtils$TimeDisplayText;
05-30 11:21:43.305 29799 29799 D M_InsDal: Lcom/forrestguice/suntimeswidget/SuntimesUtils;--->getLocale()Ljava/util/Locale;
05-30 11:21:43.305 29799 29799 D M_InsDal: Lcom/forrestguice/suntimeswidget/SuntimesUtils$TimeDisplayText;---><init>(Ljava/lang/String;Ljava/lang/String;Ljava/lang/String;)V
05-30 11:21:43.305 29799 29799 D M_InsDal: Lcom/forrestguice/suntimeswidget/SuntimesUtils$TimeDisplayText;--->setRawValue(J)V
05-30 11:21:43.305 29799 29799 D M_InsDal: Lcom/forrestguice/suntimeswidget/SuntimesUtils$TimeDisplayText;--->getValue()Ljava/lang/String;
05-30 11:21:43.305 29799 29799 D M_InsDal: Lcom/forrestguice/suntimeswidget/SuntimesUtils;--->timeDeltaDisplayString(Ljava/util/Date;Ljava/util/Date;ZZ)Lcom/forrestguice/suntimeswidget/SuntimesUtils$TimeDisplayText;
05-30 11:21:43.305 29799 29799 D M_InsDal: Lcom/forrestguice/suntimeswidget/SuntimesUtils;--->timeDeltaLongDisplayString(JJZZZ)Lcom/forrestguice/suntimeswidget/SuntimesUtils$TimeDisplayText;
05-30 11:21:43.305 29799 29799 D M_InsDal: Lcom/forrestguice/suntimeswidget/SuntimesUtils$TimeDisplayText;---><init>(Ljava/lang/String;Ljava/lang/String;Ljava/lang/String;)V
05-30 11:21:43.305 29799 29799 D M_InsDal: Lcom/forrestguice/suntimeswidget/SuntimesUtils$TimeDisplayText;--->setRawValue(J)V
05-30 11:21:43.305 29799 29799 D M_InsDal: Lcom/forrestguice/suntimeswidget/SuntimesUtils$TimeDisplayText;--->setSuffix(Ljava/lang/String;)V
05-30 11:21:43.305 29799 29799 D M_InsDal: Lcom/forrestguice/suntimeswidget/SuntimesUtils$TimeDisplayText;--->toString()Ljava/lang/String;
05-30 11:21:43.305 29799 29799 D M_InsDal: Lcom/forrestguice/suntimeswidget/SuntimesUtils;--->createBoldColorSpan(Landroid/text/SpannableString;Ljava/lang/String;Ljava/lang/String;I)Landroid/text/SpannableString;
05-30 11:21:43.305 29799 29799 D M_InsDal: Lcom/forrestguice/suntimeswidget/SuntimesUtils;--->createBoldSpan(Landroid/text/SpannableString;Ljava/lang/String;Ljava/lang/String;)Landroid/text/SpannableString;
05-30 11:21:43.305 29799 29799 D M_InsDal: Lcom/forrestguice/suntimeswidget/SuntimesUtils;--->createColorSpan(Landroid/text/SpannableString;Ljava/lang/String;Ljava/lang/String;I)Landroid/text/SpannableString;
05-30 11:21:43.305 29799 29799 D M_InsDal: Lcom/forrestguice/suntimeswidget/calculator/SuntimesData;--->now()Ljava/util/Calendar;
05-30 11:21:43.305 29799 29799 D M_InsDal: Lcom/forrestguice/suntimeswidget/calculator/SuntimesData;--->timezone()Ljava/util/TimeZone;
05-30 11:21:43.305 29799 29799 D M_InsDal: Lcom/forrestguice/suntimeswidget/calculator/SuntimesMoonData;--->moonPhaseCalendar(Lcom/forrestguice/suntimeswidget/calculator/core/SuntimesCalculator$MoonPhase;)Ljava/util/Calendar;
05-30 11:21:43.305 29799 29799 D M_InsDal: Lcom/forrestguice/suntimeswidget/MoonPhasesView$PhaseField;--->updateField(Landroid/content/Context;Ljava/util/Calendar;Ljava/util/Calendar;ZZZZ)V
05-30 11:21:43.305 29799 29799 D M_InsDal: Lcom/forrestguice/suntimeswidget/SuntimesUtils;--->calendarDateTimeDisplayString(Landroid/content/Context;Ljava/util/Calendar;ZZ)Lcom/forrestguice/suntimeswidget/SuntimesUtils$TimeDisplayText;
05-30 11:21:43.305 29799 29799 D M_InsDal: Lcom/forrestguice/suntimeswidget/SuntimesUtils;--->calendarDateTimeDisplayString(Landroid/content/Context;Ljava/util/Calendar;ZZZ)Lcom/forrestguice/suntimeswidget/SuntimesUtils$TimeDisplayText;
05-30 11:21:43.305 29799 29799 D M_InsDal: Lcom/forrestguice/suntimeswidget/SuntimesUtils;--->getLocale()Ljava/util/Locale;
05-30 11:21:43.305 29799 29799 D M_InsDal: Lcom/forrestguice/suntimeswidget/SuntimesUtils$TimeDisplayText;---><init>(Ljava/lang/String;Ljava/lang/String;Ljava/lang/String;)V
05-30 11:21:43.305 29799 29799 D M_InsDal: Lcom/forrestguice/suntimeswidget/SuntimesUtils$TimeDisplayText;--->setRawValue(J)V
05-30 11:21:43.305 29799 29799 D M_InsDal: Lcom/forrestguice/suntimeswidget/SuntimesUtils$TimeDisplayText;--->getValue()Ljava/lang/String;
05-30 11:21:43.305 29799 29799 D M_InsDal: Lcom/forrestguice/suntimeswidget/SuntimesUtils;--->timeDeltaDisplayString(Ljava/util/Date;Ljava/util/Date;ZZ)Lcom/forrestguice/suntimeswidget/SuntimesUtils$TimeDisplayText;
05-30 11:21:43.305 29799 29799 D M_InsDal: Lcom/forrestguice/suntimeswidget/SuntimesUtils;--->timeDeltaLongDisplayString(JJZZZ)Lcom/forrestguice/suntimeswidget/SuntimesUtils$TimeDisplayText;
05-30 11:21:43.305 29799 29799 D M_InsDal: Lcom/forrestguice/suntimeswidget/SuntimesUtils$TimeDisplayText;---><init>(Ljava/lang/String;Ljava/lang/String;Ljava/lang/String;)V
05-30 11:21:43.305 29799 29799 D M_InsDal: Lcom/forrestguice/suntimeswidget/SuntimesUtils$TimeDisplayText;--->setRawValue(J)V
05-30 11:21:43.305 29799 29799 D M_InsDal: Lcom/forrestguice/suntimeswidget/SuntimesUtils$TimeDisplayText;--->setSuffix(Ljava/lang/String;)V
05-30 11:21:43.305 29799 29799 D M_InsDal: Lcom/forrestguice/suntimeswidget/SuntimesUtils$TimeDisplayText;--->toString()Ljava/lang/String;
05-30 11:21:43.305 29799 29799 D M_InsDal: Lcom/forrestguice/suntimeswidget/SuntimesUtils;--->createBoldColorSpan(Landroid/text/SpannableString;Ljava/lang/String;Ljava/lang/String;I)Landroid/text/SpannableString;
05-30 11:21:43.305 29799 29799 D M_InsDal: Lcom/forrestguice/suntimeswidget/SuntimesUtils;--->createBoldSpan(Landroid/text/SpannableString;Ljava/lang/String;Ljava/lang/String;)Landroid/text/SpannableString;
05-30 11:21:43.305 29799 29799 D M_InsDal: Lcom/forrestguice/suntimeswidget/SuntimesUtils;--->createColorSpan(Landroid/text/SpannableString;Ljava/lang/String;Ljava/lang/String;I)Landroid/text/SpannableString;
05-30 11:21:43.305 29799 29799 D M_InsDal: Lcom/forrestguice/suntimeswidget/calculator/SuntimesData;--->now()Ljava/util/Calendar;
05-30 11:21:43.305 29799 29799 D M_InsDal: Lcom/forrestguice/suntimeswidget/calculator/SuntimesData;--->timezone()Ljava/util/TimeZone;
05-30 11:21:43.305 29799 29799 D M_InsDal: Lcom/forrestguice/suntimeswidget/calculator/SuntimesMoonData;--->moonPhaseCalendar(Lcom/forrestguice/suntimeswidget/calculator/core/SuntimesCalculator$MoonPhase;)Ljava/util/Calendar;
05-30 11:21:43.305 29799 29799 D M_InsDal: Lcom/forrestguice/suntimeswidget/MoonPhasesView$PhaseField;--->updateField(Landroid/content/Context;Ljava/util/Calendar;Ljava/util/Calendar;ZZZZ)V
05-30 11:21:43.305 29799 29799 D M_InsDal: Lcom/forrestguice/suntimeswidget/SuntimesUtils;--->calendarDateTimeDisplayString(Landroid/content/Context;Ljava/util/Calendar;ZZ)Lcom/forrestguice/suntimeswidget/SuntimesUtils$TimeDisplayText;
05-30 11:21:43.305 29799 29799 D M_InsDal: Lcom/forrestguice/suntimeswidget/SuntimesUtils;--->calendarDateTimeDisplayString(Landroid/content/Context;Ljava/util/Calendar;ZZZ)Lcom/forrestguice/suntimeswidget/SuntimesUtils$TimeDisplayText;
05-30 11:21:43.305 29799 29799 D M_InsDal: Lcom/forrestguice/suntimeswidget/SuntimesUtils;--->getLocale()Ljava/util/Locale;
05-30 11:21:43.305 29799 29799 D M_InsDal: Lcom/forrestguice/suntimeswidget/SuntimesUtils$TimeDisplayText;---><init>(Ljava/lang/String;Ljava/lang/String;Ljava/lang/String;)V
05-30 11:21:43.305 29799 29799 D M_InsDal: Lcom/forrestguice/suntimeswidget/SuntimesUtils$TimeDisplayText;--->setRawValue(J)V
05-30 11:21:43.305 29799 29799 D M_InsDal: Lcom/forrestguice/suntimeswidget/SuntimesUtils$TimeDisplayText;--->getValue()Ljava/lang/String;
05-30 11:21:43.305 29799 29799 D M_InsDal: Lcom/forrestguice/suntimeswidget/SuntimesUtils;--->timeDeltaDisplayString(Ljava/util/Date;Ljava/util/Date;ZZ)Lcom/forrestguice/suntimeswidget/SuntimesUtils$TimeDisplayText;
05-30 11:21:43.305 29799 29799 D M_InsDal: Lcom/forrestguice/suntimeswidget/SuntimesUtils;--->timeDeltaLongDisplayString(JJZZZ)Lcom/forrestguice/suntimeswidget/SuntimesUtils$TimeDisplayText;
05-30 11:21:43.305 29799 29799 D M_InsDal: Lcom/forrestguice/suntimeswidget/SuntimesUtils$TimeDisplayText;---><init>(Ljava/lang/String;Ljava/lang/String;Ljava/lang/String;)V
05-30 11:21:43.305 29799 29799 D M_InsDal: Lcom/forrestguice/suntimeswidget/SuntimesUtils$TimeDisplayText;--->setRawValue(J)V
05-30 11:21:43.305 29799 29799 D M_InsDal: Lcom/forrestguice/suntimeswidget/SuntimesUtils$TimeDisplayText;--->setSuffix(Ljava/lang/String;)V
05-30 11:21:43.305 29799 29799 D M_InsDal: Lcom/forrestguice/suntimeswidget/SuntimesUtils$TimeDisplayText;--->toString()Ljava/lang/String;
05-30 11:21:43.305 29799 29799 D M_InsDal: Lcom/forrestguice/suntimeswidget/SuntimesUtils;--->createBoldColorSpan(Landroid/text/SpannableString;Ljava/lang/String;Ljava/lang/String;I)Landroid/text/SpannableString;
05-30 11:21:43.305 29799 29799 D M_InsDal: Lcom/forrestguice/suntimeswidget/SuntimesUtils;--->createBoldSpan(Landroid/text/SpannableString;Ljava/lang/String;Ljava/lang/String;)Landroid/text/SpannableString;
05-30 11:21:43.305 29799 29799 D M_InsDal: Lcom/forrestguice/suntimeswidget/SuntimesUtils;--->createColorSpan(Landroid/text/SpannableString;Ljava/lang/String;Ljava/lang/String;I)Landroid/text/SpannableString;
05-30 11:21:43.305 29799 29799 D M_InsDal: Lcom/forrestguice/suntimeswidget/calculator/SuntimesData;--->midnight()Ljava/util/Calendar;
05-30 11:21:43.305 29799 29799 D M_InsDal: Lcom/forrestguice/suntimeswidget/calculator/SuntimesMoonData;--->nextPhase(Ljava/util/Calendar;)Lcom/forrestguice/suntimeswidget/calculator/core/SuntimesCalculator$MoonPhase;
05-30 11:21:43.305 29799 29799 D M_InsDal: Lcom/forrestguice/suntimeswidget/MoonPhasesView;--->reorderLayout(Lcom/forrestguice/suntimeswidget/calculator/core/SuntimesCalculator$MoonPhase;)V
05-30 11:21:43.305 29799 29799 D M_InsDal: Lcom/forrestguice/suntimeswidget/MoonPhasesView;--->clearLayout()V
05-30 11:21:43.305 29799 29799 D M_InsDal: Lcom/forrestguice/suntimeswidget/MoonPhasesView$PhaseField;--->removeFromLayout(Landroid/widget/LinearLayout;)V
05-30 11:21:43.305 29799 29799 D M_InsDal: Lcom/forrestguice/suntimeswidget/MoonPhasesView$PhaseField;--->removeFromLayout(Landroid/widget/LinearLayout;)V
05-30 11:21:43.305 29799 29799 D M_InsDal: Lcom/forrestguice/suntimeswidget/MoonPhasesView$1;---><clinit>()V
05-30 11:21:43.305 29799 29799 D M_InsDal: Lcom/forrestguice/suntimeswidget/calculator/core/SuntimesCalculator$MoonPhase;--->values()[Lcom/forrestguice/suntimeswidget/calculator/core/SuntimesCalculator$MoonPhase;
05-30 11:21:43.305 29799 29799 D M_InsDal: Lcom/forrestguice/suntimeswidget/MoonPhasesView$PhaseField;--->addToLayout(Landroid/widget/LinearLayout;)V
05-30 11:21:43.305 29799 29799 D M_InsDal: Lcom/forrestguice/suntimeswidget/MoonPhasesView$PhaseField;--->addToLayout(Landroid/widget/LinearLayout;)V
05-30 11:21:43.305 29799 29799 D M_InsDal: Lcom/forrestguice/suntimeswidget/MoonDialog;--->startUpdateTask()V
05-30 11:21:43.305 29799 29799 D M_InsDal: Lcom/forrestguice/suntimeswidget/MoonDialog;--->stopUpdateTask()V
05-30 11:21:43.589 29799 29799 D M_InsDal: Lcom/forrestguice/suntimeswidget/LightMapView;--->onSizeChanged(IIII)V
05-30 11:21:43.590 29799 29799 D M_InsDal: Lcom/forrestguice/suntimeswidget/LightMapView;--->updateViews(Z)V
05-30 11:21:43.590 29799 29799 D M_InsDal: Lcom/forrestguice/suntimeswidget/LightMapView;--->updateViews(Lcom/forrestguice/suntimeswidget/calculator/SuntimesRiseSetDataset;)V
05-30 11:21:43.590 29799 29799 D M_InsDal: Lcom/forrestguice/suntimeswidget/LightMapView$LightMapTask;---><init>()V
05-30 11:21:43.590 29799 29799 D M_InsDal: Lcom/forrestguice/suntimeswidget/LightMapView$1;---><init>(Lcom/forrestguice/suntimeswidget/LightMapView;)V
05-30 11:21:43.590 29799 29799 D M_InsDal: Lcom/forrestguice/suntimeswidget/LightMapView$LightMapTaskListener;---><init>()V
05-30 11:21:43.590 29799 29799 D M_InsDal: Lcom/forrestguice/suntimeswidget/LightMapView$LightMapTask;--->setListener(Lcom/forrestguice/suntimeswidget/LightMapView$LightMapTaskListener;)V
05-30 11:21:43.590 29799 29799 D M_InsDal: Lcom/forrestguice/suntimeswidget/LightMapView$LightMapTask;--->onPreExecute()V
05-30 11:21:43.590 29799 29821 D M_InsDal: Lcom/forrestguice/suntimeswidget/LightMapView$LightMapTask;--->doInBackground([Ljava/lang/Object;)Landroid/graphics/Bitmap;
05-30 11:21:43.590 29799 29821 D M_InsDal: Lcom/forrestguice/suntimeswidget/LightMapView$LightMapTask;--->makeBitmap(Lcom/forrestguice/suntimeswidget/calculator/SuntimesRiseSetDataset;IILcom/forrestguice/suntimeswidget/LightMapView$LightMapColors;)Landroid/graphics/Bitmap;
05-30 11:21:43.590 29799 29821 D M_InsDal: Lcom/forrestguice/suntimeswidget/LightMapView$LightMapTask;--->drawRect(Landroid/graphics/Canvas;Landroid/graphics/Paint;)V
05-30 11:21:43.590 29799 29799 D M_InsDal: Lcom/forrestguice/suntimeswidget/MoonDialog$1;--->onShow(Landroid/content/DialogInterface;)V
05-30 11:21:43.590 29799 29821 D M_InsDal: Lcom/forrestguice/suntimeswidget/LightMapView$LightMapTask;--->drawRect(Lcom/forrestguice/suntimeswidget/calculator/SuntimesRiseSetData;Landroid/graphics/Canvas;Landroid/graphics/Paint;)Z
05-30 11:21:43.590 29799 29821 D M_InsDal: Lcom/forrestguice/suntimeswidget/calculator/SuntimesRiseSetData;--->sunriseCalendarToday()Ljava/util/Calendar;
05-30 11:21:43.590 29799 29799 D M_InsDal: Lcom/forrestguice/suntimeswidget/MoonDialog;--->updateViews()V
05-30 11:21:43.590 29799 29821 D M_InsDal: Lcom/forrestguice/suntimeswidget/calculator/SuntimesRiseSetData;--->sunsetCalendarToday()Ljava/util/Calendar;
05-30 11:21:43.590 29799 29799 D M_InsDal: Lcom/forrestguice/suntimeswidget/MoonDialog;--->stopUpdateTask()V
05-30 11:21:43.590 29799 29821 D M_InsDal: Lcom/forrestguice/suntimeswidget/calculator/SuntimesData;--->calendar()Ljava/util/Calendar;
05-30 11:21:43.590 29799 29799 D M_InsDal: Lcom/forrestguice/suntimeswidget/MoonRiseSetView;--->updateViews(Landroid/content/Context;Lcom/forrestguice/suntimeswidget/calculator/SuntimesMoonData;)V
05-30 11:21:43.590 29799 29821 D M_InsDal: Lcom/forrestguice/suntimeswidget/calculator/SuntimesData;--->calendar()Ljava/util/Calendar;
05-30 11:21:43.590 29799 29799 D M_InsDal: Lcom/forrestguice/suntimeswidget/calculator/SuntimesData;--->isCalculated()Z
05-30 11:21:43.590 29799 29799 D M_InsDal: Lcom/forrestguice/suntimeswidget/settings/WidgetSettings;--->loadShowSecondsPref(Landroid/content/Context;I)Z
05-30 11:21:43.590 29799 29821 D M_InsDal: Lcom/forrestguice/suntimeswidget/LightMapView$LightMapTask;--->drawRect(Lcom/forrestguice/suntimeswidget/calculator/SuntimesRiseSetData;Landroid/graphics/Canvas;Landroid/graphics/Paint;)Z
05-30 11:21:43.590 29799 29821 D M_InsDal: Lcom/forrestguice/suntimeswidget/calculator/SuntimesRiseSetData;--->sunriseCalendarToday()Ljava/util/Calendar;
05-30 11:21:43.590 29799 29821 D M_InsDal: Lcom/forrestguice/suntimeswidget/calculator/SuntimesRiseSetData;--->sunsetCalendarToday()Ljava/util/Calendar;
05-30 11:21:43.590 29799 29821 D M_InsDal: Lcom/forrestguice/suntimeswidget/calculator/SuntimesData;--->calendar()Ljava/util/Calendar;
05-30 11:21:43.590 29799 29821 D M_InsDal: Lcom/forrestguice/suntimeswidget/calculator/SuntimesData;--->calendar()Ljava/util/Calendar;
05-30 11:21:43.590 29799 29821 D M_InsDal: Lcom/forrestguice/suntimeswidget/LightMapView$LightMapTask;--->drawRect(Lcom/forrestguice/suntimeswidget/calculator/SuntimesRiseSetData;Landroid/graphics/Canvas;Landroid/graphics/Paint;)Z
05-30 11:21:43.590 29799 29821 D M_InsDal: Lcom/forrestguice/suntimeswidget/calculator/SuntimesRiseSetData;--->sunriseCalendarToday()Ljava/util/Calendar;
05-30 11:21:43.590 29799 29821 D M_InsDal: Lcom/forrestguice/suntimeswidget/calculator/SuntimesRiseSetData;--->sunsetCalendarToday()Ljava/util/Calendar;
05-30 11:21:43.590 29799 29821 D M_InsDal: Lcom/forrestguice/suntimeswidget/calculator/SuntimesData;--->calendar()Ljava/util/Calendar;
05-30 11:21:43.590 29799 29821 D M_InsDal: Lcom/forrestguice/suntimeswidget/calculator/SuntimesData;--->calendar()Ljava/util/Calendar;
05-30 11:21:43.590 29799 29799 D M_InsDal: Lcom/forrestguice/suntimeswidget/calculator/SuntimesMoonData;--->moonriseCalendarToday()Ljava/util/Calendar;
05-30 11:21:43.590 29799 29821 D M_InsDal: Lcom/forrestguice/suntimeswidget/LightMapView$LightMapTask;--->drawRect(Lcom/forrestguice/suntimeswidget/calculator/SuntimesRiseSetData;Landroid/graphics/Canvas;Landroid/graphics/Paint;)Z
05-30 11:21:43.590 29799 29799 D M_InsDal: Lcom/forrestguice/suntimeswidget/calculator/SuntimesMoonData;--->moonsetCalendarToday()Ljava/util/Calendar;
05-30 11:21:43.590 29799 29821 D M_InsDal: Lcom/forrestguice/suntimeswidget/calculator/SuntimesRiseSetData;--->sunriseCalendarToday()Ljava/util/Calendar;
05-30 11:21:43.590 29799 29821 D M_InsDal: Lcom/forrestguice/suntimeswidget/calculator/SuntimesRiseSetData;--->sunsetCalendarToday()Ljava/util/Calendar;
05-30 11:21:43.590 29799 29799 D M_InsDal: Lcom/forrestguice/suntimeswidget/MoonRiseSetView$MoonRiseSetField;--->updateField(Landroid/content/Context;Ljava/util/Calendar;Z)V
05-30 11:21:43.590 29799 29821 D M_InsDal: Lcom/forrestguice/suntimeswidget/calculator/SuntimesData;--->calendar()Ljava/util/Calendar;
05-30 11:21:43.590 29799 29799 D M_InsDal: Lcom/forrestguice/suntimeswidget/SuntimesUtils;--->calendarTimeShortDisplayString(Landroid/content/Context;Ljava/util/Calendar;Z)Lcom/forrestguice/suntimeswidget/SuntimesUtils$TimeDisplayText;
05-30 11:21:43.590 29799 29821 D M_InsDal: Lcom/forrestguice/suntimeswidget/calculator/SuntimesData;--->calendar()Ljava/util/Calendar;
05-30 11:21:43.590 29799 29799 D M_InsDal: Lcom/forrestguice/suntimeswidget/SuntimesUtils;--->calendarTime12HrDisplayString(Landroid/content/Context;Ljava/util/Calendar;Z)Lcom/forrestguice/suntimeswidget/SuntimesUtils$TimeDisplayText;
05-30 11:21:43.590 29799 29799 D M_InsDal: Lcom/forrestguice/suntimeswidget/SuntimesUtils;--->getLocale()Ljava/util/Locale;
05-30 11:21:43.590 29799 29821 D M_InsDal: Lcom/forrestguice/suntimeswidget/calculator/SuntimesRiseSetDataset;--->now()Ljava/util/Calendar;
05-30 11:21:43.590 29799 29821 D M_InsDal: Lcom/forrestguice/suntimeswidget/calculator/SuntimesData;--->now()Ljava/util/Calendar;
05-30 11:21:43.590 29799 29821 D M_InsDal: Lcom/forrestguice/suntimeswidget/calculator/SuntimesData;--->timezone()Ljava/util/TimeZone;
05-30 11:21:43.590 29799 29821 D M_InsDal: Lcom/forrestguice/suntimeswidget/LightMapView$LightMapTask;--->drawPoint(Ljava/util/Calendar;IILandroid/graphics/Canvas;Landroid/graphics/Paint;)V
05-30 11:21:43.590 29799 29799 D M_InsDal: Lcom/forrestguice/suntimeswidget/SuntimesUtils$TimeDisplayText;---><init>(Ljava/lang/String;Ljava/lang/String;Ljava/lang/String;)V
05-30 11:21:43.590 29799 29799 D M_InsDal: Lcom/forrestguice/suntimeswidget/SuntimesUtils$TimeDisplayText;--->setRawValue(J)V
05-30 11:21:43.590 29799 29799 D M_InsDal: Lcom/forrestguice/suntimeswidget/SuntimesUtils$TimeDisplayText;--->toString()Ljava/lang/String;
05-30 11:21:43.590 29799 29799 D M_InsDal: Lcom/forrestguice/suntimeswidget/MoonRiseSetView$MoonRiseSetField;--->updateField(Landroid/content/Context;Ljava/util/Calendar;Z)V
05-30 11:21:43.590 29799 29799 D M_InsDal: Lcom/forrestguice/suntimeswidget/SuntimesUtils;--->calendarTimeShortDisplayString(Landroid/content/Context;Ljava/util/Calendar;Z)Lcom/forrestguice/suntimeswidget/SuntimesUtils$TimeDisplayText;
05-30 11:21:43.590 29799 29799 D M_InsDal: Lcom/forrestguice/suntimeswidget/SuntimesUtils;--->calendarTime12HrDisplayString(Landroid/content/Context;Ljava/util/Calendar;Z)Lcom/forrestguice/suntimeswidget/SuntimesUtils$TimeDisplayText;
05-30 11:21:43.590 29799 29799 D M_InsDal: Lcom/forrestguice/suntimeswidget/SuntimesUtils;--->getLocale()Ljava/util/Locale;
05-30 11:21:43.591 29799 29799 D M_InsDal: Lcom/forrestguice/suntimeswidget/SuntimesUtils$TimeDisplayText;---><init>(Ljava/lang/String;Ljava/lang/String;Ljava/lang/String;)V
05-30 11:21:43.591 29799 29799 D M_InsDal: Lcom/forrestguice/suntimeswidget/SuntimesUtils$TimeDisplayText;--->setRawValue(J)V
05-30 11:21:43.591 29799 29799 D M_InsDal: Lcom/forrestguice/suntimeswidget/SuntimesUtils$TimeDisplayText;--->toString()Ljava/lang/String;
05-30 11:21:43.591 29799 29799 D M_InsDal: Lcom/forrestguice/suntimeswidget/calculator/SuntimesMoonData;--->moonriseCalendarTomorrow()Ljava/util/Calendar;
05-30 11:21:43.591 29799 29799 D M_InsDal: Lcom/forrestguice/suntimeswidget/calculator/SuntimesMoonData;--->moonsetCalendarTomorrow()Ljava/util/Calendar;
05-30 11:21:43.591 29799 29799 D M_InsDal: Lcom/forrestguice/suntimeswidget/MoonRiseSetView$MoonRiseSetField;--->updateField(Landroid/content/Context;Ljava/util/Calendar;Z)V
05-30 11:21:43.591 29799 29799 D M_InsDal: Lcom/forrestguice/suntimeswidget/SuntimesUtils;--->calendarTimeShortDisplayString(Landroid/content/Context;Ljava/util/Calendar;Z)Lcom/forrestguice/suntimeswidget/SuntimesUtils$TimeDisplayText;
05-30 11:21:43.591 29799 29799 D M_InsDal: Lcom/forrestguice/suntimeswidget/SuntimesUtils;--->calendarTime12HrDisplayString(Landroid/content/Context;Ljava/util/Calendar;Z)Lcom/forrestguice/suntimeswidget/SuntimesUtils$TimeDisplayText;
05-30 11:21:43.591 29799 29799 D M_InsDal: Lcom/forrestguice/suntimeswidget/SuntimesUtils;--->getLocale()Ljava/util/Locale;
05-30 11:21:43.591 29799 29799 D M_InsDal: Lcom/forrestguice/suntimeswidget/SuntimesUtils$TimeDisplayText;---><init>(Ljava/lang/String;Ljava/lang/String;Ljava/lang/String;)V
05-30 11:21:43.591 29799 29799 D M_InsDal: Lcom/forrestguice/suntimeswidget/SuntimesUtils$TimeDisplayText;--->setRawValue(J)V
05-30 11:21:43.591 29799 29799 D M_InsDal: Lcom/forrestguice/suntimeswidget/SuntimesUtils$TimeDisplayText;--->toString()Ljava/lang/String;
05-30 11:21:43.591 29799 29799 D M_InsDal: Lcom/forrestguice/suntimeswidget/MoonRiseSetView$MoonRiseSetField;--->updateField(Landroid/content/Context;Ljava/util/Calendar;Z)V
05-30 11:21:43.591 29799 29799 D M_InsDal: Lcom/forrestguice/suntimeswidget/SuntimesUtils;--->calendarTimeShortDisplayString(Landroid/content/Context;Ljava/util/Calendar;Z)Lcom/forrestguice/suntimeswidget/SuntimesUtils$TimeDisplayText;
05-30 11:21:43.591 29799 29799 D M_InsDal: Lcom/forrestguice/suntimeswidget/SuntimesUtils;--->calendarTime12HrDisplayString(Landroid/content/Context;Ljava/util/Calendar;Z)Lcom/forrestguice/suntimeswidget/SuntimesUtils$TimeDisplayText;
05-30 11:21:43.591 29799 29799 D M_InsDal: Lcom/forrestguice/suntimeswidget/SuntimesUtils;--->getLocale()Ljava/util/Locale;
05-30 11:21:43.591 29799 29799 D M_InsDal: Lcom/forrestguice/suntimeswidget/SuntimesUtils$TimeDisplayText;---><init>(Ljava/lang/String;Ljava/lang/String;Ljava/lang/String;)V
05-30 11:21:43.591 29799 29799 D M_InsDal: Lcom/forrestguice/suntimeswidget/SuntimesUtils$TimeDisplayText;--->setRawValue(J)V
05-30 11:21:43.591 29799 29799 D M_InsDal: Lcom/forrestguice/suntimeswidget/SuntimesUtils$TimeDisplayText;--->toString()Ljava/lang/String;
05-30 11:21:43.591 29799 29799 D M_InsDal: Lcom/forrestguice/suntimeswidget/calculator/SuntimesData;--->calculator()Lcom/forrestguice/suntimeswidget/calculator/core/SuntimesCalculator;
05-30 11:21:43.591 29799 29799 D M_InsDal: Lcom/forrestguice/suntimeswidget/calculator/time4a/Time4ASuntimesCalculator;--->getMoonPosition(Ljava/util/Calendar;)Lcom/forrestguice/suntimeswidget/calculator/core/SuntimesCalculator$MoonPosition;
05-30 11:21:43.591 29799 29799 D M_InsDal: Lcom/forrestguice/suntimeswidget/calculator/core/SuntimesCalculator$MoonPosition;---><init>()V
05-30 11:21:43.591 29799 29799 D M_InsDal: Lcom/forrestguice/suntimeswidget/calculator/core/SuntimesCalculator$Position;---><init>()V
05-30 11:21:43.591 29799 29799 D M_InsDal: Lcom/forrestguice/suntimeswidget/calculator/time4a/Time4ASuntimesCalculator;--->getMoonPosition(Ljava/util/Calendar;)Lcom/forrestguice/suntimeswidget/calculator/core/SuntimesCalculator$MoonPosition;
05-30 11:21:43.591 29799 29799 D M_InsDal: Lcom/forrestguice/suntimeswidget/calculator/core/SuntimesCalculator$MoonPosition;---><init>()V
05-30 11:21:43.591 29799 29799 D M_InsDal: Lcom/forrestguice/suntimeswidget/calculator/core/SuntimesCalculator$Position;---><init>()V
05-30 11:21:43.591 29799 29799 D M_InsDal: Lcom/forrestguice/suntimeswidget/MoonRiseSetView$MoonRiseSetField;--->updateField(Landroid/content/Context;Lcom/forrestguice/suntimeswidget/calculator/core/SuntimesCalculator$Position;)V
05-30 11:21:43.591 29799 29799 D M_InsDal: Lcom/forrestguice/suntimeswidget/SuntimesUtils;--->formatAsDirection2(DIZ)Lcom/forrestguice/suntimeswidget/SuntimesUtils$TimeDisplayText;
05-30 11:21:43.591 29799 29799 D M_InsDal: Lcom/forrestguice/suntimeswidget/SuntimesUtils;--->formatAsDegrees(DI)Ljava/lang/String;
05-30 11:21:43.591 29799 29799 D M_InsDal: Lcom/forrestguice/suntimeswidget/SuntimesUtils$CardinalDirection;--->getDirection(D)Lcom/forrestguice/suntimeswidget/SuntimesUtils$CardinalDirection;
05-30 11:21:43.591 29799 29799 D M_InsDal: Lcom/forrestguice/suntimeswidget/SuntimesUtils$CardinalDirection;--->values()[Lcom/forrestguice/suntimeswidget/SuntimesUtils$CardinalDirection;
05-30 11:21:43.591 29799 29799 D M_InsDal: Lcom/forrestguice/suntimeswidget/SuntimesUtils$CardinalDirection;--->getDegress()D
05-30 11:21:43.591 29799 29799 D M_InsDal: Lcom/forrestguice/suntimeswidget/SuntimesUtils$CardinalDirection;--->getDegress()D
05-30 11:21:43.591 29799 29799 D M_InsDal: Lcom/forrestguice/suntimeswidget/SuntimesUtils$CardinalDirection;--->getShortDisplayString()Ljava/lang/String;
05-30 11:21:43.591 29799 29799 D M_InsDal: Lcom/forrestguice/suntimeswidget/SuntimesUtils$TimeDisplayText;---><init>(Ljava/lang/String;Ljava/lang/String;Ljava/lang/String;)V
05-30 11:21:43.591 29799 29799 D M_InsDal: Lcom/forrestguice/suntimeswidget/SuntimesUtils$TimeDisplayText;--->getValue()Ljava/lang/String;
05-30 11:21:43.591 29799 29799 D M_InsDal: Lcom/forrestguice/suntimeswidget/SuntimesUtils$TimeDisplayText;--->getSuffix()Ljava/lang/String;
05-30 11:21:43.591 29799 29799 D M_InsDal: Lcom/forrestguice/suntimeswidget/SuntimesUtils;--->formatAsDirection(Ljava/lang/String;Ljava/lang/String;)Ljava/lang/String;
05-30 11:21:43.591 29799 29799 D M_InsDal: Lcom/forrestguice/suntimeswidget/SuntimesUtils$TimeDisplayText;--->getSuffix()Ljava/lang/String;
05-30 11:21:43.591 29799 29799 D M_InsDal: Lcom/forrestguice/suntimeswidget/SuntimesUtils;--->createRelativeSpan(Landroid/text/SpannableString;Ljava/lang/String;Ljava/lang/String;F)Landroid/text/SpannableString;
05-30 11:21:43.591 29799 29799 D M_InsDal: Lcom/forrestguice/suntimeswidget/SuntimesUtils$TimeDisplayText;--->getSuffix()Ljava/lang/String;
05-30 11:21:43.591 29799 29799 D M_InsDal: Lcom/forrestguice/suntimeswidget/SuntimesUtils;--->createBoldSpan(Landroid/text/SpannableString;Ljava/lang/String;Ljava/lang/String;)Landroid/text/SpannableString;
05-30 11:21:43.591 29799 29799 D M_InsDal: Lcom/forrestguice/suntimeswidget/SuntimesUtils;--->formatAsDirection2(DIZ)Lcom/forrestguice/suntimeswidget/SuntimesUtils$TimeDisplayText;
05-30 11:21:43.591 29799 29799 D M_InsDal: Lcom/forrestguice/suntimeswidget/SuntimesUtils;--->formatAsDegrees(DI)Ljava/lang/String;
05-30 11:21:43.591 29799 29799 D M_InsDal: Lcom/forrestguice/suntimeswidget/SuntimesUtils$CardinalDirection;--->getDirection(D)Lcom/forrestguice/suntimeswidget/SuntimesUtils$CardinalDirection;
05-30 11:21:43.591 29799 29799 D M_InsDal: Lcom/forrestguice/suntimeswidget/SuntimesUtils$CardinalDirection;--->values()[Lcom/forrestguice/suntimeswidget/SuntimesUtils$CardinalDirection;
05-30 11:21:43.591 29799 29799 D M_InsDal: Lcom/forrestguice/suntimeswidget/SuntimesUtils$CardinalDirection;--->getDegress()D
05-30 11:21:43.591 29799 29799 D M_InsDal: Lcom/forrestguice/suntimeswidget/SuntimesUtils$CardinalDirection;--->getDegress()D
05-30 11:21:43.591 29799 29799 D M_InsDal: Lcom/forrestguice/suntimeswidget/SuntimesUtils$CardinalDirection;--->getLongDisplayString()Ljava/lang/String;
05-30 11:21:43.591 29799 29799 D M_InsDal: Lcom/forrestguice/suntimeswidget/SuntimesUtils$TimeDisplayText;---><init>(Ljava/lang/String;Ljava/lang/String;Ljava/lang/String;)V
05-30 11:21:43.591 29799 29799 D M_InsDal: Lcom/forrestguice/suntimeswidget/SuntimesUtils$TimeDisplayText;--->getValue()Ljava/lang/String;
05-30 11:21:43.591 29799 29799 D M_InsDal: Lcom/forrestguice/suntimeswidget/SuntimesUtils$TimeDisplayText;--->getSuffix()Ljava/lang/String;
05-30 11:21:43.591 29799 29799 D M_InsDal: Lcom/forrestguice/suntimeswidget/SuntimesUtils;--->formatAsDirection(Ljava/lang/String;Ljava/lang/String;)Ljava/lang/String;
05-30 11:21:43.591 29799 29799 D M_InsDal: Lcom/forrestguice/suntimeswidget/MoonRiseSetView$MoonRiseSetField;--->updateField(Landroid/content/Context;Lcom/forrestguice/suntimeswidget/calculator/core/SuntimesCalculator$Position;)V
05-30 11:21:43.591 29799 29799 D M_InsDal: Lcom/forrestguice/suntimeswidget/SuntimesUtils;--->formatAsDirection2(DIZ)Lcom/forrestguice/suntimeswidget/SuntimesUtils$TimeDisplayText;
05-30 11:21:43.591 29799 29799 D M_InsDal: Lcom/forrestguice/suntimeswidget/SuntimesUtils;--->formatAsDegrees(DI)Ljava/lang/String;
05-30 11:21:43.591 29799 29799 D M_InsDal: Lcom/forrestguice/suntimeswidget/SuntimesUtils$CardinalDirection;--->getDirection(D)Lcom/forrestguice/suntimeswidget/SuntimesUtils$CardinalDirection;
05-30 11:21:43.591 29799 29799 D M_InsDal: Lcom/forrestguice/suntimeswidget/SuntimesUtils$CardinalDirection;--->values()[Lcom/forrestguice/suntimeswidget/SuntimesUtils$CardinalDirection;
05-30 11:21:43.591 29799 29799 D M_InsDal: Lcom/forrestguice/suntimeswidget/SuntimesUtils$CardinalDirection;--->getDegress()D
05-30 11:21:43.591 29799 29799 D M_InsDal: Lcom/forrestguice/suntimeswidget/SuntimesUtils$CardinalDirection;--->getDegress()D
05-30 11:21:43.591 29799 29799 D M_InsDal: Lcom/forrestguice/suntimeswidget/SuntimesUtils$CardinalDirection;--->getShortDisplayString()Ljava/lang/String;
