06-05 23:56:23.318  7676  7676 D M_InsDal: Lcom/forrestguice/suntimeswidget/themes/SuntimesTheme$ThemeDescriptor;--->displayString()Ljava/lang/String;
06-05 23:56:23.318  7676  7676 D M_InsDal: Lcom/forrestguice/suntimeswidget/themes/SuntimesTheme$ThemeDescriptor;--->displayString()Ljava/lang/String;
06-05 23:56:23.318  7676  7676 D M_InsDal: Lcom/forrestguice/suntimeswidget/settings/WidgetThemes$1;--->compare(Lcom/forrestguice/suntimeswidget/themes/SuntimesTheme$ThemeDescriptor;Lcom/forrestguice/suntimeswidget/themes/SuntimesTheme$ThemeDescriptor;)I
06-05 23:56:23.318  7676  7676 D M_InsDal: Lcom/forrestguice/suntimeswidget/themes/SuntimesTheme$ThemeDescriptor;--->displayString()Ljava/lang/String;
06-05 23:56:23.318  7676  7676 D M_InsDal: Lcom/forrestguice/suntimeswidget/themes/SuntimesTheme$ThemeDescriptor;--->displayString()Ljava/lang/String;
06-05 23:56:23.318  7676  7676 D M_InsDal: Lcom/forrestguice/suntimeswidget/settings/WidgetThemes$1;--->compare(Lcom/forrestguice/suntimeswidget/themes/SuntimesTheme$ThemeDescriptor;Lcom/forrestguice/suntimeswidget/themes/SuntimesTheme$ThemeDescriptor;)I
06-05 23:56:23.318  7676  7676 D M_InsDal: Lcom/forrestguice/suntimeswidget/themes/SuntimesTheme$ThemeDescriptor;--->displayString()Ljava/lang/String;
06-05 23:56:23.318  7676  7676 D M_InsDal: Lcom/forrestguice/suntimeswidget/themes/SuntimesTheme$ThemeDescriptor;--->displayString()Ljava/lang/String;
06-05 23:56:23.318  7676  7676 D M_InsDal: Lcom/forrestguice/suntimeswidget/settings/WidgetThemes$1;--->compare(Lcom/forrestguice/suntimeswidget/themes/SuntimesTheme$ThemeDescriptor;Lcom/forrestguice/suntimeswidget/themes/SuntimesTheme$ThemeDescriptor;)I
06-05 23:56:23.318  7676  7676 D M_InsDal: Lcom/forrestguice/suntimeswidget/themes/SuntimesTheme$ThemeDescriptor;--->displayString()Ljava/lang/String;
06-05 23:56:23.318  7676  7676 D M_InsDal: Lcom/forrestguice/suntimeswidget/themes/SuntimesTheme$ThemeDescriptor;--->displayString()Ljava/lang/String;
06-05 23:56:23.318  7676  7676 D M_InsDal: Lcom/forrestguice/suntimeswidget/settings/WidgetThemes$1;--->compare(Lcom/forrestguice/suntimeswidget/themes/SuntimesTheme$ThemeDescriptor;Lcom/forrestguice/suntimeswidget/themes/SuntimesTheme$ThemeDescriptor;)I
06-05 23:56:23.318  7676  7676 D M_InsDal: Lcom/forrestguice/suntimeswidget/themes/SuntimesTheme$ThemeDescriptor;--->displayString()Ljava/lang/String;
06-05 23:56:23.318  7676  7676 D M_InsDal: Lcom/forrestguice/suntimeswidget/themes/SuntimesTheme$ThemeDescriptor;--->displayString()Ljava/lang/String;
06-05 23:56:23.318  7676  7676 D M_InsDal: Lcom/forrestguice/suntimeswidget/settings/WidgetThemes$ThemeListAdapter;---><init>(Landroid/content/Context;II[Lcom/forrestguice/suntimeswidget/themes/SuntimesTheme$ThemeDescriptor;)V
06-05 23:56:23.318  7676  7676 D M_InsDal: Lcom/forrestguice/suntimeswidget/settings/WidgetThemes$ThemeListAdapter;--->getCount()I
06-05 23:56:23.318  7676  7676 D M_InsDal: Lcom/forrestguice/suntimeswidget/settings/WidgetThemes$ThemeListAdapter;--->getCount()I
06-05 23:56:23.318  7676  7676 D M_InsDal: Lcom/forrestguice/suntimeswidget/settings/WidgetThemes$ThemeListAdapter;--->getItemId(I)J
06-05 23:56:23.318  7676  7676 D M_InsDal: Lcom/forrestguice/suntimeswidget/settings/WidgetThemes$ThemeListAdapter;--->getItemId(I)J
06-05 23:56:23.318  7676  7676 D M_InsDal: Lcom/forrestguice/suntimeswidget/SuntimesConfigActivity0$2;---><init>(Lcom/forrestguice/suntimeswidget/SuntimesConfigActivity0;Landroid/content/Context;)V
06-05 23:56:23.318  7676  7676 D M_InsDal: Lcom/forrestguice/suntimeswidget/SuntimesConfigActivity0;--->createAdapter_calculators()Landroid/widget/ArrayAdapter;
06-05 23:56:23.318  7676  7676 D M_InsDal: Lcom/forrestguice/suntimeswidget/SuntimesConfigActivity0;--->supportingCalculators()[Lcom/forrestguice/suntimeswidget/calculator/SuntimesCalculatorDescriptor;
06-05 23:56:23.318  7676  7676 D M_InsDal: Lcom/forrestguice/suntimeswidget/calculator/SuntimesCalculatorDescriptor;---><clinit>()V
06-05 23:56:23.318  7676  7676 D M_InsDal: Lcom/forrestguice/suntimeswidget/calculator/SuntimesCalculatorDescriptor;--->values(Landroid/content/Context;)[Lcom/forrestguice/suntimeswidget/calculator/SuntimesCalculatorDescriptor;
06-05 23:56:23.318  7676  7676 D M_InsDal: Lcom/forrestguice/suntimeswidget/calculator/SuntimesCalculatorDescriptor;--->initCalculators(Landroid/content/Context;)V
06-05 23:56:23.318  7676  7676 D M_InsDal: Lcom/forrestguice/suntimeswidget/calculator/sunrisesunset_java/SunriseSunsetSuntimesCalculator;---><clinit>()V
06-05 23:56:23.318  7676  7676 D M_InsDal: Lcom/forrestguice/suntimeswidget/calculator/sunrisesunset_java/SunriseSunsetSuntimesCalculator;--->getDescriptor()Lcom/forrestguice/suntimeswidget/calculator/SuntimesCalculatorDescriptor;
06-05 23:56:23.318  7676  7676 D M_InsDal: Lcom/forrestguice/suntimeswidget/calculator/SuntimesCalculatorDescriptor;---><init>(Ljava/lang/String;Ljava/lang/String;Ljava/lang/String;I[I)V
06-05 23:56:23.318  7676  7676 D M_InsDal: Lcom/forrestguice/suntimeswidget/calculator/SuntimesCalculatorDescriptor;--->addValue(Lcom/forrestguice/suntimeswidget/calculator/SuntimesCalculatorDescriptor;)V
06-05 23:56:23.318  7676  7676 D M_InsDal: Lcom/forrestguice/suntimeswidget/calculator/ca/rmen/sunrisesunset/SunriseSunsetSuntimesCalculator;---><clinit>()V
06-05 23:56:23.318  7676  7676 D M_InsDal: Lcom/forrestguice/suntimeswidget/calculator/ca/rmen/sunrisesunset/SunriseSunsetSuntimesCalculator;--->getDescriptor()Lcom/forrestguice/suntimeswidget/calculator/SuntimesCalculatorDescriptor;
06-05 23:56:23.318  7676  7676 D M_InsDal: Lcom/forrestguice/suntimeswidget/calculator/SuntimesCalculatorDescriptor;---><init>(Ljava/lang/String;Ljava/lang/String;Ljava/lang/String;I[I)V
06-05 23:56:23.318  7676  7676 D M_InsDal: Lcom/forrestguice/suntimeswidget/calculator/SuntimesCalculatorDescriptor;--->addValue(Lcom/forrestguice/suntimeswidget/calculator/SuntimesCalculatorDescriptor;)V
06-05 23:56:23.318  7676  7676 D M_InsDal: Lcom/forrestguice/suntimeswidget/calculator/SuntimesCalculatorDescriptor;--->equals(Ljava/lang/Object;)Z
06-05 23:56:23.318  7676  7676 D M_InsDal: Lcom/forrestguice/suntimeswidget/calculator/SuntimesCalculatorDescriptor;--->getName()Ljava/lang/String;
06-05 23:56:23.318  7676  7676 D M_InsDal: Lcom/forrestguice/suntimeswidget/calculator/SuntimesCalculatorDescriptor;--->getName()Ljava/lang/String;
06-05 23:56:23.318  7676  7676 D M_InsDal: Lcom/forrestguice/suntimeswidget/calculator/time4a/Time4ASuntimesCalculator;---><clinit>()V
06-05 23:56:23.318  7676  7676 D M_InsDal: Lcom/forrestguice/suntimeswidget/calculator/time4a/Time4ASimpleSuntimesCalculator;--->getDescriptor()Lcom/forrestguice/suntimeswidget/calculator/SuntimesCalculatorDescriptor;
06-05 23:56:23.318  7676  7676 D M_InsDal: Lcom/forrestguice/suntimeswidget/calculator/SuntimesCalculatorDescriptor;---><init>(Ljava/lang/String;Ljava/lang/String;Ljava/lang/String;I[I)V
06-05 23:56:23.318  7676  7676 D M_InsDal: Lcom/forrestguice/suntimeswidget/calculator/SuntimesCalculatorDescriptor;--->addValue(Lcom/forrestguice/suntimeswidget/calculator/SuntimesCalculatorDescriptor;)V
06-05 23:56:23.318  7676  7676 D M_InsDal: Lcom/forrestguice/suntimeswidget/calculator/SuntimesCalculatorDescriptor;--->equals(Ljava/lang/Object;)Z
06-05 23:56:23.318  7676  7676 D M_InsDal: Lcom/forrestguice/suntimeswidget/calculator/SuntimesCalculatorDescriptor;--->getName()Ljava/lang/String;
06-05 23:56:23.318  7676  7676 D M_InsDal: Lcom/forrestguice/suntimeswidget/calculator/SuntimesCalculatorDescriptor;--->getName()Ljava/lang/String;
06-05 23:56:23.318  7676  7676 D M_InsDal: Lcom/forrestguice/suntimeswidget/calculator/SuntimesCalculatorDescriptor;--->equals(Ljava/lang/Object;)Z
06-05 23:56:23.318  7676  7676 D M_InsDal: Lcom/forrestguice/suntimeswidget/calculator/SuntimesCalculatorDescriptor;--->getName()Ljava/lang/String;
06-05 23:56:23.318  7676  7676 D M_InsDal: Lcom/forrestguice/suntimeswidget/calculator/SuntimesCalculatorDescriptor;--->getName()Ljava/lang/String;
06-05 23:56:23.318  7676  7676 D M_InsDal: Lcom/forrestguice/suntimeswidget/calculator/time4a/Time4ANOAASuntimesCalculator;--->getDescriptor()Lcom/forrestguice/suntimeswidget/calculator/SuntimesCalculatorDescriptor;
06-05 23:56:23.318  7676  7676 D M_InsDal: Lcom/forrestguice/suntimeswidget/calculator/SuntimesCalculatorDescriptor;---><init>(Ljava/lang/String;Ljava/lang/String;Ljava/lang/String;I[I)V
06-05 23:56:23.318  7676  7676 D M_InsDal: Lcom/forrestguice/suntimeswidget/calculator/SuntimesCalculatorDescriptor;--->addValue(Lcom/forrestguice/suntimeswidget/calculator/SuntimesCalculatorDescriptor;)V
06-05 23:56:23.318  7676  7676 D M_InsDal: Lcom/forrestguice/suntimeswidget/calculator/SuntimesCalculatorDescriptor;--->equals(Ljava/lang/Object;)Z
06-05 23:56:23.318  7676  7676 D M_InsDal: Lcom/forrestguice/suntimeswidget/calculator/SuntimesCalculatorDescriptor;--->getName()Ljava/lang/String;
06-05 23:56:23.318  7676  7676 D M_InsDal: Lcom/forrestguice/suntimeswidget/calculator/SuntimesCalculatorDescriptor;--->getName()Ljava/lang/String;
06-05 23:56:23.318  7676  7676 D M_InsDal: Lcom/forrestguice/suntimeswidget/calculator/SuntimesCalculatorDescriptor;--->equals(Ljava/lang/Object;)Z
06-05 23:56:23.318  7676  7676 D M_InsDal: Lcom/forrestguice/suntimeswidget/calculator/SuntimesCalculatorDescriptor;--->getName()Ljava/lang/String;
06-05 23:56:23.318  7676  7676 D M_InsDal: Lcom/forrestguice/suntimeswidget/calculator/SuntimesCalculatorDescriptor;--->getName()Ljava/lang/String;
06-05 23:56:23.318  7676  7676 D M_InsDal: Lcom/forrestguice/suntimeswidget/calculator/SuntimesCalculatorDescriptor;--->equals(Ljava/lang/Object;)Z
06-05 23:56:23.318  7676  7676 D M_InsDal: Lcom/forrestguice/suntimeswidget/calculator/SuntimesCalculatorDescriptor;--->getName()Ljava/lang/String;
06-05 23:56:23.318  7676  7676 D M_InsDal: Lcom/forrestguice/suntimeswidget/calculator/SuntimesCalculatorDescriptor;--->getName()Ljava/lang/String;
06-05 23:56:23.318  7676  7676 D M_InsDal: Lcom/forrestguice/suntimeswidget/calculator/time4a/Time4ACCSuntimesCalculator;---><clinit>()V
06-05 23:56:23.318  7676  7676 D M_InsDal: Lcom/forrestguice/suntimeswidget/calculator/time4a/Time4ACCSuntimesCalculator;--->getDescriptor()Lcom/forrestguice/suntimeswidget/calculator/SuntimesCalculatorDescriptor;
06-05 23:56:23.318  7676  7676 D M_InsDal: Lcom/forrestguice/suntimeswidget/calculator/SuntimesCalculatorDescriptor;---><init>(Ljava/lang/String;Ljava/lang/String;Ljava/lang/String;I[I)V
06-05 23:56:23.318  7676  7676 D M_InsDal: Lcom/forrestguice/suntimeswidget/calculator/SuntimesCalculatorDescriptor;--->addValue(Lcom/forrestguice/suntimeswidget/calculator/SuntimesCalculatorDescriptor;)V
06-05 23:56:23.318  7676  7676 D M_InsDal: Lcom/forrestguice/suntimeswidget/calculator/SuntimesCalculatorDescriptor;--->equals(Ljava/lang/Object;)Z
06-05 23:56:23.318  7676  7676 D M_InsDal: Lcom/forrestguice/suntimeswidget/calculator/SuntimesCalculatorDescriptor;--->getName()Ljava/lang/String;
06-05 23:56:23.318  7676  7676 D M_InsDal: Lcom/forrestguice/suntimeswidget/calculator/SuntimesCalculatorDescriptor;--->getName()Ljava/lang/String;
06-05 23:56:23.318  7676  7676 D M_InsDal: Lcom/forrestguice/suntimeswidget/calculator/SuntimesCalculatorDescriptor;--->equals(Ljava/lang/Object;)Z
06-05 23:56:23.318  7676  7676 D M_InsDal: Lcom/forrestguice/suntimeswidget/calculator/SuntimesCalculatorDescriptor;--->getName()Ljava/lang/String;
06-05 23:56:23.318  7676  7676 D M_InsDal: Lcom/forrestguice/suntimeswidget/calculator/SuntimesCalculatorDescriptor;--->getName()Ljava/lang/String;
06-05 23:56:23.318  7676  7676 D M_InsDal: Lcom/forrestguice/suntimeswidget/calculator/SuntimesCalculatorDescriptor;--->equals(Ljava/lang/Object;)Z
06-05 23:56:23.318  7676  7676 D M_InsDal: Lcom/forrestguice/suntimeswidget/calculator/SuntimesCalculatorDescriptor;--->getName()Ljava/lang/String;
06-05 23:56:23.318  7676  7676 D M_InsDal: Lcom/forrestguice/suntimeswidget/calculator/SuntimesCalculatorDescriptor;--->getName()Ljava/lang/String;
06-05 23:56:23.318  7676  7676 D M_InsDal: Lcom/forrestguice/suntimeswidget/calculator/SuntimesCalculatorDescriptor;--->equals(Ljava/lang/Object;)Z
06-05 23:56:23.318  7676  7676 D M_InsDal: Lcom/forrestguice/suntimeswidget/calculator/SuntimesCalculatorDescriptor;--->getName()Ljava/lang/String;
06-05 23:56:23.318  7676  7676 D M_InsDal: Lcom/forrestguice/suntimeswidget/calculator/SuntimesCalculatorDescriptor;--->getName()Ljava/lang/String;
06-05 23:56:23.318  7676  7676 D M_InsDal: Lcom/forrestguice/suntimeswidget/calculator/time4a/Time4A4JSuntimesCalculator;---><clinit>()V
06-05 23:56:23.318  7676  7676 D M_InsDal: Lcom/forrestguice/suntimeswidget/calculator/time4a/Time4A4JSuntimesCalculator;--->getDescriptor()Lcom/forrestguice/suntimeswidget/calculator/SuntimesCalculatorDescriptor;
06-05 23:56:23.318  7676  7676 D M_InsDal: Lcom/forrestguice/suntimeswidget/calculator/SuntimesCalculatorDescriptor;---><init>(Ljava/lang/String;Ljava/lang/String;Ljava/lang/String;I[I)V
06-05 23:56:23.318  7676  7676 D M_InsDal: Lcom/forrestguice/suntimeswidget/calculator/SuntimesCalculatorDescriptor;--->addValue(Lcom/forrestguice/suntimeswidget/calculator/SuntimesCalculatorDescriptor;)V
06-05 23:56:23.318  7676  7676 D M_InsDal: Lcom/forrestguice/suntimeswidget/calculator/SuntimesCalculatorDescriptor;--->equals(Ljava/lang/Object;)Z
06-05 23:56:23.318  7676  7676 D M_InsDal: Lcom/forrestguice/suntimeswidget/calculator/SuntimesCalculatorDescriptor;--->getName()Ljava/lang/String;
06-05 23:56:23.318  7676  7676 D M_InsDal: Lcom/forrestguice/suntimeswidget/calculator/SuntimesCalculatorDescriptor;--->getName()Ljava/lang/String;
06-05 23:56:23.318  7676  7676 D M_InsDal: Lcom/forrestguice/suntimeswidget/calculator/SuntimesCalculatorDescriptor;--->equals(Ljava/lang/Object;)Z
06-05 23:56:23.318  7676  7676 D M_InsDal: Lcom/forrestguice/suntimeswidget/calculator/SuntimesCalculatorDescriptor;--->getName()Ljava/lang/String;
06-05 23:56:23.318  7676  7676 D M_InsDal: Lcom/forrestguice/suntimeswidget/calculator/SuntimesCalculatorDescriptor;--->getName()Ljava/lang/String;
06-05 23:56:23.318  7676  7676 D M_InsDal: Lcom/forrestguice/suntimeswidget/calculator/SuntimesCalculatorDescriptor;--->equals(Ljava/lang/Object;)Z
06-05 23:56:23.318  7676  7676 D M_InsDal: Lcom/forrestguice/suntimeswidget/calculator/SuntimesCalculatorDescriptor;--->getName()Ljava/lang/String;
06-05 23:56:23.318  7676  7676 D M_InsDal: Lcom/forrestguice/suntimeswidget/calculator/SuntimesCalculatorDescriptor;--->getName()Ljava/lang/String;
06-05 23:56:23.318  7676  7676 D M_InsDal: Lcom/forrestguice/suntimeswidget/calculator/SuntimesCalculatorDescriptor;--->equals(Ljava/lang/Object;)Z
06-05 23:56:23.318  7676  7676 D M_InsDal: Lcom/forrestguice/suntimeswidget/calculator/SuntimesCalculatorDescriptor;--->getName()Ljava/lang/String;
06-05 23:56:23.318  7676  7676 D M_InsDal: Lcom/forrestguice/suntimeswidget/calculator/SuntimesCalculatorDescriptor;--->getName()Ljava/lang/String;
06-05 23:56:23.318  7676  7676 D M_InsDal: Lcom/forrestguice/suntimeswidget/calculator/SuntimesCalculatorDescriptor;--->equals(Ljava/lang/Object;)Z
06-05 23:56:23.318  7676  7676 D M_InsDal: Lcom/forrestguice/suntimeswidget/calculator/SuntimesCalculatorDescriptor;--->getName()Ljava/lang/String;
06-05 23:56:23.318  7676  7676 D M_InsDal: Lcom/forrestguice/suntimeswidget/calculator/SuntimesCalculatorDescriptor;--->getName()Ljava/lang/String;
06-05 23:56:23.318  7676  7676 D M_InsDal: Lcom/forrestguice/suntimeswidget/settings/AppSettings;--->loadScanForPluginsPref(Landroid/content/Context;)Z
06-05 23:56:23.319  7676  7676 D M_InsDal: Lcom/forrestguice/suntimeswidget/calculator/SuntimesCalculatorDescriptorListAdapter;---><init>(Landroid/content/Context;II[Lcom/forrestguice/suntimeswidget/calculator/SuntimesCalculatorDescriptor;)V
06-05 23:56:23.319  7676  7676 D M_InsDal: Lcom/forrestguice/suntimeswidget/calculator/SuntimesCalculatorDescriptorListAdapter;--->initDisplayStrings(Landroid/content/Context;)V
06-05 23:56:23.319  7676  7676 D M_InsDal: Lcom/forrestguice/suntimeswidget/calculator/SuntimesCalculatorDescriptor;--->values(Landroid/content/Context;)[Lcom/forrestguice/suntimeswidget/calculator/SuntimesCalculatorDescriptor;
06-05 23:56:23.319  7676  7676 D M_InsDal: Lcom/forrestguice/suntimeswidget/calculator/SuntimesCalculatorDescriptor;--->initDisplayStrings(Landroid/content/Context;)V
06-05 23:56:23.319  7676  7676 D M_InsDal: Lcom/forrestguice/suntimeswidget/calculator/SuntimesCalculatorDescriptor;--->initDisplayStrings(Landroid/content/Context;)V
06-05 23:56:23.319  7676  7676 D M_InsDal: Lcom/forrestguice/suntimeswidget/SuntimesConfigActivity0;--->defaultCalculator()Ljava/lang/String;
06-05 23:56:23.319  7676  7676 D M_InsDal: Lcom/forrestguice/suntimeswidget/calculator/SuntimesCalculatorDescriptorListAdapter;--->setDefaultValue(Ljava/lang/String;)V
06-05 23:56:23.319  7676  7676 D M_InsDal: Lcom/forrestguice/suntimeswidget/SuntimesConfigActivity0$3;---><init>(Lcom/forrestguice/suntimeswidget/SuntimesConfigActivity0;)V
06-05 23:56:23.319  7676  7676 D M_InsDal: Lcom/forrestguice/suntimeswidget/SuntimesConfigActivity0;--->initTimeFormatMode(Landroid/content/Context;)V
06-05 23:56:23.319  7676  7676 D M_InsDal: Lcom/forrestguice/suntimeswidget/settings/WidgetSettings$TimeFormatMode;--->values()[Lcom/forrestguice/suntimeswidget/settings/WidgetSettings$TimeFormatMode;
06-05 23:56:23.319  7676  7676 D M_InsDal: Lcom/forrestguice/suntimeswidget/SuntimesConfigActivity0;--->initTimeMode(Landroid/content/Context;)V
06-05 23:56:23.319  7676  7676 D M_InsDal: Lcom/forrestguice/suntimeswidget/settings/WidgetSettings$TimeMode;--->values()[Lcom/forrestguice/suntimeswidget/settings/WidgetSettings$TimeMode;
06-05 23:56:23.319  7676  7676 D M_InsDal: Lcom/forrestguice/suntimeswidget/SuntimesConfigActivity0$13;---><init>(Lcom/forrestguice/suntimeswidget/SuntimesConfigActivity0;Landroid/widget/ArrayAdapter;)V
06-05 23:56:23.319  7676  7676 D M_InsDal: Lcom/forrestguice/suntimeswidget/SuntimesConfigActivity0$14;---><init>(Lcom/forrestguice/suntimeswidget/SuntimesConfigActivity0;)V
06-05 23:56:23.319  7676  7676 D M_InsDal: Lcom/forrestguice/suntimeswidget/SuntimesConfigActivity0;--->showOptionTimeModeOverride(Z)V
06-05 23:56:23.319  7676  7676 D M_InsDal: Lcom/forrestguice/suntimeswidget/SuntimesConfigActivity0;--->showOptionTrackingMode(Z)V
06-05 23:56:23.319  7676  7676 D M_InsDal: Lcom/forrestguice/suntimeswidget/SuntimesConfigActivity0;--->createAdapter_timezoneMode()Landroid/widget/ArrayAdapter;
06-05 23:56:23.319  7676  7676 D M_InsDal: Lcom/forrestguice/suntimeswidget/settings/WidgetSettings$TimezoneMode;--->values()[Lcom/forrestguice/suntimeswidget/settings/WidgetSettings$TimezoneMode;
06-05 23:56:23.319  7676  7676 D M_InsDal: Lcom/forrestguice/suntimeswidget/SuntimesConfigActivity0;--->createAdapter_riseSetOrder()Landroid/widget/ArrayAdapter;
06-05 23:56:23.319  7676  7676 D M_InsDal: Lcom/forrestguice/suntimeswidget/settings/WidgetSettings$RiseSetOrder;--->values()[Lcom/forrestguice/suntimeswidget/settings/WidgetSettings$RiseSetOrder;
06-05 23:56:23.319  7676  7676 D M_InsDal: Lcom/forrestguice/suntimeswidget/SuntimesConfigActivity0$4;---><init>(Lcom/forrestguice/suntimeswidget/SuntimesConfigActivity0;)V
06-05 23:56:23.319  7676  7676 D M_InsDal: Lcom/forrestguice/suntimeswidget/SuntimesConfigActivity0$5;---><init>(Lcom/forrestguice/suntimeswidget/SuntimesConfigActivity0;)V
06-05 23:56:23.319  7676  7676 D M_InsDal: Lcom/forrestguice/suntimeswidget/SuntimesConfigActivity0$6;---><init>(Lcom/forrestguice/suntimeswidget/SuntimesConfigActivity0;)V
06-05 23:56:23.319  7676  7676 D M_InsDal: Lcom/forrestguice/suntimeswidget/settings/AppSettings;--->loadTimeZoneSortPref(Landroid/content/Context;)Lcom/forrestguice/suntimeswidget/settings/WidgetTimezones$TimeZoneSort;
06-05 23:56:23.319  7676  7676 D M_InsDal: Lcom/forrestguice/suntimeswidget/settings/WidgetTimezones$TimeZoneSort;--->valueOf(Ljava/lang/String;)Lcom/forrestguice/suntimeswidget/settings/WidgetTimezones$TimeZoneSort;
06-05 23:56:23.319  7676  7676 D M_InsDal: Lcom/forrestguice/suntimeswidget/settings/WidgetTimezones$TimeZoneSort;--->values()[Lcom/forrestguice/suntimeswidget/settings/WidgetTimezones$TimeZoneSort;
06-05 23:56:23.319  7676  7676 D M_InsDal: Lcom/forrestguice/suntimeswidget/settings/WidgetTimezones$TimeZonesLoadTask;---><init>(Landroid/content/Context;)V
06-05 23:56:23.319  7676  7676 D M_InsDal: Lcom/forrestguice/suntimeswidget/SuntimesConfigActivity0$7;---><init>(Lcom/forrestguice/suntimeswidget/SuntimesConfigActivity0;)V
06-05 23:56:23.319  7676  7676 D M_InsDal: Lcom/forrestguice/suntimeswidget/settings/WidgetTimezones$TimeZonesLoadTaskListener;---><init>()V
06-05 23:56:23.319  7676  7676 D M_InsDal: Lcom/forrestguice/suntimeswidget/settings/WidgetTimezones$TimeZonesLoadTask;--->setListener(Lcom/forrestguice/suntimeswidget/settings/WidgetTimezones$TimeZonesLoadTaskListener;)V
06-05 23:56:23.319  7676  7676 D M_InsDal: Lcom/forrestguice/suntimeswidget/settings/WidgetTimezones$TimeZonesLoadTask;--->onPreExecute()V
06-05 23:56:23.319  7676  7676 D M_InsDal: Lcom/forrestguice/suntimeswidget/settings/WidgetTimezones$TimeZonesLoadTaskListener;--->onStart()V
06-05 23:56:23.319  7676  7676 D M_InsDal: Lcom/forrestguice/suntimeswidget/SuntimesConfigActivity0$7;--->onStart()V
06-05 23:56:23.319  7676  7676 D M_InsDal: Lcom/forrestguice/suntimeswidget/settings/WidgetTimezones$TimeZoneItemAdapter;---><init>(Landroid/content/Context;I)V
06-05 23:56:23.319  7676  7676 D M_InsDal: Lcom/forrestguice/suntimeswidget/settings/WidgetTimezones$TimeZoneItemAdapter;--->init(Landroid/content/Context;)V
06-05 23:56:23.319  7676  7676 D M_InsDal: Lcom/forrestguice/suntimeswidget/SuntimesConfigActivity0;--->createAdapter_solarTimeMode()Landroid/widget/ArrayAdapter;
06-05 23:56:23.319  7676  7676 D M_InsDal: Lcom/forrestguice/suntimeswidget/settings/WidgetSettings$SolarTimeMode;--->values()[Lcom/forrestguice/suntimeswidget/settings/WidgetSettings$SolarTimeMode;
06-05 23:56:23.319  7676  7676 D M_InsDal: Lcom/forrestguice/suntimeswidget/SuntimesConfigActivity0$8;---><init>(Lcom/forrestguice/suntimeswidget/SuntimesConfigActivity0;)V
06-05 23:56:23.319  7676  7676 D M_InsDal: Lcom/forrestguice/suntimeswidget/SuntimesConfigActivity0$9;---><init>(Lcom/forrestguice/suntimeswidget/SuntimesConfigActivity0;Landroid/content/Context;Landroid/widget/Spinner;)V
06-05 23:56:23.319  7676  7676 D M_InsDal: Lcom/forrestguice/suntimeswidget/settings/WidgetTimezones$TimeZoneSpinnerSortActionCompat;---><init>(Landroid/content/Context;Landroid/widget/Spinner;)V
06-05 23:56:23.319  7676  7676 D M_InsDal: Lcom/forrestguice/suntimeswidget/settings/WidgetTimezones$TimeZoneSpinnerSortActionBase;---><init>()V
06-05 23:56:23.319  7676  7676 D M_InsDal: Lcom/forrestguice/suntimeswidget/settings/WidgetTimezones$TimeZoneSpinnerSortActionBase;--->init(Landroid/content/Context;Landroid/widget/Spinner;)V
06-05 23:56:23.319  7676  7676 D M_InsDal: Lcom/forrestguice/suntimeswidget/LocationConfigView;--->setAutoAllowed(Z)V
06-05 23:56:23.319  7676  7676 D M_InsDal: Lcom/forrestguice/suntimeswidget/LocationConfigView;--->init(Landroid/support/v4/app/FragmentActivity;ZI)V
06-05 23:56:23.319  7676  7676 D M_InsDal: Lcom/forrestguice/suntimeswidget/LocationConfigView;--->init(Landroid/support/v4/app/FragmentActivity;Z)V
06-05 23:56:23.319  7676  7697 D M_InsDal: Lcom/forrestguice/suntimeswidget/settings/WidgetTimezones$TimeZonesLoadTask;--->doInBackground([Lcom/forrestguice/suntimeswidget/settings/WidgetTimezones$TimeZoneSort;)Lcom/forrestguice/suntimeswidget/settings/WidgetTimezones$TimeZoneItemAdapter;
06-05 23:56:23.320  7676  7697 D M_InsDal: Lcom/forrestguice/suntimeswidget/settings/WidgetTimezones$TimeZoneItem;---><init>(Ljava/lang/String;Ljava/lang/String;D)V
06-05 23:56:23.326  7676  7697 D M_InsDal: Lcom/forrestguice/suntimeswidget/settings/WidgetTimezones$TimeZoneItem;---><init>(Ljava/lang/String;Ljava/lang/String;D)V
06-05 23:56:23.326  7676  7676 D M_InsDal: Lcom/forrestguice/suntimeswidget/LocationConfigView;--->initViews(Landroid/content/Context;)V
06-05 23:56:23.326  7676  7697 D M_InsDal: Lcom/forrestguice/suntimeswidget/settings/WidgetTimezones$TimeZoneItem;---><init>(Ljava/lang/String;Ljava/lang/String;D)V
06-05 23:56:23.326  7676  7676 D M_InsDal: Lcom/forrestguice/suntimeswidget/settings/WidgetSettings;--->initDisplayStrings(Landroid/content/Context;)V
06-05 23:56:23.326  7676  7676 D M_InsDal: Lcom/forrestguice/suntimeswidget/settings/WidgetSettings$LengthUnit;--->initDisplayStrings(Landroid/content/Context;)V
06-05 23:56:23.326  7676  7676 D M_InsDal: Lcom/forrestguice/suntimeswidget/settings/WidgetSettings$LengthUnit;--->setDisplayString(Ljava/lang/String;)V
06-05 23:56:23.326  7676  7676 D M_InsDal: Lcom/forrestguice/suntimeswidget/settings/WidgetSettings$LengthUnit;--->setDisplayString(Ljava/lang/String;)V
06-05 23:56:23.326  7676  7676 D M_InsDal: Lcom/forrestguice/suntimeswidget/settings/WidgetSettings$ActionMode;--->initDisplayStrings(Landroid/content/Context;)V
06-05 23:56:23.326  7676  7676 D M_InsDal: Lcom/forrestguice/suntimeswidget/settings/WidgetSettings$ActionMode;--->setDisplayString(Ljava/lang/String;)V
06-05 23:56:23.326  7676  7676 D M_InsDal: Lcom/forrestguice/suntimeswidget/settings/WidgetSettings$ActionMode;--->setDisplayString(Ljava/lang/String;)V
06-05 23:56:23.326  7676  7676 D M_InsDal: Lcom/forrestguice/suntimeswidget/settings/WidgetSettings$WidgetModeSun1x1;--->initDisplayStrings(Landroid/content/Context;)V
06-05 23:56:23.326  7676  7676 D M_InsDal: Lcom/forrestguice/suntimeswidget/settings/WidgetSettings$WidgetModeSun1x1;--->setDisplayString(Ljava/lang/String;)V
06-05 23:56:23.326  7676  7676 D M_InsDal: Lcom/forrestguice/suntimeswidget/settings/WidgetSettings$WidgetModeSun1x1;--->setDisplayString(Ljava/lang/String;)V
06-05 23:56:23.326  7676  7697 D M_InsDal: Lcom/forrestguice/suntimeswidget/settings/WidgetTimezones$TimeZoneItem;---><init>(Ljava/lang/String;Ljava/lang/String;D)V
06-05 23:56:23.326  7676  7676 D M_InsDal: Lcom/forrestguice/suntimeswidget/settings/WidgetSettings$WidgetModeSun1x1;--->setDisplayString(Ljava/lang/String;)V
06-05 23:56:23.326  7676  7676 D M_InsDal: Lcom/forrestguice/suntimeswidget/settings/WidgetSettings$WidgetModeSunPos1x1;--->initDisplayStrings(Landroid/content/Context;)V
06-05 23:56:23.326  7676  7676 D M_InsDal: Lcom/forrestguice/suntimeswidget/settings/WidgetSettings$WidgetModeSunPos1x1;--->setDisplayString(Ljava/lang/String;)V
06-05 23:56:23.326  7676  7676 D M_InsDal: Lcom/forrestguice/suntimeswidget/settings/WidgetSettings$WidgetModeSunPos1x1;--->setDisplayString(Ljava/lang/String;)V
06-05 23:56:23.326  7676  7676 D M_InsDal: Lcom/forrestguice/suntimeswidget/settings/WidgetSettings$WidgetModeMoon1x1;--->initDisplayStrings(Landroid/content/Context;)V
06-05 23:56:23.326  7676  7676 D M_InsDal: Lcom/forrestguice/suntimeswidget/settings/WidgetSettings$WidgetModeMoon1x1;--->setDisplayString(Ljava/lang/String;)V
06-05 23:56:23.326  7676  7676 D M_InsDal: Lcom/forrestguice/suntimeswidget/settings/WidgetSettings$WidgetModeMoon1x1;--->setDisplayString(Ljava/lang/String;)V
06-05 23:56:23.326  7676  7697 D M_InsDal: Lcom/forrestguice/suntimeswidget/settings/WidgetTimezones$TimeZoneItem;---><init>(Ljava/lang/String;Ljava/lang/String;D)V
06-05 23:56:23.326  7676  7676 D M_InsDal: Lcom/forrestguice/suntimeswidget/settings/WidgetSettings$TrackingMode;--->initDisplayStrings(Landroid/content/Context;)V
06-05 23:56:23.326  7676  7676 D M_InsDal: Lcom/forrestguice/suntimeswidget/settings/WidgetSettings$TrackingMode;--->setDisplayString(Ljava/lang/String;)V
06-05 23:56:23.326  7676  7676 D M_InsDal: Lcom/forrestguice/suntimeswidget/settings/WidgetSettings$TrackingMode;--->setDisplayString(Ljava/lang/String;)V
06-05 23:56:23.326  7676  7676 D M_InsDal: Lcom/forrestguice/suntimeswidget/settings/WidgetSettings$CompareMode;--->initDisplayStrings(Landroid/content/Context;)V
06-05 23:56:23.326  7676  7676 D M_InsDal: Lcom/forrestguice/suntimeswidget/settings/WidgetSettings$CompareMode;--->setDisplayString(Ljava/lang/String;)V
06-05 23:56:23.326  7676  7676 D M_InsDal: Lcom/forrestguice/suntimeswidget/settings/WidgetSettings$CompareMode;--->setDisplayString(Ljava/lang/String;)V
06-05 23:56:23.326  7676  7676 D M_InsDal: Lcom/forrestguice/suntimeswidget/settings/WidgetSettings$TimeMode;--->initDisplayStrings(Landroid/content/Context;)V
06-05 23:56:23.326  7676  7676 D M_InsDal: Lcom/forrestguice/suntimeswidget/settings/WidgetSettings$TimeMode;--->setDisplayStrings(Ljava/lang/String;Ljava/lang/String;)V
06-05 23:56:23.326  7676  7676 D M_InsDal: Lcom/forrestguice/suntimeswidget/settings/WidgetSettings$TimeMode;--->setDisplayStrings(Ljava/lang/String;Ljava/lang/String;)V
06-05 23:56:23.326  7676  7697 D M_InsDal: Lcom/forrestguice/suntimeswidget/settings/WidgetTimezones$TimeZoneItem;---><init>(Ljava/lang/String;Ljava/lang/String;D)V
06-05 23:56:23.326  7676  7676 D M_InsDal: Lcom/forrestguice/suntimeswidget/settings/WidgetSettings$TimeMode;--->setDisplayStrings(Ljava/lang/String;Ljava/lang/String;)V
06-05 23:56:23.326  7676  7676 D M_InsDal: Lcom/forrestguice/suntimeswidget/settings/WidgetSettings$TimeMode;--->setDisplayStrings(Ljava/lang/String;Ljava/lang/String;)V
06-05 23:56:23.326  7676  7676 D M_InsDal: Lcom/forrestguice/suntimeswidget/settings/WidgetSettings$MoonPhaseMode;--->initDisplayStrings(Landroid/content/Context;)V
06-05 23:56:23.326  7676  7697 D M_InsDal: Lcom/forrestguice/suntimeswidget/settings/WidgetTimezones$TimeZoneItem;---><init>(Ljava/lang/String;Ljava/lang/String;D)V
06-05 23:56:23.326  7676  7676 D M_InsDal: Lcom/forrestguice/suntimeswidget/settings/WidgetSettings$MoonPhaseMode;--->setDisplayStrings(Ljava/lang/String;Ljava/lang/String;)V
06-05 23:56:23.327  7676  7676 D M_InsDal: Lcom/forrestguice/suntimeswidget/settings/WidgetSettings$MoonPhaseMode;--->setDisplayStrings(Ljava/lang/String;Ljava/lang/String;)V
06-05 23:56:23.327  7676  7676 D M_InsDal: Lcom/forrestguice/suntimeswidget/settings/WidgetSettings$SolsticeEquinoxMode;--->initDisplayStrings(Landroid/content/Context;)V
06-05 23:56:23.327  7676  7676 D M_InsDal: Lcom/forrestguice/suntimeswidget/settings/WidgetSettings$SolsticeEquinoxMode;--->setDisplayStrings(Ljava/lang/String;Ljava/lang/String;)V
06-05 23:56:23.327  7676  7676 D M_InsDal: Lcom/forrestguice/suntimeswidget/settings/WidgetSettings$SolsticeEquinoxMode;--->setDisplayStrings(Ljava/lang/String;Ljava/lang/String;)V
06-05 23:56:23.327  7676  7697 D M_InsDal: Lcom/forrestguice/suntimeswidget/settings/WidgetTimezones$TimeZoneItem;---><init>(Ljava/lang/String;Ljava/lang/String;D)V
06-05 23:56:23.327  7676  7676 D M_InsDal: Lcom/forrestguice/suntimeswidget/settings/WidgetSettings$LocationMode;--->initDisplayStrings(Landroid/content/Context;)V
06-05 23:56:23.327  7676  7676 D M_InsDal: Lcom/forrestguice/suntimeswidget/settings/WidgetSettings$LocationMode;--->setDisplayString(Ljava/lang/String;)V
06-05 23:56:23.327  7676  7676 D M_InsDal: Lcom/forrestguice/suntimeswidget/settings/WidgetSettings$LocationMode;--->setDisplayString(Ljava/lang/String;)V
06-05 23:56:23.327  7676  7676 D M_InsDal: Lcom/forrestguice/suntimeswidget/settings/WidgetSettings$TimezoneMode;--->initDisplayStrings(Landroid/content/Context;)V
06-05 23:56:23.327  7676  7676 D M_InsDal: Lcom/forrestguice/suntimeswidget/settings/WidgetSettings$TimezoneMode;--->setDisplayString(Ljava/lang/String;)V
06-05 23:56:23.327  7676  7676 D M_InsDal: Lcom/forrestguice/suntimeswidget/settings/WidgetSettings$TimezoneMode;--->setDisplayString(Ljava/lang/String;)V
06-05 23:56:23.327  7676  7676 D M_InsDal: Lcom/forrestguice/suntimeswidget/settings/WidgetSettings$SolarTimeMode;--->initDisplayStrings(Landroid/content/Context;)V
06-05 23:56:23.327  7676  7676 D M_InsDal: Lcom/forrestguice/suntimeswidget/settings/WidgetSettings$SolarTimeMode;--->setDisplayString(Ljava/lang/String;)V
06-05 23:56:23.327  7676  7676 D M_InsDal: Lcom/forrestguice/suntimeswidget/settings/WidgetSettings$SolarTimeMode;--->setDisplayString(Ljava/lang/String;)V
06-05 23:56:23.327  7676  7676 D M_InsDal: Lcom/forrestguice/suntimeswidget/settings/WidgetSettings$DateMode;--->initDisplayStrings(Landroid/content/Context;)V
06-05 23:56:23.327  7676  7676 D M_InsDal: Lcom/forrestguice/suntimeswidget/settings/WidgetSettings$DateMode;--->setDisplayString(Ljava/lang/String;)V
06-05 23:56:23.327  7676  7676 D M_InsDal: Lcom/forrestguice/suntimeswidget/settings/WidgetSettings$DateMode;--->setDisplayString(Ljava/lang/String;)V
06-05 23:56:23.327  7676  7676 D M_InsDal: Lcom/forrestguice/suntimeswidget/settings/WidgetSettings$TimeFormatMode;--->initDisplayStrings(Landroid/content/Context;)V
06-05 23:56:23.327  7676  7676 D M_InsDal: Lcom/forrestguice/suntimeswidget/settings/WidgetSettings$TimeFormatMode;--->setDisplayString(Ljava/lang/String;)V
06-05 23:56:23.327  7676  7676 D M_InsDal: Lcom/forrestguice/suntimeswidget/settings/WidgetSettings$TimeFormatMode;--->setDisplayString(Ljava/lang/String;)V
read: unexpected EOF!
