06-09 10:03:45.005 17486 17486 D M_InsDal: Lcom/fsck/k9/activity/MessageList;--->setMessageListProgress(I)V
06-09 10:03:45.005 17486 17486 D M_InsDal: Lcom/fsck/k9/fragment/MessageListHandler;--->handleMessage(Landroid/os/Message;)V
06-09 10:03:45.005 17486 17486 D M_InsDal: Lcom/fsck/k9/fragment/MessageListFragment;--->updateTitle()V
06-09 10:03:45.005 17486 17486 D M_InsDal: Lcom/fsck/k9/fragment/MessageListFragment;--->setWindowTitle()V
06-09 10:03:45.005 17486 17486 D M_InsDal: Lcom/fsck/k9/fragment/MessageListFragment;--->isManualSearch()Z
06-09 10:03:45.005 17486 17486 D M_InsDal: Lcom/fsck/k9/search/LocalSearch;--->isManualSearch()Z
06-09 10:03:45.005 17486 17505 D M_InsDal: Lcom/fsck/k9/Account;--->getLocalStore()Lcom/fsck/k9/mailstore/LocalStore;
06-09 10:03:45.005 17486 17486 D M_InsDal: Lcom/fsck/k9/activity/FolderInfoHolder;--->getDisplayName(Landroid/content/Context;Lcom/fsck/k9/Account;Ljava/lang/String;)Ljava/lang/String;
06-09 10:03:45.005 17486 17486 D M_InsDal: Lcom/fsck/k9/Account;--->getSpamFolderName()Ljava/lang/String;
06-09 10:03:45.005 17486 17486 D M_InsDal: Lcom/fsck/k9/Account;--->getArchiveFolderName()Ljava/lang/String;
06-09 10:03:45.005 17486 17486 D M_InsDal: Lcom/fsck/k9/Account;--->getSentFolderName()Ljava/lang/String;
06-09 10:03:45.005 17486 17486 D M_InsDal: Lcom/fsck/k9/Account;--->getTrashFolderName()Ljava/lang/String;
06-09 10:03:45.005 17486 17486 D M_InsDal: Lcom/fsck/k9/Account;--->getDraftsFolderName()Ljava/lang/String;
06-09 10:03:45.005 17486 17486 D M_InsDal: Lcom/fsck/k9/Account;--->getOutboxFolderName()Ljava/lang/String;
06-09 10:03:45.005 17486 17486 D M_InsDal: Lcom/fsck/k9/Account;--->getInboxFolderName()Ljava/lang/String;
06-09 10:03:45.005 17486 17505 D M_InsDal: Lcom/fsck/k9/mailstore/LocalStore;--->getInstance(Lcom/fsck/k9/Account;Landroid/content/Context;)Lcom/fsck/k9/mailstore/LocalStore;
06-09 10:03:45.005 17486 17505 D M_InsDal: Lcom/fsck/k9/Account;--->getUuid()Ljava/lang/String;
06-09 10:03:45.005 17486 17486 D M_InsDal: Lcom/fsck/k9/activity/MessageList;--->setMessageListTitle(Ljava/lang/String;)V
06-09 10:03:45.005 17486 17486 D M_InsDal: Lcom/fsck/k9/activity/MessageList;--->setActionBarTitle(Ljava/lang/String;)V
06-09 10:03:45.005 17486 17486 D M_InsDal: Lcom/fsck/k9/activity/ActivityListener;--->getOperation(Landroid/content/Context;)Ljava/lang/String;
06-09 10:03:45.005 17486 17486 D M_InsDal: Lcom/fsck/k9/activity/ActivityListener;--->getActionInProgressOperation(Landroid/content/Context;)Ljava/lang/String;
06-09 10:03:45.005 17486 17486 D M_InsDal: Lcom/fsck/k9/Account;--->getInboxFolderName()Ljava/lang/String;
06-09 10:03:45.005 17486 17505 D M_InsDal: Lcom/fsck/k9/K9;--->measureAccounts()Z
06-09 10:03:45.005 17486 17505 D M_InsDal: Lcom/fsck/k9/mailstore/LocalStore;--->getSize()J
06-09 10:03:45.005 17486 17505 D M_InsDal: Lcom/fsck/k9/mailstore/StorageManager;--->getInstance(Landroid/content/Context;)Lcom/fsck/k9/mailstore/StorageManager;
06-09 10:03:45.005 17486 17505 D M_InsDal: Lcom/fsck/k9/Account;--->getUuid()Ljava/lang/String;
06-09 10:03:45.005 17486 17505 D M_InsDal: Lcom/fsck/k9/mailstore/LockableDatabase;--->getStorageProviderId()Ljava/lang/String;
06-09 10:03:45.005 17486 17486 D M_InsDal: Lcom/fsck/k9/activity/MessageList;--->setMessageListSubTitle(Ljava/lang/String;)V
06-09 10:03:45.005 17486 17505 D M_InsDal: Lcom/fsck/k9/mailstore/StorageManager;--->getAttachmentDirectory(Ljava/lang/String;Ljava/lang/String;)Ljava/io/File;
06-09 10:03:45.005 17486 17486 D M_InsDal: Lcom/fsck/k9/activity/MessageList;--->setActionBarSubTitle(Ljava/lang/String;)V
06-09 10:03:45.005 17486 17505 D M_InsDal: Lcom/fsck/k9/mailstore/StorageManager;--->getProvider(Ljava/lang/String;)Lcom/fsck/k9/mailstore/StorageManager$StorageProvider;
06-09 10:03:45.005 17486 17486 D M_InsDal: Lcom/fsck/k9/activity/MessageList;--->setUnreadCount(I)V
06-09 10:03:45.005 17486 17486 D M_InsDal: Lcom/fsck/k9/activity/MessageList;--->setActionBarUnread(I)V
06-09 10:03:45.005 17486 17486 D M_InsDal: Lcom/fsck/k9/search/LocalSearch;--->isManualSearch()Z
06-09 10:03:45.005 17486 17486 D M_InsDal: Lcom/fsck/k9/fragment/MessageListFragment;--->setWindowProgress()V
06-09 10:03:45.005 17486 17505 D M_InsDal: Lcom/fsck/k9/mailstore/StorageManager$InternalStorageProvider;--->getAttachmentDirectory(Landroid/content/Context;Ljava/lang/String;)Ljava/io/File;
06-09 10:03:45.005 17486 17486 D M_InsDal: Lcom/fsck/k9/activity/ActivityListener;--->getFolderTotal()I
06-09 10:03:45.005 17486 17486 D M_InsDal: Lcom/fsck/k9/activity/MessageList;--->setMessageListProgress(I)V
06-09 10:03:45.005 17486 17486 D M_InsDal: Lcom/fsck/k9/fragment/MessageListHandler;--->handleMessage(Landroid/os/Message;)V
06-09 10:03:45.005 17486 17486 D M_InsDal: Lcom/fsck/k9/fragment/MessageListFragment;--->updateTitle()V
06-09 10:03:45.005 17486 17486 D M_InsDal: Lcom/fsck/k9/fragment/MessageListFragment;--->setWindowTitle()V
06-09 10:03:45.005 17486 17486 D M_InsDal: Lcom/fsck/k9/fragment/MessageListFragment;--->isManualSearch()Z
06-09 10:03:45.005 17486 17486 D M_InsDal: Lcom/fsck/k9/search/LocalSearch;--->isManualSearch()Z
06-09 10:03:45.005 17486 17486 D M_InsDal: Lcom/fsck/k9/activity/FolderInfoHolder;--->getDisplayName(Landroid/content/Context;Lcom/fsck/k9/Account;Ljava/lang/String;)Ljava/lang/String;
06-09 10:03:45.005 17486 17486 D M_InsDal: Lcom/fsck/k9/Account;--->getSpamFolderName()Ljava/lang/String;
06-09 10:03:45.005 17486 17486 D M_InsDal: Lcom/fsck/k9/Account;--->getArchiveFolderName()Ljava/lang/String;
06-09 10:03:45.005 17486 17486 D M_InsDal: Lcom/fsck/k9/Account;--->getSentFolderName()Ljava/lang/String;
06-09 10:03:45.005 17486 17486 D M_InsDal: Lcom/fsck/k9/Account;--->getTrashFolderName()Ljava/lang/String;
06-09 10:03:45.005 17486 17486 D M_InsDal: Lcom/fsck/k9/Account;--->getDraftsFolderName()Ljava/lang/String;
06-09 10:03:45.005 17486 17486 D M_InsDal: Lcom/fsck/k9/Account;--->getOutboxFolderName()Ljava/lang/String;
06-09 10:03:45.005 17486 17486 D M_InsDal: Lcom/fsck/k9/Account;--->getInboxFolderName()Ljava/lang/String;
06-09 10:03:45.005 17486 17486 D M_InsDal: Lcom/fsck/k9/activity/MessageList;--->setMessageListTitle(Ljava/lang/String;)V
06-09 10:03:45.005 17486 17486 D M_InsDal: Lcom/fsck/k9/activity/MessageList;--->setActionBarTitle(Ljava/lang/String;)V
06-09 10:03:45.005 17486 17486 D M_InsDal: Lcom/fsck/k9/activity/ActivityListener;--->getOperation(Landroid/content/Context;)Ljava/lang/String;
06-09 10:03:45.005 17486 17486 D M_InsDal: Lcom/fsck/k9/activity/ActivityListener;--->getActionInProgressOperation(Landroid/content/Context;)Ljava/lang/String;
06-09 10:03:45.006 17486 17486 D M_InsDal: Lcom/fsck/k9/activity/MessageList;--->setMessageListSubTitle(Ljava/lang/String;)V
06-09 10:03:45.006 17486 17486 D M_InsDal: Lcom/fsck/k9/activity/MessageList;--->setActionBarSubTitle(Ljava/lang/String;)V
06-09 10:03:45.006 17486 17486 D M_InsDal: Lcom/fsck/k9/activity/MessageList;--->setUnreadCount(I)V
06-09 10:03:45.006 17486 17486 D M_InsDal: Lcom/fsck/k9/activity/MessageList;--->setActionBarUnread(I)V
06-09 10:03:45.006 17486 17486 D M_InsDal: Lcom/fsck/k9/search/LocalSearch;--->isManualSearch()Z
06-09 10:03:45.006 17486 17486 D M_InsDal: Lcom/fsck/k9/fragment/MessageListFragment;--->setWindowProgress()V
06-09 10:03:45.006 17486 17486 D M_InsDal: Lcom/fsck/k9/activity/ActivityListener;--->getFolderTotal()I
06-09 10:03:45.006 17486 17486 D M_InsDal: Lcom/fsck/k9/Account;--->getArchiveFolderName()Ljava/lang/String;
06-09 10:03:45.008 17486 17505 D M_InsDal: Lcom/fsck/k9/mail/message/MessageHeaderParser$MessageHeaderParserContentHandler;---><init>(Lcom/fsck/k9/mail/Part;)V
06-09 10:03:45.008 17486 17505 D M_InsDal: Lcom/fsck/k9/mail/message/MessageHeaderParser$MessageHeaderParserContentHandler;--->startMessage()V
06-09 10:03:45.008 17486 17505 D M_InsDal: Lcom/fsck/k9/mail/message/MessageHeaderParser$MessageHeaderParserContentHandler;--->startHeader()V
06-09 10:03:45.008 17486 17505 D M_InsDal: Lcom/fsck/k9/mail/message/MessageHeaderParser$MessageHeaderParserContentHandler;--->field(Lorg/apache/james/mime4j/stream/Field;)V
06-09 10:03:45.008 17486 17505 D M_InsDal: Lcom/fsck/k9/mail/internet/MimeMessage;--->addRawHeader(Ljava/lang/String;Ljava/lang/String;)V
06-09 10:03:45.008 17486 17505 D M_InsDal: Lcom/fsck/k9/mail/internet/MimeHeader;--->addRawHeader(Ljava/lang/String;Ljava/lang/String;)V
06-09 10:03:45.008 17486 17505 D M_InsDal: Lcom/fsck/k9/mail/internet/MimeHeader$Field;--->newRawField(Ljava/lang/String;Ljava/lang/String;)Lcom/fsck/k9/mail/internet/MimeHeader$Field;
06-09 10:03:45.008 17486 17505 D M_InsDal: Lcom/fsck/k9/mail/internet/MimeHeader$Field;---><init>(Ljava/lang/String;Ljava/lang/String;Ljava/lang/String;)V
06-09 10:03:45.008 17486 17505 D M_InsDal: Lcom/fsck/k9/mail/message/MessageHeaderParser$MessageHeaderParserContentHandler;--->field(Lorg/apache/james/mime4j/stream/Field;)V
06-09 10:03:45.008 17486 17505 D M_InsDal: Lcom/fsck/k9/mail/internet/MimeMessage;--->addRawHeader(Ljava/lang/String;Ljava/lang/String;)V
06-09 10:03:45.008 17486 17505 D M_InsDal: Lcom/fsck/k9/mail/internet/MimeHeader;--->addRawHeader(Ljava/lang/String;Ljava/lang/String;)V
06-09 10:03:45.008 17486 17505 D M_InsDal: Lcom/fsck/k9/mail/internet/MimeHeader$Field;--->newRawField(Ljava/lang/String;Ljava/lang/String;)Lcom/fsck/k9/mail/internet/MimeHeader$Field;
06-09 10:03:45.008 17486 17505 D M_InsDal: Lcom/fsck/k9/mail/internet/MimeHeader$Field;---><init>(Ljava/lang/String;Ljava/lang/String;Ljava/lang/String;)V
06-09 10:03:45.008 17486 17505 D M_InsDal: Lcom/fsck/k9/mail/message/MessageHeaderParser$MessageHeaderParserContentHandler;--->field(Lorg/apache/james/mime4j/stream/Field;)V
06-09 10:03:45.008 17486 17505 D M_InsDal: Lcom/fsck/k9/mail/internet/MimeMessage;--->addRawHeader(Ljava/lang/String;Ljava/lang/String;)V
06-09 10:03:45.008 17486 17505 D M_InsDal: Lcom/fsck/k9/mail/internet/MimeHeader;--->addRawHeader(Ljava/lang/String;Ljava/lang/String;)V
06-09 10:03:45.008 17486 17505 D M_InsDal: Lcom/fsck/k9/mail/internet/MimeHeader$Field;--->newRawField(Ljava/lang/String;Ljava/lang/String;)Lcom/fsck/k9/mail/internet/MimeHeader$Field;
06-09 10:03:45.008 17486 17505 D M_InsDal: Lcom/fsck/k9/mail/internet/MimeHeader$Field;---><init>(Ljava/lang/String;Ljava/lang/String;Ljava/lang/String;)V
06-09 10:03:45.008 17486 17505 D M_InsDal: Lcom/fsck/k9/mail/message/MessageHeaderParser$MessageHeaderParserContentHandler;--->field(Lorg/apache/james/mime4j/stream/Field;)V
06-09 10:03:45.008 17486 17505 D M_InsDal: Lcom/fsck/k9/mail/internet/MimeMessage;--->addRawHeader(Ljava/lang/String;Ljava/lang/String;)V
06-09 10:03:45.008 17486 17505 D M_InsDal: Lcom/fsck/k9/mail/internet/MimeHeader;--->addRawHeader(Ljava/lang/String;Ljava/lang/String;)V
06-09 10:03:45.008 17486 17505 D M_InsDal: Lcom/fsck/k9/mail/internet/MimeHeader$Field;--->newRawField(Ljava/lang/String;Ljava/lang/String;)Lcom/fsck/k9/mail/internet/MimeHeader$Field;
06-09 10:03:45.008 17486 17505 D M_InsDal: Lcom/fsck/k9/mail/internet/MimeHeader$Field;---><init>(Ljava/lang/String;Ljava/lang/String;Ljava/lang/String;)V
06-09 10:03:45.009 17486 17505 D M_InsDal: Lcom/fsck/k9/mail/message/MessageHeaderParser$MessageHeaderParserContentHandler;--->field(Lorg/apache/james/mime4j/stream/Field;)V
06-09 10:03:45.009 17486 17505 D M_InsDal: Lcom/fsck/k9/mail/internet/MimeMessage;--->addRawHeader(Ljava/lang/String;Ljava/lang/String;)V
06-09 10:03:45.009 17486 17505 D M_InsDal: Lcom/fsck/k9/mail/internet/MimeHeader;--->addRawHeader(Ljava/lang/String;Ljava/lang/String;)V
06-09 10:03:45.009 17486 17505 D M_InsDal: Lcom/fsck/k9/mail/internet/MimeHeader$Field;--->newRawField(Ljava/lang/String;Ljava/lang/String;)Lcom/fsck/k9/mail/internet/MimeHeader$Field;
06-09 10:03:45.009 17486 17505 D M_InsDal: Lcom/fsck/k9/mail/internet/MimeHeader$Field;---><init>(Ljava/lang/String;Ljava/lang/String;Ljava/lang/String;)V
06-09 10:03:45.009 17486 17505 D M_InsDal: Lcom/fsck/k9/mail/message/MessageHeaderParser$MessageHeaderParserContentHandler;--->field(Lorg/apache/james/mime4j/stream/Field;)V
06-09 10:03:45.009 17486 17505 D M_InsDal: Lcom/fsck/k9/mail/internet/MimeMessage;--->addRawHeader(Ljava/lang/String;Ljava/lang/String;)V
06-09 10:03:45.009 17486 17505 D M_InsDal: Lcom/fsck/k9/mail/internet/MimeHeader;--->addRawHeader(Ljava/lang/String;Ljava/lang/String;)V
06-09 10:03:45.009 17486 17505 D M_InsDal: Lcom/fsck/k9/mail/internet/MimeHeader$Field;--->newRawField(Ljava/lang/String;Ljava/lang/String;)Lcom/fsck/k9/mail/internet/MimeHeader$Field;
06-09 10:03:45.009 17486 17505 D M_InsDal: Lcom/fsck/k9/mail/internet/MimeHeader$Field;---><init>(Ljava/lang/String;Ljava/lang/String;Ljava/lang/String;)V
06-09 10:03:45.009 17486 17505 D M_InsDal: Lcom/fsck/k9/mail/message/MessageHeaderParser$MessageHeaderParserContentHandler;--->field(Lorg/apache/james/mime4j/stream/Field;)V
06-09 10:03:45.009 17486 17505 D M_InsDal: Lcom/fsck/k9/mail/internet/MimeMessage;--->addRawHeader(Ljava/lang/String;Ljava/lang/String;)V
06-09 10:03:45.009 17486 17505 D M_InsDal: Lcom/fsck/k9/mail/internet/MimeHeader;--->addRawHeader(Ljava/lang/String;Ljava/lang/String;)V
06-09 10:03:45.009 17486 17505 D M_InsDal: Lcom/fsck/k9/mail/internet/MimeHeader$Field;--->newRawField(Ljava/lang/String;Ljava/lang/String;)Lcom/fsck/k9/mail/internet/MimeHeader$Field;
06-09 10:03:45.009 17486 17505 D M_InsDal: Lcom/fsck/k9/mail/internet/MimeHeader$Field;---><init>(Ljava/lang/String;Ljava/lang/String;Ljava/lang/String;)V
06-09 10:03:45.009 17486 17505 D M_InsDal: Lcom/fsck/k9/mail/message/MessageHeaderParser$MessageHeaderParserContentHandler;--->field(Lorg/apache/james/mime4j/stream/Field;)V
06-09 10:03:45.009 17486 17505 D M_InsDal: Lcom/fsck/k9/mail/internet/MimeMessage;--->addRawHeader(Ljava/lang/String;Ljava/lang/String;)V
06-09 10:03:45.009 17486 17505 D M_InsDal: Lcom/fsck/k9/mail/internet/MimeHeader;--->addRawHeader(Ljava/lang/String;Ljava/lang/String;)V
06-09 10:03:45.009 17486 17505 D M_InsDal: Lcom/fsck/k9/mail/internet/MimeHeader$Field;--->newRawField(Ljava/lang/String;Ljava/lang/String;)Lcom/fsck/k9/mail/internet/MimeHeader$Field;
06-09 10:03:45.009 17486 17505 D M_InsDal: Lcom/fsck/k9/mail/internet/MimeHeader$Field;---><init>(Ljava/lang/String;Ljava/lang/String;Ljava/lang/String;)V
06-09 10:03:45.009 17486 17505 D M_InsDal: Lcom/fsck/k9/mail/message/MessageHeaderParser$MessageHeaderParserContentHandler;--->field(Lorg/apache/james/mime4j/stream/Field;)V
06-09 10:03:45.009 17486 17505 D M_InsDal: Lcom/fsck/k9/mail/internet/MimeMessage;--->addRawHeader(Ljava/lang/String;Ljava/lang/String;)V
06-09 10:03:45.009 17486 17505 D M_InsDal: Lcom/fsck/k9/mail/internet/MimeHeader;--->addRawHeader(Ljava/lang/String;Ljava/lang/String;)V
06-09 10:03:45.009 17486 17505 D M_InsDal: Lcom/fsck/k9/mail/internet/MimeHeader$Field;--->newRawField(Ljava/lang/String;Ljava/lang/String;)Lcom/fsck/k9/mail/internet/MimeHeader$Field;
06-09 10:03:45.009 17486 17505 D M_InsDal: Lcom/fsck/k9/mail/internet/MimeHeader$Field;---><init>(Ljava/lang/String;Ljava/lang/String;Ljava/lang/String;)V
06-09 10:03:45.009 17486 17505 D M_InsDal: Lcom/fsck/k9/mail/message/MessageHeaderParser$MessageHeaderParserContentHandler;--->field(Lorg/apache/james/mime4j/stream/Field;)V
06-09 10:03:45.009 17486 17505 D M_InsDal: Lcom/fsck/k9/mail/internet/MimeMessage;--->addRawHeader(Ljava/lang/String;Ljava/lang/String;)V
06-09 10:03:45.009 17486 17505 D M_InsDal: Lcom/fsck/k9/mail/internet/MimeHeader;--->addRawHeader(Ljava/lang/String;Ljava/lang/String;)V
06-09 10:03:45.009 17486 17505 D M_InsDal: Lcom/fsck/k9/mail/internet/MimeHeader$Field;--->newRawField(Ljava/lang/String;Ljava/lang/String;)Lcom/fsck/k9/mail/internet/MimeHeader$Field;
06-09 10:03:45.009 17486 17505 D M_InsDal: Lcom/fsck/k9/mail/internet/MimeHeader$Field;---><init>(Ljava/lang/String;Ljava/lang/String;Ljava/lang/String;)V
06-09 10:03:45.009 17486 17505 D M_InsDal: Lcom/fsck/k9/mail/message/MessageHeaderParser$MessageHeaderParserContentHandler;--->field(Lorg/apache/james/mime4j/stream/Field;)V
06-09 10:03:45.009 17486 17505 D M_InsDal: Lcom/fsck/k9/mail/internet/MimeMessage;--->addRawHeader(Ljava/lang/String;Ljava/lang/String;)V
06-09 10:03:45.009 17486 17505 D M_InsDal: Lcom/fsck/k9/mail/internet/MimeHeader;--->addRawHeader(Ljava/lang/String;Ljava/lang/String;)V
06-09 10:03:45.009 17486 17505 D M_InsDal: Lcom/fsck/k9/mail/internet/MimeHeader$Field;--->newRawField(Ljava/lang/String;Ljava/lang/String;)Lcom/fsck/k9/mail/internet/MimeHeader$Field;
06-09 10:03:45.009 17486 17505 D M_InsDal: Lcom/fsck/k9/mail/internet/MimeHeader$Field;---><init>(Ljava/lang/String;Ljava/lang/String;Ljava/lang/String;)V
06-09 10:03:45.009 17486 17505 D M_InsDal: Lcom/fsck/k9/mail/message/MessageHeaderParser$MessageHeaderParserContentHandler;--->field(Lorg/apache/james/mime4j/stream/Field;)V
06-09 10:03:45.009 17486 17505 D M_InsDal: Lcom/fsck/k9/mail/internet/MimeMessage;--->addRawHeader(Ljava/lang/String;Ljava/lang/String;)V
06-09 10:03:45.009 17486 17505 D M_InsDal: Lcom/fsck/k9/mail/internet/MimeHeader;--->addRawHeader(Ljava/lang/String;Ljava/lang/String;)V
06-09 10:03:45.009 17486 17505 D M_InsDal: Lcom/fsck/k9/mail/internet/MimeHeader$Field;--->newRawField(Ljava/lang/String;Ljava/lang/String;)Lcom/fsck/k9/mail/internet/MimeHeader$Field;
06-09 10:03:45.009 17486 17505 D M_InsDal: Lcom/fsck/k9/mail/internet/MimeHeader$Field;---><init>(Ljava/lang/String;Ljava/lang/String;Ljava/lang/String;)V
06-09 10:03:45.009 17486 17505 D M_InsDal: Lcom/fsck/k9/mail/message/MessageHeaderParser$MessageHeaderParserContentHandler;--->field(Lorg/apache/james/mime4j/stream/Field;)V
06-09 10:03:45.009 17486 17505 D M_InsDal: Lcom/fsck/k9/mail/internet/MimeMessage;--->addRawHeader(Ljava/lang/String;Ljava/lang/String;)V
06-09 10:03:45.009 17486 17505 D M_InsDal: Lcom/fsck/k9/mail/internet/MimeHeader;--->addRawHeader(Ljava/lang/String;Ljava/lang/String;)V
06-09 10:03:45.009 17486 17505 D M_InsDal: Lcom/fsck/k9/mail/internet/MimeHeader$Field;--->newRawField(Ljava/lang/String;Ljava/lang/String;)Lcom/fsck/k9/mail/internet/MimeHeader$Field;
06-09 10:03:45.009 17486 17505 D M_InsDal: Lcom/fsck/k9/mail/internet/MimeHeader$Field;---><init>(Ljava/lang/String;Ljava/lang/String;Ljava/lang/String;)V
06-09 10:03:45.009 17486 17505 D M_InsDal: Lcom/fsck/k9/mail/message/MessageHeaderParser$MessageHeaderParserContentHandler;--->field(Lorg/apache/james/mime4j/stream/Field;)V
06-09 10:03:45.009 17486 17505 D M_InsDal: Lcom/fsck/k9/mail/internet/MimeMessage;--->addRawHeader(Ljava/lang/String;Ljava/lang/String;)V
06-09 10:03:45.009 17486 17505 D M_InsDal: Lcom/fsck/k9/mail/internet/MimeHeader;--->addRawHeader(Ljava/lang/String;Ljava/lang/String;)V
06-09 10:03:45.009 17486 17505 D M_InsDal: Lcom/fsck/k9/mail/internet/MimeHeader$Field;--->newRawField(Ljava/lang/String;Ljava/lang/String;)Lcom/fsck/k9/mail/internet/MimeHeader$Field;
06-09 10:03:45.009 17486 17505 D M_InsDal: Lcom/fsck/k9/mail/internet/MimeHeader$Field;---><init>(Ljava/lang/String;Ljava/lang/String;Ljava/lang/String;)V
06-09 10:03:45.009 17486 17505 D M_InsDal: Lcom/fsck/k9/mail/message/MessageHeaderParser$MessageHeaderParserContentHandler;--->field(Lorg/apache/james/mime4j/stream/Field;)V
06-09 10:03:45.009 17486 17505 D M_InsDal: Lcom/fsck/k9/mail/internet/MimeMessage;--->addRawHeader(Ljava/lang/String;Ljava/lang/String;)V
06-09 10:03:45.009 17486 17505 D M_InsDal: Lcom/fsck/k9/mail/internet/MimeHeader;--->addRawHeader(Ljava/lang/String;Ljava/lang/String;)V
06-09 10:03:45.009 17486 17505 D M_InsDal: Lcom/fsck/k9/mail/internet/MimeHeader$Field;--->newRawField(Ljava/lang/String;Ljava/lang/String;)Lcom/fsck/k9/mail/internet/MimeHeader$Field;
06-09 10:03:45.009 17486 17505 D M_InsDal: Lcom/fsck/k9/mail/internet/MimeHeader$Field;---><init>(Ljava/lang/String;Ljava/lang/String;Ljava/lang/String;)V
06-09 10:03:45.009 17486 17505 D M_InsDal: Lcom/fsck/k9/mail/message/MessageHeaderParser$MessageHeaderParserContentHandler;--->field(Lorg/apache/james/mime4j/stream/Field;)V
06-09 10:03:45.009 17486 17505 D M_InsDal: Lcom/fsck/k9/mail/internet/MimeMessage;--->addRawHeader(Ljava/lang/String;Ljava/lang/String;)V
06-09 10:03:45.009 17486 17505 D M_InsDal: Lcom/fsck/k9/mail/internet/MimeHeader;--->addRawHeader(Ljava/lang/String;Ljava/lang/String;)V
06-09 10:03:45.009 17486 17505 D M_InsDal: Lcom/fsck/k9/mail/internet/MimeHeader$Field;--->newRawField(Ljava/lang/String;Ljava/lang/String;)Lcom/fsck/k9/mail/internet/MimeHeader$Field;
06-09 10:03:45.009 17486 17505 D M_InsDal: Lcom/fsck/k9/mail/internet/MimeHeader$Field;---><init>(Ljava/lang/String;Ljava/lang/String;Ljava/lang/String;)V
06-09 10:03:45.009 17486 17505 D M_InsDal: Lcom/fsck/k9/mail/message/MessageHeaderParser$MessageHeaderParserContentHandler;--->field(Lorg/apache/james/mime4j/stream/Field;)V
06-09 10:03:45.009 17486 17505 D M_InsDal: Lcom/fsck/k9/mail/internet/MimeMessage;--->addRawHeader(Ljava/lang/String;Ljava/lang/String;)V
06-09 10:03:45.009 17486 17505 D M_InsDal: Lcom/fsck/k9/mail/internet/MimeHeader;--->addRawHeader(Ljava/lang/String;Ljava/lang/String;)V
06-09 10:03:45.009 17486 17505 D M_InsDal: Lcom/fsck/k9/mail/internet/MimeHeader$Field;--->newRawField(Ljava/lang/String;Ljava/lang/String;)Lcom/fsck/k9/mail/internet/MimeHeader$Field;
06-09 10:03:45.009 17486 17505 D M_InsDal: Lcom/fsck/k9/mail/internet/MimeHeader$Field;---><init>(Ljava/lang/String;Ljava/lang/String;Ljava/lang/String;)V
06-09 10:03:45.009 17486 17505 D M_InsDal: Lcom/fsck/k9/mail/message/MessageHeaderParser$MessageHeaderParserContentHandler;--->field(Lorg/apache/james/mime4j/stream/Field;)V
06-09 10:03:45.009 17486 17505 D M_InsDal: Lcom/fsck/k9/mail/internet/MimeMessage;--->addRawHeader(Ljava/lang/String;Ljava/lang/String;)V
06-09 10:03:45.009 17486 17505 D M_InsDal: Lcom/fsck/k9/mail/internet/MimeHeader;--->addRawHeader(Ljava/lang/String;Ljava/lang/String;)V
06-09 10:03:45.009 17486 17505 D M_InsDal: Lcom/fsck/k9/mail/internet/MimeHeader$Field;--->newRawField(Ljava/lang/String;Ljava/lang/String;)Lcom/fsck/k9/mail/internet/MimeHeader$Field;
06-09 10:03:45.009 17486 17505 D M_InsDal: Lcom/fsck/k9/mail/internet/MimeHeader$Field;---><init>(Ljava/lang/String;Ljava/lang/String;Ljava/lang/String;)V
06-09 10:03:45.009 17486 17505 D M_InsDal: Lcom/fsck/k9/mail/message/MessageHeaderParser$MessageHeaderParserContentHandler;--->field(Lorg/apache/james/mime4j/stream/Field;)V
06-09 10:03:45.009 17486 17505 D M_InsDal: Lcom/fsck/k9/mail/internet/MimeMessage;--->addRawHeader(Ljava/lang/String;Ljava/lang/String;)V
06-09 10:03:45.009 17486 17505 D M_InsDal: Lcom/fsck/k9/mail/internet/MimeHeader;--->addRawHeader(Ljava/lang/String;Ljava/lang/String;)V
06-09 10:03:45.009 17486 17505 D M_InsDal: Lcom/fsck/k9/mail/internet/MimeHeader$Field;--->newRawField(Ljava/lang/String;Ljava/lang/String;)Lcom/fsck/k9/mail/internet/MimeHeader$Field;
06-09 10:03:45.009 17486 17505 D M_InsDal: Lcom/fsck/k9/mail/internet/MimeHeader$Field;---><init>(Ljava/lang/String;Ljava/lang/String;Ljava/lang/String;)V
06-09 10:03:45.010 17486 17505 D M_InsDal: Lcom/fsck/k9/mail/message/MessageHeaderParser$MessageHeaderParserContentHandler;--->field(Lorg/apache/james/mime4j/stream/Field;)V
06-09 10:03:45.010 17486 17505 D M_InsDal: Lcom/fsck/k9/mail/internet/MimeMessage;--->addRawHeader(Ljava/lang/String;Ljava/lang/String;)V
06-09 10:03:45.010 17486 17505 D M_InsDal: Lcom/fsck/k9/mail/internet/MimeHeader;--->addRawHeader(Ljava/lang/String;Ljava/lang/String;)V
06-09 10:03:45.010 17486 17505 D M_InsDal: Lcom/fsck/k9/mail/internet/MimeHeader$Field;--->newRawField(Ljava/lang/String;Ljava/lang/String;)Lcom/fsck/k9/mail/internet/MimeHeader$Field;
06-09 10:03:45.010 17486 17505 D M_InsDal: Lcom/fsck/k9/mail/internet/MimeHeader$Field;---><init>(Ljava/lang/String;Ljava/lang/String;Ljava/lang/String;)V
06-09 10:03:45.010 17486 17505 D M_InsDal: Lcom/fsck/k9/mail/message/MessageHeaderParser$MessageHeaderParserContentHandler;--->field(Lorg/apache/james/mime4j/stream/Field;)V
06-09 10:03:45.010 17486 17505 D M_InsDal: Lcom/fsck/k9/mail/internet/MimeMessage;--->addRawHeader(Ljava/lang/String;Ljava/lang/String;)V
06-09 10:03:45.010 17486 17505 D M_InsDal: Lcom/fsck/k9/mail/internet/MimeHeader;--->addRawHeader(Ljava/lang/String;Ljava/lang/String;)V
06-09 10:03:45.010 17486 17505 D M_InsDal: Lcom/fsck/k9/mail/internet/MimeHeader$Field;--->newRawField(Ljava/lang/String;Ljava/lang/String;)Lcom/fsck/k9/mail/internet/MimeHeader$Field;
06-09 10:03:45.010 17486 17505 D M_InsDal: Lcom/fsck/k9/mail/internet/MimeHeader$Field;---><init>(Ljava/lang/String;Ljava/lang/String;Ljava/lang/String;)V
06-09 10:03:45.010 17486 17505 D M_InsDal: Lcom/fsck/k9/mail/message/MessageHeaderParser$MessageHeaderParserContentHandler;--->endHeader()V
06-09 10:03:45.010 17486 17505 D M_InsDal: Lcom/fsck/k9/mail/message/MessageHeaderParser$MessageHeaderParserContentHandler;--->body(Lorg/apache/james/mime4j/stream/BodyDescriptor;Ljava/io/InputStream;)V
06-09 10:03:45.010 17486 17505 D M_InsDal: Lcom/fsck/k9/mail/message/MessageHeaderParser$MessageHeaderParserContentHandler;--->endMessage()V
06-09 10:03:45.010 17486 17505 D M_InsDal: Lcom/fsck/k9/helper/Utility;--->closeQuietly(Landroid/database/Cursor;)V
06-09 10:03:45.010 17486 17505 D M_InsDal: Lcom/fsck/k9/mailstore/LockableDatabase;--->unlockRead()V
06-09 10:03:45.010 17486 17505 D M_InsDal: Lcom/fsck/k9/mailstore/LockableDatabase;--->getStorageManager()Lcom/fsck/k9/mailstore/StorageManager;
06-09 10:03:45.010 17486 17505 D M_InsDal: Lcom/fsck/k9/mailstore/StorageManager;--->getInstance(Landroid/content/Context;)Lcom/fsck/k9/mailstore/StorageManager;
06-09 10:03:45.010 17486 17505 D M_InsDal: Lcom/fsck/k9/mailstore/StorageManager;--->unlockProvider(Ljava/lang/String;)V
06-09 10:03:45.010 17486 17505 D M_InsDal: Lcom/fsck/k9/mailstore/StorageManager;--->getProvider(Ljava/lang/String;)Lcom/fsck/k9/mailstore/StorageManager$StorageProvider;
06-09 10:03:45.010 17486 17505 D M_InsDal: Lcom/fsck/k9/mail/Message;--->isSet(Lcom/fsck/k9/mail/Flag;)Z
06-09 10:03:45.010 17486 17505 D M_InsDal: Lcom/fsck/k9/mail/Message;--->getUid()Ljava/lang/String;
06-09 10:03:45.010 17486 17505 D M_InsDal: Lcom/fsck/k9/mail/Message;--->isSet(Lcom/fsck/k9/mail/Flag;)Z
06-09 10:03:45.010 17486 17505 D M_InsDal: Lcom/fsck/k9/mailstore/LocalFolder;--->getPushState()Ljava/lang/String;
06-09 10:03:45.010 17486 17505 D M_InsDal: Lcom/fsck/k9/mail/store/imap/ImapFolder;--->getNewPushState(Ljava/lang/String;Lcom/fsck/k9/mail/Message;)Ljava/lang/String;
06-09 10:03:45.010 17486 17505 D M_InsDal: Lcom/fsck/k9/mail/Message;--->getUid()Ljava/lang/String;
06-09 10:03:45.010 17486 17505 D M_InsDal: Lcom/fsck/k9/mail/store/imap/ImapPushState;--->parse(Ljava/lang/String;)Lcom/fsck/k9/mail/store/imap/ImapPushState;
06-09 10:03:45.010 17486 17505 D M_InsDal: Lcom/fsck/k9/mail/store/imap/ImapPushState;---><init>(J)V
06-09 10:03:45.010 17486 17505 D M_InsDal: Lcom/fsck/k9/controller/imap/ImapSync;--->evaluateMessageForDownload(Lcom/fsck/k9/mail/Message;Ljava/lang/String;Lcom/fsck/k9/mailstore/LocalFolder;Lcom/fsck/k9/mail/Folder;Lcom/fsck/k9/Account;Ljava/util/List;Ljava/util/List;Z)V
06-09 10:03:45.010 17486 17505 D M_InsDal: Lcom/fsck/k9/mail/Message;--->isSet(Lcom/fsck/k9/mail/Flag;)Z
06-09 10:03:45.010 17486 17505 D M_InsDal: Lcom/fsck/k9/mail/Message;--->getUid()Ljava/lang/String;
06-09 10:03:45.010 17486 17505 D M_InsDal: Lcom/fsck/k9/mailstore/LocalFolder;--->getMessage(Ljava/lang/String;)Lcom/fsck/k9/mailstore/LocalMessage;
06-09 10:03:45.010 17486 17505 D M_InsDal: Lcom/fsck/k9/mailstore/LocalStore;--->getDatabase()Lcom/fsck/k9/mailstore/LockableDatabase;
06-09 10:03:45.010 17486 17505 D M_InsDal: Lcom/fsck/k9/mailstore/LocalFolder$10;---><init>(Lcom/fsck/k9/mailstore/LocalFolder;Ljava/lang/String;)V
06-09 10:03:45.010 17486 17505 D M_InsDal: Lcom/fsck/k9/mailstore/LockableDatabase;--->execute(ZLcom/fsck/k9/mailstore/LockableDatabase$DbCallback;)Ljava/lang/Object;
06-09 10:03:45.010 17486 17505 D M_InsDal: Lcom/fsck/k9/mailstore/LockableDatabase;--->lockRead()V
06-09 10:03:45.010 17486 17505 D M_InsDal: Lcom/fsck/k9/mailstore/LockableDatabase;--->getStorageManager()Lcom/fsck/k9/mailstore/StorageManager;
06-09 10:03:45.010 17486 17505 D M_InsDal: Lcom/fsck/k9/mailstore/StorageManager;--->getInstance(Landroid/content/Context;)Lcom/fsck/k9/mailstore/StorageManager;
06-09 10:03:45.010 17486 17505 D M_InsDal: Lcom/fsck/k9/mailstore/StorageManager;--->lockProvider(Ljava/lang/String;)V
06-09 10:03:45.010 17486 17505 D M_InsDal: Lcom/fsck/k9/mailstore/StorageManager;--->getProvider(Ljava/lang/String;)Lcom/fsck/k9/mailstore/StorageManager$StorageProvider;
06-09 10:03:45.010 17486 17505 D M_InsDal: Lcom/fsck/k9/mailstore/StorageManager$InternalStorageProvider;--->isReady(Landroid/content/Context;)Z
06-09 10:03:45.010 17486 17505 D M_InsDal: Lcom/fsck/k9/K9;--->isDebug()Z
06-09 10:03:45.010 17486 17505 D M_InsDal: Lcom/fsck/k9/mailstore/LocalFolder$10;--->doDbWork(Landroid/database/sqlite/SQLiteDatabase;)Lcom/fsck/k9/mailstore/LocalMessage;
06-09 10:03:45.010 17486 17505 D M_InsDal: Lcom/fsck/k9/mailstore/LocalFolder;--->open(I)V
06-09 10:03:45.010 17486 17505 D M_InsDal: Lcom/fsck/k9/mailstore/LocalFolder;--->isOpen()Z
06-09 10:03:45.010 17486 17505 D M_InsDal: Lcom/fsck/k9/mailstore/LocalFolder;--->getMode()I
06-09 10:03:45.010 17486 17505 D M_InsDal: Lcom/fsck/k9/mailstore/LocalMessage;---><init>(Lcom/fsck/k9/mailstore/LocalStore;Ljava/lang/String;Lcom/fsck/k9/mail/Folder;)V
06-09 10:03:45.010 17486 17505 D M_InsDal: Lcom/fsck/k9/mail/internet/MimeMessage;---><init>()V
06-09 10:03:45.010 17486 17505 D M_InsDal: Lcom/fsck/k9/mail/Message;---><init>()V
06-09 10:03:45.010 17486 17505 D M_InsDal: Lcom/fsck/k9/mail/internet/MimeHeader;---><init>()V
06-09 10:03:45.010 17486 17505 D M_InsDal: Lcom/fsck/k9/mail/Message;--->getUid()Ljava/lang/String;
06-09 10:03:45.010 17486 17505 D M_InsDal: Lcom/fsck/k9/mailstore/LocalMessage;--->populateFromGetMessageCursor(Landroid/database/Cursor;)V
06-09 10:03:45.010 17486 17505 D M_InsDal: Lcom/fsck/k9/mailstore/LocalMessage;--->setSubject(Ljava/lang/String;)V
06-09 10:03:45.010 17486 17505 D M_InsDal: Lcom/fsck/k9/mail/Address;--->unpack(Ljava/lang/String;)[Lcom/fsck/k9/mail/Address;
06-09 10:03:45.010 17486 17505 D M_InsDal: Lcom/fsck/k9/mail/Address;---><init>(Ljava/lang/String;Ljava/lang/String;Z)V
06-09 10:03:45.010 17486 17505 D M_InsDal: Lcom/fsck/k9/mailstore/LocalMessage;--->setFrom(Lcom/fsck/k9/mail/Address;)V
06-09 10:03:45.010 17486 17505 D M_InsDal: Lcom/fsck/k9/mail/internet/MimeMessage;--->setInternalSentDate(Ljava/util/Date;)V
06-09 10:03:45.010 17486 17505 D M_InsDal: Lcom/fsck/k9/mail/Message;--->setUid(Ljava/lang/String;)V
06-09 10:03:45.010 17486 17505 D M_InsDal: Lcom/fsck/k9/mailstore/LocalMessage;--->setUid(Ljava/lang/String;)V
06-09 10:03:45.010 17486 17505 D M_InsDal: Lcom/fsck/k9/mail/Flag;--->valueOf(Ljava/lang/String;)Lcom/fsck/k9/mail/Flag;
06-09 10:03:45.010 17486 17505 D M_InsDal: Lcom/fsck/k9/mail/Message;--->setFlag(Lcom/fsck/k9/mail/Flag;Z)V
06-09 10:03:45.010 17486 17505 D M_InsDal: Lcom/fsck/k9/mailstore/LocalMessage;--->setFlagInternal(Lcom/fsck/k9/mail/Flag;Z)V
06-09 10:03:45.010 17486 17505 D M_InsDal: Lcom/fsck/k9/mail/Address;--->unpack(Ljava/lang/String;)[Lcom/fsck/k9/mail/Address;
06-09 10:03:45.010 17486 17505 D M_InsDal: Lcom/fsck/k9/mail/Address;---><init>(Ljava/lang/String;Ljava/lang/String;Z)V
06-09 10:03:45.010 17486 17505 D M_InsDal: Lcom/fsck/k9/mailstore/LocalMessage;--->setRecipients(Lcom/fsck/k9/mail/Message$RecipientType;[Lcom/fsck/k9/mail/Address;)V
06-09 10:03:45.010 17486 17505 D M_InsDal: Lcom/fsck/k9/mail/Address;--->unpack(Ljava/lang/String;)[Lcom/fsck/k9/mail/Address;
06-09 10:03:45.010 17486 17505 D M_InsDal: Lcom/fsck/k9/mailstore/LocalMessage;--->setRecipients(Lcom/fsck/k9/mail/Message$RecipientType;[Lcom/fsck/k9/mail/Address;)V
06-09 10:03:45.010 17486 17505 D M_InsDal: Lcom/fsck/k9/mail/Address;--->unpack(Ljava/lang/String;)[Lcom/fsck/k9/mail/Address;
06-09 10:03:45.010 17486 17505 D M_InsDal: Lcom/fsck/k9/mailstore/LocalMessage;--->setRecipients(Lcom/fsck/k9/mail/Message$RecipientType;[Lcom/fsck/k9/mail/Address;)V
06-09 10:03:45.010 17486 17505 D M_InsDal: Lcom/fsck/k9/mail/Address;--->unpack(Ljava/lang/String;)[Lcom/fsck/k9/mail/Address;
06-09 10:03:45.010 17486 17505 D M_InsDal: Lcom/fsck/k9/mail/Address;---><init>(Ljava/lang/String;Ljava/lang/String;Z)V
06-09 10:03:45.010 17486 17505 D M_InsDal: Lcom/fsck/k9/mailstore/LocalMessage;--->setReplyTo([Lcom/fsck/k9/mail/Address;)V
06-09 10:03:45.010 17486 17505 D M_InsDal: Lcom/fsck/k9/mail/Message;--->setInternalDate(Ljava/util/Date;)V
06-09 10:03:45.010 17486 17505 D M_InsDal: Lcom/fsck/k9/mailstore/LocalMessage;--->setMessageId(Ljava/lang/String;)V
06-09 10:03:45.010 17486 17505 D M_InsDal: Lcom/fsck/k9/mailstore/DatabasePreviewType;--->fromDatabaseValue(Ljava/lang/String;)Lcom/fsck/k9/mailstore/DatabasePreviewType;
06-09 10:03:45.010 17486 17505 D M_InsDal: Lcom/fsck/k9/mailstore/DatabasePreviewType;--->values()[Lcom/fsck/k9/mailstore/DatabasePreviewType;
06-09 10:03:45.010 17486 17505 D M_InsDal: Lcom/fsck/k9/mailstore/DatabasePreviewType;--->getDatabaseValue()Ljava/lang/String;
06-09 10:03:45.010 17486 17505 D M_InsDal: Lcom/fsck/k9/mailstore/DatabasePreviewType;--->getDatabaseValue()Ljava/lang/String;
06-09 10:03:45.010 17486 17505 D M_InsDal: Lcom/fsck/k9/mailstore/DatabasePreviewType;--->getPreviewType()Lcom/fsck/k9/message/extractors/PreviewResult$PreviewType;
06-09 10:03:45.010 17486 17505 D M_InsDal: Lcom/fsck/k9/mail/Message;--->setFlag(Lcom/fsck/k9/mail/Flag;Z)V
06-09 10:03:45.010 17486 17505 D M_InsDal: Lcom/fsck/k9/mailstore/LocalMessage;--->setFlagInternal(Lcom/fsck/k9/mail/Flag;Z)V
06-09 10:03:45.010 17486 17505 D M_InsDal: Lcom/fsck/k9/mail/Message;--->setFlag(Lcom/fsck/k9/mail/Flag;Z)V
06-09 10:03:45.010 17486 17505 D M_InsDal: Lcom/fsck/k9/mailstore/LocalMessage;--->setFlagInternal(Lcom/fsck/k9/mail/Flag;Z)V
06-09 10:03:45.010 17486 17505 D M_InsDal: Lcom/fsck/k9/mail/Message;--->setFlag(Lcom/fsck/k9/mail/Flag;Z)V
06-09 10:03:45.010 17486 17505 D M_InsDal: Lcom/fsck/k9/mailstore/LocalMessage;--->setFlagInternal(Lcom/fsck/k9/mail/Flag;Z)V
06-09 10:03:45.010 17486 17505 D M_InsDal: Lcom/fsck/k9/mail/Message;--->setFlag(Lcom/fsck/k9/mail/Flag;Z)V
06-09 10:03:45.010 17486 17505 D M_InsDal: Lcom/fsck/k9/mailstore/LocalMessage;--->setFlagInternal(Lcom/fsck/k9/mail/Flag;Z)V
06-09 10:03:45.010 17486 17505 D M_InsDal: Lcom/fsck/k9/mail/Message;--->setFlag(Lcom/fsck/k9/mail/Flag;Z)V
06-09 10:03:45.010 17486 17505 D M_InsDal: Lcom/fsck/k9/mailstore/LocalMessage;--->setFlagInternal(Lcom/fsck/k9/mail/Flag;Z)V
06-09 10:03:45.010 17486 17505 D M_InsDal: Lcom/fsck/k9/mailstore/LocalMessage;--->setMessagePartId(J)V
06-09 10:03:45.010 17486 17505 D M_InsDal: Lcom/fsck/k9/mail/message/MessageHeaderParser;--->parse(Lcom/fsck/k9/mail/Part;Ljava/io/InputStream;)V
06-09 10:03:45.010 17486 17505 D M_InsDal: Lcom/fsck/k9/mail/message/MessageHeaderParser;--->getMimeStreamParser()Lorg/apache/james/mime4j/parser/MimeStreamParser;
06-09 10:03:45.010 17486 17505 D M_InsDal: Lcom/fsck/k9/mail/message/MessageHeaderParser$MessageHeaderParserContentHandler;---><init>(Lcom/fsck/k9/mail/Part;)V
06-09 10:03:45.010 17486 17505 D M_InsDal: Lcom/fsck/k9/mail/message/MessageHeaderParser$MessageHeaderParserContentHandler;--->startMessage()V
06-09 10:03:45.010 17486 17505 D M_InsDal: Lcom/fsck/k9/mail/message/MessageHeaderParser$MessageHeaderParserContentHandler;--->startHeader()V
06-09 10:03:45.010 17486 17505 D M_InsDal: Lcom/fsck/k9/mail/message/MessageHeaderParser$MessageHeaderParserContentHandler;--->field(Lorg/apache/james/mime4j/stream/Field;)V
06-09 10:03:45.010 17486 17505 D M_InsDal: Lcom/fsck/k9/mail/internet/MimeMessage;--->addRawHeader(Ljava/lang/String;Ljava/lang/String;)V
06-09 10:03:45.010 17486 17505 D M_InsDal: Lcom/fsck/k9/mail/internet/MimeHeader;--->addRawHeader(Ljava/lang/String;Ljava/lang/String;)V
06-09 10:03:45.010 17486 17505 D M_InsDal: Lcom/fsck/k9/mail/internet/MimeHeader$Field;--->newRawField(Ljava/lang/String;Ljava/lang/String;)Lcom/fsck/k9/mail/internet/MimeHeader$Field;
06-09 10:03:45.010 17486 17505 D M_InsDal: Lcom/fsck/k9/mail/internet/MimeHeader$Field;---><init>(Ljava/lang/String;Ljava/lang/String;Ljava/lang/String;)V
06-09 10:03:45.010 17486 17505 D M_InsDal: Lcom/fsck/k9/mail/message/MessageHeaderParser$MessageHeaderParserContentHandler;--->field(Lorg/apache/james/mime4j/stream/Field;)V
06-09 10:03:45.010 17486 17505 D M_InsDal: Lcom/fsck/k9/mail/internet/MimeMessage;--->addRawHeader(Ljava/lang/String;Ljava/lang/String;)V
06-09 10:03:45.010 17486 17505 D M_InsDal: Lcom/fsck/k9/mail/internet/MimeHeader;--->addRawHeader(Ljava/lang/String;Ljava/lang/String;)V
06-09 10:03:45.010 17486 17505 D M_InsDal: Lcom/fsck/k9/mail/internet/MimeHeader$Field;--->newRawField(Ljava/lang/String;Ljava/lang/String;)Lcom/fsck/k9/mail/internet/MimeHeader$Field;
06-09 10:03:45.010 17486 17505 D M_InsDal: Lcom/fsck/k9/mail/internet/MimeHeader$Field;---><init>(Ljava/lang/String;Ljava/lang/String;Ljava/lang/String;)V
06-09 10:03:45.010 17486 17505 D M_InsDal: Lcom/fsck/k9/mail/message/MessageHeaderParser$MessageHeaderParserContentHandler;--->field(Lorg/apache/james/mime4j/stream/Field;)V
06-09 10:03:45.010 17486 17505 D M_InsDal: Lcom/fsck/k9/mail/internet/MimeMessage;--->addRawHeader(Ljava/lang/String;Ljava/lang/String;)V
06-09 10:03:45.010 17486 17505 D M_InsDal: Lcom/fsck/k9/mail/internet/MimeHeader;--->addRawHeader(Ljava/lang/String;Ljava/lang/String;)V
06-09 10:03:45.010 17486 17505 D M_InsDal: Lcom/fsck/k9/mail/internet/MimeHeader$Field;--->newRawField(Ljava/lang/String;Ljava/lang/String;)Lcom/fsck/k9/mail/internet/MimeHeader$Field;
06-09 10:03:45.010 17486 17505 D M_InsDal: Lcom/fsck/k9/mail/internet/MimeHeader$Field;---><init>(Ljava/lang/String;Ljava/lang/String;Ljava/lang/String;)V
06-09 10:03:45.011 17486 17505 D M_InsDal: Lcom/fsck/k9/mail/message/MessageHeaderParser$MessageHeaderParserContentHandler;--->field(Lorg/apache/james/mime4j/stream/Field;)V
06-09 10:03:45.011 17486 17505 D M_InsDal: Lcom/fsck/k9/mail/internet/MimeMessage;--->addRawHeader(Ljava/lang/String;Ljava/lang/String;)V
06-09 10:03:45.011 17486 17505 D M_InsDal: Lcom/fsck/k9/mail/internet/MimeHeader;--->addRawHeader(Ljava/lang/String;Ljava/lang/String;)V
06-09 10:03:45.011 17486 17505 D M_InsDal: Lcom/fsck/k9/mail/internet/MimeHeader$Field;--->newRawField(Ljava/lang/String;Ljava/lang/String;)Lcom/fsck/k9/mail/internet/MimeHeader$Field;
06-09 10:03:45.011 17486 17505 D M_InsDal: Lcom/fsck/k9/mail/internet/MimeHeader$Field;---><init>(Ljava/lang/String;Ljava/lang/String;Ljava/lang/String;)V
06-09 10:03:45.011 17486 17505 D M_InsDal: Lcom/fsck/k9/mail/message/MessageHeaderParser$MessageHeaderParserContentHandler;--->field(Lorg/apache/james/mime4j/stream/Field;)V
06-09 10:03:45.011 17486 17505 D M_InsDal: Lcom/fsck/k9/mail/internet/MimeMessage;--->addRawHeader(Ljava/lang/String;Ljava/lang/String;)V
06-09 10:03:45.011 17486 17505 D M_InsDal: Lcom/fsck/k9/mail/internet/MimeHeader;--->addRawHeader(Ljava/lang/String;Ljava/lang/String;)V
06-09 10:03:45.011 17486 17505 D M_InsDal: Lcom/fsck/k9/mail/internet/MimeHeader$Field;--->newRawField(Ljava/lang/String;Ljava/lang/String;)Lcom/fsck/k9/mail/internet/MimeHeader$Field;
06-09 10:03:45.011 17486 17505 D M_InsDal: Lcom/fsck/k9/mail/internet/MimeHeader$Field;---><init>(Ljava/lang/String;Ljava/lang/String;Ljava/lang/String;)V
06-09 10:03:45.011 17486 17505 D M_InsDal: Lcom/fsck/k9/mail/message/MessageHeaderParser$MessageHeaderParserContentHandler;--->field(Lorg/apache/james/mime4j/stream/Field;)V
06-09 10:03:45.011 17486 17505 D M_InsDal: Lcom/fsck/k9/mail/internet/MimeMessage;--->addRawHeader(Ljava/lang/String;Ljava/lang/String;)V
06-09 10:03:45.011 17486 17505 D M_InsDal: Lcom/fsck/k9/mail/internet/MimeHeader;--->addRawHeader(Ljava/lang/String;Ljava/lang/String;)V
06-09 10:03:45.011 17486 17505 D M_InsDal: Lcom/fsck/k9/mail/internet/MimeHeader$Field;--->newRawField(Ljava/lang/String;Ljava/lang/String;)Lcom/fsck/k9/mail/internet/MimeHeader$Field;
06-09 10:03:45.011 17486 17505 D M_InsDal: Lcom/fsck/k9/mail/internet/MimeHeader$Field;---><init>(Ljava/lang/String;Ljava/lang/String;Ljava/lang/String;)V
06-09 10:03:45.011 17486 17505 D M_InsDal: Lcom/fsck/k9/mail/message/MessageHeaderParser$MessageHeaderParserContentHandler;--->field(Lorg/apache/james/mime4j/stream/Field;)V
06-09 10:03:45.011 17486 17505 D M_InsDal: Lcom/fsck/k9/mail/internet/MimeMessage;--->addRawHeader(Ljava/lang/String;Ljava/lang/String;)V
06-09 10:03:45.011 17486 17505 D M_InsDal: Lcom/fsck/k9/mail/internet/MimeHeader;--->addRawHeader(Ljava/lang/String;Ljava/lang/String;)V
06-09 10:03:45.011 17486 17505 D M_InsDal: Lcom/fsck/k9/mail/internet/MimeHeader$Field;--->newRawField(Ljava/lang/String;Ljava/lang/String;)Lcom/fsck/k9/mail/internet/MimeHeader$Field;
06-09 10:03:45.011 17486 17505 D M_InsDal: Lcom/fsck/k9/mail/internet/MimeHeader$Field;---><init>(Ljava/lang/String;Ljava/lang/String;Ljava/lang/String;)V
06-09 10:03:45.011 17486 17505 D M_InsDal: Lcom/fsck/k9/mail/message/MessageHeaderParser$MessageHeaderParserContentHandler;--->field(Lorg/apache/james/mime4j/stream/Field;)V
06-09 10:03:45.011 17486 17505 D M_InsDal: Lcom/fsck/k9/mail/internet/MimeMessage;--->addRawHeader(Ljava/lang/String;Ljava/lang/String;)V
06-09 10:03:45.011 17486 17505 D M_InsDal: Lcom/fsck/k9/mail/internet/MimeHeader;--->addRawHeader(Ljava/lang/String;Ljava/lang/String;)V
06-09 10:03:45.011 17486 17505 D M_InsDal: Lcom/fsck/k9/mail/internet/MimeHeader$Field;--->newRawField(Ljava/lang/String;Ljava/lang/String;)Lcom/fsck/k9/mail/internet/MimeHeader$Field;
06-09 10:03:45.011 17486 17505 D M_InsDal: Lcom/fsck/k9/mail/internet/MimeHeader$Field;---><init>(Ljava/lang/String;Ljava/lang/String;Ljava/lang/String;)V
06-09 10:03:45.011 17486 17505 D M_InsDal: Lcom/fsck/k9/mail/message/MessageHeaderParser$MessageHeaderParserContentHandler;--->field(Lorg/apache/james/mime4j/stream/Field;)V
06-09 10:03:45.011 17486 17505 D M_InsDal: Lcom/fsck/k9/mail/internet/MimeMessage;--->addRawHeader(Ljava/lang/String;Ljava/lang/String;)V
06-09 10:03:45.011 17486 17505 D M_InsDal: Lcom/fsck/k9/mail/internet/MimeHeader;--->addRawHeader(Ljava/lang/String;Ljava/lang/String;)V
06-09 10:03:45.011 17486 17505 D M_InsDal: Lcom/fsck/k9/mail/internet/MimeHeader$Field;--->newRawField(Ljava/lang/String;Ljava/lang/String;)Lcom/fsck/k9/mail/internet/MimeHeader$Field;
06-09 10:03:45.011 17486 17505 D M_InsDal: Lcom/fsck/k9/mail/internet/MimeHeader$Field;---><init>(Ljava/lang/String;Ljava/lang/String;Ljava/lang/String;)V
06-09 10:03:45.011 17486 17505 D M_InsDal: Lcom/fsck/k9/mail/message/MessageHeaderParser$MessageHeaderParserContentHandler;--->field(Lorg/apache/james/mime4j/stream/Field;)V
06-09 10:03:45.011 17486 17505 D M_InsDal: Lcom/fsck/k9/mail/internet/MimeMessage;--->addRawHeader(Ljava/lang/String;Ljava/lang/String;)V
06-09 10:03:45.011 17486 17505 D M_InsDal: Lcom/fsck/k9/mail/internet/MimeHeader;--->addRawHeader(Ljava/lang/String;Ljava/lang/String;)V
06-09 10:03:45.011 17486 17505 D M_InsDal: Lcom/fsck/k9/mail/internet/MimeHeader$Field;--->newRawField(Ljava/lang/String;Ljava/lang/String;)Lcom/fsck/k9/mail/internet/MimeHeader$Field;
06-09 10:03:45.011 17486 17505 D M_InsDal: Lcom/fsck/k9/mail/internet/MimeHeader$Field;---><init>(Ljava/lang/String;Ljava/lang/String;Ljava/lang/String;)V
06-09 10:03:45.011 17486 17505 D M_InsDal: Lcom/fsck/k9/mail/message/MessageHeaderParser$MessageHeaderParserContentHandler;--->field(Lorg/apache/james/mime4j/stream/Field;)V
06-09 10:03:45.011 17486 17505 D M_InsDal: Lcom/fsck/k9/mail/internet/MimeMessage;--->addRawHeader(Ljava/lang/String;Ljava/lang/String;)V
06-09 10:03:45.011 17486 17505 D M_InsDal: Lcom/fsck/k9/mail/internet/MimeHeader;--->addRawHeader(Ljava/lang/String;Ljava/lang/String;)V
06-09 10:03:45.011 17486 17505 D M_InsDal: Lcom/fsck/k9/mail/internet/MimeHeader$Field;--->newRawField(Ljava/lang/String;Ljava/lang/String;)Lcom/fsck/k9/mail/internet/MimeHeader$Field;
06-09 10:03:45.011 17486 17505 D M_InsDal: Lcom/fsck/k9/mail/internet/MimeHeader$Field;---><init>(Ljava/lang/String;Ljava/lang/String;Ljava/lang/String;)V
06-09 10:03:45.011 17486 17505 D M_InsDal: Lcom/fsck/k9/mail/message/MessageHeaderParser$MessageHeaderParserContentHandler;--->field(Lorg/apache/james/mime4j/stream/Field;)V
06-09 10:03:45.011 17486 17505 D M_InsDal: Lcom/fsck/k9/mail/internet/MimeMessage;--->addRawHeader(Ljava/lang/String;Ljava/lang/String;)V
06-09 10:03:45.011 17486 17505 D M_InsDal: Lcom/fsck/k9/mail/internet/MimeHeader;--->addRawHeader(Ljava/lang/String;Ljava/lang/String;)V
06-09 10:03:45.011 17486 17505 D M_InsDal: Lcom/fsck/k9/mail/internet/MimeHeader$Field;--->newRawField(Ljava/lang/String;Ljava/lang/String;)Lcom/fsck/k9/mail/internet/MimeHeader$Field;
06-09 10:03:45.011 17486 17505 D M_InsDal: Lcom/fsck/k9/mail/internet/MimeHeader$Field;---><init>(Ljava/lang/String;Ljava/lang/String;Ljava/lang/String;)V
06-09 10:03:45.011 17486 17505 D M_InsDal: Lcom/fsck/k9/mail/message/MessageHeaderParser$MessageHeaderParserContentHandler;--->field(Lorg/apache/james/mime4j/stream/Field;)V
06-09 10:03:45.011 17486 17505 D M_InsDal: Lcom/fsck/k9/mail/internet/MimeMessage;--->addRawHeader(Ljava/lang/String;Ljava/lang/String;)V
06-09 10:03:45.011 17486 17505 D M_InsDal: Lcom/fsck/k9/mail/internet/MimeHeader;--->addRawHeader(Ljava/lang/String;Ljava/lang/String;)V
06-09 10:03:45.011 17486 17505 D M_InsDal: Lcom/fsck/k9/mail/internet/MimeHeader$Field;--->newRawField(Ljava/lang/String;Ljava/lang/String;)Lcom/fsck/k9/mail/internet/MimeHeader$Field;
06-09 10:03:45.011 17486 17505 D M_InsDal: Lcom/fsck/k9/mail/internet/MimeHeader$Field;---><init>(Ljava/lang/String;Ljava/lang/String;Ljava/lang/String;)V
06-09 10:03:45.011 17486 17505 D M_InsDal: Lcom/fsck/k9/mail/message/MessageHeaderParser$MessageHeaderParserContentHandler;--->field(Lorg/apache/james/mime4j/stream/Field;)V
06-09 10:03:45.011 17486 17505 D M_InsDal: Lcom/fsck/k9/mail/internet/MimeMessage;--->addRawHeader(Ljava/lang/String;Ljava/lang/String;)V
06-09 10:03:45.011 17486 17505 D M_InsDal: Lcom/fsck/k9/mail/internet/MimeHeader;--->addRawHeader(Ljava/lang/String;Ljava/lang/String;)V
06-09 10:03:45.011 17486 17505 D M_InsDal: Lcom/fsck/k9/mail/internet/MimeHeader$Field;--->newRawField(Ljava/lang/String;Ljava/lang/String;)Lcom/fsck/k9/mail/internet/MimeHeader$Field;
06-09 10:03:45.011 17486 17505 D M_InsDal: Lcom/fsck/k9/mail/internet/MimeHeader$Field;---><init>(Ljava/lang/String;Ljava/lang/String;Ljava/lang/String;)V
06-09 10:03:45.011 17486 17505 D M_InsDal: Lcom/fsck/k9/mail/message/MessageHeaderParser$MessageHeaderParserContentHandler;--->field(Lorg/apache/james/mime4j/stream/Field;)V
06-09 10:03:45.011 17486 17505 D M_InsDal: Lcom/fsck/k9/mail/internet/MimeMessage;--->addRawHeader(Ljava/lang/String;Ljava/lang/String;)V
06-09 10:03:45.011 17486 17505 D M_InsDal: Lcom/fsck/k9/mail/internet/MimeHeader;--->addRawHeader(Ljava/lang/String;Ljava/lang/String;)V
06-09 10:03:45.011 17486 17505 D M_InsDal: Lcom/fsck/k9/mail/internet/MimeHeader$Field;--->newRawField(Ljava/lang/String;Ljava/lang/String;)Lcom/fsck/k9/mail/internet/MimeHeader$Field;
06-09 10:03:45.011 17486 17505 D M_InsDal: Lcom/fsck/k9/mail/internet/MimeHeader$Field;---><init>(Ljava/lang/String;Ljava/lang/String;Ljava/lang/String;)V
06-09 10:03:45.011 17486 17505 D M_InsDal: Lcom/fsck/k9/mail/message/MessageHeaderParser$MessageHeaderParserContentHandler;--->field(Lorg/apache/james/mime4j/stream/Field;)V
06-09 10:03:45.011 17486 17505 D M_InsDal: Lcom/fsck/k9/mail/internet/MimeMessage;--->addRawHeader(Ljava/lang/String;Ljava/lang/String;)V
06-09 10:03:45.011 17486 17505 D M_InsDal: Lcom/fsck/k9/mail/internet/MimeHeader;--->addRawHeader(Ljava/lang/String;Ljava/lang/String;)V
06-09 10:03:45.011 17486 17505 D M_InsDal: Lcom/fsck/k9/mail/internet/MimeHeader$Field;--->newRawField(Ljava/lang/String;Ljava/lang/String;)Lcom/fsck/k9/mail/internet/MimeHeader$Field;
06-09 10:03:45.011 17486 17505 D M_InsDal: Lcom/fsck/k9/mail/internet/MimeHeader$Field;---><init>(Ljava/lang/String;Ljava/lang/String;Ljava/lang/String;)V
06-09 10:03:45.011 17486 17505 D M_InsDal: Lcom/fsck/k9/mail/message/MessageHeaderParser$MessageHeaderParserContentHandler;--->field(Lorg/apache/james/mime4j/stream/Field;)V
06-09 10:03:45.012 17486 17505 D M_InsDal: Lcom/fsck/k9/mail/internet/MimeMessage;--->addRawHeader(Ljava/lang/String;Ljava/lang/String;)V
06-09 10:03:45.012 17486 17505 D M_InsDal: Lcom/fsck/k9/mail/internet/MimeHeader;--->addRawHeader(Ljava/lang/String;Ljava/lang/String;)V
06-09 10:03:45.012 17486 17505 D M_InsDal: Lcom/fsck/k9/mail/internet/MimeHeader$Field;--->newRawField(Ljava/lang/String;Ljava/lang/String;)Lcom/fsck/k9/mail/internet/MimeHeader$Field;
06-09 10:03:45.012 17486 17505 D M_InsDal: Lcom/fsck/k9/mail/internet/MimeHeader$Field;---><init>(Ljava/lang/String;Ljava/lang/String;Ljava/lang/String;)V
06-09 10:03:45.012 17486 17505 D M_InsDal: Lcom/fsck/k9/mail/message/MessageHeaderParser$MessageHeaderParserContentHandler;--->field(Lorg/apache/james/mime4j/stream/Field;)V
06-09 10:03:45.012 17486 17505 D M_InsDal: Lcom/fsck/k9/mail/internet/MimeMessage;--->addRawHeader(Ljava/lang/String;Ljava/lang/String;)V
06-09 10:03:45.012 17486 17505 D M_InsDal: Lcom/fsck/k9/mail/internet/MimeHeader;--->addRawHeader(Ljava/lang/String;Ljava/lang/String;)V
06-09 10:03:45.012 17486 17505 D M_InsDal: Lcom/fsck/k9/mail/internet/MimeHeader$Field;--->newRawField(Ljava/lang/String;Ljava/lang/String;)Lcom/fsck/k9/mail/internet/MimeHeader$Field;
06-09 10:03:45.012 17486 17505 D M_InsDal: Lcom/fsck/k9/mail/internet/MimeHeader$Field;---><init>(Ljava/lang/String;Ljava/lang/String;Ljava/lang/String;)V
06-09 10:03:45.012 17486 17505 D M_InsDal: Lcom/fsck/k9/mail/message/MessageHeaderParser$MessageHeaderParserContentHandler;--->field(Lorg/apache/james/mime4j/stream/Field;)V
06-09 10:03:45.012 17486 17505 D M_InsDal: Lcom/fsck/k9/mail/internet/MimeMessage;--->addRawHeader(Ljava/lang/String;Ljava/lang/String;)V
