06-09 10:03:44.955 17486 17512 D M_InsDal: Lcom/fsck/k9/mail/filter/PeekableInputStream;--->peek()I
06-09 10:03:44.955 17486 17512 D M_InsDal: Lcom/fsck/k9/mail/filter/PeekableInputStream;--->read()I
06-09 10:03:44.955 17486 17512 D M_InsDal: Lcom/fsck/k9/mail/filter/PeekableInputStream;--->peek()I
06-09 10:03:44.955 17486 17512 D M_InsDal: Lcom/fsck/k9/mail/filter/PeekableInputStream;--->read()I
06-09 10:03:44.955 17486 17512 D M_InsDal: Lcom/fsck/k9/mail/filter/PeekableInputStream;--->peek()I
06-09 10:03:44.955 17486 17512 D M_InsDal: Lcom/fsck/k9/mail/filter/PeekableInputStream;--->read()I
06-09 10:03:44.955 17486 17512 D M_InsDal: Lcom/fsck/k9/mail/filter/PeekableInputStream;--->peek()I
06-09 10:03:44.955 17486 17512 D M_InsDal: Lcom/fsck/k9/mail/filter/PeekableInputStream;--->read()I
06-09 10:03:44.955 17486 17512 D M_InsDal: Lcom/fsck/k9/mail/filter/PeekableInputStream;--->peek()I
06-09 10:03:44.955 17486 17512 D M_InsDal: Lcom/fsck/k9/mail/store/imap/ImapResponseParser;--->parseToken(Lcom/fsck/k9/mail/store/imap/ImapList;)Ljava/lang/Object;
06-09 10:03:44.955 17486 17512 D M_InsDal: Lcom/fsck/k9/mail/filter/PeekableInputStream;--->peek()I
06-09 10:03:44.955 17486 17512 D M_InsDal: Lcom/fsck/k9/mail/store/imap/ImapResponseParser;--->expect(C)V
06-09 10:03:44.955 17486 17512 D M_InsDal: Lcom/fsck/k9/mail/filter/PeekableInputStream;--->read()I
06-09 10:03:44.955 17486 17512 D M_InsDal: Lcom/fsck/k9/mail/filter/PeekableInputStream;--->peek()I
06-09 10:03:44.955 17486 17512 D M_InsDal: Lcom/fsck/k9/mail/store/imap/ImapResponseParser;--->parseBareString(Z)Ljava/lang/String;
06-09 10:03:44.955 17486 17512 D M_InsDal: Lcom/fsck/k9/mail/filter/PeekableInputStream;--->peek()I
06-09 10:03:44.955 17486 17512 D M_InsDal: Lcom/fsck/k9/mail/filter/PeekableInputStream;--->read()I
06-09 10:03:44.955 17486 17512 D M_InsDal: Lcom/fsck/k9/mail/filter/PeekableInputStream;--->peek()I
06-09 10:03:44.955 17486 17512 D M_InsDal: Lcom/fsck/k9/mail/store/imap/ImapResponseParser;--->parseToken(Lcom/fsck/k9/mail/store/imap/ImapList;)Ljava/lang/Object;
06-09 10:03:44.955 17486 17512 D M_InsDal: Lcom/fsck/k9/mail/filter/PeekableInputStream;--->peek()I
06-09 10:03:44.955 17486 17512 D M_InsDal: Lcom/fsck/k9/mail/store/imap/ImapResponseParser;--->expect(C)V
06-09 10:03:44.955 17486 17512 D M_InsDal: Lcom/fsck/k9/mail/filter/PeekableInputStream;--->read()I
06-09 10:03:44.955 17486 17512 D M_InsDal: Lcom/fsck/k9/mail/store/imap/ImapResponseParser;--->skipIfSpace()V
06-09 10:03:44.955 17486 17512 D M_InsDal: Lcom/fsck/k9/mail/filter/PeekableInputStream;--->peek()I
06-09 10:03:44.955 17486 17512 D M_InsDal: Lcom/fsck/k9/mail/store/imap/ImapResponseParser;--->expect(C)V
06-09 10:03:44.955 17486 17512 D M_InsDal: Lcom/fsck/k9/mail/filter/PeekableInputStream;--->read()I
06-09 10:03:44.955 17486 17512 D M_InsDal: Lcom/fsck/k9/mail/store/imap/ImapResponseParser;--->readStringUntilEndOfLine()Ljava/lang/String;
06-09 10:03:44.955 17486 17512 D M_InsDal: Lcom/fsck/k9/mail/store/imap/ImapResponseParser;--->readStringUntil(C)Ljava/lang/String;
06-09 10:03:44.955 17486 17512 D M_InsDal: Lcom/fsck/k9/mail/filter/PeekableInputStream;--->read()I
06-09 10:03:44.955 17486 17512 D M_InsDal: Lcom/fsck/k9/mail/filter/PeekableInputStream;--->read()I
06-09 10:03:44.955 17486 17512 D M_InsDal: Lcom/fsck/k9/mail/store/imap/ImapResponseParser;--->expect(C)V
06-09 10:03:44.955 17486 17512 D M_InsDal: Lcom/fsck/k9/mail/filter/PeekableInputStream;--->read()I
06-09 10:03:44.955 17486 17512 D M_InsDal: Lcom/fsck/k9/mail/K9MailLib;--->isDebug()Z
06-09 10:03:44.955 17486 17512 D M_InsDal: Lcom/fsck/k9/K9$2;--->enabled()Z
06-09 10:03:44.955 17486 17512 D M_InsDal: Lcom/fsck/k9/mail/store/imap/ImapResponse;--->getTag()Ljava/lang/String;
06-09 10:03:44.955 17486 17512 D M_InsDal: Lcom/fsck/k9/mail/store/imap/ImapResponse;--->getTag()Ljava/lang/String;
06-09 10:03:44.955 17486 17512 D M_InsDal: Lcom/fsck/k9/mail/store/imap/ImapResponseParser;--->readResponse()Lcom/fsck/k9/mail/store/imap/ImapResponse;
06-09 10:03:44.955 17486 17512 D M_InsDal: Lcom/fsck/k9/mail/store/imap/ImapResponseParser;--->readResponse(Lcom/fsck/k9/mail/store/imap/ImapResponseCallback;)Lcom/fsck/k9/mail/store/imap/ImapResponse;
06-09 10:03:44.955 17486 17512 D M_InsDal: Lcom/fsck/k9/mail/filter/PeekableInputStream;--->peek()I
06-09 10:03:44.955 17486 17512 D M_InsDal: Lcom/fsck/k9/mail/store/imap/ImapResponseParser;--->readUntaggedResponse(Lcom/fsck/k9/mail/store/imap/ImapResponseCallback;)V
06-09 10:03:44.955 17486 17512 D M_InsDal: Lcom/fsck/k9/mail/store/imap/ImapResponseParser;--->parseUntaggedResponse()V
06-09 10:03:44.955 17486 17512 D M_InsDal: Lcom/fsck/k9/mail/store/imap/ImapResponseParser;--->expect(C)V
06-09 10:03:44.955 17486 17512 D M_InsDal: Lcom/fsck/k9/mail/filter/PeekableInputStream;--->read()I
06-09 10:03:44.955 17486 17512 D M_InsDal: Lcom/fsck/k9/mail/store/imap/ImapResponseParser;--->expect(C)V
06-09 10:03:44.955 17486 17512 D M_InsDal: Lcom/fsck/k9/mail/filter/PeekableInputStream;--->read()I
06-09 10:03:44.955 17486 17512 D M_InsDal: Lcom/fsck/k9/mail/store/imap/ImapResponse;--->newUntaggedResponse(Lcom/fsck/k9/mail/store/imap/ImapResponseCallback;)Lcom/fsck/k9/mail/store/imap/ImapResponse;
06-09 10:03:44.955 17486 17512 D M_InsDal: Lcom/fsck/k9/mail/store/imap/ImapResponse;---><init>(Lcom/fsck/k9/mail/store/imap/ImapResponseCallback;ZLjava/lang/String;)V
06-09 10:03:44.955 17486 17512 D M_InsDal: Lcom/fsck/k9/mail/store/imap/ImapList;---><init>()V
06-09 10:03:44.955 17486 17512 D M_InsDal: Lcom/fsck/k9/mail/store/imap/ImapResponseParser;--->readTokens(Lcom/fsck/k9/mail/store/imap/ImapResponse;)V
06-09 10:03:44.955 17486 17512 D M_InsDal: Lcom/fsck/k9/mail/store/imap/ImapResponseParser;--->readToken(Lcom/fsck/k9/mail/store/imap/ImapResponse;)Ljava/lang/Object;
06-09 10:03:44.955 17486 17512 D M_InsDal: Lcom/fsck/k9/mail/store/imap/ImapResponseParser;--->parseToken(Lcom/fsck/k9/mail/store/imap/ImapList;)Ljava/lang/Object;
06-09 10:03:44.955 17486 17512 D M_InsDal: Lcom/fsck/k9/mail/filter/PeekableInputStream;--->peek()I
06-09 10:03:44.955 17486 17512 D M_InsDal: Lcom/fsck/k9/mail/store/imap/ImapResponseParser;--->parseBareString(Z)Ljava/lang/String;
06-09 10:03:44.955 17486 17512 D M_InsDal: Lcom/fsck/k9/mail/filter/PeekableInputStream;--->peek()I
06-09 10:03:44.955 17486 17512 D M_InsDal: Lcom/fsck/k9/mail/filter/PeekableInputStream;--->read()I
06-09 10:03:44.955 17486 17512 D M_InsDal: Lcom/fsck/k9/mail/filter/PeekableInputStream;--->peek()I
06-09 10:03:44.955 17486 17512 D M_InsDal: Lcom/fsck/k9/mail/filter/PeekableInputStream;--->read()I
06-09 10:03:44.955 17486 17512 D M_InsDal: Lcom/fsck/k9/mail/filter/PeekableInputStream;--->peek()I
06-09 10:03:44.955 17486 17512 D M_InsDal: Lcom/fsck/k9/mail/filter/PeekableInputStream;--->read()I
06-09 10:03:44.955 17486 17512 D M_InsDal: Lcom/fsck/k9/mail/filter/PeekableInputStream;--->peek()I
06-09 10:03:44.955 17486 17512 D M_InsDal: Lcom/fsck/k9/mail/filter/PeekableInputStream;--->read()I
06-09 10:03:44.955 17486 17512 D M_InsDal: Lcom/fsck/k9/mail/filter/PeekableInputStream;--->peek()I
06-09 10:03:44.955 17486 17512 D M_InsDal: Lcom/fsck/k9/mail/filter/PeekableInputStream;--->read()I
06-09 10:03:44.955 17486 17512 D M_InsDal: Lcom/fsck/k9/mail/filter/PeekableInputStream;--->peek()I
06-09 10:03:44.955 17486 17512 D M_InsDal: Lcom/fsck/k9/mail/store/imap/ImapResponseParser;--->checkTokenIsString(Ljava/lang/Object;)V
06-09 10:03:44.955 17486 17512 D M_InsDal: Lcom/fsck/k9/mail/store/imap/ImapResponseParser;--->isStatusResponse(Ljava/lang/String;)Z
06-09 10:03:44.955 17486 17512 D M_InsDal: Lcom/fsck/k9/mail/store/imap/ImapResponseParser;--->equalsIgnoreCase(Ljava/lang/Object;Ljava/lang/String;)Z
06-09 10:03:44.955 17486 17512 D M_InsDal: Lcom/fsck/k9/mail/store/imap/ImapResponseParser;--->equalsIgnoreCase(Ljava/lang/Object;Ljava/lang/String;)Z
06-09 10:03:44.955 17486 17512 D M_InsDal: Lcom/fsck/k9/mail/store/imap/ImapResponseParser;--->readToken(Lcom/fsck/k9/mail/store/imap/ImapResponse;)Ljava/lang/Object;
06-09 10:03:44.955 17486 17512 D M_InsDal: Lcom/fsck/k9/mail/store/imap/ImapResponseParser;--->parseToken(Lcom/fsck/k9/mail/store/imap/ImapList;)Ljava/lang/Object;
06-09 10:03:44.955 17486 17512 D M_InsDal: Lcom/fsck/k9/mail/filter/PeekableInputStream;--->peek()I
06-09 10:03:44.955 17486 17512 D M_InsDal: Lcom/fsck/k9/mail/store/imap/ImapResponseParser;--->expect(C)V
06-09 10:03:44.955 17486 17512 D M_InsDal: Lcom/fsck/k9/mail/filter/PeekableInputStream;--->read()I
06-09 10:03:44.955 17486 17512 D M_InsDal: Lcom/fsck/k9/mail/filter/PeekableInputStream;--->peek()I
06-09 10:03:44.955 17486 17512 D M_InsDal: Lcom/fsck/k9/mail/store/imap/ImapResponseParser;--->parseList(Lcom/fsck/k9/mail/store/imap/ImapList;CC)Lcom/fsck/k9/mail/store/imap/ImapList;
06-09 10:03:44.955 17486 17512 D M_InsDal: Lcom/fsck/k9/mail/store/imap/ImapResponseParser;--->expect(C)V
06-09 10:03:44.955 17486 17512 D M_InsDal: Lcom/fsck/k9/mail/filter/PeekableInputStream;--->read()I
06-09 10:03:44.955 17486 17512 D M_InsDal: Lcom/fsck/k9/mail/store/imap/ImapList;---><init>()V
06-09 10:03:44.955 17486 17512 D M_InsDal: Lcom/fsck/k9/mail/store/imap/ImapResponseParser;--->parseToken(Lcom/fsck/k9/mail/store/imap/ImapList;)Ljava/lang/Object;
06-09 10:03:44.955 17486 17512 D M_InsDal: Lcom/fsck/k9/mail/filter/PeekableInputStream;--->peek()I
06-09 10:03:44.955 17486 17512 D M_InsDal: Lcom/fsck/k9/mail/store/imap/ImapResponseParser;--->parseBareString(Z)Ljava/lang/String;
06-09 10:03:44.955 17486 17512 D M_InsDal: Lcom/fsck/k9/mail/filter/PeekableInputStream;--->peek()I
06-09 10:03:44.955 17486 17512 D M_InsDal: Lcom/fsck/k9/mail/filter/PeekableInputStream;--->read()I
06-09 10:03:44.955 17486 17512 D M_InsDal: Lcom/fsck/k9/mail/filter/PeekableInputStream;--->peek()I
06-09 10:03:44.955 17486 17512 D M_InsDal: Lcom/fsck/k9/mail/filter/PeekableInputStream;--->read()I
06-09 10:03:44.955 17486 17512 D M_InsDal: Lcom/fsck/k9/mail/filter/PeekableInputStream;--->peek()I
06-09 10:03:44.955 17486 17512 D M_InsDal: Lcom/fsck/k9/mail/filter/PeekableInputStream;--->read()I
06-09 10:03:44.955 17486 17512 D M_InsDal: Lcom/fsck/k9/mail/filter/PeekableInputStream;--->peek()I
06-09 10:03:44.955 17486 17512 D M_InsDal: Lcom/fsck/k9/mail/filter/PeekableInputStream;--->read()I
06-09 10:03:44.955 17486 17512 D M_InsDal: Lcom/fsck/k9/mail/filter/PeekableInputStream;--->peek()I
06-09 10:03:44.955 17486 17512 D M_InsDal: Lcom/fsck/k9/mail/filter/PeekableInputStream;--->read()I
06-09 10:03:44.955 17486 17512 D M_InsDal: Lcom/fsck/k9/mail/filter/PeekableInputStream;--->peek()I
06-09 10:03:44.955 17486 17512 D M_InsDal: Lcom/fsck/k9/mail/filter/PeekableInputStream;--->read()I
06-09 10:03:44.955 17486 17512 D M_InsDal: Lcom/fsck/k9/mail/filter/PeekableInputStream;--->peek()I
06-09 10:03:44.955 17486 17512 D M_InsDal: Lcom/fsck/k9/mail/filter/PeekableInputStream;--->read()I
06-09 10:03:44.955 17486 17512 D M_InsDal: Lcom/fsck/k9/mail/filter/PeekableInputStream;--->peek()I
06-09 10:03:44.955 17486 17512 D M_InsDal: Lcom/fsck/k9/mail/filter/PeekableInputStream;--->read()I
06-09 10:03:44.955 17486 17512 D M_InsDal: Lcom/fsck/k9/mail/filter/PeekableInputStream;--->peek()I
06-09 10:03:44.955 17486 17512 D M_InsDal: Lcom/fsck/k9/mail/filter/PeekableInputStream;--->read()I
06-09 10:03:44.955 17486 17512 D M_InsDal: Lcom/fsck/k9/mail/filter/PeekableInputStream;--->peek()I
06-09 10:03:44.955 17486 17512 D M_InsDal: Lcom/fsck/k9/mail/store/imap/ImapResponseParser;--->parseToken(Lcom/fsck/k9/mail/store/imap/ImapList;)Ljava/lang/Object;
06-09 10:03:44.955 17486 17512 D M_InsDal: Lcom/fsck/k9/mail/filter/PeekableInputStream;--->peek()I
06-09 10:03:44.955 17486 17512 D M_InsDal: Lcom/fsck/k9/mail/store/imap/ImapResponseParser;--->expect(C)V
06-09 10:03:44.955 17486 17512 D M_InsDal: Lcom/fsck/k9/mail/filter/PeekableInputStream;--->read()I
06-09 10:03:44.955 17486 17512 D M_InsDal: Lcom/fsck/k9/mail/filter/PeekableInputStream;--->peek()I
06-09 10:03:44.955 17486 17512 D M_InsDal: Lcom/fsck/k9/mail/store/imap/ImapResponseParser;--->parseBareString(Z)Ljava/lang/String;
06-09 10:03:44.955 17486 17512 D M_InsDal: Lcom/fsck/k9/mail/filter/PeekableInputStream;--->peek()I
06-09 10:03:44.955 17486 17512 D M_InsDal: Lcom/fsck/k9/mail/filter/PeekableInputStream;--->read()I
06-09 10:03:44.955 17486 17512 D M_InsDal: Lcom/fsck/k9/mail/filter/PeekableInputStream;--->peek()I
06-09 10:03:44.955 17486 17512 D M_InsDal: Lcom/fsck/k9/mail/filter/PeekableInputStream;--->read()I
06-09 10:03:44.955 17486 17512 D M_InsDal: Lcom/fsck/k9/mail/filter/PeekableInputStream;--->peek()I
06-09 10:03:44.955 17486 17512 D M_InsDal: Lcom/fsck/k9/mail/filter/PeekableInputStream;--->read()I
06-09 10:03:44.955 17486 17512 D M_InsDal: Lcom/fsck/k9/mail/filter/PeekableInputStream;--->peek()I
06-09 10:03:44.955 17486 17512 D M_InsDal: Lcom/fsck/k9/mail/filter/PeekableInputStream;--->read()I
06-09 10:03:44.955 17486 17512 D M_InsDal: Lcom/fsck/k9/mail/filter/PeekableInputStream;--->peek()I
06-09 10:03:44.955 17486 17512 D M_InsDal: Lcom/fsck/k9/mail/filter/PeekableInputStream;--->read()I
06-09 10:03:44.955 17486 17512 D M_InsDal: Lcom/fsck/k9/mail/filter/PeekableInputStream;--->peek()I
06-09 10:03:44.955 17486 17512 D M_InsDal: Lcom/fsck/k9/mail/filter/PeekableInputStream;--->read()I
06-09 10:03:44.955 17486 17512 D M_InsDal: Lcom/fsck/k9/mail/filter/PeekableInputStream;--->peek()I
06-09 10:03:44.955 17486 17512 D M_InsDal: Lcom/fsck/k9/mail/filter/PeekableInputStream;--->read()I
06-09 10:03:44.955 17486 17512 D M_InsDal: Lcom/fsck/k9/mail/filter/PeekableInputStream;--->peek()I
06-09 10:03:44.955 17486 17512 D M_InsDal: Lcom/fsck/k9/mail/filter/PeekableInputStream;--->read()I
06-09 10:03:44.955 17486 17512 D M_InsDal: Lcom/fsck/k9/mail/filter/PeekableInputStream;--->peek()I
06-09 10:03:44.955 17486 17512 D M_InsDal: Lcom/fsck/k9/mail/store/imap/ImapResponseParser;--->parseToken(Lcom/fsck/k9/mail/store/imap/ImapList;)Ljava/lang/Object;
06-09 10:03:44.955 17486 17512 D M_InsDal: Lcom/fsck/k9/mail/filter/PeekableInputStream;--->peek()I
06-09 10:03:44.955 17486 17512 D M_InsDal: Lcom/fsck/k9/mail/store/imap/ImapResponseParser;--->expect(C)V
06-09 10:03:44.955 17486 17512 D M_InsDal: Lcom/fsck/k9/mail/filter/PeekableInputStream;--->read()I
06-09 10:03:44.955 17486 17512 D M_InsDal: Lcom/fsck/k9/mail/filter/PeekableInputStream;--->peek()I
06-09 10:03:44.955 17486 17512 D M_InsDal: Lcom/fsck/k9/mail/store/imap/ImapResponseParser;--->parseBareString(Z)Ljava/lang/String;
06-09 10:03:44.955 17486 17512 D M_InsDal: Lcom/fsck/k9/mail/filter/PeekableInputStream;--->peek()I
06-09 10:03:44.955 17486 17512 D M_InsDal: Lcom/fsck/k9/mail/filter/PeekableInputStream;--->read()I
06-09 10:03:44.955 17486 17512 D M_InsDal: Lcom/fsck/k9/mail/filter/PeekableInputStream;--->peek()I
06-09 10:03:44.955 17486 17512 D M_InsDal: Lcom/fsck/k9/mail/filter/PeekableInputStream;--->read()I
06-09 10:03:44.955 17486 17512 D M_InsDal: Lcom/fsck/k9/mail/filter/PeekableInputStream;--->peek()I
06-09 10:03:44.955 17486 17512 D M_InsDal: Lcom/fsck/k9/mail/filter/PeekableInputStream;--->read()I
06-09 10:03:44.955 17486 17512 D M_InsDal: Lcom/fsck/k9/mail/filter/PeekableInputStream;--->peek()I
06-09 10:03:44.955 17486 17512 D M_InsDal: Lcom/fsck/k9/mail/filter/PeekableInputStream;--->read()I
06-09 10:03:44.955 17486 17512 D M_InsDal: Lcom/fsck/k9/mail/filter/PeekableInputStream;--->peek()I
06-09 10:03:44.955 17486 17512 D M_InsDal: Lcom/fsck/k9/mail/filter/PeekableInputStream;--->read()I
06-09 10:03:44.955 17486 17512 D M_InsDal: Lcom/fsck/k9/mail/filter/PeekableInputStream;--->peek()I
06-09 10:03:44.955 17486 17512 D M_InsDal: Lcom/fsck/k9/mail/filter/PeekableInputStream;--->read()I
06-09 10:03:44.955 17486 17512 D M_InsDal: Lcom/fsck/k9/mail/filter/PeekableInputStream;--->peek()I
06-09 10:03:44.955 17486 17512 D M_InsDal: Lcom/fsck/k9/mail/filter/PeekableInputStream;--->read()I
06-09 10:03:44.955 17486 17512 D M_InsDal: Lcom/fsck/k9/mail/filter/PeekableInputStream;--->peek()I
06-09 10:03:44.955 17486 17512 D M_InsDal: Lcom/fsck/k9/mail/filter/PeekableInputStream;--->read()I
06-09 10:03:44.955 17486 17512 D M_InsDal: Lcom/fsck/k9/mail/filter/PeekableInputStream;--->peek()I
06-09 10:03:44.955 17486 17512 D M_InsDal: Lcom/fsck/k9/mail/store/imap/ImapResponseParser;--->parseToken(Lcom/fsck/k9/mail/store/imap/ImapList;)Ljava/lang/Object;
06-09 10:03:44.955 17486 17512 D M_InsDal: Lcom/fsck/k9/mail/filter/PeekableInputStream;--->peek()I
06-09 10:03:44.955 17486 17512 D M_InsDal: Lcom/fsck/k9/mail/store/imap/ImapResponseParser;--->expect(C)V
06-09 10:03:44.955 17486 17512 D M_InsDal: Lcom/fsck/k9/mail/filter/PeekableInputStream;--->read()I
06-09 10:03:44.955 17486 17512 D M_InsDal: Lcom/fsck/k9/mail/filter/PeekableInputStream;--->peek()I
06-09 10:03:44.955 17486 17512 D M_InsDal: Lcom/fsck/k9/mail/store/imap/ImapResponseParser;--->parseBareString(Z)Ljava/lang/String;
06-09 10:03:44.955 17486 17512 D M_InsDal: Lcom/fsck/k9/mail/filter/PeekableInputStream;--->peek()I
06-09 10:03:44.955 17486 17512 D M_InsDal: Lcom/fsck/k9/mail/filter/PeekableInputStream;--->read()I
06-09 10:03:44.955 17486 17512 D M_InsDal: Lcom/fsck/k9/mail/filter/PeekableInputStream;--->peek()I
06-09 10:03:44.955 17486 17512 D M_InsDal: Lcom/fsck/k9/mail/filter/PeekableInputStream;--->read()I
06-09 10:03:44.955 17486 17512 D M_InsDal: Lcom/fsck/k9/mail/filter/PeekableInputStream;--->peek()I
06-09 10:03:44.955 17486 17512 D M_InsDal: Lcom/fsck/k9/mail/filter/PeekableInputStream;--->read()I
06-09 10:03:44.955 17486 17512 D M_InsDal: Lcom/fsck/k9/mail/filter/PeekableInputStream;--->peek()I
06-09 10:03:44.955 17486 17512 D M_InsDal: Lcom/fsck/k9/mail/filter/PeekableInputStream;--->read()I
06-09 10:03:44.955 17486 17512 D M_InsDal: Lcom/fsck/k9/mail/filter/PeekableInputStream;--->peek()I
06-09 10:03:44.955 17486 17512 D M_InsDal: Lcom/fsck/k9/mail/filter/PeekableInputStream;--->read()I
06-09 10:03:44.955 17486 17512 D M_InsDal: Lcom/fsck/k9/mail/filter/PeekableInputStream;--->peek()I
06-09 10:03:44.955 17486 17512 D M_InsDal: Lcom/fsck/k9/mail/filter/PeekableInputStream;--->read()I
06-09 10:03:44.955 17486 17512 D M_InsDal: Lcom/fsck/k9/mail/filter/PeekableInputStream;--->peek()I
06-09 10:03:44.955 17486 17512 D M_InsDal: Lcom/fsck/k9/mail/store/imap/ImapResponseParser;--->parseToken(Lcom/fsck/k9/mail/store/imap/ImapList;)Ljava/lang/Object;
06-09 10:03:44.955 17486 17512 D M_InsDal: Lcom/fsck/k9/mail/filter/PeekableInputStream;--->peek()I
06-09 10:03:44.955 17486 17512 D M_InsDal: Lcom/fsck/k9/mail/store/imap/ImapResponseParser;--->expect(C)V
06-09 10:03:44.955 17486 17512 D M_InsDal: Lcom/fsck/k9/mail/filter/PeekableInputStream;--->read()I
06-09 10:03:44.955 17486 17512 D M_InsDal: Lcom/fsck/k9/mail/filter/PeekableInputStream;--->peek()I
06-09 10:03:44.955 17486 17512 D M_InsDal: Lcom/fsck/k9/mail/store/imap/ImapResponseParser;--->parseBareString(Z)Ljava/lang/String;
06-09 10:03:44.955 17486 17512 D M_InsDal: Lcom/fsck/k9/mail/filter/PeekableInputStream;--->peek()I
06-09 10:03:44.955 17486 17512 D M_InsDal: Lcom/fsck/k9/mail/filter/PeekableInputStream;--->read()I
06-09 10:03:44.955 17486 17512 D M_InsDal: Lcom/fsck/k9/mail/filter/PeekableInputStream;--->peek()I
06-09 10:03:44.955 17486 17512 D M_InsDal: Lcom/fsck/k9/mail/filter/PeekableInputStream;--->read()I
06-09 10:03:44.955 17486 17512 D M_InsDal: Lcom/fsck/k9/mail/filter/PeekableInputStream;--->peek()I
06-09 10:03:44.955 17486 17512 D M_InsDal: Lcom/fsck/k9/mail/filter/PeekableInputStream;--->read()I
06-09 10:03:44.955 17486 17512 D M_InsDal: Lcom/fsck/k9/mail/filter/PeekableInputStream;--->peek()I
06-09 10:03:44.955 17486 17512 D M_InsDal: Lcom/fsck/k9/mail/filter/PeekableInputStream;--->read()I
06-09 10:03:44.955 17486 17512 D M_InsDal: Lcom/fsck/k9/mail/filter/PeekableInputStream;--->peek()I
06-09 10:03:44.955 17486 17512 D M_InsDal: Lcom/fsck/k9/mail/filter/PeekableInputStream;--->read()I
06-09 10:03:44.955 17486 17512 D M_InsDal: Lcom/fsck/k9/mail/filter/PeekableInputStream;--->peek()I
06-09 10:03:44.955 17486 17512 D M_InsDal: Lcom/fsck/k9/mail/store/imap/ImapResponseParser;--->parseToken(Lcom/fsck/k9/mail/store/imap/ImapList;)Ljava/lang/Object;
06-09 10:03:44.955 17486 17486 D M_InsDal: Lcom/fsck/k9/fragment/MessageListHandler;--->handleMessage(Landroid/os/Message;)V
06-09 10:03:44.955 17486 17512 D M_InsDal: Lcom/fsck/k9/mail/filter/PeekableInputStream;--->peek()I
06-09 10:03:44.955 17486 17512 D M_InsDal: Lcom/fsck/k9/mail/store/imap/ImapResponseParser;--->expect(C)V
06-09 10:03:44.955 17486 17512 D M_InsDal: Lcom/fsck/k9/mail/filter/PeekableInputStream;--->read()I
06-09 10:03:44.955 17486 17512 D M_InsDal: Lcom/fsck/k9/mail/store/imap/ImapResponseParser;--->readToken(Lcom/fsck/k9/mail/store/imap/ImapResponse;)Ljava/lang/Object;
06-09 10:03:44.955 17486 17512 D M_InsDal: Lcom/fsck/k9/mail/store/imap/ImapResponseParser;--->parseToken(Lcom/fsck/k9/mail/store/imap/ImapList;)Ljava/lang/Object;
06-09 10:03:44.955 17486 17512 D M_InsDal: Lcom/fsck/k9/mail/filter/PeekableInputStream;--->peek()I
06-09 10:03:44.955 17486 17512 D M_InsDal: Lcom/fsck/k9/mail/store/imap/ImapResponseParser;--->expect(C)V
06-09 10:03:44.955 17486 17512 D M_InsDal: Lcom/fsck/k9/mail/filter/PeekableInputStream;--->read()I
06-09 10:03:44.955 17486 17512 D M_InsDal: Lcom/fsck/k9/mail/store/imap/ImapResponseParser;--->expect(C)V
06-09 10:03:44.955 17486 17512 D M_InsDal: Lcom/fsck/k9/mail/filter/PeekableInputStream;--->read()I
06-09 10:03:44.955 17486 17512 D M_InsDal: Lcom/fsck/k9/mail/K9MailLib;--->isDebug()Z
06-09 10:03:44.955 17486 17512 D M_InsDal: Lcom/fsck/k9/K9$2;--->enabled()Z
06-09 10:03:44.955 17486 17512 D M_InsDal: Lcom/fsck/k9/mail/store/imap/ImapResponse;--->getTag()Ljava/lang/String;
06-09 10:03:44.955 17486 17486 D M_InsDal: Lcom/fsck/k9/fragment/MessageListFragment;--->updateTitle()V
06-09 10:03:44.955 17486 17512 D M_InsDal: Lcom/fsck/k9/mail/store/imap/ImapResponse;--->getTag()Ljava/lang/String;
06-09 10:03:44.955 17486 17512 D M_InsDal: Lcom/fsck/k9/mail/store/imap/ImapResponse;--->getTag()Ljava/lang/String;
06-09 10:03:44.955 17486 17512 D M_InsDal: Lcom/fsck/k9/mail/store/imap/ImapResponseParser;--->readResponse()Lcom/fsck/k9/mail/store/imap/ImapResponse;
06-09 10:03:44.955 17486 17512 D M_InsDal: Lcom/fsck/k9/mail/store/imap/ImapResponseParser;--->readResponse(Lcom/fsck/k9/mail/store/imap/ImapResponseCallback;)Lcom/fsck/k9/mail/store/imap/ImapResponse;
06-09 10:03:44.955 17486 17486 D M_InsDal: Lcom/fsck/k9/fragment/MessageListFragment;--->setWindowTitle()V
06-09 10:03:44.955 17486 17512 D M_InsDal: Lcom/fsck/k9/mail/filter/PeekableInputStream;--->peek()I
06-09 10:03:44.955 17486 17512 D M_InsDal: Lcom/fsck/k9/mail/store/imap/ImapResponseParser;--->readUntaggedResponse(Lcom/fsck/k9/mail/store/imap/ImapResponseCallback;)V
06-09 10:03:44.955 17486 17512 D M_InsDal: Lcom/fsck/k9/mail/store/imap/ImapResponseParser;--->parseUntaggedResponse()V
06-09 10:03:44.955 17486 17486 D M_InsDal: Lcom/fsck/k9/fragment/MessageListFragment;--->isManualSearch()Z
06-09 10:03:44.955 17486 17512 D M_InsDal: Lcom/fsck/k9/mail/store/imap/ImapResponseParser;--->expect(C)V
06-09 10:03:44.955 17486 17512 D M_InsDal: Lcom/fsck/k9/mail/filter/PeekableInputStream;--->read()I
06-09 10:03:44.955 17486 17512 D M_InsDal: Lcom/fsck/k9/mail/store/imap/ImapResponseParser;--->expect(C)V
06-09 10:03:44.955 17486 17512 D M_InsDal: Lcom/fsck/k9/mail/filter/PeekableInputStream;--->read()I
06-09 10:03:44.955 17486 17486 D M_InsDal: Lcom/fsck/k9/search/LocalSearch;--->isManualSearch()Z
06-09 10:03:44.955 17486 17512 D M_InsDal: Lcom/fsck/k9/mail/store/imap/ImapResponse;--->newUntaggedResponse(Lcom/fsck/k9/mail/store/imap/ImapResponseCallback;)Lcom/fsck/k9/mail/store/imap/ImapResponse;
06-09 10:03:44.955 17486 17512 D M_InsDal: Lcom/fsck/k9/mail/store/imap/ImapResponse;---><init>(Lcom/fsck/k9/mail/store/imap/ImapResponseCallback;ZLjava/lang/String;)V
06-09 10:03:44.955 17486 17512 D M_InsDal: Lcom/fsck/k9/mail/store/imap/ImapList;---><init>()V
06-09 10:03:44.955 17486 17486 D M_InsDal: Lcom/fsck/k9/activity/FolderInfoHolder;--->getDisplayName(Landroid/content/Context;Lcom/fsck/k9/Account;Ljava/lang/String;)Ljava/lang/String;
06-09 10:03:44.955 17486 17512 D M_InsDal: Lcom/fsck/k9/mail/store/imap/ImapResponseParser;--->readTokens(Lcom/fsck/k9/mail/store/imap/ImapResponse;)V
06-09 10:03:44.955 17486 17512 D M_InsDal: Lcom/fsck/k9/mail/store/imap/ImapResponseParser;--->readToken(Lcom/fsck/k9/mail/store/imap/ImapResponse;)Ljava/lang/Object;
06-09 10:03:44.955 17486 17512 D M_InsDal: Lcom/fsck/k9/mail/store/imap/ImapResponseParser;--->parseToken(Lcom/fsck/k9/mail/store/imap/ImapList;)Ljava/lang/Object;
06-09 10:03:44.955 17486 17486 D M_InsDal: Lcom/fsck/k9/Account;--->getSpamFolderName()Ljava/lang/String;
06-09 10:03:44.955 17486 17512 D M_InsDal: Lcom/fsck/k9/mail/filter/PeekableInputStream;--->peek()I
06-09 10:03:44.955 17486 17512 D M_InsDal: Lcom/fsck/k9/mail/store/imap/ImapResponseParser;--->parseBareString(Z)Ljava/lang/String;
06-09 10:03:44.955 17486 17512 D M_InsDal: Lcom/fsck/k9/mail/filter/PeekableInputStream;--->peek()I
06-09 10:03:44.955 17486 17512 D M_InsDal: Lcom/fsck/k9/mail/filter/PeekableInputStream;--->read()I
06-09 10:03:44.955 17486 17512 D M_InsDal: Lcom/fsck/k9/mail/filter/PeekableInputStream;--->peek()I
06-09 10:03:44.955 17486 17486 D M_InsDal: Lcom/fsck/k9/Account;--->getArchiveFolderName()Ljava/lang/String;
06-09 10:03:44.955 17486 17512 D M_InsDal: Lcom/fsck/k9/mail/filter/PeekableInputStream;--->read()I
06-09 10:03:44.955 17486 17512 D M_InsDal: Lcom/fsck/k9/mail/filter/PeekableInputStream;--->peek()I
06-09 10:03:44.955 17486 17512 D M_InsDal: Lcom/fsck/k9/mail/store/imap/ImapResponseParser;--->checkTokenIsString(Ljava/lang/Object;)V
06-09 10:03:44.955 17486 17486 D M_InsDal: Lcom/fsck/k9/Account;--->getSentFolderName()Ljava/lang/String;
06-09 10:03:44.955 17486 17512 D M_InsDal: Lcom/fsck/k9/mail/store/imap/ImapResponseParser;--->isStatusResponse(Ljava/lang/String;)Z
06-09 10:03:44.955 17486 17512 D M_InsDal: Lcom/fsck/k9/mail/store/imap/ImapResponseParser;--->parseResponseText(Lcom/fsck/k9/mail/store/imap/ImapResponse;)V
06-09 10:03:44.955 17486 17512 D M_InsDal: Lcom/fsck/k9/mail/store/imap/ImapResponseParser;--->skipIfSpace()V
06-09 10:03:44.955 17486 17486 D M_InsDal: Lcom/fsck/k9/Account;--->getTrashFolderName()Ljava/lang/String;
06-09 10:03:44.955 17486 17512 D M_InsDal: Lcom/fsck/k9/mail/filter/PeekableInputStream;--->peek()I
06-09 10:03:44.955 17486 17512 D M_InsDal: Lcom/fsck/k9/mail/store/imap/ImapResponseParser;--->expect(C)V
06-09 10:03:44.955 17486 17512 D M_InsDal: Lcom/fsck/k9/mail/filter/PeekableInputStream;--->read()I
06-09 10:03:44.955 17486 17486 D M_InsDal: Lcom/fsck/k9/Account;--->getDraftsFolderName()Ljava/lang/String;
06-09 10:03:44.955 17486 17512 D M_InsDal: Lcom/fsck/k9/mail/filter/PeekableInputStream;--->peek()I
06-09 10:03:44.955 17486 17512 D M_InsDal: Lcom/fsck/k9/mail/store/imap/ImapResponseParser;--->parseList(Lcom/fsck/k9/mail/store/imap/ImapList;CC)Lcom/fsck/k9/mail/store/imap/ImapList;
06-09 10:03:44.955 17486 17512 D M_InsDal: Lcom/fsck/k9/mail/store/imap/ImapResponseParser;--->expect(C)V
06-09 10:03:44.955 17486 17486 D M_InsDal: Lcom/fsck/k9/Account;--->getOutboxFolderName()Ljava/lang/String;
06-09 10:03:44.955 17486 17512 D M_InsDal: Lcom/fsck/k9/mail/filter/PeekableInputStream;--->read()I
06-09 10:03:44.955 17486 17512 D M_InsDal: Lcom/fsck/k9/mail/store/imap/ImapList;---><init>()V
06-09 10:03:44.955 17486 17512 D M_InsDal: Lcom/fsck/k9/mail/store/imap/ImapResponseParser;--->parseToken(Lcom/fsck/k9/mail/store/imap/ImapList;)Ljava/lang/Object;
06-09 10:03:44.955 17486 17512 D M_InsDal: Lcom/fsck/k9/mail/filter/PeekableInputStream;--->peek()I
06-09 10:03:44.955 17486 17512 D M_InsDal: Lcom/fsck/k9/mail/store/imap/ImapResponseParser;--->parseBareString(Z)Ljava/lang/String;
06-09 10:03:44.955 17486 17512 D M_InsDal: Lcom/fsck/k9/mail/filter/PeekableInputStream;--->peek()I
06-09 10:03:44.955 17486 17486 D M_InsDal: Lcom/fsck/k9/Account;--->getInboxFolderName()Ljava/lang/String;
06-09 10:03:44.955 17486 17512 D M_InsDal: Lcom/fsck/k9/mail/filter/PeekableInputStream;--->read()I
06-09 10:03:44.955 17486 17512 D M_InsDal: Lcom/fsck/k9/mail/filter/PeekableInputStream;--->peek()I
06-09 10:03:44.955 17486 17512 D M_InsDal: Lcom/fsck/k9/mail/filter/PeekableInputStream;--->read()I
06-09 10:03:44.955 17486 17512 D M_InsDal: Lcom/fsck/k9/mail/filter/PeekableInputStream;--->peek()I
06-09 10:03:44.955 17486 17512 D M_InsDal: Lcom/fsck/k9/mail/filter/PeekableInputStream;--->read()I
06-09 10:03:44.955 17486 17512 D M_InsDal: Lcom/fsck/k9/mail/filter/PeekableInputStream;--->peek()I
06-09 10:03:44.955 17486 17512 D M_InsDal: Lcom/fsck/k9/mail/filter/PeekableInputStream;--->read()I
06-09 10:03:44.955 17486 17512 D M_InsDal: Lcom/fsck/k9/mail/filter/PeekableInputStream;--->peek()I
06-09 10:03:44.955 17486 17512 D M_InsDal: Lcom/fsck/k9/mail/filter/PeekableInputStream;--->read()I
06-09 10:03:44.955 17486 17512 D M_InsDal: Lcom/fsck/k9/mail/filter/PeekableInputStream;--->peek()I
06-09 10:03:44.955 17486 17512 D M_InsDal: Lcom/fsck/k9/mail/filter/PeekableInputStream;--->read()I
06-09 10:03:44.955 17486 17512 D M_InsDal: Lcom/fsck/k9/mail/filter/PeekableInputStream;--->peek()I
06-09 10:03:44.955 17486 17512 D M_InsDal: Lcom/fsck/k9/mail/filter/PeekableInputStream;--->read()I
06-09 10:03:44.955 17486 17512 D M_InsDal: Lcom/fsck/k9/mail/filter/PeekableInputStream;--->peek()I
06-09 10:03:44.955 17486 17512 D M_InsDal: Lcom/fsck/k9/mail/filter/PeekableInputStream;--->read()I
06-09 10:03:44.955 17486 17512 D M_InsDal: Lcom/fsck/k9/mail/filter/PeekableInputStream;--->peek()I
06-09 10:03:44.955 17486 17512 D M_InsDal: Lcom/fsck/k9/mail/filter/PeekableInputStream;--->read()I
06-09 10:03:44.955 17486 17512 D M_InsDal: Lcom/fsck/k9/mail/filter/PeekableInputStream;--->peek()I
06-09 10:03:44.955 17486 17512 D M_InsDal: Lcom/fsck/k9/mail/filter/PeekableInputStream;--->read()I
06-09 10:03:44.955 17486 17512 D M_InsDal: Lcom/fsck/k9/mail/filter/PeekableInputStream;--->peek()I
06-09 10:03:44.955 17486 17512 D M_InsDal: Lcom/fsck/k9/mail/filter/PeekableInputStream;--->read()I
06-09 10:03:44.955 17486 17512 D M_InsDal: Lcom/fsck/k9/mail/filter/PeekableInputStream;--->peek()I
06-09 10:03:44.955 17486 17512 D M_InsDal: Lcom/fsck/k9/mail/filter/PeekableInputStream;--->read()I
06-09 10:03:44.955 17486 17512 D M_InsDal: Lcom/fsck/k9/mail/filter/PeekableInputStream;--->peek()I
06-09 10:03:44.955 17486 17486 D M_InsDal: Lcom/fsck/k9/activity/MessageList;--->setMessageListTitle(Ljava/lang/String;)V
06-09 10:03:44.955 17486 17512 D M_InsDal: Lcom/fsck/k9/mail/filter/PeekableInputStream;--->read()I
06-09 10:03:44.955 17486 17512 D M_InsDal: Lcom/fsck/k9/mail/filter/PeekableInputStream;--->peek()I
06-09 10:03:44.955 17486 17512 D M_InsDal: Lcom/fsck/k9/mail/filter/PeekableInputStream;--->read()I
06-09 10:03:44.955 17486 17486 D M_InsDal: Lcom/fsck/k9/activity/MessageList;--->setActionBarTitle(Ljava/lang/String;)V
06-09 10:03:44.955 17486 17512 D M_InsDal: Lcom/fsck/k9/mail/filter/PeekableInputStream;--->peek()I
06-09 10:03:44.955 17486 17512 D M_InsDal: Lcom/fsck/k9/mail/store/imap/ImapResponseParser;--->parseToken(Lcom/fsck/k9/mail/store/imap/ImapList;)Ljava/lang/Object;
06-09 10:03:44.955 17486 17512 D M_InsDal: Lcom/fsck/k9/mail/filter/PeekableInputStream;--->peek()I
06-09 10:03:44.955 17486 17512 D M_InsDal: Lcom/fsck/k9/mail/store/imap/ImapResponseParser;--->expect(C)V
06-09 10:03:44.955 17486 17512 D M_InsDal: Lcom/fsck/k9/mail/filter/PeekableInputStream;--->read()I
06-09 10:03:44.955 17486 17512 D M_InsDal: Lcom/fsck/k9/mail/filter/PeekableInputStream;--->peek()I
06-09 10:03:44.955 17486 17512 D M_InsDal: Lcom/fsck/k9/mail/store/imap/ImapResponseParser;--->parseList(Lcom/fsck/k9/mail/store/imap/ImapList;CC)Lcom/fsck/k9/mail/store/imap/ImapList;
06-09 10:03:44.955 17486 17512 D M_InsDal: Lcom/fsck/k9/mail/store/imap/ImapResponseParser;--->expect(C)V
06-09 10:03:44.955 17486 17512 D M_InsDal: Lcom/fsck/k9/mail/filter/PeekableInputStream;--->read()I
06-09 10:03:44.955 17486 17512 D M_InsDal: Lcom/fsck/k9/mail/store/imap/ImapList;---><init>()V
06-09 10:03:44.955 17486 17512 D M_InsDal: Lcom/fsck/k9/mail/store/imap/ImapResponseParser;--->parseToken(Lcom/fsck/k9/mail/store/imap/ImapList;)Ljava/lang/Object;
06-09 10:03:44.955 17486 17512 D M_InsDal: Lcom/fsck/k9/mail/filter/PeekableInputStream;--->peek()I
06-09 10:03:44.955 17486 17512 D M_InsDal: Lcom/fsck/k9/mail/store/imap/ImapResponseParser;--->expect(C)V
06-09 10:03:44.955 17486 17512 D M_InsDal: Lcom/fsck/k9/mail/filter/PeekableInputStream;--->read()I
06-09 10:03:44.955 17486 17512 D M_InsDal: Lcom/fsck/k9/mail/store/imap/ImapResponseParser;--->parseToken(Lcom/fsck/k9/mail/store/imap/ImapList;)Ljava/lang/Object;
06-09 10:03:44.955 17486 17512 D M_InsDal: Lcom/fsck/k9/mail/filter/PeekableInputStream;--->peek()I
06-09 10:03:44.955 17486 17512 D M_InsDal: Lcom/fsck/k9/mail/store/imap/ImapResponseParser;--->expect(C)V
06-09 10:03:44.955 17486 17512 D M_InsDal: Lcom/fsck/k9/mail/filter/PeekableInputStream;--->read()I
06-09 10:03:44.955 17486 17512 D M_InsDal: Lcom/fsck/k9/mail/store/imap/ImapResponseParser;--->skipIfSpace()V
06-09 10:03:44.955 17486 17512 D M_InsDal: Lcom/fsck/k9/mail/filter/PeekableInputStream;--->peek()I
06-09 10:03:44.955 17486 17512 D M_InsDal: Lcom/fsck/k9/mail/store/imap/ImapResponseParser;--->expect(C)V
06-09 10:03:44.955 17486 17512 D M_InsDal: Lcom/fsck/k9/mail/filter/PeekableInputStream;--->read()I
06-09 10:03:44.955 17486 17512 D M_InsDal: Lcom/fsck/k9/mail/store/imap/ImapResponseParser;--->readStringUntilEndOfLine()Ljava/lang/String;
06-09 10:03:44.955 17486 17486 D M_InsDal: Lcom/fsck/k9/activity/ActivityListener;--->getOperation(Landroid/content/Context;)Ljava/lang/String;
06-09 10:03:44.955 17486 17512 D M_InsDal: Lcom/fsck/k9/mail/store/imap/ImapResponseParser;--->readStringUntil(C)Ljava/lang/String;
06-09 10:03:44.955 17486 17512 D M_InsDal: Lcom/fsck/k9/mail/filter/PeekableInputStream;--->read()I
06-09 10:03:44.955 17486 17486 D M_InsDal: Lcom/fsck/k9/activity/ActivityListener;--->getActionInProgressOperation(Landroid/content/Context;)Ljava/lang/String;
06-09 10:03:44.955 17486 17512 D M_InsDal: Lcom/fsck/k9/mail/filter/PeekableInputStream;--->read()I
06-09 10:03:44.955 17486 17512 D M_InsDal: Lcom/fsck/k9/mail/filter/PeekableInputStream;--->read()I
06-09 10:03:44.955 17486 17512 D M_InsDal: Lcom/fsck/k9/mail/filter/PeekableInputStream;--->read()I
06-09 10:03:44.955 17486 17486 D M_InsDal: Lcom/fsck/k9/Account;--->getInboxFolderName()Ljava/lang/String;
06-09 10:03:44.955 17486 17512 D M_InsDal: Lcom/fsck/k9/mail/filter/PeekableInputStream;--->read()I
06-09 10:03:44.955 17486 17512 D M_InsDal: Lcom/fsck/k9/mail/filter/PeekableInputStream;--->read()I
06-09 10:03:44.955 17486 17512 D M_InsDal: Lcom/fsck/k9/mail/store/imap/ImapResponseParser;--->expect(C)V
06-09 10:03:44.955 17486 17512 D M_InsDal: Lcom/fsck/k9/mail/filter/PeekableInputStream;--->read()I
06-09 10:03:44.955 17486 17512 D M_InsDal: Lcom/fsck/k9/mail/K9MailLib;--->isDebug()Z
06-09 10:03:44.955 17486 17512 D M_InsDal: Lcom/fsck/k9/K9$2;--->enabled()Z
06-09 10:03:44.955 17486 17512 D M_InsDal: Lcom/fsck/k9/mail/store/imap/ImapResponse;--->getTag()Ljava/lang/String;
06-09 10:03:44.955 17486 17512 D M_InsDal: Lcom/fsck/k9/mail/store/imap/ImapResponse;--->getTag()Ljava/lang/String;
06-09 10:03:44.955 17486 17512 D M_InsDal: Lcom/fsck/k9/mail/store/imap/ImapResponseParser;--->readResponse()Lcom/fsck/k9/mail/store/imap/ImapResponse;
06-09 10:03:44.955 17486 17512 D M_InsDal: Lcom/fsck/k9/mail/store/imap/ImapResponseParser;--->readResponse(Lcom/fsck/k9/mail/store/imap/ImapResponseCallback;)Lcom/fsck/k9/mail/store/imap/ImapResponse;
06-09 10:03:44.955 17486 17512 D M_InsDal: Lcom/fsck/k9/mail/filter/PeekableInputStream;--->peek()I
06-09 10:03:44.955 17486 17512 D M_InsDal: Lcom/fsck/k9/mail/store/imap/ImapResponseParser;--->readTaggedResponse(Lcom/fsck/k9/mail/store/imap/ImapResponseCallback;)V
06-09 10:03:44.955 17486 17512 D M_InsDal: Lcom/fsck/k9/mail/store/imap/ImapResponseParser;--->parseTaggedResponse()Ljava/lang/String;
06-09 10:03:44.955 17486 17512 D M_InsDal: Lcom/fsck/k9/mail/store/imap/ImapResponseParser;--->readStringUntil(C)Ljava/lang/String;
06-09 10:03:44.955 17486 17512 D M_InsDal: Lcom/fsck/k9/mail/filter/PeekableInputStream;--->read()I
06-09 10:03:44.955 17486 17512 D M_InsDal: Lcom/fsck/k9/mail/filter/PeekableInputStream;--->read()I
06-09 10:03:44.955 17486 17512 D M_InsDal: Lcom/fsck/k9/mail/store/imap/ImapResponse;--->newTaggedResponse(Lcom/fsck/k9/mail/store/imap/ImapResponseCallback;Ljava/lang/String;)Lcom/fsck/k9/mail/store/imap/ImapResponse;
06-09 10:03:44.955 17486 17512 D M_InsDal: Lcom/fsck/k9/mail/store/imap/ImapResponse;---><init>(Lcom/fsck/k9/mail/store/imap/ImapResponseCallback;ZLjava/lang/String;)V
06-09 10:03:44.955 17486 17512 D M_InsDal: Lcom/fsck/k9/mail/store/imap/ImapList;---><init>()V
06-09 10:03:44.955 17486 17512 D M_InsDal: Lcom/fsck/k9/mail/store/imap/ImapResponseParser;--->readTokens(Lcom/fsck/k9/mail/store/imap/ImapResponse;)V
06-09 10:03:44.955 17486 17512 D M_InsDal: Lcom/fsck/k9/mail/store/imap/ImapResponseParser;--->readToken(Lcom/fsck/k9/mail/store/imap/ImapResponse;)Ljava/lang/Object;
06-09 10:03:44.955 17486 17512 D M_InsDal: Lcom/fsck/k9/mail/store/imap/ImapResponseParser;--->parseToken(Lcom/fsck/k9/mail/store/imap/ImapList;)Ljava/lang/Object;
06-09 10:03:44.955 17486 17512 D M_InsDal: Lcom/fsck/k9/mail/filter/PeekableInputStream;--->peek()I
06-09 10:03:44.955 17486 17512 D M_InsDal: Lcom/fsck/k9/mail/store/imap/ImapResponseParser;--->parseBareString(Z)Ljava/lang/String;
06-09 10:03:44.955 17486 17512 D M_InsDal: Lcom/fsck/k9/mail/filter/PeekableInputStream;--->peek()I
06-09 10:03:44.955 17486 17512 D M_InsDal: Lcom/fsck/k9/mail/filter/PeekableInputStream;--->read()I
06-09 10:03:44.955 17486 17512 D M_InsDal: Lcom/fsck/k9/mail/filter/PeekableInputStream;--->peek()I
06-09 10:03:44.955 17486 17512 D M_InsDal: Lcom/fsck/k9/mail/filter/PeekableInputStream;--->read()I
06-09 10:03:44.955 17486 17512 D M_InsDal: Lcom/fsck/k9/mail/filter/PeekableInputStream;--->peek()I
06-09 10:03:44.955 17486 17512 D M_InsDal: Lcom/fsck/k9/mail/store/imap/ImapResponseParser;--->checkTokenIsString(Ljava/lang/Object;)V
06-09 10:03:44.955 17486 17512 D M_InsDal: Lcom/fsck/k9/mail/store/imap/ImapResponseParser;--->isStatusResponse(Ljava/lang/String;)Z
06-09 10:03:44.955 17486 17512 D M_InsDal: Lcom/fsck/k9/mail/store/imap/ImapResponseParser;--->parseResponseText(Lcom/fsck/k9/mail/store/imap/ImapResponse;)V
06-09 10:03:44.955 17486 17512 D M_InsDal: Lcom/fsck/k9/mail/store/imap/ImapResponseParser;--->skipIfSpace()V
06-09 10:03:44.955 17486 17512 D M_InsDal: Lcom/fsck/k9/mail/filter/PeekableInputStream;--->peek()I
06-09 10:03:44.955 17486 17512 D M_InsDal: Lcom/fsck/k9/mail/store/imap/ImapResponseParser;--->expect(C)V
06-09 10:03:44.955 17486 17512 D M_InsDal: Lcom/fsck/k9/mail/filter/PeekableInputStream;--->read()I
06-09 10:03:44.955 17486 17512 D M_InsDal: Lcom/fsck/k9/mail/filter/PeekableInputStream;--->peek()I
06-09 10:03:44.955 17486 17512 D M_InsDal: Lcom/fsck/k9/mail/store/imap/ImapResponseParser;--->parseList(Lcom/fsck/k9/mail/store/imap/ImapList;CC)Lcom/fsck/k9/mail/store/imap/ImapList;
06-09 10:03:44.955 17486 17512 D M_InsDal: Lcom/fsck/k9/mail/store/imap/ImapResponseParser;--->expect(C)V
06-09 10:03:44.955 17486 17512 D M_InsDal: Lcom/fsck/k9/mail/filter/PeekableInputStream;--->read()I
06-09 10:03:44.955 17486 17512 D M_InsDal: Lcom/fsck/k9/mail/store/imap/ImapList;---><init>()V
06-09 10:03:44.955 17486 17512 D M_InsDal: Lcom/fsck/k9/mail/store/imap/ImapResponseParser;--->parseToken(Lcom/fsck/k9/mail/store/imap/ImapList;)Ljava/lang/Object;
06-09 10:03:44.955 17486 17512 D M_InsDal: Lcom/fsck/k9/mail/filter/PeekableInputStream;--->peek()I
06-09 10:03:44.955 17486 17512 D M_InsDal: Lcom/fsck/k9/mail/store/imap/ImapResponseParser;--->parseBareString(Z)Ljava/lang/String;
06-09 10:03:44.955 17486 17486 D M_InsDal: Lcom/fsck/k9/activity/MessageList;--->setMessageListSubTitle(Ljava/lang/String;)V
06-09 10:03:44.955 17486 17512 D M_InsDal: Lcom/fsck/k9/mail/filter/PeekableInputStream;--->peek()I
06-09 10:03:44.955 17486 17512 D M_InsDal: Lcom/fsck/k9/mail/filter/PeekableInputStream;--->read()I
06-09 10:03:44.955 17486 17512 D M_InsDal: Lcom/fsck/k9/mail/filter/PeekableInputStream;--->peek()I
06-09 10:03:44.955 17486 17486 D M_InsDal: Lcom/fsck/k9/activity/MessageList;--->setActionBarSubTitle(Ljava/lang/String;)V
06-09 10:03:44.955 17486 17512 D M_InsDal: Lcom/fsck/k9/mail/filter/PeekableInputStream;--->read()I
06-09 10:03:44.955 17486 17512 D M_InsDal: Lcom/fsck/k9/mail/filter/PeekableInputStream;--->peek()I
06-09 10:03:44.955 17486 17512 D M_InsDal: Lcom/fsck/k9/mail/filter/PeekableInputStream;--->read()I
06-09 10:03:44.955 17486 17512 D M_InsDal: Lcom/fsck/k9/mail/filter/PeekableInputStream;--->peek()I
06-09 10:03:44.955 17486 17512 D M_InsDal: Lcom/fsck/k9/mail/filter/PeekableInputStream;--->read()I
06-09 10:03:44.955 17486 17512 D M_InsDal: Lcom/fsck/k9/mail/filter/PeekableInputStream;--->peek()I
06-09 10:03:44.955 17486 17512 D M_InsDal: Lcom/fsck/k9/mail/filter/PeekableInputStream;--->read()I
06-09 10:03:44.955 17486 17512 D M_InsDal: Lcom/fsck/k9/mail/filter/PeekableInputStream;--->peek()I
06-09 10:03:44.955 17486 17512 D M_InsDal: Lcom/fsck/k9/mail/filter/PeekableInputStream;--->read()I
06-09 10:03:44.955 17486 17512 D M_InsDal: Lcom/fsck/k9/mail/filter/PeekableInputStream;--->peek()I
06-09 10:03:44.955 17486 17486 D M_InsDal: Lcom/fsck/k9/activity/MessageList;--->setUnreadCount(I)V
06-09 10:03:44.955 17486 17512 D M_InsDal: Lcom/fsck/k9/mail/filter/PeekableInputStream;--->read()I
06-09 10:03:44.955 17486 17512 D M_InsDal: Lcom/fsck/k9/mail/filter/PeekableInputStream;--->peek()I
06-09 10:03:44.955 17486 17486 D M_InsDal: Lcom/fsck/k9/activity/MessageList;--->setActionBarUnread(I)V
06-09 10:03:44.956 17486 17512 D M_InsDal: Lcom/fsck/k9/mail/filter/PeekableInputStream;--->read()I
06-09 10:03:44.956 17486 17512 D M_InsDal: Lcom/fsck/k9/mail/filter/PeekableInputStream;--->peek()I
06-09 10:03:44.956 17486 17512 D M_InsDal: Lcom/fsck/k9/mail/filter/PeekableInputStream;--->read()I
06-09 10:03:44.956 17486 17512 D M_InsDal: Lcom/fsck/k9/mail/filter/PeekableInputStream;--->peek()I
06-09 10:03:44.956 17486 17512 D M_InsDal: Lcom/fsck/k9/mail/store/imap/ImapResponseParser;--->parseToken(Lcom/fsck/k9/mail/store/imap/ImapList;)Ljava/lang/Object;
06-09 10:03:44.956 17486 17512 D M_InsDal: Lcom/fsck/k9/mail/filter/PeekableInputStream;--->peek()I
06-09 10:03:44.956 17486 17512 D M_InsDal: Lcom/fsck/k9/mail/store/imap/ImapResponseParser;--->expect(C)V
06-09 10:03:44.956 17486 17512 D M_InsDal: Lcom/fsck/k9/mail/filter/PeekableInputStream;--->read()I
06-09 10:03:44.956 17486 17512 D M_InsDal: Lcom/fsck/k9/mail/store/imap/ImapResponseParser;--->skipIfSpace()V
06-09 10:03:44.956 17486 17512 D M_InsDal: Lcom/fsck/k9/mail/filter/PeekableInputStream;--->peek()I
06-09 10:03:44.956 17486 17512 D M_InsDal: Lcom/fsck/k9/mail/store/imap/ImapResponseParser;--->expect(C)V
06-09 10:03:44.956 17486 17512 D M_InsDal: Lcom/fsck/k9/mail/filter/PeekableInputStream;--->read()I
06-09 10:03:44.956 17486 17512 D M_InsDal: Lcom/fsck/k9/mail/store/imap/ImapResponseParser;--->readStringUntilEndOfLine()Ljava/lang/String;
06-09 10:03:44.956 17486 17512 D M_InsDal: Lcom/fsck/k9/mail/store/imap/ImapResponseParser;--->readStringUntil(C)Ljava/lang/String;
06-09 10:03:44.956 17486 17512 D M_InsDal: Lcom/fsck/k9/mail/filter/PeekableInputStream;--->read()I
06-09 10:03:44.956 17486 17486 D M_InsDal: Lcom/fsck/k9/search/LocalSearch;--->isManualSearch()Z
06-09 10:03:44.956 17486 17512 D M_InsDal: Lcom/fsck/k9/mail/filter/PeekableInputStream;--->read()I
06-09 10:03:44.956 17486 17512 D M_InsDal: Lcom/fsck/k9/mail/filter/PeekableInputStream;--->read()I
06-09 10:03:44.956 17486 17512 D M_InsDal: Lcom/fsck/k9/mail/filter/PeekableInputStream;--->read()I
06-09 10:03:44.956 17486 17486 D M_InsDal: Lcom/fsck/k9/fragment/MessageListFragment;--->setWindowProgress()V
06-09 10:03:44.956 17486 17512 D M_InsDal: Lcom/fsck/k9/mail/filter/PeekableInputStream;--->read()I
06-09 10:03:44.956 17486 17486 D M_InsDal: Lcom/fsck/k9/activity/ActivityListener;--->getFolderTotal()I
06-09 10:03:44.956 17486 17512 D M_InsDal: Lcom/fsck/k9/mail/filter/PeekableInputStream;--->read()I
06-09 10:03:44.956 17486 17512 D M_InsDal: Lcom/fsck/k9/mail/filter/PeekableInputStream;--->read()I
06-09 10:03:44.956 17486 17512 D M_InsDal: Lcom/fsck/k9/mail/filter/PeekableInputStream;--->read()I
06-09 10:03:44.956 17486 17486 D M_InsDal: Lcom/fsck/k9/activity/MessageList;--->setMessageListProgress(I)V
06-09 10:03:44.956 17486 17512 D M_InsDal: Lcom/fsck/k9/mail/filter/PeekableInputStream;--->read()I
06-09 10:03:44.956 17486 17512 D M_InsDal: Lcom/fsck/k9/mail/filter/PeekableInputStream;--->read()I
06-09 10:03:44.956 17486 17512 D M_InsDal: Lcom/fsck/k9/mail/store/imap/ImapResponseParser;--->expect(C)V
06-09 10:03:44.956 17486 17512 D M_InsDal: Lcom/fsck/k9/mail/filter/PeekableInputStream;--->read()I
06-09 10:03:44.956 17486 17512 D M_InsDal: Lcom/fsck/k9/mail/K9MailLib;--->isDebug()Z
06-09 10:03:44.956 17486 17512 D M_InsDal: Lcom/fsck/k9/K9$2;--->enabled()Z
06-09 10:03:44.956 17486 17512 D M_InsDal: Lcom/fsck/k9/mail/store/imap/ImapResponse;--->getTag()Ljava/lang/String;
06-09 10:03:44.956 17486 17512 D M_InsDal: Lcom/fsck/k9/mail/store/imap/ImapResponse;--->getTag()Ljava/lang/String;
06-09 10:03:44.956 17486 17512 D M_InsDal: Lcom/fsck/k9/mail/store/imap/ImapResponseParser;--->equalsIgnoreCase(Ljava/lang/Object;Ljava/lang/String;)Z
06-09 10:03:44.956 17486 17512 D M_InsDal: Lcom/fsck/k9/mail/store/imap/ImapFolder;--->handleUntaggedResponses(Ljava/util/List;)Ljava/util/List;
06-09 10:03:44.956 17486 17512 D M_InsDal: Lcom/fsck/k9/mail/store/imap/ImapFolderPusher;--->handleUntaggedResponse(Lcom/fsck/k9/mail/store/imap/ImapResponse;)V
06-09 10:03:44.956 17486 17512 D M_InsDal: Lcom/fsck/k9/mail/store/imap/ImapResponse;--->getTag()Ljava/lang/String;
06-09 10:03:44.956 17486 17512 D M_InsDal: Lcom/fsck/k9/mail/store/imap/ImapResponseParser;--->equalsIgnoreCase(Ljava/lang/Object;Ljava/lang/String;)Z
06-09 10:03:44.956 17486 17512 D M_InsDal: Lcom/fsck/k9/mail/store/imap/ImapResponseParser;--->equalsIgnoreCase(Ljava/lang/Object;Ljava/lang/String;)Z
06-09 10:03:44.956 17486 17512 D M_InsDal: Lcom/fsck/k9/mail/K9MailLib;--->isDebug()Z
06-09 10:03:44.956 17486 17512 D M_InsDal: Lcom/fsck/k9/K9$2;--->enabled()Z
06-09 10:03:44.956 17486 17512 D M_InsDal: Lcom/fsck/k9/mail/store/imap/ImapFolder;--->handlePossibleUidNext(Lcom/fsck/k9/mail/store/imap/ImapResponse;)V
06-09 10:03:44.956 17486 17512 D M_InsDal: Lcom/fsck/k9/mail/store/imap/ImapResponseParser;--->equalsIgnoreCase(Ljava/lang/Object;Ljava/lang/String;)Z
06-09 10:03:44.956 17486 17512 D M_InsDal: Lcom/fsck/k9/mail/store/imap/ImapFolderPusher;--->handleUntaggedResponse(Lcom/fsck/k9/mail/store/imap/ImapResponse;)V
06-09 10:03:44.956 17486 17512 D M_InsDal: Lcom/fsck/k9/mail/store/imap/ImapResponse;--->getTag()Ljava/lang/String;
06-09 10:03:44.956 17486 17512 D M_InsDal: Lcom/fsck/k9/mail/store/imap/ImapResponseParser;--->equalsIgnoreCase(Ljava/lang/Object;Ljava/lang/String;)Z
06-09 10:03:44.956 17486 17512 D M_InsDal: Lcom/fsck/k9/mail/store/imap/ImapResponseParser;--->equalsIgnoreCase(Ljava/lang/Object;Ljava/lang/String;)Z
06-09 10:03:44.956 17486 17512 D M_InsDal: Lcom/fsck/k9/mail/store/imap/ImapFolder;--->handlePossibleUidNext(Lcom/fsck/k9/mail/store/imap/ImapResponse;)V
06-09 10:03:44.956 17486 17512 D M_InsDal: Lcom/fsck/k9/mail/store/imap/ImapResponseParser;--->equalsIgnoreCase(Ljava/lang/Object;Ljava/lang/String;)Z
06-09 10:03:44.956 17486 17512 D M_InsDal: Lcom/fsck/k9/mail/store/imap/ImapFolderPusher;--->handleUntaggedResponse(Lcom/fsck/k9/mail/store/imap/ImapResponse;)V
06-09 10:03:44.956 17486 17512 D M_InsDal: Lcom/fsck/k9/mail/store/imap/ImapResponse;--->getTag()Ljava/lang/String;
06-09 10:03:44.956 17486 17512 D M_InsDal: Lcom/fsck/k9/mail/store/imap/ImapResponseParser;--->equalsIgnoreCase(Ljava/lang/Object;Ljava/lang/String;)Z
06-09 10:03:44.956 17486 17512 D M_InsDal: Lcom/fsck/k9/mail/store/imap/ImapResponseParser;--->equalsIgnoreCase(Ljava/lang/Object;Ljava/lang/String;)Z
06-09 10:03:44.956 17486 17512 D M_InsDal: Lcom/fsck/k9/mail/store/imap/ImapFolder;--->handlePossibleUidNext(Lcom/fsck/k9/mail/store/imap/ImapResponse;)V
06-09 10:03:44.956 17486 17512 D M_InsDal: Lcom/fsck/k9/mail/store/imap/ImapResponseParser;--->equalsIgnoreCase(Ljava/lang/Object;Ljava/lang/String;)Z
06-09 10:03:44.956 17486 17512 D M_InsDal: Lcom/fsck/k9/mail/store/imap/ImapFolderPusher;--->handleUntaggedResponse(Lcom/fsck/k9/mail/store/imap/ImapResponse;)V
06-09 10:03:44.956 17486 17512 D M_InsDal: Lcom/fsck/k9/mail/store/imap/ImapResponse;--->getTag()Ljava/lang/String;
06-09 10:03:44.956 17486 17512 D M_InsDal: Lcom/fsck/k9/mail/store/imap/ImapResponseParser;--->equalsIgnoreCase(Ljava/lang/Object;Ljava/lang/String;)Z
06-09 10:03:44.956 17486 17512 D M_InsDal: Lcom/fsck/k9/mail/store/imap/ImapResponseParser;--->equalsIgnoreCase(Ljava/lang/Object;Ljava/lang/String;)Z
06-09 10:03:44.956 17486 17512 D M_InsDal: Lcom/fsck/k9/mail/store/imap/ImapFolder;--->handlePossibleUidNext(Lcom/fsck/k9/mail/store/imap/ImapResponse;)V
06-09 10:03:44.956 17486 17512 D M_InsDal: Lcom/fsck/k9/mail/store/imap/ImapResponseParser;--->equalsIgnoreCase(Ljava/lang/Object;Ljava/lang/String;)Z
06-09 10:03:44.956 17486 17512 D M_InsDal: Lcom/fsck/k9/mail/store/imap/ImapList;--->getLong(I)J
06-09 10:03:44.956 17486 17512 D M_InsDal: Lcom/fsck/k9/mail/store/imap/ImapList;--->getString(I)Ljava/lang/String;
06-09 10:03:44.956 17486 17512 D M_InsDal: Lcom/fsck/k9/mail/K9MailLib;--->isDebug()Z
06-09 10:03:44.956 17486 17512 D M_InsDal: Lcom/fsck/k9/K9$2;--->enabled()Z
