06-09 10:03:45.000 17486 17486 D M_InsDal: Lcom/fsck/k9/Account;--->getDraftsFolderName()Ljava/lang/String;
06-09 10:03:45.000 17486 17505 D M_InsDal: Lcom/fsck/k9/mail/Message;--->getUid()Ljava/lang/String;
06-09 10:03:45.000 17486 17486 D M_InsDal: Lcom/fsck/k9/Account;--->getOutboxFolderName()Ljava/lang/String;
06-09 10:03:45.000 17486 17505 D M_InsDal: Lcom/fsck/k9/mail/Message;--->getUid()Ljava/lang/String;
06-09 10:03:45.000 17486 17486 D M_InsDal: Lcom/fsck/k9/Account;--->getInboxFolderName()Ljava/lang/String;
06-09 10:03:45.000 17486 17505 D M_InsDal: Lcom/fsck/k9/controller/imap/ImapSync;--->getListeners(Lcom/fsck/k9/controller/MessagingListener;)Ljava/util/Set;
06-09 10:03:45.000 17486 17486 D M_InsDal: Lcom/fsck/k9/activity/MessageList;--->setMessageListTitle(Ljava/lang/String;)V
06-09 10:03:45.000 17486 17505 D M_InsDal: Lcom/fsck/k9/controller/MessagingController;--->getListeners(Lcom/fsck/k9/controller/MessagingListener;)Ljava/util/Set;
06-09 10:03:45.000 17486 17486 D M_InsDal: Lcom/fsck/k9/activity/MessageList;--->setActionBarTitle(Ljava/lang/String;)V
06-09 10:03:45.000 17486 17505 D M_InsDal: Lcom/fsck/k9/controller/SimpleMessagingListener;--->synchronizeMailboxHeadersProgress(Lcom/fsck/k9/Account;Ljava/lang/String;II)V
06-09 10:03:45.000 17486 17486 D M_InsDal: Lcom/fsck/k9/activity/ActivityListener;--->getOperation(Landroid/content/Context;)Ljava/lang/String;
06-09 10:03:45.000 17486 17486 D M_InsDal: Lcom/fsck/k9/activity/ActivityListener;--->getActionInProgressOperation(Landroid/content/Context;)Ljava/lang/String;
06-09 10:03:45.000 17486 17505 D M_InsDal: Lcom/fsck/k9/controller/SimpleMessagingListener;--->synchronizeMailboxHeadersProgress(Lcom/fsck/k9/Account;Ljava/lang/String;II)V
06-09 10:03:45.000 17486 17505 D M_InsDal: Lcom/fsck/k9/controller/SimpleMessagingListener;--->synchronizeMailboxHeadersProgress(Lcom/fsck/k9/Account;Ljava/lang/String;II)V
06-09 10:03:45.000 17486 17505 D M_InsDal: Lcom/fsck/k9/activity/ActivityListener;--->synchronizeMailboxHeadersProgress(Lcom/fsck/k9/Account;Ljava/lang/String;II)V
06-09 10:03:45.000 17486 17486 D M_InsDal: Lcom/fsck/k9/Account;--->getInboxFolderName()Ljava/lang/String;
06-09 10:03:45.000 17486 17486 D M_InsDal: Lcom/fsck/k9/activity/MessageList;--->setMessageListSubTitle(Ljava/lang/String;)V
06-09 10:03:45.000 17486 17486 D M_InsDal: Lcom/fsck/k9/activity/MessageList;--->setActionBarSubTitle(Ljava/lang/String;)V
06-09 10:03:45.000 17486 17486 D M_InsDal: Lcom/fsck/k9/activity/MessageList;--->setUnreadCount(I)V
06-09 10:03:45.000 17486 17486 D M_InsDal: Lcom/fsck/k9/activity/MessageList;--->setActionBarUnread(I)V
06-09 10:03:45.000 17486 17486 D M_InsDal: Lcom/fsck/k9/search/LocalSearch;--->isManualSearch()Z
06-09 10:03:45.000 17486 17486 D M_InsDal: Lcom/fsck/k9/fragment/MessageListFragment;--->setWindowProgress()V
06-09 10:03:45.000 17486 17486 D M_InsDal: Lcom/fsck/k9/activity/ActivityListener;--->getFolderTotal()I
06-09 10:03:45.000 17486 17486 D M_InsDal: Lcom/fsck/k9/activity/ActivityListener;--->getFolderTotal()I
06-09 10:03:45.001 17486 17486 D M_InsDal: Lcom/fsck/k9/activity/ActivityListener;--->getFolderCompleted()I
06-09 10:03:45.001 17486 17486 D M_InsDal: Lcom/fsck/k9/activity/MessageList;--->setMessageListProgress(I)V
06-09 10:03:45.001 17486 17505 D M_InsDal: Lcom/fsck/k9/fragment/MessageListFragment$MessageListActivityListener;--->informUserOfStatus()V
06-09 10:03:45.001 17486 17486 D M_InsDal: Lcom/fsck/k9/fragment/MessageListHandler;--->handleMessage(Landroid/os/Message;)V
06-09 10:03:45.001 17486 17486 D M_InsDal: Lcom/fsck/k9/fragment/MessageListFragment;--->updateTitle()V
06-09 10:03:45.001 17486 17505 D M_InsDal: Lcom/fsck/k9/fragment/MessageListHandler;--->refreshTitle()V
06-09 10:03:45.001 17486 17486 D M_InsDal: Lcom/fsck/k9/fragment/MessageListFragment;--->setWindowTitle()V
06-09 10:03:45.001 17486 17486 D M_InsDal: Lcom/fsck/k9/fragment/MessageListFragment;--->isManualSearch()Z
06-09 10:03:45.001 17486 17486 D M_InsDal: Lcom/fsck/k9/search/LocalSearch;--->isManualSearch()Z
06-09 10:03:45.001 17486 17486 D M_InsDal: Lcom/fsck/k9/activity/FolderInfoHolder;--->getDisplayName(Landroid/content/Context;Lcom/fsck/k9/Account;Ljava/lang/String;)Ljava/lang/String;
06-09 10:03:45.001 17486 17486 D M_InsDal: Lcom/fsck/k9/Account;--->getSpamFolderName()Ljava/lang/String;
06-09 10:03:45.001 17486 17486 D M_InsDal: Lcom/fsck/k9/Account;--->getArchiveFolderName()Ljava/lang/String;
06-09 10:03:45.001 17486 17486 D M_InsDal: Lcom/fsck/k9/Account;--->getSentFolderName()Ljava/lang/String;
06-09 10:03:45.001 17486 17505 D M_InsDal: Lcom/fsck/k9/controller/SimpleMessagingListener;--->synchronizeMailboxHeadersProgress(Lcom/fsck/k9/Account;Ljava/lang/String;II)V
06-09 10:03:45.001 17486 17486 D M_InsDal: Lcom/fsck/k9/Account;--->getTrashFolderName()Ljava/lang/String;
06-09 10:03:45.001 17486 17505 D M_InsDal: Lcom/fsck/k9/mail/Message;--->getUid()Ljava/lang/String;
06-09 10:03:45.001 17486 17486 D M_InsDal: Lcom/fsck/k9/Account;--->getDraftsFolderName()Ljava/lang/String;
06-09 10:03:45.001 17486 17486 D M_InsDal: Lcom/fsck/k9/Account;--->getOutboxFolderName()Ljava/lang/String;
06-09 10:03:45.001 17486 17486 D M_InsDal: Lcom/fsck/k9/Account;--->getInboxFolderName()Ljava/lang/String;
06-09 10:03:45.001 17486 17505 D M_InsDal: Lcom/fsck/k9/mail/Message;--->getUid()Ljava/lang/String;
06-09 10:03:45.001 17486 17486 D M_InsDal: Lcom/fsck/k9/activity/MessageList;--->setMessageListTitle(Ljava/lang/String;)V
06-09 10:03:45.001 17486 17486 D M_InsDal: Lcom/fsck/k9/activity/MessageList;--->setActionBarTitle(Ljava/lang/String;)V
06-09 10:03:45.001 17486 17505 D M_InsDal: Lcom/fsck/k9/controller/imap/ImapSync;--->getListeners(Lcom/fsck/k9/controller/MessagingListener;)Ljava/util/Set;
06-09 10:03:45.001 17486 17486 D M_InsDal: Lcom/fsck/k9/activity/ActivityListener;--->getOperation(Landroid/content/Context;)Ljava/lang/String;
06-09 10:03:45.001 17486 17505 D M_InsDal: Lcom/fsck/k9/controller/MessagingController;--->getListeners(Lcom/fsck/k9/controller/MessagingListener;)Ljava/util/Set;
06-09 10:03:45.001 17486 17486 D M_InsDal: Lcom/fsck/k9/activity/ActivityListener;--->getActionInProgressOperation(Landroid/content/Context;)Ljava/lang/String;
06-09 10:03:45.001 17486 17486 D M_InsDal: Lcom/fsck/k9/Account;--->getInboxFolderName()Ljava/lang/String;
06-09 10:03:45.001 17486 17505 D M_InsDal: Lcom/fsck/k9/controller/SimpleMessagingListener;--->synchronizeMailboxHeadersProgress(Lcom/fsck/k9/Account;Ljava/lang/String;II)V
06-09 10:03:45.001 17486 17505 D M_InsDal: Lcom/fsck/k9/controller/SimpleMessagingListener;--->synchronizeMailboxHeadersProgress(Lcom/fsck/k9/Account;Ljava/lang/String;II)V
06-09 10:03:45.001 17486 17505 D M_InsDal: Lcom/fsck/k9/activity/ActivityListener;--->synchronizeMailboxHeadersProgress(Lcom/fsck/k9/Account;Ljava/lang/String;II)V
06-09 10:03:45.001 17486 17505 D M_InsDal: Lcom/fsck/k9/fragment/MessageListFragment$MessageListActivityListener;--->informUserOfStatus()V
06-09 10:03:45.001 17486 17486 D M_InsDal: Lcom/fsck/k9/activity/MessageList;--->setMessageListSubTitle(Ljava/lang/String;)V
06-09 10:03:45.001 17486 17505 D M_InsDal: Lcom/fsck/k9/fragment/MessageListHandler;--->refreshTitle()V
06-09 10:03:45.001 17486 17486 D M_InsDal: Lcom/fsck/k9/activity/MessageList;--->setActionBarSubTitle(Ljava/lang/String;)V
06-09 10:03:45.001 17486 17486 D M_InsDal: Lcom/fsck/k9/activity/MessageList;--->setUnreadCount(I)V
06-09 10:03:45.001 17486 17505 D M_InsDal: Lcom/fsck/k9/controller/SimpleMessagingListener;--->synchronizeMailboxHeadersProgress(Lcom/fsck/k9/Account;Ljava/lang/String;II)V
06-09 10:03:45.001 17486 17486 D M_InsDal: Lcom/fsck/k9/activity/MessageList;--->setActionBarUnread(I)V
06-09 10:03:45.001 17486 17505 D M_InsDal: Lcom/fsck/k9/mail/Message;--->getUid()Ljava/lang/String;
06-09 10:03:45.001 17486 17505 D M_InsDal: Lcom/fsck/k9/mail/Message;--->getUid()Ljava/lang/String;
06-09 10:03:45.001 17486 17505 D M_InsDal: Lcom/fsck/k9/controller/imap/ImapSync;--->getListeners(Lcom/fsck/k9/controller/MessagingListener;)Ljava/util/Set;
06-09 10:03:45.001 17486 17505 D M_InsDal: Lcom/fsck/k9/controller/MessagingController;--->getListeners(Lcom/fsck/k9/controller/MessagingListener;)Ljava/util/Set;
06-09 10:03:45.001 17486 17486 D M_InsDal: Lcom/fsck/k9/search/LocalSearch;--->isManualSearch()Z
06-09 10:03:45.001 17486 17486 D M_InsDal: Lcom/fsck/k9/fragment/MessageListFragment;--->setWindowProgress()V
06-09 10:03:45.001 17486 17505 D M_InsDal: Lcom/fsck/k9/controller/SimpleMessagingListener;--->synchronizeMailboxHeadersProgress(Lcom/fsck/k9/Account;Ljava/lang/String;II)V
06-09 10:03:45.001 17486 17505 D M_InsDal: Lcom/fsck/k9/controller/SimpleMessagingListener;--->synchronizeMailboxHeadersProgress(Lcom/fsck/k9/Account;Ljava/lang/String;II)V
06-09 10:03:45.001 17486 17486 D M_InsDal: Lcom/fsck/k9/activity/ActivityListener;--->getFolderTotal()I
06-09 10:03:45.001 17486 17486 D M_InsDal: Lcom/fsck/k9/activity/ActivityListener;--->getFolderTotal()I
06-09 10:03:45.001 17486 17505 D M_InsDal: Lcom/fsck/k9/controller/SimpleMessagingListener;--->synchronizeMailboxHeadersProgress(Lcom/fsck/k9/Account;Ljava/lang/String;II)V
06-09 10:03:45.001 17486 17486 D M_InsDal: Lcom/fsck/k9/activity/ActivityListener;--->getFolderCompleted()I
06-09 10:03:45.001 17486 17505 D M_InsDal: Lcom/fsck/k9/activity/ActivityListener;--->synchronizeMailboxHeadersProgress(Lcom/fsck/k9/Account;Ljava/lang/String;II)V
06-09 10:03:45.001 17486 17486 D M_InsDal: Lcom/fsck/k9/activity/MessageList;--->setMessageListProgress(I)V
06-09 10:03:45.001 17486 17505 D M_InsDal: Lcom/fsck/k9/fragment/MessageListFragment$MessageListActivityListener;--->informUserOfStatus()V
06-09 10:03:45.001 17486 17505 D M_InsDal: Lcom/fsck/k9/fragment/MessageListHandler;--->refreshTitle()V
06-09 10:03:45.001 17486 17486 D M_InsDal: Lcom/fsck/k9/fragment/MessageListHandler;--->handleMessage(Landroid/os/Message;)V
06-09 10:03:45.001 17486 17505 D M_InsDal: Lcom/fsck/k9/controller/SimpleMessagingListener;--->synchronizeMailboxHeadersProgress(Lcom/fsck/k9/Account;Ljava/lang/String;II)V
06-09 10:03:45.001 17486 17486 D M_InsDal: Lcom/fsck/k9/fragment/MessageListFragment;--->updateTitle()V
06-09 10:03:45.001 17486 17505 D M_InsDal: Lcom/fsck/k9/mail/Message;--->getUid()Ljava/lang/String;
06-09 10:03:45.001 17486 17486 D M_InsDal: Lcom/fsck/k9/fragment/MessageListFragment;--->setWindowTitle()V
06-09 10:03:45.001 17486 17486 D M_InsDal: Lcom/fsck/k9/fragment/MessageListFragment;--->isManualSearch()Z
06-09 10:03:45.001 17486 17486 D M_InsDal: Lcom/fsck/k9/search/LocalSearch;--->isManualSearch()Z
06-09 10:03:45.001 17486 17505 D M_InsDal: Lcom/fsck/k9/mail/Message;--->getUid()Ljava/lang/String;
06-09 10:03:45.001 17486 17486 D M_InsDal: Lcom/fsck/k9/activity/FolderInfoHolder;--->getDisplayName(Landroid/content/Context;Lcom/fsck/k9/Account;Ljava/lang/String;)Ljava/lang/String;
06-09 10:03:45.001 17486 17486 D M_InsDal: Lcom/fsck/k9/Account;--->getSpamFolderName()Ljava/lang/String;
06-09 10:03:45.001 17486 17505 D M_InsDal: Lcom/fsck/k9/controller/imap/ImapSync;--->getListeners(Lcom/fsck/k9/controller/MessagingListener;)Ljava/util/Set;
06-09 10:03:45.001 17486 17486 D M_InsDal: Lcom/fsck/k9/Account;--->getArchiveFolderName()Ljava/lang/String;
06-09 10:03:45.001 17486 17505 D M_InsDal: Lcom/fsck/k9/controller/MessagingController;--->getListeners(Lcom/fsck/k9/controller/MessagingListener;)Ljava/util/Set;
06-09 10:03:45.001 17486 17486 D M_InsDal: Lcom/fsck/k9/Account;--->getSentFolderName()Ljava/lang/String;
06-09 10:03:45.001 17486 17486 D M_InsDal: Lcom/fsck/k9/Account;--->getTrashFolderName()Ljava/lang/String;
06-09 10:03:45.001 17486 17505 D M_InsDal: Lcom/fsck/k9/controller/SimpleMessagingListener;--->synchronizeMailboxHeadersProgress(Lcom/fsck/k9/Account;Ljava/lang/String;II)V
06-09 10:03:45.001 17486 17486 D M_InsDal: Lcom/fsck/k9/Account;--->getDraftsFolderName()Ljava/lang/String;
06-09 10:03:45.001 17486 17486 D M_InsDal: Lcom/fsck/k9/Account;--->getOutboxFolderName()Ljava/lang/String;
06-09 10:03:45.001 17486 17486 D M_InsDal: Lcom/fsck/k9/Account;--->getInboxFolderName()Ljava/lang/String;
06-09 10:03:45.001 17486 17505 D M_InsDal: Lcom/fsck/k9/controller/SimpleMessagingListener;--->synchronizeMailboxHeadersProgress(Lcom/fsck/k9/Account;Ljava/lang/String;II)V
06-09 10:03:45.001 17486 17505 D M_InsDal: Lcom/fsck/k9/controller/SimpleMessagingListener;--->synchronizeMailboxHeadersProgress(Lcom/fsck/k9/Account;Ljava/lang/String;II)V
06-09 10:03:45.001 17486 17486 D M_InsDal: Lcom/fsck/k9/activity/MessageList;--->setMessageListTitle(Ljava/lang/String;)V
06-09 10:03:45.001 17486 17505 D M_InsDal: Lcom/fsck/k9/activity/ActivityListener;--->synchronizeMailboxHeadersProgress(Lcom/fsck/k9/Account;Ljava/lang/String;II)V
06-09 10:03:45.001 17486 17486 D M_InsDal: Lcom/fsck/k9/activity/MessageList;--->setActionBarTitle(Ljava/lang/String;)V
06-09 10:03:45.001 17486 17505 D M_InsDal: Lcom/fsck/k9/fragment/MessageListFragment$MessageListActivityListener;--->informUserOfStatus()V
06-09 10:03:45.001 17486 17486 D M_InsDal: Lcom/fsck/k9/activity/ActivityListener;--->getOperation(Landroid/content/Context;)Ljava/lang/String;
06-09 10:03:45.001 17486 17505 D M_InsDal: Lcom/fsck/k9/fragment/MessageListHandler;--->refreshTitle()V
06-09 10:03:45.001 17486 17486 D M_InsDal: Lcom/fsck/k9/activity/ActivityListener;--->getActionInProgressOperation(Landroid/content/Context;)Ljava/lang/String;
06-09 10:03:45.001 17486 17505 D M_InsDal: Lcom/fsck/k9/controller/SimpleMessagingListener;--->synchronizeMailboxHeadersProgress(Lcom/fsck/k9/Account;Ljava/lang/String;II)V
06-09 10:03:45.001 17486 17505 D M_InsDal: Lcom/fsck/k9/mail/Message;--->getUid()Ljava/lang/String;
06-09 10:03:45.001 17486 17505 D M_InsDal: Lcom/fsck/k9/mail/Message;--->getUid()Ljava/lang/String;
06-09 10:03:45.001 17486 17505 D M_InsDal: Lcom/fsck/k9/controller/imap/ImapSync;--->getListeners(Lcom/fsck/k9/controller/MessagingListener;)Ljava/util/Set;
06-09 10:03:45.001 17486 17486 D M_InsDal: Lcom/fsck/k9/Account;--->getInboxFolderName()Ljava/lang/String;
06-09 10:03:45.001 17486 17505 D M_InsDal: Lcom/fsck/k9/controller/MessagingController;--->getListeners(Lcom/fsck/k9/controller/MessagingListener;)Ljava/util/Set;
06-09 10:03:45.001 17486 17505 D M_InsDal: Lcom/fsck/k9/controller/SimpleMessagingListener;--->synchronizeMailboxHeadersProgress(Lcom/fsck/k9/Account;Ljava/lang/String;II)V
06-09 10:03:45.001 17486 17505 D M_InsDal: Lcom/fsck/k9/controller/SimpleMessagingListener;--->synchronizeMailboxHeadersProgress(Lcom/fsck/k9/Account;Ljava/lang/String;II)V
06-09 10:03:45.001 17486 17505 D M_InsDal: Lcom/fsck/k9/activity/ActivityListener;--->synchronizeMailboxHeadersProgress(Lcom/fsck/k9/Account;Ljava/lang/String;II)V
06-09 10:03:45.001 17486 17486 D M_InsDal: Lcom/fsck/k9/activity/MessageList;--->setMessageListSubTitle(Ljava/lang/String;)V
06-09 10:03:45.001 17486 17505 D M_InsDal: Lcom/fsck/k9/fragment/MessageListFragment$MessageListActivityListener;--->informUserOfStatus()V
06-09 10:03:45.001 17486 17505 D M_InsDal: Lcom/fsck/k9/fragment/MessageListHandler;--->refreshTitle()V
06-09 10:03:45.001 17486 17486 D M_InsDal: Lcom/fsck/k9/activity/MessageList;--->setActionBarSubTitle(Ljava/lang/String;)V
06-09 10:03:45.001 17486 17505 D M_InsDal: Lcom/fsck/k9/controller/SimpleMessagingListener;--->synchronizeMailboxHeadersProgress(Lcom/fsck/k9/Account;Ljava/lang/String;II)V
06-09 10:03:45.001 17486 17505 D M_InsDal: Lcom/fsck/k9/mail/Message;--->getUid()Ljava/lang/String;
06-09 10:03:45.001 17486 17505 D M_InsDal: Lcom/fsck/k9/mail/Message;--->getUid()Ljava/lang/String;
06-09 10:03:45.001 17486 17486 D M_InsDal: Lcom/fsck/k9/activity/MessageList;--->setUnreadCount(I)V
06-09 10:03:45.001 17486 17505 D M_InsDal: Lcom/fsck/k9/controller/imap/ImapSync;--->getListeners(Lcom/fsck/k9/controller/MessagingListener;)Ljava/util/Set;
06-09 10:03:45.001 17486 17486 D M_InsDal: Lcom/fsck/k9/activity/MessageList;--->setActionBarUnread(I)V
06-09 10:03:45.001 17486 17505 D M_InsDal: Lcom/fsck/k9/controller/MessagingController;--->getListeners(Lcom/fsck/k9/controller/MessagingListener;)Ljava/util/Set;
06-09 10:03:45.001 17486 17505 D M_InsDal: Lcom/fsck/k9/controller/SimpleMessagingListener;--->synchronizeMailboxHeadersProgress(Lcom/fsck/k9/Account;Ljava/lang/String;II)V
06-09 10:03:45.001 17486 17505 D M_InsDal: Lcom/fsck/k9/controller/SimpleMessagingListener;--->synchronizeMailboxHeadersProgress(Lcom/fsck/k9/Account;Ljava/lang/String;II)V
06-09 10:03:45.001 17486 17505 D M_InsDal: Lcom/fsck/k9/activity/ActivityListener;--->synchronizeMailboxHeadersProgress(Lcom/fsck/k9/Account;Ljava/lang/String;II)V
06-09 10:03:45.001 17486 17505 D M_InsDal: Lcom/fsck/k9/fragment/MessageListFragment$MessageListActivityListener;--->informUserOfStatus()V
06-09 10:03:45.001 17486 17505 D M_InsDal: Lcom/fsck/k9/fragment/MessageListHandler;--->refreshTitle()V
06-09 10:03:45.001 17486 17505 D M_InsDal: Lcom/fsck/k9/controller/SimpleMessagingListener;--->synchronizeMailboxHeadersProgress(Lcom/fsck/k9/Account;Ljava/lang/String;II)V
06-09 10:03:45.001 17486 17486 D M_InsDal: Lcom/fsck/k9/search/LocalSearch;--->isManualSearch()Z
06-09 10:03:45.001 17486 17505 D M_InsDal: Lcom/fsck/k9/mail/Message;--->getUid()Ljava/lang/String;
06-09 10:03:45.001 17486 17505 D M_InsDal: Lcom/fsck/k9/mail/Message;--->getUid()Ljava/lang/String;
06-09 10:03:45.001 17486 17486 D M_InsDal: Lcom/fsck/k9/fragment/MessageListFragment;--->setWindowProgress()V
06-09 10:03:45.001 17486 17505 D M_InsDal: Lcom/fsck/k9/controller/imap/ImapSync;--->getListeners(Lcom/fsck/k9/controller/MessagingListener;)Ljava/util/Set;
06-09 10:03:45.001 17486 17505 D M_InsDal: Lcom/fsck/k9/controller/MessagingController;--->getListeners(Lcom/fsck/k9/controller/MessagingListener;)Ljava/util/Set;
06-09 10:03:45.001 17486 17486 D M_InsDal: Lcom/fsck/k9/activity/ActivityListener;--->getFolderTotal()I
06-09 10:03:45.001 17486 17486 D M_InsDal: Lcom/fsck/k9/activity/ActivityListener;--->getFolderTotal()I
06-09 10:03:45.001 17486 17505 D M_InsDal: Lcom/fsck/k9/controller/SimpleMessagingListener;--->synchronizeMailboxHeadersProgress(Lcom/fsck/k9/Account;Ljava/lang/String;II)V
06-09 10:03:45.001 17486 17486 D M_InsDal: Lcom/fsck/k9/activity/ActivityListener;--->getFolderCompleted()I
06-09 10:03:45.001 17486 17505 D M_InsDal: Lcom/fsck/k9/controller/SimpleMessagingListener;--->synchronizeMailboxHeadersProgress(Lcom/fsck/k9/Account;Ljava/lang/String;II)V
06-09 10:03:45.001 17486 17505 D M_InsDal: Lcom/fsck/k9/controller/SimpleMessagingListener;--->synchronizeMailboxHeadersProgress(Lcom/fsck/k9/Account;Ljava/lang/String;II)V
06-09 10:03:45.001 17486 17486 D M_InsDal: Lcom/fsck/k9/activity/MessageList;--->setMessageListProgress(I)V
06-09 10:03:45.001 17486 17505 D M_InsDal: Lcom/fsck/k9/activity/ActivityListener;--->synchronizeMailboxHeadersProgress(Lcom/fsck/k9/Account;Ljava/lang/String;II)V
06-09 10:03:45.001 17486 17505 D M_InsDal: Lcom/fsck/k9/fragment/MessageListFragment$MessageListActivityListener;--->informUserOfStatus()V
06-09 10:03:45.001 17486 17505 D M_InsDal: Lcom/fsck/k9/fragment/MessageListHandler;--->refreshTitle()V
06-09 10:03:45.001 17486 17505 D M_InsDal: Lcom/fsck/k9/controller/SimpleMessagingListener;--->synchronizeMailboxHeadersProgress(Lcom/fsck/k9/Account;Ljava/lang/String;II)V
06-09 10:03:45.001 17486 17486 D M_InsDal: Lcom/fsck/k9/fragment/MessageListHandler;--->handleMessage(Landroid/os/Message;)V
06-09 10:03:45.001 17486 17505 D M_InsDal: Lcom/fsck/k9/mail/Message;--->getUid()Ljava/lang/String;
06-09 10:03:45.001 17486 17505 D M_InsDal: Lcom/fsck/k9/mail/Message;--->getUid()Ljava/lang/String;
06-09 10:03:45.001 17486 17486 D M_InsDal: Lcom/fsck/k9/fragment/MessageListFragment;--->updateTitle()V
06-09 10:03:45.001 17486 17505 D M_InsDal: Lcom/fsck/k9/controller/imap/ImapSync;--->getListeners(Lcom/fsck/k9/controller/MessagingListener;)Ljava/util/Set;
06-09 10:03:45.001 17486 17505 D M_InsDal: Lcom/fsck/k9/controller/MessagingController;--->getListeners(Lcom/fsck/k9/controller/MessagingListener;)Ljava/util/Set;
06-09 10:03:45.001 17486 17486 D M_InsDal: Lcom/fsck/k9/fragment/MessageListFragment;--->setWindowTitle()V
06-09 10:03:45.001 17486 17486 D M_InsDal: Lcom/fsck/k9/fragment/MessageListFragment;--->isManualSearch()Z
06-09 10:03:45.001 17486 17505 D M_InsDal: Lcom/fsck/k9/controller/SimpleMessagingListener;--->synchronizeMailboxHeadersProgress(Lcom/fsck/k9/Account;Ljava/lang/String;II)V
06-09 10:03:45.001 17486 17486 D M_InsDal: Lcom/fsck/k9/search/LocalSearch;--->isManualSearch()Z
06-09 10:03:45.001 17486 17505 D M_InsDal: Lcom/fsck/k9/controller/SimpleMessagingListener;--->synchronizeMailboxHeadersProgress(Lcom/fsck/k9/Account;Ljava/lang/String;II)V
06-09 10:03:45.001 17486 17505 D M_InsDal: Lcom/fsck/k9/controller/SimpleMessagingListener;--->synchronizeMailboxHeadersProgress(Lcom/fsck/k9/Account;Ljava/lang/String;II)V
06-09 10:03:45.001 17486 17486 D M_InsDal: Lcom/fsck/k9/activity/FolderInfoHolder;--->getDisplayName(Landroid/content/Context;Lcom/fsck/k9/Account;Ljava/lang/String;)Ljava/lang/String;
06-09 10:03:45.001 17486 17505 D M_InsDal: Lcom/fsck/k9/activity/ActivityListener;--->synchronizeMailboxHeadersProgress(Lcom/fsck/k9/Account;Ljava/lang/String;II)V
06-09 10:03:45.001 17486 17505 D M_InsDal: Lcom/fsck/k9/fragment/MessageListFragment$MessageListActivityListener;--->informUserOfStatus()V
06-09 10:03:45.001 17486 17505 D M_InsDal: Lcom/fsck/k9/fragment/MessageListHandler;--->refreshTitle()V
06-09 10:03:45.001 17486 17486 D M_InsDal: Lcom/fsck/k9/Account;--->getSpamFolderName()Ljava/lang/String;
06-09 10:03:45.001 17486 17505 D M_InsDal: Lcom/fsck/k9/controller/SimpleMessagingListener;--->synchronizeMailboxHeadersProgress(Lcom/fsck/k9/Account;Ljava/lang/String;II)V
06-09 10:03:45.001 17486 17505 D M_InsDal: Lcom/fsck/k9/mail/Message;--->getUid()Ljava/lang/String;
06-09 10:03:45.001 17486 17486 D M_InsDal: Lcom/fsck/k9/Account;--->getArchiveFolderName()Ljava/lang/String;
06-09 10:03:45.001 17486 17505 D M_InsDal: Lcom/fsck/k9/mail/Message;--->getUid()Ljava/lang/String;
06-09 10:03:45.001 17486 17505 D M_InsDal: Lcom/fsck/k9/controller/SimpleMessagingListener;--->synchronizeMailboxHeadersProgress(Lcom/fsck/k9/Account;Ljava/lang/String;II)V
06-09 10:03:45.001 17486 17505 D M_InsDal: Lcom/fsck/k9/fragment/MessageListFragment$MessageListActivityListener;--->informUserOfStatus()V
06-09 10:03:45.001 17486 17505 D M_InsDal: Lcom/fsck/k9/fragment/MessageListHandler;--->refreshTitle()V
06-09 10:03:45.001 17486 17505 D M_InsDal: Lcom/fsck/k9/controller/SimpleMessagingListener;--->synchronizeMailboxHeadersProgress(Lcom/fsck/k9/Account;Ljava/lang/String;II)V
06-09 10:03:45.001 17486 17505 D M_InsDal: Lcom/fsck/k9/mail/Message;--->getUid()Ljava/lang/String;
06-09 10:03:45.001 17486 17505 D M_InsDal: Lcom/fsck/k9/mail/Message;--->getUid()Ljava/lang/String;
06-09 10:03:45.001 17486 17505 D M_InsDal: Lcom/fsck/k9/controller/imap/ImapSync;--->getListeners(Lcom/fsck/k9/controller/MessagingListener;)Ljava/util/Set;
06-09 10:03:45.001 17486 17505 D M_InsDal: Lcom/fsck/k9/controller/MessagingController;--->getListeners(Lcom/fsck/k9/controller/MessagingListener;)Ljava/util/Set;
06-09 10:03:45.001 17486 17505 D M_InsDal: Lcom/fsck/k9/controller/SimpleMessagingListener;--->synchronizeMailboxHeadersProgress(Lcom/fsck/k9/Account;Ljava/lang/String;II)V
06-09 10:03:45.001 17486 17505 D M_InsDal: Lcom/fsck/k9/controller/SimpleMessagingListener;--->synchronizeMailboxHeadersProgress(Lcom/fsck/k9/Account;Ljava/lang/String;II)V
06-09 10:03:45.001 17486 17505 D M_InsDal: Lcom/fsck/k9/activity/ActivityListener;--->synchronizeMailboxHeadersProgress(Lcom/fsck/k9/Account;Ljava/lang/String;II)V
06-09 10:03:45.001 17486 17505 D M_InsDal: Lcom/fsck/k9/fragment/MessageListFragment$MessageListActivityListener;--->informUserOfStatus()V
06-09 10:03:45.001 17486 17505 D M_InsDal: Lcom/fsck/k9/fragment/MessageListHandler;--->refreshTitle()V
06-09 10:03:45.001 17486 17505 D M_InsDal: Lcom/fsck/k9/controller/SimpleMessagingListener;--->synchronizeMailboxHeadersProgress(Lcom/fsck/k9/Account;Ljava/lang/String;II)V
06-09 10:03:45.001 17486 17505 D M_InsDal: Lcom/fsck/k9/mail/Message;--->getUid()Ljava/lang/String;
06-09 10:03:45.001 17486 17505 D M_InsDal: Lcom/fsck/k9/mail/Message;--->getUid()Ljava/lang/String;
06-09 10:03:45.001 17486 17505 D M_InsDal: Lcom/fsck/k9/controller/imap/ImapSync;--->getListeners(Lcom/fsck/k9/controller/MessagingListener;)Ljava/util/Set;
06-09 10:03:45.001 17486 17505 D M_InsDal: Lcom/fsck/k9/controller/MessagingController;--->getListeners(Lcom/fsck/k9/controller/MessagingListener;)Ljava/util/Set;
06-09 10:03:45.001 17486 17505 D M_InsDal: Lcom/fsck/k9/controller/SimpleMessagingListener;--->synchronizeMailboxHeadersProgress(Lcom/fsck/k9/Account;Ljava/lang/String;II)V
06-09 10:03:45.001 17486 17505 D M_InsDal: Lcom/fsck/k9/controller/SimpleMessagingListener;--->synchronizeMailboxHeadersProgress(Lcom/fsck/k9/Account;Ljava/lang/String;II)V
06-09 10:03:45.001 17486 17505 D M_InsDal: Lcom/fsck/k9/activity/ActivityListener;--->synchronizeMailboxHeadersProgress(Lcom/fsck/k9/Account;Ljava/lang/String;II)V
06-09 10:03:45.001 17486 17505 D M_InsDal: Lcom/fsck/k9/fragment/MessageListFragment$MessageListActivityListener;--->informUserOfStatus()V
06-09 10:03:45.001 17486 17505 D M_InsDal: Lcom/fsck/k9/fragment/MessageListHandler;--->refreshTitle()V
06-09 10:03:45.001 17486 17505 D M_InsDal: Lcom/fsck/k9/controller/SimpleMessagingListener;--->synchronizeMailboxHeadersProgress(Lcom/fsck/k9/Account;Ljava/lang/String;II)V
06-09 10:03:45.001 17486 17505 D M_InsDal: Lcom/fsck/k9/mail/Message;--->getUid()Ljava/lang/String;
06-09 10:03:45.001 17486 17505 D M_InsDal: Lcom/fsck/k9/mail/Message;--->getUid()Ljava/lang/String;
06-09 10:03:45.001 17486 17505 D M_InsDal: Lcom/fsck/k9/controller/imap/ImapSync;--->getListeners(Lcom/fsck/k9/controller/MessagingListener;)Ljava/util/Set;
06-09 10:03:45.001 17486 17505 D M_InsDal: Lcom/fsck/k9/controller/MessagingController;--->getListeners(Lcom/fsck/k9/controller/MessagingListener;)Ljava/util/Set;
06-09 10:03:45.001 17486 17505 D M_InsDal: Lcom/fsck/k9/controller/SimpleMessagingListener;--->synchronizeMailboxHeadersProgress(Lcom/fsck/k9/Account;Ljava/lang/String;II)V
06-09 10:03:45.001 17486 17505 D M_InsDal: Lcom/fsck/k9/controller/SimpleMessagingListener;--->synchronizeMailboxHeadersProgress(Lcom/fsck/k9/Account;Ljava/lang/String;II)V
06-09 10:03:45.001 17486 17505 D M_InsDal: Lcom/fsck/k9/activity/ActivityListener;--->synchronizeMailboxHeadersProgress(Lcom/fsck/k9/Account;Ljava/lang/String;II)V
06-09 10:03:45.001 17486 17505 D M_InsDal: Lcom/fsck/k9/fragment/MessageListFragment$MessageListActivityListener;--->informUserOfStatus()V
06-09 10:03:45.001 17486 17505 D M_InsDal: Lcom/fsck/k9/fragment/MessageListHandler;--->refreshTitle()V
06-09 10:03:45.001 17486 17505 D M_InsDal: Lcom/fsck/k9/controller/SimpleMessagingListener;--->synchronizeMailboxHeadersProgress(Lcom/fsck/k9/Account;Ljava/lang/String;II)V
06-09 10:03:45.001 17486 17505 D M_InsDal: Lcom/fsck/k9/mail/Message;--->getUid()Ljava/lang/String;
06-09 10:03:45.001 17486 17505 D M_InsDal: Lcom/fsck/k9/mail/Message;--->getUid()Ljava/lang/String;
06-09 10:03:45.001 17486 17505 D M_InsDal: Lcom/fsck/k9/controller/imap/ImapSync;--->getListeners(Lcom/fsck/k9/controller/MessagingListener;)Ljava/util/Set;
06-09 10:03:45.001 17486 17505 D M_InsDal: Lcom/fsck/k9/controller/MessagingController;--->getListeners(Lcom/fsck/k9/controller/MessagingListener;)Ljava/util/Set;
06-09 10:03:45.001 17486 17505 D M_InsDal: Lcom/fsck/k9/controller/SimpleMessagingListener;--->synchronizeMailboxHeadersProgress(Lcom/fsck/k9/Account;Ljava/lang/String;II)V
06-09 10:03:45.001 17486 17505 D M_InsDal: Lcom/fsck/k9/controller/SimpleMessagingListener;--->synchronizeMailboxHeadersProgress(Lcom/fsck/k9/Account;Ljava/lang/String;II)V
06-09 10:03:45.001 17486 17505 D M_InsDal: Lcom/fsck/k9/activity/ActivityListener;--->synchronizeMailboxHeadersProgress(Lcom/fsck/k9/Account;Ljava/lang/String;II)V
06-09 10:03:45.001 17486 17505 D M_InsDal: Lcom/fsck/k9/fragment/MessageListFragment$MessageListActivityListener;--->informUserOfStatus()V
06-09 10:03:45.001 17486 17505 D M_InsDal: Lcom/fsck/k9/fragment/MessageListHandler;--->refreshTitle()V
06-09 10:03:45.001 17486 17505 D M_InsDal: Lcom/fsck/k9/controller/SimpleMessagingListener;--->synchronizeMailboxHeadersProgress(Lcom/fsck/k9/Account;Ljava/lang/String;II)V
06-09 10:03:45.001 17486 17505 D M_InsDal: Lcom/fsck/k9/mail/Message;--->getUid()Ljava/lang/String;
06-09 10:03:45.001 17486 17505 D M_InsDal: Lcom/fsck/k9/mail/Message;--->getUid()Ljava/lang/String;
06-09 10:03:45.001 17486 17505 D M_InsDal: Lcom/fsck/k9/controller/imap/ImapSync;--->getListeners(Lcom/fsck/k9/controller/MessagingListener;)Ljava/util/Set;
06-09 10:03:45.001 17486 17505 D M_InsDal: Lcom/fsck/k9/controller/MessagingController;--->getListeners(Lcom/fsck/k9/controller/MessagingListener;)Ljava/util/Set;
06-09 10:03:45.001 17486 17505 D M_InsDal: Lcom/fsck/k9/controller/SimpleMessagingListener;--->synchronizeMailboxHeadersProgress(Lcom/fsck/k9/Account;Ljava/lang/String;II)V
06-09 10:03:45.001 17486 17505 D M_InsDal: Lcom/fsck/k9/controller/SimpleMessagingListener;--->synchronizeMailboxHeadersProgress(Lcom/fsck/k9/Account;Ljava/lang/String;II)V
06-09 10:03:45.001 17486 17505 D M_InsDal: Lcom/fsck/k9/activity/ActivityListener;--->synchronizeMailboxHeadersProgress(Lcom/fsck/k9/Account;Ljava/lang/String;II)V
06-09 10:03:45.001 17486 17505 D M_InsDal: Lcom/fsck/k9/fragment/MessageListFragment$MessageListActivityListener;--->informUserOfStatus()V
06-09 10:03:45.001 17486 17505 D M_InsDal: Lcom/fsck/k9/fragment/MessageListHandler;--->refreshTitle()V
06-09 10:03:45.001 17486 17505 D M_InsDal: Lcom/fsck/k9/controller/SimpleMessagingListener;--->synchronizeMailboxHeadersProgress(Lcom/fsck/k9/Account;Ljava/lang/String;II)V
06-09 10:03:45.001 17486 17505 D M_InsDal: Lcom/fsck/k9/mail/Message;--->getUid()Ljava/lang/String;
06-09 10:03:45.001 17486 17505 D M_InsDal: Lcom/fsck/k9/mail/Message;--->getUid()Ljava/lang/String;
06-09 10:03:45.001 17486 17505 D M_InsDal: Lcom/fsck/k9/controller/imap/ImapSync;--->getListeners(Lcom/fsck/k9/controller/MessagingListener;)Ljava/util/Set;
06-09 10:03:45.001 17486 17505 D M_InsDal: Lcom/fsck/k9/controller/MessagingController;--->getListeners(Lcom/fsck/k9/controller/MessagingListener;)Ljava/util/Set;
06-09 10:03:45.001 17486 17505 D M_InsDal: Lcom/fsck/k9/controller/SimpleMessagingListener;--->synchronizeMailboxHeadersFinished(Lcom/fsck/k9/Account;Ljava/lang/String;II)V
06-09 10:03:45.001 17486 17505 D M_InsDal: Lcom/fsck/k9/controller/SimpleMessagingListener;--->synchronizeMailboxHeadersFinished(Lcom/fsck/k9/Account;Ljava/lang/String;II)V
06-09 10:03:45.001 17486 17505 D M_InsDal: Lcom/fsck/k9/activity/ActivityListener;--->synchronizeMailboxHeadersFinished(Lcom/fsck/k9/Account;Ljava/lang/String;II)V
06-09 10:03:45.001 17486 17505 D M_InsDal: Lcom/fsck/k9/fragment/MessageListFragment$MessageListActivityListener;--->informUserOfStatus()V
06-09 10:03:45.001 17486 17505 D M_InsDal: Lcom/fsck/k9/fragment/MessageListHandler;--->refreshTitle()V
06-09 10:03:45.001 17486 17505 D M_InsDal: Lcom/fsck/k9/controller/SimpleMessagingListener;--->synchronizeMailboxHeadersFinished(Lcom/fsck/k9/Account;Ljava/lang/String;II)V
06-09 10:03:45.001 17486 17505 D M_InsDal: Lcom/fsck/k9/mailstore/LocalFolder;--->getMoreMessages()Lcom/fsck/k9/mailstore/LocalFolder$MoreMessages;
06-09 10:03:45.001 17486 17505 D M_InsDal: Lcom/fsck/k9/Account;--->syncRemoteDeletions()Z
06-09 10:03:45.001 17486 17505 D M_InsDal: Lcom/fsck/k9/mailstore/LocalFolder;--->getMessagesByUids(Ljava/util/List;)Ljava/util/List;
06-09 10:03:45.001 17486 17505 D M_InsDal: Lcom/fsck/k9/mailstore/LocalFolder;--->open(I)V
06-09 10:03:45.001 17486 17505 D M_InsDal: Lcom/fsck/k9/mailstore/LocalFolder;--->isOpen()Z
06-09 10:03:45.001 17486 17505 D M_InsDal: Lcom/fsck/k9/mailstore/LocalFolder;--->getMode()I
06-09 10:03:45.001 17486 17505 D M_InsDal: Lcom/fsck/k9/controller/imap/ImapSync;--->downloadMessages(Lcom/fsck/k9/Account;Lcom/fsck/k9/mail/Folder;Lcom/fsck/k9/mailstore/LocalFolder;Ljava/util/List;ZZ)I
06-09 10:03:45.001 17486 17505 D M_InsDal: Lcom/fsck/k9/Account;--->getEarliestPollDate()Ljava/util/Date;
06-09 10:03:45.001 17486 17505 D M_InsDal: Lcom/fsck/k9/Account;--->getMaximumPolledMessageAge()I
06-09 10:03:45.001 17486 17505 D M_InsDal: Lcom/fsck/k9/mail/store/imap/ImapFolder;--->getName()Ljava/lang/String;
06-09 10:03:45.001 17486 17505 D M_InsDal: Lcom/fsck/k9/Account;--->getStats(Landroid/content/Context;)Lcom/fsck/k9/AccountStats;
06-09 10:03:45.001 17486 17505 D M_InsDal: Lcom/fsck/k9/Account;--->isAvailable(Landroid/content/Context;)Z
06-09 10:03:45.001 17486 17505 D M_InsDal: Lcom/fsck/k9/Account;--->getLocalStorageProviderId()Ljava/lang/String;
06-09 10:03:45.001 17486 17505 D M_InsDal: Lcom/fsck/k9/mailstore/StorageManager;--->getInstance(Landroid/content/Context;)Lcom/fsck/k9/mailstore/StorageManager;
06-09 10:03:45.001 17486 17505 D M_InsDal: Lcom/fsck/k9/mailstore/StorageManager;--->isReady(Ljava/lang/String;)Z
06-09 10:03:45.001 17486 17505 D M_InsDal: Lcom/fsck/k9/mailstore/StorageManager;--->getProvider(Ljava/lang/String;)Lcom/fsck/k9/mailstore/StorageManager$StorageProvider;
06-09 10:03:45.001 17486 17505 D M_InsDal: Lcom/fsck/k9/mailstore/StorageManager$InternalStorageProvider;--->isReady(Landroid/content/Context;)Z
06-09 10:03:45.002 17486 17505 D M_InsDal: Lcom/fsck/k9/AccountStats;---><init>()V
06-09 10:03:45.002 17486 17505 D M_InsDal: Lcom/fsck/k9/Account;--->getUuid()Ljava/lang/String;
06-09 10:03:45.002 17486 17505 D M_InsDal: Lcom/fsck/k9/search/LocalSearch;---><init>()V
06-09 10:03:45.002 17486 17505 D M_InsDal: Lcom/fsck/k9/Account;--->excludeSpecialFolders(Lcom/fsck/k9/search/LocalSearch;)V
06-09 10:03:45.002 17486 17505 D M_InsDal: Lcom/fsck/k9/Account;--->getTrashFolderName()Ljava/lang/String;
06-09 10:03:45.002 17486 17505 D M_InsDal: Lcom/fsck/k9/Account;--->excludeSpecialFolder(Lcom/fsck/k9/search/LocalSearch;Ljava/lang/String;)V
06-09 10:03:45.002 17486 17505 D M_InsDal: Lcom/fsck/k9/search/LocalSearch;--->and(Lcom/fsck/k9/search/SearchSpecification$SearchField;Ljava/lang/String;Lcom/fsck/k9/search/SearchSpecification$Attribute;)V
06-09 10:03:45.002 17486 17505 D M_InsDal: Lcom/fsck/k9/search/SearchSpecification$SearchCondition;---><init>(Lcom/fsck/k9/search/SearchSpecification$SearchField;Lcom/fsck/k9/search/SearchSpecification$Attribute;Ljava/lang/String;)V
06-09 10:03:45.002 17486 17505 D M_InsDal: Lcom/fsck/k9/search/LocalSearch;--->and(Lcom/fsck/k9/search/SearchSpecification$SearchCondition;)Lcom/fsck/k9/search/ConditionsTreeNode;
06-09 10:03:45.002 17486 17505 D M_InsDal: Lcom/fsck/k9/search/ConditionsTreeNode;---><init>(Lcom/fsck/k9/search/SearchSpecification$SearchCondition;)V
06-09 10:03:45.002 17486 17505 D M_InsDal: Lcom/fsck/k9/search/LocalSearch;--->and(Lcom/fsck/k9/search/ConditionsTreeNode;)Lcom/fsck/k9/search/ConditionsTreeNode;
06-09 10:03:45.002 17486 17505 D M_InsDal: Lcom/fsck/k9/search/ConditionsTreeNode;--->getLeafSet()Ljava/util/Set;
06-09 10:03:45.002 17486 17505 D M_InsDal: Lcom/fsck/k9/search/ConditionsTreeNode;--->getLeafSet(Ljava/util/Set;)Ljava/util/Set;
06-09 10:03:45.002 17486 17505 D M_InsDal: Lcom/fsck/k9/Account;--->getDraftsFolderName()Ljava/lang/String;
06-09 10:03:45.002 17486 17505 D M_InsDal: Lcom/fsck/k9/Account;--->excludeSpecialFolder(Lcom/fsck/k9/search/LocalSearch;Ljava/lang/String;)V
06-09 10:03:45.002 17486 17505 D M_InsDal: Lcom/fsck/k9/search/LocalSearch;--->and(Lcom/fsck/k9/search/SearchSpecification$SearchField;Ljava/lang/String;Lcom/fsck/k9/search/SearchSpecification$Attribute;)V
06-09 10:03:45.002 17486 17505 D M_InsDal: Lcom/fsck/k9/search/SearchSpecification$SearchCondition;---><init>(Lcom/fsck/k9/search/SearchSpecification$SearchField;Lcom/fsck/k9/search/SearchSpecification$Attribute;Ljava/lang/String;)V
06-09 10:03:45.002 17486 17505 D M_InsDal: Lcom/fsck/k9/search/LocalSearch;--->and(Lcom/fsck/k9/search/SearchSpecification$SearchCondition;)Lcom/fsck/k9/search/ConditionsTreeNode;
06-09 10:03:45.002 17486 17505 D M_InsDal: Lcom/fsck/k9/search/ConditionsTreeNode;---><init>(Lcom/fsck/k9/search/SearchSpecification$SearchCondition;)V
06-09 10:03:45.002 17486 17505 D M_InsDal: Lcom/fsck/k9/search/LocalSearch;--->and(Lcom/fsck/k9/search/ConditionsTreeNode;)Lcom/fsck/k9/search/ConditionsTreeNode;
06-09 10:03:45.002 17486 17505 D M_InsDal: Lcom/fsck/k9/search/ConditionsTreeNode;--->getLeafSet()Ljava/util/Set;
06-09 10:03:45.002 17486 17505 D M_InsDal: Lcom/fsck/k9/search/ConditionsTreeNode;--->getLeafSet(Ljava/util/Set;)Ljava/util/Set;
06-09 10:03:45.002 17486 17505 D M_InsDal: Lcom/fsck/k9/search/ConditionsTreeNode;--->and(Lcom/fsck/k9/search/ConditionsTreeNode;)Lcom/fsck/k9/search/ConditionsTreeNode;
06-09 10:03:45.002 17486 17505 D M_InsDal: Lcom/fsck/k9/search/ConditionsTreeNode;--->add(Lcom/fsck/k9/search/ConditionsTreeNode;Lcom/fsck/k9/search/ConditionsTreeNode$Operator;)Lcom/fsck/k9/search/ConditionsTreeNode;
06-09 10:03:45.002 17486 17505 D M_InsDal: Lcom/fsck/k9/search/ConditionsTreeNode;---><init>(Lcom/fsck/k9/search/ConditionsTreeNode;Lcom/fsck/k9/search/ConditionsTreeNode$Operator;)V
06-09 10:03:45.002 17486 17505 D M_InsDal: Lcom/fsck/k9/Account;--->getSpamFolderName()Ljava/lang/String;
06-09 10:03:45.002 17486 17505 D M_InsDal: Lcom/fsck/k9/Account;--->excludeSpecialFolder(Lcom/fsck/k9/search/LocalSearch;Ljava/lang/String;)V
06-09 10:03:45.002 17486 17505 D M_InsDal: Lcom/fsck/k9/search/LocalSearch;--->and(Lcom/fsck/k9/search/SearchSpecification$SearchField;Ljava/lang/String;Lcom/fsck/k9/search/SearchSpecification$Attribute;)V
06-09 10:03:45.002 17486 17505 D M_InsDal: Lcom/fsck/k9/search/SearchSpecification$SearchCondition;---><init>(Lcom/fsck/k9/search/SearchSpecification$SearchField;Lcom/fsck/k9/search/SearchSpecification$Attribute;Ljava/lang/String;)V
06-09 10:03:45.002 17486 17505 D M_InsDal: Lcom/fsck/k9/search/LocalSearch;--->and(Lcom/fsck/k9/search/SearchSpecification$SearchCondition;)Lcom/fsck/k9/search/ConditionsTreeNode;
06-09 10:03:45.002 17486 17505 D M_InsDal: Lcom/fsck/k9/search/ConditionsTreeNode;---><init>(Lcom/fsck/k9/search/SearchSpecification$SearchCondition;)V
06-09 10:03:45.002 17486 17505 D M_InsDal: Lcom/fsck/k9/search/LocalSearch;--->and(Lcom/fsck/k9/search/ConditionsTreeNode;)Lcom/fsck/k9/search/ConditionsTreeNode;
06-09 10:03:45.002 17486 17505 D M_InsDal: Lcom/fsck/k9/search/ConditionsTreeNode;--->getLeafSet()Ljava/util/Set;
06-09 10:03:45.002 17486 17505 D M_InsDal: Lcom/fsck/k9/search/ConditionsTreeNode;--->getLeafSet(Ljava/util/Set;)Ljava/util/Set;
06-09 10:03:45.002 17486 17505 D M_InsDal: Lcom/fsck/k9/search/ConditionsTreeNode;--->and(Lcom/fsck/k9/search/ConditionsTreeNode;)Lcom/fsck/k9/search/ConditionsTreeNode;
06-09 10:03:45.002 17486 17505 D M_InsDal: Lcom/fsck/k9/search/ConditionsTreeNode;--->add(Lcom/fsck/k9/search/ConditionsTreeNode;Lcom/fsck/k9/search/ConditionsTreeNode$Operator;)Lcom/fsck/k9/search/ConditionsTreeNode;
06-09 10:03:45.002 17486 17505 D M_InsDal: Lcom/fsck/k9/search/ConditionsTreeNode;---><init>(Lcom/fsck/k9/search/ConditionsTreeNode;Lcom/fsck/k9/search/ConditionsTreeNode$Operator;)V
06-09 10:03:45.002 17486 17505 D M_InsDal: Lcom/fsck/k9/Account;--->getOutboxFolderName()Ljava/lang/String;
06-09 10:03:45.002 17486 17505 D M_InsDal: Lcom/fsck/k9/Account;--->excludeSpecialFolder(Lcom/fsck/k9/search/LocalSearch;Ljava/lang/String;)V
06-09 10:03:45.002 17486 17505 D M_InsDal: Lcom/fsck/k9/search/LocalSearch;--->and(Lcom/fsck/k9/search/SearchSpecification$SearchField;Ljava/lang/String;Lcom/fsck/k9/search/SearchSpecification$Attribute;)V
06-09 10:03:45.002 17486 17505 D M_InsDal: Lcom/fsck/k9/search/SearchSpecification$SearchCondition;---><init>(Lcom/fsck/k9/search/SearchSpecification$SearchField;Lcom/fsck/k9/search/SearchSpecification$Attribute;Ljava/lang/String;)V
06-09 10:03:45.002 17486 17505 D M_InsDal: Lcom/fsck/k9/search/LocalSearch;--->and(Lcom/fsck/k9/search/SearchSpecification$SearchCondition;)Lcom/fsck/k9/search/ConditionsTreeNode;
06-09 10:03:45.002 17486 17505 D M_InsDal: Lcom/fsck/k9/search/ConditionsTreeNode;---><init>(Lcom/fsck/k9/search/SearchSpecification$SearchCondition;)V
06-09 10:03:45.002 17486 17505 D M_InsDal: Lcom/fsck/k9/search/LocalSearch;--->and(Lcom/fsck/k9/search/ConditionsTreeNode;)Lcom/fsck/k9/search/ConditionsTreeNode;
06-09 10:03:45.002 17486 17505 D M_InsDal: Lcom/fsck/k9/search/ConditionsTreeNode;--->getLeafSet()Ljava/util/Set;
06-09 10:03:45.002 17486 17505 D M_InsDal: Lcom/fsck/k9/search/ConditionsTreeNode;--->getLeafSet(Ljava/util/Set;)Ljava/util/Set;
06-09 10:03:45.002 17486 17505 D M_InsDal: Lcom/fsck/k9/search/ConditionsTreeNode;--->and(Lcom/fsck/k9/search/ConditionsTreeNode;)Lcom/fsck/k9/search/ConditionsTreeNode;
06-09 10:03:45.002 17486 17505 D M_InsDal: Lcom/fsck/k9/search/ConditionsTreeNode;--->add(Lcom/fsck/k9/search/ConditionsTreeNode;Lcom/fsck/k9/search/ConditionsTreeNode$Operator;)Lcom/fsck/k9/search/ConditionsTreeNode;
06-09 10:03:45.002 17486 17505 D M_InsDal: Lcom/fsck/k9/search/ConditionsTreeNode;---><init>(Lcom/fsck/k9/search/ConditionsTreeNode;Lcom/fsck/k9/search/ConditionsTreeNode$Operator;)V
06-09 10:03:45.002 17486 17505 D M_InsDal: Lcom/fsck/k9/Account;--->getSentFolderName()Ljava/lang/String;
06-09 10:03:45.002 17486 17505 D M_InsDal: Lcom/fsck/k9/Account;--->excludeSpecialFolder(Lcom/fsck/k9/search/LocalSearch;Ljava/lang/String;)V
06-09 10:03:45.002 17486 17505 D M_InsDal: Lcom/fsck/k9/search/LocalSearch;--->and(Lcom/fsck/k9/search/SearchSpecification$SearchField;Ljava/lang/String;Lcom/fsck/k9/search/SearchSpecification$Attribute;)V
06-09 10:03:45.002 17486 17505 D M_InsDal: Lcom/fsck/k9/search/SearchSpecification$SearchCondition;---><init>(Lcom/fsck/k9/search/SearchSpecification$SearchField;Lcom/fsck/k9/search/SearchSpecification$Attribute;Ljava/lang/String;)V
06-09 10:03:45.002 17486 17505 D M_InsDal: Lcom/fsck/k9/search/LocalSearch;--->and(Lcom/fsck/k9/search/SearchSpecification$SearchCondition;)Lcom/fsck/k9/search/ConditionsTreeNode;
06-09 10:03:45.002 17486 17505 D M_InsDal: Lcom/fsck/k9/search/ConditionsTreeNode;---><init>(Lcom/fsck/k9/search/SearchSpecification$SearchCondition;)V
06-09 10:03:45.002 17486 17505 D M_InsDal: Lcom/fsck/k9/search/LocalSearch;--->and(Lcom/fsck/k9/search/ConditionsTreeNode;)Lcom/fsck/k9/search/ConditionsTreeNode;
06-09 10:03:45.002 17486 17505 D M_InsDal: Lcom/fsck/k9/search/ConditionsTreeNode;--->getLeafSet()Ljava/util/Set;
06-09 10:03:45.002 17486 17505 D M_InsDal: Lcom/fsck/k9/search/ConditionsTreeNode;--->getLeafSet(Ljava/util/Set;)Ljava/util/Set;
06-09 10:03:45.002 17486 17505 D M_InsDal: Lcom/fsck/k9/search/ConditionsTreeNode;--->and(Lcom/fsck/k9/search/ConditionsTreeNode;)Lcom/fsck/k9/search/ConditionsTreeNode;
06-09 10:03:45.002 17486 17505 D M_InsDal: Lcom/fsck/k9/search/ConditionsTreeNode;--->add(Lcom/fsck/k9/search/ConditionsTreeNode;Lcom/fsck/k9/search/ConditionsTreeNode$Operator;)Lcom/fsck/k9/search/ConditionsTreeNode;
06-09 10:03:45.002 17486 17505 D M_InsDal: Lcom/fsck/k9/search/ConditionsTreeNode;---><init>(Lcom/fsck/k9/search/ConditionsTreeNode;Lcom/fsck/k9/search/ConditionsTreeNode$Operator;)V
06-09 10:03:45.002 17486 17505 D M_InsDal: Lcom/fsck/k9/Account;--->getInboxFolderName()Ljava/lang/String;
06-09 10:03:45.002 17486 17505 D M_InsDal: Lcom/fsck/k9/search/SearchSpecification$SearchCondition;---><init>(Lcom/fsck/k9/search/SearchSpecification$SearchField;Lcom/fsck/k9/search/SearchSpecification$Attribute;Ljava/lang/String;)V
06-09 10:03:45.002 17486 17505 D M_InsDal: Lcom/fsck/k9/search/LocalSearch;--->or(Lcom/fsck/k9/search/SearchSpecification$SearchCondition;)Lcom/fsck/k9/search/ConditionsTreeNode;
06-09 10:03:45.002 17486 17505 D M_InsDal: Lcom/fsck/k9/search/ConditionsTreeNode;---><init>(Lcom/fsck/k9/search/SearchSpecification$SearchCondition;)V
06-09 10:03:45.002 17486 17505 D M_InsDal: Lcom/fsck/k9/search/LocalSearch;--->or(Lcom/fsck/k9/search/ConditionsTreeNode;)Lcom/fsck/k9/search/ConditionsTreeNode;
06-09 10:03:45.002 17486 17505 D M_InsDal: Lcom/fsck/k9/search/ConditionsTreeNode;--->getLeafSet()Ljava/util/Set;
06-09 10:03:45.002 17486 17505 D M_InsDal: Lcom/fsck/k9/search/ConditionsTreeNode;--->getLeafSet(Ljava/util/Set;)Ljava/util/Set;
06-09 10:03:45.002 17486 17505 D M_InsDal: Lcom/fsck/k9/search/ConditionsTreeNode;--->or(Lcom/fsck/k9/search/ConditionsTreeNode;)Lcom/fsck/k9/search/ConditionsTreeNode;
06-09 10:03:45.002 17486 17505 D M_InsDal: Lcom/fsck/k9/search/ConditionsTreeNode;--->add(Lcom/fsck/k9/search/ConditionsTreeNode;Lcom/fsck/k9/search/ConditionsTreeNode$Operator;)Lcom/fsck/k9/search/ConditionsTreeNode;
06-09 10:03:45.002 17486 17505 D M_InsDal: Lcom/fsck/k9/search/ConditionsTreeNode;---><init>(Lcom/fsck/k9/search/ConditionsTreeNode;Lcom/fsck/k9/search/ConditionsTreeNode$Operator;)V
06-09 10:03:45.002 17486 17505 D M_InsDal: Lcom/fsck/k9/Account;--->limitToDisplayableFolders(Lcom/fsck/k9/search/LocalSearch;)V
06-09 10:03:45.002 17486 17505 D M_InsDal: Lcom/fsck/k9/Account;--->getFolderDisplayMode()Lcom/fsck/k9/Account$FolderMode;
06-09 10:03:45.002 17486 17505 D M_InsDal: Lcom/fsck/k9/Account$1;---><clinit>()V
06-09 10:03:45.002 17486 17505 D M_InsDal: Lcom/fsck/k9/Account$FolderMode;--->values()[Lcom/fsck/k9/Account$FolderMode;
06-09 10:03:45.002 17486 17505 D M_InsDal: Lcom/fsck/k9/search/LocalSearch;--->and(Lcom/fsck/k9/search/SearchSpecification$SearchField;Ljava/lang/String;Lcom/fsck/k9/search/SearchSpecification$Attribute;)V
06-09 10:03:45.002 17486 17505 D M_InsDal: Lcom/fsck/k9/search/SearchSpecification$SearchCondition;---><init>(Lcom/fsck/k9/search/SearchSpecification$SearchField;Lcom/fsck/k9/search/SearchSpecification$Attribute;Ljava/lang/String;)V
06-09 10:03:45.002 17486 17505 D M_InsDal: Lcom/fsck/k9/search/LocalSearch;--->and(Lcom/fsck/k9/search/SearchSpecification$SearchCondition;)Lcom/fsck/k9/search/ConditionsTreeNode;
06-09 10:03:45.002 17486 17505 D M_InsDal: Lcom/fsck/k9/search/ConditionsTreeNode;---><init>(Lcom/fsck/k9/search/SearchSpecification$SearchCondition;)V
06-09 10:03:45.002 17486 17505 D M_InsDal: Lcom/fsck/k9/search/LocalSearch;--->and(Lcom/fsck/k9/search/ConditionsTreeNode;)Lcom/fsck/k9/search/ConditionsTreeNode;
06-09 10:03:45.002 17486 17505 D M_InsDal: Lcom/fsck/k9/search/ConditionsTreeNode;--->getLeafSet()Ljava/util/Set;
06-09 10:03:45.002 17486 17505 D M_InsDal: Lcom/fsck/k9/search/ConditionsTreeNode;--->getLeafSet(Ljava/util/Set;)Ljava/util/Set;
06-09 10:03:45.002 17486 17505 D M_InsDal: Lcom/fsck/k9/search/ConditionsTreeNode;--->and(Lcom/fsck/k9/search/ConditionsTreeNode;)Lcom/fsck/k9/search/ConditionsTreeNode;
06-09 10:03:45.002 17486 17505 D M_InsDal: Lcom/fsck/k9/search/ConditionsTreeNode;--->add(Lcom/fsck/k9/search/ConditionsTreeNode;Lcom/fsck/k9/search/ConditionsTreeNode$Operator;)Lcom/fsck/k9/search/ConditionsTreeNode;
06-09 10:03:45.002 17486 17505 D M_InsDal: Lcom/fsck/k9/search/ConditionsTreeNode;---><init>(Lcom/fsck/k9/search/ConditionsTreeNode;Lcom/fsck/k9/search/ConditionsTreeNode$Operator;)V
06-09 10:03:45.002 17486 17505 D M_InsDal: Lcom/fsck/k9/search/LocalSearch;--->getConditions()Lcom/fsck/k9/search/ConditionsTreeNode;
06-09 10:03:45.002 17486 17505 D M_InsDal: Lcom/fsck/k9/search/SqlQueryBuilder;--->buildWhereClause(Lcom/fsck/k9/Account;Lcom/fsck/k9/search/ConditionsTreeNode;Ljava/lang/StringBuilder;Ljava/util/List;)V
06-09 10:03:45.002 17486 17505 D M_InsDal: Lcom/fsck/k9/search/SqlQueryBuilder;--->buildWhereClauseInternal(Lcom/fsck/k9/Account;Lcom/fsck/k9/search/ConditionsTreeNode;Ljava/lang/StringBuilder;Ljava/util/List;)V
06-09 10:03:45.002 17486 17505 D M_InsDal: Lcom/fsck/k9/search/SqlQueryBuilder;--->buildWhereClauseInternal(Lcom/fsck/k9/Account;Lcom/fsck/k9/search/ConditionsTreeNode;Ljava/lang/StringBuilder;Ljava/util/List;)V
06-09 10:03:45.002 17486 17505 D M_InsDal: Lcom/fsck/k9/search/SqlQueryBuilder;--->getFolderId(Lcom/fsck/k9/Account;Ljava/lang/String;)J
06-09 10:03:45.002 17486 17505 D M_InsDal: Lcom/fsck/k9/Account;--->getLocalStore()Lcom/fsck/k9/mailstore/LocalStore;
06-09 10:03:45.002 17486 17505 D M_InsDal: Lcom/fsck/k9/mailstore/LocalStore;--->getInstance(Lcom/fsck/k9/Account;Landroid/content/Context;)Lcom/fsck/k9/mailstore/LocalStore;
06-09 10:03:45.002 17486 17505 D M_InsDal: Lcom/fsck/k9/Account;--->getUuid()Ljava/lang/String;
06-09 10:03:45.002 17486 17505 D M_InsDal: Lcom/fsck/k9/mailstore/LocalStore;--->getFolder(Ljava/lang/String;)Lcom/fsck/k9/mailstore/LocalFolder;
06-09 10:03:45.002 17486 17505 D M_InsDal: Lcom/fsck/k9/mailstore/LocalFolder;---><init>(Lcom/fsck/k9/mailstore/LocalStore;Ljava/lang/String;)V
06-09 10:03:45.002 17486 17505 D M_InsDal: Lcom/fsck/k9/mail/Folder;---><init>()V
06-09 10:03:45.002 17486 17505 D M_InsDal: Lcom/fsck/k9/mailstore/LocalStore;--->getAttachmentInfoExtractor()Lcom/fsck/k9/message/extractors/AttachmentInfoExtractor;
06-09 10:03:45.002 17486 17505 D M_InsDal: Lcom/fsck/k9/mailstore/LocalFolder;--->getAccount()Lcom/fsck/k9/Account;
06-09 10:03:45.002 17486 17505 D M_InsDal: Lcom/fsck/k9/mailstore/LocalStore;--->getAccount()Lcom/fsck/k9/Account;
06-09 10:03:45.002 17486 17505 D M_InsDal: Lcom/fsck/k9/Account;--->getInboxFolderName()Ljava/lang/String;
06-09 10:03:45.002 17486 17505 D M_InsDal: Lcom/fsck/k9/mailstore/LocalFolder;--->getName()Ljava/lang/String;
06-09 10:03:45.002 17486 17505 D M_InsDal: Lcom/fsck/k9/mailstore/LocalFolder;--->open(I)V
06-09 10:03:45.002 17486 17505 D M_InsDal: Lcom/fsck/k9/mailstore/LocalFolder;--->isOpen()Z
06-09 10:03:45.002 17486 17505 D M_InsDal: Lcom/fsck/k9/mailstore/LocalFolder;--->isOpen()Z
06-09 10:03:45.002 17486 17505 D M_InsDal: Lcom/fsck/k9/mailstore/LocalStore;--->getDatabase()Lcom/fsck/k9/mailstore/LockableDatabase;
06-09 10:03:45.002 17486 17505 D M_InsDal: Lcom/fsck/k9/mailstore/LocalFolder$1;---><init>(Lcom/fsck/k9/mailstore/LocalFolder;I)V
