06-09 10:04:32.442 17744 17768 D M_InsDal: Lcom/fsck/k9/mail/store/imap/ImapFolderPusher;--->handleUntaggedResponse(Lcom/fsck/k9/mail/store/imap/ImapResponse;)V
06-09 10:04:32.442 17744 17744 D M_InsDal: Lcom/fsck/k9/search/LocalSearch;--->isManualSearch()Z
06-09 10:04:32.442 17744 17768 D M_InsDal: Lcom/fsck/k9/mail/store/imap/ImapResponse;--->getTag()Ljava/lang/String;
06-09 10:04:32.442 17744 17768 D M_InsDal: Lcom/fsck/k9/mail/store/imap/ImapResponseParser;--->equalsIgnoreCase(Ljava/lang/Object;Ljava/lang/String;)Z
06-09 10:04:32.442 17744 17744 D M_InsDal: Lcom/fsck/k9/Account;--->getSentFolderName()Ljava/lang/String;
06-09 10:04:32.442 17744 17768 D M_InsDal: Lcom/fsck/k9/mail/store/imap/ImapFolder;--->handlePossibleUidNext(Lcom/fsck/k9/mail/store/imap/ImapResponse;)V
06-09 10:04:32.442 17744 17763 D M_InsDal: Lcom/fsck/k9/controller/MemorizingMessagingListener$MemorizingState;---><clinit>()V
06-09 10:04:32.442 17744 17768 D M_InsDal: Lcom/fsck/k9/mail/store/imap/ImapFolderPusher;--->handleUntaggedResponse(Lcom/fsck/k9/mail/store/imap/ImapResponse;)V
06-09 10:04:32.442 17744 17744 D M_InsDal: Lcom/fsck/k9/Account;--->getInboxFolderName()Ljava/lang/String;
06-09 10:04:32.442 17744 17768 D M_InsDal: Lcom/fsck/k9/mail/store/imap/ImapResponse;--->getTag()Ljava/lang/String;
06-09 10:04:32.442 17744 17768 D M_InsDal: Lcom/fsck/k9/mail/store/imap/ImapResponseParser;--->equalsIgnoreCase(Ljava/lang/Object;Ljava/lang/String;)Z
06-09 10:04:32.442 17744 17768 D M_InsDal: Lcom/fsck/k9/mail/store/imap/ImapResponseParser;--->equalsIgnoreCase(Ljava/lang/Object;Ljava/lang/String;)Z
06-09 10:04:32.442 17744 17763 D M_InsDal: Lcom/fsck/k9/Account;--->getDescription()Ljava/lang/String;
06-09 10:04:32.442 17744 17768 D M_InsDal: Lcom/fsck/k9/mail/store/imap/ImapResponseParser;--->equalsIgnoreCase(Ljava/lang/Object;Ljava/lang/String;)Z
06-09 10:04:32.442 17744 17763 D M_InsDal: Lcom/fsck/k9/controller/imap/ImapSync;--->processPendingCommandsSynchronous(Lcom/fsck/k9/Account;)V
06-09 10:04:32.442 17744 17768 D M_InsDal: Lcom/fsck/k9/mail/store/imap/ImapResponseParser;--->equalsIgnoreCase(Ljava/lang/Object;Ljava/lang/String;)Z
06-09 10:04:32.442 17744 17768 D M_InsDal: Lcom/fsck/k9/mail/store/imap/ImapResponseParser;--->equalsIgnoreCase(Ljava/lang/Object;Ljava/lang/String;)Z
06-09 10:04:32.442 17744 17768 D M_InsDal: Lcom/fsck/k9/mail/store/imap/ImapList;--->getLong(I)J
06-09 10:04:32.442 17744 17768 D M_InsDal: Lcom/fsck/k9/mail/store/imap/ImapList;--->getString(I)Ljava/lang/String;
06-09 10:04:32.442 17744 17763 D M_InsDal: Lcom/fsck/k9/mailstore/LocalStore;--->getPendingCommands()Ljava/util/List;
06-09 10:04:32.442 17744 17768 D M_InsDal: Lcom/fsck/k9/mail/K9MailLib;--->isDebug()Z
06-09 10:04:32.442 17744 17768 D M_InsDal: Lcom/fsck/k9/K9$2;--->enabled()Z
06-09 10:04:32.442 17744 17768 D M_InsDal: Lcom/fsck/k9/mail/store/imap/ImapFolderPusher;--->handleUntaggedResponse(Lcom/fsck/k9/mail/store/imap/ImapResponse;)V
06-09 10:04:32.442 17744 17768 D M_InsDal: Lcom/fsck/k9/mail/store/imap/ImapResponse;--->getTag()Ljava/lang/String;
06-09 10:04:32.442 17744 17768 D M_InsDal: Lcom/fsck/k9/mail/store/imap/ImapResponseParser;--->equalsIgnoreCase(Ljava/lang/Object;Ljava/lang/String;)Z
06-09 10:04:32.442 17744 17768 D M_InsDal: Lcom/fsck/k9/mail/store/imap/ImapResponseParser;--->equalsIgnoreCase(Ljava/lang/Object;Ljava/lang/String;)Z
06-09 10:04:32.442 17744 17763 D M_InsDal: Lcom/fsck/k9/mailstore/LockableDatabase;--->execute(ZLcom/fsck/k9/mailstore/LockableDatabase$DbCallback;)Ljava/lang/Object;
06-09 10:04:32.442 17744 17763 D M_InsDal: Lcom/fsck/k9/mailstore/LockableDatabase;--->lockRead()V
06-09 10:04:32.442 17744 17763 D M_InsDal: Lcom/fsck/k9/mailstore/LockableDatabase;--->getStorageManager()Lcom/fsck/k9/mailstore/StorageManager;
06-09 10:04:32.442 17744 17763 D M_InsDal: Lcom/fsck/k9/mailstore/StorageManager;--->getInstance(Landroid/content/Context;)Lcom/fsck/k9/mailstore/StorageManager;
06-09 10:04:32.442 17744 17763 D M_InsDal: Lcom/fsck/k9/mailstore/StorageManager;--->lockProvider(Ljava/lang/String;)V
06-09 10:04:32.442 17744 17744 D M_InsDal: Lcom/fsck/k9/activity/ActivityListener;--->getOperation(Landroid/content/Context;)Ljava/lang/String;
06-09 10:04:32.442 17744 17763 D M_InsDal: Lcom/fsck/k9/mailstore/StorageManager;--->getProvider(Ljava/lang/String;)Lcom/fsck/k9/mailstore/StorageManager$StorageProvider;
06-09 10:04:32.442 17744 17744 D M_InsDal: Lcom/fsck/k9/activity/ActivityListener;--->getActionInProgressOperation(Landroid/content/Context;)Ljava/lang/String;
06-09 10:04:32.442 17744 17744 D M_InsDal: Lcom/fsck/k9/Account;--->getInboxFolderName()Ljava/lang/String;
06-09 10:04:32.442 17744 17744 D M_InsDal: Lcom/fsck/k9/Account;--->getOutboxFolderName()Ljava/lang/String;
06-09 10:04:32.442 17744 17763 D M_InsDal: Lcom/fsck/k9/mailstore/StorageManager$InternalStorageProvider;--->isReady(Landroid/content/Context;)Z
06-09 10:04:32.442 17744 17763 D M_InsDal: Lcom/fsck/k9/K9;--->isDebug()Z
06-09 10:04:32.442 17744 17763 D M_InsDal: Lcom/fsck/k9/mailstore/LocalStore$9;--->doDbWork(Landroid/database/sqlite/SQLiteDatabase;)Ljava/util/List;
06-09 10:04:32.442 17744 17768 D M_InsDal: Lcom/fsck/k9/mail/store/imap/ImapFolder;--->handlePossibleUidNext(Lcom/fsck/k9/mail/store/imap/ImapResponse;)V
06-09 10:04:32.442 17744 17768 D M_InsDal: Lcom/fsck/k9/mail/store/imap/ImapResponseParser;--->equalsIgnoreCase(Ljava/lang/Object;Ljava/lang/String;)Z
06-09 10:04:32.442 17744 17768 D M_InsDal: Lcom/fsck/k9/mail/store/imap/ImapFolderPusher;--->handleUntaggedResponse(Lcom/fsck/k9/mail/store/imap/ImapResponse;)V
06-09 10:04:32.442 17744 17768 D M_InsDal: Lcom/fsck/k9/mail/store/imap/ImapResponse;--->getTag()Ljava/lang/String;
06-09 10:04:32.442 17744 17768 D M_InsDal: Lcom/fsck/k9/mail/store/imap/ImapResponseParser;--->equalsIgnoreCase(Ljava/lang/Object;Ljava/lang/String;)Z
06-09 10:04:32.442 17744 17768 D M_InsDal: Lcom/fsck/k9/mail/store/imap/ImapResponseParser;--->equalsIgnoreCase(Ljava/lang/Object;Ljava/lang/String;)Z
06-09 10:04:32.442 17744 17768 D M_InsDal: Lcom/fsck/k9/mail/store/imap/ImapFolder;--->handlePossibleUidNext(Lcom/fsck/k9/mail/store/imap/ImapResponse;)V
06-09 10:04:32.442 17744 17768 D M_InsDal: Lcom/fsck/k9/mail/store/imap/ImapResponseParser;--->equalsIgnoreCase(Ljava/lang/Object;Ljava/lang/String;)Z
06-09 10:04:32.442 17744 17768 D M_InsDal: Lcom/fsck/k9/mail/store/imap/ImapFolderPusher;--->handleUntaggedResponse(Lcom/fsck/k9/mail/store/imap/ImapResponse;)V
06-09 10:04:32.442 17744 17768 D M_InsDal: Lcom/fsck/k9/mail/store/imap/ImapResponse;--->getTag()Ljava/lang/String;
06-09 10:04:32.442 17744 17768 D M_InsDal: Lcom/fsck/k9/mail/store/imap/ImapFolder;--->handlePermanentFlags(Lcom/fsck/k9/mail/store/imap/ImapResponse;)V
06-09 10:04:32.442 17744 17768 D M_InsDal: Lcom/fsck/k9/mail/store/imap/PermanentFlagsResponse;--->parse(Lcom/fsck/k9/mail/store/imap/ImapResponse;)Lcom/fsck/k9/mail/store/imap/PermanentFlagsResponse;
06-09 10:04:32.442 17744 17768 D M_InsDal: Lcom/fsck/k9/mail/store/imap/ImapResponse;--->isTagged()Z
06-09 10:04:32.442 17744 17768 D M_InsDal: Lcom/fsck/k9/mail/store/imap/ImapResponseParser;--->equalsIgnoreCase(Ljava/lang/Object;Ljava/lang/String;)Z
06-09 10:04:32.442 17744 17768 D M_InsDal: Lcom/fsck/k9/mail/store/imap/ImapFolder;--->handlePermanentFlags(Lcom/fsck/k9/mail/store/imap/ImapResponse;)V
06-09 10:04:32.442 17744 17768 D M_InsDal: Lcom/fsck/k9/mail/store/imap/PermanentFlagsResponse;--->parse(Lcom/fsck/k9/mail/store/imap/ImapResponse;)Lcom/fsck/k9/mail/store/imap/PermanentFlagsResponse;
06-09 10:04:32.442 17744 17768 D M_InsDal: Lcom/fsck/k9/mail/store/imap/ImapResponse;--->isTagged()Z
06-09 10:04:32.442 17744 17768 D M_InsDal: Lcom/fsck/k9/mail/store/imap/ImapResponseParser;--->equalsIgnoreCase(Ljava/lang/Object;Ljava/lang/String;)Z
06-09 10:04:32.442 17744 17768 D M_InsDal: Lcom/fsck/k9/mail/store/imap/ImapFolder;--->handlePermanentFlags(Lcom/fsck/k9/mail/store/imap/ImapResponse;)V
06-09 10:04:32.442 17744 17768 D M_InsDal: Lcom/fsck/k9/mail/store/imap/PermanentFlagsResponse;--->parse(Lcom/fsck/k9/mail/store/imap/ImapResponse;)Lcom/fsck/k9/mail/store/imap/PermanentFlagsResponse;
06-09 10:04:32.442 17744 17768 D M_InsDal: Lcom/fsck/k9/mail/store/imap/ImapResponse;--->isTagged()Z
06-09 10:04:32.442 17744 17768 D M_InsDal: Lcom/fsck/k9/mail/store/imap/ImapResponseParser;--->equalsIgnoreCase(Ljava/lang/Object;Ljava/lang/String;)Z
06-09 10:04:32.442 17744 17768 D M_InsDal: Lcom/fsck/k9/mail/store/imap/ImapList;--->isList(I)Z
06-09 10:04:32.442 17744 17768 D M_InsDal: Lcom/fsck/k9/mail/store/imap/ImapList;--->inRange(I)Z
06-09 10:04:32.442 17744 17768 D M_InsDal: Lcom/fsck/k9/mail/store/imap/ImapList;--->getList(I)Lcom/fsck/k9/mail/store/imap/ImapList;
06-09 10:04:32.442 17744 17768 D M_InsDal: Lcom/fsck/k9/mail/store/imap/ImapResponseParser;--->equalsIgnoreCase(Ljava/lang/Object;Ljava/lang/String;)Z
06-09 10:04:32.442 17744 17768 D M_InsDal: Lcom/fsck/k9/mail/store/imap/ImapFolder;--->handlePermanentFlags(Lcom/fsck/k9/mail/store/imap/ImapResponse;)V
06-09 10:04:32.442 17744 17768 D M_InsDal: Lcom/fsck/k9/mail/store/imap/PermanentFlagsResponse;--->parse(Lcom/fsck/k9/mail/store/imap/ImapResponse;)Lcom/fsck/k9/mail/store/imap/PermanentFlagsResponse;
06-09 10:04:32.442 17744 17768 D M_InsDal: Lcom/fsck/k9/mail/store/imap/ImapResponse;--->isTagged()Z
06-09 10:04:32.442 17744 17744 D M_InsDal: Lcom/fsck/k9/activity/MessageList;--->setMessageListSubTitle(Ljava/lang/String;)V
06-09 10:04:32.442 17744 17768 D M_InsDal: Lcom/fsck/k9/mail/store/imap/ImapResponseParser;--->equalsIgnoreCase(Ljava/lang/Object;Ljava/lang/String;)Z
06-09 10:04:32.442 17744 17744 D M_InsDal: Lcom/fsck/k9/activity/MessageList;--->setActionBarSubTitle(Ljava/lang/String;)V
06-09 10:04:32.442 17744 17768 D M_InsDal: Lcom/fsck/k9/mail/store/imap/ImapList;--->isList(I)Z
06-09 10:04:32.442 17744 17768 D M_InsDal: Lcom/fsck/k9/mail/store/imap/ImapList;--->inRange(I)Z
06-09 10:04:32.442 17744 17768 D M_InsDal: Lcom/fsck/k9/mail/store/imap/ImapList;--->getList(I)Lcom/fsck/k9/mail/store/imap/ImapList;
06-09 10:04:32.442 17744 17768 D M_InsDal: Lcom/fsck/k9/mail/store/imap/ImapResponseParser;--->equalsIgnoreCase(Ljava/lang/Object;Ljava/lang/String;)Z
06-09 10:04:32.442 17744 17744 D M_InsDal: Lcom/fsck/k9/activity/MessageList;--->setUnreadCount(I)V
06-09 10:04:32.442 17744 17768 D M_InsDal: Lcom/fsck/k9/mail/store/imap/ImapFolder;--->handlePermanentFlags(Lcom/fsck/k9/mail/store/imap/ImapResponse;)V
06-09 10:04:32.442 17744 17768 D M_InsDal: Lcom/fsck/k9/mail/store/imap/PermanentFlagsResponse;--->parse(Lcom/fsck/k9/mail/store/imap/ImapResponse;)Lcom/fsck/k9/mail/store/imap/PermanentFlagsResponse;
06-09 10:04:32.442 17744 17744 D M_InsDal: Lcom/fsck/k9/activity/MessageList;--->setActionBarUnread(I)V
06-09 10:04:32.442 17744 17768 D M_InsDal: Lcom/fsck/k9/mail/store/imap/ImapResponse;--->isTagged()Z
06-09 10:04:32.442 17744 17768 D M_InsDal: Lcom/fsck/k9/mail/store/imap/ImapResponseParser;--->equalsIgnoreCase(Ljava/lang/Object;Ljava/lang/String;)Z
06-09 10:04:32.442 17744 17768 D M_InsDal: Lcom/fsck/k9/mail/store/imap/ImapList;--->isList(I)Z
06-09 10:04:32.442 17744 17768 D M_InsDal: Lcom/fsck/k9/mail/store/imap/ImapList;--->inRange(I)Z
06-09 10:04:32.442 17744 17768 D M_InsDal: Lcom/fsck/k9/mail/store/imap/ImapList;--->getList(I)Lcom/fsck/k9/mail/store/imap/ImapList;
06-09 10:04:32.442 17744 17768 D M_InsDal: Lcom/fsck/k9/mail/store/imap/ImapResponseParser;--->equalsIgnoreCase(Ljava/lang/Object;Ljava/lang/String;)Z
06-09 10:04:32.442 17744 17768 D M_InsDal: Lcom/fsck/k9/mail/store/imap/ImapFolder;--->handlePermanentFlags(Lcom/fsck/k9/mail/store/imap/ImapResponse;)V
06-09 10:04:32.442 17744 17744 D M_InsDal: Lcom/fsck/k9/search/LocalSearch;--->isManualSearch()Z
06-09 10:04:32.442 17744 17768 D M_InsDal: Lcom/fsck/k9/mail/store/imap/PermanentFlagsResponse;--->parse(Lcom/fsck/k9/mail/store/imap/ImapResponse;)Lcom/fsck/k9/mail/store/imap/PermanentFlagsResponse;
06-09 10:04:32.442 17744 17768 D M_InsDal: Lcom/fsck/k9/mail/store/imap/ImapResponse;--->isTagged()Z
06-09 10:04:32.442 17744 17744 D M_InsDal: Lcom/fsck/k9/fragment/MessageListFragment;--->setWindowProgress()V
06-09 10:04:32.442 17744 17768 D M_InsDal: Lcom/fsck/k9/mail/store/imap/ImapResponseParser;--->equalsIgnoreCase(Ljava/lang/Object;Ljava/lang/String;)Z
06-09 10:04:32.442 17744 17744 D M_InsDal: Lcom/fsck/k9/activity/MessageList;--->setMessageListProgress(I)V
06-09 10:04:32.442 17744 17768 D M_InsDal: Lcom/fsck/k9/mail/store/imap/ImapFolder;--->handlePermanentFlags(Lcom/fsck/k9/mail/store/imap/ImapResponse;)V
06-09 10:04:32.442 17744 17768 D M_InsDal: Lcom/fsck/k9/mail/store/imap/PermanentFlagsResponse;--->parse(Lcom/fsck/k9/mail/store/imap/ImapResponse;)Lcom/fsck/k9/mail/store/imap/PermanentFlagsResponse;
06-09 10:04:32.442 17744 17768 D M_InsDal: Lcom/fsck/k9/mail/store/imap/ImapResponse;--->isTagged()Z
06-09 10:04:32.442 17744 17768 D M_InsDal: Lcom/fsck/k9/mail/store/imap/ImapResponseParser;--->equalsIgnoreCase(Ljava/lang/Object;Ljava/lang/String;)Z
06-09 10:04:32.442 17744 17768 D M_InsDal: Lcom/fsck/k9/mail/store/imap/ImapList;--->isList(I)Z
06-09 10:04:32.442 17744 17768 D M_InsDal: Lcom/fsck/k9/mail/store/imap/ImapList;--->inRange(I)Z
06-09 10:04:32.442 17744 17768 D M_InsDal: Lcom/fsck/k9/mail/store/imap/ImapList;--->getList(I)Lcom/fsck/k9/mail/store/imap/ImapList;
06-09 10:04:32.442 17744 17768 D M_InsDal: Lcom/fsck/k9/mail/store/imap/ImapResponseParser;--->equalsIgnoreCase(Ljava/lang/Object;Ljava/lang/String;)Z
06-09 10:04:32.442 17744 17768 D M_InsDal: Lcom/fsck/k9/mail/store/imap/ImapList;--->isList(I)Z
06-09 10:04:32.442 17744 17768 D M_InsDal: Lcom/fsck/k9/mail/store/imap/ImapList;--->inRange(I)Z
06-09 10:04:32.442 17744 17768 D M_InsDal: Lcom/fsck/k9/mail/store/imap/ImapList;--->getList(I)Lcom/fsck/k9/mail/store/imap/ImapList;
06-09 10:04:32.442 17744 17768 D M_InsDal: Lcom/fsck/k9/mail/store/imap/PermanentFlagsResponse;---><init>(Ljava/util/Set;Z)V
06-09 10:04:32.442 17744 17768 D M_InsDal: Lcom/fsck/k9/mail/store/imap/ImapStore;--->getPermanentFlagsIndex()Ljava/util/Set;
06-09 10:04:32.442 17744 17768 D M_InsDal: Lcom/fsck/k9/mail/store/imap/PermanentFlagsResponse;--->getFlags()Ljava/util/Set;
06-09 10:04:32.442 17744 17768 D M_InsDal: Lcom/fsck/k9/mail/store/imap/PermanentFlagsResponse;--->canCreateKeywords()Z
06-09 10:04:32.442 17744 17768 D M_InsDal: Lcom/fsck/k9/mail/store/imap/ImapFolder;--->handlePermanentFlags(Lcom/fsck/k9/mail/store/imap/ImapResponse;)V
06-09 10:04:32.442 17744 17768 D M_InsDal: Lcom/fsck/k9/mail/store/imap/PermanentFlagsResponse;--->parse(Lcom/fsck/k9/mail/store/imap/ImapResponse;)Lcom/fsck/k9/mail/store/imap/PermanentFlagsResponse;
06-09 10:04:32.442 17744 17768 D M_InsDal: Lcom/fsck/k9/mail/store/imap/ImapResponse;--->isTagged()Z
06-09 10:04:32.442 17744 17768 D M_InsDal: Lcom/fsck/k9/mail/store/imap/ImapUtility;--->getLastResponse(Ljava/util/List;)Lcom/fsck/k9/mail/store/imap/ImapResponse;
06-09 10:04:32.442 17744 17768 D M_InsDal: Lcom/fsck/k9/mail/store/imap/ImapFolder;--->handleSelectOrExamineOkResponse(Lcom/fsck/k9/mail/store/imap/ImapResponse;)V
06-09 10:04:32.442 17744 17768 D M_InsDal: Lcom/fsck/k9/mail/store/imap/SelectOrExamineResponse;--->parse(Lcom/fsck/k9/mail/store/imap/ImapResponse;)Lcom/fsck/k9/mail/store/imap/SelectOrExamineResponse;
06-09 10:04:32.442 17744 17768 D M_InsDal: Lcom/fsck/k9/mail/store/imap/ImapResponse;--->isTagged()Z
06-09 10:04:32.442 17744 17768 D M_InsDal: Lcom/fsck/k9/mail/store/imap/ImapResponseParser;--->equalsIgnoreCase(Ljava/lang/Object;Ljava/lang/String;)Z
06-09 10:04:32.442 17744 17768 D M_InsDal: Lcom/fsck/k9/mail/store/imap/ImapList;--->isList(I)Z
06-09 10:04:32.442 17744 17768 D M_InsDal: Lcom/fsck/k9/mail/store/imap/ImapList;--->inRange(I)Z
06-09 10:04:32.442 17744 17763 D M_InsDal: Lcom/fsck/k9/helper/Utility;--->closeQuietly(Landroid/database/Cursor;)V
06-09 10:04:32.442 17744 17768 D M_InsDal: Lcom/fsck/k9/mail/store/imap/ImapList;--->getList(I)Lcom/fsck/k9/mail/store/imap/ImapList;
06-09 10:04:32.442 17744 17768 D M_InsDal: Lcom/fsck/k9/mail/store/imap/ImapList;--->isString(I)Z
06-09 10:04:32.442 17744 17768 D M_InsDal: Lcom/fsck/k9/mail/store/imap/ImapList;--->inRange(I)Z
06-09 10:04:32.442 17744 17768 D M_InsDal: Lcom/fsck/k9/mail/store/imap/ImapList;--->getString(I)Ljava/lang/String;
06-09 10:04:32.442 17744 17768 D M_InsDal: Lcom/fsck/k9/mail/store/imap/SelectOrExamineResponse;---><init>(Ljava/lang/Boolean;)V
06-09 10:04:32.442 17744 17768 D M_InsDal: Lcom/fsck/k9/mail/store/imap/SelectOrExamineResponse;--->hasOpenMode()Z
06-09 10:04:32.442 17744 17768 D M_InsDal: Lcom/fsck/k9/mail/store/imap/SelectOrExamineResponse;--->getOpenMode()I
06-09 10:04:32.442 17744 17768 D M_InsDal: Lcom/fsck/k9/mail/store/imap/SelectOrExamineResponse;--->hasOpenMode()Z
06-09 10:04:32.442 17744 17768 D M_InsDal: Lcom/fsck/k9/mail/store/imap/ImapFolderPusher$PushRunnable;--->checkConnectionNotNull(Lcom/fsck/k9/mail/store/imap/ImapConnection;)V
06-09 10:04:32.442 17744 17768 D M_InsDal: Lcom/fsck/k9/mail/store/imap/ImapFolderPusher$PushRunnable;--->checkConnectionIdleCapable(Lcom/fsck/k9/mail/store/imap/ImapConnection;)V
06-09 10:04:32.442 17744 17768 D M_InsDal: Lcom/fsck/k9/mail/store/imap/ImapConnection;--->isIdleCapable()Z
06-09 10:04:32.442 17744 17768 D M_InsDal: Lcom/fsck/k9/mail/K9MailLib;--->isDebug()Z
06-09 10:04:32.442 17744 17768 D M_InsDal: Lcom/fsck/k9/K9$2;--->enabled()Z
06-09 10:04:32.442 17744 17763 D M_InsDal: Lcom/fsck/k9/mailstore/LockableDatabase;--->unlockRead()V
06-09 10:04:32.442 17744 17763 D M_InsDal: Lcom/fsck/k9/mailstore/LockableDatabase;--->getStorageManager()Lcom/fsck/k9/mailstore/StorageManager;
06-09 10:04:32.442 17744 17763 D M_InsDal: Lcom/fsck/k9/mailstore/StorageManager;--->getInstance(Landroid/content/Context;)Lcom/fsck/k9/mailstore/StorageManager;
06-09 10:04:32.442 17744 17768 D M_InsDal: Lcom/fsck/k9/mail/store/imap/ImapStore;--->getStoreConfig()Lcom/fsck/k9/mail/store/StoreConfig;
06-09 10:04:32.442 17744 17763 D M_InsDal: Lcom/fsck/k9/mailstore/StorageManager;--->unlockProvider(Ljava/lang/String;)V
06-09 10:04:32.442 17744 17763 D M_InsDal: Lcom/fsck/k9/mailstore/StorageManager;--->getProvider(Ljava/lang/String;)Lcom/fsck/k9/mailstore/StorageManager$StorageProvider;
06-09 10:04:32.442 17744 17768 D M_InsDal: Lcom/fsck/k9/Account;--->isPushPollOnConnect()Z
06-09 10:04:32.442 17744 17768 D M_InsDal: Lcom/fsck/k9/mail/store/imap/ImapFolderPusher$PushRunnable;--->syncFolderOnConnect()V
06-09 10:04:32.442 17744 17768 D M_InsDal: Lcom/fsck/k9/mail/store/imap/ImapFolderPusher$PushRunnable;--->processStoredUntaggedResponses()V
06-09 10:04:32.442 17744 17768 D M_InsDal: Lcom/fsck/k9/mail/store/imap/ImapFolderPusher$PushRunnable;--->getAndClearStoredUntaggedResponses()Ljava/util/List;
06-09 10:04:32.442 17744 17763 D M_InsDal: Lcom/fsck/k9/Account;--->getLocalStore()Lcom/fsck/k9/mailstore/LocalStore;
06-09 10:04:32.442 17744 17763 D M_InsDal: Lcom/fsck/k9/mailstore/LocalStore;--->getInstance(Lcom/fsck/k9/Account;Landroid/content/Context;)Lcom/fsck/k9/mailstore/LocalStore;
06-09 10:04:32.442 17744 17763 D M_InsDal: Lcom/fsck/k9/Account;--->getUuid()Ljava/lang/String;
06-09 10:04:32.442 17744 17768 D M_InsDal: Lcom/fsck/k9/mail/K9MailLib;--->isDebug()Z
06-09 10:04:32.442 17744 17768 D M_InsDal: Lcom/fsck/k9/K9$2;--->enabled()Z
06-09 10:04:32.442 17744 17768 D M_InsDal: Lcom/fsck/k9/mail/store/imap/ImapFolderPusher$PushRunnable;--->processUntaggedResponses(Ljava/util/List;)V
06-09 10:04:32.442 17744 17763 D M_InsDal: Lcom/fsck/k9/mailstore/LocalStore;--->getFolder(Ljava/lang/String;)Lcom/fsck/k9/mailstore/LocalFolder;
06-09 10:04:32.442 17744 17768 D M_InsDal: Lcom/fsck/k9/mail/store/imap/ImapFolderPusher$PushRunnable;--->processUntaggedResponse(JLcom/fsck/k9/mail/store/imap/ImapResponse;Ljava/util/List;Ljava/util/List;)I
06-09 10:04:32.442 17744 17763 D M_InsDal: Lcom/fsck/k9/mailstore/LocalFolder;---><init>(Lcom/fsck/k9/mailstore/LocalStore;Ljava/lang/String;)V
06-09 10:04:32.442 17744 17768 D M_InsDal: Lcom/fsck/k9/mail/store/imap/ImapFolder;--->handleUntaggedResponse(Lcom/fsck/k9/mail/store/imap/ImapResponse;)V
06-09 10:04:32.442 17744 17763 D M_InsDal: Lcom/fsck/k9/mail/Folder;---><init>()V
06-09 10:04:32.442 17744 17768 D M_InsDal: Lcom/fsck/k9/mail/store/imap/ImapResponse;--->getTag()Ljava/lang/String;
06-09 10:04:32.442 17744 17768 D M_InsDal: Lcom/fsck/k9/mail/store/imap/ImapResponseParser;--->equalsIgnoreCase(Ljava/lang/Object;Ljava/lang/String;)Z
06-09 10:04:32.442 17744 17768 D M_InsDal: Lcom/fsck/k9/mail/store/imap/ImapList;--->getNumber(I)I
06-09 10:04:32.442 17744 17768 D M_InsDal: Lcom/fsck/k9/mail/store/imap/ImapList;--->getString(I)Ljava/lang/String;
06-09 10:04:32.442 17744 17763 D M_InsDal: Lcom/fsck/k9/mailstore/LocalStore;--->getAttachmentInfoExtractor()Lcom/fsck/k9/message/extractors/AttachmentInfoExtractor;
06-09 10:04:32.442 17744 17768 D M_InsDal: Lcom/fsck/k9/mail/K9MailLib;--->isDebug()Z
06-09 10:04:32.442 17744 17763 D M_InsDal: Lcom/fsck/k9/mailstore/LocalFolder;--->getAccount()Lcom/fsck/k9/Account;
06-09 10:04:32.442 17744 17768 D M_InsDal: Lcom/fsck/k9/K9$2;--->enabled()Z
06-09 10:04:32.442 17744 17763 D M_InsDal: Lcom/fsck/k9/mailstore/LocalStore;--->getAccount()Lcom/fsck/k9/Account;
06-09 10:04:32.442 17744 17768 D M_InsDal: Lcom/fsck/k9/mail/store/imap/ImapFolder;--->handlePossibleUidNext(Lcom/fsck/k9/mail/store/imap/ImapResponse;)V
06-09 10:04:32.442 17744 17763 D M_InsDal: Lcom/fsck/k9/Account;--->getInboxFolderName()Ljava/lang/String;
06-09 10:04:32.442 17744 17768 D M_InsDal: Lcom/fsck/k9/mail/store/imap/ImapResponseParser;--->equalsIgnoreCase(Ljava/lang/Object;Ljava/lang/String;)Z
06-09 10:04:32.442 17744 17763 D M_InsDal: Lcom/fsck/k9/mailstore/LocalFolder;--->getName()Ljava/lang/String;
06-09 10:04:32.442 17744 17768 D M_InsDal: Lcom/fsck/k9/mail/store/imap/ImapResponseParser;--->equalsIgnoreCase(Ljava/lang/Object;Ljava/lang/String;)Z
06-09 10:04:32.442 17744 17763 D M_InsDal: Lcom/fsck/k9/mailstore/LocalFolder;--->open(I)V
06-09 10:04:32.442 17744 17768 D M_InsDal: Lcom/fsck/k9/mail/store/imap/ImapFolderPusher;--->superHandleUntaggedResponse(Lcom/fsck/k9/mail/store/imap/ImapResponse;)V
06-09 10:04:32.442 17744 17763 D M_InsDal: Lcom/fsck/k9/mailstore/LocalFolder;--->isOpen()Z
06-09 10:04:32.442 17744 17768 D M_InsDal: Lcom/fsck/k9/mail/store/imap/ImapResponse;--->getTag()Ljava/lang/String;
06-09 10:04:32.442 17744 17763 D M_InsDal: Lcom/fsck/k9/mailstore/LocalFolder;--->isOpen()Z
06-09 10:04:32.442 17744 17768 D M_InsDal: Lcom/fsck/k9/mail/store/imap/ImapResponseParser;--->equalsIgnoreCase(Ljava/lang/Object;Ljava/lang/String;)Z
06-09 10:04:32.442 17744 17763 D M_InsDal: Lcom/fsck/k9/mailstore/LocalStore;--->getDatabase()Lcom/fsck/k9/mailstore/LockableDatabase;
06-09 10:04:32.442 17744 17768 D M_InsDal: Lcom/fsck/k9/mail/store/imap/ImapResponseParser;--->equalsIgnoreCase(Ljava/lang/Object;Ljava/lang/String;)Z
06-09 10:04:32.442 17744 17763 D M_InsDal: Lcom/fsck/k9/mailstore/LocalFolder$1;---><init>(Lcom/fsck/k9/mailstore/LocalFolder;I)V
06-09 10:04:32.442 17744 17768 D M_InsDal: Lcom/fsck/k9/mail/K9MailLib;--->isDebug()Z
06-09 10:04:32.442 17744 17768 D M_InsDal: Lcom/fsck/k9/K9$2;--->enabled()Z
06-09 10:04:32.442 17744 17763 D M_InsDal: Lcom/fsck/k9/mailstore/LockableDatabase;--->execute(ZLcom/fsck/k9/mailstore/LockableDatabase$DbCallback;)Ljava/lang/Object;
06-09 10:04:32.442 17744 17763 D M_InsDal: Lcom/fsck/k9/mailstore/LockableDatabase;--->lockRead()V
06-09 10:04:32.442 17744 17768 D M_InsDal: Lcom/fsck/k9/mail/store/imap/ImapFolderPusher$PushRunnable;--->getAndClearStoredUntaggedResponses()Ljava/util/List;
06-09 10:04:32.442 17744 17763 D M_InsDal: Lcom/fsck/k9/mailstore/LockableDatabase;--->getStorageManager()Lcom/fsck/k9/mailstore/StorageManager;
06-09 10:04:32.442 17744 17763 D M_InsDal: Lcom/fsck/k9/mailstore/StorageManager;--->getInstance(Landroid/content/Context;)Lcom/fsck/k9/mailstore/StorageManager;
06-09 10:04:32.442 17744 17763 D M_InsDal: Lcom/fsck/k9/mailstore/StorageManager;--->lockProvider(Ljava/lang/String;)V
06-09 10:04:32.442 17744 17763 D M_InsDal: Lcom/fsck/k9/mailstore/StorageManager;--->getProvider(Ljava/lang/String;)Lcom/fsck/k9/mailstore/StorageManager$StorageProvider;
06-09 10:04:32.442 17744 17768 D M_InsDal: Lcom/fsck/k9/controller/MessagingControllerPushReceiver;--->syncFolder(Lcom/fsck/k9/mail/Folder;)V
06-09 10:04:32.442 17744 17768 D M_InsDal: Lcom/fsck/k9/mail/store/imap/ImapFolder;--->getName()Ljava/lang/String;
06-09 10:04:32.442 17744 17763 D M_InsDal: Lcom/fsck/k9/mailstore/StorageManager$InternalStorageProvider;--->isReady(Landroid/content/Context;)Z
06-09 10:04:32.442 17744 17768 D M_InsDal: Lcom/fsck/k9/mail/store/imap/ImapFolder;--->getName()Ljava/lang/String;
06-09 10:04:32.442 17744 17763 D M_InsDal: Lcom/fsck/k9/K9;--->isDebug()Z
06-09 10:04:32.442 17744 17768 D M_InsDal: Lcom/fsck/k9/controller/MessagingControllerPushReceiver$1;---><init>(Lcom/fsck/k9/controller/MessagingControllerPushReceiver;Ljava/util/concurrent/CountDownLatch;)V
06-09 10:04:32.442 17744 17763 D M_InsDal: Lcom/fsck/k9/mailstore/LocalFolder$1;--->doDbWork(Landroid/database/sqlite/SQLiteDatabase;)Ljava/lang/Void;
06-09 10:04:32.442 17744 17768 D M_InsDal: Lcom/fsck/k9/controller/SimpleMessagingListener;---><init>()V
06-09 10:04:32.442 17744 17768 D M_InsDal: Lcom/fsck/k9/controller/MessagingController;--->synchronizeMailbox(Lcom/fsck/k9/Account;Ljava/lang/String;Lcom/fsck/k9/controller/MessagingListener;Lcom/fsck/k9/mail/Folder;)V
06-09 10:04:32.442 17744 17768 D M_InsDal: Lcom/fsck/k9/controller/MessagingController$9;---><init>(Lcom/fsck/k9/controller/MessagingController;Lcom/fsck/k9/Account;Ljava/lang/String;Lcom/fsck/k9/controller/MessagingListener;Lcom/fsck/k9/mail/Folder;)V
06-09 10:04:32.442 17744 17768 D M_InsDal: Lcom/fsck/k9/controller/MessagingController;--->putBackground(Ljava/lang/String;Lcom/fsck/k9/controller/MessagingListener;Ljava/lang/Runnable;)V
06-09 10:04:32.442 17744 17768 D M_InsDal: Lcom/fsck/k9/controller/MessagingController;--->putCommand(Ljava/util/concurrent/BlockingQueue;Ljava/lang/String;Lcom/fsck/k9/controller/MessagingListener;Ljava/lang/Runnable;Z)V
06-09 10:04:32.442 17744 17768 D M_InsDal: Lcom/fsck/k9/controller/MessagingController$Command;---><init>()V
06-09 10:04:32.442 17744 17768 D M_InsDal: Lcom/fsck/k9/mail/store/imap/ImapFolder;--->getName()Ljava/lang/String;
06-09 10:04:32.442 17744 17763 D M_InsDal: Lcom/fsck/k9/mailstore/LocalFolder;--->open(Landroid/database/Cursor;)V
06-09 10:04:32.442 17744 17763 D M_InsDal: Lcom/fsck/k9/mail/Folder;--->setStatus(Ljava/lang/String;)V
06-09 10:04:32.442 17744 17763 D M_InsDal: Lcom/fsck/k9/mail/Folder;--->setLastChecked(J)V
06-09 10:04:32.442 17744 17763 D M_InsDal: Lcom/fsck/k9/mail/Folder;--->setLastPush(J)V
06-09 10:04:32.442 17744 17763 D M_InsDal: Lcom/fsck/k9/mail/Folder$FolderClass;--->valueOf(Ljava/lang/String;)Lcom/fsck/k9/mail/Folder$FolderClass;
06-09 10:04:32.442 17744 17763 D M_InsDal: Lcom/fsck/k9/mail/Folder$FolderClass;--->valueOf(Ljava/lang/String;)Lcom/fsck/k9/mail/Folder$FolderClass;
06-09 10:04:32.442 17744 17763 D M_InsDal: Lcom/fsck/k9/mailstore/LocalFolder$MoreMessages;--->fromDatabaseName(Ljava/lang/String;)Lcom/fsck/k9/mailstore/LocalFolder$MoreMessages;
06-09 10:04:32.442 17744 17763 D M_InsDal: Lcom/fsck/k9/mailstore/LocalFolder$MoreMessages;--->values()[Lcom/fsck/k9/mailstore/LocalFolder$MoreMessages;
06-09 10:04:32.442 17744 17763 D M_InsDal: Lcom/fsck/k9/helper/Utility;--->closeQuietly(Landroid/database/Cursor;)V
06-09 10:04:32.442 17744 17763 D M_InsDal: Lcom/fsck/k9/mailstore/LockableDatabase;--->unlockRead()V
06-09 10:04:32.442 17744 17763 D M_InsDal: Lcom/fsck/k9/mailstore/LockableDatabase;--->getStorageManager()Lcom/fsck/k9/mailstore/StorageManager;
06-09 10:04:32.442 17744 17763 D M_InsDal: Lcom/fsck/k9/mailstore/StorageManager;--->getInstance(Landroid/content/Context;)Lcom/fsck/k9/mailstore/StorageManager;
06-09 10:04:32.442 17744 17763 D M_InsDal: Lcom/fsck/k9/mailstore/StorageManager;--->unlockProvider(Ljava/lang/String;)V
06-09 10:04:32.442 17744 17763 D M_InsDal: Lcom/fsck/k9/mailstore/StorageManager;--->getProvider(Ljava/lang/String;)Lcom/fsck/k9/mailstore/StorageManager$StorageProvider;
06-09 10:04:32.442 17744 17763 D M_InsDal: Lcom/fsck/k9/mailstore/LocalFolder;--->updateLastUid()V
06-09 10:04:32.442 17744 17763 D M_InsDal: Lcom/fsck/k9/mailstore/LocalStore;--->getDatabase()Lcom/fsck/k9/mailstore/LockableDatabase;
06-09 10:04:32.442 17744 17763 D M_InsDal: Lcom/fsck/k9/mailstore/LocalFolder$26;---><init>(Lcom/fsck/k9/mailstore/LocalFolder;)V
06-09 10:04:32.442 17744 17763 D M_InsDal: Lcom/fsck/k9/mailstore/LockableDatabase;--->execute(ZLcom/fsck/k9/mailstore/LockableDatabase$DbCallback;)Ljava/lang/Object;
06-09 10:04:32.442 17744 17763 D M_InsDal: Lcom/fsck/k9/mailstore/LockableDatabase;--->lockRead()V
06-09 10:04:32.442 17744 17763 D M_InsDal: Lcom/fsck/k9/mailstore/LockableDatabase;--->getStorageManager()Lcom/fsck/k9/mailstore/StorageManager;
06-09 10:04:32.442 17744 17763 D M_InsDal: Lcom/fsck/k9/mailstore/StorageManager;--->getInstance(Landroid/content/Context;)Lcom/fsck/k9/mailstore/StorageManager;
06-09 10:04:32.442 17744 17763 D M_InsDal: Lcom/fsck/k9/mailstore/StorageManager;--->lockProvider(Ljava/lang/String;)V
06-09 10:04:32.442 17744 17763 D M_InsDal: Lcom/fsck/k9/mailstore/StorageManager;--->getProvider(Ljava/lang/String;)Lcom/fsck/k9/mailstore/StorageManager$StorageProvider;
06-09 10:04:32.442 17744 17763 D M_InsDal: Lcom/fsck/k9/mailstore/StorageManager$InternalStorageProvider;--->isReady(Landroid/content/Context;)Z
06-09 10:04:32.442 17744 17763 D M_InsDal: Lcom/fsck/k9/K9;--->isDebug()Z
06-09 10:04:32.442 17744 17763 D M_InsDal: Lcom/fsck/k9/mailstore/LocalFolder$26;--->doDbWork(Landroid/database/sqlite/SQLiteDatabase;)Ljava/lang/Integer;
06-09 10:04:32.442 17744 17763 D M_InsDal: Lcom/fsck/k9/mailstore/LocalFolder;--->open(I)V
06-09 10:04:32.442 17744 17763 D M_InsDal: Lcom/fsck/k9/mailstore/LocalFolder;--->isOpen()Z
06-09 10:04:32.442 17744 17763 D M_InsDal: Lcom/fsck/k9/mailstore/LocalFolder;--->getMode()I
06-09 10:04:32.442 17744 17763 D M_InsDal: Lcom/fsck/k9/helper/Utility;--->closeQuietly(Landroid/database/Cursor;)V
06-09 10:04:32.442 17744 17763 D M_InsDal: Lcom/fsck/k9/mailstore/LockableDatabase;--->unlockRead()V
06-09 10:04:32.442 17744 17763 D M_InsDal: Lcom/fsck/k9/mailstore/LockableDatabase;--->getStorageManager()Lcom/fsck/k9/mailstore/StorageManager;
06-09 10:04:32.442 17744 17763 D M_InsDal: Lcom/fsck/k9/mailstore/StorageManager;--->getInstance(Landroid/content/Context;)Lcom/fsck/k9/mailstore/StorageManager;
06-09 10:04:32.442 17744 17763 D M_InsDal: Lcom/fsck/k9/mailstore/StorageManager;--->unlockProvider(Ljava/lang/String;)V
06-09 10:04:32.442 17744 17763 D M_InsDal: Lcom/fsck/k9/mailstore/StorageManager;--->getProvider(Ljava/lang/String;)Lcom/fsck/k9/mailstore/StorageManager$StorageProvider;
06-09 10:04:32.442 17744 17763 D M_InsDal: Lcom/fsck/k9/mailstore/LocalFolder;--->getAllMessagesAndEffectiveDates()Ljava/util/Map;
06-09 10:04:32.442 17744 17763 D M_InsDal: Lcom/fsck/k9/mailstore/LocalStore;--->getDatabase()Lcom/fsck/k9/mailstore/LockableDatabase;
06-09 10:04:32.442 17744 17763 D M_InsDal: Lcom/fsck/k9/mailstore/LocalFolder$11;---><init>(Lcom/fsck/k9/mailstore/LocalFolder;)V
06-09 10:04:32.442 17744 17763 D M_InsDal: Lcom/fsck/k9/mailstore/LockableDatabase;--->execute(ZLcom/fsck/k9/mailstore/LockableDatabase$DbCallback;)Ljava/lang/Object;
06-09 10:04:32.442 17744 17763 D M_InsDal: Lcom/fsck/k9/mailstore/LockableDatabase;--->lockRead()V
06-09 10:04:32.442 17744 17763 D M_InsDal: Lcom/fsck/k9/mailstore/LockableDatabase;--->getStorageManager()Lcom/fsck/k9/mailstore/StorageManager;
06-09 10:04:32.442 17744 17763 D M_InsDal: Lcom/fsck/k9/mailstore/StorageManager;--->getInstance(Landroid/content/Context;)Lcom/fsck/k9/mailstore/StorageManager;
06-09 10:04:32.442 17744 17763 D M_InsDal: Lcom/fsck/k9/mailstore/StorageManager;--->lockProvider(Ljava/lang/String;)V
06-09 10:04:32.443 17744 17763 D M_InsDal: Lcom/fsck/k9/mailstore/StorageManager;--->getProvider(Ljava/lang/String;)Lcom/fsck/k9/mailstore/StorageManager$StorageProvider;
06-09 10:04:32.443 17744 17763 D M_InsDal: Lcom/fsck/k9/mailstore/StorageManager$InternalStorageProvider;--->isReady(Landroid/content/Context;)Z
06-09 10:04:32.443 17744 17763 D M_InsDal: Lcom/fsck/k9/K9;--->isDebug()Z
06-09 10:04:32.443 17744 17763 D M_InsDal: Lcom/fsck/k9/mailstore/LocalFolder$11;--->doDbWork(Landroid/database/sqlite/SQLiteDatabase;)Ljava/util/Map;
06-09 10:04:32.443 17744 17763 D M_InsDal: Lcom/fsck/k9/mailstore/LocalFolder;--->open(I)V
06-09 10:04:32.443 17744 17763 D M_InsDal: Lcom/fsck/k9/mailstore/LocalFolder;--->isOpen()Z
06-09 10:04:32.443 17744 17763 D M_InsDal: Lcom/fsck/k9/mailstore/LocalFolder;--->getMode()I
06-09 10:04:32.443 17744 17763 D M_InsDal: Lcom/fsck/k9/helper/Utility;--->closeQuietly(Landroid/database/Cursor;)V
06-09 10:04:32.443 17744 17763 D M_InsDal: Lcom/fsck/k9/mailstore/LockableDatabase;--->unlockRead()V
06-09 10:04:32.443 17744 17763 D M_InsDal: Lcom/fsck/k9/mailstore/LockableDatabase;--->getStorageManager()Lcom/fsck/k9/mailstore/StorageManager;
06-09 10:04:32.443 17744 17763 D M_InsDal: Lcom/fsck/k9/mailstore/StorageManager;--->getInstance(Landroid/content/Context;)Lcom/fsck/k9/mailstore/StorageManager;
06-09 10:04:32.443 17744 17763 D M_InsDal: Lcom/fsck/k9/mailstore/StorageManager;--->unlockProvider(Ljava/lang/String;)V
06-09 10:04:32.443 17744 17763 D M_InsDal: Lcom/fsck/k9/mailstore/StorageManager;--->getProvider(Ljava/lang/String;)Lcom/fsck/k9/mailstore/StorageManager$StorageProvider;
06-09 10:04:32.443 17744 17763 D M_InsDal: Lcom/fsck/k9/notification/NotificationController;--->clearAuthenticationErrorNotification(Lcom/fsck/k9/Account;Z)V
06-09 10:04:32.443 17744 17763 D M_InsDal: Lcom/fsck/k9/notification/AuthenticationErrorNotifications;--->clearAuthenticationErrorNotification(Lcom/fsck/k9/Account;Z)V
06-09 10:04:32.443 17744 17763 D M_InsDal: Lcom/fsck/k9/notification/NotificationIds;--->getAuthenticationErrorNotificationId(Lcom/fsck/k9/Account;Z)I
06-09 10:04:32.443 17744 17763 D M_InsDal: Lcom/fsck/k9/notification/NotificationIds;--->getBaseNotificationId(Lcom/fsck/k9/Account;)I
06-09 10:04:32.443 17744 17763 D M_InsDal: Lcom/fsck/k9/Account;--->getAccountNumber()I
06-09 10:04:32.443 17744 17763 D M_InsDal: Lcom/fsck/k9/notification/AuthenticationErrorNotifications;--->getNotificationManager()Landroid/support/v4/app/NotificationManagerCompat;
06-09 10:04:32.443 17744 17763 D M_InsDal: Lcom/fsck/k9/notification/NotificationController;--->getNotificationManager()Landroid/support/v4/app/NotificationManagerCompat;
06-09 10:04:32.443 17744 17763 D M_InsDal: Lcom/fsck/k9/mail/store/imap/ImapFolder;--->getMessageCount()I
06-09 10:04:32.443 17744 17763 D M_InsDal: Lcom/fsck/k9/mailstore/LocalFolder;--->getVisibleLimit()I
06-09 10:04:32.443 17744 17763 D M_InsDal: Lcom/fsck/k9/mailstore/LocalFolder;--->open(I)V
06-09 10:04:32.443 17744 17763 D M_InsDal: Lcom/fsck/k9/mailstore/LocalFolder;--->isOpen()Z
06-09 10:04:32.443 17744 17763 D M_InsDal: Lcom/fsck/k9/mailstore/LocalFolder;--->getMode()I
06-09 10:04:32.443 17744 17763 D M_InsDal: Lcom/fsck/k9/Account;--->getEarliestPollDate()Ljava/util/Date;
06-09 10:04:32.443 17744 17763 D M_InsDal: Lcom/fsck/k9/Account;--->getMaximumPolledMessageAge()I
06-09 10:04:32.443 17744 17763 D M_InsDal: Lcom/fsck/k9/controller/imap/ImapSync;--->getListeners(Lcom/fsck/k9/controller/MessagingListener;)Ljava/util/Set;
06-09 10:04:32.443 17744 17763 D M_InsDal: Lcom/fsck/k9/controller/MessagingController;--->getListeners(Lcom/fsck/k9/controller/MessagingListener;)Ljava/util/Set;
06-09 10:04:32.443 17744 17763 D M_InsDal: Lcom/fsck/k9/controller/SimpleMessagingListener;--->synchronizeMailboxHeadersStarted(Lcom/fsck/k9/Account;Ljava/lang/String;)V
06-09 10:04:32.443 17744 17763 D M_InsDal: Lcom/fsck/k9/controller/SimpleMessagingListener;--->synchronizeMailboxHeadersStarted(Lcom/fsck/k9/Account;Ljava/lang/String;)V
06-09 10:04:32.443 17744 17763 D M_InsDal: Lcom/fsck/k9/activity/ActivityListener;--->synchronizeMailboxHeadersStarted(Lcom/fsck/k9/Account;Ljava/lang/String;)V
06-09 10:04:32.443 17744 17763 D M_InsDal: Lcom/fsck/k9/Account;--->getDescription()Ljava/lang/String;
06-09 10:04:32.443 17744 17763 D M_InsDal: Lcom/fsck/k9/fragment/MessageListFragment$MessageListActivityListener;--->informUserOfStatus()V
06-09 10:04:32.443 17744 17763 D M_InsDal: Lcom/fsck/k9/fragment/MessageListHandler;--->refreshTitle()V
06-09 10:04:32.443 17744 17763 D M_InsDal: Lcom/fsck/k9/controller/SimpleMessagingListener;--->synchronizeMailboxHeadersStarted(Lcom/fsck/k9/Account;Ljava/lang/String;)V
06-09 10:04:32.443 17744 17763 D M_InsDal: Lcom/fsck/k9/mail/store/imap/ImapFolder;--->getMessages(IILjava/util/Date;Lcom/fsck/k9/mail/MessageRetrievalListener;)Ljava/util/List;
06-09 10:04:32.443 17744 17763 D M_InsDal: Lcom/fsck/k9/mail/store/imap/ImapFolder;--->getMessages(IILjava/util/Date;ZLcom/fsck/k9/mail/MessageRetrievalListener;)Ljava/util/List;
06-09 10:04:32.443 17744 17763 D M_InsDal: Lcom/fsck/k9/mail/store/imap/ImapFolder;--->checkOpen()V
06-09 10:04:32.443 17744 17763 D M_InsDal: Lcom/fsck/k9/mail/store/imap/ImapFolder;--->isOpen()Z
06-09 10:04:32.443 17744 17763 D M_InsDal: Lcom/fsck/k9/mail/store/imap/ImapFolder;--->getDateSearchString(Ljava/util/Date;)Ljava/lang/String;
06-09 10:04:32.443 17744 17763 D M_InsDal: Lcom/fsck/k9/mail/store/imap/ImapConnection;--->executeSimpleCommand(Ljava/lang/String;)Ljava/util/List;
06-09 10:04:32.443 17744 17763 D M_InsDal: Lcom/fsck/k9/mail/store/imap/ImapConnection;--->executeSimpleCommand(Ljava/lang/String;Z)Ljava/util/List;
06-09 10:04:32.443 17744 17763 D M_InsDal: Lcom/fsck/k9/mail/store/imap/ImapConnection;--->sendCommand(Ljava/lang/String;Z)Ljava/lang/String;
06-09 10:04:32.443 17744 17763 D M_InsDal: Lcom/fsck/k9/mail/store/imap/ImapConnection;--->open()V
06-09 10:04:32.443 17744 17763 D M_InsDal: Lcom/fsck/k9/mail/K9MailLib;--->isDebug()Z
06-09 10:04:32.443 17744 17763 D M_InsDal: Lcom/fsck/k9/K9$2;--->enabled()Z
06-09 10:04:32.443 17744 17763 D M_InsDal: Lcom/fsck/k9/mail/store/imap/ImapConnection;--->getLogId()Ljava/lang/String;
06-09 10:04:32.443 17744 17763 D M_InsDal: Lcom/fsck/k9/mail/store/imap/ImapResponseParser;--->readStatusResponse(Ljava/lang/String;Ljava/lang/String;Ljava/lang/String;Lcom/fsck/k9/mail/store/imap/UntaggedHandler;)Ljava/util/List;
06-09 10:04:32.443 17744 17763 D M_InsDal: Lcom/fsck/k9/mail/store/imap/ImapResponseParser;--->readResponse()Lcom/fsck/k9/mail/store/imap/ImapResponse;
06-09 10:04:32.443 17744 17763 D M_InsDal: Lcom/fsck/k9/mail/store/imap/ImapResponseParser;--->readResponse(Lcom/fsck/k9/mail/store/imap/ImapResponseCallback;)Lcom/fsck/k9/mail/store/imap/ImapResponse;
06-09 10:04:32.443 17744 17763 D M_InsDal: Lcom/fsck/k9/mail/filter/PeekableInputStream;--->peek()I
06-09 10:04:32.452 17744 17744 D M_InsDal: Lcom/fsck/k9/fragment/MessageListHandler;--->handleMessage(Landroid/os/Message;)V
06-09 10:04:32.452 17744 17744 D M_InsDal: Lcom/fsck/k9/fragment/MessageListFragment;--->updateTitle()V
06-09 10:04:32.452 17744 17744 D M_InsDal: Lcom/fsck/k9/fragment/MessageListFragment;--->setWindowTitle()V
06-09 10:04:32.452 17744 17744 D M_InsDal: Lcom/fsck/k9/fragment/MessageListFragment;--->isManualSearch()Z
06-09 10:04:32.452 17744 17744 D M_InsDal: Lcom/fsck/k9/search/LocalSearch;--->isManualSearch()Z
06-09 10:04:32.452 17744 17744 D M_InsDal: Lcom/fsck/k9/activity/FolderInfoHolder;--->getDisplayName(Landroid/content/Context;Lcom/fsck/k9/Account;Ljava/lang/String;)Ljava/lang/String;
06-09 10:04:32.452 17744 17744 D M_InsDal: Lcom/fsck/k9/Account;--->getSpamFolderName()Ljava/lang/String;
06-09 10:04:32.452 17744 17744 D M_InsDal: Lcom/fsck/k9/Account;--->getArchiveFolderName()Ljava/lang/String;
06-09 10:04:32.452 17744 17744 D M_InsDal: Lcom/fsck/k9/Account;--->getSentFolderName()Ljava/lang/String;
06-09 10:04:32.452 17744 17744 D M_InsDal: Lcom/fsck/k9/Account;--->getTrashFolderName()Ljava/lang/String;
06-09 10:04:32.452 17744 17744 D M_InsDal: Lcom/fsck/k9/Account;--->getDraftsFolderName()Ljava/lang/String;
06-09 10:04:32.452 17744 17744 D M_InsDal: Lcom/fsck/k9/Account;--->getOutboxFolderName()Ljava/lang/String;
06-09 10:04:32.452 17744 17744 D M_InsDal: Lcom/fsck/k9/Account;--->getInboxFolderName()Ljava/lang/String;
06-09 10:04:32.452 17744 17744 D M_InsDal: Lcom/fsck/k9/activity/MessageList;--->setMessageListTitle(Ljava/lang/String;)V
06-09 10:04:32.452 17744 17744 D M_InsDal: Lcom/fsck/k9/activity/MessageList;--->setActionBarTitle(Ljava/lang/String;)V
06-09 10:04:32.452 17744 17744 D M_InsDal: Lcom/fsck/k9/activity/ActivityListener;--->getOperation(Landroid/content/Context;)Ljava/lang/String;
06-09 10:04:32.452 17744 17744 D M_InsDal: Lcom/fsck/k9/activity/ActivityListener;--->getActionInProgressOperation(Landroid/content/Context;)Ljava/lang/String;
06-09 10:04:32.452 17744 17744 D M_InsDal: Lcom/fsck/k9/Account;--->getInboxFolderName()Ljava/lang/String;
06-09 10:04:32.452 17744 17744 D M_InsDal: Lcom/fsck/k9/Account;--->getOutboxFolderName()Ljava/lang/String;
06-09 10:04:32.453 17744 17744 D M_InsDal: Lcom/fsck/k9/activity/MessageList;--->setMessageListSubTitle(Ljava/lang/String;)V
06-09 10:04:32.453 17744 17744 D M_InsDal: Lcom/fsck/k9/activity/MessageList;--->setActionBarSubTitle(Ljava/lang/String;)V
06-09 10:04:32.453 17744 17744 D M_InsDal: Lcom/fsck/k9/activity/MessageList;--->setUnreadCount(I)V
06-09 10:04:32.453 17744 17744 D M_InsDal: Lcom/fsck/k9/activity/MessageList;--->setActionBarUnread(I)V
06-09 10:04:32.453 17744 17744 D M_InsDal: Lcom/fsck/k9/search/LocalSearch;--->isManualSearch()Z
06-09 10:04:32.453 17744 17744 D M_InsDal: Lcom/fsck/k9/fragment/MessageListFragment;--->setWindowProgress()V
06-09 10:04:32.453 17744 17744 D M_InsDal: Lcom/fsck/k9/activity/MessageList;--->setMessageListProgress(I)V
06-09 10:04:32.491 17744 17763 D M_InsDal: Lcom/fsck/k9/mail/store/imap/ImapResponseParser;--->readUntaggedResponse(Lcom/fsck/k9/mail/store/imap/ImapResponseCallback;)V
06-09 10:04:32.491 17744 17763 D M_InsDal: Lcom/fsck/k9/mail/store/imap/ImapResponseParser;--->parseUntaggedResponse()V
06-09 10:04:32.491 17744 17763 D M_InsDal: Lcom/fsck/k9/mail/store/imap/ImapResponseParser;--->expect(C)V
06-09 10:04:32.491 17744 17763 D M_InsDal: Lcom/fsck/k9/mail/filter/PeekableInputStream;--->read()I
06-09 10:04:32.491 17744 17763 D M_InsDal: Lcom/fsck/k9/mail/store/imap/ImapResponseParser;--->expect(C)V
06-09 10:04:32.491 17744 17763 D M_InsDal: Lcom/fsck/k9/mail/filter/PeekableInputStream;--->read()I
06-09 10:04:32.491 17744 17763 D M_InsDal: Lcom/fsck/k9/mail/store/imap/ImapResponse;--->newUntaggedResponse(Lcom/fsck/k9/mail/store/imap/ImapResponseCallback;)Lcom/fsck/k9/mail/store/imap/ImapResponse;
06-09 10:04:32.491 17744 17763 D M_InsDal: Lcom/fsck/k9/mail/store/imap/ImapResponse;---><init>(Lcom/fsck/k9/mail/store/imap/ImapResponseCallback;ZLjava/lang/String;)V
06-09 10:04:32.491 17744 17763 D M_InsDal: Lcom/fsck/k9/mail/store/imap/ImapList;---><init>()V
06-09 10:04:32.491 17744 17763 D M_InsDal: Lcom/fsck/k9/mail/store/imap/ImapResponseParser;--->readTokens(Lcom/fsck/k9/mail/store/imap/ImapResponse;)V
06-09 10:04:32.491 17744 17763 D M_InsDal: Lcom/fsck/k9/mail/store/imap/ImapResponseParser;--->readToken(Lcom/fsck/k9/mail/store/imap/ImapResponse;)Ljava/lang/Object;
06-09 10:04:32.491 17744 17763 D M_InsDal: Lcom/fsck/k9/mail/store/imap/ImapResponseParser;--->parseToken(Lcom/fsck/k9/mail/store/imap/ImapList;)Ljava/lang/Object;
06-09 10:04:32.491 17744 17763 D M_InsDal: Lcom/fsck/k9/mail/filter/PeekableInputStream;--->peek()I
06-09 10:04:32.491 17744 17763 D M_InsDal: Lcom/fsck/k9/mail/store/imap/ImapResponseParser;--->parseBareString(Z)Ljava/lang/String;
06-09 10:04:32.491 17744 17763 D M_InsDal: Lcom/fsck/k9/mail/filter/PeekableInputStream;--->peek()I
06-09 10:04:32.491 17744 17763 D M_InsDal: Lcom/fsck/k9/mail/filter/PeekableInputStream;--->read()I
06-09 10:04:32.491 17744 17763 D M_InsDal: Lcom/fsck/k9/mail/filter/PeekableInputStream;--->peek()I
06-09 10:04:32.491 17744 17763 D M_InsDal: Lcom/fsck/k9/mail/filter/PeekableInputStream;--->read()I
06-09 10:04:32.491 17744 17763 D M_InsDal: Lcom/fsck/k9/mail/filter/PeekableInputStream;--->peek()I
06-09 10:04:32.491 17744 17763 D M_InsDal: Lcom/fsck/k9/mail/filter/PeekableInputStream;--->read()I
06-09 10:04:32.491 17744 17763 D M_InsDal: Lcom/fsck/k9/mail/filter/PeekableInputStream;--->peek()I
06-09 10:04:32.491 17744 17763 D M_InsDal: Lcom/fsck/k9/mail/filter/PeekableInputStream;--->read()I
06-09 10:04:32.491 17744 17763 D M_InsDal: Lcom/fsck/k9/mail/filter/PeekableInputStream;--->peek()I
06-09 10:04:32.491 17744 17763 D M_InsDal: Lcom/fsck/k9/mail/filter/PeekableInputStream;--->read()I
06-09 10:04:32.491 17744 17763 D M_InsDal: Lcom/fsck/k9/mail/filter/PeekableInputStream;--->peek()I
06-09 10:04:32.491 17744 17763 D M_InsDal: Lcom/fsck/k9/mail/filter/PeekableInputStream;--->read()I
06-09 10:04:32.491 17744 17763 D M_InsDal: Lcom/fsck/k9/mail/filter/PeekableInputStream;--->peek()I
06-09 10:04:32.491 17744 17763 D M_InsDal: Lcom/fsck/k9/mail/store/imap/ImapResponseParser;--->checkTokenIsString(Ljava/lang/Object;)V
06-09 10:04:32.491 17744 17763 D M_InsDal: Lcom/fsck/k9/mail/store/imap/ImapResponseParser;--->isStatusResponse(Ljava/lang/String;)Z
06-09 10:04:32.491 17744 17763 D M_InsDal: Lcom/fsck/k9/mail/store/imap/ImapResponseParser;--->equalsIgnoreCase(Ljava/lang/Object;Ljava/lang/String;)Z
06-09 10:04:32.491 17744 17763 D M_InsDal: Lcom/fsck/k9/mail/store/imap/ImapResponseParser;--->equalsIgnoreCase(Ljava/lang/Object;Ljava/lang/String;)Z
06-09 10:04:32.491 17744 17763 D M_InsDal: Lcom/fsck/k9/mail/store/imap/ImapResponseParser;--->readToken(Lcom/fsck/k9/mail/store/imap/ImapResponse;)Ljava/lang/Object;
06-09 10:04:32.491 17744 17763 D M_InsDal: Lcom/fsck/k9/mail/store/imap/ImapResponseParser;--->parseToken(Lcom/fsck/k9/mail/store/imap/ImapList;)Ljava/lang/Object;
06-09 10:04:32.491 17744 17763 D M_InsDal: Lcom/fsck/k9/mail/filter/PeekableInputStream;--->peek()I
06-09 10:04:32.491 17744 17763 D M_InsDal: Lcom/fsck/k9/mail/store/imap/ImapResponseParser;--->expect(C)V
06-09 10:04:32.491 17744 17763 D M_InsDal: Lcom/fsck/k9/mail/filter/PeekableInputStream;--->read()I
06-09 10:04:32.491 17744 17763 D M_InsDal: Lcom/fsck/k9/mail/filter/PeekableInputStream;--->peek()I
06-09 10:04:32.491 17744 17763 D M_InsDal: Lcom/fsck/k9/mail/store/imap/ImapResponseParser;--->parseBareString(Z)Ljava/lang/String;
06-09 10:04:32.491 17744 17763 D M_InsDal: Lcom/fsck/k9/mail/filter/PeekableInputStream;--->peek()I
06-09 10:04:32.491 17744 17763 D M_InsDal: Lcom/fsck/k9/mail/filter/PeekableInputStream;--->read()I
06-09 10:04:32.491 17744 17763 D M_InsDal: Lcom/fsck/k9/mail/filter/PeekableInputStream;--->peek()I
06-09 10:04:32.491 17744 17763 D M_InsDal: Lcom/fsck/k9/mail/store/imap/ImapResponseParser;--->readToken(Lcom/fsck/k9/mail/store/imap/ImapResponse;)Ljava/lang/Object;
06-09 10:04:32.491 17744 17763 D M_InsDal: Lcom/fsck/k9/mail/store/imap/ImapResponseParser;--->parseToken(Lcom/fsck/k9/mail/store/imap/ImapList;)Ljava/lang/Object;
06-09 10:04:32.491 17744 17763 D M_InsDal: Lcom/fsck/k9/mail/filter/PeekableInputStream;--->peek()I
06-09 10:04:32.491 17744 17763 D M_InsDal: Lcom/fsck/k9/mail/store/imap/ImapResponseParser;--->expect(C)V
06-09 10:04:32.491 17744 17763 D M_InsDal: Lcom/fsck/k9/mail/filter/PeekableInputStream;--->read()I
06-09 10:04:32.491 17744 17763 D M_InsDal: Lcom/fsck/k9/mail/store/imap/ImapResponseParser;--->expect(C)V
06-09 10:04:32.491 17744 17763 D M_InsDal: Lcom/fsck/k9/mail/filter/PeekableInputStream;--->read()I
06-09 10:04:32.491 17744 17763 D M_InsDal: Lcom/fsck/k9/mail/K9MailLib;--->isDebug()Z
06-09 10:04:32.491 17744 17763 D M_InsDal: Lcom/fsck/k9/K9$2;--->enabled()Z
06-09 10:04:32.491 17744 17763 D M_InsDal: Lcom/fsck/k9/mail/store/imap/ImapResponse;--->getTag()Ljava/lang/String;
06-09 10:04:32.491 17744 17763 D M_InsDal: Lcom/fsck/k9/mail/store/imap/ImapResponse;--->getTag()Ljava/lang/String;
06-09 10:04:32.491 17744 17763 D M_InsDal: Lcom/fsck/k9/mail/store/imap/ImapResponseParser;--->readResponse()Lcom/fsck/k9/mail/store/imap/ImapResponse;
06-09 10:04:32.491 17744 17763 D M_InsDal: Lcom/fsck/k9/mail/store/imap/ImapResponseParser;--->readResponse(Lcom/fsck/k9/mail/store/imap/ImapResponseCallback;)Lcom/fsck/k9/mail/store/imap/ImapResponse;
06-09 10:04:32.491 17744 17763 D M_InsDal: Lcom/fsck/k9/mail/filter/PeekableInputStream;--->peek()I
06-09 10:04:32.491 17744 17763 D M_InsDal: Lcom/fsck/k9/mail/store/imap/ImapResponseParser;--->readTaggedResponse(Lcom/fsck/k9/mail/store/imap/ImapResponseCallback;)V
06-09 10:04:32.491 17744 17763 D M_InsDal: Lcom/fsck/k9/mail/store/imap/ImapResponseParser;--->parseTaggedResponse()Ljava/lang/String;
06-09 10:04:32.491 17744 17763 D M_InsDal: Lcom/fsck/k9/mail/store/imap/ImapResponseParser;--->readStringUntil(C)Ljava/lang/String;
06-09 10:04:32.491 17744 17763 D M_InsDal: Lcom/fsck/k9/mail/filter/PeekableInputStream;--->read()I
06-09 10:04:32.491 17744 17763 D M_InsDal: Lcom/fsck/k9/mail/filter/PeekableInputStream;--->read()I
06-09 10:04:32.491 17744 17763 D M_InsDal: Lcom/fsck/k9/mail/store/imap/ImapResponse;--->newTaggedResponse(Lcom/fsck/k9/mail/store/imap/ImapResponseCallback;Ljava/lang/String;)Lcom/fsck/k9/mail/store/imap/ImapResponse;
06-09 10:04:32.491 17744 17763 D M_InsDal: Lcom/fsck/k9/mail/store/imap/ImapResponse;---><init>(Lcom/fsck/k9/mail/store/imap/ImapResponseCallback;ZLjava/lang/String;)V
06-09 10:04:32.491 17744 17763 D M_InsDal: Lcom/fsck/k9/mail/store/imap/ImapList;---><init>()V
06-09 10:04:32.491 17744 17763 D M_InsDal: Lcom/fsck/k9/mail/store/imap/ImapResponseParser;--->readTokens(Lcom/fsck/k9/mail/store/imap/ImapResponse;)V
06-09 10:04:32.491 17744 17763 D M_InsDal: Lcom/fsck/k9/mail/store/imap/ImapResponseParser;--->readToken(Lcom/fsck/k9/mail/store/imap/ImapResponse;)Ljava/lang/Object;
