06-09 10:17:33.531 20780 20803 D M_InsDal: Lcom/fsck/k9/mail/Folder;--->setLastChecked(J)V
06-09 10:17:33.531 20780 20803 D M_InsDal: Lcom/fsck/k9/mail/Folder;--->setLastPush(J)V
06-09 10:17:33.531 20780 20803 D M_InsDal: Lcom/fsck/k9/mail/Folder$FolderClass;--->valueOf(Ljava/lang/String;)Lcom/fsck/k9/mail/Folder$FolderClass;
06-09 10:17:33.531 20780 20803 D M_InsDal: Lcom/fsck/k9/mail/Folder$FolderClass;--->valueOf(Ljava/lang/String;)Lcom/fsck/k9/mail/Folder$FolderClass;
06-09 10:17:33.531 20780 20803 D M_InsDal: Lcom/fsck/k9/mailstore/LocalFolder$MoreMessages;--->fromDatabaseName(Ljava/lang/String;)Lcom/fsck/k9/mailstore/LocalFolder$MoreMessages;
06-09 10:17:33.531 20780 20803 D M_InsDal: Lcom/fsck/k9/mailstore/LocalFolder$MoreMessages;--->values()[Lcom/fsck/k9/mailstore/LocalFolder$MoreMessages;
06-09 10:17:33.531 20780 20803 D M_InsDal: Lcom/fsck/k9/mailstore/LocalFolder;---><init>(Lcom/fsck/k9/mailstore/LocalStore;Ljava/lang/String;)V
06-09 10:17:33.531 20780 20803 D M_InsDal: Lcom/fsck/k9/mail/Folder;---><init>()V
06-09 10:17:33.531 20780 20803 D M_InsDal: Lcom/fsck/k9/mailstore/LocalStore;--->getAttachmentInfoExtractor()Lcom/fsck/k9/message/extractors/AttachmentInfoExtractor;
06-09 10:17:33.531 20780 20803 D M_InsDal: Lcom/fsck/k9/mailstore/LocalFolder;--->getAccount()Lcom/fsck/k9/Account;
06-09 10:17:33.531 20780 20803 D M_InsDal: Lcom/fsck/k9/mailstore/LocalStore;--->getAccount()Lcom/fsck/k9/Account;
06-09 10:17:33.531 20780 20803 D M_InsDal: Lcom/fsck/k9/Account;--->getInboxFolderName()Ljava/lang/String;
06-09 10:17:33.531 20780 20803 D M_InsDal: Lcom/fsck/k9/mailstore/LocalFolder;--->getName()Ljava/lang/String;
06-09 10:17:33.531 20780 20803 D M_InsDal: Lcom/fsck/k9/mailstore/LocalFolder;--->open(Landroid/database/Cursor;)V
06-09 10:17:33.531 20780 20803 D M_InsDal: Lcom/fsck/k9/mail/Folder;--->setStatus(Ljava/lang/String;)V
06-09 10:17:33.531 20780 20803 D M_InsDal: Lcom/fsck/k9/mail/Folder;--->setLastChecked(J)V
06-09 10:17:33.531 20780 20803 D M_InsDal: Lcom/fsck/k9/mail/Folder;--->setLastPush(J)V
06-09 10:17:33.531 20780 20803 D M_InsDal: Lcom/fsck/k9/mail/Folder$FolderClass;--->valueOf(Ljava/lang/String;)Lcom/fsck/k9/mail/Folder$FolderClass;
06-09 10:17:33.531 20780 20803 D M_InsDal: Lcom/fsck/k9/mail/Folder$FolderClass;--->valueOf(Ljava/lang/String;)Lcom/fsck/k9/mail/Folder$FolderClass;
06-09 10:17:33.531 20780 20803 D M_InsDal: Lcom/fsck/k9/mailstore/LocalFolder$MoreMessages;--->fromDatabaseName(Ljava/lang/String;)Lcom/fsck/k9/mailstore/LocalFolder$MoreMessages;
06-09 10:17:33.531 20780 20803 D M_InsDal: Lcom/fsck/k9/mailstore/LocalFolder$MoreMessages;--->values()[Lcom/fsck/k9/mailstore/LocalFolder$MoreMessages;
06-09 10:17:33.531 20780 20803 D M_InsDal: Lcom/fsck/k9/mailstore/LocalFolder;---><init>(Lcom/fsck/k9/mailstore/LocalStore;Ljava/lang/String;)V
06-09 10:17:33.531 20780 20803 D M_InsDal: Lcom/fsck/k9/mail/Folder;---><init>()V
06-09 10:17:33.531 20780 20803 D M_InsDal: Lcom/fsck/k9/mailstore/LocalStore;--->getAttachmentInfoExtractor()Lcom/fsck/k9/message/extractors/AttachmentInfoExtractor;
06-09 10:17:33.531 20780 20803 D M_InsDal: Lcom/fsck/k9/mailstore/LocalFolder;--->getAccount()Lcom/fsck/k9/Account;
06-09 10:17:33.531 20780 20803 D M_InsDal: Lcom/fsck/k9/mailstore/LocalStore;--->getAccount()Lcom/fsck/k9/Account;
06-09 10:17:33.531 20780 20803 D M_InsDal: Lcom/fsck/k9/Account;--->getInboxFolderName()Ljava/lang/String;
06-09 10:17:33.531 20780 20803 D M_InsDal: Lcom/fsck/k9/mailstore/LocalFolder;--->getName()Ljava/lang/String;
06-09 10:17:33.531 20780 20803 D M_InsDal: Lcom/fsck/k9/mailstore/LocalFolder;--->open(Landroid/database/Cursor;)V
06-09 10:17:33.531 20780 20803 D M_InsDal: Lcom/fsck/k9/mail/Folder;--->setStatus(Ljava/lang/String;)V
06-09 10:17:33.531 20780 20803 D M_InsDal: Lcom/fsck/k9/mail/Folder;--->setLastChecked(J)V
06-09 10:17:33.531 20780 20803 D M_InsDal: Lcom/fsck/k9/mail/Folder;--->setLastPush(J)V
06-09 10:17:33.531 20780 20803 D M_InsDal: Lcom/fsck/k9/mail/Folder$FolderClass;--->valueOf(Ljava/lang/String;)Lcom/fsck/k9/mail/Folder$FolderClass;
06-09 10:17:33.531 20780 20803 D M_InsDal: Lcom/fsck/k9/mail/Folder$FolderClass;--->valueOf(Ljava/lang/String;)Lcom/fsck/k9/mail/Folder$FolderClass;
06-09 10:17:33.531 20780 20803 D M_InsDal: Lcom/fsck/k9/mailstore/LocalFolder$MoreMessages;--->fromDatabaseName(Ljava/lang/String;)Lcom/fsck/k9/mailstore/LocalFolder$MoreMessages;
06-09 10:17:33.531 20780 20803 D M_InsDal: Lcom/fsck/k9/mailstore/LocalFolder$MoreMessages;--->values()[Lcom/fsck/k9/mailstore/LocalFolder$MoreMessages;
06-09 10:17:33.531 20780 20803 D M_InsDal: Lcom/fsck/k9/mailstore/LocalFolder;---><init>(Lcom/fsck/k9/mailstore/LocalStore;Ljava/lang/String;)V
06-09 10:17:33.531 20780 20803 D M_InsDal: Lcom/fsck/k9/mail/Folder;---><init>()V
06-09 10:17:33.531 20780 20803 D M_InsDal: Lcom/fsck/k9/mailstore/LocalStore;--->getAttachmentInfoExtractor()Lcom/fsck/k9/message/extractors/AttachmentInfoExtractor;
06-09 10:17:33.531 20780 20803 D M_InsDal: Lcom/fsck/k9/mailstore/LocalFolder;--->getAccount()Lcom/fsck/k9/Account;
06-09 10:17:33.531 20780 20803 D M_InsDal: Lcom/fsck/k9/mailstore/LocalStore;--->getAccount()Lcom/fsck/k9/Account;
06-09 10:17:33.531 20780 20803 D M_InsDal: Lcom/fsck/k9/Account;--->getInboxFolderName()Ljava/lang/String;
06-09 10:17:33.531 20780 20803 D M_InsDal: Lcom/fsck/k9/mailstore/LocalFolder;--->getName()Ljava/lang/String;
06-09 10:17:33.531 20780 20803 D M_InsDal: Lcom/fsck/k9/mailstore/LocalFolder;--->open(Landroid/database/Cursor;)V
06-09 10:17:33.531 20780 20803 D M_InsDal: Lcom/fsck/k9/mail/Folder;--->setStatus(Ljava/lang/String;)V
06-09 10:17:33.531 20780 20803 D M_InsDal: Lcom/fsck/k9/mail/Folder;--->setLastChecked(J)V
06-09 10:17:33.531 20780 20803 D M_InsDal: Lcom/fsck/k9/mail/Folder;--->setLastPush(J)V
06-09 10:17:33.531 20780 20803 D M_InsDal: Lcom/fsck/k9/mail/Folder$FolderClass;--->valueOf(Ljava/lang/String;)Lcom/fsck/k9/mail/Folder$FolderClass;
06-09 10:17:33.531 20780 20803 D M_InsDal: Lcom/fsck/k9/mail/Folder$FolderClass;--->valueOf(Ljava/lang/String;)Lcom/fsck/k9/mail/Folder$FolderClass;
06-09 10:17:33.531 20780 20803 D M_InsDal: Lcom/fsck/k9/mailstore/LocalFolder$MoreMessages;--->fromDatabaseName(Ljava/lang/String;)Lcom/fsck/k9/mailstore/LocalFolder$MoreMessages;
06-09 10:17:33.531 20780 20803 D M_InsDal: Lcom/fsck/k9/mailstore/LocalFolder$MoreMessages;--->values()[Lcom/fsck/k9/mailstore/LocalFolder$MoreMessages;
06-09 10:17:33.531 20780 20803 D M_InsDal: Lcom/fsck/k9/mailstore/LocalFolder;---><init>(Lcom/fsck/k9/mailstore/LocalStore;Ljava/lang/String;)V
06-09 10:17:33.531 20780 20803 D M_InsDal: Lcom/fsck/k9/mail/Folder;---><init>()V
06-09 10:17:33.531 20780 20803 D M_InsDal: Lcom/fsck/k9/mailstore/LocalStore;--->getAttachmentInfoExtractor()Lcom/fsck/k9/message/extractors/AttachmentInfoExtractor;
06-09 10:17:33.531 20780 20803 D M_InsDal: Lcom/fsck/k9/mailstore/LocalFolder;--->getAccount()Lcom/fsck/k9/Account;
06-09 10:17:33.531 20780 20803 D M_InsDal: Lcom/fsck/k9/mailstore/LocalStore;--->getAccount()Lcom/fsck/k9/Account;
06-09 10:17:33.531 20780 20803 D M_InsDal: Lcom/fsck/k9/Account;--->getInboxFolderName()Ljava/lang/String;
06-09 10:17:33.531 20780 20803 D M_InsDal: Lcom/fsck/k9/mailstore/LocalFolder;--->getName()Ljava/lang/String;
06-09 10:17:33.531 20780 20803 D M_InsDal: Lcom/fsck/k9/mailstore/LocalFolder;--->open(Landroid/database/Cursor;)V
06-09 10:17:33.531 20780 20803 D M_InsDal: Lcom/fsck/k9/mail/Folder;--->setStatus(Ljava/lang/String;)V
06-09 10:17:33.531 20780 20803 D M_InsDal: Lcom/fsck/k9/mail/Folder;--->setLastChecked(J)V
06-09 10:17:33.531 20780 20803 D M_InsDal: Lcom/fsck/k9/mail/Folder;--->setLastPush(J)V
06-09 10:17:33.531 20780 20803 D M_InsDal: Lcom/fsck/k9/mail/Folder$FolderClass;--->valueOf(Ljava/lang/String;)Lcom/fsck/k9/mail/Folder$FolderClass;
06-09 10:17:33.531 20780 20803 D M_InsDal: Lcom/fsck/k9/mail/Folder$FolderClass;--->valueOf(Ljava/lang/String;)Lcom/fsck/k9/mail/Folder$FolderClass;
06-09 10:17:33.531 20780 20803 D M_InsDal: Lcom/fsck/k9/mailstore/LocalFolder$MoreMessages;--->fromDatabaseName(Ljava/lang/String;)Lcom/fsck/k9/mailstore/LocalFolder$MoreMessages;
06-09 10:17:33.531 20780 20803 D M_InsDal: Lcom/fsck/k9/mailstore/LocalFolder$MoreMessages;--->values()[Lcom/fsck/k9/mailstore/LocalFolder$MoreMessages;
06-09 10:17:33.531 20780 20803 D M_InsDal: Lcom/fsck/k9/mailstore/LocalFolder;---><init>(Lcom/fsck/k9/mailstore/LocalStore;Ljava/lang/String;)V
06-09 10:17:33.531 20780 20803 D M_InsDal: Lcom/fsck/k9/mail/Folder;---><init>()V
06-09 10:17:33.531 20780 20803 D M_InsDal: Lcom/fsck/k9/mailstore/LocalStore;--->getAttachmentInfoExtractor()Lcom/fsck/k9/message/extractors/AttachmentInfoExtractor;
06-09 10:17:33.531 20780 20803 D M_InsDal: Lcom/fsck/k9/mailstore/LocalFolder;--->getAccount()Lcom/fsck/k9/Account;
06-09 10:17:33.531 20780 20803 D M_InsDal: Lcom/fsck/k9/mailstore/LocalStore;--->getAccount()Lcom/fsck/k9/Account;
06-09 10:17:33.531 20780 20803 D M_InsDal: Lcom/fsck/k9/Account;--->getInboxFolderName()Ljava/lang/String;
06-09 10:17:33.531 20780 20803 D M_InsDal: Lcom/fsck/k9/mailstore/LocalFolder;--->getName()Ljava/lang/String;
06-09 10:17:33.531 20780 20803 D M_InsDal: Lcom/fsck/k9/mailstore/LocalFolder;--->open(Landroid/database/Cursor;)V
06-09 10:17:33.531 20780 20803 D M_InsDal: Lcom/fsck/k9/mail/Folder;--->setStatus(Ljava/lang/String;)V
06-09 10:17:33.531 20780 20803 D M_InsDal: Lcom/fsck/k9/mail/Folder;--->setLastChecked(J)V
06-09 10:17:33.531 20780 20803 D M_InsDal: Lcom/fsck/k9/mail/Folder;--->setLastPush(J)V
06-09 10:17:33.531 20780 20803 D M_InsDal: Lcom/fsck/k9/mail/Folder$FolderClass;--->valueOf(Ljava/lang/String;)Lcom/fsck/k9/mail/Folder$FolderClass;
06-09 10:17:33.531 20780 20803 D M_InsDal: Lcom/fsck/k9/mail/Folder$FolderClass;--->valueOf(Ljava/lang/String;)Lcom/fsck/k9/mail/Folder$FolderClass;
06-09 10:17:33.531 20780 20803 D M_InsDal: Lcom/fsck/k9/mailstore/LocalFolder$MoreMessages;--->fromDatabaseName(Ljava/lang/String;)Lcom/fsck/k9/mailstore/LocalFolder$MoreMessages;
06-09 10:17:33.531 20780 20803 D M_InsDal: Lcom/fsck/k9/mailstore/LocalFolder$MoreMessages;--->values()[Lcom/fsck/k9/mailstore/LocalFolder$MoreMessages;
06-09 10:17:33.531 20780 20803 D M_InsDal: Lcom/fsck/k9/mailstore/LocalFolder;---><init>(Lcom/fsck/k9/mailstore/LocalStore;Ljava/lang/String;)V
06-09 10:17:33.531 20780 20803 D M_InsDal: Lcom/fsck/k9/mail/Folder;---><init>()V
06-09 10:17:33.531 20780 20803 D M_InsDal: Lcom/fsck/k9/mailstore/LocalStore;--->getAttachmentInfoExtractor()Lcom/fsck/k9/message/extractors/AttachmentInfoExtractor;
06-09 10:17:33.531 20780 20803 D M_InsDal: Lcom/fsck/k9/mailstore/LocalFolder;--->getAccount()Lcom/fsck/k9/Account;
06-09 10:17:33.531 20780 20803 D M_InsDal: Lcom/fsck/k9/mailstore/LocalStore;--->getAccount()Lcom/fsck/k9/Account;
06-09 10:17:33.531 20780 20803 D M_InsDal: Lcom/fsck/k9/Account;--->getInboxFolderName()Ljava/lang/String;
06-09 10:17:33.531 20780 20803 D M_InsDal: Lcom/fsck/k9/mailstore/LocalFolder;--->getName()Ljava/lang/String;
06-09 10:17:33.531 20780 20803 D M_InsDal: Lcom/fsck/k9/mailstore/LocalFolder;--->open(Landroid/database/Cursor;)V
06-09 10:17:33.531 20780 20803 D M_InsDal: Lcom/fsck/k9/mail/Folder;--->setStatus(Ljava/lang/String;)V
06-09 10:17:33.531 20780 20803 D M_InsDal: Lcom/fsck/k9/mail/Folder;--->setLastChecked(J)V
06-09 10:17:33.531 20780 20803 D M_InsDal: Lcom/fsck/k9/mail/Folder;--->setLastPush(J)V
06-09 10:17:33.531 20780 20803 D M_InsDal: Lcom/fsck/k9/mail/Folder$FolderClass;--->valueOf(Ljava/lang/String;)Lcom/fsck/k9/mail/Folder$FolderClass;
06-09 10:17:33.531 20780 20803 D M_InsDal: Lcom/fsck/k9/mail/Folder$FolderClass;--->valueOf(Ljava/lang/String;)Lcom/fsck/k9/mail/Folder$FolderClass;
06-09 10:17:33.531 20780 20803 D M_InsDal: Lcom/fsck/k9/mailstore/LocalFolder$MoreMessages;--->fromDatabaseName(Ljava/lang/String;)Lcom/fsck/k9/mailstore/LocalFolder$MoreMessages;
06-09 10:17:33.531 20780 20803 D M_InsDal: Lcom/fsck/k9/mailstore/LocalFolder$MoreMessages;--->values()[Lcom/fsck/k9/mailstore/LocalFolder$MoreMessages;
06-09 10:17:33.531 20780 20803 D M_InsDal: Lcom/fsck/k9/mailstore/LocalFolder;---><init>(Lcom/fsck/k9/mailstore/LocalStore;Ljava/lang/String;)V
06-09 10:17:33.531 20780 20803 D M_InsDal: Lcom/fsck/k9/mail/Folder;---><init>()V
06-09 10:17:33.531 20780 20803 D M_InsDal: Lcom/fsck/k9/mailstore/LocalStore;--->getAttachmentInfoExtractor()Lcom/fsck/k9/message/extractors/AttachmentInfoExtractor;
06-09 10:17:33.531 20780 20803 D M_InsDal: Lcom/fsck/k9/mailstore/LocalFolder;--->getAccount()Lcom/fsck/k9/Account;
06-09 10:17:33.531 20780 20803 D M_InsDal: Lcom/fsck/k9/mailstore/LocalStore;--->getAccount()Lcom/fsck/k9/Account;
06-09 10:17:33.531 20780 20803 D M_InsDal: Lcom/fsck/k9/Account;--->getInboxFolderName()Ljava/lang/String;
06-09 10:17:33.531 20780 20803 D M_InsDal: Lcom/fsck/k9/mailstore/LocalFolder;--->getName()Ljava/lang/String;
06-09 10:17:33.531 20780 20803 D M_InsDal: Lcom/fsck/k9/mailstore/LocalFolder;--->open(Landroid/database/Cursor;)V
06-09 10:17:33.531 20780 20803 D M_InsDal: Lcom/fsck/k9/mail/Folder;--->setStatus(Ljava/lang/String;)V
06-09 10:17:33.531 20780 20803 D M_InsDal: Lcom/fsck/k9/mail/Folder;--->setLastChecked(J)V
06-09 10:17:33.531 20780 20803 D M_InsDal: Lcom/fsck/k9/mail/Folder;--->setLastPush(J)V
06-09 10:17:33.531 20780 20803 D M_InsDal: Lcom/fsck/k9/mail/Folder$FolderClass;--->valueOf(Ljava/lang/String;)Lcom/fsck/k9/mail/Folder$FolderClass;
06-09 10:17:33.531 20780 20803 D M_InsDal: Lcom/fsck/k9/mail/Folder$FolderClass;--->valueOf(Ljava/lang/String;)Lcom/fsck/k9/mail/Folder$FolderClass;
06-09 10:17:33.531 20780 20803 D M_InsDal: Lcom/fsck/k9/mailstore/LocalFolder$MoreMessages;--->fromDatabaseName(Ljava/lang/String;)Lcom/fsck/k9/mailstore/LocalFolder$MoreMessages;
06-09 10:17:33.531 20780 20803 D M_InsDal: Lcom/fsck/k9/mailstore/LocalFolder$MoreMessages;--->values()[Lcom/fsck/k9/mailstore/LocalFolder$MoreMessages;
06-09 10:17:33.531 20780 20803 D M_InsDal: Lcom/fsck/k9/helper/Utility;--->closeQuietly(Landroid/database/Cursor;)V
06-09 10:17:33.531 20780 20803 D M_InsDal: Lcom/fsck/k9/mailstore/LockableDatabase;--->unlockRead()V
06-09 10:17:33.531 20780 20803 D M_InsDal: Lcom/fsck/k9/mailstore/LockableDatabase;--->getStorageManager()Lcom/fsck/k9/mailstore/StorageManager;
06-09 10:17:33.531 20780 20803 D M_InsDal: Lcom/fsck/k9/mailstore/StorageManager;--->getInstance(Landroid/content/Context;)Lcom/fsck/k9/mailstore/StorageManager;
06-09 10:17:33.531 20780 20803 D M_InsDal: Lcom/fsck/k9/mailstore/StorageManager;--->unlockProvider(Ljava/lang/String;)V
06-09 10:17:33.531 20780 20803 D M_InsDal: Lcom/fsck/k9/mailstore/StorageManager;--->getProvider(Ljava/lang/String;)Lcom/fsck/k9/mailstore/StorageManager$StorageProvider;
06-09 10:17:33.531 20780 20803 D M_InsDal: Lcom/fsck/k9/mailstore/LocalFolder;--->getName()Ljava/lang/String;
06-09 10:17:33.531 20780 20803 D M_InsDal: Lcom/fsck/k9/Account;--->getOutboxFolderName()Ljava/lang/String;
06-09 10:17:33.531 20780 20803 D M_InsDal: Lcom/fsck/k9/mailstore/LocalFolder;--->open(I)V
06-09 10:17:33.531 20780 20803 D M_InsDal: Lcom/fsck/k9/mailstore/LocalFolder;--->isOpen()Z
06-09 10:17:33.531 20780 20803 D M_InsDal: Lcom/fsck/k9/mailstore/LocalFolder;--->getMode()I
06-09 10:17:33.531 20780 20803 D M_InsDal: Lcom/fsck/k9/mailstore/LocalFolder;--->getDisplayClass()Lcom/fsck/k9/mail/Folder$FolderClass;
06-09 10:17:33.531 20780 20803 D M_InsDal: Lcom/fsck/k9/mailstore/LocalFolder;--->getPushClass()Lcom/fsck/k9/mail/Folder$FolderClass;
06-09 10:17:33.531 20780 20803 D M_InsDal: Lcom/fsck/k9/controller/MessagingController;--->modeMismatch(Lcom/fsck/k9/Account$FolderMode;Lcom/fsck/k9/mail/Folder$FolderClass;)Z
06-09 10:17:33.531 20780 20803 D M_InsDal: Lcom/fsck/k9/controller/MessagingController;--->modeMismatch(Lcom/fsck/k9/Account$FolderMode;Lcom/fsck/k9/mail/Folder$FolderClass;)Z
06-09 10:17:33.531 20780 20803 D M_InsDal: Lcom/fsck/k9/mailstore/LocalFolder;--->getName()Ljava/lang/String;
06-09 10:17:33.531 20780 20803 D M_InsDal: Lcom/fsck/k9/Account;--->getOutboxFolderName()Ljava/lang/String;
06-09 10:17:33.531 20780 20803 D M_InsDal: Lcom/fsck/k9/mailstore/LocalFolder;--->open(I)V
06-09 10:17:33.531 20780 20803 D M_InsDal: Lcom/fsck/k9/mailstore/LocalFolder;--->isOpen()Z
06-09 10:17:33.531 20780 20803 D M_InsDal: Lcom/fsck/k9/mailstore/LocalFolder;--->getMode()I
06-09 10:17:33.531 20780 20803 D M_InsDal: Lcom/fsck/k9/mailstore/LocalFolder;--->getDisplayClass()Lcom/fsck/k9/mail/Folder$FolderClass;
06-09 10:17:33.531 20780 20803 D M_InsDal: Lcom/fsck/k9/mailstore/LocalFolder;--->getPushClass()Lcom/fsck/k9/mail/Folder$FolderClass;
06-09 10:17:33.531 20780 20803 D M_InsDal: Lcom/fsck/k9/controller/MessagingController;--->modeMismatch(Lcom/fsck/k9/Account$FolderMode;Lcom/fsck/k9/mail/Folder$FolderClass;)Z
06-09 10:17:33.531 20780 20803 D M_InsDal: Lcom/fsck/k9/controller/MessagingController;--->modeMismatch(Lcom/fsck/k9/Account$FolderMode;Lcom/fsck/k9/mail/Folder$FolderClass;)Z
06-09 10:17:33.531 20780 20803 D M_InsDal: Lcom/fsck/k9/mailstore/LocalFolder;--->getName()Ljava/lang/String;
06-09 10:17:33.531 20780 20803 D M_InsDal: Lcom/fsck/k9/Account;--->getOutboxFolderName()Ljava/lang/String;
06-09 10:17:33.531 20780 20803 D M_InsDal: Lcom/fsck/k9/mailstore/LocalFolder;--->open(I)V
06-09 10:17:33.531 20780 20803 D M_InsDal: Lcom/fsck/k9/mailstore/LocalFolder;--->isOpen()Z
06-09 10:17:33.531 20780 20803 D M_InsDal: Lcom/fsck/k9/mailstore/LocalFolder;--->getMode()I
06-09 10:17:33.531 20780 20803 D M_InsDal: Lcom/fsck/k9/mailstore/LocalFolder;--->getDisplayClass()Lcom/fsck/k9/mail/Folder$FolderClass;
06-09 10:17:33.531 20780 20803 D M_InsDal: Lcom/fsck/k9/mailstore/LocalFolder;--->getPushClass()Lcom/fsck/k9/mail/Folder$FolderClass;
06-09 10:17:33.531 20780 20803 D M_InsDal: Lcom/fsck/k9/controller/MessagingController;--->modeMismatch(Lcom/fsck/k9/Account$FolderMode;Lcom/fsck/k9/mail/Folder$FolderClass;)Z
06-09 10:17:33.531 20780 20803 D M_InsDal: Lcom/fsck/k9/controller/MessagingController;--->modeMismatch(Lcom/fsck/k9/Account$FolderMode;Lcom/fsck/k9/mail/Folder$FolderClass;)Z
06-09 10:17:33.531 20780 20803 D M_InsDal: Lcom/fsck/k9/Account;--->getDescription()Ljava/lang/String;
06-09 10:17:33.531 20780 20803 D M_InsDal: Lcom/fsck/k9/mailstore/LocalFolder;--->getName()Ljava/lang/String;
06-09 10:17:33.531 20780 20803 D M_InsDal: Lcom/fsck/k9/mailstore/LocalFolder;--->getName()Ljava/lang/String;
06-09 10:17:33.531 20780 20803 D M_InsDal: Lcom/fsck/k9/Account;--->getOutboxFolderName()Ljava/lang/String;
06-09 10:17:33.531 20780 20803 D M_InsDal: Lcom/fsck/k9/mailstore/LocalFolder;--->open(I)V
06-09 10:17:33.531 20780 20803 D M_InsDal: Lcom/fsck/k9/mailstore/LocalFolder;--->isOpen()Z
06-09 10:17:33.531 20780 20803 D M_InsDal: Lcom/fsck/k9/mailstore/LocalFolder;--->getMode()I
06-09 10:17:33.531 20780 20803 D M_InsDal: Lcom/fsck/k9/mailstore/LocalFolder;--->getDisplayClass()Lcom/fsck/k9/mail/Folder$FolderClass;
06-09 10:17:33.531 20780 20803 D M_InsDal: Lcom/fsck/k9/mailstore/LocalFolder;--->getPushClass()Lcom/fsck/k9/mail/Folder$FolderClass;
06-09 10:17:33.531 20780 20803 D M_InsDal: Lcom/fsck/k9/controller/MessagingController;--->modeMismatch(Lcom/fsck/k9/Account$FolderMode;Lcom/fsck/k9/mail/Folder$FolderClass;)Z
06-09 10:17:33.531 20780 20803 D M_InsDal: Lcom/fsck/k9/controller/MessagingController;--->modeMismatch(Lcom/fsck/k9/Account$FolderMode;Lcom/fsck/k9/mail/Folder$FolderClass;)Z
06-09 10:17:33.531 20780 20803 D M_InsDal: Lcom/fsck/k9/mailstore/LocalFolder;--->getName()Ljava/lang/String;
06-09 10:17:33.531 20780 20803 D M_InsDal: Lcom/fsck/k9/Account;--->getOutboxFolderName()Ljava/lang/String;
06-09 10:17:33.531 20780 20803 D M_InsDal: Lcom/fsck/k9/mailstore/LocalFolder;--->getName()Ljava/lang/String;
06-09 10:17:33.531 20780 20803 D M_InsDal: Lcom/fsck/k9/Account;--->getOutboxFolderName()Ljava/lang/String;
06-09 10:17:33.531 20780 20803 D M_InsDal: Lcom/fsck/k9/mailstore/LocalFolder;--->open(I)V
06-09 10:17:33.531 20780 20803 D M_InsDal: Lcom/fsck/k9/mailstore/LocalFolder;--->isOpen()Z
06-09 10:17:33.531 20780 20803 D M_InsDal: Lcom/fsck/k9/mailstore/LocalFolder;--->getMode()I
06-09 10:17:33.531 20780 20803 D M_InsDal: Lcom/fsck/k9/mailstore/LocalFolder;--->getDisplayClass()Lcom/fsck/k9/mail/Folder$FolderClass;
06-09 10:17:33.531 20780 20803 D M_InsDal: Lcom/fsck/k9/mailstore/LocalFolder;--->getPushClass()Lcom/fsck/k9/mail/Folder$FolderClass;
06-09 10:17:33.531 20780 20803 D M_InsDal: Lcom/fsck/k9/controller/MessagingController;--->modeMismatch(Lcom/fsck/k9/Account$FolderMode;Lcom/fsck/k9/mail/Folder$FolderClass;)Z
06-09 10:17:33.531 20780 20803 D M_InsDal: Lcom/fsck/k9/controller/MessagingController;--->modeMismatch(Lcom/fsck/k9/Account$FolderMode;Lcom/fsck/k9/mail/Folder$FolderClass;)Z
06-09 10:17:33.531 20780 20803 D M_InsDal: Lcom/fsck/k9/mailstore/LocalFolder;--->getName()Ljava/lang/String;
06-09 10:17:33.531 20780 20803 D M_InsDal: Lcom/fsck/k9/Account;--->getOutboxFolderName()Ljava/lang/String;
06-09 10:17:33.531 20780 20803 D M_InsDal: Lcom/fsck/k9/mailstore/LocalFolder;--->open(I)V
06-09 10:17:33.531 20780 20803 D M_InsDal: Lcom/fsck/k9/mailstore/LocalFolder;--->isOpen()Z
06-09 10:17:33.531 20780 20803 D M_InsDal: Lcom/fsck/k9/mailstore/LocalFolder;--->getMode()I
06-09 10:17:33.531 20780 20803 D M_InsDal: Lcom/fsck/k9/mailstore/LocalFolder;--->getDisplayClass()Lcom/fsck/k9/mail/Folder$FolderClass;
06-09 10:17:33.531 20780 20803 D M_InsDal: Lcom/fsck/k9/mailstore/LocalFolder;--->getPushClass()Lcom/fsck/k9/mail/Folder$FolderClass;
06-09 10:17:33.531 20780 20803 D M_InsDal: Lcom/fsck/k9/controller/MessagingController;--->modeMismatch(Lcom/fsck/k9/Account$FolderMode;Lcom/fsck/k9/mail/Folder$FolderClass;)Z
06-09 10:17:33.531 20780 20803 D M_InsDal: Lcom/fsck/k9/controller/MessagingController;--->modeMismatch(Lcom/fsck/k9/Account$FolderMode;Lcom/fsck/k9/mail/Folder$FolderClass;)Z
06-09 10:17:33.531 20780 20803 D M_InsDal: Lcom/fsck/k9/mailstore/LocalFolder;--->getName()Ljava/lang/String;
06-09 10:17:33.531 20780 20803 D M_InsDal: Lcom/fsck/k9/Account;--->getOutboxFolderName()Ljava/lang/String;
06-09 10:17:33.531 20780 20803 D M_InsDal: Lcom/fsck/k9/mailstore/LocalFolder;--->open(I)V
06-09 10:17:33.531 20780 20803 D M_InsDal: Lcom/fsck/k9/mailstore/LocalFolder;--->isOpen()Z
06-09 10:17:33.531 20780 20803 D M_InsDal: Lcom/fsck/k9/mailstore/LocalFolder;--->getMode()I
06-09 10:17:33.531 20780 20803 D M_InsDal: Lcom/fsck/k9/mailstore/LocalFolder;--->getDisplayClass()Lcom/fsck/k9/mail/Folder$FolderClass;
06-09 10:17:33.531 20780 20803 D M_InsDal: Lcom/fsck/k9/mailstore/LocalFolder;--->getPushClass()Lcom/fsck/k9/mail/Folder$FolderClass;
06-09 10:17:33.531 20780 20803 D M_InsDal: Lcom/fsck/k9/mailstore/LocalFolder;--->getSyncClass()Lcom/fsck/k9/mail/Folder$FolderClass;
06-09 10:17:33.531 20780 20803 D M_InsDal: Lcom/fsck/k9/controller/MessagingController;--->modeMismatch(Lcom/fsck/k9/Account$FolderMode;Lcom/fsck/k9/mail/Folder$FolderClass;)Z
06-09 10:17:33.531 20780 20803 D M_InsDal: Lcom/fsck/k9/controller/MessagingController;--->modeMismatch(Lcom/fsck/k9/Account$FolderMode;Lcom/fsck/k9/mail/Folder$FolderClass;)Z
06-09 10:17:33.531 20780 20803 D M_InsDal: Lcom/fsck/k9/mailstore/LocalFolder;--->getName()Ljava/lang/String;
06-09 10:17:33.531 20780 20803 D M_InsDal: Lcom/fsck/k9/Account;--->getOutboxFolderName()Ljava/lang/String;
06-09 10:17:33.531 20780 20803 D M_InsDal: Lcom/fsck/k9/mailstore/LocalFolder;--->open(I)V
06-09 10:17:33.531 20780 20803 D M_InsDal: Lcom/fsck/k9/mailstore/LocalFolder;--->isOpen()Z
06-09 10:17:33.531 20780 20803 D M_InsDal: Lcom/fsck/k9/mailstore/LocalFolder;--->getMode()I
06-09 10:17:33.531 20780 20803 D M_InsDal: Lcom/fsck/k9/mailstore/LocalFolder;--->getDisplayClass()Lcom/fsck/k9/mail/Folder$FolderClass;
06-09 10:17:33.531 20780 20803 D M_InsDal: Lcom/fsck/k9/mailstore/LocalFolder;--->getPushClass()Lcom/fsck/k9/mail/Folder$FolderClass;
06-09 10:17:33.531 20780 20803 D M_InsDal: Lcom/fsck/k9/mailstore/LocalFolder;--->getSyncClass()Lcom/fsck/k9/mail/Folder$FolderClass;
06-09 10:17:33.531 20780 20803 D M_InsDal: Lcom/fsck/k9/controller/MessagingController;--->modeMismatch(Lcom/fsck/k9/Account$FolderMode;Lcom/fsck/k9/mail/Folder$FolderClass;)Z
06-09 10:17:33.531 20780 20803 D M_InsDal: Lcom/fsck/k9/controller/MessagingController;--->modeMismatch(Lcom/fsck/k9/Account$FolderMode;Lcom/fsck/k9/mail/Folder$FolderClass;)Z
06-09 10:17:33.531 20780 20803 D M_InsDal: Lcom/fsck/k9/mailstore/LocalFolder;--->getName()Ljava/lang/String;
06-09 10:17:33.531 20780 20803 D M_InsDal: Lcom/fsck/k9/Account;--->getOutboxFolderName()Ljava/lang/String;
06-09 10:17:33.531 20780 20803 D M_InsDal: Lcom/fsck/k9/mailstore/LocalFolder;--->open(I)V
06-09 10:17:33.531 20780 20803 D M_InsDal: Lcom/fsck/k9/mailstore/LocalFolder;--->isOpen()Z
06-09 10:17:33.531 20780 20803 D M_InsDal: Lcom/fsck/k9/mailstore/LocalFolder;--->getMode()I
06-09 10:17:33.531 20780 20803 D M_InsDal: Lcom/fsck/k9/mailstore/LocalFolder;--->getDisplayClass()Lcom/fsck/k9/mail/Folder$FolderClass;
06-09 10:17:33.531 20780 20803 D M_InsDal: Lcom/fsck/k9/mailstore/LocalFolder;--->getPushClass()Lcom/fsck/k9/mail/Folder$FolderClass;
06-09 10:17:33.531 20780 20803 D M_InsDal: Lcom/fsck/k9/mailstore/LocalFolder;--->getSyncClass()Lcom/fsck/k9/mail/Folder$FolderClass;
06-09 10:17:33.531 20780 20803 D M_InsDal: Lcom/fsck/k9/controller/MessagingController;--->modeMismatch(Lcom/fsck/k9/Account$FolderMode;Lcom/fsck/k9/mail/Folder$FolderClass;)Z
06-09 10:17:33.531 20780 20803 D M_InsDal: Lcom/fsck/k9/controller/MessagingController;--->modeMismatch(Lcom/fsck/k9/Account$FolderMode;Lcom/fsck/k9/mail/Folder$FolderClass;)Z
06-09 10:17:33.531 20780 20803 D M_InsDal: Lcom/fsck/k9/mailstore/LocalFolder;--->getName()Ljava/lang/String;
06-09 10:17:33.531 20780 20803 D M_InsDal: Lcom/fsck/k9/Account;--->getOutboxFolderName()Ljava/lang/String;
06-09 10:17:33.531 20780 20803 D M_InsDal: Lcom/fsck/k9/mailstore/LocalFolder;--->open(I)V
06-09 10:17:33.531 20780 20803 D M_InsDal: Lcom/fsck/k9/mailstore/LocalFolder;--->isOpen()Z
06-09 10:17:33.531 20780 20803 D M_InsDal: Lcom/fsck/k9/mailstore/LocalFolder;--->getMode()I
06-09 10:17:33.531 20780 20803 D M_InsDal: Lcom/fsck/k9/mailstore/LocalFolder;--->getDisplayClass()Lcom/fsck/k9/mail/Folder$FolderClass;
06-09 10:17:33.531 20780 20803 D M_InsDal: Lcom/fsck/k9/mailstore/LocalFolder;--->getPushClass()Lcom/fsck/k9/mail/Folder$FolderClass;
06-09 10:17:33.531 20780 20803 D M_InsDal: Lcom/fsck/k9/mailstore/LocalFolder;--->getSyncClass()Lcom/fsck/k9/mail/Folder$FolderClass;
06-09 10:17:33.531 20780 20803 D M_InsDal: Lcom/fsck/k9/controller/MessagingController;--->modeMismatch(Lcom/fsck/k9/Account$FolderMode;Lcom/fsck/k9/mail/Folder$FolderClass;)Z
06-09 10:17:33.531 20780 20803 D M_InsDal: Lcom/fsck/k9/controller/MessagingController;--->modeMismatch(Lcom/fsck/k9/Account$FolderMode;Lcom/fsck/k9/mail/Folder$FolderClass;)Z
06-09 10:17:33.531 20780 20803 D M_InsDal: Lcom/fsck/k9/Account;--->getDescription()Ljava/lang/String;
06-09 10:17:33.531 20780 20803 D M_InsDal: Lcom/fsck/k9/mailstore/LocalFolder;--->getName()Ljava/lang/String;
06-09 10:17:33.531 20780 20803 D M_InsDal: Lcom/fsck/k9/mailstore/LocalFolder;--->getName()Ljava/lang/String;
06-09 10:17:33.532 20780 20803 D M_InsDal: Lcom/fsck/k9/controller/MessagingControllerPushReceiver;---><init>(Landroid/content/Context;Lcom/fsck/k9/Account;Lcom/fsck/k9/controller/MessagingController;)V
06-09 10:17:33.532 20780 20803 D M_InsDal: Lcom/fsck/k9/Account;--->getMaxPushFolders()I
06-09 10:17:33.532 20780 20803 D M_InsDal: Lcom/fsck/k9/Account;--->getRemoteStore()Lcom/fsck/k9/mail/Store;
06-09 10:17:33.532 20780 20803 D M_InsDal: Lcom/fsck/k9/mail/store/RemoteStore;---><clinit>()V
06-09 10:17:33.532 20780 20803 D M_InsDal: Lcom/fsck/k9/mail/store/RemoteStore;--->getInstance(Landroid/content/Context;Lcom/fsck/k9/mail/store/StoreConfig;)Lcom/fsck/k9/mail/Store;
06-09 10:17:33.532 20780 20803 D M_InsDal: Lcom/fsck/k9/Account;--->getStoreUri()Ljava/lang/String;
06-09 10:17:33.532 20780 20803 D M_InsDal: Lcom/fsck/k9/mail/ssl/DefaultTrustedSocketFactory;---><clinit>()V
06-09 10:17:33.532 20780 20803 D M_InsDal: Lcom/fsck/k9/mail/ssl/DefaultTrustedSocketFactory;--->hasWeakSslImplementation()Z
06-09 10:17:33.532 20780 20803 D M_InsDal: Lcom/fsck/k9/mail/ssl/DefaultTrustedSocketFactory;--->remove([Ljava/lang/String;[Ljava/lang/String;)[Ljava/lang/String;
06-09 10:17:33.532 20780 20803 D M_InsDal: Lcom/fsck/k9/mail/ssl/DefaultTrustedSocketFactory;--->remove([Ljava/lang/String;[Ljava/lang/String;)[Ljava/lang/String;
06-09 10:17:33.532 20780 20803 D M_InsDal: Lcom/fsck/k9/mail/ssl/DefaultTrustedSocketFactory;---><init>(Landroid/content/Context;)V
06-09 10:17:33.532 20780 20803 D M_InsDal: Lcom/fsck/k9/mail/store/imap/ImapStore;---><init>(Lcom/fsck/k9/mail/store/StoreConfig;Lcom/fsck/k9/mail/ssl/TrustedSocketFactory;Landroid/net/ConnectivityManager;Lcom/fsck/k9/mail/oauth/OAuth2TokenProvider;)V
06-09 10:17:33.532 20780 20803 D M_InsDal: Lcom/fsck/k9/mail/store/RemoteStore;---><init>(Lcom/fsck/k9/mail/store/StoreConfig;Lcom/fsck/k9/mail/ssl/TrustedSocketFactory;)V
06-09 10:17:33.532 20780 20803 D M_InsDal: Lcom/fsck/k9/mail/Store;---><init>()V
06-09 10:17:33.532 20780 20803 D M_InsDal: Lcom/fsck/k9/Account;--->getStoreUri()Ljava/lang/String;
06-09 10:17:33.532 20780 20803 D M_InsDal: Lcom/fsck/k9/mail/store/imap/ImapStore;--->decodeUri(Ljava/lang/String;)Lcom/fsck/k9/mail/store/imap/ImapStoreSettings;
06-09 10:17:33.532 20780 20803 D M_InsDal: Lcom/fsck/k9/mail/store/imap/ImapStoreUriDecoder;--->decode(Ljava/lang/String;)Lcom/fsck/k9/mail/store/imap/ImapStoreSettings;
06-09 10:17:33.532 20780 20803 D M_InsDal: Lcom/fsck/k9/mail/ConnectionSecurity;---><clinit>()V
06-09 10:17:33.532 20780 20803 D M_InsDal: Lcom/fsck/k9/mail/ConnectionSecurity;---><init>(Ljava/lang/String;I)V
06-09 10:17:33.532 20780 20803 D M_InsDal: Lcom/fsck/k9/mail/ConnectionSecurity;---><init>(Ljava/lang/String;I)V
06-09 10:17:33.532 20780 20803 D M_InsDal: Lcom/fsck/k9/mail/ServerSettings$Type;---><clinit>()V
06-09 10:17:33.532 20780 20803 D M_InsDal: Lcom/fsck/k9/mail/ServerSettings$Type;---><init>(Ljava/lang/String;III)V
06-09 10:17:33.532 20780 20803 D M_InsDal: Lcom/fsck/k9/mail/ServerSettings$Type;---><init>(Ljava/lang/String;III)V
06-09 10:17:33.532 20780 20803 D M_InsDal: Lcom/fsck/k9/mail/AuthType;---><clinit>()V
06-09 10:17:33.532 20780 20803 D M_InsDal: Lcom/fsck/k9/mail/AuthType;---><init>(Ljava/lang/String;I)V
06-09 10:17:33.532 20780 20803 D M_InsDal: Lcom/fsck/k9/mail/AuthType;---><init>(Ljava/lang/String;I)V
06-09 10:17:33.532 20780 20803 D M_InsDal: Lcom/fsck/k9/mail/AuthType;--->valueOf(Ljava/lang/String;)Lcom/fsck/k9/mail/AuthType;
06-09 10:17:33.532 20780 20803 D M_InsDal: Lcom/fsck/k9/mail/AuthType;--->values()[Lcom/fsck/k9/mail/AuthType;
06-09 10:17:33.532 20780 20803 D M_InsDal: Lcom/fsck/k9/mail/helper/UrlEncodingHelper;--->decodeUtf8(Ljava/lang/String;)Ljava/lang/String;
06-09 10:17:33.532 20780 20803 D M_InsDal: Lcom/fsck/k9/mail/helper/UrlEncodingHelper;--->decodeUtf8(Ljava/lang/String;)Ljava/lang/String;
06-09 10:17:33.532 20780 20803 D M_InsDal: Lcom/fsck/k9/mail/store/imap/ImapStoreSettings;---><init>(Ljava/lang/String;ILcom/fsck/k9/mail/ConnectionSecurity;Lcom/fsck/k9/mail/AuthType;Ljava/lang/String;Ljava/lang/String;Ljava/lang/String;ZLjava/lang/String;)V
06-09 10:17:33.532 20780 20803 D M_InsDal: Lcom/fsck/k9/mail/ServerSettings;---><init>(Lcom/fsck/k9/mail/ServerSettings$Type;Ljava/lang/String;ILcom/fsck/k9/mail/ConnectionSecurity;Lcom/fsck/k9/mail/AuthType;Ljava/lang/String;Ljava/lang/String;Ljava/lang/String;)V
06-09 10:17:33.532 20780 20803 D M_InsDal: Lcom/fsck/k9/mail/store/imap/FolderNameCodec;--->newInstance()Lcom/fsck/k9/mail/store/imap/FolderNameCodec;
06-09 10:17:33.532 20780 20803 D M_InsDal: Lcom/fsck/k9/mail/store/imap/FolderNameCodec;---><init>()V
06-09 10:17:33.532 20780 20803 D M_InsDal: Lcom/fsck/k9/mail/store/imap/ImapStore;--->isPushCapable()Z
06-09 10:17:33.533 20780 20803 D M_InsDal: Lcom/fsck/k9/mail/store/imap/ImapStore;--->getPusher(Lcom/fsck/k9/mail/PushReceiver;)Lcom/fsck/k9/mail/Pusher;
06-09 10:17:33.533 20780 20803 D M_InsDal: Lcom/fsck/k9/mail/store/imap/ImapPusher;---><init>(Lcom/fsck/k9/mail/store/imap/ImapStore;Lcom/fsck/k9/mail/PushReceiver;)V
06-09 10:17:33.533 20780 20803 D M_InsDal: Lcom/fsck/k9/Account;--->hashCode()I
06-09 10:17:33.533 20780 20803 D M_InsDal: Lcom/fsck/k9/mail/store/imap/ImapPusher;--->start(Ljava/util/List;)V
06-09 10:17:33.533 20780 20803 D M_InsDal: Lcom/fsck/k9/mail/store/imap/ImapPusher;--->stop()V
06-09 10:17:33.533 20780 20803 D M_InsDal: Lcom/fsck/k9/mail/K9MailLib;--->isDebug()Z
06-09 10:17:33.533 20780 20803 D M_InsDal: Lcom/fsck/k9/K9$2;--->enabled()Z
06-09 10:17:33.533 20780 20803 D M_InsDal: Lcom/fsck/k9/mail/store/imap/ImapPusher;--->currentTimeMillis()J
06-09 10:17:33.533 20780 20803 D M_InsDal: Lcom/fsck/k9/mail/store/imap/ImapPusher;--->setLastRefresh(J)V
06-09 10:17:33.533 20780 20803 D M_InsDal: Lcom/fsck/k9/mail/store/imap/ImapPusher;--->createImapFolderPusher(Ljava/lang/String;)Lcom/fsck/k9/mail/store/imap/ImapFolderPusher;
06-09 10:17:33.533 20780 20803 D M_InsDal: Lcom/fsck/k9/mail/store/imap/ImapFolder;---><clinit>()V
06-09 10:17:33.533 20780 20803 D M_InsDal: Lcom/fsck/k9/mail/store/imap/ImapFolder$1;---><init>()V
06-09 10:17:33.533 20780 20803 D M_InsDal: Lcom/fsck/k9/mail/store/imap/ImapFolderPusher;---><init>(Lcom/fsck/k9/mail/store/imap/ImapStore;Ljava/lang/String;Lcom/fsck/k9/mail/PushReceiver;)V
06-09 10:17:33.533 20780 20803 D M_InsDal: Lcom/fsck/k9/mail/store/imap/ImapFolder;---><init>(Lcom/fsck/k9/mail/store/imap/ImapStore;Ljava/lang/String;)V
06-09 10:17:33.533 20780 20803 D M_InsDal: Lcom/fsck/k9/mail/store/imap/ImapStore;--->getFolderNameCodec()Lcom/fsck/k9/mail/store/imap/FolderNameCodec;
06-09 10:17:33.533 20780 20803 D M_InsDal: Lcom/fsck/k9/mail/store/imap/ImapFolder;---><init>(Lcom/fsck/k9/mail/store/imap/ImapStore;Ljava/lang/String;Lcom/fsck/k9/mail/store/imap/FolderNameCodec;)V
06-09 10:17:33.533 20780 20803 D M_InsDal: Lcom/fsck/k9/mail/Folder;---><init>()V
06-09 10:17:33.533 20780 20803 D M_InsDal: Lcom/fsck/k9/mail/store/imap/ImapFolderPusher$IdleStopper;---><init>()V
06-09 10:17:33.533 20780 20803 D M_InsDal: Lcom/fsck/k9/controller/MessagingControllerPushReceiver;--->getContext()Landroid/content/Context;
06-09 10:17:33.533 20780 20803 D M_InsDal: Lcom/fsck/k9/mail/power/TracingPowerManager;--->getPowerManager(Landroid/content/Context;)Lcom/fsck/k9/mail/power/TracingPowerManager;
06-09 10:17:33.533 20780 20803 D M_InsDal: Lcom/fsck/k9/mail/store/imap/ImapStore;--->getStoreConfig()Lcom/fsck/k9/mail/store/StoreConfig;
06-09 10:17:33.533 20780 20803 D M_InsDal: Lcom/fsck/k9/Account;--->toString()Ljava/lang/String;
06-09 10:17:33.533 20780 20803 D M_InsDal: Lcom/fsck/k9/mail/store/imap/ImapFolder;--->getName()Ljava/lang/String;
06-09 10:17:33.533 20780 20803 D M_InsDal: Lcom/fsck/k9/mail/power/TracingPowerManager;--->newWakeLock(ILjava/lang/String;)Lcom/fsck/k9/mail/power/TracingPowerManager$TracingWakeLock;
06-09 10:17:33.533 20780 20803 D M_InsDal: Lcom/fsck/k9/mail/power/TracingPowerManager$TracingWakeLock;---><init>(Lcom/fsck/k9/mail/power/TracingPowerManager;ILjava/lang/String;)V
06-09 10:17:33.533 20780 20803 D M_InsDal: Lcom/fsck/k9/mail/K9MailLib;--->isDebug()Z
06-09 10:17:33.533 20780 20803 D M_InsDal: Lcom/fsck/k9/K9$2;--->enabled()Z
06-09 10:17:33.533 20780 20803 D M_InsDal: Lcom/fsck/k9/mail/power/TracingPowerManager$TracingWakeLock;--->setReferenceCounted(Z)V
06-09 10:17:33.533 20780 20803 D M_InsDal: Lcom/fsck/k9/mail/store/imap/ImapFolderPusher;--->start()V
06-09 10:17:33.533 20780 20803 D M_InsDal: Lcom/fsck/k9/mail/store/imap/ImapFolderPusher$PushRunnable;---><init>(Lcom/fsck/k9/mail/store/imap/ImapFolderPusher;)V
06-09 10:17:33.533 20780 20803 D M_InsDal: Lcom/fsck/k9/mail/store/imap/ImapPusher;--->createImapFolderPusher(Ljava/lang/String;)Lcom/fsck/k9/mail/store/imap/ImapFolderPusher;
06-09 10:17:33.533 20780 20803 D M_InsDal: Lcom/fsck/k9/mail/store/imap/ImapFolderPusher;---><init>(Lcom/fsck/k9/mail/store/imap/ImapStore;Ljava/lang/String;Lcom/fsck/k9/mail/PushReceiver;)V
06-09 10:17:33.533 20780 20803 D M_InsDal: Lcom/fsck/k9/mail/store/imap/ImapFolder;---><init>(Lcom/fsck/k9/mail/store/imap/ImapStore;Ljava/lang/String;)V
06-09 10:17:33.533 20780 20803 D M_InsDal: Lcom/fsck/k9/mail/store/imap/ImapStore;--->getFolderNameCodec()Lcom/fsck/k9/mail/store/imap/FolderNameCodec;
06-09 10:17:33.533 20780 20803 D M_InsDal: Lcom/fsck/k9/mail/store/imap/ImapFolder;---><init>(Lcom/fsck/k9/mail/store/imap/ImapStore;Ljava/lang/String;Lcom/fsck/k9/mail/store/imap/FolderNameCodec;)V
06-09 10:17:33.533 20780 20803 D M_InsDal: Lcom/fsck/k9/mail/Folder;---><init>()V
06-09 10:17:33.533 20780 20803 D M_InsDal: Lcom/fsck/k9/mail/store/imap/ImapFolderPusher$IdleStopper;---><init>()V
06-09 10:17:33.533 20780 20803 D M_InsDal: Lcom/fsck/k9/controller/MessagingControllerPushReceiver;--->getContext()Landroid/content/Context;
06-09 10:17:33.533 20780 20803 D M_InsDal: Lcom/fsck/k9/mail/power/TracingPowerManager;--->getPowerManager(Landroid/content/Context;)Lcom/fsck/k9/mail/power/TracingPowerManager;
06-09 10:17:33.533 20780 20803 D M_InsDal: Lcom/fsck/k9/mail/store/imap/ImapStore;--->getStoreConfig()Lcom/fsck/k9/mail/store/StoreConfig;
06-09 10:17:33.533 20780 20803 D M_InsDal: Lcom/fsck/k9/Account;--->toString()Ljava/lang/String;
06-09 10:17:33.533 20780 20803 D M_InsDal: Lcom/fsck/k9/mail/store/imap/ImapFolder;--->getName()Ljava/lang/String;
06-09 10:17:33.533 20780 20803 D M_InsDal: Lcom/fsck/k9/mail/power/TracingPowerManager;--->newWakeLock(ILjava/lang/String;)Lcom/fsck/k9/mail/power/TracingPowerManager$TracingWakeLock;
06-09 10:17:33.533 20780 20803 D M_InsDal: Lcom/fsck/k9/mail/power/TracingPowerManager$TracingWakeLock;---><init>(Lcom/fsck/k9/mail/power/TracingPowerManager;ILjava/lang/String;)V
06-09 10:17:33.533 20780 20803 D M_InsDal: Lcom/fsck/k9/mail/K9MailLib;--->isDebug()Z
06-09 10:17:33.533 20780 20803 D M_InsDal: Lcom/fsck/k9/K9$2;--->enabled()Z
06-09 10:17:33.533 20780 20803 D M_InsDal: Lcom/fsck/k9/mail/power/TracingPowerManager$TracingWakeLock;--->setReferenceCounted(Z)V
06-09 10:17:33.533 20780 20803 D M_InsDal: Lcom/fsck/k9/mail/store/imap/ImapFolderPusher;--->start()V
06-09 10:17:33.533 20780 20803 D M_InsDal: Lcom/fsck/k9/mail/store/imap/ImapFolderPusher$PushRunnable;---><init>(Lcom/fsck/k9/mail/store/imap/ImapFolderPusher;)V
06-09 10:17:33.533 20780 20803 D M_InsDal: Lcom/fsck/k9/service/PushService;--->startService(Landroid/content/Context;)V
06-09 10:17:33.533 20780 20803 D M_InsDal: Lcom/fsck/k9/service/CoreService;--->addWakeLock(Landroid/content/Context;Landroid/content/Intent;)V
06-09 10:17:33.533 20780 20803 D M_InsDal: Lcom/fsck/k9/service/CoreService;--->acquireWakeLock(Landroid/content/Context;Ljava/lang/String;J)Lcom/fsck/k9/mail/power/TracingPowerManager$TracingWakeLock;
06-09 10:17:33.533 20780 20803 D M_InsDal: Lcom/fsck/k9/mail/power/TracingPowerManager;--->getPowerManager(Landroid/content/Context;)Lcom/fsck/k9/mail/power/TracingPowerManager;
06-09 10:17:33.533 20780 20803 D M_InsDal: Lcom/fsck/k9/mail/power/TracingPowerManager;--->newWakeLock(ILjava/lang/String;)Lcom/fsck/k9/mail/power/TracingPowerManager$TracingWakeLock;
06-09 10:17:33.533 20780 20803 D M_InsDal: Lcom/fsck/k9/mail/power/TracingPowerManager$TracingWakeLock;---><init>(Lcom/fsck/k9/mail/power/TracingPowerManager;ILjava/lang/String;)V
06-09 10:17:33.533 20780 20803 D M_InsDal: Lcom/fsck/k9/mail/K9MailLib;--->isDebug()Z
06-09 10:17:33.533 20780 20803 D M_InsDal: Lcom/fsck/k9/K9$2;--->enabled()Z
06-09 10:17:33.533 20780 20803 D M_InsDal: Lcom/fsck/k9/mail/power/TracingPowerManager$TracingWakeLock;--->setReferenceCounted(Z)V
06-09 10:17:33.533 20780 20803 D M_InsDal: Lcom/fsck/k9/mail/power/TracingPowerManager$TracingWakeLock;--->acquire(J)V
06-09 10:17:33.533 20780 20805 D M_InsDal: Lcom/fsck/k9/mail/store/imap/ImapFolderPusher$PushRunnable;--->run()V
06-09 10:17:33.533 20780 20805 D M_InsDal: Lcom/fsck/k9/mail/power/TracingPowerManager$TracingWakeLock;--->acquire(J)V
06-09 10:17:33.533 20780 20806 D M_InsDal: Lcom/fsck/k9/mail/store/imap/ImapFolderPusher$PushRunnable;--->run()V
06-09 10:17:33.533 20780 20806 D M_InsDal: Lcom/fsck/k9/mail/power/TracingPowerManager$TracingWakeLock;--->acquire(J)V
06-09 10:17:33.534 20780 20803 D M_InsDal: Lcom/fsck/k9/mail/K9MailLib;--->isDebug()Z
06-09 10:17:33.534 20780 20803 D M_InsDal: Lcom/fsck/k9/K9$2;--->enabled()Z
06-09 10:17:33.534 20780 20803 D M_InsDal: Lcom/fsck/k9/mail/power/TracingPowerManager$TracingWakeLock;--->raiseNotification()V
06-09 10:17:33.534 20780 20803 D M_InsDal: Lcom/fsck/k9/service/CoreService;--->registerWakeLock(Lcom/fsck/k9/mail/power/TracingPowerManager$TracingWakeLock;)Ljava/lang/Integer;
06-09 10:17:33.534 20780 20803 D M_InsDal: Lcom/fsck/k9/service/MailService;--->schedulePushers()V
06-09 10:17:33.534 20780 20803 D M_InsDal: Lcom/fsck/k9/controller/MessagingController;--->getInstance(Landroid/content/Context;)Lcom/fsck/k9/controller/MessagingController;
06-09 10:17:33.534 20780 20803 D M_InsDal: Lcom/fsck/k9/controller/MessagingController;--->getPushers()Ljava/util/Collection;
06-09 10:17:33.534 20780 20803 D M_InsDal: Lcom/fsck/k9/mail/store/imap/ImapPusher;--->getRefreshInterval()I
06-09 10:17:33.534 20780 20803 D M_InsDal: Lcom/fsck/k9/mail/store/imap/ImapStore;--->getStoreConfig()Lcom/fsck/k9/mail/store/StoreConfig;
06-09 10:17:33.534 20780 20803 D M_InsDal: Lcom/fsck/k9/Account;--->getIdleRefreshMinutes()I
06-09 10:17:33.534 20780 20805 D M_InsDal: Lcom/fsck/k9/mail/K9MailLib;--->isDebug()Z
06-09 10:17:33.534 20780 20803 D M_InsDal: Lcom/fsck/k9/service/BootReceiver;--->scheduleIntent(Landroid/content/Context;JLandroid/content/Intent;)V
06-09 10:17:33.534 20780 20805 D M_InsDal: Lcom/fsck/k9/K9$2;--->enabled()Z
06-09 10:17:33.534 20780 20805 D M_InsDal: Lcom/fsck/k9/mail/power/TracingPowerManager$TracingWakeLock;--->raiseNotification()V
06-09 10:17:33.534 20780 20805 D M_InsDal: Lcom/fsck/k9/mail/K9MailLib;--->isDebug()Z
06-09 10:17:33.534 20780 20805 D M_InsDal: Lcom/fsck/k9/K9$2;--->enabled()Z
06-09 10:17:33.534 20780 20805 D M_InsDal: Lcom/fsck/k9/mail/store/imap/ImapFolderPusher$PushRunnable;--->getOldUidNext()J
06-09 10:17:33.534 20780 20805 D M_InsDal: Lcom/fsck/k9/mail/store/imap/ImapFolder;--->getName()Ljava/lang/String;
06-09 10:17:33.534 20780 20806 D M_InsDal: Lcom/fsck/k9/mail/K9MailLib;--->isDebug()Z
06-09 10:17:33.534 20780 20806 D M_InsDal: Lcom/fsck/k9/K9$2;--->enabled()Z
06-09 10:17:33.534 20780 20805 D M_InsDal: Lcom/fsck/k9/controller/MessagingControllerPushReceiver;--->getPushState(Ljava/lang/String;)Ljava/lang/String;
06-09 10:17:33.534 20780 20806 D M_InsDal: Lcom/fsck/k9/mail/power/TracingPowerManager$TracingWakeLock;--->raiseNotification()V
06-09 10:17:33.534 20780 20805 D M_InsDal: Lcom/fsck/k9/Account;--->getLocalStore()Lcom/fsck/k9/mailstore/LocalStore;
06-09 10:17:33.534 20780 20805 D M_InsDal: Lcom/fsck/k9/mailstore/LocalStore;--->getInstance(Lcom/fsck/k9/Account;Landroid/content/Context;)Lcom/fsck/k9/mailstore/LocalStore;
06-09 10:17:33.534 20780 20805 D M_InsDal: Lcom/fsck/k9/Account;--->getUuid()Ljava/lang/String;
06-09 10:17:33.534 20780 20806 D M_InsDal: Lcom/fsck/k9/mail/K9MailLib;--->isDebug()Z
06-09 10:17:33.534 20780 20806 D M_InsDal: Lcom/fsck/k9/K9$2;--->enabled()Z
06-09 10:17:33.534 20780 20806 D M_InsDal: Lcom/fsck/k9/mail/store/imap/ImapFolderPusher$PushRunnable;--->getOldUidNext()J
06-09 10:17:33.534 20780 20805 D M_InsDal: Lcom/fsck/k9/mailstore/LocalStore;--->getFolder(Ljava/lang/String;)Lcom/fsck/k9/mailstore/LocalFolder;
06-09 10:17:33.534 20780 20806 D M_InsDal: Lcom/fsck/k9/mail/store/imap/ImapFolder;--->getName()Ljava/lang/String;
06-09 10:17:33.534 20780 20805 D M_InsDal: Lcom/fsck/k9/mailstore/LocalFolder;---><init>(Lcom/fsck/k9/mailstore/LocalStore;Ljava/lang/String;)V
06-09 10:17:33.534 20780 20805 D M_InsDal: Lcom/fsck/k9/mail/Folder;---><init>()V
06-09 10:17:33.534 20780 20806 D M_InsDal: Lcom/fsck/k9/controller/MessagingControllerPushReceiver;--->getPushState(Ljava/lang/String;)Ljava/lang/String;
06-09 10:17:33.534 20780 20806 D M_InsDal: Lcom/fsck/k9/Account;--->getLocalStore()Lcom/fsck/k9/mailstore/LocalStore;
06-09 10:17:33.534 20780 20805 D M_InsDal: Lcom/fsck/k9/mailstore/LocalStore;--->getAttachmentInfoExtractor()Lcom/fsck/k9/message/extractors/AttachmentInfoExtractor;
06-09 10:17:33.534 20780 20805 D M_InsDal: Lcom/fsck/k9/mailstore/LocalFolder;--->getAccount()Lcom/fsck/k9/Account;
06-09 10:17:33.534 20780 20806 D M_InsDal: Lcom/fsck/k9/mailstore/LocalStore;--->getInstance(Lcom/fsck/k9/Account;Landroid/content/Context;)Lcom/fsck/k9/mailstore/LocalStore;
06-09 10:17:33.534 20780 20805 D M_InsDal: Lcom/fsck/k9/mailstore/LocalStore;--->getAccount()Lcom/fsck/k9/Account;
06-09 10:17:33.534 20780 20805 D M_InsDal: Lcom/fsck/k9/Account;--->getInboxFolderName()Ljava/lang/String;
06-09 10:17:33.534 20780 20806 D M_InsDal: Lcom/fsck/k9/Account;--->getUuid()Ljava/lang/String;
06-09 10:17:33.534 20780 20805 D M_InsDal: Lcom/fsck/k9/mailstore/LocalFolder;--->getName()Ljava/lang/String;
06-09 10:17:33.534 20780 20805 D M_InsDal: Lcom/fsck/k9/mailstore/LocalFolder;--->open(I)V
06-09 10:17:33.534 20780 20806 D M_InsDal: Lcom/fsck/k9/mailstore/LocalStore;--->getFolder(Ljava/lang/String;)Lcom/fsck/k9/mailstore/LocalFolder;
06-09 10:17:33.534 20780 20805 D M_InsDal: Lcom/fsck/k9/mailstore/LocalFolder;--->isOpen()Z
06-09 10:17:33.534 20780 20806 D M_InsDal: Lcom/fsck/k9/mailstore/LocalFolder;---><init>(Lcom/fsck/k9/mailstore/LocalStore;Ljava/lang/String;)V
06-09 10:17:33.534 20780 20806 D M_InsDal: Lcom/fsck/k9/mail/Folder;---><init>()V
06-09 10:17:33.534 20780 20805 D M_InsDal: Lcom/fsck/k9/mailstore/LocalFolder;--->isOpen()Z
06-09 10:17:33.534 20780 20805 D M_InsDal: Lcom/fsck/k9/mailstore/LocalStore;--->getDatabase()Lcom/fsck/k9/mailstore/LockableDatabase;
06-09 10:17:33.534 20780 20806 D M_InsDal: Lcom/fsck/k9/mailstore/LocalStore;--->getAttachmentInfoExtractor()Lcom/fsck/k9/message/extractors/AttachmentInfoExtractor;
06-09 10:17:33.534 20780 20806 D M_InsDal: Lcom/fsck/k9/mailstore/LocalFolder;--->getAccount()Lcom/fsck/k9/Account;
06-09 10:17:33.534 20780 20806 D M_InsDal: Lcom/fsck/k9/mailstore/LocalStore;--->getAccount()Lcom/fsck/k9/Account;
06-09 10:17:33.534 20780 20806 D M_InsDal: Lcom/fsck/k9/Account;--->getInboxFolderName()Ljava/lang/String;
06-09 10:17:33.534 20780 20806 D M_InsDal: Lcom/fsck/k9/mailstore/LocalFolder;--->getName()Ljava/lang/String;
06-09 10:17:33.534 20780 20806 D M_InsDal: Lcom/fsck/k9/mailstore/LocalFolder;--->open(I)V
06-09 10:17:33.534 20780 20806 D M_InsDal: Lcom/fsck/k9/mailstore/LocalFolder;--->isOpen()Z
06-09 10:17:33.534 20780 20806 D M_InsDal: Lcom/fsck/k9/mailstore/LocalFolder;--->isOpen()Z
06-09 10:17:33.534 20780 20806 D M_InsDal: Lcom/fsck/k9/mailstore/LocalStore;--->getDatabase()Lcom/fsck/k9/mailstore/LockableDatabase;
06-09 10:17:33.534 20780 20805 D M_InsDal: Lcom/fsck/k9/mailstore/LocalFolder$1;---><init>(Lcom/fsck/k9/mailstore/LocalFolder;I)V
06-09 10:17:33.534 20780 20806 D M_InsDal: Lcom/fsck/k9/mailstore/LocalFolder$1;---><init>(Lcom/fsck/k9/mailstore/LocalFolder;I)V
06-09 10:17:33.534 20780 20805 D M_InsDal: Lcom/fsck/k9/mailstore/LockableDatabase;--->execute(ZLcom/fsck/k9/mailstore/LockableDatabase$DbCallback;)Ljava/lang/Object;
06-09 10:17:33.534 20780 20805 D M_InsDal: Lcom/fsck/k9/mailstore/LockableDatabase;--->lockRead()V
06-09 10:17:33.534 20780 20806 D M_InsDal: Lcom/fsck/k9/mailstore/LockableDatabase;--->execute(ZLcom/fsck/k9/mailstore/LockableDatabase$DbCallback;)Ljava/lang/Object;
06-09 10:17:33.534 20780 20806 D M_InsDal: Lcom/fsck/k9/mailstore/LockableDatabase;--->lockRead()V
06-09 10:17:33.534 20780 20805 D M_InsDal: Lcom/fsck/k9/mailstore/LockableDatabase;--->getStorageManager()Lcom/fsck/k9/mailstore/StorageManager;
06-09 10:17:33.534 20780 20805 D M_InsDal: Lcom/fsck/k9/mailstore/StorageManager;--->getInstance(Landroid/content/Context;)Lcom/fsck/k9/mailstore/StorageManager;
06-09 10:17:33.534 20780 20806 D M_InsDal: Lcom/fsck/k9/mailstore/LockableDatabase;--->getStorageManager()Lcom/fsck/k9/mailstore/StorageManager;
06-09 10:17:33.534 20780 20805 D M_InsDal: Lcom/fsck/k9/mailstore/StorageManager;--->lockProvider(Ljava/lang/String;)V
06-09 10:17:33.534 20780 20805 D M_InsDal: Lcom/fsck/k9/mailstore/StorageManager;--->getProvider(Ljava/lang/String;)Lcom/fsck/k9/mailstore/StorageManager$StorageProvider;
06-09 10:17:33.534 20780 20806 D M_InsDal: Lcom/fsck/k9/mailstore/StorageManager;--->getInstance(Landroid/content/Context;)Lcom/fsck/k9/mailstore/StorageManager;
06-09 10:17:33.534 20780 20803 D M_InsDal: Lcom/fsck/k9/service/MailService;--->isSyncDisabled()Z
06-09 10:17:33.534 20780 20806 D M_InsDal: Lcom/fsck/k9/mailstore/StorageManager;--->lockProvider(Ljava/lang/String;)V
06-09 10:17:33.534 20780 20806 D M_InsDal: Lcom/fsck/k9/mailstore/StorageManager;--->getProvider(Ljava/lang/String;)Lcom/fsck/k9/mailstore/StorageManager$StorageProvider;
06-09 10:17:33.534 20780 20805 D M_InsDal: Lcom/fsck/k9/mailstore/StorageManager$InternalStorageProvider;--->isReady(Landroid/content/Context;)Z
06-09 10:17:33.534 20780 20805 D M_InsDal: Lcom/fsck/k9/K9;--->isDebug()Z
06-09 10:17:33.534 20780 20803 D M_InsDal: Lcom/fsck/k9/controller/MessagingController;--->getInstance(Landroid/content/Context;)Lcom/fsck/k9/controller/MessagingController;
06-09 10:17:33.534 20780 20805 D M_InsDal: Lcom/fsck/k9/mailstore/LocalFolder$1;--->doDbWork(Landroid/database/sqlite/SQLiteDatabase;)Ljava/lang/Void;
06-09 10:17:33.534 20780 20803 D M_InsDal: Lcom/fsck/k9/controller/MessagingController;--->systemStatusChanged()V
06-09 10:17:33.534 20780 20803 D M_InsDal: Lcom/fsck/k9/controller/MessagingController;--->getListeners()Ljava/util/Set;
06-09 10:17:33.534 20780 20803 D M_InsDal: Lcom/fsck/k9/controller/SimpleMessagingListener;--->systemStatusChanged()V
