06-09 09:43:08.495 12098 12119 D M_InsDal: Lcom/fsck/k9/mail/Folder$FolderClass;--->valueOf(Ljava/lang/String;)Lcom/fsck/k9/mail/Folder$FolderClass;
06-09 09:43:08.495 12098 12119 D M_InsDal: Lcom/fsck/k9/mail/Folder$FolderClass;--->valueOf(Ljava/lang/String;)Lcom/fsck/k9/mail/Folder$FolderClass;
06-09 09:43:08.495 12098 12119 D M_InsDal: Lcom/fsck/k9/mailstore/LocalFolder$MoreMessages;--->fromDatabaseName(Ljava/lang/String;)Lcom/fsck/k9/mailstore/LocalFolder$MoreMessages;
06-09 09:43:08.496 12098 12119 D M_InsDal: Lcom/fsck/k9/mailstore/LocalFolder$MoreMessages;--->values()[Lcom/fsck/k9/mailstore/LocalFolder$MoreMessages;
06-09 09:43:08.496 12098 12119 D M_InsDal: Lcom/fsck/k9/mailstore/LocalFolder;---><init>(Lcom/fsck/k9/mailstore/LocalStore;Ljava/lang/String;)V
06-09 09:43:08.496 12098 12119 D M_InsDal: Lcom/fsck/k9/mail/Folder;---><init>()V
06-09 09:43:08.496 12098 12119 D M_InsDal: Lcom/fsck/k9/mailstore/LocalStore;--->getAttachmentInfoExtractor()Lcom/fsck/k9/message/extractors/AttachmentInfoExtractor;
06-09 09:43:08.496 12098 12119 D M_InsDal: Lcom/fsck/k9/mailstore/LocalFolder;--->getAccount()Lcom/fsck/k9/Account;
06-09 09:43:08.496 12098 12119 D M_InsDal: Lcom/fsck/k9/mailstore/LocalStore;--->getAccount()Lcom/fsck/k9/Account;
06-09 09:43:08.496 12098 12119 D M_InsDal: Lcom/fsck/k9/Account;--->getInboxFolderName()Ljava/lang/String;
06-09 09:43:08.496 12098 12098 D M_InsDal: Lcom/fsck/k9/K9;--->countSearchMessages()Z
06-09 09:43:08.496 12098 12119 D M_InsDal: Lcom/fsck/k9/mailstore/LocalFolder;--->getName()Ljava/lang/String;
06-09 09:43:08.496 12098 12098 D M_InsDal: Lcom/fsck/k9/controller/MessagingController;--->getSearchAccountStats(Lcom/fsck/k9/search/SearchAccount;Lcom/fsck/k9/controller/MessagingListener;)V
06-09 09:43:08.496 12098 12119 D M_InsDal: Lcom/fsck/k9/mailstore/LocalFolder;--->open(Landroid/database/Cursor;)V
06-09 09:43:08.496 12098 12098 D M_InsDal: Lcom/fsck/k9/controller/MessagingController$23;---><init>(Lcom/fsck/k9/controller/MessagingController;Lcom/fsck/k9/search/SearchAccount;Lcom/fsck/k9/controller/MessagingListener;)V
06-09 09:43:08.496 12098 12119 D M_InsDal: Lcom/fsck/k9/mail/Folder;--->setStatus(Ljava/lang/String;)V
06-09 09:43:08.496 12098 12119 D M_InsDal: Lcom/fsck/k9/mail/Folder;--->setLastChecked(J)V
06-09 09:43:08.496 12098 12119 D M_InsDal: Lcom/fsck/k9/mail/Folder;--->setLastPush(J)V
06-09 09:43:08.496 12098 12119 D M_InsDal: Lcom/fsck/k9/mail/Folder$FolderClass;--->valueOf(Ljava/lang/String;)Lcom/fsck/k9/mail/Folder$FolderClass;
06-09 09:43:08.496 12098 12119 D M_InsDal: Lcom/fsck/k9/mail/Folder$FolderClass;--->valueOf(Ljava/lang/String;)Lcom/fsck/k9/mail/Folder$FolderClass;
06-09 09:43:08.496 12098 12119 D M_InsDal: Lcom/fsck/k9/mailstore/LocalFolder$MoreMessages;--->fromDatabaseName(Ljava/lang/String;)Lcom/fsck/k9/mailstore/LocalFolder$MoreMessages;
06-09 09:43:08.496 12098 12119 D M_InsDal: Lcom/fsck/k9/mailstore/LocalFolder$MoreMessages;--->values()[Lcom/fsck/k9/mailstore/LocalFolder$MoreMessages;
06-09 09:43:08.496 12098 12098 D M_InsDal: Lcom/fsck/k9/Account;--->hashCode()I
06-09 09:43:08.496 12098 12119 D M_InsDal: Lcom/fsck/k9/mailstore/LocalFolder;---><init>(Lcom/fsck/k9/mailstore/LocalStore;Ljava/lang/String;)V
06-09 09:43:08.496 12098 12119 D M_InsDal: Lcom/fsck/k9/mail/Folder;---><init>()V
06-09 09:43:08.496 12098 12098 D M_InsDal: Lcom/fsck/k9/controller/MessagingController;--->getAccountStats(Landroid/content/Context;Lcom/fsck/k9/Account;Lcom/fsck/k9/controller/MessagingListener;)V
06-09 09:43:08.496 12098 12119 D M_InsDal: Lcom/fsck/k9/mailstore/LocalStore;--->getAttachmentInfoExtractor()Lcom/fsck/k9/message/extractors/AttachmentInfoExtractor;
06-09 09:43:08.496 12098 12119 D M_InsDal: Lcom/fsck/k9/mailstore/LocalFolder;--->getAccount()Lcom/fsck/k9/Account;
06-09 09:43:08.496 12098 12119 D M_InsDal: Lcom/fsck/k9/mailstore/LocalStore;--->getAccount()Lcom/fsck/k9/Account;
06-09 09:43:08.496 12098 12119 D M_InsDal: Lcom/fsck/k9/Account;--->getInboxFolderName()Ljava/lang/String;
06-09 09:43:08.496 12098 12119 D M_InsDal: Lcom/fsck/k9/mailstore/LocalFolder;--->getName()Ljava/lang/String;
06-09 09:43:08.496 12098 12119 D M_InsDal: Lcom/fsck/k9/mailstore/LocalFolder;--->open(Landroid/database/Cursor;)V
06-09 09:43:08.496 12098 12098 D M_InsDal: Lcom/fsck/k9/controller/MessagingController$22;---><init>(Lcom/fsck/k9/controller/MessagingController;Lcom/fsck/k9/Account;Landroid/content/Context;Lcom/fsck/k9/controller/MessagingListener;)V
06-09 09:43:08.496 12098 12119 D M_InsDal: Lcom/fsck/k9/mail/Folder;--->setStatus(Ljava/lang/String;)V
06-09 09:43:08.496 12098 12119 D M_InsDal: Lcom/fsck/k9/mail/Folder;--->setLastChecked(J)V
06-09 09:43:08.496 12098 12119 D M_InsDal: Lcom/fsck/k9/mail/Folder;--->setLastPush(J)V
06-09 09:43:08.496 12098 12119 D M_InsDal: Lcom/fsck/k9/mail/Folder$FolderClass;--->valueOf(Ljava/lang/String;)Lcom/fsck/k9/mail/Folder$FolderClass;
06-09 09:43:08.496 12098 12119 D M_InsDal: Lcom/fsck/k9/mail/Folder$FolderClass;--->valueOf(Ljava/lang/String;)Lcom/fsck/k9/mail/Folder$FolderClass;
06-09 09:43:08.496 12098 12119 D M_InsDal: Lcom/fsck/k9/mailstore/LocalFolder$MoreMessages;--->fromDatabaseName(Ljava/lang/String;)Lcom/fsck/k9/mailstore/LocalFolder$MoreMessages;
06-09 09:43:08.496 12098 12119 D M_InsDal: Lcom/fsck/k9/mailstore/LocalFolder$MoreMessages;--->values()[Lcom/fsck/k9/mailstore/LocalFolder$MoreMessages;
06-09 09:43:08.496 12098 12119 D M_InsDal: Lcom/fsck/k9/mailstore/LocalFolder;---><init>(Lcom/fsck/k9/mailstore/LocalStore;Ljava/lang/String;)V
06-09 09:43:08.496 12098 12119 D M_InsDal: Lcom/fsck/k9/mail/Folder;---><init>()V
06-09 09:43:08.496 12098 12119 D M_InsDal: Lcom/fsck/k9/mailstore/LocalStore;--->getAttachmentInfoExtractor()Lcom/fsck/k9/message/extractors/AttachmentInfoExtractor;
06-09 09:43:08.496 12098 12119 D M_InsDal: Lcom/fsck/k9/mailstore/LocalFolder;--->getAccount()Lcom/fsck/k9/Account;
06-09 09:43:08.496 12098 12119 D M_InsDal: Lcom/fsck/k9/mailstore/LocalStore;--->getAccount()Lcom/fsck/k9/Account;
06-09 09:43:08.496 12098 12119 D M_InsDal: Lcom/fsck/k9/Account;--->getInboxFolderName()Ljava/lang/String;
06-09 09:43:08.496 12098 12119 D M_InsDal: Lcom/fsck/k9/mailstore/LocalFolder;--->getName()Ljava/lang/String;
06-09 09:43:08.496 12098 12119 D M_InsDal: Lcom/fsck/k9/mailstore/LocalFolder;--->open(Landroid/database/Cursor;)V
06-09 09:43:08.496 12098 12119 D M_InsDal: Lcom/fsck/k9/mail/Folder;--->setStatus(Ljava/lang/String;)V
06-09 09:43:08.496 12098 12119 D M_InsDal: Lcom/fsck/k9/mail/Folder;--->setLastChecked(J)V
06-09 09:43:08.496 12098 12123 D M_InsDal: Lcom/fsck/k9/controller/MessagingController$23;--->run()V
06-09 09:43:08.496 12098 12119 D M_InsDal: Lcom/fsck/k9/mail/Folder;--->setLastPush(J)V
06-09 09:43:08.496 12098 12119 D M_InsDal: Lcom/fsck/k9/mail/Folder$FolderClass;--->valueOf(Ljava/lang/String;)Lcom/fsck/k9/mail/Folder$FolderClass;
06-09 09:43:08.496 12098 12119 D M_InsDal: Lcom/fsck/k9/mail/Folder$FolderClass;--->valueOf(Ljava/lang/String;)Lcom/fsck/k9/mail/Folder$FolderClass;
06-09 09:43:08.496 12098 12123 D M_InsDal: Lcom/fsck/k9/controller/MessagingController;--->getSearchAccountStatsSynchronous(Lcom/fsck/k9/search/SearchAccount;Lcom/fsck/k9/controller/MessagingListener;)Lcom/fsck/k9/AccountStats;
06-09 09:43:08.496 12098 12098 D M_InsDal: Lcom/fsck/k9/controller/MessagingController;--->getInstance(Landroid/content/Context;)Lcom/fsck/k9/controller/MessagingController;
06-09 09:43:08.496 12098 12123 D M_InsDal: Lcom/fsck/k9/Preferences;--->getPreferences(Landroid/content/Context;)Lcom/fsck/k9/Preferences;
06-09 09:43:08.496 12098 12119 D M_InsDal: Lcom/fsck/k9/mail/Folder$FolderClass;--->valueOf(Ljava/lang/String;)Lcom/fsck/k9/mail/Folder$FolderClass;
06-09 09:43:08.496 12098 12098 D M_InsDal: Lcom/fsck/k9/controller/MessagingController;--->addListener(Lcom/fsck/k9/controller/MessagingListener;)V
06-09 09:43:08.496 12098 12119 D M_InsDal: Lcom/fsck/k9/mailstore/LocalFolder$MoreMessages;--->fromDatabaseName(Ljava/lang/String;)Lcom/fsck/k9/mailstore/LocalFolder$MoreMessages;
06-09 09:43:08.496 12098 12119 D M_InsDal: Lcom/fsck/k9/mailstore/LocalFolder$MoreMessages;--->values()[Lcom/fsck/k9/mailstore/LocalFolder$MoreMessages;
06-09 09:43:08.496 12098 12123 D M_InsDal: Lcom/fsck/k9/search/SearchAccount;--->getRelatedSearch()Lcom/fsck/k9/search/LocalSearch;
06-09 09:43:08.496 12098 12123 D M_InsDal: Lcom/fsck/k9/search/LocalSearch;--->getAccountUuids()[Ljava/lang/String;
06-09 09:43:08.496 12098 12098 D M_InsDal: Lcom/fsck/k9/controller/MessagingController;--->refreshListener(Lcom/fsck/k9/controller/MessagingListener;)V
06-09 09:43:08.496 12098 12119 D M_InsDal: Lcom/fsck/k9/mailstore/LocalFolder;---><init>(Lcom/fsck/k9/mailstore/LocalStore;Ljava/lang/String;)V
06-09 09:43:08.496 12098 12119 D M_InsDal: Lcom/fsck/k9/mail/Folder;---><init>()V
06-09 09:43:08.496 12098 12098 D M_InsDal: Lcom/fsck/k9/controller/MemorizingMessagingListener;--->refreshOther(Lcom/fsck/k9/controller/MessagingListener;)V
06-09 09:43:08.496 12098 12123 D M_InsDal: Lcom/fsck/k9/search/LocalSearch;--->searchAllAccounts()Z
06-09 09:43:08.496 12098 12119 D M_InsDal: Lcom/fsck/k9/mailstore/LocalStore;--->getAttachmentInfoExtractor()Lcom/fsck/k9/message/extractors/AttachmentInfoExtractor;
06-09 09:43:08.496 12098 12123 D M_InsDal: Lcom/fsck/k9/Preferences;--->getAccounts()Ljava/util/List;
06-09 09:43:08.496 12098 12119 D M_InsDal: Lcom/fsck/k9/mailstore/LocalFolder;--->getAccount()Lcom/fsck/k9/Account;
06-09 09:43:08.496 12098 12119 D M_InsDal: Lcom/fsck/k9/mailstore/LocalStore;--->getAccount()Lcom/fsck/k9/Account;
06-09 09:43:08.496 12098 12098 D M_InsDal: Lcom/fsck/k9/mailstore/StorageManager;--->getInstance(Landroid/content/Context;)Lcom/fsck/k9/mailstore/StorageManager;
06-09 09:43:08.496 12098 12119 D M_InsDal: Lcom/fsck/k9/Account;--->getInboxFolderName()Ljava/lang/String;
06-09 09:43:08.496 12098 12098 D M_InsDal: Lcom/fsck/k9/mailstore/StorageManager;--->addListener(Lcom/fsck/k9/mailstore/StorageManager$StorageListener;)V
06-09 09:43:08.496 12098 12119 D M_InsDal: Lcom/fsck/k9/mailstore/LocalFolder;--->getName()Ljava/lang/String;
06-09 09:43:08.496 12098 12119 D M_InsDal: Lcom/fsck/k9/mailstore/LocalFolder;--->open(Landroid/database/Cursor;)V
06-09 09:43:08.496 12098 12098 D M_InsDal: Lcom/fsck/k9/activity/ActivityListener;--->onResume(Landroid/content/Context;)V
06-09 09:43:08.496 12098 12119 D M_InsDal: Lcom/fsck/k9/mail/Folder;--->setStatus(Ljava/lang/String;)V
06-09 09:43:08.496 12098 12123 D M_InsDal: Lcom/fsck/k9/search/LocalSearch;--->getConditions()Lcom/fsck/k9/search/ConditionsTreeNode;
06-09 09:43:08.496 12098 12119 D M_InsDal: Lcom/fsck/k9/mail/Folder;--->setLastChecked(J)V
06-09 09:43:08.496 12098 12119 D M_InsDal: Lcom/fsck/k9/mail/Folder;--->setLastPush(J)V
06-09 09:43:08.496 12098 12119 D M_InsDal: Lcom/fsck/k9/mail/Folder$FolderClass;--->valueOf(Ljava/lang/String;)Lcom/fsck/k9/mail/Folder$FolderClass;
06-09 09:43:08.496 12098 12119 D M_InsDal: Lcom/fsck/k9/mail/Folder$FolderClass;--->valueOf(Ljava/lang/String;)Lcom/fsck/k9/mail/Folder$FolderClass;
06-09 09:43:08.496 12098 12119 D M_InsDal: Lcom/fsck/k9/mailstore/LocalFolder$MoreMessages;--->fromDatabaseName(Ljava/lang/String;)Lcom/fsck/k9/mailstore/LocalFolder$MoreMessages;
06-09 09:43:08.496 12098 12123 D M_InsDal: Lcom/fsck/k9/search/SqlQueryBuilder;--->buildWhereClause(Lcom/fsck/k9/Account;Lcom/fsck/k9/search/ConditionsTreeNode;Ljava/lang/StringBuilder;Ljava/util/List;)V
06-09 09:43:08.496 12098 12119 D M_InsDal: Lcom/fsck/k9/mailstore/LocalFolder$MoreMessages;--->values()[Lcom/fsck/k9/mailstore/LocalFolder$MoreMessages;
06-09 09:43:08.496 12098 12123 D M_InsDal: Lcom/fsck/k9/search/SqlQueryBuilder;--->buildWhereClauseInternal(Lcom/fsck/k9/Account;Lcom/fsck/k9/search/ConditionsTreeNode;Ljava/lang/StringBuilder;Ljava/util/List;)V
06-09 09:43:08.496 12098 12119 D M_InsDal: Lcom/fsck/k9/mailstore/LocalFolder;---><init>(Lcom/fsck/k9/mailstore/LocalStore;Ljava/lang/String;)V
06-09 09:43:08.496 12098 12119 D M_InsDal: Lcom/fsck/k9/mail/Folder;---><init>()V
06-09 09:43:08.496 12098 12119 D M_InsDal: Lcom/fsck/k9/mailstore/LocalStore;--->getAttachmentInfoExtractor()Lcom/fsck/k9/message/extractors/AttachmentInfoExtractor;
06-09 09:43:08.496 12098 12119 D M_InsDal: Lcom/fsck/k9/mailstore/LocalFolder;--->getAccount()Lcom/fsck/k9/Account;
06-09 09:43:08.496 12098 12119 D M_InsDal: Lcom/fsck/k9/mailstore/LocalStore;--->getAccount()Lcom/fsck/k9/Account;
06-09 09:43:08.496 12098 12119 D M_InsDal: Lcom/fsck/k9/Account;--->getInboxFolderName()Ljava/lang/String;
06-09 09:43:08.496 12098 12119 D M_InsDal: Lcom/fsck/k9/mailstore/LocalFolder;--->getName()Ljava/lang/String;
06-09 09:43:08.496 12098 12119 D M_InsDal: Lcom/fsck/k9/mailstore/LocalFolder;--->open(Landroid/database/Cursor;)V
06-09 09:43:08.496 12098 12119 D M_InsDal: Lcom/fsck/k9/mail/Folder;--->setStatus(Ljava/lang/String;)V
06-09 09:43:08.496 12098 12123 D M_InsDal: Lcom/fsck/k9/search/SqlQueryBuilder$1;---><clinit>()V
06-09 09:43:08.496 12098 12119 D M_InsDal: Lcom/fsck/k9/mail/Folder;--->setLastChecked(J)V
06-09 09:43:08.496 12098 12119 D M_InsDal: Lcom/fsck/k9/mail/Folder;--->setLastPush(J)V
06-09 09:43:08.496 12098 12123 D M_InsDal: Lcom/fsck/k9/search/SearchSpecification$Attribute;--->values()[Lcom/fsck/k9/search/SearchSpecification$Attribute;
06-09 09:43:08.496 12098 12119 D M_InsDal: Lcom/fsck/k9/mail/Folder$FolderClass;--->valueOf(Ljava/lang/String;)Lcom/fsck/k9/mail/Folder$FolderClass;
06-09 09:43:08.496 12098 12119 D M_InsDal: Lcom/fsck/k9/mail/Folder$FolderClass;--->valueOf(Ljava/lang/String;)Lcom/fsck/k9/mail/Folder$FolderClass;
06-09 09:43:08.496 12098 12123 D M_InsDal: Lcom/fsck/k9/search/SearchSpecification$SearchField;--->values()[Lcom/fsck/k9/search/SearchSpecification$SearchField;
06-09 09:43:08.496 12098 12119 D M_InsDal: Lcom/fsck/k9/mail/Folder$FolderClass;--->valueOf(Ljava/lang/String;)Lcom/fsck/k9/mail/Folder$FolderClass;
06-09 09:43:08.496 12098 12119 D M_InsDal: Lcom/fsck/k9/mail/Folder$FolderClass;--->valueOf(Ljava/lang/String;)Lcom/fsck/k9/mail/Folder$FolderClass;
06-09 09:43:08.496 12098 12123 D M_InsDal: Lcom/fsck/k9/Account$Searchable;--->values()[Lcom/fsck/k9/Account$Searchable;
06-09 09:43:08.496 12098 12119 D M_InsDal: Lcom/fsck/k9/mailstore/LocalFolder$MoreMessages;--->fromDatabaseName(Ljava/lang/String;)Lcom/fsck/k9/mailstore/LocalFolder$MoreMessages;
06-09 09:43:08.496 12098 12119 D M_InsDal: Lcom/fsck/k9/mailstore/LocalFolder$MoreMessages;--->values()[Lcom/fsck/k9/mailstore/LocalFolder$MoreMessages;
06-09 09:43:08.496 12098 12123 D M_InsDal: Lcom/fsck/k9/search/SqlQueryBuilder;--->appendCondition(Lcom/fsck/k9/search/SearchSpecification$SearchCondition;Ljava/lang/StringBuilder;Ljava/util/List;)V
06-09 09:43:08.496 12098 12119 D M_InsDal: Lcom/fsck/k9/mailstore/LocalFolder;---><init>(Lcom/fsck/k9/mailstore/LocalStore;Ljava/lang/String;)V
06-09 09:43:08.496 12098 12119 D M_InsDal: Lcom/fsck/k9/mail/Folder;---><init>()V
06-09 09:43:08.496 12098 12123 D M_InsDal: Lcom/fsck/k9/search/SqlQueryBuilder;--->getColumnName(Lcom/fsck/k9/search/SearchSpecification$SearchCondition;)Ljava/lang/String;
06-09 09:43:08.496 12098 12119 D M_InsDal: Lcom/fsck/k9/mailstore/LocalStore;--->getAttachmentInfoExtractor()Lcom/fsck/k9/message/extractors/AttachmentInfoExtractor;
06-09 09:43:08.496 12098 12119 D M_InsDal: Lcom/fsck/k9/mailstore/LocalFolder;--->getAccount()Lcom/fsck/k9/Account;
06-09 09:43:08.496 12098 12123 D M_InsDal: Lcom/fsck/k9/search/SqlQueryBuilder;--->appendExprRight(Lcom/fsck/k9/search/SearchSpecification$SearchCondition;Ljava/lang/StringBuilder;Ljava/util/List;)V
06-09 09:43:08.496 12098 12119 D M_InsDal: Lcom/fsck/k9/mailstore/LocalStore;--->getAccount()Lcom/fsck/k9/Account;
06-09 09:43:08.496 12098 12119 D M_InsDal: Lcom/fsck/k9/Account;--->getInboxFolderName()Ljava/lang/String;
06-09 09:43:08.496 12098 12119 D M_InsDal: Lcom/fsck/k9/mailstore/LocalFolder;--->getName()Ljava/lang/String;
06-09 09:43:08.496 12098 12123 D M_InsDal: Lcom/fsck/k9/search/SqlQueryBuilder;--->isNumberColumn(Lcom/fsck/k9/search/SearchSpecification$SearchField;)Z
06-09 09:43:08.496 12098 12119 D M_InsDal: Lcom/fsck/k9/mailstore/LocalFolder;--->open(Landroid/database/Cursor;)V
06-09 09:43:08.496 12098 12119 D M_InsDal: Lcom/fsck/k9/mail/Folder;--->setStatus(Ljava/lang/String;)V
06-09 09:43:08.496 12098 12119 D M_InsDal: Lcom/fsck/k9/mail/Folder;--->setLastChecked(J)V
06-09 09:43:08.496 12098 12119 D M_InsDal: Lcom/fsck/k9/mail/Folder;--->setLastPush(J)V
06-09 09:43:08.496 12098 12119 D M_InsDal: Lcom/fsck/k9/mail/Folder$FolderClass;--->valueOf(Ljava/lang/String;)Lcom/fsck/k9/mail/Folder$FolderClass;
06-09 09:43:08.496 12098 12119 D M_InsDal: Lcom/fsck/k9/mail/Folder$FolderClass;--->valueOf(Ljava/lang/String;)Lcom/fsck/k9/mail/Folder$FolderClass;
06-09 09:43:08.496 12098 12123 D M_InsDal: Lcom/fsck/k9/Account;--->getUuid()Ljava/lang/String;
06-09 09:43:08.496 12098 12119 D M_InsDal: Lcom/fsck/k9/mail/Folder$FolderClass;--->valueOf(Ljava/lang/String;)Lcom/fsck/k9/mail/Folder$FolderClass;
06-09 09:43:08.496 12098 12119 D M_InsDal: Lcom/fsck/k9/mail/Folder$FolderClass;--->valueOf(Ljava/lang/String;)Lcom/fsck/k9/mail/Folder$FolderClass;
06-09 09:43:08.496 12098 12119 D M_InsDal: Lcom/fsck/k9/mailstore/LocalFolder$MoreMessages;--->fromDatabaseName(Ljava/lang/String;)Lcom/fsck/k9/mailstore/LocalFolder$MoreMessages;
06-09 09:43:08.496 12098 12119 D M_InsDal: Lcom/fsck/k9/mailstore/LocalFolder$MoreMessages;--->values()[Lcom/fsck/k9/mailstore/LocalFolder$MoreMessages;
06-09 09:43:08.496 12098 12119 D M_InsDal: Lcom/fsck/k9/mailstore/LocalFolder;---><init>(Lcom/fsck/k9/mailstore/LocalStore;Ljava/lang/String;)V
06-09 09:43:08.496 12098 12119 D M_InsDal: Lcom/fsck/k9/mail/Folder;---><init>()V
06-09 09:43:08.496 12098 12119 D M_InsDal: Lcom/fsck/k9/mailstore/LocalStore;--->getAttachmentInfoExtractor()Lcom/fsck/k9/message/extractors/AttachmentInfoExtractor;
06-09 09:43:08.496 12098 12119 D M_InsDal: Lcom/fsck/k9/mailstore/LocalFolder;--->getAccount()Lcom/fsck/k9/Account;
06-09 09:43:08.496 12098 12119 D M_InsDal: Lcom/fsck/k9/mailstore/LocalStore;--->getAccount()Lcom/fsck/k9/Account;
06-09 09:43:08.496 12098 12119 D M_InsDal: Lcom/fsck/k9/Account;--->getInboxFolderName()Ljava/lang/String;
06-09 09:43:08.496 12098 12119 D M_InsDal: Lcom/fsck/k9/mailstore/LocalFolder;--->getName()Ljava/lang/String;
06-09 09:43:08.496 12098 12119 D M_InsDal: Lcom/fsck/k9/mailstore/LocalFolder;--->open(Landroid/database/Cursor;)V
06-09 09:43:08.496 12098 12119 D M_InsDal: Lcom/fsck/k9/mail/Folder;--->setStatus(Ljava/lang/String;)V
06-09 09:43:08.496 12098 12119 D M_InsDal: Lcom/fsck/k9/mail/Folder;--->setLastChecked(J)V
06-09 09:43:08.496 12098 12119 D M_InsDal: Lcom/fsck/k9/mail/Folder;--->setLastPush(J)V
06-09 09:43:08.496 12098 12119 D M_InsDal: Lcom/fsck/k9/mail/Folder$FolderClass;--->valueOf(Ljava/lang/String;)Lcom/fsck/k9/mail/Folder$FolderClass;
06-09 09:43:08.496 12098 12119 D M_InsDal: Lcom/fsck/k9/mail/Folder$FolderClass;--->valueOf(Ljava/lang/String;)Lcom/fsck/k9/mail/Folder$FolderClass;
06-09 09:43:08.496 12098 12119 D M_InsDal: Lcom/fsck/k9/mailstore/LocalFolder$MoreMessages;--->fromDatabaseName(Ljava/lang/String;)Lcom/fsck/k9/mailstore/LocalFolder$MoreMessages;
06-09 09:43:08.496 12098 12119 D M_InsDal: Lcom/fsck/k9/mailstore/LocalFolder$MoreMessages;--->values()[Lcom/fsck/k9/mailstore/LocalFolder$MoreMessages;
06-09 09:43:08.496 12098 12119 D M_InsDal: Lcom/fsck/k9/mailstore/LocalFolder;---><init>(Lcom/fsck/k9/mailstore/LocalStore;Ljava/lang/String;)V
06-09 09:43:08.496 12098 12119 D M_InsDal: Lcom/fsck/k9/mail/Folder;---><init>()V
06-09 09:43:08.496 12098 12119 D M_InsDal: Lcom/fsck/k9/mailstore/LocalStore;--->getAttachmentInfoExtractor()Lcom/fsck/k9/message/extractors/AttachmentInfoExtractor;
06-09 09:43:08.496 12098 12119 D M_InsDal: Lcom/fsck/k9/mailstore/LocalFolder;--->getAccount()Lcom/fsck/k9/Account;
06-09 09:43:08.496 12098 12119 D M_InsDal: Lcom/fsck/k9/mailstore/LocalStore;--->getAccount()Lcom/fsck/k9/Account;
06-09 09:43:08.496 12098 12119 D M_InsDal: Lcom/fsck/k9/Account;--->getInboxFolderName()Ljava/lang/String;
06-09 09:43:08.496 12098 12119 D M_InsDal: Lcom/fsck/k9/mailstore/LocalFolder;--->getName()Ljava/lang/String;
06-09 09:43:08.496 12098 12123 D M_InsDal: Lcom/fsck/k9/provider/EmailProvider;--->query(Landroid/net/Uri;[Ljava/lang/String;Ljava/lang/String;[Ljava/lang/String;Ljava/lang/String;)Landroid/database/Cursor;
06-09 09:43:08.496 12098 12119 D M_InsDal: Lcom/fsck/k9/mailstore/LocalFolder;--->open(Landroid/database/Cursor;)V
06-09 09:43:08.496 12098 12119 D M_InsDal: Lcom/fsck/k9/mail/Folder;--->setStatus(Ljava/lang/String;)V
06-09 09:43:08.496 12098 12119 D M_InsDal: Lcom/fsck/k9/mail/Folder;--->setLastChecked(J)V
06-09 09:43:08.496 12098 12119 D M_InsDal: Lcom/fsck/k9/mail/Folder;--->setLastPush(J)V
06-09 09:43:08.496 12098 12119 D M_InsDal: Lcom/fsck/k9/mail/Folder$FolderClass;--->valueOf(Ljava/lang/String;)Lcom/fsck/k9/mail/Folder$FolderClass;
06-09 09:43:08.496 12098 12123 D M_InsDal: Lcom/fsck/k9/provider/EmailProvider;--->getAccountStats(Ljava/lang/String;[Ljava/lang/String;Ljava/lang/String;[Ljava/lang/String;)Landroid/database/Cursor;
06-09 09:43:08.496 12098 12119 D M_InsDal: Lcom/fsck/k9/mail/Folder$FolderClass;--->valueOf(Ljava/lang/String;)Lcom/fsck/k9/mail/Folder$FolderClass;
06-09 09:43:08.496 12098 12123 D M_InsDal: Lcom/fsck/k9/provider/EmailProvider;--->getAccount(Ljava/lang/String;)Lcom/fsck/k9/Account;
06-09 09:43:08.496 12098 12119 D M_InsDal: Lcom/fsck/k9/mail/Folder$FolderClass;--->valueOf(Ljava/lang/String;)Lcom/fsck/k9/mail/Folder$FolderClass;
06-09 09:43:08.496 12098 12123 D M_InsDal: Lcom/fsck/k9/Preferences;--->getPreferences(Landroid/content/Context;)Lcom/fsck/k9/Preferences;
06-09 09:43:08.496 12098 12119 D M_InsDal: Lcom/fsck/k9/mail/Folder$FolderClass;--->valueOf(Ljava/lang/String;)Lcom/fsck/k9/mail/Folder$FolderClass;
06-09 09:43:08.496 12098 12123 D M_InsDal: Lcom/fsck/k9/Preferences;--->getAccount(Ljava/lang/String;)Lcom/fsck/k9/Account;
06-09 09:43:08.496 12098 12119 D M_InsDal: Lcom/fsck/k9/mailstore/LocalFolder$MoreMessages;--->fromDatabaseName(Ljava/lang/String;)Lcom/fsck/k9/mailstore/LocalFolder$MoreMessages;
06-09 09:43:08.496 12098 12119 D M_InsDal: Lcom/fsck/k9/mailstore/LocalFolder$MoreMessages;--->values()[Lcom/fsck/k9/mailstore/LocalFolder$MoreMessages;
06-09 09:43:08.496 12098 12123 D M_InsDal: Lcom/fsck/k9/provider/EmailProvider;--->getDatabase(Lcom/fsck/k9/Account;)Lcom/fsck/k9/mailstore/LockableDatabase;
06-09 09:43:08.496 12098 12119 D M_InsDal: Lcom/fsck/k9/mailstore/LocalFolder;---><init>(Lcom/fsck/k9/mailstore/LocalStore;Ljava/lang/String;)V
06-09 09:43:08.496 12098 12123 D M_InsDal: Lcom/fsck/k9/Account;--->getLocalStore()Lcom/fsck/k9/mailstore/LocalStore;
06-09 09:43:08.496 12098 12119 D M_InsDal: Lcom/fsck/k9/mail/Folder;---><init>()V
06-09 09:43:08.496 12098 12123 D M_InsDal: Lcom/fsck/k9/mailstore/LocalStore;--->getInstance(Lcom/fsck/k9/Account;Landroid/content/Context;)Lcom/fsck/k9/mailstore/LocalStore;
06-09 09:43:08.496 12098 12119 D M_InsDal: Lcom/fsck/k9/mailstore/LocalStore;--->getAttachmentInfoExtractor()Lcom/fsck/k9/message/extractors/AttachmentInfoExtractor;
06-09 09:43:08.496 12098 12119 D M_InsDal: Lcom/fsck/k9/mailstore/LocalFolder;--->getAccount()Lcom/fsck/k9/Account;
06-09 09:43:08.496 12098 12123 D M_InsDal: Lcom/fsck/k9/Account;--->getUuid()Ljava/lang/String;
06-09 09:43:08.496 12098 12119 D M_InsDal: Lcom/fsck/k9/mailstore/LocalStore;--->getAccount()Lcom/fsck/k9/Account;
06-09 09:43:08.496 12098 12119 D M_InsDal: Lcom/fsck/k9/Account;--->getInboxFolderName()Ljava/lang/String;
06-09 09:43:08.496 12098 12119 D M_InsDal: Lcom/fsck/k9/mailstore/LocalFolder;--->getName()Ljava/lang/String;
06-09 09:43:08.496 12098 12123 D M_InsDal: Lcom/fsck/k9/mailstore/LocalStore;--->getDatabase()Lcom/fsck/k9/mailstore/LockableDatabase;
06-09 09:43:08.496 12098 12119 D M_InsDal: Lcom/fsck/k9/mailstore/LocalFolder;--->open(Landroid/database/Cursor;)V
06-09 09:43:08.496 12098 12119 D M_InsDal: Lcom/fsck/k9/mail/Folder;--->setStatus(Ljava/lang/String;)V
06-09 09:43:08.496 12098 12119 D M_InsDal: Lcom/fsck/k9/mail/Folder;--->setLastChecked(J)V
06-09 09:43:08.496 12098 12119 D M_InsDal: Lcom/fsck/k9/mail/Folder;--->setLastPush(J)V
06-09 09:43:08.496 12098 12123 D M_InsDal: Lcom/fsck/k9/provider/EmailProvider;--->containsAny(Ljava/lang/String;[Ljava/lang/String;)Z
06-09 09:43:08.496 12098 12119 D M_InsDal: Lcom/fsck/k9/mail/Folder$FolderClass;--->valueOf(Ljava/lang/String;)Lcom/fsck/k9/mail/Folder$FolderClass;
06-09 09:43:08.496 12098 12119 D M_InsDal: Lcom/fsck/k9/mail/Folder$FolderClass;--->valueOf(Ljava/lang/String;)Lcom/fsck/k9/mail/Folder$FolderClass;
06-09 09:43:08.496 12098 12119 D M_InsDal: Lcom/fsck/k9/mailstore/LocalFolder$MoreMessages;--->fromDatabaseName(Ljava/lang/String;)Lcom/fsck/k9/mailstore/LocalFolder$MoreMessages;
06-09 09:43:08.496 12098 12119 D M_InsDal: Lcom/fsck/k9/mailstore/LocalFolder$MoreMessages;--->values()[Lcom/fsck/k9/mailstore/LocalFolder$MoreMessages;
06-09 09:43:08.496 12098 12119 D M_InsDal: Lcom/fsck/k9/helper/Utility;--->closeQuietly(Landroid/database/Cursor;)V
06-09 09:43:08.496 12098 12123 D M_InsDal: Lcom/fsck/k9/provider/EmailProvider$4;---><init>(Lcom/fsck/k9/provider/EmailProvider;Ljava/lang/StringBuilder;[Ljava/lang/String;)V
06-09 09:43:08.496 12098 12123 D M_InsDal: Lcom/fsck/k9/mailstore/LockableDatabase;--->execute(ZLcom/fsck/k9/mailstore/LockableDatabase$DbCallback;)Ljava/lang/Object;
06-09 09:43:08.496 12098 12123 D M_InsDal: Lcom/fsck/k9/mailstore/LockableDatabase;--->lockRead()V
06-09 09:43:08.496 12098 12119 D M_InsDal: Lcom/fsck/k9/mailstore/LockableDatabase;--->unlockRead()V
06-09 09:43:08.496 12098 12123 D M_InsDal: Lcom/fsck/k9/mailstore/LockableDatabase;--->getStorageManager()Lcom/fsck/k9/mailstore/StorageManager;
06-09 09:43:08.496 12098 12119 D M_InsDal: Lcom/fsck/k9/mailstore/LockableDatabase;--->getStorageManager()Lcom/fsck/k9/mailstore/StorageManager;
06-09 09:43:08.496 12098 12123 D M_InsDal: Lcom/fsck/k9/mailstore/StorageManager;--->getInstance(Landroid/content/Context;)Lcom/fsck/k9/mailstore/StorageManager;
06-09 09:43:08.496 12098 12119 D M_InsDal: Lcom/fsck/k9/mailstore/StorageManager;--->getInstance(Landroid/content/Context;)Lcom/fsck/k9/mailstore/StorageManager;
06-09 09:43:08.496 12098 12119 D M_InsDal: Lcom/fsck/k9/mailstore/StorageManager;--->unlockProvider(Ljava/lang/String;)V
06-09 09:43:08.496 12098 12123 D M_InsDal: Lcom/fsck/k9/mailstore/StorageManager;--->lockProvider(Ljava/lang/String;)V
06-09 09:43:08.496 12098 12119 D M_InsDal: Lcom/fsck/k9/mailstore/StorageManager;--->getProvider(Ljava/lang/String;)Lcom/fsck/k9/mailstore/StorageManager$StorageProvider;
06-09 09:43:08.496 12098 12123 D M_InsDal: Lcom/fsck/k9/mailstore/StorageManager;--->getProvider(Ljava/lang/String;)Lcom/fsck/k9/mailstore/StorageManager$StorageProvider;
06-09 09:43:08.496 12098 12119 D M_InsDal: Lcom/fsck/k9/mailstore/LocalFolder;--->getName()Ljava/lang/String;
06-09 09:43:08.496 12098 12123 D M_InsDal: Lcom/fsck/k9/mailstore/StorageManager$InternalStorageProvider;--->isReady(Landroid/content/Context;)Z
06-09 09:43:08.496 12098 12123 D M_InsDal: Lcom/fsck/k9/K9;--->isDebug()Z
06-09 09:43:08.496 12098 12123 D M_InsDal: Lcom/fsck/k9/provider/EmailProvider$4;--->doDbWork(Landroid/database/sqlite/SQLiteDatabase;)Landroid/database/Cursor;
06-09 09:43:08.496 12098 12119 D M_InsDal: Lcom/fsck/k9/Account;--->getOutboxFolderName()Ljava/lang/String;
06-09 09:43:08.496 12098 12119 D M_InsDal: Lcom/fsck/k9/mailstore/LocalFolder;--->open(I)V
06-09 09:43:08.496 12098 12119 D M_InsDal: Lcom/fsck/k9/mailstore/LocalFolder;--->isOpen()Z
06-09 09:43:08.496 12098 12119 D M_InsDal: Lcom/fsck/k9/mailstore/LocalFolder;--->getMode()I
06-09 09:43:08.496 12098 12119 D M_InsDal: Lcom/fsck/k9/mailstore/LocalFolder;--->getDisplayClass()Lcom/fsck/k9/mail/Folder$FolderClass;
06-09 09:43:08.496 12098 12119 D M_InsDal: Lcom/fsck/k9/mailstore/LocalFolder;--->getPushClass()Lcom/fsck/k9/mail/Folder$FolderClass;
06-09 09:43:08.496 12098 12119 D M_InsDal: Lcom/fsck/k9/controller/MessagingController;--->modeMismatch(Lcom/fsck/k9/Account$FolderMode;Lcom/fsck/k9/mail/Folder$FolderClass;)Z
06-09 09:43:08.496 12098 12119 D M_InsDal: Lcom/fsck/k9/controller/MessagingController;--->modeMismatch(Lcom/fsck/k9/Account$FolderMode;Lcom/fsck/k9/mail/Folder$FolderClass;)Z
06-09 09:43:08.496 12098 12119 D M_InsDal: Lcom/fsck/k9/mailstore/LocalFolder;--->getName()Ljava/lang/String;
06-09 09:43:08.496 12098 12119 D M_InsDal: Lcom/fsck/k9/Account;--->getOutboxFolderName()Ljava/lang/String;
06-09 09:43:08.496 12098 12119 D M_InsDal: Lcom/fsck/k9/mailstore/LocalFolder;--->open(I)V
06-09 09:43:08.496 12098 12119 D M_InsDal: Lcom/fsck/k9/mailstore/LocalFolder;--->isOpen()Z
06-09 09:43:08.496 12098 12119 D M_InsDal: Lcom/fsck/k9/mailstore/LocalFolder;--->getMode()I
06-09 09:43:08.496 12098 12119 D M_InsDal: Lcom/fsck/k9/mailstore/LocalFolder;--->getDisplayClass()Lcom/fsck/k9/mail/Folder$FolderClass;
06-09 09:43:08.496 12098 12119 D M_InsDal: Lcom/fsck/k9/mailstore/LocalFolder;--->getPushClass()Lcom/fsck/k9/mail/Folder$FolderClass;
06-09 09:43:08.496 12098 12119 D M_InsDal: Lcom/fsck/k9/controller/MessagingController;--->modeMismatch(Lcom/fsck/k9/Account$FolderMode;Lcom/fsck/k9/mail/Folder$FolderClass;)Z
06-09 09:43:08.496 12098 12119 D M_InsDal: Lcom/fsck/k9/controller/MessagingController;--->modeMismatch(Lcom/fsck/k9/Account$FolderMode;Lcom/fsck/k9/mail/Folder$FolderClass;)Z
06-09 09:43:08.496 12098 12119 D M_InsDal: Lcom/fsck/k9/mailstore/LocalFolder;--->getName()Ljava/lang/String;
06-09 09:43:08.496 12098 12119 D M_InsDal: Lcom/fsck/k9/Account;--->getOutboxFolderName()Ljava/lang/String;
06-09 09:43:08.496 12098 12119 D M_InsDal: Lcom/fsck/k9/mailstore/LocalFolder;--->open(I)V
06-09 09:43:08.496 12098 12119 D M_InsDal: Lcom/fsck/k9/mailstore/LocalFolder;--->isOpen()Z
06-09 09:43:08.496 12098 12119 D M_InsDal: Lcom/fsck/k9/mailstore/LocalFolder;--->getMode()I
06-09 09:43:08.496 12098 12119 D M_InsDal: Lcom/fsck/k9/mailstore/LocalFolder;--->getDisplayClass()Lcom/fsck/k9/mail/Folder$FolderClass;
06-09 09:43:08.496 12098 12119 D M_InsDal: Lcom/fsck/k9/mailstore/LocalFolder;--->getPushClass()Lcom/fsck/k9/mail/Folder$FolderClass;
06-09 09:43:08.496 12098 12119 D M_InsDal: Lcom/fsck/k9/controller/MessagingController;--->modeMismatch(Lcom/fsck/k9/Account$FolderMode;Lcom/fsck/k9/mail/Folder$FolderClass;)Z
06-09 09:43:08.496 12098 12119 D M_InsDal: Lcom/fsck/k9/controller/MessagingController;--->modeMismatch(Lcom/fsck/k9/Account$FolderMode;Lcom/fsck/k9/mail/Folder$FolderClass;)Z
06-09 09:43:08.496 12098 12119 D M_InsDal: Lcom/fsck/k9/Account;--->getDescription()Ljava/lang/String;
06-09 09:43:08.496 12098 12119 D M_InsDal: Lcom/fsck/k9/mailstore/LocalFolder;--->getName()Ljava/lang/String;
06-09 09:43:08.496 12098 12119 D M_InsDal: Lcom/fsck/k9/mailstore/LocalFolder;--->getName()Ljava/lang/String;
06-09 09:43:08.496 12098 12119 D M_InsDal: Lcom/fsck/k9/Account;--->getOutboxFolderName()Ljava/lang/String;
06-09 09:43:08.496 12098 12119 D M_InsDal: Lcom/fsck/k9/mailstore/LocalFolder;--->open(I)V
06-09 09:43:08.496 12098 12119 D M_InsDal: Lcom/fsck/k9/mailstore/LocalFolder;--->isOpen()Z
06-09 09:43:08.496 12098 12119 D M_InsDal: Lcom/fsck/k9/mailstore/LocalFolder;--->getMode()I
06-09 09:43:08.496 12098 12119 D M_InsDal: Lcom/fsck/k9/mailstore/LocalFolder;--->getDisplayClass()Lcom/fsck/k9/mail/Folder$FolderClass;
06-09 09:43:08.496 12098 12119 D M_InsDal: Lcom/fsck/k9/mailstore/LocalFolder;--->getPushClass()Lcom/fsck/k9/mail/Folder$FolderClass;
06-09 09:43:08.496 12098 12119 D M_InsDal: Lcom/fsck/k9/controller/MessagingController;--->modeMismatch(Lcom/fsck/k9/Account$FolderMode;Lcom/fsck/k9/mail/Folder$FolderClass;)Z
06-09 09:43:08.496 12098 12119 D M_InsDal: Lcom/fsck/k9/controller/MessagingController;--->modeMismatch(Lcom/fsck/k9/Account$FolderMode;Lcom/fsck/k9/mail/Folder$FolderClass;)Z
06-09 09:43:08.496 12098 12119 D M_InsDal: Lcom/fsck/k9/mailstore/LocalFolder;--->getName()Ljava/lang/String;
06-09 09:43:08.496 12098 12119 D M_InsDal: Lcom/fsck/k9/Account;--->getOutboxFolderName()Ljava/lang/String;
06-09 09:43:08.496 12098 12119 D M_InsDal: Lcom/fsck/k9/mailstore/LocalFolder;--->getName()Ljava/lang/String;
06-09 09:43:08.496 12098 12119 D M_InsDal: Lcom/fsck/k9/Account;--->getOutboxFolderName()Ljava/lang/String;
06-09 09:43:08.496 12098 12119 D M_InsDal: Lcom/fsck/k9/mailstore/LocalFolder;--->open(I)V
06-09 09:43:08.496 12098 12119 D M_InsDal: Lcom/fsck/k9/mailstore/LocalFolder;--->isOpen()Z
06-09 09:43:08.496 12098 12119 D M_InsDal: Lcom/fsck/k9/mailstore/LocalFolder;--->getMode()I
06-09 09:43:08.496 12098 12119 D M_InsDal: Lcom/fsck/k9/mailstore/LocalFolder;--->getDisplayClass()Lcom/fsck/k9/mail/Folder$FolderClass;
06-09 09:43:08.496 12098 12119 D M_InsDal: Lcom/fsck/k9/mailstore/LocalFolder;--->getPushClass()Lcom/fsck/k9/mail/Folder$FolderClass;
06-09 09:43:08.496 12098 12119 D M_InsDal: Lcom/fsck/k9/controller/MessagingController;--->modeMismatch(Lcom/fsck/k9/Account$FolderMode;Lcom/fsck/k9/mail/Folder$FolderClass;)Z
06-09 09:43:08.496 12098 12119 D M_InsDal: Lcom/fsck/k9/controller/MessagingController;--->modeMismatch(Lcom/fsck/k9/Account$FolderMode;Lcom/fsck/k9/mail/Folder$FolderClass;)Z
06-09 09:43:08.496 12098 12119 D M_InsDal: Lcom/fsck/k9/mailstore/LocalFolder;--->getName()Ljava/lang/String;
06-09 09:43:08.496 12098 12119 D M_InsDal: Lcom/fsck/k9/Account;--->getOutboxFolderName()Ljava/lang/String;
06-09 09:43:08.496 12098 12119 D M_InsDal: Lcom/fsck/k9/mailstore/LocalFolder;--->open(I)V
06-09 09:43:08.496 12098 12119 D M_InsDal: Lcom/fsck/k9/mailstore/LocalFolder;--->isOpen()Z
06-09 09:43:08.496 12098 12119 D M_InsDal: Lcom/fsck/k9/mailstore/LocalFolder;--->getMode()I
06-09 09:43:08.496 12098 12119 D M_InsDal: Lcom/fsck/k9/mailstore/LocalFolder;--->getDisplayClass()Lcom/fsck/k9/mail/Folder$FolderClass;
06-09 09:43:08.496 12098 12119 D M_InsDal: Lcom/fsck/k9/mailstore/LocalFolder;--->getPushClass()Lcom/fsck/k9/mail/Folder$FolderClass;
06-09 09:43:08.496 12098 12119 D M_InsDal: Lcom/fsck/k9/controller/MessagingController;--->modeMismatch(Lcom/fsck/k9/Account$FolderMode;Lcom/fsck/k9/mail/Folder$FolderClass;)Z
06-09 09:43:08.496 12098 12119 D M_InsDal: Lcom/fsck/k9/controller/MessagingController;--->modeMismatch(Lcom/fsck/k9/Account$FolderMode;Lcom/fsck/k9/mail/Folder$FolderClass;)Z
06-09 09:43:08.496 12098 12119 D M_InsDal: Lcom/fsck/k9/mailstore/LocalFolder;--->getName()Ljava/lang/String;
06-09 09:43:08.496 12098 12119 D M_InsDal: Lcom/fsck/k9/Account;--->getOutboxFolderName()Ljava/lang/String;
06-09 09:43:08.496 12098 12119 D M_InsDal: Lcom/fsck/k9/mailstore/LocalFolder;--->open(I)V
06-09 09:43:08.496 12098 12119 D M_InsDal: Lcom/fsck/k9/mailstore/LocalFolder;--->isOpen()Z
06-09 09:43:08.496 12098 12119 D M_InsDal: Lcom/fsck/k9/mailstore/LocalFolder;--->getMode()I
06-09 09:43:08.496 12098 12119 D M_InsDal: Lcom/fsck/k9/mailstore/LocalFolder;--->getDisplayClass()Lcom/fsck/k9/mail/Folder$FolderClass;
06-09 09:43:08.496 12098 12119 D M_InsDal: Lcom/fsck/k9/mailstore/LocalFolder;--->getPushClass()Lcom/fsck/k9/mail/Folder$FolderClass;
06-09 09:43:08.496 12098 12119 D M_InsDal: Lcom/fsck/k9/mailstore/LocalFolder;--->getSyncClass()Lcom/fsck/k9/mail/Folder$FolderClass;
06-09 09:43:08.496 12098 12119 D M_InsDal: Lcom/fsck/k9/controller/MessagingController;--->modeMismatch(Lcom/fsck/k9/Account$FolderMode;Lcom/fsck/k9/mail/Folder$FolderClass;)Z
06-09 09:43:08.496 12098 12119 D M_InsDal: Lcom/fsck/k9/controller/MessagingController;--->modeMismatch(Lcom/fsck/k9/Account$FolderMode;Lcom/fsck/k9/mail/Folder$FolderClass;)Z
06-09 09:43:08.496 12098 12119 D M_InsDal: Lcom/fsck/k9/mailstore/LocalFolder;--->getName()Ljava/lang/String;
06-09 09:43:08.496 12098 12119 D M_InsDal: Lcom/fsck/k9/Account;--->getOutboxFolderName()Ljava/lang/String;
06-09 09:43:08.496 12098 12119 D M_InsDal: Lcom/fsck/k9/mailstore/LocalFolder;--->open(I)V
06-09 09:43:08.496 12098 12119 D M_InsDal: Lcom/fsck/k9/mailstore/LocalFolder;--->isOpen()Z
06-09 09:43:08.496 12098 12119 D M_InsDal: Lcom/fsck/k9/mailstore/LocalFolder;--->getMode()I
06-09 09:43:08.496 12098 12119 D M_InsDal: Lcom/fsck/k9/mailstore/LocalFolder;--->getDisplayClass()Lcom/fsck/k9/mail/Folder$FolderClass;
06-09 09:43:08.496 12098 12119 D M_InsDal: Lcom/fsck/k9/mailstore/LocalFolder;--->getPushClass()Lcom/fsck/k9/mail/Folder$FolderClass;
06-09 09:43:08.496 12098 12119 D M_InsDal: Lcom/fsck/k9/mailstore/LocalFolder;--->getSyncClass()Lcom/fsck/k9/mail/Folder$FolderClass;
06-09 09:43:08.496 12098 12119 D M_InsDal: Lcom/fsck/k9/controller/MessagingController;--->modeMismatch(Lcom/fsck/k9/Account$FolderMode;Lcom/fsck/k9/mail/Folder$FolderClass;)Z
06-09 09:43:08.496 12098 12119 D M_InsDal: Lcom/fsck/k9/controller/MessagingController;--->modeMismatch(Lcom/fsck/k9/Account$FolderMode;Lcom/fsck/k9/mail/Folder$FolderClass;)Z
06-09 09:43:08.496 12098 12119 D M_InsDal: Lcom/fsck/k9/mailstore/LocalFolder;--->getName()Ljava/lang/String;
06-09 09:43:08.496 12098 12119 D M_InsDal: Lcom/fsck/k9/Account;--->getOutboxFolderName()Ljava/lang/String;
06-09 09:43:08.496 12098 12119 D M_InsDal: Lcom/fsck/k9/mailstore/LocalFolder;--->open(I)V
06-09 09:43:08.496 12098 12119 D M_InsDal: Lcom/fsck/k9/mailstore/LocalFolder;--->isOpen()Z
06-09 09:43:08.496 12098 12119 D M_InsDal: Lcom/fsck/k9/mailstore/LocalFolder;--->getMode()I
06-09 09:43:08.496 12098 12119 D M_InsDal: Lcom/fsck/k9/mailstore/LocalFolder;--->getDisplayClass()Lcom/fsck/k9/mail/Folder$FolderClass;
06-09 09:43:08.496 12098 12119 D M_InsDal: Lcom/fsck/k9/mailstore/LocalFolder;--->getPushClass()Lcom/fsck/k9/mail/Folder$FolderClass;
06-09 09:43:08.496 12098 12119 D M_InsDal: Lcom/fsck/k9/mailstore/LocalFolder;--->getSyncClass()Lcom/fsck/k9/mail/Folder$FolderClass;
06-09 09:43:08.496 12098 12119 D M_InsDal: Lcom/fsck/k9/controller/MessagingController;--->modeMismatch(Lcom/fsck/k9/Account$FolderMode;Lcom/fsck/k9/mail/Folder$FolderClass;)Z
06-09 09:43:08.496 12098 12119 D M_InsDal: Lcom/fsck/k9/controller/MessagingController;--->modeMismatch(Lcom/fsck/k9/Account$FolderMode;Lcom/fsck/k9/mail/Folder$FolderClass;)Z
06-09 09:43:08.496 12098 12119 D M_InsDal: Lcom/fsck/k9/mailstore/LocalFolder;--->getName()Ljava/lang/String;
06-09 09:43:08.496 12098 12119 D M_InsDal: Lcom/fsck/k9/Account;--->getOutboxFolderName()Ljava/lang/String;
06-09 09:43:08.496 12098 12119 D M_InsDal: Lcom/fsck/k9/mailstore/LocalFolder;--->open(I)V
06-09 09:43:08.496 12098 12119 D M_InsDal: Lcom/fsck/k9/mailstore/LocalFolder;--->isOpen()Z
06-09 09:43:08.496 12098 12119 D M_InsDal: Lcom/fsck/k9/mailstore/LocalFolder;--->getMode()I
06-09 09:43:08.496 12098 12119 D M_InsDal: Lcom/fsck/k9/mailstore/LocalFolder;--->getDisplayClass()Lcom/fsck/k9/mail/Folder$FolderClass;
06-09 09:43:08.496 12098 12119 D M_InsDal: Lcom/fsck/k9/mailstore/LocalFolder;--->getPushClass()Lcom/fsck/k9/mail/Folder$FolderClass;
06-09 09:43:08.496 12098 12119 D M_InsDal: Lcom/fsck/k9/mailstore/LocalFolder;--->getSyncClass()Lcom/fsck/k9/mail/Folder$FolderClass;
06-09 09:43:08.496 12098 12119 D M_InsDal: Lcom/fsck/k9/controller/MessagingController;--->modeMismatch(Lcom/fsck/k9/Account$FolderMode;Lcom/fsck/k9/mail/Folder$FolderClass;)Z
06-09 09:43:08.496 12098 12119 D M_InsDal: Lcom/fsck/k9/controller/MessagingController;--->modeMismatch(Lcom/fsck/k9/Account$FolderMode;Lcom/fsck/k9/mail/Folder$FolderClass;)Z
06-09 09:43:08.496 12098 12119 D M_InsDal: Lcom/fsck/k9/Account;--->getDescription()Ljava/lang/String;
06-09 09:43:08.496 12098 12119 D M_InsDal: Lcom/fsck/k9/mailstore/LocalFolder;--->getName()Ljava/lang/String;
06-09 09:43:08.496 12098 12119 D M_InsDal: Lcom/fsck/k9/mailstore/LocalFolder;--->getName()Ljava/lang/String;
06-09 09:43:08.497 12098 12123 D M_InsDal: Lcom/fsck/k9/mailstore/LockableDatabase;--->unlockRead()V
06-09 09:43:08.497 12098 12123 D M_InsDal: Lcom/fsck/k9/mailstore/LockableDatabase;--->getStorageManager()Lcom/fsck/k9/mailstore/StorageManager;
06-09 09:43:08.497 12098 12123 D M_InsDal: Lcom/fsck/k9/mailstore/StorageManager;--->getInstance(Landroid/content/Context;)Lcom/fsck/k9/mailstore/StorageManager;
06-09 09:43:08.497 12098 12123 D M_InsDal: Lcom/fsck/k9/mailstore/StorageManager;--->unlockProvider(Ljava/lang/String;)V
06-09 09:43:08.497 12098 12123 D M_InsDal: Lcom/fsck/k9/mailstore/StorageManager;--->getProvider(Ljava/lang/String;)Lcom/fsck/k9/mailstore/StorageManager$StorageProvider;
06-09 09:43:08.497 12098 12125 D M_InsDal: Lcom/fsck/k9/controller/MessagingController$22;--->run()V
06-09 09:43:08.497 12098 12125 D M_InsDal: Lcom/fsck/k9/Account;--->getStats(Landroid/content/Context;)Lcom/fsck/k9/AccountStats;
06-09 09:43:08.497 12098 12125 D M_InsDal: Lcom/fsck/k9/Account;--->isAvailable(Landroid/content/Context;)Z
06-09 09:43:08.497 12098 12125 D M_InsDal: Lcom/fsck/k9/Account;--->getLocalStorageProviderId()Ljava/lang/String;
06-09 09:43:08.497 12098 12125 D M_InsDal: Lcom/fsck/k9/mailstore/StorageManager;--->getInstance(Landroid/content/Context;)Lcom/fsck/k9/mailstore/StorageManager;
06-09 09:43:08.497 12098 12124 D M_InsDal: Lcom/fsck/k9/controller/MessagingController$23;--->run()V
06-09 09:43:08.497 12098 12125 D M_InsDal: Lcom/fsck/k9/mailstore/StorageManager;--->isReady(Ljava/lang/String;)Z
06-09 09:43:08.497 12098 12125 D M_InsDal: Lcom/fsck/k9/mailstore/StorageManager;--->getProvider(Ljava/lang/String;)Lcom/fsck/k9/mailstore/StorageManager$StorageProvider;
06-09 09:43:08.497 12098 12124 D M_InsDal: Lcom/fsck/k9/controller/MessagingController;--->getSearchAccountStatsSynchronous(Lcom/fsck/k9/search/SearchAccount;Lcom/fsck/k9/controller/MessagingListener;)Lcom/fsck/k9/AccountStats;
06-09 09:43:08.497 12098 12124 D M_InsDal: Lcom/fsck/k9/Preferences;--->getPreferences(Landroid/content/Context;)Lcom/fsck/k9/Preferences;
06-09 09:43:08.497 12098 12125 D M_InsDal: Lcom/fsck/k9/mailstore/StorageManager$InternalStorageProvider;--->isReady(Landroid/content/Context;)Z
06-09 09:43:08.497 12098 12124 D M_InsDal: Lcom/fsck/k9/search/SearchAccount;--->getRelatedSearch()Lcom/fsck/k9/search/LocalSearch;
06-09 09:43:08.497 12098 12124 D M_InsDal: Lcom/fsck/k9/search/LocalSearch;--->getAccountUuids()[Ljava/lang/String;
06-09 09:43:08.497 12098 12119 D M_InsDal: Lcom/fsck/k9/controller/MessagingControllerPushReceiver;---><init>(Landroid/content/Context;Lcom/fsck/k9/Account;Lcom/fsck/k9/controller/MessagingController;)V
06-09 09:43:08.497 12098 12119 D M_InsDal: Lcom/fsck/k9/Account;--->getMaxPushFolders()I
06-09 09:43:08.497 12098 12124 D M_InsDal: Lcom/fsck/k9/search/LocalSearch;--->searchAllAccounts()Z
06-09 09:43:08.497 12098 12124 D M_InsDal: Lcom/fsck/k9/Preferences;--->getAccounts()Ljava/util/List;
06-09 09:43:08.497 12098 12124 D M_InsDal: Lcom/fsck/k9/search/LocalSearch;--->getConditions()Lcom/fsck/k9/search/ConditionsTreeNode;
06-09 09:43:08.497 12098 12124 D M_InsDal: Lcom/fsck/k9/search/SqlQueryBuilder;--->buildWhereClause(Lcom/fsck/k9/Account;Lcom/fsck/k9/search/ConditionsTreeNode;Ljava/lang/StringBuilder;Ljava/util/List;)V
06-09 09:43:08.497 12098 12124 D M_InsDal: Lcom/fsck/k9/search/SqlQueryBuilder;--->buildWhereClauseInternal(Lcom/fsck/k9/Account;Lcom/fsck/k9/search/ConditionsTreeNode;Ljava/lang/StringBuilder;Ljava/util/List;)V
06-09 09:43:08.497 12098 12119 D M_InsDal: Lcom/fsck/k9/Account;--->getRemoteStore()Lcom/fsck/k9/mail/Store;
06-09 09:43:08.497 12098 12119 D M_InsDal: Lcom/fsck/k9/mail/store/RemoteStore;---><clinit>()V
06-09 09:43:08.497 12098 12119 D M_InsDal: Lcom/fsck/k9/mail/store/RemoteStore;--->getInstance(Landroid/content/Context;Lcom/fsck/k9/mail/store/StoreConfig;)Lcom/fsck/k9/mail/Store;
06-09 09:43:08.497 12098 12124 D M_InsDal: Lcom/fsck/k9/Account;--->getSearchableFolders()Lcom/fsck/k9/Account$Searchable;
06-09 09:43:08.497 12098 12124 D M_InsDal: Lcom/fsck/k9/search/LocalSearch;---><init>()V
06-09 09:43:08.497 12098 12124 D M_InsDal: Lcom/fsck/k9/Account;--->excludeUnwantedFolders(Lcom/fsck/k9/search/LocalSearch;)V
06-09 09:43:08.497 12098 12124 D M_InsDal: Lcom/fsck/k9/Account;--->getTrashFolderName()Ljava/lang/String;
06-09 09:43:08.497 12098 12124 D M_InsDal: Lcom/fsck/k9/Account;--->excludeSpecialFolder(Lcom/fsck/k9/search/LocalSearch;Ljava/lang/String;)V
06-09 09:43:08.497 12098 12124 D M_InsDal: Lcom/fsck/k9/search/LocalSearch;--->and(Lcom/fsck/k9/search/SearchSpecification$SearchField;Ljava/lang/String;Lcom/fsck/k9/search/SearchSpecification$Attribute;)V
06-09 09:43:08.497 12098 12124 D M_InsDal: Lcom/fsck/k9/search/SearchSpecification$SearchCondition;---><init>(Lcom/fsck/k9/search/SearchSpecification$SearchField;Lcom/fsck/k9/search/SearchSpecification$Attribute;Ljava/lang/String;)V
06-09 09:43:08.497 12098 12124 D M_InsDal: Lcom/fsck/k9/search/LocalSearch;--->and(Lcom/fsck/k9/search/SearchSpecification$SearchCondition;)Lcom/fsck/k9/search/ConditionsTreeNode;
06-09 09:43:08.497 12098 12124 D M_InsDal: Lcom/fsck/k9/search/ConditionsTreeNode;---><init>(Lcom/fsck/k9/search/SearchSpecification$SearchCondition;)V
06-09 09:43:08.497 12098 12124 D M_InsDal: Lcom/fsck/k9/search/LocalSearch;--->and(Lcom/fsck/k9/search/ConditionsTreeNode;)Lcom/fsck/k9/search/ConditionsTreeNode;
06-09 09:43:08.497 12098 12124 D M_InsDal: Lcom/fsck/k9/search/ConditionsTreeNode;--->getLeafSet()Ljava/util/Set;
06-09 09:43:08.497 12098 12124 D M_InsDal: Lcom/fsck/k9/search/ConditionsTreeNode;--->getLeafSet(Ljava/util/Set;)Ljava/util/Set;
06-09 09:43:08.497 12098 12124 D M_InsDal: Lcom/fsck/k9/Account;--->getSpamFolderName()Ljava/lang/String;
06-09 09:43:08.497 12098 12124 D M_InsDal: Lcom/fsck/k9/Account;--->excludeSpecialFolder(Lcom/fsck/k9/search/LocalSearch;Ljava/lang/String;)V
06-09 09:43:08.497 12098 12124 D M_InsDal: Lcom/fsck/k9/search/LocalSearch;--->and(Lcom/fsck/k9/search/SearchSpecification$SearchField;Ljava/lang/String;Lcom/fsck/k9/search/SearchSpecification$Attribute;)V
06-09 09:43:08.497 12098 12124 D M_InsDal: Lcom/fsck/k9/search/SearchSpecification$SearchCondition;---><init>(Lcom/fsck/k9/search/SearchSpecification$SearchField;Lcom/fsck/k9/search/SearchSpecification$Attribute;Ljava/lang/String;)V
06-09 09:43:08.497 12098 12124 D M_InsDal: Lcom/fsck/k9/search/LocalSearch;--->and(Lcom/fsck/k9/search/SearchSpecification$SearchCondition;)Lcom/fsck/k9/search/ConditionsTreeNode;
06-09 09:43:08.497 12098 12124 D M_InsDal: Lcom/fsck/k9/search/ConditionsTreeNode;---><init>(Lcom/fsck/k9/search/SearchSpecification$SearchCondition;)V
06-09 09:43:08.497 12098 12124 D M_InsDal: Lcom/fsck/k9/search/LocalSearch;--->and(Lcom/fsck/k9/search/ConditionsTreeNode;)Lcom/fsck/k9/search/ConditionsTreeNode;
06-09 09:43:08.497 12098 12124 D M_InsDal: Lcom/fsck/k9/search/ConditionsTreeNode;--->getLeafSet()Ljava/util/Set;
06-09 09:43:08.497 12098 12124 D M_InsDal: Lcom/fsck/k9/search/ConditionsTreeNode;--->getLeafSet(Ljava/util/Set;)Ljava/util/Set;
06-09 09:43:08.497 12098 12124 D M_InsDal: Lcom/fsck/k9/search/ConditionsTreeNode;--->and(Lcom/fsck/k9/search/ConditionsTreeNode;)Lcom/fsck/k9/search/ConditionsTreeNode;
06-09 09:43:08.497 12098 12125 D M_InsDal: Lcom/fsck/k9/AccountStats;---><init>()V
06-09 09:43:08.497 12098 12124 D M_InsDal: Lcom/fsck/k9/search/ConditionsTreeNode;--->add(Lcom/fsck/k9/search/ConditionsTreeNode;Lcom/fsck/k9/search/ConditionsTreeNode$Operator;)Lcom/fsck/k9/search/ConditionsTreeNode;
06-09 09:43:08.497 12098 12125 D M_InsDal: Lcom/fsck/k9/Account;--->getUuid()Ljava/lang/String;
06-09 09:43:08.497 12098 12124 D M_InsDal: Lcom/fsck/k9/search/ConditionsTreeNode;---><init>(Lcom/fsck/k9/search/ConditionsTreeNode;Lcom/fsck/k9/search/ConditionsTreeNode$Operator;)V
06-09 09:43:08.497 12098 12124 D M_InsDal: Lcom/fsck/k9/Account;--->getOutboxFolderName()Ljava/lang/String;
06-09 09:43:08.497 12098 12124 D M_InsDal: Lcom/fsck/k9/Account;--->excludeSpecialFolder(Lcom/fsck/k9/search/LocalSearch;Ljava/lang/String;)V
06-09 09:43:08.497 12098 12125 D M_InsDal: Lcom/fsck/k9/search/LocalSearch;---><init>()V
06-09 09:43:08.497 12098 12124 D M_InsDal: Lcom/fsck/k9/search/LocalSearch;--->and(Lcom/fsck/k9/search/SearchSpecification$SearchField;Ljava/lang/String;Lcom/fsck/k9/search/SearchSpecification$Attribute;)V
06-09 09:43:08.497 12098 12124 D M_InsDal: Lcom/fsck/k9/search/SearchSpecification$SearchCondition;---><init>(Lcom/fsck/k9/search/SearchSpecification$SearchField;Lcom/fsck/k9/search/SearchSpecification$Attribute;Ljava/lang/String;)V
06-09 09:43:08.497 12098 12125 D M_InsDal: Lcom/fsck/k9/Account;--->excludeSpecialFolders(Lcom/fsck/k9/search/LocalSearch;)V
06-09 09:43:08.497 12098 12124 D M_InsDal: Lcom/fsck/k9/search/LocalSearch;--->and(Lcom/fsck/k9/search/SearchSpecification$SearchCondition;)Lcom/fsck/k9/search/ConditionsTreeNode;
06-09 09:43:08.497 12098 12124 D M_InsDal: Lcom/fsck/k9/search/ConditionsTreeNode;---><init>(Lcom/fsck/k9/search/SearchSpecification$SearchCondition;)V
06-09 09:43:08.497 12098 12125 D M_InsDal: Lcom/fsck/k9/Account;--->getTrashFolderName()Ljava/lang/String;
06-09 09:43:08.497 12098 12124 D M_InsDal: Lcom/fsck/k9/search/LocalSearch;--->and(Lcom/fsck/k9/search/ConditionsTreeNode;)Lcom/fsck/k9/search/ConditionsTreeNode;
06-09 09:43:08.497 12098 12124 D M_InsDal: Lcom/fsck/k9/search/ConditionsTreeNode;--->getLeafSet()Ljava/util/Set;
06-09 09:43:08.497 12098 12124 D M_InsDal: Lcom/fsck/k9/search/ConditionsTreeNode;--->getLeafSet(Ljava/util/Set;)Ljava/util/Set;
06-09 09:43:08.497 12098 12124 D M_InsDal: Lcom/fsck/k9/search/ConditionsTreeNode;--->and(Lcom/fsck/k9/search/ConditionsTreeNode;)Lcom/fsck/k9/search/ConditionsTreeNode;
06-09 09:43:08.497 12098 12124 D M_InsDal: Lcom/fsck/k9/search/ConditionsTreeNode;--->add(Lcom/fsck/k9/search/ConditionsTreeNode;Lcom/fsck/k9/search/ConditionsTreeNode$Operator;)Lcom/fsck/k9/search/ConditionsTreeNode;
06-09 09:43:08.497 12098 12124 D M_InsDal: Lcom/fsck/k9/search/ConditionsTreeNode;---><init>(Lcom/fsck/k9/search/ConditionsTreeNode;Lcom/fsck/k9/search/ConditionsTreeNode$Operator;)V
06-09 09:43:08.497 12098 12124 D M_InsDal: Lcom/fsck/k9/Account;--->getInboxFolderName()Ljava/lang/String;
