06-09 09:49:45.010 13415 13434 D M_InsDal: Lcom/fsck/k9/mailstore/LockableDatabase;--->getStorageManager()Lcom/fsck/k9/mailstore/StorageManager;
06-09 09:49:45.010 13415 13434 D M_InsDal: Lcom/fsck/k9/mailstore/StorageManager;--->getInstance(Landroid/content/Context;)Lcom/fsck/k9/mailstore/StorageManager;
06-09 09:49:45.010 13415 13434 D M_InsDal: Lcom/fsck/k9/mailstore/StorageManager;--->unlockProvider(Ljava/lang/String;)V
06-09 09:49:45.010 13415 13434 D M_InsDal: Lcom/fsck/k9/mailstore/StorageManager;--->getProvider(Ljava/lang/String;)Lcom/fsck/k9/mailstore/StorageManager$StorageProvider;
06-09 09:49:45.010 13415 13434 D M_InsDal: Lcom/fsck/k9/mailstore/LocalFolder;--->getDatabaseId()J
06-09 09:49:45.010 13415 13434 D M_InsDal: Lcom/fsck/k9/search/SqlQueryBuilder;--->buildWhereClauseInternal(Lcom/fsck/k9/Account;Lcom/fsck/k9/search/ConditionsTreeNode;Ljava/lang/StringBuilder;Ljava/util/List;)V
06-09 09:49:45.010 13415 13434 D M_InsDal: Lcom/fsck/k9/search/SqlQueryBuilder;--->getFolderId(Lcom/fsck/k9/Account;Ljava/lang/String;)J
06-09 09:49:45.010 13415 13434 D M_InsDal: Lcom/fsck/k9/Account;--->getLocalStore()Lcom/fsck/k9/mailstore/LocalStore;
06-09 09:49:45.010 13415 13434 D M_InsDal: Lcom/fsck/k9/mailstore/LocalStore;--->getInstance(Lcom/fsck/k9/Account;Landroid/content/Context;)Lcom/fsck/k9/mailstore/LocalStore;
06-09 09:49:45.010 13415 13434 D M_InsDal: Lcom/fsck/k9/Account;--->getUuid()Ljava/lang/String;
06-09 09:49:45.010 13415 13434 D M_InsDal: Lcom/fsck/k9/mailstore/LocalStore;--->getFolder(Ljava/lang/String;)Lcom/fsck/k9/mailstore/LocalFolder;
06-09 09:49:45.010 13415 13434 D M_InsDal: Lcom/fsck/k9/mailstore/LocalFolder;---><init>(Lcom/fsck/k9/mailstore/LocalStore;Ljava/lang/String;)V
06-09 09:49:45.010 13415 13434 D M_InsDal: Lcom/fsck/k9/mail/Folder;---><init>()V
06-09 09:49:45.010 13415 13434 D M_InsDal: Lcom/fsck/k9/mailstore/LocalStore;--->getAttachmentInfoExtractor()Lcom/fsck/k9/message/extractors/AttachmentInfoExtractor;
06-09 09:49:45.010 13415 13434 D M_InsDal: Lcom/fsck/k9/mailstore/LocalFolder;--->getAccount()Lcom/fsck/k9/Account;
06-09 09:49:45.010 13415 13434 D M_InsDal: Lcom/fsck/k9/mailstore/LocalStore;--->getAccount()Lcom/fsck/k9/Account;
06-09 09:49:45.010 13415 13434 D M_InsDal: Lcom/fsck/k9/Account;--->getInboxFolderName()Ljava/lang/String;
06-09 09:49:45.010 13415 13434 D M_InsDal: Lcom/fsck/k9/mailstore/LocalFolder;--->getName()Ljava/lang/String;
06-09 09:49:45.010 13415 13434 D M_InsDal: Lcom/fsck/k9/mailstore/LocalFolder;--->open(I)V
06-09 09:49:45.010 13415 13434 D M_InsDal: Lcom/fsck/k9/mailstore/LocalFolder;--->isOpen()Z
06-09 09:49:45.010 13415 13434 D M_InsDal: Lcom/fsck/k9/mailstore/LocalFolder;--->isOpen()Z
06-09 09:49:45.010 13415 13434 D M_InsDal: Lcom/fsck/k9/mailstore/LocalStore;--->getDatabase()Lcom/fsck/k9/mailstore/LockableDatabase;
06-09 09:49:45.010 13415 13434 D M_InsDal: Lcom/fsck/k9/mailstore/LocalFolder$1;---><init>(Lcom/fsck/k9/mailstore/LocalFolder;I)V
06-09 09:49:45.010 13415 13434 D M_InsDal: Lcom/fsck/k9/mailstore/LockableDatabase;--->execute(ZLcom/fsck/k9/mailstore/LockableDatabase$DbCallback;)Ljava/lang/Object;
06-09 09:49:45.010 13415 13434 D M_InsDal: Lcom/fsck/k9/mailstore/LockableDatabase;--->lockRead()V
06-09 09:49:45.010 13415 13434 D M_InsDal: Lcom/fsck/k9/mailstore/LockableDatabase;--->getStorageManager()Lcom/fsck/k9/mailstore/StorageManager;
06-09 09:49:45.010 13415 13434 D M_InsDal: Lcom/fsck/k9/mailstore/StorageManager;--->getInstance(Landroid/content/Context;)Lcom/fsck/k9/mailstore/StorageManager;
06-09 09:49:45.010 13415 13434 D M_InsDal: Lcom/fsck/k9/mailstore/StorageManager;--->lockProvider(Ljava/lang/String;)V
06-09 09:49:45.010 13415 13434 D M_InsDal: Lcom/fsck/k9/mailstore/StorageManager;--->getProvider(Ljava/lang/String;)Lcom/fsck/k9/mailstore/StorageManager$StorageProvider;
06-09 09:49:45.010 13415 13434 D M_InsDal: Lcom/fsck/k9/mailstore/StorageManager$InternalStorageProvider;--->isReady(Landroid/content/Context;)Z
06-09 09:49:45.010 13415 13434 D M_InsDal: Lcom/fsck/k9/K9;--->isDebug()Z
06-09 09:49:45.010 13415 13434 D M_InsDal: Lcom/fsck/k9/mailstore/LocalFolder$1;--->doDbWork(Landroid/database/sqlite/SQLiteDatabase;)Ljava/lang/Void;
06-09 09:49:45.010 13415 13434 D M_InsDal: Lcom/fsck/k9/mailstore/LocalFolder;--->open(Landroid/database/Cursor;)V
06-09 09:49:45.011 13415 13434 D M_InsDal: Lcom/fsck/k9/mail/Folder;--->setStatus(Ljava/lang/String;)V
06-09 09:49:45.011 13415 13434 D M_InsDal: Lcom/fsck/k9/mail/Folder;--->setLastChecked(J)V
06-09 09:49:45.011 13415 13434 D M_InsDal: Lcom/fsck/k9/mail/Folder;--->setLastPush(J)V
06-09 09:49:45.011 13415 13434 D M_InsDal: Lcom/fsck/k9/mail/Folder$FolderClass;--->valueOf(Ljava/lang/String;)Lcom/fsck/k9/mail/Folder$FolderClass;
06-09 09:49:45.011 13415 13434 D M_InsDal: Lcom/fsck/k9/mail/Folder$FolderClass;--->valueOf(Ljava/lang/String;)Lcom/fsck/k9/mail/Folder$FolderClass;
06-09 09:49:45.011 13415 13434 D M_InsDal: Lcom/fsck/k9/mailstore/LocalFolder$MoreMessages;--->fromDatabaseName(Ljava/lang/String;)Lcom/fsck/k9/mailstore/LocalFolder$MoreMessages;
06-09 09:49:45.011 13415 13434 D M_InsDal: Lcom/fsck/k9/mailstore/LocalFolder$MoreMessages;--->values()[Lcom/fsck/k9/mailstore/LocalFolder$MoreMessages;
06-09 09:49:45.011 13415 13434 D M_InsDal: Lcom/fsck/k9/helper/Utility;--->closeQuietly(Landroid/database/Cursor;)V
06-09 09:49:45.011 13415 13434 D M_InsDal: Lcom/fsck/k9/mailstore/LockableDatabase;--->unlockRead()V
06-09 09:49:45.011 13415 13434 D M_InsDal: Lcom/fsck/k9/mailstore/LockableDatabase;--->getStorageManager()Lcom/fsck/k9/mailstore/StorageManager;
06-09 09:49:45.011 13415 13434 D M_InsDal: Lcom/fsck/k9/mailstore/StorageManager;--->getInstance(Landroid/content/Context;)Lcom/fsck/k9/mailstore/StorageManager;
06-09 09:49:45.011 13415 13434 D M_InsDal: Lcom/fsck/k9/mailstore/StorageManager;--->unlockProvider(Ljava/lang/String;)V
06-09 09:49:45.011 13415 13434 D M_InsDal: Lcom/fsck/k9/mailstore/StorageManager;--->getProvider(Ljava/lang/String;)Lcom/fsck/k9/mailstore/StorageManager$StorageProvider;
06-09 09:49:45.011 13415 13434 D M_InsDal: Lcom/fsck/k9/mailstore/LocalFolder;--->getDatabaseId()J
06-09 09:49:45.011 13415 13434 D M_InsDal: Lcom/fsck/k9/search/SqlQueryBuilder;--->buildWhereClauseInternal(Lcom/fsck/k9/Account;Lcom/fsck/k9/search/ConditionsTreeNode;Ljava/lang/StringBuilder;Ljava/util/List;)V
06-09 09:49:45.011 13415 13434 D M_InsDal: Lcom/fsck/k9/search/SqlQueryBuilder;--->getFolderId(Lcom/fsck/k9/Account;Ljava/lang/String;)J
06-09 09:49:45.011 13415 13434 D M_InsDal: Lcom/fsck/k9/Account;--->getLocalStore()Lcom/fsck/k9/mailstore/LocalStore;
06-09 09:49:45.011 13415 13434 D M_InsDal: Lcom/fsck/k9/mailstore/LocalStore;--->getInstance(Lcom/fsck/k9/Account;Landroid/content/Context;)Lcom/fsck/k9/mailstore/LocalStore;
06-09 09:49:45.011 13415 13434 D M_InsDal: Lcom/fsck/k9/Account;--->getUuid()Ljava/lang/String;
06-09 09:49:45.011 13415 13434 D M_InsDal: Lcom/fsck/k9/mailstore/LocalStore;--->getFolder(Ljava/lang/String;)Lcom/fsck/k9/mailstore/LocalFolder;
06-09 09:49:45.011 13415 13434 D M_InsDal: Lcom/fsck/k9/mailstore/LocalFolder;---><init>(Lcom/fsck/k9/mailstore/LocalStore;Ljava/lang/String;)V
06-09 09:49:45.011 13415 13434 D M_InsDal: Lcom/fsck/k9/mail/Folder;---><init>()V
06-09 09:49:45.011 13415 13434 D M_InsDal: Lcom/fsck/k9/mailstore/LocalStore;--->getAttachmentInfoExtractor()Lcom/fsck/k9/message/extractors/AttachmentInfoExtractor;
06-09 09:49:45.011 13415 13434 D M_InsDal: Lcom/fsck/k9/mailstore/LocalFolder;--->getAccount()Lcom/fsck/k9/Account;
06-09 09:49:45.011 13415 13434 D M_InsDal: Lcom/fsck/k9/mailstore/LocalStore;--->getAccount()Lcom/fsck/k9/Account;
06-09 09:49:45.011 13415 13434 D M_InsDal: Lcom/fsck/k9/Account;--->getInboxFolderName()Ljava/lang/String;
06-09 09:49:45.011 13415 13434 D M_InsDal: Lcom/fsck/k9/mailstore/LocalFolder;--->getName()Ljava/lang/String;
06-09 09:49:45.011 13415 13434 D M_InsDal: Lcom/fsck/k9/mailstore/LocalFolder;--->open(I)V
06-09 09:49:45.011 13415 13434 D M_InsDal: Lcom/fsck/k9/mailstore/LocalFolder;--->isOpen()Z
06-09 09:49:45.011 13415 13434 D M_InsDal: Lcom/fsck/k9/mailstore/LocalFolder;--->isOpen()Z
06-09 09:49:45.011 13415 13434 D M_InsDal: Lcom/fsck/k9/mailstore/LocalStore;--->getDatabase()Lcom/fsck/k9/mailstore/LockableDatabase;
06-09 09:49:45.011 13415 13434 D M_InsDal: Lcom/fsck/k9/mailstore/LocalFolder$1;---><init>(Lcom/fsck/k9/mailstore/LocalFolder;I)V
06-09 09:49:45.011 13415 13434 D M_InsDal: Lcom/fsck/k9/mailstore/LockableDatabase;--->execute(ZLcom/fsck/k9/mailstore/LockableDatabase$DbCallback;)Ljava/lang/Object;
06-09 09:49:45.011 13415 13434 D M_InsDal: Lcom/fsck/k9/mailstore/LockableDatabase;--->lockRead()V
06-09 09:49:45.011 13415 13434 D M_InsDal: Lcom/fsck/k9/mailstore/LockableDatabase;--->getStorageManager()Lcom/fsck/k9/mailstore/StorageManager;
06-09 09:49:45.011 13415 13434 D M_InsDal: Lcom/fsck/k9/mailstore/StorageManager;--->getInstance(Landroid/content/Context;)Lcom/fsck/k9/mailstore/StorageManager;
06-09 09:49:45.011 13415 13434 D M_InsDal: Lcom/fsck/k9/mailstore/StorageManager;--->lockProvider(Ljava/lang/String;)V
06-09 09:49:45.011 13415 13434 D M_InsDal: Lcom/fsck/k9/mailstore/StorageManager;--->getProvider(Ljava/lang/String;)Lcom/fsck/k9/mailstore/StorageManager$StorageProvider;
06-09 09:49:45.011 13415 13434 D M_InsDal: Lcom/fsck/k9/mailstore/StorageManager$InternalStorageProvider;--->isReady(Landroid/content/Context;)Z
06-09 09:49:45.011 13415 13434 D M_InsDal: Lcom/fsck/k9/K9;--->isDebug()Z
06-09 09:49:45.011 13415 13434 D M_InsDal: Lcom/fsck/k9/mailstore/LocalFolder$1;--->doDbWork(Landroid/database/sqlite/SQLiteDatabase;)Ljava/lang/Void;
06-09 09:49:45.011 13415 13434 D M_InsDal: Lcom/fsck/k9/mailstore/LocalFolder;--->open(Landroid/database/Cursor;)V
06-09 09:49:45.011 13415 13434 D M_InsDal: Lcom/fsck/k9/mail/Folder;--->setStatus(Ljava/lang/String;)V
06-09 09:49:45.011 13415 13434 D M_InsDal: Lcom/fsck/k9/mail/Folder;--->setLastChecked(J)V
06-09 09:49:45.011 13415 13434 D M_InsDal: Lcom/fsck/k9/mail/Folder;--->setLastPush(J)V
06-09 09:49:45.011 13415 13434 D M_InsDal: Lcom/fsck/k9/mail/Folder$FolderClass;--->valueOf(Ljava/lang/String;)Lcom/fsck/k9/mail/Folder$FolderClass;
06-09 09:49:45.011 13415 13434 D M_InsDal: Lcom/fsck/k9/mail/Folder$FolderClass;--->valueOf(Ljava/lang/String;)Lcom/fsck/k9/mail/Folder$FolderClass;
06-09 09:49:45.011 13415 13434 D M_InsDal: Lcom/fsck/k9/mailstore/LocalFolder$MoreMessages;--->fromDatabaseName(Ljava/lang/String;)Lcom/fsck/k9/mailstore/LocalFolder$MoreMessages;
06-09 09:49:45.011 13415 13434 D M_InsDal: Lcom/fsck/k9/mailstore/LocalFolder$MoreMessages;--->values()[Lcom/fsck/k9/mailstore/LocalFolder$MoreMessages;
06-09 09:49:45.011 13415 13434 D M_InsDal: Lcom/fsck/k9/helper/Utility;--->closeQuietly(Landroid/database/Cursor;)V
06-09 09:49:45.011 13415 13434 D M_InsDal: Lcom/fsck/k9/mailstore/LockableDatabase;--->unlockRead()V
06-09 09:49:45.011 13415 13434 D M_InsDal: Lcom/fsck/k9/mailstore/LockableDatabase;--->getStorageManager()Lcom/fsck/k9/mailstore/StorageManager;
06-09 09:49:45.011 13415 13434 D M_InsDal: Lcom/fsck/k9/mailstore/StorageManager;--->getInstance(Landroid/content/Context;)Lcom/fsck/k9/mailstore/StorageManager;
06-09 09:49:45.011 13415 13434 D M_InsDal: Lcom/fsck/k9/mailstore/StorageManager;--->unlockProvider(Ljava/lang/String;)V
06-09 09:49:45.011 13415 13434 D M_InsDal: Lcom/fsck/k9/mailstore/StorageManager;--->getProvider(Ljava/lang/String;)Lcom/fsck/k9/mailstore/StorageManager$StorageProvider;
06-09 09:49:45.011 13415 13434 D M_InsDal: Lcom/fsck/k9/mailstore/LocalFolder;--->getDatabaseId()J
06-09 09:49:45.011 13415 13434 D M_InsDal: Lcom/fsck/k9/search/SqlQueryBuilder;--->buildWhereClauseInternal(Lcom/fsck/k9/Account;Lcom/fsck/k9/search/ConditionsTreeNode;Ljava/lang/StringBuilder;Ljava/util/List;)V
06-09 09:49:45.011 13415 13434 D M_InsDal: Lcom/fsck/k9/search/SqlQueryBuilder;--->getFolderId(Lcom/fsck/k9/Account;Ljava/lang/String;)J
06-09 09:49:45.011 13415 13434 D M_InsDal: Lcom/fsck/k9/Account;--->getLocalStore()Lcom/fsck/k9/mailstore/LocalStore;
06-09 09:49:45.011 13415 13434 D M_InsDal: Lcom/fsck/k9/mailstore/LocalStore;--->getInstance(Lcom/fsck/k9/Account;Landroid/content/Context;)Lcom/fsck/k9/mailstore/LocalStore;
06-09 09:49:45.011 13415 13434 D M_InsDal: Lcom/fsck/k9/Account;--->getUuid()Ljava/lang/String;
06-09 09:49:45.011 13415 13434 D M_InsDal: Lcom/fsck/k9/mailstore/LocalStore;--->getFolder(Ljava/lang/String;)Lcom/fsck/k9/mailstore/LocalFolder;
06-09 09:49:45.011 13415 13434 D M_InsDal: Lcom/fsck/k9/mailstore/LocalFolder;---><init>(Lcom/fsck/k9/mailstore/LocalStore;Ljava/lang/String;)V
06-09 09:49:45.011 13415 13434 D M_InsDal: Lcom/fsck/k9/mail/Folder;---><init>()V
06-09 09:49:45.011 13415 13434 D M_InsDal: Lcom/fsck/k9/mailstore/LocalStore;--->getAttachmentInfoExtractor()Lcom/fsck/k9/message/extractors/AttachmentInfoExtractor;
06-09 09:49:45.011 13415 13434 D M_InsDal: Lcom/fsck/k9/mailstore/LocalFolder;--->getAccount()Lcom/fsck/k9/Account;
06-09 09:49:45.011 13415 13434 D M_InsDal: Lcom/fsck/k9/mailstore/LocalStore;--->getAccount()Lcom/fsck/k9/Account;
06-09 09:49:45.011 13415 13434 D M_InsDal: Lcom/fsck/k9/Account;--->getInboxFolderName()Ljava/lang/String;
06-09 09:49:45.011 13415 13434 D M_InsDal: Lcom/fsck/k9/mailstore/LocalFolder;--->getName()Ljava/lang/String;
06-09 09:49:45.011 13415 13434 D M_InsDal: Lcom/fsck/k9/mailstore/LocalFolder;--->open(I)V
06-09 09:49:45.011 13415 13434 D M_InsDal: Lcom/fsck/k9/mailstore/LocalFolder;--->isOpen()Z
06-09 09:49:45.011 13415 13434 D M_InsDal: Lcom/fsck/k9/mailstore/LocalFolder;--->isOpen()Z
06-09 09:49:45.011 13415 13434 D M_InsDal: Lcom/fsck/k9/mailstore/LocalStore;--->getDatabase()Lcom/fsck/k9/mailstore/LockableDatabase;
06-09 09:49:45.011 13415 13434 D M_InsDal: Lcom/fsck/k9/mailstore/LocalFolder$1;---><init>(Lcom/fsck/k9/mailstore/LocalFolder;I)V
06-09 09:49:45.011 13415 13434 D M_InsDal: Lcom/fsck/k9/mailstore/LockableDatabase;--->execute(ZLcom/fsck/k9/mailstore/LockableDatabase$DbCallback;)Ljava/lang/Object;
06-09 09:49:45.011 13415 13434 D M_InsDal: Lcom/fsck/k9/mailstore/LockableDatabase;--->lockRead()V
06-09 09:49:45.011 13415 13434 D M_InsDal: Lcom/fsck/k9/mailstore/LockableDatabase;--->getStorageManager()Lcom/fsck/k9/mailstore/StorageManager;
06-09 09:49:45.011 13415 13434 D M_InsDal: Lcom/fsck/k9/mailstore/StorageManager;--->getInstance(Landroid/content/Context;)Lcom/fsck/k9/mailstore/StorageManager;
06-09 09:49:45.011 13415 13434 D M_InsDal: Lcom/fsck/k9/mailstore/StorageManager;--->lockProvider(Ljava/lang/String;)V
06-09 09:49:45.011 13415 13434 D M_InsDal: Lcom/fsck/k9/mailstore/StorageManager;--->getProvider(Ljava/lang/String;)Lcom/fsck/k9/mailstore/StorageManager$StorageProvider;
06-09 09:49:45.011 13415 13434 D M_InsDal: Lcom/fsck/k9/mailstore/StorageManager$InternalStorageProvider;--->isReady(Landroid/content/Context;)Z
06-09 09:49:45.011 13415 13434 D M_InsDal: Lcom/fsck/k9/K9;--->isDebug()Z
06-09 09:49:45.011 13415 13434 D M_InsDal: Lcom/fsck/k9/mailstore/LocalFolder$1;--->doDbWork(Landroid/database/sqlite/SQLiteDatabase;)Ljava/lang/Void;
06-09 09:49:45.011 13415 13434 D M_InsDal: Lcom/fsck/k9/mailstore/LocalFolder;--->open(Landroid/database/Cursor;)V
06-09 09:49:45.011 13415 13434 D M_InsDal: Lcom/fsck/k9/mail/Folder;--->setStatus(Ljava/lang/String;)V
06-09 09:49:45.011 13415 13434 D M_InsDal: Lcom/fsck/k9/mail/Folder;--->setLastChecked(J)V
06-09 09:49:45.011 13415 13434 D M_InsDal: Lcom/fsck/k9/mail/Folder;--->setLastPush(J)V
06-09 09:49:45.011 13415 13434 D M_InsDal: Lcom/fsck/k9/mail/Folder$FolderClass;--->valueOf(Ljava/lang/String;)Lcom/fsck/k9/mail/Folder$FolderClass;
06-09 09:49:45.011 13415 13434 D M_InsDal: Lcom/fsck/k9/mail/Folder$FolderClass;--->valueOf(Ljava/lang/String;)Lcom/fsck/k9/mail/Folder$FolderClass;
06-09 09:49:45.011 13415 13434 D M_InsDal: Lcom/fsck/k9/mailstore/LocalFolder$MoreMessages;--->fromDatabaseName(Ljava/lang/String;)Lcom/fsck/k9/mailstore/LocalFolder$MoreMessages;
06-09 09:49:45.011 13415 13434 D M_InsDal: Lcom/fsck/k9/mailstore/LocalFolder$MoreMessages;--->values()[Lcom/fsck/k9/mailstore/LocalFolder$MoreMessages;
06-09 09:49:45.011 13415 13434 D M_InsDal: Lcom/fsck/k9/helper/Utility;--->closeQuietly(Landroid/database/Cursor;)V
06-09 09:49:45.011 13415 13434 D M_InsDal: Lcom/fsck/k9/mailstore/LockableDatabase;--->unlockRead()V
06-09 09:49:45.011 13415 13434 D M_InsDal: Lcom/fsck/k9/mailstore/LockableDatabase;--->getStorageManager()Lcom/fsck/k9/mailstore/StorageManager;
06-09 09:49:45.011 13415 13434 D M_InsDal: Lcom/fsck/k9/mailstore/StorageManager;--->getInstance(Landroid/content/Context;)Lcom/fsck/k9/mailstore/StorageManager;
06-09 09:49:45.011 13415 13434 D M_InsDal: Lcom/fsck/k9/mailstore/StorageManager;--->unlockProvider(Ljava/lang/String;)V
06-09 09:49:45.011 13415 13434 D M_InsDal: Lcom/fsck/k9/mailstore/StorageManager;--->getProvider(Ljava/lang/String;)Lcom/fsck/k9/mailstore/StorageManager$StorageProvider;
06-09 09:49:45.011 13415 13434 D M_InsDal: Lcom/fsck/k9/mailstore/LocalFolder;--->getDatabaseId()J
06-09 09:49:45.011 13415 13434 D M_InsDal: Lcom/fsck/k9/search/SqlQueryBuilder;--->buildWhereClauseInternal(Lcom/fsck/k9/Account;Lcom/fsck/k9/search/ConditionsTreeNode;Ljava/lang/StringBuilder;Ljava/util/List;)V
06-09 09:49:45.011 13415 13434 D M_InsDal: Lcom/fsck/k9/search/SqlQueryBuilder;--->getFolderId(Lcom/fsck/k9/Account;Ljava/lang/String;)J
06-09 09:49:45.011 13415 13434 D M_InsDal: Lcom/fsck/k9/Account;--->getLocalStore()Lcom/fsck/k9/mailstore/LocalStore;
06-09 09:49:45.011 13415 13434 D M_InsDal: Lcom/fsck/k9/mailstore/LocalStore;--->getInstance(Lcom/fsck/k9/Account;Landroid/content/Context;)Lcom/fsck/k9/mailstore/LocalStore;
06-09 09:49:45.011 13415 13434 D M_InsDal: Lcom/fsck/k9/Account;--->getUuid()Ljava/lang/String;
06-09 09:49:45.011 13415 13434 D M_InsDal: Lcom/fsck/k9/mailstore/LocalStore;--->getFolder(Ljava/lang/String;)Lcom/fsck/k9/mailstore/LocalFolder;
06-09 09:49:45.011 13415 13434 D M_InsDal: Lcom/fsck/k9/mailstore/LocalFolder;---><init>(Lcom/fsck/k9/mailstore/LocalStore;Ljava/lang/String;)V
06-09 09:49:45.011 13415 13434 D M_InsDal: Lcom/fsck/k9/mail/Folder;---><init>()V
06-09 09:49:45.011 13415 13434 D M_InsDal: Lcom/fsck/k9/mailstore/LocalStore;--->getAttachmentInfoExtractor()Lcom/fsck/k9/message/extractors/AttachmentInfoExtractor;
06-09 09:49:45.011 13415 13434 D M_InsDal: Lcom/fsck/k9/mailstore/LocalFolder;--->getAccount()Lcom/fsck/k9/Account;
06-09 09:49:45.011 13415 13434 D M_InsDal: Lcom/fsck/k9/mailstore/LocalStore;--->getAccount()Lcom/fsck/k9/Account;
06-09 09:49:45.011 13415 13434 D M_InsDal: Lcom/fsck/k9/Account;--->getInboxFolderName()Ljava/lang/String;
06-09 09:49:45.011 13415 13434 D M_InsDal: Lcom/fsck/k9/mailstore/LocalFolder;--->getName()Ljava/lang/String;
06-09 09:49:45.011 13415 13434 D M_InsDal: Lcom/fsck/k9/mailstore/LocalFolder;--->open(I)V
06-09 09:49:45.011 13415 13434 D M_InsDal: Lcom/fsck/k9/mailstore/LocalFolder;--->isOpen()Z
06-09 09:49:45.011 13415 13434 D M_InsDal: Lcom/fsck/k9/mailstore/LocalFolder;--->isOpen()Z
06-09 09:49:45.011 13415 13434 D M_InsDal: Lcom/fsck/k9/mailstore/LocalStore;--->getDatabase()Lcom/fsck/k9/mailstore/LockableDatabase;
06-09 09:49:45.011 13415 13434 D M_InsDal: Lcom/fsck/k9/mailstore/LocalFolder$1;---><init>(Lcom/fsck/k9/mailstore/LocalFolder;I)V
06-09 09:49:45.011 13415 13434 D M_InsDal: Lcom/fsck/k9/mailstore/LockableDatabase;--->execute(ZLcom/fsck/k9/mailstore/LockableDatabase$DbCallback;)Ljava/lang/Object;
06-09 09:49:45.011 13415 13434 D M_InsDal: Lcom/fsck/k9/mailstore/LockableDatabase;--->lockRead()V
06-09 09:49:45.011 13415 13434 D M_InsDal: Lcom/fsck/k9/mailstore/LockableDatabase;--->getStorageManager()Lcom/fsck/k9/mailstore/StorageManager;
06-09 09:49:45.011 13415 13434 D M_InsDal: Lcom/fsck/k9/mailstore/StorageManager;--->getInstance(Landroid/content/Context;)Lcom/fsck/k9/mailstore/StorageManager;
06-09 09:49:45.011 13415 13434 D M_InsDal: Lcom/fsck/k9/mailstore/StorageManager;--->lockProvider(Ljava/lang/String;)V
06-09 09:49:45.011 13415 13434 D M_InsDal: Lcom/fsck/k9/mailstore/StorageManager;--->getProvider(Ljava/lang/String;)Lcom/fsck/k9/mailstore/StorageManager$StorageProvider;
06-09 09:49:45.011 13415 13434 D M_InsDal: Lcom/fsck/k9/mailstore/StorageManager$InternalStorageProvider;--->isReady(Landroid/content/Context;)Z
06-09 09:49:45.011 13415 13434 D M_InsDal: Lcom/fsck/k9/K9;--->isDebug()Z
06-09 09:49:45.011 13415 13434 D M_InsDal: Lcom/fsck/k9/mailstore/LocalFolder$1;--->doDbWork(Landroid/database/sqlite/SQLiteDatabase;)Ljava/lang/Void;
06-09 09:49:45.011 13415 13434 D M_InsDal: Lcom/fsck/k9/mailstore/LocalFolder;--->open(Landroid/database/Cursor;)V
06-09 09:49:45.011 13415 13434 D M_InsDal: Lcom/fsck/k9/mail/Folder;--->setStatus(Ljava/lang/String;)V
06-09 09:49:45.011 13415 13434 D M_InsDal: Lcom/fsck/k9/mail/Folder;--->setLastChecked(J)V
06-09 09:49:45.011 13415 13434 D M_InsDal: Lcom/fsck/k9/mail/Folder;--->setLastPush(J)V
06-09 09:49:45.011 13415 13434 D M_InsDal: Lcom/fsck/k9/mail/Folder$FolderClass;--->valueOf(Ljava/lang/String;)Lcom/fsck/k9/mail/Folder$FolderClass;
06-09 09:49:45.011 13415 13434 D M_InsDal: Lcom/fsck/k9/mail/Folder$FolderClass;--->valueOf(Ljava/lang/String;)Lcom/fsck/k9/mail/Folder$FolderClass;
06-09 09:49:45.011 13415 13434 D M_InsDal: Lcom/fsck/k9/mailstore/LocalFolder$MoreMessages;--->fromDatabaseName(Ljava/lang/String;)Lcom/fsck/k9/mailstore/LocalFolder$MoreMessages;
06-09 09:49:45.011 13415 13434 D M_InsDal: Lcom/fsck/k9/mailstore/LocalFolder$MoreMessages;--->values()[Lcom/fsck/k9/mailstore/LocalFolder$MoreMessages;
06-09 09:49:45.011 13415 13434 D M_InsDal: Lcom/fsck/k9/helper/Utility;--->closeQuietly(Landroid/database/Cursor;)V
06-09 09:49:45.011 13415 13434 D M_InsDal: Lcom/fsck/k9/mailstore/LockableDatabase;--->unlockRead()V
06-09 09:49:45.011 13415 13434 D M_InsDal: Lcom/fsck/k9/mailstore/LockableDatabase;--->getStorageManager()Lcom/fsck/k9/mailstore/StorageManager;
06-09 09:49:45.011 13415 13434 D M_InsDal: Lcom/fsck/k9/mailstore/StorageManager;--->getInstance(Landroid/content/Context;)Lcom/fsck/k9/mailstore/StorageManager;
06-09 09:49:45.011 13415 13434 D M_InsDal: Lcom/fsck/k9/mailstore/StorageManager;--->unlockProvider(Ljava/lang/String;)V
06-09 09:49:45.011 13415 13434 D M_InsDal: Lcom/fsck/k9/mailstore/StorageManager;--->getProvider(Ljava/lang/String;)Lcom/fsck/k9/mailstore/StorageManager$StorageProvider;
06-09 09:49:45.011 13415 13434 D M_InsDal: Lcom/fsck/k9/mailstore/LocalFolder;--->getDatabaseId()J
06-09 09:49:45.011 13415 13434 D M_InsDal: Lcom/fsck/k9/search/SqlQueryBuilder;--->buildWhereClauseInternal(Lcom/fsck/k9/Account;Lcom/fsck/k9/search/ConditionsTreeNode;Ljava/lang/StringBuilder;Ljava/util/List;)V
06-09 09:49:45.011 13415 13434 D M_InsDal: Lcom/fsck/k9/search/SqlQueryBuilder;--->getFolderId(Lcom/fsck/k9/Account;Ljava/lang/String;)J
06-09 09:49:45.011 13415 13434 D M_InsDal: Lcom/fsck/k9/Account;--->getLocalStore()Lcom/fsck/k9/mailstore/LocalStore;
06-09 09:49:45.011 13415 13434 D M_InsDal: Lcom/fsck/k9/mailstore/LocalStore;--->getInstance(Lcom/fsck/k9/Account;Landroid/content/Context;)Lcom/fsck/k9/mailstore/LocalStore;
06-09 09:49:45.011 13415 13434 D M_InsDal: Lcom/fsck/k9/Account;--->getUuid()Ljava/lang/String;
06-09 09:49:45.011 13415 13434 D M_InsDal: Lcom/fsck/k9/mailstore/LocalStore;--->getFolder(Ljava/lang/String;)Lcom/fsck/k9/mailstore/LocalFolder;
06-09 09:49:45.011 13415 13434 D M_InsDal: Lcom/fsck/k9/mailstore/LocalFolder;---><init>(Lcom/fsck/k9/mailstore/LocalStore;Ljava/lang/String;)V
06-09 09:49:45.011 13415 13434 D M_InsDal: Lcom/fsck/k9/mail/Folder;---><init>()V
06-09 09:49:45.011 13415 13434 D M_InsDal: Lcom/fsck/k9/mailstore/LocalStore;--->getAttachmentInfoExtractor()Lcom/fsck/k9/message/extractors/AttachmentInfoExtractor;
06-09 09:49:45.011 13415 13434 D M_InsDal: Lcom/fsck/k9/mailstore/LocalFolder;--->getAccount()Lcom/fsck/k9/Account;
06-09 09:49:45.011 13415 13434 D M_InsDal: Lcom/fsck/k9/mailstore/LocalStore;--->getAccount()Lcom/fsck/k9/Account;
06-09 09:49:45.011 13415 13434 D M_InsDal: Lcom/fsck/k9/Account;--->getInboxFolderName()Ljava/lang/String;
06-09 09:49:45.011 13415 13434 D M_InsDal: Lcom/fsck/k9/mailstore/LocalFolder;--->getName()Ljava/lang/String;
06-09 09:49:45.011 13415 13434 D M_InsDal: Lcom/fsck/k9/mailstore/LocalFolder;--->open(I)V
06-09 09:49:45.011 13415 13434 D M_InsDal: Lcom/fsck/k9/mailstore/LocalFolder;--->isOpen()Z
06-09 09:49:45.011 13415 13434 D M_InsDal: Lcom/fsck/k9/mailstore/LocalFolder;--->isOpen()Z
06-09 09:49:45.011 13415 13434 D M_InsDal: Lcom/fsck/k9/mailstore/LocalStore;--->getDatabase()Lcom/fsck/k9/mailstore/LockableDatabase;
06-09 09:49:45.011 13415 13434 D M_InsDal: Lcom/fsck/k9/mailstore/LocalFolder$1;---><init>(Lcom/fsck/k9/mailstore/LocalFolder;I)V
06-09 09:49:45.011 13415 13434 D M_InsDal: Lcom/fsck/k9/mailstore/LockableDatabase;--->execute(ZLcom/fsck/k9/mailstore/LockableDatabase$DbCallback;)Ljava/lang/Object;
06-09 09:49:45.011 13415 13434 D M_InsDal: Lcom/fsck/k9/mailstore/LockableDatabase;--->lockRead()V
06-09 09:49:45.011 13415 13434 D M_InsDal: Lcom/fsck/k9/mailstore/LockableDatabase;--->getStorageManager()Lcom/fsck/k9/mailstore/StorageManager;
06-09 09:49:45.011 13415 13434 D M_InsDal: Lcom/fsck/k9/mailstore/StorageManager;--->getInstance(Landroid/content/Context;)Lcom/fsck/k9/mailstore/StorageManager;
06-09 09:49:45.011 13415 13434 D M_InsDal: Lcom/fsck/k9/mailstore/StorageManager;--->lockProvider(Ljava/lang/String;)V
06-09 09:49:45.011 13415 13434 D M_InsDal: Lcom/fsck/k9/mailstore/StorageManager;--->getProvider(Ljava/lang/String;)Lcom/fsck/k9/mailstore/StorageManager$StorageProvider;
06-09 09:49:45.011 13415 13434 D M_InsDal: Lcom/fsck/k9/mailstore/StorageManager$InternalStorageProvider;--->isReady(Landroid/content/Context;)Z
06-09 09:49:45.011 13415 13434 D M_InsDal: Lcom/fsck/k9/K9;--->isDebug()Z
06-09 09:49:45.011 13415 13434 D M_InsDal: Lcom/fsck/k9/mailstore/LocalFolder$1;--->doDbWork(Landroid/database/sqlite/SQLiteDatabase;)Ljava/lang/Void;
06-09 09:49:45.011 13415 13434 D M_InsDal: Lcom/fsck/k9/mailstore/LocalFolder;--->open(Landroid/database/Cursor;)V
06-09 09:49:45.011 13415 13434 D M_InsDal: Lcom/fsck/k9/mail/Folder;--->setStatus(Ljava/lang/String;)V
06-09 09:49:45.011 13415 13434 D M_InsDal: Lcom/fsck/k9/mail/Folder;--->setLastChecked(J)V
06-09 09:49:45.011 13415 13434 D M_InsDal: Lcom/fsck/k9/mail/Folder;--->setLastPush(J)V
06-09 09:49:45.011 13415 13434 D M_InsDal: Lcom/fsck/k9/mail/Folder$FolderClass;--->valueOf(Ljava/lang/String;)Lcom/fsck/k9/mail/Folder$FolderClass;
06-09 09:49:45.011 13415 13434 D M_InsDal: Lcom/fsck/k9/mail/Folder$FolderClass;--->valueOf(Ljava/lang/String;)Lcom/fsck/k9/mail/Folder$FolderClass;
06-09 09:49:45.011 13415 13434 D M_InsDal: Lcom/fsck/k9/mailstore/LocalFolder$MoreMessages;--->fromDatabaseName(Ljava/lang/String;)Lcom/fsck/k9/mailstore/LocalFolder$MoreMessages;
06-09 09:49:45.011 13415 13434 D M_InsDal: Lcom/fsck/k9/mailstore/LocalFolder$MoreMessages;--->values()[Lcom/fsck/k9/mailstore/LocalFolder$MoreMessages;
06-09 09:49:45.011 13415 13434 D M_InsDal: Lcom/fsck/k9/helper/Utility;--->closeQuietly(Landroid/database/Cursor;)V
06-09 09:49:45.011 13415 13434 D M_InsDal: Lcom/fsck/k9/mailstore/LockableDatabase;--->unlockRead()V
06-09 09:49:45.011 13415 13434 D M_InsDal: Lcom/fsck/k9/mailstore/LockableDatabase;--->getStorageManager()Lcom/fsck/k9/mailstore/StorageManager;
06-09 09:49:45.011 13415 13434 D M_InsDal: Lcom/fsck/k9/mailstore/StorageManager;--->getInstance(Landroid/content/Context;)Lcom/fsck/k9/mailstore/StorageManager;
06-09 09:49:45.011 13415 13434 D M_InsDal: Lcom/fsck/k9/mailstore/StorageManager;--->unlockProvider(Ljava/lang/String;)V
06-09 09:49:45.011 13415 13434 D M_InsDal: Lcom/fsck/k9/mailstore/StorageManager;--->getProvider(Ljava/lang/String;)Lcom/fsck/k9/mailstore/StorageManager$StorageProvider;
06-09 09:49:45.011 13415 13434 D M_InsDal: Lcom/fsck/k9/mailstore/LocalFolder;--->getDatabaseId()J
06-09 09:49:45.011 13415 13434 D M_InsDal: Lcom/fsck/k9/search/SqlQueryBuilder;--->buildWhereClauseInternal(Lcom/fsck/k9/Account;Lcom/fsck/k9/search/ConditionsTreeNode;Ljava/lang/StringBuilder;Ljava/util/List;)V
06-09 09:49:45.011 13415 13434 D M_InsDal: Lcom/fsck/k9/search/SqlQueryBuilder;--->appendCondition(Lcom/fsck/k9/search/SearchSpecification$SearchCondition;Ljava/lang/StringBuilder;Ljava/util/List;)V
06-09 09:49:45.011 13415 13434 D M_InsDal: Lcom/fsck/k9/search/SqlQueryBuilder;--->getColumnName(Lcom/fsck/k9/search/SearchSpecification$SearchCondition;)Ljava/lang/String;
06-09 09:49:45.011 13415 13434 D M_InsDal: Lcom/fsck/k9/search/SqlQueryBuilder;--->appendExprRight(Lcom/fsck/k9/search/SearchSpecification$SearchCondition;Ljava/lang/StringBuilder;Ljava/util/List;)V
06-09 09:49:45.011 13415 13434 D M_InsDal: Lcom/fsck/k9/search/SqlQueryBuilder;--->isNumberColumn(Lcom/fsck/k9/search/SearchSpecification$SearchField;)Z
06-09 09:49:45.011 13415 13434 D M_InsDal: Lcom/fsck/k9/provider/EmailProvider;--->query(Landroid/net/Uri;[Ljava/lang/String;Ljava/lang/String;[Ljava/lang/String;Ljava/lang/String;)Landroid/database/Cursor;
06-09 09:49:45.011 13415 13434 D M_InsDal: Lcom/fsck/k9/provider/EmailProvider;--->getAccountStats(Ljava/lang/String;[Ljava/lang/String;Ljava/lang/String;[Ljava/lang/String;)Landroid/database/Cursor;
06-09 09:49:45.011 13415 13434 D M_InsDal: Lcom/fsck/k9/provider/EmailProvider;--->getAccount(Ljava/lang/String;)Lcom/fsck/k9/Account;
06-09 09:49:45.011 13415 13434 D M_InsDal: Lcom/fsck/k9/Preferences;--->getAccount(Ljava/lang/String;)Lcom/fsck/k9/Account;
06-09 09:49:45.011 13415 13434 D M_InsDal: Lcom/fsck/k9/provider/EmailProvider;--->getDatabase(Lcom/fsck/k9/Account;)Lcom/fsck/k9/mailstore/LockableDatabase;
06-09 09:49:45.011 13415 13434 D M_InsDal: Lcom/fsck/k9/Account;--->getLocalStore()Lcom/fsck/k9/mailstore/LocalStore;
06-09 09:49:45.011 13415 13434 D M_InsDal: Lcom/fsck/k9/mailstore/LocalStore;--->getInstance(Lcom/fsck/k9/Account;Landroid/content/Context;)Lcom/fsck/k9/mailstore/LocalStore;
06-09 09:49:45.011 13415 13434 D M_InsDal: Lcom/fsck/k9/Account;--->getUuid()Ljava/lang/String;
06-09 09:49:45.011 13415 13434 D M_InsDal: Lcom/fsck/k9/mailstore/LocalStore;--->getDatabase()Lcom/fsck/k9/mailstore/LockableDatabase;
06-09 09:49:45.011 13415 13434 D M_InsDal: Lcom/fsck/k9/provider/EmailProvider;--->containsAny(Ljava/lang/String;[Ljava/lang/String;)Z
06-09 09:49:45.011 13415 13434 D M_InsDal: Lcom/fsck/k9/provider/EmailProvider$4;---><init>(Lcom/fsck/k9/provider/EmailProvider;Ljava/lang/StringBuilder;[Ljava/lang/String;)V
06-09 09:49:45.011 13415 13434 D M_InsDal: Lcom/fsck/k9/mailstore/LockableDatabase;--->execute(ZLcom/fsck/k9/mailstore/LockableDatabase$DbCallback;)Ljava/lang/Object;
06-09 09:49:45.011 13415 13434 D M_InsDal: Lcom/fsck/k9/mailstore/LockableDatabase;--->lockRead()V
06-09 09:49:45.011 13415 13434 D M_InsDal: Lcom/fsck/k9/mailstore/LockableDatabase;--->getStorageManager()Lcom/fsck/k9/mailstore/StorageManager;
06-09 09:49:45.011 13415 13434 D M_InsDal: Lcom/fsck/k9/mailstore/StorageManager;--->getInstance(Landroid/content/Context;)Lcom/fsck/k9/mailstore/StorageManager;
06-09 09:49:45.011 13415 13434 D M_InsDal: Lcom/fsck/k9/mailstore/StorageManager;--->lockProvider(Ljava/lang/String;)V
06-09 09:49:45.011 13415 13434 D M_InsDal: Lcom/fsck/k9/mailstore/StorageManager;--->getProvider(Ljava/lang/String;)Lcom/fsck/k9/mailstore/StorageManager$StorageProvider;
06-09 09:49:45.011 13415 13434 D M_InsDal: Lcom/fsck/k9/mailstore/StorageManager$InternalStorageProvider;--->isReady(Landroid/content/Context;)Z
06-09 09:49:45.011 13415 13434 D M_InsDal: Lcom/fsck/k9/K9;--->isDebug()Z
06-09 09:49:45.011 13415 13434 D M_InsDal: Lcom/fsck/k9/provider/EmailProvider$4;--->doDbWork(Landroid/database/sqlite/SQLiteDatabase;)Landroid/database/Cursor;
06-09 09:49:45.011 13415 13434 D M_InsDal: Lcom/fsck/k9/mailstore/LockableDatabase;--->unlockRead()V
06-09 09:49:45.011 13415 13434 D M_InsDal: Lcom/fsck/k9/mailstore/LockableDatabase;--->getStorageManager()Lcom/fsck/k9/mailstore/StorageManager;
06-09 09:49:45.011 13415 13434 D M_InsDal: Lcom/fsck/k9/mailstore/StorageManager;--->getInstance(Landroid/content/Context;)Lcom/fsck/k9/mailstore/StorageManager;
06-09 09:49:45.011 13415 13434 D M_InsDal: Lcom/fsck/k9/mailstore/StorageManager;--->unlockProvider(Ljava/lang/String;)V
06-09 09:49:45.011 13415 13434 D M_InsDal: Lcom/fsck/k9/mailstore/StorageManager;--->getProvider(Ljava/lang/String;)Lcom/fsck/k9/mailstore/StorageManager$StorageProvider;
06-09 09:49:45.012 13415 13434 D M_InsDal: Lcom/fsck/k9/helper/Utility;--->closeQuietly(Landroid/database/Cursor;)V
06-09 09:49:45.012 13415 13434 D M_InsDal: Lcom/fsck/k9/Account;--->getLocalStore()Lcom/fsck/k9/mailstore/LocalStore;
06-09 09:49:45.012 13415 13434 D M_InsDal: Lcom/fsck/k9/mailstore/LocalStore;--->getInstance(Lcom/fsck/k9/Account;Landroid/content/Context;)Lcom/fsck/k9/mailstore/LocalStore;
06-09 09:49:45.012 13415 13434 D M_InsDal: Lcom/fsck/k9/Account;--->getUuid()Ljava/lang/String;
06-09 09:49:45.012 13415 13434 D M_InsDal: Lcom/fsck/k9/K9;--->measureAccounts()Z
06-09 09:49:45.012 13415 13434 D M_InsDal: Lcom/fsck/k9/mailstore/LocalStore;--->getSize()J
06-09 09:49:45.012 13415 13434 D M_InsDal: Lcom/fsck/k9/mailstore/StorageManager;--->getInstance(Landroid/content/Context;)Lcom/fsck/k9/mailstore/StorageManager;
06-09 09:49:45.012 13415 13434 D M_InsDal: Lcom/fsck/k9/Account;--->getUuid()Ljava/lang/String;
06-09 09:49:45.012 13415 13434 D M_InsDal: Lcom/fsck/k9/mailstore/LockableDatabase;--->getStorageProviderId()Ljava/lang/String;
06-09 09:49:45.012 13415 13434 D M_InsDal: Lcom/fsck/k9/mailstore/StorageManager;--->getAttachmentDirectory(Ljava/lang/String;Ljava/lang/String;)Ljava/io/File;
06-09 09:49:45.012 13415 13434 D M_InsDal: Lcom/fsck/k9/mailstore/StorageManager;--->getProvider(Ljava/lang/String;)Lcom/fsck/k9/mailstore/StorageManager$StorageProvider;
06-09 09:49:45.012 13415 13434 D M_InsDal: Lcom/fsck/k9/mailstore/StorageManager$InternalStorageProvider;--->getAttachmentDirectory(Landroid/content/Context;Ljava/lang/String;)Ljava/io/File;
06-09 09:49:45.012 13415 13434 D M_InsDal: Lcom/fsck/k9/mailstore/LocalStore$1;---><init>(Lcom/fsck/k9/mailstore/LocalStore;Ljava/io/File;Lcom/fsck/k9/mailstore/StorageManager;)V
06-09 09:49:45.012 13415 13434 D M_InsDal: Lcom/fsck/k9/mailstore/LockableDatabase;--->execute(ZLcom/fsck/k9/mailstore/LockableDatabase$DbCallback;)Ljava/lang/Object;
06-09 09:49:45.012 13415 13434 D M_InsDal: Lcom/fsck/k9/mailstore/LockableDatabase;--->lockRead()V
06-09 09:49:45.012 13415 13434 D M_InsDal: Lcom/fsck/k9/mailstore/LockableDatabase;--->getStorageManager()Lcom/fsck/k9/mailstore/StorageManager;
06-09 09:49:45.012 13415 13434 D M_InsDal: Lcom/fsck/k9/mailstore/StorageManager;--->getInstance(Landroid/content/Context;)Lcom/fsck/k9/mailstore/StorageManager;
06-09 09:49:45.012 13415 13434 D M_InsDal: Lcom/fsck/k9/mailstore/StorageManager;--->lockProvider(Ljava/lang/String;)V
06-09 09:49:45.012 13415 13434 D M_InsDal: Lcom/fsck/k9/mailstore/StorageManager;--->getProvider(Ljava/lang/String;)Lcom/fsck/k9/mailstore/StorageManager$StorageProvider;
06-09 09:49:45.012 13415 13434 D M_InsDal: Lcom/fsck/k9/mailstore/StorageManager$InternalStorageProvider;--->isReady(Landroid/content/Context;)Z
06-09 09:49:45.012 13415 13434 D M_InsDal: Lcom/fsck/k9/K9;--->isDebug()Z
06-09 09:49:45.012 13415 13434 D M_InsDal: Lcom/fsck/k9/mailstore/LocalStore$1;--->doDbWork(Landroid/database/sqlite/SQLiteDatabase;)Ljava/lang/Long;
06-09 09:49:45.012 13415 13434 D M_InsDal: Lcom/fsck/k9/Account;--->getUuid()Ljava/lang/String;
06-09 09:49:45.012 13415 13434 D M_InsDal: Lcom/fsck/k9/mailstore/LockableDatabase;--->getStorageProviderId()Ljava/lang/String;
06-09 09:49:45.012 13415 13434 D M_InsDal: Lcom/fsck/k9/mailstore/StorageManager;--->getDatabase(Ljava/lang/String;Ljava/lang/String;)Ljava/io/File;
06-09 09:49:45.012 13415 13434 D M_InsDal: Lcom/fsck/k9/mailstore/StorageManager;--->getProvider(Ljava/lang/String;)Lcom/fsck/k9/mailstore/StorageManager$StorageProvider;
06-09 09:49:45.012 13415 13434 D M_InsDal: Lcom/fsck/k9/mailstore/StorageManager$InternalStorageProvider;--->getDatabase(Landroid/content/Context;Ljava/lang/String;)Ljava/io/File;
06-09 09:49:45.012 13415 13434 D M_InsDal: Lcom/fsck/k9/mailstore/LockableDatabase;--->unlockRead()V
06-09 09:49:45.012 13415 13434 D M_InsDal: Lcom/fsck/k9/mailstore/LockableDatabase;--->getStorageManager()Lcom/fsck/k9/mailstore/StorageManager;
06-09 09:49:45.012 13415 13434 D M_InsDal: Lcom/fsck/k9/mailstore/StorageManager;--->getInstance(Landroid/content/Context;)Lcom/fsck/k9/mailstore/StorageManager;
06-09 09:49:45.012 13415 13434 D M_InsDal: Lcom/fsck/k9/mailstore/StorageManager;--->unlockProvider(Ljava/lang/String;)V
06-09 09:49:45.012 13415 13434 D M_InsDal: Lcom/fsck/k9/mailstore/StorageManager;--->getProvider(Ljava/lang/String;)Lcom/fsck/k9/mailstore/StorageManager$StorageProvider;
06-09 09:49:45.012 13415 13434 D M_InsDal: Lcom/fsck/k9/activity/Accounts$1;--->accountStatusChanged(Lcom/fsck/k9/BaseAccount;Lcom/fsck/k9/AccountStats;)V
06-09 09:49:45.012 13415 13434 D M_InsDal: Lcom/fsck/k9/Account;--->getUuid()Ljava/lang/String;
06-09 09:49:45.012 13415 13434 D M_InsDal: Lcom/fsck/k9/Account;--->getUuid()Ljava/lang/String;
06-09 09:49:45.012 13415 13434 D M_InsDal: Lcom/fsck/k9/activity/Accounts$AccountsHandler;--->dataChanged()V
06-09 09:49:45.012 13415 13434 D M_InsDal: Lcom/fsck/k9/activity/Accounts$AccountsHandler$2;---><init>(Lcom/fsck/k9/activity/Accounts$AccountsHandler;)V
06-09 09:49:45.012 13415 13434 D M_InsDal: Lcom/fsck/k9/Account;--->hashCode()I
06-09 09:49:45.012 13415 13434 D M_InsDal: Lcom/fsck/k9/activity/Accounts$AccountsHandler;--->progress(I)V
06-09 09:49:45.012 13415 13434 D M_InsDal: Lcom/fsck/k9/activity/Accounts$AccountsHandler$6;---><init>(Lcom/fsck/k9/activity/Accounts$AccountsHandler;I)V
06-09 09:49:45.012 13415 13434 D M_InsDal: Lcom/fsck/k9/activity/Accounts$AccountsHandler;--->refreshTitle()V
06-09 09:49:45.012 13415 13434 D M_InsDal: Lcom/fsck/k9/activity/Accounts$AccountsHandler$1;---><init>(Lcom/fsck/k9/activity/Accounts$AccountsHandler;)V
06-09 09:49:45.012 13415 13434 D M_InsDal: Lcom/fsck/k9/mailstore/LocalFolder;--->setLastChecked(J)V
06-09 09:49:45.012 13415 13434 D M_InsDal: Lcom/fsck/k9/mailstore/LocalFolder;--->open(I)V
06-09 09:49:45.012 13415 13434 D M_InsDal: Lcom/fsck/k9/mailstore/LocalFolder;--->isOpen()Z
06-09 09:49:45.012 13415 13434 D M_InsDal: Lcom/fsck/k9/mailstore/LocalFolder;--->getMode()I
06-09 09:49:45.012 13415 13434 D M_InsDal: Lcom/fsck/k9/mail/Folder;--->setLastChecked(J)V
06-09 09:49:45.012 13415 13434 D M_InsDal: Lcom/fsck/k9/mailstore/LocalFolder;--->updateFolderColumn(Ljava/lang/String;Ljava/lang/Object;)V
06-09 09:49:45.012 13415 13434 D M_InsDal: Lcom/fsck/k9/mailstore/LocalStore;--->getDatabase()Lcom/fsck/k9/mailstore/LockableDatabase;
06-09 09:49:45.012 13415 13434 D M_InsDal: Lcom/fsck/k9/mailstore/LocalFolder$7;---><init>(Lcom/fsck/k9/mailstore/LocalFolder;Ljava/lang/String;Ljava/lang/Object;)V
06-09 09:49:45.012 13415 13434 D M_InsDal: Lcom/fsck/k9/mailstore/LockableDatabase;--->execute(ZLcom/fsck/k9/mailstore/LockableDatabase$DbCallback;)Ljava/lang/Object;
06-09 09:49:45.012 13415 13434 D M_InsDal: Lcom/fsck/k9/mailstore/LockableDatabase;--->lockRead()V
06-09 09:49:45.012 13415 13434 D M_InsDal: Lcom/fsck/k9/mailstore/LockableDatabase;--->getStorageManager()Lcom/fsck/k9/mailstore/StorageManager;
06-09 09:49:45.012 13415 13434 D M_InsDal: Lcom/fsck/k9/mailstore/StorageManager;--->getInstance(Landroid/content/Context;)Lcom/fsck/k9/mailstore/StorageManager;
06-09 09:49:45.012 13415 13434 D M_InsDal: Lcom/fsck/k9/mailstore/StorageManager;--->lockProvider(Ljava/lang/String;)V
06-09 09:49:45.012 13415 13434 D M_InsDal: Lcom/fsck/k9/mailstore/StorageManager;--->getProvider(Ljava/lang/String;)Lcom/fsck/k9/mailstore/StorageManager$StorageProvider;
06-09 09:49:45.012 13415 13434 D M_InsDal: Lcom/fsck/k9/mailstore/StorageManager$InternalStorageProvider;--->isReady(Landroid/content/Context;)Z
06-09 09:49:45.012 13415 13434 D M_InsDal: Lcom/fsck/k9/K9;--->isDebug()Z
06-09 09:49:45.012 13415 13434 D M_InsDal: Lcom/fsck/k9/mailstore/LocalFolder$7;--->doDbWork(Landroid/database/sqlite/SQLiteDatabase;)Ljava/lang/Void;
06-09 09:49:45.012 13415 13434 D M_InsDal: Lcom/fsck/k9/mailstore/LocalFolder;--->open(I)V
06-09 09:49:45.012 13415 13434 D M_InsDal: Lcom/fsck/k9/mailstore/LocalFolder;--->isOpen()Z
06-09 09:49:45.012 13415 13434 D M_InsDal: Lcom/fsck/k9/mailstore/LocalFolder;--->getMode()I
06-09 09:49:45.012 13415 13434 D M_InsDal: Lcom/fsck/k9/mailstore/LockableDatabase;--->unlockRead()V
06-09 09:49:45.012 13415 13434 D M_InsDal: Lcom/fsck/k9/mailstore/LockableDatabase;--->getStorageManager()Lcom/fsck/k9/mailstore/StorageManager;
06-09 09:49:45.012 13415 13434 D M_InsDal: Lcom/fsck/k9/mailstore/StorageManager;--->getInstance(Landroid/content/Context;)Lcom/fsck/k9/mailstore/StorageManager;
06-09 09:49:45.012 13415 13434 D M_InsDal: Lcom/fsck/k9/mailstore/StorageManager;--->unlockProvider(Ljava/lang/String;)V
06-09 09:49:45.012 13415 13434 D M_InsDal: Lcom/fsck/k9/mailstore/StorageManager;--->getProvider(Ljava/lang/String;)Lcom/fsck/k9/mailstore/StorageManager$StorageProvider;
06-09 09:49:45.012 13415 13434 D M_InsDal: Lcom/fsck/k9/mailstore/LocalFolder;--->setStatus(Ljava/lang/String;)V
06-09 09:49:45.012 13415 13434 D M_InsDal: Lcom/fsck/k9/mailstore/LocalFolder;--->updateFolderColumn(Ljava/lang/String;Ljava/lang/Object;)V
06-09 09:49:45.013 13415 13434 D M_InsDal: Lcom/fsck/k9/mailstore/LocalStore;--->getDatabase()Lcom/fsck/k9/mailstore/LockableDatabase;
06-09 09:49:45.013 13415 13434 D M_InsDal: Lcom/fsck/k9/mailstore/LocalFolder$7;---><init>(Lcom/fsck/k9/mailstore/LocalFolder;Ljava/lang/String;Ljava/lang/Object;)V
06-09 09:49:45.013 13415 13434 D M_InsDal: Lcom/fsck/k9/mailstore/LockableDatabase;--->execute(ZLcom/fsck/k9/mailstore/LockableDatabase$DbCallback;)Ljava/lang/Object;
06-09 09:49:45.013 13415 13434 D M_InsDal: Lcom/fsck/k9/mailstore/LockableDatabase;--->lockRead()V
06-09 09:49:45.013 13415 13434 D M_InsDal: Lcom/fsck/k9/mailstore/LockableDatabase;--->getStorageManager()Lcom/fsck/k9/mailstore/StorageManager;
06-09 09:49:45.013 13415 13434 D M_InsDal: Lcom/fsck/k9/mailstore/StorageManager;--->getInstance(Landroid/content/Context;)Lcom/fsck/k9/mailstore/StorageManager;
06-09 09:49:45.013 13415 13434 D M_InsDal: Lcom/fsck/k9/mailstore/StorageManager;--->lockProvider(Ljava/lang/String;)V
06-09 09:49:45.013 13415 13434 D M_InsDal: Lcom/fsck/k9/mailstore/StorageManager;--->getProvider(Ljava/lang/String;)Lcom/fsck/k9/mailstore/StorageManager$StorageProvider;
06-09 09:49:45.013 13415 13434 D M_InsDal: Lcom/fsck/k9/mailstore/StorageManager$InternalStorageProvider;--->isReady(Landroid/content/Context;)Z
06-09 09:49:45.013 13415 13434 D M_InsDal: Lcom/fsck/k9/K9;--->isDebug()Z
06-09 09:49:45.013 13415 13434 D M_InsDal: Lcom/fsck/k9/mailstore/LocalFolder$7;--->doDbWork(Landroid/database/sqlite/SQLiteDatabase;)Ljava/lang/Void;
06-09 09:49:45.013 13415 13434 D M_InsDal: Lcom/fsck/k9/mailstore/LocalFolder;--->open(I)V
06-09 09:49:45.013 13415 13434 D M_InsDal: Lcom/fsck/k9/mailstore/LocalFolder;--->isOpen()Z
06-09 09:49:45.013 13415 13434 D M_InsDal: Lcom/fsck/k9/mailstore/LocalFolder;--->getMode()I
06-09 09:49:45.013 13415 13434 D M_InsDal: Lcom/fsck/k9/mailstore/LockableDatabase;--->unlockRead()V
06-09 09:49:45.013 13415 13434 D M_InsDal: Lcom/fsck/k9/mailstore/LockableDatabase;--->getStorageManager()Lcom/fsck/k9/mailstore/StorageManager;
06-09 09:49:45.013 13415 13434 D M_InsDal: Lcom/fsck/k9/mailstore/StorageManager;--->getInstance(Landroid/content/Context;)Lcom/fsck/k9/mailstore/StorageManager;
06-09 09:49:45.013 13415 13434 D M_InsDal: Lcom/fsck/k9/mailstore/StorageManager;--->unlockProvider(Ljava/lang/String;)V
06-09 09:49:45.013 13415 13434 D M_InsDal: Lcom/fsck/k9/mailstore/StorageManager;--->getProvider(Ljava/lang/String;)Lcom/fsck/k9/mailstore/StorageManager$StorageProvider;
06-09 09:49:45.013 13415 13434 D M_InsDal: Lcom/fsck/k9/Account;--->getDescription()Ljava/lang/String;
06-09 09:49:45.013 13415 13434 D M_InsDal: Lcom/fsck/k9/controller/imap/ImapSync;--->getListeners(Lcom/fsck/k9/controller/MessagingListener;)Ljava/util/Set;
06-09 09:49:45.013 13415 13434 D M_InsDal: Lcom/fsck/k9/controller/MessagingController;--->getListeners(Lcom/fsck/k9/controller/MessagingListener;)Ljava/util/Set;
06-09 09:49:45.013 13415 13434 D M_InsDal: Lcom/fsck/k9/controller/SimpleMessagingListener;--->synchronizeMailboxFinished(Lcom/fsck/k9/Account;Ljava/lang/String;II)V
06-09 09:49:45.013 13415 13434 D M_InsDal: Lcom/fsck/k9/activity/Accounts$1;--->synchronizeMailboxFinished(Lcom/fsck/k9/Account;Ljava/lang/String;II)V
06-09 09:49:45.013 13415 13434 D M_InsDal: Lcom/fsck/k9/controller/MessagingController;--->getInstance(Landroid/content/Context;)Lcom/fsck/k9/controller/MessagingController;
06-09 09:49:45.013 13415 13434 D M_InsDal: Lcom/fsck/k9/controller/MessagingController;--->getAccountStats(Landroid/content/Context;Lcom/fsck/k9/Account;Lcom/fsck/k9/controller/MessagingListener;)V
06-09 09:49:45.013 13415 13434 D M_InsDal: Lcom/fsck/k9/controller/MessagingController$22;---><init>(Lcom/fsck/k9/controller/MessagingController;Lcom/fsck/k9/Account;Landroid/content/Context;Lcom/fsck/k9/controller/MessagingListener;)V
06-09 09:49:45.013 13415 13434 D M_InsDal: Lcom/fsck/k9/activity/ActivityListener;--->synchronizeMailboxFinished(Lcom/fsck/k9/Account;Ljava/lang/String;II)V
06-09 09:49:45.013 13415 13434 D M_InsDal: Lcom/fsck/k9/activity/Accounts$1;--->informUserOfStatus()V
06-09 09:49:45.013 13415 13434 D M_InsDal: Lcom/fsck/k9/activity/Accounts$AccountsHandler;--->refreshTitle()V
06-09 09:49:45.013 13415 13434 D M_InsDal: Lcom/fsck/k9/activity/Accounts$AccountsHandler$1;---><init>(Lcom/fsck/k9/activity/Accounts$AccountsHandler;)V
06-09 09:49:45.013 13415 13434 D M_InsDal: Lcom/fsck/k9/activity/Accounts$AccountsHandler;--->progress(Z)V
06-09 09:49:45.013 13415 13434 D M_InsDal: Lcom/fsck/k9/activity/Accounts$AccountsHandler$5;---><init>(Lcom/fsck/k9/activity/Accounts$AccountsHandler;Z)V
06-09 09:49:45.013 13415 13434 D M_InsDal: Lcom/fsck/k9/controller/MessagingControllerPushReceiver$1;--->synchronizeMailboxFinished(Lcom/fsck/k9/Account;Ljava/lang/String;II)V
06-09 09:49:45.013 13415 13434 D M_InsDal: Lcom/fsck/k9/controller/SimpleMessagingListener;--->synchronizeMailboxFinished(Lcom/fsck/k9/Account;Ljava/lang/String;II)V
06-09 09:49:45.013 13415 13434 D M_InsDal: Lcom/fsck/k9/controller/MemorizingMessagingListener;--->synchronizeMailboxFinished(Lcom/fsck/k9/Account;Ljava/lang/String;II)V
06-09 09:49:45.013 13415 13434 D M_InsDal: Lcom/fsck/k9/controller/MemorizingMessagingListener;--->getMemory(Lcom/fsck/k9/Account;Ljava/lang/String;)Lcom/fsck/k9/controller/MemorizingMessagingListener$Memory;
06-09 09:49:45.013 13415 13434 D M_InsDal: Lcom/fsck/k9/controller/MemorizingMessagingListener;--->getMemoryKey(Lcom/fsck/k9/Account;Ljava/lang/String;)Ljava/lang/String;
06-09 09:49:45.013 13415 13446 D M_InsDal: Lcom/fsck/k9/controller/MessagingController$22;--->run()V
06-09 09:49:45.013 13415 13434 D M_InsDal: Lcom/fsck/k9/Account;--->getDescription()Ljava/lang/String;
06-09 09:49:45.013 13415 13446 D M_InsDal: Lcom/fsck/k9/Account;--->getStats(Landroid/content/Context;)Lcom/fsck/k9/AccountStats;
06-09 09:49:45.013 13415 13434 D M_InsDal: Lcom/fsck/k9/Account;--->getDescription()Ljava/lang/String;
06-09 09:49:45.013 13415 13440 D M_InsDal: Lcom/fsck/k9/mail/store/imap/ImapFolder;--->getName()Ljava/lang/String;
06-09 09:49:45.013 13415 13446 D M_InsDal: Lcom/fsck/k9/Account;--->isAvailable(Landroid/content/Context;)Z
06-09 09:49:45.013 13415 13434 D M_InsDal: Lcom/fsck/k9/controller/imap/ImapSync;--->closeFolder(Lcom/fsck/k9/mail/Folder;)V
06-09 09:49:45.013 13415 13434 D M_InsDal: Lcom/fsck/k9/mailstore/LocalFolder;--->close()V
06-09 09:49:45.013 13415 13446 D M_InsDal: Lcom/fsck/k9/Account;--->getLocalStorageProviderId()Ljava/lang/String;
06-09 09:49:45.013 13415 13440 D M_InsDal: Lcom/fsck/k9/mail/store/imap/ImapFolderPusher$PushRunnable;--->getNewUidNext()J
06-09 09:49:45.013 13415 13446 D M_InsDal: Lcom/fsck/k9/mailstore/StorageManager;--->getInstance(Landroid/content/Context;)Lcom/fsck/k9/mailstore/StorageManager;
06-09 09:49:45.013 13415 13446 D M_InsDal: Lcom/fsck/k9/mailstore/StorageManager;--->isReady(Ljava/lang/String;)Z
06-09 09:49:45.013 13415 13440 D M_InsDal: Lcom/fsck/k9/mail/store/imap/ImapFolderPusher$PushRunnable;--->getStartUid(JJ)J
06-09 09:49:45.013 13415 13446 D M_InsDal: Lcom/fsck/k9/mailstore/StorageManager;--->getProvider(Ljava/lang/String;)Lcom/fsck/k9/mailstore/StorageManager$StorageProvider;
06-09 09:49:45.013 13415 13434 D M_InsDal: Lcom/fsck/k9/controller/MessagingController$9;--->run()V
06-09 09:49:45.013 13415 13440 D M_InsDal: Lcom/fsck/k9/mail/store/imap/ImapStore;--->getStoreConfig()Lcom/fsck/k9/mail/store/StoreConfig;
06-09 09:49:45.013 13415 13434 D M_InsDal: Lcom/fsck/k9/controller/MessagingController;--->synchronizeMailboxSynchronous(Lcom/fsck/k9/Account;Ljava/lang/String;Lcom/fsck/k9/controller/MessagingListener;Lcom/fsck/k9/mail/Folder;)V
06-09 09:49:45.013 13415 13434 D M_InsDal: Lcom/fsck/k9/controller/MessagingController;--->getRemoteMessageStore(Lcom/fsck/k9/Account;)Lcom/fsck/k9/controller/RemoteMessageStore;
06-09 09:49:45.013 13415 13440 D M_InsDal: Lcom/fsck/k9/Account;--->getDisplayCount()I
06-09 09:49:45.013 13415 13446 D M_InsDal: Lcom/fsck/k9/mailstore/StorageManager$InternalStorageProvider;--->isReady(Landroid/content/Context;)Z
06-09 09:49:45.013 13415 13434 D M_InsDal: Lcom/fsck/k9/Account;--->getStoreUri()Ljava/lang/String;
06-09 09:49:45.013 13415 13440 D M_InsDal: Lcom/fsck/k9/mail/store/imap/ImapFolderPusher$PushRunnable;--->processStoredUntaggedResponses()V
06-09 09:49:45.013 13415 13434 D M_InsDal: Lcom/fsck/k9/controller/MessagingController;--->getImapMessageStore()Lcom/fsck/k9/controller/imap/ImapMessageStore;
