06-09 10:57:49.887 29555 29555 D M_InsDal: Lnl/sogeti/android/gpstracker/adapter/BreadcrumbsAdapter;--->getItemViewType(I)I
06-09 10:57:49.887 29555 29555 D M_InsDal: Lnl/sogeti/android/gpstracker/breadcrumbs/BreadcrumbsService;--->isAuthorized()Z
06-09 10:57:49.887 29555 29555 D M_InsDal: Lnl/sogeti/android/gpstracker/adapter/BreadcrumbsAdapter;--->getCount()I
06-09 10:57:49.887 29555 29555 D M_InsDal: Lnl/sogeti/android/gpstracker/breadcrumbs/BreadcrumbsService;--->isAuthorized()Z
06-09 10:57:49.887 29555 29555 D M_InsDal: Lnl/sogeti/android/gpstracker/adapter/BreadcrumbsAdapter;--->isEnabled(I)Z
06-09 10:57:49.887 29555 29555 D M_InsDal: Lnl/sogeti/android/gpstracker/adapter/BreadcrumbsAdapter;--->getItemViewType(I)I
06-09 10:57:49.887 29555 29555 D M_InsDal: Lnl/sogeti/android/gpstracker/breadcrumbs/BreadcrumbsService;--->isAuthorized()Z
06-09 10:57:49.903 29555 29555 D M_InsDal: Lnl/sogeti/android/gpstracker/adapter/SectionedListAdapter;--->isEnabled(I)Z
06-09 10:57:49.903 29555 29555 D M_InsDal: Lnl/sogeti/android/gpstracker/adapter/SectionedListAdapter;--->getItemViewType(I)I
06-09 10:57:49.903 29555 29555 D M_InsDal: Lnl/sogeti/android/gpstracker/adapter/SectionedListAdapter;--->isEnabled(I)Z
06-09 10:57:49.903 29555 29555 D M_InsDal: Lnl/sogeti/android/gpstracker/adapter/SectionedListAdapter;--->getItemViewType(I)I
06-09 10:57:49.903 29555 29555 D M_InsDal: Lnl/sogeti/android/gpstracker/adapter/BreadcrumbsAdapter;--->getCount()I
06-09 10:57:49.903 29555 29555 D M_InsDal: Lnl/sogeti/android/gpstracker/breadcrumbs/BreadcrumbsService;--->isAuthorized()Z
06-09 10:57:49.903 29555 29555 D M_InsDal: Lnl/sogeti/android/gpstracker/adapter/SectionedListAdapter;--->isEnabled(I)Z
06-09 10:57:49.903 29555 29555 D M_InsDal: Lnl/sogeti/android/gpstracker/adapter/SectionedListAdapter;--->getItemViewType(I)I
06-09 10:57:49.903 29555 29555 D M_InsDal: Lnl/sogeti/android/gpstracker/adapter/BreadcrumbsAdapter;--->getCount()I
06-09 10:57:49.903 29555 29555 D M_InsDal: Lnl/sogeti/android/gpstracker/breadcrumbs/BreadcrumbsService;--->isAuthorized()Z
06-09 10:57:49.903 29555 29555 D M_InsDal: Lnl/sogeti/android/gpstracker/adapter/BreadcrumbsAdapter;--->getItemViewType(I)I
06-09 10:57:49.903 29555 29555 D M_InsDal: Lnl/sogeti/android/gpstracker/breadcrumbs/BreadcrumbsService;--->isAuthorized()Z
06-09 10:57:49.903 29555 29555 D M_InsDal: Lnl/sogeti/android/gpstracker/adapter/BreadcrumbsAdapter;--->getCount()I
06-09 10:57:49.903 29555 29555 D M_InsDal: Lnl/sogeti/android/gpstracker/breadcrumbs/BreadcrumbsService;--->isAuthorized()Z
06-09 10:57:49.903 29555 29555 D M_InsDal: Lnl/sogeti/android/gpstracker/adapter/BreadcrumbsAdapter;--->isEnabled(I)Z
06-09 10:57:49.903 29555 29555 D M_InsDal: Lnl/sogeti/android/gpstracker/adapter/BreadcrumbsAdapter;--->getItemViewType(I)I
06-09 10:57:49.903 29555 29555 D M_InsDal: Lnl/sogeti/android/gpstracker/breadcrumbs/BreadcrumbsService;--->isAuthorized()Z
06-09 10:57:49.921 29555 29555 D M_InsDal: Lnl/sogeti/android/gpstracker/adapter/SectionedListAdapter;--->isEnabled(I)Z
06-09 10:57:49.921 29555 29555 D M_InsDal: Lnl/sogeti/android/gpstracker/adapter/SectionedListAdapter;--->getItemViewType(I)I
06-09 10:57:49.921 29555 29555 D M_InsDal: Lnl/sogeti/android/gpstracker/adapter/SectionedListAdapter;--->isEnabled(I)Z
06-09 10:57:49.921 29555 29555 D M_InsDal: Lnl/sogeti/android/gpstracker/adapter/SectionedListAdapter;--->getItemViewType(I)I
06-09 10:57:49.921 29555 29555 D M_InsDal: Lnl/sogeti/android/gpstracker/adapter/BreadcrumbsAdapter;--->getCount()I
06-09 10:57:49.921 29555 29555 D M_InsDal: Lnl/sogeti/android/gpstracker/breadcrumbs/BreadcrumbsService;--->isAuthorized()Z
06-09 10:57:49.921 29555 29555 D M_InsDal: Lnl/sogeti/android/gpstracker/adapter/SectionedListAdapter;--->isEnabled(I)Z
06-09 10:57:49.921 29555 29555 D M_InsDal: Lnl/sogeti/android/gpstracker/adapter/SectionedListAdapter;--->getItemViewType(I)I
06-09 10:57:49.921 29555 29555 D M_InsDal: Lnl/sogeti/android/gpstracker/adapter/BreadcrumbsAdapter;--->getCount()I
06-09 10:57:49.921 29555 29555 D M_InsDal: Lnl/sogeti/android/gpstracker/breadcrumbs/BreadcrumbsService;--->isAuthorized()Z
06-09 10:57:49.921 29555 29555 D M_InsDal: Lnl/sogeti/android/gpstracker/adapter/BreadcrumbsAdapter;--->getItemViewType(I)I
06-09 10:57:49.921 29555 29555 D M_InsDal: Lnl/sogeti/android/gpstracker/breadcrumbs/BreadcrumbsService;--->isAuthorized()Z
06-09 10:57:49.921 29555 29555 D M_InsDal: Lnl/sogeti/android/gpstracker/adapter/BreadcrumbsAdapter;--->getCount()I
06-09 10:57:49.921 29555 29555 D M_InsDal: Lnl/sogeti/android/gpstracker/breadcrumbs/BreadcrumbsService;--->isAuthorized()Z
06-09 10:57:49.921 29555 29555 D M_InsDal: Lnl/sogeti/android/gpstracker/adapter/BreadcrumbsAdapter;--->isEnabled(I)Z
06-09 10:57:49.921 29555 29555 D M_InsDal: Lnl/sogeti/android/gpstracker/adapter/BreadcrumbsAdapter;--->getItemViewType(I)I
06-09 10:57:49.921 29555 29555 D M_InsDal: Lnl/sogeti/android/gpstracker/breadcrumbs/BreadcrumbsService;--->isAuthorized()Z
06-09 10:57:49.937 29555 29555 D M_InsDal: Lnl/sogeti/android/gpstracker/adapter/SectionedListAdapter;--->isEnabled(I)Z
06-09 10:57:49.937 29555 29555 D M_InsDal: Lnl/sogeti/android/gpstracker/adapter/SectionedListAdapter;--->getItemViewType(I)I
06-09 10:57:49.937 29555 29555 D M_InsDal: Lnl/sogeti/android/gpstracker/adapter/SectionedListAdapter;--->isEnabled(I)Z
06-09 10:57:49.937 29555 29555 D M_InsDal: Lnl/sogeti/android/gpstracker/adapter/SectionedListAdapter;--->getItemViewType(I)I
06-09 10:57:49.937 29555 29555 D M_InsDal: Lnl/sogeti/android/gpstracker/adapter/BreadcrumbsAdapter;--->getCount()I
06-09 10:57:49.937 29555 29555 D M_InsDal: Lnl/sogeti/android/gpstracker/breadcrumbs/BreadcrumbsService;--->isAuthorized()Z
06-09 10:57:49.937 29555 29555 D M_InsDal: Lnl/sogeti/android/gpstracker/adapter/SectionedListAdapter;--->isEnabled(I)Z
06-09 10:57:49.938 29555 29555 D M_InsDal: Lnl/sogeti/android/gpstracker/adapter/SectionedListAdapter;--->getItemViewType(I)I
06-09 10:57:49.938 29555 29555 D M_InsDal: Lnl/sogeti/android/gpstracker/adapter/BreadcrumbsAdapter;--->getCount()I
06-09 10:57:49.938 29555 29555 D M_InsDal: Lnl/sogeti/android/gpstracker/breadcrumbs/BreadcrumbsService;--->isAuthorized()Z
06-09 10:57:49.938 29555 29555 D M_InsDal: Lnl/sogeti/android/gpstracker/adapter/BreadcrumbsAdapter;--->getItemViewType(I)I
06-09 10:57:49.938 29555 29555 D M_InsDal: Lnl/sogeti/android/gpstracker/breadcrumbs/BreadcrumbsService;--->isAuthorized()Z
06-09 10:57:49.938 29555 29555 D M_InsDal: Lnl/sogeti/android/gpstracker/adapter/BreadcrumbsAdapter;--->getCount()I
06-09 10:57:49.938 29555 29555 D M_InsDal: Lnl/sogeti/android/gpstracker/breadcrumbs/BreadcrumbsService;--->isAuthorized()Z
06-09 10:57:49.938 29555 29555 D M_InsDal: Lnl/sogeti/android/gpstracker/adapter/BreadcrumbsAdapter;--->isEnabled(I)Z
06-09 10:57:49.938 29555 29555 D M_InsDal: Lnl/sogeti/android/gpstracker/adapter/BreadcrumbsAdapter;--->getItemViewType(I)I
06-09 10:57:49.938 29555 29555 D M_InsDal: Lnl/sogeti/android/gpstracker/breadcrumbs/BreadcrumbsService;--->isAuthorized()Z
06-09 10:57:49.954 29555 29555 D M_InsDal: Lnl/sogeti/android/gpstracker/adapter/SectionedListAdapter;--->isEnabled(I)Z
06-09 10:57:49.954 29555 29555 D M_InsDal: Lnl/sogeti/android/gpstracker/adapter/SectionedListAdapter;--->getItemViewType(I)I
06-09 10:57:49.954 29555 29555 D M_InsDal: Lnl/sogeti/android/gpstracker/adapter/SectionedListAdapter;--->isEnabled(I)Z
06-09 10:57:49.955 29555 29555 D M_InsDal: Lnl/sogeti/android/gpstracker/adapter/SectionedListAdapter;--->getItemViewType(I)I
06-09 10:57:49.955 29555 29555 D M_InsDal: Lnl/sogeti/android/gpstracker/adapter/BreadcrumbsAdapter;--->getCount()I
06-09 10:57:49.955 29555 29555 D M_InsDal: Lnl/sogeti/android/gpstracker/breadcrumbs/BreadcrumbsService;--->isAuthorized()Z
06-09 10:57:49.955 29555 29555 D M_InsDal: Lnl/sogeti/android/gpstracker/adapter/SectionedListAdapter;--->isEnabled(I)Z
06-09 10:57:49.955 29555 29555 D M_InsDal: Lnl/sogeti/android/gpstracker/adapter/SectionedListAdapter;--->getItemViewType(I)I
06-09 10:57:49.955 29555 29555 D M_InsDal: Lnl/sogeti/android/gpstracker/adapter/BreadcrumbsAdapter;--->getCount()I
06-09 10:57:49.955 29555 29555 D M_InsDal: Lnl/sogeti/android/gpstracker/breadcrumbs/BreadcrumbsService;--->isAuthorized()Z
06-09 10:57:49.955 29555 29555 D M_InsDal: Lnl/sogeti/android/gpstracker/adapter/BreadcrumbsAdapter;--->getItemViewType(I)I
06-09 10:57:49.955 29555 29555 D M_InsDal: Lnl/sogeti/android/gpstracker/breadcrumbs/BreadcrumbsService;--->isAuthorized()Z
06-09 10:57:49.955 29555 29555 D M_InsDal: Lnl/sogeti/android/gpstracker/adapter/BreadcrumbsAdapter;--->getCount()I
06-09 10:57:49.955 29555 29555 D M_InsDal: Lnl/sogeti/android/gpstracker/breadcrumbs/BreadcrumbsService;--->isAuthorized()Z
06-09 10:57:49.955 29555 29555 D M_InsDal: Lnl/sogeti/android/gpstracker/adapter/BreadcrumbsAdapter;--->isEnabled(I)Z
06-09 10:57:49.955 29555 29555 D M_InsDal: Lnl/sogeti/android/gpstracker/adapter/BreadcrumbsAdapter;--->getItemViewType(I)I
06-09 10:57:49.955 29555 29555 D M_InsDal: Lnl/sogeti/android/gpstracker/breadcrumbs/BreadcrumbsService;--->isAuthorized()Z
06-09 10:57:49.972 29555 29555 D M_InsDal: Lnl/sogeti/android/gpstracker/adapter/SectionedListAdapter;--->isEnabled(I)Z
06-09 10:57:49.972 29555 29555 D M_InsDal: Lnl/sogeti/android/gpstracker/adapter/SectionedListAdapter;--->getItemViewType(I)I
06-09 10:57:49.972 29555 29555 D M_InsDal: Lnl/sogeti/android/gpstracker/adapter/SectionedListAdapter;--->isEnabled(I)Z
06-09 10:57:49.972 29555 29555 D M_InsDal: Lnl/sogeti/android/gpstracker/adapter/SectionedListAdapter;--->getItemViewType(I)I
06-09 10:57:49.972 29555 29555 D M_InsDal: Lnl/sogeti/android/gpstracker/adapter/BreadcrumbsAdapter;--->getCount()I
06-09 10:57:49.972 29555 29555 D M_InsDal: Lnl/sogeti/android/gpstracker/breadcrumbs/BreadcrumbsService;--->isAuthorized()Z
06-09 10:57:49.972 29555 29555 D M_InsDal: Lnl/sogeti/android/gpstracker/adapter/SectionedListAdapter;--->isEnabled(I)Z
06-09 10:57:49.972 29555 29555 D M_InsDal: Lnl/sogeti/android/gpstracker/adapter/SectionedListAdapter;--->getItemViewType(I)I
06-09 10:57:49.972 29555 29555 D M_InsDal: Lnl/sogeti/android/gpstracker/adapter/BreadcrumbsAdapter;--->getCount()I
06-09 10:57:49.972 29555 29555 D M_InsDal: Lnl/sogeti/android/gpstracker/breadcrumbs/BreadcrumbsService;--->isAuthorized()Z
06-09 10:57:49.972 29555 29555 D M_InsDal: Lnl/sogeti/android/gpstracker/adapter/BreadcrumbsAdapter;--->getItemViewType(I)I
06-09 10:57:49.972 29555 29555 D M_InsDal: Lnl/sogeti/android/gpstracker/breadcrumbs/BreadcrumbsService;--->isAuthorized()Z
06-09 10:57:49.972 29555 29555 D M_InsDal: Lnl/sogeti/android/gpstracker/adapter/BreadcrumbsAdapter;--->getCount()I
06-09 10:57:49.972 29555 29555 D M_InsDal: Lnl/sogeti/android/gpstracker/breadcrumbs/BreadcrumbsService;--->isAuthorized()Z
06-09 10:57:49.972 29555 29555 D M_InsDal: Lnl/sogeti/android/gpstracker/adapter/BreadcrumbsAdapter;--->isEnabled(I)Z
06-09 10:57:49.972 29555 29555 D M_InsDal: Lnl/sogeti/android/gpstracker/adapter/BreadcrumbsAdapter;--->getItemViewType(I)I
06-09 10:57:49.972 29555 29555 D M_InsDal: Lnl/sogeti/android/gpstracker/breadcrumbs/BreadcrumbsService;--->isAuthorized()Z
06-09 10:57:49.987 29555 29555 D M_InsDal: Lnl/sogeti/android/gpstracker/adapter/SectionedListAdapter;--->isEnabled(I)Z
06-09 10:57:49.987 29555 29555 D M_InsDal: Lnl/sogeti/android/gpstracker/adapter/SectionedListAdapter;--->getItemViewType(I)I
06-09 10:57:49.987 29555 29555 D M_InsDal: Lnl/sogeti/android/gpstracker/adapter/SectionedListAdapter;--->isEnabled(I)Z
06-09 10:57:49.987 29555 29555 D M_InsDal: Lnl/sogeti/android/gpstracker/adapter/SectionedListAdapter;--->getItemViewType(I)I
06-09 10:57:49.987 29555 29555 D M_InsDal: Lnl/sogeti/android/gpstracker/adapter/BreadcrumbsAdapter;--->getCount()I
06-09 10:57:49.987 29555 29555 D M_InsDal: Lnl/sogeti/android/gpstracker/breadcrumbs/BreadcrumbsService;--->isAuthorized()Z
06-09 10:57:49.987 29555 29555 D M_InsDal: Lnl/sogeti/android/gpstracker/adapter/SectionedListAdapter;--->isEnabled(I)Z
06-09 10:57:49.987 29555 29555 D M_InsDal: Lnl/sogeti/android/gpstracker/adapter/SectionedListAdapter;--->getItemViewType(I)I
06-09 10:57:49.987 29555 29555 D M_InsDal: Lnl/sogeti/android/gpstracker/adapter/BreadcrumbsAdapter;--->getCount()I
06-09 10:57:49.987 29555 29555 D M_InsDal: Lnl/sogeti/android/gpstracker/breadcrumbs/BreadcrumbsService;--->isAuthorized()Z
06-09 10:57:49.987 29555 29555 D M_InsDal: Lnl/sogeti/android/gpstracker/adapter/BreadcrumbsAdapter;--->getItemViewType(I)I
06-09 10:57:49.987 29555 29555 D M_InsDal: Lnl/sogeti/android/gpstracker/breadcrumbs/BreadcrumbsService;--->isAuthorized()Z
06-09 10:57:49.987 29555 29555 D M_InsDal: Lnl/sogeti/android/gpstracker/adapter/BreadcrumbsAdapter;--->getCount()I
06-09 10:57:49.987 29555 29555 D M_InsDal: Lnl/sogeti/android/gpstracker/breadcrumbs/BreadcrumbsService;--->isAuthorized()Z
06-09 10:57:49.987 29555 29555 D M_InsDal: Lnl/sogeti/android/gpstracker/adapter/BreadcrumbsAdapter;--->isEnabled(I)Z
06-09 10:57:49.987 29555 29555 D M_InsDal: Lnl/sogeti/android/gpstracker/adapter/BreadcrumbsAdapter;--->getItemViewType(I)I
06-09 10:57:49.987 29555 29555 D M_InsDal: Lnl/sogeti/android/gpstracker/breadcrumbs/BreadcrumbsService;--->isAuthorized()Z
06-09 10:57:50.005 29555 29555 D M_InsDal: Lnl/sogeti/android/gpstracker/adapter/SectionedListAdapter;--->isEnabled(I)Z
06-09 10:57:50.005 29555 29555 D M_InsDal: Lnl/sogeti/android/gpstracker/adapter/SectionedListAdapter;--->getItemViewType(I)I
06-09 10:57:50.005 29555 29555 D M_InsDal: Lnl/sogeti/android/gpstracker/adapter/SectionedListAdapter;--->isEnabled(I)Z
06-09 10:57:50.005 29555 29555 D M_InsDal: Lnl/sogeti/android/gpstracker/adapter/SectionedListAdapter;--->getItemViewType(I)I
06-09 10:57:50.005 29555 29555 D M_InsDal: Lnl/sogeti/android/gpstracker/adapter/BreadcrumbsAdapter;--->getCount()I
06-09 10:57:50.005 29555 29555 D M_InsDal: Lnl/sogeti/android/gpstracker/breadcrumbs/BreadcrumbsService;--->isAuthorized()Z
06-09 10:57:50.005 29555 29555 D M_InsDal: Lnl/sogeti/android/gpstracker/adapter/SectionedListAdapter;--->isEnabled(I)Z
06-09 10:57:50.005 29555 29555 D M_InsDal: Lnl/sogeti/android/gpstracker/adapter/SectionedListAdapter;--->getItemViewType(I)I
06-09 10:57:50.005 29555 29555 D M_InsDal: Lnl/sogeti/android/gpstracker/adapter/BreadcrumbsAdapter;--->getCount()I
06-09 10:57:50.005 29555 29555 D M_InsDal: Lnl/sogeti/android/gpstracker/breadcrumbs/BreadcrumbsService;--->isAuthorized()Z
06-09 10:57:50.005 29555 29555 D M_InsDal: Lnl/sogeti/android/gpstracker/adapter/BreadcrumbsAdapter;--->getItemViewType(I)I
06-09 10:57:50.005 29555 29555 D M_InsDal: Lnl/sogeti/android/gpstracker/breadcrumbs/BreadcrumbsService;--->isAuthorized()Z
06-09 10:57:50.005 29555 29555 D M_InsDal: Lnl/sogeti/android/gpstracker/adapter/BreadcrumbsAdapter;--->getCount()I
06-09 10:57:50.005 29555 29555 D M_InsDal: Lnl/sogeti/android/gpstracker/breadcrumbs/BreadcrumbsService;--->isAuthorized()Z
06-09 10:57:50.005 29555 29555 D M_InsDal: Lnl/sogeti/android/gpstracker/adapter/BreadcrumbsAdapter;--->isEnabled(I)Z
06-09 10:57:50.005 29555 29555 D M_InsDal: Lnl/sogeti/android/gpstracker/adapter/BreadcrumbsAdapter;--->getItemViewType(I)I
06-09 10:57:50.005 29555 29555 D M_InsDal: Lnl/sogeti/android/gpstracker/breadcrumbs/BreadcrumbsService;--->isAuthorized()Z
06-09 10:57:50.022 29555 29555 D M_InsDal: Lnl/sogeti/android/gpstracker/adapter/SectionedListAdapter;--->isEnabled(I)Z
06-09 10:57:50.022 29555 29555 D M_InsDal: Lnl/sogeti/android/gpstracker/adapter/SectionedListAdapter;--->getItemViewType(I)I
06-09 10:57:50.022 29555 29555 D M_InsDal: Lnl/sogeti/android/gpstracker/adapter/SectionedListAdapter;--->isEnabled(I)Z
06-09 10:57:50.022 29555 29555 D M_InsDal: Lnl/sogeti/android/gpstracker/adapter/SectionedListAdapter;--->getItemViewType(I)I
06-09 10:57:50.023 29555 29555 D M_InsDal: Lnl/sogeti/android/gpstracker/adapter/BreadcrumbsAdapter;--->getCount()I
06-09 10:57:50.023 29555 29555 D M_InsDal: Lnl/sogeti/android/gpstracker/breadcrumbs/BreadcrumbsService;--->isAuthorized()Z
06-09 10:57:50.023 29555 29555 D M_InsDal: Lnl/sogeti/android/gpstracker/adapter/SectionedListAdapter;--->isEnabled(I)Z
06-09 10:57:50.023 29555 29555 D M_InsDal: Lnl/sogeti/android/gpstracker/adapter/SectionedListAdapter;--->getItemViewType(I)I
06-09 10:57:50.023 29555 29555 D M_InsDal: Lnl/sogeti/android/gpstracker/adapter/BreadcrumbsAdapter;--->getCount()I
06-09 10:57:50.023 29555 29555 D M_InsDal: Lnl/sogeti/android/gpstracker/breadcrumbs/BreadcrumbsService;--->isAuthorized()Z
06-09 10:57:50.023 29555 29555 D M_InsDal: Lnl/sogeti/android/gpstracker/adapter/BreadcrumbsAdapter;--->getItemViewType(I)I
06-09 10:57:50.023 29555 29555 D M_InsDal: Lnl/sogeti/android/gpstracker/breadcrumbs/BreadcrumbsService;--->isAuthorized()Z
06-09 10:57:50.023 29555 29555 D M_InsDal: Lnl/sogeti/android/gpstracker/adapter/BreadcrumbsAdapter;--->getCount()I
06-09 10:57:50.023 29555 29555 D M_InsDal: Lnl/sogeti/android/gpstracker/breadcrumbs/BreadcrumbsService;--->isAuthorized()Z
06-09 10:57:50.023 29555 29555 D M_InsDal: Lnl/sogeti/android/gpstracker/adapter/BreadcrumbsAdapter;--->isEnabled(I)Z
06-09 10:57:50.023 29555 29555 D M_InsDal: Lnl/sogeti/android/gpstracker/adapter/BreadcrumbsAdapter;--->getItemViewType(I)I
06-09 10:57:50.023 29555 29555 D M_InsDal: Lnl/sogeti/android/gpstracker/breadcrumbs/BreadcrumbsService;--->isAuthorized()Z
06-09 10:57:52.088 26356 26426 D M_InsDal: Lcom/fsck/k9/mail/store/imap/ImapFolderPusher$IdleStopper;--->stopAcceptingDoneContinuation()V
06-09 10:57:52.088 26356 26426 D M_InsDal: Lcom/fsck/k9/mail/store/imap/ImapConnection;--->close()V
06-09 10:57:52.088 26356 26426 D M_InsDal: Lcom/fsck/k9/mail/store/imap/ImapFolderPusher$PushRunnable;--->reacquireWakeLockAndCleanUp()V
06-09 10:57:52.088 26356 26426 D M_InsDal: Lcom/fsck/k9/mail/power/TracingPowerManager$TracingWakeLock;--->acquire(J)V
06-09 10:57:52.088 26356 26426 D M_InsDal: Lcom/fsck/k9/mail/K9MailLib;--->isDebug()Z
06-09 10:57:52.088 26356 26426 D M_InsDal: Lcom/fsck/k9/K9$2;--->enabled()Z
06-09 10:57:52.088 26356 26426 D M_InsDal: Lcom/fsck/k9/mail/power/TracingPowerManager$TracingWakeLock;--->raiseNotification()V
06-09 10:57:52.088 26356 26426 D M_InsDal: Lcom/fsck/k9/mail/store/imap/ImapFolderPusher$PushRunnable;--->clearStoredUntaggedResponses()V
06-09 10:57:52.088 26356 26426 D M_InsDal: Lcom/fsck/k9/mail/store/imap/ImapFolder;--->getName()Ljava/lang/String;
06-09 10:57:52.088 26356 26426 D M_InsDal: Lcom/fsck/k9/controller/MessagingControllerPushReceiver;--->setPushActive(Ljava/lang/String;Z)V
06-09 10:57:52.088 26356 26426 D M_InsDal: Lcom/fsck/k9/controller/MessagingController;--->getListeners()Ljava/util/Set;
06-09 10:57:52.088 26356 26426 D M_InsDal: Lcom/fsck/k9/controller/MemorizingMessagingListener;--->setPushActive(Lcom/fsck/k9/Account;Ljava/lang/String;Z)V
06-09 10:57:52.088 26356 26426 D M_InsDal: Lcom/fsck/k9/controller/MemorizingMessagingListener;--->getMemory(Lcom/fsck/k9/Account;Ljava/lang/String;)Lcom/fsck/k9/controller/MemorizingMessagingListener$Memory;
06-09 10:57:52.088 26356 26426 D M_InsDal: Lcom/fsck/k9/controller/MemorizingMessagingListener;--->getMemoryKey(Lcom/fsck/k9/Account;Ljava/lang/String;)Ljava/lang/String;
06-09 10:57:52.088 26356 26426 D M_InsDal: Lcom/fsck/k9/Account;--->getDescription()Ljava/lang/String;
06-09 10:57:52.088 26356 26426 D M_InsDal: Lcom/fsck/k9/controller/SimpleMessagingListener;--->setPushActive(Lcom/fsck/k9/Account;Ljava/lang/String;Z)V
06-09 10:57:52.088 26356 26426 D M_InsDal: Lcom/fsck/k9/controller/SimpleMessagingListener;--->setPushActive(Lcom/fsck/k9/Account;Ljava/lang/String;Z)V
06-09 10:57:52.088 26356 26426 D M_InsDal: Lcom/fsck/k9/mail/store/imap/ImapConnection;--->close()V
06-09 10:57:52.088 26356 26426 D M_InsDal: Lcom/fsck/k9/mail/store/imap/ImapFolder;--->getName()Ljava/lang/String;
06-09 10:57:52.088 26356 26426 D M_InsDal: Lcom/fsck/k9/controller/MessagingControllerPushReceiver;--->pushError(Ljava/lang/String;Ljava/lang/Exception;)V
06-09 10:57:52.089 26356 26426 D M_InsDal: Lcom/fsck/k9/controller/MessagingController;--->notifyUserIfCertificateProblem(Lcom/fsck/k9/Account;Ljava/lang/Exception;Z)V
06-09 10:57:52.089 26356 26426 D M_InsDal: Lcom/fsck/k9/mail/store/imap/ImapFolder;--->getLogId()Ljava/lang/String;
06-09 10:57:52.089 26356 26426 D M_InsDal: Lcom/fsck/k9/mail/store/imap/ImapStore;--->getStoreConfig()Lcom/fsck/k9/mail/store/StoreConfig;
06-09 10:57:52.089 26356 26426 D M_InsDal: Lcom/fsck/k9/Account;--->toString()Ljava/lang/String;
06-09 10:57:52.089 26356 26426 D M_InsDal: Lcom/fsck/k9/mail/store/imap/ImapFolder;--->getName()Ljava/lang/String;
06-09 10:57:52.089 26356 26426 D M_InsDal: Lcom/fsck/k9/controller/MessagingControllerPushReceiver;--->sleep(Lcom/fsck/k9/mail/power/TracingPowerManager$TracingWakeLock;J)V
06-09 10:57:52.089 26356 26426 D M_InsDal: Lcom/fsck/k9/service/SleepService;--->sleep(Landroid/content/Context;JLcom/fsck/k9/mail/power/TracingPowerManager$TracingWakeLock;J)V
06-09 10:57:52.089 26356 26426 D M_InsDal: Lcom/fsck/k9/service/SleepService$SleepDatum;---><init>()V
06-09 10:57:52.089 26356 26426 D M_InsDal: Lcom/fsck/k9/service/BootReceiver;--->scheduleIntent(Landroid/content/Context;JLandroid/content/Intent;)V
06-09 10:57:52.089 26356 26426 D M_InsDal: Lcom/fsck/k9/mail/power/TracingPowerManager$TracingWakeLock;--->release()V
06-09 10:57:52.089 26356 26426 D M_InsDal: Lcom/fsck/k9/mail/K9MailLib;--->isDebug()Z
06-09 10:57:52.089 26356 26426 D M_InsDal: Lcom/fsck/k9/K9$2;--->enabled()Z
06-09 10:57:52.089 26356 26426 D M_InsDal: Lcom/fsck/k9/mail/power/TracingPowerManager$TracingWakeLock;--->cancelNotification()V
06-09 10:57:52.089 26356 26356 D M_InsDal: Lcom/fsck/k9/service/BootReceiver;---><init>()V
06-09 10:57:52.089 26356 26356 D M_InsDal: Lcom/fsck/k9/service/CoreReceiver;---><init>()V
06-09 10:57:52.089 26356 26356 D M_InsDal: Lcom/fsck/k9/service/CoreReceiver;--->onReceive(Landroid/content/Context;Landroid/content/Intent;)V
06-09 10:57:52.089 26356 26356 D M_InsDal: Lcom/fsck/k9/service/CoreReceiver;--->getWakeLock(Landroid/content/Context;)Ljava/lang/Integer;
06-09 10:57:52.089 26356 26356 D M_InsDal: Lcom/fsck/k9/mail/power/TracingPowerManager;--->getPowerManager(Landroid/content/Context;)Lcom/fsck/k9/mail/power/TracingPowerManager;
06-09 10:57:52.089 26356 26356 D M_InsDal: Lcom/fsck/k9/mail/power/TracingPowerManager;--->newWakeLock(ILjava/lang/String;)Lcom/fsck/k9/mail/power/TracingPowerManager$TracingWakeLock;
06-09 10:57:52.089 26356 26356 D M_InsDal: Lcom/fsck/k9/mail/power/TracingPowerManager$TracingWakeLock;---><init>(Lcom/fsck/k9/mail/power/TracingPowerManager;ILjava/lang/String;)V
06-09 10:57:52.089 26356 26356 D M_InsDal: Lcom/fsck/k9/mail/K9MailLib;--->isDebug()Z
06-09 10:57:52.089 26356 26356 D M_InsDal: Lcom/fsck/k9/K9$2;--->enabled()Z
06-09 10:57:52.089 26356 26356 D M_InsDal: Lcom/fsck/k9/mail/power/TracingPowerManager$TracingWakeLock;--->setReferenceCounted(Z)V
06-09 10:57:52.089 26356 26356 D M_InsDal: Lcom/fsck/k9/mail/power/TracingPowerManager$TracingWakeLock;--->acquire(J)V
06-09 10:57:52.090 26356 26356 D M_InsDal: Lcom/fsck/k9/mail/K9MailLib;--->isDebug()Z
06-09 10:57:52.090 26356 26356 D M_InsDal: Lcom/fsck/k9/K9$2;--->enabled()Z
06-09 10:57:52.090 26356 26356 D M_InsDal: Lcom/fsck/k9/mail/power/TracingPowerManager$TracingWakeLock;--->raiseNotification()V
06-09 10:57:52.090 26356 26356 D M_InsDal: Lcom/fsck/k9/service/BootReceiver;--->receive(Landroid/content/Context;Landroid/content/Intent;Ljava/lang/Integer;)Ljava/lang/Integer;
06-09 10:57:52.090 26356 26356 D M_InsDal: Lcom/fsck/k9/service/BootReceiver;--->buildPendingIntent(Landroid/content/Context;Landroid/content/Intent;)Landroid/app/PendingIntent;
06-09 10:57:52.090 26356 26356 D M_InsDal: Lcom/fsck/k9/helper/K9AlarmManager;--->getAlarmManager(Landroid/content/Context;)Lcom/fsck/k9/helper/K9AlarmManager;
06-09 10:57:52.090 26356 26356 D M_InsDal: Lcom/fsck/k9/power/DozeChecker;---><init>(Landroid/content/Context;)V
06-09 10:57:52.090 26356 26356 D M_InsDal: Lcom/fsck/k9/helper/K9AlarmManager;---><init>(Landroid/app/AlarmManager;Lcom/fsck/k9/power/DozeChecker;)V
06-09 10:57:52.090 26356 26356 D M_InsDal: Lcom/fsck/k9/helper/K9AlarmManager;--->set(IJLandroid/app/PendingIntent;)V
06-09 10:57:52.090 26356 26356 D M_InsDal: Lcom/fsck/k9/power/DozeChecker;--->isDeviceIdleModeSupported()Z
06-09 10:57:52.090 26356 26356 D M_InsDal: Lcom/fsck/k9/power/DozeChecker;--->isAppWhitelisted()Z
06-09 10:57:52.090 26356 26356 D M_InsDal: Lcom/fsck/k9/service/CoreReceiver;--->releaseWakeLock(Ljava/lang/Integer;)V
06-09 10:57:52.090 26356 26356 D M_InsDal: Lcom/fsck/k9/mail/power/TracingPowerManager$TracingWakeLock;--->release()V
06-09 10:57:52.090 26356 26356 D M_InsDal: Lcom/fsck/k9/mail/K9MailLib;--->isDebug()Z
06-09 10:57:52.090 26356 26356 D M_InsDal: Lcom/fsck/k9/K9$2;--->enabled()Z
06-09 10:57:52.090 26356 26356 D M_InsDal: Lcom/fsck/k9/mail/power/TracingPowerManager$TracingWakeLock;--->cancelNotification()V
06-09 10:57:54.070 26356 26356 D M_InsDal: Lcom/fsck/k9/service/BootReceiver;---><init>()V
06-09 10:57:54.070 26356 26356 D M_InsDal: Lcom/fsck/k9/service/CoreReceiver;---><init>()V
06-09 10:57:54.070 26356 26356 D M_InsDal: Lcom/fsck/k9/service/CoreReceiver;--->onReceive(Landroid/content/Context;Landroid/content/Intent;)V
06-09 10:57:54.070 26356 26356 D M_InsDal: Lcom/fsck/k9/service/CoreReceiver;--->getWakeLock(Landroid/content/Context;)Ljava/lang/Integer;
06-09 10:57:54.070 26356 26356 D M_InsDal: Lcom/fsck/k9/mail/power/TracingPowerManager;--->getPowerManager(Landroid/content/Context;)Lcom/fsck/k9/mail/power/TracingPowerManager;
06-09 10:57:54.070 26356 26356 D M_InsDal: Lcom/fsck/k9/mail/power/TracingPowerManager;--->newWakeLock(ILjava/lang/String;)Lcom/fsck/k9/mail/power/TracingPowerManager$TracingWakeLock;
06-09 10:57:54.070 26356 26356 D M_InsDal: Lcom/fsck/k9/mail/power/TracingPowerManager$TracingWakeLock;---><init>(Lcom/fsck/k9/mail/power/TracingPowerManager;ILjava/lang/String;)V
06-09 10:57:54.070 26356 26356 D M_InsDal: Lcom/fsck/k9/mail/K9MailLib;--->isDebug()Z
06-09 10:57:54.070 26356 26356 D M_InsDal: Lcom/fsck/k9/K9$2;--->enabled()Z
06-09 10:57:54.070 26356 26356 D M_InsDal: Lcom/fsck/k9/mail/power/TracingPowerManager$TracingWakeLock;--->setReferenceCounted(Z)V
06-09 10:57:54.070 26356 26356 D M_InsDal: Lcom/fsck/k9/mail/power/TracingPowerManager$TracingWakeLock;--->acquire(J)V
06-09 10:57:54.071 26356 26356 D M_InsDal: Lcom/fsck/k9/mail/K9MailLib;--->isDebug()Z
06-09 10:57:54.071 26356 26356 D M_InsDal: Lcom/fsck/k9/K9$2;--->enabled()Z
06-09 10:57:54.071 26356 26356 D M_InsDal: Lcom/fsck/k9/mail/power/TracingPowerManager$TracingWakeLock;--->raiseNotification()V
06-09 10:57:54.071 26356 26356 D M_InsDal: Lcom/fsck/k9/service/BootReceiver;--->receive(Landroid/content/Context;Landroid/content/Intent;Ljava/lang/Integer;)Ljava/lang/Integer;
06-09 10:57:54.071 26356 26356 D M_InsDal: Lcom/fsck/k9/service/CoreReceiver;--->releaseWakeLock(Ljava/lang/Integer;)V
06-09 10:57:54.072 26356 26356 D M_InsDal: Lcom/fsck/k9/service/SleepService;---><init>()V
06-09 10:57:54.072 26356 26356 D M_InsDal: Lcom/fsck/k9/service/CoreService;---><init>()V
06-09 10:57:54.072 26356 26356 D M_InsDal: Lcom/fsck/k9/service/CoreService;--->onCreate()V
06-09 10:57:54.072 26356 26356 D M_InsDal: Lcom/fsck/k9/service/CoreService;--->onStartCommand(Landroid/content/Intent;II)I
06-09 10:57:54.072 26356 26356 D M_InsDal: Lcom/fsck/k9/service/CoreService;--->acquireWakeLock(Landroid/content/Context;Ljava/lang/String;J)Lcom/fsck/k9/mail/power/TracingPowerManager$TracingWakeLock;
06-09 10:57:54.072 26356 26356 D M_InsDal: Lcom/fsck/k9/mail/power/TracingPowerManager;--->getPowerManager(Landroid/content/Context;)Lcom/fsck/k9/mail/power/TracingPowerManager;
06-09 10:57:54.072 26356 26356 D M_InsDal: Lcom/fsck/k9/mail/power/TracingPowerManager;--->newWakeLock(ILjava/lang/String;)Lcom/fsck/k9/mail/power/TracingPowerManager$TracingWakeLock;
06-09 10:57:54.072 26356 26356 D M_InsDal: Lcom/fsck/k9/mail/power/TracingPowerManager$TracingWakeLock;---><init>(Lcom/fsck/k9/mail/power/TracingPowerManager;ILjava/lang/String;)V
06-09 10:57:54.072 26356 26356 D M_InsDal: Lcom/fsck/k9/mail/K9MailLib;--->isDebug()Z
06-09 10:57:54.072 26356 26356 D M_InsDal: Lcom/fsck/k9/K9$2;--->enabled()Z
06-09 10:57:54.072 26356 26356 D M_InsDal: Lcom/fsck/k9/mail/power/TracingPowerManager$TracingWakeLock;--->setReferenceCounted(Z)V
06-09 10:57:54.072 26356 26356 D M_InsDal: Lcom/fsck/k9/mail/power/TracingPowerManager$TracingWakeLock;--->acquire(J)V
06-09 10:57:54.072 26356 26356 D M_InsDal: Lcom/fsck/k9/mail/K9MailLib;--->isDebug()Z
06-09 10:57:54.072 26356 26356 D M_InsDal: Lcom/fsck/k9/K9$2;--->enabled()Z
06-09 10:57:54.072 26356 26356 D M_InsDal: Lcom/fsck/k9/mail/power/TracingPowerManager$TracingWakeLock;--->raiseNotification()V
06-09 10:57:54.072 26356 26356 D M_InsDal: Lcom/fsck/k9/service/CoreReceiver;--->releaseWakeLock(Landroid/content/Context;I)V
06-09 10:57:54.073 26356 26356 D M_InsDal: Lcom/fsck/k9/service/SleepService;--->startService(Landroid/content/Intent;I)I
06-09 10:57:54.073 26356 26356 D M_InsDal: Lcom/fsck/k9/service/SleepService;--->endSleep(Ljava/lang/Integer;)V
06-09 10:57:54.073 26356 26356 D M_InsDal: Lcom/fsck/k9/service/SleepService;--->reacquireWakeLock(Lcom/fsck/k9/service/SleepService$SleepDatum;)V
06-09 10:57:54.073 26356 26356 D M_InsDal: Lcom/fsck/k9/mail/power/TracingPowerManager$TracingWakeLock;--->acquire(J)V
06-09 10:57:54.073 26356 26356 D M_InsDal: Lcom/fsck/k9/mail/K9MailLib;--->isDebug()Z
06-09 10:57:54.073 26356 26356 D M_InsDal: Lcom/fsck/k9/K9$2;--->enabled()Z
06-09 10:57:54.073 26356 26356 D M_InsDal: Lcom/fsck/k9/mail/power/TracingPowerManager$TracingWakeLock;--->raiseNotification()V
06-09 10:57:54.073 26356 26427 D M_InsDal: Lcom/fsck/k9/mail/store/imap/ImapFolderPusher$PushRunnable;--->getOldUidNext()J
06-09 10:57:54.073 26356 26427 D M_InsDal: Lcom/fsck/k9/mail/store/imap/ImapFolder;--->getName()Ljava/lang/String;
06-09 10:57:54.073 26356 26427 D M_InsDal: Lcom/fsck/k9/controller/MessagingControllerPushReceiver;--->getPushState(Ljava/lang/String;)Ljava/lang/String;
06-09 10:57:54.073 26356 26427 D M_InsDal: Lcom/fsck/k9/Account;--->getLocalStore()Lcom/fsck/k9/mailstore/LocalStore;
06-09 10:57:54.073 26356 26356 D M_InsDal: Lcom/fsck/k9/mail/power/TracingPowerManager$TracingWakeLock;--->release()V
06-09 10:57:54.073 26356 26356 D M_InsDal: Lcom/fsck/k9/mail/K9MailLib;--->isDebug()Z
06-09 10:57:54.073 26356 26356 D M_InsDal: Lcom/fsck/k9/K9$2;--->enabled()Z
06-09 10:57:54.073 26356 26356 D M_InsDal: Lcom/fsck/k9/mail/power/TracingPowerManager$TracingWakeLock;--->cancelNotification()V
06-09 10:57:54.074 26356 26356 D M_InsDal: Lcom/fsck/k9/service/CoreReceiver;---><init>()V
06-09 10:57:54.074 26356 26427 D M_InsDal: Lcom/fsck/k9/mailstore/LocalStore;--->getInstance(Lcom/fsck/k9/Account;Landroid/content/Context;)Lcom/fsck/k9/mailstore/LocalStore;
06-09 10:57:54.074 26356 26427 D M_InsDal: Lcom/fsck/k9/Account;--->getUuid()Ljava/lang/String;
06-09 10:57:54.074 26356 26427 D M_InsDal: Lcom/fsck/k9/mailstore/LocalStore;--->getFolder(Ljava/lang/String;)Lcom/fsck/k9/mailstore/LocalFolder;
06-09 10:57:54.074 26356 26356 D M_InsDal: Lcom/fsck/k9/service/CoreReceiver;--->onReceive(Landroid/content/Context;Landroid/content/Intent;)V
06-09 10:57:54.074 26356 26356 D M_InsDal: Lcom/fsck/k9/service/CoreReceiver;--->getWakeLock(Landroid/content/Context;)Ljava/lang/Integer;
06-09 10:57:54.074 26356 26427 D M_InsDal: Lcom/fsck/k9/mailstore/LocalFolder;---><init>(Lcom/fsck/k9/mailstore/LocalStore;Ljava/lang/String;)V
06-09 10:57:54.074 26356 26356 D M_InsDal: Lcom/fsck/k9/mail/power/TracingPowerManager;--->getPowerManager(Landroid/content/Context;)Lcom/fsck/k9/mail/power/TracingPowerManager;
06-09 10:57:54.074 26356 26427 D M_InsDal: Lcom/fsck/k9/mail/Folder;---><init>()V
06-09 10:57:54.074 26356 26356 D M_InsDal: Lcom/fsck/k9/mail/power/TracingPowerManager;--->newWakeLock(ILjava/lang/String;)Lcom/fsck/k9/mail/power/TracingPowerManager$TracingWakeLock;
06-09 10:57:54.074 26356 26356 D M_InsDal: Lcom/fsck/k9/mail/power/TracingPowerManager$TracingWakeLock;---><init>(Lcom/fsck/k9/mail/power/TracingPowerManager;ILjava/lang/String;)V
06-09 10:57:54.074 26356 26427 D M_InsDal: Lcom/fsck/k9/mailstore/LocalStore;--->getAttachmentInfoExtractor()Lcom/fsck/k9/message/extractors/AttachmentInfoExtractor;
06-09 10:57:54.074 26356 26427 D M_InsDal: Lcom/fsck/k9/mailstore/LocalFolder;--->getAccount()Lcom/fsck/k9/Account;
06-09 10:57:54.074 26356 26427 D M_InsDal: Lcom/fsck/k9/mailstore/LocalStore;--->getAccount()Lcom/fsck/k9/Account;
06-09 10:57:54.074 26356 26427 D M_InsDal: Lcom/fsck/k9/Account;--->getInboxFolderName()Ljava/lang/String;
06-09 10:57:54.074 26356 26356 D M_InsDal: Lcom/fsck/k9/mail/K9MailLib;--->isDebug()Z
06-09 10:57:54.074 26356 26427 D M_InsDal: Lcom/fsck/k9/mailstore/LocalFolder;--->getName()Ljava/lang/String;
06-09 10:57:54.074 26356 26356 D M_InsDal: Lcom/fsck/k9/K9$2;--->enabled()Z
06-09 10:57:54.074 26356 26427 D M_InsDal: Lcom/fsck/k9/mailstore/LocalFolder;--->open(I)V
06-09 10:57:54.074 26356 26356 D M_InsDal: Lcom/fsck/k9/mail/power/TracingPowerManager$TracingWakeLock;--->setReferenceCounted(Z)V
06-09 10:57:54.074 26356 26427 D M_InsDal: Lcom/fsck/k9/mailstore/LocalFolder;--->isOpen()Z
06-09 10:57:54.074 26356 26427 D M_InsDal: Lcom/fsck/k9/mailstore/LocalFolder;--->isOpen()Z
06-09 10:57:54.074 26356 26356 D M_InsDal: Lcom/fsck/k9/mail/power/TracingPowerManager$TracingWakeLock;--->acquire(J)V
06-09 10:57:54.074 26356 26427 D M_InsDal: Lcom/fsck/k9/mailstore/LocalStore;--->getDatabase()Lcom/fsck/k9/mailstore/LockableDatabase;
06-09 10:57:54.074 26356 26427 D M_InsDal: Lcom/fsck/k9/mailstore/LocalFolder$1;---><init>(Lcom/fsck/k9/mailstore/LocalFolder;I)V
06-09 10:57:54.074 26356 26427 D M_InsDal: Lcom/fsck/k9/mailstore/LockableDatabase;--->execute(ZLcom/fsck/k9/mailstore/LockableDatabase$DbCallback;)Ljava/lang/Object;
06-09 10:57:54.074 26356 26427 D M_InsDal: Lcom/fsck/k9/mailstore/LockableDatabase;--->lockRead()V
06-09 10:57:54.074 26356 26427 D M_InsDal: Lcom/fsck/k9/mailstore/LockableDatabase;--->getStorageManager()Lcom/fsck/k9/mailstore/StorageManager;
06-09 10:57:54.074 26356 26427 D M_InsDal: Lcom/fsck/k9/mailstore/StorageManager;--->getInstance(Landroid/content/Context;)Lcom/fsck/k9/mailstore/StorageManager;
06-09 10:57:54.074 26356 26427 D M_InsDal: Lcom/fsck/k9/mailstore/StorageManager;--->lockProvider(Ljava/lang/String;)V
06-09 10:57:54.074 26356 26427 D M_InsDal: Lcom/fsck/k9/mailstore/StorageManager;--->getProvider(Ljava/lang/String;)Lcom/fsck/k9/mailstore/StorageManager$StorageProvider;
06-09 10:57:54.074 26356 26427 D M_InsDal: Lcom/fsck/k9/mailstore/StorageManager$InternalStorageProvider;--->isReady(Landroid/content/Context;)Z
06-09 10:57:54.074 26356 26427 D M_InsDal: Lcom/fsck/k9/K9;--->isDebug()Z
06-09 10:57:54.074 26356 26427 D M_InsDal: Lcom/fsck/k9/mailstore/LocalFolder$1;--->doDbWork(Landroid/database/sqlite/SQLiteDatabase;)Ljava/lang/Void;
06-09 10:57:54.074 26356 26427 D M_InsDal: Lcom/fsck/k9/mailstore/LocalFolder;--->open(Landroid/database/Cursor;)V
06-09 10:57:54.074 26356 26427 D M_InsDal: Lcom/fsck/k9/mail/Folder;--->setStatus(Ljava/lang/String;)V
06-09 10:57:54.074 26356 26427 D M_InsDal: Lcom/fsck/k9/mail/Folder;--->setLastChecked(J)V
06-09 10:57:54.074 26356 26427 D M_InsDal: Lcom/fsck/k9/mail/Folder;--->setLastPush(J)V
06-09 10:57:54.074 26356 26427 D M_InsDal: Lcom/fsck/k9/mail/Folder$FolderClass;--->valueOf(Ljava/lang/String;)Lcom/fsck/k9/mail/Folder$FolderClass;
06-09 10:57:54.074 26356 26427 D M_InsDal: Lcom/fsck/k9/mail/Folder$FolderClass;--->valueOf(Ljava/lang/String;)Lcom/fsck/k9/mail/Folder$FolderClass;
06-09 10:57:54.074 26356 26427 D M_InsDal: Lcom/fsck/k9/mailstore/LocalFolder$MoreMessages;--->fromDatabaseName(Ljava/lang/String;)Lcom/fsck/k9/mailstore/LocalFolder$MoreMessages;
06-09 10:57:54.074 26356 26427 D M_InsDal: Lcom/fsck/k9/mailstore/LocalFolder$MoreMessages;--->values()[Lcom/fsck/k9/mailstore/LocalFolder$MoreMessages;
06-09 10:57:54.074 26356 26427 D M_InsDal: Lcom/fsck/k9/helper/Utility;--->closeQuietly(Landroid/database/Cursor;)V
06-09 10:57:54.074 26356 26427 D M_InsDal: Lcom/fsck/k9/mailstore/LockableDatabase;--->unlockRead()V
06-09 10:57:54.074 26356 26427 D M_InsDal: Lcom/fsck/k9/mailstore/LockableDatabase;--->getStorageManager()Lcom/fsck/k9/mailstore/StorageManager;
06-09 10:57:54.074 26356 26427 D M_InsDal: Lcom/fsck/k9/mailstore/StorageManager;--->getInstance(Landroid/content/Context;)Lcom/fsck/k9/mailstore/StorageManager;
06-09 10:57:54.074 26356 26427 D M_InsDal: Lcom/fsck/k9/mailstore/StorageManager;--->unlockProvider(Ljava/lang/String;)V
06-09 10:57:54.074 26356 26427 D M_InsDal: Lcom/fsck/k9/mailstore/StorageManager;--->getProvider(Ljava/lang/String;)Lcom/fsck/k9/mailstore/StorageManager$StorageProvider;
06-09 10:57:54.074 26356 26427 D M_InsDal: Lcom/fsck/k9/mailstore/LocalFolder;--->getPushState()Ljava/lang/String;
06-09 10:57:54.074 26356 26427 D M_InsDal: Lcom/fsck/k9/mailstore/LocalFolder;--->close()V
06-09 10:57:54.074 26356 26427 D M_InsDal: Lcom/fsck/k9/mail/store/imap/ImapPushState;--->parse(Ljava/lang/String;)Lcom/fsck/k9/mail/store/imap/ImapPushState;
06-09 10:57:54.074 26356 26427 D M_InsDal: Lcom/fsck/k9/mail/store/imap/ImapPushState;---><init>(J)V
06-09 10:57:54.074 26356 26427 D M_InsDal: Lcom/fsck/k9/mail/K9MailLib;--->isDebug()Z
06-09 10:57:54.074 26356 26427 D M_InsDal: Lcom/fsck/k9/K9$2;--->enabled()Z
06-09 10:57:54.074 26356 26427 D M_InsDal: Lcom/fsck/k9/mail/store/imap/ImapFolderPusher$PushRunnable;--->openConnectionIfNecessary()Z
06-09 10:57:54.074 26356 26427 D M_InsDal: Lcom/fsck/k9/mail/store/imap/ImapFolder;--->internalOpen(I)Ljava/util/List;
06-09 10:57:54.074 26356 26427 D M_InsDal: Lcom/fsck/k9/mail/store/imap/ImapFolder;--->isOpen()Z
06-09 10:57:54.074 26356 26427 D M_InsDal: Lcom/fsck/k9/mail/store/imap/ImapStore;--->releaseConnection(Lcom/fsck/k9/mail/store/imap/ImapConnection;)V
06-09 10:57:54.074 26356 26427 D M_InsDal: Lcom/fsck/k9/mail/store/imap/ImapStore;--->getConnection()Lcom/fsck/k9/mail/store/imap/ImapConnection;
06-09 10:57:54.074 26356 26427 D M_InsDal: Lcom/fsck/k9/mail/store/imap/ImapStore;--->pollConnection()Lcom/fsck/k9/mail/store/imap/ImapConnection;
06-09 10:57:54.074 26356 26427 D M_InsDal: Lcom/fsck/k9/mail/store/imap/ImapConnection;--->executeSimpleCommand(Ljava/lang/String;)Ljava/util/List;
06-09 10:57:54.074 26356 26427 D M_InsDal: Lcom/fsck/k9/mail/store/imap/ImapConnection;--->executeSimpleCommand(Ljava/lang/String;Z)Ljava/util/List;
06-09 10:57:54.074 26356 26427 D M_InsDal: Lcom/fsck/k9/mail/store/imap/ImapConnection;--->sendCommand(Ljava/lang/String;Z)Ljava/lang/String;
06-09 10:57:54.074 26356 26427 D M_InsDal: Lcom/fsck/k9/mail/store/imap/ImapConnection;--->open()V
06-09 10:57:54.074 26356 26427 D M_InsDal: Lcom/fsck/k9/mail/K9MailLib;--->isDebug()Z
06-09 10:57:54.074 26356 26427 D M_InsDal: Lcom/fsck/k9/K9$2;--->enabled()Z
06-09 10:57:54.074 26356 26427 D M_InsDal: Lcom/fsck/k9/mail/store/imap/ImapConnection;--->getLogId()Ljava/lang/String;
06-09 10:57:54.074 26356 26427 D M_InsDal: Lcom/fsck/k9/mail/store/imap/ImapResponseParser;--->readStatusResponse(Ljava/lang/String;Ljava/lang/String;Ljava/lang/String;Lcom/fsck/k9/mail/store/imap/UntaggedHandler;)Ljava/util/List;
06-09 10:57:54.074 26356 26427 D M_InsDal: Lcom/fsck/k9/mail/store/imap/ImapResponseParser;--->readResponse()Lcom/fsck/k9/mail/store/imap/ImapResponse;
06-09 10:57:54.074 26356 26427 D M_InsDal: Lcom/fsck/k9/mail/store/imap/ImapResponseParser;--->readResponse(Lcom/fsck/k9/mail/store/imap/ImapResponseCallback;)Lcom/fsck/k9/mail/store/imap/ImapResponse;
06-09 10:57:54.074 26356 26427 D M_InsDal: Lcom/fsck/k9/mail/filter/PeekableInputStream;--->peek()I
06-09 10:57:54.075 26356 26356 D M_InsDal: Lcom/fsck/k9/mail/K9MailLib;--->isDebug()Z
06-09 10:57:54.075 26356 26356 D M_InsDal: Lcom/fsck/k9/K9$2;--->enabled()Z
06-09 10:57:54.075 26356 26356 D M_InsDal: Lcom/fsck/k9/mail/power/TracingPowerManager$TracingWakeLock;--->raiseNotification()V
06-09 10:57:54.075 26356 26356 D M_InsDal: Lcom/fsck/k9/service/CoreReceiver;--->releaseWakeLock(Ljava/lang/Integer;)V
06-09 10:57:54.075 26356 26356 D M_InsDal: Lcom/fsck/k9/mail/power/TracingPowerManager$TracingWakeLock;--->release()V
06-09 10:57:54.075 26356 26356 D M_InsDal: Lcom/fsck/k9/mail/K9MailLib;--->isDebug()Z
06-09 10:57:54.075 26356 26356 D M_InsDal: Lcom/fsck/k9/K9$2;--->enabled()Z
06-09 10:57:54.075 26356 26356 D M_InsDal: Lcom/fsck/k9/mail/power/TracingPowerManager$TracingWakeLock;--->cancelNotification()V
06-09 10:57:54.075 26356 26356 D M_InsDal: Lcom/fsck/k9/service/CoreReceiver;--->releaseWakeLock(Ljava/lang/Integer;)V
06-09 10:57:54.075 26356 26356 D M_InsDal: Lcom/fsck/k9/mail/power/TracingPowerManager$TracingWakeLock;--->release()V
06-09 10:57:54.075 26356 26356 D M_InsDal: Lcom/fsck/k9/mail/K9MailLib;--->isDebug()Z
06-09 10:57:54.075 26356 26356 D M_InsDal: Lcom/fsck/k9/K9$2;--->enabled()Z
06-09 10:57:54.075 26356 26356 D M_InsDal: Lcom/fsck/k9/mail/power/TracingPowerManager$TracingWakeLock;--->cancelNotification()V
06-09 10:57:54.075 26356 26356 D M_InsDal: Lcom/fsck/k9/service/CoreService;--->onDestroy()V
06-09 10:57:54.111 26356 26427 D M_InsDal: Lcom/fsck/k9/mail/store/imap/ImapResponseParser;--->readTaggedResponse(Lcom/fsck/k9/mail/store/imap/ImapResponseCallback;)V
06-09 10:57:54.111 26356 26427 D M_InsDal: Lcom/fsck/k9/mail/store/imap/ImapResponseParser;--->parseTaggedResponse()Ljava/lang/String;
06-09 10:57:54.111 26356 26427 D M_InsDal: Lcom/fsck/k9/mail/store/imap/ImapResponseParser;--->readStringUntil(C)Ljava/lang/String;
06-09 10:57:54.111 26356 26427 D M_InsDal: Lcom/fsck/k9/mail/filter/PeekableInputStream;--->read()I
06-09 10:57:54.111 26356 26427 D M_InsDal: Lcom/fsck/k9/mail/filter/PeekableInputStream;--->read()I
06-09 10:57:54.111 26356 26427 D M_InsDal: Lcom/fsck/k9/mail/store/imap/ImapResponse;--->newTaggedResponse(Lcom/fsck/k9/mail/store/imap/ImapResponseCallback;Ljava/lang/String;)Lcom/fsck/k9/mail/store/imap/ImapResponse;
06-09 10:57:54.111 26356 26427 D M_InsDal: Lcom/fsck/k9/mail/store/imap/ImapResponse;---><init>(Lcom/fsck/k9/mail/store/imap/ImapResponseCallback;ZLjava/lang/String;)V
06-09 10:57:54.111 26356 26427 D M_InsDal: Lcom/fsck/k9/mail/store/imap/ImapList;---><init>()V
06-09 10:57:54.111 26356 26427 D M_InsDal: Lcom/fsck/k9/mail/store/imap/ImapResponseParser;--->readTokens(Lcom/fsck/k9/mail/store/imap/ImapResponse;)V
06-09 10:57:54.111 26356 26427 D M_InsDal: Lcom/fsck/k9/mail/store/imap/ImapResponseParser;--->readToken(Lcom/fsck/k9/mail/store/imap/ImapResponse;)Ljava/lang/Object;
06-09 10:57:54.111 26356 26427 D M_InsDal: Lcom/fsck/k9/mail/store/imap/ImapResponseParser;--->parseToken(Lcom/fsck/k9/mail/store/imap/ImapList;)Ljava/lang/Object;
06-09 10:57:54.111 26356 26427 D M_InsDal: Lcom/fsck/k9/mail/filter/PeekableInputStream;--->peek()I
06-09 10:57:54.111 26356 26427 D M_InsDal: Lcom/fsck/k9/mail/store/imap/ImapResponseParser;--->parseBareString(Z)Ljava/lang/String;
06-09 10:57:54.111 26356 26427 D M_InsDal: Lcom/fsck/k9/mail/filter/PeekableInputStream;--->peek()I
06-09 10:57:54.111 26356 26427 D M_InsDal: Lcom/fsck/k9/mail/filter/PeekableInputStream;--->read()I
06-09 10:57:54.111 26356 26427 D M_InsDal: Lcom/fsck/k9/mail/filter/PeekableInputStream;--->peek()I
06-09 10:57:54.111 26356 26427 D M_InsDal: Lcom/fsck/k9/mail/filter/PeekableInputStream;--->read()I
06-09 10:57:54.111 26356 26427 D M_InsDal: Lcom/fsck/k9/mail/filter/PeekableInputStream;--->peek()I
06-09 10:57:54.111 26356 26427 D M_InsDal: Lcom/fsck/k9/mail/store/imap/ImapResponseParser;--->checkTokenIsString(Ljava/lang/Object;)V
06-09 10:57:54.111 26356 26427 D M_InsDal: Lcom/fsck/k9/mail/store/imap/ImapResponseParser;--->isStatusResponse(Ljava/lang/String;)Z
06-09 10:57:54.111 26356 26427 D M_InsDal: Lcom/fsck/k9/mail/store/imap/ImapResponseParser;--->parseResponseText(Lcom/fsck/k9/mail/store/imap/ImapResponse;)V
06-09 10:57:54.112 26356 26427 D M_InsDal: Lcom/fsck/k9/mail/store/imap/ImapResponseParser;--->skipIfSpace()V
06-09 10:57:54.112 26356 26427 D M_InsDal: Lcom/fsck/k9/mail/filter/PeekableInputStream;--->peek()I
06-09 10:57:54.112 26356 26427 D M_InsDal: Lcom/fsck/k9/mail/store/imap/ImapResponseParser;--->expect(C)V
06-09 10:57:54.112 26356 26427 D M_InsDal: Lcom/fsck/k9/mail/filter/PeekableInputStream;--->read()I
06-09 10:57:54.112 26356 26427 D M_InsDal: Lcom/fsck/k9/mail/filter/PeekableInputStream;--->peek()I
06-09 10:57:54.112 26356 26427 D M_InsDal: Lcom/fsck/k9/mail/store/imap/ImapResponseParser;--->readStringUntilEndOfLine()Ljava/lang/String;
06-09 10:57:54.112 26356 26427 D M_InsDal: Lcom/fsck/k9/mail/store/imap/ImapResponseParser;--->readStringUntil(C)Ljava/lang/String;
06-09 10:57:54.112 26356 26427 D M_InsDal: Lcom/fsck/k9/mail/filter/PeekableInputStream;--->read()I
06-09 10:57:54.112 26356 26427 D M_InsDal: Lcom/fsck/k9/mail/filter/PeekableInputStream;--->read()I
06-09 10:57:54.112 26356 26427 D M_InsDal: Lcom/fsck/k9/mail/store/imap/ImapResponseParser;--->expect(C)V
06-09 10:57:54.112 26356 26427 D M_InsDal: Lcom/fsck/k9/mail/filter/PeekableInputStream;--->read()I
06-09 10:57:54.112 26356 26427 D M_InsDal: Lcom/fsck/k9/mail/K9MailLib;--->isDebug()Z
06-09 10:57:54.112 26356 26427 D M_InsDal: Lcom/fsck/k9/K9$2;--->enabled()Z
06-09 10:57:54.112 26356 26427 D M_InsDal: Lcom/fsck/k9/mail/store/imap/ImapResponse;--->getTag()Ljava/lang/String;
06-09 10:57:54.112 26356 26427 D M_InsDal: Lcom/fsck/k9/mail/store/imap/ImapResponse;--->getTag()Ljava/lang/String;
06-09 10:57:54.112 26356 26427 D M_InsDal: Lcom/fsck/k9/mail/store/imap/ImapResponseParser;--->equalsIgnoreCase(Ljava/lang/Object;Ljava/lang/String;)Z
06-09 10:57:54.112 26356 26427 D M_InsDal: Lcom/fsck/k9/mail/store/imap/ImapFolder;--->getPrefixedName()Ljava/lang/String;
06-09 10:57:54.112 26356 26427 D M_InsDal: Lcom/fsck/k9/mail/store/imap/ImapStore;--->getStoreConfig()Lcom/fsck/k9/mail/store/StoreConfig;
06-09 10:57:54.112 26356 26427 D M_InsDal: Lcom/fsck/k9/Account;--->getInboxFolderName()Ljava/lang/String;
06-09 10:57:54.112 26356 26427 D M_InsDal: Lcom/fsck/k9/mail/store/imap/ImapConnection;--->open()V
06-09 10:57:54.112 26356 26427 D M_InsDal: Lcom/fsck/k9/mail/store/imap/ImapStore;--->getCombinedPrefix()Ljava/lang/String;
06-09 10:57:54.112 26356 26427 D M_InsDal: Lcom/fsck/k9/mail/store/imap/FolderNameCodec;--->encode(Ljava/lang/String;)Ljava/lang/String;
06-09 10:57:54.112 26356 26427 D M_InsDal: Lcom/fsck/k9/mail/store/imap/ImapUtility;--->encodeString(Ljava/lang/String;)Ljava/lang/String;
06-09 10:57:54.112 26356 26427 D M_InsDal: Lcom/fsck/k9/mail/store/imap/ImapFolder;--->executeSimpleCommand(Ljava/lang/String;)Ljava/util/List;
06-09 10:57:54.112 26356 26427 D M_InsDal: Lcom/fsck/k9/mail/store/imap/ImapConnection;--->executeSimpleCommand(Ljava/lang/String;)Ljava/util/List;
06-09 10:57:54.112 26356 26427 D M_InsDal: Lcom/fsck/k9/mail/store/imap/ImapConnection;--->executeSimpleCommand(Ljava/lang/String;Z)Ljava/util/List;
06-09 10:57:54.112 26356 26427 D M_InsDal: Lcom/fsck/k9/mail/store/imap/ImapConnection;--->sendCommand(Ljava/lang/String;Z)Ljava/lang/String;
06-09 10:57:54.112 26356 26427 D M_InsDal: Lcom/fsck/k9/mail/store/imap/ImapConnection;--->open()V
06-09 10:57:54.112 26356 26427 D M_InsDal: Lcom/fsck/k9/mail/K9MailLib;--->isDebug()Z
06-09 10:57:54.112 26356 26427 D M_InsDal: Lcom/fsck/k9/K9$2;--->enabled()Z
06-09 10:57:54.112 26356 26427 D M_InsDal: Lcom/fsck/k9/mail/store/imap/ImapConnection;--->getLogId()Ljava/lang/String;
06-09 10:57:54.112 26356 26427 D M_InsDal: Lcom/fsck/k9/mail/store/imap/ImapResponseParser;--->readStatusResponse(Ljava/lang/String;Ljava/lang/String;Ljava/lang/String;Lcom/fsck/k9/mail/store/imap/UntaggedHandler;)Ljava/util/List;
06-09 10:57:54.112 26356 26427 D M_InsDal: Lcom/fsck/k9/mail/store/imap/ImapResponseParser;--->readResponse()Lcom/fsck/k9/mail/store/imap/ImapResponse;
06-09 10:57:54.112 26356 26427 D M_InsDal: Lcom/fsck/k9/mail/store/imap/ImapResponseParser;--->readResponse(Lcom/fsck/k9/mail/store/imap/ImapResponseCallback;)Lcom/fsck/k9/mail/store/imap/ImapResponse;
06-09 10:57:54.112 26356 26427 D M_InsDal: Lcom/fsck/k9/mail/filter/PeekableInputStream;--->peek()I
06-09 10:57:54.243 26356 26427 D M_InsDal: Lcom/fsck/k9/mail/store/imap/ImapResponseParser;--->readUntaggedResponse(Lcom/fsck/k9/mail/store/imap/ImapResponseCallback;)V
06-09 10:57:54.243 26356 26427 D M_InsDal: Lcom/fsck/k9/mail/store/imap/ImapResponseParser;--->parseUntaggedResponse()V
06-09 10:57:54.243 26356 26427 D M_InsDal: Lcom/fsck/k9/mail/store/imap/ImapResponseParser;--->expect(C)V
06-09 10:57:54.243 26356 26427 D M_InsDal: Lcom/fsck/k9/mail/filter/PeekableInputStream;--->read()I
06-09 10:57:54.243 26356 26427 D M_InsDal: Lcom/fsck/k9/mail/store/imap/ImapResponseParser;--->expect(C)V
06-09 10:57:54.243 26356 26427 D M_InsDal: Lcom/fsck/k9/mail/filter/PeekableInputStream;--->read()I
06-09 10:57:54.243 26356 26427 D M_InsDal: Lcom/fsck/k9/mail/store/imap/ImapResponse;--->newUntaggedResponse(Lcom/fsck/k9/mail/store/imap/ImapResponseCallback;)Lcom/fsck/k9/mail/store/imap/ImapResponse;
06-09 10:57:54.243 26356 26427 D M_InsDal: Lcom/fsck/k9/mail/store/imap/ImapResponse;---><init>(Lcom/fsck/k9/mail/store/imap/ImapResponseCallback;ZLjava/lang/String;)V
06-09 10:57:54.243 26356 26427 D M_InsDal: Lcom/fsck/k9/mail/store/imap/ImapList;---><init>()V
06-09 10:57:54.243 26356 26427 D M_InsDal: Lcom/fsck/k9/mail/store/imap/ImapResponseParser;--->readTokens(Lcom/fsck/k9/mail/store/imap/ImapResponse;)V
06-09 10:57:54.243 26356 26427 D M_InsDal: Lcom/fsck/k9/mail/store/imap/ImapResponseParser;--->readToken(Lcom/fsck/k9/mail/store/imap/ImapResponse;)Ljava/lang/Object;
06-09 10:57:54.243 26356 26427 D M_InsDal: Lcom/fsck/k9/mail/store/imap/ImapResponseParser;--->parseToken(Lcom/fsck/k9/mail/store/imap/ImapList;)Ljava/lang/Object;
