--------- beginning of main
--------- beginning of system
06-04 13:10:57.469 22585 22585 D M_InsDal: Lcom/csipsimple/service/PreferenceProvider;---><clinit>()V
06-04 13:10:57.469 22585 22585 D M_InsDal: Lcom/csipsimple/service/PreferenceProvider;---><init>()V
06-04 13:10:57.469 22585 22585 D M_InsDal: Lcom/csipsimple/service/PreferenceProvider;--->onCreate()Z
06-04 13:10:57.469 22585 22585 D M_InsDal: Lcom/csipsimple/utils/PreferencesWrapper;---><clinit>()V
06-04 13:10:57.470 22585 22585 D M_InsDal: Lcom/csipsimple/utils/PreferencesWrapper$1;---><init>()V
06-04 13:10:57.470 22585 22585 D M_InsDal: Lcom/csipsimple/utils/CustomDistribution;--->getUserAgent()Ljava/lang/String;
06-04 13:10:57.470 22585 22585 D M_InsDal: Lcom/csipsimple/utils/PreferencesWrapper$2;---><init>()V
06-04 13:10:57.470 22585 22585 D M_InsDal: Lcom/csipsimple/utils/PreferencesWrapper$3;---><init>()V
06-04 13:10:57.470 22585 22585 D M_InsDal: Lcom/csipsimple/utils/PreferencesWrapper;---><init>(Landroid/content/Context;)V
06-04 13:10:57.470 22585 22585 D M_InsDal: Lcom/csipsimple/utils/PreferencesWrapper;--->needUpgrade()Ljava/lang/Integer;
06-04 13:10:57.470 22585 22585 D M_InsDal: Lcom/csipsimple/utils/PreferencesProviderWrapper;--->getCurrentPackageInfos(Landroid/content/Context;)Landroid/content/pm/PackageInfo;
06-04 13:10:57.471 22585 22585 D M_InsDal: Lcom/csipsimple/utils/Log;---><clinit>()V
06-04 13:10:57.471 22585 22585 D M_InsDal: Lcom/csipsimple/utils/Log;--->d(Ljava/lang/String;Ljava/lang/String;)V
06-04 13:10:57.471 22585 22585 D M_InsDal: Lcom/csipsimple/utils/Log;--->d(Ljava/lang/String;Ljava/lang/String;)V
06-04 13:10:57.471 22585 22585 D M_InsDal: Lcom/csipsimple/utils/Compatibility;--->getApiLevel()I
06-04 13:10:57.474 22585 22585 D M_InsDal: Lcom/csipsimple/ui/incall/InCallMediaControl;---><init>()V
06-04 13:10:57.474 22585 22585 D M_InsDal: Lcom/csipsimple/ui/incall/InCallMediaControl$1;---><init>(Lcom/csipsimple/ui/incall/InCallMediaControl;)V
06-04 13:10:57.474 22585 22585 D M_InsDal: Lcom/csipsimple/ui/incall/InCallMediaControl$2;---><init>(Lcom/csipsimple/ui/incall/InCallMediaControl;)V
06-04 13:10:57.475 22585 22585 D M_InsDal: Lcom/csipsimple/ui/incall/InCallMediaControl;--->onCreate(Landroid/os/Bundle;)V
06-04 13:10:57.487 22585 22585 D M_InsDal: Lcom/csipsimple/ui/incall/InCallMediaControl;--->onResume()V
06-04 13:10:57.489 22585 22585 D M_InsDal: Lcom/csipsimple/ui/incall/InCallMediaControl$MonitorThread;---><init>(Lcom/csipsimple/ui/incall/InCallMediaControl;)V
06-04 13:10:57.489 22585 22605 D M_InsDal: Lcom/csipsimple/ui/incall/InCallMediaControl$MonitorThread;--->run()V
06-04 13:10:57.802 22606 22606 D M_InsDal: Lcom/csipsimple/db/DBProvider;---><clinit>()V
06-04 13:10:57.802 22606 22606 D M_InsDal: Lcom/csipsimple/db/DBProvider;---><init>()V
06-04 13:10:57.802 22606 22606 D M_InsDal: Lcom/csipsimple/db/DBProvider;--->onCreate()Z
06-04 13:10:57.802 22606 22606 D M_InsDal: Lcom/csipsimple/db/DBAdapter$DatabaseHelper;---><init>(Landroid/content/Context;)V
06-04 13:10:57.803 22606 22606 D M_InsDal: Lcom/csipsimple/service/SipService;---><clinit>()V
06-04 13:10:57.803 22606 22606 D M_InsDal: Lcom/csipsimple/service/SipService;---><init>()V
06-04 13:10:57.803 22606 22606 D M_InsDal: Lcom/csipsimple/service/SipService$1;---><init>(Lcom/csipsimple/service/SipService;)V
06-04 13:10:57.803 22606 22606 D M_InsDal: Lcom/csipsimple/api/ISipService$Stub;---><init>()V
06-04 13:10:57.803 22606 22606 D M_InsDal: Lcom/csipsimple/service/SipService$2;---><init>(Lcom/csipsimple/service/SipService;)V
06-04 13:10:57.803 22606 22606 D M_InsDal: Lcom/csipsimple/api/ISipConfiguration$Stub;---><init>()V
06-04 13:10:57.803 22606 22606 D M_InsDal: Lcom/csipsimple/service/SipService$ServiceHandler;---><init>(Lcom/csipsimple/service/SipService;)V
06-04 13:10:57.803 22606 22606 D M_InsDal: Lcom/csipsimple/api/SipManager$PresenceStatus;---><clinit>()V
06-04 13:10:57.803 22606 22606 D M_InsDal: Lcom/csipsimple/api/SipManager$PresenceStatus;---><init>(Ljava/lang/String;I)V
06-04 13:10:57.803 22606 22606 D M_InsDal: Lcom/csipsimple/api/SipManager$PresenceStatus;---><init>(Ljava/lang/String;I)V
06-04 13:10:57.803 22606 22606 D M_InsDal: Lcom/csipsimple/service/SipService;--->onCreate()V
06-04 13:10:57.804 22606 22606 D M_InsDal: Lcom/csipsimple/utils/Log;---><clinit>()V
06-04 13:10:57.804 22606 22606 D M_InsDal: Lcom/csipsimple/utils/Log;--->i(Ljava/lang/String;Ljava/lang/String;)V
06-04 13:10:57.804 22606 22606 D M_InsDal: Lcom/csipsimple/utils/PreferencesProviderWrapper;---><init>(Landroid/content/Context;)V
06-04 13:10:57.804 22606 22606 D M_InsDal: Lcom/csipsimple/utils/PreferencesProviderWrapper;--->getLogLevel()I
06-04 13:10:57.804 22606 22606 D M_InsDal: Lcom/csipsimple/api/SipConfigManager;---><clinit>()V
06-04 13:10:57.804 22606 22606 D M_InsDal: Lcom/csipsimple/api/SipConfigManager;--->getPreferenceIntegerValue(Landroid/content/Context;Ljava/lang/String;Ljava/lang/Integer;)Ljava/lang/Integer;
06-04 13:10:57.804 22606 22606 D M_InsDal: Lcom/csipsimple/api/SipConfigManager;--->getPrefUriForKey(Ljava/lang/String;)Landroid/net/Uri;
06-04 13:10:57.805 22585 22601 D M_InsDal: Lcom/csipsimple/service/PreferenceProvider;--->query(Landroid/net/Uri;[Ljava/lang/String;Ljava/lang/String;[Ljava/lang/String;Ljava/lang/String;)Landroid/database/Cursor;
06-04 13:10:57.805 22585 22601 D M_InsDal: Lcom/csipsimple/utils/PreferencesWrapper;--->getPreferenceIntegerValue(Ljava/lang/String;)Ljava/lang/Integer;
06-04 13:10:57.805 22585 22601 D M_InsDal: Lcom/csipsimple/utils/PreferencesWrapper;--->getPreferenceStringValue(Ljava/lang/String;)Ljava/lang/String;
06-04 13:10:57.805 22585 22601 D M_InsDal: Lcom/csipsimple/utils/PreferencesWrapper;--->gPrefStringValue(Landroid/content/SharedPreferences;Ljava/lang/String;)Ljava/lang/String;
06-04 13:10:57.806 22606 22606 D M_InsDal: Lcom/csipsimple/utils/Log;--->setLogLevel(I)V
06-04 13:10:57.806 22606 22606 D M_InsDal: Lcom/csipsimple/service/SipNotifications;---><clinit>()V
06-04 13:10:57.806 22606 22606 D M_InsDal: Lcom/csipsimple/service/SipNotifications;---><init>(Landroid/content/Context;)V
06-04 13:10:57.806 22606 22606 D M_InsDal: Lcom/csipsimple/service/SipNotifications;--->cancelAll()V
06-04 13:10:57.806 22606 22606 D M_InsDal: Lcom/csipsimple/service/SipNotifications;--->cancelMessages()V
06-04 13:10:57.806 22606 22606 D M_InsDal: Lcom/csipsimple/service/SipNotifications;--->cancelMissedCalls()V
06-04 13:10:57.806 22606 22606 D M_InsDal: Lcom/csipsimple/service/SipNotifications;--->cancelVoicemails()V
06-04 13:10:57.806 22606 22606 D M_InsDal: Lcom/csipsimple/service/SipNotifications;--->cancelCalls()V
06-04 13:10:57.807 22606 22606 D M_InsDal: Lcom/csipsimple/utils/Compatibility;--->isCompatible(I)Z
06-04 13:10:57.807 22606 22606 D M_InsDal: Lcom/csipsimple/service/SipNotifications;--->onServiceCreate()V
06-04 13:10:57.807 22606 22606 D M_InsDal: Lcom/csipsimple/service/SipWakeLock;---><init>(Landroid/os/PowerManager;)V
06-04 13:10:57.807 22606 22606 D M_InsDal: Lcom/csipsimple/utils/PreferencesProviderWrapper;--->getPreferenceBooleanValue(Ljava/lang/String;Z)Z
06-04 13:10:57.807 22606 22606 D M_InsDal: Lcom/csipsimple/api/SipConfigManager;--->getPreferenceBooleanValue(Landroid/content/Context;Ljava/lang/String;Ljava/lang/Boolean;)Ljava/lang/Boolean;
06-04 13:10:57.807 22606 22606 D M_InsDal: Lcom/csipsimple/api/SipConfigManager;--->getPrefUriForKey(Ljava/lang/String;)Landroid/net/Uri;
06-04 13:10:57.807 22585 22601 D M_InsDal: Lcom/csipsimple/service/PreferenceProvider;--->query(Landroid/net/Uri;[Ljava/lang/String;Ljava/lang/String;[Ljava/lang/String;Ljava/lang/String;)Landroid/database/Cursor;
06-04 13:10:57.807 22585 22601 D M_InsDal: Lcom/csipsimple/utils/PreferencesWrapper;--->getPreferenceBooleanValue(Ljava/lang/String;)Ljava/lang/Boolean;
06-04 13:10:57.807 22585 22601 D M_InsDal: Lcom/csipsimple/utils/PreferencesWrapper;--->gPrefBooleanValue(Landroid/content/SharedPreferences;Ljava/lang/String;)Ljava/lang/Boolean;
06-04 13:10:57.808 22606 22606 D M_InsDal: Lcom/csipsimple/utils/Log;--->d(Ljava/lang/String;Ljava/lang/String;)V
06-04 13:10:57.808 22606 22606 D M_InsDal: Lcom/csipsimple/service/PresenceManager;---><clinit>()V
06-04 13:10:57.808 22606 22606 D M_InsDal: Lcom/csipsimple/service/PresenceManager;---><init>()V
06-04 13:10:57.808 22606 22606 D M_InsDal: Lcom/csipsimple/service/SipService;--->onBind(Landroid/content/Intent;)Landroid/os/IBinder;
06-04 13:10:57.808 22606 22606 D M_InsDal: Lcom/csipsimple/utils/Log;--->d(Ljava/lang/String;Ljava/lang/String;)V
06-04 13:10:57.808 22606 22606 D M_InsDal: Lcom/csipsimple/utils/Log;--->d(Ljava/lang/String;Ljava/lang/String;)V
06-04 13:10:58.465 22585 22585 D M_InsDal: Lcom/csipsimple/ui/incall/InCallMediaControl$2;--->onServiceConnected(Landroid/content/ComponentName;Landroid/os/IBinder;)V
06-04 13:10:58.465 22585 22585 D M_InsDal: Lcom/csipsimple/utils/Log;--->d(Ljava/lang/String;Ljava/lang/String;)V
06-04 13:10:58.465 22585 22585 D M_InsDal: Lcom/csipsimple/api/ISipService$Stub;--->asInterface(Landroid/os/IBinder;)Lcom/csipsimple/api/ISipService;
06-04 13:10:58.465 22585 22585 D M_InsDal: Lcom/csipsimple/api/ISipService$Stub$Proxy;---><init>(Landroid/os/IBinder;)V
06-04 13:10:58.465 22585 22585 D M_InsDal: Lcom/csipsimple/ui/incall/InCallMediaControl;--->updateUIFromMedia()V
06-04 13:10:58.465 22585 22585 D M_InsDal: Lcom/csipsimple/api/ISipService$Stub$Proxy;--->getCurrentMediaState()Lcom/csipsimple/api/MediaState;
06-04 13:10:58.466 22606 22622 D M_InsDal: Lcom/csipsimple/service/SipService$1;--->getCurrentMediaState()Lcom/csipsimple/api/MediaState;
06-04 13:10:58.466 22606 22622 D M_InsDal: Lcom/csipsimple/api/MediaState;---><clinit>()V
06-04 13:10:58.467 22606 22622 D M_InsDal: Lcom/csipsimple/api/MediaState$1;---><init>()V
06-04 13:10:58.467 22606 22622 D M_InsDal: Lcom/csipsimple/api/MediaState;---><init>()V
06-04 13:10:58.467 22606 22622 D M_InsDal: Lcom/csipsimple/api/MediaState;--->writeToParcel(Landroid/os/Parcel;I)V
06-04 13:10:58.467 22585 22585 D M_InsDal: Lcom/csipsimple/api/MediaState;---><clinit>()V
06-04 13:10:58.467 22585 22585 D M_InsDal: Lcom/csipsimple/api/MediaState$1;---><init>()V
06-04 13:10:58.467 22585 22585 D M_InsDal: Lcom/csipsimple/api/MediaState$1;--->createFromParcel(Landroid/os/Parcel;)Lcom/csipsimple/api/MediaState;
06-04 13:10:58.467 22585 22585 D M_InsDal: Lcom/csipsimple/api/MediaState;---><init>(Landroid/os/Parcel;)V
06-04 13:10:58.467 22585 22585 D M_InsDal: Lcom/csipsimple/api/SipConfigManager;---><clinit>()V
06-04 13:10:58.467 22585 22585 D M_InsDal: Lcom/csipsimple/api/SipConfigManager;--->getPreferenceFloatValue(Landroid/content/Context;Ljava/lang/String;)Ljava/lang/Float;
06-04 13:10:58.467 22585 22585 D M_InsDal: Lcom/csipsimple/api/SipConfigManager;--->getPreferenceFloatValue(Landroid/content/Context;Ljava/lang/String;Ljava/lang/Float;)Ljava/lang/Float;
06-04 13:10:58.467 22585 22585 D M_InsDal: Lcom/csipsimple/api/SipConfigManager;--->getPrefUriForKey(Ljava/lang/String;)Landroid/net/Uri;
06-04 13:10:58.468 22585 22585 D M_InsDal: Lcom/csipsimple/service/PreferenceProvider;--->query(Landroid/net/Uri;[Ljava/lang/String;Ljava/lang/String;[Ljava/lang/String;Ljava/lang/String;)Landroid/database/Cursor;
06-04 13:10:58.468 22585 22585 D M_InsDal: Lcom/csipsimple/utils/PreferencesWrapper;--->getPreferenceFloatValue(Ljava/lang/String;)Ljava/lang/Float;
06-04 13:10:58.468 22585 22585 D M_InsDal: Lcom/csipsimple/utils/PreferencesWrapper;--->gPrefFloatValue(Landroid/content/SharedPreferences;Ljava/lang/String;)Ljava/lang/Float;
06-04 13:10:58.468 22585 22585 D M_InsDal: Lcom/csipsimple/ui/incall/InCallMediaControl;--->onProgressChanged(Landroid/widget/SeekBar;IZ)V
06-04 13:10:58.468 22585 22585 D M_InsDal: Lcom/csipsimple/utils/Log;--->d(Ljava/lang/String;Ljava/lang/String;)V
06-04 13:10:58.468 22585 22585 D M_InsDal: Lcom/csipsimple/api/ISipService$Stub$Proxy;--->getCurrentMediaState()Lcom/csipsimple/api/MediaState;
06-04 13:10:58.468 22606 22622 D M_InsDal: Lcom/csipsimple/service/SipService$1;--->getCurrentMediaState()Lcom/csipsimple/api/MediaState;
06-04 13:10:58.468 22606 22622 D M_InsDal: Lcom/csipsimple/api/MediaState;---><init>()V
06-04 13:10:58.468 22606 22622 D M_InsDal: Lcom/csipsimple/api/MediaState;--->writeToParcel(Landroid/os/Parcel;I)V
06-04 13:10:58.469 22585 22585 D M_InsDal: Lcom/csipsimple/api/MediaState$1;--->createFromParcel(Landroid/os/Parcel;)Lcom/csipsimple/api/MediaState;
06-04 13:10:58.469 22585 22585 D M_InsDal: Lcom/csipsimple/api/MediaState;---><init>(Landroid/os/Parcel;)V
06-04 13:10:58.469 22585 22585 D M_InsDal: Lcom/csipsimple/api/ISipService$Stub$Proxy;--->confAdjustTxLevel(IF)V
06-04 13:10:58.469 22606 22622 D M_InsDal: Lcom/csipsimple/service/SipService$1;--->confAdjustTxLevel(IF)V
06-04 13:10:58.469 22606 22622 D M_InsDal: Lcom/csipsimple/service/SipService;--->getExecutor()Lcom/csipsimple/service/SipService$SipServiceExecutor;
06-04 13:10:58.469 22606 22622 D M_InsDal: Lcom/csipsimple/service/SipService$SipServiceExecutor;---><init>(Lcom/csipsimple/service/SipService;)V
06-04 13:10:58.469 22606 22622 D M_InsDal: Lcom/csipsimple/service/SipService;--->createLooper()Landroid/os/Looper;
06-04 13:10:58.469 22606 22622 D M_InsDal: Lcom/csipsimple/utils/Log;--->d(Ljava/lang/String;Ljava/lang/String;)V
06-04 13:10:58.470 22606 22622 D M_InsDal: Lcom/csipsimple/service/SipService$1$17;---><init>(Lcom/csipsimple/service/SipService$1;IF)V
06-04 13:10:58.470 22606 22622 D M_InsDal: Lcom/csipsimple/service/SipService$SipRunnable;---><init>()V
06-04 13:10:58.470 22606 22622 D M_InsDal: Lcom/csipsimple/service/SipService$SipServiceExecutor;--->execute(Ljava/lang/Runnable;)V
06-04 13:10:58.470 22606 22622 D M_InsDal: Lcom/csipsimple/service/SipWakeLock;--->acquire(Ljava/lang/Object;)V
06-04 13:10:58.470 22606 22622 D M_InsDal: Lcom/csipsimple/utils/Log;--->v(Ljava/lang/String;Ljava/lang/String;)V
06-04 13:10:58.470 22585 22585 D M_InsDal: Lcom/csipsimple/api/SipConfigManager;--->setPreferenceFloatValue(Landroid/content/Context;Ljava/lang/String;Ljava/lang/Float;)V
06-04 13:10:58.470 22585 22585 D M_InsDal: Lcom/csipsimple/api/SipConfigManager;--->getPrefUriForKey(Ljava/lang/String;)Landroid/net/Uri;
06-04 13:10:58.470 22606 22627 D M_InsDal: Lcom/csipsimple/service/SipService$SipServiceExecutor;--->handleMessage(Landroid/os/Message;)V
06-04 13:10:58.470 22606 22627 D M_InsDal: Lcom/csipsimple/service/SipService$SipServiceExecutor;--->executeInternal(Ljava/lang/Runnable;)V
06-04 13:10:58.470 22606 22627 D M_InsDal: Lcom/csipsimple/service/SipService$SipRunnable;--->run()V
06-04 13:10:58.470 22606 22627 D M_InsDal: Lcom/csipsimple/service/SipService$1$17;--->doRun()V
06-04 13:10:58.471 22585 22585 D M_InsDal: Lcom/csipsimple/service/PreferenceProvider;--->update(Landroid/net/Uri;Landroid/content/ContentValues;Ljava/lang/String;[Ljava/lang/String;)I
06-04 13:10:58.471 22606 22627 D M_InsDal: Lcom/csipsimple/service/SipWakeLock;--->release(Ljava/lang/Object;)V
06-04 13:10:58.471 22585 22585 D M_InsDal: Lcom/csipsimple/utils/PreferencesWrapper;--->setPreferenceFloatValue(Ljava/lang/String;F)V
06-04 13:10:58.471 22585 22585 D M_InsDal: Lcom/csipsimple/api/SipConfigManager;--->getPreferenceFloatValue(Landroid/content/Context;Ljava/lang/String;)Ljava/lang/Float;
06-04 13:10:58.471 22585 22585 D M_InsDal: Lcom/csipsimple/api/SipConfigManager;--->getPreferenceFloatValue(Landroid/content/Context;Ljava/lang/String;Ljava/lang/Float;)Ljava/lang/Float;
06-04 13:10:58.471 22585 22585 D M_InsDal: Lcom/csipsimple/api/SipConfigManager;--->getPrefUriForKey(Ljava/lang/String;)Landroid/net/Uri;
06-04 13:10:58.471 22585 22585 D M_InsDal: Lcom/csipsimple/service/PreferenceProvider;--->query(Landroid/net/Uri;[Ljava/lang/String;Ljava/lang/String;[Ljava/lang/String;Ljava/lang/String;)Landroid/database/Cursor;
06-04 13:10:58.471 22585 22585 D M_InsDal: Lcom/csipsimple/utils/PreferencesWrapper;--->getPreferenceFloatValue(Ljava/lang/String;)Ljava/lang/Float;
06-04 13:10:58.471 22585 22585 D M_InsDal: Lcom/csipsimple/utils/PreferencesWrapper;--->gPrefFloatValue(Landroid/content/SharedPreferences;Ljava/lang/String;)Ljava/lang/Float;
06-04 13:10:58.471 22585 22585 D M_InsDal: Lcom/csipsimple/ui/incall/InCallMediaControl;--->onProgressChanged(Landroid/widget/SeekBar;IZ)V
06-04 13:10:58.471 22585 22585 D M_InsDal: Lcom/csipsimple/utils/Log;--->d(Ljava/lang/String;Ljava/lang/String;)V
06-04 13:10:58.471 22585 22585 D M_InsDal: Lcom/csipsimple/api/ISipService$Stub$Proxy;--->getCurrentMediaState()Lcom/csipsimple/api/MediaState;
06-04 13:10:58.471 22606 22627 D M_InsDal: Lcom/csipsimple/utils/Log;--->v(Ljava/lang/String;Ljava/lang/String;)V
06-04 13:10:58.471 22606 22622 D M_InsDal: Lcom/csipsimple/service/SipService$1;--->getCurrentMediaState()Lcom/csipsimple/api/MediaState;
06-04 13:10:58.471 22606 22622 D M_InsDal: Lcom/csipsimple/api/MediaState;---><init>()V
06-04 13:10:58.471 22606 22622 D M_InsDal: Lcom/csipsimple/api/MediaState;--->writeToParcel(Landroid/os/Parcel;I)V
06-04 13:10:58.471 22585 22585 D M_InsDal: Lcom/csipsimple/api/MediaState$1;--->createFromParcel(Landroid/os/Parcel;)Lcom/csipsimple/api/MediaState;
06-04 13:10:58.471 22585 22585 D M_InsDal: Lcom/csipsimple/api/MediaState;---><init>(Landroid/os/Parcel;)V
06-04 13:10:58.471 22585 22585 D M_InsDal: Lcom/csipsimple/api/ISipService$Stub$Proxy;--->confAdjustRxLevel(IF)V
06-04 13:10:58.471 22606 22622 D M_InsDal: Lcom/csipsimple/service/SipService$1;--->confAdjustRxLevel(IF)V
06-04 13:10:58.472 22606 22622 D M_InsDal: Lcom/csipsimple/service/SipService;--->getExecutor()Lcom/csipsimple/service/SipService$SipServiceExecutor;
06-04 13:10:58.472 22606 22622 D M_InsDal: Lcom/csipsimple/service/SipService$1$18;---><init>(Lcom/csipsimple/service/SipService$1;IF)V
06-04 13:10:58.472 22606 22622 D M_InsDal: Lcom/csipsimple/service/SipService$SipRunnable;---><init>()V
06-04 13:10:58.472 22606 22622 D M_InsDal: Lcom/csipsimple/service/SipService$SipServiceExecutor;--->execute(Ljava/lang/Runnable;)V
06-04 13:10:58.472 22606 22622 D M_InsDal: Lcom/csipsimple/service/SipWakeLock;--->acquire(Ljava/lang/Object;)V
06-04 13:10:58.472 22606 22622 D M_InsDal: Lcom/csipsimple/utils/Log;--->v(Ljava/lang/String;Ljava/lang/String;)V
06-04 13:10:58.472 22606 22627 D M_InsDal: Lcom/csipsimple/service/SipService$SipServiceExecutor;--->handleMessage(Landroid/os/Message;)V
06-04 13:10:58.472 22606 22627 D M_InsDal: Lcom/csipsimple/service/SipService$SipServiceExecutor;--->executeInternal(Ljava/lang/Runnable;)V
06-04 13:10:58.472 22606 22627 D M_InsDal: Lcom/csipsimple/service/SipService$SipRunnable;--->run()V
06-04 13:10:58.472 22606 22627 D M_InsDal: Lcom/csipsimple/service/SipService$1$18;--->doRun()V
06-04 13:10:58.472 22606 22627 D M_InsDal: Lcom/csipsimple/service/SipWakeLock;--->release(Ljava/lang/Object;)V
06-04 13:10:58.472 22585 22585 D M_InsDal: Lcom/csipsimple/api/SipConfigManager;--->setPreferenceFloatValue(Landroid/content/Context;Ljava/lang/String;Ljava/lang/Float;)V
06-04 13:10:58.472 22585 22585 D M_InsDal: Lcom/csipsimple/api/SipConfigManager;--->getPrefUriForKey(Ljava/lang/String;)Landroid/net/Uri;
06-04 13:10:58.472 22585 22585 D M_InsDal: Lcom/csipsimple/service/PreferenceProvider;--->update(Landroid/net/Uri;Landroid/content/ContentValues;Ljava/lang/String;[Ljava/lang/String;)I
06-04 13:10:58.472 22585 22585 D M_InsDal: Lcom/csipsimple/utils/PreferencesWrapper;--->setPreferenceFloatValue(Ljava/lang/String;F)V
06-04 13:10:58.472 22606 22627 D M_InsDal: Lcom/csipsimple/utils/Log;--->v(Ljava/lang/String;Ljava/lang/String;)V
06-04 13:10:58.472 22585 22585 D M_InsDal: Lcom/csipsimple/api/SipConfigManager;--->getPreferenceBooleanValue(Landroid/content/Context;Ljava/lang/String;)Ljava/lang/Boolean;
06-04 13:10:58.472 22585 22585 D M_InsDal: Lcom/csipsimple/api/SipConfigManager;--->getPreferenceBooleanValue(Landroid/content/Context;Ljava/lang/String;Ljava/lang/Boolean;)Ljava/lang/Boolean;
06-04 13:10:58.472 22585 22585 D M_InsDal: Lcom/csipsimple/api/SipConfigManager;--->getPrefUriForKey(Ljava/lang/String;)Landroid/net/Uri;
06-04 13:10:58.472 22585 22585 D M_InsDal: Lcom/csipsimple/service/PreferenceProvider;--->query(Landroid/net/Uri;[Ljava/lang/String;Ljava/lang/String;[Ljava/lang/String;Ljava/lang/String;)Landroid/database/Cursor;
06-04 13:10:58.472 22585 22585 D M_InsDal: Lcom/csipsimple/utils/PreferencesWrapper;--->getPreferenceBooleanValue(Ljava/lang/String;)Ljava/lang/Boolean;
06-04 13:10:58.472 22585 22585 D M_InsDal: Lcom/csipsimple/utils/PreferencesWrapper;--->gPrefBooleanValue(Landroid/content/SharedPreferences;Ljava/lang/String;)Ljava/lang/Boolean;
06-04 13:10:58.473 22585 22585 D M_InsDal: Lcom/csipsimple/ui/incall/InCallMediaControl;--->onCheckedChanged(Landroid/widget/CompoundButton;Z)V
06-04 13:10:58.473 22585 22585 D M_InsDal: Lcom/csipsimple/api/ISipService$Stub$Proxy;--->setEchoCancellation(Z)V
06-04 13:10:58.473 22606 22622 D M_InsDal: Lcom/csipsimple/service/SipService$1;--->setEchoCancellation(Z)V
06-04 13:10:58.473 22585 22585 D M_InsDal: Lcom/csipsimple/api/SipConfigManager;--->setPreferenceBooleanValue(Landroid/content/Context;Ljava/lang/String;Z)V
06-04 13:10:58.473 22585 22585 D M_InsDal: Lcom/csipsimple/api/SipConfigManager;--->getPrefUriForKey(Ljava/lang/String;)Landroid/net/Uri;
06-04 13:10:58.473 22585 22585 D M_InsDal: Lcom/csipsimple/service/PreferenceProvider;--->update(Landroid/net/Uri;Landroid/content/ContentValues;Ljava/lang/String;[Ljava/lang/String;)I
06-04 13:10:58.473 22585 22585 D M_InsDal: Lcom/csipsimple/utils/PreferencesWrapper;--->setPreferenceBooleanValue(Ljava/lang/String;Z)V
06-04 13:10:58.502 22585 22605 D M_InsDal: Lcom/csipsimple/api/ISipService$Stub$Proxy;--->confGetRxTxLevel(I)J
06-04 13:10:58.503 22606 22622 D M_InsDal: Lcom/csipsimple/service/SipService$1;--->confGetRxTxLevel(I)J
06-04 13:10:58.503 22606 22622 D M_InsDal: Lcom/csipsimple/service/SipService$1$28;---><init>(Lcom/csipsimple/service/SipService$1;Lcom/csipsimple/service/SipService;I)V
06-04 13:10:58.503 22606 22622 D M_InsDal: Lcom/csipsimple/service/SipService$ReturnRunnable;---><init>(Lcom/csipsimple/service/SipService;)V
06-04 13:10:58.503 22606 22622 D M_InsDal: Lcom/csipsimple/service/SipService$SipRunnable;---><init>()V
06-04 13:10:58.503 22606 22622 D M_InsDal: Lcom/csipsimple/service/SipService;--->getExecutor()Lcom/csipsimple/service/SipService$SipServiceExecutor;
06-04 13:10:58.503 22606 22622 D M_InsDal: Lcom/csipsimple/service/SipService$SipServiceExecutor;--->execute(Ljava/lang/Runnable;)V
06-04 13:10:58.503 22606 22622 D M_InsDal: Lcom/csipsimple/service/SipWakeLock;--->acquire(Ljava/lang/Object;)V
06-04 13:10:58.504 22606 22622 D M_InsDal: Lcom/csipsimple/utils/Log;--->v(Ljava/lang/String;Ljava/lang/String;)V
06-04 13:10:58.504 22606 22622 D M_InsDal: Lcom/csipsimple/service/SipService$ReturnRunnable;--->getResult()Ljava/lang/Object;
06-04 13:10:58.504 22606 22627 D M_InsDal: Lcom/csipsimple/service/SipService$SipServiceExecutor;--->handleMessage(Landroid/os/Message;)V
06-04 13:10:58.504 22606 22627 D M_InsDal: Lcom/csipsimple/service/SipService$SipServiceExecutor;--->executeInternal(Ljava/lang/Runnable;)V
06-04 13:10:58.504 22606 22627 D M_InsDal: Lcom/csipsimple/service/SipService$SipRunnable;--->run()V
06-04 13:10:58.504 22606 22627 D M_InsDal: Lcom/csipsimple/service/SipService$ReturnRunnable;--->doRun()V
06-04 13:10:58.504 22606 22627 D M_InsDal: Lcom/csipsimple/service/SipService$1$28;--->runWithReturn()Ljava/lang/Object;
06-04 13:10:58.505 22606 22627 D M_InsDal: Lcom/csipsimple/utils/Log;--->e(Ljava/lang/String;Ljava/lang/String;Ljava/lang/Throwable;)V
06-04 13:10:58.505 22606 22627 D M_InsDal: Lcom/csipsimple/service/SipWakeLock;--->release(Ljava/lang/Object;)V
06-04 13:10:58.506 22606 22627 D M_InsDal: Lcom/csipsimple/utils/Log;--->v(Ljava/lang/String;Ljava/lang/String;)V
06-04 13:11:09.641 22606 22606 D M_InsDal: Lcom/csipsimple/service/SipService;--->onDestroy()V
06-04 13:11:09.641 22606 22606 D M_InsDal: Lcom/csipsimple/utils/Log;--->i(Ljava/lang/String;Ljava/lang/String;)V
06-04 13:11:09.641 22606 22606 D M_InsDal: Lcom/csipsimple/service/SipService;--->unregisterBroadcasts()V
06-04 13:11:09.641 22606 22606 D M_InsDal: Lcom/csipsimple/service/SipNotifications;--->onServiceDestroy()V
06-04 13:11:09.641 22606 22606 D M_InsDal: Lcom/csipsimple/service/SipNotifications;--->cancelAll()V
06-04 13:11:09.641 22606 22606 D M_InsDal: Lcom/csipsimple/service/SipNotifications;--->cancelRegisters()V
06-04 13:11:09.641 22606 22606 D M_InsDal: Lcom/csipsimple/service/SipNotifications;--->stopForegroundCompat(I)V
06-04 13:11:09.641 22606 22606 D M_InsDal: Lcom/csipsimple/service/SipNotifications;--->invokeMethod(Ljava/lang/reflect/Method;[Ljava/lang/Object;)V
