--------- beginning of main
09-18 20:16:25.398  4298  4298 D M_InsDal: Lcom/csipsimple/service/SipService;--->onDestroy()V
09-18 20:16:25.398  4298  4298 D M_InsDal: Lcom/csipsimple/utils/Log;--->i(Ljava/lang/String;Ljava/lang/String;)V
09-18 20:16:25.398  4298  4298 D M_InsDal: Lcom/csipsimple/service/SipService;--->unregisterBroadcasts()V
09-18 20:16:25.398  4298  4298 D M_InsDal: Lcom/csipsimple/service/SipNotifications;--->onServiceDestroy()V
09-18 20:16:25.398  4298  4298 D M_InsDal: Lcom/csipsimple/service/SipNotifications;--->cancelAll()V
09-18 20:16:25.398  4298  4298 D M_InsDal: Lcom/csipsimple/service/SipNotifications;--->cancelRegisters()V
09-18 20:16:25.398  4298  4298 D M_InsDal: Lcom/csipsimple/service/SipNotifications;--->stopForegroundCompat(I)V
09-18 20:16:25.398  4298  4298 D M_InsDal: Lcom/csipsimple/service/SipNotifications;--->invokeMethod(Ljava/lang/reflect/Method;[Ljava/lang/Object;)V
--------- beginning of system
09-18 20:16:29.455  4364  4364 D M_InsDal: Lcom/csipsimple/service/PreferenceProvider;---><clinit>()V
09-18 20:16:29.455  4364  4364 D M_InsDal: Lcom/csipsimple/service/PreferenceProvider;---><init>()V
09-18 20:16:29.455  4364  4364 D M_InsDal: Lcom/csipsimple/service/PreferenceProvider;--->onCreate()Z
09-18 20:16:29.455  4364  4364 D M_InsDal: Lcom/csipsimple/utils/PreferencesWrapper;---><clinit>()V
09-18 20:16:29.455  4364  4364 D M_InsDal: Lcom/csipsimple/utils/PreferencesWrapper$1;---><init>()V
09-18 20:16:29.455  4364  4364 D M_InsDal: Lcom/csipsimple/utils/CustomDistribution;--->getUserAgent()Ljava/lang/String;
09-18 20:16:29.455  4364  4364 D M_InsDal: Lcom/csipsimple/utils/PreferencesWrapper$2;---><init>()V
09-18 20:16:29.455  4364  4364 D M_InsDal: Lcom/csipsimple/utils/PreferencesWrapper$3;---><init>()V
09-18 20:16:29.455  4364  4364 D M_InsDal: Lcom/csipsimple/utils/PreferencesWrapper;---><init>(Landroid/content/Context;)V
09-18 20:16:29.455  4364  4364 D M_InsDal: Lcom/csipsimple/utils/PreferencesWrapper;--->needUpgrade()Ljava/lang/Integer;
09-18 20:16:29.455  4364  4364 D M_InsDal: Lcom/csipsimple/utils/PreferencesProviderWrapper;--->getCurrentPackageInfos(Landroid/content/Context;)Landroid/content/pm/PackageInfo;
09-18 20:16:29.456  4364  4364 D M_InsDal: Lcom/csipsimple/utils/Log;---><clinit>()V
09-18 20:16:29.456  4364  4364 D M_InsDal: Lcom/csipsimple/utils/Log;--->d(Ljava/lang/String;Ljava/lang/String;)V
09-18 20:16:29.456  4364  4364 D M_InsDal: Lcom/csipsimple/utils/Log;--->d(Ljava/lang/String;Ljava/lang/String;)V
09-18 20:16:29.456  4364  4364 D M_InsDal: Lcom/csipsimple/utils/Compatibility;--->getApiLevel()I
09-18 20:16:29.460  4364  4364 D M_InsDal: Lcom/csipsimple/ui/incall/InCallMediaControl;---><init>()V
09-18 20:16:29.460  4364  4364 D M_InsDal: Lcom/csipsimple/ui/incall/InCallMediaControl$1;---><init>(Lcom/csipsimple/ui/incall/InCallMediaControl;)V
09-18 20:16:29.461  4364  4364 D M_InsDal: Lcom/csipsimple/ui/incall/InCallMediaControl$2;---><init>(Lcom/csipsimple/ui/incall/InCallMediaControl;)V
09-18 20:16:29.463  4364  4364 D M_InsDal: Lcom/csipsimple/ui/incall/InCallMediaControl;--->onCreate(Landroid/os/Bundle;)V
09-18 20:16:29.481  4364  4364 D M_InsDal: Lcom/csipsimple/ui/incall/InCallMediaControl;--->onResume()V
09-18 20:16:29.483  4364  4364 D M_InsDal: Lcom/csipsimple/ui/incall/InCallMediaControl$MonitorThread;---><init>(Lcom/csipsimple/ui/incall/InCallMediaControl;)V
09-18 20:16:29.483  4364  4382 D M_InsDal: Lcom/csipsimple/ui/incall/InCallMediaControl$MonitorThread;--->run()V
09-18 20:16:29.562  4384  4384 D M_InsDal: Lcom/csipsimple/db/DBProvider;---><clinit>()V
09-18 20:16:29.562  4384  4384 D M_InsDal: Lcom/csipsimple/db/DBProvider;---><init>()V
09-18 20:16:29.562  4384  4384 D M_InsDal: Lcom/csipsimple/db/DBProvider;--->onCreate()Z
09-18 20:16:29.562  4384  4384 D M_InsDal: Lcom/csipsimple/db/DBAdapter$DatabaseHelper;---><init>(Landroid/content/Context;)V
09-18 20:16:29.563  4384  4384 D M_InsDal: Lcom/csipsimple/service/SipService;---><clinit>()V
09-18 20:16:29.563  4384  4384 D M_InsDal: Lcom/csipsimple/service/SipService;---><init>()V
09-18 20:16:29.563  4384  4384 D M_InsDal: Lcom/csipsimple/service/SipService$1;---><init>(Lcom/csipsimple/service/SipService;)V
09-18 20:16:29.563  4384  4384 D M_InsDal: Lcom/csipsimple/api/ISipService$Stub;---><init>()V
09-18 20:16:29.563  4384  4384 D M_InsDal: Lcom/csipsimple/service/SipService$2;---><init>(Lcom/csipsimple/service/SipService;)V
09-18 20:16:29.563  4384  4384 D M_InsDal: Lcom/csipsimple/api/ISipConfiguration$Stub;---><init>()V
09-18 20:16:29.563  4384  4384 D M_InsDal: Lcom/csipsimple/service/SipService$ServiceHandler;---><init>(Lcom/csipsimple/service/SipService;)V
09-18 20:16:29.563  4384  4384 D M_InsDal: Lcom/csipsimple/api/SipManager$PresenceStatus;---><clinit>()V
09-18 20:16:29.564  4384  4384 D M_InsDal: Lcom/csipsimple/api/SipManager$PresenceStatus;---><init>(Ljava/lang/String;I)V
09-18 20:16:29.564  4384  4384 D M_InsDal: Lcom/csipsimple/api/SipManager$PresenceStatus;---><init>(Ljava/lang/String;I)V
09-18 20:16:29.564  4384  4384 D M_InsDal: Lcom/csipsimple/service/SipService;--->onCreate()V
09-18 20:16:29.564  4384  4384 D M_InsDal: Lcom/csipsimple/utils/Log;---><clinit>()V
09-18 20:16:29.564  4384  4384 D M_InsDal: Lcom/csipsimple/utils/Log;--->i(Ljava/lang/String;Ljava/lang/String;)V
09-18 20:16:29.564  4384  4384 D M_InsDal: Lcom/csipsimple/utils/PreferencesProviderWrapper;---><init>(Landroid/content/Context;)V
09-18 20:16:29.564  4384  4384 D M_InsDal: Lcom/csipsimple/utils/PreferencesProviderWrapper;--->getLogLevel()I
09-18 20:16:29.564  4384  4384 D M_InsDal: Lcom/csipsimple/api/SipConfigManager;---><clinit>()V
09-18 20:16:29.564  4384  4384 D M_InsDal: Lcom/csipsimple/api/SipConfigManager;--->getPreferenceIntegerValue(Landroid/content/Context;Ljava/lang/String;Ljava/lang/Integer;)Ljava/lang/Integer;
09-18 20:16:29.564  4384  4384 D M_InsDal: Lcom/csipsimple/api/SipConfigManager;--->getPrefUriForKey(Ljava/lang/String;)Landroid/net/Uri;
09-18 20:16:29.565  4364  4378 D M_InsDal: Lcom/csipsimple/service/PreferenceProvider;--->query(Landroid/net/Uri;[Ljava/lang/String;Ljava/lang/String;[Ljava/lang/String;Ljava/lang/String;)Landroid/database/Cursor;
09-18 20:16:29.565  4364  4378 D M_InsDal: Lcom/csipsimple/utils/PreferencesWrapper;--->getPreferenceIntegerValue(Ljava/lang/String;)Ljava/lang/Integer;
09-18 20:16:29.565  4364  4378 D M_InsDal: Lcom/csipsimple/utils/PreferencesWrapper;--->getPreferenceStringValue(Ljava/lang/String;)Ljava/lang/String;
09-18 20:16:29.565  4364  4378 D M_InsDal: Lcom/csipsimple/utils/PreferencesWrapper;--->gPrefStringValue(Landroid/content/SharedPreferences;Ljava/lang/String;)Ljava/lang/String;
09-18 20:16:29.566  4384  4384 D M_InsDal: Lcom/csipsimple/utils/Log;--->setLogLevel(I)V
09-18 20:16:29.566  4384  4384 D M_InsDal: Lcom/csipsimple/service/SipNotifications;---><clinit>()V
09-18 20:16:29.566  4384  4384 D M_InsDal: Lcom/csipsimple/service/SipNotifications;---><init>(Landroid/content/Context;)V
09-18 20:16:29.566  4384  4384 D M_InsDal: Lcom/csipsimple/service/SipNotifications;--->cancelAll()V
09-18 20:16:29.566  4384  4384 D M_InsDal: Lcom/csipsimple/service/SipNotifications;--->cancelMessages()V
09-18 20:16:29.567  4384  4384 D M_InsDal: Lcom/csipsimple/service/SipNotifications;--->cancelMissedCalls()V
09-18 20:16:29.567  4384  4384 D M_InsDal: Lcom/csipsimple/service/SipNotifications;--->cancelVoicemails()V
09-18 20:16:29.567  4384  4384 D M_InsDal: Lcom/csipsimple/service/SipNotifications;--->cancelCalls()V
09-18 20:16:29.567  4384  4384 D M_InsDal: Lcom/csipsimple/utils/Compatibility;--->isCompatible(I)Z
09-18 20:16:29.567  4384  4384 D M_InsDal: Lcom/csipsimple/service/SipNotifications;--->onServiceCreate()V
09-18 20:16:29.567  4384  4384 D M_InsDal: Lcom/csipsimple/service/SipWakeLock;---><init>(Landroid/os/PowerManager;)V
09-18 20:16:29.567  4384  4384 D M_InsDal: Lcom/csipsimple/utils/PreferencesProviderWrapper;--->getPreferenceBooleanValue(Ljava/lang/String;Z)Z
09-18 20:16:29.567  4384  4384 D M_InsDal: Lcom/csipsimple/api/SipConfigManager;--->getPreferenceBooleanValue(Landroid/content/Context;Ljava/lang/String;Ljava/lang/Boolean;)Ljava/lang/Boolean;
09-18 20:16:29.568  4384  4384 D M_InsDal: Lcom/csipsimple/api/SipConfigManager;--->getPrefUriForKey(Ljava/lang/String;)Landroid/net/Uri;
09-18 20:16:29.568  4364  4378 D M_InsDal: Lcom/csipsimple/service/PreferenceProvider;--->query(Landroid/net/Uri;[Ljava/lang/String;Ljava/lang/String;[Ljava/lang/String;Ljava/lang/String;)Landroid/database/Cursor;
09-18 20:16:29.568  4364  4378 D M_InsDal: Lcom/csipsimple/utils/PreferencesWrapper;--->getPreferenceBooleanValue(Ljava/lang/String;)Ljava/lang/Boolean;
09-18 20:16:29.568  4364  4378 D M_InsDal: Lcom/csipsimple/utils/PreferencesWrapper;--->gPrefBooleanValue(Landroid/content/SharedPreferences;Ljava/lang/String;)Ljava/lang/Boolean;
09-18 20:16:29.569  4384  4384 D M_InsDal: Lcom/csipsimple/utils/Log;--->d(Ljava/lang/String;Ljava/lang/String;)V
09-18 20:16:29.569  4384  4384 D M_InsDal: Lcom/csipsimple/service/PresenceManager;---><clinit>()V
09-18 20:16:29.569  4384  4384 D M_InsDal: Lcom/csipsimple/service/PresenceManager;---><init>()V
09-18 20:16:29.569  4384  4384 D M_InsDal: Lcom/csipsimple/service/SipService;--->onBind(Landroid/content/Intent;)Landroid/os/IBinder;
09-18 20:16:29.569  4384  4384 D M_InsDal: Lcom/csipsimple/utils/Log;--->d(Ljava/lang/String;Ljava/lang/String;)V
09-18 20:16:29.569  4384  4384 D M_InsDal: Lcom/csipsimple/utils/Log;--->d(Ljava/lang/String;Ljava/lang/String;)V
09-18 20:16:29.634  4364  4364 D M_InsDal: Lcom/csipsimple/ui/incall/InCallMediaControl$2;--->onServiceConnected(Landroid/content/ComponentName;Landroid/os/IBinder;)V
09-18 20:16:29.634  4364  4364 D M_InsDal: Lcom/csipsimple/utils/Log;--->d(Ljava/lang/String;Ljava/lang/String;)V
09-18 20:16:29.634  4364  4364 D M_InsDal: Lcom/csipsimple/api/ISipService$Stub;--->asInterface(Landroid/os/IBinder;)Lcom/csipsimple/api/ISipService;
09-18 20:16:29.634  4364  4364 D M_InsDal: Lcom/csipsimple/api/ISipService$Stub$Proxy;---><init>(Landroid/os/IBinder;)V
09-18 20:16:29.634  4364  4364 D M_InsDal: Lcom/csipsimple/ui/incall/InCallMediaControl;--->updateUIFromMedia()V
09-18 20:16:29.634  4364  4364 D M_InsDal: Lcom/csipsimple/api/ISipService$Stub$Proxy;--->getCurrentMediaState()Lcom/csipsimple/api/MediaState;
09-18 20:16:29.635  4384  4399 D M_InsDal: Lcom/csipsimple/service/SipService$1;--->getCurrentMediaState()Lcom/csipsimple/api/MediaState;
09-18 20:16:29.635  4384  4399 D M_InsDal: Lcom/csipsimple/api/MediaState;---><clinit>()V
09-18 20:16:29.635  4384  4399 D M_InsDal: Lcom/csipsimple/api/MediaState$1;---><init>()V
09-18 20:16:29.635  4384  4399 D M_InsDal: Lcom/csipsimple/api/MediaState;---><init>()V
09-18 20:16:29.635  4384  4399 D M_InsDal: Lcom/csipsimple/api/MediaState;--->writeToParcel(Landroid/os/Parcel;I)V
09-18 20:16:29.636  4364  4364 D M_InsDal: Lcom/csipsimple/api/MediaState;---><clinit>()V
09-18 20:16:29.636  4364  4364 D M_InsDal: Lcom/csipsimple/api/MediaState$1;---><init>()V
09-18 20:16:29.636  4364  4364 D M_InsDal: Lcom/csipsimple/api/MediaState$1;--->createFromParcel(Landroid/os/Parcel;)Lcom/csipsimple/api/MediaState;
09-18 20:16:29.636  4364  4364 D M_InsDal: Lcom/csipsimple/api/MediaState;---><init>(Landroid/os/Parcel;)V
09-18 20:16:29.636  4364  4364 D M_InsDal: Lcom/csipsimple/api/SipConfigManager;---><clinit>()V
09-18 20:16:29.636  4364  4364 D M_InsDal: Lcom/csipsimple/api/SipConfigManager;--->getPreferenceFloatValue(Landroid/content/Context;Ljava/lang/String;)Ljava/lang/Float;
09-18 20:16:29.636  4364  4364 D M_InsDal: Lcom/csipsimple/api/SipConfigManager;--->getPreferenceFloatValue(Landroid/content/Context;Ljava/lang/String;Ljava/lang/Float;)Ljava/lang/Float;
09-18 20:16:29.636  4364  4364 D M_InsDal: Lcom/csipsimple/api/SipConfigManager;--->getPrefUriForKey(Ljava/lang/String;)Landroid/net/Uri;
09-18 20:16:29.636  4364  4364 D M_InsDal: Lcom/csipsimple/service/PreferenceProvider;--->query(Landroid/net/Uri;[Ljava/lang/String;Ljava/lang/String;[Ljava/lang/String;Ljava/lang/String;)Landroid/database/Cursor;
09-18 20:16:29.636  4364  4364 D M_InsDal: Lcom/csipsimple/utils/PreferencesWrapper;--->getPreferenceFloatValue(Ljava/lang/String;)Ljava/lang/Float;
09-18 20:16:29.636  4364  4364 D M_InsDal: Lcom/csipsimple/utils/PreferencesWrapper;--->gPrefFloatValue(Landroid/content/SharedPreferences;Ljava/lang/String;)Ljava/lang/Float;
09-18 20:16:29.636  4364  4364 D M_InsDal: Lcom/csipsimple/ui/incall/InCallMediaControl;--->onProgressChanged(Landroid/widget/SeekBar;IZ)V
09-18 20:16:29.636  4364  4364 D M_InsDal: Lcom/csipsimple/utils/Log;--->d(Ljava/lang/String;Ljava/lang/String;)V
09-18 20:16:29.636  4364  4364 D M_InsDal: Lcom/csipsimple/api/ISipService$Stub$Proxy;--->getCurrentMediaState()Lcom/csipsimple/api/MediaState;
09-18 20:16:29.637  4384  4399 D M_InsDal: Lcom/csipsimple/service/SipService$1;--->getCurrentMediaState()Lcom/csipsimple/api/MediaState;
09-18 20:16:29.637  4384  4399 D M_InsDal: Lcom/csipsimple/api/MediaState;---><init>()V
09-18 20:16:29.637  4384  4399 D M_InsDal: Lcom/csipsimple/api/MediaState;--->writeToParcel(Landroid/os/Parcel;I)V
09-18 20:16:29.637  4364  4364 D M_InsDal: Lcom/csipsimple/api/MediaState$1;--->createFromParcel(Landroid/os/Parcel;)Lcom/csipsimple/api/MediaState;
09-18 20:16:29.637  4364  4364 D M_InsDal: Lcom/csipsimple/api/MediaState;---><init>(Landroid/os/Parcel;)V
09-18 20:16:29.637  4364  4364 D M_InsDal: Lcom/csipsimple/api/ISipService$Stub$Proxy;--->confAdjustTxLevel(IF)V
09-18 20:16:29.637  4384  4399 D M_InsDal: Lcom/csipsimple/service/SipService$1;--->confAdjustTxLevel(IF)V
09-18 20:16:29.637  4384  4399 D M_InsDal: Lcom/csipsimple/service/SipService;--->getExecutor()Lcom/csipsimple/service/SipService$SipServiceExecutor;
09-18 20:16:29.637  4384  4399 D M_InsDal: Lcom/csipsimple/service/SipService$SipServiceExecutor;---><init>(Lcom/csipsimple/service/SipService;)V
09-18 20:16:29.637  4384  4399 D M_InsDal: Lcom/csipsimple/service/SipService;--->createLooper()Landroid/os/Looper;
09-18 20:16:29.637  4384  4399 D M_InsDal: Lcom/csipsimple/utils/Log;--->d(Ljava/lang/String;Ljava/lang/String;)V
09-18 20:16:29.638  4384  4399 D M_InsDal: Lcom/csipsimple/service/SipService$1$17;---><init>(Lcom/csipsimple/service/SipService$1;IF)V
09-18 20:16:29.638  4384  4399 D M_InsDal: Lcom/csipsimple/service/SipService$SipRunnable;---><init>()V
09-18 20:16:29.638  4384  4399 D M_InsDal: Lcom/csipsimple/service/SipService$SipServiceExecutor;--->execute(Ljava/lang/Runnable;)V
09-18 20:16:29.638  4384  4399 D M_InsDal: Lcom/csipsimple/service/SipWakeLock;--->acquire(Ljava/lang/Object;)V
09-18 20:16:29.638  4384  4399 D M_InsDal: Lcom/csipsimple/utils/Log;--->v(Ljava/lang/String;Ljava/lang/String;)V
09-18 20:16:29.638  4364  4364 D M_InsDal: Lcom/csipsimple/api/SipConfigManager;--->setPreferenceFloatValue(Landroid/content/Context;Ljava/lang/String;Ljava/lang/Float;)V
09-18 20:16:29.638  4364  4364 D M_InsDal: Lcom/csipsimple/api/SipConfigManager;--->getPrefUriForKey(Ljava/lang/String;)Landroid/net/Uri;
09-18 20:16:29.638  4364  4364 D M_InsDal: Lcom/csipsimple/service/PreferenceProvider;--->update(Landroid/net/Uri;Landroid/content/ContentValues;Ljava/lang/String;[Ljava/lang/String;)I
09-18 20:16:29.638  4384  4402 D M_InsDal: Lcom/csipsimple/service/SipService$SipServiceExecutor;--->handleMessage(Landroid/os/Message;)V
09-18 20:16:29.638  4384  4402 D M_InsDal: Lcom/csipsimple/service/SipService$SipServiceExecutor;--->executeInternal(Ljava/lang/Runnable;)V
09-18 20:16:29.638  4384  4402 D M_InsDal: Lcom/csipsimple/service/SipService$SipRunnable;--->run()V
09-18 20:16:29.638  4384  4402 D M_InsDal: Lcom/csipsimple/service/SipService$1$17;--->doRun()V
09-18 20:16:29.638  4384  4402 D M_InsDal: Lcom/csipsimple/service/SipWakeLock;--->release(Ljava/lang/Object;)V
09-18 20:16:29.638  4364  4364 D M_InsDal: Lcom/csipsimple/utils/PreferencesWrapper;--->setPreferenceFloatValue(Ljava/lang/String;F)V
09-18 20:16:29.639  4364  4364 D M_InsDal: Lcom/csipsimple/api/SipConfigManager;--->getPreferenceFloatValue(Landroid/content/Context;Ljava/lang/String;)Ljava/lang/Float;
09-18 20:16:29.639  4364  4364 D M_InsDal: Lcom/csipsimple/api/SipConfigManager;--->getPreferenceFloatValue(Landroid/content/Context;Ljava/lang/String;Ljava/lang/Float;)Ljava/lang/Float;
09-18 20:16:29.639  4364  4364 D M_InsDal: Lcom/csipsimple/api/SipConfigManager;--->getPrefUriForKey(Ljava/lang/String;)Landroid/net/Uri;
09-18 20:16:29.639  4364  4364 D M_InsDal: Lcom/csipsimple/service/PreferenceProvider;--->query(Landroid/net/Uri;[Ljava/lang/String;Ljava/lang/String;[Ljava/lang/String;Ljava/lang/String;)Landroid/database/Cursor;
09-18 20:16:29.639  4364  4364 D M_InsDal: Lcom/csipsimple/utils/PreferencesWrapper;--->getPreferenceFloatValue(Ljava/lang/String;)Ljava/lang/Float;
09-18 20:16:29.639  4364  4364 D M_InsDal: Lcom/csipsimple/utils/PreferencesWrapper;--->gPrefFloatValue(Landroid/content/SharedPreferences;Ljava/lang/String;)Ljava/lang/Float;
09-18 20:16:29.639  4364  4364 D M_InsDal: Lcom/csipsimple/ui/incall/InCallMediaControl;--->onProgressChanged(Landroid/widget/SeekBar;IZ)V
09-18 20:16:29.639  4364  4364 D M_InsDal: Lcom/csipsimple/utils/Log;--->d(Ljava/lang/String;Ljava/lang/String;)V
09-18 20:16:29.639  4364  4364 D M_InsDal: Lcom/csipsimple/api/ISipService$Stub$Proxy;--->getCurrentMediaState()Lcom/csipsimple/api/MediaState;
09-18 20:16:29.639  4384  4402 D M_InsDal: Lcom/csipsimple/utils/Log;--->v(Ljava/lang/String;Ljava/lang/String;)V
09-18 20:16:29.639  4384  4397 D M_InsDal: Lcom/csipsimple/service/SipService$1;--->getCurrentMediaState()Lcom/csipsimple/api/MediaState;
09-18 20:16:29.639  4384  4397 D M_InsDal: Lcom/csipsimple/api/MediaState;---><init>()V
09-18 20:16:29.639  4384  4397 D M_InsDal: Lcom/csipsimple/api/MediaState;--->writeToParcel(Landroid/os/Parcel;I)V
09-18 20:16:29.639  4364  4364 D M_InsDal: Lcom/csipsimple/api/MediaState$1;--->createFromParcel(Landroid/os/Parcel;)Lcom/csipsimple/api/MediaState;
09-18 20:16:29.639  4364  4364 D M_InsDal: Lcom/csipsimple/api/MediaState;---><init>(Landroid/os/Parcel;)V
09-18 20:16:29.639  4364  4364 D M_InsDal: Lcom/csipsimple/api/ISipService$Stub$Proxy;--->confAdjustRxLevel(IF)V
09-18 20:16:29.639  4384  4397 D M_InsDal: Lcom/csipsimple/service/SipService$1;--->confAdjustRxLevel(IF)V
09-18 20:16:29.639  4384  4397 D M_InsDal: Lcom/csipsimple/service/SipService;--->getExecutor()Lcom/csipsimple/service/SipService$SipServiceExecutor;
09-18 20:16:29.639  4384  4397 D M_InsDal: Lcom/csipsimple/service/SipService$1$18;---><init>(Lcom/csipsimple/service/SipService$1;IF)V
09-18 20:16:29.639  4384  4397 D M_InsDal: Lcom/csipsimple/service/SipService$SipRunnable;---><init>()V
09-18 20:16:29.639  4384  4397 D M_InsDal: Lcom/csipsimple/service/SipService$SipServiceExecutor;--->execute(Ljava/lang/Runnable;)V
09-18 20:16:29.639  4384  4397 D M_InsDal: Lcom/csipsimple/service/SipWakeLock;--->acquire(Ljava/lang/Object;)V
09-18 20:16:29.639  4384  4397 D M_InsDal: Lcom/csipsimple/utils/Log;--->v(Ljava/lang/String;Ljava/lang/String;)V
09-18 20:16:29.640  4384  4402 D M_InsDal: Lcom/csipsimple/service/SipService$SipServiceExecutor;--->handleMessage(Landroid/os/Message;)V
09-18 20:16:29.640  4384  4402 D M_InsDal: Lcom/csipsimple/service/SipService$SipServiceExecutor;--->executeInternal(Ljava/lang/Runnable;)V
09-18 20:16:29.640  4384  4402 D M_InsDal: Lcom/csipsimple/service/SipService$SipRunnable;--->run()V
09-18 20:16:29.640  4364  4364 D M_InsDal: Lcom/csipsimple/api/SipConfigManager;--->setPreferenceFloatValue(Landroid/content/Context;Ljava/lang/String;Ljava/lang/Float;)V
09-18 20:16:29.640  4384  4402 D M_InsDal: Lcom/csipsimple/service/SipService$1$18;--->doRun()V
09-18 20:16:29.640  4364  4364 D M_InsDal: Lcom/csipsimple/api/SipConfigManager;--->getPrefUriForKey(Ljava/lang/String;)Landroid/net/Uri;
09-18 20:16:29.640  4384  4402 D M_InsDal: Lcom/csipsimple/service/SipWakeLock;--->release(Ljava/lang/Object;)V
09-18 20:16:29.640  4364  4364 D M_InsDal: Lcom/csipsimple/service/PreferenceProvider;--->update(Landroid/net/Uri;Landroid/content/ContentValues;Ljava/lang/String;[Ljava/lang/String;)I
09-18 20:16:29.640  4364  4364 D M_InsDal: Lcom/csipsimple/utils/PreferencesWrapper;--->setPreferenceFloatValue(Ljava/lang/String;F)V
09-18 20:16:29.640  4384  4402 D M_InsDal: Lcom/csipsimple/utils/Log;--->v(Ljava/lang/String;Ljava/lang/String;)V
09-18 20:16:29.640  4364  4364 D M_InsDal: Lcom/csipsimple/api/SipConfigManager;--->getPreferenceBooleanValue(Landroid/content/Context;Ljava/lang/String;)Ljava/lang/Boolean;
09-18 20:16:29.640  4364  4364 D M_InsDal: Lcom/csipsimple/api/SipConfigManager;--->getPreferenceBooleanValue(Landroid/content/Context;Ljava/lang/String;Ljava/lang/Boolean;)Ljava/lang/Boolean;
09-18 20:16:29.640  4364  4364 D M_InsDal: Lcom/csipsimple/api/SipConfigManager;--->getPrefUriForKey(Ljava/lang/String;)Landroid/net/Uri;
09-18 20:16:29.640  4364  4364 D M_InsDal: Lcom/csipsimple/service/PreferenceProvider;--->query(Landroid/net/Uri;[Ljava/lang/String;Ljava/lang/String;[Ljava/lang/String;Ljava/lang/String;)Landroid/database/Cursor;
09-18 20:16:29.640  4364  4364 D M_InsDal: Lcom/csipsimple/utils/PreferencesWrapper;--->getPreferenceBooleanValue(Ljava/lang/String;)Ljava/lang/Boolean;
09-18 20:16:29.640  4364  4364 D M_InsDal: Lcom/csipsimple/utils/PreferencesWrapper;--->gPrefBooleanValue(Landroid/content/SharedPreferences;Ljava/lang/String;)Ljava/lang/Boolean;
09-18 20:16:29.640  4364  4364 D M_InsDal: Lcom/csipsimple/ui/incall/InCallMediaControl;--->onCheckedChanged(Landroid/widget/CompoundButton;Z)V
09-18 20:16:29.640  4364  4364 D M_InsDal: Lcom/csipsimple/api/ISipService$Stub$Proxy;--->setEchoCancellation(Z)V
09-18 20:16:29.640  4384  4397 D M_InsDal: Lcom/csipsimple/service/SipService$1;--->setEchoCancellation(Z)V
09-18 20:16:29.640  4364  4364 D M_InsDal: Lcom/csipsimple/api/SipConfigManager;--->setPreferenceBooleanValue(Landroid/content/Context;Ljava/lang/String;Z)V
09-18 20:16:29.640  4364  4364 D M_InsDal: Lcom/csipsimple/api/SipConfigManager;--->getPrefUriForKey(Ljava/lang/String;)Landroid/net/Uri;
09-18 20:16:29.640  4364  4364 D M_InsDal: Lcom/csipsimple/service/PreferenceProvider;--->update(Landroid/net/Uri;Landroid/content/ContentValues;Ljava/lang/String;[Ljava/lang/String;)I
09-18 20:16:29.640  4364  4364 D M_InsDal: Lcom/csipsimple/utils/PreferencesWrapper;--->setPreferenceBooleanValue(Ljava/lang/String;Z)V
09-18 20:16:29.686  4364  4382 D M_InsDal: Lcom/csipsimple/api/ISipService$Stub$Proxy;--->confGetRxTxLevel(I)J
09-18 20:16:29.686  4384  4397 D M_InsDal: Lcom/csipsimple/service/SipService$1;--->confGetRxTxLevel(I)J
09-18 20:16:29.686  4384  4397 D M_InsDal: Lcom/csipsimple/service/SipService$1$28;---><init>(Lcom/csipsimple/service/SipService$1;Lcom/csipsimple/service/SipService;I)V
09-18 20:16:29.686  4384  4397 D M_InsDal: Lcom/csipsimple/service/SipService$ReturnRunnable;---><init>(Lcom/csipsimple/service/SipService;)V
09-18 20:16:29.686  4384  4397 D M_InsDal: Lcom/csipsimple/service/SipService$SipRunnable;---><init>()V
09-18 20:16:29.686  4384  4397 D M_InsDal: Lcom/csipsimple/service/SipService;--->getExecutor()Lcom/csipsimple/service/SipService$SipServiceExecutor;
09-18 20:16:29.686  4384  4397 D M_InsDal: Lcom/csipsimple/service/SipService$SipServiceExecutor;--->execute(Ljava/lang/Runnable;)V
09-18 20:16:29.686  4384  4397 D M_InsDal: Lcom/csipsimple/service/SipWakeLock;--->acquire(Ljava/lang/Object;)V
09-18 20:16:29.687  4384  4397 D M_InsDal: Lcom/csipsimple/utils/Log;--->v(Ljava/lang/String;Ljava/lang/String;)V
09-18 20:16:29.687  4384  4397 D M_InsDal: Lcom/csipsimple/service/SipService$ReturnRunnable;--->getResult()Ljava/lang/Object;
09-18 20:16:29.687  4384  4402 D M_InsDal: Lcom/csipsimple/service/SipService$SipServiceExecutor;--->handleMessage(Landroid/os/Message;)V
09-18 20:16:29.687  4384  4402 D M_InsDal: Lcom/csipsimple/service/SipService$SipServiceExecutor;--->executeInternal(Ljava/lang/Runnable;)V
09-18 20:16:29.687  4384  4402 D M_InsDal: Lcom/csipsimple/service/SipService$SipRunnable;--->run()V
09-18 20:16:29.687  4384  4402 D M_InsDal: Lcom/csipsimple/service/SipService$ReturnRunnable;--->doRun()V
09-18 20:16:29.687  4384  4402 D M_InsDal: Lcom/csipsimple/service/SipService$1$28;--->runWithReturn()Ljava/lang/Object;
09-18 20:16:29.687  4384  4402 D M_InsDal: Lcom/csipsimple/utils/Log;--->e(Ljava/lang/String;Ljava/lang/String;Ljava/lang/Throwable;)V
09-18 20:16:29.687  4384  4402 D M_InsDal: Lcom/csipsimple/service/SipWakeLock;--->release(Ljava/lang/Object;)V
09-18 20:16:29.688  4384  4402 D M_InsDal: Lcom/csipsimple/utils/Log;--->v(Ljava/lang/String;Ljava/lang/String;)V
09-18 20:16:41.614  4384  4384 D M_InsDal: Lcom/csipsimple/service/SipService;--->onDestroy()V
09-18 20:16:41.614  4384  4384 D M_InsDal: Lcom/csipsimple/utils/Log;--->i(Ljava/lang/String;Ljava/lang/String;)V
09-18 20:16:41.614  4384  4384 D M_InsDal: Lcom/csipsimple/service/SipService;--->unregisterBroadcasts()V
09-18 20:16:41.614  4384  4384 D M_InsDal: Lcom/csipsimple/service/SipNotifications;--->onServiceDestroy()V
09-18 20:16:41.614  4384  4384 D M_InsDal: Lcom/csipsimple/service/SipNotifications;--->cancelAll()V
09-18 20:16:41.614  4384  4384 D M_InsDal: Lcom/csipsimple/service/SipNotifications;--->cancelRegisters()V
09-18 20:16:41.614  4384  4384 D M_InsDal: Lcom/csipsimple/service/SipNotifications;--->stopForegroundCompat(I)V
09-18 20:16:41.614  4384  4384 D M_InsDal: Lcom/csipsimple/service/SipNotifications;--->invokeMethod(Ljava/lang/reflect/Method;[Ljava/lang/Object;)V
