--------- beginning of main
--------- beginning of system
09-18 20:32:39.403  8561  8561 D M_InsDal: Lcom/csipsimple/db/DBProvider;---><clinit>()V
09-18 20:32:39.403  8561  8561 D M_InsDal: Lcom/csipsimple/db/DBProvider;---><init>()V
09-18 20:32:39.403  8561  8561 D M_InsDal: Lcom/csipsimple/db/DBProvider;--->onCreate()Z
09-18 20:32:39.403  8561  8561 D M_InsDal: Lcom/csipsimple/db/DBAdapter$DatabaseHelper;---><init>(Landroid/content/Context;)V
09-18 20:32:39.410  8561  8561 D M_InsDal: Lcom/csipsimple/ui/outgoingcall/OutgoingCallChooser;---><init>()V
09-18 20:32:39.411  8561  8561 D M_InsDal: Lcom/csipsimple/ui/outgoingcall/OutgoingCallChooser$1;---><init>(Lcom/csipsimple/ui/outgoingcall/OutgoingCallChooser;)V
09-18 20:32:39.414  8561  8561 D M_InsDal: Lcom/csipsimple/ui/outgoingcall/OutgoingCallChooser;--->onCreate(Landroid/os/Bundle;)V
09-18 20:32:39.414  8561  8561 D M_InsDal: Lcom/csipsimple/ui/outgoingcall/OutgoingCallChooser;--->resetInternals()V
09-18 20:32:39.414  8561  8561 D M_InsDal: Lcom/csipsimple/ui/outgoingcall/OutgoingCallChooser;--->getPhoneNumber()Ljava/lang/String;
09-18 20:32:39.422  8561  8561 D M_InsDal: Lcom/csipsimple/ui/outgoingcall/OutgoingCallListFragment;---><init>()V
09-18 20:32:39.422  8561  8561 D M_InsDal: Lcom/csipsimple/widgets/CSSListFragment;---><init>()V
09-18 20:32:39.422  8561  8561 D M_InsDal: Lcom/csipsimple/ui/outgoingcall/OutgoingCallListFragment;--->onCreate(Landroid/os/Bundle;)V
09-18 20:32:39.429  8561  8561 D M_InsDal: Lcom/csipsimple/ui/outgoingcall/OutgoingCallChooser;--->connectService()V
09-18 20:32:39.429  8561  8561 D M_InsDal: Lcom/csipsimple/utils/PreferencesProviderWrapper;---><init>(Landroid/content/Context;)V
09-18 20:32:39.429  8561  8561 D M_InsDal: Lcom/csipsimple/utils/PreferencesProviderWrapper;--->isValidConnectionForOutgoing()Z
09-18 20:32:39.429  8561  8561 D M_InsDal: Lcom/csipsimple/utils/PreferencesProviderWrapper;--->getPreferenceBooleanValue(Ljava/lang/String;Z)Z
09-18 20:32:39.430  8561  8561 D M_InsDal: Lcom/csipsimple/api/SipConfigManager;---><clinit>()V
09-18 20:32:39.430  8561  8561 D M_InsDal: Lcom/csipsimple/api/SipConfigManager;--->getPreferenceBooleanValue(Landroid/content/Context;Ljava/lang/String;Ljava/lang/Boolean;)Ljava/lang/Boolean;
09-18 20:32:39.430  8561  8561 D M_InsDal: Lcom/csipsimple/api/SipConfigManager;--->getPrefUriForKey(Ljava/lang/String;)Landroid/net/Uri;
09-18 20:32:39.514  8578  8578 D M_InsDal: Lcom/csipsimple/service/PreferenceProvider;---><clinit>()V
09-18 20:32:39.514  8578  8578 D M_InsDal: Lcom/csipsimple/service/PreferenceProvider;---><init>()V
09-18 20:32:39.514  8578  8578 D M_InsDal: Lcom/csipsimple/service/PreferenceProvider;--->onCreate()Z
09-18 20:32:39.514  8578  8578 D M_InsDal: Lcom/csipsimple/utils/PreferencesWrapper;---><clinit>()V
09-18 20:32:39.514  8578  8578 D M_InsDal: Lcom/csipsimple/utils/PreferencesWrapper$1;---><init>()V
09-18 20:32:39.514  8578  8578 D M_InsDal: Lcom/csipsimple/utils/CustomDistribution;--->getUserAgent()Ljava/lang/String;
09-18 20:32:39.514  8578  8578 D M_InsDal: Lcom/csipsimple/utils/PreferencesWrapper$2;---><init>()V
09-18 20:32:39.514  8578  8578 D M_InsDal: Lcom/csipsimple/utils/PreferencesWrapper$3;---><init>()V
09-18 20:32:39.514  8578  8578 D M_InsDal: Lcom/csipsimple/utils/PreferencesWrapper;---><init>(Landroid/content/Context;)V
09-18 20:32:39.514  8578  8578 D M_InsDal: Lcom/csipsimple/utils/PreferencesWrapper;--->needUpgrade()Ljava/lang/Integer;
09-18 20:32:39.514  8578  8578 D M_InsDal: Lcom/csipsimple/utils/PreferencesProviderWrapper;--->getCurrentPackageInfos(Landroid/content/Context;)Landroid/content/pm/PackageInfo;
09-18 20:32:39.515  8578  8578 D M_InsDal: Lcom/csipsimple/utils/Log;---><clinit>()V
09-18 20:32:39.515  8578  8578 D M_InsDal: Lcom/csipsimple/utils/Log;--->d(Ljava/lang/String;Ljava/lang/String;)V
09-18 20:32:39.515  8578  8578 D M_InsDal: Lcom/csipsimple/utils/Log;--->d(Ljava/lang/String;Ljava/lang/String;)V
09-18 20:32:39.515  8578  8578 D M_InsDal: Lcom/csipsimple/utils/Compatibility;--->getApiLevel()I
09-18 20:32:39.516  8578  8593 D M_InsDal: Lcom/csipsimple/service/PreferenceProvider;--->query(Landroid/net/Uri;[Ljava/lang/String;Ljava/lang/String;[Ljava/lang/String;Ljava/lang/String;)Landroid/database/Cursor;
09-18 20:32:39.516  8578  8593 D M_InsDal: Lcom/csipsimple/utils/PreferencesWrapper;--->getPreferenceBooleanValue(Ljava/lang/String;)Ljava/lang/Boolean;
09-18 20:32:39.516  8578  8593 D M_InsDal: Lcom/csipsimple/utils/PreferencesWrapper;--->gPrefBooleanValue(Landroid/content/SharedPreferences;Ljava/lang/String;)Ljava/lang/Boolean;
09-18 20:32:39.518  8561  8561 D M_InsDal: Lcom/csipsimple/utils/PreferencesProviderWrapper;--->isValidConnectionFor(Landroid/net/NetworkInfo;Ljava/lang/String;)Z
09-18 20:32:39.518  8561  8561 D M_InsDal: Lcom/csipsimple/utils/PreferencesProviderWrapper;--->isValidWifiConnectionFor(Landroid/net/NetworkInfo;Ljava/lang/String;)Z
09-18 20:32:39.518  8561  8561 D M_InsDal: Lcom/csipsimple/utils/PreferencesProviderWrapper;--->getPreferenceBooleanValue(Ljava/lang/String;Z)Z
09-18 20:32:39.518  8561  8561 D M_InsDal: Lcom/csipsimple/api/SipConfigManager;--->getPreferenceBooleanValue(Landroid/content/Context;Ljava/lang/String;Ljava/lang/Boolean;)Ljava/lang/Boolean;
09-18 20:32:39.518  8561  8561 D M_InsDal: Lcom/csipsimple/api/SipConfigManager;--->getPrefUriForKey(Ljava/lang/String;)Landroid/net/Uri;
09-18 20:32:39.518  8578  8593 D M_InsDal: Lcom/csipsimple/service/PreferenceProvider;--->query(Landroid/net/Uri;[Ljava/lang/String;Ljava/lang/String;[Ljava/lang/String;Ljava/lang/String;)Landroid/database/Cursor;
09-18 20:32:39.519  8578  8593 D M_InsDal: Lcom/csipsimple/utils/PreferencesWrapper;--->getPreferenceBooleanValue(Ljava/lang/String;)Ljava/lang/Boolean;
09-18 20:32:39.519  8578  8593 D M_InsDal: Lcom/csipsimple/utils/PreferencesWrapper;--->gPrefBooleanValue(Landroid/content/SharedPreferences;Ljava/lang/String;)Ljava/lang/Boolean;
09-18 20:32:39.519  8561  8561 D M_InsDal: Lcom/csipsimple/utils/Log;---><clinit>()V
09-18 20:32:39.519  8561  8561 D M_InsDal: Lcom/csipsimple/utils/Log;--->d(Ljava/lang/String;Ljava/lang/String;)V
09-18 20:32:39.522  8561  8561 D M_InsDal: Lcom/csipsimple/widgets/CSSListFragment;--->onActivityCreated(Landroid/os/Bundle;)V
09-18 20:32:39.522  8561  8561 D M_InsDal: Lcom/csipsimple/ui/outgoingcall/OutgoingCallListFragment;--->onActivityCreated(Landroid/os/Bundle;)V
09-18 20:32:39.522  8561  8561 D M_InsDal: Lcom/csipsimple/ui/outgoingcall/OutgoingCallListFragment;--->onResume()V
09-18 20:32:39.522  8561  8561 D M_InsDal: Lcom/csipsimple/ui/outgoingcall/OutgoingCallListFragment;--->attachAdapter()V
09-18 20:32:39.522  8561  8561 D M_InsDal: Lcom/csipsimple/ui/outgoingcall/OutgoingAccountsAdapter;---><clinit>()V
09-18 20:32:39.522  8561  8561 D M_InsDal: Lcom/csipsimple/ui/outgoingcall/OutgoingAccountsAdapter;---><init>(Lcom/csipsimple/ui/outgoingcall/OutgoingCallListFragment;Landroid/database/Cursor;)V
09-18 20:32:39.522  8561  8561 D M_InsDal: Lcom/csipsimple/ui/outgoingcall/OutgoingAccountsAdapter;--->areAllItemsEnabled()Z
09-18 20:32:39.522  8561  8561 D M_InsDal: Lcom/csipsimple/ui/outgoingcall/OutgoingCallListFragment;--->onCreateLoader(ILandroid/os/Bundle;)Landroid/support/v4/content/Loader;
09-18 20:32:39.522  8561  8561 D M_InsDal: Lcom/csipsimple/ui/account/AccountsLoader;---><clinit>()V
09-18 20:32:39.522  8561  8561 D M_InsDal: Lcom/csipsimple/ui/outgoingcall/OutgoingCallChooser;--->getPhoneNumber()Ljava/lang/String;
09-18 20:32:39.522  8561  8561 D M_InsDal: Lcom/csipsimple/ui/outgoingcall/OutgoingCallChooser;--->shouldIgnoreRewritingRules()Z
09-18 20:32:39.522  8561  8561 D M_InsDal: Lcom/csipsimple/ui/outgoingcall/OutgoingCallChooser;--->getPhoneNumber()Ljava/lang/String;
09-18 20:32:39.522  8561  8561 D M_InsDal: Lcom/csipsimple/ui/account/AccountsLoader;---><init>(Landroid/content/Context;Ljava/lang/String;Z)V
09-18 20:32:39.522  8561  8561 D M_InsDal: Lcom/csipsimple/ui/account/AccountsLoader;--->initHandlers()V
09-18 20:32:39.522  8561  8561 D M_InsDal: Lcom/csipsimple/utils/CallHandlerPlugin;---><clinit>()V
09-18 20:32:39.523  8561  8561 D M_InsDal: Lcom/csipsimple/utils/CallHandlerPlugin;--->initHandler()V
09-18 20:32:39.523  8561  8561 D M_InsDal: Lcom/csipsimple/ui/account/AccountsLoader;--->onStartLoading()V
09-18 20:32:39.525  8561  8598 D M_InsDal: Lcom/csipsimple/ui/account/AccountsLoader;--->loadInBackground()Landroid/database/Cursor;
09-18 20:32:39.525  8561  8598 D M_InsDal: Lcom/csipsimple/api/SipProfile;---><clinit>()V
09-18 20:32:39.525  8561  8598 D M_InsDal: Lcom/csipsimple/api/SipProfile$1;---><init>()V
09-18 20:32:39.526  8561  8598 D M_InsDal: Lcom/csipsimple/utils/PreferencesProviderWrapper;---><init>(Landroid/content/Context;)V
09-18 20:32:39.526  8561  8598 D M_InsDal: Lcom/csipsimple/utils/PreferencesProviderWrapper;--->isValidConnectionForOutgoing()Z
09-18 20:32:39.526  8561  8598 D M_InsDal: Lcom/csipsimple/utils/PreferencesProviderWrapper;--->getPreferenceBooleanValue(Ljava/lang/String;Z)Z
09-18 20:32:39.526  8561  8598 D M_InsDal: Lcom/csipsimple/api/SipConfigManager;--->getPreferenceBooleanValue(Landroid/content/Context;Ljava/lang/String;Ljava/lang/Boolean;)Ljava/lang/Boolean;
09-18 20:32:39.526  8561  8598 D M_InsDal: Lcom/csipsimple/api/SipConfigManager;--->getPrefUriForKey(Ljava/lang/String;)Landroid/net/Uri;
09-18 20:32:39.526  8578  8593 D M_InsDal: Lcom/csipsimple/service/PreferenceProvider;--->query(Landroid/net/Uri;[Ljava/lang/String;Ljava/lang/String;[Ljava/lang/String;Ljava/lang/String;)Landroid/database/Cursor;
09-18 20:32:39.527  8578  8593 D M_InsDal: Lcom/csipsimple/utils/PreferencesWrapper;--->getPreferenceBooleanValue(Ljava/lang/String;)Ljava/lang/Boolean;
09-18 20:32:39.527  8578  8593 D M_InsDal: Lcom/csipsimple/utils/PreferencesWrapper;--->gPrefBooleanValue(Landroid/content/SharedPreferences;Ljava/lang/String;)Ljava/lang/Boolean;
09-18 20:32:39.528  8561  8598 D M_InsDal: Lcom/csipsimple/utils/PreferencesProviderWrapper;--->isValidConnectionFor(Landroid/net/NetworkInfo;Ljava/lang/String;)Z
09-18 20:32:39.528  8561  8598 D M_InsDal: Lcom/csipsimple/utils/PreferencesProviderWrapper;--->isValidWifiConnectionFor(Landroid/net/NetworkInfo;Ljava/lang/String;)Z
09-18 20:32:39.528  8561  8598 D M_InsDal: Lcom/csipsimple/utils/PreferencesProviderWrapper;--->getPreferenceBooleanValue(Ljava/lang/String;Z)Z
09-18 20:32:39.528  8561  8598 D M_InsDal: Lcom/csipsimple/api/SipConfigManager;--->getPreferenceBooleanValue(Landroid/content/Context;Ljava/lang/String;Ljava/lang/Boolean;)Ljava/lang/Boolean;
09-18 20:32:39.528  8561  8598 D M_InsDal: Lcom/csipsimple/api/SipConfigManager;--->getPrefUriForKey(Ljava/lang/String;)Landroid/net/Uri;
09-18 20:32:39.529  8578  8593 D M_InsDal: Lcom/csipsimple/service/PreferenceProvider;--->query(Landroid/net/Uri;[Ljava/lang/String;Ljava/lang/String;[Ljava/lang/String;Ljava/lang/String;)Landroid/database/Cursor;
09-18 20:32:39.529  8578  8593 D M_InsDal: Lcom/csipsimple/utils/PreferencesWrapper;--->getPreferenceBooleanValue(Ljava/lang/String;)Ljava/lang/Boolean;
09-18 20:32:39.529  8578  8593 D M_InsDal: Lcom/csipsimple/utils/PreferencesWrapper;--->gPrefBooleanValue(Landroid/content/SharedPreferences;Ljava/lang/String;)Ljava/lang/Boolean;
09-18 20:32:39.530  8561  8598 D M_InsDal: Lcom/csipsimple/utils/Log;--->d(Ljava/lang/String;Ljava/lang/String;)V
09-18 20:32:39.531  8561  8598 D M_InsDal: Lcom/csipsimple/api/SipProfile;--->getAllProfiles(Landroid/content/Context;Z[Ljava/lang/String;)Ljava/util/ArrayList;
09-18 20:32:39.531  8561  8598 D M_InsDal: Lcom/csipsimple/db/DBProvider;--->query(Landroid/net/Uri;[Ljava/lang/String;Ljava/lang/String;[Ljava/lang/String;Ljava/lang/String;)Landroid/database/Cursor;
09-18 20:32:39.532  8561  8561 D M_InsDal: Lcom/csipsimple/service/SipService;---><clinit>()V
09-18 20:32:39.532  8561  8561 D M_InsDal: Lcom/csipsimple/service/SipService;---><init>()V
09-18 20:32:39.532  8561  8561 D M_InsDal: Lcom/csipsimple/service/SipService$1;---><init>(Lcom/csipsimple/service/SipService;)V
09-18 20:32:39.532  8561  8561 D M_InsDal: Lcom/csipsimple/api/ISipService$Stub;---><init>()V
09-18 20:32:39.532  8561  8561 D M_InsDal: Lcom/csipsimple/service/SipService$2;---><init>(Lcom/csipsimple/service/SipService;)V
09-18 20:32:39.532  8561  8561 D M_InsDal: Lcom/csipsimple/api/ISipConfiguration$Stub;---><init>()V
09-18 20:32:39.532  8561  8561 D M_InsDal: Lcom/csipsimple/service/SipService$ServiceHandler;---><init>(Lcom/csipsimple/service/SipService;)V
09-18 20:32:39.532  8561  8561 D M_InsDal: Lcom/csipsimple/api/SipManager$PresenceStatus;---><clinit>()V
09-18 20:32:39.532  8561  8561 D M_InsDal: Lcom/csipsimple/api/SipManager$PresenceStatus;---><init>(Ljava/lang/String;I)V
09-18 20:32:39.532  8561  8561 D M_InsDal: Lcom/csipsimple/api/SipManager$PresenceStatus;---><init>(Ljava/lang/String;I)V
09-18 20:32:39.532  8561  8561 D M_InsDal: Lcom/csipsimple/service/SipService;--->onCreate()V
09-18 20:32:39.532  8561  8561 D M_InsDal: Lcom/csipsimple/utils/Log;--->i(Ljava/lang/String;Ljava/lang/String;)V
09-18 20:32:39.532  8561  8561 D M_InsDal: Lcom/csipsimple/utils/PreferencesProviderWrapper;---><init>(Landroid/content/Context;)V
09-18 20:32:39.532  8561  8561 D M_InsDal: Lcom/csipsimple/utils/PreferencesProviderWrapper;--->getLogLevel()I
09-18 20:32:39.532  8561  8561 D M_InsDal: Lcom/csipsimple/api/SipConfigManager;--->getPreferenceIntegerValue(Landroid/content/Context;Ljava/lang/String;Ljava/lang/Integer;)Ljava/lang/Integer;
09-18 20:32:39.533  8561  8561 D M_InsDal: Lcom/csipsimple/api/SipConfigManager;--->getPrefUriForKey(Ljava/lang/String;)Landroid/net/Uri;
09-18 20:32:39.533  8578  8593 D M_InsDal: Lcom/csipsimple/service/PreferenceProvider;--->query(Landroid/net/Uri;[Ljava/lang/String;Ljava/lang/String;[Ljava/lang/String;Ljava/lang/String;)Landroid/database/Cursor;
09-18 20:32:39.533  8578  8593 D M_InsDal: Lcom/csipsimple/utils/PreferencesWrapper;--->getPreferenceIntegerValue(Ljava/lang/String;)Ljava/lang/Integer;
09-18 20:32:39.533  8578  8593 D M_InsDal: Lcom/csipsimple/utils/PreferencesWrapper;--->getPreferenceStringValue(Ljava/lang/String;)Ljava/lang/String;
09-18 20:32:39.533  8578  8593 D M_InsDal: Lcom/csipsimple/utils/PreferencesWrapper;--->gPrefStringValue(Landroid/content/SharedPreferences;Ljava/lang/String;)Ljava/lang/String;
09-18 20:32:39.535  8561  8561 D M_InsDal: Lcom/csipsimple/utils/Log;--->setLogLevel(I)V
09-18 20:32:39.535  8561  8598 D M_InsDal: Lcom/csipsimple/utils/CallHandlerPlugin;--->getAvailableCallHandlers(Landroid/content/Context;)Ljava/util/Map;
09-18 20:32:39.535  8561  8561 D M_InsDal: Lcom/csipsimple/service/SipNotifications;---><clinit>()V
09-18 20:32:39.535  8561  8561 D M_InsDal: Lcom/csipsimple/service/SipNotifications;---><init>(Landroid/content/Context;)V
09-18 20:32:39.535  8561  8561 D M_InsDal: Lcom/csipsimple/service/SipNotifications;--->cancelAll()V
09-18 20:32:39.535  8561  8561 D M_InsDal: Lcom/csipsimple/service/SipNotifications;--->cancelMessages()V
09-18 20:32:39.535  8561  8561 D M_InsDal: Lcom/csipsimple/service/SipNotifications;--->cancelMissedCalls()V
09-18 20:32:39.535  8561  8598 D M_InsDal: Lcom/csipsimple/utils/Log;--->d(Ljava/lang/String;Ljava/lang/String;)V
09-18 20:32:39.536  8561  8561 D M_InsDal: Lcom/csipsimple/service/SipNotifications;--->cancelVoicemails()V
09-18 20:32:39.536  8561  8561 D M_InsDal: Lcom/csipsimple/service/SipNotifications;--->cancelCalls()V
09-18 20:32:39.536  8561  8561 D M_InsDal: Lcom/csipsimple/utils/Compatibility;--->isCompatible(I)Z
09-18 20:32:39.536  8561  8561 D M_InsDal: Lcom/csipsimple/service/SipNotifications;--->onServiceCreate()V
09-18 20:32:39.537  8561  8598 D M_InsDal: Lcom/csipsimple/utils/CallHandlerPlugin;--->getAccountIdForCallHandler(Landroid/content/Context;Ljava/lang/String;)Ljava/lang/Long;
09-18 20:32:39.537  8561  8561 D M_InsDal: Lcom/csipsimple/service/SipWakeLock;---><init>(Landroid/os/PowerManager;)V
09-18 20:32:39.537  8561  8561 D M_InsDal: Lcom/csipsimple/utils/PreferencesProviderWrapper;--->getPreferenceBooleanValue(Ljava/lang/String;Z)Z
09-18 20:32:39.537  8561  8561 D M_InsDal: Lcom/csipsimple/api/SipConfigManager;--->getPreferenceBooleanValue(Landroid/content/Context;Ljava/lang/String;Ljava/lang/Boolean;)Ljava/lang/Boolean;
09-18 20:32:39.537  8561  8561 D M_InsDal: Lcom/csipsimple/api/SipConfigManager;--->getPrefUriForKey(Ljava/lang/String;)Landroid/net/Uri;
09-18 20:32:39.537  8578  8593 D M_InsDal: Lcom/csipsimple/service/PreferenceProvider;--->query(Landroid/net/Uri;[Ljava/lang/String;Ljava/lang/String;[Ljava/lang/String;Ljava/lang/String;)Landroid/database/Cursor;
09-18 20:32:39.537  8578  8593 D M_InsDal: Lcom/csipsimple/utils/PreferencesWrapper;--->getPreferenceBooleanValue(Ljava/lang/String;)Ljava/lang/Boolean;
09-18 20:32:39.537  8578  8593 D M_InsDal: Lcom/csipsimple/utils/PreferencesWrapper;--->gPrefBooleanValue(Landroid/content/SharedPreferences;Ljava/lang/String;)Ljava/lang/Boolean;
09-18 20:32:39.538  8561  8598 D M_InsDal: Lcom/csipsimple/models/Filter;---><clinit>()V
09-18 20:32:39.538  8561  8598 D M_InsDal: Lcom/csipsimple/models/Filter;--->isCallableNumber(Landroid/content/Context;JLjava/lang/String;)Z
09-18 20:32:39.538  8561  8598 D M_InsDal: Lcom/csipsimple/models/Filter;--->getFiltersForAccount(Landroid/content/Context;J)Ljava/util/List;
09-18 20:32:39.538  8561  8598 D M_InsDal: Lcom/csipsimple/models/Filter;--->getFiltersCursorForAccount(Landroid/content/Context;J)Landroid/database/Cursor;
09-18 20:32:39.538  8561  8598 D M_InsDal: Lcom/csipsimple/api/SipManager;---><clinit>()V
09-18 20:32:39.539  8561  8598 D M_InsDal: Lcom/csipsimple/db/DBProvider;--->query(Landroid/net/Uri;[Ljava/lang/String;Ljava/lang/String;[Ljava/lang/String;Ljava/lang/String;)Landroid/database/Cursor;
09-18 20:32:39.539  8561  8561 D M_InsDal: Lcom/csipsimple/utils/Log;--->d(Ljava/lang/String;Ljava/lang/String;)V
09-18 20:32:39.539  8561  8561 D M_InsDal: Lcom/csipsimple/service/PresenceManager;---><clinit>()V
09-18 20:32:39.539  8561  8561 D M_InsDal: Lcom/csipsimple/service/PresenceManager;---><init>()V
09-18 20:32:39.539  8561  8561 D M_InsDal: Lcom/csipsimple/service/SipService;--->onStart(Landroid/content/Intent;I)V
09-18 20:32:39.539  8561  8561 D M_InsDal: Lcom/csipsimple/service/SipService;--->registerForOutgoing(Landroid/content/ComponentName;)V
09-18 20:32:39.539  8561  8561 D M_InsDal: Lcom/csipsimple/service/SipService;--->isConnectivityValid()Z
09-18 20:32:39.539  8561  8561 D M_InsDal: Lcom/csipsimple/utils/PreferencesProviderWrapper;--->getPreferenceBooleanValue(Ljava/lang/String;Z)Z
09-18 20:32:39.539  8561  8561 D M_InsDal: Lcom/csipsimple/api/SipConfigManager;--->getPreferenceBooleanValue(Landroid/content/Context;Ljava/lang/String;Ljava/lang/Boolean;)Ljava/lang/Boolean;
09-18 20:32:39.539  8561  8561 D M_InsDal: Lcom/csipsimple/api/SipConfigManager;--->getPrefUriForKey(Ljava/lang/String;)Landroid/net/Uri;
09-18 20:32:39.540  8578  8593 D M_InsDal: Lcom/csipsimple/service/PreferenceProvider;--->query(Landroid/net/Uri;[Ljava/lang/String;Ljava/lang/String;[Ljava/lang/String;Ljava/lang/String;)Landroid/database/Cursor;
09-18 20:32:39.540  8578  8593 D M_InsDal: Lcom/csipsimple/utils/PreferencesWrapper;--->getPreferenceBooleanValue(Ljava/lang/String;)Ljava/lang/Boolean;
09-18 20:32:39.540  8578  8593 D M_InsDal: Lcom/csipsimple/utils/PreferencesWrapper;--->gPrefBooleanValue(Landroid/content/SharedPreferences;Ljava/lang/String;)Ljava/lang/Boolean;
09-18 20:32:39.541  8561  8598 D M_InsDal: Lcom/csipsimple/models/Filter;--->isMustCallNumber(Landroid/content/Context;JLjava/lang/String;)Z
09-18 20:32:39.541  8561  8598 D M_InsDal: Lcom/csipsimple/models/Filter;--->getFiltersForAccount(Landroid/content/Context;J)Ljava/util/List;
09-18 20:32:39.541  8561  8598 D M_InsDal: Lcom/csipsimple/ui/account/AccountsLoader$FilteredProfile;---><init>(Lcom/csipsimple/ui/account/AccountsLoader;Ljava/lang/String;Z)V
09-18 20:32:39.541  8561  8598 D M_InsDal: Lcom/csipsimple/api/SipProfile;---><init>()V
09-18 20:32:39.541  8561  8598 D M_InsDal: Lcom/csipsimple/utils/CallHandlerPlugin;--->getAccountIdForCallHandler(Landroid/content/Context;Ljava/lang/String;)Ljava/lang/Long;
09-18 20:32:39.541  8561  8598 D M_InsDal: Lcom/csipsimple/utils/CallHandlerPlugin;---><init>(Landroid/content/Context;)V
09-18 20:32:39.542  8561  8598 D M_InsDal: Lcom/csipsimple/models/Filter;--->rewritePhoneNumber(Landroid/content/Context;JLjava/lang/String;)Ljava/lang/String;
09-18 20:32:39.542  8561  8598 D M_InsDal: Lcom/csipsimple/models/Filter;--->getFiltersForAccount(Landroid/content/Context;J)Ljava/util/List;
09-18 20:32:39.542  8561  8561 D M_InsDal: Lcom/csipsimple/utils/PreferencesProviderWrapper;--->isValidConnectionForIncoming()Z
09-18 20:32:39.542  8561  8598 D M_InsDal: Lcom/csipsimple/ui/account/AccountsLoader$FilteredProfile$1;---><init>(Lcom/csipsimple/ui/account/AccountsLoader$FilteredProfile;Ljava/util/concurrent/Semaphore;)V
09-18 20:32:39.542  8561  8598 D M_InsDal: Lcom/csipsimple/utils/CallHandlerPlugin;--->loadFrom(Ljava/lang/Long;Ljava/lang/String;Lcom/csipsimple/utils/CallHandlerPlugin$OnLoadListener;)V
09-18 20:32:39.542  8561  8598 D M_InsDal: Lcom/csipsimple/utils/CallHandlerPlugin;--->getAvailableCallHandlers(Landroid/content/Context;)Ljava/util/Map;
09-18 20:32:39.542  8561  8598 D M_InsDal: Lcom/csipsimple/utils/CallHandlerPlugin;--->getAccountIdForCallHandler(Landroid/content/Context;Ljava/lang/String;)Ljava/lang/Long;
09-18 20:32:39.542  8561  8598 D M_InsDal: Lcom/csipsimple/utils/CallHandlerPlugin;--->loadFrom(Ljava/lang/String;Ljava/lang/String;Lcom/csipsimple/utils/CallHandlerPlugin$OnLoadListener;)V
09-18 20:32:39.542  8561  8598 D M_InsDal: Lcom/csipsimple/utils/CallHandlerPlugin$1;---><init>(Lcom/csipsimple/utils/CallHandlerPlugin;Ljava/lang/String;)V
09-18 20:32:39.542  8561  8561 D M_InsDal: Lcom/csipsimple/utils/PreferencesProviderWrapper;--->isValidConnectionFor(Landroid/net/NetworkInfo;Ljava/lang/String;)Z
09-18 20:32:39.542  8561  8561 D M_InsDal: Lcom/csipsimple/utils/PreferencesProviderWrapper;--->isValidWifiConnectionFor(Landroid/net/NetworkInfo;Ljava/lang/String;)Z
09-18 20:32:39.542  8561  8561 D M_InsDal: Lcom/csipsimple/utils/PreferencesProviderWrapper;--->getPreferenceBooleanValue(Ljava/lang/String;Z)Z
09-18 20:32:39.542  8561  8561 D M_InsDal: Lcom/csipsimple/api/SipConfigManager;--->getPreferenceBooleanValue(Landroid/content/Context;Ljava/lang/String;Ljava/lang/Boolean;)Ljava/lang/Boolean;
09-18 20:32:39.542  8561  8561 D M_InsDal: Lcom/csipsimple/api/SipConfigManager;--->getPrefUriForKey(Ljava/lang/String;)Landroid/net/Uri;
09-18 20:32:39.543  8578  8593 D M_InsDal: Lcom/csipsimple/service/PreferenceProvider;--->query(Landroid/net/Uri;[Ljava/lang/String;Ljava/lang/String;[Ljava/lang/String;Ljava/lang/String;)Landroid/database/Cursor;
09-18 20:32:39.543  8578  8593 D M_InsDal: Lcom/csipsimple/utils/PreferencesWrapper;--->getPreferenceBooleanValue(Ljava/lang/String;)Ljava/lang/Boolean;
09-18 20:32:39.543  8578  8593 D M_InsDal: Lcom/csipsimple/utils/PreferencesWrapper;--->gPrefBooleanValue(Landroid/content/SharedPreferences;Ljava/lang/String;)Ljava/lang/Boolean;
09-18 20:32:39.545  8561  8561 D M_InsDal: Lcom/csipsimple/utils/Log;--->d(Ljava/lang/String;Ljava/lang/String;)V
09-18 20:32:39.545  8561  8561 D M_InsDal: Lcom/csipsimple/utils/PreferencesProviderWrapper;--->isValidConnectionForOutgoing()Z
09-18 20:32:39.545  8561  8561 D M_InsDal: Lcom/csipsimple/utils/PreferencesProviderWrapper;--->getPreferenceBooleanValue(Ljava/lang/String;Z)Z
09-18 20:32:39.545  8561  8561 D M_InsDal: Lcom/csipsimple/api/SipConfigManager;--->getPreferenceBooleanValue(Landroid/content/Context;Ljava/lang/String;Ljava/lang/Boolean;)Ljava/lang/Boolean;
09-18 20:32:39.545  8561  8561 D M_InsDal: Lcom/csipsimple/api/SipConfigManager;--->getPrefUriForKey(Ljava/lang/String;)Landroid/net/Uri;
09-18 20:32:39.545  8578  8593 D M_InsDal: Lcom/csipsimple/service/PreferenceProvider;--->query(Landroid/net/Uri;[Ljava/lang/String;Ljava/lang/String;[Ljava/lang/String;Ljava/lang/String;)Landroid/database/Cursor;
09-18 20:32:39.545  8578  8593 D M_InsDal: Lcom/csipsimple/utils/PreferencesWrapper;--->getPreferenceBooleanValue(Ljava/lang/String;)Ljava/lang/Boolean;
09-18 20:32:39.545  8578  8593 D M_InsDal: Lcom/csipsimple/utils/PreferencesWrapper;--->gPrefBooleanValue(Landroid/content/SharedPreferences;Ljava/lang/String;)Ljava/lang/Boolean;
09-18 20:32:39.546  8561  8561 D M_InsDal: Lcom/csipsimple/utils/PreferencesProviderWrapper;--->isValidConnectionFor(Landroid/net/NetworkInfo;Ljava/lang/String;)Z
09-18 20:32:39.546  8561  8561 D M_InsDal: Lcom/csipsimple/utils/PreferencesProviderWrapper;--->isValidWifiConnectionFor(Landroid/net/NetworkInfo;Ljava/lang/String;)Z
09-18 20:32:39.546  8561  8561 D M_InsDal: Lcom/csipsimple/utils/PreferencesProviderWrapper;--->getPreferenceBooleanValue(Ljava/lang/String;Z)Z
09-18 20:32:39.546  8561  8561 D M_InsDal: Lcom/csipsimple/api/SipConfigManager;--->getPreferenceBooleanValue(Landroid/content/Context;Ljava/lang/String;Ljava/lang/Boolean;)Ljava/lang/Boolean;
09-18 20:32:39.546  8561  8561 D M_InsDal: Lcom/csipsimple/api/SipConfigManager;--->getPrefUriForKey(Ljava/lang/String;)Landroid/net/Uri;
09-18 20:32:39.547  8578  8593 D M_InsDal: Lcom/csipsimple/service/PreferenceProvider;--->query(Landroid/net/Uri;[Ljava/lang/String;Ljava/lang/String;[Ljava/lang/String;Ljava/lang/String;)Landroid/database/Cursor;
09-18 20:32:39.547  8578  8593 D M_InsDal: Lcom/csipsimple/utils/PreferencesWrapper;--->getPreferenceBooleanValue(Ljava/lang/String;)Ljava/lang/Boolean;
09-18 20:32:39.547  8578  8593 D M_InsDal: Lcom/csipsimple/utils/PreferencesWrapper;--->gPrefBooleanValue(Landroid/content/SharedPreferences;Ljava/lang/String;)Ljava/lang/Boolean;
09-18 20:32:39.548  8561  8561 D M_InsDal: Lcom/csipsimple/utils/Log;--->d(Ljava/lang/String;Ljava/lang/String;)V
09-18 20:32:39.548  8561  8561 D M_InsDal: Lcom/csipsimple/service/SipService;--->loadStack()Z
09-18 20:32:39.548  8561  8561 D M_InsDal: Lcom/csipsimple/pjsip/PjSipService;---><clinit>()V
09-18 20:32:39.548  8561  8561 D M_InsDal: Lcom/csipsimple/pjsip/PjSipService;---><init>()V
09-18 20:32:39.548  8561  8561 D M_InsDal: Lcom/csipsimple/pjsip/PjSipService;--->setService(Lcom/csipsimple/service/SipService;)V
09-18 20:32:39.548  8561  8561 D M_InsDal: Lcom/csipsimple/service/SipService;--->getPrefs()Lcom/csipsimple/utils/PreferencesProviderWrapper;
09-18 20:32:39.548  8561  8561 D M_InsDal: Lcom/csipsimple/pjsip/PjSipService;--->tryToLoadStack()Z
09-18 20:32:39.579  8561  8561 D M_InsDal: Lcom/csipsimple/utils/Log;--->e(Ljava/lang/String;Ljava/lang/String;Ljava/lang/Throwable;)V
09-18 20:32:39.579  8561  8561 D M_InsDal: Lcom/csipsimple/service/SipService;--->notifyUserOfMessage(Ljava/lang/String;)V
09-18 20:32:39.580  8561  8561 D M_InsDal: Lcom/csipsimple/service/SipService;--->onBind(Landroid/content/Intent;)Landroid/os/IBinder;
09-18 20:32:39.580  8561  8561 D M_InsDal: Lcom/csipsimple/utils/Log;--->d(Ljava/lang/String;Ljava/lang/String;)V
09-18 20:32:39.580  8561  8561 D M_InsDal: Lcom/csipsimple/utils/Log;--->d(Ljava/lang/String;Ljava/lang/String;)V
09-18 20:32:39.587  8561  8561 D M_InsDal: Lcom/csipsimple/plugins/telephony/CallHandler;---><clinit>()V
09-18 20:32:39.587  8561  8561 D M_InsDal: Lcom/csipsimple/plugins/telephony/CallHandler;---><init>()V
09-18 20:32:39.587  8561  8561 D M_InsDal: Lcom/csipsimple/plugins/telephony/CallHandler;--->onReceive(Landroid/content/Context;Landroid/content/Intent;)V
09-18 20:32:39.587  8561  8561 D M_InsDal: Lcom/csipsimple/utils/PhoneCapabilityTester;---><clinit>()V
09-18 20:32:39.587  8561  8561 D M_InsDal: Lcom/csipsimple/utils/PhoneCapabilityTester;--->isPhone(Landroid/content/Context;)Z
09-18 20:32:39.587  8561  8561 D M_InsDal: Lcom/csipsimple/utils/PhoneCapabilityTester;--->initialize(Landroid/content/Context;)V
09-18 20:32:39.589  8561  8561 D M_InsDal: Lcom/csipsimple/utils/PhoneCapabilityTester;--->getPriviledgedIntent(Ljava/lang/String;)Landroid/content/Intent;
09-18 20:32:39.590  8561  8561 D M_InsDal: Lcom/csipsimple/utils/PhoneCapabilityTester;--->getPossibleActivities(Landroid/content/Context;Landroid/content/Intent;)Ljava/util/List;
09-18 20:32:39.592  8561  8561 D M_InsDal: Lcom/csipsimple/utils/PhoneCapabilityTester;--->resolveActivitiesForPriviledgedCall(Landroid/content/Context;)Ljava/util/List;
09-18 20:32:39.595  8561  8561 D M_InsDal: Lcom/csipsimple/service/SipService$ServiceHandler;--->handleMessage(Landroid/os/Message;)V
09-18 20:32:39.595  8561  8597 D M_InsDal: Lcom/csipsimple/utils/CallHandlerPlugin$1;--->onReceive(Landroid/content/Context;Landroid/content/Intent;)V
09-18 20:32:39.595  8561  8597 D M_InsDal: Lcom/csipsimple/utils/CallHandlerPlugin;--->fillWith(Ljava/lang/String;Landroid/os/Bundle;)V
09-18 20:32:39.595  8561  8597 D M_InsDal: Lcom/csipsimple/utils/CallHandlerPlugin;--->getAccountIdForCallHandler(Landroid/content/Context;Ljava/lang/String;)Ljava/lang/Long;
09-18 20:32:39.595  8561  8597 D M_InsDal: Lcom/csipsimple/ui/account/AccountsLoader$FilteredProfile$1;--->onLoad(Lcom/csipsimple/utils/CallHandlerPlugin;)V
09-18 20:32:39.595  8561  8597 D M_InsDal: Lcom/csipsimple/utils/Log;--->d(Ljava/lang/String;Ljava/lang/String;)V
09-18 20:32:39.596  8561  8598 D M_InsDal: Lcom/csipsimple/utils/CallHandlerPlugin;--->getLabel()Ljava/lang/String;
09-18 20:32:39.596  8561  8598 D M_InsDal: Lcom/csipsimple/utils/CallHandlerPlugin;--->getIcon()Landroid/graphics/Bitmap;
09-18 20:32:39.596  8561  8598 D M_InsDal: Lcom/csipsimple/ui/account/AccountsLoader;--->createCursorForAccount(Lcom/csipsimple/ui/account/AccountsLoader$FilteredProfile;)Landroid/database/Cursor;
09-18 20:32:39.596  8561  8598 D M_InsDal: Lcom/csipsimple/ui/account/AccountsLoader$FilteredProfile;--->rewriteNumber(Ljava/lang/String;)Ljava/lang/String;
09-18 20:32:39.596  8561  8598 D M_InsDal: Lcom/csipsimple/models/Filter;--->rewritePhoneNumber(Landroid/content/Context;JLjava/lang/String;)Ljava/lang/String;
09-18 20:32:39.596  8561  8598 D M_InsDal: Lcom/csipsimple/models/Filter;--->getFiltersForAccount(Landroid/content/Context;J)Ljava/util/List;
09-18 20:32:39.596  8561  8598 D M_InsDal: Lcom/csipsimple/ui/account/AccountsLoader$FilteredProfile;--->getStatusForOutgoing()Z
09-18 20:32:39.596  8561  8598 D M_InsDal: Lcom/csipsimple/ui/account/AccountsLoader$FilteredProfile;--->getStatusColor()I
09-18 20:32:39.597  8561  8561 D M_InsDal: Lcom/csipsimple/ui/outgoingcall/OutgoingCallChooser$1;--->onServiceConnected(Landroid/content/ComponentName;Landroid/os/IBinder;)V
09-18 20:32:39.597  8561  8561 D M_InsDal: Lcom/csipsimple/api/ISipService$Stub;--->asInterface(Landroid/os/IBinder;)Lcom/csipsimple/api/ISipService;
09-18 20:32:39.681  8561  8561 D M_InsDal: Lcom/csipsimple/ui/account/AccountsLoader;--->deliverResult(Landroid/database/Cursor;)V
09-18 20:32:39.681  8561  8561 D M_InsDal: Lcom/csipsimple/widgets/CSSListFragment;--->onLoadFinished(Landroid/support/v4/content/Loader;Landroid/database/Cursor;)V
09-18 20:32:39.681  8561  8561 D M_InsDal: Lcom/csipsimple/ui/outgoingcall/OutgoingCallListFragment;--->changeCursor(Landroid/database/Cursor;)V
09-18 20:32:39.681  8561  8561 D M_InsDal: Lcom/csipsimple/ui/outgoingcall/OutgoingCallChooser;--->getAccountToCallTo()J
09-18 20:32:39.681  8561  8561 D M_InsDal: Lcom/csipsimple/ui/outgoingcall/OutgoingCallListFragment;--->placeCall(Landroid/database/Cursor;)Z
09-18 20:32:39.681  8561  8561 D M_InsDal: Lcom/csipsimple/ui/outgoingcall/OutgoingCallChooser;--->getConnectedService()Lcom/csipsimple/api/ISipService;
09-18 20:32:39.681  8561  8561 D M_InsDal: Lcom/csipsimple/ui/account/AccountsLoader;--->getCallHandlerWithAccountId(J)Lcom/csipsimple/utils/CallHandlerPlugin;
09-18 20:32:39.681  8561  8561 D M_InsDal: Lcom/csipsimple/ui/account/AccountsLoader$FilteredProfile;--->getCallHandlerPlugin()Lcom/csipsimple/utils/CallHandlerPlugin;
09-18 20:32:39.681  8561  8561 D M_InsDal: Lcom/csipsimple/utils/CallHandlerPlugin;--->getNextExcludeTelNumber()Ljava/lang/String;
09-18 20:32:39.682  8561  8561 D M_InsDal: Lcom/csipsimple/service/SipService$1;--->ignoreNextOutgoingCallFor(Ljava/lang/String;)V
09-18 20:32:39.682  8561  8561 D M_InsDal: Lcom/csipsimple/service/OutgoingCall;---><clinit>()V
09-18 20:32:39.682  8561  8561 D M_InsDal: Lcom/csipsimple/utils/CallHandlerPlugin;--->getIntent()Landroid/app/PendingIntent;
09-18 20:32:39.682  8561  8561 D M_InsDal: Lcom/csipsimple/utils/CallHandlerPlugin;--->getIntent()Landroid/app/PendingIntent;
09-18 20:32:39.682  8561  8561 D M_InsDal: Lcom/csipsimple/ui/outgoingcall/OutgoingCallListFragment$PluginCallRunnable;---><init>(Lcom/csipsimple/ui/outgoingcall/OutgoingCallListFragment;Landroid/app/PendingIntent;J)V
09-18 20:32:39.682  8561  8561 D M_InsDal: Lcom/csipsimple/utils/Log;--->d(Ljava/lang/String;Ljava/lang/String;)V
09-18 20:32:39.682  8561  8561 D M_InsDal: Lcom/csipsimple/widgets/CSSListFragment;--->setListShown(Z)V
09-18 20:32:39.682  8561  8561 D M_InsDal: Lcom/csipsimple/widgets/CSSListFragment;--->setListShown(ZZ)V
09-18 20:32:39.682  8561  8561 D M_InsDal: Lcom/csipsimple/widgets/CSSListFragment;--->ensureCustomList()V
09-18 20:32:39.683  8561  8604 D M_InsDal: Lcom/csipsimple/ui/outgoingcall/OutgoingCallListFragment$PluginCallRunnable;--->run()V
09-18 20:32:40.130  8561  8604 D M_InsDal: Lcom/csipsimple/ui/outgoingcall/OutgoingCallChooser;--->finishServiceIfNeeded(Z)V
09-18 20:32:40.194  8561  8561 D M_InsDal: Lcom/csipsimple/ui/account/AccountsLoader;--->onStopLoading()V
09-18 20:32:40.194  8561  8561 D M_InsDal: Lcom/csipsimple/widgets/CSSListFragment;--->onLoaderReset(Landroid/support/v4/content/Loader;)V
09-18 20:32:40.194  8561  8561 D M_InsDal: Lcom/csipsimple/ui/outgoingcall/OutgoingCallListFragment;--->changeCursor(Landroid/database/Cursor;)V
09-18 20:32:40.194  8561  8561 D M_InsDal: Lcom/csipsimple/ui/account/AccountsLoader;--->onReset()V
09-18 20:32:40.194  8561  8561 D M_InsDal: Lcom/csipsimple/ui/account/AccountsLoader;--->onStopLoading()V
09-18 20:32:40.194  8561  8561 D M_InsDal: Lcom/csipsimple/ui/account/AccountsLoader;--->onReleaseResources(Landroid/database/Cursor;)V
09-18 20:32:40.194  8561  8561 D M_InsDal: Lcom/csipsimple/ui/account/AccountsLoader;--->onReset()V
09-18 20:32:40.194  8561  8561 D M_InsDal: Lcom/csipsimple/ui/account/AccountsLoader;--->onStopLoading()V
09-18 20:32:40.194  8561  8561 D M_InsDal: Lcom/csipsimple/ui/outgoingcall/OutgoingCallChooser;--->onDestroy()V
09-18 20:32:40.194  8561  8561 D M_InsDal: Lcom/csipsimple/ui/outgoingcall/OutgoingCallChooser;--->resetInternals()V
