--------- beginning of main
--------- beginning of system
09-18 20:42:19.030 11055 11055 D M_InsDal: Lcom/csipsimple/db/DBProvider;---><clinit>()V
09-18 20:42:19.031 11055 11055 D M_InsDal: Lcom/csipsimple/db/DBProvider;---><init>()V
09-18 20:42:19.031 11055 11055 D M_InsDal: Lcom/csipsimple/db/DBProvider;--->onCreate()Z
09-18 20:42:19.031 11055 11055 D M_InsDal: Lcom/csipsimple/db/DBAdapter$DatabaseHelper;---><init>(Landroid/content/Context;)V
09-18 20:42:19.036 11055 11055 D M_InsDal: Lcom/csipsimple/ui/outgoingcall/OutgoingCallChooser;---><init>()V
09-18 20:42:19.037 11055 11055 D M_InsDal: Lcom/csipsimple/ui/outgoingcall/OutgoingCallChooser$1;---><init>(Lcom/csipsimple/ui/outgoingcall/OutgoingCallChooser;)V
09-18 20:42:19.039 11055 11055 D M_InsDal: Lcom/csipsimple/ui/outgoingcall/OutgoingCallChooser;--->onCreate(Landroid/os/Bundle;)V
09-18 20:42:19.039 11055 11055 D M_InsDal: Lcom/csipsimple/ui/outgoingcall/OutgoingCallChooser;--->resetInternals()V
09-18 20:42:19.039 11055 11055 D M_InsDal: Lcom/csipsimple/ui/outgoingcall/OutgoingCallChooser;--->getPhoneNumber()Ljava/lang/String;
09-18 20:42:19.044 11055 11055 D M_InsDal: Lcom/csipsimple/ui/outgoingcall/OutgoingCallListFragment;---><init>()V
09-18 20:42:19.044 11055 11055 D M_InsDal: Lcom/csipsimple/widgets/CSSListFragment;---><init>()V
09-18 20:42:19.045 11055 11055 D M_InsDal: Lcom/csipsimple/ui/outgoingcall/OutgoingCallListFragment;--->onCreate(Landroid/os/Bundle;)V
09-18 20:42:19.047 11055 11055 D M_InsDal: Lcom/csipsimple/ui/outgoingcall/OutgoingCallChooser;--->connectService()V
09-18 20:42:19.047 11055 11055 D M_InsDal: Lcom/csipsimple/utils/PreferencesProviderWrapper;---><init>(Landroid/content/Context;)V
09-18 20:42:19.047 11055 11055 D M_InsDal: Lcom/csipsimple/utils/PreferencesProviderWrapper;--->isValidConnectionForOutgoing()Z
09-18 20:42:19.047 11055 11055 D M_InsDal: Lcom/csipsimple/utils/PreferencesProviderWrapper;--->getPreferenceBooleanValue(Ljava/lang/String;Z)Z
09-18 20:42:19.048 11055 11055 D M_InsDal: Lcom/csipsimple/api/SipConfigManager;---><clinit>()V
09-18 20:42:19.048 11055 11055 D M_InsDal: Lcom/csipsimple/api/SipConfigManager;--->getPreferenceBooleanValue(Landroid/content/Context;Ljava/lang/String;Ljava/lang/Boolean;)Ljava/lang/Boolean;
09-18 20:42:19.048 11055 11055 D M_InsDal: Lcom/csipsimple/api/SipConfigManager;--->getPrefUriForKey(Ljava/lang/String;)Landroid/net/Uri;
09-18 20:42:19.115 11072 11072 D M_InsDal: Lcom/csipsimple/service/PreferenceProvider;---><clinit>()V
09-18 20:42:19.115 11072 11072 D M_InsDal: Lcom/csipsimple/service/PreferenceProvider;---><init>()V
09-18 20:42:19.115 11072 11072 D M_InsDal: Lcom/csipsimple/service/PreferenceProvider;--->onCreate()Z
09-18 20:42:19.115 11072 11072 D M_InsDal: Lcom/csipsimple/utils/PreferencesWrapper;---><clinit>()V
09-18 20:42:19.115 11072 11072 D M_InsDal: Lcom/csipsimple/utils/PreferencesWrapper$1;---><init>()V
09-18 20:42:19.116 11072 11072 D M_InsDal: Lcom/csipsimple/utils/CustomDistribution;--->getUserAgent()Ljava/lang/String;
09-18 20:42:19.116 11072 11072 D M_InsDal: Lcom/csipsimple/utils/PreferencesWrapper$2;---><init>()V
09-18 20:42:19.116 11072 11072 D M_InsDal: Lcom/csipsimple/utils/PreferencesWrapper$3;---><init>()V
09-18 20:42:19.116 11072 11072 D M_InsDal: Lcom/csipsimple/utils/PreferencesWrapper;---><init>(Landroid/content/Context;)V
09-18 20:42:19.116 11072 11072 D M_InsDal: Lcom/csipsimple/utils/PreferencesWrapper;--->needUpgrade()Ljava/lang/Integer;
09-18 20:42:19.116 11072 11072 D M_InsDal: Lcom/csipsimple/utils/PreferencesProviderWrapper;--->getCurrentPackageInfos(Landroid/content/Context;)Landroid/content/pm/PackageInfo;
09-18 20:42:19.117 11072 11072 D M_InsDal: Lcom/csipsimple/utils/Log;---><clinit>()V
09-18 20:42:19.117 11072 11072 D M_InsDal: Lcom/csipsimple/utils/Log;--->d(Ljava/lang/String;Ljava/lang/String;)V
09-18 20:42:19.117 11072 11072 D M_InsDal: Lcom/csipsimple/utils/Log;--->d(Ljava/lang/String;Ljava/lang/String;)V
09-18 20:42:19.117 11072 11072 D M_InsDal: Lcom/csipsimple/utils/Compatibility;--->getApiLevel()I
09-18 20:42:19.119 11072 11087 D M_InsDal: Lcom/csipsimple/service/PreferenceProvider;--->query(Landroid/net/Uri;[Ljava/lang/String;Ljava/lang/String;[Ljava/lang/String;Ljava/lang/String;)Landroid/database/Cursor;
09-18 20:42:19.119 11072 11087 D M_InsDal: Lcom/csipsimple/utils/PreferencesWrapper;--->getPreferenceBooleanValue(Ljava/lang/String;)Ljava/lang/Boolean;
09-18 20:42:19.119 11072 11087 D M_InsDal: Lcom/csipsimple/utils/PreferencesWrapper;--->gPrefBooleanValue(Landroid/content/SharedPreferences;Ljava/lang/String;)Ljava/lang/Boolean;
09-18 20:42:19.120 11055 11055 D M_InsDal: Lcom/csipsimple/utils/PreferencesProviderWrapper;--->isValidConnectionFor(Landroid/net/NetworkInfo;Ljava/lang/String;)Z
09-18 20:42:19.120 11055 11055 D M_InsDal: Lcom/csipsimple/utils/PreferencesProviderWrapper;--->isValidWifiConnectionFor(Landroid/net/NetworkInfo;Ljava/lang/String;)Z
09-18 20:42:19.120 11055 11055 D M_InsDal: Lcom/csipsimple/utils/PreferencesProviderWrapper;--->getPreferenceBooleanValue(Ljava/lang/String;Z)Z
09-18 20:42:19.120 11055 11055 D M_InsDal: Lcom/csipsimple/api/SipConfigManager;--->getPreferenceBooleanValue(Landroid/content/Context;Ljava/lang/String;Ljava/lang/Boolean;)Ljava/lang/Boolean;
09-18 20:42:19.120 11055 11055 D M_InsDal: Lcom/csipsimple/api/SipConfigManager;--->getPrefUriForKey(Ljava/lang/String;)Landroid/net/Uri;
09-18 20:42:19.120 11072 11087 D M_InsDal: Lcom/csipsimple/service/PreferenceProvider;--->query(Landroid/net/Uri;[Ljava/lang/String;Ljava/lang/String;[Ljava/lang/String;Ljava/lang/String;)Landroid/database/Cursor;
09-18 20:42:19.120 11072 11087 D M_InsDal: Lcom/csipsimple/utils/PreferencesWrapper;--->getPreferenceBooleanValue(Ljava/lang/String;)Ljava/lang/Boolean;
09-18 20:42:19.120 11072 11087 D M_InsDal: Lcom/csipsimple/utils/PreferencesWrapper;--->gPrefBooleanValue(Landroid/content/SharedPreferences;Ljava/lang/String;)Ljava/lang/Boolean;
09-18 20:42:19.121 11055 11055 D M_InsDal: Lcom/csipsimple/utils/Log;---><clinit>()V
09-18 20:42:19.121 11055 11055 D M_InsDal: Lcom/csipsimple/utils/Log;--->d(Ljava/lang/String;Ljava/lang/String;)V
09-18 20:42:19.125 11055 11055 D M_InsDal: Lcom/csipsimple/widgets/CSSListFragment;--->onActivityCreated(Landroid/os/Bundle;)V
09-18 20:42:19.125 11055 11055 D M_InsDal: Lcom/csipsimple/ui/outgoingcall/OutgoingCallListFragment;--->onActivityCreated(Landroid/os/Bundle;)V
09-18 20:42:19.126 11055 11055 D M_InsDal: Lcom/csipsimple/ui/outgoingcall/OutgoingCallListFragment;--->onResume()V
09-18 20:42:19.126 11055 11055 D M_InsDal: Lcom/csipsimple/ui/outgoingcall/OutgoingCallListFragment;--->attachAdapter()V
09-18 20:42:19.126 11055 11055 D M_InsDal: Lcom/csipsimple/ui/outgoingcall/OutgoingAccountsAdapter;---><clinit>()V
09-18 20:42:19.126 11055 11055 D M_InsDal: Lcom/csipsimple/ui/outgoingcall/OutgoingAccountsAdapter;---><init>(Lcom/csipsimple/ui/outgoingcall/OutgoingCallListFragment;Landroid/database/Cursor;)V
09-18 20:42:19.126 11055 11055 D M_InsDal: Lcom/csipsimple/ui/outgoingcall/OutgoingAccountsAdapter;--->areAllItemsEnabled()Z
09-18 20:42:19.126 11055 11055 D M_InsDal: Lcom/csipsimple/ui/outgoingcall/OutgoingCallListFragment;--->onCreateLoader(ILandroid/os/Bundle;)Landroid/support/v4/content/Loader;
09-18 20:42:19.126 11055 11055 D M_InsDal: Lcom/csipsimple/ui/account/AccountsLoader;---><clinit>()V
09-18 20:42:19.126 11055 11055 D M_InsDal: Lcom/csipsimple/ui/outgoingcall/OutgoingCallChooser;--->getPhoneNumber()Ljava/lang/String;
09-18 20:42:19.126 11055 11055 D M_InsDal: Lcom/csipsimple/ui/outgoingcall/OutgoingCallChooser;--->shouldIgnoreRewritingRules()Z
09-18 20:42:19.127 11055 11055 D M_InsDal: Lcom/csipsimple/ui/outgoingcall/OutgoingCallChooser;--->getPhoneNumber()Ljava/lang/String;
09-18 20:42:19.127 11055 11055 D M_InsDal: Lcom/csipsimple/ui/account/AccountsLoader;---><init>(Landroid/content/Context;Ljava/lang/String;Z)V
09-18 20:42:19.127 11055 11055 D M_InsDal: Lcom/csipsimple/ui/account/AccountsLoader;--->initHandlers()V
09-18 20:42:19.127 11055 11055 D M_InsDal: Lcom/csipsimple/utils/CallHandlerPlugin;---><clinit>()V
09-18 20:42:19.127 11055 11055 D M_InsDal: Lcom/csipsimple/utils/CallHandlerPlugin;--->initHandler()V
09-18 20:42:19.127 11055 11055 D M_InsDal: Lcom/csipsimple/ui/account/AccountsLoader;--->onStartLoading()V
09-18 20:42:19.128 11055 11092 D M_InsDal: Lcom/csipsimple/ui/account/AccountsLoader;--->loadInBackground()Landroid/database/Cursor;
09-18 20:42:19.128 11055 11092 D M_InsDal: Lcom/csipsimple/api/SipProfile;---><clinit>()V
09-18 20:42:19.128 11055 11092 D M_InsDal: Lcom/csipsimple/api/SipProfile$1;---><init>()V
09-18 20:42:19.129 11055 11092 D M_InsDal: Lcom/csipsimple/utils/PreferencesProviderWrapper;---><init>(Landroid/content/Context;)V
09-18 20:42:19.129 11055 11092 D M_InsDal: Lcom/csipsimple/utils/PreferencesProviderWrapper;--->isValidConnectionForOutgoing()Z
09-18 20:42:19.129 11055 11092 D M_InsDal: Lcom/csipsimple/utils/PreferencesProviderWrapper;--->getPreferenceBooleanValue(Ljava/lang/String;Z)Z
09-18 20:42:19.129 11055 11092 D M_InsDal: Lcom/csipsimple/api/SipConfigManager;--->getPreferenceBooleanValue(Landroid/content/Context;Ljava/lang/String;Ljava/lang/Boolean;)Ljava/lang/Boolean;
09-18 20:42:19.129 11055 11092 D M_InsDal: Lcom/csipsimple/api/SipConfigManager;--->getPrefUriForKey(Ljava/lang/String;)Landroid/net/Uri;
09-18 20:42:19.130 11072 11087 D M_InsDal: Lcom/csipsimple/service/PreferenceProvider;--->query(Landroid/net/Uri;[Ljava/lang/String;Ljava/lang/String;[Ljava/lang/String;Ljava/lang/String;)Landroid/database/Cursor;
09-18 20:42:19.130 11072 11087 D M_InsDal: Lcom/csipsimple/utils/PreferencesWrapper;--->getPreferenceBooleanValue(Ljava/lang/String;)Ljava/lang/Boolean;
09-18 20:42:19.130 11072 11087 D M_InsDal: Lcom/csipsimple/utils/PreferencesWrapper;--->gPrefBooleanValue(Landroid/content/SharedPreferences;Ljava/lang/String;)Ljava/lang/Boolean;
09-18 20:42:19.131 11055 11092 D M_InsDal: Lcom/csipsimple/utils/PreferencesProviderWrapper;--->isValidConnectionFor(Landroid/net/NetworkInfo;Ljava/lang/String;)Z
09-18 20:42:19.131 11055 11092 D M_InsDal: Lcom/csipsimple/utils/PreferencesProviderWrapper;--->isValidWifiConnectionFor(Landroid/net/NetworkInfo;Ljava/lang/String;)Z
09-18 20:42:19.131 11055 11092 D M_InsDal: Lcom/csipsimple/utils/PreferencesProviderWrapper;--->getPreferenceBooleanValue(Ljava/lang/String;Z)Z
09-18 20:42:19.131 11055 11092 D M_InsDal: Lcom/csipsimple/api/SipConfigManager;--->getPreferenceBooleanValue(Landroid/content/Context;Ljava/lang/String;Ljava/lang/Boolean;)Ljava/lang/Boolean;
09-18 20:42:19.131 11055 11092 D M_InsDal: Lcom/csipsimple/api/SipConfigManager;--->getPrefUriForKey(Ljava/lang/String;)Landroid/net/Uri;
09-18 20:42:19.132 11072 11087 D M_InsDal: Lcom/csipsimple/service/PreferenceProvider;--->query(Landroid/net/Uri;[Ljava/lang/String;Ljava/lang/String;[Ljava/lang/String;Ljava/lang/String;)Landroid/database/Cursor;
09-18 20:42:19.132 11072 11087 D M_InsDal: Lcom/csipsimple/utils/PreferencesWrapper;--->getPreferenceBooleanValue(Ljava/lang/String;)Ljava/lang/Boolean;
09-18 20:42:19.132 11072 11087 D M_InsDal: Lcom/csipsimple/utils/PreferencesWrapper;--->gPrefBooleanValue(Landroid/content/SharedPreferences;Ljava/lang/String;)Ljava/lang/Boolean;
09-18 20:42:19.133 11055 11092 D M_InsDal: Lcom/csipsimple/utils/Log;--->d(Ljava/lang/String;Ljava/lang/String;)V
09-18 20:42:19.133 11055 11092 D M_InsDal: Lcom/csipsimple/api/SipProfile;--->getAllProfiles(Landroid/content/Context;Z[Ljava/lang/String;)Ljava/util/ArrayList;
09-18 20:42:19.133 11055 11092 D M_InsDal: Lcom/csipsimple/db/DBProvider;--->query(Landroid/net/Uri;[Ljava/lang/String;Ljava/lang/String;[Ljava/lang/String;Ljava/lang/String;)Landroid/database/Cursor;
09-18 20:42:19.135 11055 11055 D M_InsDal: Lcom/csipsimple/service/SipService;---><clinit>()V
09-18 20:42:19.135 11055 11055 D M_InsDal: Lcom/csipsimple/service/SipService;---><init>()V
09-18 20:42:19.135 11055 11055 D M_InsDal: Lcom/csipsimple/service/SipService$1;---><init>(Lcom/csipsimple/service/SipService;)V
09-18 20:42:19.135 11055 11055 D M_InsDal: Lcom/csipsimple/api/ISipService$Stub;---><init>()V
09-18 20:42:19.135 11055 11055 D M_InsDal: Lcom/csipsimple/service/SipService$2;---><init>(Lcom/csipsimple/service/SipService;)V
09-18 20:42:19.135 11055 11055 D M_InsDal: Lcom/csipsimple/api/ISipConfiguration$Stub;---><init>()V
09-18 20:42:19.136 11055 11055 D M_InsDal: Lcom/csipsimple/service/SipService$ServiceHandler;---><init>(Lcom/csipsimple/service/SipService;)V
09-18 20:42:19.136 11055 11055 D M_InsDal: Lcom/csipsimple/api/SipManager$PresenceStatus;---><clinit>()V
09-18 20:42:19.136 11055 11055 D M_InsDal: Lcom/csipsimple/api/SipManager$PresenceStatus;---><init>(Ljava/lang/String;I)V
09-18 20:42:19.136 11055 11055 D M_InsDal: Lcom/csipsimple/api/SipManager$PresenceStatus;---><init>(Ljava/lang/String;I)V
09-18 20:42:19.136 11055 11055 D M_InsDal: Lcom/csipsimple/service/SipService;--->onCreate()V
09-18 20:42:19.136 11055 11055 D M_InsDal: Lcom/csipsimple/utils/Log;--->i(Ljava/lang/String;Ljava/lang/String;)V
09-18 20:42:19.136 11055 11055 D M_InsDal: Lcom/csipsimple/utils/PreferencesProviderWrapper;---><init>(Landroid/content/Context;)V
09-18 20:42:19.136 11055 11055 D M_InsDal: Lcom/csipsimple/utils/PreferencesProviderWrapper;--->getLogLevel()I
09-18 20:42:19.136 11055 11055 D M_InsDal: Lcom/csipsimple/api/SipConfigManager;--->getPreferenceIntegerValue(Landroid/content/Context;Ljava/lang/String;Ljava/lang/Integer;)Ljava/lang/Integer;
09-18 20:42:19.136 11055 11055 D M_InsDal: Lcom/csipsimple/api/SipConfigManager;--->getPrefUriForKey(Ljava/lang/String;)Landroid/net/Uri;
09-18 20:42:19.136 11072 11087 D M_InsDal: Lcom/csipsimple/service/PreferenceProvider;--->query(Landroid/net/Uri;[Ljava/lang/String;Ljava/lang/String;[Ljava/lang/String;Ljava/lang/String;)Landroid/database/Cursor;
09-18 20:42:19.136 11072 11087 D M_InsDal: Lcom/csipsimple/utils/PreferencesWrapper;--->getPreferenceIntegerValue(Ljava/lang/String;)Ljava/lang/Integer;
09-18 20:42:19.136 11072 11087 D M_InsDal: Lcom/csipsimple/utils/PreferencesWrapper;--->getPreferenceStringValue(Ljava/lang/String;)Ljava/lang/String;
09-18 20:42:19.136 11072 11087 D M_InsDal: Lcom/csipsimple/utils/PreferencesWrapper;--->gPrefStringValue(Landroid/content/SharedPreferences;Ljava/lang/String;)Ljava/lang/String;
09-18 20:42:19.136 11055 11092 D M_InsDal: Lcom/csipsimple/utils/CallHandlerPlugin;--->getAvailableCallHandlers(Landroid/content/Context;)Ljava/util/Map;
09-18 20:42:19.137 11055 11092 D M_InsDal: Lcom/csipsimple/utils/Log;--->d(Ljava/lang/String;Ljava/lang/String;)V
09-18 20:42:19.137 11055 11055 D M_InsDal: Lcom/csipsimple/utils/Log;--->setLogLevel(I)V
09-18 20:42:19.137 11055 11055 D M_InsDal: Lcom/csipsimple/service/SipNotifications;---><clinit>()V
09-18 20:42:19.137 11055 11055 D M_InsDal: Lcom/csipsimple/service/SipNotifications;---><init>(Landroid/content/Context;)V
09-18 20:42:19.137 11055 11055 D M_InsDal: Lcom/csipsimple/service/SipNotifications;--->cancelAll()V
09-18 20:42:19.137 11055 11055 D M_InsDal: Lcom/csipsimple/service/SipNotifications;--->cancelMessages()V
09-18 20:42:19.137 11055 11055 D M_InsDal: Lcom/csipsimple/service/SipNotifications;--->cancelMissedCalls()V
09-18 20:42:19.137 11055 11092 D M_InsDal: Lcom/csipsimple/utils/CallHandlerPlugin;--->getAccountIdForCallHandler(Landroid/content/Context;Ljava/lang/String;)Ljava/lang/Long;
09-18 20:42:19.138 11055 11055 D M_InsDal: Lcom/csipsimple/service/SipNotifications;--->cancelVoicemails()V
09-18 20:42:19.138 11055 11055 D M_InsDal: Lcom/csipsimple/service/SipNotifications;--->cancelCalls()V
09-18 20:42:19.138 11055 11055 D M_InsDal: Lcom/csipsimple/utils/Compatibility;--->isCompatible(I)Z
09-18 20:42:19.138 11055 11055 D M_InsDal: Lcom/csipsimple/service/SipNotifications;--->onServiceCreate()V
09-18 20:42:19.138 11055 11092 D M_InsDal: Lcom/csipsimple/models/Filter;---><clinit>()V
09-18 20:42:19.139 11055 11092 D M_InsDal: Lcom/csipsimple/models/Filter;--->isCallableNumber(Landroid/content/Context;JLjava/lang/String;)Z
09-18 20:42:19.139 11055 11092 D M_InsDal: Lcom/csipsimple/models/Filter;--->getFiltersForAccount(Landroid/content/Context;J)Ljava/util/List;
09-18 20:42:19.139 11055 11092 D M_InsDal: Lcom/csipsimple/models/Filter;--->getFiltersCursorForAccount(Landroid/content/Context;J)Landroid/database/Cursor;
09-18 20:42:19.139 11055 11055 D M_InsDal: Lcom/csipsimple/service/SipWakeLock;---><init>(Landroid/os/PowerManager;)V
09-18 20:42:19.140 11055 11055 D M_InsDal: Lcom/csipsimple/utils/PreferencesProviderWrapper;--->getPreferenceBooleanValue(Ljava/lang/String;Z)Z
09-18 20:42:19.140 11055 11055 D M_InsDal: Lcom/csipsimple/api/SipConfigManager;--->getPreferenceBooleanValue(Landroid/content/Context;Ljava/lang/String;Ljava/lang/Boolean;)Ljava/lang/Boolean;
09-18 20:42:19.140 11055 11092 D M_InsDal: Lcom/csipsimple/api/SipManager;---><clinit>()V
09-18 20:42:19.140 11055 11055 D M_InsDal: Lcom/csipsimple/api/SipConfigManager;--->getPrefUriForKey(Ljava/lang/String;)Landroid/net/Uri;
09-18 20:42:19.140 11055 11092 D M_InsDal: Lcom/csipsimple/db/DBProvider;--->query(Landroid/net/Uri;[Ljava/lang/String;Ljava/lang/String;[Ljava/lang/String;Ljava/lang/String;)Landroid/database/Cursor;
09-18 20:42:19.140 11072 11087 D M_InsDal: Lcom/csipsimple/service/PreferenceProvider;--->query(Landroid/net/Uri;[Ljava/lang/String;Ljava/lang/String;[Ljava/lang/String;Ljava/lang/String;)Landroid/database/Cursor;
09-18 20:42:19.140 11072 11087 D M_InsDal: Lcom/csipsimple/utils/PreferencesWrapper;--->getPreferenceBooleanValue(Ljava/lang/String;)Ljava/lang/Boolean;
09-18 20:42:19.140 11072 11087 D M_InsDal: Lcom/csipsimple/utils/PreferencesWrapper;--->gPrefBooleanValue(Landroid/content/SharedPreferences;Ljava/lang/String;)Ljava/lang/Boolean;
09-18 20:42:19.142 11055 11055 D M_InsDal: Lcom/csipsimple/utils/Log;--->d(Ljava/lang/String;Ljava/lang/String;)V
09-18 20:42:19.142 11055 11055 D M_InsDal: Lcom/csipsimple/service/PresenceManager;---><clinit>()V
09-18 20:42:19.142 11055 11055 D M_InsDal: Lcom/csipsimple/service/PresenceManager;---><init>()V
09-18 20:42:19.142 11055 11055 D M_InsDal: Lcom/csipsimple/service/SipService;--->onStart(Landroid/content/Intent;I)V
09-18 20:42:19.142 11055 11055 D M_InsDal: Lcom/csipsimple/service/SipService;--->registerForOutgoing(Landroid/content/ComponentName;)V
09-18 20:42:19.142 11055 11055 D M_InsDal: Lcom/csipsimple/service/SipService;--->isConnectivityValid()Z
09-18 20:42:19.142 11055 11055 D M_InsDal: Lcom/csipsimple/utils/PreferencesProviderWrapper;--->getPreferenceBooleanValue(Ljava/lang/String;Z)Z
09-18 20:42:19.142 11055 11055 D M_InsDal: Lcom/csipsimple/api/SipConfigManager;--->getPreferenceBooleanValue(Landroid/content/Context;Ljava/lang/String;Ljava/lang/Boolean;)Ljava/lang/Boolean;
09-18 20:42:19.142 11055 11055 D M_InsDal: Lcom/csipsimple/api/SipConfigManager;--->getPrefUriForKey(Ljava/lang/String;)Landroid/net/Uri;
09-18 20:42:19.142 11055 11092 D M_InsDal: Lcom/csipsimple/models/Filter;--->isMustCallNumber(Landroid/content/Context;JLjava/lang/String;)Z
09-18 20:42:19.142 11055 11092 D M_InsDal: Lcom/csipsimple/models/Filter;--->getFiltersForAccount(Landroid/content/Context;J)Ljava/util/List;
09-18 20:42:19.142 11055 11092 D M_InsDal: Lcom/csipsimple/ui/account/AccountsLoader$FilteredProfile;---><init>(Lcom/csipsimple/ui/account/AccountsLoader;Ljava/lang/String;Z)V
09-18 20:42:19.142 11055 11092 D M_InsDal: Lcom/csipsimple/api/SipProfile;---><init>()V
09-18 20:42:19.142 11055 11092 D M_InsDal: Lcom/csipsimple/utils/CallHandlerPlugin;--->getAccountIdForCallHandler(Landroid/content/Context;Ljava/lang/String;)Ljava/lang/Long;
09-18 20:42:19.142 11055 11092 D M_InsDal: Lcom/csipsimple/utils/CallHandlerPlugin;---><init>(Landroid/content/Context;)V
09-18 20:42:19.142 11055 11092 D M_InsDal: Lcom/csipsimple/models/Filter;--->rewritePhoneNumber(Landroid/content/Context;JLjava/lang/String;)Ljava/lang/String;
09-18 20:42:19.142 11055 11092 D M_InsDal: Lcom/csipsimple/models/Filter;--->getFiltersForAccount(Landroid/content/Context;J)Ljava/util/List;
09-18 20:42:19.142 11055 11092 D M_InsDal: Lcom/csipsimple/ui/account/AccountsLoader$FilteredProfile$1;---><init>(Lcom/csipsimple/ui/account/AccountsLoader$FilteredProfile;Ljava/util/concurrent/Semaphore;)V
09-18 20:42:19.142 11055 11092 D M_InsDal: Lcom/csipsimple/utils/CallHandlerPlugin;--->loadFrom(Ljava/lang/Long;Ljava/lang/String;Lcom/csipsimple/utils/CallHandlerPlugin$OnLoadListener;)V
09-18 20:42:19.142 11055 11092 D M_InsDal: Lcom/csipsimple/utils/CallHandlerPlugin;--->getAvailableCallHandlers(Landroid/content/Context;)Ljava/util/Map;
09-18 20:42:19.142 11055 11092 D M_InsDal: Lcom/csipsimple/utils/CallHandlerPlugin;--->getAccountIdForCallHandler(Landroid/content/Context;Ljava/lang/String;)Ljava/lang/Long;
09-18 20:42:19.142 11055 11092 D M_InsDal: Lcom/csipsimple/utils/CallHandlerPlugin;--->loadFrom(Ljava/lang/String;Ljava/lang/String;Lcom/csipsimple/utils/CallHandlerPlugin$OnLoadListener;)V
09-18 20:42:19.142 11072 11087 D M_InsDal: Lcom/csipsimple/service/PreferenceProvider;--->query(Landroid/net/Uri;[Ljava/lang/String;Ljava/lang/String;[Ljava/lang/String;Ljava/lang/String;)Landroid/database/Cursor;
09-18 20:42:19.142 11055 11092 D M_InsDal: Lcom/csipsimple/utils/CallHandlerPlugin$1;---><init>(Lcom/csipsimple/utils/CallHandlerPlugin;Ljava/lang/String;)V
09-18 20:42:19.143 11072 11087 D M_InsDal: Lcom/csipsimple/utils/PreferencesWrapper;--->getPreferenceBooleanValue(Ljava/lang/String;)Ljava/lang/Boolean;
09-18 20:42:19.143 11072 11087 D M_InsDal: Lcom/csipsimple/utils/PreferencesWrapper;--->gPrefBooleanValue(Landroid/content/SharedPreferences;Ljava/lang/String;)Ljava/lang/Boolean;
09-18 20:42:19.144 11055 11055 D M_InsDal: Lcom/csipsimple/utils/PreferencesProviderWrapper;--->isValidConnectionForIncoming()Z
09-18 20:42:19.144 11055 11055 D M_InsDal: Lcom/csipsimple/utils/PreferencesProviderWrapper;--->isValidConnectionFor(Landroid/net/NetworkInfo;Ljava/lang/String;)Z
09-18 20:42:19.144 11055 11055 D M_InsDal: Lcom/csipsimple/utils/PreferencesProviderWrapper;--->isValidWifiConnectionFor(Landroid/net/NetworkInfo;Ljava/lang/String;)Z
09-18 20:42:19.144 11055 11055 D M_InsDal: Lcom/csipsimple/utils/PreferencesProviderWrapper;--->getPreferenceBooleanValue(Ljava/lang/String;Z)Z
09-18 20:42:19.144 11055 11055 D M_InsDal: Lcom/csipsimple/api/SipConfigManager;--->getPreferenceBooleanValue(Landroid/content/Context;Ljava/lang/String;Ljava/lang/Boolean;)Ljava/lang/Boolean;
09-18 20:42:19.144 11055 11055 D M_InsDal: Lcom/csipsimple/api/SipConfigManager;--->getPrefUriForKey(Ljava/lang/String;)Landroid/net/Uri;
09-18 20:42:19.145 11072 11087 D M_InsDal: Lcom/csipsimple/service/PreferenceProvider;--->query(Landroid/net/Uri;[Ljava/lang/String;Ljava/lang/String;[Ljava/lang/String;Ljava/lang/String;)Landroid/database/Cursor;
09-18 20:42:19.145 11072 11087 D M_InsDal: Lcom/csipsimple/utils/PreferencesWrapper;--->getPreferenceBooleanValue(Ljava/lang/String;)Ljava/lang/Boolean;
09-18 20:42:19.145 11072 11087 D M_InsDal: Lcom/csipsimple/utils/PreferencesWrapper;--->gPrefBooleanValue(Landroid/content/SharedPreferences;Ljava/lang/String;)Ljava/lang/Boolean;
09-18 20:42:19.146 11055 11055 D M_InsDal: Lcom/csipsimple/utils/Log;--->d(Ljava/lang/String;Ljava/lang/String;)V
09-18 20:42:19.146 11055 11055 D M_InsDal: Lcom/csipsimple/utils/PreferencesProviderWrapper;--->isValidConnectionForOutgoing()Z
09-18 20:42:19.146 11055 11055 D M_InsDal: Lcom/csipsimple/utils/PreferencesProviderWrapper;--->getPreferenceBooleanValue(Ljava/lang/String;Z)Z
09-18 20:42:19.146 11055 11055 D M_InsDal: Lcom/csipsimple/api/SipConfigManager;--->getPreferenceBooleanValue(Landroid/content/Context;Ljava/lang/String;Ljava/lang/Boolean;)Ljava/lang/Boolean;
09-18 20:42:19.146 11055 11055 D M_InsDal: Lcom/csipsimple/api/SipConfigManager;--->getPrefUriForKey(Ljava/lang/String;)Landroid/net/Uri;
09-18 20:42:19.146 11072 11087 D M_InsDal: Lcom/csipsimple/service/PreferenceProvider;--->query(Landroid/net/Uri;[Ljava/lang/String;Ljava/lang/String;[Ljava/lang/String;Ljava/lang/String;)Landroid/database/Cursor;
09-18 20:42:19.146 11072 11087 D M_InsDal: Lcom/csipsimple/utils/PreferencesWrapper;--->getPreferenceBooleanValue(Ljava/lang/String;)Ljava/lang/Boolean;
09-18 20:42:19.146 11072 11087 D M_InsDal: Lcom/csipsimple/utils/PreferencesWrapper;--->gPrefBooleanValue(Landroid/content/SharedPreferences;Ljava/lang/String;)Ljava/lang/Boolean;
09-18 20:42:19.147 11055 11055 D M_InsDal: Lcom/csipsimple/utils/PreferencesProviderWrapper;--->isValidConnectionFor(Landroid/net/NetworkInfo;Ljava/lang/String;)Z
09-18 20:42:19.147 11055 11055 D M_InsDal: Lcom/csipsimple/utils/PreferencesProviderWrapper;--->isValidWifiConnectionFor(Landroid/net/NetworkInfo;Ljava/lang/String;)Z
09-18 20:42:19.147 11055 11055 D M_InsDal: Lcom/csipsimple/utils/PreferencesProviderWrapper;--->getPreferenceBooleanValue(Ljava/lang/String;Z)Z
09-18 20:42:19.147 11055 11055 D M_InsDal: Lcom/csipsimple/api/SipConfigManager;--->getPreferenceBooleanValue(Landroid/content/Context;Ljava/lang/String;Ljava/lang/Boolean;)Ljava/lang/Boolean;
09-18 20:42:19.147 11055 11055 D M_InsDal: Lcom/csipsimple/api/SipConfigManager;--->getPrefUriForKey(Ljava/lang/String;)Landroid/net/Uri;
09-18 20:42:19.147 11072 11087 D M_InsDal: Lcom/csipsimple/service/PreferenceProvider;--->query(Landroid/net/Uri;[Ljava/lang/String;Ljava/lang/String;[Ljava/lang/String;Ljava/lang/String;)Landroid/database/Cursor;
09-18 20:42:19.147 11072 11087 D M_InsDal: Lcom/csipsimple/utils/PreferencesWrapper;--->getPreferenceBooleanValue(Ljava/lang/String;)Ljava/lang/Boolean;
09-18 20:42:19.147 11072 11087 D M_InsDal: Lcom/csipsimple/utils/PreferencesWrapper;--->gPrefBooleanValue(Landroid/content/SharedPreferences;Ljava/lang/String;)Ljava/lang/Boolean;
09-18 20:42:19.148 11055 11055 D M_InsDal: Lcom/csipsimple/utils/Log;--->d(Ljava/lang/String;Ljava/lang/String;)V
09-18 20:42:19.148 11055 11055 D M_InsDal: Lcom/csipsimple/service/SipService;--->loadStack()Z
09-18 20:42:19.148 11055 11055 D M_InsDal: Lcom/csipsimple/pjsip/PjSipService;---><clinit>()V
09-18 20:42:19.148 11055 11055 D M_InsDal: Lcom/csipsimple/pjsip/PjSipService;---><init>()V
09-18 20:42:19.148 11055 11055 D M_InsDal: Lcom/csipsimple/pjsip/PjSipService;--->setService(Lcom/csipsimple/service/SipService;)V
09-18 20:42:19.148 11055 11055 D M_InsDal: Lcom/csipsimple/service/SipService;--->getPrefs()Lcom/csipsimple/utils/PreferencesProviderWrapper;
09-18 20:42:19.148 11055 11055 D M_InsDal: Lcom/csipsimple/pjsip/PjSipService;--->tryToLoadStack()Z
09-18 20:42:19.170 11055 11055 D M_InsDal: Lcom/csipsimple/utils/Log;--->e(Ljava/lang/String;Ljava/lang/String;Ljava/lang/Throwable;)V
09-18 20:42:19.170 11055 11055 D M_InsDal: Lcom/csipsimple/service/SipService;--->notifyUserOfMessage(Ljava/lang/String;)V
09-18 20:42:19.171 11055 11055 D M_InsDal: Lcom/csipsimple/service/SipService;--->onBind(Landroid/content/Intent;)Landroid/os/IBinder;
09-18 20:42:19.171 11055 11055 D M_InsDal: Lcom/csipsimple/utils/Log;--->d(Ljava/lang/String;Ljava/lang/String;)V
09-18 20:42:19.171 11055 11055 D M_InsDal: Lcom/csipsimple/utils/Log;--->d(Ljava/lang/String;Ljava/lang/String;)V
09-18 20:42:19.177 11055 11055 D M_InsDal: Lcom/csipsimple/plugins/telephony/CallHandler;---><clinit>()V
09-18 20:42:19.177 11055 11055 D M_InsDal: Lcom/csipsimple/plugins/telephony/CallHandler;---><init>()V
09-18 20:42:19.177 11055 11055 D M_InsDal: Lcom/csipsimple/plugins/telephony/CallHandler;--->onReceive(Landroid/content/Context;Landroid/content/Intent;)V
09-18 20:42:19.177 11055 11055 D M_InsDal: Lcom/csipsimple/utils/PhoneCapabilityTester;---><clinit>()V
09-18 20:42:19.177 11055 11055 D M_InsDal: Lcom/csipsimple/utils/PhoneCapabilityTester;--->isPhone(Landroid/content/Context;)Z
09-18 20:42:19.177 11055 11055 D M_InsDal: Lcom/csipsimple/utils/PhoneCapabilityTester;--->initialize(Landroid/content/Context;)V
09-18 20:42:19.179 11055 11055 D M_InsDal: Lcom/csipsimple/utils/PhoneCapabilityTester;--->getPriviledgedIntent(Ljava/lang/String;)Landroid/content/Intent;
09-18 20:42:19.179 11055 11055 D M_InsDal: Lcom/csipsimple/utils/PhoneCapabilityTester;--->getPossibleActivities(Landroid/content/Context;Landroid/content/Intent;)Ljava/util/List;
09-18 20:42:19.180 11055 11055 D M_InsDal: Lcom/csipsimple/utils/PhoneCapabilityTester;--->resolveActivitiesForPriviledgedCall(Landroid/content/Context;)Ljava/util/List;
09-18 20:42:19.182 11055 11091 D M_InsDal: Lcom/csipsimple/utils/CallHandlerPlugin$1;--->onReceive(Landroid/content/Context;Landroid/content/Intent;)V
09-18 20:42:19.182 11055 11091 D M_InsDal: Lcom/csipsimple/utils/CallHandlerPlugin;--->fillWith(Ljava/lang/String;Landroid/os/Bundle;)V
09-18 20:42:19.182 11055 11091 D M_InsDal: Lcom/csipsimple/utils/CallHandlerPlugin;--->getAccountIdForCallHandler(Landroid/content/Context;Ljava/lang/String;)Ljava/lang/Long;
09-18 20:42:19.182 11055 11091 D M_InsDal: Lcom/csipsimple/ui/account/AccountsLoader$FilteredProfile$1;--->onLoad(Lcom/csipsimple/utils/CallHandlerPlugin;)V
09-18 20:42:19.182 11055 11091 D M_InsDal: Lcom/csipsimple/utils/Log;--->d(Ljava/lang/String;Ljava/lang/String;)V
09-18 20:42:19.182 11055 11092 D M_InsDal: Lcom/csipsimple/utils/CallHandlerPlugin;--->getLabel()Ljava/lang/String;
09-18 20:42:19.182 11055 11055 D M_InsDal: Lcom/csipsimple/service/SipService$ServiceHandler;--->handleMessage(Landroid/os/Message;)V
09-18 20:42:19.182 11055 11092 D M_InsDal: Lcom/csipsimple/utils/CallHandlerPlugin;--->getIcon()Landroid/graphics/Bitmap;
09-18 20:42:19.183 11055 11092 D M_InsDal: Lcom/csipsimple/ui/account/AccountsLoader;--->createCursorForAccount(Lcom/csipsimple/ui/account/AccountsLoader$FilteredProfile;)Landroid/database/Cursor;
09-18 20:42:19.183 11055 11092 D M_InsDal: Lcom/csipsimple/ui/account/AccountsLoader$FilteredProfile;--->rewriteNumber(Ljava/lang/String;)Ljava/lang/String;
09-18 20:42:19.183 11055 11092 D M_InsDal: Lcom/csipsimple/models/Filter;--->rewritePhoneNumber(Landroid/content/Context;JLjava/lang/String;)Ljava/lang/String;
09-18 20:42:19.183 11055 11092 D M_InsDal: Lcom/csipsimple/models/Filter;--->getFiltersForAccount(Landroid/content/Context;J)Ljava/util/List;
09-18 20:42:19.183 11055 11092 D M_InsDal: Lcom/csipsimple/ui/account/AccountsLoader$FilteredProfile;--->getStatusForOutgoing()Z
09-18 20:42:19.183 11055 11092 D M_InsDal: Lcom/csipsimple/ui/account/AccountsLoader$FilteredProfile;--->getStatusColor()I
09-18 20:42:19.184 11055 11055 D M_InsDal: Lcom/csipsimple/ui/outgoingcall/OutgoingCallChooser$1;--->onServiceConnected(Landroid/content/ComponentName;Landroid/os/IBinder;)V
09-18 20:42:19.184 11055 11055 D M_InsDal: Lcom/csipsimple/api/ISipService$Stub;--->asInterface(Landroid/os/IBinder;)Lcom/csipsimple/api/ISipService;
09-18 20:42:19.264 11055 11055 D M_InsDal: Lcom/csipsimple/ui/account/AccountsLoader;--->deliverResult(Landroid/database/Cursor;)V
09-18 20:42:19.264 11055 11055 D M_InsDal: Lcom/csipsimple/widgets/CSSListFragment;--->onLoadFinished(Landroid/support/v4/content/Loader;Landroid/database/Cursor;)V
09-18 20:42:19.264 11055 11055 D M_InsDal: Lcom/csipsimple/ui/outgoingcall/OutgoingCallListFragment;--->changeCursor(Landroid/database/Cursor;)V
09-18 20:42:19.264 11055 11055 D M_InsDal: Lcom/csipsimple/ui/outgoingcall/OutgoingCallChooser;--->getAccountToCallTo()J
09-18 20:42:19.265 11055 11055 D M_InsDal: Lcom/csipsimple/ui/outgoingcall/OutgoingCallListFragment;--->placeCall(Landroid/database/Cursor;)Z
09-18 20:42:19.265 11055 11055 D M_InsDal: Lcom/csipsimple/ui/outgoingcall/OutgoingCallChooser;--->getConnectedService()Lcom/csipsimple/api/ISipService;
09-18 20:42:19.265 11055 11055 D M_InsDal: Lcom/csipsimple/ui/account/AccountsLoader;--->getCallHandlerWithAccountId(J)Lcom/csipsimple/utils/CallHandlerPlugin;
09-18 20:42:19.265 11055 11055 D M_InsDal: Lcom/csipsimple/ui/account/AccountsLoader$FilteredProfile;--->getCallHandlerPlugin()Lcom/csipsimple/utils/CallHandlerPlugin;
09-18 20:42:19.265 11055 11055 D M_InsDal: Lcom/csipsimple/utils/CallHandlerPlugin;--->getNextExcludeTelNumber()Ljava/lang/String;
09-18 20:42:19.265 11055 11055 D M_InsDal: Lcom/csipsimple/service/SipService$1;--->ignoreNextOutgoingCallFor(Ljava/lang/String;)V
09-18 20:42:19.265 11055 11055 D M_InsDal: Lcom/csipsimple/service/OutgoingCall;---><clinit>()V
09-18 20:42:19.265 11055 11055 D M_InsDal: Lcom/csipsimple/utils/CallHandlerPlugin;--->getIntent()Landroid/app/PendingIntent;
09-18 20:42:19.265 11055 11055 D M_InsDal: Lcom/csipsimple/utils/CallHandlerPlugin;--->getIntent()Landroid/app/PendingIntent;
09-18 20:42:19.265 11055 11055 D M_InsDal: Lcom/csipsimple/ui/outgoingcall/OutgoingCallListFragment$PluginCallRunnable;---><init>(Lcom/csipsimple/ui/outgoingcall/OutgoingCallListFragment;Landroid/app/PendingIntent;J)V
09-18 20:42:19.265 11055 11055 D M_InsDal: Lcom/csipsimple/utils/Log;--->d(Ljava/lang/String;Ljava/lang/String;)V
09-18 20:42:19.265 11055 11055 D M_InsDal: Lcom/csipsimple/widgets/CSSListFragment;--->setListShown(Z)V
09-18 20:42:19.265 11055 11055 D M_InsDal: Lcom/csipsimple/widgets/CSSListFragment;--->setListShown(ZZ)V
09-18 20:42:19.265 11055 11055 D M_InsDal: Lcom/csipsimple/widgets/CSSListFragment;--->ensureCustomList()V
09-18 20:42:19.266 11055 11098 D M_InsDal: Lcom/csipsimple/ui/outgoingcall/OutgoingCallListFragment$PluginCallRunnable;--->run()V
09-18 20:42:19.734 11055 11098 D M_InsDal: Lcom/csipsimple/ui/outgoingcall/OutgoingCallChooser;--->finishServiceIfNeeded(Z)V
09-18 20:42:19.784 11055 11055 D M_InsDal: Lcom/csipsimple/ui/account/AccountsLoader;--->onStopLoading()V
09-18 20:42:19.784 11055 11055 D M_InsDal: Lcom/csipsimple/widgets/CSSListFragment;--->onLoaderReset(Landroid/support/v4/content/Loader;)V
09-18 20:42:19.784 11055 11055 D M_InsDal: Lcom/csipsimple/ui/outgoingcall/OutgoingCallListFragment;--->changeCursor(Landroid/database/Cursor;)V
09-18 20:42:19.784 11055 11055 D M_InsDal: Lcom/csipsimple/ui/account/AccountsLoader;--->onReset()V
09-18 20:42:19.784 11055 11055 D M_InsDal: Lcom/csipsimple/ui/account/AccountsLoader;--->onStopLoading()V
09-18 20:42:19.784 11055 11055 D M_InsDal: Lcom/csipsimple/ui/account/AccountsLoader;--->onReleaseResources(Landroid/database/Cursor;)V
09-18 20:42:19.785 11055 11055 D M_InsDal: Lcom/csipsimple/ui/account/AccountsLoader;--->onReset()V
09-18 20:42:19.785 11055 11055 D M_InsDal: Lcom/csipsimple/ui/account/AccountsLoader;--->onStopLoading()V
09-18 20:42:19.785 11055 11055 D M_InsDal: Lcom/csipsimple/ui/outgoingcall/OutgoingCallChooser;--->onDestroy()V
09-18 20:42:19.785 11055 11055 D M_InsDal: Lcom/csipsimple/ui/outgoingcall/OutgoingCallChooser;--->resetInternals()V
