09-18 18:34:30.204 10335 10348 D M_InsDal: Lcom/csipsimple/utils/PreferencesWrapper;--->setPreferenceStringValue(Ljava/lang/String;Ljava/lang/String;)V
09-18 18:34:30.205 10335 10348 D M_InsDal: Lcom/csipsimple/utils/PreferencesWrapper;--->setPreferenceStringValue(Ljava/lang/String;Ljava/lang/String;)V
09-18 18:34:30.206 10335 10348 D M_InsDal: Lcom/csipsimple/utils/PreferencesWrapper;--->setPreferenceStringValue(Ljava/lang/String;Ljava/lang/String;)V
09-18 18:34:30.208 10335 10348 D M_InsDal: Lcom/csipsimple/utils/PreferencesWrapper;--->setPreferenceStringValue(Ljava/lang/String;Ljava/lang/String;)V
09-18 18:34:30.208 10335 10348 D M_InsDal: Lcom/csipsimple/utils/PreferencesWrapper;--->setPreferenceBooleanValue(Ljava/lang/String;Z)V
09-18 18:34:30.229 10335 10348 D M_InsDal: Lcom/csipsimple/utils/PreferencesWrapper;--->setPreferenceBooleanValue(Ljava/lang/String;Z)V
09-18 18:34:30.243 10335 10348 D M_InsDal: Lcom/csipsimple/utils/PreferencesWrapper;--->setPreferenceBooleanValue(Ljava/lang/String;Z)V
09-18 18:34:30.244 10335 10348 D M_InsDal: Lcom/csipsimple/utils/PreferencesWrapper;--->setPreferenceBooleanValue(Ljava/lang/String;Z)V
09-18 18:34:30.246 10335 10348 D M_InsDal: Lcom/csipsimple/utils/PreferencesWrapper;--->setPreferenceBooleanValue(Ljava/lang/String;Z)V
09-18 18:34:30.249 10335 10348 D M_InsDal: Lcom/csipsimple/utils/PreferencesWrapper;--->setPreferenceBooleanValue(Ljava/lang/String;Z)V
09-18 18:34:30.250 10335 10348 D M_InsDal: Lcom/csipsimple/utils/PreferencesWrapper;--->setPreferenceBooleanValue(Ljava/lang/String;Z)V
09-18 18:34:30.252 10335 10348 D M_InsDal: Lcom/csipsimple/utils/PreferencesWrapper;--->setPreferenceBooleanValue(Ljava/lang/String;Z)V
09-18 18:34:30.253 10335 10348 D M_InsDal: Lcom/csipsimple/utils/PreferencesWrapper;--->setPreferenceBooleanValue(Ljava/lang/String;Z)V
09-18 18:34:30.281 10335 10348 D M_InsDal: Lcom/csipsimple/utils/PreferencesWrapper;--->setPreferenceBooleanValue(Ljava/lang/String;Z)V
09-18 18:34:30.283 10335 10348 D M_InsDal: Lcom/csipsimple/utils/PreferencesWrapper;--->setPreferenceFloatValue(Ljava/lang/String;F)V
09-18 18:34:30.287 10335 10348 D M_InsDal: Lcom/csipsimple/utils/PreferencesWrapper;--->setPreferenceFloatValue(Ljava/lang/String;F)V
09-18 18:34:30.289 10335 10348 D M_InsDal: Lcom/csipsimple/utils/Compatibility;--->setFirstRunParameters(Lcom/csipsimple/utils/PreferencesWrapper;)V
09-18 18:34:30.289 10335 10348 D M_InsDal: Lcom/csipsimple/utils/PreferencesWrapper;--->startEditing()V
09-18 18:34:30.289 10335 10348 D M_InsDal: Lcom/csipsimple/utils/Compatibility;--->resetCodecsSettings(Lcom/csipsimple/utils/PreferencesWrapper;)V
09-18 18:34:30.289 10335 10348 D M_InsDal: Lcom/csipsimple/utils/Compatibility;--->getCpuAbi()Ljava/lang/String;
09-18 18:34:30.289 10335 10348 D M_InsDal: Lcom/csipsimple/utils/Compatibility;--->isCompatible(I)Z
09-18 18:34:30.289 10335 10348 D M_InsDal: Lcom/csipsimple/utils/PreferencesWrapper;--->setCodecPriority(Ljava/lang/String;Ljava/lang/String;Ljava/lang/String;)V
09-18 18:34:30.289 10335 10348 D M_InsDal: Lcom/csipsimple/api/SipConfigManager;--->getCodecKey(Ljava/lang/String;Ljava/lang/String;)Ljava/lang/String;
09-18 18:34:30.289 10335 10348 D M_InsDal: Lcom/csipsimple/utils/PreferencesWrapper;--->setPreferenceStringValue(Ljava/lang/String;Ljava/lang/String;)V
09-18 18:34:30.289 10335 10348 D M_InsDal: Lcom/csipsimple/utils/PreferencesWrapper;--->setCodecPriority(Ljava/lang/String;Ljava/lang/String;Ljava/lang/String;)V
09-18 18:34:30.289 10335 10348 D M_InsDal: Lcom/csipsimple/api/SipConfigManager;--->getCodecKey(Ljava/lang/String;Ljava/lang/String;)Ljava/lang/String;
09-18 18:34:30.289 10335 10348 D M_InsDal: Lcom/csipsimple/utils/PreferencesWrapper;--->setPreferenceStringValue(Ljava/lang/String;Ljava/lang/String;)V
09-18 18:34:30.289 10335 10348 D M_InsDal: Lcom/csipsimple/utils/PreferencesWrapper;--->setCodecPriority(Ljava/lang/String;Ljava/lang/String;Ljava/lang/String;)V
09-18 18:34:30.289 10335 10348 D M_InsDal: Lcom/csipsimple/api/SipConfigManager;--->getCodecKey(Ljava/lang/String;Ljava/lang/String;)Ljava/lang/String;
09-18 18:34:30.289 10335 10348 D M_InsDal: Lcom/csipsimple/utils/PreferencesWrapper;--->setPreferenceStringValue(Ljava/lang/String;Ljava/lang/String;)V
09-18 18:34:30.289 10335 10348 D M_InsDal: Lcom/csipsimple/utils/PreferencesWrapper;--->setCodecPriority(Ljava/lang/String;Ljava/lang/String;Ljava/lang/String;)V
09-18 18:34:30.289 10335 10348 D M_InsDal: Lcom/csipsimple/api/SipConfigManager;--->getCodecKey(Ljava/lang/String;Ljava/lang/String;)Ljava/lang/String;
09-18 18:34:30.289 10335 10348 D M_InsDal: Lcom/csipsimple/utils/PreferencesWrapper;--->setPreferenceStringValue(Ljava/lang/String;Ljava/lang/String;)V
09-18 18:34:30.289 10335 10348 D M_InsDal: Lcom/csipsimple/utils/PreferencesWrapper;--->setCodecPriority(Ljava/lang/String;Ljava/lang/String;Ljava/lang/String;)V
09-18 18:34:30.289 10335 10348 D M_InsDal: Lcom/csipsimple/api/SipConfigManager;--->getCodecKey(Ljava/lang/String;Ljava/lang/String;)Ljava/lang/String;
09-18 18:34:30.289 10335 10348 D M_InsDal: Lcom/csipsimple/utils/PreferencesWrapper;--->setPreferenceStringValue(Ljava/lang/String;Ljava/lang/String;)V
09-18 18:34:30.289 10335 10348 D M_InsDal: Lcom/csipsimple/utils/PreferencesWrapper;--->setCodecPriority(Ljava/lang/String;Ljava/lang/String;Ljava/lang/String;)V
09-18 18:34:30.289 10335 10348 D M_InsDal: Lcom/csipsimple/api/SipConfigManager;--->getCodecKey(Ljava/lang/String;Ljava/lang/String;)Ljava/lang/String;
09-18 18:34:30.289 10335 10348 D M_InsDal: Lcom/csipsimple/utils/PreferencesWrapper;--->setPreferenceStringValue(Ljava/lang/String;Ljava/lang/String;)V
09-18 18:34:30.289 10335 10348 D M_InsDal: Lcom/csipsimple/utils/PreferencesWrapper;--->setCodecPriority(Ljava/lang/String;Ljava/lang/String;Ljava/lang/String;)V
09-18 18:34:30.289 10335 10348 D M_InsDal: Lcom/csipsimple/api/SipConfigManager;--->getCodecKey(Ljava/lang/String;Ljava/lang/String;)Ljava/lang/String;
09-18 18:34:30.289 10335 10348 D M_InsDal: Lcom/csipsimple/utils/PreferencesWrapper;--->setPreferenceStringValue(Ljava/lang/String;Ljava/lang/String;)V
09-18 18:34:30.289 10335 10348 D M_InsDal: Lcom/csipsimple/utils/PreferencesWrapper;--->setCodecPriority(Ljava/lang/String;Ljava/lang/String;Ljava/lang/String;)V
09-18 18:34:30.289 10335 10348 D M_InsDal: Lcom/csipsimple/api/SipConfigManager;--->getCodecKey(Ljava/lang/String;Ljava/lang/String;)Ljava/lang/String;
09-18 18:34:30.289 10335 10348 D M_InsDal: Lcom/csipsimple/utils/PreferencesWrapper;--->setPreferenceStringValue(Ljava/lang/String;Ljava/lang/String;)V
09-18 18:34:30.289 10335 10348 D M_InsDal: Lcom/csipsimple/utils/PreferencesWrapper;--->setCodecPriority(Ljava/lang/String;Ljava/lang/String;Ljava/lang/String;)V
09-18 18:34:30.289 10335 10348 D M_InsDal: Lcom/csipsimple/api/SipConfigManager;--->getCodecKey(Ljava/lang/String;Ljava/lang/String;)Ljava/lang/String;
09-18 18:34:30.289 10335 10348 D M_InsDal: Lcom/csipsimple/utils/PreferencesWrapper;--->setPreferenceStringValue(Ljava/lang/String;Ljava/lang/String;)V
09-18 18:34:30.289 10335 10348 D M_InsDal: Lcom/csipsimple/utils/PreferencesWrapper;--->setCodecPriority(Ljava/lang/String;Ljava/lang/String;Ljava/lang/String;)V
09-18 18:34:30.289 10335 10348 D M_InsDal: Lcom/csipsimple/api/SipConfigManager;--->getCodecKey(Ljava/lang/String;Ljava/lang/String;)Ljava/lang/String;
09-18 18:34:30.289 10335 10348 D M_InsDal: Lcom/csipsimple/utils/PreferencesWrapper;--->setPreferenceStringValue(Ljava/lang/String;Ljava/lang/String;)V
09-18 18:34:30.289 10335 10348 D M_InsDal: Lcom/csipsimple/utils/PreferencesWrapper;--->setCodecPriority(Ljava/lang/String;Ljava/lang/String;Ljava/lang/String;)V
09-18 18:34:30.289 10335 10348 D M_InsDal: Lcom/csipsimple/api/SipConfigManager;--->getCodecKey(Ljava/lang/String;Ljava/lang/String;)Ljava/lang/String;
09-18 18:34:30.289 10335 10348 D M_InsDal: Lcom/csipsimple/utils/PreferencesWrapper;--->setPreferenceStringValue(Ljava/lang/String;Ljava/lang/String;)V
09-18 18:34:30.289 10335 10348 D M_InsDal: Lcom/csipsimple/utils/PreferencesWrapper;--->setCodecPriority(Ljava/lang/String;Ljava/lang/String;Ljava/lang/String;)V
09-18 18:34:30.289 10335 10348 D M_InsDal: Lcom/csipsimple/api/SipConfigManager;--->getCodecKey(Ljava/lang/String;Ljava/lang/String;)Ljava/lang/String;
09-18 18:34:30.289 10335 10348 D M_InsDal: Lcom/csipsimple/utils/PreferencesWrapper;--->setPreferenceStringValue(Ljava/lang/String;Ljava/lang/String;)V
09-18 18:34:30.289 10335 10348 D M_InsDal: Lcom/csipsimple/utils/PreferencesWrapper;--->setCodecPriority(Ljava/lang/String;Ljava/lang/String;Ljava/lang/String;)V
09-18 18:34:30.289 10335 10348 D M_InsDal: Lcom/csipsimple/api/SipConfigManager;--->getCodecKey(Ljava/lang/String;Ljava/lang/String;)Ljava/lang/String;
09-18 18:34:30.289 10335 10348 D M_InsDal: Lcom/csipsimple/utils/PreferencesWrapper;--->setPreferenceStringValue(Ljava/lang/String;Ljava/lang/String;)V
09-18 18:34:30.289 10335 10348 D M_InsDal: Lcom/csipsimple/utils/PreferencesWrapper;--->setCodecPriority(Ljava/lang/String;Ljava/lang/String;Ljava/lang/String;)V
09-18 18:34:30.289 10335 10348 D M_InsDal: Lcom/csipsimple/api/SipConfigManager;--->getCodecKey(Ljava/lang/String;Ljava/lang/String;)Ljava/lang/String;
09-18 18:34:30.289 10335 10348 D M_InsDal: Lcom/csipsimple/utils/PreferencesWrapper;--->setPreferenceStringValue(Ljava/lang/String;Ljava/lang/String;)V
09-18 18:34:30.289 10335 10348 D M_InsDal: Lcom/csipsimple/utils/PreferencesWrapper;--->setCodecPriority(Ljava/lang/String;Ljava/lang/String;Ljava/lang/String;)V
09-18 18:34:30.289 10335 10348 D M_InsDal: Lcom/csipsimple/api/SipConfigManager;--->getCodecKey(Ljava/lang/String;Ljava/lang/String;)Ljava/lang/String;
09-18 18:34:30.289 10335 10348 D M_InsDal: Lcom/csipsimple/utils/PreferencesWrapper;--->setPreferenceStringValue(Ljava/lang/String;Ljava/lang/String;)V
09-18 18:34:30.289 10335 10348 D M_InsDal: Lcom/csipsimple/utils/PreferencesWrapper;--->setCodecPriority(Ljava/lang/String;Ljava/lang/String;Ljava/lang/String;)V
09-18 18:34:30.289 10335 10348 D M_InsDal: Lcom/csipsimple/api/SipConfigManager;--->getCodecKey(Ljava/lang/String;Ljava/lang/String;)Ljava/lang/String;
09-18 18:34:30.289 10335 10348 D M_InsDal: Lcom/csipsimple/utils/PreferencesWrapper;--->setPreferenceStringValue(Ljava/lang/String;Ljava/lang/String;)V
09-18 18:34:30.289 10335 10348 D M_InsDal: Lcom/csipsimple/utils/PreferencesWrapper;--->setCodecPriority(Ljava/lang/String;Ljava/lang/String;Ljava/lang/String;)V
09-18 18:34:30.289 10335 10348 D M_InsDal: Lcom/csipsimple/api/SipConfigManager;--->getCodecKey(Ljava/lang/String;Ljava/lang/String;)Ljava/lang/String;
09-18 18:34:30.289 10335 10348 D M_InsDal: Lcom/csipsimple/utils/PreferencesWrapper;--->setPreferenceStringValue(Ljava/lang/String;Ljava/lang/String;)V
09-18 18:34:30.289 10335 10348 D M_InsDal: Lcom/csipsimple/utils/PreferencesWrapper;--->setCodecPriority(Ljava/lang/String;Ljava/lang/String;Ljava/lang/String;)V
09-18 18:34:30.289 10335 10348 D M_InsDal: Lcom/csipsimple/api/SipConfigManager;--->getCodecKey(Ljava/lang/String;Ljava/lang/String;)Ljava/lang/String;
09-18 18:34:30.289 10335 10348 D M_InsDal: Lcom/csipsimple/utils/PreferencesWrapper;--->setPreferenceStringValue(Ljava/lang/String;Ljava/lang/String;)V
09-18 18:34:30.289 10335 10348 D M_InsDal: Lcom/csipsimple/utils/PreferencesWrapper;--->setCodecPriority(Ljava/lang/String;Ljava/lang/String;Ljava/lang/String;)V
09-18 18:34:30.289 10335 10348 D M_InsDal: Lcom/csipsimple/api/SipConfigManager;--->getCodecKey(Ljava/lang/String;Ljava/lang/String;)Ljava/lang/String;
09-18 18:34:30.289 10335 10348 D M_InsDal: Lcom/csipsimple/utils/PreferencesWrapper;--->setPreferenceStringValue(Ljava/lang/String;Ljava/lang/String;)V
09-18 18:34:30.289 10335 10348 D M_InsDal: Lcom/csipsimple/utils/PreferencesWrapper;--->setCodecPriority(Ljava/lang/String;Ljava/lang/String;Ljava/lang/String;)V
09-18 18:34:30.289 10335 10348 D M_InsDal: Lcom/csipsimple/api/SipConfigManager;--->getCodecKey(Ljava/lang/String;Ljava/lang/String;)Ljava/lang/String;
09-18 18:34:30.289 10335 10348 D M_InsDal: Lcom/csipsimple/utils/PreferencesWrapper;--->setPreferenceStringValue(Ljava/lang/String;Ljava/lang/String;)V
09-18 18:34:30.289 10335 10348 D M_InsDal: Lcom/csipsimple/utils/PreferencesWrapper;--->setCodecPriority(Ljava/lang/String;Ljava/lang/String;Ljava/lang/String;)V
09-18 18:34:30.289 10335 10348 D M_InsDal: Lcom/csipsimple/api/SipConfigManager;--->getCodecKey(Ljava/lang/String;Ljava/lang/String;)Ljava/lang/String;
09-18 18:34:30.289 10335 10348 D M_InsDal: Lcom/csipsimple/utils/PreferencesWrapper;--->setPreferenceStringValue(Ljava/lang/String;Ljava/lang/String;)V
09-18 18:34:30.289 10335 10348 D M_InsDal: Lcom/csipsimple/utils/PreferencesWrapper;--->setCodecPriority(Ljava/lang/String;Ljava/lang/String;Ljava/lang/String;)V
09-18 18:34:30.289 10335 10348 D M_InsDal: Lcom/csipsimple/api/SipConfigManager;--->getCodecKey(Ljava/lang/String;Ljava/lang/String;)Ljava/lang/String;
09-18 18:34:30.289 10335 10348 D M_InsDal: Lcom/csipsimple/utils/PreferencesWrapper;--->setPreferenceStringValue(Ljava/lang/String;Ljava/lang/String;)V
09-18 18:34:30.289 10335 10348 D M_InsDal: Lcom/csipsimple/utils/PreferencesWrapper;--->setCodecPriority(Ljava/lang/String;Ljava/lang/String;Ljava/lang/String;)V
09-18 18:34:30.289 10335 10348 D M_InsDal: Lcom/csipsimple/api/SipConfigManager;--->getCodecKey(Ljava/lang/String;Ljava/lang/String;)Ljava/lang/String;
09-18 18:34:30.289 10335 10348 D M_InsDal: Lcom/csipsimple/utils/PreferencesWrapper;--->setPreferenceStringValue(Ljava/lang/String;Ljava/lang/String;)V
09-18 18:34:30.289 10335 10348 D M_InsDal: Lcom/csipsimple/utils/PreferencesWrapper;--->setCodecPriority(Ljava/lang/String;Ljava/lang/String;Ljava/lang/String;)V
09-18 18:34:30.289 10335 10348 D M_InsDal: Lcom/csipsimple/api/SipConfigManager;--->getCodecKey(Ljava/lang/String;Ljava/lang/String;)Ljava/lang/String;
09-18 18:34:30.289 10335 10348 D M_InsDal: Lcom/csipsimple/utils/PreferencesWrapper;--->setPreferenceStringValue(Ljava/lang/String;Ljava/lang/String;)V
09-18 18:34:30.289 10335 10348 D M_InsDal: Lcom/csipsimple/utils/PreferencesWrapper;--->setCodecPriority(Ljava/lang/String;Ljava/lang/String;Ljava/lang/String;)V
09-18 18:34:30.289 10335 10348 D M_InsDal: Lcom/csipsimple/api/SipConfigManager;--->getCodecKey(Ljava/lang/String;Ljava/lang/String;)Ljava/lang/String;
09-18 18:34:30.289 10335 10348 D M_InsDal: Lcom/csipsimple/utils/PreferencesWrapper;--->setPreferenceStringValue(Ljava/lang/String;Ljava/lang/String;)V
09-18 18:34:30.289 10335 10348 D M_InsDal: Lcom/csipsimple/utils/PreferencesWrapper;--->setCodecPriority(Ljava/lang/String;Ljava/lang/String;Ljava/lang/String;)V
09-18 18:34:30.289 10335 10348 D M_InsDal: Lcom/csipsimple/api/SipConfigManager;--->getCodecKey(Ljava/lang/String;Ljava/lang/String;)Ljava/lang/String;
09-18 18:34:30.289 10335 10348 D M_InsDal: Lcom/csipsimple/utils/PreferencesWrapper;--->setPreferenceStringValue(Ljava/lang/String;Ljava/lang/String;)V
09-18 18:34:30.289 10335 10348 D M_InsDal: Lcom/csipsimple/utils/PreferencesWrapper;--->setCodecPriority(Ljava/lang/String;Ljava/lang/String;Ljava/lang/String;)V
09-18 18:34:30.289 10335 10348 D M_InsDal: Lcom/csipsimple/api/SipConfigManager;--->getCodecKey(Ljava/lang/String;Ljava/lang/String;)Ljava/lang/String;
09-18 18:34:30.289 10335 10348 D M_InsDal: Lcom/csipsimple/utils/PreferencesWrapper;--->setPreferenceStringValue(Ljava/lang/String;Ljava/lang/String;)V
09-18 18:34:30.289 10335 10348 D M_InsDal: Lcom/csipsimple/utils/PreferencesWrapper;--->setCodecPriority(Ljava/lang/String;Ljava/lang/String;Ljava/lang/String;)V
09-18 18:34:30.289 10335 10348 D M_InsDal: Lcom/csipsimple/api/SipConfigManager;--->getCodecKey(Ljava/lang/String;Ljava/lang/String;)Ljava/lang/String;
09-18 18:34:30.289 10335 10348 D M_InsDal: Lcom/csipsimple/utils/PreferencesWrapper;--->setPreferenceStringValue(Ljava/lang/String;Ljava/lang/String;)V
09-18 18:34:30.289 10335 10348 D M_InsDal: Lcom/csipsimple/utils/PreferencesWrapper;--->setCodecPriority(Ljava/lang/String;Ljava/lang/String;Ljava/lang/String;)V
09-18 18:34:30.289 10335 10348 D M_InsDal: Lcom/csipsimple/api/SipConfigManager;--->getCodecKey(Ljava/lang/String;Ljava/lang/String;)Ljava/lang/String;
09-18 18:34:30.289 10335 10348 D M_InsDal: Lcom/csipsimple/utils/PreferencesWrapper;--->setPreferenceStringValue(Ljava/lang/String;Ljava/lang/String;)V
09-18 18:34:30.289 10335 10348 D M_InsDal: Lcom/csipsimple/utils/PreferencesWrapper;--->setCodecPriority(Ljava/lang/String;Ljava/lang/String;Ljava/lang/String;)V
09-18 18:34:30.289 10335 10348 D M_InsDal: Lcom/csipsimple/api/SipConfigManager;--->getCodecKey(Ljava/lang/String;Ljava/lang/String;)Ljava/lang/String;
09-18 18:34:30.289 10335 10348 D M_InsDal: Lcom/csipsimple/utils/PreferencesWrapper;--->setPreferenceStringValue(Ljava/lang/String;Ljava/lang/String;)V
09-18 18:34:30.289 10335 10348 D M_InsDal: Lcom/csipsimple/utils/PreferencesWrapper;--->setCodecPriority(Ljava/lang/String;Ljava/lang/String;Ljava/lang/String;)V
09-18 18:34:30.289 10335 10348 D M_InsDal: Lcom/csipsimple/api/SipConfigManager;--->getCodecKey(Ljava/lang/String;Ljava/lang/String;)Ljava/lang/String;
09-18 18:34:30.289 10335 10348 D M_InsDal: Lcom/csipsimple/utils/PreferencesWrapper;--->setPreferenceStringValue(Ljava/lang/String;Ljava/lang/String;)V
09-18 18:34:30.289 10335 10348 D M_InsDal: Lcom/csipsimple/utils/PreferencesWrapper;--->setCodecPriority(Ljava/lang/String;Ljava/lang/String;Ljava/lang/String;)V
09-18 18:34:30.289 10335 10348 D M_InsDal: Lcom/csipsimple/api/SipConfigManager;--->getCodecKey(Ljava/lang/String;Ljava/lang/String;)Ljava/lang/String;
09-18 18:34:30.289 10335 10348 D M_InsDal: Lcom/csipsimple/utils/PreferencesWrapper;--->setPreferenceStringValue(Ljava/lang/String;Ljava/lang/String;)V
09-18 18:34:30.289 10335 10348 D M_InsDal: Lcom/csipsimple/utils/PreferencesWrapper;--->setCodecPriority(Ljava/lang/String;Ljava/lang/String;Ljava/lang/String;)V
09-18 18:34:30.289 10335 10348 D M_InsDal: Lcom/csipsimple/api/SipConfigManager;--->getCodecKey(Ljava/lang/String;Ljava/lang/String;)Ljava/lang/String;
09-18 18:34:30.289 10335 10348 D M_InsDal: Lcom/csipsimple/utils/PreferencesWrapper;--->setPreferenceStringValue(Ljava/lang/String;Ljava/lang/String;)V
09-18 18:34:30.289 10335 10348 D M_InsDal: Lcom/csipsimple/utils/PreferencesWrapper;--->setCodecPriority(Ljava/lang/String;Ljava/lang/String;Ljava/lang/String;)V
09-18 18:34:30.289 10335 10348 D M_InsDal: Lcom/csipsimple/api/SipConfigManager;--->getCodecKey(Ljava/lang/String;Ljava/lang/String;)Ljava/lang/String;
09-18 18:34:30.289 10335 10348 D M_InsDal: Lcom/csipsimple/utils/PreferencesWrapper;--->setPreferenceStringValue(Ljava/lang/String;Ljava/lang/String;)V
09-18 18:34:30.289 10335 10348 D M_InsDal: Lcom/csipsimple/utils/PreferencesWrapper;--->setCodecPriority(Ljava/lang/String;Ljava/lang/String;Ljava/lang/String;)V
09-18 18:34:30.289 10335 10348 D M_InsDal: Lcom/csipsimple/api/SipConfigManager;--->getCodecKey(Ljava/lang/String;Ljava/lang/String;)Ljava/lang/String;
09-18 18:34:30.289 10335 10348 D M_InsDal: Lcom/csipsimple/utils/PreferencesWrapper;--->setPreferenceStringValue(Ljava/lang/String;Ljava/lang/String;)V
09-18 18:34:30.289 10335 10348 D M_InsDal: Lcom/csipsimple/utils/PreferencesWrapper;--->setCodecPriority(Ljava/lang/String;Ljava/lang/String;Ljava/lang/String;)V
09-18 18:34:30.289 10335 10348 D M_InsDal: Lcom/csipsimple/api/SipConfigManager;--->getCodecKey(Ljava/lang/String;Ljava/lang/String;)Ljava/lang/String;
09-18 18:34:30.289 10335 10348 D M_InsDal: Lcom/csipsimple/utils/PreferencesWrapper;--->setPreferenceStringValue(Ljava/lang/String;Ljava/lang/String;)V
09-18 18:34:30.289 10335 10348 D M_InsDal: Lcom/csipsimple/utils/PreferencesWrapper;--->setCodecPriority(Ljava/lang/String;Ljava/lang/String;Ljava/lang/String;)V
09-18 18:34:30.289 10335 10348 D M_InsDal: Lcom/csipsimple/api/SipConfigManager;--->getCodecKey(Ljava/lang/String;Ljava/lang/String;)Ljava/lang/String;
09-18 18:34:30.289 10335 10348 D M_InsDal: Lcom/csipsimple/utils/PreferencesWrapper;--->setPreferenceStringValue(Ljava/lang/String;Ljava/lang/String;)V
09-18 18:34:30.289 10335 10348 D M_InsDal: Lcom/csipsimple/utils/PreferencesWrapper;--->setCodecPriority(Ljava/lang/String;Ljava/lang/String;Ljava/lang/String;)V
09-18 18:34:30.289 10335 10348 D M_InsDal: Lcom/csipsimple/api/SipConfigManager;--->getCodecKey(Ljava/lang/String;Ljava/lang/String;)Ljava/lang/String;
09-18 18:34:30.289 10335 10348 D M_InsDal: Lcom/csipsimple/utils/PreferencesWrapper;--->setPreferenceStringValue(Ljava/lang/String;Ljava/lang/String;)V
09-18 18:34:30.289 10335 10348 D M_InsDal: Lcom/csipsimple/utils/PreferencesWrapper;--->setCodecPriority(Ljava/lang/String;Ljava/lang/String;Ljava/lang/String;)V
09-18 18:34:30.289 10335 10348 D M_InsDal: Lcom/csipsimple/api/SipConfigManager;--->getCodecKey(Ljava/lang/String;Ljava/lang/String;)Ljava/lang/String;
09-18 18:34:30.289 10335 10348 D M_InsDal: Lcom/csipsimple/utils/PreferencesWrapper;--->setPreferenceStringValue(Ljava/lang/String;Ljava/lang/String;)V
09-18 18:34:30.289 10335 10348 D M_InsDal: Lcom/csipsimple/utils/PreferencesWrapper;--->setCodecPriority(Ljava/lang/String;Ljava/lang/String;Ljava/lang/String;)V
09-18 18:34:30.289 10335 10348 D M_InsDal: Lcom/csipsimple/api/SipConfigManager;--->getCodecKey(Ljava/lang/String;Ljava/lang/String;)Ljava/lang/String;
09-18 18:34:30.289 10335 10348 D M_InsDal: Lcom/csipsimple/utils/PreferencesWrapper;--->setPreferenceStringValue(Ljava/lang/String;Ljava/lang/String;)V
09-18 18:34:30.289 10335 10348 D M_InsDal: Lcom/csipsimple/utils/PreferencesWrapper;--->setCodecPriority(Ljava/lang/String;Ljava/lang/String;Ljava/lang/String;)V
09-18 18:34:30.289 10335 10348 D M_InsDal: Lcom/csipsimple/api/SipConfigManager;--->getCodecKey(Ljava/lang/String;Ljava/lang/String;)Ljava/lang/String;
09-18 18:34:30.289 10335 10348 D M_InsDal: Lcom/csipsimple/utils/PreferencesWrapper;--->setPreferenceStringValue(Ljava/lang/String;Ljava/lang/String;)V
09-18 18:34:30.289 10335 10348 D M_InsDal: Lcom/csipsimple/utils/PreferencesWrapper;--->setCodecPriority(Ljava/lang/String;Ljava/lang/String;Ljava/lang/String;)V
09-18 18:34:30.289 10335 10348 D M_InsDal: Lcom/csipsimple/api/SipConfigManager;--->getCodecKey(Ljava/lang/String;Ljava/lang/String;)Ljava/lang/String;
09-18 18:34:30.289 10335 10348 D M_InsDal: Lcom/csipsimple/utils/PreferencesWrapper;--->setPreferenceStringValue(Ljava/lang/String;Ljava/lang/String;)V
09-18 18:34:30.289 10335 10348 D M_InsDal: Lcom/csipsimple/utils/PreferencesWrapper;--->setCodecPriority(Ljava/lang/String;Ljava/lang/String;Ljava/lang/String;)V
09-18 18:34:30.289 10335 10348 D M_InsDal: Lcom/csipsimple/api/SipConfigManager;--->getCodecKey(Ljava/lang/String;Ljava/lang/String;)Ljava/lang/String;
09-18 18:34:30.289 10335 10348 D M_InsDal: Lcom/csipsimple/utils/PreferencesWrapper;--->setPreferenceStringValue(Ljava/lang/String;Ljava/lang/String;)V
09-18 18:34:30.289 10335 10348 D M_InsDal: Lcom/csipsimple/utils/PreferencesWrapper;--->setCodecPriority(Ljava/lang/String;Ljava/lang/String;Ljava/lang/String;)V
09-18 18:34:30.289 10335 10348 D M_InsDal: Lcom/csipsimple/api/SipConfigManager;--->getCodecKey(Ljava/lang/String;Ljava/lang/String;)Ljava/lang/String;
09-18 18:34:30.289 10335 10348 D M_InsDal: Lcom/csipsimple/utils/PreferencesWrapper;--->setPreferenceStringValue(Ljava/lang/String;Ljava/lang/String;)V
09-18 18:34:30.289 10335 10348 D M_InsDal: Lcom/csipsimple/utils/PreferencesWrapper;--->setCodecPriority(Ljava/lang/String;Ljava/lang/String;Ljava/lang/String;)V
09-18 18:34:30.290 10335 10348 D M_InsDal: Lcom/csipsimple/api/SipConfigManager;--->getCodecKey(Ljava/lang/String;Ljava/lang/String;)Ljava/lang/String;
09-18 18:34:30.290 10335 10348 D M_InsDal: Lcom/csipsimple/utils/PreferencesWrapper;--->setPreferenceStringValue(Ljava/lang/String;Ljava/lang/String;)V
09-18 18:34:30.290 10335 10348 D M_InsDal: Lcom/csipsimple/utils/PreferencesWrapper;--->setCodecPriority(Ljava/lang/String;Ljava/lang/String;Ljava/lang/String;)V
09-18 18:34:30.290 10335 10348 D M_InsDal: Lcom/csipsimple/api/SipConfigManager;--->getCodecKey(Ljava/lang/String;Ljava/lang/String;)Ljava/lang/String;
09-18 18:34:30.290 10335 10348 D M_InsDal: Lcom/csipsimple/utils/PreferencesWrapper;--->setPreferenceStringValue(Ljava/lang/String;Ljava/lang/String;)V
09-18 18:34:30.290 10335 10348 D M_InsDal: Lcom/csipsimple/utils/PreferencesWrapper;--->setCodecPriority(Ljava/lang/String;Ljava/lang/String;Ljava/lang/String;)V
09-18 18:34:30.290 10335 10348 D M_InsDal: Lcom/csipsimple/api/SipConfigManager;--->getCodecKey(Ljava/lang/String;Ljava/lang/String;)Ljava/lang/String;
09-18 18:34:30.290 10335 10348 D M_InsDal: Lcom/csipsimple/utils/PreferencesWrapper;--->setPreferenceStringValue(Ljava/lang/String;Ljava/lang/String;)V
09-18 18:34:30.290 10335 10348 D M_InsDal: Lcom/csipsimple/utils/PreferencesWrapper;--->setCodecPriority(Ljava/lang/String;Ljava/lang/String;Ljava/lang/String;)V
09-18 18:34:30.290 10335 10348 D M_InsDal: Lcom/csipsimple/api/SipConfigManager;--->getCodecKey(Ljava/lang/String;Ljava/lang/String;)Ljava/lang/String;
09-18 18:34:30.290 10335 10348 D M_InsDal: Lcom/csipsimple/utils/PreferencesWrapper;--->setPreferenceStringValue(Ljava/lang/String;Ljava/lang/String;)V
09-18 18:34:30.290 10335 10348 D M_InsDal: Lcom/csipsimple/utils/PreferencesWrapper;--->setPreferenceStringValue(Ljava/lang/String;Ljava/lang/String;)V
09-18 18:34:30.290 10335 10348 D M_InsDal: Lcom/csipsimple/utils/Compatibility;--->getCpuAbi()Ljava/lang/String;
09-18 18:34:30.290 10335 10348 D M_InsDal: Lcom/csipsimple/utils/Compatibility;--->isCompatible(I)Z
09-18 18:34:30.290 10335 10348 D M_InsDal: Lcom/csipsimple/utils/PreferencesWrapper;--->setPreferenceStringValue(Ljava/lang/String;Ljava/lang/String;)V
09-18 18:34:30.290 10335 10348 D M_InsDal: Lcom/csipsimple/utils/Compatibility;--->isCompatible(I)Z
09-18 18:34:30.290 10335 10348 D M_InsDal: Lcom/csipsimple/utils/PreferencesWrapper;--->setPreferenceStringValue(Ljava/lang/String;Ljava/lang/String;)V
09-18 18:34:30.290 10335 10348 D M_InsDal: Lcom/csipsimple/utils/Compatibility;--->getDefaultFrequency()Ljava/lang/String;
09-18 18:34:30.290 10335 10348 D M_InsDal: Lcom/csipsimple/utils/Compatibility;--->isCompatible(I)Z
09-18 18:34:30.290 10335 10348 D M_InsDal: Lcom/csipsimple/utils/PreferencesWrapper;--->setPreferenceStringValue(Ljava/lang/String;Ljava/lang/String;)V
09-18 18:34:30.290 10335 10348 D M_InsDal: Lcom/csipsimple/utils/Compatibility;--->needPspWorkaround()Z
09-18 18:34:30.290 10335 10348 D M_InsDal: Lcom/csipsimple/utils/Compatibility;--->isCompatible(I)Z
09-18 18:34:30.290 10335 10348 D M_InsDal: Lcom/csipsimple/utils/PreferencesWrapper;--->setPreferenceBooleanValue(Ljava/lang/String;Z)V
09-18 18:34:30.290 10335 10348 D M_InsDal: Lcom/csipsimple/utils/PreferencesWrapper;--->getContext()Landroid/content/Context;
09-18 18:34:30.290 10335 10348 D M_InsDal: Lcom/csipsimple/utils/Compatibility;--->isTabletScreen(Landroid/content/Context;)Z
09-18 18:34:30.290 10335 10348 D M_InsDal: Lcom/csipsimple/utils/Compatibility;--->isCompatible(I)Z
09-18 18:34:30.290 10335 10348 D M_InsDal: Lcom/csipsimple/utils/PreferencesWrapper;--->setPreferenceBooleanValue(Ljava/lang/String;Z)V
09-18 18:34:30.290 10335 10348 D M_InsDal: Lcom/csipsimple/utils/Compatibility;--->shouldUseRoutingApi()Z
09-18 18:34:30.290 10335 10348 D M_InsDal: Lcom/csipsimple/utils/Log;--->d(Ljava/lang/String;Ljava/lang/String;)V
09-18 18:34:30.290 10335 10348 D M_InsDal: Lcom/csipsimple/utils/Compatibility;--->isCompatible(I)Z
09-18 18:34:30.290 10335 10348 D M_InsDal: Lcom/csipsimple/utils/PreferencesWrapper;--->setPreferenceBooleanValue(Ljava/lang/String;Z)V
09-18 18:34:30.290 10335 10348 D M_InsDal: Lcom/csipsimple/utils/Compatibility;--->shouldUseModeApi()Z
09-18 18:34:30.290 10335 10348 D M_InsDal: Lcom/csipsimple/utils/Log;--->d(Ljava/lang/String;Ljava/lang/String;)V
09-18 18:34:30.290 10335 10348 D M_InsDal: Lcom/csipsimple/utils/PreferencesWrapper;--->setPreferenceBooleanValue(Ljava/lang/String;Z)V
09-18 18:34:30.290 10335 10348 D M_InsDal: Lcom/csipsimple/utils/Compatibility;--->needToneWorkaround()Z
09-18 18:34:30.290 10335 10348 D M_InsDal: Lcom/csipsimple/utils/PreferencesWrapper;--->setPreferenceBooleanValue(Ljava/lang/String;Z)V
09-18 18:34:30.290 10335 10348 D M_InsDal: Lcom/csipsimple/utils/Compatibility;--->needSGSWorkaround()Z
09-18 18:34:30.290 10335 10348 D M_InsDal: Lcom/csipsimple/utils/Compatibility;--->isCompatible(I)Z
09-18 18:34:30.290 10335 10348 D M_InsDal: Lcom/csipsimple/utils/PreferencesWrapper;--->setPreferenceBooleanValue(Ljava/lang/String;Z)V
09-18 18:34:30.290 10335 10348 D M_InsDal: Lcom/csipsimple/utils/Compatibility;--->guessInCallMode()Ljava/lang/String;
09-18 18:34:30.290 10335 10348 D M_InsDal: Lcom/csipsimple/utils/Compatibility;--->isCompatible(I)Z
09-18 18:34:30.290 10335 10348 D M_InsDal: Lcom/csipsimple/utils/Compatibility;--->isCompatible(I)Z
09-18 18:34:30.290 10335 10348 D M_InsDal: Lcom/csipsimple/utils/PreferencesWrapper;--->setPreferenceStringValue(Ljava/lang/String;Ljava/lang/String;)V
09-18 18:34:30.290 10335 10348 D M_InsDal: Lcom/csipsimple/utils/Compatibility;--->getDefaultMicroSource()Ljava/lang/String;
09-18 18:34:30.290 10335 10348 D M_InsDal: Lcom/csipsimple/utils/Compatibility;--->isCompatible(I)Z
09-18 18:34:30.290 10335 10348 D M_InsDal: Lcom/csipsimple/utils/Compatibility;--->isCompatible(I)Z
09-18 18:34:30.290 10335 10348 D M_InsDal: Lcom/csipsimple/utils/PreferencesWrapper;--->setPreferenceStringValue(Ljava/lang/String;Ljava/lang/String;)V
09-18 18:34:30.290 10335 10348 D M_InsDal: Lcom/csipsimple/utils/Compatibility;--->needWebRTCImplementation()Z
09-18 18:34:30.290 10335 10348 D M_InsDal: Lcom/csipsimple/utils/PreferencesWrapper;--->setPreferenceBooleanValue(Ljava/lang/String;Z)V
09-18 18:34:30.290 10335 10348 D M_InsDal: Lcom/csipsimple/utils/Compatibility;--->shouldFocusAudio()Z
09-18 18:34:30.290 10335 10348 D M_InsDal: Lcom/csipsimple/utils/PreferencesWrapper;--->setPreferenceBooleanValue(Ljava/lang/String;Z)V
09-18 18:34:30.290 10335 10348 D M_InsDal: Lcom/csipsimple/utils/PreferencesWrapper;--->getContext()Landroid/content/Context;
09-18 18:34:30.290 10335 10348 D M_InsDal: Lcom/csipsimple/utils/Compatibility;--->isTabletScreen(Landroid/content/Context;)Z
09-18 18:34:30.290 10335 10348 D M_InsDal: Lcom/csipsimple/utils/Compatibility;--->isCompatible(I)Z
09-18 18:34:30.290 10335 10348 D M_InsDal: Lcom/csipsimple/utils/PreferencesWrapper;--->setPreferenceBooleanValue(Ljava/lang/String;Z)V
09-18 18:34:30.290 10335 10348 D M_InsDal: Lcom/csipsimple/utils/PreferencesWrapper;--->getContext()Landroid/content/Context;
09-18 18:34:30.290 10335 10348 D M_InsDal: Lcom/csipsimple/utils/Compatibility;--->shouldUsePriviledgedIntegration(Landroid/content/Context;)Z
09-18 18:34:30.290 10335 10348 D M_InsDal: Lcom/csipsimple/utils/PhoneCapabilityTester;--->isPhone(Landroid/content/Context;)Z
09-18 18:34:30.290 10335 10348 D M_InsDal: Lcom/csipsimple/utils/PreferencesWrapper;--->setPreferenceBooleanValue(Ljava/lang/String;Z)V
09-18 18:34:30.290 10335 10348 D M_InsDal: Lcom/csipsimple/utils/Compatibility;--->getDefaultAudioImplementation()I
09-18 18:34:30.290 10335 10348 D M_InsDal: Lcom/csipsimple/utils/Compatibility;--->isCompatible(I)Z
09-18 18:34:30.290 10335 10348 D M_InsDal: Lcom/csipsimple/utils/PreferencesWrapper;--->setPreferenceStringValue(Ljava/lang/String;Ljava/lang/String;)V
09-18 18:34:30.290 10335 10348 D M_InsDal: Lcom/csipsimple/utils/PreferencesWrapper;--->endEditing()V
09-18 18:34:30.291 10335 10348 D M_InsDal: Lcom/csipsimple/utils/PreferencesWrapper;--->setPreferenceBooleanValue(Ljava/lang/String;Z)V
09-18 18:34:30.295 10356 10356 D M_InsDal: Lcom/csipsimple/service/SipService;--->onStart(Landroid/content/Intent;I)V
09-18 18:34:30.295 10356 10356 D M_InsDal: Lcom/csipsimple/service/SipService;--->registerForOutgoing(Landroid/content/ComponentName;)V
09-18 18:34:30.295 10356 10356 D M_InsDal: Lcom/csipsimple/service/SipService;--->isConnectivityValid()Z
09-18 18:34:30.295 10356 10356 D M_InsDal: Lcom/csipsimple/utils/PreferencesProviderWrapper;--->getPreferenceBooleanValue(Ljava/lang/String;Z)Z
09-18 18:34:30.295 10356 10356 D M_InsDal: Lcom/csipsimple/api/SipConfigManager;--->getPreferenceBooleanValue(Landroid/content/Context;Ljava/lang/String;Ljava/lang/Boolean;)Ljava/lang/Boolean;
09-18 18:34:30.295 10356 10356 D M_InsDal: Lcom/csipsimple/api/SipConfigManager;--->getPrefUriForKey(Ljava/lang/String;)Landroid/net/Uri;
09-18 18:34:30.295 10335 10348 D M_InsDal: Lcom/csipsimple/service/PreferenceProvider;--->query(Landroid/net/Uri;[Ljava/lang/String;Ljava/lang/String;[Ljava/lang/String;Ljava/lang/String;)Landroid/database/Cursor;
09-18 18:34:30.295 10335 10348 D M_InsDal: Lcom/csipsimple/utils/PreferencesWrapper;--->getPreferenceBooleanValue(Ljava/lang/String;)Ljava/lang/Boolean;
09-18 18:34:30.295 10335 10348 D M_InsDal: Lcom/csipsimple/utils/PreferencesWrapper;--->gPrefBooleanValue(Landroid/content/SharedPreferences;Ljava/lang/String;)Ljava/lang/Boolean;
09-18 18:34:30.297 10356 10356 D M_InsDal: Lcom/csipsimple/utils/PreferencesProviderWrapper;--->isValidConnectionForIncoming()Z
09-18 18:34:30.300 10356 10356 D M_InsDal: Lcom/csipsimple/utils/PreferencesProviderWrapper;--->isValidConnectionFor(Landroid/net/NetworkInfo;Ljava/lang/String;)Z
09-18 18:34:30.300 10356 10356 D M_InsDal: Lcom/csipsimple/utils/PreferencesProviderWrapper;--->isValidWifiConnectionFor(Landroid/net/NetworkInfo;Ljava/lang/String;)Z
09-18 18:34:30.300 10356 10356 D M_InsDal: Lcom/csipsimple/utils/PreferencesProviderWrapper;--->getPreferenceBooleanValue(Ljava/lang/String;Z)Z
09-18 18:34:30.300 10356 10356 D M_InsDal: Lcom/csipsimple/api/SipConfigManager;--->getPreferenceBooleanValue(Landroid/content/Context;Ljava/lang/String;Ljava/lang/Boolean;)Ljava/lang/Boolean;
09-18 18:34:30.300 10356 10356 D M_InsDal: Lcom/csipsimple/api/SipConfigManager;--->getPrefUriForKey(Ljava/lang/String;)Landroid/net/Uri;
09-18 18:34:30.300 10335 10348 D M_InsDal: Lcom/csipsimple/service/PreferenceProvider;--->query(Landroid/net/Uri;[Ljava/lang/String;Ljava/lang/String;[Ljava/lang/String;Ljava/lang/String;)Landroid/database/Cursor;
09-18 18:34:30.301 10335 10348 D M_InsDal: Lcom/csipsimple/utils/PreferencesWrapper;--->getPreferenceBooleanValue(Ljava/lang/String;)Ljava/lang/Boolean;
09-18 18:34:30.301 10335 10348 D M_InsDal: Lcom/csipsimple/utils/PreferencesWrapper;--->gPrefBooleanValue(Landroid/content/SharedPreferences;Ljava/lang/String;)Ljava/lang/Boolean;
09-18 18:34:30.302 10356 10356 D M_InsDal: Lcom/csipsimple/utils/Log;--->d(Ljava/lang/String;Ljava/lang/String;)V
09-18 18:34:30.302 10356 10356 D M_InsDal: Lcom/csipsimple/utils/PreferencesProviderWrapper;--->isValidConnectionForOutgoing()Z
09-18 18:34:30.302 10356 10356 D M_InsDal: Lcom/csipsimple/utils/PreferencesProviderWrapper;--->getPreferenceBooleanValue(Ljava/lang/String;Z)Z
09-18 18:34:30.302 10356 10356 D M_InsDal: Lcom/csipsimple/api/SipConfigManager;--->getPreferenceBooleanValue(Landroid/content/Context;Ljava/lang/String;Ljava/lang/Boolean;)Ljava/lang/Boolean;
09-18 18:34:30.302 10356 10356 D M_InsDal: Lcom/csipsimple/api/SipConfigManager;--->getPrefUriForKey(Ljava/lang/String;)Landroid/net/Uri;
09-18 18:34:30.302 10335 10348 D M_InsDal: Lcom/csipsimple/service/PreferenceProvider;--->query(Landroid/net/Uri;[Ljava/lang/String;Ljava/lang/String;[Ljava/lang/String;Ljava/lang/String;)Landroid/database/Cursor;
09-18 18:34:30.302 10335 10348 D M_InsDal: Lcom/csipsimple/utils/PreferencesWrapper;--->getPreferenceBooleanValue(Ljava/lang/String;)Ljava/lang/Boolean;
09-18 18:34:30.302 10335 10348 D M_InsDal: Lcom/csipsimple/utils/PreferencesWrapper;--->gPrefBooleanValue(Landroid/content/SharedPreferences;Ljava/lang/String;)Ljava/lang/Boolean;
09-18 18:34:30.304 10356 10356 D M_InsDal: Lcom/csipsimple/utils/PreferencesProviderWrapper;--->isValidConnectionFor(Landroid/net/NetworkInfo;Ljava/lang/String;)Z
09-18 18:34:30.304 10356 10356 D M_InsDal: Lcom/csipsimple/utils/PreferencesProviderWrapper;--->isValidWifiConnectionFor(Landroid/net/NetworkInfo;Ljava/lang/String;)Z
09-18 18:34:30.304 10356 10356 D M_InsDal: Lcom/csipsimple/utils/PreferencesProviderWrapper;--->getPreferenceBooleanValue(Ljava/lang/String;Z)Z
09-18 18:34:30.304 10356 10356 D M_InsDal: Lcom/csipsimple/api/SipConfigManager;--->getPreferenceBooleanValue(Landroid/content/Context;Ljava/lang/String;Ljava/lang/Boolean;)Ljava/lang/Boolean;
09-18 18:34:30.304 10356 10356 D M_InsDal: Lcom/csipsimple/api/SipConfigManager;--->getPrefUriForKey(Ljava/lang/String;)Landroid/net/Uri;
09-18 18:34:30.304 10335 10348 D M_InsDal: Lcom/csipsimple/service/PreferenceProvider;--->query(Landroid/net/Uri;[Ljava/lang/String;Ljava/lang/String;[Ljava/lang/String;Ljava/lang/String;)Landroid/database/Cursor;
09-18 18:34:30.304 10335 10348 D M_InsDal: Lcom/csipsimple/utils/PreferencesWrapper;--->getPreferenceBooleanValue(Ljava/lang/String;)Ljava/lang/Boolean;
09-18 18:34:30.304 10335 10348 D M_InsDal: Lcom/csipsimple/utils/PreferencesWrapper;--->gPrefBooleanValue(Landroid/content/SharedPreferences;Ljava/lang/String;)Ljava/lang/Boolean;
09-18 18:34:30.306 10356 10356 D M_InsDal: Lcom/csipsimple/utils/Log;--->d(Ljava/lang/String;Ljava/lang/String;)V
09-18 18:34:30.306 10356 10356 D M_InsDal: Lcom/csipsimple/service/SipService;--->loadStack()Z
09-18 18:34:30.306 10356 10356 D M_InsDal: Lcom/csipsimple/pjsip/PjSipService;---><clinit>()V
09-18 18:34:30.306 10356 10356 D M_InsDal: Lcom/csipsimple/pjsip/PjSipService;---><init>()V
09-18 18:34:30.306 10356 10356 D M_InsDal: Lcom/csipsimple/pjsip/PjSipService;--->setService(Lcom/csipsimple/service/SipService;)V
09-18 18:34:30.306 10356 10356 D M_InsDal: Lcom/csipsimple/service/SipService;--->getPrefs()Lcom/csipsimple/utils/PreferencesProviderWrapper;
09-18 18:34:30.306 10356 10356 D M_InsDal: Lcom/csipsimple/pjsip/PjSipService;--->tryToLoadStack()Z
09-18 18:34:30.310 10335 10335 D M_InsDal: Lcom/csipsimple/ui/SipHome;--->onCreateOptionsMenu(Lcom/actionbarsherlock/view/Menu;)Z
09-18 18:34:30.310 10335 10335 D M_InsDal: Lcom/csipsimple/utils/CustomDistribution;--->getCustomDistributionWizard()Lcom/csipsimple/wizards/WizardUtils$WizardInfo;
09-18 18:34:30.310 10335 10335 D M_InsDal: Lcom/csipsimple/utils/CustomDistribution;--->distributionWantsOtherAccounts()Z
09-18 18:34:30.310 10335 10335 D M_InsDal: Lcom/csipsimple/utils/Compatibility;--->isCompatible(I)Z
09-18 18:34:30.314 10335 10335 D M_InsDal: Lcom/csipsimple/ui/SipHome$TabsAdapter;--->getCount()I
09-18 18:34:30.317 10335 10335 D M_InsDal: Lcom/csipsimple/ui/SipHome$TabsAdapter;--->getCount()I
09-18 18:34:30.401 10356 10356 D M_InsDal: Lcom/csipsimple/utils/Log;--->e(Ljava/lang/String;Ljava/lang/String;Ljava/lang/Throwable;)V
09-18 18:34:30.402 10356 10356 D M_InsDal: Lcom/csipsimple/service/SipService;--->notifyUserOfMessage(Ljava/lang/String;)V
09-18 18:34:30.403 10356 10356 D M_InsDal: Lcom/csipsimple/service/SipService$ServiceHandler;--->handleMessage(Landroid/os/Message;)V
09-18 18:34:30.501 10335 10335 D M_InsDal: Lcom/csipsimple/ui/favorites/FavLoader;--->deliverResult(Landroid/database/Cursor;)V
09-18 18:34:30.501 10335 10335 D M_InsDal: Lcom/csipsimple/widgets/CSSListFragment;--->onLoadFinished(Landroid/support/v4/content/Loader;Landroid/database/Cursor;)V
09-18 18:34:30.501 10335 10335 D M_InsDal: Lcom/csipsimple/ui/favorites/FavListFragment;--->changeCursor(Landroid/database/Cursor;)V
09-18 18:34:30.501 10335 10335 D M_InsDal: Lcom/csipsimple/widgets/CSSListFragment;--->setListShownNoAnimation(Z)V
09-18 18:34:30.501 10335 10335 D M_InsDal: Lcom/csipsimple/widgets/CSSListFragment;--->setListShown(ZZ)V
09-18 18:34:30.501 10335 10335 D M_InsDal: Lcom/csipsimple/widgets/CSSListFragment;--->ensureCustomList()V
