09-18 18:40:15.279 12052 12052 D M_InsDal: Lcom/csipsimple/utils/Log;--->d(Ljava/lang/String;Ljava/lang/String;)V
09-18 18:40:15.279 12029 12029 D M_InsDal: Lcom/csipsimple/ui/dialpad/DialerLayout;--->onMeasure(II)V
09-18 18:40:15.280 12052 12052 D M_InsDal: Lcom/csipsimple/service/SipService;--->onStart(Landroid/content/Intent;I)V
09-18 18:40:15.280 12052 12052 D M_InsDal: Lcom/csipsimple/service/SipService;--->registerForOutgoing(Landroid/content/ComponentName;)V
09-18 18:40:15.280 12052 12052 D M_InsDal: Lcom/csipsimple/service/SipService;--->isConnectivityValid()Z
09-18 18:40:15.280 12052 12052 D M_InsDal: Lcom/csipsimple/utils/PreferencesProviderWrapper;--->getPreferenceBooleanValue(Ljava/lang/String;Z)Z
09-18 18:40:15.280 12052 12052 D M_InsDal: Lcom/csipsimple/api/SipConfigManager;--->getPreferenceBooleanValue(Landroid/content/Context;Ljava/lang/String;Ljava/lang/Boolean;)Ljava/lang/Boolean;
09-18 18:40:15.280 12052 12052 D M_InsDal: Lcom/csipsimple/api/SipConfigManager;--->getPrefUriForKey(Ljava/lang/String;)Landroid/net/Uri;
09-18 18:40:15.280 12029 12044 D M_InsDal: Lcom/csipsimple/service/PreferenceProvider;--->query(Landroid/net/Uri;[Ljava/lang/String;Ljava/lang/String;[Ljava/lang/String;Ljava/lang/String;)Landroid/database/Cursor;
09-18 18:40:15.280 12029 12044 D M_InsDal: Lcom/csipsimple/utils/PreferencesWrapper;--->getPreferenceBooleanValue(Ljava/lang/String;)Ljava/lang/Boolean;
09-18 18:40:15.280 12029 12044 D M_InsDal: Lcom/csipsimple/utils/PreferencesWrapper;--->gPrefBooleanValue(Landroid/content/SharedPreferences;Ljava/lang/String;)Ljava/lang/Boolean;
09-18 18:40:15.281 12029 12029 D M_InsDal: Lcom/csipsimple/ui/dialpad/DigitsEditText;--->isTextSelectable()Z
09-18 18:40:15.281 12029 12029 D M_InsDal: Lcom/csipsimple/widgets/Dialpad;--->onMeasure(II)V
09-18 18:40:15.281 12052 12052 D M_InsDal: Lcom/csipsimple/utils/PreferencesProviderWrapper;--->isValidConnectionForIncoming()Z
09-18 18:40:15.281 12052 12052 D M_InsDal: Lcom/csipsimple/utils/PreferencesProviderWrapper;--->isValidConnectionFor(Landroid/net/NetworkInfo;Ljava/lang/String;)Z
09-18 18:40:15.281 12052 12052 D M_InsDal: Lcom/csipsimple/utils/PreferencesProviderWrapper;--->isValidWifiConnectionFor(Landroid/net/NetworkInfo;Ljava/lang/String;)Z
09-18 18:40:15.281 12052 12052 D M_InsDal: Lcom/csipsimple/utils/PreferencesProviderWrapper;--->getPreferenceBooleanValue(Ljava/lang/String;Z)Z
09-18 18:40:15.281 12052 12052 D M_InsDal: Lcom/csipsimple/api/SipConfigManager;--->getPreferenceBooleanValue(Landroid/content/Context;Ljava/lang/String;Ljava/lang/Boolean;)Ljava/lang/Boolean;
09-18 18:40:15.281 12052 12052 D M_InsDal: Lcom/csipsimple/api/SipConfigManager;--->getPrefUriForKey(Ljava/lang/String;)Landroid/net/Uri;
09-18 18:40:15.282 12029 12044 D M_InsDal: Lcom/csipsimple/service/PreferenceProvider;--->query(Landroid/net/Uri;[Ljava/lang/String;Ljava/lang/String;[Ljava/lang/String;Ljava/lang/String;)Landroid/database/Cursor;
09-18 18:40:15.282 12029 12044 D M_InsDal: Lcom/csipsimple/utils/PreferencesWrapper;--->getPreferenceBooleanValue(Ljava/lang/String;)Ljava/lang/Boolean;
09-18 18:40:15.282 12029 12044 D M_InsDal: Lcom/csipsimple/utils/PreferencesWrapper;--->gPrefBooleanValue(Landroid/content/SharedPreferences;Ljava/lang/String;)Ljava/lang/Boolean;
09-18 18:40:15.283 12052 12052 D M_InsDal: Lcom/csipsimple/utils/Log;--->d(Ljava/lang/String;Ljava/lang/String;)V
09-18 18:40:15.283 12052 12052 D M_InsDal: Lcom/csipsimple/utils/PreferencesProviderWrapper;--->isValidConnectionForOutgoing()Z
09-18 18:40:15.283 12052 12052 D M_InsDal: Lcom/csipsimple/utils/PreferencesProviderWrapper;--->getPreferenceBooleanValue(Ljava/lang/String;Z)Z
09-18 18:40:15.283 12052 12052 D M_InsDal: Lcom/csipsimple/api/SipConfigManager;--->getPreferenceBooleanValue(Landroid/content/Context;Ljava/lang/String;Ljava/lang/Boolean;)Ljava/lang/Boolean;
09-18 18:40:15.283 12052 12052 D M_InsDal: Lcom/csipsimple/api/SipConfigManager;--->getPrefUriForKey(Ljava/lang/String;)Landroid/net/Uri;
09-18 18:40:15.283 12029 12044 D M_InsDal: Lcom/csipsimple/service/PreferenceProvider;--->query(Landroid/net/Uri;[Ljava/lang/String;Ljava/lang/String;[Ljava/lang/String;Ljava/lang/String;)Landroid/database/Cursor;
09-18 18:40:15.283 12029 12044 D M_InsDal: Lcom/csipsimple/utils/PreferencesWrapper;--->getPreferenceBooleanValue(Ljava/lang/String;)Ljava/lang/Boolean;
09-18 18:40:15.283 12029 12044 D M_InsDal: Lcom/csipsimple/utils/PreferencesWrapper;--->gPrefBooleanValue(Landroid/content/SharedPreferences;Ljava/lang/String;)Ljava/lang/Boolean;
09-18 18:40:15.283 12029 12029 D M_InsDal: Lcom/csipsimple/ui/SipHome$TabsAdapter;--->getCount()I
09-18 18:40:15.283 12029 12029 D M_InsDal: Lcom/csipsimple/ui/SipHome$TabsAdapter;--->getCount()I
09-18 18:40:15.284 12029 12029 D M_InsDal: Lcom/csipsimple/ui/dialpad/DialerLayout;--->onMeasure(II)V
09-18 18:40:15.284 12029 12029 D M_InsDal: Lcom/csipsimple/widgets/Dialpad;--->onMeasure(II)V
09-18 18:40:15.284 12029 12029 D M_InsDal: Lcom/csipsimple/ui/SipHome$TabsAdapter;--->getCount()I
09-18 18:40:15.284 12029 12029 D M_InsDal: Lcom/csipsimple/ui/SipHome$TabsAdapter;--->getCount()I
09-18 18:40:15.284 12052 12052 D M_InsDal: Lcom/csipsimple/utils/PreferencesProviderWrapper;--->isValidConnectionFor(Landroid/net/NetworkInfo;Ljava/lang/String;)Z
09-18 18:40:15.284 12052 12052 D M_InsDal: Lcom/csipsimple/utils/PreferencesProviderWrapper;--->isValidWifiConnectionFor(Landroid/net/NetworkInfo;Ljava/lang/String;)Z
09-18 18:40:15.284 12052 12052 D M_InsDal: Lcom/csipsimple/utils/PreferencesProviderWrapper;--->getPreferenceBooleanValue(Ljava/lang/String;Z)Z
09-18 18:40:15.284 12052 12052 D M_InsDal: Lcom/csipsimple/api/SipConfigManager;--->getPreferenceBooleanValue(Landroid/content/Context;Ljava/lang/String;Ljava/lang/Boolean;)Ljava/lang/Boolean;
09-18 18:40:15.284 12052 12052 D M_InsDal: Lcom/csipsimple/api/SipConfigManager;--->getPrefUriForKey(Ljava/lang/String;)Landroid/net/Uri;
09-18 18:40:15.284 12029 12029 D M_InsDal: Lcom/csipsimple/ui/dialpad/DialerLayout;--->onMeasure(II)V
09-18 18:40:15.284 12029 12044 D M_InsDal: Lcom/csipsimple/service/PreferenceProvider;--->query(Landroid/net/Uri;[Ljava/lang/String;Ljava/lang/String;[Ljava/lang/String;Ljava/lang/String;)Landroid/database/Cursor;
09-18 18:40:15.284 12029 12029 D M_InsDal: Lcom/csipsimple/widgets/Dialpad;--->onMeasure(II)V
09-18 18:40:15.284 12029 12029 D M_InsDal: Lcom/csipsimple/ui/dialpad/DigitsEditText;--->onLayout(ZIIII)V
09-18 18:40:15.284 12029 12029 D M_InsDal: Lcom/csipsimple/ui/dialpad/DigitsEditText;--->setIsDigit(ZZ)V
09-18 18:40:15.284 12029 12044 D M_InsDal: Lcom/csipsimple/utils/PreferencesWrapper;--->getPreferenceBooleanValue(Ljava/lang/String;)Ljava/lang/Boolean;
09-18 18:40:15.285 12029 12044 D M_InsDal: Lcom/csipsimple/utils/PreferencesWrapper;--->gPrefBooleanValue(Landroid/content/SharedPreferences;Ljava/lang/String;)Ljava/lang/Boolean;
09-18 18:40:15.286 12052 12052 D M_InsDal: Lcom/csipsimple/utils/Log;--->d(Ljava/lang/String;Ljava/lang/String;)V
09-18 18:40:15.286 12052 12052 D M_InsDal: Lcom/csipsimple/service/SipService;--->loadStack()Z
09-18 18:40:15.286 12052 12052 D M_InsDal: Lcom/csipsimple/pjsip/PjSipService;---><clinit>()V
09-18 18:40:15.286 12052 12052 D M_InsDal: Lcom/csipsimple/pjsip/PjSipService;---><init>()V
09-18 18:40:15.286 12052 12052 D M_InsDal: Lcom/csipsimple/pjsip/PjSipService;--->setService(Lcom/csipsimple/service/SipService;)V
09-18 18:40:15.286 12052 12052 D M_InsDal: Lcom/csipsimple/service/SipService;--->getPrefs()Lcom/csipsimple/utils/PreferencesProviderWrapper;
09-18 18:40:15.286 12052 12052 D M_InsDal: Lcom/csipsimple/pjsip/PjSipService;--->tryToLoadStack()Z
09-18 18:40:15.287 12029 12029 D M_InsDal: Lcom/csipsimple/ui/prefs/PrefsFast;---><init>()V
09-18 18:40:15.288 12029 12029 D M_InsDal: Lcom/csipsimple/ui/prefs/PrefsFast;--->onCreate(Landroid/os/Bundle;)V
09-18 18:40:15.296 12029 12029 D M_InsDal: Lcom/csipsimple/ui/prefs/PrefsFast;--->updateFromPrefs()V
09-18 18:40:15.296 12029 12029 D M_InsDal: Lcom/csipsimple/api/SipConfigManager;--->getPreferenceBooleanValue(Landroid/content/Context;Ljava/lang/String;)Ljava/lang/Boolean;
09-18 18:40:15.296 12029 12029 D M_InsDal: Lcom/csipsimple/api/SipConfigManager;--->getPreferenceBooleanValue(Landroid/content/Context;Ljava/lang/String;Ljava/lang/Boolean;)Ljava/lang/Boolean;
09-18 18:40:15.296 12029 12029 D M_InsDal: Lcom/csipsimple/api/SipConfigManager;--->getPrefUriForKey(Ljava/lang/String;)Landroid/net/Uri;
09-18 18:40:15.296 12029 12029 D M_InsDal: Lcom/csipsimple/service/PreferenceProvider;--->query(Landroid/net/Uri;[Ljava/lang/String;Ljava/lang/String;[Ljava/lang/String;Ljava/lang/String;)Landroid/database/Cursor;
09-18 18:40:15.296 12029 12029 D M_InsDal: Lcom/csipsimple/utils/PreferencesWrapper;--->getPreferenceBooleanValue(Ljava/lang/String;)Ljava/lang/Boolean;
09-18 18:40:15.296 12029 12029 D M_InsDal: Lcom/csipsimple/utils/PreferencesWrapper;--->gPrefBooleanValue(Landroid/content/SharedPreferences;Ljava/lang/String;)Ljava/lang/Boolean;
09-18 18:40:15.296 12029 12029 D M_InsDal: Lcom/csipsimple/api/SipConfigManager;--->getPreferenceBooleanValue(Landroid/content/Context;Ljava/lang/String;Ljava/lang/Boolean;)Ljava/lang/Boolean;
09-18 18:40:15.296 12029 12029 D M_InsDal: Lcom/csipsimple/api/SipConfigManager;--->getPrefUriForKey(Ljava/lang/String;)Landroid/net/Uri;
09-18 18:40:15.296 12029 12029 D M_InsDal: Lcom/csipsimple/service/PreferenceProvider;--->query(Landroid/net/Uri;[Ljava/lang/String;Ljava/lang/String;[Ljava/lang/String;Ljava/lang/String;)Landroid/database/Cursor;
09-18 18:40:15.296 12029 12029 D M_InsDal: Lcom/csipsimple/utils/PreferencesWrapper;--->getPreferenceBooleanValue(Ljava/lang/String;)Ljava/lang/Boolean;
09-18 18:40:15.296 12029 12029 D M_InsDal: Lcom/csipsimple/utils/PreferencesWrapper;--->gPrefBooleanValue(Landroid/content/SharedPreferences;Ljava/lang/String;)Ljava/lang/Boolean;
09-18 18:40:15.296 12029 12029 D M_InsDal: Lcom/csipsimple/api/SipConfigManager;--->getPreferenceBooleanValue(Landroid/content/Context;Ljava/lang/String;Ljava/lang/Boolean;)Ljava/lang/Boolean;
09-18 18:40:15.296 12029 12029 D M_InsDal: Lcom/csipsimple/api/SipConfigManager;--->getPrefUriForKey(Ljava/lang/String;)Landroid/net/Uri;
09-18 18:40:15.296 12029 12029 D M_InsDal: Lcom/csipsimple/service/PreferenceProvider;--->query(Landroid/net/Uri;[Ljava/lang/String;Ljava/lang/String;[Ljava/lang/String;Ljava/lang/String;)Landroid/database/Cursor;
09-18 18:40:15.296 12029 12029 D M_InsDal: Lcom/csipsimple/utils/PreferencesWrapper;--->getPreferenceBooleanValue(Ljava/lang/String;)Ljava/lang/Boolean;
09-18 18:40:15.296 12029 12029 D M_InsDal: Lcom/csipsimple/utils/PreferencesWrapper;--->gPrefBooleanValue(Landroid/content/SharedPreferences;Ljava/lang/String;)Ljava/lang/Boolean;
09-18 18:40:15.296 12029 12029 D M_InsDal: Lcom/csipsimple/api/SipConfigManager;--->getPreferenceBooleanValue(Landroid/content/Context;Ljava/lang/String;Ljava/lang/Boolean;)Ljava/lang/Boolean;
09-18 18:40:15.296 12029 12029 D M_InsDal: Lcom/csipsimple/api/SipConfigManager;--->getPrefUriForKey(Ljava/lang/String;)Landroid/net/Uri;
09-18 18:40:15.296 12029 12029 D M_InsDal: Lcom/csipsimple/service/PreferenceProvider;--->query(Landroid/net/Uri;[Ljava/lang/String;Ljava/lang/String;[Ljava/lang/String;Ljava/lang/String;)Landroid/database/Cursor;
09-18 18:40:15.296 12029 12029 D M_InsDal: Lcom/csipsimple/utils/PreferencesWrapper;--->getPreferenceBooleanValue(Ljava/lang/String;)Ljava/lang/Boolean;
09-18 18:40:15.296 12029 12029 D M_InsDal: Lcom/csipsimple/utils/PreferencesWrapper;--->gPrefBooleanValue(Landroid/content/SharedPreferences;Ljava/lang/String;)Ljava/lang/Boolean;
09-18 18:40:15.296 12029 12029 D M_InsDal: Lcom/csipsimple/api/SipConfigManager;--->getPreferenceBooleanValue(Landroid/content/Context;Ljava/lang/String;Ljava/lang/Boolean;)Ljava/lang/Boolean;
09-18 18:40:15.296 12029 12029 D M_InsDal: Lcom/csipsimple/api/SipConfigManager;--->getPrefUriForKey(Ljava/lang/String;)Landroid/net/Uri;
09-18 18:40:15.296 12029 12029 D M_InsDal: Lcom/csipsimple/service/PreferenceProvider;--->query(Landroid/net/Uri;[Ljava/lang/String;Ljava/lang/String;[Ljava/lang/String;Ljava/lang/String;)Landroid/database/Cursor;
09-18 18:40:15.296 12029 12029 D M_InsDal: Lcom/csipsimple/utils/PreferencesWrapper;--->getPreferenceBooleanValue(Ljava/lang/String;)Ljava/lang/Boolean;
09-18 18:40:15.296 12029 12029 D M_InsDal: Lcom/csipsimple/utils/PreferencesWrapper;--->gPrefBooleanValue(Landroid/content/SharedPreferences;Ljava/lang/String;)Ljava/lang/Boolean;
09-18 18:40:15.296 12029 12029 D M_InsDal: Lcom/csipsimple/api/SipConfigManager;--->getPreferenceBooleanValue(Landroid/content/Context;Ljava/lang/String;Ljava/lang/Boolean;)Ljava/lang/Boolean;
09-18 18:40:15.296 12029 12029 D M_InsDal: Lcom/csipsimple/api/SipConfigManager;--->getPrefUriForKey(Ljava/lang/String;)Landroid/net/Uri;
09-18 18:40:15.296 12029 12029 D M_InsDal: Lcom/csipsimple/service/PreferenceProvider;--->query(Landroid/net/Uri;[Ljava/lang/String;Ljava/lang/String;[Ljava/lang/String;Ljava/lang/String;)Landroid/database/Cursor;
09-18 18:40:15.296 12029 12029 D M_InsDal: Lcom/csipsimple/utils/PreferencesWrapper;--->getPreferenceBooleanValue(Ljava/lang/String;)Ljava/lang/Boolean;
09-18 18:40:15.296 12029 12029 D M_InsDal: Lcom/csipsimple/utils/PreferencesWrapper;--->gPrefBooleanValue(Landroid/content/SharedPreferences;Ljava/lang/String;)Ljava/lang/Boolean;
09-18 18:40:15.296 12029 12029 D M_InsDal: Lcom/csipsimple/api/SipConfigManager;--->getPreferenceBooleanValue(Landroid/content/Context;Ljava/lang/String;Ljava/lang/Boolean;)Ljava/lang/Boolean;
09-18 18:40:15.296 12029 12029 D M_InsDal: Lcom/csipsimple/api/SipConfigManager;--->getPrefUriForKey(Ljava/lang/String;)Landroid/net/Uri;
09-18 18:40:15.296 12029 12029 D M_InsDal: Lcom/csipsimple/service/PreferenceProvider;--->query(Landroid/net/Uri;[Ljava/lang/String;Ljava/lang/String;[Ljava/lang/String;Ljava/lang/String;)Landroid/database/Cursor;
09-18 18:40:15.296 12029 12029 D M_InsDal: Lcom/csipsimple/utils/PreferencesWrapper;--->getPreferenceBooleanValue(Ljava/lang/String;)Ljava/lang/Boolean;
09-18 18:40:15.296 12029 12029 D M_InsDal: Lcom/csipsimple/utils/PreferencesWrapper;--->gPrefBooleanValue(Landroid/content/SharedPreferences;Ljava/lang/String;)Ljava/lang/Boolean;
09-18 18:40:15.296 12029 12029 D M_InsDal: Lcom/csipsimple/api/SipConfigManager;--->getPreferenceBooleanValue(Landroid/content/Context;Ljava/lang/String;Ljava/lang/Boolean;)Ljava/lang/Boolean;
09-18 18:40:15.296 12029 12029 D M_InsDal: Lcom/csipsimple/api/SipConfigManager;--->getPrefUriForKey(Ljava/lang/String;)Landroid/net/Uri;
09-18 18:40:15.297 12029 12029 D M_InsDal: Lcom/csipsimple/service/PreferenceProvider;--->query(Landroid/net/Uri;[Ljava/lang/String;Ljava/lang/String;[Ljava/lang/String;Ljava/lang/String;)Landroid/database/Cursor;
09-18 18:40:15.297 12029 12029 D M_InsDal: Lcom/csipsimple/utils/PreferencesWrapper;--->getPreferenceBooleanValue(Ljava/lang/String;)Ljava/lang/Boolean;
09-18 18:40:15.297 12029 12029 D M_InsDal: Lcom/csipsimple/utils/PreferencesWrapper;--->gPrefBooleanValue(Landroid/content/SharedPreferences;Ljava/lang/String;)Ljava/lang/Boolean;
09-18 18:40:15.297 12029 12029 D M_InsDal: Lcom/csipsimple/api/SipConfigManager;--->getPreferenceBooleanValue(Landroid/content/Context;Ljava/lang/String;Ljava/lang/Boolean;)Ljava/lang/Boolean;
09-18 18:40:15.297 12029 12029 D M_InsDal: Lcom/csipsimple/api/SipConfigManager;--->getPrefUriForKey(Ljava/lang/String;)Landroid/net/Uri;
09-18 18:40:15.297 12029 12029 D M_InsDal: Lcom/csipsimple/service/PreferenceProvider;--->query(Landroid/net/Uri;[Ljava/lang/String;Ljava/lang/String;[Ljava/lang/String;Ljava/lang/String;)Landroid/database/Cursor;
09-18 18:40:15.297 12029 12029 D M_InsDal: Lcom/csipsimple/utils/PreferencesWrapper;--->getPreferenceBooleanValue(Ljava/lang/String;)Ljava/lang/Boolean;
09-18 18:40:15.297 12029 12029 D M_InsDal: Lcom/csipsimple/utils/PreferencesWrapper;--->gPrefBooleanValue(Landroid/content/SharedPreferences;Ljava/lang/String;)Ljava/lang/Boolean;
09-18 18:40:15.297 12029 12029 D M_InsDal: Lcom/csipsimple/api/SipConfigManager;--->getPreferenceBooleanValue(Landroid/content/Context;Ljava/lang/String;Ljava/lang/Boolean;)Ljava/lang/Boolean;
09-18 18:40:15.297 12029 12029 D M_InsDal: Lcom/csipsimple/api/SipConfigManager;--->getPrefUriForKey(Ljava/lang/String;)Landroid/net/Uri;
09-18 18:40:15.297 12029 12029 D M_InsDal: Lcom/csipsimple/service/PreferenceProvider;--->query(Landroid/net/Uri;[Ljava/lang/String;Ljava/lang/String;[Ljava/lang/String;Ljava/lang/String;)Landroid/database/Cursor;
09-18 18:40:15.297 12029 12029 D M_InsDal: Lcom/csipsimple/utils/PreferencesWrapper;--->getPreferenceBooleanValue(Ljava/lang/String;)Ljava/lang/Boolean;
09-18 18:40:15.297 12029 12029 D M_InsDal: Lcom/csipsimple/utils/PreferencesWrapper;--->gPrefBooleanValue(Landroid/content/SharedPreferences;Ljava/lang/String;)Ljava/lang/Boolean;
09-18 18:40:15.297 12029 12029 D M_InsDal: Lcom/csipsimple/ui/prefs/PrefsFast$Profile;---><clinit>()V
09-18 18:40:15.297 12029 12029 D M_InsDal: Lcom/csipsimple/ui/prefs/PrefsFast$Profile;---><init>(Ljava/lang/String;I)V
09-18 18:40:15.297 12029 12029 D M_InsDal: Lcom/csipsimple/ui/prefs/PrefsFast$Profile;---><init>(Ljava/lang/String;I)V
09-18 18:40:15.297 12029 12029 D M_InsDal: Lcom/csipsimple/ui/prefs/PrefsFast;--->setProfile(Lcom/csipsimple/ui/prefs/PrefsFast$Profile;)V
09-18 18:40:15.309 12052 12052 D M_InsDal: Lcom/csipsimple/utils/Log;--->e(Ljava/lang/String;Ljava/lang/String;Ljava/lang/Throwable;)V
09-18 18:40:15.310 12052 12052 D M_InsDal: Lcom/csipsimple/service/SipService;--->notifyUserOfMessage(Ljava/lang/String;)V
09-18 18:40:15.310 12052 12052 D M_InsDal: Lcom/csipsimple/service/SipService$ServiceHandler;--->handleMessage(Landroid/os/Message;)V
09-18 18:40:15.512 12029 12029 D M_InsDal: Lcom/csipsimple/ui/SipHome;--->onCreateOptionsMenu(Lcom/actionbarsherlock/view/Menu;)Z
09-18 18:40:15.513 12029 12029 D M_InsDal: Lcom/csipsimple/utils/CustomDistribution;--->getCustomDistributionWizard()Lcom/csipsimple/wizards/WizardUtils$WizardInfo;
09-18 18:40:15.513 12029 12029 D M_InsDal: Lcom/csipsimple/utils/CustomDistribution;--->distributionWantsOtherAccounts()Z
09-18 18:40:15.513 12029 12029 D M_InsDal: Lcom/csipsimple/utils/Compatibility;--->isCompatible(I)Z
09-18 18:40:15.513 12029 12029 D M_InsDal: Lcom/csipsimple/ui/calllog/CallLogListFragment;--->onCreateOptionsMenu(Lcom/actionbarsherlock/view/Menu;Lcom/actionbarsherlock/view/MenuInflater;)V
09-18 18:40:15.513 12029 12029 D M_InsDal: Lcom/csipsimple/ui/calllog/CallLogListFragment$3;---><init>(Lcom/csipsimple/ui/calllog/CallLogListFragment;)V
09-18 18:40:15.518 12029 12029 D M_InsDal: Lcom/csipsimple/ui/SipHome$TabsAdapter;--->getCount()I
09-18 18:40:15.518 12029 12029 D M_InsDal: Lcom/csipsimple/ui/SipHome$TabsAdapter;--->getCount()I
09-18 18:40:15.518 12029 12029 D M_InsDal: Lcom/csipsimple/ui/dialpad/DialerLayout;--->onMeasure(II)V
09-18 18:40:15.518 12029 12029 D M_InsDal: Lcom/csipsimple/widgets/Dialpad;--->onMeasure(II)V
09-18 18:40:15.518 12029 12029 D M_InsDal: Lcom/csipsimple/ui/SipHome$TabsAdapter;--->getCount()I
09-18 18:40:15.518 12029 12029 D M_InsDal: Lcom/csipsimple/ui/SipHome$TabsAdapter;--->getCount()I
09-18 18:40:15.518 12029 12029 D M_InsDal: Lcom/csipsimple/ui/dialpad/DigitsEditText;--->onLayout(ZIIII)V
09-18 18:40:15.518 12029 12029 D M_InsDal: Lcom/csipsimple/ui/dialpad/DigitsEditText;--->setIsDigit(ZZ)V
09-18 18:40:15.521 12029 12029 D M_InsDal: Lcom/csipsimple/ui/SipHome$TabsAdapter;--->getCount()I
09-18 18:40:15.659 12029 12029 D M_InsDal: Lcom/csipsimple/widgets/CSSListFragment;--->onLoadFinished(Landroid/support/v4/content/Loader;Landroid/database/Cursor;)V
09-18 18:40:15.660 12029 12029 D M_InsDal: Lcom/csipsimple/ui/calllog/CallLogListFragment;--->changeCursor(Landroid/database/Cursor;)V
09-18 18:40:15.660 12029 12029 D M_InsDal: Lcom/csipsimple/ui/calllog/GroupingListAdapter;--->changeCursor(Landroid/database/Cursor;)V
09-18 18:40:15.660 12029 12029 D M_InsDal: Lcom/csipsimple/ui/calllog/GroupingListAdapter;--->resetCache()V
09-18 18:40:15.660 12029 12029 D M_InsDal: Lcom/csipsimple/ui/calllog/GroupingListAdapter;--->findGroups()V
09-18 18:40:15.660 12029 12029 D M_InsDal: Lcom/csipsimple/ui/calllog/CallLogAdapter;--->addGroups(Landroid/database/Cursor;)V
09-18 18:40:15.660 12029 12029 D M_InsDal: Lcom/csipsimple/ui/calllog/CallLogGroupBuilder;--->addGroups(Landroid/database/Cursor;)V
09-18 18:40:15.660 12029 12029 D M_InsDal: Lcom/csipsimple/ui/calllog/GroupingListAdapter;--->getCount()I
09-18 18:40:15.660 12029 12029 D M_InsDal: Lcom/csipsimple/ui/calllog/GroupingListAdapter;--->getCount()I
09-18 18:40:15.660 12029 12029 D M_InsDal: Lcom/csipsimple/widgets/CSSListFragment;--->setListShownNoAnimation(Z)V
09-18 18:40:15.660 12029 12029 D M_InsDal: Lcom/csipsimple/widgets/CSSListFragment;--->setListShown(ZZ)V
09-18 18:40:15.660 12029 12029 D M_InsDal: Lcom/csipsimple/widgets/CSSListFragment;--->ensureCustomList()V
09-18 18:40:15.660 12029 12029 D M_InsDal: Lcom/csipsimple/ui/dialpad/DialerFragment$1;--->onServiceConnected(Landroid/content/ComponentName;Landroid/os/IBinder;)V
09-18 18:40:15.660 12029 12029 D M_InsDal: Lcom/csipsimple/api/ISipService$Stub;--->asInterface(Landroid/os/IBinder;)Lcom/csipsimple/api/ISipService;
09-18 18:40:15.660 12029 12029 D M_InsDal: Lcom/csipsimple/api/ISipService$Stub$Proxy;---><init>(Landroid/os/IBinder;)V
09-18 18:40:15.721 12029 12029 D M_InsDal: Lcom/csipsimple/ui/SipHome$TabsAdapter;--->getCount()I
09-18 18:40:15.722 12029 12029 D M_InsDal: Lcom/csipsimple/ui/SipHome$TabsAdapter;--->getCount()I
