--------- beginning of main
--------- beginning of system
09-18 18:40:15.172 12029 12029 D M_InsDal: Lcom/csipsimple/service/PreferenceProvider;---><clinit>()V
09-18 18:40:15.172 12029 12029 D M_InsDal: Lcom/csipsimple/service/PreferenceProvider;---><init>()V
09-18 18:40:15.172 12029 12029 D M_InsDal: Lcom/csipsimple/service/PreferenceProvider;--->onCreate()Z
09-18 18:40:15.172 12029 12029 D M_InsDal: Lcom/csipsimple/utils/PreferencesWrapper;---><clinit>()V
09-18 18:40:15.172 12029 12029 D M_InsDal: Lcom/csipsimple/utils/PreferencesWrapper$1;---><init>()V
09-18 18:40:15.172 12029 12029 D M_InsDal: Lcom/csipsimple/utils/CustomDistribution;--->getUserAgent()Ljava/lang/String;
09-18 18:40:15.172 12029 12029 D M_InsDal: Lcom/csipsimple/utils/PreferencesWrapper$2;---><init>()V
09-18 18:40:15.173 12029 12029 D M_InsDal: Lcom/csipsimple/utils/PreferencesWrapper$3;---><init>()V
09-18 18:40:15.173 12029 12029 D M_InsDal: Lcom/csipsimple/utils/PreferencesWrapper;---><init>(Landroid/content/Context;)V
09-18 18:40:15.173 12029 12029 D M_InsDal: Lcom/csipsimple/utils/PreferencesWrapper;--->needUpgrade()Ljava/lang/Integer;
09-18 18:40:15.173 12029 12029 D M_InsDal: Lcom/csipsimple/utils/PreferencesProviderWrapper;--->getCurrentPackageInfos(Landroid/content/Context;)Landroid/content/pm/PackageInfo;
09-18 18:40:15.174 12029 12029 D M_InsDal: Lcom/csipsimple/utils/Log;---><clinit>()V
09-18 18:40:15.174 12029 12029 D M_InsDal: Lcom/csipsimple/utils/Log;--->d(Ljava/lang/String;Ljava/lang/String;)V
09-18 18:40:15.174 12029 12029 D M_InsDal: Lcom/csipsimple/utils/Log;--->d(Ljava/lang/String;Ljava/lang/String;)V
09-18 18:40:15.174 12029 12029 D M_InsDal: Lcom/csipsimple/utils/Compatibility;--->getApiLevel()I
09-18 18:40:15.177 12029 12029 D M_InsDal: Lcom/csipsimple/ui/SipHome;---><init>()V
09-18 18:40:15.178 12029 12029 D M_InsDal: Lcom/csipsimple/ui/SipHome$1;---><init>(Lcom/csipsimple/ui/SipHome;)V
09-18 18:40:15.179 12029 12029 D M_InsDal: Lcom/csipsimple/ui/SipHome;--->onCreate(Landroid/os/Bundle;)V
09-18 18:40:15.179 12029 12029 D M_InsDal: Lcom/csipsimple/utils/PreferencesProviderWrapper;---><init>(Landroid/content/Context;)V
09-18 18:40:15.194 12029 12029 D M_InsDal: Lcom/csipsimple/utils/CustomDistribution;--->supportMessaging()Z
09-18 18:40:15.195 12029 12029 D M_InsDal: Lcom/csipsimple/ui/SipHome$TabsAdapter;---><init>(Lcom/csipsimple/ui/SipHome;Landroid/support/v4/app/FragmentActivity;Lcom/actionbarsherlock/app/ActionBar;Landroid/support/v4/view/ViewPager;)V
09-18 18:40:15.195 12029 12029 D M_InsDal: Lcom/csipsimple/ui/SipHome$TabsAdapter;--->addTab(Lcom/actionbarsherlock/app/ActionBar$Tab;Ljava/lang/Class;I)V
09-18 18:40:15.197 12029 12029 D M_InsDal: Lcom/csipsimple/ui/SipHome$TabsAdapter;--->onTabSelected(Lcom/actionbarsherlock/app/ActionBar$Tab;Landroid/support/v4/app/FragmentTransaction;)V
09-18 18:40:15.197 12029 12029 D M_InsDal: Lcom/csipsimple/ui/SipHome$TabsAdapter;--->clearDetails()V
09-18 18:40:15.197 12029 12029 D M_InsDal: Lcom/csipsimple/ui/SipHome$TabsAdapter;--->getCount()I
09-18 18:40:15.197 12029 12029 D M_InsDal: Lcom/csipsimple/ui/SipHome$TabsAdapter;--->getCount()I
09-18 18:40:15.197 12029 12029 D M_InsDal: Lcom/csipsimple/ui/SipHome$TabsAdapter;--->addTab(Lcom/actionbarsherlock/app/ActionBar$Tab;Ljava/lang/Class;I)V
09-18 18:40:15.197 12029 12029 D M_InsDal: Lcom/csipsimple/ui/SipHome$TabsAdapter;--->getCount()I
09-18 18:40:15.197 12029 12029 D M_InsDal: Lcom/csipsimple/ui/SipHome$TabsAdapter;--->getCount()I
09-18 18:40:15.197 12029 12029 D M_InsDal: Lcom/csipsimple/ui/SipHome$TabsAdapter;--->addTab(Lcom/actionbarsherlock/app/ActionBar$Tab;Ljava/lang/Class;I)V
09-18 18:40:15.197 12029 12029 D M_InsDal: Lcom/csipsimple/ui/SipHome$TabsAdapter;--->getCount()I
09-18 18:40:15.197 12029 12029 D M_InsDal: Lcom/csipsimple/ui/SipHome$TabsAdapter;--->getCount()I
09-18 18:40:15.197 12029 12029 D M_InsDal: Lcom/csipsimple/ui/SipHome$TabsAdapter;--->addTab(Lcom/actionbarsherlock/app/ActionBar$Tab;Ljava/lang/Class;I)V
09-18 18:40:15.197 12029 12029 D M_InsDal: Lcom/csipsimple/ui/SipHome$TabsAdapter;--->getCount()I
09-18 18:40:15.197 12029 12029 D M_InsDal: Lcom/csipsimple/ui/SipHome$TabsAdapter;--->getCount()I
09-18 18:40:15.197 12029 12029 D M_InsDal: Lcom/csipsimple/utils/PreferencesProviderWrapper;--->getPreferenceBooleanValue(Ljava/lang/String;)Z
09-18 18:40:15.198 12029 12029 D M_InsDal: Lcom/csipsimple/api/SipConfigManager;---><clinit>()V
09-18 18:40:15.198 12029 12029 D M_InsDal: Lcom/csipsimple/api/SipConfigManager;--->getPreferenceBooleanValue(Landroid/content/Context;Ljava/lang/String;)Ljava/lang/Boolean;
09-18 18:40:15.198 12029 12029 D M_InsDal: Lcom/csipsimple/api/SipConfigManager;--->getPreferenceBooleanValue(Landroid/content/Context;Ljava/lang/String;Ljava/lang/Boolean;)Ljava/lang/Boolean;
09-18 18:40:15.198 12029 12029 D M_InsDal: Lcom/csipsimple/api/SipConfigManager;--->getPrefUriForKey(Ljava/lang/String;)Landroid/net/Uri;
09-18 18:40:15.198 12029 12029 D M_InsDal: Lcom/csipsimple/service/PreferenceProvider;--->query(Landroid/net/Uri;[Ljava/lang/String;Ljava/lang/String;[Ljava/lang/String;Ljava/lang/String;)Landroid/database/Cursor;
09-18 18:40:15.198 12029 12029 D M_InsDal: Lcom/csipsimple/utils/PreferencesWrapper;--->getPreferenceBooleanValue(Ljava/lang/String;)Ljava/lang/Boolean;
09-18 18:40:15.198 12029 12029 D M_InsDal: Lcom/csipsimple/utils/PreferencesWrapper;--->gPrefBooleanValue(Landroid/content/SharedPreferences;Ljava/lang/String;)Ljava/lang/Boolean;
09-18 18:40:15.198 12029 12029 D M_InsDal: Lcom/csipsimple/ui/SipHome;--->selectTabWithAction(Landroid/content/Intent;)V
09-18 18:40:15.198 12029 12029 D M_InsDal: Lcom/csipsimple/ui/SipHome$TabsAdapter;--->getPositionForId(I)Ljava/lang/Integer;
09-18 18:40:15.198 12029 12029 D M_InsDal: Lcom/csipsimple/ui/SipHome$TabsAdapter;--->onTabUnselected(Lcom/actionbarsherlock/app/ActionBar$Tab;Landroid/support/v4/app/FragmentTransaction;)V
09-18 18:40:15.198 12029 12029 D M_InsDal: Lcom/csipsimple/ui/SipHome$TabsAdapter;--->onTabSelected(Lcom/actionbarsherlock/app/ActionBar$Tab;Landroid/support/v4/app/FragmentTransaction;)V
09-18 18:40:15.198 12029 12029 D M_InsDal: Lcom/csipsimple/ui/SipHome$TabsAdapter;--->clearDetails()V
09-18 18:40:15.198 12029 12029 D M_InsDal: Lcom/csipsimple/ui/SipHome$TabsAdapter;--->getCount()I
09-18 18:40:15.198 12029 12029 D M_InsDal: Lcom/csipsimple/ui/SipHome$TabsAdapter;--->getCount()I
09-18 18:40:15.198 12029 12029 D M_InsDal: Lcom/csipsimple/ui/SipHome$TabsAdapter;--->onPageSelected(I)V
09-18 18:40:15.198 12029 12029 D M_InsDal: Lcom/csipsimple/ui/SipHome$TabsAdapter;--->onTabReselected(Lcom/actionbarsherlock/app/ActionBar$Tab;Landroid/support/v4/app/FragmentTransaction;)V
09-18 18:40:15.198 12029 12029 D M_InsDal: Lcom/csipsimple/utils/PreferencesProviderWrapper;--->getLogLevel()I
09-18 18:40:15.198 12029 12029 D M_InsDal: Lcom/csipsimple/api/SipConfigManager;--->getPreferenceIntegerValue(Landroid/content/Context;Ljava/lang/String;Ljava/lang/Integer;)Ljava/lang/Integer;
09-18 18:40:15.198 12029 12029 D M_InsDal: Lcom/csipsimple/api/SipConfigManager;--->getPrefUriForKey(Ljava/lang/String;)Landroid/net/Uri;
09-18 18:40:15.198 12029 12029 D M_InsDal: Lcom/csipsimple/service/PreferenceProvider;--->query(Landroid/net/Uri;[Ljava/lang/String;Ljava/lang/String;[Ljava/lang/String;Ljava/lang/String;)Landroid/database/Cursor;
09-18 18:40:15.198 12029 12029 D M_InsDal: Lcom/csipsimple/utils/PreferencesWrapper;--->getPreferenceIntegerValue(Ljava/lang/String;)Ljava/lang/Integer;
09-18 18:40:15.198 12029 12029 D M_InsDal: Lcom/csipsimple/utils/PreferencesWrapper;--->getPreferenceStringValue(Ljava/lang/String;)Ljava/lang/String;
09-18 18:40:15.198 12029 12029 D M_InsDal: Lcom/csipsimple/utils/PreferencesWrapper;--->gPrefStringValue(Landroid/content/SharedPreferences;Ljava/lang/String;)Ljava/lang/String;
09-18 18:40:15.198 12029 12029 D M_InsDal: Lcom/csipsimple/utils/Log;--->setLogLevel(I)V
09-18 18:40:15.198 12029 12029 D M_InsDal: Lcom/csipsimple/ui/SipHome$2;---><init>(Lcom/csipsimple/ui/SipHome;)V
09-18 18:40:15.198 12029 12048 D M_InsDal: Lcom/csipsimple/ui/SipHome$2;--->run()V
09-18 18:40:15.198 12029 12048 D M_InsDal: Lcom/csipsimple/ui/SipHome;--->asyncSanityCheck()V
09-18 18:40:15.199 12029 12048 D M_InsDal: Lcom/csipsimple/utils/NightlyUpdater;--->isNightlyBuild(Landroid/content/Context;)Z
09-18 18:40:15.199 12029 12048 D M_InsDal: Lcom/csipsimple/utils/NightlyUpdater;--->getApplicationMetaData(Landroid/content/Context;)Landroid/os/Bundle;
09-18 18:40:15.199 12029 12048 D M_InsDal: Lcom/csipsimple/ui/warnings/WarningUtils;---><clinit>()V
09-18 18:40:15.199 12029 12048 D M_InsDal: Lcom/csipsimple/ui/warnings/WarningUtils;--->shouldWarnPrivilegedIntent(Landroid/content/Context;Lcom/csipsimple/utils/PreferencesProviderWrapper;)Z
09-18 18:40:15.199 12029 12048 D M_InsDal: Lcom/csipsimple/ui/warnings/WarningUtils;--->getIgnoreKey(Ljava/lang/String;)Ljava/lang/String;
09-18 18:40:15.200 12029 12048 D M_InsDal: Lcom/csipsimple/utils/PreferencesProviderWrapper;--->getPreferenceBooleanValue(Ljava/lang/String;Z)Z
09-18 18:40:15.200 12029 12048 D M_InsDal: Lcom/csipsimple/api/SipConfigManager;--->getPreferenceBooleanValue(Landroid/content/Context;Ljava/lang/String;Ljava/lang/Boolean;)Ljava/lang/Boolean;
09-18 18:40:15.200 12029 12048 D M_InsDal: Lcom/csipsimple/api/SipConfigManager;--->getPrefUriForKey(Ljava/lang/String;)Landroid/net/Uri;
09-18 18:40:15.200 12029 12048 D M_InsDal: Lcom/csipsimple/service/PreferenceProvider;--->query(Landroid/net/Uri;[Ljava/lang/String;Ljava/lang/String;[Ljava/lang/String;Ljava/lang/String;)Landroid/database/Cursor;
09-18 18:40:15.200 12029 12048 D M_InsDal: Lcom/csipsimple/utils/PreferencesWrapper;--->getPreferenceBooleanValue(Ljava/lang/String;)Ljava/lang/Boolean;
09-18 18:40:15.200 12029 12048 D M_InsDal: Lcom/csipsimple/utils/PreferencesWrapper;--->gPrefBooleanValue(Landroid/content/SharedPreferences;Ljava/lang/String;)Ljava/lang/Boolean;
09-18 18:40:15.200 12029 12048 D M_InsDal: Lcom/csipsimple/utils/PreferencesProviderWrapper;--->getPreferenceBooleanValue(Ljava/lang/String;Z)Z
09-18 18:40:15.200 12029 12048 D M_InsDal: Lcom/csipsimple/api/SipConfigManager;--->getPreferenceBooleanValue(Landroid/content/Context;Ljava/lang/String;Ljava/lang/Boolean;)Ljava/lang/Boolean;
09-18 18:40:15.200 12029 12048 D M_InsDal: Lcom/csipsimple/api/SipConfigManager;--->getPrefUriForKey(Ljava/lang/String;)Landroid/net/Uri;
09-18 18:40:15.200 12029 12048 D M_InsDal: Lcom/csipsimple/service/PreferenceProvider;--->query(Landroid/net/Uri;[Ljava/lang/String;Ljava/lang/String;[Ljava/lang/String;Ljava/lang/String;)Landroid/database/Cursor;
09-18 18:40:15.200 12029 12048 D M_InsDal: Lcom/csipsimple/utils/PreferencesWrapper;--->getPreferenceBooleanValue(Ljava/lang/String;)Ljava/lang/Boolean;
09-18 18:40:15.200 12029 12048 D M_InsDal: Lcom/csipsimple/utils/PreferencesWrapper;--->gPrefBooleanValue(Landroid/content/SharedPreferences;Ljava/lang/String;)Ljava/lang/Boolean;
09-18 18:40:15.200 12029 12048 D M_InsDal: Lcom/csipsimple/utils/PhoneCapabilityTester;---><clinit>()V
09-18 18:40:15.200 12029 12048 D M_InsDal: Lcom/csipsimple/utils/PhoneCapabilityTester;--->isPhone(Landroid/content/Context;)Z
09-18 18:40:15.200 12029 12048 D M_InsDal: Lcom/csipsimple/utils/PhoneCapabilityTester;--->initialize(Landroid/content/Context;)V
09-18 18:40:15.200 12029 12029 D M_InsDal: Lcom/csipsimple/ui/SipHome;--->onResume()V
09-18 18:40:15.200 12029 12029 D M_InsDal: Lcom/csipsimple/utils/Log;--->d(Ljava/lang/String;Ljava/lang/String;)V
09-18 18:40:15.201 12029 12029 D M_InsDal: Lcom/csipsimple/utils/PreferencesProviderWrapper;--->setPreferenceBooleanValue(Ljava/lang/String;Z)V
09-18 18:40:15.201 12029 12029 D M_InsDal: Lcom/csipsimple/api/SipConfigManager;--->setPreferenceBooleanValue(Landroid/content/Context;Ljava/lang/String;Z)V
09-18 18:40:15.201 12029 12029 D M_InsDal: Lcom/csipsimple/api/SipConfigManager;--->getPrefUriForKey(Ljava/lang/String;)Landroid/net/Uri;
09-18 18:40:15.201 12029 12048 D M_InsDal: Lcom/csipsimple/utils/PhoneCapabilityTester;--->getPriviledgedIntent(Ljava/lang/String;)Landroid/content/Intent;
09-18 18:40:15.201 12029 12048 D M_InsDal: Lcom/csipsimple/utils/PhoneCapabilityTester;--->getPossibleActivities(Landroid/content/Context;Landroid/content/Intent;)Ljava/util/List;
09-18 18:40:15.201 12029 12029 D M_InsDal: Lcom/csipsimple/service/PreferenceProvider;--->update(Landroid/net/Uri;Landroid/content/ContentValues;Ljava/lang/String;[Ljava/lang/String;)I
09-18 18:40:15.201 12029 12029 D M_InsDal: Lcom/csipsimple/utils/PreferencesWrapper;--->setPreferenceBooleanValue(Ljava/lang/String;Z)V
09-18 18:40:15.201 12029 12029 D M_InsDal: Lcom/csipsimple/ui/SipHome;--->sendFragmentVisibilityChange(IZ)V
09-18 18:40:15.201 12029 12029 D M_InsDal: Lcom/csipsimple/ui/SipHome;--->getFragmentAt(I)Landroid/support/v4/app/Fragment;
09-18 18:40:15.201 12029 12029 D M_InsDal: Lcom/csipsimple/ui/SipHome$TabsAdapter;--->getIdForPosition(I)Ljava/lang/Integer;
09-18 18:40:15.201 12029 12029 D M_InsDal: Lcom/csipsimple/utils/Log;--->d(Ljava/lang/String;Ljava/lang/String;)V
09-18 18:40:15.201 12029 12029 D M_InsDal: Lcom/csipsimple/ui/SipHome;--->startSipService()V
09-18 18:40:15.201 12029 12029 D M_InsDal: Lcom/csipsimple/ui/SipHome$3;---><init>(Lcom/csipsimple/ui/SipHome;Ljava/lang/String;)V
09-18 18:40:15.201 12029 12029 D M_InsDal: Lcom/csipsimple/ui/SipHome;--->applyTheme()V
09-18 18:40:15.201 12029 12029 D M_InsDal: Lcom/csipsimple/utils/Theme;--->getCurrentTheme(Landroid/content/Context;)Lcom/csipsimple/utils/Theme;
09-18 18:40:15.201 12029 12029 D M_InsDal: Lcom/csipsimple/api/SipConfigManager;--->getPreferenceStringValue(Landroid/content/Context;Ljava/lang/String;)Ljava/lang/String;
09-18 18:40:15.201 12029 12029 D M_InsDal: Lcom/csipsimple/api/SipConfigManager;--->getPreferenceStringValue(Landroid/content/Context;Ljava/lang/String;Ljava/lang/String;)Ljava/lang/String;
09-18 18:40:15.201 12029 12029 D M_InsDal: Lcom/csipsimple/api/SipConfigManager;--->getPrefUriForKey(Ljava/lang/String;)Landroid/net/Uri;
09-18 18:40:15.201 12029 12049 D M_InsDal: Lcom/csipsimple/ui/SipHome$3;--->run()V
09-18 18:40:15.201 12029 12029 D M_InsDal: Lcom/csipsimple/service/PreferenceProvider;--->query(Landroid/net/Uri;[Ljava/lang/String;Ljava/lang/String;[Ljava/lang/String;Ljava/lang/String;)Landroid/database/Cursor;
09-18 18:40:15.201 12029 12029 D M_InsDal: Lcom/csipsimple/utils/PreferencesWrapper;--->getPreferenceStringValue(Ljava/lang/String;)Ljava/lang/String;
09-18 18:40:15.201 12029 12029 D M_InsDal: Lcom/csipsimple/utils/PreferencesWrapper;--->gPrefStringValue(Landroid/content/SharedPreferences;Ljava/lang/String;)Ljava/lang/String;
09-18 18:40:15.202 12029 12048 D M_InsDal: Lcom/csipsimple/utils/PhoneCapabilityTester;--->resolveActivitiesForPriviledgedCall(Landroid/content/Context;)Ljava/util/List;
09-18 18:40:15.202 12029 12048 D M_InsDal: Lcom/csipsimple/ui/SipHome;--->applyWarning(Ljava/lang/String;Z)V
09-18 18:40:15.202 12029 12048 D M_InsDal: Lcom/csipsimple/ui/warnings/WarningUtils;--->shouldWarnNoStun(Lcom/csipsimple/utils/PreferencesProviderWrapper;)Z
09-18 18:40:15.202 12029 12048 D M_InsDal: Lcom/csipsimple/ui/warnings/WarningUtils;--->getIgnoreKey(Ljava/lang/String;)Ljava/lang/String;
09-18 18:40:15.202 12029 12048 D M_InsDal: Lcom/csipsimple/utils/PreferencesProviderWrapper;--->getPreferenceBooleanValue(Ljava/lang/String;Z)Z
09-18 18:40:15.202 12029 12048 D M_InsDal: Lcom/csipsimple/api/SipConfigManager;--->getPreferenceBooleanValue(Landroid/content/Context;Ljava/lang/String;Ljava/lang/Boolean;)Ljava/lang/Boolean;
09-18 18:40:15.202 12029 12048 D M_InsDal: Lcom/csipsimple/api/SipConfigManager;--->getPrefUriForKey(Ljava/lang/String;)Landroid/net/Uri;
09-18 18:40:15.202 12029 12048 D M_InsDal: Lcom/csipsimple/service/PreferenceProvider;--->query(Landroid/net/Uri;[Ljava/lang/String;Ljava/lang/String;[Ljava/lang/String;Ljava/lang/String;)Landroid/database/Cursor;
09-18 18:40:15.202 12029 12048 D M_InsDal: Lcom/csipsimple/utils/PreferencesWrapper;--->getPreferenceBooleanValue(Ljava/lang/String;)Ljava/lang/Boolean;
09-18 18:40:15.202 12029 12048 D M_InsDal: Lcom/csipsimple/utils/PreferencesWrapper;--->gPrefBooleanValue(Landroid/content/SharedPreferences;Ljava/lang/String;)Ljava/lang/Boolean;
09-18 18:40:15.202 12029 12048 D M_InsDal: Lcom/csipsimple/utils/PreferencesProviderWrapper;--->getPreferenceBooleanValue(Ljava/lang/String;)Z
09-18 18:40:15.202 12029 12048 D M_InsDal: Lcom/csipsimple/api/SipConfigManager;--->getPreferenceBooleanValue(Landroid/content/Context;Ljava/lang/String;)Ljava/lang/Boolean;
09-18 18:40:15.202 12029 12048 D M_InsDal: Lcom/csipsimple/api/SipConfigManager;--->getPreferenceBooleanValue(Landroid/content/Context;Ljava/lang/String;Ljava/lang/Boolean;)Ljava/lang/Boolean;
09-18 18:40:15.202 12029 12048 D M_InsDal: Lcom/csipsimple/api/SipConfigManager;--->getPrefUriForKey(Ljava/lang/String;)Landroid/net/Uri;
09-18 18:40:15.202 12029 12048 D M_InsDal: Lcom/csipsimple/service/PreferenceProvider;--->query(Landroid/net/Uri;[Ljava/lang/String;Ljava/lang/String;[Ljava/lang/String;Ljava/lang/String;)Landroid/database/Cursor;
09-18 18:40:15.203 12029 12048 D M_InsDal: Lcom/csipsimple/utils/PreferencesWrapper;--->getPreferenceBooleanValue(Ljava/lang/String;)Ljava/lang/Boolean;
09-18 18:40:15.203 12029 12048 D M_InsDal: Lcom/csipsimple/utils/PreferencesWrapper;--->gPrefBooleanValue(Landroid/content/SharedPreferences;Ljava/lang/String;)Ljava/lang/Boolean;
09-18 18:40:15.203 12029 12048 D M_InsDal: Lcom/csipsimple/utils/PreferencesProviderWrapper;--->getPreferenceBooleanValue(Ljava/lang/String;)Z
09-18 18:40:15.203 12029 12048 D M_InsDal: Lcom/csipsimple/api/SipConfigManager;--->getPreferenceBooleanValue(Landroid/content/Context;Ljava/lang/String;)Ljava/lang/Boolean;
09-18 18:40:15.203 12029 12048 D M_InsDal: Lcom/csipsimple/api/SipConfigManager;--->getPreferenceBooleanValue(Landroid/content/Context;Ljava/lang/String;Ljava/lang/Boolean;)Ljava/lang/Boolean;
09-18 18:40:15.203 12029 12048 D M_InsDal: Lcom/csipsimple/api/SipConfigManager;--->getPrefUriForKey(Ljava/lang/String;)Landroid/net/Uri;
09-18 18:40:15.203 12029 12048 D M_InsDal: Lcom/csipsimple/service/PreferenceProvider;--->query(Landroid/net/Uri;[Ljava/lang/String;Ljava/lang/String;[Ljava/lang/String;Ljava/lang/String;)Landroid/database/Cursor;
09-18 18:40:15.203 12029 12048 D M_InsDal: Lcom/csipsimple/utils/PreferencesWrapper;--->getPreferenceBooleanValue(Ljava/lang/String;)Ljava/lang/Boolean;
09-18 18:40:15.203 12029 12048 D M_InsDal: Lcom/csipsimple/utils/PreferencesWrapper;--->gPrefBooleanValue(Landroid/content/SharedPreferences;Ljava/lang/String;)Ljava/lang/Boolean;
09-18 18:40:15.203 12029 12048 D M_InsDal: Lcom/csipsimple/ui/SipHome;--->applyWarning(Ljava/lang/String;Z)V
09-18 18:40:15.203 12029 12048 D M_InsDal: Lcom/csipsimple/ui/warnings/WarningUtils;--->shouldWarnVpnIcs(Lcom/csipsimple/utils/PreferencesProviderWrapper;)Z
09-18 18:40:15.203 12029 12048 D M_InsDal: Lcom/csipsimple/ui/warnings/WarningUtils;--->getIgnoreKey(Ljava/lang/String;)Ljava/lang/String;
09-18 18:40:15.203 12029 12048 D M_InsDal: Lcom/csipsimple/utils/PreferencesProviderWrapper;--->getPreferenceBooleanValue(Ljava/lang/String;Z)Z
09-18 18:40:15.203 12029 12048 D M_InsDal: Lcom/csipsimple/api/SipConfigManager;--->getPreferenceBooleanValue(Landroid/content/Context;Ljava/lang/String;Ljava/lang/Boolean;)Ljava/lang/Boolean;
09-18 18:40:15.203 12029 12048 D M_InsDal: Lcom/csipsimple/api/SipConfigManager;--->getPrefUriForKey(Ljava/lang/String;)Landroid/net/Uri;
09-18 18:40:15.203 12029 12048 D M_InsDal: Lcom/csipsimple/service/PreferenceProvider;--->query(Landroid/net/Uri;[Ljava/lang/String;Ljava/lang/String;[Ljava/lang/String;Ljava/lang/String;)Landroid/database/Cursor;
09-18 18:40:15.203 12029 12048 D M_InsDal: Lcom/csipsimple/utils/PreferencesWrapper;--->getPreferenceBooleanValue(Ljava/lang/String;)Ljava/lang/Boolean;
09-18 18:40:15.203 12029 12048 D M_InsDal: Lcom/csipsimple/utils/PreferencesWrapper;--->gPrefBooleanValue(Landroid/content/SharedPreferences;Ljava/lang/String;)Ljava/lang/Boolean;
09-18 18:40:15.203 12029 12048 D M_InsDal: Lcom/csipsimple/utils/Compatibility;--->isCompatible(I)Z
09-18 18:40:15.203 12029 12048 D M_InsDal: Lcom/csipsimple/utils/PreferencesProviderWrapper;--->getPreferenceIntegerValue(Ljava/lang/String;)I
09-18 18:40:15.203 12029 12048 D M_InsDal: Lcom/csipsimple/api/SipConfigManager;--->getPreferenceIntegerValue(Landroid/content/Context;Ljava/lang/String;)Ljava/lang/Integer;
09-18 18:40:15.203 12029 12048 D M_InsDal: Lcom/csipsimple/api/SipConfigManager;--->getPreferenceIntegerValue(Landroid/content/Context;Ljava/lang/String;Ljava/lang/Integer;)Ljava/lang/Integer;
09-18 18:40:15.203 12029 12048 D M_InsDal: Lcom/csipsimple/api/SipConfigManager;--->getPrefUriForKey(Ljava/lang/String;)Landroid/net/Uri;
09-18 18:40:15.203 12029 12048 D M_InsDal: Lcom/csipsimple/service/PreferenceProvider;--->query(Landroid/net/Uri;[Ljava/lang/String;Ljava/lang/String;[Ljava/lang/String;Ljava/lang/String;)Landroid/database/Cursor;
09-18 18:40:15.203 12029 12048 D M_InsDal: Lcom/csipsimple/utils/PreferencesWrapper;--->getPreferenceIntegerValue(Ljava/lang/String;)Ljava/lang/Integer;
09-18 18:40:15.203 12029 12048 D M_InsDal: Lcom/csipsimple/utils/PreferencesWrapper;--->getPreferenceStringValue(Ljava/lang/String;)Ljava/lang/String;
09-18 18:40:15.203 12029 12048 D M_InsDal: Lcom/csipsimple/utils/PreferencesWrapper;--->gPrefStringValue(Landroid/content/SharedPreferences;Ljava/lang/String;)Ljava/lang/String;
09-18 18:40:15.203 12029 12048 D M_InsDal: Lcom/csipsimple/utils/PreferencesProviderWrapper;--->getSystemProp(Ljava/lang/String;)Ljava/lang/String;
09-18 18:40:15.209 12029 12049 D M_InsDal: Lcom/csipsimple/ui/SipHome;--->postStartSipService()V
09-18 18:40:15.209 12029 12049 D M_InsDal: Lcom/csipsimple/utils/CustomDistribution;--->showFirstSettingScreen()Z
09-18 18:40:15.209 12029 12049 D M_InsDal: Lcom/csipsimple/utils/PreferencesProviderWrapper;--->getPreferenceBooleanValue(Ljava/lang/String;Z)Z
09-18 18:40:15.209 12029 12049 D M_InsDal: Lcom/csipsimple/api/SipConfigManager;--->getPreferenceBooleanValue(Landroid/content/Context;Ljava/lang/String;Ljava/lang/Boolean;)Ljava/lang/Boolean;
09-18 18:40:15.209 12029 12049 D M_InsDal: Lcom/csipsimple/api/SipConfigManager;--->getPrefUriForKey(Ljava/lang/String;)Landroid/net/Uri;
09-18 18:40:15.210 12029 12049 D M_InsDal: Lcom/csipsimple/service/PreferenceProvider;--->query(Landroid/net/Uri;[Ljava/lang/String;Ljava/lang/String;[Ljava/lang/String;Ljava/lang/String;)Landroid/database/Cursor;
09-18 18:40:15.210 12029 12049 D M_InsDal: Lcom/csipsimple/utils/PreferencesWrapper;--->getPreferenceBooleanValue(Ljava/lang/String;)Ljava/lang/Boolean;
09-18 18:40:15.210 12029 12049 D M_InsDal: Lcom/csipsimple/utils/PreferencesWrapper;--->gPrefBooleanValue(Landroid/content/SharedPreferences;Ljava/lang/String;)Ljava/lang/Boolean;
09-18 18:40:15.211 12029 12048 D M_InsDal: Lcom/csipsimple/utils/PreferencesProviderWrapper;--->getSystemProp(Ljava/lang/String;)Ljava/lang/String;
09-18 18:40:15.226 12029 12048 D M_InsDal: Lcom/csipsimple/ui/SipHome;--->applyWarning(Ljava/lang/String;Z)V
09-18 18:40:15.226 12029 12048 D M_InsDal: Lcom/csipsimple/ui/warnings/WarningUtils;--->shouldWarnSDCard(Landroid/content/Context;Lcom/csipsimple/utils/PreferencesProviderWrapper;)Z
09-18 18:40:15.226 12029 12048 D M_InsDal: Lcom/csipsimple/utils/Compatibility;--->isInstalledOnSdCard(Landroid/content/Context;)Z
09-18 18:40:15.226 12029 12048 D M_InsDal: Lcom/csipsimple/utils/Compatibility;--->isCompatible(I)Z
09-18 18:40:15.227 12029 12048 D M_InsDal: Lcom/csipsimple/ui/SipHome;--->applyWarning(Ljava/lang/String;Z)V
09-18 18:40:15.231 12029 12029 D M_InsDal: Lcom/csipsimple/ui/SipHome$1;--->run()V
09-18 18:40:15.231 12029 12029 D M_InsDal: Lcom/csipsimple/ui/SipHome;--->refreshWarningTabDisplay()V
09-18 18:40:15.231 12029 12029 D M_InsDal: Lcom/csipsimple/ui/SipHome$TabsAdapter;--->getPositionForId(I)Ljava/lang/Integer;
09-18 18:40:15.231 12029 12029 D M_InsDal: Lcom/csipsimple/ui/SipHome$1;--->run()V
09-18 18:40:15.231 12029 12029 D M_InsDal: Lcom/csipsimple/ui/SipHome;--->refreshWarningTabDisplay()V
09-18 18:40:15.231 12029 12029 D M_InsDal: Lcom/csipsimple/ui/SipHome$TabsAdapter;--->getPositionForId(I)Ljava/lang/Integer;
09-18 18:40:15.232 12029 12029 D M_InsDal: Lcom/csipsimple/ui/SipHome;--->onPause()V
09-18 18:40:15.232 12029 12029 D M_InsDal: Lcom/csipsimple/utils/Log;--->d(Ljava/lang/String;Ljava/lang/String;)V
09-18 18:40:15.234 12029 12029 D M_InsDal: Lcom/csipsimple/ui/SipHome$1;--->run()V
09-18 18:40:15.234 12029 12029 D M_InsDal: Lcom/csipsimple/ui/SipHome;--->refreshWarningTabDisplay()V
09-18 18:40:15.234 12029 12029 D M_InsDal: Lcom/csipsimple/ui/SipHome$TabsAdapter;--->getPositionForId(I)Ljava/lang/Integer;
09-18 18:40:15.234 12029 12029 D M_InsDal: Lcom/csipsimple/ui/SipHome$1;--->run()V
09-18 18:40:15.235 12029 12029 D M_InsDal: Lcom/csipsimple/ui/SipHome;--->refreshWarningTabDisplay()V
09-18 18:40:15.235 12029 12029 D M_InsDal: Lcom/csipsimple/ui/SipHome$TabsAdapter;--->getPositionForId(I)Ljava/lang/Integer;
09-18 18:40:15.239 12029 12029 D M_InsDal: Lcom/csipsimple/ui/SipHome$TabsAdapter;--->getCount()I
09-18 18:40:15.239 12029 12029 D M_InsDal: Lcom/csipsimple/ui/SipHome$TabsAdapter;--->getItem(I)Landroid/support/v4/app/Fragment;
09-18 18:40:15.239 12029 12029 D M_InsDal: Lcom/csipsimple/ui/calllog/CallLogListFragment;---><init>()V
09-18 18:40:15.239 12029 12029 D M_InsDal: Lcom/csipsimple/widgets/CSSListFragment;---><init>()V
09-18 18:40:15.239 12029 12029 D M_InsDal: Lcom/csipsimple/ui/SipHome$TabsAdapter;--->getItem(I)Landroid/support/v4/app/Fragment;
09-18 18:40:15.239 12029 12029 D M_InsDal: Lcom/csipsimple/ui/dialpad/DialerFragment;---><init>()V
09-18 18:40:15.240 12029 12029 D M_InsDal: Lcom/csipsimple/ui/dialpad/DialerFragment$1;---><init>(Lcom/csipsimple/ui/dialpad/DialerFragment;)V
09-18 18:40:15.240 12029 12029 D M_InsDal: Lcom/csipsimple/ui/dialpad/DialerFragment$2;---><init>(Lcom/csipsimple/ui/dialpad/DialerFragment;)V
09-18 18:40:15.240 12029 12029 D M_InsDal: Lcom/csipsimple/ui/dialpad/DialerFragment$3;---><init>(Lcom/csipsimple/ui/dialpad/DialerFragment;)V
09-18 18:40:15.240 12029 12029 D M_InsDal: Lcom/csipsimple/ui/SipHome$TabsAdapter;--->getItem(I)Landroid/support/v4/app/Fragment;
09-18 18:40:15.240 12029 12029 D M_InsDal: Lcom/csipsimple/ui/favorites/FavListFragment;---><init>()V
09-18 18:40:15.240 12029 12029 D M_InsDal: Lcom/csipsimple/widgets/CSSListFragment;---><init>()V
09-18 18:40:15.240 12029 12029 D M_InsDal: Lcom/csipsimple/ui/SipHome$TabsAdapter;--->getCount()I
09-18 18:40:15.240 12029 12029 D M_InsDal: Lcom/csipsimple/ui/SipHome;--->onAttachFragment(Landroid/support/v4/app/Fragment;)V
09-18 18:40:15.240 12029 12029 D M_InsDal: Lcom/csipsimple/ui/SipHome$TabsAdapter;--->getIdForPosition(I)Ljava/lang/Integer;
09-18 18:40:15.240 12029 12029 D M_InsDal: Lcom/csipsimple/ui/calllog/CallLogListFragment;--->onVisibilityChanged(Z)V
09-18 18:40:15.240 12029 12029 D M_InsDal: Lcom/csipsimple/ui/calllog/CallLogListFragment;--->attachAdapter()V
09-18 18:40:15.240 12029 12029 D M_InsDal: Lcom/csipsimple/utils/Log;--->d(Ljava/lang/String;Ljava/lang/String;)V
09-18 18:40:15.240 12029 12029 D M_InsDal: Lcom/csipsimple/ui/calllog/CallLogAdapter;---><init>(Landroid/content/Context;Lcom/csipsimple/ui/calllog/CallLogAdapter$CallFetcher;)V
09-18 18:40:15.240 12029 12029 D M_InsDal: Lcom/csipsimple/ui/calllog/GroupingListAdapter;---><init>(Landroid/content/Context;)V
09-18 18:40:15.240 12029 12029 D M_InsDal: Lcom/csipsimple/ui/calllog/GroupingListAdapter$PositionMetadata;---><init>()V
09-18 18:40:15.240 12029 12029 D M_InsDal: Lcom/csipsimple/ui/calllog/GroupingListAdapter$1;---><init>(Lcom/csipsimple/ui/calllog/GroupingListAdapter;Landroid/os/Handler;)V
09-18 18:40:15.240 12029 12029 D M_InsDal: Lcom/csipsimple/ui/calllog/GroupingListAdapter$2;---><init>(Lcom/csipsimple/ui/calllog/GroupingListAdapter;)V
09-18 18:40:15.240 12029 12029 D M_InsDal: Lcom/csipsimple/ui/calllog/GroupingListAdapter;--->resetCache()V
09-18 18:40:15.240 12029 12029 D M_InsDal: Lcom/csipsimple/ui/calllog/CallLogAdapter$1;---><init>(Lcom/csipsimple/ui/calllog/CallLogAdapter;)V
09-18 18:40:15.240 12029 12029 D M_InsDal: Lcom/csipsimple/ui/calllog/CallLogAdapter$2;---><init>(Lcom/csipsimple/ui/calllog/CallLogAdapter;)V
09-18 18:40:15.240 12029 12029 D M_InsDal: Lcom/csipsimple/ui/calllog/PhoneCallDetailsHelper;---><init>(Landroid/content/res/Resources;)V
09-18 18:40:15.240 12029 12029 D M_InsDal: Lcom/csipsimple/ui/calllog/CallLogListItemHelper;---><init>(Lcom/csipsimple/ui/calllog/PhoneCallDetailsHelper;Landroid/content/Context;)V
09-18 18:40:15.240 12029 12029 D M_InsDal: Lcom/csipsimple/utils/Theme;--->getCurrentTheme(Landroid/content/Context;)Lcom/csipsimple/utils/Theme;
09-18 18:40:15.240 12029 12029 D M_InsDal: Lcom/csipsimple/api/SipConfigManager;--->getPreferenceStringValue(Landroid/content/Context;Ljava/lang/String;)Ljava/lang/String;
09-18 18:40:15.240 12029 12029 D M_InsDal: Lcom/csipsimple/api/SipConfigManager;--->getPreferenceStringValue(Landroid/content/Context;Ljava/lang/String;Ljava/lang/String;)Ljava/lang/String;
09-18 18:40:15.240 12029 12029 D M_InsDal: Lcom/csipsimple/api/SipConfigManager;--->getPrefUriForKey(Ljava/lang/String;)Landroid/net/Uri;
09-18 18:40:15.240 12029 12029 D M_InsDal: Lcom/csipsimple/service/PreferenceProvider;--->query(Landroid/net/Uri;[Ljava/lang/String;Ljava/lang/String;[Ljava/lang/String;Ljava/lang/String;)Landroid/database/Cursor;
09-18 18:40:15.240 12029 12029 D M_InsDal: Lcom/csipsimple/utils/PreferencesWrapper;--->getPreferenceStringValue(Ljava/lang/String;)Ljava/lang/String;
09-18 18:40:15.240 12029 12029 D M_InsDal: Lcom/csipsimple/utils/PreferencesWrapper;--->gPrefStringValue(Landroid/content/SharedPreferences;Ljava/lang/String;)Ljava/lang/String;
09-18 18:40:15.240 12029 12029 D M_InsDal: Lcom/csipsimple/ui/calllog/CallLogGroupBuilder;---><init>(Lcom/csipsimple/ui/calllog/CallLogGroupBuilder$GroupCreator;)V
09-18 18:40:15.240 12029 12029 D M_InsDal: Lcom/csipsimple/ui/calllog/CallLogAdapter;--->setOnCallLogActionListener(Lcom/csipsimple/ui/calllog/CallLogAdapter$OnCallLogAction;)V
09-18 18:40:15.240 12029 12029 D M_InsDal: Lcom/csipsimple/ui/calllog/CallLogListFragment;--->onCreateLoader(ILandroid/os/Bundle;)Landroid/support/v4/content/Loader;
09-18 18:40:15.241 12029 12029 D M_InsDal: Lcom/csipsimple/api/SipManager;---><clinit>()V
09-18 18:40:15.241 12029 12029 D M_InsDal: Lcom/csipsimple/ui/calllog/CallLogListFragment;--->onCreateView(Landroid/view/LayoutInflater;Landroid/view/ViewGroup;Landroid/os/Bundle;)Landroid/view/View;
09-18 18:40:15.243 12029 12029 D M_InsDal: Lcom/csipsimple/ui/calllog/GroupingListAdapter;--->getCount()I
09-18 18:40:15.243 12029 12029 D M_InsDal: Lcom/csipsimple/ui/calllog/GroupingListAdapter;--->getCount()I
09-18 18:40:15.243 12029 12029 D M_InsDal: Lcom/csipsimple/ui/calllog/GroupingListAdapter;--->getViewTypeCount()I
09-18 18:40:15.243 12029 12029 D M_InsDal: Lcom/csipsimple/ui/calllog/CallLogListFragment;--->onViewCreated(Landroid/view/View;Landroid/os/Bundle;)V
09-18 18:40:15.244 12029 12029 D M_InsDal: Lcom/csipsimple/ui/calllog/CallLogListFragment$1;---><init>(Lcom/csipsimple/ui/calllog/CallLogListFragment;)V
09-18 18:40:15.244 12029 12029 D M_InsDal: Lcom/csipsimple/widgets/CSSListFragment;--->onActivityCreated(Landroid/os/Bundle;)V
09-18 18:40:15.244 12029 12029 D M_InsDal: Lcom/csipsimple/ui/calllog/CallLogListFragment;--->onActivityCreated(Landroid/os/Bundle;)V
09-18 18:40:15.244 12029 12029 D M_InsDal: Lcom/csipsimple/ui/dialpad/DialerFragment;--->onAttach(Landroid/app/Activity;)V
09-18 18:40:15.245 12029 12029 D M_InsDal: Lcom/csipsimple/utils/PreferencesWrapper;---><init>(Landroid/content/Context;)V
09-18 18:40:15.245 12029 12029 D M_InsDal: Lcom/csipsimple/utils/DialingFeedback;---><init>(Landroid/app/Activity;Z)V
09-18 18:40:15.245 12029 12029 D M_InsDal: Lcom/csipsimple/utils/PreferencesWrapper;---><init>(Landroid/content/Context;)V
09-18 18:40:15.245 12029 12029 D M_InsDal: Lcom/csipsimple/utils/DialingFeedback;--->resume()V
09-18 18:40:15.245 12029 12029 D M_InsDal: Lcom/csipsimple/utils/PreferencesWrapper;--->dialPressTone()Z
09-18 18:40:15.245 12029 12029 D M_InsDal: Lcom/csipsimple/utils/PreferencesWrapper;--->getPreferenceIntegerValue(Ljava/lang/String;)Ljava/lang/Integer;
09-18 18:40:15.245 12029 12029 D M_InsDal: Lcom/csipsimple/utils/PreferencesWrapper;--->getPreferenceStringValue(Ljava/lang/String;)Ljava/lang/String;
09-18 18:40:15.245 12029 12029 D M_InsDal: Lcom/csipsimple/utils/PreferencesWrapper;--->gPrefStringValue(Landroid/content/SharedPreferences;Ljava/lang/String;)Ljava/lang/String;
09-18 18:40:15.245 12029 12029 D M_InsDal: Lcom/csipsimple/utils/PreferencesWrapper;--->dialPressVibrate()Z
09-18 18:40:15.245 12029 12029 D M_InsDal: Lcom/csipsimple/utils/PreferencesWrapper;--->getPreferenceIntegerValue(Ljava/lang/String;)Ljava/lang/Integer;
09-18 18:40:15.245 12029 12029 D M_InsDal: Lcom/csipsimple/utils/PreferencesWrapper;--->getPreferenceStringValue(Ljava/lang/String;)Ljava/lang/String;
09-18 18:40:15.245 12029 12029 D M_InsDal: Lcom/csipsimple/utils/PreferencesWrapper;--->gPrefStringValue(Landroid/content/SharedPreferences;Ljava/lang/String;)Ljava/lang/String;
09-18 18:40:15.248 12029 12029 D M_InsDal: Lcom/csipsimple/ui/SipHome;--->onAttachFragment(Landroid/support/v4/app/Fragment;)V
09-18 18:40:15.248 12029 12029 D M_InsDal: Lcom/csipsimple/ui/SipHome$TabsAdapter;--->getIdForPosition(I)Ljava/lang/Integer;
09-18 18:40:15.248 12029 12029 D M_InsDal: Lcom/csipsimple/ui/dialpad/DialerFragment;--->onCreate(Landroid/os/Bundle;)V
09-18 18:40:15.250 12029 12029 D M_InsDal: Lcom/csipsimple/utils/contacts/ContactsSearchAdapter;---><init>(Landroid/content/Context;)V
09-18 18:40:15.250 12029 12029 D M_InsDal: Lcom/csipsimple/ui/dialpad/DialerFragment$OnAutoCompleteListItemClicked;---><init>(Lcom/csipsimple/ui/dialpad/DialerFragment;Lcom/csipsimple/utils/contacts/ContactsSearchAdapter;)V
09-18 18:40:15.250 12029 12029 D M_InsDal: Lcom/csipsimple/utils/PreferencesWrapper;--->startIsDigit()Z
09-18 18:40:15.250 12029 12029 D M_InsDal: Lcom/csipsimple/ui/dialpad/DialerFragment;--->onCreateView(Landroid/view/LayoutInflater;Landroid/view/ViewGroup;Landroid/os/Bundle;)Landroid/view/View;
09-18 18:40:15.250 12029 12029 D M_InsDal: Lcom/csipsimple/ui/dialpad/DialerLayout;---><init>(Landroid/content/Context;Landroid/util/AttributeSet;)V
09-18 18:40:15.250 12029 12029 D M_InsDal: Lcom/csipsimple/ui/dialpad/DialerLayout;--->init()V
09-18 18:40:15.251 12029 12029 D M_InsDal: Lcom/csipsimple/ui/dialpad/DigitsEditText;---><init>(Landroid/content/Context;Landroid/util/AttributeSet;)V
09-18 18:40:15.251 12029 12029 D M_InsDal: Lcom/csipsimple/ui/dialpad/DigitsEditText;--->isTextSelectable()Z
09-18 18:40:15.251 12029 12029 D M_InsDal: Lcom/csipsimple/ui/dialpad/DigitsEditText;--->onSelectionChanged(II)V
09-18 18:40:15.254 12029 12029 D M_InsDal: Lcom/csipsimple/widgets/AccountChooserButton;---><clinit>()V
09-18 18:40:15.254 12029 12029 D M_InsDal: Lcom/csipsimple/widgets/AccountChooserButton;---><init>(Landroid/content/Context;Landroid/util/AttributeSet;)V
09-18 18:40:15.255 12029 12029 D M_InsDal: Lcom/csipsimple/widgets/AccountChooserButton;--->setAccount(Lcom/csipsimple/api/SipProfile;)V
09-18 18:40:15.255 12029 12029 D M_InsDal: Lcom/csipsimple/utils/Compatibility;--->canMakeGSMCall(Landroid/content/Context;)Z
09-18 18:40:15.255 12029 12029 D M_InsDal: Lcom/csipsimple/utils/PreferencesWrapper;---><init>(Landroid/content/Context;)V
09-18 18:40:15.255 12029 12029 D M_InsDal: Lcom/csipsimple/utils/PreferencesWrapper;--->getGsmIntegrationType()I
09-18 18:40:15.255 12029 12029 D M_InsDal: Lcom/csipsimple/utils/PreferencesWrapper;--->getPreferenceStringValue(Ljava/lang/String;)Ljava/lang/String;
09-18 18:40:15.255 12029 12029 D M_InsDal: Lcom/csipsimple/utils/PreferencesWrapper;--->gPrefStringValue(Landroid/content/SharedPreferences;Ljava/lang/String;)Ljava/lang/String;
09-18 18:40:15.255 12029 12029 D M_InsDal: Lcom/csipsimple/utils/PhoneCapabilityTester;--->isPhone(Landroid/content/Context;)Z
09-18 18:40:15.256 12029 12029 D M_InsDal: Lcom/csipsimple/widgets/Dialpad;---><clinit>()V
09-18 18:40:15.256 12029 12029 D M_InsDal: Lcom/csipsimple/widgets/Dialpad;---><init>(Landroid/content/Context;Landroid/util/AttributeSet;)V
09-18 18:40:15.267 12029 12029 D M_InsDal: Lcom/csipsimple/widgets/Dialpad;--->onFinishInflate()V
09-18 18:40:15.268 12029 12029 D M_InsDal: Lcom/csipsimple/widgets/DialerCallBar;---><init>(Landroid/content/Context;Landroid/util/AttributeSet;)V
09-18 18:40:15.268 12029 12029 D M_InsDal: Lcom/csipsimple/widgets/DialerCallBar;---><init>(Landroid/content/Context;Landroid/util/AttributeSet;I)V
09-18 18:40:15.270 12029 12029 D M_InsDal: Lcom/csipsimple/ui/dialpad/DialerLayout;--->setForceNoList(Z)V
09-18 18:40:15.270 12029 12029 D M_InsDal: Lcom/csipsimple/widgets/AccountChooserButton;--->setShowExternals(Z)V
09-18 18:40:15.270 12029 12029 D M_InsDal: Lcom/csipsimple/widgets/AccountChooserButton;--->setOnAccountChangeListener(Lcom/csipsimple/widgets/AccountChooserButton$OnAccountChangeListener;)V
09-18 18:40:15.270 12029 12029 D M_InsDal: Lcom/csipsimple/widgets/Dialpad;--->setOnDialKeyListener(Lcom/csipsimple/widgets/Dialpad$OnDialKeyListener;)V
09-18 18:40:15.270 12029 12029 D M_InsDal: Lcom/csipsimple/widgets/DialerCallBar;--->setOnDialActionListener(Lcom/csipsimple/widgets/DialerCallBar$OnDialActionListener;)V
09-18 18:40:15.270 12029 12029 D M_InsDal: Lcom/csipsimple/utils/PreferencesWrapper;--->getPreferenceBooleanValue(Ljava/lang/String;)Ljava/lang/Boolean;
09-18 18:40:15.270 12029 12029 D M_InsDal: Lcom/csipsimple/utils/PreferencesWrapper;--->gPrefBooleanValue(Landroid/content/SharedPreferences;Ljava/lang/String;)Ljava/lang/Boolean;
09-18 18:40:15.270 12029 12029 D M_InsDal: Lcom/csipsimple/widgets/DialerCallBar;--->setVideoEnabled(Z)V
09-18 18:40:15.270 12029 12029 D M_InsDal: Lcom/csipsimple/ui/dialpad/DialerFragment;--->initButtons(Landroid/view/View;)V
09-18 18:40:15.270 12029 12029 D M_InsDal: Lcom/csipsimple/ui/dialpad/DialerFragment;--->attachButtonListener(Landroid/view/View;IZ)V
09-18 18:40:15.270 12029 12029 D M_InsDal: Lcom/csipsimple/ui/dialpad/DialerFragment;--->attachButtonListener(Landroid/view/View;IZ)V
09-18 18:40:15.270 12029 12029 D M_InsDal: Lcom/csipsimple/ui/dialpad/DialerFragment;--->afterTextChanged(Landroid/text/Editable;)V
09-18 18:40:15.270 12029 12029 D M_InsDal: Lcom/csipsimple/widgets/DialerCallBar;--->setEnabled(Z)V
09-18 18:40:15.270 12029 12029 D M_InsDal: Lcom/csipsimple/ui/dialpad/DialerFragment;--->hasAutocompleteList()Z
09-18 18:40:15.270 12029 12029 D M_InsDal: Lcom/csipsimple/ui/dialpad/DialerLayout;--->canShowList()Z
09-18 18:40:15.270 12029 12029 D M_InsDal: Lcom/csipsimple/ui/dialpad/DialerFragment;--->setTextDialing(ZZ)V
09-18 18:40:15.270 12029 12029 D M_InsDal: Lcom/csipsimple/ui/dialpad/DigitsEditText;--->setIsDigit(ZZ)V
09-18 18:40:15.270 12029 12029 D M_InsDal: Lcom/csipsimple/ui/dialpad/DialerFragment;--->hasAutocompleteList()Z
09-18 18:40:15.270 12029 12029 D M_InsDal: Lcom/csipsimple/ui/dialpad/DialerLayout;--->canShowList()Z
09-18 18:40:15.270 12029 12029 D M_InsDal: Lcom/csipsimple/ui/dialpad/DialerFragment;--->applyTheme(Landroid/view/View;)V
09-18 18:40:15.270 12029 12029 D M_InsDal: Lcom/csipsimple/utils/Theme;--->getCurrentTheme(Landroid/content/Context;)Lcom/csipsimple/utils/Theme;
09-18 18:40:15.270 12029 12029 D M_InsDal: Lcom/csipsimple/api/SipConfigManager;--->getPreferenceStringValue(Landroid/content/Context;Ljava/lang/String;)Ljava/lang/String;
09-18 18:40:15.270 12029 12029 D M_InsDal: Lcom/csipsimple/api/SipConfigManager;--->getPreferenceStringValue(Landroid/content/Context;Ljava/lang/String;Ljava/lang/String;)Ljava/lang/String;
09-18 18:40:15.270 12029 12029 D M_InsDal: Lcom/csipsimple/api/SipConfigManager;--->getPrefUriForKey(Ljava/lang/String;)Landroid/net/Uri;
09-18 18:40:15.270 12029 12029 D M_InsDal: Lcom/csipsimple/service/PreferenceProvider;--->query(Landroid/net/Uri;[Ljava/lang/String;Ljava/lang/String;[Ljava/lang/String;Ljava/lang/String;)Landroid/database/Cursor;
09-18 18:40:15.270 12029 12029 D M_InsDal: Lcom/csipsimple/utils/PreferencesWrapper;--->getPreferenceStringValue(Ljava/lang/String;)Ljava/lang/String;
09-18 18:40:15.270 12029 12029 D M_InsDal: Lcom/csipsimple/utils/PreferencesWrapper;--->gPrefStringValue(Landroid/content/SharedPreferences;Ljava/lang/String;)Ljava/lang/String;
09-18 18:40:15.270 12029 12029 D M_InsDal: Lcom/csipsimple/utils/Theme;--->fixRepeatableBackground(Landroid/view/View;)V
09-18 18:40:15.270 12029 12029 D M_InsDal: Lcom/csipsimple/utils/Theme;--->needRepeatableFix()Z
09-18 18:40:15.270 12029 12029 D M_InsDal: Lcom/csipsimple/utils/Compatibility;--->isCompatible(I)Z
09-18 18:40:15.270 12029 12029 D M_InsDal: Lcom/csipsimple/ui/dialpad/DigitsEditText;--->isTextSelectable()Z
09-18 18:40:15.271 12029 12029 D M_InsDal: Lcom/csipsimple/widgets/AccountChooserButton;--->onAttachedToWindow()V
09-18 18:40:15.271 12029 12029 D M_InsDal: Lcom/csipsimple/widgets/AccountChooserButton$AccountStatusContentObserver;---><init>(Lcom/csipsimple/widgets/AccountChooserButton;Landroid/os/Handler;)V
09-18 18:40:15.271 12029 12029 D M_InsDal: Lcom/csipsimple/api/SipProfile;---><clinit>()V
09-18 18:40:15.271 12029 12029 D M_InsDal: Lcom/csipsimple/api/SipProfile$1;---><init>()V
09-18 18:40:15.271 12029 12029 D M_InsDal: Lcom/csipsimple/widgets/AccountChooserButton;--->updateRegistration()V
09-18 18:40:15.273 12052 12052 D M_InsDal: Lcom/csipsimple/db/DBProvider;---><clinit>()V
09-18 18:40:15.273 12052 12052 D M_InsDal: Lcom/csipsimple/db/DBProvider;---><init>()V
09-18 18:40:15.273 12052 12052 D M_InsDal: Lcom/csipsimple/db/DBProvider;--->onCreate()Z
09-18 18:40:15.273 12052 12052 D M_InsDal: Lcom/csipsimple/db/DBAdapter$DatabaseHelper;---><init>(Landroid/content/Context;)V
09-18 18:40:15.274 12052 12052 D M_InsDal: Lcom/csipsimple/service/SipService;---><clinit>()V
09-18 18:40:15.274 12052 12075 D M_InsDal: Lcom/csipsimple/db/DBProvider;--->query(Landroid/net/Uri;[Ljava/lang/String;Ljava/lang/String;[Ljava/lang/String;Ljava/lang/String;)Landroid/database/Cursor;
09-18 18:40:15.274 12052 12052 D M_InsDal: Lcom/csipsimple/service/SipService;---><init>()V
09-18 18:40:15.274 12052 12074 D M_InsDal: Lcom/csipsimple/db/DBProvider;--->query(Landroid/net/Uri;[Ljava/lang/String;Ljava/lang/String;[Ljava/lang/String;Ljava/lang/String;)Landroid/database/Cursor;
09-18 18:40:15.275 12052 12052 D M_InsDal: Lcom/csipsimple/service/SipService$1;---><init>(Lcom/csipsimple/service/SipService;)V
09-18 18:40:15.275 12052 12052 D M_InsDal: Lcom/csipsimple/api/ISipService$Stub;---><init>()V
09-18 18:40:15.275 12052 12052 D M_InsDal: Lcom/csipsimple/service/SipService$2;---><init>(Lcom/csipsimple/service/SipService;)V
09-18 18:40:15.275 12052 12052 D M_InsDal: Lcom/csipsimple/api/ISipConfiguration$Stub;---><init>()V
09-18 18:40:15.275 12052 12052 D M_InsDal: Lcom/csipsimple/service/SipService$ServiceHandler;---><init>(Lcom/csipsimple/service/SipService;)V
09-18 18:40:15.275 12052 12052 D M_InsDal: Lcom/csipsimple/api/SipManager$PresenceStatus;---><clinit>()V
09-18 18:40:15.275 12052 12052 D M_InsDal: Lcom/csipsimple/api/SipManager$PresenceStatus;---><init>(Ljava/lang/String;I)V
09-18 18:40:15.275 12052 12052 D M_InsDal: Lcom/csipsimple/api/SipManager$PresenceStatus;---><init>(Ljava/lang/String;I)V
09-18 18:40:15.275 12052 12052 D M_InsDal: Lcom/csipsimple/service/SipService;--->onCreate()V
09-18 18:40:15.275 12052 12052 D M_InsDal: Lcom/csipsimple/utils/Log;---><clinit>()V
09-18 18:40:15.275 12052 12052 D M_InsDal: Lcom/csipsimple/utils/Log;--->i(Ljava/lang/String;Ljava/lang/String;)V
09-18 18:40:15.275 12052 12052 D M_InsDal: Lcom/csipsimple/utils/PreferencesProviderWrapper;---><init>(Landroid/content/Context;)V
09-18 18:40:15.275 12052 12052 D M_InsDal: Lcom/csipsimple/utils/PreferencesProviderWrapper;--->getLogLevel()I
09-18 18:40:15.275 12052 12052 D M_InsDal: Lcom/csipsimple/api/SipConfigManager;---><clinit>()V
09-18 18:40:15.275 12052 12052 D M_InsDal: Lcom/csipsimple/api/SipConfigManager;--->getPreferenceIntegerValue(Landroid/content/Context;Ljava/lang/String;Ljava/lang/Integer;)Ljava/lang/Integer;
09-18 18:40:15.275 12052 12052 D M_InsDal: Lcom/csipsimple/api/SipConfigManager;--->getPrefUriForKey(Ljava/lang/String;)Landroid/net/Uri;
09-18 18:40:15.276 12029 12044 D M_InsDal: Lcom/csipsimple/service/PreferenceProvider;--->query(Landroid/net/Uri;[Ljava/lang/String;Ljava/lang/String;[Ljava/lang/String;Ljava/lang/String;)Landroid/database/Cursor;
09-18 18:40:15.276 12029 12044 D M_InsDal: Lcom/csipsimple/utils/PreferencesWrapper;--->getPreferenceIntegerValue(Ljava/lang/String;)Ljava/lang/Integer;
09-18 18:40:15.276 12029 12044 D M_InsDal: Lcom/csipsimple/utils/PreferencesWrapper;--->getPreferenceStringValue(Ljava/lang/String;)Ljava/lang/String;
09-18 18:40:15.276 12029 12044 D M_InsDal: Lcom/csipsimple/utils/PreferencesWrapper;--->gPrefStringValue(Landroid/content/SharedPreferences;Ljava/lang/String;)Ljava/lang/String;
09-18 18:40:15.277 12052 12052 D M_InsDal: Lcom/csipsimple/utils/Log;--->setLogLevel(I)V
09-18 18:40:15.277 12052 12052 D M_InsDal: Lcom/csipsimple/service/SipNotifications;---><clinit>()V
09-18 18:40:15.277 12052 12052 D M_InsDal: Lcom/csipsimple/service/SipNotifications;---><init>(Landroid/content/Context;)V
09-18 18:40:15.277 12052 12052 D M_InsDal: Lcom/csipsimple/service/SipNotifications;--->cancelAll()V
09-18 18:40:15.277 12052 12052 D M_InsDal: Lcom/csipsimple/service/SipNotifications;--->cancelMessages()V
09-18 18:40:15.277 12052 12052 D M_InsDal: Lcom/csipsimple/service/SipNotifications;--->cancelMissedCalls()V
09-18 18:40:15.278 12052 12052 D M_InsDal: Lcom/csipsimple/service/SipNotifications;--->cancelVoicemails()V
09-18 18:40:15.278 12052 12052 D M_InsDal: Lcom/csipsimple/service/SipNotifications;--->cancelCalls()V
09-18 18:40:15.278 12052 12052 D M_InsDal: Lcom/csipsimple/utils/Compatibility;--->isCompatible(I)Z
09-18 18:40:15.278 12052 12052 D M_InsDal: Lcom/csipsimple/service/SipNotifications;--->onServiceCreate()V
09-18 18:40:15.278 12052 12052 D M_InsDal: Lcom/csipsimple/service/SipWakeLock;---><init>(Landroid/os/PowerManager;)V
09-18 18:40:15.278 12052 12052 D M_InsDal: Lcom/csipsimple/utils/PreferencesProviderWrapper;--->getPreferenceBooleanValue(Ljava/lang/String;Z)Z
09-18 18:40:15.278 12052 12052 D M_InsDal: Lcom/csipsimple/api/SipConfigManager;--->getPreferenceBooleanValue(Landroid/content/Context;Ljava/lang/String;Ljava/lang/Boolean;)Ljava/lang/Boolean;
09-18 18:40:15.278 12052 12052 D M_InsDal: Lcom/csipsimple/api/SipConfigManager;--->getPrefUriForKey(Ljava/lang/String;)Landroid/net/Uri;
09-18 18:40:15.278 12029 12029 D M_InsDal: Lcom/csipsimple/widgets/AccountChooserButton;--->setAccount(Lcom/csipsimple/api/SipProfile;)V
09-18 18:40:15.278 12029 12029 D M_InsDal: Lcom/csipsimple/utils/Compatibility;--->canMakeGSMCall(Landroid/content/Context;)Z
09-18 18:40:15.278 12029 12029 D M_InsDal: Lcom/csipsimple/utils/PreferencesWrapper;---><init>(Landroid/content/Context;)V
09-18 18:40:15.278 12029 12029 D M_InsDal: Lcom/csipsimple/utils/PreferencesWrapper;--->getGsmIntegrationType()I
09-18 18:40:15.278 12029 12029 D M_InsDal: Lcom/csipsimple/utils/PreferencesWrapper;--->getPreferenceStringValue(Ljava/lang/String;)Ljava/lang/String;
09-18 18:40:15.278 12029 12029 D M_InsDal: Lcom/csipsimple/utils/PreferencesWrapper;--->gPrefStringValue(Landroid/content/SharedPreferences;Ljava/lang/String;)Ljava/lang/String;
09-18 18:40:15.278 12029 12029 D M_InsDal: Lcom/csipsimple/utils/PhoneCapabilityTester;--->isPhone(Landroid/content/Context;)Z
09-18 18:40:15.278 12029 12044 D M_InsDal: Lcom/csipsimple/service/PreferenceProvider;--->query(Landroid/net/Uri;[Ljava/lang/String;Ljava/lang/String;[Ljava/lang/String;Ljava/lang/String;)Landroid/database/Cursor;
09-18 18:40:15.278 12029 12029 D M_InsDal: Lcom/csipsimple/ui/dialpad/DialerFragment$3;--->onChooseAccount(Lcom/csipsimple/api/SipProfile;)V
09-18 18:40:15.278 12029 12029 D M_InsDal: Lcom/csipsimple/utils/contacts/ContactsSearchAdapter;--->setSelectedAccount(J)V
09-18 18:40:15.278 12029 12044 D M_InsDal: Lcom/csipsimple/utils/PreferencesWrapper;--->getPreferenceBooleanValue(Ljava/lang/String;)Ljava/lang/Boolean;
09-18 18:40:15.278 12029 12044 D M_InsDal: Lcom/csipsimple/utils/PreferencesWrapper;--->gPrefBooleanValue(Landroid/content/SharedPreferences;Ljava/lang/String;)Ljava/lang/Boolean;
09-18 18:40:15.278 12029 12029 D M_InsDal: Lcom/csipsimple/ui/SipHome;--->onAttachFragment(Landroid/support/v4/app/Fragment;)V
09-18 18:40:15.278 12029 12029 D M_InsDal: Lcom/csipsimple/ui/SipHome$TabsAdapter;--->getIdForPosition(I)Ljava/lang/Integer;
09-18 18:40:15.278 12029 12029 D M_InsDal: Lcom/csipsimple/ui/favorites/FavListFragment;--->onCreate(Landroid/os/Bundle;)V
09-18 18:40:15.279 12029 12029 D M_InsDal: Lcom/csipsimple/ui/favorites/FavListFragment;--->onViewCreated(Landroid/view/View;Landroid/os/Bundle;)V
09-18 18:40:15.279 12029 12029 D M_InsDal: Lcom/csipsimple/widgets/CSSListFragment;--->onActivityCreated(Landroid/os/Bundle;)V
09-18 18:40:15.279 12029 12029 D M_InsDal: Lcom/csipsimple/ui/favorites/FavListFragment;--->onActivityCreated(Landroid/os/Bundle;)V
09-18 18:40:15.279 12052 12052 D M_InsDal: Lcom/csipsimple/utils/Log;--->d(Ljava/lang/String;Ljava/lang/String;)V
09-18 18:40:15.279 12052 12052 D M_InsDal: Lcom/csipsimple/service/PresenceManager;---><clinit>()V
09-18 18:40:15.279 12052 12052 D M_InsDal: Lcom/csipsimple/service/PresenceManager;---><init>()V
09-18 18:40:15.279 12052 12052 D M_InsDal: Lcom/csipsimple/service/SipService;--->onBind(Landroid/content/Intent;)Landroid/os/IBinder;
09-18 18:40:15.279 12052 12052 D M_InsDal: Lcom/csipsimple/utils/Log;--->d(Ljava/lang/String;Ljava/lang/String;)V
