09-18 18:44:41.187 13365 13365 D M_InsDal: Lcom/csipsimple/utils/Log;--->d(Ljava/lang/String;Ljava/lang/String;)V
09-18 18:44:41.187 13365 13365 D M_InsDal: Lcom/csipsimple/utils/Log;--->d(Ljava/lang/String;Ljava/lang/String;)V
09-18 18:44:41.187 13365 13365 D M_InsDal: Lcom/csipsimple/service/SipService;--->onStart(Landroid/content/Intent;I)V
09-18 18:44:41.187 13365 13365 D M_InsDal: Lcom/csipsimple/service/SipService;--->registerForOutgoing(Landroid/content/ComponentName;)V
09-18 18:44:41.187 13365 13365 D M_InsDal: Lcom/csipsimple/service/SipService;--->isConnectivityValid()Z
09-18 18:44:41.187 13365 13365 D M_InsDal: Lcom/csipsimple/utils/PreferencesProviderWrapper;--->getPreferenceBooleanValue(Ljava/lang/String;Z)Z
09-18 18:44:41.187 13365 13365 D M_InsDal: Lcom/csipsimple/api/SipConfigManager;--->getPreferenceBooleanValue(Landroid/content/Context;Ljava/lang/String;Ljava/lang/Boolean;)Ljava/lang/Boolean;
09-18 18:44:41.187 13365 13365 D M_InsDal: Lcom/csipsimple/api/SipConfigManager;--->getPrefUriForKey(Ljava/lang/String;)Landroid/net/Uri;
09-18 18:44:41.187 13344 13358 D M_InsDal: Lcom/csipsimple/service/PreferenceProvider;--->query(Landroid/net/Uri;[Ljava/lang/String;Ljava/lang/String;[Ljava/lang/String;Ljava/lang/String;)Landroid/database/Cursor;
09-18 18:44:41.187 13344 13358 D M_InsDal: Lcom/csipsimple/utils/PreferencesWrapper;--->getPreferenceBooleanValue(Ljava/lang/String;)Ljava/lang/Boolean;
09-18 18:44:41.187 13344 13358 D M_InsDal: Lcom/csipsimple/utils/PreferencesWrapper;--->gPrefBooleanValue(Landroid/content/SharedPreferences;Ljava/lang/String;)Ljava/lang/Boolean;
09-18 18:44:41.187 13344 13344 D M_InsDal: Lcom/csipsimple/ui/calllog/CallLogListFragment;--->onViewCreated(Landroid/view/View;Landroid/os/Bundle;)V
09-18 18:44:41.188 13344 13344 D M_InsDal: Lcom/csipsimple/ui/calllog/CallLogListFragment$1;---><init>(Lcom/csipsimple/ui/calllog/CallLogListFragment;)V
09-18 18:44:41.188 13344 13344 D M_InsDal: Lcom/csipsimple/widgets/CSSListFragment;--->onActivityCreated(Landroid/os/Bundle;)V
09-18 18:44:41.188 13344 13344 D M_InsDal: Lcom/csipsimple/ui/calllog/CallLogListFragment;--->onActivityCreated(Landroid/os/Bundle;)V
09-18 18:44:41.188 13344 13344 D M_InsDal: Lcom/csipsimple/ui/dialpad/DialerLayout;--->onMeasure(II)V
09-18 18:44:41.188 13365 13365 D M_InsDal: Lcom/csipsimple/utils/PreferencesProviderWrapper;--->isValidConnectionForIncoming()Z
09-18 18:44:41.189 13365 13365 D M_InsDal: Lcom/csipsimple/utils/PreferencesProviderWrapper;--->isValidConnectionFor(Landroid/net/NetworkInfo;Ljava/lang/String;)Z
09-18 18:44:41.189 13365 13365 D M_InsDal: Lcom/csipsimple/utils/PreferencesProviderWrapper;--->isValidWifiConnectionFor(Landroid/net/NetworkInfo;Ljava/lang/String;)Z
09-18 18:44:41.189 13365 13365 D M_InsDal: Lcom/csipsimple/utils/PreferencesProviderWrapper;--->getPreferenceBooleanValue(Ljava/lang/String;Z)Z
09-18 18:44:41.189 13365 13365 D M_InsDal: Lcom/csipsimple/api/SipConfigManager;--->getPreferenceBooleanValue(Landroid/content/Context;Ljava/lang/String;Ljava/lang/Boolean;)Ljava/lang/Boolean;
09-18 18:44:41.189 13365 13365 D M_InsDal: Lcom/csipsimple/api/SipConfigManager;--->getPrefUriForKey(Ljava/lang/String;)Landroid/net/Uri;
09-18 18:44:41.189 13344 13358 D M_InsDal: Lcom/csipsimple/service/PreferenceProvider;--->query(Landroid/net/Uri;[Ljava/lang/String;Ljava/lang/String;[Ljava/lang/String;Ljava/lang/String;)Landroid/database/Cursor;
09-18 18:44:41.189 13344 13358 D M_InsDal: Lcom/csipsimple/utils/PreferencesWrapper;--->getPreferenceBooleanValue(Ljava/lang/String;)Ljava/lang/Boolean;
09-18 18:44:41.189 13344 13358 D M_InsDal: Lcom/csipsimple/utils/PreferencesWrapper;--->gPrefBooleanValue(Landroid/content/SharedPreferences;Ljava/lang/String;)Ljava/lang/Boolean;
09-18 18:44:41.189 13344 13344 D M_InsDal: Lcom/csipsimple/ui/dialpad/DigitsEditText;--->isTextSelectable()Z
09-18 18:44:41.190 13365 13365 D M_InsDal: Lcom/csipsimple/utils/Log;--->d(Ljava/lang/String;Ljava/lang/String;)V
09-18 18:44:41.190 13365 13365 D M_InsDal: Lcom/csipsimple/utils/PreferencesProviderWrapper;--->isValidConnectionForOutgoing()Z
09-18 18:44:41.190 13365 13365 D M_InsDal: Lcom/csipsimple/utils/PreferencesProviderWrapper;--->getPreferenceBooleanValue(Ljava/lang/String;Z)Z
09-18 18:44:41.190 13365 13365 D M_InsDal: Lcom/csipsimple/api/SipConfigManager;--->getPreferenceBooleanValue(Landroid/content/Context;Ljava/lang/String;Ljava/lang/Boolean;)Ljava/lang/Boolean;
09-18 18:44:41.190 13365 13365 D M_InsDal: Lcom/csipsimple/api/SipConfigManager;--->getPrefUriForKey(Ljava/lang/String;)Landroid/net/Uri;
09-18 18:44:41.190 13344 13344 D M_InsDal: Lcom/csipsimple/widgets/Dialpad;--->onMeasure(II)V
09-18 18:44:41.190 13344 13358 D M_InsDal: Lcom/csipsimple/service/PreferenceProvider;--->query(Landroid/net/Uri;[Ljava/lang/String;Ljava/lang/String;[Ljava/lang/String;Ljava/lang/String;)Landroid/database/Cursor;
09-18 18:44:41.190 13344 13358 D M_InsDal: Lcom/csipsimple/utils/PreferencesWrapper;--->getPreferenceBooleanValue(Ljava/lang/String;)Ljava/lang/Boolean;
09-18 18:44:41.190 13344 13358 D M_InsDal: Lcom/csipsimple/utils/PreferencesWrapper;--->gPrefBooleanValue(Landroid/content/SharedPreferences;Ljava/lang/String;)Ljava/lang/Boolean;
09-18 18:44:41.191 13365 13365 D M_InsDal: Lcom/csipsimple/utils/PreferencesProviderWrapper;--->isValidConnectionFor(Landroid/net/NetworkInfo;Ljava/lang/String;)Z
09-18 18:44:41.191 13365 13365 D M_InsDal: Lcom/csipsimple/utils/PreferencesProviderWrapper;--->isValidWifiConnectionFor(Landroid/net/NetworkInfo;Ljava/lang/String;)Z
09-18 18:44:41.191 13365 13365 D M_InsDal: Lcom/csipsimple/utils/PreferencesProviderWrapper;--->getPreferenceBooleanValue(Ljava/lang/String;Z)Z
09-18 18:44:41.191 13365 13365 D M_InsDal: Lcom/csipsimple/api/SipConfigManager;--->getPreferenceBooleanValue(Landroid/content/Context;Ljava/lang/String;Ljava/lang/Boolean;)Ljava/lang/Boolean;
09-18 18:44:41.191 13365 13365 D M_InsDal: Lcom/csipsimple/api/SipConfigManager;--->getPrefUriForKey(Ljava/lang/String;)Landroid/net/Uri;
09-18 18:44:41.192 13344 13358 D M_InsDal: Lcom/csipsimple/service/PreferenceProvider;--->query(Landroid/net/Uri;[Ljava/lang/String;Ljava/lang/String;[Ljava/lang/String;Ljava/lang/String;)Landroid/database/Cursor;
09-18 18:44:41.192 13344 13358 D M_InsDal: Lcom/csipsimple/utils/PreferencesWrapper;--->getPreferenceBooleanValue(Ljava/lang/String;)Ljava/lang/Boolean;
09-18 18:44:41.192 13344 13358 D M_InsDal: Lcom/csipsimple/utils/PreferencesWrapper;--->gPrefBooleanValue(Landroid/content/SharedPreferences;Ljava/lang/String;)Ljava/lang/Boolean;
09-18 18:44:41.193 13365 13365 D M_InsDal: Lcom/csipsimple/utils/Log;--->d(Ljava/lang/String;Ljava/lang/String;)V
09-18 18:44:41.193 13365 13365 D M_InsDal: Lcom/csipsimple/service/SipService;--->loadStack()Z
09-18 18:44:41.193 13365 13365 D M_InsDal: Lcom/csipsimple/pjsip/PjSipService;---><clinit>()V
09-18 18:44:41.193 13365 13365 D M_InsDal: Lcom/csipsimple/pjsip/PjSipService;---><init>()V
09-18 18:44:41.193 13344 13344 D M_InsDal: Lcom/csipsimple/ui/SipHome$TabsAdapter;--->getCount()I
09-18 18:44:41.193 13365 13365 D M_InsDal: Lcom/csipsimple/pjsip/PjSipService;--->setService(Lcom/csipsimple/service/SipService;)V
09-18 18:44:41.193 13365 13365 D M_InsDal: Lcom/csipsimple/service/SipService;--->getPrefs()Lcom/csipsimple/utils/PreferencesProviderWrapper;
09-18 18:44:41.193 13344 13344 D M_InsDal: Lcom/csipsimple/ui/SipHome$TabsAdapter;--->getCount()I
09-18 18:44:41.193 13365 13365 D M_InsDal: Lcom/csipsimple/pjsip/PjSipService;--->tryToLoadStack()Z
09-18 18:44:41.193 13344 13344 D M_InsDal: Lcom/csipsimple/ui/dialpad/DialerLayout;--->onMeasure(II)V
09-18 18:44:41.194 13344 13344 D M_InsDal: Lcom/csipsimple/widgets/Dialpad;--->onMeasure(II)V
09-18 18:44:41.194 13344 13344 D M_InsDal: Lcom/csipsimple/ui/SipHome$TabsAdapter;--->getCount()I
09-18 18:44:41.194 13344 13344 D M_InsDal: Lcom/csipsimple/ui/SipHome$TabsAdapter;--->getCount()I
09-18 18:44:41.194 13344 13344 D M_InsDal: Lcom/csipsimple/ui/dialpad/DialerLayout;--->onMeasure(II)V
09-18 18:44:41.194 13344 13344 D M_InsDal: Lcom/csipsimple/widgets/Dialpad;--->onMeasure(II)V
09-18 18:44:41.194 13344 13344 D M_InsDal: Lcom/csipsimple/ui/dialpad/DigitsEditText;--->onLayout(ZIIII)V
09-18 18:44:41.195 13344 13344 D M_InsDal: Lcom/csipsimple/ui/dialpad/DigitsEditText;--->setIsDigit(ZZ)V
09-18 18:44:41.197 13344 13344 D M_InsDal: Lcom/csipsimple/ui/dialpad/DigitsEditText;--->onFocusChanged(ZILandroid/graphics/Rect;)V
09-18 18:44:41.197 13344 13344 D M_InsDal: Lcom/csipsimple/ui/dialpad/DigitsEditText;--->isTextSelectable()Z
09-18 18:44:41.199 13344 13344 D M_InsDal: Lcom/csipsimple/ui/prefs/PrefsFast;---><init>()V
09-18 18:44:41.200 13344 13344 D M_InsDal: Lcom/csipsimple/ui/prefs/PrefsFast;--->onCreate(Landroid/os/Bundle;)V
09-18 18:44:41.206 13344 13344 D M_InsDal: Lcom/csipsimple/ui/prefs/PrefsFast;--->updateFromPrefs()V
09-18 18:44:41.206 13344 13344 D M_InsDal: Lcom/csipsimple/api/SipConfigManager;--->getPreferenceBooleanValue(Landroid/content/Context;Ljava/lang/String;)Ljava/lang/Boolean;
09-18 18:44:41.206 13344 13344 D M_InsDal: Lcom/csipsimple/api/SipConfigManager;--->getPreferenceBooleanValue(Landroid/content/Context;Ljava/lang/String;Ljava/lang/Boolean;)Ljava/lang/Boolean;
09-18 18:44:41.206 13344 13344 D M_InsDal: Lcom/csipsimple/api/SipConfigManager;--->getPrefUriForKey(Ljava/lang/String;)Landroid/net/Uri;
09-18 18:44:41.206 13344 13344 D M_InsDal: Lcom/csipsimple/service/PreferenceProvider;--->query(Landroid/net/Uri;[Ljava/lang/String;Ljava/lang/String;[Ljava/lang/String;Ljava/lang/String;)Landroid/database/Cursor;
09-18 18:44:41.206 13344 13344 D M_InsDal: Lcom/csipsimple/utils/PreferencesWrapper;--->getPreferenceBooleanValue(Ljava/lang/String;)Ljava/lang/Boolean;
09-18 18:44:41.206 13344 13344 D M_InsDal: Lcom/csipsimple/utils/PreferencesWrapper;--->gPrefBooleanValue(Landroid/content/SharedPreferences;Ljava/lang/String;)Ljava/lang/Boolean;
09-18 18:44:41.206 13344 13344 D M_InsDal: Lcom/csipsimple/api/SipConfigManager;--->getPreferenceBooleanValue(Landroid/content/Context;Ljava/lang/String;Ljava/lang/Boolean;)Ljava/lang/Boolean;
09-18 18:44:41.206 13344 13344 D M_InsDal: Lcom/csipsimple/api/SipConfigManager;--->getPrefUriForKey(Ljava/lang/String;)Landroid/net/Uri;
09-18 18:44:41.206 13344 13344 D M_InsDal: Lcom/csipsimple/service/PreferenceProvider;--->query(Landroid/net/Uri;[Ljava/lang/String;Ljava/lang/String;[Ljava/lang/String;Ljava/lang/String;)Landroid/database/Cursor;
09-18 18:44:41.206 13344 13344 D M_InsDal: Lcom/csipsimple/utils/PreferencesWrapper;--->getPreferenceBooleanValue(Ljava/lang/String;)Ljava/lang/Boolean;
09-18 18:44:41.206 13344 13344 D M_InsDal: Lcom/csipsimple/utils/PreferencesWrapper;--->gPrefBooleanValue(Landroid/content/SharedPreferences;Ljava/lang/String;)Ljava/lang/Boolean;
09-18 18:44:41.206 13344 13344 D M_InsDal: Lcom/csipsimple/api/SipConfigManager;--->getPreferenceBooleanValue(Landroid/content/Context;Ljava/lang/String;Ljava/lang/Boolean;)Ljava/lang/Boolean;
09-18 18:44:41.206 13344 13344 D M_InsDal: Lcom/csipsimple/api/SipConfigManager;--->getPrefUriForKey(Ljava/lang/String;)Landroid/net/Uri;
09-18 18:44:41.206 13344 13344 D M_InsDal: Lcom/csipsimple/service/PreferenceProvider;--->query(Landroid/net/Uri;[Ljava/lang/String;Ljava/lang/String;[Ljava/lang/String;Ljava/lang/String;)Landroid/database/Cursor;
09-18 18:44:41.206 13344 13344 D M_InsDal: Lcom/csipsimple/utils/PreferencesWrapper;--->getPreferenceBooleanValue(Ljava/lang/String;)Ljava/lang/Boolean;
09-18 18:44:41.206 13344 13344 D M_InsDal: Lcom/csipsimple/utils/PreferencesWrapper;--->gPrefBooleanValue(Landroid/content/SharedPreferences;Ljava/lang/String;)Ljava/lang/Boolean;
09-18 18:44:41.206 13344 13344 D M_InsDal: Lcom/csipsimple/api/SipConfigManager;--->getPreferenceBooleanValue(Landroid/content/Context;Ljava/lang/String;Ljava/lang/Boolean;)Ljava/lang/Boolean;
09-18 18:44:41.206 13344 13344 D M_InsDal: Lcom/csipsimple/api/SipConfigManager;--->getPrefUriForKey(Ljava/lang/String;)Landroid/net/Uri;
09-18 18:44:41.206 13344 13344 D M_InsDal: Lcom/csipsimple/service/PreferenceProvider;--->query(Landroid/net/Uri;[Ljava/lang/String;Ljava/lang/String;[Ljava/lang/String;Ljava/lang/String;)Landroid/database/Cursor;
09-18 18:44:41.206 13344 13344 D M_InsDal: Lcom/csipsimple/utils/PreferencesWrapper;--->getPreferenceBooleanValue(Ljava/lang/String;)Ljava/lang/Boolean;
09-18 18:44:41.206 13344 13344 D M_InsDal: Lcom/csipsimple/utils/PreferencesWrapper;--->gPrefBooleanValue(Landroid/content/SharedPreferences;Ljava/lang/String;)Ljava/lang/Boolean;
09-18 18:44:41.206 13344 13344 D M_InsDal: Lcom/csipsimple/api/SipConfigManager;--->getPreferenceBooleanValue(Landroid/content/Context;Ljava/lang/String;Ljava/lang/Boolean;)Ljava/lang/Boolean;
09-18 18:44:41.206 13344 13344 D M_InsDal: Lcom/csipsimple/api/SipConfigManager;--->getPrefUriForKey(Ljava/lang/String;)Landroid/net/Uri;
09-18 18:44:41.206 13344 13344 D M_InsDal: Lcom/csipsimple/service/PreferenceProvider;--->query(Landroid/net/Uri;[Ljava/lang/String;Ljava/lang/String;[Ljava/lang/String;Ljava/lang/String;)Landroid/database/Cursor;
09-18 18:44:41.207 13344 13344 D M_InsDal: Lcom/csipsimple/utils/PreferencesWrapper;--->getPreferenceBooleanValue(Ljava/lang/String;)Ljava/lang/Boolean;
09-18 18:44:41.207 13344 13344 D M_InsDal: Lcom/csipsimple/utils/PreferencesWrapper;--->gPrefBooleanValue(Landroid/content/SharedPreferences;Ljava/lang/String;)Ljava/lang/Boolean;
09-18 18:44:41.207 13344 13344 D M_InsDal: Lcom/csipsimple/api/SipConfigManager;--->getPreferenceBooleanValue(Landroid/content/Context;Ljava/lang/String;Ljava/lang/Boolean;)Ljava/lang/Boolean;
09-18 18:44:41.207 13344 13344 D M_InsDal: Lcom/csipsimple/api/SipConfigManager;--->getPrefUriForKey(Ljava/lang/String;)Landroid/net/Uri;
09-18 18:44:41.207 13344 13344 D M_InsDal: Lcom/csipsimple/service/PreferenceProvider;--->query(Landroid/net/Uri;[Ljava/lang/String;Ljava/lang/String;[Ljava/lang/String;Ljava/lang/String;)Landroid/database/Cursor;
09-18 18:44:41.207 13344 13344 D M_InsDal: Lcom/csipsimple/utils/PreferencesWrapper;--->getPreferenceBooleanValue(Ljava/lang/String;)Ljava/lang/Boolean;
09-18 18:44:41.207 13344 13344 D M_InsDal: Lcom/csipsimple/utils/PreferencesWrapper;--->gPrefBooleanValue(Landroid/content/SharedPreferences;Ljava/lang/String;)Ljava/lang/Boolean;
09-18 18:44:41.207 13344 13344 D M_InsDal: Lcom/csipsimple/api/SipConfigManager;--->getPreferenceBooleanValue(Landroid/content/Context;Ljava/lang/String;Ljava/lang/Boolean;)Ljava/lang/Boolean;
09-18 18:44:41.207 13344 13344 D M_InsDal: Lcom/csipsimple/api/SipConfigManager;--->getPrefUriForKey(Ljava/lang/String;)Landroid/net/Uri;
09-18 18:44:41.207 13344 13344 D M_InsDal: Lcom/csipsimple/service/PreferenceProvider;--->query(Landroid/net/Uri;[Ljava/lang/String;Ljava/lang/String;[Ljava/lang/String;Ljava/lang/String;)Landroid/database/Cursor;
09-18 18:44:41.207 13344 13344 D M_InsDal: Lcom/csipsimple/utils/PreferencesWrapper;--->getPreferenceBooleanValue(Ljava/lang/String;)Ljava/lang/Boolean;
09-18 18:44:41.207 13344 13344 D M_InsDal: Lcom/csipsimple/utils/PreferencesWrapper;--->gPrefBooleanValue(Landroid/content/SharedPreferences;Ljava/lang/String;)Ljava/lang/Boolean;
09-18 18:44:41.207 13344 13344 D M_InsDal: Lcom/csipsimple/api/SipConfigManager;--->getPreferenceBooleanValue(Landroid/content/Context;Ljava/lang/String;Ljava/lang/Boolean;)Ljava/lang/Boolean;
09-18 18:44:41.207 13344 13344 D M_InsDal: Lcom/csipsimple/api/SipConfigManager;--->getPrefUriForKey(Ljava/lang/String;)Landroid/net/Uri;
09-18 18:44:41.207 13344 13344 D M_InsDal: Lcom/csipsimple/service/PreferenceProvider;--->query(Landroid/net/Uri;[Ljava/lang/String;Ljava/lang/String;[Ljava/lang/String;Ljava/lang/String;)Landroid/database/Cursor;
09-18 18:44:41.207 13344 13344 D M_InsDal: Lcom/csipsimple/utils/PreferencesWrapper;--->getPreferenceBooleanValue(Ljava/lang/String;)Ljava/lang/Boolean;
09-18 18:44:41.207 13344 13344 D M_InsDal: Lcom/csipsimple/utils/PreferencesWrapper;--->gPrefBooleanValue(Landroid/content/SharedPreferences;Ljava/lang/String;)Ljava/lang/Boolean;
09-18 18:44:41.207 13344 13344 D M_InsDal: Lcom/csipsimple/api/SipConfigManager;--->getPreferenceBooleanValue(Landroid/content/Context;Ljava/lang/String;Ljava/lang/Boolean;)Ljava/lang/Boolean;
09-18 18:44:41.207 13344 13344 D M_InsDal: Lcom/csipsimple/api/SipConfigManager;--->getPrefUriForKey(Ljava/lang/String;)Landroid/net/Uri;
09-18 18:44:41.207 13344 13344 D M_InsDal: Lcom/csipsimple/service/PreferenceProvider;--->query(Landroid/net/Uri;[Ljava/lang/String;Ljava/lang/String;[Ljava/lang/String;Ljava/lang/String;)Landroid/database/Cursor;
09-18 18:44:41.207 13344 13344 D M_InsDal: Lcom/csipsimple/utils/PreferencesWrapper;--->getPreferenceBooleanValue(Ljava/lang/String;)Ljava/lang/Boolean;
09-18 18:44:41.207 13344 13344 D M_InsDal: Lcom/csipsimple/utils/PreferencesWrapper;--->gPrefBooleanValue(Landroid/content/SharedPreferences;Ljava/lang/String;)Ljava/lang/Boolean;
09-18 18:44:41.207 13344 13344 D M_InsDal: Lcom/csipsimple/api/SipConfigManager;--->getPreferenceBooleanValue(Landroid/content/Context;Ljava/lang/String;Ljava/lang/Boolean;)Ljava/lang/Boolean;
09-18 18:44:41.207 13344 13344 D M_InsDal: Lcom/csipsimple/api/SipConfigManager;--->getPrefUriForKey(Ljava/lang/String;)Landroid/net/Uri;
09-18 18:44:41.207 13344 13344 D M_InsDal: Lcom/csipsimple/service/PreferenceProvider;--->query(Landroid/net/Uri;[Ljava/lang/String;Ljava/lang/String;[Ljava/lang/String;Ljava/lang/String;)Landroid/database/Cursor;
09-18 18:44:41.207 13344 13344 D M_InsDal: Lcom/csipsimple/utils/PreferencesWrapper;--->getPreferenceBooleanValue(Ljava/lang/String;)Ljava/lang/Boolean;
09-18 18:44:41.207 13344 13344 D M_InsDal: Lcom/csipsimple/utils/PreferencesWrapper;--->gPrefBooleanValue(Landroid/content/SharedPreferences;Ljava/lang/String;)Ljava/lang/Boolean;
09-18 18:44:41.207 13344 13344 D M_InsDal: Lcom/csipsimple/ui/prefs/PrefsFast$Profile;---><clinit>()V
09-18 18:44:41.207 13344 13344 D M_InsDal: Lcom/csipsimple/ui/prefs/PrefsFast$Profile;---><init>(Ljava/lang/String;I)V
09-18 18:44:41.207 13344 13344 D M_InsDal: Lcom/csipsimple/ui/prefs/PrefsFast$Profile;---><init>(Ljava/lang/String;I)V
09-18 18:44:41.207 13344 13344 D M_InsDal: Lcom/csipsimple/ui/prefs/PrefsFast;--->setProfile(Lcom/csipsimple/ui/prefs/PrefsFast$Profile;)V
09-18 18:44:41.215 13365 13365 D M_InsDal: Lcom/csipsimple/utils/Log;--->e(Ljava/lang/String;Ljava/lang/String;Ljava/lang/Throwable;)V
09-18 18:44:41.215 13365 13365 D M_InsDal: Lcom/csipsimple/service/SipService;--->notifyUserOfMessage(Ljava/lang/String;)V
09-18 18:44:41.216 13365 13365 D M_InsDal: Lcom/csipsimple/service/SipService$ServiceHandler;--->handleMessage(Landroid/os/Message;)V
09-18 18:44:41.443 13344 13344 D M_InsDal: Lcom/csipsimple/ui/SipHome$1;--->run()V
09-18 18:44:41.443 13344 13344 D M_InsDal: Lcom/csipsimple/ui/SipHome;--->refreshWarningTabDisplay()V
09-18 18:44:41.443 13344 13344 D M_InsDal: Lcom/csipsimple/ui/SipHome$TabsAdapter;--->getPositionForId(I)Ljava/lang/Integer;
09-18 18:44:41.443 13344 13344 D M_InsDal: Lcom/csipsimple/ui/SipHome$1;--->run()V
09-18 18:44:41.444 13344 13344 D M_InsDal: Lcom/csipsimple/ui/SipHome;--->refreshWarningTabDisplay()V
09-18 18:44:41.444 13344 13344 D M_InsDal: Lcom/csipsimple/ui/SipHome$TabsAdapter;--->getPositionForId(I)Ljava/lang/Integer;
09-18 18:44:41.445 13344 13344 D M_InsDal: Lcom/csipsimple/ui/SipHome;--->onCreateOptionsMenu(Lcom/actionbarsherlock/view/Menu;)Z
09-18 18:44:41.445 13344 13344 D M_InsDal: Lcom/csipsimple/utils/CustomDistribution;--->getCustomDistributionWizard()Lcom/csipsimple/wizards/WizardUtils$WizardInfo;
09-18 18:44:41.445 13344 13344 D M_InsDal: Lcom/csipsimple/utils/CustomDistribution;--->distributionWantsOtherAccounts()Z
09-18 18:44:41.445 13344 13344 D M_InsDal: Lcom/csipsimple/utils/Compatibility;--->isCompatible(I)Z
09-18 18:44:41.445 13344 13344 D M_InsDal: Lcom/csipsimple/ui/dialpad/DialerFragment;--->onCreateOptionsMenu(Lcom/actionbarsherlock/view/Menu;Lcom/actionbarsherlock/view/MenuInflater;)V
09-18 18:44:41.445 13344 13344 D M_InsDal: Lcom/csipsimple/ui/dialpad/DialerFragment$4;---><init>(Lcom/csipsimple/ui/dialpad/DialerFragment;)V
09-18 18:44:41.448 13344 13344 D M_InsDal: Lcom/csipsimple/ui/SipHome$TabsAdapter;--->getCount()I
09-18 18:44:41.448 13344 13344 D M_InsDal: Lcom/csipsimple/ui/SipHome$TabsAdapter;--->getCount()I
09-18 18:44:41.448 13344 13344 D M_InsDal: Lcom/csipsimple/ui/dialpad/DialerLayout;--->onMeasure(II)V
09-18 18:44:41.448 13344 13344 D M_InsDal: Lcom/csipsimple/widgets/Dialpad;--->onMeasure(II)V
09-18 18:44:41.448 13344 13344 D M_InsDal: Lcom/csipsimple/ui/SipHome$TabsAdapter;--->getCount()I
09-18 18:44:41.448 13344 13344 D M_InsDal: Lcom/csipsimple/ui/SipHome$TabsAdapter;--->getCount()I
09-18 18:44:41.448 13344 13344 D M_InsDal: Lcom/csipsimple/ui/dialpad/DigitsEditText;--->onLayout(ZIIII)V
09-18 18:44:41.448 13344 13344 D M_InsDal: Lcom/csipsimple/ui/dialpad/DigitsEditText;--->setIsDigit(ZZ)V
09-18 18:44:41.451 13344 13344 D M_InsDal: Lcom/csipsimple/ui/SipHome$TabsAdapter;--->getCount()I
09-18 18:44:41.579 13344 13344 D M_InsDal: Lcom/csipsimple/ui/dialpad/DialerFragment$1;--->onServiceConnected(Landroid/content/ComponentName;Landroid/os/IBinder;)V
09-18 18:44:41.579 13344 13344 D M_InsDal: Lcom/csipsimple/api/ISipService$Stub;--->asInterface(Landroid/os/IBinder;)Lcom/csipsimple/api/ISipService;
09-18 18:44:41.579 13344 13344 D M_InsDal: Lcom/csipsimple/api/ISipService$Stub$Proxy;---><init>(Landroid/os/IBinder;)V
