--------- beginning of main
--------- beginning of system
09-18 18:46:57.630 14002 14002 D M_InsDal: Lcom/csipsimple/service/PreferenceProvider;---><clinit>()V
09-18 18:46:57.630 14002 14002 D M_InsDal: Lcom/csipsimple/service/PreferenceProvider;---><init>()V
09-18 18:46:57.630 14002 14002 D M_InsDal: Lcom/csipsimple/service/PreferenceProvider;--->onCreate()Z
09-18 18:46:57.630 14002 14002 D M_InsDal: Lcom/csipsimple/utils/PreferencesWrapper;---><clinit>()V
09-18 18:46:57.630 14002 14002 D M_InsDal: Lcom/csipsimple/utils/PreferencesWrapper$1;---><init>()V
09-18 18:46:57.630 14002 14002 D M_InsDal: Lcom/csipsimple/utils/CustomDistribution;--->getUserAgent()Ljava/lang/String;
09-18 18:46:57.630 14002 14002 D M_InsDal: Lcom/csipsimple/utils/PreferencesWrapper$2;---><init>()V
09-18 18:46:57.631 14002 14002 D M_InsDal: Lcom/csipsimple/utils/PreferencesWrapper$3;---><init>()V
09-18 18:46:57.631 14002 14002 D M_InsDal: Lcom/csipsimple/utils/PreferencesWrapper;---><init>(Landroid/content/Context;)V
09-18 18:46:57.631 14002 14002 D M_InsDal: Lcom/csipsimple/utils/PreferencesWrapper;--->needUpgrade()Ljava/lang/Integer;
09-18 18:46:57.631 14002 14002 D M_InsDal: Lcom/csipsimple/utils/PreferencesProviderWrapper;--->getCurrentPackageInfos(Landroid/content/Context;)Landroid/content/pm/PackageInfo;
09-18 18:46:57.632 14002 14002 D M_InsDal: Lcom/csipsimple/utils/Log;---><clinit>()V
09-18 18:46:57.632 14002 14002 D M_InsDal: Lcom/csipsimple/utils/Log;--->d(Ljava/lang/String;Ljava/lang/String;)V
09-18 18:46:57.632 14002 14002 D M_InsDal: Lcom/csipsimple/utils/Log;--->d(Ljava/lang/String;Ljava/lang/String;)V
09-18 18:46:57.632 14002 14002 D M_InsDal: Lcom/csipsimple/utils/Compatibility;--->getApiLevel()I
09-18 18:46:57.636 14002 14002 D M_InsDal: Lcom/csipsimple/ui/SipHome;---><init>()V
09-18 18:46:57.636 14002 14002 D M_InsDal: Lcom/csipsimple/ui/SipHome$1;---><init>(Lcom/csipsimple/ui/SipHome;)V
09-18 18:46:57.637 14002 14002 D M_InsDal: Lcom/csipsimple/ui/SipHome;--->onCreate(Landroid/os/Bundle;)V
09-18 18:46:57.637 14002 14002 D M_InsDal: Lcom/csipsimple/utils/PreferencesProviderWrapper;---><init>(Landroid/content/Context;)V
09-18 18:46:57.651 14002 14002 D M_InsDal: Lcom/csipsimple/utils/CustomDistribution;--->supportMessaging()Z
09-18 18:46:57.652 14002 14002 D M_InsDal: Lcom/csipsimple/ui/SipHome$TabsAdapter;---><init>(Lcom/csipsimple/ui/SipHome;Landroid/support/v4/app/FragmentActivity;Lcom/actionbarsherlock/app/ActionBar;Landroid/support/v4/view/ViewPager;)V
09-18 18:46:57.652 14002 14002 D M_InsDal: Lcom/csipsimple/ui/SipHome$TabsAdapter;--->addTab(Lcom/actionbarsherlock/app/ActionBar$Tab;Ljava/lang/Class;I)V
09-18 18:46:57.653 14002 14002 D M_InsDal: Lcom/csipsimple/ui/SipHome$TabsAdapter;--->onTabSelected(Lcom/actionbarsherlock/app/ActionBar$Tab;Landroid/support/v4/app/FragmentTransaction;)V
09-18 18:46:57.654 14002 14002 D M_InsDal: Lcom/csipsimple/ui/SipHome$TabsAdapter;--->clearDetails()V
09-18 18:46:57.654 14002 14002 D M_InsDal: Lcom/csipsimple/ui/SipHome$TabsAdapter;--->getCount()I
09-18 18:46:57.654 14002 14002 D M_InsDal: Lcom/csipsimple/ui/SipHome$TabsAdapter;--->getCount()I
09-18 18:46:57.654 14002 14002 D M_InsDal: Lcom/csipsimple/ui/SipHome$TabsAdapter;--->addTab(Lcom/actionbarsherlock/app/ActionBar$Tab;Ljava/lang/Class;I)V
09-18 18:46:57.654 14002 14002 D M_InsDal: Lcom/csipsimple/ui/SipHome$TabsAdapter;--->getCount()I
09-18 18:46:57.654 14002 14002 D M_InsDal: Lcom/csipsimple/ui/SipHome$TabsAdapter;--->getCount()I
09-18 18:46:57.654 14002 14002 D M_InsDal: Lcom/csipsimple/ui/SipHome$TabsAdapter;--->addTab(Lcom/actionbarsherlock/app/ActionBar$Tab;Ljava/lang/Class;I)V
09-18 18:46:57.654 14002 14002 D M_InsDal: Lcom/csipsimple/ui/SipHome$TabsAdapter;--->getCount()I
09-18 18:46:57.654 14002 14002 D M_InsDal: Lcom/csipsimple/ui/SipHome$TabsAdapter;--->getCount()I
09-18 18:46:57.654 14002 14002 D M_InsDal: Lcom/csipsimple/ui/SipHome$TabsAdapter;--->addTab(Lcom/actionbarsherlock/app/ActionBar$Tab;Ljava/lang/Class;I)V
09-18 18:46:57.654 14002 14002 D M_InsDal: Lcom/csipsimple/ui/SipHome$TabsAdapter;--->getCount()I
09-18 18:46:57.654 14002 14002 D M_InsDal: Lcom/csipsimple/ui/SipHome$TabsAdapter;--->getCount()I
09-18 18:46:57.654 14002 14002 D M_InsDal: Lcom/csipsimple/utils/PreferencesProviderWrapper;--->getPreferenceBooleanValue(Ljava/lang/String;)Z
09-18 18:46:57.654 14002 14002 D M_InsDal: Lcom/csipsimple/api/SipConfigManager;---><clinit>()V
09-18 18:46:57.654 14002 14002 D M_InsDal: Lcom/csipsimple/api/SipConfigManager;--->getPreferenceBooleanValue(Landroid/content/Context;Ljava/lang/String;)Ljava/lang/Boolean;
09-18 18:46:57.654 14002 14002 D M_InsDal: Lcom/csipsimple/api/SipConfigManager;--->getPreferenceBooleanValue(Landroid/content/Context;Ljava/lang/String;Ljava/lang/Boolean;)Ljava/lang/Boolean;
09-18 18:46:57.654 14002 14002 D M_InsDal: Lcom/csipsimple/api/SipConfigManager;--->getPrefUriForKey(Ljava/lang/String;)Landroid/net/Uri;
09-18 18:46:57.654 14002 14002 D M_InsDal: Lcom/csipsimple/service/PreferenceProvider;--->query(Landroid/net/Uri;[Ljava/lang/String;Ljava/lang/String;[Ljava/lang/String;Ljava/lang/String;)Landroid/database/Cursor;
09-18 18:46:57.654 14002 14002 D M_InsDal: Lcom/csipsimple/utils/PreferencesWrapper;--->getPreferenceBooleanValue(Ljava/lang/String;)Ljava/lang/Boolean;
09-18 18:46:57.654 14002 14002 D M_InsDal: Lcom/csipsimple/utils/PreferencesWrapper;--->gPrefBooleanValue(Landroid/content/SharedPreferences;Ljava/lang/String;)Ljava/lang/Boolean;
09-18 18:46:57.654 14002 14002 D M_InsDal: Lcom/csipsimple/ui/SipHome;--->selectTabWithAction(Landroid/content/Intent;)V
09-18 18:46:57.654 14002 14002 D M_InsDal: Lcom/csipsimple/ui/SipHome$TabsAdapter;--->getPositionForId(I)Ljava/lang/Integer;
09-18 18:46:57.655 14002 14002 D M_InsDal: Lcom/csipsimple/ui/SipHome$TabsAdapter;--->onTabUnselected(Lcom/actionbarsherlock/app/ActionBar$Tab;Landroid/support/v4/app/FragmentTransaction;)V
09-18 18:46:57.655 14002 14002 D M_InsDal: Lcom/csipsimple/ui/SipHome$TabsAdapter;--->onTabSelected(Lcom/actionbarsherlock/app/ActionBar$Tab;Landroid/support/v4/app/FragmentTransaction;)V
09-18 18:46:57.655 14002 14002 D M_InsDal: Lcom/csipsimple/ui/SipHome$TabsAdapter;--->clearDetails()V
09-18 18:46:57.655 14002 14002 D M_InsDal: Lcom/csipsimple/ui/SipHome$TabsAdapter;--->getCount()I
09-18 18:46:57.655 14002 14002 D M_InsDal: Lcom/csipsimple/ui/SipHome$TabsAdapter;--->getCount()I
09-18 18:46:57.655 14002 14002 D M_InsDal: Lcom/csipsimple/ui/SipHome$TabsAdapter;--->onPageSelected(I)V
09-18 18:46:57.655 14002 14002 D M_InsDal: Lcom/csipsimple/ui/SipHome$TabsAdapter;--->onTabReselected(Lcom/actionbarsherlock/app/ActionBar$Tab;Landroid/support/v4/app/FragmentTransaction;)V
09-18 18:46:57.655 14002 14002 D M_InsDal: Lcom/csipsimple/utils/PreferencesProviderWrapper;--->getLogLevel()I
09-18 18:46:57.655 14002 14002 D M_InsDal: Lcom/csipsimple/api/SipConfigManager;--->getPreferenceIntegerValue(Landroid/content/Context;Ljava/lang/String;Ljava/lang/Integer;)Ljava/lang/Integer;
09-18 18:46:57.655 14002 14002 D M_InsDal: Lcom/csipsimple/api/SipConfigManager;--->getPrefUriForKey(Ljava/lang/String;)Landroid/net/Uri;
09-18 18:46:57.655 14002 14002 D M_InsDal: Lcom/csipsimple/service/PreferenceProvider;--->query(Landroid/net/Uri;[Ljava/lang/String;Ljava/lang/String;[Ljava/lang/String;Ljava/lang/String;)Landroid/database/Cursor;
09-18 18:46:57.655 14002 14002 D M_InsDal: Lcom/csipsimple/utils/PreferencesWrapper;--->getPreferenceIntegerValue(Ljava/lang/String;)Ljava/lang/Integer;
09-18 18:46:57.655 14002 14002 D M_InsDal: Lcom/csipsimple/utils/PreferencesWrapper;--->getPreferenceStringValue(Ljava/lang/String;)Ljava/lang/String;
09-18 18:46:57.655 14002 14002 D M_InsDal: Lcom/csipsimple/utils/PreferencesWrapper;--->gPrefStringValue(Landroid/content/SharedPreferences;Ljava/lang/String;)Ljava/lang/String;
09-18 18:46:57.655 14002 14002 D M_InsDal: Lcom/csipsimple/utils/Log;--->setLogLevel(I)V
09-18 18:46:57.655 14002 14002 D M_InsDal: Lcom/csipsimple/ui/SipHome$2;---><init>(Lcom/csipsimple/ui/SipHome;)V
09-18 18:46:57.655 14002 14020 D M_InsDal: Lcom/csipsimple/ui/SipHome$2;--->run()V
09-18 18:46:57.655 14002 14020 D M_InsDal: Lcom/csipsimple/ui/SipHome;--->asyncSanityCheck()V
09-18 18:46:57.655 14002 14020 D M_InsDal: Lcom/csipsimple/utils/NightlyUpdater;--->isNightlyBuild(Landroid/content/Context;)Z
09-18 18:46:57.655 14002 14020 D M_InsDal: Lcom/csipsimple/utils/NightlyUpdater;--->getApplicationMetaData(Landroid/content/Context;)Landroid/os/Bundle;
09-18 18:46:57.656 14002 14020 D M_InsDal: Lcom/csipsimple/ui/warnings/WarningUtils;---><clinit>()V
09-18 18:46:57.656 14002 14020 D M_InsDal: Lcom/csipsimple/ui/warnings/WarningUtils;--->shouldWarnPrivilegedIntent(Landroid/content/Context;Lcom/csipsimple/utils/PreferencesProviderWrapper;)Z
09-18 18:46:57.656 14002 14020 D M_InsDal: Lcom/csipsimple/ui/warnings/WarningUtils;--->getIgnoreKey(Ljava/lang/String;)Ljava/lang/String;
09-18 18:46:57.656 14002 14020 D M_InsDal: Lcom/csipsimple/utils/PreferencesProviderWrapper;--->getPreferenceBooleanValue(Ljava/lang/String;Z)Z
09-18 18:46:57.656 14002 14020 D M_InsDal: Lcom/csipsimple/api/SipConfigManager;--->getPreferenceBooleanValue(Landroid/content/Context;Ljava/lang/String;Ljava/lang/Boolean;)Ljava/lang/Boolean;
09-18 18:46:57.656 14002 14020 D M_InsDal: Lcom/csipsimple/api/SipConfigManager;--->getPrefUriForKey(Ljava/lang/String;)Landroid/net/Uri;
09-18 18:46:57.656 14002 14020 D M_InsDal: Lcom/csipsimple/service/PreferenceProvider;--->query(Landroid/net/Uri;[Ljava/lang/String;Ljava/lang/String;[Ljava/lang/String;Ljava/lang/String;)Landroid/database/Cursor;
09-18 18:46:57.656 14002 14020 D M_InsDal: Lcom/csipsimple/utils/PreferencesWrapper;--->getPreferenceBooleanValue(Ljava/lang/String;)Ljava/lang/Boolean;
09-18 18:46:57.656 14002 14020 D M_InsDal: Lcom/csipsimple/utils/PreferencesWrapper;--->gPrefBooleanValue(Landroid/content/SharedPreferences;Ljava/lang/String;)Ljava/lang/Boolean;
09-18 18:46:57.656 14002 14020 D M_InsDal: Lcom/csipsimple/utils/PreferencesProviderWrapper;--->getPreferenceBooleanValue(Ljava/lang/String;Z)Z
09-18 18:46:57.656 14002 14020 D M_InsDal: Lcom/csipsimple/api/SipConfigManager;--->getPreferenceBooleanValue(Landroid/content/Context;Ljava/lang/String;Ljava/lang/Boolean;)Ljava/lang/Boolean;
09-18 18:46:57.656 14002 14020 D M_InsDal: Lcom/csipsimple/api/SipConfigManager;--->getPrefUriForKey(Ljava/lang/String;)Landroid/net/Uri;
09-18 18:46:57.656 14002 14020 D M_InsDal: Lcom/csipsimple/service/PreferenceProvider;--->query(Landroid/net/Uri;[Ljava/lang/String;Ljava/lang/String;[Ljava/lang/String;Ljava/lang/String;)Landroid/database/Cursor;
09-18 18:46:57.656 14002 14020 D M_InsDal: Lcom/csipsimple/utils/PreferencesWrapper;--->getPreferenceBooleanValue(Ljava/lang/String;)Ljava/lang/Boolean;
09-18 18:46:57.656 14002 14020 D M_InsDal: Lcom/csipsimple/utils/PreferencesWrapper;--->gPrefBooleanValue(Landroid/content/SharedPreferences;Ljava/lang/String;)Ljava/lang/Boolean;
09-18 18:46:57.656 14002 14020 D M_InsDal: Lcom/csipsimple/utils/PhoneCapabilityTester;---><clinit>()V
09-18 18:46:57.656 14002 14020 D M_InsDal: Lcom/csipsimple/utils/PhoneCapabilityTester;--->isPhone(Landroid/content/Context;)Z
09-18 18:46:57.656 14002 14020 D M_InsDal: Lcom/csipsimple/utils/PhoneCapabilityTester;--->initialize(Landroid/content/Context;)V
09-18 18:46:57.657 14002 14020 D M_InsDal: Lcom/csipsimple/utils/PhoneCapabilityTester;--->getPriviledgedIntent(Ljava/lang/String;)Landroid/content/Intent;
09-18 18:46:57.657 14002 14020 D M_InsDal: Lcom/csipsimple/utils/PhoneCapabilityTester;--->getPossibleActivities(Landroid/content/Context;Landroid/content/Intent;)Ljava/util/List;
09-18 18:46:57.658 14002 14020 D M_InsDal: Lcom/csipsimple/utils/PhoneCapabilityTester;--->resolveActivitiesForPriviledgedCall(Landroid/content/Context;)Ljava/util/List;
09-18 18:46:57.658 14002 14020 D M_InsDal: Lcom/csipsimple/ui/SipHome;--->applyWarning(Ljava/lang/String;Z)V
09-18 18:46:57.658 14002 14020 D M_InsDal: Lcom/csipsimple/ui/warnings/WarningUtils;--->shouldWarnNoStun(Lcom/csipsimple/utils/PreferencesProviderWrapper;)Z
09-18 18:46:57.658 14002 14020 D M_InsDal: Lcom/csipsimple/ui/warnings/WarningUtils;--->getIgnoreKey(Ljava/lang/String;)Ljava/lang/String;
09-18 18:46:57.658 14002 14020 D M_InsDal: Lcom/csipsimple/utils/PreferencesProviderWrapper;--->getPreferenceBooleanValue(Ljava/lang/String;Z)Z
09-18 18:46:57.658 14002 14020 D M_InsDal: Lcom/csipsimple/api/SipConfigManager;--->getPreferenceBooleanValue(Landroid/content/Context;Ljava/lang/String;Ljava/lang/Boolean;)Ljava/lang/Boolean;
09-18 18:46:57.658 14002 14020 D M_InsDal: Lcom/csipsimple/api/SipConfigManager;--->getPrefUriForKey(Ljava/lang/String;)Landroid/net/Uri;
09-18 18:46:57.658 14002 14020 D M_InsDal: Lcom/csipsimple/service/PreferenceProvider;--->query(Landroid/net/Uri;[Ljava/lang/String;Ljava/lang/String;[Ljava/lang/String;Ljava/lang/String;)Landroid/database/Cursor;
09-18 18:46:57.658 14002 14020 D M_InsDal: Lcom/csipsimple/utils/PreferencesWrapper;--->getPreferenceBooleanValue(Ljava/lang/String;)Ljava/lang/Boolean;
09-18 18:46:57.658 14002 14020 D M_InsDal: Lcom/csipsimple/utils/PreferencesWrapper;--->gPrefBooleanValue(Landroid/content/SharedPreferences;Ljava/lang/String;)Ljava/lang/Boolean;
09-18 18:46:57.658 14002 14020 D M_InsDal: Lcom/csipsimple/utils/PreferencesProviderWrapper;--->getPreferenceBooleanValue(Ljava/lang/String;)Z
09-18 18:46:57.658 14002 14020 D M_InsDal: Lcom/csipsimple/api/SipConfigManager;--->getPreferenceBooleanValue(Landroid/content/Context;Ljava/lang/String;)Ljava/lang/Boolean;
09-18 18:46:57.658 14002 14020 D M_InsDal: Lcom/csipsimple/api/SipConfigManager;--->getPreferenceBooleanValue(Landroid/content/Context;Ljava/lang/String;Ljava/lang/Boolean;)Ljava/lang/Boolean;
09-18 18:46:57.658 14002 14020 D M_InsDal: Lcom/csipsimple/api/SipConfigManager;--->getPrefUriForKey(Ljava/lang/String;)Landroid/net/Uri;
09-18 18:46:57.658 14002 14020 D M_InsDal: Lcom/csipsimple/service/PreferenceProvider;--->query(Landroid/net/Uri;[Ljava/lang/String;Ljava/lang/String;[Ljava/lang/String;Ljava/lang/String;)Landroid/database/Cursor;
09-18 18:46:57.658 14002 14020 D M_InsDal: Lcom/csipsimple/utils/PreferencesWrapper;--->getPreferenceBooleanValue(Ljava/lang/String;)Ljava/lang/Boolean;
09-18 18:46:57.658 14002 14020 D M_InsDal: Lcom/csipsimple/utils/PreferencesWrapper;--->gPrefBooleanValue(Landroid/content/SharedPreferences;Ljava/lang/String;)Ljava/lang/Boolean;
09-18 18:46:57.658 14002 14020 D M_InsDal: Lcom/csipsimple/utils/PreferencesProviderWrapper;--->getPreferenceBooleanValue(Ljava/lang/String;)Z
09-18 18:46:57.658 14002 14020 D M_InsDal: Lcom/csipsimple/api/SipConfigManager;--->getPreferenceBooleanValue(Landroid/content/Context;Ljava/lang/String;)Ljava/lang/Boolean;
09-18 18:46:57.658 14002 14020 D M_InsDal: Lcom/csipsimple/api/SipConfigManager;--->getPreferenceBooleanValue(Landroid/content/Context;Ljava/lang/String;Ljava/lang/Boolean;)Ljava/lang/Boolean;
09-18 18:46:57.658 14002 14020 D M_InsDal: Lcom/csipsimple/api/SipConfigManager;--->getPrefUriForKey(Ljava/lang/String;)Landroid/net/Uri;
09-18 18:46:57.658 14002 14020 D M_InsDal: Lcom/csipsimple/service/PreferenceProvider;--->query(Landroid/net/Uri;[Ljava/lang/String;Ljava/lang/String;[Ljava/lang/String;Ljava/lang/String;)Landroid/database/Cursor;
09-18 18:46:57.658 14002 14020 D M_InsDal: Lcom/csipsimple/utils/PreferencesWrapper;--->getPreferenceBooleanValue(Ljava/lang/String;)Ljava/lang/Boolean;
09-18 18:46:57.658 14002 14020 D M_InsDal: Lcom/csipsimple/utils/PreferencesWrapper;--->gPrefBooleanValue(Landroid/content/SharedPreferences;Ljava/lang/String;)Ljava/lang/Boolean;
09-18 18:46:57.658 14002 14020 D M_InsDal: Lcom/csipsimple/ui/SipHome;--->applyWarning(Ljava/lang/String;Z)V
09-18 18:46:57.658 14002 14020 D M_InsDal: Lcom/csipsimple/ui/warnings/WarningUtils;--->shouldWarnVpnIcs(Lcom/csipsimple/utils/PreferencesProviderWrapper;)Z
09-18 18:46:57.658 14002 14020 D M_InsDal: Lcom/csipsimple/ui/warnings/WarningUtils;--->getIgnoreKey(Ljava/lang/String;)Ljava/lang/String;
09-18 18:46:57.658 14002 14020 D M_InsDal: Lcom/csipsimple/utils/PreferencesProviderWrapper;--->getPreferenceBooleanValue(Ljava/lang/String;Z)Z
09-18 18:46:57.658 14002 14020 D M_InsDal: Lcom/csipsimple/api/SipConfigManager;--->getPreferenceBooleanValue(Landroid/content/Context;Ljava/lang/String;Ljava/lang/Boolean;)Ljava/lang/Boolean;
09-18 18:46:57.658 14002 14020 D M_InsDal: Lcom/csipsimple/api/SipConfigManager;--->getPrefUriForKey(Ljava/lang/String;)Landroid/net/Uri;
09-18 18:46:57.658 14002 14020 D M_InsDal: Lcom/csipsimple/service/PreferenceProvider;--->query(Landroid/net/Uri;[Ljava/lang/String;Ljava/lang/String;[Ljava/lang/String;Ljava/lang/String;)Landroid/database/Cursor;
09-18 18:46:57.658 14002 14020 D M_InsDal: Lcom/csipsimple/utils/PreferencesWrapper;--->getPreferenceBooleanValue(Ljava/lang/String;)Ljava/lang/Boolean;
09-18 18:46:57.658 14002 14020 D M_InsDal: Lcom/csipsimple/utils/PreferencesWrapper;--->gPrefBooleanValue(Landroid/content/SharedPreferences;Ljava/lang/String;)Ljava/lang/Boolean;
09-18 18:46:57.658 14002 14020 D M_InsDal: Lcom/csipsimple/utils/Compatibility;--->isCompatible(I)Z
09-18 18:46:57.658 14002 14020 D M_InsDal: Lcom/csipsimple/utils/PreferencesProviderWrapper;--->getPreferenceIntegerValue(Ljava/lang/String;)I
09-18 18:46:57.658 14002 14020 D M_InsDal: Lcom/csipsimple/api/SipConfigManager;--->getPreferenceIntegerValue(Landroid/content/Context;Ljava/lang/String;)Ljava/lang/Integer;
09-18 18:46:57.658 14002 14020 D M_InsDal: Lcom/csipsimple/api/SipConfigManager;--->getPreferenceIntegerValue(Landroid/content/Context;Ljava/lang/String;Ljava/lang/Integer;)Ljava/lang/Integer;
09-18 18:46:57.658 14002 14020 D M_InsDal: Lcom/csipsimple/api/SipConfigManager;--->getPrefUriForKey(Ljava/lang/String;)Landroid/net/Uri;
09-18 18:46:57.658 14002 14020 D M_InsDal: Lcom/csipsimple/service/PreferenceProvider;--->query(Landroid/net/Uri;[Ljava/lang/String;Ljava/lang/String;[Ljava/lang/String;Ljava/lang/String;)Landroid/database/Cursor;
09-18 18:46:57.658 14002 14020 D M_InsDal: Lcom/csipsimple/utils/PreferencesWrapper;--->getPreferenceIntegerValue(Ljava/lang/String;)Ljava/lang/Integer;
09-18 18:46:57.658 14002 14020 D M_InsDal: Lcom/csipsimple/utils/PreferencesWrapper;--->getPreferenceStringValue(Ljava/lang/String;)Ljava/lang/String;
09-18 18:46:57.658 14002 14020 D M_InsDal: Lcom/csipsimple/utils/PreferencesWrapper;--->gPrefStringValue(Landroid/content/SharedPreferences;Ljava/lang/String;)Ljava/lang/String;
09-18 18:46:57.658 14002 14020 D M_InsDal: Lcom/csipsimple/utils/PreferencesProviderWrapper;--->getSystemProp(Ljava/lang/String;)Ljava/lang/String;
09-18 18:46:57.661 14002 14020 D M_InsDal: Lcom/csipsimple/utils/PreferencesProviderWrapper;--->getSystemProp(Ljava/lang/String;)Ljava/lang/String;
09-18 18:46:57.663 14002 14020 D M_InsDal: Lcom/csipsimple/ui/SipHome;--->applyWarning(Ljava/lang/String;Z)V
09-18 18:46:57.664 14002 14020 D M_InsDal: Lcom/csipsimple/ui/warnings/WarningUtils;--->shouldWarnSDCard(Landroid/content/Context;Lcom/csipsimple/utils/PreferencesProviderWrapper;)Z
09-18 18:46:57.664 14002 14020 D M_InsDal: Lcom/csipsimple/utils/Compatibility;--->isInstalledOnSdCard(Landroid/content/Context;)Z
09-18 18:46:57.664 14002 14020 D M_InsDal: Lcom/csipsimple/utils/Compatibility;--->isCompatible(I)Z
09-18 18:46:57.664 14002 14020 D M_InsDal: Lcom/csipsimple/ui/SipHome;--->applyWarning(Ljava/lang/String;Z)V
09-18 18:46:57.696 14002 14002 D M_InsDal: Lcom/csipsimple/ui/SipHome;--->onResume()V
09-18 18:46:57.696 14002 14002 D M_InsDal: Lcom/csipsimple/utils/Log;--->d(Ljava/lang/String;Ljava/lang/String;)V
09-18 18:46:57.696 14002 14002 D M_InsDal: Lcom/csipsimple/utils/PreferencesProviderWrapper;--->setPreferenceBooleanValue(Ljava/lang/String;Z)V
09-18 18:46:57.696 14002 14002 D M_InsDal: Lcom/csipsimple/api/SipConfigManager;--->setPreferenceBooleanValue(Landroid/content/Context;Ljava/lang/String;Z)V
09-18 18:46:57.696 14002 14002 D M_InsDal: Lcom/csipsimple/api/SipConfigManager;--->getPrefUriForKey(Ljava/lang/String;)Landroid/net/Uri;
09-18 18:46:57.696 14002 14002 D M_InsDal: Lcom/csipsimple/service/PreferenceProvider;--->update(Landroid/net/Uri;Landroid/content/ContentValues;Ljava/lang/String;[Ljava/lang/String;)I
09-18 18:46:57.696 14002 14002 D M_InsDal: Lcom/csipsimple/utils/PreferencesWrapper;--->setPreferenceBooleanValue(Ljava/lang/String;Z)V
09-18 18:46:57.696 14002 14002 D M_InsDal: Lcom/csipsimple/ui/SipHome;--->sendFragmentVisibilityChange(IZ)V
09-18 18:46:57.696 14002 14002 D M_InsDal: Lcom/csipsimple/ui/SipHome;--->getFragmentAt(I)Landroid/support/v4/app/Fragment;
09-18 18:46:57.696 14002 14002 D M_InsDal: Lcom/csipsimple/ui/SipHome$TabsAdapter;--->getIdForPosition(I)Ljava/lang/Integer;
09-18 18:46:57.696 14002 14002 D M_InsDal: Lcom/csipsimple/utils/Log;--->d(Ljava/lang/String;Ljava/lang/String;)V
09-18 18:46:57.696 14002 14002 D M_InsDal: Lcom/csipsimple/ui/SipHome;--->startSipService()V
09-18 18:46:57.696 14002 14002 D M_InsDal: Lcom/csipsimple/ui/SipHome$3;---><init>(Lcom/csipsimple/ui/SipHome;Ljava/lang/String;)V
09-18 18:46:57.697 14002 14002 D M_InsDal: Lcom/csipsimple/ui/SipHome;--->applyTheme()V
09-18 18:46:57.697 14002 14002 D M_InsDal: Lcom/csipsimple/utils/Theme;--->getCurrentTheme(Landroid/content/Context;)Lcom/csipsimple/utils/Theme;
09-18 18:46:57.697 14002 14002 D M_InsDal: Lcom/csipsimple/api/SipConfigManager;--->getPreferenceStringValue(Landroid/content/Context;Ljava/lang/String;)Ljava/lang/String;
09-18 18:46:57.697 14002 14002 D M_InsDal: Lcom/csipsimple/api/SipConfigManager;--->getPreferenceStringValue(Landroid/content/Context;Ljava/lang/String;Ljava/lang/String;)Ljava/lang/String;
09-18 18:46:57.697 14002 14002 D M_InsDal: Lcom/csipsimple/api/SipConfigManager;--->getPrefUriForKey(Ljava/lang/String;)Landroid/net/Uri;
09-18 18:46:57.697 14002 14002 D M_InsDal: Lcom/csipsimple/service/PreferenceProvider;--->query(Landroid/net/Uri;[Ljava/lang/String;Ljava/lang/String;[Ljava/lang/String;Ljava/lang/String;)Landroid/database/Cursor;
09-18 18:46:57.697 14002 14025 D M_InsDal: Lcom/csipsimple/ui/SipHome$3;--->run()V
09-18 18:46:57.697 14002 14002 D M_InsDal: Lcom/csipsimple/utils/PreferencesWrapper;--->getPreferenceStringValue(Ljava/lang/String;)Ljava/lang/String;
09-18 18:46:57.697 14002 14002 D M_InsDal: Lcom/csipsimple/utils/PreferencesWrapper;--->gPrefStringValue(Landroid/content/SharedPreferences;Ljava/lang/String;)Ljava/lang/String;
09-18 18:46:57.700 14002 14025 D M_InsDal: Lcom/csipsimple/ui/SipHome;--->postStartSipService()V
09-18 18:46:57.700 14002 14025 D M_InsDal: Lcom/csipsimple/utils/CustomDistribution;--->showFirstSettingScreen()Z
09-18 18:46:57.700 14002 14025 D M_InsDal: Lcom/csipsimple/utils/PreferencesProviderWrapper;--->getPreferenceBooleanValue(Ljava/lang/String;Z)Z
09-18 18:46:57.700 14002 14025 D M_InsDal: Lcom/csipsimple/api/SipConfigManager;--->getPreferenceBooleanValue(Landroid/content/Context;Ljava/lang/String;Ljava/lang/Boolean;)Ljava/lang/Boolean;
09-18 18:46:57.700 14002 14025 D M_InsDal: Lcom/csipsimple/api/SipConfigManager;--->getPrefUriForKey(Ljava/lang/String;)Landroid/net/Uri;
09-18 18:46:57.700 14002 14025 D M_InsDal: Lcom/csipsimple/service/PreferenceProvider;--->query(Landroid/net/Uri;[Ljava/lang/String;Ljava/lang/String;[Ljava/lang/String;Ljava/lang/String;)Landroid/database/Cursor;
09-18 18:46:57.700 14002 14025 D M_InsDal: Lcom/csipsimple/utils/PreferencesWrapper;--->getPreferenceBooleanValue(Ljava/lang/String;)Ljava/lang/Boolean;
09-18 18:46:57.700 14002 14025 D M_InsDal: Lcom/csipsimple/utils/PreferencesWrapper;--->gPrefBooleanValue(Landroid/content/SharedPreferences;Ljava/lang/String;)Ljava/lang/Boolean;
09-18 18:46:57.709 14002 14002 D M_InsDal: Lcom/csipsimple/ui/SipHome$1;--->run()V
09-18 18:46:57.709 14002 14002 D M_InsDal: Lcom/csipsimple/ui/SipHome;--->refreshWarningTabDisplay()V
09-18 18:46:57.709 14002 14002 D M_InsDal: Lcom/csipsimple/ui/SipHome$TabsAdapter;--->getPositionForId(I)Ljava/lang/Integer;
09-18 18:46:57.709 14002 14002 D M_InsDal: Lcom/csipsimple/ui/SipHome$1;--->run()V
09-18 18:46:57.709 14002 14002 D M_InsDal: Lcom/csipsimple/ui/SipHome;--->refreshWarningTabDisplay()V
09-18 18:46:57.709 14002 14002 D M_InsDal: Lcom/csipsimple/ui/SipHome$TabsAdapter;--->getPositionForId(I)Ljava/lang/Integer;
09-18 18:46:57.709 14002 14002 D M_InsDal: Lcom/csipsimple/ui/SipHome$1;--->run()V
09-18 18:46:57.709 14002 14002 D M_InsDal: Lcom/csipsimple/ui/SipHome;--->refreshWarningTabDisplay()V
09-18 18:46:57.709 14002 14002 D M_InsDal: Lcom/csipsimple/ui/SipHome$TabsAdapter;--->getPositionForId(I)Ljava/lang/Integer;
09-18 18:46:57.709 14002 14002 D M_InsDal: Lcom/csipsimple/ui/SipHome$1;--->run()V
09-18 18:46:57.709 14002 14002 D M_InsDal: Lcom/csipsimple/ui/SipHome;--->refreshWarningTabDisplay()V
09-18 18:46:57.709 14002 14002 D M_InsDal: Lcom/csipsimple/ui/SipHome$TabsAdapter;--->getPositionForId(I)Ljava/lang/Integer;
09-18 18:46:57.709 14002 14002 D M_InsDal: Lcom/csipsimple/ui/SipHome;--->onPause()V
09-18 18:46:57.709 14002 14002 D M_InsDal: Lcom/csipsimple/utils/Log;--->d(Ljava/lang/String;Ljava/lang/String;)V
09-18 18:46:57.723 14002 14002 D M_InsDal: Lcom/csipsimple/ui/SipHome$TabsAdapter;--->getCount()I
09-18 18:46:57.723 14002 14002 D M_InsDal: Lcom/csipsimple/ui/SipHome$TabsAdapter;--->getItem(I)Landroid/support/v4/app/Fragment;
09-18 18:46:57.723 14002 14002 D M_InsDal: Lcom/csipsimple/ui/favorites/FavListFragment;---><init>()V
09-18 18:46:57.723 14002 14002 D M_InsDal: Lcom/csipsimple/widgets/CSSListFragment;---><init>()V
09-18 18:46:57.723 14002 14002 D M_InsDal: Lcom/csipsimple/ui/SipHome$TabsAdapter;--->getItem(I)Landroid/support/v4/app/Fragment;
09-18 18:46:57.723 14002 14002 D M_InsDal: Lcom/csipsimple/ui/calllog/CallLogListFragment;---><init>()V
09-18 18:46:57.723 14002 14002 D M_InsDal: Lcom/csipsimple/widgets/CSSListFragment;---><init>()V
09-18 18:46:57.723 14002 14002 D M_InsDal: Lcom/csipsimple/ui/SipHome$TabsAdapter;--->getItem(I)Landroid/support/v4/app/Fragment;
09-18 18:46:57.723 14002 14002 D M_InsDal: Lcom/csipsimple/ui/messages/ConversationsListFragment;---><init>()V
09-18 18:46:57.723 14002 14002 D M_InsDal: Lcom/csipsimple/widgets/CSSListFragment;---><init>()V
09-18 18:46:57.723 14002 14002 D M_InsDal: Lcom/csipsimple/ui/SipHome$TabsAdapter;--->getCount()I
09-18 18:46:57.723 14002 14002 D M_InsDal: Lcom/csipsimple/ui/SipHome;--->onAttachFragment(Landroid/support/v4/app/Fragment;)V
09-18 18:46:57.723 14002 14002 D M_InsDal: Lcom/csipsimple/ui/SipHome$TabsAdapter;--->getIdForPosition(I)Ljava/lang/Integer;
09-18 18:46:57.723 14002 14002 D M_InsDal: Lcom/csipsimple/ui/favorites/FavListFragment;--->onVisibilityChanged(Z)V
09-18 18:46:57.723 14002 14002 D M_InsDal: Lcom/csipsimple/ui/favorites/FavListFragment;--->attachAdapter()V
09-18 18:46:57.723 14002 14002 D M_InsDal: Lcom/csipsimple/ui/favorites/FavAdapter;---><init>(Landroid/content/Context;Landroid/database/Cursor;)V
09-18 18:46:57.724 14002 14002 D M_InsDal: Lcom/csipsimple/ui/favorites/FavAdapter$1;---><init>(Lcom/csipsimple/ui/favorites/FavAdapter;)V
09-18 18:46:57.724 14002 14002 D M_InsDal: Lcom/csipsimple/ui/favorites/FavAdapter$2;---><init>(Lcom/csipsimple/ui/favorites/FavAdapter;)V
09-18 18:46:57.724 14002 14002 D M_InsDal: Lcom/csipsimple/ui/favorites/FavListFragment;--->onCreateLoader(ILandroid/os/Bundle;)Landroid/support/v4/content/Loader;
09-18 18:46:57.724 14002 14002 D M_InsDal: Lcom/csipsimple/ui/favorites/FavLoader;---><init>(Landroid/content/Context;)V
09-18 18:46:57.724 14002 14002 D M_InsDal: Lcom/csipsimple/ui/favorites/FavListFragment;--->onCreate(Landroid/os/Bundle;)V
09-18 18:46:57.726 14002 14002 D M_InsDal: Lcom/csipsimple/ui/favorites/FavListFragment;--->onViewCreated(Landroid/view/View;Landroid/os/Bundle;)V
09-18 18:46:57.726 14002 14002 D M_InsDal: Lcom/csipsimple/widgets/CSSListFragment;--->onActivityCreated(Landroid/os/Bundle;)V
09-18 18:46:57.726 14002 14002 D M_InsDal: Lcom/csipsimple/ui/favorites/FavListFragment;--->onActivityCreated(Landroid/os/Bundle;)V
09-18 18:46:57.726 14002 14002 D M_InsDal: Lcom/csipsimple/ui/favorites/FavLoader;--->onStartLoading()V
09-18 18:46:57.726 14002 14002 D M_InsDal: Lcom/csipsimple/ui/SipHome;--->onAttachFragment(Landroid/support/v4/app/Fragment;)V
09-18 18:46:57.726 14002 14002 D M_InsDal: Lcom/csipsimple/ui/SipHome$TabsAdapter;--->getIdForPosition(I)Ljava/lang/Integer;
09-18 18:46:57.726 14002 14002 D M_InsDal: Lcom/csipsimple/ui/calllog/CallLogListFragment;--->onCreateView(Landroid/view/LayoutInflater;Landroid/view/ViewGroup;Landroid/os/Bundle;)Landroid/view/View;
09-18 18:46:57.727 14002 14032 D M_InsDal: Lcom/csipsimple/ui/favorites/FavLoader;--->loadInBackground()Landroid/database/Cursor;
09-18 18:46:57.727 14002 14032 D M_InsDal: Lcom/csipsimple/api/SipProfile;---><clinit>()V
09-18 18:46:57.727 14002 14032 D M_InsDal: Lcom/csipsimple/api/SipProfile$1;---><init>()V
09-18 18:46:57.727 14002 14032 D M_InsDal: Lcom/csipsimple/api/SipProfile;--->getAllProfiles(Landroid/content/Context;Z[Ljava/lang/String;)Ljava/util/ArrayList;
09-18 18:46:57.727 14002 14002 D M_InsDal: Lcom/csipsimple/ui/calllog/CallLogListFragment;--->onViewCreated(Landroid/view/View;Landroid/os/Bundle;)V
09-18 18:46:57.727 14002 14002 D M_InsDal: Lcom/csipsimple/ui/calllog/CallLogListFragment$1;---><init>(Lcom/csipsimple/ui/calllog/CallLogListFragment;)V
09-18 18:46:57.727 14002 14002 D M_InsDal: Lcom/csipsimple/widgets/CSSListFragment;--->onActivityCreated(Landroid/os/Bundle;)V
09-18 18:46:57.727 14002 14002 D M_InsDal: Lcom/csipsimple/ui/calllog/CallLogListFragment;--->onActivityCreated(Landroid/os/Bundle;)V
09-18 18:46:57.727 14002 14002 D M_InsDal: Lcom/csipsimple/ui/SipHome;--->onAttachFragment(Landroid/support/v4/app/Fragment;)V
09-18 18:46:57.727 14002 14002 D M_InsDal: Lcom/csipsimple/ui/SipHome$TabsAdapter;--->getIdForPosition(I)Ljava/lang/Integer;
09-18 18:46:57.727 14002 14002 D M_InsDal: Lcom/csipsimple/ui/messages/ConversationsListFragment;--->onCreateView(Landroid/view/LayoutInflater;Landroid/view/ViewGroup;Landroid/os/Bundle;)Landroid/view/View;
09-18 18:46:57.729 14002 14002 D M_InsDal: Lcom/csipsimple/ui/messages/ConversationsListFragment$1;---><init>(Lcom/csipsimple/ui/messages/ConversationsListFragment;)V
09-18 18:46:57.729 14002 14002 D M_InsDal: Lcom/csipsimple/widgets/CheckableListItemView;---><init>(Landroid/content/Context;Landroid/util/AttributeSet;)V
09-18 18:46:57.729 14002 14002 D M_InsDal: Lcom/csipsimple/widgets/CheckableListItemView;--->requestLayout()V
09-18 18:46:57.729 14002 14002 D M_InsDal: Lcom/csipsimple/widgets/CheckableListItemView;--->requestLayout()V
09-18 18:46:57.730 14002 14002 D M_InsDal: Lcom/csipsimple/widgets/contactbadge/QuickContactBadge;---><init>(Landroid/content/Context;Landroid/util/AttributeSet;)V
09-18 18:46:57.730 14002 14002 D M_InsDal: Lcom/csipsimple/widgets/contactbadge/QuickContactBadge;---><init>(Landroid/content/Context;Landroid/util/AttributeSet;I)V
09-18 18:46:57.730 14002 14002 D M_InsDal: Lcom/csipsimple/widgets/contactbadge/QuickContactBadge$ArrowPosition;---><clinit>()V
09-18 18:46:57.730 14002 14002 D M_InsDal: Lcom/csipsimple/widgets/contactbadge/QuickContactBadge$ArrowPosition;---><init>(Ljava/lang/String;I)V
09-18 18:46:57.730 14002 14002 D M_InsDal: Lcom/csipsimple/widgets/contactbadge/QuickContactBadge$ArrowPosition;---><init>(Ljava/lang/String;I)V
09-18 18:46:57.730 14002 14002 D M_InsDal: Lcom/csipsimple/utils/Compatibility;--->isCompatible(I)Z
09-18 18:46:57.730 14002 14002 D M_InsDal: Lcom/csipsimple/widgets/contactbadge/ContactBadge5;---><init>(Landroid/content/Context;Landroid/util/AttributeSet;ILcom/csipsimple/widgets/contactbadge/QuickContactBadge;)V
09-18 18:46:57.730 14002 14002 D M_InsDal: Lcom/csipsimple/widgets/contactbadge/ContactBadgeContract;---><init>(Landroid/content/Context;Landroid/util/AttributeSet;ILcom/csipsimple/widgets/contactbadge/QuickContactBadge;)V
09-18 18:46:57.730 14002 14002 D M_InsDal: Lcom/csipsimple/widgets/contactbadge/OverlayedQuickContactBadge;---><init>(Landroid/content/Context;Landroid/util/AttributeSet;ILcom/csipsimple/widgets/contactbadge/QuickContactBadge;)V
09-18 18:46:57.731 14002 14002 D M_InsDal: Lcom/csipsimple/widgets/contactbadge/ContactBadge5;--->getImageView()Landroid/widget/ImageView;
09-18 18:46:57.731 14002 14002 D M_InsDal: Lcom/csipsimple/widgets/contactbadge/QuickContactBadge;--->setDrawable()V
09-18 18:46:57.731 14002 14002 D M_InsDal: Lcom/csipsimple/widgets/CheckableListItemView;--->requestLayout()V
09-18 18:46:57.731 14002 14002 D M_InsDal: Lcom/csipsimple/ui/messages/ConversationsListFragment;--->onViewCreated(Landroid/view/View;Landroid/os/Bundle;)V
09-18 18:46:57.731 14002 14002 D M_InsDal: Lcom/csipsimple/widgets/CSSListFragment;--->onActivityCreated(Landroid/os/Bundle;)V
09-18 18:46:57.731 14002 14002 D M_InsDal: Lcom/csipsimple/ui/messages/ConversationsListFragment;--->onActivityCreated(Landroid/os/Bundle;)V
09-18 18:46:57.736 14002 14002 D M_InsDal: Lcom/csipsimple/ui/SipHome$TabsAdapter;--->getCount()I
09-18 18:46:57.736 14002 14002 D M_InsDal: Lcom/csipsimple/ui/SipHome$TabsAdapter;--->getCount()I
09-18 18:46:57.739 14002 14002 D M_InsDal: Lcom/csipsimple/ui/prefs/PrefsFast;---><init>()V
09-18 18:46:57.740 14002 14002 D M_InsDal: Lcom/csipsimple/ui/prefs/PrefsFast;--->onCreate(Landroid/os/Bundle;)V
09-18 18:46:57.746 14002 14002 D M_InsDal: Lcom/csipsimple/ui/prefs/PrefsFast;--->updateFromPrefs()V
09-18 18:46:57.746 14002 14002 D M_InsDal: Lcom/csipsimple/api/SipConfigManager;--->getPreferenceBooleanValue(Landroid/content/Context;Ljava/lang/String;)Ljava/lang/Boolean;
09-18 18:46:57.746 14002 14002 D M_InsDal: Lcom/csipsimple/api/SipConfigManager;--->getPreferenceBooleanValue(Landroid/content/Context;Ljava/lang/String;Ljava/lang/Boolean;)Ljava/lang/Boolean;
09-18 18:46:57.746 14002 14002 D M_InsDal: Lcom/csipsimple/api/SipConfigManager;--->getPrefUriForKey(Ljava/lang/String;)Landroid/net/Uri;
09-18 18:46:57.746 14002 14002 D M_InsDal: Lcom/csipsimple/service/PreferenceProvider;--->query(Landroid/net/Uri;[Ljava/lang/String;Ljava/lang/String;[Ljava/lang/String;Ljava/lang/String;)Landroid/database/Cursor;
09-18 18:46:57.746 14002 14002 D M_InsDal: Lcom/csipsimple/utils/PreferencesWrapper;--->getPreferenceBooleanValue(Ljava/lang/String;)Ljava/lang/Boolean;
09-18 18:46:57.746 14002 14002 D M_InsDal: Lcom/csipsimple/utils/PreferencesWrapper;--->gPrefBooleanValue(Landroid/content/SharedPreferences;Ljava/lang/String;)Ljava/lang/Boolean;
09-18 18:46:57.746 14002 14002 D M_InsDal: Lcom/csipsimple/api/SipConfigManager;--->getPreferenceBooleanValue(Landroid/content/Context;Ljava/lang/String;Ljava/lang/Boolean;)Ljava/lang/Boolean;
09-18 18:46:57.746 14002 14002 D M_InsDal: Lcom/csipsimple/api/SipConfigManager;--->getPrefUriForKey(Ljava/lang/String;)Landroid/net/Uri;
09-18 18:46:57.746 14002 14002 D M_InsDal: Lcom/csipsimple/service/PreferenceProvider;--->query(Landroid/net/Uri;[Ljava/lang/String;Ljava/lang/String;[Ljava/lang/String;Ljava/lang/String;)Landroid/database/Cursor;
09-18 18:46:57.746 14002 14002 D M_InsDal: Lcom/csipsimple/utils/PreferencesWrapper;--->getPreferenceBooleanValue(Ljava/lang/String;)Ljava/lang/Boolean;
09-18 18:46:57.746 14002 14002 D M_InsDal: Lcom/csipsimple/utils/PreferencesWrapper;--->gPrefBooleanValue(Landroid/content/SharedPreferences;Ljava/lang/String;)Ljava/lang/Boolean;
09-18 18:46:57.746 14002 14002 D M_InsDal: Lcom/csipsimple/api/SipConfigManager;--->getPreferenceBooleanValue(Landroid/content/Context;Ljava/lang/String;Ljava/lang/Boolean;)Ljava/lang/Boolean;
09-18 18:46:57.746 14002 14002 D M_InsDal: Lcom/csipsimple/api/SipConfigManager;--->getPrefUriForKey(Ljava/lang/String;)Landroid/net/Uri;
09-18 18:46:57.746 14002 14002 D M_InsDal: Lcom/csipsimple/service/PreferenceProvider;--->query(Landroid/net/Uri;[Ljava/lang/String;Ljava/lang/String;[Ljava/lang/String;Ljava/lang/String;)Landroid/database/Cursor;
09-18 18:46:57.746 14002 14002 D M_InsDal: Lcom/csipsimple/utils/PreferencesWrapper;--->getPreferenceBooleanValue(Ljava/lang/String;)Ljava/lang/Boolean;
09-18 18:46:57.746 14002 14002 D M_InsDal: Lcom/csipsimple/utils/PreferencesWrapper;--->gPrefBooleanValue(Landroid/content/SharedPreferences;Ljava/lang/String;)Ljava/lang/Boolean;
09-18 18:46:57.746 14002 14002 D M_InsDal: Lcom/csipsimple/api/SipConfigManager;--->getPreferenceBooleanValue(Landroid/content/Context;Ljava/lang/String;Ljava/lang/Boolean;)Ljava/lang/Boolean;
09-18 18:46:57.746 14002 14002 D M_InsDal: Lcom/csipsimple/api/SipConfigManager;--->getPrefUriForKey(Ljava/lang/String;)Landroid/net/Uri;
09-18 18:46:57.746 14002 14002 D M_InsDal: Lcom/csipsimple/service/PreferenceProvider;--->query(Landroid/net/Uri;[Ljava/lang/String;Ljava/lang/String;[Ljava/lang/String;Ljava/lang/String;)Landroid/database/Cursor;
09-18 18:46:57.747 14002 14002 D M_InsDal: Lcom/csipsimple/utils/PreferencesWrapper;--->getPreferenceBooleanValue(Ljava/lang/String;)Ljava/lang/Boolean;
09-18 18:46:57.747 14002 14002 D M_InsDal: Lcom/csipsimple/utils/PreferencesWrapper;--->gPrefBooleanValue(Landroid/content/SharedPreferences;Ljava/lang/String;)Ljava/lang/Boolean;
09-18 18:46:57.747 14002 14002 D M_InsDal: Lcom/csipsimple/api/SipConfigManager;--->getPreferenceBooleanValue(Landroid/content/Context;Ljava/lang/String;Ljava/lang/Boolean;)Ljava/lang/Boolean;
09-18 18:46:57.747 14002 14002 D M_InsDal: Lcom/csipsimple/api/SipConfigManager;--->getPrefUriForKey(Ljava/lang/String;)Landroid/net/Uri;
09-18 18:46:57.747 14002 14002 D M_InsDal: Lcom/csipsimple/service/PreferenceProvider;--->query(Landroid/net/Uri;[Ljava/lang/String;Ljava/lang/String;[Ljava/lang/String;Ljava/lang/String;)Landroid/database/Cursor;
09-18 18:46:57.747 14002 14002 D M_InsDal: Lcom/csipsimple/utils/PreferencesWrapper;--->getPreferenceBooleanValue(Ljava/lang/String;)Ljava/lang/Boolean;
09-18 18:46:57.747 14002 14002 D M_InsDal: Lcom/csipsimple/utils/PreferencesWrapper;--->gPrefBooleanValue(Landroid/content/SharedPreferences;Ljava/lang/String;)Ljava/lang/Boolean;
09-18 18:46:57.747 14002 14002 D M_InsDal: Lcom/csipsimple/api/SipConfigManager;--->getPreferenceBooleanValue(Landroid/content/Context;Ljava/lang/String;Ljava/lang/Boolean;)Ljava/lang/Boolean;
09-18 18:46:57.747 14002 14002 D M_InsDal: Lcom/csipsimple/api/SipConfigManager;--->getPrefUriForKey(Ljava/lang/String;)Landroid/net/Uri;
09-18 18:46:57.747 14002 14002 D M_InsDal: Lcom/csipsimple/service/PreferenceProvider;--->query(Landroid/net/Uri;[Ljava/lang/String;Ljava/lang/String;[Ljava/lang/String;Ljava/lang/String;)Landroid/database/Cursor;
09-18 18:46:57.747 14002 14002 D M_InsDal: Lcom/csipsimple/utils/PreferencesWrapper;--->getPreferenceBooleanValue(Ljava/lang/String;)Ljava/lang/Boolean;
09-18 18:46:57.747 14002 14002 D M_InsDal: Lcom/csipsimple/utils/PreferencesWrapper;--->gPrefBooleanValue(Landroid/content/SharedPreferences;Ljava/lang/String;)Ljava/lang/Boolean;
09-18 18:46:57.747 14002 14002 D M_InsDal: Lcom/csipsimple/api/SipConfigManager;--->getPreferenceBooleanValue(Landroid/content/Context;Ljava/lang/String;Ljava/lang/Boolean;)Ljava/lang/Boolean;
09-18 18:46:57.747 14002 14002 D M_InsDal: Lcom/csipsimple/api/SipConfigManager;--->getPrefUriForKey(Ljava/lang/String;)Landroid/net/Uri;
09-18 18:46:57.747 14002 14002 D M_InsDal: Lcom/csipsimple/service/PreferenceProvider;--->query(Landroid/net/Uri;[Ljava/lang/String;Ljava/lang/String;[Ljava/lang/String;Ljava/lang/String;)Landroid/database/Cursor;
09-18 18:46:57.747 14002 14002 D M_InsDal: Lcom/csipsimple/utils/PreferencesWrapper;--->getPreferenceBooleanValue(Ljava/lang/String;)Ljava/lang/Boolean;
09-18 18:46:57.747 14002 14002 D M_InsDal: Lcom/csipsimple/utils/PreferencesWrapper;--->gPrefBooleanValue(Landroid/content/SharedPreferences;Ljava/lang/String;)Ljava/lang/Boolean;
09-18 18:46:57.747 14002 14002 D M_InsDal: Lcom/csipsimple/api/SipConfigManager;--->getPreferenceBooleanValue(Landroid/content/Context;Ljava/lang/String;Ljava/lang/Boolean;)Ljava/lang/Boolean;
09-18 18:46:57.747 14002 14002 D M_InsDal: Lcom/csipsimple/api/SipConfigManager;--->getPrefUriForKey(Ljava/lang/String;)Landroid/net/Uri;
09-18 18:46:57.747 14002 14002 D M_InsDal: Lcom/csipsimple/service/PreferenceProvider;--->query(Landroid/net/Uri;[Ljava/lang/String;Ljava/lang/String;[Ljava/lang/String;Ljava/lang/String;)Landroid/database/Cursor;
09-18 18:46:57.747 14002 14002 D M_InsDal: Lcom/csipsimple/utils/PreferencesWrapper;--->getPreferenceBooleanValue(Ljava/lang/String;)Ljava/lang/Boolean;
09-18 18:46:57.747 14002 14002 D M_InsDal: Lcom/csipsimple/utils/PreferencesWrapper;--->gPrefBooleanValue(Landroid/content/SharedPreferences;Ljava/lang/String;)Ljava/lang/Boolean;
09-18 18:46:57.747 14002 14002 D M_InsDal: Lcom/csipsimple/api/SipConfigManager;--->getPreferenceBooleanValue(Landroid/content/Context;Ljava/lang/String;Ljava/lang/Boolean;)Ljava/lang/Boolean;
09-18 18:46:57.747 14002 14002 D M_InsDal: Lcom/csipsimple/api/SipConfigManager;--->getPrefUriForKey(Ljava/lang/String;)Landroid/net/Uri;
09-18 18:46:57.747 14002 14002 D M_InsDal: Lcom/csipsimple/service/PreferenceProvider;--->query(Landroid/net/Uri;[Ljava/lang/String;Ljava/lang/String;[Ljava/lang/String;Ljava/lang/String;)Landroid/database/Cursor;
09-18 18:46:57.747 14002 14002 D M_InsDal: Lcom/csipsimple/utils/PreferencesWrapper;--->getPreferenceBooleanValue(Ljava/lang/String;)Ljava/lang/Boolean;
09-18 18:46:57.747 14002 14002 D M_InsDal: Lcom/csipsimple/utils/PreferencesWrapper;--->gPrefBooleanValue(Landroid/content/SharedPreferences;Ljava/lang/String;)Ljava/lang/Boolean;
09-18 18:46:57.747 14002 14002 D M_InsDal: Lcom/csipsimple/api/SipConfigManager;--->getPreferenceBooleanValue(Landroid/content/Context;Ljava/lang/String;Ljava/lang/Boolean;)Ljava/lang/Boolean;
09-18 18:46:57.747 14002 14002 D M_InsDal: Lcom/csipsimple/api/SipConfigManager;--->getPrefUriForKey(Ljava/lang/String;)Landroid/net/Uri;
09-18 18:46:57.747 14002 14002 D M_InsDal: Lcom/csipsimple/service/PreferenceProvider;--->query(Landroid/net/Uri;[Ljava/lang/String;Ljava/lang/String;[Ljava/lang/String;Ljava/lang/String;)Landroid/database/Cursor;
09-18 18:46:57.747 14002 14002 D M_InsDal: Lcom/csipsimple/utils/PreferencesWrapper;--->getPreferenceBooleanValue(Ljava/lang/String;)Ljava/lang/Boolean;
09-18 18:46:57.747 14002 14002 D M_InsDal: Lcom/csipsimple/utils/PreferencesWrapper;--->gPrefBooleanValue(Landroid/content/SharedPreferences;Ljava/lang/String;)Ljava/lang/Boolean;
09-18 18:46:57.747 14002 14002 D M_InsDal: Lcom/csipsimple/ui/prefs/PrefsFast$Profile;---><clinit>()V
09-18 18:46:57.747 14002 14002 D M_InsDal: Lcom/csipsimple/ui/prefs/PrefsFast$Profile;---><init>(Ljava/lang/String;I)V
09-18 18:46:57.747 14002 14002 D M_InsDal: Lcom/csipsimple/ui/prefs/PrefsFast$Profile;---><init>(Ljava/lang/String;I)V
09-18 18:46:57.747 14002 14002 D M_InsDal: Lcom/csipsimple/ui/prefs/PrefsFast;--->setProfile(Lcom/csipsimple/ui/prefs/PrefsFast$Profile;)V
09-18 18:46:57.763 14027 14027 D M_InsDal: Lcom/csipsimple/db/DBProvider;---><clinit>()V
09-18 18:46:57.763 14027 14027 D M_InsDal: Lcom/csipsimple/db/DBProvider;---><init>()V
09-18 18:46:57.763 14027 14027 D M_InsDal: Lcom/csipsimple/db/DBProvider;--->onCreate()Z
09-18 18:46:57.763 14027 14027 D M_InsDal: Lcom/csipsimple/db/DBAdapter$DatabaseHelper;---><init>(Landroid/content/Context;)V
09-18 18:46:57.764 14027 14042 D M_InsDal: Lcom/csipsimple/db/DBProvider;--->query(Landroid/net/Uri;[Ljava/lang/String;Ljava/lang/String;[Ljava/lang/String;Ljava/lang/String;)Landroid/database/Cursor;
09-18 18:46:57.764 14027 14027 D M_InsDal: Lcom/csipsimple/service/SipService;---><clinit>()V
09-18 18:46:57.764 14027 14027 D M_InsDal: Lcom/csipsimple/service/SipService;---><init>()V
09-18 18:46:57.764 14027 14027 D M_InsDal: Lcom/csipsimple/service/SipService$1;---><init>(Lcom/csipsimple/service/SipService;)V
09-18 18:46:57.764 14027 14027 D M_InsDal: Lcom/csipsimple/api/ISipService$Stub;---><init>()V
09-18 18:46:57.764 14027 14027 D M_InsDal: Lcom/csipsimple/service/SipService$2;---><init>(Lcom/csipsimple/service/SipService;)V
09-18 18:46:57.765 14027 14027 D M_InsDal: Lcom/csipsimple/api/ISipConfiguration$Stub;---><init>()V
09-18 18:46:57.765 14027 14027 D M_InsDal: Lcom/csipsimple/service/SipService$ServiceHandler;---><init>(Lcom/csipsimple/service/SipService;)V
09-18 18:46:57.765 14027 14027 D M_InsDal: Lcom/csipsimple/api/SipManager$PresenceStatus;---><clinit>()V
09-18 18:46:57.765 14027 14027 D M_InsDal: Lcom/csipsimple/api/SipManager$PresenceStatus;---><init>(Ljava/lang/String;I)V
09-18 18:46:57.765 14027 14027 D M_InsDal: Lcom/csipsimple/api/SipManager$PresenceStatus;---><init>(Ljava/lang/String;I)V
09-18 18:46:57.765 14027 14027 D M_InsDal: Lcom/csipsimple/service/SipService;--->onCreate()V
09-18 18:46:57.765 14027 14027 D M_InsDal: Lcom/csipsimple/utils/Log;---><clinit>()V
09-18 18:46:57.765 14027 14027 D M_InsDal: Lcom/csipsimple/utils/Log;--->i(Ljava/lang/String;Ljava/lang/String;)V
09-18 18:46:57.765 14027 14027 D M_InsDal: Lcom/csipsimple/utils/PreferencesProviderWrapper;---><init>(Landroid/content/Context;)V
09-18 18:46:57.765 14027 14027 D M_InsDal: Lcom/csipsimple/utils/PreferencesProviderWrapper;--->getLogLevel()I
09-18 18:46:57.765 14027 14027 D M_InsDal: Lcom/csipsimple/api/SipConfigManager;---><clinit>()V
09-18 18:46:57.765 14027 14027 D M_InsDal: Lcom/csipsimple/api/SipConfigManager;--->getPreferenceIntegerValue(Landroid/content/Context;Ljava/lang/String;Ljava/lang/Integer;)Ljava/lang/Integer;
09-18 18:46:57.765 14027 14027 D M_InsDal: Lcom/csipsimple/api/SipConfigManager;--->getPrefUriForKey(Ljava/lang/String;)Landroid/net/Uri;
09-18 18:46:57.766 14002 14022 D M_InsDal: Lcom/csipsimple/service/PreferenceProvider;--->query(Landroid/net/Uri;[Ljava/lang/String;Ljava/lang/String;[Ljava/lang/String;Ljava/lang/String;)Landroid/database/Cursor;
09-18 18:46:57.766 14002 14022 D M_InsDal: Lcom/csipsimple/utils/PreferencesWrapper;--->getPreferenceIntegerValue(Ljava/lang/String;)Ljava/lang/Integer;
09-18 18:46:57.766 14002 14022 D M_InsDal: Lcom/csipsimple/utils/PreferencesWrapper;--->getPreferenceStringValue(Ljava/lang/String;)Ljava/lang/String;
09-18 18:46:57.766 14002 14022 D M_InsDal: Lcom/csipsimple/utils/PreferencesWrapper;--->gPrefStringValue(Landroid/content/SharedPreferences;Ljava/lang/String;)Ljava/lang/String;
09-18 18:46:57.767 14027 14027 D M_InsDal: Lcom/csipsimple/utils/Log;--->setLogLevel(I)V
09-18 18:46:57.767 14027 14027 D M_InsDal: Lcom/csipsimple/service/SipNotifications;---><clinit>()V
09-18 18:46:57.767 14027 14027 D M_InsDal: Lcom/csipsimple/service/SipNotifications;---><init>(Landroid/content/Context;)V
09-18 18:46:57.767 14027 14027 D M_InsDal: Lcom/csipsimple/service/SipNotifications;--->cancelAll()V
09-18 18:46:57.767 14027 14027 D M_InsDal: Lcom/csipsimple/service/SipNotifications;--->cancelMessages()V
09-18 18:46:57.767 14027 14027 D M_InsDal: Lcom/csipsimple/service/SipNotifications;--->cancelMissedCalls()V
09-18 18:46:57.768 14027 14027 D M_InsDal: Lcom/csipsimple/service/SipNotifications;--->cancelVoicemails()V
09-18 18:46:57.768 14027 14027 D M_InsDal: Lcom/csipsimple/service/SipNotifications;--->cancelCalls()V
09-18 18:46:57.768 14027 14027 D M_InsDal: Lcom/csipsimple/utils/Compatibility;--->isCompatible(I)Z
09-18 18:46:57.768 14027 14027 D M_InsDal: Lcom/csipsimple/service/SipNotifications;--->onServiceCreate()V
09-18 18:46:57.768 14027 14027 D M_InsDal: Lcom/csipsimple/service/SipWakeLock;---><init>(Landroid/os/PowerManager;)V
09-18 18:46:57.769 14027 14027 D M_InsDal: Lcom/csipsimple/utils/PreferencesProviderWrapper;--->getPreferenceBooleanValue(Ljava/lang/String;Z)Z
09-18 18:46:57.769 14027 14027 D M_InsDal: Lcom/csipsimple/api/SipConfigManager;--->getPreferenceBooleanValue(Landroid/content/Context;Ljava/lang/String;Ljava/lang/Boolean;)Ljava/lang/Boolean;
09-18 18:46:57.769 14027 14027 D M_InsDal: Lcom/csipsimple/api/SipConfigManager;--->getPrefUriForKey(Ljava/lang/String;)Landroid/net/Uri;
09-18 18:46:57.769 14002 14022 D M_InsDal: Lcom/csipsimple/service/PreferenceProvider;--->query(Landroid/net/Uri;[Ljava/lang/String;Ljava/lang/String;[Ljava/lang/String;Ljava/lang/String;)Landroid/database/Cursor;
09-18 18:46:57.769 14002 14022 D M_InsDal: Lcom/csipsimple/utils/PreferencesWrapper;--->getPreferenceBooleanValue(Ljava/lang/String;)Ljava/lang/Boolean;
09-18 18:46:57.769 14002 14022 D M_InsDal: Lcom/csipsimple/utils/PreferencesWrapper;--->gPrefBooleanValue(Landroid/content/SharedPreferences;Ljava/lang/String;)Ljava/lang/Boolean;
09-18 18:46:57.770 14027 14027 D M_InsDal: Lcom/csipsimple/utils/Log;--->d(Ljava/lang/String;Ljava/lang/String;)V
09-18 18:46:57.770 14027 14027 D M_InsDal: Lcom/csipsimple/service/PresenceManager;---><clinit>()V
09-18 18:46:57.770 14027 14027 D M_InsDal: Lcom/csipsimple/service/PresenceManager;---><init>()V
09-18 18:46:57.770 14027 14027 D M_InsDal: Lcom/csipsimple/service/SipService;--->onStart(Landroid/content/Intent;I)V
09-18 18:46:57.770 14027 14027 D M_InsDal: Lcom/csipsimple/service/SipService;--->registerForOutgoing(Landroid/content/ComponentName;)V
09-18 18:46:57.770 14027 14027 D M_InsDal: Lcom/csipsimple/service/SipService;--->isConnectivityValid()Z
09-18 18:46:57.770 14027 14027 D M_InsDal: Lcom/csipsimple/utils/PreferencesProviderWrapper;--->getPreferenceBooleanValue(Ljava/lang/String;Z)Z
09-18 18:46:57.770 14027 14027 D M_InsDal: Lcom/csipsimple/api/SipConfigManager;--->getPreferenceBooleanValue(Landroid/content/Context;Ljava/lang/String;Ljava/lang/Boolean;)Ljava/lang/Boolean;
09-18 18:46:57.770 14027 14027 D M_InsDal: Lcom/csipsimple/api/SipConfigManager;--->getPrefUriForKey(Ljava/lang/String;)Landroid/net/Uri;
09-18 18:46:57.771 14002 14022 D M_InsDal: Lcom/csipsimple/service/PreferenceProvider;--->query(Landroid/net/Uri;[Ljava/lang/String;Ljava/lang/String;[Ljava/lang/String;Ljava/lang/String;)Landroid/database/Cursor;
09-18 18:46:57.771 14002 14022 D M_InsDal: Lcom/csipsimple/utils/PreferencesWrapper;--->getPreferenceBooleanValue(Ljava/lang/String;)Ljava/lang/Boolean;
