05-24 22:46:46.366 10387 10387 D M_InsDal: Lcom/fsck/k9/activity/compose/ComposeCryptoStatus;--->getCryptoStatusDisplayType()Lcom/fsck/k9/activity/compose/RecipientMvpView$CryptoStatusDisplayType;
05-24 22:46:46.366 10387 10387 D M_InsDal: Lcom/fsck/k9/activity/compose/ComposeCryptoStatus$1;---><clinit>()V
05-24 22:46:46.366 10387 10387 D M_InsDal: Lcom/fsck/k9/activity/compose/RecipientPresenter$CryptoMode;--->values()[Lcom/fsck/k9/activity/compose/RecipientPresenter$CryptoMode;
05-24 22:46:46.366 10387 10471 D M_InsDal: Lcom/fsck/k9/service/MailService;--->setupPushers()V
05-24 22:46:46.366 10387 10471 D M_InsDal: Lcom/fsck/k9/Preferences;--->getPreferences(Landroid/content/Context;)Lcom/fsck/k9/Preferences;
05-24 22:46:46.366 10387 10471 D M_InsDal: Lcom/fsck/k9/Preferences;--->getAccounts()Ljava/util/List;
05-24 22:46:46.366 10387 10387 D M_InsDal: Lcom/fsck/k9/activity/compose/RecipientPresenter$CryptoProviderState;--->values()[Lcom/fsck/k9/activity/compose/RecipientPresenter$CryptoProviderState;
05-24 22:46:46.366 10387 10471 D M_InsDal: Lcom/fsck/k9/Account;--->getDescription()Ljava/lang/String;
05-24 22:46:46.366 10387 10471 D M_InsDal: Lcom/fsck/k9/Account;--->isEnabled()Z
05-24 22:46:46.366 10387 10471 D M_InsDal: Lcom/fsck/k9/Account;--->isAvailable(Landroid/content/Context;)Z
05-24 22:46:46.366 10387 10387 D M_InsDal: Lcom/fsck/k9/activity/compose/RecipientMvpView$CryptoStatusDisplayType;---><clinit>()V
05-24 22:46:46.366 10387 10471 D M_InsDal: Lcom/fsck/k9/Account;--->getLocalStorageProviderId()Ljava/lang/String;
05-24 22:46:46.366 10387 10471 D M_InsDal: Lcom/fsck/k9/mailstore/StorageManager;--->getInstance(Landroid/content/Context;)Lcom/fsck/k9/mailstore/StorageManager;
05-24 22:46:46.366 10387 10387 D M_InsDal: Lcom/fsck/k9/activity/compose/RecipientMvpView$CryptoStatusDisplayType;---><init>(Ljava/lang/String;II)V
05-24 22:46:46.366 10387 10471 D M_InsDal: Lcom/fsck/k9/mailstore/StorageManager;--->isReady(Ljava/lang/String;)Z
05-24 22:46:46.366 10387 10387 D M_InsDal: Lcom/fsck/k9/activity/compose/RecipientMvpView$CryptoStatusDisplayType;---><init>(Ljava/lang/String;II)V
05-24 22:46:46.366 10387 10471 D M_InsDal: Lcom/fsck/k9/mailstore/StorageManager;--->getProvider(Ljava/lang/String;)Lcom/fsck/k9/mailstore/StorageManager$StorageProvider;
05-24 22:46:46.366 10387 10387 D M_InsDal: Lcom/fsck/k9/activity/compose/RecipientMvpView$CryptoStatusDisplayType;---><init>(Ljava/lang/String;II)V
05-24 22:46:46.367 10387 10387 D M_InsDal: Lcom/fsck/k9/activity/compose/RecipientMvpView$CryptoStatusDisplayType;---><init>(Ljava/lang/String;II)V
05-24 22:46:46.367 10387 10471 D M_InsDal: Lcom/fsck/k9/mailstore/StorageManager$InternalStorageProvider;--->isReady(Landroid/content/Context;)Z
05-24 22:46:46.367 10387 10387 D M_InsDal: Lcom/fsck/k9/activity/compose/RecipientMvpView$CryptoStatusDisplayType;---><init>(Ljava/lang/String;II)V
05-24 22:46:46.367 10387 10471 D M_InsDal: Lcom/fsck/k9/controller/MessagingController;--->getInstance(Landroid/content/Context;)Lcom/fsck/k9/controller/MessagingController;
05-24 22:46:46.367 10387 10387 D M_InsDal: Lcom/fsck/k9/activity/compose/RecipientMvpView$CryptoStatusDisplayType;---><init>(Ljava/lang/String;II)V
05-24 22:46:46.367 10387 10471 D M_InsDal: Lcom/fsck/k9/controller/MessagingController;--->setupPushing(Lcom/fsck/k9/Account;)Z
05-24 22:46:46.367 10387 10471 D M_InsDal: Lcom/fsck/k9/Account;--->hashCode()I
05-24 22:46:46.367 10387 10387 D M_InsDal: Lcom/fsck/k9/activity/compose/RecipientMvpView$CryptoStatusDisplayType;---><init>(Ljava/lang/String;II)V
05-24 22:46:46.367 10387 10387 D M_InsDal: Lcom/fsck/k9/activity/compose/RecipientMvpView$CryptoStatusDisplayType;---><init>(Ljava/lang/String;II)V
05-24 22:46:46.368 10387 10387 D M_InsDal: Lcom/fsck/k9/activity/compose/RecipientMvpView;--->showCryptoStatus(Lcom/fsck/k9/activity/compose/RecipientMvpView$CryptoStatusDisplayType;)V
05-24 22:46:46.368 10387 10387 D M_InsDal: Lcom/fsck/k9/activity/compose/ComposeCryptoStatus;--->getCryptoSpecialModeDisplayType()Lcom/fsck/k9/activity/compose/RecipientMvpView$CryptoSpecialModeDisplayType;
05-24 22:46:46.368 10387 10387 D M_InsDal: Lcom/fsck/k9/activity/compose/RecipientMvpView$CryptoSpecialModeDisplayType;---><clinit>()V
05-24 22:46:46.368 10387 10387 D M_InsDal: Lcom/fsck/k9/activity/compose/RecipientMvpView$CryptoSpecialModeDisplayType;---><init>(Ljava/lang/String;II)V
05-24 22:46:46.368 10387 10387 D M_InsDal: Lcom/fsck/k9/activity/compose/RecipientMvpView$CryptoSpecialModeDisplayType;---><init>(Ljava/lang/String;II)V
05-24 22:46:46.368 10387 10387 D M_InsDal: Lcom/fsck/k9/activity/compose/RecipientMvpView;--->showCryptoSpecialMode(Lcom/fsck/k9/activity/compose/RecipientMvpView$CryptoSpecialModeDisplayType;)V
05-24 22:46:46.368 10387 10387 D M_InsDal: Lcom/fsck/k9/activity/compose/RecipientPresenter$1;--->onPostExecute(Lcom/fsck/k9/message/AutocryptStatusInteractor$RecipientAutocryptStatus;)V
05-24 22:46:46.368 10387 10387 D M_InsDal: Lcom/fsck/k9/activity/compose/RecipientPresenter;--->redrawCachedCryptoStatusIcon()V
05-24 22:46:46.368 10387 10387 D M_InsDal: Lcom/fsck/k9/activity/compose/ComposeCryptoStatus;--->isEncryptionEnabled()Z
05-24 22:46:46.368 10387 10387 D M_InsDal: Lcom/fsck/k9/activity/compose/RecipientMvpView;--->setRecipientTokensShowCryptoEnabled(Z)V
05-24 22:46:46.368 10387 10387 D M_InsDal: Lcom/fsck/k9/view/RecipientSelectView;--->setShowCryptoEnabled(Z)V
05-24 22:46:46.368 10387 10387 D M_InsDal: Lcom/fsck/k9/view/RecipientSelectView;--->redrawAllTokens()V
05-24 22:46:46.368 10387 10387 D M_InsDal: Lcom/fsck/k9/view/RecipientSelectView;--->setShowCryptoEnabled(Z)V
05-24 22:46:46.368 10387 10387 D M_InsDal: Lcom/fsck/k9/view/RecipientSelectView;--->redrawAllTokens()V
05-24 22:46:46.368 10387 10387 D M_InsDal: Lcom/fsck/k9/view/RecipientSelectView;--->setShowCryptoEnabled(Z)V
05-24 22:46:46.368 10387 10387 D M_InsDal: Lcom/fsck/k9/view/RecipientSelectView;--->redrawAllTokens()V
05-24 22:46:46.368 10387 10387 D M_InsDal: Lcom/fsck/k9/activity/compose/ComposeCryptoStatus;--->getCryptoStatusDisplayType()Lcom/fsck/k9/activity/compose/RecipientMvpView$CryptoStatusDisplayType;
05-24 22:46:46.368 10387 10387 D M_InsDal: Lcom/fsck/k9/activity/compose/RecipientMvpView;--->showCryptoStatus(Lcom/fsck/k9/activity/compose/RecipientMvpView$CryptoStatusDisplayType;)V
05-24 22:46:46.368 10387 10387 D M_InsDal: Lcom/fsck/k9/activity/compose/ComposeCryptoStatus;--->getCryptoSpecialModeDisplayType()Lcom/fsck/k9/activity/compose/RecipientMvpView$CryptoSpecialModeDisplayType;
05-24 22:46:46.368 10387 10387 D M_InsDal: Lcom/fsck/k9/activity/compose/RecipientMvpView;--->showCryptoSpecialMode(Lcom/fsck/k9/activity/compose/RecipientMvpView$CryptoSpecialModeDisplayType;)V
05-24 22:46:46.369 10387 10471 D M_InsDal: Lcom/fsck/k9/Account;--->getFolderDisplayMode()Lcom/fsck/k9/Account$FolderMode;
05-24 22:46:46.369 10387 10471 D M_InsDal: Lcom/fsck/k9/Account;--->getFolderPushMode()Lcom/fsck/k9/Account$FolderMode;
05-24 22:46:46.369 10387 10471 D M_InsDal: Lcom/fsck/k9/Account;--->getLocalStore()Lcom/fsck/k9/mailstore/LocalStore;
05-24 22:46:46.371 10387 10471 D M_InsDal: Lcom/fsck/k9/mailstore/LocalStore;---><clinit>()V
05-24 22:46:46.371 10387 10471 D M_InsDal: Lcom/fsck/k9/mailstore/LocalStore;--->getInstance(Lcom/fsck/k9/Account;Landroid/content/Context;)Lcom/fsck/k9/mailstore/LocalStore;
05-24 22:46:46.371 10387 10471 D M_InsDal: Lcom/fsck/k9/Account;--->getUuid()Ljava/lang/String;
05-24 22:46:46.371 10387 10471 D M_InsDal: Lcom/fsck/k9/mailstore/LocalStore;---><init>(Lcom/fsck/k9/Account;Landroid/content/Context;)V
05-24 22:46:46.371 10387 10471 D M_InsDal: Lcom/fsck/k9/mail/Store;---><init>()V
05-24 22:46:46.371 10387 10471 D M_InsDal: Lcom/fsck/k9/message/extractors/MessagePreviewCreator;--->newInstance()Lcom/fsck/k9/message/extractors/MessagePreviewCreator;
05-24 22:46:46.371 10387 10471 D M_InsDal: Lcom/fsck/k9/message/extractors/TextPartFinder;---><init>()V
05-24 22:46:46.371 10387 10471 D M_InsDal: Lcom/fsck/k9/message/extractors/PreviewTextExtractor;---><init>()V
05-24 22:46:46.371 10387 10471 D M_InsDal: Lcom/fsck/k9/message/extractors/EncryptionDetector;---><init>(Lcom/fsck/k9/message/extractors/TextPartFinder;)V
05-24 22:46:46.371 10387 10471 D M_InsDal: Lcom/fsck/k9/message/extractors/MessagePreviewCreator;---><init>(Lcom/fsck/k9/message/extractors/TextPartFinder;Lcom/fsck/k9/message/extractors/PreviewTextExtractor;Lcom/fsck/k9/message/extractors/EncryptionDetector;)V
05-24 22:46:46.371 10387 10471 D M_InsDal: Lcom/fsck/k9/message/extractors/MessageFulltextCreator;--->newInstance()Lcom/fsck/k9/message/extractors/MessageFulltextCreator;
05-24 22:46:46.371 10387 10471 D M_InsDal: Lcom/fsck/k9/message/extractors/TextPartFinder;---><init>()V
05-24 22:46:46.371 10387 10471 D M_InsDal: Lcom/fsck/k9/message/extractors/EncryptionDetector;---><init>(Lcom/fsck/k9/message/extractors/TextPartFinder;)V
05-24 22:46:46.371 10387 10471 D M_InsDal: Lcom/fsck/k9/message/extractors/MessageFulltextCreator;---><init>(Lcom/fsck/k9/message/extractors/TextPartFinder;Lcom/fsck/k9/message/extractors/EncryptionDetector;)V
05-24 22:46:46.371 10387 10471 D M_InsDal: Lcom/fsck/k9/message/extractors/AttachmentCounter;--->newInstance()Lcom/fsck/k9/message/extractors/AttachmentCounter;
05-24 22:46:46.371 10387 10471 D M_InsDal: Lcom/fsck/k9/message/extractors/TextPartFinder;---><init>()V
05-24 22:46:46.371 10387 10471 D M_InsDal: Lcom/fsck/k9/message/extractors/EncryptionDetector;---><init>(Lcom/fsck/k9/message/extractors/TextPartFinder;)V
05-24 22:46:46.371 10387 10471 D M_InsDal: Lcom/fsck/k9/message/extractors/AttachmentCounter;---><init>(Lcom/fsck/k9/message/extractors/EncryptionDetector;)V
05-24 22:46:46.371 10387 10471 D M_InsDal: Lcom/fsck/k9/controller/PendingCommandSerializer;---><clinit>()V
05-24 22:46:46.371 10387 10471 D M_InsDal: Lcom/fsck/k9/controller/PendingCommandSerializer;---><init>()V
05-24 22:46:46.394 10387 10471 D M_InsDal: Lcom/fsck/k9/controller/PendingCommandSerializer;--->getInstance()Lcom/fsck/k9/controller/PendingCommandSerializer;
05-24 22:46:46.394 10387 10471 D M_InsDal: Lcom/fsck/k9/message/extractors/AttachmentInfoExtractor;--->getInstance()Lcom/fsck/k9/message/extractors/AttachmentInfoExtractor;
05-24 22:46:46.394 10387 10471 D M_InsDal: Lcom/fsck/k9/Globals;--->getContext()Landroid/content/Context;
05-24 22:46:46.394 10387 10471 D M_InsDal: Lcom/fsck/k9/message/extractors/AttachmentInfoExtractor;---><init>(Landroid/content/Context;)V
05-24 22:46:46.394 10387 10471 D M_InsDal: Lcom/fsck/k9/Account;--->getUuid()Ljava/lang/String;
05-24 22:46:46.394 10387 10471 D M_InsDal: Lcom/fsck/k9/mailstore/StoreSchemaDefinition;---><init>(Lcom/fsck/k9/mailstore/LocalStore;)V
05-24 22:46:46.394 10387 10471 D M_InsDal: Lcom/fsck/k9/mailstore/LockableDatabase;---><init>(Landroid/content/Context;Ljava/lang/String;Lcom/fsck/k9/mailstore/LockableDatabase$SchemaDefinition;)V
05-24 22:46:46.395 10387 10471 D M_InsDal: Lcom/fsck/k9/mailstore/LockableDatabase$StorageListener;---><init>(Lcom/fsck/k9/mailstore/LockableDatabase;)V
05-24 22:46:46.395 10387 10471 D M_InsDal: Lcom/fsck/k9/Account;--->getLocalStorageProviderId()Ljava/lang/String;
05-24 22:46:46.395 10387 10471 D M_InsDal: Lcom/fsck/k9/mailstore/LockableDatabase;--->setStorageProviderId(Ljava/lang/String;)V
05-24 22:46:46.395 10387 10471 D M_InsDal: Lcom/fsck/k9/mailstore/LockableDatabase;--->open()V
05-24 22:46:46.395 10387 10471 D M_InsDal: Lcom/fsck/k9/mailstore/LockableDatabase;--->lockWrite()V
05-24 22:46:46.395 10387 10471 D M_InsDal: Lcom/fsck/k9/mailstore/LockableDatabase;--->lockWrite(Ljava/lang/String;)V
05-24 22:46:46.395 10387 10471 D M_InsDal: Lcom/fsck/k9/mailstore/LockableDatabase;--->getStorageManager()Lcom/fsck/k9/mailstore/StorageManager;
05-24 22:46:46.395 10387 10471 D M_InsDal: Lcom/fsck/k9/mailstore/StorageManager;--->getInstance(Landroid/content/Context;)Lcom/fsck/k9/mailstore/StorageManager;
05-24 22:46:46.395 10387 10471 D M_InsDal: Lcom/fsck/k9/mailstore/StorageManager;--->lockProvider(Ljava/lang/String;)V
05-24 22:46:46.395 10387 10471 D M_InsDal: Lcom/fsck/k9/mailstore/StorageManager;--->getProvider(Ljava/lang/String;)Lcom/fsck/k9/mailstore/StorageManager$StorageProvider;
05-24 22:46:46.395 10387 10471 D M_InsDal: Lcom/fsck/k9/mailstore/StorageManager$InternalStorageProvider;--->isReady(Landroid/content/Context;)Z
05-24 22:46:46.395 10387 10471 D M_InsDal: Lcom/fsck/k9/mailstore/LockableDatabase;--->openOrCreateDataspace()V
05-24 22:46:46.395 10387 10471 D M_InsDal: Lcom/fsck/k9/mailstore/LockableDatabase;--->lockWrite()V
05-24 22:46:46.395 10387 10471 D M_InsDal: Lcom/fsck/k9/mailstore/LockableDatabase;--->lockWrite(Ljava/lang/String;)V
05-24 22:46:46.395 10387 10471 D M_InsDal: Lcom/fsck/k9/mailstore/LockableDatabase;--->getStorageManager()Lcom/fsck/k9/mailstore/StorageManager;
05-24 22:46:46.395 10387 10471 D M_InsDal: Lcom/fsck/k9/mailstore/StorageManager;--->getInstance(Landroid/content/Context;)Lcom/fsck/k9/mailstore/StorageManager;
05-24 22:46:46.395 10387 10471 D M_InsDal: Lcom/fsck/k9/mailstore/StorageManager;--->lockProvider(Ljava/lang/String;)V
05-24 22:46:46.395 10387 10471 D M_InsDal: Lcom/fsck/k9/mailstore/StorageManager;--->getProvider(Ljava/lang/String;)Lcom/fsck/k9/mailstore/StorageManager$StorageProvider;
05-24 22:46:46.395 10387 10471 D M_InsDal: Lcom/fsck/k9/mailstore/StorageManager$InternalStorageProvider;--->isReady(Landroid/content/Context;)Z
05-24 22:46:46.395 10387 10471 D M_InsDal: Lcom/fsck/k9/mailstore/LockableDatabase;--->prepareStorage(Ljava/lang/String;)Ljava/io/File;
05-24 22:46:46.395 10387 10471 D M_InsDal: Lcom/fsck/k9/mailstore/LockableDatabase;--->getStorageManager()Lcom/fsck/k9/mailstore/StorageManager;
05-24 22:46:46.395 10387 10471 D M_InsDal: Lcom/fsck/k9/mailstore/StorageManager;--->getInstance(Landroid/content/Context;)Lcom/fsck/k9/mailstore/StorageManager;
05-24 22:46:46.395 10387 10471 D M_InsDal: Lcom/fsck/k9/mailstore/StorageManager;--->getDatabase(Ljava/lang/String;Ljava/lang/String;)Ljava/io/File;
05-24 22:46:46.395 10387 10471 D M_InsDal: Lcom/fsck/k9/mailstore/StorageManager;--->getProvider(Ljava/lang/String;)Lcom/fsck/k9/mailstore/StorageManager$StorageProvider;
05-24 22:46:46.395 10387 10471 D M_InsDal: Lcom/fsck/k9/mailstore/StorageManager$InternalStorageProvider;--->getDatabase(Landroid/content/Context;Ljava/lang/String;)Ljava/io/File;
05-24 22:46:46.395 10387 10471 D M_InsDal: Lcom/fsck/k9/mailstore/StorageManager;--->getAttachmentDirectory(Ljava/lang/String;Ljava/lang/String;)Ljava/io/File;
05-24 22:46:46.395 10387 10471 D M_InsDal: Lcom/fsck/k9/mailstore/StorageManager;--->getProvider(Ljava/lang/String;)Lcom/fsck/k9/mailstore/StorageManager$StorageProvider;
05-24 22:46:46.395 10387 10471 D M_InsDal: Lcom/fsck/k9/mailstore/StorageManager$InternalStorageProvider;--->getAttachmentDirectory(Landroid/content/Context;Ljava/lang/String;)Ljava/io/File;
05-24 22:46:46.395 10387 10471 D M_InsDal: Lcom/fsck/k9/mailstore/LockableDatabase;--->doOpenOrCreateDb(Ljava/io/File;)V
05-24 22:46:46.399 10387 10471 D M_InsDal: Lcom/fsck/k9/mailstore/StoreSchemaDefinition;--->getVersion()I
05-24 22:46:46.399 10387 10471 D M_InsDal: Lcom/fsck/k9/mailstore/LockableDatabase;--->unlockWrite()V
05-24 22:46:46.399 10387 10471 D M_InsDal: Lcom/fsck/k9/mailstore/LockableDatabase;--->unlockWrite(Ljava/lang/String;)V
05-24 22:46:46.399 10387 10471 D M_InsDal: Lcom/fsck/k9/mailstore/LockableDatabase;--->getStorageManager()Lcom/fsck/k9/mailstore/StorageManager;
05-24 22:46:46.399 10387 10471 D M_InsDal: Lcom/fsck/k9/mailstore/StorageManager;--->getInstance(Landroid/content/Context;)Lcom/fsck/k9/mailstore/StorageManager;
05-24 22:46:46.399 10387 10471 D M_InsDal: Lcom/fsck/k9/mailstore/StorageManager;--->unlockProvider(Ljava/lang/String;)V
05-24 22:46:46.399 10387 10471 D M_InsDal: Lcom/fsck/k9/mailstore/StorageManager;--->getProvider(Ljava/lang/String;)Lcom/fsck/k9/mailstore/StorageManager$StorageProvider;
05-24 22:46:46.399 10387 10471 D M_InsDal: Lcom/fsck/k9/mailstore/LockableDatabase;--->unlockWrite()V
05-24 22:46:46.399 10387 10471 D M_InsDal: Lcom/fsck/k9/mailstore/LockableDatabase;--->unlockWrite(Ljava/lang/String;)V
05-24 22:46:46.399 10387 10471 D M_InsDal: Lcom/fsck/k9/mailstore/LockableDatabase;--->getStorageManager()Lcom/fsck/k9/mailstore/StorageManager;
05-24 22:46:46.399 10387 10471 D M_InsDal: Lcom/fsck/k9/mailstore/StorageManager;--->getInstance(Landroid/content/Context;)Lcom/fsck/k9/mailstore/StorageManager;
05-24 22:46:46.399 10387 10471 D M_InsDal: Lcom/fsck/k9/mailstore/StorageManager;--->unlockProvider(Ljava/lang/String;)V
05-24 22:46:46.399 10387 10471 D M_InsDal: Lcom/fsck/k9/mailstore/StorageManager;--->getProvider(Ljava/lang/String;)Lcom/fsck/k9/mailstore/StorageManager$StorageProvider;
05-24 22:46:46.399 10387 10471 D M_InsDal: Lcom/fsck/k9/mailstore/StorageManager;--->getInstance(Landroid/content/Context;)Lcom/fsck/k9/mailstore/StorageManager;
05-24 22:46:46.399 10387 10471 D M_InsDal: Lcom/fsck/k9/mailstore/StorageManager;--->addListener(Lcom/fsck/k9/mailstore/StorageManager$StorageListener;)V
05-24 22:46:46.399 10387 10471 D M_InsDal: Lcom/fsck/k9/mailstore/LocalStore;--->getPersonalNamespaces(Z)Ljava/util/List;
05-24 22:46:46.399 10387 10471 D M_InsDal: Lcom/fsck/k9/mailstore/LocalStore$6;---><init>(Lcom/fsck/k9/mailstore/LocalStore;Ljava/util/List;)V
05-24 22:46:46.399 10387 10471 D M_InsDal: Lcom/fsck/k9/mailstore/LockableDatabase;--->execute(ZLcom/fsck/k9/mailstore/LockableDatabase$DbCallback;)Ljava/lang/Object;
05-24 22:46:46.399 10387 10471 D M_InsDal: Lcom/fsck/k9/mailstore/LockableDatabase;--->lockRead()V
05-24 22:46:46.399 10387 10471 D M_InsDal: Lcom/fsck/k9/mailstore/LockableDatabase;--->getStorageManager()Lcom/fsck/k9/mailstore/StorageManager;
05-24 22:46:46.399 10387 10471 D M_InsDal: Lcom/fsck/k9/mailstore/StorageManager;--->getInstance(Landroid/content/Context;)Lcom/fsck/k9/mailstore/StorageManager;
05-24 22:46:46.399 10387 10471 D M_InsDal: Lcom/fsck/k9/mailstore/StorageManager;--->lockProvider(Ljava/lang/String;)V
05-24 22:46:46.399 10387 10471 D M_InsDal: Lcom/fsck/k9/mailstore/StorageManager;--->getProvider(Ljava/lang/String;)Lcom/fsck/k9/mailstore/StorageManager$StorageProvider;
05-24 22:46:46.399 10387 10471 D M_InsDal: Lcom/fsck/k9/mailstore/StorageManager$InternalStorageProvider;--->isReady(Landroid/content/Context;)Z
05-24 22:46:46.400 10387 10471 D M_InsDal: Lcom/fsck/k9/K9;--->isDebug()Z
05-24 22:46:46.400 10387 10471 D M_InsDal: Lcom/fsck/k9/mailstore/LocalStore$6;--->doDbWork(Landroid/database/sqlite/SQLiteDatabase;)Ljava/util/List;
05-24 22:46:46.402 10387 10471 D M_InsDal: Lcom/fsck/k9/mailstore/LocalFolder;---><init>(Lcom/fsck/k9/mailstore/LocalStore;Ljava/lang/String;)V
05-24 22:46:46.402 10387 10471 D M_InsDal: Lcom/fsck/k9/mail/Folder;---><init>()V
05-24 22:46:46.402 10387 10471 D M_InsDal: Lcom/fsck/k9/mail/Folder$FolderClass;---><clinit>()V
05-24 22:46:46.402 10387 10471 D M_InsDal: Lcom/fsck/k9/mail/Folder$FolderClass;---><init>(Ljava/lang/String;I)V
05-24 22:46:46.402 10387 10471 D M_InsDal: Lcom/fsck/k9/mail/Folder$FolderClass;---><init>(Ljava/lang/String;I)V
05-24 22:46:46.402 10387 10471 D M_InsDal: Lcom/fsck/k9/mailstore/LocalFolder$MoreMessages;---><clinit>()V
05-24 22:46:46.402 10387 10471 D M_InsDal: Lcom/fsck/k9/mailstore/LocalFolder$MoreMessages;---><init>(Ljava/lang/String;ILjava/lang/String;)V
05-24 22:46:46.402 10387 10471 D M_InsDal: Lcom/fsck/k9/mailstore/LocalFolder$MoreMessages;---><init>(Ljava/lang/String;ILjava/lang/String;)V
05-24 22:46:46.402 10387 10471 D M_InsDal: Lcom/fsck/k9/mailstore/LocalStore;--->getAttachmentInfoExtractor()Lcom/fsck/k9/message/extractors/AttachmentInfoExtractor;
05-24 22:46:46.402 10387 10471 D M_InsDal: Lcom/fsck/k9/mailstore/LocalFolder;--->getAccount()Lcom/fsck/k9/Account;
05-24 22:46:46.402 10387 10471 D M_InsDal: Lcom/fsck/k9/mailstore/LocalStore;--->getAccount()Lcom/fsck/k9/Account;
05-24 22:46:46.402 10387 10471 D M_InsDal: Lcom/fsck/k9/Account;--->getInboxFolderName()Ljava/lang/String;
05-24 22:46:46.402 10387 10471 D M_InsDal: Lcom/fsck/k9/mailstore/LocalFolder;--->getName()Ljava/lang/String;
05-24 22:46:46.402 10387 10471 D M_InsDal: Lcom/fsck/k9/mailstore/LocalFolder;--->open(Landroid/database/Cursor;)V
05-24 22:46:46.402 10387 10471 D M_InsDal: Lcom/fsck/k9/mail/Folder;--->setStatus(Ljava/lang/String;)V
05-24 22:46:46.402 10387 10471 D M_InsDal: Lcom/fsck/k9/mail/Folder;--->setLastChecked(J)V
05-24 22:46:46.402 10387 10471 D M_InsDal: Lcom/fsck/k9/mail/Folder;--->setLastPush(J)V
05-24 22:46:46.402 10387 10471 D M_InsDal: Lcom/fsck/k9/mail/Folder$FolderClass;--->valueOf(Ljava/lang/String;)Lcom/fsck/k9/mail/Folder$FolderClass;
05-24 22:46:46.402 10387 10471 D M_InsDal: Lcom/fsck/k9/mail/Folder$FolderClass;--->values()[Lcom/fsck/k9/mail/Folder$FolderClass;
05-24 22:46:46.402 10387 10471 D M_InsDal: Lcom/fsck/k9/mail/Folder$FolderClass;--->valueOf(Ljava/lang/String;)Lcom/fsck/k9/mail/Folder$FolderClass;
05-24 22:46:46.402 10387 10471 D M_InsDal: Lcom/fsck/k9/mail/Folder$FolderClass;--->valueOf(Ljava/lang/String;)Lcom/fsck/k9/mail/Folder$FolderClass;
05-24 22:46:46.402 10387 10471 D M_InsDal: Lcom/fsck/k9/mailstore/LocalFolder$MoreMessages;--->fromDatabaseName(Ljava/lang/String;)Lcom/fsck/k9/mailstore/LocalFolder$MoreMessages;
05-24 22:46:46.402 10387 10471 D M_InsDal: Lcom/fsck/k9/mailstore/LocalFolder$MoreMessages;--->values()[Lcom/fsck/k9/mailstore/LocalFolder$MoreMessages;
05-24 22:46:46.402 10387 10471 D M_InsDal: Lcom/fsck/k9/mailstore/LocalFolder;---><init>(Lcom/fsck/k9/mailstore/LocalStore;Ljava/lang/String;)V
05-24 22:46:46.402 10387 10471 D M_InsDal: Lcom/fsck/k9/mail/Folder;---><init>()V
05-24 22:46:46.402 10387 10471 D M_InsDal: Lcom/fsck/k9/mailstore/LocalStore;--->getAttachmentInfoExtractor()Lcom/fsck/k9/message/extractors/AttachmentInfoExtractor;
05-24 22:46:46.402 10387 10471 D M_InsDal: Lcom/fsck/k9/mailstore/LocalFolder;--->getAccount()Lcom/fsck/k9/Account;
05-24 22:46:46.402 10387 10471 D M_InsDal: Lcom/fsck/k9/mailstore/LocalStore;--->getAccount()Lcom/fsck/k9/Account;
05-24 22:46:46.402 10387 10471 D M_InsDal: Lcom/fsck/k9/Account;--->getInboxFolderName()Ljava/lang/String;
05-24 22:46:46.402 10387 10471 D M_InsDal: Lcom/fsck/k9/mailstore/LocalFolder;--->getName()Ljava/lang/String;
05-24 22:46:46.402 10387 10471 D M_InsDal: Lcom/fsck/k9/mailstore/LocalFolder;--->open(Landroid/database/Cursor;)V
05-24 22:46:46.402 10387 10471 D M_InsDal: Lcom/fsck/k9/mail/Folder;--->setStatus(Ljava/lang/String;)V
05-24 22:46:46.402 10387 10471 D M_InsDal: Lcom/fsck/k9/mail/Folder;--->setLastChecked(J)V
05-24 22:46:46.402 10387 10471 D M_InsDal: Lcom/fsck/k9/mail/Folder;--->setLastPush(J)V
05-24 22:46:46.402 10387 10471 D M_InsDal: Lcom/fsck/k9/mail/Folder$FolderClass;--->valueOf(Ljava/lang/String;)Lcom/fsck/k9/mail/Folder$FolderClass;
05-24 22:46:46.402 10387 10471 D M_InsDal: Lcom/fsck/k9/mail/Folder$FolderClass;--->valueOf(Ljava/lang/String;)Lcom/fsck/k9/mail/Folder$FolderClass;
05-24 22:46:46.402 10387 10471 D M_InsDal: Lcom/fsck/k9/mailstore/LocalFolder$MoreMessages;--->fromDatabaseName(Ljava/lang/String;)Lcom/fsck/k9/mailstore/LocalFolder$MoreMessages;
05-24 22:46:46.402 10387 10471 D M_InsDal: Lcom/fsck/k9/mailstore/LocalFolder$MoreMessages;--->values()[Lcom/fsck/k9/mailstore/LocalFolder$MoreMessages;
05-24 22:46:46.402 10387 10471 D M_InsDal: Lcom/fsck/k9/mailstore/LocalFolder;---><init>(Lcom/fsck/k9/mailstore/LocalStore;Ljava/lang/String;)V
05-24 22:46:46.402 10387 10471 D M_InsDal: Lcom/fsck/k9/mail/Folder;---><init>()V
05-24 22:46:46.402 10387 10471 D M_InsDal: Lcom/fsck/k9/mailstore/LocalStore;--->getAttachmentInfoExtractor()Lcom/fsck/k9/message/extractors/AttachmentInfoExtractor;
05-24 22:46:46.402 10387 10471 D M_InsDal: Lcom/fsck/k9/mailstore/LocalFolder;--->getAccount()Lcom/fsck/k9/Account;
05-24 22:46:46.402 10387 10471 D M_InsDal: Lcom/fsck/k9/mailstore/LocalStore;--->getAccount()Lcom/fsck/k9/Account;
05-24 22:46:46.402 10387 10471 D M_InsDal: Lcom/fsck/k9/Account;--->getInboxFolderName()Ljava/lang/String;
05-24 22:46:46.402 10387 10471 D M_InsDal: Lcom/fsck/k9/mailstore/LocalFolder;--->getName()Ljava/lang/String;
05-24 22:46:46.402 10387 10471 D M_InsDal: Lcom/fsck/k9/mailstore/LocalFolder;--->open(Landroid/database/Cursor;)V
05-24 22:46:46.402 10387 10471 D M_InsDal: Lcom/fsck/k9/mail/Folder;--->setStatus(Ljava/lang/String;)V
05-24 22:46:46.402 10387 10471 D M_InsDal: Lcom/fsck/k9/mail/Folder;--->setLastChecked(J)V
05-24 22:46:46.402 10387 10471 D M_InsDal: Lcom/fsck/k9/mail/Folder;--->setLastPush(J)V
05-24 22:46:46.402 10387 10471 D M_InsDal: Lcom/fsck/k9/mail/Folder$FolderClass;--->valueOf(Ljava/lang/String;)Lcom/fsck/k9/mail/Folder$FolderClass;
05-24 22:46:46.402 10387 10471 D M_InsDal: Lcom/fsck/k9/mail/Folder$FolderClass;--->valueOf(Ljava/lang/String;)Lcom/fsck/k9/mail/Folder$FolderClass;
05-24 22:46:46.402 10387 10471 D M_InsDal: Lcom/fsck/k9/mailstore/LocalFolder$MoreMessages;--->fromDatabaseName(Ljava/lang/String;)Lcom/fsck/k9/mailstore/LocalFolder$MoreMessages;
05-24 22:46:46.402 10387 10471 D M_InsDal: Lcom/fsck/k9/mailstore/LocalFolder$MoreMessages;--->values()[Lcom/fsck/k9/mailstore/LocalFolder$MoreMessages;
05-24 22:46:46.402 10387 10471 D M_InsDal: Lcom/fsck/k9/mailstore/LocalFolder;---><init>(Lcom/fsck/k9/mailstore/LocalStore;Ljava/lang/String;)V
05-24 22:46:46.402 10387 10471 D M_InsDal: Lcom/fsck/k9/mail/Folder;---><init>()V
05-24 22:46:46.402 10387 10471 D M_InsDal: Lcom/fsck/k9/mailstore/LocalStore;--->getAttachmentInfoExtractor()Lcom/fsck/k9/message/extractors/AttachmentInfoExtractor;
05-24 22:46:46.402 10387 10471 D M_InsDal: Lcom/fsck/k9/mailstore/LocalFolder;--->getAccount()Lcom/fsck/k9/Account;
05-24 22:46:46.402 10387 10471 D M_InsDal: Lcom/fsck/k9/mailstore/LocalStore;--->getAccount()Lcom/fsck/k9/Account;
05-24 22:46:46.402 10387 10471 D M_InsDal: Lcom/fsck/k9/Account;--->getInboxFolderName()Ljava/lang/String;
05-24 22:46:46.402 10387 10471 D M_InsDal: Lcom/fsck/k9/mailstore/LocalFolder;--->getName()Ljava/lang/String;
05-24 22:46:46.402 10387 10471 D M_InsDal: Lcom/fsck/k9/mailstore/LocalFolder;--->open(Landroid/database/Cursor;)V
05-24 22:46:46.402 10387 10471 D M_InsDal: Lcom/fsck/k9/mail/Folder;--->setStatus(Ljava/lang/String;)V
05-24 22:46:46.402 10387 10471 D M_InsDal: Lcom/fsck/k9/mail/Folder;--->setLastChecked(J)V
05-24 22:46:46.402 10387 10471 D M_InsDal: Lcom/fsck/k9/mail/Folder;--->setLastPush(J)V
05-24 22:46:46.402 10387 10471 D M_InsDal: Lcom/fsck/k9/mail/Folder$FolderClass;--->valueOf(Ljava/lang/String;)Lcom/fsck/k9/mail/Folder$FolderClass;
05-24 22:46:46.402 10387 10471 D M_InsDal: Lcom/fsck/k9/mail/Folder$FolderClass;--->valueOf(Ljava/lang/String;)Lcom/fsck/k9/mail/Folder$FolderClass;
05-24 22:46:46.402 10387 10471 D M_InsDal: Lcom/fsck/k9/mailstore/LocalFolder$MoreMessages;--->fromDatabaseName(Ljava/lang/String;)Lcom/fsck/k9/mailstore/LocalFolder$MoreMessages;
05-24 22:46:46.402 10387 10471 D M_InsDal: Lcom/fsck/k9/mailstore/LocalFolder$MoreMessages;--->values()[Lcom/fsck/k9/mailstore/LocalFolder$MoreMessages;
05-24 22:46:46.402 10387 10471 D M_InsDal: Lcom/fsck/k9/mailstore/LocalFolder;---><init>(Lcom/fsck/k9/mailstore/LocalStore;Ljava/lang/String;)V
05-24 22:46:46.402 10387 10471 D M_InsDal: Lcom/fsck/k9/mail/Folder;---><init>()V
05-24 22:46:46.402 10387 10471 D M_InsDal: Lcom/fsck/k9/mailstore/LocalStore;--->getAttachmentInfoExtractor()Lcom/fsck/k9/message/extractors/AttachmentInfoExtractor;
05-24 22:46:46.402 10387 10471 D M_InsDal: Lcom/fsck/k9/mailstore/LocalFolder;--->getAccount()Lcom/fsck/k9/Account;
05-24 22:46:46.402 10387 10471 D M_InsDal: Lcom/fsck/k9/mailstore/LocalStore;--->getAccount()Lcom/fsck/k9/Account;
05-24 22:46:46.402 10387 10471 D M_InsDal: Lcom/fsck/k9/Account;--->getInboxFolderName()Ljava/lang/String;
05-24 22:46:46.402 10387 10471 D M_InsDal: Lcom/fsck/k9/mailstore/LocalFolder;--->getName()Ljava/lang/String;
05-24 22:46:46.402 10387 10471 D M_InsDal: Lcom/fsck/k9/mailstore/LocalFolder;--->open(Landroid/database/Cursor;)V
05-24 22:46:46.402 10387 10471 D M_InsDal: Lcom/fsck/k9/mail/Folder;--->setStatus(Ljava/lang/String;)V
05-24 22:46:46.402 10387 10471 D M_InsDal: Lcom/fsck/k9/mail/Folder;--->setLastChecked(J)V
05-24 22:46:46.402 10387 10471 D M_InsDal: Lcom/fsck/k9/mail/Folder;--->setLastPush(J)V
05-24 22:46:46.402 10387 10471 D M_InsDal: Lcom/fsck/k9/mail/Folder$FolderClass;--->valueOf(Ljava/lang/String;)Lcom/fsck/k9/mail/Folder$FolderClass;
05-24 22:46:46.402 10387 10471 D M_InsDal: Lcom/fsck/k9/mail/Folder$FolderClass;--->valueOf(Ljava/lang/String;)Lcom/fsck/k9/mail/Folder$FolderClass;
05-24 22:46:46.402 10387 10471 D M_InsDal: Lcom/fsck/k9/mailstore/LocalFolder$MoreMessages;--->fromDatabaseName(Ljava/lang/String;)Lcom/fsck/k9/mailstore/LocalFolder$MoreMessages;
05-24 22:46:46.402 10387 10471 D M_InsDal: Lcom/fsck/k9/mailstore/LocalFolder$MoreMessages;--->values()[Lcom/fsck/k9/mailstore/LocalFolder$MoreMessages;
05-24 22:46:46.402 10387 10471 D M_InsDal: Lcom/fsck/k9/mailstore/LocalFolder;---><init>(Lcom/fsck/k9/mailstore/LocalStore;Ljava/lang/String;)V
05-24 22:46:46.402 10387 10471 D M_InsDal: Lcom/fsck/k9/mail/Folder;---><init>()V
05-24 22:46:46.402 10387 10471 D M_InsDal: Lcom/fsck/k9/mailstore/LocalStore;--->getAttachmentInfoExtractor()Lcom/fsck/k9/message/extractors/AttachmentInfoExtractor;
05-24 22:46:46.402 10387 10471 D M_InsDal: Lcom/fsck/k9/mailstore/LocalFolder;--->getAccount()Lcom/fsck/k9/Account;
05-24 22:46:46.402 10387 10471 D M_InsDal: Lcom/fsck/k9/mailstore/LocalStore;--->getAccount()Lcom/fsck/k9/Account;
05-24 22:46:46.402 10387 10471 D M_InsDal: Lcom/fsck/k9/Account;--->getInboxFolderName()Ljava/lang/String;
05-24 22:46:46.402 10387 10471 D M_InsDal: Lcom/fsck/k9/mailstore/LocalFolder;--->getName()Ljava/lang/String;
05-24 22:46:46.402 10387 10471 D M_InsDal: Lcom/fsck/k9/mailstore/LocalFolder;--->open(Landroid/database/Cursor;)V
05-24 22:46:46.402 10387 10471 D M_InsDal: Lcom/fsck/k9/mail/Folder;--->setStatus(Ljava/lang/String;)V
05-24 22:46:46.402 10387 10471 D M_InsDal: Lcom/fsck/k9/mail/Folder;--->setLastChecked(J)V
05-24 22:46:46.402 10387 10471 D M_InsDal: Lcom/fsck/k9/mail/Folder;--->setLastPush(J)V
05-24 22:46:46.402 10387 10471 D M_InsDal: Lcom/fsck/k9/mail/Folder$FolderClass;--->valueOf(Ljava/lang/String;)Lcom/fsck/k9/mail/Folder$FolderClass;
05-24 22:46:46.402 10387 10471 D M_InsDal: Lcom/fsck/k9/mail/Folder$FolderClass;--->valueOf(Ljava/lang/String;)Lcom/fsck/k9/mail/Folder$FolderClass;
05-24 22:46:46.402 10387 10471 D M_InsDal: Lcom/fsck/k9/mailstore/LocalFolder$MoreMessages;--->fromDatabaseName(Ljava/lang/String;)Lcom/fsck/k9/mailstore/LocalFolder$MoreMessages;
05-24 22:46:46.402 10387 10471 D M_InsDal: Lcom/fsck/k9/mailstore/LocalFolder$MoreMessages;--->values()[Lcom/fsck/k9/mailstore/LocalFolder$MoreMessages;
05-24 22:46:46.402 10387 10471 D M_InsDal: Lcom/fsck/k9/mailstore/LocalFolder;---><init>(Lcom/fsck/k9/mailstore/LocalStore;Ljava/lang/String;)V
05-24 22:46:46.402 10387 10471 D M_InsDal: Lcom/fsck/k9/mail/Folder;---><init>()V
05-24 22:46:46.402 10387 10471 D M_InsDal: Lcom/fsck/k9/mailstore/LocalStore;--->getAttachmentInfoExtractor()Lcom/fsck/k9/message/extractors/AttachmentInfoExtractor;
05-24 22:46:46.402 10387 10471 D M_InsDal: Lcom/fsck/k9/mailstore/LocalFolder;--->getAccount()Lcom/fsck/k9/Account;
05-24 22:46:46.402 10387 10471 D M_InsDal: Lcom/fsck/k9/mailstore/LocalStore;--->getAccount()Lcom/fsck/k9/Account;
05-24 22:46:46.402 10387 10471 D M_InsDal: Lcom/fsck/k9/Account;--->getInboxFolderName()Ljava/lang/String;
05-24 22:46:46.402 10387 10471 D M_InsDal: Lcom/fsck/k9/mailstore/LocalFolder;--->getName()Ljava/lang/String;
05-24 22:46:46.402 10387 10471 D M_InsDal: Lcom/fsck/k9/mailstore/LocalFolder;--->open(Landroid/database/Cursor;)V
05-24 22:46:46.403 10387 10471 D M_InsDal: Lcom/fsck/k9/mail/Folder;--->setStatus(Ljava/lang/String;)V
05-24 22:46:46.403 10387 10471 D M_InsDal: Lcom/fsck/k9/mail/Folder;--->setLastChecked(J)V
05-24 22:46:46.403 10387 10471 D M_InsDal: Lcom/fsck/k9/mail/Folder;--->setLastPush(J)V
05-24 22:46:46.403 10387 10471 D M_InsDal: Lcom/fsck/k9/mail/Folder$FolderClass;--->valueOf(Ljava/lang/String;)Lcom/fsck/k9/mail/Folder$FolderClass;
05-24 22:46:46.403 10387 10471 D M_InsDal: Lcom/fsck/k9/mail/Folder$FolderClass;--->valueOf(Ljava/lang/String;)Lcom/fsck/k9/mail/Folder$FolderClass;
05-24 22:46:46.403 10387 10471 D M_InsDal: Lcom/fsck/k9/mailstore/LocalFolder$MoreMessages;--->fromDatabaseName(Ljava/lang/String;)Lcom/fsck/k9/mailstore/LocalFolder$MoreMessages;
05-24 22:46:46.403 10387 10471 D M_InsDal: Lcom/fsck/k9/mailstore/LocalFolder$MoreMessages;--->values()[Lcom/fsck/k9/mailstore/LocalFolder$MoreMessages;
05-24 22:46:46.403 10387 10471 D M_InsDal: Lcom/fsck/k9/mailstore/LocalFolder;---><init>(Lcom/fsck/k9/mailstore/LocalStore;Ljava/lang/String;)V
05-24 22:46:46.403 10387 10471 D M_InsDal: Lcom/fsck/k9/mail/Folder;---><init>()V
05-24 22:46:46.403 10387 10471 D M_InsDal: Lcom/fsck/k9/mailstore/LocalStore;--->getAttachmentInfoExtractor()Lcom/fsck/k9/message/extractors/AttachmentInfoExtractor;
05-24 22:46:46.403 10387 10471 D M_InsDal: Lcom/fsck/k9/mailstore/LocalFolder;--->getAccount()Lcom/fsck/k9/Account;
05-24 22:46:46.403 10387 10471 D M_InsDal: Lcom/fsck/k9/mailstore/LocalStore;--->getAccount()Lcom/fsck/k9/Account;
05-24 22:46:46.403 10387 10471 D M_InsDal: Lcom/fsck/k9/Account;--->getInboxFolderName()Ljava/lang/String;
05-24 22:46:46.403 10387 10471 D M_InsDal: Lcom/fsck/k9/mailstore/LocalFolder;--->getName()Ljava/lang/String;
05-24 22:46:46.403 10387 10471 D M_InsDal: Lcom/fsck/k9/mailstore/LocalFolder;--->open(Landroid/database/Cursor;)V
05-24 22:46:46.403 10387 10471 D M_InsDal: Lcom/fsck/k9/mail/Folder;--->setStatus(Ljava/lang/String;)V
05-24 22:46:46.403 10387 10471 D M_InsDal: Lcom/fsck/k9/mail/Folder;--->setLastChecked(J)V
05-24 22:46:46.403 10387 10471 D M_InsDal: Lcom/fsck/k9/mail/Folder;--->setLastPush(J)V
05-24 22:46:46.403 10387 10471 D M_InsDal: Lcom/fsck/k9/mail/Folder$FolderClass;--->valueOf(Ljava/lang/String;)Lcom/fsck/k9/mail/Folder$FolderClass;
05-24 22:46:46.403 10387 10471 D M_InsDal: Lcom/fsck/k9/mail/Folder$FolderClass;--->valueOf(Ljava/lang/String;)Lcom/fsck/k9/mail/Folder$FolderClass;
05-24 22:46:46.403 10387 10471 D M_InsDal: Lcom/fsck/k9/mailstore/LocalFolder$MoreMessages;--->fromDatabaseName(Ljava/lang/String;)Lcom/fsck/k9/mailstore/LocalFolder$MoreMessages;
05-24 22:46:46.403 10387 10471 D M_InsDal: Lcom/fsck/k9/mailstore/LocalFolder$MoreMessages;--->values()[Lcom/fsck/k9/mailstore/LocalFolder$MoreMessages;
05-24 22:46:46.403 10387 10471 D M_InsDal: Lcom/fsck/k9/mailstore/LocalFolder;---><init>(Lcom/fsck/k9/mailstore/LocalStore;Ljava/lang/String;)V
05-24 22:46:46.403 10387 10471 D M_InsDal: Lcom/fsck/k9/mail/Folder;---><init>()V
05-24 22:46:46.403 10387 10471 D M_InsDal: Lcom/fsck/k9/mailstore/LocalStore;--->getAttachmentInfoExtractor()Lcom/fsck/k9/message/extractors/AttachmentInfoExtractor;
05-24 22:46:46.403 10387 10471 D M_InsDal: Lcom/fsck/k9/mailstore/LocalFolder;--->getAccount()Lcom/fsck/k9/Account;
05-24 22:46:46.403 10387 10471 D M_InsDal: Lcom/fsck/k9/mailstore/LocalStore;--->getAccount()Lcom/fsck/k9/Account;
05-24 22:46:46.403 10387 10471 D M_InsDal: Lcom/fsck/k9/Account;--->getInboxFolderName()Ljava/lang/String;
05-24 22:46:46.403 10387 10471 D M_InsDal: Lcom/fsck/k9/mailstore/LocalFolder;--->getName()Ljava/lang/String;
05-24 22:46:46.403 10387 10471 D M_InsDal: Lcom/fsck/k9/mailstore/LocalFolder;--->open(Landroid/database/Cursor;)V
05-24 22:46:46.403 10387 10471 D M_InsDal: Lcom/fsck/k9/mail/Folder;--->setStatus(Ljava/lang/String;)V
05-24 22:46:46.403 10387 10471 D M_InsDal: Lcom/fsck/k9/mail/Folder;--->setLastChecked(J)V
05-24 22:46:46.403 10387 10471 D M_InsDal: Lcom/fsck/k9/mail/Folder;--->setLastPush(J)V
05-24 22:46:46.403 10387 10471 D M_InsDal: Lcom/fsck/k9/mail/Folder$FolderClass;--->valueOf(Ljava/lang/String;)Lcom/fsck/k9/mail/Folder$FolderClass;
05-24 22:46:46.403 10387 10471 D M_InsDal: Lcom/fsck/k9/mail/Folder$FolderClass;--->valueOf(Ljava/lang/String;)Lcom/fsck/k9/mail/Folder$FolderClass;
05-24 22:46:46.403 10387 10471 D M_InsDal: Lcom/fsck/k9/mailstore/LocalFolder$MoreMessages;--->fromDatabaseName(Ljava/lang/String;)Lcom/fsck/k9/mailstore/LocalFolder$MoreMessages;
05-24 22:46:46.403 10387 10471 D M_InsDal: Lcom/fsck/k9/mailstore/LocalFolder$MoreMessages;--->values()[Lcom/fsck/k9/mailstore/LocalFolder$MoreMessages;
05-24 22:46:46.403 10387 10471 D M_InsDal: Lcom/fsck/k9/mailstore/LocalFolder;---><init>(Lcom/fsck/k9/mailstore/LocalStore;Ljava/lang/String;)V
05-24 22:46:46.403 10387 10471 D M_InsDal: Lcom/fsck/k9/mail/Folder;---><init>()V
05-24 22:46:46.403 10387 10471 D M_InsDal: Lcom/fsck/k9/mailstore/LocalStore;--->getAttachmentInfoExtractor()Lcom/fsck/k9/message/extractors/AttachmentInfoExtractor;
05-24 22:46:46.403 10387 10471 D M_InsDal: Lcom/fsck/k9/mailstore/LocalFolder;--->getAccount()Lcom/fsck/k9/Account;
05-24 22:46:46.403 10387 10471 D M_InsDal: Lcom/fsck/k9/mailstore/LocalStore;--->getAccount()Lcom/fsck/k9/Account;
05-24 22:46:46.403 10387 10471 D M_InsDal: Lcom/fsck/k9/Account;--->getInboxFolderName()Ljava/lang/String;
05-24 22:46:46.403 10387 10471 D M_InsDal: Lcom/fsck/k9/mailstore/LocalFolder;--->getName()Ljava/lang/String;
05-24 22:46:46.403 10387 10471 D M_InsDal: Lcom/fsck/k9/mailstore/LocalFolder;--->open(Landroid/database/Cursor;)V
05-24 22:46:46.403 10387 10471 D M_InsDal: Lcom/fsck/k9/mail/Folder;--->setStatus(Ljava/lang/String;)V
05-24 22:46:46.403 10387 10471 D M_InsDal: Lcom/fsck/k9/mail/Folder;--->setLastChecked(J)V
05-24 22:46:46.403 10387 10471 D M_InsDal: Lcom/fsck/k9/mail/Folder;--->setLastPush(J)V
05-24 22:46:46.403 10387 10471 D M_InsDal: Lcom/fsck/k9/mail/Folder$FolderClass;--->valueOf(Ljava/lang/String;)Lcom/fsck/k9/mail/Folder$FolderClass;
05-24 22:46:46.403 10387 10471 D M_InsDal: Lcom/fsck/k9/mail/Folder$FolderClass;--->valueOf(Ljava/lang/String;)Lcom/fsck/k9/mail/Folder$FolderClass;
05-24 22:46:46.403 10387 10471 D M_InsDal: Lcom/fsck/k9/mailstore/LocalFolder$MoreMessages;--->fromDatabaseName(Ljava/lang/String;)Lcom/fsck/k9/mailstore/LocalFolder$MoreMessages;
05-24 22:46:46.403 10387 10471 D M_InsDal: Lcom/fsck/k9/mailstore/LocalFolder$MoreMessages;--->values()[Lcom/fsck/k9/mailstore/LocalFolder$MoreMessages;
05-24 22:46:46.403 10387 10471 D M_InsDal: Lcom/fsck/k9/mailstore/LocalFolder;---><init>(Lcom/fsck/k9/mailstore/LocalStore;Ljava/lang/String;)V
05-24 22:46:46.403 10387 10471 D M_InsDal: Lcom/fsck/k9/mail/Folder;---><init>()V
05-24 22:46:46.403 10387 10471 D M_InsDal: Lcom/fsck/k9/mailstore/LocalStore;--->getAttachmentInfoExtractor()Lcom/fsck/k9/message/extractors/AttachmentInfoExtractor;
05-24 22:46:46.403 10387 10471 D M_InsDal: Lcom/fsck/k9/mailstore/LocalFolder;--->getAccount()Lcom/fsck/k9/Account;
05-24 22:46:46.403 10387 10471 D M_InsDal: Lcom/fsck/k9/mailstore/LocalStore;--->getAccount()Lcom/fsck/k9/Account;
05-24 22:46:46.403 10387 10471 D M_InsDal: Lcom/fsck/k9/Account;--->getInboxFolderName()Ljava/lang/String;
05-24 22:46:46.403 10387 10471 D M_InsDal: Lcom/fsck/k9/mailstore/LocalFolder;--->getName()Ljava/lang/String;
05-24 22:46:46.403 10387 10471 D M_InsDal: Lcom/fsck/k9/mailstore/LocalFolder;--->open(Landroid/database/Cursor;)V
05-24 22:46:46.403 10387 10471 D M_InsDal: Lcom/fsck/k9/mail/Folder;--->setStatus(Ljava/lang/String;)V
05-24 22:46:46.403 10387 10471 D M_InsDal: Lcom/fsck/k9/mail/Folder;--->setLastChecked(J)V
05-24 22:46:46.403 10387 10471 D M_InsDal: Lcom/fsck/k9/mail/Folder;--->setLastPush(J)V
05-24 22:46:46.403 10387 10471 D M_InsDal: Lcom/fsck/k9/mail/Folder$FolderClass;--->valueOf(Ljava/lang/String;)Lcom/fsck/k9/mail/Folder$FolderClass;
05-24 22:46:46.403 10387 10471 D M_InsDal: Lcom/fsck/k9/mail/Folder$FolderClass;--->valueOf(Ljava/lang/String;)Lcom/fsck/k9/mail/Folder$FolderClass;
05-24 22:46:46.403 10387 10471 D M_InsDal: Lcom/fsck/k9/mailstore/LocalFolder$MoreMessages;--->fromDatabaseName(Ljava/lang/String;)Lcom/fsck/k9/mailstore/LocalFolder$MoreMessages;
05-24 22:46:46.403 10387 10471 D M_InsDal: Lcom/fsck/k9/mailstore/LocalFolder$MoreMessages;--->values()[Lcom/fsck/k9/mailstore/LocalFolder$MoreMessages;
05-24 22:46:46.403 10387 10471 D M_InsDal: Lcom/fsck/k9/mailstore/LocalFolder;---><init>(Lcom/fsck/k9/mailstore/LocalStore;Ljava/lang/String;)V
05-24 22:46:46.403 10387 10471 D M_InsDal: Lcom/fsck/k9/mail/Folder;---><init>()V
05-24 22:46:46.403 10387 10471 D M_InsDal: Lcom/fsck/k9/mailstore/LocalStore;--->getAttachmentInfoExtractor()Lcom/fsck/k9/message/extractors/AttachmentInfoExtractor;
05-24 22:46:46.403 10387 10471 D M_InsDal: Lcom/fsck/k9/mailstore/LocalFolder;--->getAccount()Lcom/fsck/k9/Account;
05-24 22:46:46.403 10387 10471 D M_InsDal: Lcom/fsck/k9/mailstore/LocalStore;--->getAccount()Lcom/fsck/k9/Account;
05-24 22:46:46.403 10387 10471 D M_InsDal: Lcom/fsck/k9/Account;--->getInboxFolderName()Ljava/lang/String;
05-24 22:46:46.403 10387 10471 D M_InsDal: Lcom/fsck/k9/mailstore/LocalFolder;--->getName()Ljava/lang/String;
05-24 22:46:46.403 10387 10471 D M_InsDal: Lcom/fsck/k9/mailstore/LocalFolder;--->open(Landroid/database/Cursor;)V
05-24 22:46:46.403 10387 10471 D M_InsDal: Lcom/fsck/k9/mail/Folder;--->setStatus(Ljava/lang/String;)V
05-24 22:46:46.403 10387 10471 D M_InsDal: Lcom/fsck/k9/mail/Folder;--->setLastChecked(J)V
05-24 22:46:46.403 10387 10471 D M_InsDal: Lcom/fsck/k9/mail/Folder;--->setLastPush(J)V
05-24 22:46:46.403 10387 10471 D M_InsDal: Lcom/fsck/k9/mail/Folder$FolderClass;--->valueOf(Ljava/lang/String;)Lcom/fsck/k9/mail/Folder$FolderClass;
05-24 22:46:46.403 10387 10471 D M_InsDal: Lcom/fsck/k9/mail/Folder$FolderClass;--->valueOf(Ljava/lang/String;)Lcom/fsck/k9/mail/Folder$FolderClass;
05-24 22:46:46.403 10387 10471 D M_InsDal: Lcom/fsck/k9/mailstore/LocalFolder$MoreMessages;--->fromDatabaseName(Ljava/lang/String;)Lcom/fsck/k9/mailstore/LocalFolder$MoreMessages;
05-24 22:46:46.403 10387 10471 D M_InsDal: Lcom/fsck/k9/mailstore/LocalFolder$MoreMessages;--->values()[Lcom/fsck/k9/mailstore/LocalFolder$MoreMessages;
05-24 22:46:46.403 10387 10471 D M_InsDal: Lcom/fsck/k9/helper/Utility;--->closeQuietly(Landroid/database/Cursor;)V
05-24 22:46:46.403 10387 10471 D M_InsDal: Lcom/fsck/k9/mailstore/LockableDatabase;--->unlockRead()V
05-24 22:46:46.403 10387 10471 D M_InsDal: Lcom/fsck/k9/mailstore/LockableDatabase;--->getStorageManager()Lcom/fsck/k9/mailstore/StorageManager;
05-24 22:46:46.403 10387 10471 D M_InsDal: Lcom/fsck/k9/mailstore/StorageManager;--->getInstance(Landroid/content/Context;)Lcom/fsck/k9/mailstore/StorageManager;
05-24 22:46:46.403 10387 10471 D M_InsDal: Lcom/fsck/k9/mailstore/StorageManager;--->unlockProvider(Ljava/lang/String;)V
05-24 22:46:46.403 10387 10471 D M_InsDal: Lcom/fsck/k9/mailstore/StorageManager;--->getProvider(Ljava/lang/String;)Lcom/fsck/k9/mailstore/StorageManager$StorageProvider;
05-24 22:46:46.403 10387 10471 D M_InsDal: Lcom/fsck/k9/mailstore/LocalFolder;--->getName()Ljava/lang/String;
05-24 22:46:46.403 10387 10471 D M_InsDal: Lcom/fsck/k9/Account;--->getOutboxFolderName()Ljava/lang/String;
05-24 22:46:46.403 10387 10471 D M_InsDal: Lcom/fsck/k9/mailstore/LocalFolder;--->open(I)V
05-24 22:46:46.403 10387 10471 D M_InsDal: Lcom/fsck/k9/mailstore/LocalFolder;--->isOpen()Z
05-24 22:46:46.403 10387 10471 D M_InsDal: Lcom/fsck/k9/mailstore/LocalFolder;--->getMode()I
05-24 22:46:46.403 10387 10471 D M_InsDal: Lcom/fsck/k9/mailstore/LocalFolder;--->getDisplayClass()Lcom/fsck/k9/mail/Folder$FolderClass;
05-24 22:46:46.403 10387 10471 D M_InsDal: Lcom/fsck/k9/mailstore/LocalFolder;--->getPushClass()Lcom/fsck/k9/mail/Folder$FolderClass;
05-24 22:46:46.403 10387 10471 D M_InsDal: Lcom/fsck/k9/controller/MessagingController;--->modeMismatch(Lcom/fsck/k9/Account$FolderMode;Lcom/fsck/k9/mail/Folder$FolderClass;)Z
05-24 22:46:46.403 10387 10471 D M_InsDal: Lcom/fsck/k9/controller/MessagingController;--->modeMismatch(Lcom/fsck/k9/Account$FolderMode;Lcom/fsck/k9/mail/Folder$FolderClass;)Z
05-24 22:46:46.403 10387 10471 D M_InsDal: Lcom/fsck/k9/mailstore/LocalFolder;--->getName()Ljava/lang/String;
05-24 22:46:46.403 10387 10471 D M_InsDal: Lcom/fsck/k9/Account;--->getOutboxFolderName()Ljava/lang/String;
05-24 22:46:46.403 10387 10471 D M_InsDal: Lcom/fsck/k9/mailstore/LocalFolder;--->open(I)V
05-24 22:46:46.403 10387 10471 D M_InsDal: Lcom/fsck/k9/mailstore/LocalFolder;--->isOpen()Z
05-24 22:46:46.403 10387 10471 D M_InsDal: Lcom/fsck/k9/mailstore/LocalFolder;--->getMode()I
05-24 22:46:46.403 10387 10471 D M_InsDal: Lcom/fsck/k9/mailstore/LocalFolder;--->getDisplayClass()Lcom/fsck/k9/mail/Folder$FolderClass;
05-24 22:46:46.403 10387 10471 D M_InsDal: Lcom/fsck/k9/mailstore/LocalFolder;--->getPushClass()Lcom/fsck/k9/mail/Folder$FolderClass;
05-24 22:46:46.403 10387 10471 D M_InsDal: Lcom/fsck/k9/controller/MessagingController;--->modeMismatch(Lcom/fsck/k9/Account$FolderMode;Lcom/fsck/k9/mail/Folder$FolderClass;)Z
05-24 22:46:46.403 10387 10471 D M_InsDal: Lcom/fsck/k9/controller/MessagingController;--->modeMismatch(Lcom/fsck/k9/Account$FolderMode;Lcom/fsck/k9/mail/Folder$FolderClass;)Z
05-24 22:46:46.403 10387 10471 D M_InsDal: Lcom/fsck/k9/mailstore/LocalFolder;--->getName()Ljava/lang/String;
05-24 22:46:46.403 10387 10471 D M_InsDal: Lcom/fsck/k9/Account;--->getOutboxFolderName()Ljava/lang/String;
05-24 22:46:46.403 10387 10471 D M_InsDal: Lcom/fsck/k9/mailstore/LocalFolder;--->open(I)V
05-24 22:46:46.403 10387 10471 D M_InsDal: Lcom/fsck/k9/mailstore/LocalFolder;--->isOpen()Z
05-24 22:46:46.403 10387 10471 D M_InsDal: Lcom/fsck/k9/mailstore/LocalFolder;--->getMode()I
05-24 22:46:46.403 10387 10471 D M_InsDal: Lcom/fsck/k9/mailstore/LocalFolder;--->getDisplayClass()Lcom/fsck/k9/mail/Folder$FolderClass;
05-24 22:46:46.403 10387 10471 D M_InsDal: Lcom/fsck/k9/mailstore/LocalFolder;--->getPushClass()Lcom/fsck/k9/mail/Folder$FolderClass;
05-24 22:46:46.403 10387 10471 D M_InsDal: Lcom/fsck/k9/controller/MessagingController;--->modeMismatch(Lcom/fsck/k9/Account$FolderMode;Lcom/fsck/k9/mail/Folder$FolderClass;)Z
05-24 22:46:46.403 10387 10471 D M_InsDal: Lcom/fsck/k9/controller/MessagingController;--->modeMismatch(Lcom/fsck/k9/Account$FolderMode;Lcom/fsck/k9/mail/Folder$FolderClass;)Z
05-24 22:46:46.403 10387 10471 D M_InsDal: Lcom/fsck/k9/Account;--->getDescription()Ljava/lang/String;
05-24 22:46:46.403 10387 10471 D M_InsDal: Lcom/fsck/k9/mailstore/LocalFolder;--->getName()Ljava/lang/String;
05-24 22:46:46.403 10387 10471 D M_InsDal: Lcom/fsck/k9/mailstore/LocalFolder;--->getName()Ljava/lang/String;
05-24 22:46:46.403 10387 10471 D M_InsDal: Lcom/fsck/k9/Account;--->getOutboxFolderName()Ljava/lang/String;
05-24 22:46:46.403 10387 10471 D M_InsDal: Lcom/fsck/k9/mailstore/LocalFolder;--->open(I)V
05-24 22:46:46.403 10387 10471 D M_InsDal: Lcom/fsck/k9/mailstore/LocalFolder;--->isOpen()Z
05-24 22:46:46.403 10387 10471 D M_InsDal: Lcom/fsck/k9/mailstore/LocalFolder;--->getMode()I
05-24 22:46:46.403 10387 10471 D M_InsDal: Lcom/fsck/k9/mailstore/LocalFolder;--->getDisplayClass()Lcom/fsck/k9/mail/Folder$FolderClass;
05-24 22:46:46.403 10387 10471 D M_InsDal: Lcom/fsck/k9/mailstore/LocalFolder;--->getPushClass()Lcom/fsck/k9/mail/Folder$FolderClass;
05-24 22:46:46.403 10387 10471 D M_InsDal: Lcom/fsck/k9/controller/MessagingController;--->modeMismatch(Lcom/fsck/k9/Account$FolderMode;Lcom/fsck/k9/mail/Folder$FolderClass;)Z
05-24 22:46:46.403 10387 10471 D M_InsDal: Lcom/fsck/k9/controller/MessagingController;--->modeMismatch(Lcom/fsck/k9/Account$FolderMode;Lcom/fsck/k9/mail/Folder$FolderClass;)Z
05-24 22:46:46.403 10387 10471 D M_InsDal: Lcom/fsck/k9/mailstore/LocalFolder;--->getName()Ljava/lang/String;
05-24 22:46:46.403 10387 10471 D M_InsDal: Lcom/fsck/k9/Account;--->getOutboxFolderName()Ljava/lang/String;
05-24 22:46:46.403 10387 10471 D M_InsDal: Lcom/fsck/k9/mailstore/LocalFolder;--->getName()Ljava/lang/String;
05-24 22:46:46.403 10387 10471 D M_InsDal: Lcom/fsck/k9/Account;--->getOutboxFolderName()Ljava/lang/String;
05-24 22:46:46.403 10387 10471 D M_InsDal: Lcom/fsck/k9/mailstore/LocalFolder;--->open(I)V
05-24 22:46:46.403 10387 10471 D M_InsDal: Lcom/fsck/k9/mailstore/LocalFolder;--->isOpen()Z
05-24 22:46:46.403 10387 10471 D M_InsDal: Lcom/fsck/k9/mailstore/LocalFolder;--->getMode()I
05-24 22:46:46.403 10387 10471 D M_InsDal: Lcom/fsck/k9/mailstore/LocalFolder;--->getDisplayClass()Lcom/fsck/k9/mail/Folder$FolderClass;
05-24 22:46:46.403 10387 10471 D M_InsDal: Lcom/fsck/k9/mailstore/LocalFolder;--->getPushClass()Lcom/fsck/k9/mail/Folder$FolderClass;
05-24 22:46:46.403 10387 10471 D M_InsDal: Lcom/fsck/k9/controller/MessagingController;--->modeMismatch(Lcom/fsck/k9/Account$FolderMode;Lcom/fsck/k9/mail/Folder$FolderClass;)Z
05-24 22:46:46.403 10387 10471 D M_InsDal: Lcom/fsck/k9/controller/MessagingController;--->modeMismatch(Lcom/fsck/k9/Account$FolderMode;Lcom/fsck/k9/mail/Folder$FolderClass;)Z
05-24 22:46:46.403 10387 10471 D M_InsDal: Lcom/fsck/k9/mailstore/LocalFolder;--->getName()Ljava/lang/String;
05-24 22:46:46.403 10387 10471 D M_InsDal: Lcom/fsck/k9/Account;--->getOutboxFolderName()Ljava/lang/String;
05-24 22:46:46.403 10387 10471 D M_InsDal: Lcom/fsck/k9/mailstore/LocalFolder;--->open(I)V
05-24 22:46:46.403 10387 10471 D M_InsDal: Lcom/fsck/k9/mailstore/LocalFolder;--->isOpen()Z
05-24 22:46:46.403 10387 10471 D M_InsDal: Lcom/fsck/k9/mailstore/LocalFolder;--->getMode()I
05-24 22:46:46.403 10387 10471 D M_InsDal: Lcom/fsck/k9/mailstore/LocalFolder;--->getDisplayClass()Lcom/fsck/k9/mail/Folder$FolderClass;
05-24 22:46:46.403 10387 10471 D M_InsDal: Lcom/fsck/k9/mailstore/LocalFolder;--->getPushClass()Lcom/fsck/k9/mail/Folder$FolderClass;
05-24 22:46:46.403 10387 10471 D M_InsDal: Lcom/fsck/k9/controller/MessagingController;--->modeMismatch(Lcom/fsck/k9/Account$FolderMode;Lcom/fsck/k9/mail/Folder$FolderClass;)Z
05-24 22:46:46.403 10387 10471 D M_InsDal: Lcom/fsck/k9/controller/MessagingController;--->modeMismatch(Lcom/fsck/k9/Account$FolderMode;Lcom/fsck/k9/mail/Folder$FolderClass;)Z
