05-24 22:46:45.533 10387 10387 D M_InsDal: Lcom/fsck/k9/notification/DeviceNotifications;---><init>(Lcom/fsck/k9/notification/NotificationController;Lcom/fsck/k9/notification/NotificationActionCreator;Lcom/fsck/k9/notification/LockScreenNotification;Lcom/fsck/k9/notification/WearNotifications;)V
05-24 22:46:45.533 10387 10387 D M_InsDal: Lcom/fsck/k9/notification/BaseNotifications;---><init>(Lcom/fsck/k9/notification/NotificationController;Lcom/fsck/k9/notification/NotificationActionCreator;)V
05-24 22:46:45.533 10387 10387 D M_InsDal: Lcom/fsck/k9/notification/NotificationController;--->getContext()Landroid/content/Context;
05-24 22:46:45.533 10387 10387 D M_InsDal: Lcom/fsck/k9/notification/NewMailNotifications;---><init>(Lcom/fsck/k9/notification/NotificationController;Lcom/fsck/k9/notification/NotificationContentCreator;Lcom/fsck/k9/notification/DeviceNotifications;Lcom/fsck/k9/notification/WearNotifications;)V
05-24 22:46:45.533 10387 10387 D M_InsDal: Lcom/fsck/k9/helper/Contacts;---><clinit>()V
05-24 22:46:45.533 10387 10387 D M_InsDal: Lcom/fsck/k9/helper/Contacts;--->getInstance(Landroid/content/Context;)Lcom/fsck/k9/helper/Contacts;
05-24 22:46:45.533 10387 10387 D M_InsDal: Lcom/fsck/k9/helper/Contacts;---><init>(Landroid/content/Context;)V
05-24 22:46:45.533 10387 10387 D M_InsDal: Lcom/fsck/k9/mail/TransportProvider;---><clinit>()V
05-24 22:46:45.533 10387 10387 D M_InsDal: Lcom/fsck/k9/mail/TransportProvider;---><init>()V
05-24 22:46:45.533 10387 10387 D M_InsDal: Lcom/fsck/k9/mail/TransportProvider;--->getInstance()Lcom/fsck/k9/mail/TransportProvider;
05-24 22:46:45.533 10387 10387 D M_InsDal: Lcom/fsck/k9/controller/MessagingController;---><init>(Landroid/content/Context;Lcom/fsck/k9/notification/NotificationController;Lcom/fsck/k9/helper/Contacts;Lcom/fsck/k9/mail/TransportProvider;)V
05-24 22:46:45.533 10387 10387 D M_InsDal: Lcom/fsck/k9/controller/MemorizingMessagingListener;---><init>()V
05-24 22:46:45.533 10387 10387 D M_InsDal: Lcom/fsck/k9/controller/SimpleMessagingListener;---><init>()V
05-24 22:46:45.533 10387 10387 D M_InsDal: Lcom/fsck/k9/controller/MessagingController$1;---><init>(Lcom/fsck/k9/controller/MessagingController;)V
05-24 22:46:45.533 10387 10387 D M_InsDal: Lcom/fsck/k9/controller/MessagingController;--->addListener(Lcom/fsck/k9/controller/MessagingListener;)V
05-24 22:46:45.533 10387 10387 D M_InsDal: Lcom/fsck/k9/controller/MessagingController;--->refreshListener(Lcom/fsck/k9/controller/MessagingListener;)V
05-24 22:46:45.533 10387 10387 D M_InsDal: Lcom/fsck/k9/controller/MemorizingMessagingListener;--->refreshOther(Lcom/fsck/k9/controller/MessagingListener;)V
05-24 22:46:45.533 10387 10387 D M_InsDal: Lcom/fsck/k9/K9$3;---><init>(Lcom/fsck/k9/K9;)V
05-24 22:46:45.533 10387 10387 D M_InsDal: Lcom/fsck/k9/controller/SimpleMessagingListener;---><init>()V
05-24 22:46:45.533 10387 10406 D M_InsDal: Lcom/fsck/k9/controller/MessagingController$1;--->run()V
05-24 22:46:45.533 10387 10387 D M_InsDal: Lcom/fsck/k9/controller/MessagingController;--->addListener(Lcom/fsck/k9/controller/MessagingListener;)V
05-24 22:46:45.533 10387 10387 D M_InsDal: Lcom/fsck/k9/controller/MessagingController;--->refreshListener(Lcom/fsck/k9/controller/MessagingListener;)V
05-24 22:46:45.533 10387 10387 D M_InsDal: Lcom/fsck/k9/controller/MemorizingMessagingListener;--->refreshOther(Lcom/fsck/k9/controller/MessagingListener;)V
05-24 22:46:45.533 10387 10406 D M_InsDal: Lcom/fsck/k9/controller/MessagingController;--->runInBackground()V
05-24 22:46:45.533 10387 10387 D M_InsDal: Lcom/fsck/k9/K9;--->notifyObservers()V
05-24 22:46:45.533 10387 10387 D M_InsDal: Lcom/fsck/k9/provider/MessageProvider$1;--->initializeComponent(Landroid/app/Application;)V
05-24 22:46:45.533 10387 10387 D M_InsDal: Lcom/fsck/k9/controller/MessagingController;--->getInstance(Landroid/content/Context;)Lcom/fsck/k9/controller/MessagingController;
05-24 22:46:45.533 10387 10387 D M_InsDal: Lcom/fsck/k9/provider/MessageProvider$1$1;---><init>(Lcom/fsck/k9/provider/MessageProvider$1;Landroid/app/Application;)V
05-24 22:46:45.533 10387 10387 D M_InsDal: Lcom/fsck/k9/controller/SimpleMessagingListener;---><init>()V
05-24 22:46:45.533 10387 10387 D M_InsDal: Lcom/fsck/k9/controller/MessagingController;--->addListener(Lcom/fsck/k9/controller/MessagingListener;)V
05-24 22:46:45.533 10387 10387 D M_InsDal: Lcom/fsck/k9/controller/MessagingController;--->refreshListener(Lcom/fsck/k9/controller/MessagingListener;)V
05-24 22:46:45.533 10387 10387 D M_InsDal: Lcom/fsck/k9/controller/MemorizingMessagingListener;--->refreshOther(Lcom/fsck/k9/controller/MessagingListener;)V
05-24 22:46:45.533 10387 10387 D M_InsDal: Lcom/fsck/k9/provider/DecryptedFileProvider;--->onTrimMemory(I)V
05-24 22:46:45.533 10387 10387 D M_InsDal: Lcom/fsck/k9/provider/AttachmentTempFileProvider;--->onTrimMemory(I)V
05-24 22:46:45.535 10387 10387 D M_InsDal: Lcom/fsck/k9/activity/MessageCompose;---><clinit>()V
05-24 22:46:45.535 10387 10387 D M_InsDal: Lcom/fsck/k9/activity/MessageCompose;---><init>()V
05-24 22:46:45.535 10387 10387 D M_InsDal: Lcom/fsck/k9/activity/K9Activity;---><init>()V
05-24 22:46:45.535 10387 10387 D M_InsDal: Lcom/fsck/k9/activity/MessageCompose$10;---><init>(Lcom/fsck/k9/activity/MessageCompose;)V
05-24 22:46:45.535 10387 10387 D M_InsDal: Lcom/fsck/k9/activity/MessageCompose$11;---><init>(Lcom/fsck/k9/activity/MessageCompose;)V
05-24 22:46:45.535 10387 10387 D M_InsDal: Lcom/fsck/k9/controller/SimpleMessagingListener;---><init>()V
05-24 22:46:45.535 10387 10387 D M_InsDal: Lcom/fsck/k9/activity/MessageCompose$12;---><init>(Lcom/fsck/k9/activity/MessageCompose;)V
05-24 22:46:45.535 10387 10387 D M_InsDal: Lcom/fsck/k9/activity/MessageCompose$13;---><init>(Lcom/fsck/k9/activity/MessageCompose;)V
05-24 22:46:45.536 10387 10387 D M_InsDal: Lcom/fsck/k9/activity/K9Activity;--->onCreate(Landroid/os/Bundle;)V
05-24 22:46:45.536 10387 10387 D M_InsDal: Lcom/fsck/k9/activity/K9ActivityCommon;--->newInstance(Landroid/app/Activity;)Lcom/fsck/k9/activity/K9ActivityCommon;
05-24 22:46:45.536 10387 10387 D M_InsDal: Lcom/fsck/k9/activity/K9ActivityCommon;---><init>(Landroid/app/Activity;)V
05-24 22:46:45.536 10387 10387 D M_InsDal: Lcom/fsck/k9/K9;--->getK9Language()Ljava/lang/String;
05-24 22:46:45.536 10387 10387 D M_InsDal: Lcom/fsck/k9/activity/K9ActivityCommon;--->setLanguage(Landroid/content/Context;Ljava/lang/String;)V
05-24 22:46:45.536 10387 10387 D M_InsDal: Lcom/fsck/k9/K9;--->getK9ThemeResourceId()I
05-24 22:46:45.536 10387 10387 D M_InsDal: Lcom/fsck/k9/K9;--->getK9ThemeResourceId(Lcom/fsck/k9/K9$Theme;)I
05-24 22:46:45.537 10387 10387 D M_InsDal: Lcom/fsck/k9/activity/MessageCompose;--->onCreate(Landroid/os/Bundle;)V
05-24 22:46:45.537 10387 10387 D M_InsDal: Lcom/fsck/k9/activity/UpgradeDatabases;--->actionUpgradeDatabases(Landroid/content/Context;Landroid/content/Intent;)Z
05-24 22:46:45.537 10387 10387 D M_InsDal: Lcom/fsck/k9/K9;--->areDatabasesUpToDate()Z
05-24 22:46:45.537 10387 10387 D M_InsDal: Lcom/fsck/k9/K9;--->getK9ComposerThemeSetting()Lcom/fsck/k9/K9$Theme;
05-24 22:46:45.545 10387 10387 D M_InsDal: Lcom/fsck/k9/view/ToolableViewAnimator;---><init>(Landroid/content/Context;Landroid/util/AttributeSet;)V
05-24 22:46:45.547 10387 10387 D M_InsDal: Lcom/fsck/k9/view/ToolableViewAnimator;--->addView(Landroid/view/View;ILandroid/view/ViewGroup$LayoutParams;)V
05-24 22:46:45.548 10387 10387 D M_InsDal: Lcom/fsck/k9/view/ToolableViewAnimator;--->addView(Landroid/view/View;ILandroid/view/ViewGroup$LayoutParams;)V
05-24 22:46:45.548 10387 10387 D M_InsDal: Lcom/fsck/k9/view/ToolableViewAnimator;---><init>(Landroid/content/Context;Landroid/util/AttributeSet;)V
05-24 22:46:45.549 10387 10387 D M_InsDal: Lcom/fsck/k9/view/ToolableViewAnimator;--->addView(Landroid/view/View;ILandroid/view/ViewGroup$LayoutParams;)V
05-24 22:46:45.551 10387 10387 D M_InsDal: Lcom/fsck/k9/view/ToolableViewAnimator;--->addView(Landroid/view/View;ILandroid/view/ViewGroup$LayoutParams;)V
05-24 22:46:45.552 10387 10387 D M_InsDal: Lcom/fsck/k9/view/RecipientSelectView;---><init>(Landroid/content/Context;Landroid/util/AttributeSet;)V
05-24 22:46:45.556 10387 10387 D M_InsDal: Lcom/fsck/k9/view/RecipientSelectView;--->initView(Landroid/content/Context;)V
05-24 22:46:45.556 10387 10387 D M_InsDal: Lcom/fsck/k9/activity/AlternateRecipientAdapter;---><init>(Landroid/content/Context;Lcom/fsck/k9/activity/AlternateRecipientAdapter$AlternateRecipientListener;)V
05-24 22:46:45.556 10387 10387 D M_InsDal: Lcom/fsck/k9/activity/compose/RecipientAdapter;---><init>(Landroid/content/Context;)V
05-24 22:46:45.556 10387 10387 D M_InsDal: Lcom/fsck/k9/activity/compose/RecipientAdapter;--->getFilter()Landroid/widget/Filter;
05-24 22:46:45.557 10387 10387 D M_InsDal: Lcom/fsck/k9/activity/compose/RecipientAdapter$1;---><init>(Lcom/fsck/k9/activity/compose/RecipientAdapter;)V
05-24 22:46:45.557 10387 10387 D M_InsDal: Lcom/fsck/k9/view/RecipientSelectView;---><init>(Landroid/content/Context;Landroid/util/AttributeSet;)V
05-24 22:46:45.557 10387 10387 D M_InsDal: Lcom/fsck/k9/view/RecipientSelectView;--->initView(Landroid/content/Context;)V
05-24 22:46:45.558 10387 10387 D M_InsDal: Lcom/fsck/k9/activity/AlternateRecipientAdapter;---><init>(Landroid/content/Context;Lcom/fsck/k9/activity/AlternateRecipientAdapter$AlternateRecipientListener;)V
05-24 22:46:45.558 10387 10387 D M_InsDal: Lcom/fsck/k9/activity/compose/RecipientAdapter;---><init>(Landroid/content/Context;)V
05-24 22:46:45.558 10387 10387 D M_InsDal: Lcom/fsck/k9/activity/compose/RecipientAdapter;--->getFilter()Landroid/widget/Filter;
05-24 22:46:45.558 10387 10387 D M_InsDal: Lcom/fsck/k9/activity/compose/RecipientAdapter$1;---><init>(Lcom/fsck/k9/activity/compose/RecipientAdapter;)V
05-24 22:46:45.558 10387 10387 D M_InsDal: Lcom/fsck/k9/view/RecipientSelectView;---><init>(Landroid/content/Context;Landroid/util/AttributeSet;)V
05-24 22:46:45.558 10387 10387 D M_InsDal: Lcom/fsck/k9/view/RecipientSelectView;--->initView(Landroid/content/Context;)V
05-24 22:46:45.558 10387 10387 D M_InsDal: Lcom/fsck/k9/activity/AlternateRecipientAdapter;---><init>(Landroid/content/Context;Lcom/fsck/k9/activity/AlternateRecipientAdapter$AlternateRecipientListener;)V
05-24 22:46:45.558 10387 10387 D M_InsDal: Lcom/fsck/k9/activity/compose/RecipientAdapter;---><init>(Landroid/content/Context;)V
05-24 22:46:45.558 10387 10387 D M_InsDal: Lcom/fsck/k9/activity/compose/RecipientAdapter;--->getFilter()Landroid/widget/Filter;
05-24 22:46:45.558 10387 10387 D M_InsDal: Lcom/fsck/k9/activity/compose/RecipientAdapter$1;---><init>(Lcom/fsck/k9/activity/compose/RecipientAdapter;)V
05-24 22:46:45.559 10387 10387 D M_InsDal: Lcom/fsck/k9/ui/EolConvertingEditText;---><init>(Landroid/content/Context;Landroid/util/AttributeSet;)V
05-24 22:46:45.560 10387 10387 D M_InsDal: Lcom/fsck/k9/ui/EolConvertingEditText;---><init>(Landroid/content/Context;Landroid/util/AttributeSet;)V
05-24 22:46:45.561 10387 10387 D M_InsDal: Lcom/fsck/k9/view/RigidWebView;---><clinit>()V
05-24 22:46:45.561 10387 10387 D M_InsDal: Lcom/fsck/k9/view/MessageWebView;---><init>(Landroid/content/Context;Landroid/util/AttributeSet;)V
05-24 22:46:45.561 10387 10387 D M_InsDal: Lcom/fsck/k9/view/RigidWebView;---><init>(Landroid/content/Context;Landroid/util/AttributeSet;)V
05-24 22:46:46.250 10387 10387 D M_InsDal: Lcom/fsck/k9/Clock;---><clinit>()V
05-24 22:46:46.250 10387 10387 D M_InsDal: Lcom/fsck/k9/Clock;---><init>()V
05-24 22:46:46.250 10387 10387 D M_InsDal: Lcom/fsck/k9/Throttle;---><clinit>()V
05-24 22:46:46.254 10387 10387 D M_InsDal: Lcom/fsck/k9/view/RigidWebView$1;---><init>(Lcom/fsck/k9/view/RigidWebView;)V
05-24 22:46:46.254 10387 10387 D M_InsDal: Lcom/fsck/k9/helper/Utility;--->getMainThreadHandler()Landroid/os/Handler;
05-24 22:46:46.254 10387 10387 D M_InsDal: Lcom/fsck/k9/Throttle;---><init>(Ljava/lang/String;Ljava/lang/Runnable;Landroid/os/Handler;II)V
05-24 22:46:46.254 10387 10387 D M_InsDal: Lcom/fsck/k9/Throttle;---><init>(Ljava/lang/String;Ljava/lang/Runnable;Landroid/os/Handler;IILcom/fsck/k9/Clock;Ljava/util/Timer;)V
05-24 22:46:46.267 10387 10387 D M_InsDal: Lcom/fsck/k9/ui/EolConvertingEditText;---><init>(Landroid/content/Context;Landroid/util/AttributeSet;)V
05-24 22:46:46.276 10387 10387 D M_InsDal: Lcom/fsck/k9/activity/MessageCompose;--->initializeActionBar()V
05-24 22:46:46.278 10387 10387 D M_InsDal: Lcom/fsck/k9/activity/MessageReference;--->parse(Ljava/lang/String;)Lcom/fsck/k9/activity/MessageReference;
05-24 22:46:46.278 10387 10387 D M_InsDal: Lcom/fsck/k9/Preferences;--->getPreferences(Landroid/content/Context;)Lcom/fsck/k9/Preferences;
05-24 22:46:46.278 10387 10387 D M_InsDal: Lcom/fsck/k9/Preferences;--->getAccount(Ljava/lang/String;)Lcom/fsck/k9/Account;
05-24 22:46:46.278 10387 10387 D M_InsDal: Lcom/fsck/k9/Preferences;--->getPreferences(Landroid/content/Context;)Lcom/fsck/k9/Preferences;
05-24 22:46:46.278 10387 10387 D M_InsDal: Lcom/fsck/k9/Preferences;--->getDefaultAccount()Lcom/fsck/k9/Account;
05-24 22:46:46.278 10387 10387 D M_InsDal: Lcom/fsck/k9/Preferences;--->getStorage()Lcom/fsck/k9/preferences/Storage;
05-24 22:46:46.278 10387 10387 D M_InsDal: Lcom/fsck/k9/preferences/Storage;--->getString(Ljava/lang/String;Ljava/lang/String;)Ljava/lang/String;
05-24 22:46:46.278 10387 10387 D M_InsDal: Lcom/fsck/k9/Preferences;--->getAccount(Ljava/lang/String;)Lcom/fsck/k9/Account;
05-24 22:46:46.278 10387 10387 D M_InsDal: Lcom/fsck/k9/helper/Contacts;--->getInstance(Landroid/content/Context;)Lcom/fsck/k9/helper/Contacts;
05-24 22:46:46.278 10387 10387 D M_InsDal: Lcom/fsck/k9/helper/Contacts;---><init>(Landroid/content/Context;)V
05-24 22:46:46.281 10387 10387 D M_InsDal: Lcom/fsck/k9/activity/compose/RecipientMvpView;---><clinit>()V
05-24 22:46:46.282 10387 10387 D M_InsDal: Lcom/fsck/k9/activity/compose/RecipientMvpView;---><init>(Lcom/fsck/k9/activity/MessageCompose;)V
05-24 22:46:46.282 10387 10387 D M_InsDal: Lcom/fsck/k9/message/ComposePgpInlineDecider;---><init>()V
05-24 22:46:46.282 10387 10387 D M_InsDal: Lcom/fsck/k9/message/ComposePgpEnableByDefaultDecider;---><init>()V
05-24 22:46:46.283 10387 10387 D M_InsDal: Lcom/fsck/k9/message/AutocryptStatusInteractor;---><clinit>()V
05-24 22:46:46.283 10387 10387 D M_InsDal: Lcom/fsck/k9/message/AutocryptStatusInteractor;---><init>()V
05-24 22:46:46.284 10387 10387 D M_InsDal: Lcom/fsck/k9/message/AutocryptStatusInteractor;--->getInstance()Lcom/fsck/k9/message/AutocryptStatusInteractor;
05-24 22:46:46.284 10387 10387 D M_InsDal: Lcom/fsck/k9/helper/ReplyToParser;---><init>()V
05-24 22:46:46.284 10387 10387 D M_InsDal: Lcom/fsck/k9/activity/compose/RecipientPresenter;---><init>(Landroid/content/Context;Landroid/app/LoaderManager;Lcom/fsck/k9/activity/compose/RecipientMvpView;Lcom/fsck/k9/Account;Lcom/fsck/k9/message/ComposePgpInlineDecider;Lcom/fsck/k9/message/ComposePgpEnableByDefaultDecider;Lcom/fsck/k9/message/AutocryptStatusInteractor;Lcom/fsck/k9/helper/ReplyToParser;Lcom/fsck/k9/activity/compose/RecipientPresenter$RecipientsChangedListener;)V
05-24 22:46:46.284 10387 10387 D M_InsDal: Lcom/fsck/k9/activity/compose/RecipientPresenter$CryptoProviderState;---><clinit>()V
05-24 22:46:46.284 10387 10387 D M_InsDal: Lcom/fsck/k9/activity/compose/RecipientPresenter$CryptoProviderState;---><init>(Ljava/lang/String;I)V
05-24 22:46:46.284 10387 10387 D M_InsDal: Lcom/fsck/k9/activity/compose/RecipientPresenter$CryptoProviderState;---><init>(Ljava/lang/String;I)V
05-24 22:46:46.284 10387 10387 D M_InsDal: Lcom/fsck/k9/mail/Message$RecipientType;---><clinit>()V
05-24 22:46:46.284 10387 10387 D M_InsDal: Lcom/fsck/k9/mail/Message$RecipientType;---><init>(Ljava/lang/String;I)V
05-24 22:46:46.284 10387 10387 D M_InsDal: Lcom/fsck/k9/mail/Message$RecipientType;---><init>(Ljava/lang/String;I)V
05-24 22:46:46.284 10387 10387 D M_InsDal: Lcom/fsck/k9/activity/compose/RecipientPresenter$CryptoMode;---><clinit>()V
05-24 22:46:46.284 10387 10387 D M_InsDal: Lcom/fsck/k9/activity/compose/RecipientPresenter$CryptoMode;---><init>(Ljava/lang/String;I)V
05-24 22:46:46.284 10387 10387 D M_InsDal: Lcom/fsck/k9/activity/compose/RecipientPresenter$CryptoMode;---><init>(Ljava/lang/String;I)V
05-24 22:46:46.284 10387 10387 D M_InsDal: Lcom/fsck/k9/activity/compose/RecipientMvpView;--->setPresenter(Lcom/fsck/k9/activity/compose/RecipientPresenter;)V
05-24 22:46:46.284 10387 10387 D M_InsDal: Lcom/fsck/k9/activity/compose/RecipientMvpView$1;---><init>(Lcom/fsck/k9/activity/compose/RecipientMvpView;Lcom/fsck/k9/activity/compose/RecipientPresenter;)V
05-24 22:46:46.285 10387 10387 D M_InsDal: Lcom/fsck/k9/view/RecipientSelectView;--->setTokenListener(Lcom/fsck/k9/view/RecipientSelectView$TokenListener;)V
05-24 22:46:46.286 10387 10387 D M_InsDal: Lcom/fsck/k9/activity/compose/RecipientMvpView$2;---><init>(Lcom/fsck/k9/activity/compose/RecipientMvpView;Lcom/fsck/k9/activity/compose/RecipientPresenter;)V
05-24 22:46:46.286 10387 10387 D M_InsDal: Lcom/fsck/k9/view/RecipientSelectView;--->setTokenListener(Lcom/fsck/k9/view/RecipientSelectView$TokenListener;)V
05-24 22:46:46.286 10387 10387 D M_InsDal: Lcom/fsck/k9/activity/compose/RecipientMvpView$3;---><init>(Lcom/fsck/k9/activity/compose/RecipientMvpView;Lcom/fsck/k9/activity/compose/RecipientPresenter;)V
05-24 22:46:46.286 10387 10387 D M_InsDal: Lcom/fsck/k9/view/RecipientSelectView;--->setTokenListener(Lcom/fsck/k9/view/RecipientSelectView$TokenListener;)V
05-24 22:46:46.286 10387 10387 D M_InsDal: Lcom/fsck/k9/activity/compose/RecipientMvpView;--->setLoaderManager(Landroid/app/LoaderManager;)V
05-24 22:46:46.286 10387 10387 D M_InsDal: Lcom/fsck/k9/view/RecipientSelectView;--->setLoaderManager(Landroid/app/LoaderManager;)V
05-24 22:46:46.286 10387 10387 D M_InsDal: Lcom/fsck/k9/view/RecipientSelectView;--->setLoaderManager(Landroid/app/LoaderManager;)V
05-24 22:46:46.286 10387 10387 D M_InsDal: Lcom/fsck/k9/activity/compose/RecipientPresenter;--->onSwitchAccount(Lcom/fsck/k9/Account;)V
05-24 22:46:46.286 10387 10387 D M_InsDal: Lcom/fsck/k9/Account;--->isAlwaysShowCcBcc()Z
05-24 22:46:46.286 10387 10387 D M_InsDal: Lcom/fsck/k9/activity/compose/RecipientPresenter;--->setupCryptoProvider()V
05-24 22:46:46.286 10387 10387 D M_InsDal: Lcom/fsck/k9/K9;--->getOpenPgpProvider()Ljava/lang/String;
05-24 22:46:46.286 10387 10387 D M_InsDal: Lcom/fsck/k9/activity/compose/RecipientPresenter;--->setCryptoProviderState(Lcom/fsck/k9/activity/compose/RecipientPresenter$CryptoProviderState;)V
05-24 22:46:46.286 10387 10387 D M_InsDal: Lcom/fsck/k9/activity/compose/RecipientMvpView;--->setCryptoProvider(Ljava/lang/String;)V
05-24 22:46:46.286 10387 10387 D M_InsDal: Lcom/fsck/k9/view/RecipientSelectView;--->setCryptoProvider(Ljava/lang/String;Z)V
05-24 22:46:46.286 10387 10387 D M_InsDal: Lcom/fsck/k9/activity/compose/RecipientAdapter;--->setShowAdvancedInfo(Z)V
05-24 22:46:46.286 10387 10387 D M_InsDal: Lcom/fsck/k9/activity/AlternateRecipientAdapter;--->setShowAdvancedInfo(Z)V
05-24 22:46:46.286 10387 10387 D M_InsDal: Lcom/fsck/k9/view/RecipientSelectView;--->setCryptoProvider(Ljava/lang/String;Z)V
05-24 22:46:46.286 10387 10387 D M_InsDal: Lcom/fsck/k9/activity/compose/RecipientAdapter;--->setShowAdvancedInfo(Z)V
05-24 22:46:46.286 10387 10387 D M_InsDal: Lcom/fsck/k9/activity/AlternateRecipientAdapter;--->setShowAdvancedInfo(Z)V
05-24 22:46:46.286 10387 10387 D M_InsDal: Lcom/fsck/k9/view/RecipientSelectView;--->setCryptoProvider(Ljava/lang/String;Z)V
05-24 22:46:46.286 10387 10387 D M_InsDal: Lcom/fsck/k9/activity/compose/RecipientAdapter;--->setShowAdvancedInfo(Z)V
05-24 22:46:46.286 10387 10387 D M_InsDal: Lcom/fsck/k9/activity/AlternateRecipientAdapter;--->setShowAdvancedInfo(Z)V
05-24 22:46:46.286 10387 10387 D M_InsDal: Lcom/fsck/k9/activity/compose/RecipientPresenter;--->asyncUpdateCryptoStatus()V
05-24 22:46:46.286 10387 10387 D M_InsDal: Lcom/fsck/k9/Account;--->getCryptoKey()J
05-24 22:46:46.287 10387 10387 D M_InsDal: Lcom/fsck/k9/activity/compose/ComposeCryptoStatus$ComposeCryptoStatusBuilder;---><init>()V
05-24 22:46:46.287 10387 10387 D M_InsDal: Lcom/fsck/k9/activity/compose/ComposeCryptoStatus$ComposeCryptoStatusBuilder;--->setCryptoProviderState(Lcom/fsck/k9/activity/compose/RecipientPresenter$CryptoProviderState;)Lcom/fsck/k9/activity/compose/ComposeCryptoStatus$ComposeCryptoStatusBuilder;
05-24 22:46:46.287 10387 10387 D M_InsDal: Lcom/fsck/k9/activity/compose/ComposeCryptoStatus$ComposeCryptoStatusBuilder;--->setCryptoMode(Lcom/fsck/k9/activity/compose/RecipientPresenter$CryptoMode;)Lcom/fsck/k9/activity/compose/ComposeCryptoStatus$ComposeCryptoStatusBuilder;
05-24 22:46:46.287 10387 10387 D M_InsDal: Lcom/fsck/k9/activity/compose/ComposeCryptoStatus$ComposeCryptoStatusBuilder;--->setEnablePgpInline(Z)Lcom/fsck/k9/activity/compose/ComposeCryptoStatus$ComposeCryptoStatusBuilder;
05-24 22:46:46.287 10387 10387 D M_InsDal: Lcom/fsck/k9/Account;--->getAutocryptPreferEncryptMutual()Z
05-24 22:46:46.287 10387 10387 D M_InsDal: Lcom/fsck/k9/activity/compose/ComposeCryptoStatus$ComposeCryptoStatusBuilder;--->setPreferEncryptMutual(Z)Lcom/fsck/k9/activity/compose/ComposeCryptoStatus$ComposeCryptoStatusBuilder;
05-24 22:46:46.287 10387 10387 D M_InsDal: Lcom/fsck/k9/activity/compose/RecipientPresenter;--->getAllRecipients()Ljava/util/List;
05-24 22:46:46.287 10387 10387 D M_InsDal: Lcom/fsck/k9/activity/compose/RecipientMvpView;--->getToRecipients()Ljava/util/List;
05-24 22:46:46.287 10387 10387 D M_InsDal: Lcom/fsck/k9/activity/compose/RecipientMvpView;--->getCcRecipients()Ljava/util/List;
05-24 22:46:46.287 10387 10387 D M_InsDal: Lcom/fsck/k9/activity/compose/RecipientMvpView;--->getBccRecipients()Ljava/util/List;
05-24 22:46:46.287 10387 10387 D M_InsDal: Lcom/fsck/k9/activity/compose/ComposeCryptoStatus$ComposeCryptoStatusBuilder;--->setRecipients(Ljava/util/List;)Lcom/fsck/k9/activity/compose/ComposeCryptoStatus$ComposeCryptoStatusBuilder;
05-24 22:46:46.287 10387 10387 D M_InsDal: Lcom/fsck/k9/activity/compose/ComposeCryptoStatus$ComposeCryptoStatusBuilder;--->setOpenPgpKeyId(Ljava/lang/Long;)Lcom/fsck/k9/activity/compose/ComposeCryptoStatus$ComposeCryptoStatusBuilder;
05-24 22:46:46.287 10387 10387 D M_InsDal: Lcom/fsck/k9/activity/compose/ComposeCryptoStatus$ComposeCryptoStatusBuilder;--->build()Lcom/fsck/k9/activity/compose/ComposeCryptoStatus;
05-24 22:46:46.287 10387 10387 D M_InsDal: Lcom/fsck/k9/activity/compose/ComposeCryptoStatus;---><init>()V
05-24 22:46:46.287 10387 10387 D M_InsDal: Lcom/fsck/k9/activity/compose/ComposeCryptoStatus;--->getRecipientAddresses()[Ljava/lang/String;
05-24 22:46:46.287 10387 10387 D M_InsDal: Lcom/fsck/k9/activity/compose/RecipientPresenter$1;---><init>(Lcom/fsck/k9/activity/compose/RecipientPresenter;[Ljava/lang/String;Lcom/fsck/k9/activity/compose/ComposeCryptoStatus;)V
05-24 22:46:46.287 10387 10387 D M_InsDal: Lcom/fsck/k9/activity/compose/RecipientPresenter;--->asyncUpdateCryptoStatus()V
05-24 22:46:46.287 10387 10387 D M_InsDal: Lcom/fsck/k9/Account;--->getCryptoKey()J
05-24 22:46:46.287 10387 10387 D M_InsDal: Lcom/fsck/k9/activity/compose/ComposeCryptoStatus$ComposeCryptoStatusBuilder;---><init>()V
05-24 22:46:46.287 10387 10387 D M_InsDal: Lcom/fsck/k9/activity/compose/ComposeCryptoStatus$ComposeCryptoStatusBuilder;--->setCryptoProviderState(Lcom/fsck/k9/activity/compose/RecipientPresenter$CryptoProviderState;)Lcom/fsck/k9/activity/compose/ComposeCryptoStatus$ComposeCryptoStatusBuilder;
05-24 22:46:46.287 10387 10387 D M_InsDal: Lcom/fsck/k9/activity/compose/ComposeCryptoStatus$ComposeCryptoStatusBuilder;--->setCryptoMode(Lcom/fsck/k9/activity/compose/RecipientPresenter$CryptoMode;)Lcom/fsck/k9/activity/compose/ComposeCryptoStatus$ComposeCryptoStatusBuilder;
05-24 22:46:46.287 10387 10387 D M_InsDal: Lcom/fsck/k9/activity/compose/ComposeCryptoStatus$ComposeCryptoStatusBuilder;--->setEnablePgpInline(Z)Lcom/fsck/k9/activity/compose/ComposeCryptoStatus$ComposeCryptoStatusBuilder;
05-24 22:46:46.287 10387 10387 D M_InsDal: Lcom/fsck/k9/Account;--->getAutocryptPreferEncryptMutual()Z
05-24 22:46:46.287 10387 10387 D M_InsDal: Lcom/fsck/k9/activity/compose/ComposeCryptoStatus$ComposeCryptoStatusBuilder;--->setPreferEncryptMutual(Z)Lcom/fsck/k9/activity/compose/ComposeCryptoStatus$ComposeCryptoStatusBuilder;
05-24 22:46:46.287 10387 10387 D M_InsDal: Lcom/fsck/k9/activity/compose/RecipientPresenter;--->getAllRecipients()Ljava/util/List;
05-24 22:46:46.287 10387 10387 D M_InsDal: Lcom/fsck/k9/activity/compose/RecipientMvpView;--->getToRecipients()Ljava/util/List;
05-24 22:46:46.287 10387 10387 D M_InsDal: Lcom/fsck/k9/activity/compose/RecipientMvpView;--->getCcRecipients()Ljava/util/List;
05-24 22:46:46.287 10387 10387 D M_InsDal: Lcom/fsck/k9/activity/compose/RecipientMvpView;--->getBccRecipients()Ljava/util/List;
05-24 22:46:46.287 10387 10387 D M_InsDal: Lcom/fsck/k9/activity/compose/ComposeCryptoStatus$ComposeCryptoStatusBuilder;--->setRecipients(Ljava/util/List;)Lcom/fsck/k9/activity/compose/ComposeCryptoStatus$ComposeCryptoStatusBuilder;
05-24 22:46:46.287 10387 10387 D M_InsDal: Lcom/fsck/k9/activity/compose/ComposeCryptoStatus$ComposeCryptoStatusBuilder;--->setOpenPgpKeyId(Ljava/lang/Long;)Lcom/fsck/k9/activity/compose/ComposeCryptoStatus$ComposeCryptoStatusBuilder;
05-24 22:46:46.287 10387 10387 D M_InsDal: Lcom/fsck/k9/activity/compose/ComposeCryptoStatus$ComposeCryptoStatusBuilder;--->build()Lcom/fsck/k9/activity/compose/ComposeCryptoStatus;
05-24 22:46:46.287 10387 10387 D M_InsDal: Lcom/fsck/k9/activity/compose/ComposeCryptoStatus;---><init>()V
05-24 22:46:46.287 10387 10387 D M_InsDal: Lcom/fsck/k9/activity/compose/ComposeCryptoStatus;--->getRecipientAddresses()[Ljava/lang/String;
05-24 22:46:46.287 10387 10387 D M_InsDal: Lcom/fsck/k9/activity/compose/RecipientPresenter$1;---><init>(Lcom/fsck/k9/activity/compose/RecipientPresenter;[Ljava/lang/String;Lcom/fsck/k9/activity/compose/ComposeCryptoStatus;)V
05-24 22:46:46.287 10387 10465 D M_InsDal: Lcom/fsck/k9/activity/compose/RecipientPresenter$1;--->doInBackground([Ljava/lang/Void;)Lcom/fsck/k9/message/AutocryptStatusInteractor$RecipientAutocryptStatus;
05-24 22:46:46.288 10387 10466 D M_InsDal: Lcom/fsck/k9/activity/compose/RecipientPresenter$1;--->doInBackground([Ljava/lang/Void;)Lcom/fsck/k9/message/AutocryptStatusInteractor$RecipientAutocryptStatus;
05-24 22:46:46.288 10387 10387 D M_InsDal: Lcom/fsck/k9/ui/compose/QuotedMessageMvpView;---><init>(Lcom/fsck/k9/activity/MessageCompose;)V
05-24 22:46:46.288 10387 10387 D M_InsDal: Lcom/fsck/k9/view/MessageWebView;--->configure()V
05-24 22:46:46.288 10387 10387 D M_InsDal: Lcom/fsck/k9/K9;--->getK9MessageViewTheme()Lcom/fsck/k9/K9$Theme;
05-24 22:46:46.288 10387 10387 D M_InsDal: Lcom/fsck/k9/K9;--->autofitWidth()Z
05-24 22:46:46.289 10387 10387 D M_InsDal: Lcom/fsck/k9/view/MessageWebView;--->disableDisplayZoomControls()V
05-24 22:46:46.294 10387 10387 D M_InsDal: Lcom/fsck/k9/K9;--->getFontSizes()Lcom/fsck/k9/FontSizes;
05-24 22:46:46.294 10387 10387 D M_InsDal: Lcom/fsck/k9/FontSizes;--->getMessageViewContentAsPercent()I
05-24 22:46:46.294 10387 10387 D M_InsDal: Lcom/fsck/k9/view/MessageWebView;--->blockNetworkData(Z)V
05-24 22:46:46.294 10387 10387 D M_InsDal: Lcom/fsck/k9/ui/compose/QuotedMessageMvpView$1;---><init>(Lcom/fsck/k9/ui/compose/QuotedMessageMvpView;)V
05-24 22:46:46.294 10387 10387 D M_InsDal: Lcom/fsck/k9/ui/compose/QuotedMessagePresenter;---><init>(Lcom/fsck/k9/activity/MessageCompose;Lcom/fsck/k9/ui/compose/QuotedMessageMvpView;Lcom/fsck/k9/Account;)V
05-24 22:46:46.294 10387 10387 D M_InsDal: Lcom/fsck/k9/ui/compose/QuotedMessagePresenter;--->onSwitchAccount(Lcom/fsck/k9/Account;)V
05-24 22:46:46.294 10387 10387 D M_InsDal: Lcom/fsck/k9/message/QuotedTextMode;---><clinit>()V
05-24 22:46:46.294 10387 10387 D M_InsDal: Lcom/fsck/k9/message/QuotedTextMode;---><init>(Ljava/lang/String;I)V
05-24 22:46:46.294 10387 10387 D M_InsDal: Lcom/fsck/k9/message/QuotedTextMode;---><init>(Ljava/lang/String;I)V
05-24 22:46:46.294 10387 10387 D M_InsDal: Lcom/fsck/k9/Account;--->getQuoteStyle()Lcom/fsck/k9/Account$QuoteStyle;
05-24 22:46:46.294 10387 10387 D M_InsDal: Lcom/fsck/k9/ui/compose/QuotedMessageMvpView;--->setOnClickPresenter(Lcom/fsck/k9/ui/compose/QuotedMessagePresenter;)V
05-24 22:46:46.294 10387 10387 D M_InsDal: Lcom/fsck/k9/ui/compose/QuotedMessageMvpView$2;---><init>(Lcom/fsck/k9/ui/compose/QuotedMessageMvpView;Lcom/fsck/k9/ui/compose/QuotedMessagePresenter;)V
05-24 22:46:46.294 10387 10387 D M_InsDal: Lcom/fsck/k9/activity/compose/AttachmentPresenter;---><init>(Landroid/content/Context;Lcom/fsck/k9/activity/compose/AttachmentPresenter$AttachmentMvpView;Landroid/app/LoaderManager;Lcom/fsck/k9/activity/compose/AttachmentPresenter$AttachmentsChangedListener;)V
05-24 22:46:46.294 10387 10387 D M_InsDal: Lcom/fsck/k9/activity/compose/AttachmentPresenter$WaitingAction;---><clinit>()V
05-24 22:46:46.294 10387 10387 D M_InsDal: Lcom/fsck/k9/activity/compose/AttachmentPresenter$WaitingAction;---><init>(Ljava/lang/String;I)V
05-24 22:46:46.295 10387 10387 D M_InsDal: Lcom/fsck/k9/activity/compose/AttachmentPresenter$WaitingAction;---><init>(Ljava/lang/String;I)V
05-24 22:46:46.295 10387 10387 D M_InsDal: Lcom/fsck/k9/activity/compose/AttachmentPresenter$1;---><init>(Lcom/fsck/k9/activity/compose/AttachmentPresenter;)V
05-24 22:46:46.295 10387 10387 D M_InsDal: Lcom/fsck/k9/activity/compose/AttachmentPresenter$2;---><init>(Lcom/fsck/k9/activity/compose/AttachmentPresenter;)V
05-24 22:46:46.295 10387 10387 D M_InsDal: Lcom/fsck/k9/activity/MessageCompose$1;---><init>(Lcom/fsck/k9/activity/MessageCompose;)V
05-24 22:46:46.295 10387 10387 D M_InsDal: Lcom/fsck/k9/helper/SimpleTextWatcher;---><init>()V
05-24 22:46:46.295 10387 10387 D M_InsDal: Lcom/fsck/k9/activity/MessageCompose$2;---><init>(Lcom/fsck/k9/activity/MessageCompose;)V
05-24 22:46:46.295 10387 10387 D M_InsDal: Lcom/fsck/k9/helper/SimpleTextWatcher;---><init>()V
05-24 22:46:46.295 10387 10387 D M_InsDal: Lcom/fsck/k9/activity/compose/RecipientMvpView;--->addTextChangedListener(Landroid/text/TextWatcher;)V
05-24 22:46:46.295 10387 10387 D M_InsDal: Lcom/fsck/k9/ui/compose/QuotedMessageMvpView;--->addTextChangedListener(Landroid/text/TextWatcher;)V
05-24 22:46:46.295 10387 10387 D M_InsDal: Lcom/fsck/k9/ui/compose/QuotedMessagePresenter;--->showOrHideQuotedText(Lcom/fsck/k9/message/QuotedTextMode;)V
05-24 22:46:46.295 10387 10387 D M_InsDal: Lcom/fsck/k9/ui/compose/QuotedMessageMvpView;--->showOrHideQuotedText(Lcom/fsck/k9/message/QuotedTextMode;Lcom/fsck/k9/message/SimpleMessageFormat;)V
05-24 22:46:46.295 10387 10387 D M_InsDal: Lcom/fsck/k9/ui/compose/QuotedMessageMvpView$3;---><clinit>()V
05-24 22:46:46.295 10387 10387 D M_InsDal: Lcom/fsck/k9/message/QuotedTextMode;--->values()[Lcom/fsck/k9/message/QuotedTextMode;
05-24 22:46:46.295 10387 10387 D M_InsDal: Lcom/fsck/k9/activity/MessageCompose;--->initFromIntent(Landroid/content/Intent;)Z
05-24 22:46:46.295 10387 10387 D M_InsDal: Lcom/fsck/k9/activity/MessageCompose$Action;---><clinit>()V
05-24 22:46:46.295 10387 10387 D M_InsDal: Lcom/fsck/k9/activity/MessageCompose$Action;---><init>(Ljava/lang/String;II)V
05-24 22:46:46.295 10387 10387 D M_InsDal: Lcom/fsck/k9/activity/MessageCompose$Action;---><init>(Ljava/lang/String;II)V
05-24 22:46:46.295 10387 10387 D M_InsDal: Lcom/fsck/k9/Account;--->getIdentity(I)Lcom/fsck/k9/Identity;
05-24 22:46:46.295 10387 10387 D M_InsDal: Lcom/fsck/k9/Account;--->isSignatureBeforeQuotedText()Z
05-24 22:46:46.295 10387 10387 D M_InsDal: Lcom/fsck/k9/activity/MessageCompose;--->updateSignature()V
05-24 22:46:46.295 10387 10387 D M_InsDal: Lcom/fsck/k9/Identity;--->getSignatureUse()Z
05-24 22:46:46.295 10387 10387 D M_InsDal: Lcom/fsck/k9/Identity;--->getSignature()Ljava/lang/String;
05-24 22:46:46.295 10387 10387 D M_InsDal: Lcom/fsck/k9/ui/EolConvertingEditText;--->setCharacters(Ljava/lang/CharSequence;)V
05-24 22:46:46.295 10387 10387 D M_InsDal: Lcom/fsck/k9/Identity;--->getSignatureUse()Z
05-24 22:46:46.295 10387 10387 D M_InsDal: Lcom/fsck/k9/Account;--->isMessageReadReceiptAlways()Z
05-24 22:46:46.295 10387 10387 D M_InsDal: Lcom/fsck/k9/activity/MessageCompose;--->updateFrom()V
05-24 22:46:46.295 10387 10387 D M_InsDal: Lcom/fsck/k9/Identity;--->getEmail()Ljava/lang/String;
05-24 22:46:46.296 10387 10387 D M_InsDal: Lcom/fsck/k9/Account;--->getAlwaysBcc()Ljava/lang/String;
05-24 22:46:46.296 10387 10387 D M_InsDal: Lcom/fsck/k9/activity/compose/RecipientMvpView;--->requestFocusOnToField()V
05-24 22:46:46.298 10387 10387 D M_InsDal: Lcom/fsck/k9/activity/compose/RecipientMvpView;--->onFocusChange(Landroid/view/View;Z)V
05-24 22:46:46.298 10387 10387 D M_InsDal: Lcom/fsck/k9/activity/compose/RecipientPresenter;--->onToFocused()V
05-24 22:46:46.303 10387 10387 D M_InsDal: Lcom/fsck/k9/view/RecipientSelectView;--->onFocusChanged(ZILandroid/graphics/Rect;)V
05-24 22:46:46.303 10387 10387 D M_InsDal: Lcom/fsck/k9/view/RecipientSelectView;--->displayKeyboard()V
05-24 22:46:46.303 10387 10387 D M_InsDal: Lcom/fsck/k9/activity/MessageCompose;--->updateMessageFormat()V
05-24 22:46:46.303 10387 10387 D M_InsDal: Lcom/fsck/k9/Account;--->getMessageFormat()Lcom/fsck/k9/Account$MessageFormat;
05-24 22:46:46.303 10387 10387 D M_InsDal: Lcom/fsck/k9/ui/compose/QuotedMessagePresenter;--->isForcePlainText()Z
05-24 22:46:46.303 10387 10387 D M_InsDal: Lcom/fsck/k9/activity/compose/RecipientPresenter;--->isForceTextMessageFormat()Z
05-24 22:46:46.303 10387 10387 D M_InsDal: Lcom/fsck/k9/message/SimpleMessageFormat;---><clinit>()V
05-24 22:46:46.304 10387 10387 D M_InsDal: Lcom/fsck/k9/message/SimpleMessageFormat;---><init>(Ljava/lang/String;I)V
05-24 22:46:46.304 10387 10387 D M_InsDal: Lcom/fsck/k9/message/SimpleMessageFormat;---><init>(Ljava/lang/String;I)V
05-24 22:46:46.304 10387 10387 D M_InsDal: Lcom/fsck/k9/activity/MessageCompose;--->setCurrentMessageFormat(Lcom/fsck/k9/message/SimpleMessageFormat;)V
05-24 22:46:46.304 10387 10387 D M_InsDal: Lcom/fsck/k9/K9;--->getFontSizes()Lcom/fsck/k9/FontSizes;
05-24 22:46:46.304 10387 10387 D M_InsDal: Lcom/fsck/k9/FontSizes;--->getMessageComposeInput()I
05-24 22:46:46.304 10387 10387 D M_InsDal: Lcom/fsck/k9/K9;--->getFontSizes()Lcom/fsck/k9/FontSizes;
05-24 22:46:46.304 10387 10387 D M_InsDal: Lcom/fsck/k9/activity/compose/RecipientMvpView;--->setFontSizes(Lcom/fsck/k9/FontSizes;I)V
05-24 22:46:46.304 10387 10387 D M_InsDal: Lcom/fsck/k9/FontSizes;--->setViewTextSize(Landroid/widget/TextView;I)V
05-24 22:46:46.304 10387 10387 D M_InsDal: Lcom/fsck/k9/FontSizes;--->setViewTextSize(Landroid/widget/TextView;I)V
05-24 22:46:46.304 10387 10387 D M_InsDal: Lcom/fsck/k9/K9;--->getFontSizes()Lcom/fsck/k9/FontSizes;
05-24 22:46:46.304 10387 10387 D M_InsDal: Lcom/fsck/k9/ui/compose/QuotedMessageMvpView;--->setFontSizes(Lcom/fsck/k9/FontSizes;I)V
05-24 22:46:46.304 10387 10387 D M_InsDal: Lcom/fsck/k9/FontSizes;--->setViewTextSize(Landroid/widget/TextView;I)V
05-24 22:46:46.304 10387 10387 D M_InsDal: Lcom/fsck/k9/K9;--->getFontSizes()Lcom/fsck/k9/FontSizes;
05-24 22:46:46.304 10387 10387 D M_InsDal: Lcom/fsck/k9/FontSizes;--->setViewTextSize(Landroid/widget/TextView;I)V
05-24 22:46:46.304 10387 10387 D M_InsDal: Lcom/fsck/k9/K9;--->getFontSizes()Lcom/fsck/k9/FontSizes;
05-24 22:46:46.304 10387 10387 D M_InsDal: Lcom/fsck/k9/FontSizes;--->setViewTextSize(Landroid/widget/TextView;I)V
05-24 22:46:46.304 10387 10387 D M_InsDal: Lcom/fsck/k9/K9;--->getFontSizes()Lcom/fsck/k9/FontSizes;
05-24 22:46:46.304 10387 10387 D M_InsDal: Lcom/fsck/k9/FontSizes;--->setViewTextSize(Landroid/widget/TextView;I)V
05-24 22:46:46.304 10387 10387 D M_InsDal: Lcom/fsck/k9/activity/MessageCompose;--->updateMessageFormat()V
05-24 22:46:46.304 10387 10387 D M_InsDal: Lcom/fsck/k9/Account;--->getMessageFormat()Lcom/fsck/k9/Account$MessageFormat;
05-24 22:46:46.304 10387 10387 D M_InsDal: Lcom/fsck/k9/ui/compose/QuotedMessagePresenter;--->isForcePlainText()Z
05-24 22:46:46.304 10387 10387 D M_InsDal: Lcom/fsck/k9/activity/compose/RecipientPresenter;--->isForceTextMessageFormat()Z
05-24 22:46:46.304 10387 10387 D M_InsDal: Lcom/fsck/k9/activity/MessageCompose;--->setCurrentMessageFormat(Lcom/fsck/k9/message/SimpleMessageFormat;)V
05-24 22:46:46.304 10387 10387 D M_InsDal: Lcom/fsck/k9/activity/MessageCompose;--->setTitle()V
05-24 22:46:46.304 10387 10387 D M_InsDal: Lcom/fsck/k9/activity/MessageCompose$Action;--->getTitleResource()I
05-24 22:46:46.310 10387 10387 D M_InsDal: Lcom/fsck/k9/activity/MessageCompose;--->onResume()V
05-24 22:46:46.311 10387 10387 D M_InsDal: Lcom/fsck/k9/controller/MessagingController;--->getInstance(Landroid/content/Context;)Lcom/fsck/k9/controller/MessagingController;
05-24 22:46:46.311 10387 10387 D M_InsDal: Lcom/fsck/k9/controller/MessagingController;--->addListener(Lcom/fsck/k9/controller/MessagingListener;)V
05-24 22:46:46.311 10387 10387 D M_InsDal: Lcom/fsck/k9/controller/MessagingController;--->refreshListener(Lcom/fsck/k9/controller/MessagingListener;)V
05-24 22:46:46.311 10387 10387 D M_InsDal: Lcom/fsck/k9/controller/MemorizingMessagingListener;--->refreshOther(Lcom/fsck/k9/controller/MessagingListener;)V
05-24 22:46:46.330 10387 10387 D M_InsDal: Lcom/fsck/k9/service/MailService;---><init>()V
05-24 22:46:46.330 10387 10387 D M_InsDal: Lcom/fsck/k9/service/CoreService;---><init>()V
05-24 22:46:46.330 10387 10387 D M_InsDal: Lcom/fsck/k9/service/CoreService;--->onCreate()V
05-24 22:46:46.331 10387 10387 D M_InsDal: Lcom/fsck/k9/service/MailService;--->onCreate()V
05-24 22:46:46.332 10387 10387 D M_InsDal: Lcom/fsck/k9/service/CoreService;--->onStartCommand(Landroid/content/Intent;II)I
05-24 22:46:46.332 10387 10387 D M_InsDal: Lcom/fsck/k9/service/CoreService;--->acquireWakeLock(Landroid/content/Context;Ljava/lang/String;J)Lcom/fsck/k9/mail/power/TracingPowerManager$TracingWakeLock;
05-24 22:46:46.333 10387 10387 D M_InsDal: Lcom/fsck/k9/mail/power/TracingPowerManager;--->getPowerManager(Landroid/content/Context;)Lcom/fsck/k9/mail/power/TracingPowerManager;
05-24 22:46:46.333 10387 10387 D M_InsDal: Lcom/fsck/k9/mail/power/TracingPowerManager;--->newWakeLock(ILjava/lang/String;)Lcom/fsck/k9/mail/power/TracingPowerManager$TracingWakeLock;
05-24 22:46:46.333 10387 10387 D M_InsDal: Lcom/fsck/k9/mail/power/TracingPowerManager$TracingWakeLock;---><init>(Lcom/fsck/k9/mail/power/TracingPowerManager;ILjava/lang/String;)V
05-24 22:46:46.336 10387 10387 D M_InsDal: Lcom/fsck/k9/mail/K9MailLib;--->isDebug()Z
05-24 22:46:46.336 10387 10387 D M_InsDal: Lcom/fsck/k9/K9$2;--->enabled()Z
05-24 22:46:46.336 10387 10387 D M_InsDal: Lcom/fsck/k9/mail/power/TracingPowerManager$TracingWakeLock;--->setReferenceCounted(Z)V
05-24 22:46:46.336 10387 10387 D M_InsDal: Lcom/fsck/k9/mail/power/TracingPowerManager$TracingWakeLock;--->acquire(J)V
05-24 22:46:46.339 10387 10387 D M_InsDal: Lcom/fsck/k9/mail/K9MailLib;--->isDebug()Z
05-24 22:46:46.339 10387 10387 D M_InsDal: Lcom/fsck/k9/K9$2;--->enabled()Z
05-24 22:46:46.339 10387 10387 D M_InsDal: Lcom/fsck/k9/mail/power/TracingPowerManager$TracingWakeLock;--->raiseNotification()V
05-24 22:46:46.340 10387 10387 D M_InsDal: Lcom/fsck/k9/mail/power/TracingPowerManager$TracingWakeLock;--->release()V
05-24 22:46:46.340 10387 10387 D M_InsDal: Lcom/fsck/k9/mail/K9MailLib;--->isDebug()Z
05-24 22:46:46.340 10387 10387 D M_InsDal: Lcom/fsck/k9/K9$2;--->enabled()Z
05-24 22:46:46.340 10387 10387 D M_InsDal: Lcom/fsck/k9/mail/power/TracingPowerManager$TracingWakeLock;--->cancelNotification()V
05-24 22:46:46.341 10387 10387 D M_InsDal: Lcom/fsck/k9/service/MailService;--->startService(Landroid/content/Intent;I)I
05-24 22:46:46.341 10387 10387 D M_InsDal: Lcom/fsck/k9/service/MailService;--->isSyncDisabled()Z
05-24 22:46:46.341 10387 10387 D M_InsDal: Lcom/fsck/k9/helper/Utility;--->hasConnectivity(Landroid/content/Context;)Z
05-24 22:46:46.341 10387 10387 D M_InsDal: Lcom/fsck/k9/K9;--->getBackgroundOps()Lcom/fsck/k9/K9$BACKGROUND_OPS;
05-24 22:46:46.341 10387 10387 D M_InsDal: Lcom/fsck/k9/service/MailService$5;---><clinit>()V
05-24 22:46:46.341 10387 10387 D M_InsDal: Lcom/fsck/k9/K9$BACKGROUND_OPS;--->values()[Lcom/fsck/k9/K9$BACKGROUND_OPS;
05-24 22:46:46.341 10387 10387 D M_InsDal: Lcom/fsck/k9/service/MailService;--->rescheduleAllInBackground(ZZLjava/lang/Integer;)V
05-24 22:46:46.341 10387 10387 D M_InsDal: Lcom/fsck/k9/service/MailService$1;---><init>(Lcom/fsck/k9/service/MailService;ZZ)V
05-24 22:46:46.341 10387 10387 D M_InsDal: Lcom/fsck/k9/service/CoreService;--->execute(Landroid/content/Context;Ljava/lang/Runnable;ILjava/lang/Integer;)V
05-24 22:46:46.341 10387 10387 D M_InsDal: Lcom/fsck/k9/service/CoreService;--->acquireWakeLock(Landroid/content/Context;Ljava/lang/String;J)Lcom/fsck/k9/mail/power/TracingPowerManager$TracingWakeLock;
05-24 22:46:46.341 10387 10387 D M_InsDal: Lcom/fsck/k9/mail/power/TracingPowerManager;--->getPowerManager(Landroid/content/Context;)Lcom/fsck/k9/mail/power/TracingPowerManager;
05-24 22:46:46.341 10387 10387 D M_InsDal: Lcom/fsck/k9/mail/power/TracingPowerManager;--->newWakeLock(ILjava/lang/String;)Lcom/fsck/k9/mail/power/TracingPowerManager$TracingWakeLock;
05-24 22:46:46.341 10387 10387 D M_InsDal: Lcom/fsck/k9/mail/power/TracingPowerManager$TracingWakeLock;---><init>(Lcom/fsck/k9/mail/power/TracingPowerManager;ILjava/lang/String;)V
05-24 22:46:46.342 10387 10387 D M_InsDal: Lcom/fsck/k9/mail/K9MailLib;--->isDebug()Z
05-24 22:46:46.342 10387 10387 D M_InsDal: Lcom/fsck/k9/K9$2;--->enabled()Z
05-24 22:46:46.342 10387 10387 D M_InsDal: Lcom/fsck/k9/mail/power/TracingPowerManager$TracingWakeLock;--->setReferenceCounted(Z)V
05-24 22:46:46.342 10387 10387 D M_InsDal: Lcom/fsck/k9/mail/power/TracingPowerManager$TracingWakeLock;--->acquire(J)V
05-24 22:46:46.342 10387 10387 D M_InsDal: Lcom/fsck/k9/mail/K9MailLib;--->isDebug()Z
05-24 22:46:46.342 10387 10387 D M_InsDal: Lcom/fsck/k9/K9$2;--->enabled()Z
05-24 22:46:46.342 10387 10387 D M_InsDal: Lcom/fsck/k9/mail/power/TracingPowerManager$TracingWakeLock;--->raiseNotification()V
05-24 22:46:46.342 10387 10387 D M_InsDal: Lcom/fsck/k9/service/CoreService$1;---><init>(Lcom/fsck/k9/service/CoreService;Ljava/lang/Runnable;Ljava/lang/Integer;Lcom/fsck/k9/mail/power/TracingPowerManager$TracingWakeLock;Z)V
05-24 22:46:46.343 10387 10387 D M_InsDal: Lcom/fsck/k9/service/MailService;--->isSyncDisabled()Z
05-24 22:46:46.343 10387 10387 D M_InsDal: Lcom/fsck/k9/mail/power/TracingPowerManager$TracingWakeLock;--->release()V
05-24 22:46:46.343 10387 10387 D M_InsDal: Lcom/fsck/k9/mail/K9MailLib;--->isDebug()Z
05-24 22:46:46.343 10387 10387 D M_InsDal: Lcom/fsck/k9/K9$2;--->enabled()Z
05-24 22:46:46.343 10387 10387 D M_InsDal: Lcom/fsck/k9/mail/power/TracingPowerManager$TracingWakeLock;--->cancelNotification()V
05-24 22:46:46.343 10387 10471 D M_InsDal: Lcom/fsck/k9/service/CoreService$1;--->run()V
05-24 22:46:46.343 10387 10471 D M_InsDal: Lcom/fsck/k9/service/MailService;--->isSyncDisabled()Z
05-24 22:46:46.343 10387 10471 D M_InsDal: Lcom/fsck/k9/service/MailService$1;--->run()V
05-24 22:46:46.343 10387 10471 D M_InsDal: Lcom/fsck/k9/service/MailService;--->reschedulePoll(ZZZ)V
05-24 22:46:46.343 10387 10471 D M_InsDal: Lcom/fsck/k9/Preferences;--->getPreferences(Landroid/content/Context;)Lcom/fsck/k9/Preferences;
05-24 22:46:46.343 10387 10471 D M_InsDal: Lcom/fsck/k9/Preferences;--->getStorage()Lcom/fsck/k9/preferences/Storage;
05-24 22:46:46.343 10387 10471 D M_InsDal: Lcom/fsck/k9/preferences/Storage;--->getInt(Ljava/lang/String;I)I
05-24 22:46:46.343 10387 10471 D M_InsDal: Lcom/fsck/k9/preferences/Storage;--->getLong(Ljava/lang/String;J)J
05-24 22:46:46.343 10387 10471 D M_InsDal: Lcom/fsck/k9/Preferences;--->getAvailableAccounts()Ljava/util/Collection;
05-24 22:46:46.343 10387 10471 D M_InsDal: Lcom/fsck/k9/Preferences;--->getAccounts()Ljava/util/List;
05-24 22:46:46.343 10387 10471 D M_InsDal: Lcom/fsck/k9/Account;--->isEnabled()Z
05-24 22:46:46.343 10387 10471 D M_InsDal: Lcom/fsck/k9/Account;--->isAvailable(Landroid/content/Context;)Z
05-24 22:46:46.343 10387 10471 D M_InsDal: Lcom/fsck/k9/Account;--->getLocalStorageProviderId()Ljava/lang/String;
05-24 22:46:46.344 10387 10471 D M_InsDal: Lcom/fsck/k9/mailstore/StorageManager;--->getInstance(Landroid/content/Context;)Lcom/fsck/k9/mailstore/StorageManager;
05-24 22:46:46.344 10387 10471 D M_InsDal: Lcom/fsck/k9/mailstore/StorageManager;--->isReady(Ljava/lang/String;)Z
05-24 22:46:46.344 10387 10471 D M_InsDal: Lcom/fsck/k9/mailstore/StorageManager;--->getProvider(Ljava/lang/String;)Lcom/fsck/k9/mailstore/StorageManager$StorageProvider;
05-24 22:46:46.344 10387 10471 D M_InsDal: Lcom/fsck/k9/mailstore/StorageManager$InternalStorageProvider;--->isReady(Landroid/content/Context;)Z
05-24 22:46:46.345 10387 10471 D M_InsDal: Lcom/fsck/k9/Account;--->getAutomaticCheckIntervalMinutes()I
05-24 22:46:46.345 10387 10471 D M_InsDal: Lcom/fsck/k9/preferences/Storage;--->edit()Lcom/fsck/k9/preferences/StorageEditor;
05-24 22:46:46.347 10387 10471 D M_InsDal: Lcom/fsck/k9/preferences/StorageEditor;---><init>(Lcom/fsck/k9/preferences/Storage;)V
05-24 22:46:46.347 10387 10471 D M_InsDal: Lcom/fsck/k9/preferences/Storage;--->getAll()Ljava/util/Map;
05-24 22:46:46.347 10387 10471 D M_InsDal: Lcom/fsck/k9/preferences/StorageEditor;--->putInt(Ljava/lang/String;I)Lcom/fsck/k9/preferences/StorageEditor;
05-24 22:46:46.347 10387 10471 D M_InsDal: Lcom/fsck/k9/preferences/StorageEditor;--->commit()Z
05-24 22:46:46.347 10387 10471 D M_InsDal: Lcom/fsck/k9/preferences/StorageEditor;--->commitChanges()V
05-24 22:46:46.347 10387 10471 D M_InsDal: Lcom/fsck/k9/preferences/StorageEditor$1;---><init>(Lcom/fsck/k9/preferences/StorageEditor;)V
05-24 22:46:46.347 10387 10471 D M_InsDal: Lcom/fsck/k9/preferences/Storage;--->doInTransaction(Ljava/lang/Runnable;)V
05-24 22:46:46.347 10387 10471 D M_InsDal: Lcom/fsck/k9/preferences/Storage;--->openDB()Landroid/database/sqlite/SQLiteDatabase;
05-24 22:46:46.356 10387 10471 D M_InsDal: Lcom/fsck/k9/preferences/StorageEditor$1;--->run()V
05-24 22:46:46.356 10387 10471 D M_InsDal: Lcom/fsck/k9/preferences/Storage;--->put(Ljava/util/Map;)V
05-24 22:46:46.359 10387 10471 D M_InsDal: Lcom/fsck/k9/service/MailService;--->cancel()V
05-24 22:46:46.360 10387 10471 D M_InsDal: Lcom/fsck/k9/service/CoreReceiver;---><clinit>()V
05-24 22:46:46.360 10387 10471 D M_InsDal: Lcom/fsck/k9/service/BootReceiver;--->cancelIntent(Landroid/content/Context;Landroid/content/Intent;)V
05-24 22:46:46.360 10387 10471 D M_InsDal: Lcom/fsck/k9/service/MailService;--->reschedulePushers(ZZ)V
05-24 22:46:46.360 10387 10471 D M_InsDal: Lcom/fsck/k9/service/MailService;--->stopPushers()V
05-24 22:46:46.360 10387 10471 D M_InsDal: Lcom/fsck/k9/controller/MessagingController;--->getInstance(Landroid/content/Context;)Lcom/fsck/k9/controller/MessagingController;
05-24 22:46:46.360 10387 10471 D M_InsDal: Lcom/fsck/k9/controller/MessagingController;--->stopAllPushing()V
05-24 22:46:46.364 10387 10471 D M_InsDal: Lcom/fsck/k9/service/PushService;--->stopService(Landroid/content/Context;)V
05-24 22:46:46.365 10387 10387 D M_InsDal: Lcom/fsck/k9/activity/compose/RecipientPresenter$1;--->onPostExecute(Lcom/fsck/k9/message/AutocryptStatusInteractor$RecipientAutocryptStatus;)V
05-24 22:46:46.365 10387 10471 D M_InsDal: Lcom/fsck/k9/service/CoreService;--->addWakeLock(Landroid/content/Context;Landroid/content/Intent;)V
05-24 22:46:46.365 10387 10471 D M_InsDal: Lcom/fsck/k9/service/CoreService;--->acquireWakeLock(Landroid/content/Context;Ljava/lang/String;J)Lcom/fsck/k9/mail/power/TracingPowerManager$TracingWakeLock;
05-24 22:46:46.365 10387 10471 D M_InsDal: Lcom/fsck/k9/mail/power/TracingPowerManager;--->getPowerManager(Landroid/content/Context;)Lcom/fsck/k9/mail/power/TracingPowerManager;
05-24 22:46:46.365 10387 10387 D M_InsDal: Lcom/fsck/k9/activity/compose/RecipientPresenter;--->redrawCachedCryptoStatusIcon()V
05-24 22:46:46.365 10387 10471 D M_InsDal: Lcom/fsck/k9/mail/power/TracingPowerManager;--->newWakeLock(ILjava/lang/String;)Lcom/fsck/k9/mail/power/TracingPowerManager$TracingWakeLock;
05-24 22:46:46.365 10387 10387 D M_InsDal: Lcom/fsck/k9/activity/compose/ComposeCryptoStatus;--->isEncryptionEnabled()Z
05-24 22:46:46.365 10387 10471 D M_InsDal: Lcom/fsck/k9/mail/power/TracingPowerManager$TracingWakeLock;---><init>(Lcom/fsck/k9/mail/power/TracingPowerManager;ILjava/lang/String;)V
05-24 22:46:46.365 10387 10387 D M_InsDal: Lcom/fsck/k9/activity/compose/RecipientMvpView;--->setRecipientTokensShowCryptoEnabled(Z)V
05-24 22:46:46.365 10387 10471 D M_InsDal: Lcom/fsck/k9/mail/K9MailLib;--->isDebug()Z
05-24 22:46:46.365 10387 10471 D M_InsDal: Lcom/fsck/k9/K9$2;--->enabled()Z
05-24 22:46:46.365 10387 10471 D M_InsDal: Lcom/fsck/k9/mail/power/TracingPowerManager$TracingWakeLock;--->setReferenceCounted(Z)V
05-24 22:46:46.365 10387 10471 D M_InsDal: Lcom/fsck/k9/mail/power/TracingPowerManager$TracingWakeLock;--->acquire(J)V
05-24 22:46:46.365 10387 10387 D M_InsDal: Lcom/fsck/k9/view/RecipientSelectView;--->setShowCryptoEnabled(Z)V
05-24 22:46:46.365 10387 10387 D M_InsDal: Lcom/fsck/k9/view/RecipientSelectView;--->redrawAllTokens()V
05-24 22:46:46.365 10387 10471 D M_InsDal: Lcom/fsck/k9/mail/K9MailLib;--->isDebug()Z
05-24 22:46:46.365 10387 10471 D M_InsDal: Lcom/fsck/k9/K9$2;--->enabled()Z
05-24 22:46:46.366 10387 10471 D M_InsDal: Lcom/fsck/k9/mail/power/TracingPowerManager$TracingWakeLock;--->raiseNotification()V
05-24 22:46:46.366 10387 10471 D M_InsDal: Lcom/fsck/k9/service/CoreService;--->registerWakeLock(Lcom/fsck/k9/mail/power/TracingPowerManager$TracingWakeLock;)Ljava/lang/Integer;
05-24 22:46:46.366 10387 10387 D M_InsDal: Lcom/fsck/k9/view/RecipientSelectView;--->setShowCryptoEnabled(Z)V
05-24 22:46:46.366 10387 10387 D M_InsDal: Lcom/fsck/k9/view/RecipientSelectView;--->redrawAllTokens()V
05-24 22:46:46.366 10387 10387 D M_InsDal: Lcom/fsck/k9/view/RecipientSelectView;--->setShowCryptoEnabled(Z)V
05-24 22:46:46.366 10387 10387 D M_InsDal: Lcom/fsck/k9/view/RecipientSelectView;--->redrawAllTokens()V
