05-24 22:49:53.254 11671 11736 D M_InsDal: Lcom/fsck/k9/mailstore/LocalFolder;--->getName()Ljava/lang/String;
05-24 22:49:53.254 11671 11736 D M_InsDal: Lcom/fsck/k9/Account;--->getOutboxFolderName()Ljava/lang/String;
05-24 22:49:53.254 11671 11736 D M_InsDal: Lcom/fsck/k9/mailstore/LocalFolder;--->open(I)V
05-24 22:49:53.254 11671 11736 D M_InsDal: Lcom/fsck/k9/mailstore/LocalFolder;--->isOpen()Z
05-24 22:49:53.254 11671 11736 D M_InsDal: Lcom/fsck/k9/mailstore/LocalFolder;--->getMode()I
05-24 22:49:53.254 11671 11736 D M_InsDal: Lcom/fsck/k9/mailstore/LocalFolder;--->getDisplayClass()Lcom/fsck/k9/mail/Folder$FolderClass;
05-24 22:49:53.254 11671 11736 D M_InsDal: Lcom/fsck/k9/mailstore/LocalFolder;--->getPushClass()Lcom/fsck/k9/mail/Folder$FolderClass;
05-24 22:49:53.254 11671 11736 D M_InsDal: Lcom/fsck/k9/mailstore/LocalFolder;--->getSyncClass()Lcom/fsck/k9/mail/Folder$FolderClass;
05-24 22:49:53.254 11671 11736 D M_InsDal: Lcom/fsck/k9/controller/MessagingController;--->modeMismatch(Lcom/fsck/k9/Account$FolderMode;Lcom/fsck/k9/mail/Folder$FolderClass;)Z
05-24 22:49:53.254 11671 11736 D M_InsDal: Lcom/fsck/k9/controller/MessagingController;--->modeMismatch(Lcom/fsck/k9/Account$FolderMode;Lcom/fsck/k9/mail/Folder$FolderClass;)Z
05-24 22:49:53.254 11671 11736 D M_InsDal: Lcom/fsck/k9/mailstore/LocalFolder;--->getName()Ljava/lang/String;
05-24 22:49:53.254 11671 11736 D M_InsDal: Lcom/fsck/k9/Account;--->getOutboxFolderName()Ljava/lang/String;
05-24 22:49:53.254 11671 11736 D M_InsDal: Lcom/fsck/k9/mailstore/LocalFolder;--->open(I)V
05-24 22:49:53.254 11671 11736 D M_InsDal: Lcom/fsck/k9/mailstore/LocalFolder;--->isOpen()Z
05-24 22:49:53.254 11671 11736 D M_InsDal: Lcom/fsck/k9/mailstore/LocalFolder;--->getMode()I
05-24 22:49:53.254 11671 11736 D M_InsDal: Lcom/fsck/k9/mailstore/LocalFolder;--->getDisplayClass()Lcom/fsck/k9/mail/Folder$FolderClass;
05-24 22:49:53.254 11671 11736 D M_InsDal: Lcom/fsck/k9/mailstore/LocalFolder;--->getPushClass()Lcom/fsck/k9/mail/Folder$FolderClass;
05-24 22:49:53.254 11671 11736 D M_InsDal: Lcom/fsck/k9/mailstore/LocalFolder;--->getSyncClass()Lcom/fsck/k9/mail/Folder$FolderClass;
05-24 22:49:53.254 11671 11736 D M_InsDal: Lcom/fsck/k9/controller/MessagingController;--->modeMismatch(Lcom/fsck/k9/Account$FolderMode;Lcom/fsck/k9/mail/Folder$FolderClass;)Z
05-24 22:49:53.254 11671 11736 D M_InsDal: Lcom/fsck/k9/controller/MessagingController;--->modeMismatch(Lcom/fsck/k9/Account$FolderMode;Lcom/fsck/k9/mail/Folder$FolderClass;)Z
05-24 22:49:53.254 11671 11736 D M_InsDal: Lcom/fsck/k9/mailstore/LocalFolder;--->getName()Ljava/lang/String;
05-24 22:49:53.254 11671 11736 D M_InsDal: Lcom/fsck/k9/Account;--->getOutboxFolderName()Ljava/lang/String;
05-24 22:49:53.254 11671 11736 D M_InsDal: Lcom/fsck/k9/mailstore/LocalFolder;--->open(I)V
05-24 22:49:53.254 11671 11736 D M_InsDal: Lcom/fsck/k9/mailstore/LocalFolder;--->isOpen()Z
05-24 22:49:53.254 11671 11736 D M_InsDal: Lcom/fsck/k9/mailstore/LocalFolder;--->getMode()I
05-24 22:49:53.254 11671 11736 D M_InsDal: Lcom/fsck/k9/mailstore/LocalFolder;--->getDisplayClass()Lcom/fsck/k9/mail/Folder$FolderClass;
05-24 22:49:53.254 11671 11736 D M_InsDal: Lcom/fsck/k9/mailstore/LocalFolder;--->getPushClass()Lcom/fsck/k9/mail/Folder$FolderClass;
05-24 22:49:53.254 11671 11736 D M_InsDal: Lcom/fsck/k9/mailstore/LocalFolder;--->getSyncClass()Lcom/fsck/k9/mail/Folder$FolderClass;
05-24 22:49:53.254 11671 11736 D M_InsDal: Lcom/fsck/k9/controller/MessagingController;--->modeMismatch(Lcom/fsck/k9/Account$FolderMode;Lcom/fsck/k9/mail/Folder$FolderClass;)Z
05-24 22:49:53.254 11671 11736 D M_InsDal: Lcom/fsck/k9/controller/MessagingController;--->modeMismatch(Lcom/fsck/k9/Account$FolderMode;Lcom/fsck/k9/mail/Folder$FolderClass;)Z
05-24 22:49:53.254 11671 11736 D M_InsDal: Lcom/fsck/k9/mailstore/LocalFolder;--->getName()Ljava/lang/String;
05-24 22:49:53.254 11671 11736 D M_InsDal: Lcom/fsck/k9/Account;--->getOutboxFolderName()Ljava/lang/String;
05-24 22:49:53.254 11671 11736 D M_InsDal: Lcom/fsck/k9/mailstore/LocalFolder;--->open(I)V
05-24 22:49:53.254 11671 11736 D M_InsDal: Lcom/fsck/k9/mailstore/LocalFolder;--->isOpen()Z
05-24 22:49:53.254 11671 11736 D M_InsDal: Lcom/fsck/k9/mailstore/LocalFolder;--->getMode()I
05-24 22:49:53.254 11671 11736 D M_InsDal: Lcom/fsck/k9/mailstore/LocalFolder;--->getDisplayClass()Lcom/fsck/k9/mail/Folder$FolderClass;
05-24 22:49:53.254 11671 11736 D M_InsDal: Lcom/fsck/k9/mailstore/LocalFolder;--->getPushClass()Lcom/fsck/k9/mail/Folder$FolderClass;
05-24 22:49:53.254 11671 11736 D M_InsDal: Lcom/fsck/k9/mailstore/LocalFolder;--->getSyncClass()Lcom/fsck/k9/mail/Folder$FolderClass;
05-24 22:49:53.254 11671 11736 D M_InsDal: Lcom/fsck/k9/controller/MessagingController;--->modeMismatch(Lcom/fsck/k9/Account$FolderMode;Lcom/fsck/k9/mail/Folder$FolderClass;)Z
05-24 22:49:53.254 11671 11736 D M_InsDal: Lcom/fsck/k9/controller/MessagingController;--->modeMismatch(Lcom/fsck/k9/Account$FolderMode;Lcom/fsck/k9/mail/Folder$FolderClass;)Z
05-24 22:49:53.254 11671 11736 D M_InsDal: Lcom/fsck/k9/mailstore/LocalFolder;--->getName()Ljava/lang/String;
05-24 22:49:53.254 11671 11736 D M_InsDal: Lcom/fsck/k9/Account;--->getOutboxFolderName()Ljava/lang/String;
05-24 22:49:53.254 11671 11736 D M_InsDal: Lcom/fsck/k9/mailstore/LocalFolder;--->open(I)V
05-24 22:49:53.254 11671 11736 D M_InsDal: Lcom/fsck/k9/mailstore/LocalFolder;--->isOpen()Z
05-24 22:49:53.254 11671 11736 D M_InsDal: Lcom/fsck/k9/mailstore/LocalFolder;--->getMode()I
05-24 22:49:53.254 11671 11736 D M_InsDal: Lcom/fsck/k9/mailstore/LocalFolder;--->getDisplayClass()Lcom/fsck/k9/mail/Folder$FolderClass;
05-24 22:49:53.254 11671 11736 D M_InsDal: Lcom/fsck/k9/mailstore/LocalFolder;--->getPushClass()Lcom/fsck/k9/mail/Folder$FolderClass;
05-24 22:49:53.254 11671 11736 D M_InsDal: Lcom/fsck/k9/mailstore/LocalFolder;--->getSyncClass()Lcom/fsck/k9/mail/Folder$FolderClass;
05-24 22:49:53.254 11671 11736 D M_InsDal: Lcom/fsck/k9/controller/MessagingController;--->modeMismatch(Lcom/fsck/k9/Account$FolderMode;Lcom/fsck/k9/mail/Folder$FolderClass;)Z
05-24 22:49:53.254 11671 11736 D M_InsDal: Lcom/fsck/k9/controller/MessagingController;--->modeMismatch(Lcom/fsck/k9/Account$FolderMode;Lcom/fsck/k9/mail/Folder$FolderClass;)Z
05-24 22:49:53.254 11671 11736 D M_InsDal: Lcom/fsck/k9/Account;--->getDescription()Ljava/lang/String;
05-24 22:49:53.254 11671 11736 D M_InsDal: Lcom/fsck/k9/mailstore/LocalFolder;--->getName()Ljava/lang/String;
05-24 22:49:53.254 11671 11736 D M_InsDal: Lcom/fsck/k9/mailstore/LocalFolder;--->getName()Ljava/lang/String;
05-24 22:49:53.254 11671 11736 D M_InsDal: Lcom/fsck/k9/controller/MessagingControllerPushReceiver;---><init>(Landroid/content/Context;Lcom/fsck/k9/Account;Lcom/fsck/k9/controller/MessagingController;)V
05-24 22:49:53.254 11671 11736 D M_InsDal: Lcom/fsck/k9/Account;--->getMaxPushFolders()I
05-24 22:49:53.254 11671 11736 D M_InsDal: Lcom/fsck/k9/Account;--->getRemoteStore()Lcom/fsck/k9/mail/Store;
05-24 22:49:53.254 11671 11736 D M_InsDal: Lcom/fsck/k9/mail/store/RemoteStore;---><clinit>()V
05-24 22:49:53.254 11671 11736 D M_InsDal: Lcom/fsck/k9/mail/store/RemoteStore;--->getInstance(Landroid/content/Context;Lcom/fsck/k9/mail/store/StoreConfig;)Lcom/fsck/k9/mail/Store;
05-24 22:49:53.254 11671 11736 D M_InsDal: Lcom/fsck/k9/Account;--->getStoreUri()Ljava/lang/String;
05-24 22:49:53.254 11671 11736 D M_InsDal: Lcom/fsck/k9/mail/ssl/DefaultTrustedSocketFactory;---><clinit>()V
05-24 22:49:53.255 11671 11736 D M_InsDal: Lcom/fsck/k9/mail/ssl/DefaultTrustedSocketFactory;--->hasWeakSslImplementation()Z
05-24 22:49:53.255 11671 11736 D M_InsDal: Lcom/fsck/k9/mail/ssl/DefaultTrustedSocketFactory;--->remove([Ljava/lang/String;[Ljava/lang/String;)[Ljava/lang/String;
05-24 22:49:53.255 11671 11736 D M_InsDal: Lcom/fsck/k9/mail/ssl/DefaultTrustedSocketFactory;--->remove([Ljava/lang/String;[Ljava/lang/String;)[Ljava/lang/String;
05-24 22:49:53.255 11671 11736 D M_InsDal: Lcom/fsck/k9/mail/ssl/DefaultTrustedSocketFactory;---><init>(Landroid/content/Context;)V
05-24 22:49:53.255 11671 11736 D M_InsDal: Lcom/fsck/k9/mail/store/imap/ImapStore;---><init>(Lcom/fsck/k9/mail/store/StoreConfig;Lcom/fsck/k9/mail/ssl/TrustedSocketFactory;Landroid/net/ConnectivityManager;Lcom/fsck/k9/mail/oauth/OAuth2TokenProvider;)V
05-24 22:49:53.255 11671 11736 D M_InsDal: Lcom/fsck/k9/mail/store/RemoteStore;---><init>(Lcom/fsck/k9/mail/store/StoreConfig;Lcom/fsck/k9/mail/ssl/TrustedSocketFactory;)V
05-24 22:49:53.255 11671 11736 D M_InsDal: Lcom/fsck/k9/mail/Store;---><init>()V
05-24 22:49:53.255 11671 11736 D M_InsDal: Lcom/fsck/k9/Account;--->getStoreUri()Ljava/lang/String;
05-24 22:49:53.255 11671 11736 D M_InsDal: Lcom/fsck/k9/mail/store/imap/ImapStore;--->decodeUri(Ljava/lang/String;)Lcom/fsck/k9/mail/store/imap/ImapStoreSettings;
05-24 22:49:53.255 11671 11736 D M_InsDal: Lcom/fsck/k9/mail/store/imap/ImapStoreUriDecoder;--->decode(Ljava/lang/String;)Lcom/fsck/k9/mail/store/imap/ImapStoreSettings;
05-24 22:49:53.255 11671 11736 D M_InsDal: Lcom/fsck/k9/mail/ConnectionSecurity;---><clinit>()V
05-24 22:49:53.255 11671 11736 D M_InsDal: Lcom/fsck/k9/mail/ConnectionSecurity;---><init>(Ljava/lang/String;I)V
05-24 22:49:53.255 11671 11736 D M_InsDal: Lcom/fsck/k9/mail/ConnectionSecurity;---><init>(Ljava/lang/String;I)V
05-24 22:49:53.255 11671 11736 D M_InsDal: Lcom/fsck/k9/mail/ServerSettings$Type;---><clinit>()V
05-24 22:49:53.255 11671 11736 D M_InsDal: Lcom/fsck/k9/mail/ServerSettings$Type;---><init>(Ljava/lang/String;III)V
05-24 22:49:53.255 11671 11736 D M_InsDal: Lcom/fsck/k9/mail/ServerSettings$Type;---><init>(Ljava/lang/String;III)V
05-24 22:49:53.256 11671 11736 D M_InsDal: Lcom/fsck/k9/mail/AuthType;---><clinit>()V
05-24 22:49:53.256 11671 11736 D M_InsDal: Lcom/fsck/k9/mail/AuthType;---><init>(Ljava/lang/String;I)V
05-24 22:49:53.256 11671 11736 D M_InsDal: Lcom/fsck/k9/mail/AuthType;---><init>(Ljava/lang/String;I)V
05-24 22:49:53.256 11671 11736 D M_InsDal: Lcom/fsck/k9/mail/AuthType;--->valueOf(Ljava/lang/String;)Lcom/fsck/k9/mail/AuthType;
05-24 22:49:53.256 11671 11736 D M_InsDal: Lcom/fsck/k9/mail/AuthType;--->values()[Lcom/fsck/k9/mail/AuthType;
05-24 22:49:53.256 11671 11736 D M_InsDal: Lcom/fsck/k9/mail/helper/UrlEncodingHelper;--->decodeUtf8(Ljava/lang/String;)Ljava/lang/String;
05-24 22:49:53.256 11671 11736 D M_InsDal: Lcom/fsck/k9/mail/helper/UrlEncodingHelper;--->decodeUtf8(Ljava/lang/String;)Ljava/lang/String;
05-24 22:49:53.256 11671 11736 D M_InsDal: Lcom/fsck/k9/mail/store/imap/ImapStoreSettings;---><init>(Ljava/lang/String;ILcom/fsck/k9/mail/ConnectionSecurity;Lcom/fsck/k9/mail/AuthType;Ljava/lang/String;Ljava/lang/String;Ljava/lang/String;ZLjava/lang/String;)V
05-24 22:49:53.256 11671 11736 D M_InsDal: Lcom/fsck/k9/mail/ServerSettings;---><init>(Lcom/fsck/k9/mail/ServerSettings$Type;Ljava/lang/String;ILcom/fsck/k9/mail/ConnectionSecurity;Lcom/fsck/k9/mail/AuthType;Ljava/lang/String;Ljava/lang/String;Ljava/lang/String;)V
05-24 22:49:53.256 11671 11736 D M_InsDal: Lcom/fsck/k9/mail/store/imap/FolderNameCodec;--->newInstance()Lcom/fsck/k9/mail/store/imap/FolderNameCodec;
05-24 22:49:53.256 11671 11736 D M_InsDal: Lcom/fsck/k9/mail/store/imap/FolderNameCodec;---><init>()V
05-24 22:49:53.256 11671 11736 D M_InsDal: Lcom/fsck/k9/mail/store/imap/ImapStore;--->isPushCapable()Z
05-24 22:49:53.256 11671 11736 D M_InsDal: Lcom/fsck/k9/mail/store/imap/ImapStore;--->getPusher(Lcom/fsck/k9/mail/PushReceiver;)Lcom/fsck/k9/mail/Pusher;
05-24 22:49:53.256 11671 11736 D M_InsDal: Lcom/fsck/k9/mail/store/imap/ImapPusher;---><init>(Lcom/fsck/k9/mail/store/imap/ImapStore;Lcom/fsck/k9/mail/PushReceiver;)V
05-24 22:49:53.256 11671 11736 D M_InsDal: Lcom/fsck/k9/Account;--->hashCode()I
05-24 22:49:53.256 11671 11736 D M_InsDal: Lcom/fsck/k9/mail/store/imap/ImapPusher;--->start(Ljava/util/List;)V
05-24 22:49:53.257 11671 11736 D M_InsDal: Lcom/fsck/k9/mail/store/imap/ImapPusher;--->stop()V
05-24 22:49:53.257 11671 11736 D M_InsDal: Lcom/fsck/k9/mail/K9MailLib;--->isDebug()Z
05-24 22:49:53.257 11671 11736 D M_InsDal: Lcom/fsck/k9/K9$2;--->enabled()Z
05-24 22:49:53.257 11671 11736 D M_InsDal: Lcom/fsck/k9/mail/store/imap/ImapPusher;--->currentTimeMillis()J
05-24 22:49:53.257 11671 11736 D M_InsDal: Lcom/fsck/k9/mail/store/imap/ImapPusher;--->setLastRefresh(J)V
05-24 22:49:53.257 11671 11736 D M_InsDal: Lcom/fsck/k9/mail/store/imap/ImapPusher;--->createImapFolderPusher(Ljava/lang/String;)Lcom/fsck/k9/mail/store/imap/ImapFolderPusher;
05-24 22:49:53.257 11671 11736 D M_InsDal: Lcom/fsck/k9/mail/store/imap/ImapFolder;---><clinit>()V
05-24 22:49:53.257 11671 11736 D M_InsDal: Lcom/fsck/k9/mail/store/imap/ImapFolder$1;---><init>()V
05-24 22:49:53.257 11671 11736 D M_InsDal: Lcom/fsck/k9/mail/store/imap/ImapFolderPusher;---><init>(Lcom/fsck/k9/mail/store/imap/ImapStore;Ljava/lang/String;Lcom/fsck/k9/mail/PushReceiver;)V
05-24 22:49:53.257 11671 11736 D M_InsDal: Lcom/fsck/k9/mail/store/imap/ImapFolder;---><init>(Lcom/fsck/k9/mail/store/imap/ImapStore;Ljava/lang/String;)V
05-24 22:49:53.257 11671 11736 D M_InsDal: Lcom/fsck/k9/mail/store/imap/ImapStore;--->getFolderNameCodec()Lcom/fsck/k9/mail/store/imap/FolderNameCodec;
05-24 22:49:53.257 11671 11736 D M_InsDal: Lcom/fsck/k9/mail/store/imap/ImapFolder;---><init>(Lcom/fsck/k9/mail/store/imap/ImapStore;Ljava/lang/String;Lcom/fsck/k9/mail/store/imap/FolderNameCodec;)V
05-24 22:49:53.257 11671 11736 D M_InsDal: Lcom/fsck/k9/mail/Folder;---><init>()V
05-24 22:49:53.257 11671 11736 D M_InsDal: Lcom/fsck/k9/mail/store/imap/ImapFolderPusher$IdleStopper;---><init>()V
05-24 22:49:53.257 11671 11736 D M_InsDal: Lcom/fsck/k9/controller/MessagingControllerPushReceiver;--->getContext()Landroid/content/Context;
05-24 22:49:53.257 11671 11736 D M_InsDal: Lcom/fsck/k9/mail/power/TracingPowerManager;--->getPowerManager(Landroid/content/Context;)Lcom/fsck/k9/mail/power/TracingPowerManager;
05-24 22:49:53.257 11671 11736 D M_InsDal: Lcom/fsck/k9/mail/store/imap/ImapStore;--->getStoreConfig()Lcom/fsck/k9/mail/store/StoreConfig;
05-24 22:49:53.257 11671 11736 D M_InsDal: Lcom/fsck/k9/Account;--->toString()Ljava/lang/String;
05-24 22:49:53.257 11671 11736 D M_InsDal: Lcom/fsck/k9/mail/store/imap/ImapFolder;--->getName()Ljava/lang/String;
05-24 22:49:53.257 11671 11736 D M_InsDal: Lcom/fsck/k9/mail/power/TracingPowerManager;--->newWakeLock(ILjava/lang/String;)Lcom/fsck/k9/mail/power/TracingPowerManager$TracingWakeLock;
05-24 22:49:53.257 11671 11736 D M_InsDal: Lcom/fsck/k9/mail/power/TracingPowerManager$TracingWakeLock;---><init>(Lcom/fsck/k9/mail/power/TracingPowerManager;ILjava/lang/String;)V
05-24 22:49:53.257 11671 11736 D M_InsDal: Lcom/fsck/k9/mail/K9MailLib;--->isDebug()Z
05-24 22:49:53.257 11671 11736 D M_InsDal: Lcom/fsck/k9/K9$2;--->enabled()Z
05-24 22:49:53.257 11671 11736 D M_InsDal: Lcom/fsck/k9/mail/power/TracingPowerManager$TracingWakeLock;--->setReferenceCounted(Z)V
05-24 22:49:53.257 11671 11736 D M_InsDal: Lcom/fsck/k9/mail/store/imap/ImapFolderPusher;--->start()V
05-24 22:49:53.257 11671 11736 D M_InsDal: Lcom/fsck/k9/mail/store/imap/ImapFolderPusher$PushRunnable;---><init>(Lcom/fsck/k9/mail/store/imap/ImapFolderPusher;)V
05-24 22:49:53.257 11671 11736 D M_InsDal: Lcom/fsck/k9/mail/store/imap/ImapPusher;--->createImapFolderPusher(Ljava/lang/String;)Lcom/fsck/k9/mail/store/imap/ImapFolderPusher;
05-24 22:49:53.257 11671 11736 D M_InsDal: Lcom/fsck/k9/mail/store/imap/ImapFolderPusher;---><init>(Lcom/fsck/k9/mail/store/imap/ImapStore;Ljava/lang/String;Lcom/fsck/k9/mail/PushReceiver;)V
05-24 22:49:53.257 11671 11736 D M_InsDal: Lcom/fsck/k9/mail/store/imap/ImapFolder;---><init>(Lcom/fsck/k9/mail/store/imap/ImapStore;Ljava/lang/String;)V
05-24 22:49:53.257 11671 11736 D M_InsDal: Lcom/fsck/k9/mail/store/imap/ImapStore;--->getFolderNameCodec()Lcom/fsck/k9/mail/store/imap/FolderNameCodec;
05-24 22:49:53.257 11671 11736 D M_InsDal: Lcom/fsck/k9/mail/store/imap/ImapFolder;---><init>(Lcom/fsck/k9/mail/store/imap/ImapStore;Ljava/lang/String;Lcom/fsck/k9/mail/store/imap/FolderNameCodec;)V
05-24 22:49:53.257 11671 11736 D M_InsDal: Lcom/fsck/k9/mail/Folder;---><init>()V
05-24 22:49:53.257 11671 11736 D M_InsDal: Lcom/fsck/k9/mail/store/imap/ImapFolderPusher$IdleStopper;---><init>()V
05-24 22:49:53.257 11671 11736 D M_InsDal: Lcom/fsck/k9/controller/MessagingControllerPushReceiver;--->getContext()Landroid/content/Context;
05-24 22:49:53.257 11671 11736 D M_InsDal: Lcom/fsck/k9/mail/power/TracingPowerManager;--->getPowerManager(Landroid/content/Context;)Lcom/fsck/k9/mail/power/TracingPowerManager;
05-24 22:49:53.257 11671 11736 D M_InsDal: Lcom/fsck/k9/mail/store/imap/ImapStore;--->getStoreConfig()Lcom/fsck/k9/mail/store/StoreConfig;
05-24 22:49:53.257 11671 11736 D M_InsDal: Lcom/fsck/k9/Account;--->toString()Ljava/lang/String;
05-24 22:49:53.257 11671 11736 D M_InsDal: Lcom/fsck/k9/mail/store/imap/ImapFolder;--->getName()Ljava/lang/String;
05-24 22:49:53.257 11671 11736 D M_InsDal: Lcom/fsck/k9/mail/power/TracingPowerManager;--->newWakeLock(ILjava/lang/String;)Lcom/fsck/k9/mail/power/TracingPowerManager$TracingWakeLock;
05-24 22:49:53.257 11671 11736 D M_InsDal: Lcom/fsck/k9/mail/power/TracingPowerManager$TracingWakeLock;---><init>(Lcom/fsck/k9/mail/power/TracingPowerManager;ILjava/lang/String;)V
05-24 22:49:53.257 11671 11736 D M_InsDal: Lcom/fsck/k9/mail/K9MailLib;--->isDebug()Z
05-24 22:49:53.257 11671 11736 D M_InsDal: Lcom/fsck/k9/K9$2;--->enabled()Z
05-24 22:49:53.257 11671 11736 D M_InsDal: Lcom/fsck/k9/mail/power/TracingPowerManager$TracingWakeLock;--->setReferenceCounted(Z)V
05-24 22:49:53.257 11671 11736 D M_InsDal: Lcom/fsck/k9/mail/store/imap/ImapFolderPusher;--->start()V
05-24 22:49:53.257 11671 11736 D M_InsDal: Lcom/fsck/k9/mail/store/imap/ImapFolderPusher$PushRunnable;---><init>(Lcom/fsck/k9/mail/store/imap/ImapFolderPusher;)V
05-24 22:49:53.257 11671 11736 D M_InsDal: Lcom/fsck/k9/service/PushService;--->startService(Landroid/content/Context;)V
05-24 22:49:53.257 11671 11736 D M_InsDal: Lcom/fsck/k9/service/CoreService;--->addWakeLock(Landroid/content/Context;Landroid/content/Intent;)V
05-24 22:49:53.257 11671 11736 D M_InsDal: Lcom/fsck/k9/service/CoreService;--->acquireWakeLock(Landroid/content/Context;Ljava/lang/String;J)Lcom/fsck/k9/mail/power/TracingPowerManager$TracingWakeLock;
05-24 22:49:53.257 11671 11736 D M_InsDal: Lcom/fsck/k9/mail/power/TracingPowerManager;--->getPowerManager(Landroid/content/Context;)Lcom/fsck/k9/mail/power/TracingPowerManager;
05-24 22:49:53.257 11671 11736 D M_InsDal: Lcom/fsck/k9/mail/power/TracingPowerManager;--->newWakeLock(ILjava/lang/String;)Lcom/fsck/k9/mail/power/TracingPowerManager$TracingWakeLock;
05-24 22:49:53.257 11671 11736 D M_InsDal: Lcom/fsck/k9/mail/power/TracingPowerManager$TracingWakeLock;---><init>(Lcom/fsck/k9/mail/power/TracingPowerManager;ILjava/lang/String;)V
05-24 22:49:53.257 11671 11736 D M_InsDal: Lcom/fsck/k9/mail/K9MailLib;--->isDebug()Z
05-24 22:49:53.257 11671 11736 D M_InsDal: Lcom/fsck/k9/K9$2;--->enabled()Z
05-24 22:49:53.257 11671 11736 D M_InsDal: Lcom/fsck/k9/mail/power/TracingPowerManager$TracingWakeLock;--->setReferenceCounted(Z)V
05-24 22:49:53.257 11671 11736 D M_InsDal: Lcom/fsck/k9/mail/power/TracingPowerManager$TracingWakeLock;--->acquire(J)V
05-24 22:49:53.261 11671 11740 D M_InsDal: Lcom/fsck/k9/mail/store/imap/ImapFolderPusher$PushRunnable;--->run()V
05-24 22:49:53.261 11671 11740 D M_InsDal: Lcom/fsck/k9/mail/power/TracingPowerManager$TracingWakeLock;--->acquire(J)V
05-24 22:49:53.261 11671 11736 D M_InsDal: Lcom/fsck/k9/mail/K9MailLib;--->isDebug()Z
05-24 22:49:53.261 11671 11736 D M_InsDal: Lcom/fsck/k9/K9$2;--->enabled()Z
05-24 22:49:53.261 11671 11736 D M_InsDal: Lcom/fsck/k9/mail/power/TracingPowerManager$TracingWakeLock;--->raiseNotification()V
05-24 22:49:53.261 11671 11736 D M_InsDal: Lcom/fsck/k9/service/CoreService;--->registerWakeLock(Lcom/fsck/k9/mail/power/TracingPowerManager$TracingWakeLock;)Ljava/lang/Integer;
05-24 22:49:53.262 11671 11739 D M_InsDal: Lcom/fsck/k9/mail/store/imap/ImapFolderPusher$PushRunnable;--->run()V
05-24 22:49:53.262 11671 11739 D M_InsDal: Lcom/fsck/k9/mail/power/TracingPowerManager$TracingWakeLock;--->acquire(J)V
05-24 22:49:53.262 11671 11739 D M_InsDal: Lcom/fsck/k9/mail/K9MailLib;--->isDebug()Z
05-24 22:49:53.262 11671 11740 D M_InsDal: Lcom/fsck/k9/mail/K9MailLib;--->isDebug()Z
05-24 22:49:53.262 11671 11739 D M_InsDal: Lcom/fsck/k9/K9$2;--->enabled()Z
05-24 22:49:53.262 11671 11740 D M_InsDal: Lcom/fsck/k9/K9$2;--->enabled()Z
05-24 22:49:53.262 11671 11739 D M_InsDal: Lcom/fsck/k9/mail/power/TracingPowerManager$TracingWakeLock;--->raiseNotification()V
05-24 22:49:53.262 11671 11740 D M_InsDal: Lcom/fsck/k9/mail/power/TracingPowerManager$TracingWakeLock;--->raiseNotification()V
05-24 22:49:53.262 11671 11740 D M_InsDal: Lcom/fsck/k9/mail/K9MailLib;--->isDebug()Z
05-24 22:49:53.262 11671 11740 D M_InsDal: Lcom/fsck/k9/K9$2;--->enabled()Z
05-24 22:49:53.262 11671 11740 D M_InsDal: Lcom/fsck/k9/mail/store/imap/ImapFolderPusher$PushRunnable;--->getOldUidNext()J
05-24 22:49:53.262 11671 11740 D M_InsDal: Lcom/fsck/k9/mail/store/imap/ImapFolder;--->getName()Ljava/lang/String;
05-24 22:49:53.262 11671 11740 D M_InsDal: Lcom/fsck/k9/controller/MessagingControllerPushReceiver;--->getPushState(Ljava/lang/String;)Ljava/lang/String;
05-24 22:49:53.262 11671 11739 D M_InsDal: Lcom/fsck/k9/mail/K9MailLib;--->isDebug()Z
05-24 22:49:53.262 11671 11740 D M_InsDal: Lcom/fsck/k9/Account;--->getLocalStore()Lcom/fsck/k9/mailstore/LocalStore;
05-24 22:49:53.262 11671 11739 D M_InsDal: Lcom/fsck/k9/K9$2;--->enabled()Z
05-24 22:49:53.262 11671 11740 D M_InsDal: Lcom/fsck/k9/mailstore/LocalStore;--->getInstance(Lcom/fsck/k9/Account;Landroid/content/Context;)Lcom/fsck/k9/mailstore/LocalStore;
05-24 22:49:53.262 11671 11739 D M_InsDal: Lcom/fsck/k9/mail/store/imap/ImapFolderPusher$PushRunnable;--->getOldUidNext()J
05-24 22:49:53.262 11671 11740 D M_InsDal: Lcom/fsck/k9/Account;--->getUuid()Ljava/lang/String;
05-24 22:49:53.262 11671 11739 D M_InsDal: Lcom/fsck/k9/mail/store/imap/ImapFolder;--->getName()Ljava/lang/String;
05-24 22:49:53.262 11671 11739 D M_InsDal: Lcom/fsck/k9/controller/MessagingControllerPushReceiver;--->getPushState(Ljava/lang/String;)Ljava/lang/String;
05-24 22:49:53.262 11671 11739 D M_InsDal: Lcom/fsck/k9/Account;--->getLocalStore()Lcom/fsck/k9/mailstore/LocalStore;
05-24 22:49:53.262 11671 11739 D M_InsDal: Lcom/fsck/k9/mailstore/LocalStore;--->getInstance(Lcom/fsck/k9/Account;Landroid/content/Context;)Lcom/fsck/k9/mailstore/LocalStore;
05-24 22:49:53.262 11671 11739 D M_InsDal: Lcom/fsck/k9/Account;--->getUuid()Ljava/lang/String;
05-24 22:49:53.262 11671 11740 D M_InsDal: Lcom/fsck/k9/mailstore/LocalStore;--->getFolder(Ljava/lang/String;)Lcom/fsck/k9/mailstore/LocalFolder;
05-24 22:49:53.262 11671 11739 D M_InsDal: Lcom/fsck/k9/mailstore/LocalStore;--->getFolder(Ljava/lang/String;)Lcom/fsck/k9/mailstore/LocalFolder;
05-24 22:49:53.262 11671 11740 D M_InsDal: Lcom/fsck/k9/mailstore/LocalFolder;---><init>(Lcom/fsck/k9/mailstore/LocalStore;Ljava/lang/String;)V
05-24 22:49:53.262 11671 11739 D M_InsDal: Lcom/fsck/k9/mailstore/LocalFolder;---><init>(Lcom/fsck/k9/mailstore/LocalStore;Ljava/lang/String;)V
05-24 22:49:53.262 11671 11740 D M_InsDal: Lcom/fsck/k9/mail/Folder;---><init>()V
05-24 22:49:53.262 11671 11739 D M_InsDal: Lcom/fsck/k9/mail/Folder;---><init>()V
05-24 22:49:53.262 11671 11740 D M_InsDal: Lcom/fsck/k9/mailstore/LocalStore;--->getAttachmentInfoExtractor()Lcom/fsck/k9/message/extractors/AttachmentInfoExtractor;
05-24 22:49:53.262 11671 11740 D M_InsDal: Lcom/fsck/k9/mailstore/LocalFolder;--->getAccount()Lcom/fsck/k9/Account;
05-24 22:49:53.262 11671 11740 D M_InsDal: Lcom/fsck/k9/mailstore/LocalStore;--->getAccount()Lcom/fsck/k9/Account;
05-24 22:49:53.262 11671 11740 D M_InsDal: Lcom/fsck/k9/Account;--->getInboxFolderName()Ljava/lang/String;
05-24 22:49:53.262 11671 11739 D M_InsDal: Lcom/fsck/k9/mailstore/LocalStore;--->getAttachmentInfoExtractor()Lcom/fsck/k9/message/extractors/AttachmentInfoExtractor;
05-24 22:49:53.262 11671 11740 D M_InsDal: Lcom/fsck/k9/mailstore/LocalFolder;--->getName()Ljava/lang/String;
05-24 22:49:53.262 11671 11739 D M_InsDal: Lcom/fsck/k9/mailstore/LocalFolder;--->getAccount()Lcom/fsck/k9/Account;
05-24 22:49:53.262 11671 11739 D M_InsDal: Lcom/fsck/k9/mailstore/LocalStore;--->getAccount()Lcom/fsck/k9/Account;
05-24 22:49:53.262 11671 11740 D M_InsDal: Lcom/fsck/k9/mailstore/LocalFolder;--->open(I)V
05-24 22:49:53.262 11671 11739 D M_InsDal: Lcom/fsck/k9/Account;--->getInboxFolderName()Ljava/lang/String;
05-24 22:49:53.262 11671 11740 D M_InsDal: Lcom/fsck/k9/mailstore/LocalFolder;--->isOpen()Z
05-24 22:49:53.262 11671 11739 D M_InsDal: Lcom/fsck/k9/mailstore/LocalFolder;--->getName()Ljava/lang/String;
05-24 22:49:53.262 11671 11740 D M_InsDal: Lcom/fsck/k9/mailstore/LocalFolder;--->isOpen()Z
05-24 22:49:53.262 11671 11739 D M_InsDal: Lcom/fsck/k9/mailstore/LocalFolder;--->open(I)V
05-24 22:49:53.262 11671 11739 D M_InsDal: Lcom/fsck/k9/mailstore/LocalFolder;--->isOpen()Z
05-24 22:49:53.262 11671 11740 D M_InsDal: Lcom/fsck/k9/mailstore/LocalStore;--->getDatabase()Lcom/fsck/k9/mailstore/LockableDatabase;
05-24 22:49:53.262 11671 11739 D M_InsDal: Lcom/fsck/k9/mailstore/LocalFolder;--->isOpen()Z
05-24 22:49:53.262 11671 11739 D M_InsDal: Lcom/fsck/k9/mailstore/LocalStore;--->getDatabase()Lcom/fsck/k9/mailstore/LockableDatabase;
05-24 22:49:53.262 11671 11740 D M_InsDal: Lcom/fsck/k9/mailstore/LocalFolder$1;---><init>(Lcom/fsck/k9/mailstore/LocalFolder;I)V
05-24 22:49:53.262 11671 11739 D M_InsDal: Lcom/fsck/k9/mailstore/LocalFolder$1;---><init>(Lcom/fsck/k9/mailstore/LocalFolder;I)V
05-24 22:49:53.262 11671 11739 D M_InsDal: Lcom/fsck/k9/mailstore/LockableDatabase;--->execute(ZLcom/fsck/k9/mailstore/LockableDatabase$DbCallback;)Ljava/lang/Object;
05-24 22:49:53.262 11671 11739 D M_InsDal: Lcom/fsck/k9/mailstore/LockableDatabase;--->lockRead()V
05-24 22:49:53.262 11671 11740 D M_InsDal: Lcom/fsck/k9/mailstore/LockableDatabase;--->execute(ZLcom/fsck/k9/mailstore/LockableDatabase$DbCallback;)Ljava/lang/Object;
05-24 22:49:53.262 11671 11740 D M_InsDal: Lcom/fsck/k9/mailstore/LockableDatabase;--->lockRead()V
05-24 22:49:53.262 11671 11739 D M_InsDal: Lcom/fsck/k9/mailstore/LockableDatabase;--->getStorageManager()Lcom/fsck/k9/mailstore/StorageManager;
05-24 22:49:53.262 11671 11739 D M_InsDal: Lcom/fsck/k9/mailstore/StorageManager;--->getInstance(Landroid/content/Context;)Lcom/fsck/k9/mailstore/StorageManager;
05-24 22:49:53.262 11671 11740 D M_InsDal: Lcom/fsck/k9/mailstore/LockableDatabase;--->getStorageManager()Lcom/fsck/k9/mailstore/StorageManager;
05-24 22:49:53.262 11671 11740 D M_InsDal: Lcom/fsck/k9/mailstore/StorageManager;--->getInstance(Landroid/content/Context;)Lcom/fsck/k9/mailstore/StorageManager;
05-24 22:49:53.262 11671 11739 D M_InsDal: Lcom/fsck/k9/mailstore/StorageManager;--->lockProvider(Ljava/lang/String;)V
05-24 22:49:53.262 11671 11740 D M_InsDal: Lcom/fsck/k9/mailstore/StorageManager;--->lockProvider(Ljava/lang/String;)V
05-24 22:49:53.262 11671 11739 D M_InsDal: Lcom/fsck/k9/mailstore/StorageManager;--->getProvider(Ljava/lang/String;)Lcom/fsck/k9/mailstore/StorageManager$StorageProvider;
05-24 22:49:53.262 11671 11740 D M_InsDal: Lcom/fsck/k9/mailstore/StorageManager;--->getProvider(Ljava/lang/String;)Lcom/fsck/k9/mailstore/StorageManager$StorageProvider;
05-24 22:49:53.263 11671 11739 D M_InsDal: Lcom/fsck/k9/mailstore/StorageManager$InternalStorageProvider;--->isReady(Landroid/content/Context;)Z
05-24 22:49:53.263 11671 11739 D M_InsDal: Lcom/fsck/k9/K9;--->isDebug()Z
05-24 22:49:53.263 11671 11739 D M_InsDal: Lcom/fsck/k9/mailstore/LocalFolder$1;--->doDbWork(Landroid/database/sqlite/SQLiteDatabase;)Ljava/lang/Void;
05-24 22:49:53.263 11671 11740 D M_InsDal: Lcom/fsck/k9/mailstore/StorageManager$InternalStorageProvider;--->isReady(Landroid/content/Context;)Z
05-24 22:49:53.263 11671 11740 D M_InsDal: Lcom/fsck/k9/K9;--->isDebug()Z
05-24 22:49:53.263 11671 11740 D M_InsDal: Lcom/fsck/k9/mailstore/LocalFolder$1;--->doDbWork(Landroid/database/sqlite/SQLiteDatabase;)Ljava/lang/Void;
05-24 22:49:53.263 11671 11739 D M_InsDal: Lcom/fsck/k9/mailstore/LocalFolder;--->open(Landroid/database/Cursor;)V
05-24 22:49:53.263 11671 11740 D M_InsDal: Lcom/fsck/k9/mailstore/LocalFolder;--->open(Landroid/database/Cursor;)V
05-24 22:49:53.263 11671 11740 D M_InsDal: Lcom/fsck/k9/mail/Folder;--->setStatus(Ljava/lang/String;)V
05-24 22:49:53.263 11671 11740 D M_InsDal: Lcom/fsck/k9/mail/Folder;--->setLastChecked(J)V
05-24 22:49:53.263 11671 11740 D M_InsDal: Lcom/fsck/k9/mail/Folder;--->setLastPush(J)V
05-24 22:49:53.263 11671 11739 D M_InsDal: Lcom/fsck/k9/mail/Folder;--->setStatus(Ljava/lang/String;)V
05-24 22:49:53.263 11671 11739 D M_InsDal: Lcom/fsck/k9/mail/Folder;--->setLastChecked(J)V
05-24 22:49:53.263 11671 11739 D M_InsDal: Lcom/fsck/k9/mail/Folder;--->setLastPush(J)V
05-24 22:49:53.263 11671 11740 D M_InsDal: Lcom/fsck/k9/mail/Folder$FolderClass;--->valueOf(Ljava/lang/String;)Lcom/fsck/k9/mail/Folder$FolderClass;
05-24 22:49:53.263 11671 11739 D M_InsDal: Lcom/fsck/k9/mail/Folder$FolderClass;--->valueOf(Ljava/lang/String;)Lcom/fsck/k9/mail/Folder$FolderClass;
05-24 22:49:53.263 11671 11739 D M_InsDal: Lcom/fsck/k9/mail/Folder$FolderClass;--->valueOf(Ljava/lang/String;)Lcom/fsck/k9/mail/Folder$FolderClass;
05-24 22:49:53.263 11671 11739 D M_InsDal: Lcom/fsck/k9/mailstore/LocalFolder$MoreMessages;--->fromDatabaseName(Ljava/lang/String;)Lcom/fsck/k9/mailstore/LocalFolder$MoreMessages;
05-24 22:49:53.263 11671 11739 D M_InsDal: Lcom/fsck/k9/mailstore/LocalFolder$MoreMessages;--->values()[Lcom/fsck/k9/mailstore/LocalFolder$MoreMessages;
05-24 22:49:53.263 11671 11739 D M_InsDal: Lcom/fsck/k9/helper/Utility;--->closeQuietly(Landroid/database/Cursor;)V
05-24 22:49:53.264 11671 11739 D M_InsDal: Lcom/fsck/k9/mailstore/LockableDatabase;--->unlockRead()V
05-24 22:49:53.264 11671 11739 D M_InsDal: Lcom/fsck/k9/mailstore/LockableDatabase;--->getStorageManager()Lcom/fsck/k9/mailstore/StorageManager;
05-24 22:49:53.264 11671 11739 D M_InsDal: Lcom/fsck/k9/mailstore/StorageManager;--->getInstance(Landroid/content/Context;)Lcom/fsck/k9/mailstore/StorageManager;
05-24 22:49:53.264 11671 11739 D M_InsDal: Lcom/fsck/k9/mailstore/StorageManager;--->unlockProvider(Ljava/lang/String;)V
05-24 22:49:53.264 11671 11739 D M_InsDal: Lcom/fsck/k9/mailstore/StorageManager;--->getProvider(Ljava/lang/String;)Lcom/fsck/k9/mailstore/StorageManager$StorageProvider;
05-24 22:49:53.264 11671 11739 D M_InsDal: Lcom/fsck/k9/mailstore/LocalFolder;--->getPushState()Ljava/lang/String;
05-24 22:49:53.264 11671 11739 D M_InsDal: Lcom/fsck/k9/mailstore/LocalFolder;--->close()V
05-24 22:49:53.264 11671 11739 D M_InsDal: Lcom/fsck/k9/mail/store/imap/ImapPushState;--->parse(Ljava/lang/String;)Lcom/fsck/k9/mail/store/imap/ImapPushState;
05-24 22:49:53.264 11671 11739 D M_InsDal: Lcom/fsck/k9/mail/store/imap/ImapPushState;---><init>(J)V
05-24 22:49:53.264 11671 11739 D M_InsDal: Lcom/fsck/k9/mail/K9MailLib;--->isDebug()Z
05-24 22:49:53.264 11671 11739 D M_InsDal: Lcom/fsck/k9/K9$2;--->enabled()Z
05-24 22:49:53.264 11671 11739 D M_InsDal: Lcom/fsck/k9/mail/store/imap/ImapFolderPusher$PushRunnable;--->openConnectionIfNecessary()Z
05-24 22:49:53.264 11671 11739 D M_InsDal: Lcom/fsck/k9/mail/store/imap/ImapFolder;--->internalOpen(I)Ljava/util/List;
05-24 22:49:53.264 11671 11739 D M_InsDal: Lcom/fsck/k9/mail/store/imap/ImapFolder;--->isOpen()Z
05-24 22:49:53.264 11671 11739 D M_InsDal: Lcom/fsck/k9/mail/store/imap/ImapStore;--->releaseConnection(Lcom/fsck/k9/mail/store/imap/ImapConnection;)V
05-24 22:49:53.264 11671 11739 D M_InsDal: Lcom/fsck/k9/mail/store/imap/ImapStore;--->getConnection()Lcom/fsck/k9/mail/store/imap/ImapConnection;
05-24 22:49:53.264 11671 11739 D M_InsDal: Lcom/fsck/k9/mail/store/imap/ImapStore;--->pollConnection()Lcom/fsck/k9/mail/store/imap/ImapConnection;
05-24 22:49:53.264 11671 11739 D M_InsDal: Lcom/fsck/k9/mail/store/imap/ImapStore;--->createImapConnection()Lcom/fsck/k9/mail/store/imap/ImapConnection;
05-24 22:49:53.264 11671 11736 D M_InsDal: Lcom/fsck/k9/service/MailService;--->schedulePushers()V
05-24 22:49:53.264 11671 11736 D M_InsDal: Lcom/fsck/k9/controller/MessagingController;--->getInstance(Landroid/content/Context;)Lcom/fsck/k9/controller/MessagingController;
05-24 22:49:53.264 11671 11736 D M_InsDal: Lcom/fsck/k9/controller/MessagingController;--->getPushers()Ljava/util/Collection;
05-24 22:49:53.264 11671 11739 D M_InsDal: Lcom/fsck/k9/mail/store/imap/ImapStore$StoreImapSettings;---><init>(Lcom/fsck/k9/mail/store/imap/ImapStore;)V
05-24 22:49:53.264 11671 11739 D M_InsDal: Lcom/fsck/k9/mail/store/imap/ImapConnection;---><init>(Lcom/fsck/k9/mail/store/imap/ImapSettings;Lcom/fsck/k9/mail/ssl/TrustedSocketFactory;Landroid/net/ConnectivityManager;Lcom/fsck/k9/mail/oauth/OAuth2TokenProvider;)V
05-24 22:49:53.264 11671 11736 D M_InsDal: Lcom/fsck/k9/mail/store/imap/ImapPusher;--->getRefreshInterval()I
05-24 22:49:53.264 11671 11739 D M_InsDal: Lcom/fsck/k9/mail/store/imap/ImapFolder;--->getPrefixedName()Ljava/lang/String;
05-24 22:49:53.264 11671 11739 D M_InsDal: Lcom/fsck/k9/mail/store/imap/ImapStore;--->getStoreConfig()Lcom/fsck/k9/mail/store/StoreConfig;
05-24 22:49:53.264 11671 11736 D M_InsDal: Lcom/fsck/k9/mail/store/imap/ImapStore;--->getStoreConfig()Lcom/fsck/k9/mail/store/StoreConfig;
05-24 22:49:53.264 11671 11739 D M_InsDal: Lcom/fsck/k9/Account;--->getInboxFolderName()Ljava/lang/String;
05-24 22:49:53.264 11671 11736 D M_InsDal: Lcom/fsck/k9/Account;--->getIdleRefreshMinutes()I
05-24 22:49:53.264 11671 11739 D M_InsDal: Lcom/fsck/k9/mail/store/imap/FolderNameCodec;--->encode(Ljava/lang/String;)Ljava/lang/String;
05-24 22:49:53.264 11671 11736 D M_InsDal: Lcom/fsck/k9/service/BootReceiver;--->scheduleIntent(Landroid/content/Context;JLandroid/content/Intent;)V
05-24 22:49:53.265 11671 11736 D M_InsDal: Lcom/fsck/k9/service/MailService;--->isSyncDisabled()Z
05-24 22:49:53.265 11671 11736 D M_InsDal: Lcom/fsck/k9/controller/MessagingController;--->getInstance(Landroid/content/Context;)Lcom/fsck/k9/controller/MessagingController;
05-24 22:49:53.265 11671 11736 D M_InsDal: Lcom/fsck/k9/controller/MessagingController;--->systemStatusChanged()V
05-24 22:49:53.265 11671 11736 D M_InsDal: Lcom/fsck/k9/controller/MessagingController;--->getListeners()Ljava/util/Set;
05-24 22:49:53.265 11671 11736 D M_InsDal: Lcom/fsck/k9/controller/SimpleMessagingListener;--->systemStatusChanged()V
05-24 22:49:53.265 11671 11736 D M_InsDal: Lcom/fsck/k9/controller/SimpleMessagingListener;--->systemStatusChanged()V
05-24 22:49:53.265 11671 11739 D M_InsDal: Lcom/fsck/k9/mail/store/imap/ImapUtility;--->encodeString(Ljava/lang/String;)Ljava/lang/String;
05-24 22:49:53.265 11671 11736 D M_InsDal: Lcom/fsck/k9/controller/SimpleMessagingListener;--->systemStatusChanged()V
05-24 22:49:53.265 11671 11736 D M_InsDal: Lcom/fsck/k9/controller/SimpleMessagingListener;--->systemStatusChanged()V
05-24 22:49:53.265 11671 11736 D M_InsDal: Lcom/fsck/k9/mail/power/TracingPowerManager$TracingWakeLock;--->release()V
05-24 22:49:53.265 11671 11736 D M_InsDal: Lcom/fsck/k9/mail/K9MailLib;--->isDebug()Z
05-24 22:49:53.265 11671 11736 D M_InsDal: Lcom/fsck/k9/K9$2;--->enabled()Z
05-24 22:49:53.265 11671 11736 D M_InsDal: Lcom/fsck/k9/mail/power/TracingPowerManager$TracingWakeLock;--->cancelNotification()V
05-24 22:49:53.265 11671 11739 D M_InsDal: Lcom/fsck/k9/mail/store/imap/ImapFolder;--->executeSimpleCommand(Ljava/lang/String;)Ljava/util/List;
05-24 22:49:53.265 11671 11739 D M_InsDal: Lcom/fsck/k9/mail/store/imap/ImapConnection;--->executeSimpleCommand(Ljava/lang/String;)Ljava/util/List;
05-24 22:49:53.265 11671 11739 D M_InsDal: Lcom/fsck/k9/mail/store/imap/ImapConnection;--->executeSimpleCommand(Ljava/lang/String;Z)Ljava/util/List;
05-24 22:49:53.265 11671 11739 D M_InsDal: Lcom/fsck/k9/mail/store/imap/ImapConnection;--->sendCommand(Ljava/lang/String;Z)Ljava/lang/String;
05-24 22:49:53.265 11671 11739 D M_InsDal: Lcom/fsck/k9/mail/store/imap/ImapConnection;--->open()V
05-24 22:49:53.265 11671 11739 D M_InsDal: Lcom/fsck/k9/mail/store/imap/ImapConnection;--->adjustDNSCacheTTL()V
05-24 22:49:53.265 11671 11739 D M_InsDal: Lcom/fsck/k9/mail/store/imap/ImapConnection;--->connect()Ljava/net/Socket;
05-24 22:49:53.265 11671 11739 D M_InsDal: Lcom/fsck/k9/mail/store/imap/ImapStore$StoreImapSettings;--->getHost()Ljava/lang/String;
05-24 22:49:53.263 11671 11740 D M_InsDal: Lcom/fsck/k9/mail/Folder$FolderClass;--->valueOf(Ljava/lang/String;)Lcom/fsck/k9/mail/Folder$FolderClass;
05-24 22:49:53.269 11671 11740 D M_InsDal: Lcom/fsck/k9/mail/Folder$FolderClass;--->valueOf(Ljava/lang/String;)Lcom/fsck/k9/mail/Folder$FolderClass;
05-24 22:49:53.269 11671 11740 D M_InsDal: Lcom/fsck/k9/mailstore/LocalFolder$MoreMessages;--->fromDatabaseName(Ljava/lang/String;)Lcom/fsck/k9/mailstore/LocalFolder$MoreMessages;
05-24 22:49:53.269 11671 11740 D M_InsDal: Lcom/fsck/k9/mailstore/LocalFolder$MoreMessages;--->values()[Lcom/fsck/k9/mailstore/LocalFolder$MoreMessages;
05-24 22:49:53.269 11671 11740 D M_InsDal: Lcom/fsck/k9/helper/Utility;--->closeQuietly(Landroid/database/Cursor;)V
05-24 22:49:53.269 11671 11740 D M_InsDal: Lcom/fsck/k9/mailstore/LockableDatabase;--->unlockRead()V
05-24 22:49:53.269 11671 11740 D M_InsDal: Lcom/fsck/k9/mailstore/LockableDatabase;--->getStorageManager()Lcom/fsck/k9/mailstore/StorageManager;
05-24 22:49:53.269 11671 11740 D M_InsDal: Lcom/fsck/k9/mailstore/StorageManager;--->getInstance(Landroid/content/Context;)Lcom/fsck/k9/mailstore/StorageManager;
05-24 22:49:53.269 11671 11740 D M_InsDal: Lcom/fsck/k9/mailstore/StorageManager;--->unlockProvider(Ljava/lang/String;)V
05-24 22:49:53.269 11671 11740 D M_InsDal: Lcom/fsck/k9/mailstore/StorageManager;--->getProvider(Ljava/lang/String;)Lcom/fsck/k9/mailstore/StorageManager$StorageProvider;
05-24 22:49:53.269 11671 11740 D M_InsDal: Lcom/fsck/k9/mailstore/LocalFolder;--->getPushState()Ljava/lang/String;
05-24 22:49:53.269 11671 11740 D M_InsDal: Lcom/fsck/k9/mailstore/LocalFolder;--->close()V
05-24 22:49:53.269 11671 11740 D M_InsDal: Lcom/fsck/k9/mail/store/imap/ImapPushState;--->parse(Ljava/lang/String;)Lcom/fsck/k9/mail/store/imap/ImapPushState;
05-24 22:49:53.269 11671 11740 D M_InsDal: Lcom/fsck/k9/mail/store/imap/ImapPushState;--->createDefaultImapPushState()Lcom/fsck/k9/mail/store/imap/ImapPushState;
05-24 22:49:53.269 11671 11740 D M_InsDal: Lcom/fsck/k9/mail/store/imap/ImapPushState;---><init>(J)V
05-24 22:49:53.269 11671 11740 D M_InsDal: Lcom/fsck/k9/mail/K9MailLib;--->isDebug()Z
05-24 22:49:53.269 11671 11740 D M_InsDal: Lcom/fsck/k9/K9$2;--->enabled()Z
05-24 22:49:53.269 11671 11740 D M_InsDal: Lcom/fsck/k9/mail/store/imap/ImapFolderPusher$PushRunnable;--->openConnectionIfNecessary()Z
05-24 22:49:53.269 11671 11740 D M_InsDal: Lcom/fsck/k9/mail/store/imap/ImapFolder;--->internalOpen(I)Ljava/util/List;
05-24 22:49:53.270 11671 11740 D M_InsDal: Lcom/fsck/k9/mail/store/imap/ImapFolder;--->isOpen()Z
05-24 22:49:53.270 11671 11740 D M_InsDal: Lcom/fsck/k9/mail/store/imap/ImapStore;--->releaseConnection(Lcom/fsck/k9/mail/store/imap/ImapConnection;)V
05-24 22:49:53.270 11671 11740 D M_InsDal: Lcom/fsck/k9/mail/store/imap/ImapStore;--->getConnection()Lcom/fsck/k9/mail/store/imap/ImapConnection;
05-24 22:49:53.270 11671 11740 D M_InsDal: Lcom/fsck/k9/mail/store/imap/ImapStore;--->pollConnection()Lcom/fsck/k9/mail/store/imap/ImapConnection;
05-24 22:49:53.270 11671 11740 D M_InsDal: Lcom/fsck/k9/mail/store/imap/ImapStore;--->createImapConnection()Lcom/fsck/k9/mail/store/imap/ImapConnection;
05-24 22:49:53.270 11671 11740 D M_InsDal: Lcom/fsck/k9/mail/store/imap/ImapStore$StoreImapSettings;---><init>(Lcom/fsck/k9/mail/store/imap/ImapStore;)V
05-24 22:49:53.270 11671 11740 D M_InsDal: Lcom/fsck/k9/mail/store/imap/ImapConnection;---><init>(Lcom/fsck/k9/mail/store/imap/ImapSettings;Lcom/fsck/k9/mail/ssl/TrustedSocketFactory;Landroid/net/ConnectivityManager;Lcom/fsck/k9/mail/oauth/OAuth2TokenProvider;)V
05-24 22:49:53.270 11671 11740 D M_InsDal: Lcom/fsck/k9/mail/store/imap/ImapFolder;--->getPrefixedName()Ljava/lang/String;
05-24 22:49:53.270 11671 11740 D M_InsDal: Lcom/fsck/k9/mail/store/imap/ImapStore;--->getStoreConfig()Lcom/fsck/k9/mail/store/StoreConfig;
05-24 22:49:53.270 11671 11740 D M_InsDal: Lcom/fsck/k9/Account;--->getInboxFolderName()Ljava/lang/String;
05-24 22:49:53.270 11671 11740 D M_InsDal: Lcom/fsck/k9/mail/store/imap/ImapConnection;--->open()V
05-24 22:49:53.270 11671 11740 D M_InsDal: Lcom/fsck/k9/mail/store/imap/ImapConnection;--->adjustDNSCacheTTL()V
05-24 22:49:53.270 11671 11740 D M_InsDal: Lcom/fsck/k9/mail/store/imap/ImapConnection;--->connect()Ljava/net/Socket;
05-24 22:49:53.270 11671 11740 D M_InsDal: Lcom/fsck/k9/mail/store/imap/ImapStore$StoreImapSettings;--->getHost()Ljava/lang/String;
05-24 22:49:53.282 11671 11671 D M_InsDal: Lcom/fsck/k9/service/BootReceiver;---><init>()V
05-24 22:49:53.282 11671 11671 D M_InsDal: Lcom/fsck/k9/service/CoreReceiver;---><init>()V
05-24 22:49:53.282 11671 11671 D M_InsDal: Lcom/fsck/k9/service/CoreReceiver;--->onReceive(Landroid/content/Context;Landroid/content/Intent;)V
05-24 22:49:53.282 11671 11671 D M_InsDal: Lcom/fsck/k9/service/CoreReceiver;--->getWakeLock(Landroid/content/Context;)Ljava/lang/Integer;
05-24 22:49:53.282 11671 11671 D M_InsDal: Lcom/fsck/k9/mail/power/TracingPowerManager;--->getPowerManager(Landroid/content/Context;)Lcom/fsck/k9/mail/power/TracingPowerManager;
05-24 22:49:53.282 11671 11671 D M_InsDal: Lcom/fsck/k9/mail/power/TracingPowerManager;--->newWakeLock(ILjava/lang/String;)Lcom/fsck/k9/mail/power/TracingPowerManager$TracingWakeLock;
05-24 22:49:53.282 11671 11671 D M_InsDal: Lcom/fsck/k9/mail/power/TracingPowerManager$TracingWakeLock;---><init>(Lcom/fsck/k9/mail/power/TracingPowerManager;ILjava/lang/String;)V
05-24 22:49:53.282 11671 11671 D M_InsDal: Lcom/fsck/k9/mail/K9MailLib;--->isDebug()Z
05-24 22:49:53.282 11671 11671 D M_InsDal: Lcom/fsck/k9/K9$2;--->enabled()Z
05-24 22:49:53.282 11671 11671 D M_InsDal: Lcom/fsck/k9/mail/power/TracingPowerManager$TracingWakeLock;--->setReferenceCounted(Z)V
05-24 22:49:53.282 11671 11671 D M_InsDal: Lcom/fsck/k9/mail/power/TracingPowerManager$TracingWakeLock;--->acquire(J)V
05-24 22:49:53.283 11671 11671 D M_InsDal: Lcom/fsck/k9/mail/K9MailLib;--->isDebug()Z
05-24 22:49:53.283 11671 11671 D M_InsDal: Lcom/fsck/k9/K9$2;--->enabled()Z
05-24 22:49:53.283 11671 11671 D M_InsDal: Lcom/fsck/k9/mail/power/TracingPowerManager$TracingWakeLock;--->raiseNotification()V
05-24 22:49:53.283 11671 11671 D M_InsDal: Lcom/fsck/k9/service/BootReceiver;--->receive(Landroid/content/Context;Landroid/content/Intent;Ljava/lang/Integer;)Ljava/lang/Integer;
05-24 22:49:53.283 11671 11671 D M_InsDal: Lcom/fsck/k9/service/BootReceiver;--->buildPendingIntent(Landroid/content/Context;Landroid/content/Intent;)Landroid/app/PendingIntent;
05-24 22:49:53.284 11671 11671 D M_InsDal: Lcom/fsck/k9/helper/K9AlarmManager;--->getAlarmManager(Landroid/content/Context;)Lcom/fsck/k9/helper/K9AlarmManager;
05-24 22:49:53.284 11671 11671 D M_InsDal: Lcom/fsck/k9/power/DozeChecker;---><init>(Landroid/content/Context;)V
05-24 22:49:53.284 11671 11671 D M_InsDal: Lcom/fsck/k9/helper/K9AlarmManager;---><init>(Landroid/app/AlarmManager;Lcom/fsck/k9/power/DozeChecker;)V
05-24 22:49:53.284 11671 11671 D M_InsDal: Lcom/fsck/k9/helper/K9AlarmManager;--->cancel(Landroid/app/PendingIntent;)V
05-24 22:49:53.284 11671 11671 D M_InsDal: Lcom/fsck/k9/service/CoreReceiver;--->releaseWakeLock(Ljava/lang/Integer;)V
05-24 22:49:53.284 11671 11671 D M_InsDal: Lcom/fsck/k9/mail/power/TracingPowerManager$TracingWakeLock;--->release()V
05-24 22:49:53.284 11671 11671 D M_InsDal: Lcom/fsck/k9/mail/K9MailLib;--->isDebug()Z
05-24 22:49:53.284 11671 11671 D M_InsDal: Lcom/fsck/k9/K9$2;--->enabled()Z
05-24 22:49:53.284 11671 11671 D M_InsDal: Lcom/fsck/k9/mail/power/TracingPowerManager$TracingWakeLock;--->cancelNotification()V
05-24 22:49:53.285 11671 11671 D M_InsDal: Lcom/fsck/k9/service/PushService;---><init>()V
05-24 22:49:53.285 11671 11671 D M_InsDal: Lcom/fsck/k9/service/CoreService;---><init>()V
05-24 22:49:53.285 11671 11671 D M_InsDal: Lcom/fsck/k9/service/CoreService;--->onCreate()V
05-24 22:49:53.285 11671 11671 D M_InsDal: Lcom/fsck/k9/service/PushService;--->onCreate()V
05-24 22:49:53.285 11671 11671 D M_InsDal: Lcom/fsck/k9/service/CoreService;--->setAutoShutdown(Z)V
05-24 22:49:53.285 11671 11671 D M_InsDal: Lcom/fsck/k9/service/CoreService;--->onStartCommand(Landroid/content/Intent;II)I
05-24 22:49:53.285 11671 11671 D M_InsDal: Lcom/fsck/k9/service/CoreService;--->acquireWakeLock(Landroid/content/Context;Ljava/lang/String;J)Lcom/fsck/k9/mail/power/TracingPowerManager$TracingWakeLock;
05-24 22:49:53.285 11671 11671 D M_InsDal: Lcom/fsck/k9/mail/power/TracingPowerManager;--->getPowerManager(Landroid/content/Context;)Lcom/fsck/k9/mail/power/TracingPowerManager;
05-24 22:49:53.285 11671 11671 D M_InsDal: Lcom/fsck/k9/mail/power/TracingPowerManager;--->newWakeLock(ILjava/lang/String;)Lcom/fsck/k9/mail/power/TracingPowerManager$TracingWakeLock;
05-24 22:49:53.285 11671 11671 D M_InsDal: Lcom/fsck/k9/mail/power/TracingPowerManager$TracingWakeLock;---><init>(Lcom/fsck/k9/mail/power/TracingPowerManager;ILjava/lang/String;)V
05-24 22:49:53.286 11671 11671 D M_InsDal: Lcom/fsck/k9/mail/K9MailLib;--->isDebug()Z
05-24 22:49:53.286 11671 11671 D M_InsDal: Lcom/fsck/k9/K9$2;--->enabled()Z
05-24 22:49:53.286 11671 11671 D M_InsDal: Lcom/fsck/k9/mail/power/TracingPowerManager$TracingWakeLock;--->setReferenceCounted(Z)V
05-24 22:49:53.286 11671 11671 D M_InsDal: Lcom/fsck/k9/mail/power/TracingPowerManager$TracingWakeLock;--->acquire(J)V
05-24 22:49:53.286 11671 11671 D M_InsDal: Lcom/fsck/k9/mail/K9MailLib;--->isDebug()Z
05-24 22:49:53.286 11671 11671 D M_InsDal: Lcom/fsck/k9/K9$2;--->enabled()Z
05-24 22:49:53.286 11671 11671 D M_InsDal: Lcom/fsck/k9/mail/power/TracingPowerManager$TracingWakeLock;--->raiseNotification()V
05-24 22:49:53.286 11671 11671 D M_InsDal: Lcom/fsck/k9/mail/power/TracingPowerManager$TracingWakeLock;--->release()V
05-24 22:49:53.286 11671 11671 D M_InsDal: Lcom/fsck/k9/mail/K9MailLib;--->isDebug()Z
05-24 22:49:53.286 11671 11671 D M_InsDal: Lcom/fsck/k9/K9$2;--->enabled()Z
05-24 22:49:53.286 11671 11671 D M_InsDal: Lcom/fsck/k9/mail/power/TracingPowerManager$TracingWakeLock;--->cancelNotification()V
05-24 22:49:53.286 11671 11671 D M_InsDal: Lcom/fsck/k9/service/PushService;--->startService(Landroid/content/Intent;I)I
05-24 22:49:53.286 11671 11671 D M_InsDal: Lcom/fsck/k9/mail/power/TracingPowerManager$TracingWakeLock;--->release()V
05-24 22:49:53.286 11671 11671 D M_InsDal: Lcom/fsck/k9/mail/K9MailLib;--->isDebug()Z
05-24 22:49:53.286 11671 11671 D M_InsDal: Lcom/fsck/k9/K9$2;--->enabled()Z
05-24 22:49:53.286 11671 11671 D M_InsDal: Lcom/fsck/k9/mail/power/TracingPowerManager$TracingWakeLock;--->cancelNotification()V
05-24 22:49:53.288 11671 11671 D M_InsDal: Lcom/fsck/k9/activity/MessageCompose;--->onCreateOptionsMenu(Landroid/view/Menu;)Z
05-24 22:49:53.288 11671 11671 D M_InsDal: Lcom/fsck/k9/Account;--->hasDraftsFolder()Z
05-24 22:49:53.288 11671 11671 D M_InsDal: Lcom/fsck/k9/activity/MessageCompose;--->onPrepareOptionsMenu(Landroid/view/Menu;)Z
05-24 22:49:53.288 11671 11671 D M_InsDal: Lcom/fsck/k9/activity/compose/RecipientPresenter;--->onPrepareOptionsMenu(Landroid/view/Menu;)V
05-24 22:49:53.288 11671 11671 D M_InsDal: Lcom/fsck/k9/activity/compose/RecipientPresenter;--->getCurrentCachedCryptoStatus()Lcom/fsck/k9/activity/compose/ComposeCryptoStatus;
05-24 22:49:53.288 11671 11671 D M_InsDal: Lcom/fsck/k9/activity/compose/ComposeCryptoStatus;--->isProviderStateOk()Z
05-24 22:49:53.288 11671 11671 D M_InsDal: Lcom/fsck/k9/activity/compose/RecipientPresenter;--->hasContactPicker()Z
05-24 22:49:53.288 11671 11671 D M_InsDal: Lcom/fsck/k9/helper/Contacts;--->getInstance(Landroid/content/Context;)Lcom/fsck/k9/helper/Contacts;
05-24 22:49:53.288 11671 11671 D M_InsDal: Lcom/fsck/k9/helper/Contacts;---><init>(Landroid/content/Context;)V
05-24 22:49:53.288 11671 11671 D M_InsDal: Lcom/fsck/k9/helper/Contacts;--->contactPickerIntent()Landroid/content/Intent;
05-24 22:49:53.302 11671 11739 D M_InsDal: Lcom/fsck/k9/mail/store/imap/ImapConnection;--->connectToAddress(Ljava/net/InetAddress;)Ljava/net/Socket;
05-24 22:49:53.302 11671 11739 D M_InsDal: Lcom/fsck/k9/mail/store/imap/ImapStore$StoreImapSettings;--->getHost()Ljava/lang/String;
05-24 22:49:53.302 11671 11739 D M_InsDal: Lcom/fsck/k9/mail/store/imap/ImapStore$StoreImapSettings;--->getPort()I
05-24 22:49:53.302 11671 11739 D M_InsDal: Lcom/fsck/k9/mail/store/imap/ImapStore$StoreImapSettings;--->getClientCertificateAlias()Ljava/lang/String;
05-24 22:49:53.302 11671 11739 D M_InsDal: Lcom/fsck/k9/mail/K9MailLib;--->isDebug()Z
05-24 22:49:53.302 11671 11739 D M_InsDal: Lcom/fsck/k9/K9$2;--->enabled()Z
05-24 22:49:53.302 11671 11739 D M_InsDal: Lcom/fsck/k9/mail/store/imap/ImapStore$StoreImapSettings;--->getConnectionSecurity()Lcom/fsck/k9/mail/ConnectionSecurity;
05-24 22:49:53.302 11671 11739 D M_InsDal: Lcom/fsck/k9/mail/ssl/DefaultTrustedSocketFactory;--->createSocket(Ljava/net/Socket;Ljava/lang/String;ILjava/lang/String;)Ljava/net/Socket;
05-24 22:49:53.302 11671 11739 D M_InsDal: Lcom/fsck/k9/mail/ssl/TrustManagerFactory;---><clinit>()V
05-24 22:49:53.302 11671 11739 D M_InsDal: Lcom/fsck/k9/mail/ssl/LocalKeyStore;--->getInstance()Lcom/fsck/k9/mail/ssl/LocalKeyStore;
05-24 22:49:53.302 11671 11739 D M_InsDal: Lcom/fsck/k9/mail/ssl/LocalKeyStore$LocalKeyStoreHolder;---><clinit>()V
05-24 22:49:53.302 11671 11739 D M_InsDal: Lcom/fsck/k9/mail/ssl/LocalKeyStore;---><init>()V
05-24 22:49:53.302 11671 11739 D M_InsDal: Lcom/fsck/k9/mail/ssl/LocalKeyStore;--->upgradeKeyStoreFile()V
