05-24 22:55:49.222 13634 13655 D M_InsDal: Lcom/fsck/k9/mailstore/LocalStore;--->getAttachmentInfoExtractor()Lcom/fsck/k9/message/extractors/AttachmentInfoExtractor;
05-24 22:55:49.222 13634 13655 D M_InsDal: Lcom/fsck/k9/mailstore/LocalFolder;--->getAccount()Lcom/fsck/k9/Account;
05-24 22:55:49.222 13634 13655 D M_InsDal: Lcom/fsck/k9/mailstore/LocalStore;--->getAccount()Lcom/fsck/k9/Account;
05-24 22:55:49.222 13634 13655 D M_InsDal: Lcom/fsck/k9/Account;--->getInboxFolderName()Ljava/lang/String;
05-24 22:55:49.222 13634 13655 D M_InsDal: Lcom/fsck/k9/mailstore/LocalFolder;--->getName()Ljava/lang/String;
05-24 22:55:49.222 13634 13634 D M_InsDal: Lcom/fsck/k9/activity/K9Activity;--->setupGestureDetector(Lcom/fsck/k9/activity/misc/SwipeGestureDetector$OnSwipeGestureListener;)V
05-24 22:55:49.222 13634 13655 D M_InsDal: Lcom/fsck/k9/mailstore/LocalFolder;--->open(Landroid/database/Cursor;)V
05-24 22:55:49.222 13634 13634 D M_InsDal: Lcom/fsck/k9/activity/K9ActivityCommon;--->setupGestureDetector(Lcom/fsck/k9/activity/misc/SwipeGestureDetector$OnSwipeGestureListener;)V
05-24 22:55:49.222 13634 13655 D M_InsDal: Lcom/fsck/k9/mail/Folder;--->setStatus(Ljava/lang/String;)V
05-24 22:55:49.222 13634 13655 D M_InsDal: Lcom/fsck/k9/mail/Folder;--->setLastChecked(J)V
05-24 22:55:49.222 13634 13655 D M_InsDal: Lcom/fsck/k9/mail/Folder;--->setLastPush(J)V
05-24 22:55:49.222 13634 13655 D M_InsDal: Lcom/fsck/k9/mail/Folder$FolderClass;--->valueOf(Ljava/lang/String;)Lcom/fsck/k9/mail/Folder$FolderClass;
05-24 22:55:49.222 13634 13655 D M_InsDal: Lcom/fsck/k9/mail/Folder$FolderClass;--->valueOf(Ljava/lang/String;)Lcom/fsck/k9/mail/Folder$FolderClass;
05-24 22:55:49.222 13634 13655 D M_InsDal: Lcom/fsck/k9/mailstore/LocalFolder$MoreMessages;--->fromDatabaseName(Ljava/lang/String;)Lcom/fsck/k9/mailstore/LocalFolder$MoreMessages;
05-24 22:55:49.222 13634 13655 D M_InsDal: Lcom/fsck/k9/mailstore/LocalFolder$MoreMessages;--->values()[Lcom/fsck/k9/mailstore/LocalFolder$MoreMessages;
05-24 22:55:49.222 13634 13655 D M_InsDal: Lcom/fsck/k9/mailstore/LocalFolder;---><init>(Lcom/fsck/k9/mailstore/LocalStore;Ljava/lang/String;)V
05-24 22:55:49.222 13634 13655 D M_InsDal: Lcom/fsck/k9/mail/Folder;---><init>()V
05-24 22:55:49.222 13634 13655 D M_InsDal: Lcom/fsck/k9/mailstore/LocalStore;--->getAttachmentInfoExtractor()Lcom/fsck/k9/message/extractors/AttachmentInfoExtractor;
05-24 22:55:49.222 13634 13655 D M_InsDal: Lcom/fsck/k9/mailstore/LocalFolder;--->getAccount()Lcom/fsck/k9/Account;
05-24 22:55:49.222 13634 13655 D M_InsDal: Lcom/fsck/k9/mailstore/LocalStore;--->getAccount()Lcom/fsck/k9/Account;
05-24 22:55:49.222 13634 13655 D M_InsDal: Lcom/fsck/k9/Account;--->getInboxFolderName()Ljava/lang/String;
05-24 22:55:49.222 13634 13655 D M_InsDal: Lcom/fsck/k9/mailstore/LocalFolder;--->getName()Ljava/lang/String;
05-24 22:55:49.222 13634 13655 D M_InsDal: Lcom/fsck/k9/mailstore/LocalFolder;--->open(Landroid/database/Cursor;)V
05-24 22:55:49.222 13634 13655 D M_InsDal: Lcom/fsck/k9/mail/Folder;--->setStatus(Ljava/lang/String;)V
05-24 22:55:49.222 13634 13655 D M_InsDal: Lcom/fsck/k9/mail/Folder;--->setLastChecked(J)V
05-24 22:55:49.222 13634 13634 D M_InsDal: Lcom/fsck/k9/activity/misc/SwipeGestureDetector;---><init>(Landroid/content/Context;Lcom/fsck/k9/activity/misc/SwipeGestureDetector$OnSwipeGestureListener;)V
05-24 22:55:49.222 13634 13655 D M_InsDal: Lcom/fsck/k9/mail/Folder;--->setLastPush(J)V
05-24 22:55:49.222 13634 13655 D M_InsDal: Lcom/fsck/k9/mail/Folder$FolderClass;--->valueOf(Ljava/lang/String;)Lcom/fsck/k9/mail/Folder$FolderClass;
05-24 22:55:49.222 13634 13655 D M_InsDal: Lcom/fsck/k9/mail/Folder$FolderClass;--->valueOf(Ljava/lang/String;)Lcom/fsck/k9/mail/Folder$FolderClass;
05-24 22:55:49.222 13634 13634 D M_InsDal: Lcom/fsck/k9/activity/MessageList;--->decodeExtras(Landroid/content/Intent;)Z
05-24 22:55:49.222 13634 13655 D M_InsDal: Lcom/fsck/k9/mailstore/LocalFolder$MoreMessages;--->fromDatabaseName(Ljava/lang/String;)Lcom/fsck/k9/mailstore/LocalFolder$MoreMessages;
05-24 22:55:49.222 13634 13655 D M_InsDal: Lcom/fsck/k9/mailstore/LocalFolder$MoreMessages;--->values()[Lcom/fsck/k9/mailstore/LocalFolder$MoreMessages;
05-24 22:55:49.222 13634 13655 D M_InsDal: Lcom/fsck/k9/mailstore/LocalFolder;---><init>(Lcom/fsck/k9/mailstore/LocalStore;Ljava/lang/String;)V
05-24 22:55:49.222 13634 13655 D M_InsDal: Lcom/fsck/k9/mail/Folder;---><init>()V
05-24 22:55:49.222 13634 13655 D M_InsDal: Lcom/fsck/k9/mailstore/LocalStore;--->getAttachmentInfoExtractor()Lcom/fsck/k9/message/extractors/AttachmentInfoExtractor;
05-24 22:55:49.222 13634 13655 D M_InsDal: Lcom/fsck/k9/mailstore/LocalFolder;--->getAccount()Lcom/fsck/k9/Account;
05-24 22:55:49.222 13634 13655 D M_InsDal: Lcom/fsck/k9/mailstore/LocalStore;--->getAccount()Lcom/fsck/k9/Account;
05-24 22:55:49.222 13634 13655 D M_InsDal: Lcom/fsck/k9/Account;--->getInboxFolderName()Ljava/lang/String;
05-24 22:55:49.222 13634 13655 D M_InsDal: Lcom/fsck/k9/mailstore/LocalFolder;--->getName()Ljava/lang/String;
05-24 22:55:49.222 13634 13655 D M_InsDal: Lcom/fsck/k9/mailstore/LocalFolder;--->open(Landroid/database/Cursor;)V
05-24 22:55:49.222 13634 13655 D M_InsDal: Lcom/fsck/k9/mail/Folder;--->setStatus(Ljava/lang/String;)V
05-24 22:55:49.222 13634 13634 D M_InsDal: Lcom/fsck/k9/helper/ParcelableUtil;--->unmarshall([BLandroid/os/Parcelable$Creator;)Ljava/lang/Object;
05-24 22:55:49.222 13634 13655 D M_InsDal: Lcom/fsck/k9/mail/Folder;--->setLastChecked(J)V
05-24 22:55:49.222 13634 13655 D M_InsDal: Lcom/fsck/k9/mail/Folder;--->setLastPush(J)V
05-24 22:55:49.222 13634 13634 D M_InsDal: Lcom/fsck/k9/helper/ParcelableUtil;--->unmarshall([B)Landroid/os/Parcel;
05-24 22:55:49.222 13634 13655 D M_InsDal: Lcom/fsck/k9/mail/Folder$FolderClass;--->valueOf(Ljava/lang/String;)Lcom/fsck/k9/mail/Folder$FolderClass;
05-24 22:55:49.222 13634 13655 D M_InsDal: Lcom/fsck/k9/mail/Folder$FolderClass;--->valueOf(Ljava/lang/String;)Lcom/fsck/k9/mail/Folder$FolderClass;
05-24 22:55:49.222 13634 13634 D M_InsDal: Lcom/fsck/k9/search/LocalSearch$1;--->createFromParcel(Landroid/os/Parcel;)Lcom/fsck/k9/search/LocalSearch;
05-24 22:55:49.222 13634 13655 D M_InsDal: Lcom/fsck/k9/mailstore/LocalFolder$MoreMessages;--->fromDatabaseName(Ljava/lang/String;)Lcom/fsck/k9/mailstore/LocalFolder$MoreMessages;
05-24 22:55:49.222 13634 13655 D M_InsDal: Lcom/fsck/k9/mailstore/LocalFolder$MoreMessages;--->values()[Lcom/fsck/k9/mailstore/LocalFolder$MoreMessages;
05-24 22:55:49.222 13634 13634 D M_InsDal: Lcom/fsck/k9/search/LocalSearch;---><init>(Landroid/os/Parcel;)V
05-24 22:55:49.222 13634 13655 D M_InsDal: Lcom/fsck/k9/mailstore/LocalFolder;---><init>(Lcom/fsck/k9/mailstore/LocalStore;Ljava/lang/String;)V
05-24 22:55:49.222 13634 13655 D M_InsDal: Lcom/fsck/k9/mail/Folder;---><init>()V
05-24 22:55:49.222 13634 13655 D M_InsDal: Lcom/fsck/k9/mailstore/LocalStore;--->getAttachmentInfoExtractor()Lcom/fsck/k9/message/extractors/AttachmentInfoExtractor;
05-24 22:55:49.222 13634 13655 D M_InsDal: Lcom/fsck/k9/mailstore/LocalFolder;--->getAccount()Lcom/fsck/k9/Account;
05-24 22:55:49.222 13634 13655 D M_InsDal: Lcom/fsck/k9/mailstore/LocalStore;--->getAccount()Lcom/fsck/k9/Account;
05-24 22:55:49.222 13634 13655 D M_InsDal: Lcom/fsck/k9/Account;--->getInboxFolderName()Ljava/lang/String;
05-24 22:55:49.222 13634 13655 D M_InsDal: Lcom/fsck/k9/mailstore/LocalFolder;--->getName()Ljava/lang/String;
05-24 22:55:49.222 13634 13655 D M_InsDal: Lcom/fsck/k9/mailstore/LocalFolder;--->open(Landroid/database/Cursor;)V
05-24 22:55:49.222 13634 13655 D M_InsDal: Lcom/fsck/k9/mail/Folder;--->setStatus(Ljava/lang/String;)V
05-24 22:55:49.222 13634 13655 D M_InsDal: Lcom/fsck/k9/mail/Folder;--->setLastChecked(J)V
05-24 22:55:49.222 13634 13655 D M_InsDal: Lcom/fsck/k9/mail/Folder;--->setLastPush(J)V
05-24 22:55:49.222 13634 13655 D M_InsDal: Lcom/fsck/k9/mail/Folder$FolderClass;--->valueOf(Ljava/lang/String;)Lcom/fsck/k9/mail/Folder$FolderClass;
05-24 22:55:49.222 13634 13655 D M_InsDal: Lcom/fsck/k9/mail/Folder$FolderClass;--->valueOf(Ljava/lang/String;)Lcom/fsck/k9/mail/Folder$FolderClass;
05-24 22:55:49.222 13634 13634 D M_InsDal: Lcom/fsck/k9/search/ConditionsTreeNode$1;--->createFromParcel(Landroid/os/Parcel;)Lcom/fsck/k9/search/ConditionsTreeNode;
05-24 22:55:49.222 13634 13655 D M_InsDal: Lcom/fsck/k9/mail/Folder$FolderClass;--->valueOf(Ljava/lang/String;)Lcom/fsck/k9/mail/Folder$FolderClass;
05-24 22:55:49.222 13634 13634 D M_InsDal: Lcom/fsck/k9/search/ConditionsTreeNode;---><init>(Landroid/os/Parcel;)V
05-24 22:55:49.222 13634 13655 D M_InsDal: Lcom/fsck/k9/mail/Folder$FolderClass;--->valueOf(Ljava/lang/String;)Lcom/fsck/k9/mail/Folder$FolderClass;
05-24 22:55:49.222 13634 13655 D M_InsDal: Lcom/fsck/k9/mailstore/LocalFolder$MoreMessages;--->fromDatabaseName(Ljava/lang/String;)Lcom/fsck/k9/mailstore/LocalFolder$MoreMessages;
05-24 22:55:49.222 13634 13634 D M_InsDal: Lcom/fsck/k9/search/ConditionsTreeNode$Operator;--->values()[Lcom/fsck/k9/search/ConditionsTreeNode$Operator;
05-24 22:55:49.222 13634 13655 D M_InsDal: Lcom/fsck/k9/mailstore/LocalFolder$MoreMessages;--->values()[Lcom/fsck/k9/mailstore/LocalFolder$MoreMessages;
05-24 22:55:49.222 13634 13655 D M_InsDal: Lcom/fsck/k9/mailstore/LocalFolder;---><init>(Lcom/fsck/k9/mailstore/LocalStore;Ljava/lang/String;)V
05-24 22:55:49.222 13634 13655 D M_InsDal: Lcom/fsck/k9/mail/Folder;---><init>()V
05-24 22:55:49.222 13634 13655 D M_InsDal: Lcom/fsck/k9/mailstore/LocalStore;--->getAttachmentInfoExtractor()Lcom/fsck/k9/message/extractors/AttachmentInfoExtractor;
05-24 22:55:49.222 13634 13634 D M_InsDal: Lcom/fsck/k9/search/SearchSpecification$SearchCondition$1;--->createFromParcel(Landroid/os/Parcel;)Lcom/fsck/k9/search/SearchSpecification$SearchCondition;
05-24 22:55:49.222 13634 13655 D M_InsDal: Lcom/fsck/k9/mailstore/LocalFolder;--->getAccount()Lcom/fsck/k9/Account;
05-24 22:55:49.222 13634 13655 D M_InsDal: Lcom/fsck/k9/mailstore/LocalStore;--->getAccount()Lcom/fsck/k9/Account;
05-24 22:55:49.222 13634 13655 D M_InsDal: Lcom/fsck/k9/Account;--->getInboxFolderName()Ljava/lang/String;
05-24 22:55:49.222 13634 13634 D M_InsDal: Lcom/fsck/k9/search/SearchSpecification$SearchCondition;---><init>(Landroid/os/Parcel;)V
05-24 22:55:49.222 13634 13655 D M_InsDal: Lcom/fsck/k9/mailstore/LocalFolder;--->getName()Ljava/lang/String;
05-24 22:55:49.222 13634 13655 D M_InsDal: Lcom/fsck/k9/mailstore/LocalFolder;--->open(Landroid/database/Cursor;)V
05-24 22:55:49.222 13634 13634 D M_InsDal: Lcom/fsck/k9/search/SearchSpecification$Attribute;--->values()[Lcom/fsck/k9/search/SearchSpecification$Attribute;
05-24 22:55:49.222 13634 13655 D M_InsDal: Lcom/fsck/k9/mail/Folder;--->setStatus(Ljava/lang/String;)V
05-24 22:55:49.222 13634 13655 D M_InsDal: Lcom/fsck/k9/mail/Folder;--->setLastChecked(J)V
05-24 22:55:49.222 13634 13634 D M_InsDal: Lcom/fsck/k9/search/SearchSpecification$SearchField;--->values()[Lcom/fsck/k9/search/SearchSpecification$SearchField;
05-24 22:55:49.222 13634 13655 D M_InsDal: Lcom/fsck/k9/mail/Folder;--->setLastPush(J)V
05-24 22:55:49.222 13634 13655 D M_InsDal: Lcom/fsck/k9/mail/Folder$FolderClass;--->valueOf(Ljava/lang/String;)Lcom/fsck/k9/mail/Folder$FolderClass;
05-24 22:55:49.222 13634 13634 D M_InsDal: Lcom/fsck/k9/search/ConditionsTreeNode;--->getLeafSet()Ljava/util/Set;
05-24 22:55:49.222 13634 13655 D M_InsDal: Lcom/fsck/k9/mail/Folder$FolderClass;--->valueOf(Ljava/lang/String;)Lcom/fsck/k9/mail/Folder$FolderClass;
05-24 22:55:49.222 13634 13634 D M_InsDal: Lcom/fsck/k9/search/ConditionsTreeNode;--->getLeafSet(Ljava/util/Set;)Ljava/util/Set;
05-24 22:55:49.222 13634 13655 D M_InsDal: Lcom/fsck/k9/mail/Folder$FolderClass;--->valueOf(Ljava/lang/String;)Lcom/fsck/k9/mail/Folder$FolderClass;
05-24 22:55:49.222 13634 13655 D M_InsDal: Lcom/fsck/k9/mail/Folder$FolderClass;--->valueOf(Ljava/lang/String;)Lcom/fsck/k9/mail/Folder$FolderClass;
05-24 22:55:49.222 13634 13655 D M_InsDal: Lcom/fsck/k9/mailstore/LocalFolder$MoreMessages;--->fromDatabaseName(Ljava/lang/String;)Lcom/fsck/k9/mailstore/LocalFolder$MoreMessages;
05-24 22:55:49.222 13634 13655 D M_InsDal: Lcom/fsck/k9/mailstore/LocalFolder$MoreMessages;--->values()[Lcom/fsck/k9/mailstore/LocalFolder$MoreMessages;
05-24 22:55:49.222 13634 13655 D M_InsDal: Lcom/fsck/k9/mailstore/LocalFolder;---><init>(Lcom/fsck/k9/mailstore/LocalStore;Ljava/lang/String;)V
05-24 22:55:49.222 13634 13655 D M_InsDal: Lcom/fsck/k9/mail/Folder;---><init>()V
05-24 22:55:49.222 13634 13655 D M_InsDal: Lcom/fsck/k9/mailstore/LocalStore;--->getAttachmentInfoExtractor()Lcom/fsck/k9/message/extractors/AttachmentInfoExtractor;
05-24 22:55:49.222 13634 13655 D M_InsDal: Lcom/fsck/k9/mailstore/LocalFolder;--->getAccount()Lcom/fsck/k9/Account;
05-24 22:55:49.222 13634 13655 D M_InsDal: Lcom/fsck/k9/mailstore/LocalStore;--->getAccount()Lcom/fsck/k9/Account;
05-24 22:55:49.222 13634 13655 D M_InsDal: Lcom/fsck/k9/Account;--->getInboxFolderName()Ljava/lang/String;
05-24 22:55:49.222 13634 13634 D M_InsDal: Lcom/fsck/k9/activity/MessageReference;--->parse(Ljava/lang/String;)Lcom/fsck/k9/activity/MessageReference;
05-24 22:55:49.222 13634 13655 D M_InsDal: Lcom/fsck/k9/mailstore/LocalFolder;--->getName()Ljava/lang/String;
05-24 22:55:49.222 13634 13655 D M_InsDal: Lcom/fsck/k9/mailstore/LocalFolder;--->open(Landroid/database/Cursor;)V
05-24 22:55:49.222 13634 13634 D M_InsDal: Lcom/fsck/k9/Preferences;--->getPreferences(Landroid/content/Context;)Lcom/fsck/k9/Preferences;
05-24 22:55:49.222 13634 13655 D M_InsDal: Lcom/fsck/k9/mail/Folder;--->setStatus(Ljava/lang/String;)V
05-24 22:55:49.222 13634 13634 D M_InsDal: Lcom/fsck/k9/search/LocalSearch;--->getAccountUuids()[Ljava/lang/String;
05-24 22:55:49.222 13634 13655 D M_InsDal: Lcom/fsck/k9/mail/Folder;--->setLastChecked(J)V
05-24 22:55:49.222 13634 13655 D M_InsDal: Lcom/fsck/k9/mail/Folder;--->setLastPush(J)V
05-24 22:55:49.222 13634 13655 D M_InsDal: Lcom/fsck/k9/mail/Folder$FolderClass;--->valueOf(Ljava/lang/String;)Lcom/fsck/k9/mail/Folder$FolderClass;
05-24 22:55:49.222 13634 13655 D M_InsDal: Lcom/fsck/k9/mail/Folder$FolderClass;--->valueOf(Ljava/lang/String;)Lcom/fsck/k9/mail/Folder$FolderClass;
05-24 22:55:49.222 13634 13634 D M_InsDal: Lcom/fsck/k9/search/LocalSearch;--->searchAllAccounts()Z
05-24 22:55:49.222 13634 13655 D M_InsDal: Lcom/fsck/k9/mail/Folder$FolderClass;--->valueOf(Ljava/lang/String;)Lcom/fsck/k9/mail/Folder$FolderClass;
05-24 22:55:49.222 13634 13634 D M_InsDal: Lcom/fsck/k9/Preferences;--->getAccount(Ljava/lang/String;)Lcom/fsck/k9/Account;
05-24 22:55:49.222 13634 13655 D M_InsDal: Lcom/fsck/k9/mailstore/LocalFolder$MoreMessages;--->fromDatabaseName(Ljava/lang/String;)Lcom/fsck/k9/mailstore/LocalFolder$MoreMessages;
05-24 22:55:49.222 13634 13655 D M_InsDal: Lcom/fsck/k9/mailstore/LocalFolder$MoreMessages;--->values()[Lcom/fsck/k9/mailstore/LocalFolder$MoreMessages;
05-24 22:55:49.222 13634 13634 D M_InsDal: Lcom/fsck/k9/search/LocalSearch;--->getFolderNames()Ljava/util/List;
05-24 22:55:49.222 13634 13655 D M_InsDal: Lcom/fsck/k9/mailstore/LocalFolder;---><init>(Lcom/fsck/k9/mailstore/LocalStore;Ljava/lang/String;)V
05-24 22:55:49.222 13634 13655 D M_InsDal: Lcom/fsck/k9/mail/Folder;---><init>()V
05-24 22:55:49.222 13634 13655 D M_InsDal: Lcom/fsck/k9/mailstore/LocalStore;--->getAttachmentInfoExtractor()Lcom/fsck/k9/message/extractors/AttachmentInfoExtractor;
05-24 22:55:49.222 13634 13655 D M_InsDal: Lcom/fsck/k9/mailstore/LocalFolder;--->getAccount()Lcom/fsck/k9/Account;
05-24 22:55:49.222 13634 13655 D M_InsDal: Lcom/fsck/k9/mailstore/LocalStore;--->getAccount()Lcom/fsck/k9/Account;
05-24 22:55:49.222 13634 13655 D M_InsDal: Lcom/fsck/k9/Account;--->getInboxFolderName()Ljava/lang/String;
05-24 22:55:49.222 13634 13634 D M_InsDal: Lcom/fsck/k9/Account;--->isAvailable(Landroid/content/Context;)Z
05-24 22:55:49.222 13634 13655 D M_InsDal: Lcom/fsck/k9/mailstore/LocalFolder;--->getName()Ljava/lang/String;
05-24 22:55:49.222 13634 13634 D M_InsDal: Lcom/fsck/k9/Account;--->getLocalStorageProviderId()Ljava/lang/String;
05-24 22:55:49.222 13634 13655 D M_InsDal: Lcom/fsck/k9/mailstore/LocalFolder;--->open(Landroid/database/Cursor;)V
05-24 22:55:49.222 13634 13634 D M_InsDal: Lcom/fsck/k9/mailstore/StorageManager;--->getInstance(Landroid/content/Context;)Lcom/fsck/k9/mailstore/StorageManager;
05-24 22:55:49.222 13634 13655 D M_InsDal: Lcom/fsck/k9/mail/Folder;--->setStatus(Ljava/lang/String;)V
05-24 22:55:49.222 13634 13634 D M_InsDal: Lcom/fsck/k9/mailstore/StorageManager;--->isReady(Ljava/lang/String;)Z
05-24 22:55:49.222 13634 13655 D M_InsDal: Lcom/fsck/k9/mail/Folder;--->setLastChecked(J)V
05-24 22:55:49.222 13634 13634 D M_InsDal: Lcom/fsck/k9/mailstore/StorageManager;--->getProvider(Ljava/lang/String;)Lcom/fsck/k9/mailstore/StorageManager$StorageProvider;
05-24 22:55:49.222 13634 13655 D M_InsDal: Lcom/fsck/k9/mail/Folder;--->setLastPush(J)V
05-24 22:55:49.222 13634 13634 D M_InsDal: Lcom/fsck/k9/mailstore/StorageManager$InternalStorageProvider;--->isReady(Landroid/content/Context;)Z
05-24 22:55:49.222 13634 13655 D M_InsDal: Lcom/fsck/k9/mail/Folder$FolderClass;--->valueOf(Ljava/lang/String;)Lcom/fsck/k9/mail/Folder$FolderClass;
05-24 22:55:49.222 13634 13634 D M_InsDal: Lcom/fsck/k9/search/LocalSearch;--->getFolderNames()Ljava/util/List;
05-24 22:55:49.222 13634 13655 D M_InsDal: Lcom/fsck/k9/mail/Folder$FolderClass;--->valueOf(Ljava/lang/String;)Lcom/fsck/k9/mail/Folder$FolderClass;
05-24 22:55:49.222 13634 13655 D M_InsDal: Lcom/fsck/k9/mail/Folder$FolderClass;--->valueOf(Ljava/lang/String;)Lcom/fsck/k9/mail/Folder$FolderClass;
05-24 22:55:49.222 13634 13634 D M_InsDal: Lcom/fsck/k9/activity/MessageList;--->findFragments()V
05-24 22:55:49.222 13634 13655 D M_InsDal: Lcom/fsck/k9/mailstore/LocalFolder$MoreMessages;--->fromDatabaseName(Ljava/lang/String;)Lcom/fsck/k9/mailstore/LocalFolder$MoreMessages;
05-24 22:55:49.222 13634 13655 D M_InsDal: Lcom/fsck/k9/mailstore/LocalFolder$MoreMessages;--->values()[Lcom/fsck/k9/mailstore/LocalFolder$MoreMessages;
05-24 22:55:49.222 13634 13655 D M_InsDal: Lcom/fsck/k9/mailstore/LocalFolder;---><init>(Lcom/fsck/k9/mailstore/LocalStore;Ljava/lang/String;)V
05-24 22:55:49.222 13634 13655 D M_InsDal: Lcom/fsck/k9/mail/Folder;---><init>()V
05-24 22:55:49.222 13634 13655 D M_InsDal: Lcom/fsck/k9/mailstore/LocalStore;--->getAttachmentInfoExtractor()Lcom/fsck/k9/message/extractors/AttachmentInfoExtractor;
05-24 22:55:49.222 13634 13655 D M_InsDal: Lcom/fsck/k9/mailstore/LocalFolder;--->getAccount()Lcom/fsck/k9/Account;
05-24 22:55:49.222 13634 13655 D M_InsDal: Lcom/fsck/k9/mailstore/LocalStore;--->getAccount()Lcom/fsck/k9/Account;
05-24 22:55:49.222 13634 13655 D M_InsDal: Lcom/fsck/k9/Account;--->getInboxFolderName()Ljava/lang/String;
05-24 22:55:49.222 13634 13655 D M_InsDal: Lcom/fsck/k9/mailstore/LocalFolder;--->getName()Ljava/lang/String;
05-24 22:55:49.222 13634 13655 D M_InsDal: Lcom/fsck/k9/mailstore/LocalFolder;--->open(Landroid/database/Cursor;)V
05-24 22:55:49.222 13634 13655 D M_InsDal: Lcom/fsck/k9/mail/Folder;--->setStatus(Ljava/lang/String;)V
05-24 22:55:49.222 13634 13655 D M_InsDal: Lcom/fsck/k9/mail/Folder;--->setLastChecked(J)V
05-24 22:55:49.222 13634 13655 D M_InsDal: Lcom/fsck/k9/mail/Folder;--->setLastPush(J)V
05-24 22:55:49.222 13634 13655 D M_InsDal: Lcom/fsck/k9/mail/Folder$FolderClass;--->valueOf(Ljava/lang/String;)Lcom/fsck/k9/mail/Folder$FolderClass;
05-24 22:55:49.222 13634 13655 D M_InsDal: Lcom/fsck/k9/mail/Folder$FolderClass;--->valueOf(Ljava/lang/String;)Lcom/fsck/k9/mail/Folder$FolderClass;
05-24 22:55:49.222 13634 13655 D M_InsDal: Lcom/fsck/k9/mailstore/LocalFolder$MoreMessages;--->fromDatabaseName(Ljava/lang/String;)Lcom/fsck/k9/mailstore/LocalFolder$MoreMessages;
05-24 22:55:49.222 13634 13655 D M_InsDal: Lcom/fsck/k9/mailstore/LocalFolder$MoreMessages;--->values()[Lcom/fsck/k9/mailstore/LocalFolder$MoreMessages;
05-24 22:55:49.222 13634 13655 D M_InsDal: Lcom/fsck/k9/mailstore/LocalFolder;---><init>(Lcom/fsck/k9/mailstore/LocalStore;Ljava/lang/String;)V
05-24 22:55:49.222 13634 13655 D M_InsDal: Lcom/fsck/k9/mail/Folder;---><init>()V
05-24 22:55:49.222 13634 13655 D M_InsDal: Lcom/fsck/k9/mailstore/LocalStore;--->getAttachmentInfoExtractor()Lcom/fsck/k9/message/extractors/AttachmentInfoExtractor;
05-24 22:55:49.222 13634 13655 D M_InsDal: Lcom/fsck/k9/mailstore/LocalFolder;--->getAccount()Lcom/fsck/k9/Account;
05-24 22:55:49.222 13634 13655 D M_InsDal: Lcom/fsck/k9/mailstore/LocalStore;--->getAccount()Lcom/fsck/k9/Account;
05-24 22:55:49.222 13634 13655 D M_InsDal: Lcom/fsck/k9/Account;--->getInboxFolderName()Ljava/lang/String;
05-24 22:55:49.222 13634 13655 D M_InsDal: Lcom/fsck/k9/mailstore/LocalFolder;--->getName()Ljava/lang/String;
05-24 22:55:49.222 13634 13655 D M_InsDal: Lcom/fsck/k9/mailstore/LocalFolder;--->open(Landroid/database/Cursor;)V
05-24 22:55:49.222 13634 13655 D M_InsDal: Lcom/fsck/k9/mail/Folder;--->setStatus(Ljava/lang/String;)V
05-24 22:55:49.222 13634 13655 D M_InsDal: Lcom/fsck/k9/mail/Folder;--->setLastChecked(J)V
05-24 22:55:49.222 13634 13655 D M_InsDal: Lcom/fsck/k9/mail/Folder;--->setLastPush(J)V
05-24 22:55:49.222 13634 13655 D M_InsDal: Lcom/fsck/k9/mail/Folder$FolderClass;--->valueOf(Ljava/lang/String;)Lcom/fsck/k9/mail/Folder$FolderClass;
05-24 22:55:49.222 13634 13655 D M_InsDal: Lcom/fsck/k9/mail/Folder$FolderClass;--->valueOf(Ljava/lang/String;)Lcom/fsck/k9/mail/Folder$FolderClass;
05-24 22:55:49.222 13634 13655 D M_InsDal: Lcom/fsck/k9/mailstore/LocalFolder$MoreMessages;--->fromDatabaseName(Ljava/lang/String;)Lcom/fsck/k9/mailstore/LocalFolder$MoreMessages;
05-24 22:55:49.222 13634 13655 D M_InsDal: Lcom/fsck/k9/mailstore/LocalFolder$MoreMessages;--->values()[Lcom/fsck/k9/mailstore/LocalFolder$MoreMessages;
05-24 22:55:49.222 13634 13655 D M_InsDal: Lcom/fsck/k9/mailstore/LocalFolder;---><init>(Lcom/fsck/k9/mailstore/LocalStore;Ljava/lang/String;)V
05-24 22:55:49.222 13634 13655 D M_InsDal: Lcom/fsck/k9/mail/Folder;---><init>()V
05-24 22:55:49.222 13634 13655 D M_InsDal: Lcom/fsck/k9/mailstore/LocalStore;--->getAttachmentInfoExtractor()Lcom/fsck/k9/message/extractors/AttachmentInfoExtractor;
05-24 22:55:49.222 13634 13655 D M_InsDal: Lcom/fsck/k9/mailstore/LocalFolder;--->getAccount()Lcom/fsck/k9/Account;
05-24 22:55:49.222 13634 13655 D M_InsDal: Lcom/fsck/k9/mailstore/LocalStore;--->getAccount()Lcom/fsck/k9/Account;
05-24 22:55:49.222 13634 13655 D M_InsDal: Lcom/fsck/k9/Account;--->getInboxFolderName()Ljava/lang/String;
05-24 22:55:49.222 13634 13655 D M_InsDal: Lcom/fsck/k9/mailstore/LocalFolder;--->getName()Ljava/lang/String;
05-24 22:55:49.222 13634 13655 D M_InsDal: Lcom/fsck/k9/mailstore/LocalFolder;--->open(Landroid/database/Cursor;)V
05-24 22:55:49.222 13634 13655 D M_InsDal: Lcom/fsck/k9/mail/Folder;--->setStatus(Ljava/lang/String;)V
05-24 22:55:49.222 13634 13655 D M_InsDal: Lcom/fsck/k9/mail/Folder;--->setLastChecked(J)V
05-24 22:55:49.222 13634 13655 D M_InsDal: Lcom/fsck/k9/mail/Folder;--->setLastPush(J)V
05-24 22:55:49.222 13634 13655 D M_InsDal: Lcom/fsck/k9/mail/Folder$FolderClass;--->valueOf(Ljava/lang/String;)Lcom/fsck/k9/mail/Folder$FolderClass;
05-24 22:55:49.222 13634 13655 D M_InsDal: Lcom/fsck/k9/mail/Folder$FolderClass;--->valueOf(Ljava/lang/String;)Lcom/fsck/k9/mail/Folder$FolderClass;
05-24 22:55:49.222 13634 13655 D M_InsDal: Lcom/fsck/k9/mailstore/LocalFolder$MoreMessages;--->fromDatabaseName(Ljava/lang/String;)Lcom/fsck/k9/mailstore/LocalFolder$MoreMessages;
05-24 22:55:49.222 13634 13655 D M_InsDal: Lcom/fsck/k9/mailstore/LocalFolder$MoreMessages;--->values()[Lcom/fsck/k9/mailstore/LocalFolder$MoreMessages;
05-24 22:55:49.222 13634 13655 D M_InsDal: Lcom/fsck/k9/helper/Utility;--->closeQuietly(Landroid/database/Cursor;)V
05-24 22:55:49.222 13634 13655 D M_InsDal: Lcom/fsck/k9/mailstore/LockableDatabase;--->unlockRead()V
05-24 22:55:49.222 13634 13655 D M_InsDal: Lcom/fsck/k9/mailstore/LockableDatabase;--->getStorageManager()Lcom/fsck/k9/mailstore/StorageManager;
05-24 22:55:49.222 13634 13655 D M_InsDal: Lcom/fsck/k9/mailstore/StorageManager;--->getInstance(Landroid/content/Context;)Lcom/fsck/k9/mailstore/StorageManager;
05-24 22:55:49.222 13634 13655 D M_InsDal: Lcom/fsck/k9/mailstore/StorageManager;--->unlockProvider(Ljava/lang/String;)V
05-24 22:55:49.222 13634 13655 D M_InsDal: Lcom/fsck/k9/mailstore/StorageManager;--->getProvider(Ljava/lang/String;)Lcom/fsck/k9/mailstore/StorageManager$StorageProvider;
05-24 22:55:49.222 13634 13655 D M_InsDal: Lcom/fsck/k9/mailstore/LocalFolder;--->getName()Ljava/lang/String;
05-24 22:55:49.222 13634 13634 D M_InsDal: Lcom/fsck/k9/activity/MessageList;--->initializeDisplayMode(Landroid/os/Bundle;)V
05-24 22:55:49.222 13634 13634 D M_InsDal: Lcom/fsck/k9/activity/MessageList;--->useSplitView()Z
05-24 22:55:49.222 13634 13655 D M_InsDal: Lcom/fsck/k9/Account;--->getOutboxFolderName()Ljava/lang/String;
05-24 22:55:49.222 13634 13634 D M_InsDal: Lcom/fsck/k9/K9;--->getSplitViewMode()Lcom/fsck/k9/K9$SplitViewMode;
05-24 22:55:49.222 13634 13655 D M_InsDal: Lcom/fsck/k9/mailstore/LocalFolder;--->open(I)V
05-24 22:55:49.222 13634 13655 D M_InsDal: Lcom/fsck/k9/mailstore/LocalFolder;--->isOpen()Z
05-24 22:55:49.222 13634 13655 D M_InsDal: Lcom/fsck/k9/mailstore/LocalFolder;--->getMode()I
05-24 22:55:49.222 13634 13655 D M_InsDal: Lcom/fsck/k9/mailstore/LocalFolder;--->getDisplayClass()Lcom/fsck/k9/mail/Folder$FolderClass;
05-24 22:55:49.222 13634 13655 D M_InsDal: Lcom/fsck/k9/mailstore/LocalFolder;--->getPushClass()Lcom/fsck/k9/mail/Folder$FolderClass;
05-24 22:55:49.222 13634 13655 D M_InsDal: Lcom/fsck/k9/controller/MessagingController;--->modeMismatch(Lcom/fsck/k9/Account$FolderMode;Lcom/fsck/k9/mail/Folder$FolderClass;)Z
05-24 22:55:49.222 13634 13655 D M_InsDal: Lcom/fsck/k9/controller/MessagingController;--->modeMismatch(Lcom/fsck/k9/Account$FolderMode;Lcom/fsck/k9/mail/Folder$FolderClass;)Z
05-24 22:55:49.222 13634 13655 D M_InsDal: Lcom/fsck/k9/mailstore/LocalFolder;--->getName()Ljava/lang/String;
05-24 22:55:49.222 13634 13655 D M_InsDal: Lcom/fsck/k9/Account;--->getOutboxFolderName()Ljava/lang/String;
05-24 22:55:49.222 13634 13655 D M_InsDal: Lcom/fsck/k9/mailstore/LocalFolder;--->open(I)V
05-24 22:55:49.222 13634 13634 D M_InsDal: Lcom/fsck/k9/activity/MessageList$DisplayMode;---><clinit>()V
05-24 22:55:49.222 13634 13655 D M_InsDal: Lcom/fsck/k9/mailstore/LocalFolder;--->isOpen()Z
05-24 22:55:49.222 13634 13655 D M_InsDal: Lcom/fsck/k9/mailstore/LocalFolder;--->getMode()I
05-24 22:55:49.222 13634 13655 D M_InsDal: Lcom/fsck/k9/mailstore/LocalFolder;--->getDisplayClass()Lcom/fsck/k9/mail/Folder$FolderClass;
05-24 22:55:49.222 13634 13634 D M_InsDal: Lcom/fsck/k9/activity/MessageList$DisplayMode;---><init>(Ljava/lang/String;I)V
05-24 22:55:49.222 13634 13655 D M_InsDal: Lcom/fsck/k9/mailstore/LocalFolder;--->getPushClass()Lcom/fsck/k9/mail/Folder$FolderClass;
05-24 22:55:49.222 13634 13655 D M_InsDal: Lcom/fsck/k9/controller/MessagingController;--->modeMismatch(Lcom/fsck/k9/Account$FolderMode;Lcom/fsck/k9/mail/Folder$FolderClass;)Z
05-24 22:55:49.222 13634 13634 D M_InsDal: Lcom/fsck/k9/activity/MessageList$DisplayMode;---><init>(Ljava/lang/String;I)V
05-24 22:55:49.222 13634 13655 D M_InsDal: Lcom/fsck/k9/controller/MessagingController;--->modeMismatch(Lcom/fsck/k9/Account$FolderMode;Lcom/fsck/k9/mail/Folder$FolderClass;)Z
05-24 22:55:49.222 13634 13655 D M_InsDal: Lcom/fsck/k9/mailstore/LocalFolder;--->getName()Ljava/lang/String;
05-24 22:55:49.222 13634 13634 D M_InsDal: Lcom/fsck/k9/activity/MessageList$DisplayMode;---><init>(Ljava/lang/String;I)V
05-24 22:55:49.222 13634 13655 D M_InsDal: Lcom/fsck/k9/Account;--->getOutboxFolderName()Ljava/lang/String;
05-24 22:55:49.222 13634 13655 D M_InsDal: Lcom/fsck/k9/mailstore/LocalFolder;--->open(I)V
05-24 22:55:49.222 13634 13655 D M_InsDal: Lcom/fsck/k9/mailstore/LocalFolder;--->isOpen()Z
05-24 22:55:49.222 13634 13655 D M_InsDal: Lcom/fsck/k9/mailstore/LocalFolder;--->getMode()I
05-24 22:55:49.222 13634 13655 D M_InsDal: Lcom/fsck/k9/mailstore/LocalFolder;--->getDisplayClass()Lcom/fsck/k9/mail/Folder$FolderClass;
05-24 22:55:49.222 13634 13634 D M_InsDal: Lcom/fsck/k9/activity/MessageList;--->initializeLayout()V
05-24 22:55:49.222 13634 13655 D M_InsDal: Lcom/fsck/k9/mailstore/LocalFolder;--->getPushClass()Lcom/fsck/k9/mail/Folder$FolderClass;
05-24 22:55:49.222 13634 13655 D M_InsDal: Lcom/fsck/k9/controller/MessagingController;--->modeMismatch(Lcom/fsck/k9/Account$FolderMode;Lcom/fsck/k9/mail/Folder$FolderClass;)Z
05-24 22:55:49.222 13634 13655 D M_InsDal: Lcom/fsck/k9/controller/MessagingController;--->modeMismatch(Lcom/fsck/k9/Account$FolderMode;Lcom/fsck/k9/mail/Folder$FolderClass;)Z
05-24 22:55:49.222 13634 13655 D M_InsDal: Lcom/fsck/k9/Account;--->getDescription()Ljava/lang/String;
05-24 22:55:49.222 13634 13655 D M_InsDal: Lcom/fsck/k9/mailstore/LocalFolder;--->getName()Ljava/lang/String;
05-24 22:55:49.222 13634 13655 D M_InsDal: Lcom/fsck/k9/mailstore/LocalFolder;--->getName()Ljava/lang/String;
05-24 22:55:49.222 13634 13655 D M_InsDal: Lcom/fsck/k9/Account;--->getOutboxFolderName()Ljava/lang/String;
05-24 22:55:49.222 13634 13655 D M_InsDal: Lcom/fsck/k9/mailstore/LocalFolder;--->open(I)V
05-24 22:55:49.222 13634 13655 D M_InsDal: Lcom/fsck/k9/mailstore/LocalFolder;--->isOpen()Z
05-24 22:55:49.222 13634 13655 D M_InsDal: Lcom/fsck/k9/mailstore/LocalFolder;--->getMode()I
05-24 22:55:49.222 13634 13655 D M_InsDal: Lcom/fsck/k9/mailstore/LocalFolder;--->getDisplayClass()Lcom/fsck/k9/mail/Folder$FolderClass;
05-24 22:55:49.222 13634 13655 D M_InsDal: Lcom/fsck/k9/mailstore/LocalFolder;--->getPushClass()Lcom/fsck/k9/mail/Folder$FolderClass;
05-24 22:55:49.222 13634 13655 D M_InsDal: Lcom/fsck/k9/controller/MessagingController;--->modeMismatch(Lcom/fsck/k9/Account$FolderMode;Lcom/fsck/k9/mail/Folder$FolderClass;)Z
05-24 22:55:49.222 13634 13655 D M_InsDal: Lcom/fsck/k9/controller/MessagingController;--->modeMismatch(Lcom/fsck/k9/Account$FolderMode;Lcom/fsck/k9/mail/Folder$FolderClass;)Z
05-24 22:55:49.222 13634 13655 D M_InsDal: Lcom/fsck/k9/mailstore/LocalFolder;--->getName()Ljava/lang/String;
05-24 22:55:49.222 13634 13655 D M_InsDal: Lcom/fsck/k9/Account;--->getOutboxFolderName()Ljava/lang/String;
05-24 22:55:49.222 13634 13655 D M_InsDal: Lcom/fsck/k9/mailstore/LocalFolder;--->getName()Ljava/lang/String;
05-24 22:55:49.222 13634 13655 D M_InsDal: Lcom/fsck/k9/Account;--->getOutboxFolderName()Ljava/lang/String;
05-24 22:55:49.222 13634 13655 D M_InsDal: Lcom/fsck/k9/mailstore/LocalFolder;--->open(I)V
05-24 22:55:49.222 13634 13655 D M_InsDal: Lcom/fsck/k9/mailstore/LocalFolder;--->isOpen()Z
05-24 22:55:49.222 13634 13655 D M_InsDal: Lcom/fsck/k9/mailstore/LocalFolder;--->getMode()I
05-24 22:55:49.222 13634 13655 D M_InsDal: Lcom/fsck/k9/mailstore/LocalFolder;--->getDisplayClass()Lcom/fsck/k9/mail/Folder$FolderClass;
05-24 22:55:49.222 13634 13655 D M_InsDal: Lcom/fsck/k9/mailstore/LocalFolder;--->getPushClass()Lcom/fsck/k9/mail/Folder$FolderClass;
05-24 22:55:49.222 13634 13655 D M_InsDal: Lcom/fsck/k9/controller/MessagingController;--->modeMismatch(Lcom/fsck/k9/Account$FolderMode;Lcom/fsck/k9/mail/Folder$FolderClass;)Z
05-24 22:55:49.222 13634 13655 D M_InsDal: Lcom/fsck/k9/controller/MessagingController;--->modeMismatch(Lcom/fsck/k9/Account$FolderMode;Lcom/fsck/k9/mail/Folder$FolderClass;)Z
05-24 22:55:49.222 13634 13655 D M_InsDal: Lcom/fsck/k9/mailstore/LocalFolder;--->getName()Ljava/lang/String;
05-24 22:55:49.222 13634 13655 D M_InsDal: Lcom/fsck/k9/Account;--->getOutboxFolderName()Ljava/lang/String;
05-24 22:55:49.222 13634 13655 D M_InsDal: Lcom/fsck/k9/mailstore/LocalFolder;--->open(I)V
05-24 22:55:49.222 13634 13655 D M_InsDal: Lcom/fsck/k9/mailstore/LocalFolder;--->isOpen()Z
05-24 22:55:49.223 13634 13655 D M_InsDal: Lcom/fsck/k9/mailstore/LocalFolder;--->getMode()I
05-24 22:55:49.223 13634 13655 D M_InsDal: Lcom/fsck/k9/mailstore/LocalFolder;--->getDisplayClass()Lcom/fsck/k9/mail/Folder$FolderClass;
05-24 22:55:49.223 13634 13655 D M_InsDal: Lcom/fsck/k9/mailstore/LocalFolder;--->getPushClass()Lcom/fsck/k9/mail/Folder$FolderClass;
05-24 22:55:49.223 13634 13655 D M_InsDal: Lcom/fsck/k9/controller/MessagingController;--->modeMismatch(Lcom/fsck/k9/Account$FolderMode;Lcom/fsck/k9/mail/Folder$FolderClass;)Z
05-24 22:55:49.223 13634 13655 D M_InsDal: Lcom/fsck/k9/controller/MessagingController;--->modeMismatch(Lcom/fsck/k9/Account$FolderMode;Lcom/fsck/k9/mail/Folder$FolderClass;)Z
05-24 22:55:49.223 13634 13655 D M_InsDal: Lcom/fsck/k9/mailstore/LocalFolder;--->getName()Ljava/lang/String;
05-24 22:55:49.223 13634 13655 D M_InsDal: Lcom/fsck/k9/Account;--->getOutboxFolderName()Ljava/lang/String;
05-24 22:55:49.223 13634 13655 D M_InsDal: Lcom/fsck/k9/mailstore/LocalFolder;--->open(I)V
05-24 22:55:49.223 13634 13655 D M_InsDal: Lcom/fsck/k9/mailstore/LocalFolder;--->isOpen()Z
05-24 22:55:49.223 13634 13655 D M_InsDal: Lcom/fsck/k9/mailstore/LocalFolder;--->getMode()I
05-24 22:55:49.223 13634 13655 D M_InsDal: Lcom/fsck/k9/mailstore/LocalFolder;--->getDisplayClass()Lcom/fsck/k9/mail/Folder$FolderClass;
05-24 22:55:49.223 13634 13655 D M_InsDal: Lcom/fsck/k9/mailstore/LocalFolder;--->getPushClass()Lcom/fsck/k9/mail/Folder$FolderClass;
05-24 22:55:49.223 13634 13655 D M_InsDal: Lcom/fsck/k9/mailstore/LocalFolder;--->getSyncClass()Lcom/fsck/k9/mail/Folder$FolderClass;
05-24 22:55:49.223 13634 13655 D M_InsDal: Lcom/fsck/k9/controller/MessagingController;--->modeMismatch(Lcom/fsck/k9/Account$FolderMode;Lcom/fsck/k9/mail/Folder$FolderClass;)Z
05-24 22:55:49.223 13634 13655 D M_InsDal: Lcom/fsck/k9/controller/MessagingController;--->modeMismatch(Lcom/fsck/k9/Account$FolderMode;Lcom/fsck/k9/mail/Folder$FolderClass;)Z
05-24 22:55:49.223 13634 13655 D M_InsDal: Lcom/fsck/k9/mailstore/LocalFolder;--->getName()Ljava/lang/String;
05-24 22:55:49.223 13634 13655 D M_InsDal: Lcom/fsck/k9/Account;--->getOutboxFolderName()Ljava/lang/String;
05-24 22:55:49.223 13634 13655 D M_InsDal: Lcom/fsck/k9/mailstore/LocalFolder;--->open(I)V
05-24 22:55:49.223 13634 13655 D M_InsDal: Lcom/fsck/k9/mailstore/LocalFolder;--->isOpen()Z
05-24 22:55:49.223 13634 13655 D M_InsDal: Lcom/fsck/k9/mailstore/LocalFolder;--->getMode()I
05-24 22:55:49.223 13634 13655 D M_InsDal: Lcom/fsck/k9/mailstore/LocalFolder;--->getDisplayClass()Lcom/fsck/k9/mail/Folder$FolderClass;
05-24 22:55:49.223 13634 13655 D M_InsDal: Lcom/fsck/k9/mailstore/LocalFolder;--->getPushClass()Lcom/fsck/k9/mail/Folder$FolderClass;
05-24 22:55:49.223 13634 13655 D M_InsDal: Lcom/fsck/k9/mailstore/LocalFolder;--->getSyncClass()Lcom/fsck/k9/mail/Folder$FolderClass;
05-24 22:55:49.223 13634 13655 D M_InsDal: Lcom/fsck/k9/controller/MessagingController;--->modeMismatch(Lcom/fsck/k9/Account$FolderMode;Lcom/fsck/k9/mail/Folder$FolderClass;)Z
05-24 22:55:49.223 13634 13655 D M_InsDal: Lcom/fsck/k9/controller/MessagingController;--->modeMismatch(Lcom/fsck/k9/Account$FolderMode;Lcom/fsck/k9/mail/Folder$FolderClass;)Z
05-24 22:55:49.223 13634 13655 D M_InsDal: Lcom/fsck/k9/mailstore/LocalFolder;--->getName()Ljava/lang/String;
05-24 22:55:49.223 13634 13655 D M_InsDal: Lcom/fsck/k9/Account;--->getOutboxFolderName()Ljava/lang/String;
05-24 22:55:49.223 13634 13655 D M_InsDal: Lcom/fsck/k9/mailstore/LocalFolder;--->open(I)V
05-24 22:55:49.223 13634 13655 D M_InsDal: Lcom/fsck/k9/mailstore/LocalFolder;--->isOpen()Z
05-24 22:55:49.223 13634 13655 D M_InsDal: Lcom/fsck/k9/mailstore/LocalFolder;--->getMode()I
05-24 22:55:49.223 13634 13655 D M_InsDal: Lcom/fsck/k9/mailstore/LocalFolder;--->getDisplayClass()Lcom/fsck/k9/mail/Folder$FolderClass;
05-24 22:55:49.223 13634 13655 D M_InsDal: Lcom/fsck/k9/mailstore/LocalFolder;--->getPushClass()Lcom/fsck/k9/mail/Folder$FolderClass;
05-24 22:55:49.223 13634 13655 D M_InsDal: Lcom/fsck/k9/mailstore/LocalFolder;--->getSyncClass()Lcom/fsck/k9/mail/Folder$FolderClass;
05-24 22:55:49.223 13634 13655 D M_InsDal: Lcom/fsck/k9/controller/MessagingController;--->modeMismatch(Lcom/fsck/k9/Account$FolderMode;Lcom/fsck/k9/mail/Folder$FolderClass;)Z
05-24 22:55:49.223 13634 13655 D M_InsDal: Lcom/fsck/k9/controller/MessagingController;--->modeMismatch(Lcom/fsck/k9/Account$FolderMode;Lcom/fsck/k9/mail/Folder$FolderClass;)Z
05-24 22:55:49.223 13634 13655 D M_InsDal: Lcom/fsck/k9/mailstore/LocalFolder;--->getName()Ljava/lang/String;
05-24 22:55:49.223 13634 13655 D M_InsDal: Lcom/fsck/k9/Account;--->getOutboxFolderName()Ljava/lang/String;
05-24 22:55:49.223 13634 13655 D M_InsDal: Lcom/fsck/k9/mailstore/LocalFolder;--->open(I)V
05-24 22:55:49.223 13634 13655 D M_InsDal: Lcom/fsck/k9/mailstore/LocalFolder;--->isOpen()Z
05-24 22:55:49.223 13634 13655 D M_InsDal: Lcom/fsck/k9/mailstore/LocalFolder;--->getMode()I
05-24 22:55:49.223 13634 13655 D M_InsDal: Lcom/fsck/k9/mailstore/LocalFolder;--->getDisplayClass()Lcom/fsck/k9/mail/Folder$FolderClass;
05-24 22:55:49.223 13634 13655 D M_InsDal: Lcom/fsck/k9/mailstore/LocalFolder;--->getPushClass()Lcom/fsck/k9/mail/Folder$FolderClass;
05-24 22:55:49.223 13634 13655 D M_InsDal: Lcom/fsck/k9/mailstore/LocalFolder;--->getSyncClass()Lcom/fsck/k9/mail/Folder$FolderClass;
05-24 22:55:49.223 13634 13655 D M_InsDal: Lcom/fsck/k9/controller/MessagingController;--->modeMismatch(Lcom/fsck/k9/Account$FolderMode;Lcom/fsck/k9/mail/Folder$FolderClass;)Z
05-24 22:55:49.223 13634 13655 D M_InsDal: Lcom/fsck/k9/controller/MessagingController;--->modeMismatch(Lcom/fsck/k9/Account$FolderMode;Lcom/fsck/k9/mail/Folder$FolderClass;)Z
05-24 22:55:49.223 13634 13655 D M_InsDal: Lcom/fsck/k9/mailstore/LocalFolder;--->getName()Ljava/lang/String;
05-24 22:55:49.223 13634 13655 D M_InsDal: Lcom/fsck/k9/Account;--->getOutboxFolderName()Ljava/lang/String;
05-24 22:55:49.223 13634 13655 D M_InsDal: Lcom/fsck/k9/mailstore/LocalFolder;--->open(I)V
05-24 22:55:49.223 13634 13655 D M_InsDal: Lcom/fsck/k9/mailstore/LocalFolder;--->isOpen()Z
05-24 22:55:49.223 13634 13655 D M_InsDal: Lcom/fsck/k9/mailstore/LocalFolder;--->getMode()I
05-24 22:55:49.223 13634 13655 D M_InsDal: Lcom/fsck/k9/mailstore/LocalFolder;--->getDisplayClass()Lcom/fsck/k9/mail/Folder$FolderClass;
05-24 22:55:49.223 13634 13655 D M_InsDal: Lcom/fsck/k9/mailstore/LocalFolder;--->getPushClass()Lcom/fsck/k9/mail/Folder$FolderClass;
05-24 22:55:49.223 13634 13655 D M_InsDal: Lcom/fsck/k9/mailstore/LocalFolder;--->getSyncClass()Lcom/fsck/k9/mail/Folder$FolderClass;
05-24 22:55:49.223 13634 13655 D M_InsDal: Lcom/fsck/k9/controller/MessagingController;--->modeMismatch(Lcom/fsck/k9/Account$FolderMode;Lcom/fsck/k9/mail/Folder$FolderClass;)Z
05-24 22:55:49.223 13634 13655 D M_InsDal: Lcom/fsck/k9/controller/MessagingController;--->modeMismatch(Lcom/fsck/k9/Account$FolderMode;Lcom/fsck/k9/mail/Folder$FolderClass;)Z
05-24 22:55:49.223 13634 13655 D M_InsDal: Lcom/fsck/k9/Account;--->getDescription()Ljava/lang/String;
05-24 22:55:49.223 13634 13655 D M_InsDal: Lcom/fsck/k9/mailstore/LocalFolder;--->getName()Ljava/lang/String;
05-24 22:55:49.223 13634 13655 D M_InsDal: Lcom/fsck/k9/mailstore/LocalFolder;--->getName()Ljava/lang/String;
05-24 22:55:49.223 13634 13634 D M_InsDal: Lcom/fsck/k9/activity/MessageList;--->initializeFragments()V
05-24 22:55:49.223 13634 13655 D M_InsDal: Lcom/fsck/k9/controller/MessagingControllerPushReceiver;---><init>(Landroid/content/Context;Lcom/fsck/k9/Account;Lcom/fsck/k9/controller/MessagingController;)V
05-24 22:55:49.223 13634 13655 D M_InsDal: Lcom/fsck/k9/Account;--->getMaxPushFolders()I
05-24 22:55:49.223 13634 13634 D M_InsDal: Lcom/fsck/k9/K9;--->isThreadedViewEnabled()Z
05-24 22:55:49.223 13634 13655 D M_InsDal: Lcom/fsck/k9/Account;--->getRemoteStore()Lcom/fsck/k9/mail/Store;
05-24 22:55:49.223 13634 13634 D M_InsDal: Lcom/fsck/k9/fragment/MessageListFragment;---><clinit>()V
05-24 22:55:49.223 13634 13655 D M_InsDal: Lcom/fsck/k9/mail/store/RemoteStore;---><clinit>()V
05-24 22:55:49.223 13634 13655 D M_InsDal: Lcom/fsck/k9/mail/store/RemoteStore;--->getInstance(Landroid/content/Context;Lcom/fsck/k9/mail/store/StoreConfig;)Lcom/fsck/k9/mail/Store;
05-24 22:55:49.223 13634 13655 D M_InsDal: Lcom/fsck/k9/Account;--->getStoreUri()Ljava/lang/String;
05-24 22:55:49.223 13634 13634 D M_InsDal: Lcom/fsck/k9/fragment/MessageListFragmentComparators$AttachmentComparator;---><init>()V
05-24 22:55:49.223 13634 13655 D M_InsDal: Lcom/fsck/k9/mail/ssl/DefaultTrustedSocketFactory;---><clinit>()V
05-24 22:55:49.223 13634 13634 D M_InsDal: Lcom/fsck/k9/fragment/MessageListFragmentComparators$DateComparator;---><init>()V
05-24 22:55:49.223 13634 13634 D M_InsDal: Lcom/fsck/k9/fragment/MessageListFragmentComparators$ArrivalComparator;---><init>()V
05-24 22:55:49.223 13634 13634 D M_InsDal: Lcom/fsck/k9/fragment/MessageListFragmentComparators$FlaggedComparator;---><init>()V
05-24 22:55:49.223 13634 13634 D M_InsDal: Lcom/fsck/k9/fragment/MessageListFragmentComparators$SubjectComparator;---><init>()V
05-24 22:55:49.223 13634 13634 D M_InsDal: Lcom/fsck/k9/fragment/MessageListFragmentComparators$SenderComparator;---><init>()V
05-24 22:55:49.223 13634 13634 D M_InsDal: Lcom/fsck/k9/fragment/MessageListFragmentComparators$UnreadComparator;---><init>()V
05-24 22:55:49.223 13634 13634 D M_InsDal: Lcom/fsck/k9/fragment/MessageListFragment;--->newInstance(Lcom/fsck/k9/search/LocalSearch;ZZ)Lcom/fsck/k9/fragment/MessageListFragment;
05-24 22:55:49.223 13634 13634 D M_InsDal: Lcom/fsck/k9/fragment/MessageListFragment;---><init>()V
05-24 22:55:49.223 13634 13634 D M_InsDal: Lcom/fsck/k9/fragment/MessageListHandler;---><init>(Lcom/fsck/k9/fragment/MessageListFragment;)V
05-24 22:55:49.223 13634 13634 D M_InsDal: Lcom/fsck/k9/fragment/MessageListFragment$ActionModeCallback;---><init>(Lcom/fsck/k9/fragment/MessageListFragment;)V
05-24 22:55:49.223 13634 13634 D M_InsDal: Lcom/fsck/k9/fragment/MessageListFragment$MessageListActivityListener;---><init>(Lcom/fsck/k9/fragment/MessageListFragment;)V
05-24 22:55:49.223 13634 13634 D M_InsDal: Lcom/fsck/k9/activity/ActivityListener;---><init>()V
05-24 22:55:49.223 13634 13634 D M_InsDal: Lcom/fsck/k9/controller/SimpleMessagingListener;---><init>()V
05-24 22:55:49.223 13634 13634 D M_InsDal: Lcom/fsck/k9/activity/ActivityListener$1;---><init>(Lcom/fsck/k9/activity/ActivityListener;)V
05-24 22:55:49.223 13634 13634 D M_InsDal: Lcom/fsck/k9/activity/MessageList;--->displayViews()V
05-24 22:55:49.223 13634 13634 D M_InsDal: Lcom/fsck/k9/activity/MessageList$2;---><clinit>()V
05-24 22:55:49.223 13634 13634 D M_InsDal: Lcom/fsck/k9/activity/MessageList$DisplayMode;--->values()[Lcom/fsck/k9/activity/MessageList$DisplayMode;
05-24 22:55:49.223 13634 13634 D M_InsDal: Lcom/fsck/k9/activity/MessageList;--->showMessageList()V
05-24 22:55:49.223 13634 13634 D M_InsDal: Lcom/fsck/k9/view/ViewSwitcher;--->showFirstView()V
05-24 22:55:49.223 13634 13634 D M_InsDal: Lcom/fsck/k9/fragment/MessageListFragment;--->setActiveMessage(Lcom/fsck/k9/activity/MessageReference;)V
05-24 22:55:49.223 13634 13634 D M_InsDal: Lcom/fsck/k9/activity/MessageList;--->showDefaultTitleView()V
05-24 22:55:49.223 13634 13634 D M_InsDal: Lcom/fsck/k9/fragment/MessageListFragment;--->updateTitle()V
05-24 22:55:49.223 13634 13634 D M_InsDal: Lcom/fsck/k9/view/MessageTitleView;--->setMessageHeader(Lcom/fsck/k9/view/MessageHeader;)V
05-24 22:55:49.223 13634 13634 D M_InsDal: Lcom/fsck/k9/activity/MessageList;--->configureMenu(Landroid/view/Menu;)V
05-24 22:55:49.224 13634 13655 D M_InsDal: Lcom/fsck/k9/mail/ssl/DefaultTrustedSocketFactory;--->hasWeakSslImplementation()Z
05-24 22:55:49.224 13634 13655 D M_InsDal: Lcom/fsck/k9/mail/ssl/DefaultTrustedSocketFactory;--->remove([Ljava/lang/String;[Ljava/lang/String;)[Ljava/lang/String;
05-24 22:55:49.224 13634 13655 D M_InsDal: Lcom/fsck/k9/mail/ssl/DefaultTrustedSocketFactory;--->remove([Ljava/lang/String;[Ljava/lang/String;)[Ljava/lang/String;
05-24 22:55:49.224 13634 13655 D M_InsDal: Lcom/fsck/k9/mail/ssl/DefaultTrustedSocketFactory;---><init>(Landroid/content/Context;)V
05-24 22:55:49.224 13634 13655 D M_InsDal: Lcom/fsck/k9/mail/store/imap/ImapStore;---><init>(Lcom/fsck/k9/mail/store/StoreConfig;Lcom/fsck/k9/mail/ssl/TrustedSocketFactory;Landroid/net/ConnectivityManager;Lcom/fsck/k9/mail/oauth/OAuth2TokenProvider;)V
05-24 22:55:49.224 13634 13655 D M_InsDal: Lcom/fsck/k9/mail/store/RemoteStore;---><init>(Lcom/fsck/k9/mail/store/StoreConfig;Lcom/fsck/k9/mail/ssl/TrustedSocketFactory;)V
05-24 22:55:49.224 13634 13655 D M_InsDal: Lcom/fsck/k9/mail/Store;---><init>()V
05-24 22:55:49.224 13634 13655 D M_InsDal: Lcom/fsck/k9/Account;--->getStoreUri()Ljava/lang/String;
05-24 22:55:49.224 13634 13655 D M_InsDal: Lcom/fsck/k9/mail/store/imap/ImapStore;--->decodeUri(Ljava/lang/String;)Lcom/fsck/k9/mail/store/imap/ImapStoreSettings;
05-24 22:55:49.224 13634 13655 D M_InsDal: Lcom/fsck/k9/mail/store/imap/ImapStoreUriDecoder;--->decode(Ljava/lang/String;)Lcom/fsck/k9/mail/store/imap/ImapStoreSettings;
05-24 22:55:49.224 13634 13655 D M_InsDal: Lcom/fsck/k9/mail/ConnectionSecurity;---><clinit>()V
05-24 22:55:49.224 13634 13655 D M_InsDal: Lcom/fsck/k9/mail/ConnectionSecurity;---><init>(Ljava/lang/String;I)V
05-24 22:55:49.224 13634 13655 D M_InsDal: Lcom/fsck/k9/mail/ConnectionSecurity;---><init>(Ljava/lang/String;I)V
05-24 22:55:49.224 13634 13655 D M_InsDal: Lcom/fsck/k9/mail/ServerSettings$Type;---><clinit>()V
05-24 22:55:49.224 13634 13655 D M_InsDal: Lcom/fsck/k9/mail/ServerSettings$Type;---><init>(Ljava/lang/String;III)V
05-24 22:55:49.224 13634 13655 D M_InsDal: Lcom/fsck/k9/mail/ServerSettings$Type;---><init>(Ljava/lang/String;III)V
05-24 22:55:49.224 13634 13655 D M_InsDal: Lcom/fsck/k9/mail/AuthType;---><clinit>()V
05-24 22:55:49.224 13634 13655 D M_InsDal: Lcom/fsck/k9/mail/AuthType;---><init>(Ljava/lang/String;I)V
05-24 22:55:49.224 13634 13655 D M_InsDal: Lcom/fsck/k9/mail/AuthType;---><init>(Ljava/lang/String;I)V
05-24 22:55:49.224 13634 13655 D M_InsDal: Lcom/fsck/k9/mail/AuthType;--->valueOf(Ljava/lang/String;)Lcom/fsck/k9/mail/AuthType;
05-24 22:55:49.224 13634 13655 D M_InsDal: Lcom/fsck/k9/mail/AuthType;--->values()[Lcom/fsck/k9/mail/AuthType;
05-24 22:55:49.224 13634 13655 D M_InsDal: Lcom/fsck/k9/mail/helper/UrlEncodingHelper;--->decodeUtf8(Ljava/lang/String;)Ljava/lang/String;
05-24 22:55:49.224 13634 13655 D M_InsDal: Lcom/fsck/k9/mail/helper/UrlEncodingHelper;--->decodeUtf8(Ljava/lang/String;)Ljava/lang/String;
05-24 22:55:49.224 13634 13655 D M_InsDal: Lcom/fsck/k9/mail/store/imap/ImapStoreSettings;---><init>(Ljava/lang/String;ILcom/fsck/k9/mail/ConnectionSecurity;Lcom/fsck/k9/mail/AuthType;Ljava/lang/String;Ljava/lang/String;Ljava/lang/String;ZLjava/lang/String;)V
05-24 22:55:49.224 13634 13655 D M_InsDal: Lcom/fsck/k9/mail/ServerSettings;---><init>(Lcom/fsck/k9/mail/ServerSettings$Type;Ljava/lang/String;ILcom/fsck/k9/mail/ConnectionSecurity;Lcom/fsck/k9/mail/AuthType;Ljava/lang/String;Ljava/lang/String;Ljava/lang/String;)V
05-24 22:55:49.224 13634 13655 D M_InsDal: Lcom/fsck/k9/mail/store/imap/FolderNameCodec;--->newInstance()Lcom/fsck/k9/mail/store/imap/FolderNameCodec;
05-24 22:55:49.224 13634 13655 D M_InsDal: Lcom/fsck/k9/mail/store/imap/FolderNameCodec;---><init>()V
05-24 22:55:49.224 13634 13634 D M_InsDal: Lcom/fsck/k9/fragment/MessageListFragment;--->onAttach(Landroid/app/Activity;)V
05-24 22:55:49.224 13634 13634 D M_InsDal: Lcom/fsck/k9/fragment/MessageListFragment;--->onCreate(Landroid/os/Bundle;)V
05-24 22:55:49.224 13634 13634 D M_InsDal: Lcom/fsck/k9/Preferences;--->getPreferences(Landroid/content/Context;)Lcom/fsck/k9/Preferences;
05-24 22:55:49.224 13634 13634 D M_InsDal: Lcom/fsck/k9/controller/MessagingController;--->getInstance(Landroid/content/Context;)Lcom/fsck/k9/controller/MessagingController;
05-24 22:55:49.224 13634 13634 D M_InsDal: Lcom/fsck/k9/K9;--->messageListPreviewLines()I
05-24 22:55:49.224 13634 13634 D M_InsDal: Lcom/fsck/k9/K9;--->messageListCheckboxes()Z
05-24 22:55:49.224 13634 13634 D M_InsDal: Lcom/fsck/k9/K9;--->messageListStars()Z
05-24 22:55:49.224 13634 13634 D M_InsDal: Lcom/fsck/k9/K9;--->showContactPicture()Z
05-24 22:55:49.224 13634 13655 D M_InsDal: Lcom/fsck/k9/mail/store/imap/ImapStore;--->isPushCapable()Z
05-24 22:55:49.224 13634 13655 D M_InsDal: Lcom/fsck/k9/mail/store/imap/ImapStore;--->getPusher(Lcom/fsck/k9/mail/PushReceiver;)Lcom/fsck/k9/mail/Pusher;
05-24 22:55:49.224 13634 13634 D M_InsDal: Lcom/fsck/k9/helper/ContactPicture;--->getContactPictureLoader(Landroid/content/Context;)Lcom/fsck/k9/activity/misc/ContactPictureLoader;
05-24 22:55:49.224 13634 13634 D M_InsDal: Lcom/fsck/k9/K9;--->isColorizeMissingContactPictures()Z
05-24 22:55:49.224 13634 13634 D M_InsDal: Lcom/fsck/k9/activity/misc/ContactPictureLoader;---><clinit>()V
05-24 22:55:49.224 13634 13655 D M_InsDal: Lcom/fsck/k9/mail/store/imap/ImapPusher;---><init>(Lcom/fsck/k9/mail/store/imap/ImapStore;Lcom/fsck/k9/mail/PushReceiver;)V
05-24 22:55:49.224 13634 13655 D M_InsDal: Lcom/fsck/k9/Account;--->hashCode()I
05-24 22:55:49.225 13634 13655 D M_InsDal: Lcom/fsck/k9/mail/store/imap/ImapPusher;--->start(Ljava/util/List;)V
05-24 22:55:49.225 13634 13655 D M_InsDal: Lcom/fsck/k9/mail/store/imap/ImapPusher;--->stop()V
05-24 22:55:49.225 13634 13655 D M_InsDal: Lcom/fsck/k9/mail/K9MailLib;--->isDebug()Z
05-24 22:55:49.225 13634 13655 D M_InsDal: Lcom/fsck/k9/K9$2;--->enabled()Z
05-24 22:55:49.225 13634 13655 D M_InsDal: Lcom/fsck/k9/mail/store/imap/ImapPusher;--->currentTimeMillis()J
05-24 22:55:49.225 13634 13655 D M_InsDal: Lcom/fsck/k9/mail/store/imap/ImapPusher;--->setLastRefresh(J)V
05-24 22:55:49.225 13634 13655 D M_InsDal: Lcom/fsck/k9/mail/store/imap/ImapPusher;--->createImapFolderPusher(Ljava/lang/String;)Lcom/fsck/k9/mail/store/imap/ImapFolderPusher;
05-24 22:55:49.225 13634 13655 D M_InsDal: Lcom/fsck/k9/mail/store/imap/ImapFolder;---><clinit>()V
05-24 22:55:49.225 13634 13655 D M_InsDal: Lcom/fsck/k9/mail/store/imap/ImapFolder$1;---><init>()V
