05-24 22:55:59.183 13721 13721 D M_InsDal: Lcom/fsck/k9/activity/FolderInfoHolder;---><init>(Landroid/content/Context;Lcom/fsck/k9/mailstore/LocalFolder;Lcom/fsck/k9/Account;)V
05-24 22:55:59.183 13721 13721 D M_InsDal: Lcom/fsck/k9/activity/FolderInfoHolder;--->populate(Landroid/content/Context;Lcom/fsck/k9/mailstore/LocalFolder;Lcom/fsck/k9/Account;)V
05-24 22:55:59.183 13721 13721 D M_InsDal: Lcom/fsck/k9/mailstore/LocalFolder;--->getName()Ljava/lang/String;
05-24 22:55:59.183 13721 13721 D M_InsDal: Lcom/fsck/k9/mail/Folder;--->getLastUpdate()J
05-24 22:55:59.183 13721 13721 D M_InsDal: Lcom/fsck/k9/mail/Folder;--->getLastChecked()J
05-24 22:55:59.183 13721 13721 D M_InsDal: Lcom/fsck/k9/mail/Folder;--->getLastPush()J
05-24 22:55:59.183 13721 13721 D M_InsDal: Lcom/fsck/k9/mail/Folder;--->getStatus()Ljava/lang/String;
05-24 22:55:59.183 13721 13721 D M_InsDal: Lcom/fsck/k9/activity/FolderInfoHolder;--->truncateStatus(Ljava/lang/String;)Ljava/lang/String;
05-24 22:55:59.183 13721 13721 D M_InsDal: Lcom/fsck/k9/activity/FolderInfoHolder;--->getDisplayName(Landroid/content/Context;Lcom/fsck/k9/Account;Ljava/lang/String;)Ljava/lang/String;
05-24 22:55:59.183 13721 13721 D M_InsDal: Lcom/fsck/k9/Account;--->getSpamFolderName()Ljava/lang/String;
05-24 22:55:59.183 13721 13721 D M_InsDal: Lcom/fsck/k9/Account;--->getArchiveFolderName()Ljava/lang/String;
05-24 22:55:59.183 13721 13721 D M_InsDal: Lcom/fsck/k9/Account;--->getSentFolderName()Ljava/lang/String;
05-24 22:55:59.183 13721 13721 D M_InsDal: Lcom/fsck/k9/Account;--->getTrashFolderName()Ljava/lang/String;
05-24 22:55:59.183 13721 13721 D M_InsDal: Lcom/fsck/k9/Account;--->getDraftsFolderName()Ljava/lang/String;
05-24 22:55:59.183 13721 13721 D M_InsDal: Lcom/fsck/k9/Account;--->getOutboxFolderName()Ljava/lang/String;
05-24 22:55:59.183 13721 13721 D M_InsDal: Lcom/fsck/k9/Account;--->getInboxFolderName()Ljava/lang/String;
05-24 22:55:59.183 13721 13721 D M_InsDal: Lcom/fsck/k9/activity/FolderInfoHolder;--->setMoreMessagesFromFolder(Lcom/fsck/k9/mailstore/LocalFolder;)V
05-24 22:55:59.183 13721 13721 D M_InsDal: Lcom/fsck/k9/mailstore/LocalFolder;--->hasMoreMessages()Z
05-24 22:55:59.183 13721 13721 D M_InsDal: Lcom/fsck/k9/fragment/MessageListFragment;--->getFooterView(Landroid/view/ViewGroup;)Landroid/view/View;
05-24 22:55:59.183 13721 13721 D M_InsDal: Lcom/fsck/k9/fragment/MessageListFragment$FooterViewHolder;---><init>()V
05-24 22:55:59.183 13721 13721 D M_InsDal: Lcom/fsck/k9/fragment/MessageListFragment;--->updateFooterView()V
05-24 22:55:59.183 13721 13721 D M_InsDal: Lcom/fsck/k9/search/LocalSearch;--->isManualSearch()Z
05-24 22:55:59.183 13721 13721 D M_InsDal: Lcom/fsck/k9/fragment/MessageListFragment;--->updateFooter(Ljava/lang/String;)V
05-24 22:55:59.183 13721 13721 D M_InsDal: Lcom/fsck/k9/fragment/MessageListFragment;--->initializeSortSettings()V
05-24 22:55:59.183 13721 13721 D M_InsDal: Lcom/fsck/k9/Account;--->getSortType()Lcom/fsck/k9/Account$SortType;
05-24 22:55:59.183 13721 13721 D M_InsDal: Lcom/fsck/k9/Account;--->isSortAscending(Lcom/fsck/k9/Account$SortType;)Z
05-24 22:55:59.183 13721 13721 D M_InsDal: Lcom/fsck/k9/Account;--->isSortAscending(Lcom/fsck/k9/Account$SortType;)Z
05-24 22:55:59.183 13721 13721 D M_InsDal: Lcom/fsck/k9/fragment/MessageListFragment;--->onCreateLoader(ILandroid/os/Bundle;)Landroid/content/Loader;
05-24 22:55:59.183 13721 13721 D M_InsDal: Lcom/fsck/k9/Preferences;--->getAccount(Ljava/lang/String;)Lcom/fsck/k9/Account;
05-24 22:55:59.183 13721 13721 D M_InsDal: Lcom/fsck/k9/fragment/MessageListFragment;--->getThreadId(Lcom/fsck/k9/search/LocalSearch;)Ljava/lang/String;
05-24 22:55:59.183 13721 13721 D M_InsDal: Lcom/fsck/k9/search/LocalSearch;--->getLeafSet()Ljava/util/Set;
05-24 22:55:59.183 13721 13721 D M_InsDal: Lcom/fsck/k9/fragment/MLFProjectionInfo;---><clinit>()V
05-24 22:55:59.183 13721 13721 D M_InsDal: Lcom/fsck/k9/search/LocalSearch;--->getConditions()Lcom/fsck/k9/search/ConditionsTreeNode;
05-24 22:55:59.183 13721 13721 D M_InsDal: Lcom/fsck/k9/search/SqlQueryBuilder;--->buildWhereClause(Lcom/fsck/k9/Account;Lcom/fsck/k9/search/ConditionsTreeNode;Ljava/lang/StringBuilder;Ljava/util/List;)V
05-24 22:55:59.183 13721 13721 D M_InsDal: Lcom/fsck/k9/search/SqlQueryBuilder;--->buildWhereClauseInternal(Lcom/fsck/k9/Account;Lcom/fsck/k9/search/ConditionsTreeNode;Ljava/lang/StringBuilder;Ljava/util/List;)V
05-24 22:55:59.183 13721 13721 D M_InsDal: Lcom/fsck/k9/search/SqlQueryBuilder$1;---><clinit>()V
05-24 22:55:59.183 13721 13721 D M_InsDal: Lcom/fsck/k9/search/SearchSpecification$Attribute;--->values()[Lcom/fsck/k9/search/SearchSpecification$Attribute;
05-24 22:55:59.183 13721 13721 D M_InsDal: Lcom/fsck/k9/search/SearchSpecification$SearchField;--->values()[Lcom/fsck/k9/search/SearchSpecification$SearchField;
05-24 22:55:59.183 13721 13721 D M_InsDal: Lcom/fsck/k9/Account$Searchable;--->values()[Lcom/fsck/k9/Account$Searchable;
05-24 22:55:59.183 13721 13721 D M_InsDal: Lcom/fsck/k9/search/SqlQueryBuilder;--->getFolderId(Lcom/fsck/k9/Account;Ljava/lang/String;)J
05-24 22:55:59.183 13721 13721 D M_InsDal: Lcom/fsck/k9/Account;--->getLocalStore()Lcom/fsck/k9/mailstore/LocalStore;
05-24 22:55:59.183 13721 13721 D M_InsDal: Lcom/fsck/k9/mailstore/LocalStore;--->getInstance(Lcom/fsck/k9/Account;Landroid/content/Context;)Lcom/fsck/k9/mailstore/LocalStore;
05-24 22:55:59.183 13721 13721 D M_InsDal: Lcom/fsck/k9/Account;--->getUuid()Ljava/lang/String;
05-24 22:55:59.183 13721 13721 D M_InsDal: Lcom/fsck/k9/mailstore/LocalStore;--->getFolder(Ljava/lang/String;)Lcom/fsck/k9/mailstore/LocalFolder;
05-24 22:55:59.183 13721 13721 D M_InsDal: Lcom/fsck/k9/mailstore/LocalFolder;---><init>(Lcom/fsck/k9/mailstore/LocalStore;Ljava/lang/String;)V
05-24 22:55:59.183 13721 13721 D M_InsDal: Lcom/fsck/k9/mail/Folder;---><init>()V
05-24 22:55:59.183 13721 13721 D M_InsDal: Lcom/fsck/k9/mailstore/LocalStore;--->getAttachmentInfoExtractor()Lcom/fsck/k9/message/extractors/AttachmentInfoExtractor;
05-24 22:55:59.183 13721 13721 D M_InsDal: Lcom/fsck/k9/mailstore/LocalFolder;--->getAccount()Lcom/fsck/k9/Account;
05-24 22:55:59.183 13721 13721 D M_InsDal: Lcom/fsck/k9/mailstore/LocalStore;--->getAccount()Lcom/fsck/k9/Account;
05-24 22:55:59.183 13721 13721 D M_InsDal: Lcom/fsck/k9/Account;--->getInboxFolderName()Ljava/lang/String;
05-24 22:55:59.183 13721 13721 D M_InsDal: Lcom/fsck/k9/mailstore/LocalFolder;--->getName()Ljava/lang/String;
05-24 22:55:59.183 13721 13721 D M_InsDal: Lcom/fsck/k9/mailstore/LocalFolder;--->open(I)V
05-24 22:55:59.183 13721 13721 D M_InsDal: Lcom/fsck/k9/mailstore/LocalFolder;--->isOpen()Z
05-24 22:55:59.183 13721 13721 D M_InsDal: Lcom/fsck/k9/mailstore/LocalFolder;--->isOpen()Z
05-24 22:55:59.183 13721 13721 D M_InsDal: Lcom/fsck/k9/mailstore/LocalStore;--->getDatabase()Lcom/fsck/k9/mailstore/LockableDatabase;
05-24 22:55:59.183 13721 13721 D M_InsDal: Lcom/fsck/k9/mailstore/LocalFolder$1;---><init>(Lcom/fsck/k9/mailstore/LocalFolder;I)V
05-24 22:55:59.183 13721 13721 D M_InsDal: Lcom/fsck/k9/mailstore/LockableDatabase;--->execute(ZLcom/fsck/k9/mailstore/LockableDatabase$DbCallback;)Ljava/lang/Object;
05-24 22:55:59.183 13721 13721 D M_InsDal: Lcom/fsck/k9/mailstore/LockableDatabase;--->lockRead()V
05-24 22:55:59.183 13721 13721 D M_InsDal: Lcom/fsck/k9/mailstore/LockableDatabase;--->getStorageManager()Lcom/fsck/k9/mailstore/StorageManager;
05-24 22:55:59.183 13721 13721 D M_InsDal: Lcom/fsck/k9/mailstore/StorageManager;--->getInstance(Landroid/content/Context;)Lcom/fsck/k9/mailstore/StorageManager;
05-24 22:55:59.183 13721 13721 D M_InsDal: Lcom/fsck/k9/mailstore/StorageManager;--->lockProvider(Ljava/lang/String;)V
05-24 22:55:59.183 13721 13721 D M_InsDal: Lcom/fsck/k9/mailstore/StorageManager;--->getProvider(Ljava/lang/String;)Lcom/fsck/k9/mailstore/StorageManager$StorageProvider;
05-24 22:55:59.183 13721 13721 D M_InsDal: Lcom/fsck/k9/mailstore/StorageManager$InternalStorageProvider;--->isReady(Landroid/content/Context;)Z
05-24 22:55:59.183 13721 13721 D M_InsDal: Lcom/fsck/k9/K9;--->isDebug()Z
05-24 22:55:59.183 13721 13721 D M_InsDal: Lcom/fsck/k9/mailstore/LocalFolder$1;--->doDbWork(Landroid/database/sqlite/SQLiteDatabase;)Ljava/lang/Void;
05-24 22:55:59.183 13721 13721 D M_InsDal: Lcom/fsck/k9/mailstore/LocalFolder;--->open(Landroid/database/Cursor;)V
05-24 22:55:59.183 13721 13721 D M_InsDal: Lcom/fsck/k9/mail/Folder;--->setStatus(Ljava/lang/String;)V
05-24 22:55:59.183 13721 13721 D M_InsDal: Lcom/fsck/k9/mail/Folder;--->setLastChecked(J)V
05-24 22:55:59.183 13721 13721 D M_InsDal: Lcom/fsck/k9/mail/Folder;--->setLastPush(J)V
05-24 22:55:59.183 13721 13721 D M_InsDal: Lcom/fsck/k9/mail/Folder$FolderClass;--->valueOf(Ljava/lang/String;)Lcom/fsck/k9/mail/Folder$FolderClass;
05-24 22:55:59.183 13721 13721 D M_InsDal: Lcom/fsck/k9/mail/Folder$FolderClass;--->valueOf(Ljava/lang/String;)Lcom/fsck/k9/mail/Folder$FolderClass;
05-24 22:55:59.183 13721 13721 D M_InsDal: Lcom/fsck/k9/mailstore/LocalFolder$MoreMessages;--->fromDatabaseName(Ljava/lang/String;)Lcom/fsck/k9/mailstore/LocalFolder$MoreMessages;
05-24 22:55:59.183 13721 13721 D M_InsDal: Lcom/fsck/k9/mailstore/LocalFolder$MoreMessages;--->values()[Lcom/fsck/k9/mailstore/LocalFolder$MoreMessages;
05-24 22:55:59.184 13721 13721 D M_InsDal: Lcom/fsck/k9/helper/Utility;--->closeQuietly(Landroid/database/Cursor;)V
05-24 22:55:59.184 13721 13721 D M_InsDal: Lcom/fsck/k9/mailstore/LockableDatabase;--->unlockRead()V
05-24 22:55:59.184 13721 13721 D M_InsDal: Lcom/fsck/k9/mailstore/LockableDatabase;--->getStorageManager()Lcom/fsck/k9/mailstore/StorageManager;
05-24 22:55:59.184 13721 13721 D M_InsDal: Lcom/fsck/k9/mailstore/StorageManager;--->getInstance(Landroid/content/Context;)Lcom/fsck/k9/mailstore/StorageManager;
05-24 22:55:59.184 13721 13721 D M_InsDal: Lcom/fsck/k9/mailstore/StorageManager;--->unlockProvider(Ljava/lang/String;)V
05-24 22:55:59.184 13721 13721 D M_InsDal: Lcom/fsck/k9/mailstore/StorageManager;--->getProvider(Ljava/lang/String;)Lcom/fsck/k9/mailstore/StorageManager$StorageProvider;
05-24 22:55:59.184 13721 13721 D M_InsDal: Lcom/fsck/k9/mailstore/LocalFolder;--->getDatabaseId()J
05-24 22:55:59.184 13721 13721 D M_InsDal: Lcom/fsck/k9/fragment/MessageListFragment;--->buildSortOrder()Ljava/lang/String;
05-24 22:55:59.184 13721 13721 D M_InsDal: Lcom/fsck/k9/fragment/MessageListFragment$4;---><clinit>()V
05-24 22:55:59.184 13721 13721 D M_InsDal: Lcom/fsck/k9/Account$SortType;--->values()[Lcom/fsck/k9/Account$SortType;
05-24 22:55:59.185 13721 13750 D M_InsDal: Lcom/fsck/k9/provider/EmailProvider;--->query(Landroid/net/Uri;[Ljava/lang/String;Ljava/lang/String;[Ljava/lang/String;Ljava/lang/String;)Landroid/database/Cursor;
05-24 22:55:59.185 13721 13750 D M_InsDal: Lcom/fsck/k9/provider/EmailProvider;--->getThreadedMessages(Ljava/lang/String;[Ljava/lang/String;Ljava/lang/String;[Ljava/lang/String;Ljava/lang/String;)Landroid/database/Cursor;
05-24 22:55:59.185 13721 13750 D M_InsDal: Lcom/fsck/k9/provider/EmailProvider;--->getAccount(Ljava/lang/String;)Lcom/fsck/k9/Account;
05-24 22:55:59.185 13721 13750 D M_InsDal: Lcom/fsck/k9/Preferences;--->getPreferences(Landroid/content/Context;)Lcom/fsck/k9/Preferences;
05-24 22:55:59.185 13721 13750 D M_InsDal: Lcom/fsck/k9/Preferences;--->getAccount(Ljava/lang/String;)Lcom/fsck/k9/Account;
05-24 22:55:59.185 13721 13750 D M_InsDal: Lcom/fsck/k9/provider/EmailProvider;--->getDatabase(Lcom/fsck/k9/Account;)Lcom/fsck/k9/mailstore/LockableDatabase;
05-24 22:55:59.185 13721 13750 D M_InsDal: Lcom/fsck/k9/Account;--->getLocalStore()Lcom/fsck/k9/mailstore/LocalStore;
05-24 22:55:59.185 13721 13750 D M_InsDal: Lcom/fsck/k9/mailstore/LocalStore;--->getInstance(Lcom/fsck/k9/Account;Landroid/content/Context;)Lcom/fsck/k9/mailstore/LocalStore;
05-24 22:55:59.185 13721 13750 D M_InsDal: Lcom/fsck/k9/Account;--->getUuid()Ljava/lang/String;
05-24 22:55:59.185 13721 13750 D M_InsDal: Lcom/fsck/k9/mailstore/LocalStore;--->getDatabase()Lcom/fsck/k9/mailstore/LockableDatabase;
05-24 22:55:59.185 13721 13750 D M_InsDal: Lcom/fsck/k9/provider/EmailProvider$2;---><init>(Lcom/fsck/k9/provider/EmailProvider;[Ljava/lang/String;Ljava/lang/String;Ljava/lang/String;[Ljava/lang/String;)V
05-24 22:55:59.185 13721 13750 D M_InsDal: Lcom/fsck/k9/mailstore/LockableDatabase;--->execute(ZLcom/fsck/k9/mailstore/LockableDatabase$DbCallback;)Ljava/lang/Object;
05-24 22:55:59.185 13721 13750 D M_InsDal: Lcom/fsck/k9/mailstore/LockableDatabase;--->lockRead()V
05-24 22:55:59.185 13721 13750 D M_InsDal: Lcom/fsck/k9/mailstore/LockableDatabase;--->getStorageManager()Lcom/fsck/k9/mailstore/StorageManager;
05-24 22:55:59.185 13721 13750 D M_InsDal: Lcom/fsck/k9/mailstore/StorageManager;--->getInstance(Landroid/content/Context;)Lcom/fsck/k9/mailstore/StorageManager;
05-24 22:55:59.185 13721 13750 D M_InsDal: Lcom/fsck/k9/mailstore/StorageManager;--->lockProvider(Ljava/lang/String;)V
05-24 22:55:59.185 13721 13750 D M_InsDal: Lcom/fsck/k9/mailstore/StorageManager;--->getProvider(Ljava/lang/String;)Lcom/fsck/k9/mailstore/StorageManager$StorageProvider;
05-24 22:55:59.185 13721 13721 D M_InsDal: Lcom/fsck/k9/activity/MessageList;--->onResume()V
05-24 22:55:59.185 13721 13750 D M_InsDal: Lcom/fsck/k9/mailstore/StorageManager$InternalStorageProvider;--->isReady(Landroid/content/Context;)Z
05-24 22:55:59.185 13721 13750 D M_InsDal: Lcom/fsck/k9/K9;--->isDebug()Z
05-24 22:55:59.185 13721 13750 D M_InsDal: Lcom/fsck/k9/provider/EmailProvider$2;--->doDbWork(Landroid/database/sqlite/SQLiteDatabase;)Landroid/database/Cursor;
05-24 22:55:59.185 13721 13750 D M_InsDal: Lcom/fsck/k9/provider/EmailProvider;--->createThreadedSubQuery([Ljava/lang/String;Ljava/lang/String;Ljava/lang/StringBuilder;)V
05-24 22:55:59.185 13721 13750 D M_InsDal: Lcom/fsck/k9/helper/Utility;--->arrayContainsAny([Ljava/lang/Object;[Ljava/lang/Object;)Z
05-24 22:55:59.185 13721 13750 D M_InsDal: Lcom/fsck/k9/helper/Utility;--->arrayContains([Ljava/lang/Object;Ljava/lang/Object;)Z
05-24 22:55:59.185 13721 13750 D M_InsDal: Lcom/fsck/k9/helper/Utility;--->arrayContainsAny([Ljava/lang/Object;[Ljava/lang/Object;)Z
05-24 22:55:59.185 13721 13750 D M_InsDal: Lcom/fsck/k9/helper/Utility;--->arrayContains([Ljava/lang/Object;Ljava/lang/Object;)Z
05-24 22:55:59.185 13721 13750 D M_InsDal: Lcom/fsck/k9/search/SqlQueryBuilder;--->addPrefixToSelection([Ljava/lang/String;Ljava/lang/String;Ljava/lang/String;)Ljava/lang/String;
05-24 22:55:59.185 13721 13721 D M_InsDal: Lcom/fsck/k9/activity/Search;---><clinit>()V
05-24 22:55:59.185 13721 13721 D M_InsDal: Lcom/fsck/k9/activity/Search;--->setActive(Z)V
05-24 22:55:59.185 13721 13721 D M_InsDal: Lcom/fsck/k9/Account;--->isAvailable(Landroid/content/Context;)Z
05-24 22:55:59.185 13721 13721 D M_InsDal: Lcom/fsck/k9/Account;--->getLocalStorageProviderId()Ljava/lang/String;
05-24 22:55:59.185 13721 13721 D M_InsDal: Lcom/fsck/k9/mailstore/StorageManager;--->getInstance(Landroid/content/Context;)Lcom/fsck/k9/mailstore/StorageManager;
05-24 22:55:59.185 13721 13721 D M_InsDal: Lcom/fsck/k9/mailstore/StorageManager;--->isReady(Ljava/lang/String;)Z
05-24 22:55:59.185 13721 13721 D M_InsDal: Lcom/fsck/k9/mailstore/StorageManager;--->getProvider(Ljava/lang/String;)Lcom/fsck/k9/mailstore/StorageManager$StorageProvider;
05-24 22:55:59.185 13721 13721 D M_InsDal: Lcom/fsck/k9/mailstore/StorageManager$InternalStorageProvider;--->isReady(Landroid/content/Context;)Z
05-24 22:55:59.185 13721 13721 D M_InsDal: Lcom/fsck/k9/mailstore/StorageManager;--->getInstance(Landroid/content/Context;)Lcom/fsck/k9/mailstore/StorageManager;
05-24 22:55:59.185 13721 13721 D M_InsDal: Lcom/fsck/k9/mailstore/StorageManager;--->addListener(Lcom/fsck/k9/mailstore/StorageManager$StorageListener;)V
05-24 22:55:59.185 13721 13721 D M_InsDal: Lcom/fsck/k9/fragment/MessageListFragment;--->onResume()V
05-24 22:55:59.185 13721 13721 D M_InsDal: Lcom/fsck/k9/K9;--->messageListSenderAboveSubject()Z
05-24 22:55:59.185 13721 13721 D M_InsDal: Lcom/fsck/k9/helper/Utility;--->hasConnectivity(Landroid/content/Context;)Z
05-24 22:55:59.185 13721 13721 D M_InsDal: Lcom/fsck/k9/activity/ActivityListener;--->onResume(Landroid/content/Context;)V
05-24 22:55:59.185 13721 13750 D M_InsDal: Lcom/fsck/k9/mailstore/LockableDatabase;--->unlockRead()V
05-24 22:55:59.185 13721 13750 D M_InsDal: Lcom/fsck/k9/mailstore/LockableDatabase;--->getStorageManager()Lcom/fsck/k9/mailstore/StorageManager;
05-24 22:55:59.185 13721 13750 D M_InsDal: Lcom/fsck/k9/mailstore/StorageManager;--->getInstance(Landroid/content/Context;)Lcom/fsck/k9/mailstore/StorageManager;
05-24 22:55:59.185 13721 13750 D M_InsDal: Lcom/fsck/k9/mailstore/StorageManager;--->unlockProvider(Ljava/lang/String;)V
05-24 22:55:59.185 13721 13750 D M_InsDal: Lcom/fsck/k9/mailstore/StorageManager;--->getProvider(Ljava/lang/String;)Lcom/fsck/k9/mailstore/StorageManager$StorageProvider;
05-24 22:55:59.186 13721 13721 D M_InsDal: Lcom/fsck/k9/controller/MessagingController;--->addListener(Lcom/fsck/k9/controller/MessagingListener;)V
05-24 22:55:59.186 13721 13721 D M_InsDal: Lcom/fsck/k9/controller/MessagingController;--->refreshListener(Lcom/fsck/k9/controller/MessagingListener;)V
05-24 22:55:59.186 13721 13721 D M_InsDal: Lcom/fsck/k9/controller/MemorizingMessagingListener;--->refreshOther(Lcom/fsck/k9/controller/MessagingListener;)V
05-24 22:55:59.186 13721 13721 D M_InsDal: Lcom/fsck/k9/controller/MessagingController;--->cancelNotificationsForAccount(Lcom/fsck/k9/Account;)V
05-24 22:55:59.186 13721 13721 D M_InsDal: Lcom/fsck/k9/notification/NotificationController;--->clearNewMailNotifications(Lcom/fsck/k9/Account;)V
05-24 22:55:59.186 13721 13721 D M_InsDal: Lcom/fsck/k9/notification/NewMailNotifications;--->clearNewMailNotifications(Lcom/fsck/k9/Account;)V
05-24 22:55:59.186 13721 13721 D M_InsDal: Lcom/fsck/k9/notification/NewMailNotifications;--->removeNotificationData(Lcom/fsck/k9/Account;)Lcom/fsck/k9/notification/NotificationData;
05-24 22:55:59.186 13721 13721 D M_InsDal: Lcom/fsck/k9/Account;--->getAccountNumber()I
05-24 22:55:59.186 13721 13721 D M_InsDal: Lcom/fsck/k9/search/LocalSearch;--->isManualSearch()Z
05-24 22:55:59.186 13721 13721 D M_InsDal: Lcom/fsck/k9/controller/MessagingController;--->getFolderUnreadMessageCount(Lcom/fsck/k9/Account;Ljava/lang/String;Lcom/fsck/k9/controller/MessagingListener;)V
05-24 22:55:59.186 13721 13721 D M_InsDal: Lcom/fsck/k9/controller/MessagingController$24;---><init>(Lcom/fsck/k9/controller/MessagingController;Lcom/fsck/k9/Account;Ljava/lang/String;Lcom/fsck/k9/controller/MessagingListener;)V
05-24 22:55:59.186 13721 13721 D M_InsDal: Lcom/fsck/k9/Account;--->getDescription()Ljava/lang/String;
05-24 22:55:59.186 13721 13721 D M_InsDal: Lcom/fsck/k9/controller/MessagingController;--->put(Ljava/lang/String;Lcom/fsck/k9/controller/MessagingListener;Ljava/lang/Runnable;)V
05-24 22:55:59.186 13721 13721 D M_InsDal: Lcom/fsck/k9/controller/MessagingController;--->putCommand(Ljava/util/concurrent/BlockingQueue;Ljava/lang/String;Lcom/fsck/k9/controller/MessagingListener;Ljava/lang/Runnable;Z)V
05-24 22:55:59.186 13721 13721 D M_InsDal: Lcom/fsck/k9/controller/MessagingController$Command;---><init>()V
05-24 22:55:59.186 13721 13721 D M_InsDal: Lcom/fsck/k9/fragment/MessageListFragment;--->updateTitle()V
05-24 22:55:59.186 13721 13721 D M_InsDal: Lcom/fsck/k9/fragment/MessageListFragment;--->setWindowTitle()V
05-24 22:55:59.186 13721 13721 D M_InsDal: Lcom/fsck/k9/fragment/MessageListFragment;--->isManualSearch()Z
05-24 22:55:59.186 13721 13721 D M_InsDal: Lcom/fsck/k9/search/LocalSearch;--->isManualSearch()Z
05-24 22:55:59.186 13721 13721 D M_InsDal: Lcom/fsck/k9/activity/FolderInfoHolder;--->getDisplayName(Landroid/content/Context;Lcom/fsck/k9/Account;Ljava/lang/String;)Ljava/lang/String;
05-24 22:55:59.186 13721 13721 D M_InsDal: Lcom/fsck/k9/Account;--->getSpamFolderName()Ljava/lang/String;
05-24 22:55:59.186 13721 13721 D M_InsDal: Lcom/fsck/k9/Account;--->getArchiveFolderName()Ljava/lang/String;
05-24 22:55:59.186 13721 13721 D M_InsDal: Lcom/fsck/k9/Account;--->getSentFolderName()Ljava/lang/String;
05-24 22:55:59.186 13721 13721 D M_InsDal: Lcom/fsck/k9/Account;--->getTrashFolderName()Ljava/lang/String;
05-24 22:55:59.186 13721 13721 D M_InsDal: Lcom/fsck/k9/Account;--->getDraftsFolderName()Ljava/lang/String;
05-24 22:55:59.186 13721 13721 D M_InsDal: Lcom/fsck/k9/Account;--->getOutboxFolderName()Ljava/lang/String;
05-24 22:55:59.186 13721 13721 D M_InsDal: Lcom/fsck/k9/Account;--->getInboxFolderName()Ljava/lang/String;
05-24 22:55:59.186 13721 13740 D M_InsDal: Lcom/fsck/k9/controller/MessagingController$24;--->run()V
05-24 22:55:59.186 13721 13740 D M_InsDal: Lcom/fsck/k9/Account;--->getLocalStore()Lcom/fsck/k9/mailstore/LocalStore;
05-24 22:55:59.186 13721 13721 D M_InsDal: Lcom/fsck/k9/activity/MessageList;--->setMessageListTitle(Ljava/lang/String;)V
05-24 22:55:59.186 13721 13740 D M_InsDal: Lcom/fsck/k9/mailstore/LocalStore;--->getInstance(Lcom/fsck/k9/Account;Landroid/content/Context;)Lcom/fsck/k9/mailstore/LocalStore;
05-24 22:55:59.186 13721 13740 D M_InsDal: Lcom/fsck/k9/Account;--->getUuid()Ljava/lang/String;
05-24 22:55:59.186 13721 13721 D M_InsDal: Lcom/fsck/k9/activity/MessageList;--->setActionBarTitle(Ljava/lang/String;)V
05-24 22:55:59.186 13721 13740 D M_InsDal: Lcom/fsck/k9/mailstore/LocalStore;--->getFolder(Ljava/lang/String;)Lcom/fsck/k9/mailstore/LocalFolder;
05-24 22:55:59.186 13721 13740 D M_InsDal: Lcom/fsck/k9/mailstore/LocalFolder;---><init>(Lcom/fsck/k9/mailstore/LocalStore;Ljava/lang/String;)V
05-24 22:55:59.186 13721 13740 D M_InsDal: Lcom/fsck/k9/mail/Folder;---><init>()V
05-24 22:55:59.186 13721 13721 D M_InsDal: Lcom/fsck/k9/activity/ActivityListener;--->getOperation(Landroid/content/Context;)Ljava/lang/String;
05-24 22:55:59.186 13721 13740 D M_InsDal: Lcom/fsck/k9/mailstore/LocalStore;--->getAttachmentInfoExtractor()Lcom/fsck/k9/message/extractors/AttachmentInfoExtractor;
05-24 22:55:59.186 13721 13740 D M_InsDal: Lcom/fsck/k9/mailstore/LocalFolder;--->getAccount()Lcom/fsck/k9/Account;
05-24 22:55:59.186 13721 13721 D M_InsDal: Lcom/fsck/k9/service/MailService;--->getNextPollTime()J
05-24 22:55:59.186 13721 13740 D M_InsDal: Lcom/fsck/k9/mailstore/LocalStore;--->getAccount()Lcom/fsck/k9/Account;
05-24 22:55:59.186 13721 13721 D M_InsDal: Lcom/fsck/k9/K9;--->isDebug()Z
05-24 22:55:59.186 13721 13740 D M_InsDal: Lcom/fsck/k9/Account;--->getInboxFolderName()Ljava/lang/String;
05-24 22:55:59.186 13721 13740 D M_InsDal: Lcom/fsck/k9/mailstore/LocalFolder;--->getName()Ljava/lang/String;
05-24 22:55:59.186 13721 13721 D M_InsDal: Lcom/fsck/k9/service/MailService;--->isSyncDisabled()Z
05-24 22:55:59.186 13721 13721 D M_InsDal: Lcom/fsck/k9/Account;--->getEmail()Ljava/lang/String;
05-24 22:55:59.186 13721 13740 D M_InsDal: Lcom/fsck/k9/mailstore/LocalFolder;--->getUnreadMessageCount()I
05-24 22:55:59.186 13721 13721 D M_InsDal: Lcom/fsck/k9/Identity;--->getEmail()Ljava/lang/String;
05-24 22:55:59.186 13721 13740 D M_InsDal: Lcom/fsck/k9/mailstore/LocalFolder;--->open(I)V
05-24 22:55:59.186 13721 13750 D M_InsDal: Lcom/fsck/k9/provider/EmailProvider$IdTrickeryCursor;---><init>(Landroid/database/Cursor;)V
05-24 22:55:59.186 13721 13740 D M_InsDal: Lcom/fsck/k9/mailstore/LocalFolder;--->isOpen()Z
05-24 22:55:59.186 13721 13740 D M_InsDal: Lcom/fsck/k9/mailstore/LocalFolder;--->isOpen()Z
05-24 22:55:59.186 13721 13721 D M_InsDal: Lcom/fsck/k9/activity/MessageList;--->setMessageListSubTitle(Ljava/lang/String;)V
05-24 22:55:59.186 13721 13750 D M_InsDal: Lcom/fsck/k9/provider/EmailProvider$SpecialColumnsCursor;---><init>(Landroid/database/Cursor;[Ljava/lang/String;Ljava/util/Map;)V
05-24 22:55:59.186 13721 13721 D M_InsDal: Lcom/fsck/k9/activity/MessageList;--->setActionBarSubTitle(Ljava/lang/String;)V
05-24 22:55:59.186 13721 13740 D M_InsDal: Lcom/fsck/k9/mailstore/LocalStore;--->getDatabase()Lcom/fsck/k9/mailstore/LockableDatabase;
05-24 22:55:59.186 13721 13740 D M_InsDal: Lcom/fsck/k9/mailstore/LocalFolder$1;---><init>(Lcom/fsck/k9/mailstore/LocalFolder;I)V
05-24 22:55:59.186 13721 13721 D M_InsDal: Lcom/fsck/k9/activity/MessageList;--->setUnreadCount(I)V
05-24 22:55:59.186 13721 13740 D M_InsDal: Lcom/fsck/k9/mailstore/LockableDatabase;--->execute(ZLcom/fsck/k9/mailstore/LockableDatabase$DbCallback;)Ljava/lang/Object;
05-24 22:55:59.186 13721 13721 D M_InsDal: Lcom/fsck/k9/activity/MessageList;--->setActionBarUnread(I)V
05-24 22:55:59.186 13721 13740 D M_InsDal: Lcom/fsck/k9/mailstore/LockableDatabase;--->lockRead()V
05-24 22:55:59.186 13721 13740 D M_InsDal: Lcom/fsck/k9/mailstore/LockableDatabase;--->getStorageManager()Lcom/fsck/k9/mailstore/StorageManager;
05-24 22:55:59.186 13721 13721 D M_InsDal: Lcom/fsck/k9/search/LocalSearch;--->isManualSearch()Z
05-24 22:55:59.186 13721 13740 D M_InsDal: Lcom/fsck/k9/mailstore/StorageManager;--->getInstance(Landroid/content/Context;)Lcom/fsck/k9/mailstore/StorageManager;
05-24 22:55:59.186 13721 13721 D M_InsDal: Lcom/fsck/k9/fragment/MessageListFragment;--->setWindowProgress()V
05-24 22:55:59.186 13721 13740 D M_InsDal: Lcom/fsck/k9/mailstore/StorageManager;--->lockProvider(Ljava/lang/String;)V
05-24 22:55:59.186 13721 13740 D M_InsDal: Lcom/fsck/k9/mailstore/StorageManager;--->getProvider(Ljava/lang/String;)Lcom/fsck/k9/mailstore/StorageManager$StorageProvider;
05-24 22:55:59.186 13721 13721 D M_InsDal: Lcom/fsck/k9/activity/MessageList;--->setMessageListProgress(I)V
05-24 22:55:59.186 13721 13740 D M_InsDal: Lcom/fsck/k9/mailstore/StorageManager$InternalStorageProvider;--->isReady(Landroid/content/Context;)Z
05-24 22:55:59.186 13721 13740 D M_InsDal: Lcom/fsck/k9/K9;--->isDebug()Z
05-24 22:55:59.186 13721 13740 D M_InsDal: Lcom/fsck/k9/mailstore/LocalFolder$1;--->doDbWork(Landroid/database/sqlite/SQLiteDatabase;)Ljava/lang/Void;
05-24 22:55:59.186 13721 13750 D M_InsDal: Lcom/fsck/k9/cache/EmailProviderCacheCursor;---><init>(Ljava/lang/String;Landroid/database/Cursor;Landroid/content/Context;)V
05-24 22:55:59.186 13721 13750 D M_InsDal: Lcom/fsck/k9/cache/EmailProviderCache;---><clinit>()V
05-24 22:55:59.186 13721 13750 D M_InsDal: Lcom/fsck/k9/cache/EmailProviderCache;--->getCache(Ljava/lang/String;Landroid/content/Context;)Lcom/fsck/k9/cache/EmailProviderCache;
05-24 22:55:59.186 13721 13750 D M_InsDal: Lcom/fsck/k9/cache/EmailProviderCache;---><init>(Ljava/lang/String;)V
05-24 22:55:59.186 13721 13750 D M_InsDal: Lcom/fsck/k9/provider/EmailProvider$SpecialColumnsCursor;--->getColumnIndex(Ljava/lang/String;)I
05-24 22:55:59.186 13721 13740 D M_InsDal: Lcom/fsck/k9/mailstore/LocalFolder;--->open(Landroid/database/Cursor;)V
05-24 22:55:59.186 13721 13750 D M_InsDal: Lcom/fsck/k9/provider/EmailProvider$SpecialColumnsCursor;--->getColumnIndex(Ljava/lang/String;)I
05-24 22:55:59.186 13721 13750 D M_InsDal: Lcom/fsck/k9/provider/EmailProvider$SpecialColumnsCursor;--->getColumnIndex(Ljava/lang/String;)I
05-24 22:55:59.186 13721 13740 D M_InsDal: Lcom/fsck/k9/mail/Folder;--->setStatus(Ljava/lang/String;)V
05-24 22:55:59.186 13721 13740 D M_InsDal: Lcom/fsck/k9/mail/Folder;--->setLastChecked(J)V
05-24 22:55:59.186 13721 13740 D M_InsDal: Lcom/fsck/k9/mail/Folder;--->setLastPush(J)V
05-24 22:55:59.186 13721 13740 D M_InsDal: Lcom/fsck/k9/mail/Folder$FolderClass;--->valueOf(Ljava/lang/String;)Lcom/fsck/k9/mail/Folder$FolderClass;
05-24 22:55:59.186 13721 13740 D M_InsDal: Lcom/fsck/k9/mail/Folder$FolderClass;--->valueOf(Ljava/lang/String;)Lcom/fsck/k9/mail/Folder$FolderClass;
05-24 22:55:59.186 13721 13740 D M_InsDal: Lcom/fsck/k9/mailstore/LocalFolder$MoreMessages;--->fromDatabaseName(Ljava/lang/String;)Lcom/fsck/k9/mailstore/LocalFolder$MoreMessages;
05-24 22:55:59.186 13721 13740 D M_InsDal: Lcom/fsck/k9/mailstore/LocalFolder$MoreMessages;--->values()[Lcom/fsck/k9/mailstore/LocalFolder$MoreMessages;
05-24 22:55:59.186 13721 13740 D M_InsDal: Lcom/fsck/k9/helper/Utility;--->closeQuietly(Landroid/database/Cursor;)V
05-24 22:55:59.186 13721 13740 D M_InsDal: Lcom/fsck/k9/mailstore/LockableDatabase;--->unlockRead()V
05-24 22:55:59.186 13721 13740 D M_InsDal: Lcom/fsck/k9/mailstore/LockableDatabase;--->getStorageManager()Lcom/fsck/k9/mailstore/StorageManager;
05-24 22:55:59.186 13721 13740 D M_InsDal: Lcom/fsck/k9/mailstore/StorageManager;--->getInstance(Landroid/content/Context;)Lcom/fsck/k9/mailstore/StorageManager;
05-24 22:55:59.186 13721 13740 D M_InsDal: Lcom/fsck/k9/mailstore/StorageManager;--->unlockProvider(Ljava/lang/String;)V
05-24 22:55:59.186 13721 13740 D M_InsDal: Lcom/fsck/k9/mailstore/StorageManager;--->getProvider(Ljava/lang/String;)Lcom/fsck/k9/mailstore/StorageManager$StorageProvider;
05-24 22:55:59.186 13721 13740 D M_InsDal: Lcom/fsck/k9/mailstore/LocalStore;--->getDatabase()Lcom/fsck/k9/mailstore/LockableDatabase;
05-24 22:55:59.186 13721 13740 D M_InsDal: Lcom/fsck/k9/mailstore/LocalFolder$4;---><init>(Lcom/fsck/k9/mailstore/LocalFolder;)V
05-24 22:55:59.186 13721 13740 D M_InsDal: Lcom/fsck/k9/mailstore/LockableDatabase;--->execute(ZLcom/fsck/k9/mailstore/LockableDatabase$DbCallback;)Ljava/lang/Object;
05-24 22:55:59.186 13721 13740 D M_InsDal: Lcom/fsck/k9/mailstore/LockableDatabase;--->lockRead()V
05-24 22:55:59.186 13721 13740 D M_InsDal: Lcom/fsck/k9/mailstore/LockableDatabase;--->getStorageManager()Lcom/fsck/k9/mailstore/StorageManager;
05-24 22:55:59.186 13721 13740 D M_InsDal: Lcom/fsck/k9/mailstore/StorageManager;--->getInstance(Landroid/content/Context;)Lcom/fsck/k9/mailstore/StorageManager;
05-24 22:55:59.186 13721 13740 D M_InsDal: Lcom/fsck/k9/mailstore/StorageManager;--->lockProvider(Ljava/lang/String;)V
05-24 22:55:59.186 13721 13740 D M_InsDal: Lcom/fsck/k9/mailstore/StorageManager;--->getProvider(Ljava/lang/String;)Lcom/fsck/k9/mailstore/StorageManager$StorageProvider;
05-24 22:55:59.186 13721 13740 D M_InsDal: Lcom/fsck/k9/mailstore/StorageManager$InternalStorageProvider;--->isReady(Landroid/content/Context;)Z
05-24 22:55:59.186 13721 13740 D M_InsDal: Lcom/fsck/k9/K9;--->isDebug()Z
05-24 22:55:59.186 13721 13740 D M_InsDal: Lcom/fsck/k9/mailstore/LocalFolder$4;--->doDbWork(Landroid/database/sqlite/SQLiteDatabase;)Ljava/lang/Integer;
05-24 22:55:59.187 13721 13750 D M_InsDal: Lcom/fsck/k9/provider/EmailProvider$SpecialColumnsCursor;--->getLong(I)J
05-24 22:55:59.187 13721 13750 D M_InsDal: Lcom/fsck/k9/provider/EmailProvider$SpecialColumnsCursor;--->getLong(I)J
05-24 22:55:59.187 13721 13750 D M_InsDal: Lcom/fsck/k9/cache/EmailProviderCache;--->isMessageHidden(Ljava/lang/Long;J)Z
05-24 22:55:59.187 13721 13750 D M_InsDal: Lcom/fsck/k9/provider/EmailProvider$SpecialColumnsCursor;--->getLong(I)J
05-24 22:55:59.187 13721 13750 D M_InsDal: Lcom/fsck/k9/provider/EmailProvider$SpecialColumnsCursor;--->getLong(I)J
05-24 22:55:59.187 13721 13750 D M_InsDal: Lcom/fsck/k9/cache/EmailProviderCache;--->isMessageHidden(Ljava/lang/Long;J)Z
05-24 22:55:59.187 13721 13750 D M_InsDal: Lcom/fsck/k9/provider/EmailProvider$SpecialColumnsCursor;--->getLong(I)J
05-24 22:55:59.187 13721 13750 D M_InsDal: Lcom/fsck/k9/provider/EmailProvider$SpecialColumnsCursor;--->getLong(I)J
05-24 22:55:59.187 13721 13750 D M_InsDal: Lcom/fsck/k9/cache/EmailProviderCache;--->isMessageHidden(Ljava/lang/Long;J)Z
05-24 22:55:59.187 13721 13750 D M_InsDal: Lcom/fsck/k9/provider/EmailProvider$SpecialColumnsCursor;--->getLong(I)J
05-24 22:55:59.187 13721 13750 D M_InsDal: Lcom/fsck/k9/provider/EmailProvider$SpecialColumnsCursor;--->getLong(I)J
05-24 22:55:59.187 13721 13750 D M_InsDal: Lcom/fsck/k9/cache/EmailProviderCache;--->isMessageHidden(Ljava/lang/Long;J)Z
05-24 22:55:59.187 13721 13750 D M_InsDal: Lcom/fsck/k9/provider/EmailProvider$SpecialColumnsCursor;--->getLong(I)J
05-24 22:55:59.187 13721 13750 D M_InsDal: Lcom/fsck/k9/provider/EmailProvider$SpecialColumnsCursor;--->getLong(I)J
05-24 22:55:59.187 13721 13750 D M_InsDal: Lcom/fsck/k9/cache/EmailProviderCache;--->isMessageHidden(Ljava/lang/Long;J)Z
05-24 22:55:59.187 13721 13750 D M_InsDal: Lcom/fsck/k9/provider/EmailProvider$SpecialColumnsCursor;--->getLong(I)J
05-24 22:55:59.187 13721 13750 D M_InsDal: Lcom/fsck/k9/provider/EmailProvider$SpecialColumnsCursor;--->getLong(I)J
05-24 22:55:59.187 13721 13750 D M_InsDal: Lcom/fsck/k9/cache/EmailProviderCache;--->isMessageHidden(Ljava/lang/Long;J)Z
05-24 22:55:59.187 13721 13750 D M_InsDal: Lcom/fsck/k9/provider/EmailProvider$SpecialColumnsCursor;--->getLong(I)J
05-24 22:55:59.187 13721 13750 D M_InsDal: Lcom/fsck/k9/provider/EmailProvider$SpecialColumnsCursor;--->getLong(I)J
05-24 22:55:59.187 13721 13750 D M_InsDal: Lcom/fsck/k9/cache/EmailProviderCache;--->isMessageHidden(Ljava/lang/Long;J)Z
05-24 22:55:59.187 13721 13750 D M_InsDal: Lcom/fsck/k9/provider/EmailProvider$SpecialColumnsCursor;--->getLong(I)J
05-24 22:55:59.187 13721 13750 D M_InsDal: Lcom/fsck/k9/provider/EmailProvider$SpecialColumnsCursor;--->getLong(I)J
05-24 22:55:59.187 13721 13750 D M_InsDal: Lcom/fsck/k9/cache/EmailProviderCache;--->isMessageHidden(Ljava/lang/Long;J)Z
05-24 22:55:59.187 13721 13750 D M_InsDal: Lcom/fsck/k9/provider/EmailProvider$SpecialColumnsCursor;--->getLong(I)J
05-24 22:55:59.187 13721 13750 D M_InsDal: Lcom/fsck/k9/provider/EmailProvider$SpecialColumnsCursor;--->getLong(I)J
05-24 22:55:59.187 13721 13750 D M_InsDal: Lcom/fsck/k9/cache/EmailProviderCache;--->isMessageHidden(Ljava/lang/Long;J)Z
05-24 22:55:59.187 13721 13750 D M_InsDal: Lcom/fsck/k9/provider/EmailProvider$SpecialColumnsCursor;--->getLong(I)J
05-24 22:55:59.187 13721 13750 D M_InsDal: Lcom/fsck/k9/provider/EmailProvider$SpecialColumnsCursor;--->getLong(I)J
05-24 22:55:59.187 13721 13750 D M_InsDal: Lcom/fsck/k9/cache/EmailProviderCache;--->isMessageHidden(Ljava/lang/Long;J)Z
05-24 22:55:59.187 13721 13750 D M_InsDal: Lcom/fsck/k9/provider/EmailProvider$SpecialColumnsCursor;--->getLong(I)J
05-24 22:55:59.187 13721 13750 D M_InsDal: Lcom/fsck/k9/provider/EmailProvider$SpecialColumnsCursor;--->getLong(I)J
05-24 22:55:59.187 13721 13750 D M_InsDal: Lcom/fsck/k9/cache/EmailProviderCache;--->isMessageHidden(Ljava/lang/Long;J)Z
05-24 22:55:59.187 13721 13750 D M_InsDal: Lcom/fsck/k9/provider/EmailProvider$SpecialColumnsCursor;--->getLong(I)J
05-24 22:55:59.187 13721 13750 D M_InsDal: Lcom/fsck/k9/provider/EmailProvider$SpecialColumnsCursor;--->getLong(I)J
05-24 22:55:59.187 13721 13750 D M_InsDal: Lcom/fsck/k9/cache/EmailProviderCache;--->isMessageHidden(Ljava/lang/Long;J)Z
05-24 22:55:59.187 13721 13750 D M_InsDal: Lcom/fsck/k9/provider/EmailProvider$SpecialColumnsCursor;--->getLong(I)J
05-24 22:55:59.187 13721 13750 D M_InsDal: Lcom/fsck/k9/provider/EmailProvider$SpecialColumnsCursor;--->getLong(I)J
05-24 22:55:59.187 13721 13750 D M_InsDal: Lcom/fsck/k9/cache/EmailProviderCache;--->isMessageHidden(Ljava/lang/Long;J)Z
05-24 22:55:59.187 13721 13750 D M_InsDal: Lcom/fsck/k9/provider/EmailProvider$SpecialColumnsCursor;--->getLong(I)J
05-24 22:55:59.187 13721 13750 D M_InsDal: Lcom/fsck/k9/provider/EmailProvider$SpecialColumnsCursor;--->getLong(I)J
05-24 22:55:59.187 13721 13750 D M_InsDal: Lcom/fsck/k9/cache/EmailProviderCache;--->isMessageHidden(Ljava/lang/Long;J)Z
05-24 22:55:59.187 13721 13750 D M_InsDal: Lcom/fsck/k9/provider/EmailProvider$SpecialColumnsCursor;--->getLong(I)J
05-24 22:55:59.187 13721 13750 D M_InsDal: Lcom/fsck/k9/provider/EmailProvider$SpecialColumnsCursor;--->getLong(I)J
05-24 22:55:59.187 13721 13750 D M_InsDal: Lcom/fsck/k9/cache/EmailProviderCache;--->isMessageHidden(Ljava/lang/Long;J)Z
05-24 22:55:59.187 13721 13750 D M_InsDal: Lcom/fsck/k9/provider/EmailProvider$SpecialColumnsCursor;--->getLong(I)J
05-24 22:55:59.187 13721 13750 D M_InsDal: Lcom/fsck/k9/provider/EmailProvider$SpecialColumnsCursor;--->getLong(I)J
05-24 22:55:59.187 13721 13750 D M_InsDal: Lcom/fsck/k9/cache/EmailProviderCache;--->isMessageHidden(Ljava/lang/Long;J)Z
05-24 22:55:59.187 13721 13750 D M_InsDal: Lcom/fsck/k9/provider/EmailProvider$SpecialColumnsCursor;--->getLong(I)J
05-24 22:55:59.187 13721 13750 D M_InsDal: Lcom/fsck/k9/provider/EmailProvider$SpecialColumnsCursor;--->getLong(I)J
05-24 22:55:59.187 13721 13750 D M_InsDal: Lcom/fsck/k9/cache/EmailProviderCache;--->isMessageHidden(Ljava/lang/Long;J)Z
05-24 22:55:59.187 13721 13750 D M_InsDal: Lcom/fsck/k9/provider/EmailProvider$SpecialColumnsCursor;--->getLong(I)J
05-24 22:55:59.187 13721 13750 D M_InsDal: Lcom/fsck/k9/provider/EmailProvider$SpecialColumnsCursor;--->getLong(I)J
05-24 22:55:59.187 13721 13750 D M_InsDal: Lcom/fsck/k9/cache/EmailProviderCache;--->isMessageHidden(Ljava/lang/Long;J)Z
05-24 22:55:59.187 13721 13750 D M_InsDal: Lcom/fsck/k9/provider/EmailProvider$SpecialColumnsCursor;--->getLong(I)J
05-24 22:55:59.187 13721 13750 D M_InsDal: Lcom/fsck/k9/provider/EmailProvider$SpecialColumnsCursor;--->getLong(I)J
05-24 22:55:59.187 13721 13750 D M_InsDal: Lcom/fsck/k9/cache/EmailProviderCache;--->isMessageHidden(Ljava/lang/Long;J)Z
05-24 22:55:59.187 13721 13750 D M_InsDal: Lcom/fsck/k9/provider/EmailProvider$SpecialColumnsCursor;--->getLong(I)J
05-24 22:55:59.187 13721 13750 D M_InsDal: Lcom/fsck/k9/provider/EmailProvider$SpecialColumnsCursor;--->getLong(I)J
05-24 22:55:59.187 13721 13740 D M_InsDal: Lcom/fsck/k9/mailstore/LockableDatabase;--->unlockRead()V
05-24 22:55:59.187 13721 13750 D M_InsDal: Lcom/fsck/k9/cache/EmailProviderCache;--->isMessageHidden(Ljava/lang/Long;J)Z
05-24 22:55:59.187 13721 13740 D M_InsDal: Lcom/fsck/k9/mailstore/LockableDatabase;--->getStorageManager()Lcom/fsck/k9/mailstore/StorageManager;
05-24 22:55:59.187 13721 13750 D M_InsDal: Lcom/fsck/k9/provider/EmailProvider$SpecialColumnsCursor;--->getLong(I)J
05-24 22:55:59.187 13721 13740 D M_InsDal: Lcom/fsck/k9/mailstore/StorageManager;--->getInstance(Landroid/content/Context;)Lcom/fsck/k9/mailstore/StorageManager;
05-24 22:55:59.187 13721 13750 D M_InsDal: Lcom/fsck/k9/provider/EmailProvider$SpecialColumnsCursor;--->getLong(I)J
05-24 22:55:59.187 13721 13740 D M_InsDal: Lcom/fsck/k9/mailstore/StorageManager;--->unlockProvider(Ljava/lang/String;)V
05-24 22:55:59.187 13721 13750 D M_InsDal: Lcom/fsck/k9/cache/EmailProviderCache;--->isMessageHidden(Ljava/lang/Long;J)Z
05-24 22:55:59.187 13721 13740 D M_InsDal: Lcom/fsck/k9/mailstore/StorageManager;--->getProvider(Ljava/lang/String;)Lcom/fsck/k9/mailstore/StorageManager$StorageProvider;
05-24 22:55:59.187 13721 13750 D M_InsDal: Lcom/fsck/k9/provider/EmailProvider$SpecialColumnsCursor;--->getLong(I)J
05-24 22:55:59.187 13721 13750 D M_InsDal: Lcom/fsck/k9/provider/EmailProvider$SpecialColumnsCursor;--->getLong(I)J
05-24 22:55:59.187 13721 13750 D M_InsDal: Lcom/fsck/k9/cache/EmailProviderCache;--->isMessageHidden(Ljava/lang/Long;J)Z
05-24 22:55:59.187 13721 13750 D M_InsDal: Lcom/fsck/k9/provider/EmailProvider$SpecialColumnsCursor;--->getLong(I)J
05-24 22:55:59.187 13721 13750 D M_InsDal: Lcom/fsck/k9/provider/EmailProvider$SpecialColumnsCursor;--->getLong(I)J
05-24 22:55:59.187 13721 13750 D M_InsDal: Lcom/fsck/k9/cache/EmailProviderCache;--->isMessageHidden(Ljava/lang/Long;J)Z
05-24 22:55:59.187 13721 13740 D M_InsDal: Lcom/fsck/k9/fragment/MessageListFragment$MessageListActivityListener;--->folderStatusChanged(Lcom/fsck/k9/Account;Ljava/lang/String;I)V
05-24 22:55:59.187 13721 13750 D M_InsDal: Lcom/fsck/k9/provider/EmailProvider$SpecialColumnsCursor;--->getLong(I)J
05-24 22:55:59.187 13721 13750 D M_InsDal: Lcom/fsck/k9/provider/EmailProvider$SpecialColumnsCursor;--->getLong(I)J
05-24 22:55:59.187 13721 13740 D M_InsDal: Lcom/fsck/k9/fragment/MessageListFragment;--->isSingleAccountMode()Z
05-24 22:55:59.187 13721 13750 D M_InsDal: Lcom/fsck/k9/cache/EmailProviderCache;--->isMessageHidden(Ljava/lang/Long;J)Z
05-24 22:55:59.187 13721 13740 D M_InsDal: Lcom/fsck/k9/fragment/MessageListFragment;--->isSingleFolderMode()Z
05-24 22:55:59.187 13721 13740 D M_InsDal: Lcom/fsck/k9/Account;--->equals(Ljava/lang/Object;)Z
05-24 22:55:59.187 13721 13740 D M_InsDal: Lcom/fsck/k9/activity/ActivityListener;--->folderStatusChanged(Lcom/fsck/k9/Account;Ljava/lang/String;I)V
05-24 22:55:59.187 13721 13750 D M_InsDal: Lcom/fsck/k9/cache/EmailProviderCacheCursor;--->getCount()I
05-24 22:55:59.187 13721 13740 D M_InsDal: Lcom/fsck/k9/fragment/MessageListFragment$MessageListActivityListener;--->informUserOfStatus()V
05-24 22:55:59.187 13721 13740 D M_InsDal: Lcom/fsck/k9/fragment/MessageListHandler;--->refreshTitle()V
05-24 22:55:59.187 13721 13750 D M_InsDal: Lcom/fsck/k9/cache/EmailProviderCacheCursor;--->getCount()I
05-24 22:55:59.190 13721 13721 D M_InsDal: Lcom/fsck/k9/service/BootReceiver;---><init>()V
05-24 22:55:59.190 13721 13721 D M_InsDal: Lcom/fsck/k9/service/CoreReceiver;---><init>()V
05-24 22:55:59.190 13721 13721 D M_InsDal: Lcom/fsck/k9/service/CoreReceiver;--->onReceive(Landroid/content/Context;Landroid/content/Intent;)V
05-24 22:55:59.190 13721 13721 D M_InsDal: Lcom/fsck/k9/service/CoreReceiver;--->getWakeLock(Landroid/content/Context;)Ljava/lang/Integer;
05-24 22:55:59.190 13721 13721 D M_InsDal: Lcom/fsck/k9/mail/power/TracingPowerManager;--->getPowerManager(Landroid/content/Context;)Lcom/fsck/k9/mail/power/TracingPowerManager;
05-24 22:55:59.190 13721 13721 D M_InsDal: Lcom/fsck/k9/mail/power/TracingPowerManager;--->newWakeLock(ILjava/lang/String;)Lcom/fsck/k9/mail/power/TracingPowerManager$TracingWakeLock;
05-24 22:55:59.190 13721 13721 D M_InsDal: Lcom/fsck/k9/mail/power/TracingPowerManager$TracingWakeLock;---><init>(Lcom/fsck/k9/mail/power/TracingPowerManager;ILjava/lang/String;)V
05-24 22:55:59.190 13721 13721 D M_InsDal: Lcom/fsck/k9/mail/K9MailLib;--->isDebug()Z
05-24 22:55:59.190 13721 13721 D M_InsDal: Lcom/fsck/k9/K9$2;--->enabled()Z
05-24 22:55:59.190 13721 13721 D M_InsDal: Lcom/fsck/k9/mail/power/TracingPowerManager$TracingWakeLock;--->setReferenceCounted(Z)V
05-24 22:55:59.190 13721 13721 D M_InsDal: Lcom/fsck/k9/mail/power/TracingPowerManager$TracingWakeLock;--->acquire(J)V
05-24 22:55:59.190 13721 13721 D M_InsDal: Lcom/fsck/k9/mail/K9MailLib;--->isDebug()Z
05-24 22:55:59.190 13721 13721 D M_InsDal: Lcom/fsck/k9/K9$2;--->enabled()Z
05-24 22:55:59.190 13721 13721 D M_InsDal: Lcom/fsck/k9/mail/power/TracingPowerManager$TracingWakeLock;--->raiseNotification()V
05-24 22:55:59.190 13721 13721 D M_InsDal: Lcom/fsck/k9/service/BootReceiver;--->receive(Landroid/content/Context;Landroid/content/Intent;Ljava/lang/Integer;)Ljava/lang/Integer;
05-24 22:55:59.190 13721 13721 D M_InsDal: Lcom/fsck/k9/service/BootReceiver;--->buildPendingIntent(Landroid/content/Context;Landroid/content/Intent;)Landroid/app/PendingIntent;
05-24 22:55:59.190 13721 13721 D M_InsDal: Lcom/fsck/k9/helper/K9AlarmManager;--->getAlarmManager(Landroid/content/Context;)Lcom/fsck/k9/helper/K9AlarmManager;
05-24 22:55:59.190 13721 13721 D M_InsDal: Lcom/fsck/k9/power/DozeChecker;---><init>(Landroid/content/Context;)V
05-24 22:55:59.190 13721 13721 D M_InsDal: Lcom/fsck/k9/helper/K9AlarmManager;---><init>(Landroid/app/AlarmManager;Lcom/fsck/k9/power/DozeChecker;)V
05-24 22:55:59.191 13721 13721 D M_InsDal: Lcom/fsck/k9/helper/K9AlarmManager;--->cancel(Landroid/app/PendingIntent;)V
05-24 22:55:59.191 13721 13721 D M_InsDal: Lcom/fsck/k9/service/CoreReceiver;--->releaseWakeLock(Ljava/lang/Integer;)V
05-24 22:55:59.191 13721 13721 D M_InsDal: Lcom/fsck/k9/mail/power/TracingPowerManager$TracingWakeLock;--->release()V
05-24 22:55:59.191 13721 13721 D M_InsDal: Lcom/fsck/k9/mail/K9MailLib;--->isDebug()Z
05-24 22:55:59.191 13721 13721 D M_InsDal: Lcom/fsck/k9/K9$2;--->enabled()Z
05-24 22:55:59.191 13721 13721 D M_InsDal: Lcom/fsck/k9/mail/power/TracingPowerManager$TracingWakeLock;--->cancelNotification()V
05-24 22:55:59.191 13721 13721 D M_InsDal: Lcom/fsck/k9/service/PushService;---><init>()V
05-24 22:55:59.191 13721 13721 D M_InsDal: Lcom/fsck/k9/service/CoreService;---><init>()V
05-24 22:55:59.191 13721 13721 D M_InsDal: Lcom/fsck/k9/service/CoreService;--->onCreate()V
05-24 22:55:59.191 13721 13721 D M_InsDal: Lcom/fsck/k9/service/PushService;--->onCreate()V
05-24 22:55:59.191 13721 13721 D M_InsDal: Lcom/fsck/k9/service/CoreService;--->setAutoShutdown(Z)V
05-24 22:55:59.191 13721 13721 D M_InsDal: Lcom/fsck/k9/service/CoreService;--->onStartCommand(Landroid/content/Intent;II)I
05-24 22:55:59.191 13721 13721 D M_InsDal: Lcom/fsck/k9/service/CoreService;--->acquireWakeLock(Landroid/content/Context;Ljava/lang/String;J)Lcom/fsck/k9/mail/power/TracingPowerManager$TracingWakeLock;
05-24 22:55:59.191 13721 13721 D M_InsDal: Lcom/fsck/k9/mail/power/TracingPowerManager;--->getPowerManager(Landroid/content/Context;)Lcom/fsck/k9/mail/power/TracingPowerManager;
05-24 22:55:59.191 13721 13721 D M_InsDal: Lcom/fsck/k9/mail/power/TracingPowerManager;--->newWakeLock(ILjava/lang/String;)Lcom/fsck/k9/mail/power/TracingPowerManager$TracingWakeLock;
05-24 22:55:59.191 13721 13721 D M_InsDal: Lcom/fsck/k9/mail/power/TracingPowerManager$TracingWakeLock;---><init>(Lcom/fsck/k9/mail/power/TracingPowerManager;ILjava/lang/String;)V
05-24 22:55:59.191 13721 13721 D M_InsDal: Lcom/fsck/k9/mail/K9MailLib;--->isDebug()Z
05-24 22:55:59.191 13721 13721 D M_InsDal: Lcom/fsck/k9/K9$2;--->enabled()Z
05-24 22:55:59.191 13721 13721 D M_InsDal: Lcom/fsck/k9/mail/power/TracingPowerManager$TracingWakeLock;--->setReferenceCounted(Z)V
05-24 22:55:59.191 13721 13721 D M_InsDal: Lcom/fsck/k9/mail/power/TracingPowerManager$TracingWakeLock;--->acquire(J)V
05-24 22:55:59.191 13721 13721 D M_InsDal: Lcom/fsck/k9/mail/K9MailLib;--->isDebug()Z
05-24 22:55:59.191 13721 13721 D M_InsDal: Lcom/fsck/k9/K9$2;--->enabled()Z
05-24 22:55:59.191 13721 13721 D M_InsDal: Lcom/fsck/k9/mail/power/TracingPowerManager$TracingWakeLock;--->raiseNotification()V
05-24 22:55:59.192 13721 13721 D M_InsDal: Lcom/fsck/k9/mail/power/TracingPowerManager$TracingWakeLock;--->release()V
05-24 22:55:59.192 13721 13721 D M_InsDal: Lcom/fsck/k9/mail/K9MailLib;--->isDebug()Z
05-24 22:55:59.192 13721 13721 D M_InsDal: Lcom/fsck/k9/K9$2;--->enabled()Z
05-24 22:55:59.192 13721 13721 D M_InsDal: Lcom/fsck/k9/mail/power/TracingPowerManager$TracingWakeLock;--->cancelNotification()V
05-24 22:55:59.192 13721 13721 D M_InsDal: Lcom/fsck/k9/service/PushService;--->startService(Landroid/content/Intent;I)I
05-24 22:55:59.192 13721 13721 D M_InsDal: Lcom/fsck/k9/mail/power/TracingPowerManager$TracingWakeLock;--->release()V
05-24 22:55:59.192 13721 13721 D M_InsDal: Lcom/fsck/k9/mail/K9MailLib;--->isDebug()Z
05-24 22:55:59.192 13721 13721 D M_InsDal: Lcom/fsck/k9/K9$2;--->enabled()Z
05-24 22:55:59.192 13721 13721 D M_InsDal: Lcom/fsck/k9/mail/power/TracingPowerManager$TracingWakeLock;--->cancelNotification()V
05-24 22:55:59.192 13721 13721 D M_InsDal: Lcom/fsck/k9/service/CoreService;--->onStartCommand(Landroid/content/Intent;II)I
05-24 22:55:59.192 13721 13721 D M_InsDal: Lcom/fsck/k9/service/CoreService;--->acquireWakeLock(Landroid/content/Context;Ljava/lang/String;J)Lcom/fsck/k9/mail/power/TracingPowerManager$TracingWakeLock;
05-24 22:55:59.192 13721 13721 D M_InsDal: Lcom/fsck/k9/mail/power/TracingPowerManager;--->getPowerManager(Landroid/content/Context;)Lcom/fsck/k9/mail/power/TracingPowerManager;
05-24 22:55:59.192 13721 13721 D M_InsDal: Lcom/fsck/k9/mail/power/TracingPowerManager;--->newWakeLock(ILjava/lang/String;)Lcom/fsck/k9/mail/power/TracingPowerManager$TracingWakeLock;
05-24 22:55:59.192 13721 13721 D M_InsDal: Lcom/fsck/k9/mail/power/TracingPowerManager$TracingWakeLock;---><init>(Lcom/fsck/k9/mail/power/TracingPowerManager;ILjava/lang/String;)V
05-24 22:55:59.192 13721 13721 D M_InsDal: Lcom/fsck/k9/mail/K9MailLib;--->isDebug()Z
05-24 22:55:59.192 13721 13721 D M_InsDal: Lcom/fsck/k9/K9$2;--->enabled()Z
05-24 22:55:59.192 13721 13721 D M_InsDal: Lcom/fsck/k9/mail/power/TracingPowerManager$TracingWakeLock;--->setReferenceCounted(Z)V
05-24 22:55:59.192 13721 13721 D M_InsDal: Lcom/fsck/k9/mail/power/TracingPowerManager$TracingWakeLock;--->acquire(J)V
05-24 22:55:59.192 13721 13721 D M_InsDal: Lcom/fsck/k9/mail/K9MailLib;--->isDebug()Z
05-24 22:55:59.192 13721 13721 D M_InsDal: Lcom/fsck/k9/K9$2;--->enabled()Z
05-24 22:55:59.192 13721 13721 D M_InsDal: Lcom/fsck/k9/mail/power/TracingPowerManager$TracingWakeLock;--->raiseNotification()V
05-24 22:55:59.192 13721 13721 D M_InsDal: Lcom/fsck/k9/mail/power/TracingPowerManager$TracingWakeLock;--->release()V
05-24 22:55:59.192 13721 13721 D M_InsDal: Lcom/fsck/k9/mail/K9MailLib;--->isDebug()Z
05-24 22:55:59.192 13721 13721 D M_InsDal: Lcom/fsck/k9/K9$2;--->enabled()Z
05-24 22:55:59.192 13721 13721 D M_InsDal: Lcom/fsck/k9/mail/power/TracingPowerManager$TracingWakeLock;--->cancelNotification()V
05-24 22:55:59.192 13721 13721 D M_InsDal: Lcom/fsck/k9/service/PushService;--->startService(Landroid/content/Intent;I)I
05-24 22:55:59.192 13721 13721 D M_InsDal: Lcom/fsck/k9/mail/power/TracingPowerManager$TracingWakeLock;--->release()V
05-24 22:55:59.192 13721 13721 D M_InsDal: Lcom/fsck/k9/mail/K9MailLib;--->isDebug()Z
05-24 22:55:59.192 13721 13721 D M_InsDal: Lcom/fsck/k9/K9$2;--->enabled()Z
05-24 22:55:59.192 13721 13721 D M_InsDal: Lcom/fsck/k9/mail/power/TracingPowerManager$TracingWakeLock;--->cancelNotification()V
05-24 22:55:59.193 13721 13721 D M_InsDal: Lcom/fsck/k9/service/MailService;--->onDestroy()V
05-24 22:55:59.193 13721 13721 D M_InsDal: Lcom/fsck/k9/service/CoreService;--->onDestroy()V
05-24 22:55:59.193 13721 13721 D M_InsDal: Lcom/fsck/k9/fragment/MessageListHandler;--->handleMessage(Landroid/os/Message;)V
05-24 22:55:59.193 13721 13721 D M_InsDal: Lcom/fsck/k9/fragment/MessageListFragment;--->updateTitle()V
05-24 22:55:59.193 13721 13721 D M_InsDal: Lcom/fsck/k9/fragment/MessageListFragment;--->setWindowTitle()V
05-24 22:55:59.193 13721 13721 D M_InsDal: Lcom/fsck/k9/fragment/MessageListFragment;--->isManualSearch()Z
05-24 22:55:59.193 13721 13721 D M_InsDal: Lcom/fsck/k9/search/LocalSearch;--->isManualSearch()Z
05-24 22:55:59.193 13721 13721 D M_InsDal: Lcom/fsck/k9/activity/FolderInfoHolder;--->getDisplayName(Landroid/content/Context;Lcom/fsck/k9/Account;Ljava/lang/String;)Ljava/lang/String;
