05-24 22:55:59.243 13721 13721 D M_InsDal: Lcom/fsck/k9/cache/EmailProviderCache;--->getValueForThread(Ljava/lang/Long;Ljava/lang/String;)Ljava/lang/String;
05-24 22:55:59.243 13721 13721 D M_InsDal: Lcom/fsck/k9/provider/EmailProvider$SpecialColumnsCursor;--->getInt(I)I
05-24 22:55:59.243 13721 13721 D M_InsDal: Lcom/fsck/k9/provider/EmailProvider$SpecialColumnsCursor;--->getLong(I)J
05-24 22:55:59.243 13721 13721 D M_InsDal: Lcom/fsck/k9/Account;--->getChipColor()I
05-24 22:55:59.243 13721 13721 D M_InsDal: Lcom/fsck/k9/cache/EmailProviderCacheCursor;--->getPosition()I
05-24 22:55:59.243 13721 13721 D M_InsDal: Lcom/fsck/k9/fragment/MessageListAdapter;--->updateContactBadge(Lcom/fsck/k9/fragment/MessageViewHolder;Lcom/fsck/k9/mail/Address;)V
05-24 22:55:59.243 13721 13721 D M_InsDal: Lcom/fsck/k9/helper/Utility;--->setContactForBadge(Lcom/fsck/k9/ui/ContactBadge;Lcom/fsck/k9/mail/Address;)V
05-24 22:55:59.243 13721 13721 D M_InsDal: Lcom/fsck/k9/mail/Address;--->getPersonal()Ljava/lang/String;
05-24 22:55:59.243 13721 13721 D M_InsDal: Lcom/fsck/k9/mail/Address;--->getAddress()Ljava/lang/String;
05-24 22:55:59.243 13721 13721 D M_InsDal: Lcom/fsck/k9/ui/ContactBadge;--->assignContactFromEmail(Ljava/lang/String;ZLandroid/os/Bundle;)V
05-24 22:55:59.243 13721 13721 D M_InsDal: Lcom/fsck/k9/ui/ContactBadge;--->onContactUriChanged()V
05-24 22:55:59.243 13721 13721 D M_InsDal: Lcom/fsck/k9/ui/ContactBadge;--->isAssigned()Z
05-24 22:55:59.243 13721 13721 D M_InsDal: Lcom/fsck/k9/activity/misc/ContactPictureLoader;--->loadContactPicture(Lcom/fsck/k9/mail/Address;Landroid/widget/ImageView;)V
05-24 22:55:59.243 13721 13721 D M_InsDal: Lcom/fsck/k9/mail/Address;--->getAddress()Ljava/lang/String;
05-24 22:55:59.243 13721 13721 D M_InsDal: Lcom/fsck/k9/helper/Contacts;--->getPhotoUri(Ljava/lang/String;)Landroid/net/Uri;
05-24 22:55:59.243 13721 13721 D M_InsDal: Lcom/fsck/k9/helper/Contacts;--->getContactByAddress(Ljava/lang/String;)Landroid/database/Cursor;
05-24 22:55:59.245 13721 13721 D M_InsDal: Lcom/fsck/k9/activity/misc/ContactPictureLoader;--->loadContactPicture(Landroid/net/Uri;Lcom/fsck/k9/mail/Address;Landroid/widget/ImageView;)V
05-24 22:55:59.245 13721 13721 D M_InsDal: Lcom/fsck/k9/activity/misc/ContactPictureLoader;--->loadFallbackPicture(Lcom/fsck/k9/mail/Address;Landroid/widget/ImageView;)V
05-24 22:55:59.245 13721 13721 D M_InsDal: Lcom/fsck/k9/activity/misc/ContactPictureLoader$FallbackGlideModelLoader;---><init>(Lcom/fsck/k9/activity/misc/ContactPictureLoader;)V
05-24 22:55:59.245 13721 13721 D M_InsDal: Lcom/fsck/k9/activity/misc/ContactPictureLoader$FallbackGlideBitmapDecoder;---><init>(Lcom/fsck/k9/activity/misc/ContactPictureLoader;Landroid/content/Context;)V
05-24 22:55:59.245 13721 13721 D M_InsDal: Lcom/fsck/k9/activity/misc/ContactPictureLoader$FallbackGlideParams;---><init>(Lcom/fsck/k9/activity/misc/ContactPictureLoader;Lcom/fsck/k9/mail/Address;)V
05-24 22:55:59.245 13721 13721 D M_InsDal: Lcom/fsck/k9/fragment/MessageListAdapter;--->setBackgroundColor(Landroid/view/View;ZZ)V
05-24 22:55:59.245 13721 13721 D M_InsDal: Lcom/fsck/k9/K9;--->useBackgroundAsUnreadIndicator()Z
05-24 22:55:59.245 13721 13721 D M_InsDal: Lcom/fsck/k9/fragment/MessageListAdapter;--->updateWithThreadCount(Lcom/fsck/k9/fragment/MessageViewHolder;I)V
05-24 22:55:59.245 13721 13721 D M_InsDal: Lcom/fsck/k9/fragment/MessageListAdapter;--->recipientSigil(ZZ)Ljava/lang/String;
05-24 22:55:59.245 13721 13721 D M_InsDal: Lcom/fsck/k9/fragment/MessageListAdapter;--->getPreview(Landroid/database/Cursor;)Ljava/lang/String;
05-24 22:55:59.245 13721 13721 D M_InsDal: Lcom/fsck/k9/provider/EmailProvider$SpecialColumnsCursor;--->getString(I)Ljava/lang/String;
05-24 22:55:59.245 13721 13721 D M_InsDal: Lcom/fsck/k9/mailstore/DatabasePreviewType;--->fromDatabaseValue(Ljava/lang/String;)Lcom/fsck/k9/mailstore/DatabasePreviewType;
05-24 22:55:59.245 13721 13721 D M_InsDal: Lcom/fsck/k9/mailstore/DatabasePreviewType;--->values()[Lcom/fsck/k9/mailstore/DatabasePreviewType;
05-24 22:55:59.245 13721 13721 D M_InsDal: Lcom/fsck/k9/mailstore/DatabasePreviewType;--->getDatabaseValue()Ljava/lang/String;
05-24 22:55:59.245 13721 13721 D M_InsDal: Lcom/fsck/k9/mailstore/DatabasePreviewType;--->getDatabaseValue()Ljava/lang/String;
05-24 22:55:59.245 13721 13721 D M_InsDal: Lcom/fsck/k9/provider/EmailProvider$SpecialColumnsCursor;--->getString(I)Ljava/lang/String;
05-24 22:55:59.246 13721 13721 D M_InsDal: Lcom/fsck/k9/fragment/MessageListAdapter;--->formatPreviewText(Landroid/widget/TextView;Ljava/lang/CharSequence;Ljava/lang/String;)V
05-24 22:55:59.246 13721 13721 D M_InsDal: Lcom/fsck/k9/fragment/MessageListAdapter;--->buildSenderSpan()Landroid/text/style/AbsoluteSizeSpan;
05-24 22:55:59.246 13721 13721 D M_InsDal: Lcom/fsck/k9/FontSizes;--->getMessageListSender()I
05-24 22:55:59.246 13721 13721 D M_InsDal: Lcom/fsck/k9/fragment/MessageListAdapter;--->buildPreviewSpanColor()I
05-24 22:55:59.246 13721 13721 D M_InsDal: Lcom/fsck/k9/K9;--->getK9Theme()Lcom/fsck/k9/K9$Theme;
05-24 22:55:59.246 13721 13721 D M_InsDal: Lcom/fsck/k9/fragment/MessageListAdapter;--->buildStatusHolder(ZZ)Landroid/graphics/drawable/Drawable;
05-24 22:55:59.246 13721 13721 D M_InsDal: Lcom/fsck/k9/cache/EmailProviderCacheCursor;--->getCount()I
05-24 22:55:59.246 13721 13721 D M_InsDal: Lcom/fsck/k9/cache/EmailProviderCacheCursor;--->moveToPosition(I)Z
05-24 22:55:59.246 13721 13721 D M_InsDal: Lcom/fsck/k9/provider/EmailProvider$SpecialColumnsCursor;--->getLong(I)J
05-24 22:55:59.246 13721 13721 D M_InsDal: Lcom/fsck/k9/cache/EmailProviderCacheCursor;--->getCount()I
05-24 22:55:59.246 13721 13721 D M_InsDal: Lcom/fsck/k9/cache/EmailProviderCacheCursor;--->getCount()I
05-24 22:55:59.246 13721 13747 D M_InsDal: Lcom/fsck/k9/mail/store/imap/ImapConnection;--->setUpStreamsAndParser(Ljava/io/InputStream;Ljava/io/OutputStream;)V
05-24 22:55:59.246 13721 13747 D M_InsDal: Lcom/fsck/k9/mail/filter/PeekableInputStream;---><init>(Ljava/io/InputStream;)V
05-24 22:55:59.246 13721 13747 D M_InsDal: Lcom/fsck/k9/mail/store/imap/ImapResponseParser;---><init>(Lcom/fsck/k9/mail/filter/PeekableInputStream;)V
05-24 22:55:59.246 13721 13747 D M_InsDal: Lcom/fsck/k9/mail/store/imap/ImapConnection;--->readInitialResponse()V
05-24 22:55:59.246 13721 13747 D M_InsDal: Lcom/fsck/k9/mail/store/imap/ImapResponseParser;--->readResponse()Lcom/fsck/k9/mail/store/imap/ImapResponse;
05-24 22:55:59.246 13721 13747 D M_InsDal: Lcom/fsck/k9/mail/store/imap/ImapResponseParser;--->readResponse(Lcom/fsck/k9/mail/store/imap/ImapResponseCallback;)Lcom/fsck/k9/mail/store/imap/ImapResponse;
05-24 22:55:59.246 13721 13747 D M_InsDal: Lcom/fsck/k9/mail/filter/PeekableInputStream;--->peek()I
05-24 22:55:59.248 13721 13721 D M_InsDal: Lcom/fsck/k9/cache/EmailProviderCacheCursor;--->getCount()I
05-24 22:55:59.248 13721 13721 D M_InsDal: Lcom/fsck/k9/cache/EmailProviderCacheCursor;--->getCount()I
05-24 22:55:59.248 13721 13721 D M_InsDal: Lcom/fsck/k9/cache/EmailProviderCacheCursor;--->moveToPosition(I)Z
05-24 22:55:59.248 13721 13721 D M_InsDal: Lcom/fsck/k9/fragment/MessageListAdapter;--->newView(Landroid/content/Context;Landroid/database/Cursor;Landroid/view/ViewGroup;)Landroid/view/View;
05-24 22:55:59.248 13721 13721 D M_InsDal: Lcom/fsck/k9/fragment/MessageListFragment;--->getK9LayoutInflater()Landroid/view/LayoutInflater;
05-24 22:55:59.248 13721 13721 D M_InsDal: Lcom/fsck/k9/ui/ContactBadge;---><init>(Landroid/content/Context;Landroid/util/AttributeSet;)V
05-24 22:55:59.248 13721 13721 D M_InsDal: Lcom/fsck/k9/ui/ContactBadge;---><init>(Landroid/content/Context;Landroid/util/AttributeSet;I)V
05-24 22:55:59.248 13721 13721 D M_InsDal: Lcom/fsck/k9/ui/ContactBadge$QueryHandler;---><init>(Lcom/fsck/k9/ui/ContactBadge;Landroid/content/ContentResolver;)V
05-24 22:55:59.248 13721 13721 D M_InsDal: Lcom/fsck/k9/fragment/MessageViewHolder;---><init>(Lcom/fsck/k9/fragment/MessageListFragment;)V
05-24 22:55:59.248 13721 13721 D M_InsDal: Lcom/fsck/k9/FontSizes;--->getMessageListSubject()I
05-24 22:55:59.248 13721 13721 D M_InsDal: Lcom/fsck/k9/FontSizes;--->setViewTextSize(Landroid/widget/TextView;I)V
05-24 22:55:59.248 13721 13721 D M_InsDal: Lcom/fsck/k9/FontSizes;--->getMessageListDate()I
05-24 22:55:59.248 13721 13721 D M_InsDal: Lcom/fsck/k9/FontSizes;--->setViewTextSize(Landroid/widget/TextView;I)V
05-24 22:55:59.248 13721 13721 D M_InsDal: Lcom/fsck/k9/FontSizes;--->getMessageListPreview()I
05-24 22:55:59.248 13721 13721 D M_InsDal: Lcom/fsck/k9/FontSizes;--->setViewTextSize(Landroid/widget/TextView;I)V
05-24 22:55:59.248 13721 13721 D M_InsDal: Lcom/fsck/k9/FontSizes;--->getMessageListSubject()I
05-24 22:55:59.248 13721 13721 D M_InsDal: Lcom/fsck/k9/FontSizes;--->setViewTextSize(Landroid/widget/TextView;I)V
05-24 22:55:59.248 13721 13721 D M_InsDal: Lcom/fsck/k9/fragment/MessageListAdapter;--->bindView(Landroid/view/View;Landroid/content/Context;Landroid/database/Cursor;)V
05-24 22:55:59.248 13721 13721 D M_InsDal: Lcom/fsck/k9/fragment/MessageListFragment;--->getAccountFromCursor(Landroid/database/Cursor;)Lcom/fsck/k9/Account;
05-24 22:55:59.248 13721 13721 D M_InsDal: Lcom/fsck/k9/Preferences;--->getAccount(Ljava/lang/String;)Lcom/fsck/k9/Account;
05-24 22:55:59.248 13721 13721 D M_InsDal: Lcom/fsck/k9/provider/EmailProvider$SpecialColumnsCursor;--->getString(I)Ljava/lang/String;
05-24 22:55:59.249 13721 13721 D M_InsDal: Lcom/fsck/k9/provider/EmailProvider$SpecialColumnsCursor;--->getString(I)Ljava/lang/String;
05-24 22:55:59.249 13721 13721 D M_InsDal: Lcom/fsck/k9/mail/Address;--->unpack(Ljava/lang/String;)[Lcom/fsck/k9/mail/Address;
05-24 22:55:59.249 13721 13721 D M_InsDal: Lcom/fsck/k9/mail/Address;---><init>(Ljava/lang/String;Ljava/lang/String;Z)V
05-24 22:55:59.249 13721 13721 D M_InsDal: Lcom/fsck/k9/mail/Address;--->unpack(Ljava/lang/String;)[Lcom/fsck/k9/mail/Address;
05-24 22:55:59.249 13721 13721 D M_InsDal: Lcom/fsck/k9/mail/Address;---><init>(Ljava/lang/String;Ljava/lang/String;Z)V
05-24 22:55:59.249 13721 13721 D M_InsDal: Lcom/fsck/k9/mail/Address;--->unpack(Ljava/lang/String;)[Lcom/fsck/k9/mail/Address;
05-24 22:55:59.249 13721 13721 D M_InsDal: Lcom/fsck/k9/helper/MessageHelper;--->toMe(Lcom/fsck/k9/Account;[Lcom/fsck/k9/mail/Address;)Z
05-24 22:55:59.249 13721 13721 D M_InsDal: Lcom/fsck/k9/Account;--->isAnIdentity(Lcom/fsck/k9/mail/Address;)Z
05-24 22:55:59.249 13721 13721 D M_InsDal: Lcom/fsck/k9/Account;--->findIdentity(Lcom/fsck/k9/mail/Address;)Lcom/fsck/k9/Identity;
05-24 22:55:59.249 13721 13721 D M_InsDal: Lcom/fsck/k9/Identity;--->getEmail()Ljava/lang/String;
05-24 22:55:59.249 13721 13721 D M_InsDal: Lcom/fsck/k9/mail/Address;--->getAddress()Ljava/lang/String;
05-24 22:55:59.249 13721 13721 D M_InsDal: Lcom/fsck/k9/helper/MessageHelper;--->toMe(Lcom/fsck/k9/Account;[Lcom/fsck/k9/mail/Address;)Z
05-24 22:55:59.249 13721 13721 D M_InsDal: Lcom/fsck/k9/Account;--->isAnIdentity(Lcom/fsck/k9/mail/Address;)Z
05-24 22:55:59.249 13721 13721 D M_InsDal: Lcom/fsck/k9/Account;--->findIdentity(Lcom/fsck/k9/mail/Address;)Lcom/fsck/k9/Identity;
05-24 22:55:59.249 13721 13721 D M_InsDal: Lcom/fsck/k9/Identity;--->getEmail()Ljava/lang/String;
05-24 22:55:59.249 13721 13721 D M_InsDal: Lcom/fsck/k9/mail/Address;--->getAddress()Ljava/lang/String;
05-24 22:55:59.249 13721 13721 D M_InsDal: Lcom/fsck/k9/helper/MessageHelper;--->toMe(Lcom/fsck/k9/Account;[Lcom/fsck/k9/mail/Address;)Z
05-24 22:55:59.249 13721 13721 D M_InsDal: Lcom/fsck/k9/helper/MessageHelper;--->getDisplayName(Lcom/fsck/k9/Account;[Lcom/fsck/k9/mail/Address;[Lcom/fsck/k9/mail/Address;)Ljava/lang/CharSequence;
05-24 22:55:59.249 13721 13721 D M_InsDal: Lcom/fsck/k9/K9;--->showContactName()Z
05-24 22:55:59.249 13721 13721 D M_InsDal: Lcom/fsck/k9/Account;--->isAnIdentity(Lcom/fsck/k9/mail/Address;)Z
05-24 22:55:59.249 13721 13721 D M_InsDal: Lcom/fsck/k9/Account;--->findIdentity(Lcom/fsck/k9/mail/Address;)Lcom/fsck/k9/Identity;
05-24 22:55:59.249 13721 13721 D M_InsDal: Lcom/fsck/k9/Identity;--->getEmail()Ljava/lang/String;
05-24 22:55:59.249 13721 13721 D M_InsDal: Lcom/fsck/k9/mail/Address;--->getAddress()Ljava/lang/String;
05-24 22:55:59.249 13721 13721 D M_InsDal: Lcom/fsck/k9/helper/MessageHelper;--->toFriendly([Lcom/fsck/k9/mail/Address;Lcom/fsck/k9/helper/Contacts;)Ljava/lang/CharSequence;
05-24 22:55:59.249 13721 13721 D M_InsDal: Lcom/fsck/k9/helper/MessageHelper;--->toFriendly(Lcom/fsck/k9/mail/Address;Lcom/fsck/k9/helper/Contacts;)Ljava/lang/CharSequence;
05-24 22:55:59.249 13721 13721 D M_InsDal: Lcom/fsck/k9/K9;--->showCorrespondentNames()Z
05-24 22:55:59.249 13721 13721 D M_InsDal: Lcom/fsck/k9/K9;--->changeContactNameColor()Z
05-24 22:55:59.249 13721 13721 D M_InsDal: Lcom/fsck/k9/K9;--->getContactNameColor()I
05-24 22:55:59.249 13721 13721 D M_InsDal: Lcom/fsck/k9/helper/MessageHelper;--->toFriendly(Lcom/fsck/k9/mail/Address;Lcom/fsck/k9/helper/Contacts;ZZI)Ljava/lang/CharSequence;
05-24 22:55:59.249 13721 13721 D M_InsDal: Lcom/fsck/k9/mail/Address;--->getPersonal()Ljava/lang/String;
05-24 22:55:59.249 13721 13721 D M_InsDal: Lcom/fsck/k9/mail/Address;--->getPersonal()Ljava/lang/String;
05-24 22:55:59.249 13721 13721 D M_InsDal: Lcom/fsck/k9/helper/MessageHelper;--->isSpoofAddress(Ljava/lang/String;)Z
05-24 22:55:59.249 13721 13721 D M_InsDal: Lcom/fsck/k9/mail/Address;--->getPersonal()Ljava/lang/String;
05-24 22:55:59.249 13721 13721 D M_InsDal: Lcom/fsck/k9/provider/EmailProvider$SpecialColumnsCursor;--->getLong(I)J
05-24 22:55:59.249 13721 13721 D M_InsDal: Lcom/fsck/k9/fragment/MessageListAdapter;--->fetchCounterPartyAddress(Z[Lcom/fsck/k9/mail/Address;[Lcom/fsck/k9/mail/Address;[Lcom/fsck/k9/mail/Address;)Lcom/fsck/k9/mail/Address;
05-24 22:55:59.249 13721 13721 D M_InsDal: Lcom/fsck/k9/cache/EmailProviderCacheCursor;--->getInt(I)I
05-24 22:55:59.249 13721 13721 D M_InsDal: Lcom/fsck/k9/provider/EmailProvider$SpecialColumnsCursor;--->getLong(I)J
05-24 22:55:59.249 13721 13721 D M_InsDal: Lcom/fsck/k9/provider/EmailProvider$SpecialColumnsCursor;--->getLong(I)J
05-24 22:55:59.249 13721 13721 D M_InsDal: Lcom/fsck/k9/provider/EmailProvider$SpecialColumnsCursor;--->getColumnName(I)Ljava/lang/String;
05-24 22:55:59.249 13721 13721 D M_InsDal: Lcom/fsck/k9/cache/EmailProviderCache;--->getValueForMessage(Ljava/lang/Long;Ljava/lang/String;)Ljava/lang/String;
05-24 22:55:59.249 13721 13721 D M_InsDal: Lcom/fsck/k9/cache/EmailProviderCache;--->getValueForThread(Ljava/lang/Long;Ljava/lang/String;)Ljava/lang/String;
05-24 22:55:59.249 13721 13721 D M_InsDal: Lcom/fsck/k9/provider/EmailProvider$SpecialColumnsCursor;--->getInt(I)I
05-24 22:55:59.249 13721 13721 D M_InsDal: Lcom/fsck/k9/provider/EmailProvider$SpecialColumnsCursor;--->getString(I)Ljava/lang/String;
05-24 22:55:59.249 13721 13721 D M_InsDal: Lcom/fsck/k9/fragment/MlfUtils;--->buildSubject(Ljava/lang/String;Ljava/lang/String;I)Ljava/lang/String;
05-24 22:55:59.249 13721 13721 D M_InsDal: Lcom/fsck/k9/cache/EmailProviderCacheCursor;--->getInt(I)I
05-24 22:55:59.249 13721 13721 D M_InsDal: Lcom/fsck/k9/provider/EmailProvider$SpecialColumnsCursor;--->getLong(I)J
05-24 22:55:59.249 13721 13721 D M_InsDal: Lcom/fsck/k9/provider/EmailProvider$SpecialColumnsCursor;--->getLong(I)J
05-24 22:55:59.249 13721 13721 D M_InsDal: Lcom/fsck/k9/provider/EmailProvider$SpecialColumnsCursor;--->getColumnName(I)Ljava/lang/String;
05-24 22:55:59.249 13721 13721 D M_InsDal: Lcom/fsck/k9/cache/EmailProviderCache;--->getValueForMessage(Ljava/lang/Long;Ljava/lang/String;)Ljava/lang/String;
05-24 22:55:59.249 13721 13721 D M_InsDal: Lcom/fsck/k9/cache/EmailProviderCache;--->getValueForThread(Ljava/lang/Long;Ljava/lang/String;)Ljava/lang/String;
05-24 22:55:59.249 13721 13721 D M_InsDal: Lcom/fsck/k9/provider/EmailProvider$SpecialColumnsCursor;--->getInt(I)I
05-24 22:55:59.249 13721 13721 D M_InsDal: Lcom/fsck/k9/cache/EmailProviderCacheCursor;--->getInt(I)I
05-24 22:55:59.249 13721 13721 D M_InsDal: Lcom/fsck/k9/provider/EmailProvider$SpecialColumnsCursor;--->getLong(I)J
05-24 22:55:59.249 13721 13721 D M_InsDal: Lcom/fsck/k9/provider/EmailProvider$SpecialColumnsCursor;--->getLong(I)J
05-24 22:55:59.249 13721 13721 D M_InsDal: Lcom/fsck/k9/provider/EmailProvider$SpecialColumnsCursor;--->getColumnName(I)Ljava/lang/String;
05-24 22:55:59.249 13721 13721 D M_InsDal: Lcom/fsck/k9/cache/EmailProviderCache;--->getValueForMessage(Ljava/lang/Long;Ljava/lang/String;)Ljava/lang/String;
05-24 22:55:59.249 13721 13721 D M_InsDal: Lcom/fsck/k9/cache/EmailProviderCache;--->getValueForThread(Ljava/lang/Long;Ljava/lang/String;)Ljava/lang/String;
05-24 22:55:59.249 13721 13721 D M_InsDal: Lcom/fsck/k9/provider/EmailProvider$SpecialColumnsCursor;--->getInt(I)I
05-24 22:55:59.249 13721 13721 D M_InsDal: Lcom/fsck/k9/cache/EmailProviderCacheCursor;--->getInt(I)I
05-24 22:55:59.249 13721 13721 D M_InsDal: Lcom/fsck/k9/provider/EmailProvider$SpecialColumnsCursor;--->getLong(I)J
05-24 22:55:59.249 13721 13721 D M_InsDal: Lcom/fsck/k9/provider/EmailProvider$SpecialColumnsCursor;--->getLong(I)J
05-24 22:55:59.249 13721 13721 D M_InsDal: Lcom/fsck/k9/provider/EmailProvider$SpecialColumnsCursor;--->getColumnName(I)Ljava/lang/String;
05-24 22:55:59.249 13721 13721 D M_InsDal: Lcom/fsck/k9/cache/EmailProviderCache;--->getValueForMessage(Ljava/lang/Long;Ljava/lang/String;)Ljava/lang/String;
05-24 22:55:59.249 13721 13721 D M_InsDal: Lcom/fsck/k9/cache/EmailProviderCache;--->getValueForThread(Ljava/lang/Long;Ljava/lang/String;)Ljava/lang/String;
05-24 22:55:59.249 13721 13721 D M_InsDal: Lcom/fsck/k9/provider/EmailProvider$SpecialColumnsCursor;--->getInt(I)I
05-24 22:55:59.249 13721 13721 D M_InsDal: Lcom/fsck/k9/cache/EmailProviderCacheCursor;--->getInt(I)I
05-24 22:55:59.249 13721 13721 D M_InsDal: Lcom/fsck/k9/provider/EmailProvider$SpecialColumnsCursor;--->getLong(I)J
05-24 22:55:59.249 13721 13721 D M_InsDal: Lcom/fsck/k9/provider/EmailProvider$SpecialColumnsCursor;--->getLong(I)J
05-24 22:55:59.249 13721 13721 D M_InsDal: Lcom/fsck/k9/provider/EmailProvider$SpecialColumnsCursor;--->getColumnName(I)Ljava/lang/String;
05-24 22:55:59.249 13721 13721 D M_InsDal: Lcom/fsck/k9/cache/EmailProviderCache;--->getValueForMessage(Ljava/lang/Long;Ljava/lang/String;)Ljava/lang/String;
05-24 22:55:59.249 13721 13721 D M_InsDal: Lcom/fsck/k9/cache/EmailProviderCache;--->getValueForThread(Ljava/lang/Long;Ljava/lang/String;)Ljava/lang/String;
05-24 22:55:59.249 13721 13721 D M_InsDal: Lcom/fsck/k9/provider/EmailProvider$SpecialColumnsCursor;--->getInt(I)I
05-24 22:55:59.249 13721 13721 D M_InsDal: Lcom/fsck/k9/cache/EmailProviderCacheCursor;--->getInt(I)I
05-24 22:55:59.249 13721 13721 D M_InsDal: Lcom/fsck/k9/provider/EmailProvider$SpecialColumnsCursor;--->getLong(I)J
05-24 22:55:59.249 13721 13721 D M_InsDal: Lcom/fsck/k9/provider/EmailProvider$SpecialColumnsCursor;--->getLong(I)J
05-24 22:55:59.249 13721 13721 D M_InsDal: Lcom/fsck/k9/provider/EmailProvider$SpecialColumnsCursor;--->getColumnName(I)Ljava/lang/String;
05-24 22:55:59.249 13721 13721 D M_InsDal: Lcom/fsck/k9/cache/EmailProviderCache;--->getValueForMessage(Ljava/lang/Long;Ljava/lang/String;)Ljava/lang/String;
05-24 22:55:59.249 13721 13721 D M_InsDal: Lcom/fsck/k9/cache/EmailProviderCache;--->getValueForThread(Ljava/lang/Long;Ljava/lang/String;)Ljava/lang/String;
05-24 22:55:59.249 13721 13721 D M_InsDal: Lcom/fsck/k9/provider/EmailProvider$SpecialColumnsCursor;--->getInt(I)I
05-24 22:55:59.249 13721 13721 D M_InsDal: Lcom/fsck/k9/provider/EmailProvider$SpecialColumnsCursor;--->getLong(I)J
05-24 22:55:59.249 13721 13721 D M_InsDal: Lcom/fsck/k9/Account;--->getChipColor()I
05-24 22:55:59.249 13721 13721 D M_InsDal: Lcom/fsck/k9/cache/EmailProviderCacheCursor;--->getPosition()I
05-24 22:55:59.249 13721 13721 D M_InsDal: Lcom/fsck/k9/fragment/MessageListAdapter;--->updateContactBadge(Lcom/fsck/k9/fragment/MessageViewHolder;Lcom/fsck/k9/mail/Address;)V
05-24 22:55:59.249 13721 13721 D M_InsDal: Lcom/fsck/k9/helper/Utility;--->setContactForBadge(Lcom/fsck/k9/ui/ContactBadge;Lcom/fsck/k9/mail/Address;)V
05-24 22:55:59.249 13721 13721 D M_InsDal: Lcom/fsck/k9/mail/Address;--->getPersonal()Ljava/lang/String;
05-24 22:55:59.249 13721 13721 D M_InsDal: Lcom/fsck/k9/mail/Address;--->getAddress()Ljava/lang/String;
05-24 22:55:59.249 13721 13721 D M_InsDal: Lcom/fsck/k9/ui/ContactBadge;--->assignContactFromEmail(Ljava/lang/String;ZLandroid/os/Bundle;)V
05-24 22:55:59.249 13721 13721 D M_InsDal: Lcom/fsck/k9/ui/ContactBadge;--->onContactUriChanged()V
05-24 22:55:59.249 13721 13721 D M_InsDal: Lcom/fsck/k9/ui/ContactBadge;--->isAssigned()Z
05-24 22:55:59.249 13721 13721 D M_InsDal: Lcom/fsck/k9/activity/misc/ContactPictureLoader;--->loadContactPicture(Lcom/fsck/k9/mail/Address;Landroid/widget/ImageView;)V
05-24 22:55:59.249 13721 13721 D M_InsDal: Lcom/fsck/k9/mail/Address;--->getAddress()Ljava/lang/String;
05-24 22:55:59.249 13721 13721 D M_InsDal: Lcom/fsck/k9/helper/Contacts;--->getPhotoUri(Ljava/lang/String;)Landroid/net/Uri;
05-24 22:55:59.249 13721 13721 D M_InsDal: Lcom/fsck/k9/helper/Contacts;--->getContactByAddress(Ljava/lang/String;)Landroid/database/Cursor;
05-24 22:55:59.251 13721 13747 D M_InsDal: Lcom/fsck/k9/mail/store/imap/ImapResponseParser;--->readUntaggedResponse(Lcom/fsck/k9/mail/store/imap/ImapResponseCallback;)V
05-24 22:55:59.251 13721 13747 D M_InsDal: Lcom/fsck/k9/mail/store/imap/ImapResponseParser;--->parseUntaggedResponse()V
05-24 22:55:59.251 13721 13747 D M_InsDal: Lcom/fsck/k9/mail/store/imap/ImapResponseParser;--->expect(C)V
05-24 22:55:59.251 13721 13747 D M_InsDal: Lcom/fsck/k9/mail/filter/PeekableInputStream;--->read()I
05-24 22:55:59.251 13721 13746 D M_InsDal: Lcom/fsck/k9/mail/store/imap/ImapConnection;--->setUpStreamsAndParser(Ljava/io/InputStream;Ljava/io/OutputStream;)V
05-24 22:55:59.251 13721 13747 D M_InsDal: Lcom/fsck/k9/mail/store/imap/ImapResponseParser;--->expect(C)V
05-24 22:55:59.251 13721 13747 D M_InsDal: Lcom/fsck/k9/mail/filter/PeekableInputStream;--->read()I
05-24 22:55:59.251 13721 13746 D M_InsDal: Lcom/fsck/k9/mail/filter/PeekableInputStream;---><init>(Ljava/io/InputStream;)V
05-24 22:55:59.251 13721 13746 D M_InsDal: Lcom/fsck/k9/mail/store/imap/ImapResponseParser;---><init>(Lcom/fsck/k9/mail/filter/PeekableInputStream;)V
05-24 22:55:59.251 13721 13746 D M_InsDal: Lcom/fsck/k9/mail/store/imap/ImapConnection;--->readInitialResponse()V
05-24 22:55:59.251 13721 13746 D M_InsDal: Lcom/fsck/k9/mail/store/imap/ImapResponseParser;--->readResponse()Lcom/fsck/k9/mail/store/imap/ImapResponse;
05-24 22:55:59.251 13721 13746 D M_InsDal: Lcom/fsck/k9/mail/store/imap/ImapResponseParser;--->readResponse(Lcom/fsck/k9/mail/store/imap/ImapResponseCallback;)Lcom/fsck/k9/mail/store/imap/ImapResponse;
05-24 22:55:59.251 13721 13746 D M_InsDal: Lcom/fsck/k9/mail/filter/PeekableInputStream;--->peek()I
05-24 22:55:59.251 13721 13721 D M_InsDal: Lcom/fsck/k9/activity/misc/ContactPictureLoader;--->loadContactPicture(Landroid/net/Uri;Lcom/fsck/k9/mail/Address;Landroid/widget/ImageView;)V
05-24 22:55:59.251 13721 13721 D M_InsDal: Lcom/fsck/k9/activity/misc/ContactPictureLoader;--->loadFallbackPicture(Lcom/fsck/k9/mail/Address;Landroid/widget/ImageView;)V
05-24 22:55:59.252 13721 13721 D M_InsDal: Lcom/fsck/k9/activity/misc/ContactPictureLoader$FallbackGlideModelLoader;---><init>(Lcom/fsck/k9/activity/misc/ContactPictureLoader;)V
05-24 22:55:59.252 13721 13747 D M_InsDal: Lcom/fsck/k9/mail/store/imap/ImapList;---><clinit>()V
05-24 22:55:59.252 13721 13721 D M_InsDal: Lcom/fsck/k9/activity/misc/ContactPictureLoader$FallbackGlideBitmapDecoder;---><init>(Lcom/fsck/k9/activity/misc/ContactPictureLoader;Landroid/content/Context;)V
05-24 22:55:59.252 13721 13721 D M_InsDal: Lcom/fsck/k9/activity/misc/ContactPictureLoader$FallbackGlideParams;---><init>(Lcom/fsck/k9/activity/misc/ContactPictureLoader;Lcom/fsck/k9/mail/Address;)V
05-24 22:55:59.252 13721 13747 D M_InsDal: Lcom/fsck/k9/mail/store/imap/ImapResponse;--->newUntaggedResponse(Lcom/fsck/k9/mail/store/imap/ImapResponseCallback;)Lcom/fsck/k9/mail/store/imap/ImapResponse;
05-24 22:55:59.252 13721 13747 D M_InsDal: Lcom/fsck/k9/mail/store/imap/ImapResponse;---><init>(Lcom/fsck/k9/mail/store/imap/ImapResponseCallback;ZLjava/lang/String;)V
05-24 22:55:59.252 13721 13747 D M_InsDal: Lcom/fsck/k9/mail/store/imap/ImapList;---><init>()V
05-24 22:55:59.252 13721 13747 D M_InsDal: Lcom/fsck/k9/mail/store/imap/ImapResponseParser;--->readTokens(Lcom/fsck/k9/mail/store/imap/ImapResponse;)V
05-24 22:55:59.252 13721 13721 D M_InsDal: Lcom/fsck/k9/fragment/MessageListAdapter;--->setBackgroundColor(Landroid/view/View;ZZ)V
05-24 22:55:59.252 13721 13721 D M_InsDal: Lcom/fsck/k9/K9;--->useBackgroundAsUnreadIndicator()Z
05-24 22:55:59.252 13721 13747 D M_InsDal: Lcom/fsck/k9/mail/store/imap/ImapResponseParser;--->readToken(Lcom/fsck/k9/mail/store/imap/ImapResponse;)Ljava/lang/Object;
05-24 22:55:59.252 13721 13747 D M_InsDal: Lcom/fsck/k9/mail/store/imap/ImapResponseParser;--->parseToken(Lcom/fsck/k9/mail/store/imap/ImapList;)Ljava/lang/Object;
05-24 22:55:59.252 13721 13747 D M_InsDal: Lcom/fsck/k9/mail/filter/PeekableInputStream;--->peek()I
05-24 22:55:59.252 13721 13747 D M_InsDal: Lcom/fsck/k9/mail/store/imap/ImapResponseParser;--->parseBareString(Z)Ljava/lang/String;
05-24 22:55:59.252 13721 13747 D M_InsDal: Lcom/fsck/k9/mail/filter/PeekableInputStream;--->peek()I
05-24 22:55:59.252 13721 13747 D M_InsDal: Lcom/fsck/k9/mail/filter/PeekableInputStream;--->read()I
05-24 22:55:59.252 13721 13747 D M_InsDal: Lcom/fsck/k9/mail/filter/PeekableInputStream;--->peek()I
05-24 22:55:59.252 13721 13747 D M_InsDal: Lcom/fsck/k9/mail/filter/PeekableInputStream;--->read()I
05-24 22:55:59.252 13721 13747 D M_InsDal: Lcom/fsck/k9/mail/filter/PeekableInputStream;--->peek()I
05-24 22:55:59.252 13721 13747 D M_InsDal: Lcom/fsck/k9/mail/store/imap/ImapResponseParser;--->checkTokenIsString(Ljava/lang/Object;)V
05-24 22:55:59.252 13721 13747 D M_InsDal: Lcom/fsck/k9/mail/store/imap/ImapResponseParser;--->isStatusResponse(Ljava/lang/String;)Z
05-24 22:55:59.252 13721 13721 D M_InsDal: Lcom/fsck/k9/fragment/MessageListAdapter;--->updateWithThreadCount(Lcom/fsck/k9/fragment/MessageViewHolder;I)V
05-24 22:55:59.252 13721 13747 D M_InsDal: Lcom/fsck/k9/mail/store/imap/ImapResponseParser;--->parseResponseText(Lcom/fsck/k9/mail/store/imap/ImapResponse;)V
05-24 22:55:59.252 13721 13747 D M_InsDal: Lcom/fsck/k9/mail/store/imap/ImapResponseParser;--->skipIfSpace()V
05-24 22:55:59.252 13721 13721 D M_InsDal: Lcom/fsck/k9/fragment/MessageListAdapter;--->recipientSigil(ZZ)Ljava/lang/String;
05-24 22:55:59.252 13721 13747 D M_InsDal: Lcom/fsck/k9/mail/filter/PeekableInputStream;--->peek()I
05-24 22:55:59.252 13721 13747 D M_InsDal: Lcom/fsck/k9/mail/store/imap/ImapResponseParser;--->expect(C)V
05-24 22:55:59.252 13721 13747 D M_InsDal: Lcom/fsck/k9/mail/filter/PeekableInputStream;--->read()I
05-24 22:55:59.252 13721 13747 D M_InsDal: Lcom/fsck/k9/mail/filter/PeekableInputStream;--->peek()I
05-24 22:55:59.252 13721 13747 D M_InsDal: Lcom/fsck/k9/mail/store/imap/ImapResponseParser;--->parseList(Lcom/fsck/k9/mail/store/imap/ImapList;CC)Lcom/fsck/k9/mail/store/imap/ImapList;
05-24 22:55:59.252 13721 13747 D M_InsDal: Lcom/fsck/k9/mail/store/imap/ImapResponseParser;--->expect(C)V
05-24 22:55:59.252 13721 13747 D M_InsDal: Lcom/fsck/k9/mail/filter/PeekableInputStream;--->read()I
05-24 22:55:59.252 13721 13747 D M_InsDal: Lcom/fsck/k9/mail/store/imap/ImapList;---><init>()V
05-24 22:55:59.252 13721 13747 D M_InsDal: Lcom/fsck/k9/mail/store/imap/ImapResponseParser;--->parseToken(Lcom/fsck/k9/mail/store/imap/ImapList;)Ljava/lang/Object;
05-24 22:55:59.252 13721 13747 D M_InsDal: Lcom/fsck/k9/mail/filter/PeekableInputStream;--->peek()I
05-24 22:55:59.252 13721 13747 D M_InsDal: Lcom/fsck/k9/mail/store/imap/ImapResponseParser;--->parseBareString(Z)Ljava/lang/String;
05-24 22:55:59.252 13721 13721 D M_InsDal: Lcom/fsck/k9/fragment/MessageListAdapter;--->getPreview(Landroid/database/Cursor;)Ljava/lang/String;
05-24 22:55:59.252 13721 13747 D M_InsDal: Lcom/fsck/k9/mail/filter/PeekableInputStream;--->peek()I
05-24 22:55:59.252 13721 13747 D M_InsDal: Lcom/fsck/k9/mail/filter/PeekableInputStream;--->read()I
05-24 22:55:59.252 13721 13747 D M_InsDal: Lcom/fsck/k9/mail/filter/PeekableInputStream;--->peek()I
05-24 22:55:59.252 13721 13747 D M_InsDal: Lcom/fsck/k9/mail/filter/PeekableInputStream;--->read()I
05-24 22:55:59.252 13721 13747 D M_InsDal: Lcom/fsck/k9/mail/filter/PeekableInputStream;--->peek()I
05-24 22:55:59.252 13721 13747 D M_InsDal: Lcom/fsck/k9/mail/filter/PeekableInputStream;--->read()I
05-24 22:55:59.252 13721 13747 D M_InsDal: Lcom/fsck/k9/mail/filter/PeekableInputStream;--->peek()I
05-24 22:55:59.252 13721 13721 D M_InsDal: Lcom/fsck/k9/provider/EmailProvider$SpecialColumnsCursor;--->getString(I)Ljava/lang/String;
05-24 22:55:59.252 13721 13747 D M_InsDal: Lcom/fsck/k9/mail/filter/PeekableInputStream;--->read()I
05-24 22:55:59.252 13721 13747 D M_InsDal: Lcom/fsck/k9/mail/filter/PeekableInputStream;--->peek()I
05-24 22:55:59.252 13721 13721 D M_InsDal: Lcom/fsck/k9/mailstore/DatabasePreviewType;--->fromDatabaseValue(Ljava/lang/String;)Lcom/fsck/k9/mailstore/DatabasePreviewType;
05-24 22:55:59.252 13721 13747 D M_InsDal: Lcom/fsck/k9/mail/filter/PeekableInputStream;--->read()I
05-24 22:55:59.252 13721 13721 D M_InsDal: Lcom/fsck/k9/mailstore/DatabasePreviewType;--->values()[Lcom/fsck/k9/mailstore/DatabasePreviewType;
05-24 22:55:59.252 13721 13747 D M_InsDal: Lcom/fsck/k9/mail/filter/PeekableInputStream;--->peek()I
05-24 22:55:59.252 13721 13747 D M_InsDal: Lcom/fsck/k9/mail/filter/PeekableInputStream;--->read()I
05-24 22:55:59.252 13721 13721 D M_InsDal: Lcom/fsck/k9/mailstore/DatabasePreviewType;--->getDatabaseValue()Ljava/lang/String;
05-24 22:55:59.252 13721 13747 D M_InsDal: Lcom/fsck/k9/mail/filter/PeekableInputStream;--->peek()I
05-24 22:55:59.252 13721 13721 D M_InsDal: Lcom/fsck/k9/mailstore/DatabasePreviewType;--->getDatabaseValue()Ljava/lang/String;
05-24 22:55:59.252 13721 13747 D M_InsDal: Lcom/fsck/k9/mail/filter/PeekableInputStream;--->read()I
05-24 22:55:59.252 13721 13747 D M_InsDal: Lcom/fsck/k9/mail/filter/PeekableInputStream;--->peek()I
05-24 22:55:59.252 13721 13747 D M_InsDal: Lcom/fsck/k9/mail/filter/PeekableInputStream;--->read()I
05-24 22:55:59.252 13721 13747 D M_InsDal: Lcom/fsck/k9/mail/filter/PeekableInputStream;--->peek()I
05-24 22:55:59.252 13721 13721 D M_InsDal: Lcom/fsck/k9/provider/EmailProvider$SpecialColumnsCursor;--->getString(I)Ljava/lang/String;
05-24 22:55:59.252 13721 13747 D M_InsDal: Lcom/fsck/k9/mail/filter/PeekableInputStream;--->read()I
05-24 22:55:59.252 13721 13747 D M_InsDal: Lcom/fsck/k9/mail/filter/PeekableInputStream;--->peek()I
05-24 22:55:59.252 13721 13747 D M_InsDal: Lcom/fsck/k9/mail/filter/PeekableInputStream;--->read()I
05-24 22:55:59.252 13721 13747 D M_InsDal: Lcom/fsck/k9/mail/filter/PeekableInputStream;--->peek()I
05-24 22:55:59.252 13721 13747 D M_InsDal: Lcom/fsck/k9/mail/store/imap/ImapResponseParser;--->parseToken(Lcom/fsck/k9/mail/store/imap/ImapList;)Ljava/lang/Object;
05-24 22:55:59.252 13721 13747 D M_InsDal: Lcom/fsck/k9/mail/filter/PeekableInputStream;--->peek()I
05-24 22:55:59.252 13721 13747 D M_InsDal: Lcom/fsck/k9/mail/store/imap/ImapResponseParser;--->expect(C)V
05-24 22:55:59.252 13721 13747 D M_InsDal: Lcom/fsck/k9/mail/filter/PeekableInputStream;--->read()I
05-24 22:55:59.252 13721 13747 D M_InsDal: Lcom/fsck/k9/mail/filter/PeekableInputStream;--->peek()I
05-24 22:55:59.252 13721 13747 D M_InsDal: Lcom/fsck/k9/mail/store/imap/ImapResponseParser;--->parseBareString(Z)Ljava/lang/String;
05-24 22:55:59.252 13721 13747 D M_InsDal: Lcom/fsck/k9/mail/filter/PeekableInputStream;--->peek()I
05-24 22:55:59.252 13721 13747 D M_InsDal: Lcom/fsck/k9/mail/filter/PeekableInputStream;--->read()I
05-24 22:55:59.252 13721 13747 D M_InsDal: Lcom/fsck/k9/mail/filter/PeekableInputStream;--->peek()I
05-24 22:55:59.252 13721 13747 D M_InsDal: Lcom/fsck/k9/mail/filter/PeekableInputStream;--->read()I
05-24 22:55:59.252 13721 13747 D M_InsDal: Lcom/fsck/k9/mail/filter/PeekableInputStream;--->peek()I
05-24 22:55:59.252 13721 13721 D M_InsDal: Lcom/fsck/k9/fragment/MessageListAdapter;--->formatPreviewText(Landroid/widget/TextView;Ljava/lang/CharSequence;Ljava/lang/String;)V
05-24 22:55:59.252 13721 13747 D M_InsDal: Lcom/fsck/k9/mail/filter/PeekableInputStream;--->read()I
05-24 22:55:59.252 13721 13721 D M_InsDal: Lcom/fsck/k9/fragment/MessageListAdapter;--->buildSenderSpan()Landroid/text/style/AbsoluteSizeSpan;
05-24 22:55:59.252 13721 13747 D M_InsDal: Lcom/fsck/k9/mail/filter/PeekableInputStream;--->peek()I
05-24 22:55:59.252 13721 13747 D M_InsDal: Lcom/fsck/k9/mail/filter/PeekableInputStream;--->read()I
05-24 22:55:59.252 13721 13721 D M_InsDal: Lcom/fsck/k9/FontSizes;--->getMessageListSender()I
05-24 22:55:59.252 13721 13747 D M_InsDal: Lcom/fsck/k9/mail/filter/PeekableInputStream;--->peek()I
05-24 22:55:59.252 13721 13747 D M_InsDal: Lcom/fsck/k9/mail/filter/PeekableInputStream;--->read()I
05-24 22:55:59.252 13721 13747 D M_InsDal: Lcom/fsck/k9/mail/filter/PeekableInputStream;--->peek()I
05-24 22:55:59.252 13721 13747 D M_InsDal: Lcom/fsck/k9/mail/store/imap/ImapResponseParser;--->parseToken(Lcom/fsck/k9/mail/store/imap/ImapList;)Ljava/lang/Object;
05-24 22:55:59.252 13721 13747 D M_InsDal: Lcom/fsck/k9/mail/filter/PeekableInputStream;--->peek()I
05-24 22:55:59.252 13721 13747 D M_InsDal: Lcom/fsck/k9/mail/store/imap/ImapResponseParser;--->expect(C)V
05-24 22:55:59.252 13721 13721 D M_InsDal: Lcom/fsck/k9/fragment/MessageListAdapter;--->buildPreviewSpanColor()I
05-24 22:55:59.252 13721 13747 D M_InsDal: Lcom/fsck/k9/mail/filter/PeekableInputStream;--->read()I
05-24 22:55:59.252 13721 13721 D M_InsDal: Lcom/fsck/k9/K9;--->getK9Theme()Lcom/fsck/k9/K9$Theme;
05-24 22:55:59.252 13721 13747 D M_InsDal: Lcom/fsck/k9/mail/filter/PeekableInputStream;--->peek()I
05-24 22:55:59.252 13721 13747 D M_InsDal: Lcom/fsck/k9/mail/store/imap/ImapResponseParser;--->parseBareString(Z)Ljava/lang/String;
05-24 22:55:59.252 13721 13721 D M_InsDal: Lcom/fsck/k9/fragment/MessageListAdapter;--->buildStatusHolder(ZZ)Landroid/graphics/drawable/Drawable;
05-24 22:55:59.252 13721 13747 D M_InsDal: Lcom/fsck/k9/mail/filter/PeekableInputStream;--->peek()I
05-24 22:55:59.252 13721 13747 D M_InsDal: Lcom/fsck/k9/mail/filter/PeekableInputStream;--->read()I
05-24 22:55:59.252 13721 13747 D M_InsDal: Lcom/fsck/k9/mail/filter/PeekableInputStream;--->peek()I
05-24 22:55:59.252 13721 13747 D M_InsDal: Lcom/fsck/k9/mail/filter/PeekableInputStream;--->read()I
05-24 22:55:59.252 13721 13747 D M_InsDal: Lcom/fsck/k9/mail/filter/PeekableInputStream;--->peek()I
05-24 22:55:59.252 13721 13747 D M_InsDal: Lcom/fsck/k9/mail/filter/PeekableInputStream;--->read()I
05-24 22:55:59.252 13721 13747 D M_InsDal: Lcom/fsck/k9/mail/filter/PeekableInputStream;--->peek()I
05-24 22:55:59.252 13721 13747 D M_InsDal: Lcom/fsck/k9/mail/filter/PeekableInputStream;--->read()I
05-24 22:55:59.252 13721 13747 D M_InsDal: Lcom/fsck/k9/mail/filter/PeekableInputStream;--->peek()I
05-24 22:55:59.252 13721 13747 D M_InsDal: Lcom/fsck/k9/mail/filter/PeekableInputStream;--->read()I
05-24 22:55:59.252 13721 13747 D M_InsDal: Lcom/fsck/k9/mail/filter/PeekableInputStream;--->peek()I
05-24 22:55:59.252 13721 13721 D M_InsDal: Lcom/fsck/k9/cache/EmailProviderCacheCursor;--->getCount()I
05-24 22:55:59.252 13721 13747 D M_InsDal: Lcom/fsck/k9/mail/filter/PeekableInputStream;--->read()I
05-24 22:55:59.252 13721 13747 D M_InsDal: Lcom/fsck/k9/mail/filter/PeekableInputStream;--->peek()I
05-24 22:55:59.252 13721 13747 D M_InsDal: Lcom/fsck/k9/mail/filter/PeekableInputStream;--->read()I
05-24 22:55:59.252 13721 13721 D M_InsDal: Lcom/fsck/k9/cache/EmailProviderCacheCursor;--->moveToPosition(I)Z
05-24 22:55:59.252 13721 13747 D M_InsDal: Lcom/fsck/k9/mail/filter/PeekableInputStream;--->peek()I
05-24 22:55:59.252 13721 13747 D M_InsDal: Lcom/fsck/k9/mail/filter/PeekableInputStream;--->read()I
05-24 22:55:59.252 13721 13747 D M_InsDal: Lcom/fsck/k9/mail/filter/PeekableInputStream;--->peek()I
05-24 22:55:59.252 13721 13747 D M_InsDal: Lcom/fsck/k9/mail/filter/PeekableInputStream;--->read()I
05-24 22:55:59.252 13721 13747 D M_InsDal: Lcom/fsck/k9/mail/filter/PeekableInputStream;--->peek()I
05-24 22:55:59.252 13721 13747 D M_InsDal: Lcom/fsck/k9/mail/store/imap/ImapResponseParser;--->parseToken(Lcom/fsck/k9/mail/store/imap/ImapList;)Ljava/lang/Object;
05-24 22:55:59.252 13721 13721 D M_InsDal: Lcom/fsck/k9/provider/EmailProvider$SpecialColumnsCursor;--->getLong(I)J
05-24 22:55:59.252 13721 13747 D M_InsDal: Lcom/fsck/k9/mail/filter/PeekableInputStream;--->peek()I
05-24 22:55:59.252 13721 13747 D M_InsDal: Lcom/fsck/k9/mail/store/imap/ImapResponseParser;--->expect(C)V
05-24 22:55:59.252 13721 13721 D M_InsDal: Lcom/fsck/k9/cache/EmailProviderCacheCursor;--->getCount()I
05-24 22:55:59.252 13721 13747 D M_InsDal: Lcom/fsck/k9/mail/filter/PeekableInputStream;--->read()I
05-24 22:55:59.252 13721 13747 D M_InsDal: Lcom/fsck/k9/mail/filter/PeekableInputStream;--->peek()I
05-24 22:55:59.252 13721 13721 D M_InsDal: Lcom/fsck/k9/cache/EmailProviderCacheCursor;--->getCount()I
05-24 22:55:59.252 13721 13747 D M_InsDal: Lcom/fsck/k9/mail/store/imap/ImapResponseParser;--->parseBareString(Z)Ljava/lang/String;
05-24 22:55:59.252 13721 13747 D M_InsDal: Lcom/fsck/k9/mail/filter/PeekableInputStream;--->peek()I
05-24 22:55:59.252 13721 13747 D M_InsDal: Lcom/fsck/k9/mail/filter/PeekableInputStream;--->read()I
05-24 22:55:59.252 13721 13721 D M_InsDal: Lcom/fsck/k9/cache/EmailProviderCacheCursor;--->getCount()I
05-24 22:55:59.252 13721 13747 D M_InsDal: Lcom/fsck/k9/mail/filter/PeekableInputStream;--->peek()I
05-24 22:55:59.252 13721 13721 D M_InsDal: Lcom/fsck/k9/cache/EmailProviderCacheCursor;--->getCount()I
05-24 22:55:59.252 13721 13747 D M_InsDal: Lcom/fsck/k9/mail/filter/PeekableInputStream;--->read()I
05-24 22:55:59.252 13721 13747 D M_InsDal: Lcom/fsck/k9/mail/filter/PeekableInputStream;--->peek()I
05-24 22:55:59.252 13721 13747 D M_InsDal: Lcom/fsck/k9/mail/store/imap/ImapResponseParser;--->parseToken(Lcom/fsck/k9/mail/store/imap/ImapList;)Ljava/lang/Object;
05-24 22:55:59.252 13721 13747 D M_InsDal: Lcom/fsck/k9/mail/filter/PeekableInputStream;--->peek()I
05-24 22:55:59.252 13721 13747 D M_InsDal: Lcom/fsck/k9/mail/store/imap/ImapResponseParser;--->expect(C)V
05-24 22:55:59.252 13721 13747 D M_InsDal: Lcom/fsck/k9/mail/filter/PeekableInputStream;--->read()I
05-24 22:55:59.252 13721 13747 D M_InsDal: Lcom/fsck/k9/mail/filter/PeekableInputStream;--->peek()I
05-24 22:55:59.252 13721 13747 D M_InsDal: Lcom/fsck/k9/mail/store/imap/ImapResponseParser;--->parseBareString(Z)Ljava/lang/String;
05-24 22:55:59.252 13721 13747 D M_InsDal: Lcom/fsck/k9/mail/filter/PeekableInputStream;--->peek()I
05-24 22:55:59.252 13721 13747 D M_InsDal: Lcom/fsck/k9/mail/filter/PeekableInputStream;--->read()I
05-24 22:55:59.252 13721 13747 D M_InsDal: Lcom/fsck/k9/mail/filter/PeekableInputStream;--->peek()I
05-24 22:55:59.252 13721 13747 D M_InsDal: Lcom/fsck/k9/mail/filter/PeekableInputStream;--->read()I
05-24 22:55:59.252 13721 13747 D M_InsDal: Lcom/fsck/k9/mail/filter/PeekableInputStream;--->peek()I
05-24 22:55:59.252 13721 13747 D M_InsDal: Lcom/fsck/k9/mail/filter/PeekableInputStream;--->read()I
05-24 22:55:59.252 13721 13747 D M_InsDal: Lcom/fsck/k9/mail/filter/PeekableInputStream;--->peek()I
05-24 22:55:59.252 13721 13747 D M_InsDal: Lcom/fsck/k9/mail/filter/PeekableInputStream;--->read()I
05-24 22:55:59.252 13721 13747 D M_InsDal: Lcom/fsck/k9/mail/filter/PeekableInputStream;--->peek()I
05-24 22:55:59.252 13721 13747 D M_InsDal: Lcom/fsck/k9/mail/filter/PeekableInputStream;--->read()I
05-24 22:55:59.252 13721 13747 D M_InsDal: Lcom/fsck/k9/mail/filter/PeekableInputStream;--->peek()I
05-24 22:55:59.252 13721 13747 D M_InsDal: Lcom/fsck/k9/mail/filter/PeekableInputStream;--->read()I
05-24 22:55:59.252 13721 13747 D M_InsDal: Lcom/fsck/k9/mail/filter/PeekableInputStream;--->peek()I
05-24 22:55:59.252 13721 13747 D M_InsDal: Lcom/fsck/k9/mail/filter/PeekableInputStream;--->read()I
05-24 22:55:59.252 13721 13747 D M_InsDal: Lcom/fsck/k9/mail/filter/PeekableInputStream;--->peek()I
05-24 22:55:59.252 13721 13747 D M_InsDal: Lcom/fsck/k9/mail/filter/PeekableInputStream;--->read()I
05-24 22:55:59.252 13721 13747 D M_InsDal: Lcom/fsck/k9/mail/filter/PeekableInputStream;--->peek()I
05-24 22:55:59.252 13721 13747 D M_InsDal: Lcom/fsck/k9/mail/filter/PeekableInputStream;--->read()I
05-24 22:55:59.252 13721 13747 D M_InsDal: Lcom/fsck/k9/mail/filter/PeekableInputStream;--->peek()I
05-24 22:55:59.252 13721 13747 D M_InsDal: Lcom/fsck/k9/mail/filter/PeekableInputStream;--->read()I
05-24 22:55:59.252 13721 13747 D M_InsDal: Lcom/fsck/k9/mail/filter/PeekableInputStream;--->peek()I
05-24 22:55:59.252 13721 13747 D M_InsDal: Lcom/fsck/k9/mail/store/imap/ImapResponseParser;--->parseToken(Lcom/fsck/k9/mail/store/imap/ImapList;)Ljava/lang/Object;
05-24 22:55:59.252 13721 13747 D M_InsDal: Lcom/fsck/k9/mail/filter/PeekableInputStream;--->peek()I
05-24 22:55:59.252 13721 13747 D M_InsDal: Lcom/fsck/k9/mail/store/imap/ImapResponseParser;--->expect(C)V
05-24 22:55:59.252 13721 13747 D M_InsDal: Lcom/fsck/k9/mail/filter/PeekableInputStream;--->read()I
05-24 22:55:59.252 13721 13747 D M_InsDal: Lcom/fsck/k9/mail/filter/PeekableInputStream;--->peek()I
05-24 22:55:59.252 13721 13747 D M_InsDal: Lcom/fsck/k9/mail/store/imap/ImapResponseParser;--->parseBareString(Z)Ljava/lang/String;
05-24 22:55:59.252 13721 13747 D M_InsDal: Lcom/fsck/k9/mail/filter/PeekableInputStream;--->peek()I
05-24 22:55:59.252 13721 13747 D M_InsDal: Lcom/fsck/k9/mail/filter/PeekableInputStream;--->read()I
05-24 22:55:59.252 13721 13747 D M_InsDal: Lcom/fsck/k9/mail/filter/PeekableInputStream;--->peek()I
05-24 22:55:59.252 13721 13747 D M_InsDal: Lcom/fsck/k9/mail/filter/PeekableInputStream;--->read()I
05-24 22:55:59.252 13721 13747 D M_InsDal: Lcom/fsck/k9/mail/filter/PeekableInputStream;--->peek()I
05-24 22:55:59.252 13721 13747 D M_InsDal: Lcom/fsck/k9/mail/filter/PeekableInputStream;--->read()I
05-24 22:55:59.252 13721 13747 D M_InsDal: Lcom/fsck/k9/mail/filter/PeekableInputStream;--->peek()I
05-24 22:55:59.252 13721 13747 D M_InsDal: Lcom/fsck/k9/mail/filter/PeekableInputStream;--->read()I
05-24 22:55:59.252 13721 13747 D M_InsDal: Lcom/fsck/k9/mail/filter/PeekableInputStream;--->peek()I
05-24 22:55:59.252 13721 13747 D M_InsDal: Lcom/fsck/k9/mail/filter/PeekableInputStream;--->read()I
05-24 22:55:59.252 13721 13747 D M_InsDal: Lcom/fsck/k9/mail/filter/PeekableInputStream;--->peek()I
05-24 22:55:59.252 13721 13747 D M_InsDal: Lcom/fsck/k9/mail/filter/PeekableInputStream;--->read()I
05-24 22:55:59.252 13721 13747 D M_InsDal: Lcom/fsck/k9/mail/filter/PeekableInputStream;--->peek()I
05-24 22:55:59.252 13721 13747 D M_InsDal: Lcom/fsck/k9/mail/filter/PeekableInputStream;--->read()I
05-24 22:55:59.252 13721 13747 D M_InsDal: Lcom/fsck/k9/mail/filter/PeekableInputStream;--->peek()I
05-24 22:55:59.252 13721 13747 D M_InsDal: Lcom/fsck/k9/mail/filter/PeekableInputStream;--->read()I
05-24 22:55:59.252 13721 13747 D M_InsDal: Lcom/fsck/k9/mail/filter/PeekableInputStream;--->peek()I
05-24 22:55:59.252 13721 13747 D M_InsDal: Lcom/fsck/k9/mail/filter/PeekableInputStream;--->read()I
05-24 22:55:59.252 13721 13747 D M_InsDal: Lcom/fsck/k9/mail/filter/PeekableInputStream;--->peek()I
05-24 22:55:59.252 13721 13747 D M_InsDal: Lcom/fsck/k9/mail/filter/PeekableInputStream;--->read()I
05-24 22:55:59.252 13721 13747 D M_InsDal: Lcom/fsck/k9/mail/filter/PeekableInputStream;--->peek()I
05-24 22:55:59.252 13721 13747 D M_InsDal: Lcom/fsck/k9/mail/store/imap/ImapResponseParser;--->parseToken(Lcom/fsck/k9/mail/store/imap/ImapList;)Ljava/lang/Object;
05-24 22:55:59.252 13721 13747 D M_InsDal: Lcom/fsck/k9/mail/filter/PeekableInputStream;--->peek()I
05-24 22:55:59.252 13721 13747 D M_InsDal: Lcom/fsck/k9/mail/store/imap/ImapResponseParser;--->expect(C)V
05-24 22:55:59.252 13721 13747 D M_InsDal: Lcom/fsck/k9/mail/filter/PeekableInputStream;--->read()I
05-24 22:55:59.252 13721 13747 D M_InsDal: Lcom/fsck/k9/mail/filter/PeekableInputStream;--->peek()I
05-24 22:55:59.252 13721 13747 D M_InsDal: Lcom/fsck/k9/mail/store/imap/ImapResponseParser;--->parseBareString(Z)Ljava/lang/String;
05-24 22:55:59.252 13721 13747 D M_InsDal: Lcom/fsck/k9/mail/filter/PeekableInputStream;--->peek()I
05-24 22:55:59.252 13721 13747 D M_InsDal: Lcom/fsck/k9/mail/filter/PeekableInputStream;--->read()I
05-24 22:55:59.252 13721 13747 D M_InsDal: Lcom/fsck/k9/mail/filter/PeekableInputStream;--->peek()I
05-24 22:55:59.252 13721 13747 D M_InsDal: Lcom/fsck/k9/mail/filter/PeekableInputStream;--->read()I
05-24 22:55:59.252 13721 13747 D M_InsDal: Lcom/fsck/k9/mail/filter/PeekableInputStream;--->peek()I
05-24 22:55:59.252 13721 13747 D M_InsDal: Lcom/fsck/k9/mail/filter/PeekableInputStream;--->read()I
05-24 22:55:59.252 13721 13747 D M_InsDal: Lcom/fsck/k9/mail/filter/PeekableInputStream;--->peek()I
05-24 22:55:59.252 13721 13747 D M_InsDal: Lcom/fsck/k9/mail/filter/PeekableInputStream;--->read()I
05-24 22:55:59.252 13721 13747 D M_InsDal: Lcom/fsck/k9/mail/filter/PeekableInputStream;--->peek()I
05-24 22:55:59.252 13721 13747 D M_InsDal: Lcom/fsck/k9/mail/filter/PeekableInputStream;--->read()I
05-24 22:55:59.252 13721 13747 D M_InsDal: Lcom/fsck/k9/mail/filter/PeekableInputStream;--->peek()I
05-24 22:55:59.252 13721 13747 D M_InsDal: Lcom/fsck/k9/mail/filter/PeekableInputStream;--->read()I
05-24 22:55:59.252 13721 13747 D M_InsDal: Lcom/fsck/k9/mail/filter/PeekableInputStream;--->peek()I
05-24 22:55:59.252 13721 13747 D M_InsDal: Lcom/fsck/k9/mail/filter/PeekableInputStream;--->read()I
05-24 22:55:59.252 13721 13747 D M_InsDal: Lcom/fsck/k9/mail/filter/PeekableInputStream;--->peek()I
05-24 22:55:59.252 13721 13747 D M_InsDal: Lcom/fsck/k9/mail/filter/PeekableInputStream;--->read()I
05-24 22:55:59.252 13721 13747 D M_InsDal: Lcom/fsck/k9/mail/filter/PeekableInputStream;--->peek()I
05-24 22:55:59.252 13721 13747 D M_InsDal: Lcom/fsck/k9/mail/filter/PeekableInputStream;--->read()I
05-24 22:55:59.252 13721 13747 D M_InsDal: Lcom/fsck/k9/mail/filter/PeekableInputStream;--->peek()I
05-24 22:55:59.252 13721 13747 D M_InsDal: Lcom/fsck/k9/mail/filter/PeekableInputStream;--->read()I
05-24 22:55:59.252 13721 13747 D M_InsDal: Lcom/fsck/k9/mail/filter/PeekableInputStream;--->peek()I
05-24 22:55:59.252 13721 13747 D M_InsDal: Lcom/fsck/k9/mail/filter/PeekableInputStream;--->read()I
05-24 22:55:59.252 13721 13747 D M_InsDal: Lcom/fsck/k9/mail/filter/PeekableInputStream;--->peek()I
05-24 22:55:59.252 13721 13747 D M_InsDal: Lcom/fsck/k9/mail/filter/PeekableInputStream;--->read()I
05-24 22:55:59.252 13721 13747 D M_InsDal: Lcom/fsck/k9/mail/filter/PeekableInputStream;--->peek()I
05-24 22:55:59.252 13721 13747 D M_InsDal: Lcom/fsck/k9/mail/store/imap/ImapResponseParser;--->parseToken(Lcom/fsck/k9/mail/store/imap/ImapList;)Ljava/lang/Object;
05-24 22:55:59.252 13721 13747 D M_InsDal: Lcom/fsck/k9/mail/filter/PeekableInputStream;--->peek()I
05-24 22:55:59.252 13721 13747 D M_InsDal: Lcom/fsck/k9/mail/store/imap/ImapResponseParser;--->expect(C)V
05-24 22:55:59.252 13721 13747 D M_InsDal: Lcom/fsck/k9/mail/filter/PeekableInputStream;--->read()I
05-24 22:55:59.252 13721 13747 D M_InsDal: Lcom/fsck/k9/mail/filter/PeekableInputStream;--->peek()I
05-24 22:55:59.252 13721 13747 D M_InsDal: Lcom/fsck/k9/mail/store/imap/ImapResponseParser;--->parseBareString(Z)Ljava/lang/String;
05-24 22:55:59.252 13721 13747 D M_InsDal: Lcom/fsck/k9/mail/filter/PeekableInputStream;--->peek()I
05-24 22:55:59.252 13721 13747 D M_InsDal: Lcom/fsck/k9/mail/filter/PeekableInputStream;--->read()I
05-24 22:55:59.252 13721 13747 D M_InsDal: Lcom/fsck/k9/mail/filter/PeekableInputStream;--->peek()I
05-24 22:55:59.252 13721 13747 D M_InsDal: Lcom/fsck/k9/mail/filter/PeekableInputStream;--->read()I
05-24 22:55:59.252 13721 13747 D M_InsDal: Lcom/fsck/k9/mail/filter/PeekableInputStream;--->peek()I
05-24 22:55:59.252 13721 13747 D M_InsDal: Lcom/fsck/k9/mail/filter/PeekableInputStream;--->read()I
05-24 22:55:59.252 13721 13747 D M_InsDal: Lcom/fsck/k9/mail/filter/PeekableInputStream;--->peek()I
05-24 22:55:59.252 13721 13747 D M_InsDal: Lcom/fsck/k9/mail/filter/PeekableInputStream;--->read()I
05-24 22:55:59.252 13721 13747 D M_InsDal: Lcom/fsck/k9/mail/filter/PeekableInputStream;--->peek()I
05-24 22:55:59.252 13721 13747 D M_InsDal: Lcom/fsck/k9/mail/filter/PeekableInputStream;--->read()I
05-24 22:55:59.252 13721 13747 D M_InsDal: Lcom/fsck/k9/mail/filter/PeekableInputStream;--->peek()I
05-24 22:55:59.252 13721 13747 D M_InsDal: Lcom/fsck/k9/mail/filter/PeekableInputStream;--->read()I
05-24 22:55:59.252 13721 13747 D M_InsDal: Lcom/fsck/k9/mail/filter/PeekableInputStream;--->peek()I
05-24 22:55:59.252 13721 13747 D M_InsDal: Lcom/fsck/k9/mail/filter/PeekableInputStream;--->read()I
05-24 22:55:59.252 13721 13747 D M_InsDal: Lcom/fsck/k9/mail/filter/PeekableInputStream;--->peek()I
05-24 22:55:59.252 13721 13747 D M_InsDal: Lcom/fsck/k9/mail/filter/PeekableInputStream;--->read()I
05-24 22:55:59.252 13721 13747 D M_InsDal: Lcom/fsck/k9/mail/filter/PeekableInputStream;--->peek()I
05-24 22:55:59.252 13721 13747 D M_InsDal: Lcom/fsck/k9/mail/filter/PeekableInputStream;--->read()I
05-24 22:55:59.252 13721 13747 D M_InsDal: Lcom/fsck/k9/mail/filter/PeekableInputStream;--->peek()I
05-24 22:55:59.252 13721 13747 D M_InsDal: Lcom/fsck/k9/mail/store/imap/ImapResponseParser;--->parseToken(Lcom/fsck/k9/mail/store/imap/ImapList;)Ljava/lang/Object;
05-24 22:55:59.252 13721 13747 D M_InsDal: Lcom/fsck/k9/mail/filter/PeekableInputStream;--->peek()I
05-24 22:55:59.252 13721 13747 D M_InsDal: Lcom/fsck/k9/mail/store/imap/ImapResponseParser;--->expect(C)V
05-24 22:55:59.252 13721 13747 D M_InsDal: Lcom/fsck/k9/mail/filter/PeekableInputStream;--->read()I
