05-24 23:04:56.713 16059 16078 D M_InsDal: Lcom/fsck/k9/mail/internet/MimeHeader$Field;--->newRawField(Ljava/lang/String;Ljava/lang/String;)Lcom/fsck/k9/mail/internet/MimeHeader$Field;
05-24 23:04:56.713 16059 16078 D M_InsDal: Lcom/fsck/k9/mail/internet/MimeHeader$Field;---><init>(Ljava/lang/String;Ljava/lang/String;Ljava/lang/String;)V
05-24 23:04:56.713 16059 16078 D M_InsDal: Lcom/fsck/k9/mail/message/MessageHeaderParser$MessageHeaderParserContentHandler;--->field(Lorg/apache/james/mime4j/stream/Field;)V
05-24 23:04:56.713 16059 16078 D M_InsDal: Lcom/fsck/k9/mail/internet/MimeMessage;--->addRawHeader(Ljava/lang/String;Ljava/lang/String;)V
05-24 23:04:56.713 16059 16078 D M_InsDal: Lcom/fsck/k9/mail/internet/MimeHeader;--->addRawHeader(Ljava/lang/String;Ljava/lang/String;)V
05-24 23:04:56.713 16059 16078 D M_InsDal: Lcom/fsck/k9/mail/internet/MimeHeader$Field;--->newRawField(Ljava/lang/String;Ljava/lang/String;)Lcom/fsck/k9/mail/internet/MimeHeader$Field;
05-24 23:04:56.713 16059 16078 D M_InsDal: Lcom/fsck/k9/mail/internet/MimeHeader$Field;---><init>(Ljava/lang/String;Ljava/lang/String;Ljava/lang/String;)V
05-24 23:04:56.713 16059 16078 D M_InsDal: Lcom/fsck/k9/mail/message/MessageHeaderParser$MessageHeaderParserContentHandler;--->field(Lorg/apache/james/mime4j/stream/Field;)V
05-24 23:04:56.713 16059 16078 D M_InsDal: Lcom/fsck/k9/mail/internet/MimeMessage;--->addRawHeader(Ljava/lang/String;Ljava/lang/String;)V
05-24 23:04:56.713 16059 16078 D M_InsDal: Lcom/fsck/k9/mail/internet/MimeHeader;--->addRawHeader(Ljava/lang/String;Ljava/lang/String;)V
05-24 23:04:56.713 16059 16078 D M_InsDal: Lcom/fsck/k9/mail/internet/MimeHeader$Field;--->newRawField(Ljava/lang/String;Ljava/lang/String;)Lcom/fsck/k9/mail/internet/MimeHeader$Field;
05-24 23:04:56.713 16059 16078 D M_InsDal: Lcom/fsck/k9/mail/internet/MimeHeader$Field;---><init>(Ljava/lang/String;Ljava/lang/String;Ljava/lang/String;)V
05-24 23:04:56.713 16059 16078 D M_InsDal: Lcom/fsck/k9/mail/message/MessageHeaderParser$MessageHeaderParserContentHandler;--->field(Lorg/apache/james/mime4j/stream/Field;)V
05-24 23:04:56.713 16059 16078 D M_InsDal: Lcom/fsck/k9/mail/internet/MimeMessage;--->addRawHeader(Ljava/lang/String;Ljava/lang/String;)V
05-24 23:04:56.713 16059 16078 D M_InsDal: Lcom/fsck/k9/mail/internet/MimeHeader;--->addRawHeader(Ljava/lang/String;Ljava/lang/String;)V
05-24 23:04:56.713 16059 16078 D M_InsDal: Lcom/fsck/k9/mail/internet/MimeHeader$Field;--->newRawField(Ljava/lang/String;Ljava/lang/String;)Lcom/fsck/k9/mail/internet/MimeHeader$Field;
05-24 23:04:56.713 16059 16078 D M_InsDal: Lcom/fsck/k9/mail/internet/MimeHeader$Field;---><init>(Ljava/lang/String;Ljava/lang/String;Ljava/lang/String;)V
05-24 23:04:56.713 16059 16078 D M_InsDal: Lcom/fsck/k9/mail/message/MessageHeaderParser$MessageHeaderParserContentHandler;--->field(Lorg/apache/james/mime4j/stream/Field;)V
05-24 23:04:56.713 16059 16078 D M_InsDal: Lcom/fsck/k9/mail/internet/MimeMessage;--->addRawHeader(Ljava/lang/String;Ljava/lang/String;)V
05-24 23:04:56.713 16059 16078 D M_InsDal: Lcom/fsck/k9/mail/internet/MimeHeader;--->addRawHeader(Ljava/lang/String;Ljava/lang/String;)V
05-24 23:04:56.713 16059 16078 D M_InsDal: Lcom/fsck/k9/mail/internet/MimeHeader$Field;--->newRawField(Ljava/lang/String;Ljava/lang/String;)Lcom/fsck/k9/mail/internet/MimeHeader$Field;
05-24 23:04:56.713 16059 16078 D M_InsDal: Lcom/fsck/k9/mail/internet/MimeHeader$Field;---><init>(Ljava/lang/String;Ljava/lang/String;Ljava/lang/String;)V
05-24 23:04:56.713 16059 16078 D M_InsDal: Lcom/fsck/k9/mail/message/MessageHeaderParser$MessageHeaderParserContentHandler;--->field(Lorg/apache/james/mime4j/stream/Field;)V
05-24 23:04:56.713 16059 16078 D M_InsDal: Lcom/fsck/k9/mail/internet/MimeMessage;--->addRawHeader(Ljava/lang/String;Ljava/lang/String;)V
05-24 23:04:56.713 16059 16078 D M_InsDal: Lcom/fsck/k9/mail/internet/MimeHeader;--->addRawHeader(Ljava/lang/String;Ljava/lang/String;)V
05-24 23:04:56.713 16059 16078 D M_InsDal: Lcom/fsck/k9/mail/internet/MimeHeader$Field;--->newRawField(Ljava/lang/String;Ljava/lang/String;)Lcom/fsck/k9/mail/internet/MimeHeader$Field;
05-24 23:04:56.713 16059 16078 D M_InsDal: Lcom/fsck/k9/mail/internet/MimeHeader$Field;---><init>(Ljava/lang/String;Ljava/lang/String;Ljava/lang/String;)V
05-24 23:04:56.713 16059 16078 D M_InsDal: Lcom/fsck/k9/mail/message/MessageHeaderParser$MessageHeaderParserContentHandler;--->field(Lorg/apache/james/mime4j/stream/Field;)V
05-24 23:04:56.713 16059 16078 D M_InsDal: Lcom/fsck/k9/mail/internet/MimeMessage;--->addRawHeader(Ljava/lang/String;Ljava/lang/String;)V
05-24 23:04:56.713 16059 16078 D M_InsDal: Lcom/fsck/k9/mail/internet/MimeHeader;--->addRawHeader(Ljava/lang/String;Ljava/lang/String;)V
05-24 23:04:56.713 16059 16078 D M_InsDal: Lcom/fsck/k9/mail/internet/MimeHeader$Field;--->newRawField(Ljava/lang/String;Ljava/lang/String;)Lcom/fsck/k9/mail/internet/MimeHeader$Field;
05-24 23:04:56.713 16059 16078 D M_InsDal: Lcom/fsck/k9/mail/internet/MimeHeader$Field;---><init>(Ljava/lang/String;Ljava/lang/String;Ljava/lang/String;)V
05-24 23:04:56.713 16059 16078 D M_InsDal: Lcom/fsck/k9/mail/message/MessageHeaderParser$MessageHeaderParserContentHandler;--->field(Lorg/apache/james/mime4j/stream/Field;)V
05-24 23:04:56.713 16059 16078 D M_InsDal: Lcom/fsck/k9/mail/internet/MimeMessage;--->addRawHeader(Ljava/lang/String;Ljava/lang/String;)V
05-24 23:04:56.713 16059 16078 D M_InsDal: Lcom/fsck/k9/mail/internet/MimeHeader;--->addRawHeader(Ljava/lang/String;Ljava/lang/String;)V
05-24 23:04:56.713 16059 16078 D M_InsDal: Lcom/fsck/k9/mail/internet/MimeHeader$Field;--->newRawField(Ljava/lang/String;Ljava/lang/String;)Lcom/fsck/k9/mail/internet/MimeHeader$Field;
05-24 23:04:56.713 16059 16078 D M_InsDal: Lcom/fsck/k9/mail/internet/MimeHeader$Field;---><init>(Ljava/lang/String;Ljava/lang/String;Ljava/lang/String;)V
05-24 23:04:56.713 16059 16078 D M_InsDal: Lcom/fsck/k9/mail/message/MessageHeaderParser$MessageHeaderParserContentHandler;--->field(Lorg/apache/james/mime4j/stream/Field;)V
05-24 23:04:56.713 16059 16078 D M_InsDal: Lcom/fsck/k9/mail/internet/MimeMessage;--->addRawHeader(Ljava/lang/String;Ljava/lang/String;)V
05-24 23:04:56.713 16059 16078 D M_InsDal: Lcom/fsck/k9/mail/internet/MimeHeader;--->addRawHeader(Ljava/lang/String;Ljava/lang/String;)V
05-24 23:04:56.713 16059 16078 D M_InsDal: Lcom/fsck/k9/mail/internet/MimeHeader$Field;--->newRawField(Ljava/lang/String;Ljava/lang/String;)Lcom/fsck/k9/mail/internet/MimeHeader$Field;
05-24 23:04:56.713 16059 16078 D M_InsDal: Lcom/fsck/k9/mail/internet/MimeHeader$Field;---><init>(Ljava/lang/String;Ljava/lang/String;Ljava/lang/String;)V
05-24 23:04:56.713 16059 16078 D M_InsDal: Lcom/fsck/k9/mail/message/MessageHeaderParser$MessageHeaderParserContentHandler;--->endHeader()V
05-24 23:04:56.713 16059 16078 D M_InsDal: Lcom/fsck/k9/mail/message/MessageHeaderParser$MessageHeaderParserContentHandler;--->startMultipart(Lorg/apache/james/mime4j/stream/BodyDescriptor;)V
05-24 23:04:56.713 16059 16078 D M_InsDal: Lcom/fsck/k9/mail/message/MessageHeaderParser$MessageHeaderParserContentHandler;--->preamble(Ljava/io/InputStream;)V
05-24 23:04:56.713 16059 16078 D M_InsDal: Lcom/fsck/k9/mail/message/MessageHeaderParser$MessageHeaderParserContentHandler;--->endMultipart()V
05-24 23:04:56.713 16059 16078 D M_InsDal: Lcom/fsck/k9/mail/message/MessageHeaderParser$MessageHeaderParserContentHandler;--->endMessage()V
05-24 23:04:56.713 16059 16078 D M_InsDal: Lcom/fsck/k9/helper/Utility;--->closeQuietly(Landroid/database/Cursor;)V
05-24 23:04:56.713 16059 16078 D M_InsDal: Lcom/fsck/k9/mailstore/LockableDatabase;--->unlockRead()V
05-24 23:04:56.713 16059 16078 D M_InsDal: Lcom/fsck/k9/mailstore/LockableDatabase;--->getStorageManager()Lcom/fsck/k9/mailstore/StorageManager;
05-24 23:04:56.713 16059 16078 D M_InsDal: Lcom/fsck/k9/mailstore/StorageManager;--->getInstance(Landroid/content/Context;)Lcom/fsck/k9/mailstore/StorageManager;
05-24 23:04:56.713 16059 16078 D M_InsDal: Lcom/fsck/k9/mailstore/StorageManager;--->unlockProvider(Ljava/lang/String;)V
05-24 23:04:56.713 16059 16078 D M_InsDal: Lcom/fsck/k9/mailstore/StorageManager;--->getProvider(Ljava/lang/String;)Lcom/fsck/k9/mailstore/StorageManager$StorageProvider;
05-24 23:04:56.713 16059 16078 D M_InsDal: Lcom/fsck/k9/controller/imap/ImapSync;--->syncFlags(Lcom/fsck/k9/mailstore/LocalMessage;Lcom/fsck/k9/mail/Message;)Z
05-24 23:04:56.713 16059 16078 D M_InsDal: Lcom/fsck/k9/mail/Message;--->isSet(Lcom/fsck/k9/mail/Flag;)Z
05-24 23:04:56.713 16059 16078 D M_InsDal: Lcom/fsck/k9/mail/Message;--->isSet(Lcom/fsck/k9/mail/Flag;)Z
05-24 23:04:56.713 16059 16078 D M_InsDal: Lcom/fsck/k9/controller/imap/ImapSync;--->getListeners()Ljava/util/Set;
05-24 23:04:56.713 16059 16078 D M_InsDal: Lcom/fsck/k9/controller/MessagingController;--->getListeners()Ljava/util/Set;
05-24 23:04:56.713 16059 16078 D M_InsDal: Lcom/fsck/k9/controller/MemorizingMessagingListener;--->synchronizeMailboxProgress(Lcom/fsck/k9/Account;Ljava/lang/String;II)V
05-24 23:04:56.713 16059 16078 D M_InsDal: Lcom/fsck/k9/controller/MemorizingMessagingListener;--->getMemory(Lcom/fsck/k9/Account;Ljava/lang/String;)Lcom/fsck/k9/controller/MemorizingMessagingListener$Memory;
05-24 23:04:56.713 16059 16078 D M_InsDal: Lcom/fsck/k9/controller/MemorizingMessagingListener;--->getMemoryKey(Lcom/fsck/k9/Account;Ljava/lang/String;)Ljava/lang/String;
05-24 23:04:56.713 16059 16078 D M_InsDal: Lcom/fsck/k9/Account;--->getDescription()Ljava/lang/String;
05-24 23:04:56.713 16059 16078 D M_InsDal: Lcom/fsck/k9/controller/SimpleMessagingListener;--->synchronizeMailboxProgress(Lcom/fsck/k9/Account;Ljava/lang/String;II)V
05-24 23:04:56.713 16059 16078 D M_InsDal: Lcom/fsck/k9/controller/SimpleMessagingListener;--->synchronizeMailboxProgress(Lcom/fsck/k9/Account;Ljava/lang/String;II)V
05-24 23:04:56.713 16059 16078 D M_InsDal: Lcom/fsck/k9/mail/Message;--->getUid()Ljava/lang/String;
05-24 23:04:56.713 16059 16078 D M_InsDal: Lcom/fsck/k9/mailstore/LocalFolder;--->getMessage(Ljava/lang/String;)Lcom/fsck/k9/mailstore/LocalMessage;
05-24 23:04:56.713 16059 16078 D M_InsDal: Lcom/fsck/k9/mailstore/LocalStore;--->getDatabase()Lcom/fsck/k9/mailstore/LockableDatabase;
05-24 23:04:56.713 16059 16078 D M_InsDal: Lcom/fsck/k9/mailstore/LocalFolder$10;---><init>(Lcom/fsck/k9/mailstore/LocalFolder;Ljava/lang/String;)V
05-24 23:04:56.713 16059 16078 D M_InsDal: Lcom/fsck/k9/mailstore/LockableDatabase;--->execute(ZLcom/fsck/k9/mailstore/LockableDatabase$DbCallback;)Ljava/lang/Object;
05-24 23:04:56.713 16059 16078 D M_InsDal: Lcom/fsck/k9/mailstore/LockableDatabase;--->lockRead()V
05-24 23:04:56.713 16059 16078 D M_InsDal: Lcom/fsck/k9/mailstore/LockableDatabase;--->getStorageManager()Lcom/fsck/k9/mailstore/StorageManager;
05-24 23:04:56.713 16059 16078 D M_InsDal: Lcom/fsck/k9/mailstore/StorageManager;--->getInstance(Landroid/content/Context;)Lcom/fsck/k9/mailstore/StorageManager;
05-24 23:04:56.713 16059 16078 D M_InsDal: Lcom/fsck/k9/mailstore/StorageManager;--->lockProvider(Ljava/lang/String;)V
05-24 23:04:56.713 16059 16078 D M_InsDal: Lcom/fsck/k9/mailstore/StorageManager;--->getProvider(Ljava/lang/String;)Lcom/fsck/k9/mailstore/StorageManager$StorageProvider;
05-24 23:04:56.713 16059 16078 D M_InsDal: Lcom/fsck/k9/mailstore/StorageManager$InternalStorageProvider;--->isReady(Landroid/content/Context;)Z
05-24 23:04:56.713 16059 16078 D M_InsDal: Lcom/fsck/k9/K9;--->isDebug()Z
05-24 23:04:56.713 16059 16078 D M_InsDal: Lcom/fsck/k9/mailstore/LocalFolder$10;--->doDbWork(Landroid/database/sqlite/SQLiteDatabase;)Lcom/fsck/k9/mailstore/LocalMessage;
05-24 23:04:56.713 16059 16078 D M_InsDal: Lcom/fsck/k9/mailstore/LocalFolder;--->open(I)V
05-24 23:04:56.713 16059 16078 D M_InsDal: Lcom/fsck/k9/mailstore/LocalFolder;--->isOpen()Z
05-24 23:04:56.713 16059 16078 D M_InsDal: Lcom/fsck/k9/mailstore/LocalFolder;--->getMode()I
05-24 23:04:56.713 16059 16078 D M_InsDal: Lcom/fsck/k9/mailstore/LocalMessage;---><init>(Lcom/fsck/k9/mailstore/LocalStore;Ljava/lang/String;Lcom/fsck/k9/mail/Folder;)V
05-24 23:04:56.713 16059 16078 D M_InsDal: Lcom/fsck/k9/mail/internet/MimeMessage;---><init>()V
05-24 23:04:56.713 16059 16078 D M_InsDal: Lcom/fsck/k9/mail/Message;---><init>()V
05-24 23:04:56.713 16059 16078 D M_InsDal: Lcom/fsck/k9/mail/internet/MimeHeader;---><init>()V
05-24 23:04:56.713 16059 16078 D M_InsDal: Lcom/fsck/k9/mail/Message;--->getUid()Ljava/lang/String;
05-24 23:04:56.714 16059 16078 D M_InsDal: Lcom/fsck/k9/mailstore/LocalMessage;--->populateFromGetMessageCursor(Landroid/database/Cursor;)V
05-24 23:04:56.714 16059 16078 D M_InsDal: Lcom/fsck/k9/mailstore/LocalMessage;--->setSubject(Ljava/lang/String;)V
05-24 23:04:56.714 16059 16078 D M_InsDal: Lcom/fsck/k9/mail/Address;--->unpack(Ljava/lang/String;)[Lcom/fsck/k9/mail/Address;
05-24 23:04:56.714 16059 16078 D M_InsDal: Lcom/fsck/k9/mail/Address;---><init>(Ljava/lang/String;Ljava/lang/String;Z)V
05-24 23:04:56.714 16059 16078 D M_InsDal: Lcom/fsck/k9/mailstore/LocalMessage;--->setFrom(Lcom/fsck/k9/mail/Address;)V
05-24 23:04:56.714 16059 16078 D M_InsDal: Lcom/fsck/k9/mail/internet/MimeMessage;--->setInternalSentDate(Ljava/util/Date;)V
05-24 23:04:56.714 16059 16078 D M_InsDal: Lcom/fsck/k9/mail/Message;--->setUid(Ljava/lang/String;)V
05-24 23:04:56.714 16059 16078 D M_InsDal: Lcom/fsck/k9/mailstore/LocalMessage;--->setUid(Ljava/lang/String;)V
05-24 23:04:56.714 16059 16078 D M_InsDal: Lcom/fsck/k9/mail/Flag;--->valueOf(Ljava/lang/String;)Lcom/fsck/k9/mail/Flag;
05-24 23:04:56.714 16059 16078 D M_InsDal: Lcom/fsck/k9/mail/Message;--->setFlag(Lcom/fsck/k9/mail/Flag;Z)V
05-24 23:04:56.714 16059 16078 D M_InsDal: Lcom/fsck/k9/mailstore/LocalMessage;--->setFlagInternal(Lcom/fsck/k9/mail/Flag;Z)V
05-24 23:04:56.714 16059 16078 D M_InsDal: Lcom/fsck/k9/mail/Address;--->unpack(Ljava/lang/String;)[Lcom/fsck/k9/mail/Address;
05-24 23:04:56.714 16059 16078 D M_InsDal: Lcom/fsck/k9/mail/Address;---><init>(Ljava/lang/String;Ljava/lang/String;Z)V
05-24 23:04:56.714 16059 16078 D M_InsDal: Lcom/fsck/k9/mailstore/LocalMessage;--->setRecipients(Lcom/fsck/k9/mail/Message$RecipientType;[Lcom/fsck/k9/mail/Address;)V
05-24 23:04:56.714 16059 16078 D M_InsDal: Lcom/fsck/k9/mail/Address;--->unpack(Ljava/lang/String;)[Lcom/fsck/k9/mail/Address;
05-24 23:04:56.714 16059 16078 D M_InsDal: Lcom/fsck/k9/mailstore/LocalMessage;--->setRecipients(Lcom/fsck/k9/mail/Message$RecipientType;[Lcom/fsck/k9/mail/Address;)V
05-24 23:04:56.714 16059 16078 D M_InsDal: Lcom/fsck/k9/mail/Address;--->unpack(Ljava/lang/String;)[Lcom/fsck/k9/mail/Address;
05-24 23:04:56.714 16059 16078 D M_InsDal: Lcom/fsck/k9/mailstore/LocalMessage;--->setRecipients(Lcom/fsck/k9/mail/Message$RecipientType;[Lcom/fsck/k9/mail/Address;)V
05-24 23:04:56.714 16059 16078 D M_InsDal: Lcom/fsck/k9/mail/Address;--->unpack(Ljava/lang/String;)[Lcom/fsck/k9/mail/Address;
05-24 23:04:56.714 16059 16078 D M_InsDal: Lcom/fsck/k9/mailstore/LocalMessage;--->setReplyTo([Lcom/fsck/k9/mail/Address;)V
05-24 23:04:56.714 16059 16078 D M_InsDal: Lcom/fsck/k9/mail/Message;--->setInternalDate(Ljava/util/Date;)V
05-24 23:04:56.714 16059 16078 D M_InsDal: Lcom/fsck/k9/mailstore/LocalMessage;--->setMessageId(Ljava/lang/String;)V
05-24 23:04:56.714 16059 16078 D M_InsDal: Lcom/fsck/k9/mailstore/DatabasePreviewType;--->fromDatabaseValue(Ljava/lang/String;)Lcom/fsck/k9/mailstore/DatabasePreviewType;
05-24 23:04:56.714 16059 16078 D M_InsDal: Lcom/fsck/k9/mailstore/DatabasePreviewType;--->values()[Lcom/fsck/k9/mailstore/DatabasePreviewType;
05-24 23:04:56.714 16059 16078 D M_InsDal: Lcom/fsck/k9/mailstore/DatabasePreviewType;--->getDatabaseValue()Ljava/lang/String;
05-24 23:04:56.714 16059 16078 D M_InsDal: Lcom/fsck/k9/mailstore/DatabasePreviewType;--->getDatabaseValue()Ljava/lang/String;
05-24 23:04:56.714 16059 16078 D M_InsDal: Lcom/fsck/k9/mailstore/DatabasePreviewType;--->getPreviewType()Lcom/fsck/k9/message/extractors/PreviewResult$PreviewType;
05-24 23:04:56.714 16059 16078 D M_InsDal: Lcom/fsck/k9/mail/Message;--->setFlag(Lcom/fsck/k9/mail/Flag;Z)V
05-24 23:04:56.714 16059 16078 D M_InsDal: Lcom/fsck/k9/mailstore/LocalMessage;--->setFlagInternal(Lcom/fsck/k9/mail/Flag;Z)V
05-24 23:04:56.714 16059 16078 D M_InsDal: Lcom/fsck/k9/mail/Message;--->setFlag(Lcom/fsck/k9/mail/Flag;Z)V
05-24 23:04:56.714 16059 16078 D M_InsDal: Lcom/fsck/k9/mailstore/LocalMessage;--->setFlagInternal(Lcom/fsck/k9/mail/Flag;Z)V
05-24 23:04:56.714 16059 16078 D M_InsDal: Lcom/fsck/k9/mail/Message;--->setFlag(Lcom/fsck/k9/mail/Flag;Z)V
05-24 23:04:56.714 16059 16078 D M_InsDal: Lcom/fsck/k9/mailstore/LocalMessage;--->setFlagInternal(Lcom/fsck/k9/mail/Flag;Z)V
05-24 23:04:56.714 16059 16078 D M_InsDal: Lcom/fsck/k9/mail/Message;--->setFlag(Lcom/fsck/k9/mail/Flag;Z)V
05-24 23:04:56.714 16059 16078 D M_InsDal: Lcom/fsck/k9/mailstore/LocalMessage;--->setFlagInternal(Lcom/fsck/k9/mail/Flag;Z)V
05-24 23:04:56.714 16059 16078 D M_InsDal: Lcom/fsck/k9/mail/Message;--->setFlag(Lcom/fsck/k9/mail/Flag;Z)V
05-24 23:04:56.714 16059 16078 D M_InsDal: Lcom/fsck/k9/mailstore/LocalMessage;--->setFlagInternal(Lcom/fsck/k9/mail/Flag;Z)V
05-24 23:04:56.714 16059 16078 D M_InsDal: Lcom/fsck/k9/mailstore/LocalMessage;--->setMessagePartId(J)V
05-24 23:04:56.714 16059 16078 D M_InsDal: Lcom/fsck/k9/mail/message/MessageHeaderParser;--->parse(Lcom/fsck/k9/mail/Part;Ljava/io/InputStream;)V
05-24 23:04:56.714 16059 16078 D M_InsDal: Lcom/fsck/k9/mail/message/MessageHeaderParser;--->getMimeStreamParser()Lorg/apache/james/mime4j/parser/MimeStreamParser;
05-24 23:04:56.714 16059 16078 D M_InsDal: Lcom/fsck/k9/mail/message/MessageHeaderParser$MessageHeaderParserContentHandler;---><init>(Lcom/fsck/k9/mail/Part;)V
05-24 23:04:56.714 16059 16078 D M_InsDal: Lcom/fsck/k9/mail/message/MessageHeaderParser$MessageHeaderParserContentHandler;--->startMessage()V
05-24 23:04:56.714 16059 16078 D M_InsDal: Lcom/fsck/k9/mail/message/MessageHeaderParser$MessageHeaderParserContentHandler;--->startHeader()V
05-24 23:04:56.714 16059 16078 D M_InsDal: Lcom/fsck/k9/mail/message/MessageHeaderParser$MessageHeaderParserContentHandler;--->field(Lorg/apache/james/mime4j/stream/Field;)V
05-24 23:04:56.714 16059 16078 D M_InsDal: Lcom/fsck/k9/mail/internet/MimeMessage;--->addRawHeader(Ljava/lang/String;Ljava/lang/String;)V
05-24 23:04:56.714 16059 16078 D M_InsDal: Lcom/fsck/k9/mail/internet/MimeHeader;--->addRawHeader(Ljava/lang/String;Ljava/lang/String;)V
05-24 23:04:56.714 16059 16078 D M_InsDal: Lcom/fsck/k9/mail/internet/MimeHeader$Field;--->newRawField(Ljava/lang/String;Ljava/lang/String;)Lcom/fsck/k9/mail/internet/MimeHeader$Field;
05-24 23:04:56.714 16059 16078 D M_InsDal: Lcom/fsck/k9/mail/internet/MimeHeader$Field;---><init>(Ljava/lang/String;Ljava/lang/String;Ljava/lang/String;)V
05-24 23:04:56.714 16059 16078 D M_InsDal: Lcom/fsck/k9/mail/message/MessageHeaderParser$MessageHeaderParserContentHandler;--->field(Lorg/apache/james/mime4j/stream/Field;)V
05-24 23:04:56.714 16059 16078 D M_InsDal: Lcom/fsck/k9/mail/internet/MimeMessage;--->addRawHeader(Ljava/lang/String;Ljava/lang/String;)V
05-24 23:04:56.714 16059 16078 D M_InsDal: Lcom/fsck/k9/mail/internet/MimeHeader;--->addRawHeader(Ljava/lang/String;Ljava/lang/String;)V
05-24 23:04:56.714 16059 16078 D M_InsDal: Lcom/fsck/k9/mail/internet/MimeHeader$Field;--->newRawField(Ljava/lang/String;Ljava/lang/String;)Lcom/fsck/k9/mail/internet/MimeHeader$Field;
05-24 23:04:56.714 16059 16078 D M_InsDal: Lcom/fsck/k9/mail/internet/MimeHeader$Field;---><init>(Ljava/lang/String;Ljava/lang/String;Ljava/lang/String;)V
05-24 23:04:56.714 16059 16078 D M_InsDal: Lcom/fsck/k9/mail/message/MessageHeaderParser$MessageHeaderParserContentHandler;--->field(Lorg/apache/james/mime4j/stream/Field;)V
05-24 23:04:56.714 16059 16078 D M_InsDal: Lcom/fsck/k9/mail/internet/MimeMessage;--->addRawHeader(Ljava/lang/String;Ljava/lang/String;)V
05-24 23:04:56.714 16059 16078 D M_InsDal: Lcom/fsck/k9/mail/internet/MimeHeader;--->addRawHeader(Ljava/lang/String;Ljava/lang/String;)V
05-24 23:04:56.714 16059 16078 D M_InsDal: Lcom/fsck/k9/mail/internet/MimeHeader$Field;--->newRawField(Ljava/lang/String;Ljava/lang/String;)Lcom/fsck/k9/mail/internet/MimeHeader$Field;
05-24 23:04:56.714 16059 16078 D M_InsDal: Lcom/fsck/k9/mail/internet/MimeHeader$Field;---><init>(Ljava/lang/String;Ljava/lang/String;Ljava/lang/String;)V
05-24 23:04:56.714 16059 16078 D M_InsDal: Lcom/fsck/k9/mail/message/MessageHeaderParser$MessageHeaderParserContentHandler;--->field(Lorg/apache/james/mime4j/stream/Field;)V
05-24 23:04:56.714 16059 16078 D M_InsDal: Lcom/fsck/k9/mail/internet/MimeMessage;--->addRawHeader(Ljava/lang/String;Ljava/lang/String;)V
05-24 23:04:56.714 16059 16078 D M_InsDal: Lcom/fsck/k9/mail/internet/MimeHeader;--->addRawHeader(Ljava/lang/String;Ljava/lang/String;)V
05-24 23:04:56.714 16059 16078 D M_InsDal: Lcom/fsck/k9/mail/internet/MimeHeader$Field;--->newRawField(Ljava/lang/String;Ljava/lang/String;)Lcom/fsck/k9/mail/internet/MimeHeader$Field;
05-24 23:04:56.714 16059 16078 D M_InsDal: Lcom/fsck/k9/mail/internet/MimeHeader$Field;---><init>(Ljava/lang/String;Ljava/lang/String;Ljava/lang/String;)V
05-24 23:04:56.714 16059 16078 D M_InsDal: Lcom/fsck/k9/mail/message/MessageHeaderParser$MessageHeaderParserContentHandler;--->field(Lorg/apache/james/mime4j/stream/Field;)V
05-24 23:04:56.714 16059 16078 D M_InsDal: Lcom/fsck/k9/mail/internet/MimeMessage;--->addRawHeader(Ljava/lang/String;Ljava/lang/String;)V
05-24 23:04:56.714 16059 16078 D M_InsDal: Lcom/fsck/k9/mail/internet/MimeHeader;--->addRawHeader(Ljava/lang/String;Ljava/lang/String;)V
05-24 23:04:56.714 16059 16078 D M_InsDal: Lcom/fsck/k9/mail/internet/MimeHeader$Field;--->newRawField(Ljava/lang/String;Ljava/lang/String;)Lcom/fsck/k9/mail/internet/MimeHeader$Field;
05-24 23:04:56.714 16059 16078 D M_InsDal: Lcom/fsck/k9/mail/internet/MimeHeader$Field;---><init>(Ljava/lang/String;Ljava/lang/String;Ljava/lang/String;)V
05-24 23:04:56.714 16059 16078 D M_InsDal: Lcom/fsck/k9/mail/message/MessageHeaderParser$MessageHeaderParserContentHandler;--->field(Lorg/apache/james/mime4j/stream/Field;)V
05-24 23:04:56.714 16059 16078 D M_InsDal: Lcom/fsck/k9/mail/internet/MimeMessage;--->addRawHeader(Ljava/lang/String;Ljava/lang/String;)V
05-24 23:04:56.714 16059 16078 D M_InsDal: Lcom/fsck/k9/mail/internet/MimeHeader;--->addRawHeader(Ljava/lang/String;Ljava/lang/String;)V
05-24 23:04:56.714 16059 16078 D M_InsDal: Lcom/fsck/k9/mail/internet/MimeHeader$Field;--->newRawField(Ljava/lang/String;Ljava/lang/String;)Lcom/fsck/k9/mail/internet/MimeHeader$Field;
05-24 23:04:56.714 16059 16078 D M_InsDal: Lcom/fsck/k9/mail/internet/MimeHeader$Field;---><init>(Ljava/lang/String;Ljava/lang/String;Ljava/lang/String;)V
05-24 23:04:56.714 16059 16078 D M_InsDal: Lcom/fsck/k9/mail/message/MessageHeaderParser$MessageHeaderParserContentHandler;--->field(Lorg/apache/james/mime4j/stream/Field;)V
05-24 23:04:56.714 16059 16078 D M_InsDal: Lcom/fsck/k9/mail/internet/MimeMessage;--->addRawHeader(Ljava/lang/String;Ljava/lang/String;)V
05-24 23:04:56.714 16059 16078 D M_InsDal: Lcom/fsck/k9/mail/internet/MimeHeader;--->addRawHeader(Ljava/lang/String;Ljava/lang/String;)V
05-24 23:04:56.714 16059 16078 D M_InsDal: Lcom/fsck/k9/mail/internet/MimeHeader$Field;--->newRawField(Ljava/lang/String;Ljava/lang/String;)Lcom/fsck/k9/mail/internet/MimeHeader$Field;
05-24 23:04:56.714 16059 16078 D M_InsDal: Lcom/fsck/k9/mail/internet/MimeHeader$Field;---><init>(Ljava/lang/String;Ljava/lang/String;Ljava/lang/String;)V
05-24 23:04:56.714 16059 16078 D M_InsDal: Lcom/fsck/k9/mail/message/MessageHeaderParser$MessageHeaderParserContentHandler;--->field(Lorg/apache/james/mime4j/stream/Field;)V
05-24 23:04:56.714 16059 16078 D M_InsDal: Lcom/fsck/k9/mail/internet/MimeMessage;--->addRawHeader(Ljava/lang/String;Ljava/lang/String;)V
05-24 23:04:56.714 16059 16078 D M_InsDal: Lcom/fsck/k9/mail/internet/MimeHeader;--->addRawHeader(Ljava/lang/String;Ljava/lang/String;)V
05-24 23:04:56.714 16059 16078 D M_InsDal: Lcom/fsck/k9/mail/internet/MimeHeader$Field;--->newRawField(Ljava/lang/String;Ljava/lang/String;)Lcom/fsck/k9/mail/internet/MimeHeader$Field;
05-24 23:04:56.714 16059 16078 D M_InsDal: Lcom/fsck/k9/mail/internet/MimeHeader$Field;---><init>(Ljava/lang/String;Ljava/lang/String;Ljava/lang/String;)V
05-24 23:04:56.714 16059 16078 D M_InsDal: Lcom/fsck/k9/mail/message/MessageHeaderParser$MessageHeaderParserContentHandler;--->endHeader()V
05-24 23:04:56.714 16059 16078 D M_InsDal: Lcom/fsck/k9/mail/message/MessageHeaderParser$MessageHeaderParserContentHandler;--->body(Lorg/apache/james/mime4j/stream/BodyDescriptor;Ljava/io/InputStream;)V
05-24 23:04:56.714 16059 16078 D M_InsDal: Lcom/fsck/k9/mail/message/MessageHeaderParser$MessageHeaderParserContentHandler;--->endMessage()V
05-24 23:04:56.714 16059 16078 D M_InsDal: Lcom/fsck/k9/helper/Utility;--->closeQuietly(Landroid/database/Cursor;)V
05-24 23:04:56.714 16059 16078 D M_InsDal: Lcom/fsck/k9/mailstore/LockableDatabase;--->unlockRead()V
05-24 23:04:56.714 16059 16078 D M_InsDal: Lcom/fsck/k9/mailstore/LockableDatabase;--->getStorageManager()Lcom/fsck/k9/mailstore/StorageManager;
05-24 23:04:56.714 16059 16078 D M_InsDal: Lcom/fsck/k9/mailstore/StorageManager;--->getInstance(Landroid/content/Context;)Lcom/fsck/k9/mailstore/StorageManager;
05-24 23:04:56.714 16059 16078 D M_InsDal: Lcom/fsck/k9/mailstore/StorageManager;--->unlockProvider(Ljava/lang/String;)V
05-24 23:04:56.714 16059 16078 D M_InsDal: Lcom/fsck/k9/mailstore/StorageManager;--->getProvider(Ljava/lang/String;)Lcom/fsck/k9/mailstore/StorageManager$StorageProvider;
05-24 23:04:56.714 16059 16078 D M_InsDal: Lcom/fsck/k9/controller/imap/ImapSync;--->syncFlags(Lcom/fsck/k9/mailstore/LocalMessage;Lcom/fsck/k9/mail/Message;)Z
05-24 23:04:56.714 16059 16078 D M_InsDal: Lcom/fsck/k9/mail/Message;--->isSet(Lcom/fsck/k9/mail/Flag;)Z
05-24 23:04:56.714 16059 16078 D M_InsDal: Lcom/fsck/k9/mail/Message;--->isSet(Lcom/fsck/k9/mail/Flag;)Z
05-24 23:04:56.714 16059 16078 D M_InsDal: Lcom/fsck/k9/controller/imap/ImapSync;--->getListeners()Ljava/util/Set;
05-24 23:04:56.714 16059 16078 D M_InsDal: Lcom/fsck/k9/controller/MessagingController;--->getListeners()Ljava/util/Set;
05-24 23:04:56.714 16059 16078 D M_InsDal: Lcom/fsck/k9/controller/MemorizingMessagingListener;--->synchronizeMailboxProgress(Lcom/fsck/k9/Account;Ljava/lang/String;II)V
05-24 23:04:56.714 16059 16078 D M_InsDal: Lcom/fsck/k9/controller/MemorizingMessagingListener;--->getMemory(Lcom/fsck/k9/Account;Ljava/lang/String;)Lcom/fsck/k9/controller/MemorizingMessagingListener$Memory;
05-24 23:04:56.714 16059 16078 D M_InsDal: Lcom/fsck/k9/controller/MemorizingMessagingListener;--->getMemoryKey(Lcom/fsck/k9/Account;Ljava/lang/String;)Ljava/lang/String;
05-24 23:04:56.714 16059 16078 D M_InsDal: Lcom/fsck/k9/Account;--->getDescription()Ljava/lang/String;
05-24 23:04:56.714 16059 16078 D M_InsDal: Lcom/fsck/k9/controller/SimpleMessagingListener;--->synchronizeMailboxProgress(Lcom/fsck/k9/Account;Ljava/lang/String;II)V
05-24 23:04:56.714 16059 16078 D M_InsDal: Lcom/fsck/k9/controller/SimpleMessagingListener;--->synchronizeMailboxProgress(Lcom/fsck/k9/Account;Ljava/lang/String;II)V
05-24 23:04:56.714 16059 16078 D M_InsDal: Lcom/fsck/k9/controller/imap/ImapSync$1;---><init>(Lcom/fsck/k9/controller/imap/ImapSync;Lcom/fsck/k9/Account;Ljava/lang/String;)V
05-24 23:04:56.714 16059 16078 D M_InsDal: Lcom/fsck/k9/mailstore/LocalFolder;--->purgeToVisibleLimit(Lcom/fsck/k9/mailstore/MessageRemovalListener;)V
05-24 23:04:56.714 16059 16078 D M_InsDal: Lcom/fsck/k9/activity/Search;---><clinit>()V
05-24 23:04:56.714 16059 16078 D M_InsDal: Lcom/fsck/k9/activity/Search;--->isActive()Z
05-24 23:04:56.714 16059 16078 D M_InsDal: Lcom/fsck/k9/mailstore/LocalFolder;--->open(I)V
05-24 23:04:56.714 16059 16078 D M_InsDal: Lcom/fsck/k9/mailstore/LocalFolder;--->isOpen()Z
05-24 23:04:56.714 16059 16078 D M_InsDal: Lcom/fsck/k9/mailstore/LocalFolder;--->getMode()I
05-24 23:04:56.714 16059 16078 D M_InsDal: Lcom/fsck/k9/mailstore/LocalStore;--->getDatabase()Lcom/fsck/k9/mailstore/LockableDatabase;
05-24 23:04:56.714 16059 16078 D M_InsDal: Lcom/fsck/k9/mailstore/LocalFolder$6;---><init>(Lcom/fsck/k9/mailstore/LocalFolder;Lcom/fsck/k9/mailstore/MessageRemovalListener;)V
05-24 23:04:56.714 16059 16078 D M_InsDal: Lcom/fsck/k9/mailstore/LockableDatabase;--->execute(ZLcom/fsck/k9/mailstore/LockableDatabase$DbCallback;)Ljava/lang/Object;
05-24 23:04:56.714 16059 16078 D M_InsDal: Lcom/fsck/k9/mailstore/LockableDatabase;--->lockRead()V
05-24 23:04:56.714 16059 16078 D M_InsDal: Lcom/fsck/k9/mailstore/LockableDatabase;--->getStorageManager()Lcom/fsck/k9/mailstore/StorageManager;
05-24 23:04:56.714 16059 16078 D M_InsDal: Lcom/fsck/k9/mailstore/StorageManager;--->getInstance(Landroid/content/Context;)Lcom/fsck/k9/mailstore/StorageManager;
05-24 23:04:56.714 16059 16078 D M_InsDal: Lcom/fsck/k9/mailstore/StorageManager;--->lockProvider(Ljava/lang/String;)V
05-24 23:04:56.714 16059 16078 D M_InsDal: Lcom/fsck/k9/mailstore/StorageManager;--->getProvider(Ljava/lang/String;)Lcom/fsck/k9/mailstore/StorageManager$StorageProvider;
05-24 23:04:56.714 16059 16078 D M_InsDal: Lcom/fsck/k9/mailstore/StorageManager$InternalStorageProvider;--->isReady(Landroid/content/Context;)Z
05-24 23:04:56.714 16059 16078 D M_InsDal: Lcom/fsck/k9/K9;--->isDebug()Z
05-24 23:04:56.714 16059 16078 D M_InsDal: Lcom/fsck/k9/mailstore/LocalFolder$6;--->doDbWork(Landroid/database/sqlite/SQLiteDatabase;)Ljava/lang/Void;
05-24 23:04:56.715 16059 16078 D M_InsDal: Lcom/fsck/k9/mailstore/LocalFolder;--->getDatabaseId()J
05-24 23:04:56.715 16059 16078 D M_InsDal: Lcom/fsck/k9/helper/Utility;--->closeQuietly(Landroid/database/Cursor;)V
05-24 23:04:56.715 16059 16078 D M_InsDal: Lcom/fsck/k9/mailstore/LockableDatabase;--->unlockRead()V
05-24 23:04:56.715 16059 16078 D M_InsDal: Lcom/fsck/k9/mailstore/LockableDatabase;--->getStorageManager()Lcom/fsck/k9/mailstore/StorageManager;
05-24 23:04:56.715 16059 16078 D M_InsDal: Lcom/fsck/k9/mailstore/StorageManager;--->getInstance(Landroid/content/Context;)Lcom/fsck/k9/mailstore/StorageManager;
05-24 23:04:56.715 16059 16078 D M_InsDal: Lcom/fsck/k9/mailstore/StorageManager;--->unlockProvider(Ljava/lang/String;)V
05-24 23:04:56.715 16059 16078 D M_InsDal: Lcom/fsck/k9/mailstore/StorageManager;--->getProvider(Ljava/lang/String;)Lcom/fsck/k9/mailstore/StorageManager$StorageProvider;
05-24 23:04:56.715 16059 16078 D M_InsDal: Lcom/fsck/k9/mailstore/LocalFolder;--->getUnreadMessageCount()I
05-24 23:04:56.715 16059 16078 D M_InsDal: Lcom/fsck/k9/mailstore/LocalStore;--->getDatabase()Lcom/fsck/k9/mailstore/LockableDatabase;
05-24 23:04:56.715 16059 16078 D M_InsDal: Lcom/fsck/k9/mailstore/LocalFolder$4;---><init>(Lcom/fsck/k9/mailstore/LocalFolder;)V
05-24 23:04:56.715 16059 16078 D M_InsDal: Lcom/fsck/k9/mailstore/LockableDatabase;--->execute(ZLcom/fsck/k9/mailstore/LockableDatabase$DbCallback;)Ljava/lang/Object;
05-24 23:04:56.715 16059 16078 D M_InsDal: Lcom/fsck/k9/mailstore/LockableDatabase;--->lockRead()V
05-24 23:04:56.715 16059 16078 D M_InsDal: Lcom/fsck/k9/mailstore/LockableDatabase;--->getStorageManager()Lcom/fsck/k9/mailstore/StorageManager;
05-24 23:04:56.715 16059 16078 D M_InsDal: Lcom/fsck/k9/mailstore/StorageManager;--->getInstance(Landroid/content/Context;)Lcom/fsck/k9/mailstore/StorageManager;
05-24 23:04:56.715 16059 16078 D M_InsDal: Lcom/fsck/k9/mailstore/StorageManager;--->lockProvider(Ljava/lang/String;)V
05-24 23:04:56.715 16059 16078 D M_InsDal: Lcom/fsck/k9/mailstore/StorageManager;--->getProvider(Ljava/lang/String;)Lcom/fsck/k9/mailstore/StorageManager$StorageProvider;
05-24 23:04:56.715 16059 16078 D M_InsDal: Lcom/fsck/k9/mailstore/StorageManager$InternalStorageProvider;--->isReady(Landroid/content/Context;)Z
05-24 23:04:56.715 16059 16078 D M_InsDal: Lcom/fsck/k9/K9;--->isDebug()Z
05-24 23:04:56.715 16059 16078 D M_InsDal: Lcom/fsck/k9/mailstore/LocalFolder$4;--->doDbWork(Landroid/database/sqlite/SQLiteDatabase;)Ljava/lang/Integer;
05-24 23:04:56.715 16059 16078 D M_InsDal: Lcom/fsck/k9/mailstore/LockableDatabase;--->unlockRead()V
05-24 23:04:56.715 16059 16078 D M_InsDal: Lcom/fsck/k9/mailstore/LockableDatabase;--->getStorageManager()Lcom/fsck/k9/mailstore/StorageManager;
05-24 23:04:56.715 16059 16078 D M_InsDal: Lcom/fsck/k9/mailstore/StorageManager;--->getInstance(Landroid/content/Context;)Lcom/fsck/k9/mailstore/StorageManager;
05-24 23:04:56.715 16059 16078 D M_InsDal: Lcom/fsck/k9/mailstore/StorageManager;--->unlockProvider(Ljava/lang/String;)V
05-24 23:04:56.715 16059 16078 D M_InsDal: Lcom/fsck/k9/mailstore/StorageManager;--->getProvider(Ljava/lang/String;)Lcom/fsck/k9/mailstore/StorageManager$StorageProvider;
05-24 23:04:56.715 16059 16078 D M_InsDal: Lcom/fsck/k9/controller/imap/ImapSync;--->getListeners()Ljava/util/Set;
05-24 23:04:56.715 16059 16078 D M_InsDal: Lcom/fsck/k9/controller/MessagingController;--->getListeners()Ljava/util/Set;
05-24 23:04:56.715 16059 16078 D M_InsDal: Lcom/fsck/k9/controller/SimpleMessagingListener;--->folderStatusChanged(Lcom/fsck/k9/Account;Ljava/lang/String;I)V
05-24 23:04:56.715 16059 16078 D M_InsDal: Lcom/fsck/k9/K9$3;--->folderStatusChanged(Lcom/fsck/k9/Account;Ljava/lang/String;I)V
05-24 23:04:56.715 16059 16078 D M_InsDal: Lcom/fsck/k9/K9$3;--->updateUnreadWidget()V
05-24 23:04:56.715 16059 16078 D M_InsDal: Lcom/fsck/k9/provider/UnreadWidgetProvider;--->updateUnreadCount(Landroid/content/Context;)V
05-24 23:04:56.716 16059 16078 D M_InsDal: Lcom/fsck/k9/K9$3;--->updateMailListWidget()V
05-24 23:04:56.716 16059 16078 D M_InsDal: Lcom/fsck/k9/widget/list/MessageListWidgetProvider;--->triggerMessageListWidgetUpdate(Landroid/content/Context;)V
05-24 23:04:56.716 16059 16059 D M_InsDal: Lcom/fsck/k9/provider/UnreadWidgetProvider;---><init>()V
05-24 23:04:56.716 16059 16078 D M_InsDal: Lcom/fsck/k9/Account;--->getDescription()Ljava/lang/String;
05-24 23:04:56.716 16059 16059 D M_InsDal: Lcom/fsck/k9/widget/list/MessageListWidgetProvider;---><init>()V
05-24 23:04:56.716 16059 16059 D M_InsDal: Lcom/fsck/k9/widget/list/MessageListWidgetProvider;--->onReceive(Landroid/content/Context;Landroid/content/Intent;)V
05-24 23:04:56.717 16059 16078 D M_InsDal: Lcom/fsck/k9/provider/MessageProvider$1$1;--->folderStatusChanged(Lcom/fsck/k9/Account;Ljava/lang/String;I)V
05-24 23:04:56.717 16059 16078 D M_InsDal: Lcom/fsck/k9/mailstore/LocalFolder;--->setLastChecked(J)V
05-24 23:04:56.717 16059 16078 D M_InsDal: Lcom/fsck/k9/mailstore/LocalFolder;--->open(I)V
05-24 23:04:56.717 16059 16078 D M_InsDal: Lcom/fsck/k9/mailstore/LocalFolder;--->isOpen()Z
05-24 23:04:56.717 16059 16078 D M_InsDal: Lcom/fsck/k9/mailstore/LocalFolder;--->getMode()I
05-24 23:04:56.717 16059 16078 D M_InsDal: Lcom/fsck/k9/mail/Folder;--->setLastChecked(J)V
05-24 23:04:56.717 16059 16078 D M_InsDal: Lcom/fsck/k9/mailstore/LocalFolder;--->updateFolderColumn(Ljava/lang/String;Ljava/lang/Object;)V
05-24 23:04:56.717 16059 16078 D M_InsDal: Lcom/fsck/k9/mailstore/LocalStore;--->getDatabase()Lcom/fsck/k9/mailstore/LockableDatabase;
05-24 23:04:56.717 16059 16078 D M_InsDal: Lcom/fsck/k9/mailstore/LocalFolder$7;---><init>(Lcom/fsck/k9/mailstore/LocalFolder;Ljava/lang/String;Ljava/lang/Object;)V
05-24 23:04:56.717 16059 16078 D M_InsDal: Lcom/fsck/k9/mailstore/LockableDatabase;--->execute(ZLcom/fsck/k9/mailstore/LockableDatabase$DbCallback;)Ljava/lang/Object;
05-24 23:04:56.717 16059 16078 D M_InsDal: Lcom/fsck/k9/mailstore/LockableDatabase;--->lockRead()V
05-24 23:04:56.717 16059 16078 D M_InsDal: Lcom/fsck/k9/mailstore/LockableDatabase;--->getStorageManager()Lcom/fsck/k9/mailstore/StorageManager;
05-24 23:04:56.717 16059 16078 D M_InsDal: Lcom/fsck/k9/mailstore/StorageManager;--->getInstance(Landroid/content/Context;)Lcom/fsck/k9/mailstore/StorageManager;
05-24 23:04:56.717 16059 16078 D M_InsDal: Lcom/fsck/k9/mailstore/StorageManager;--->lockProvider(Ljava/lang/String;)V
05-24 23:04:56.717 16059 16078 D M_InsDal: Lcom/fsck/k9/mailstore/StorageManager;--->getProvider(Ljava/lang/String;)Lcom/fsck/k9/mailstore/StorageManager$StorageProvider;
05-24 23:04:56.717 16059 16078 D M_InsDal: Lcom/fsck/k9/mailstore/StorageManager$InternalStorageProvider;--->isReady(Landroid/content/Context;)Z
05-24 23:04:56.717 16059 16078 D M_InsDal: Lcom/fsck/k9/K9;--->isDebug()Z
05-24 23:04:56.717 16059 16078 D M_InsDal: Lcom/fsck/k9/mailstore/LocalFolder$7;--->doDbWork(Landroid/database/sqlite/SQLiteDatabase;)Ljava/lang/Void;
05-24 23:04:56.717 16059 16078 D M_InsDal: Lcom/fsck/k9/mailstore/LocalFolder;--->open(I)V
05-24 23:04:56.717 16059 16078 D M_InsDal: Lcom/fsck/k9/mailstore/LocalFolder;--->isOpen()Z
05-24 23:04:56.717 16059 16078 D M_InsDal: Lcom/fsck/k9/mailstore/LocalFolder;--->getMode()I
05-24 23:04:56.717 16059 16078 D M_InsDal: Lcom/fsck/k9/mailstore/LockableDatabase;--->unlockRead()V
05-24 23:04:56.717 16059 16078 D M_InsDal: Lcom/fsck/k9/mailstore/LockableDatabase;--->getStorageManager()Lcom/fsck/k9/mailstore/StorageManager;
05-24 23:04:56.717 16059 16078 D M_InsDal: Lcom/fsck/k9/mailstore/StorageManager;--->getInstance(Landroid/content/Context;)Lcom/fsck/k9/mailstore/StorageManager;
05-24 23:04:56.717 16059 16078 D M_InsDal: Lcom/fsck/k9/mailstore/StorageManager;--->unlockProvider(Ljava/lang/String;)V
05-24 23:04:56.717 16059 16078 D M_InsDal: Lcom/fsck/k9/mailstore/StorageManager;--->getProvider(Ljava/lang/String;)Lcom/fsck/k9/mailstore/StorageManager$StorageProvider;
05-24 23:04:56.717 16059 16078 D M_InsDal: Lcom/fsck/k9/mailstore/LocalFolder;--->setStatus(Ljava/lang/String;)V
05-24 23:04:56.717 16059 16078 D M_InsDal: Lcom/fsck/k9/mailstore/LocalFolder;--->updateFolderColumn(Ljava/lang/String;Ljava/lang/Object;)V
05-24 23:04:56.717 16059 16078 D M_InsDal: Lcom/fsck/k9/mailstore/LocalStore;--->getDatabase()Lcom/fsck/k9/mailstore/LockableDatabase;
05-24 23:04:56.717 16059 16078 D M_InsDal: Lcom/fsck/k9/mailstore/LocalFolder$7;---><init>(Lcom/fsck/k9/mailstore/LocalFolder;Ljava/lang/String;Ljava/lang/Object;)V
05-24 23:04:56.717 16059 16078 D M_InsDal: Lcom/fsck/k9/mailstore/LockableDatabase;--->execute(ZLcom/fsck/k9/mailstore/LockableDatabase$DbCallback;)Ljava/lang/Object;
05-24 23:04:56.717 16059 16078 D M_InsDal: Lcom/fsck/k9/mailstore/LockableDatabase;--->lockRead()V
05-24 23:04:56.717 16059 16078 D M_InsDal: Lcom/fsck/k9/mailstore/LockableDatabase;--->getStorageManager()Lcom/fsck/k9/mailstore/StorageManager;
05-24 23:04:56.717 16059 16078 D M_InsDal: Lcom/fsck/k9/mailstore/StorageManager;--->getInstance(Landroid/content/Context;)Lcom/fsck/k9/mailstore/StorageManager;
05-24 23:04:56.717 16059 16078 D M_InsDal: Lcom/fsck/k9/mailstore/StorageManager;--->lockProvider(Ljava/lang/String;)V
05-24 23:04:56.717 16059 16078 D M_InsDal: Lcom/fsck/k9/mailstore/StorageManager;--->getProvider(Ljava/lang/String;)Lcom/fsck/k9/mailstore/StorageManager$StorageProvider;
05-24 23:04:56.717 16059 16078 D M_InsDal: Lcom/fsck/k9/mailstore/StorageManager$InternalStorageProvider;--->isReady(Landroid/content/Context;)Z
05-24 23:04:56.717 16059 16078 D M_InsDal: Lcom/fsck/k9/K9;--->isDebug()Z
05-24 23:04:56.717 16059 16078 D M_InsDal: Lcom/fsck/k9/mailstore/LocalFolder$7;--->doDbWork(Landroid/database/sqlite/SQLiteDatabase;)Ljava/lang/Void;
05-24 23:04:56.717 16059 16078 D M_InsDal: Lcom/fsck/k9/mailstore/LocalFolder;--->open(I)V
05-24 23:04:56.717 16059 16078 D M_InsDal: Lcom/fsck/k9/mailstore/LocalFolder;--->isOpen()Z
05-24 23:04:56.717 16059 16078 D M_InsDal: Lcom/fsck/k9/mailstore/LocalFolder;--->getMode()I
05-24 23:04:56.717 16059 16078 D M_InsDal: Lcom/fsck/k9/mailstore/LockableDatabase;--->unlockRead()V
05-24 23:04:56.717 16059 16078 D M_InsDal: Lcom/fsck/k9/mailstore/LockableDatabase;--->getStorageManager()Lcom/fsck/k9/mailstore/StorageManager;
05-24 23:04:56.717 16059 16078 D M_InsDal: Lcom/fsck/k9/mailstore/StorageManager;--->getInstance(Landroid/content/Context;)Lcom/fsck/k9/mailstore/StorageManager;
05-24 23:04:56.717 16059 16078 D M_InsDal: Lcom/fsck/k9/mailstore/StorageManager;--->unlockProvider(Ljava/lang/String;)V
05-24 23:04:56.717 16059 16078 D M_InsDal: Lcom/fsck/k9/mailstore/StorageManager;--->getProvider(Ljava/lang/String;)Lcom/fsck/k9/mailstore/StorageManager$StorageProvider;
05-24 23:04:56.717 16059 16078 D M_InsDal: Lcom/fsck/k9/Account;--->getDescription()Ljava/lang/String;
05-24 23:04:56.718 16059 16078 D M_InsDal: Lcom/fsck/k9/controller/imap/ImapSync;--->getListeners(Lcom/fsck/k9/controller/MessagingListener;)Ljava/util/Set;
05-24 23:04:56.718 16059 16078 D M_InsDal: Lcom/fsck/k9/controller/MessagingController;--->getListeners(Lcom/fsck/k9/controller/MessagingListener;)Ljava/util/Set;
05-24 23:04:56.718 16059 16078 D M_InsDal: Lcom/fsck/k9/controller/SimpleMessagingListener;--->synchronizeMailboxFinished(Lcom/fsck/k9/Account;Ljava/lang/String;II)V
05-24 23:04:56.718 16059 16078 D M_InsDal: Lcom/fsck/k9/controller/SimpleMessagingListener;--->synchronizeMailboxFinished(Lcom/fsck/k9/Account;Ljava/lang/String;II)V
05-24 23:04:56.718 16059 16078 D M_InsDal: Lcom/fsck/k9/controller/MemorizingMessagingListener;--->synchronizeMailboxFinished(Lcom/fsck/k9/Account;Ljava/lang/String;II)V
05-24 23:04:56.718 16059 16078 D M_InsDal: Lcom/fsck/k9/controller/MemorizingMessagingListener;--->getMemory(Lcom/fsck/k9/Account;Ljava/lang/String;)Lcom/fsck/k9/controller/MemorizingMessagingListener$Memory;
05-24 23:04:56.718 16059 16078 D M_InsDal: Lcom/fsck/k9/controller/MemorizingMessagingListener;--->getMemoryKey(Lcom/fsck/k9/Account;Ljava/lang/String;)Ljava/lang/String;
05-24 23:04:56.718 16059 16078 D M_InsDal: Lcom/fsck/k9/Account;--->getDescription()Ljava/lang/String;
05-24 23:04:56.718 16059 16078 D M_InsDal: Lcom/fsck/k9/controller/MessagingControllerPushReceiver$1;--->synchronizeMailboxFinished(Lcom/fsck/k9/Account;Ljava/lang/String;II)V
05-24 23:04:56.718 16059 16078 D M_InsDal: Lcom/fsck/k9/Account;--->getDescription()Ljava/lang/String;
05-24 23:04:56.718 16059 16078 D M_InsDal: Lcom/fsck/k9/controller/imap/ImapSync;--->closeFolder(Lcom/fsck/k9/mail/Folder;)V
05-24 23:04:56.718 16059 16078 D M_InsDal: Lcom/fsck/k9/mailstore/LocalFolder;--->close()V
05-24 23:04:56.718 16059 16078 D M_InsDal: Lcom/fsck/k9/controller/MessagingController$9;--->run()V
05-24 23:04:56.718 16059 16087 D M_InsDal: Lcom/fsck/k9/mail/store/imap/ImapFolder;--->getName()Ljava/lang/String;
05-24 23:04:56.718 16059 16078 D M_InsDal: Lcom/fsck/k9/controller/MessagingController;--->synchronizeMailboxSynchronous(Lcom/fsck/k9/Account;Ljava/lang/String;Lcom/fsck/k9/controller/MessagingListener;Lcom/fsck/k9/mail/Folder;)V
05-24 23:04:56.718 16059 16078 D M_InsDal: Lcom/fsck/k9/controller/MessagingController;--->getRemoteMessageStore(Lcom/fsck/k9/Account;)Lcom/fsck/k9/controller/RemoteMessageStore;
05-24 23:04:56.718 16059 16078 D M_InsDal: Lcom/fsck/k9/Account;--->getStoreUri()Ljava/lang/String;
05-24 23:04:56.718 16059 16078 D M_InsDal: Lcom/fsck/k9/controller/MessagingController;--->getImapMessageStore()Lcom/fsck/k9/controller/imap/ImapMessageStore;
05-24 23:04:56.718 16059 16087 D M_InsDal: Lcom/fsck/k9/mail/store/imap/ImapFolderPusher$PushRunnable;--->getNewUidNext()J
05-24 23:04:56.718 16059 16078 D M_InsDal: Lcom/fsck/k9/controller/imap/ImapMessageStore;--->sync(Lcom/fsck/k9/Account;Ljava/lang/String;Lcom/fsck/k9/controller/MessagingListener;Lcom/fsck/k9/mail/Folder;)V
05-24 23:04:56.718 16059 16078 D M_InsDal: Lcom/fsck/k9/controller/imap/ImapSync;--->sync(Lcom/fsck/k9/Account;Ljava/lang/String;Lcom/fsck/k9/controller/MessagingListener;Lcom/fsck/k9/mail/Folder;)V
05-24 23:04:56.718 16059 16078 D M_InsDal: Lcom/fsck/k9/controller/imap/ImapSync;--->synchronizeMailboxSynchronous(Lcom/fsck/k9/Account;Ljava/lang/String;Lcom/fsck/k9/controller/MessagingListener;Lcom/fsck/k9/mail/Folder;)V
05-24 23:04:56.718 16059 16087 D M_InsDal: Lcom/fsck/k9/mail/store/imap/ImapFolderPusher$PushRunnable;--->getStartUid(JJ)J
05-24 23:04:56.718 16059 16078 D M_InsDal: Lcom/fsck/k9/Account;--->getDescription()Ljava/lang/String;
05-24 23:04:56.718 16059 16087 D M_InsDal: Lcom/fsck/k9/mail/store/imap/ImapStore;--->getStoreConfig()Lcom/fsck/k9/mail/store/StoreConfig;
05-24 23:04:56.718 16059 16078 D M_InsDal: Lcom/fsck/k9/controller/imap/ImapSync;--->getListeners(Lcom/fsck/k9/controller/MessagingListener;)Ljava/util/Set;
05-24 23:04:56.718 16059 16078 D M_InsDal: Lcom/fsck/k9/controller/MessagingController;--->getListeners(Lcom/fsck/k9/controller/MessagingListener;)Ljava/util/Set;
05-24 23:04:56.718 16059 16087 D M_InsDal: Lcom/fsck/k9/Account;--->getDisplayCount()I
05-24 23:04:56.718 16059 16078 D M_InsDal: Lcom/fsck/k9/controller/SimpleMessagingListener;--->synchronizeMailboxStarted(Lcom/fsck/k9/Account;Ljava/lang/String;)V
05-24 23:04:56.718 16059 16087 D M_InsDal: Lcom/fsck/k9/mail/store/imap/ImapFolderPusher$PushRunnable;--->processStoredUntaggedResponses()V
05-24 23:04:56.718 16059 16078 D M_InsDal: Lcom/fsck/k9/controller/SimpleMessagingListener;--->synchronizeMailboxStarted(Lcom/fsck/k9/Account;Ljava/lang/String;)V
05-24 23:04:56.718 16059 16087 D M_InsDal: Lcom/fsck/k9/mail/store/imap/ImapFolderPusher$PushRunnable;--->getAndClearStoredUntaggedResponses()Ljava/util/List;
05-24 23:04:56.718 16059 16078 D M_InsDal: Lcom/fsck/k9/controller/SimpleMessagingListener;--->synchronizeMailboxStarted(Lcom/fsck/k9/Account;Ljava/lang/String;)V
05-24 23:04:56.718 16059 16078 D M_InsDal: Lcom/fsck/k9/controller/MemorizingMessagingListener;--->synchronizeMailboxStarted(Lcom/fsck/k9/Account;Ljava/lang/String;)V
05-24 23:04:56.718 16059 16078 D M_InsDal: Lcom/fsck/k9/controller/MemorizingMessagingListener;--->getMemory(Lcom/fsck/k9/Account;Ljava/lang/String;)Lcom/fsck/k9/controller/MemorizingMessagingListener$Memory;
05-24 23:04:56.718 16059 16078 D M_InsDal: Lcom/fsck/k9/controller/MemorizingMessagingListener;--->getMemoryKey(Lcom/fsck/k9/Account;Ljava/lang/String;)Ljava/lang/String;
05-24 23:04:56.718 16059 16087 D M_InsDal: Lcom/fsck/k9/mail/K9MailLib;--->isDebug()Z
05-24 23:04:56.718 16059 16078 D M_InsDal: Lcom/fsck/k9/Account;--->getDescription()Ljava/lang/String;
05-24 23:04:56.718 16059 16087 D M_InsDal: Lcom/fsck/k9/K9$2;--->enabled()Z
05-24 23:04:56.718 16059 16078 D M_InsDal: Lcom/fsck/k9/controller/MemorizingMessagingListener$Memory;---><init>(Lcom/fsck/k9/Account;Ljava/lang/String;)V
05-24 23:04:56.718 16059 16087 D M_InsDal: Lcom/fsck/k9/mail/store/imap/ImapFolderPusher$PushRunnable;--->prepareForIdle()V
05-24 23:04:56.718 16059 16078 D M_InsDal: Lcom/fsck/k9/controller/MemorizingMessagingListener;--->getMemoryKey(Lcom/fsck/k9/Account;Ljava/lang/String;)Ljava/lang/String;
05-24 23:04:56.718 16059 16087 D M_InsDal: Lcom/fsck/k9/mail/store/imap/ImapFolder;--->getName()Ljava/lang/String;
05-24 23:04:56.718 16059 16078 D M_InsDal: Lcom/fsck/k9/Account;--->getDescription()Ljava/lang/String;
05-24 23:04:56.718 16059 16078 D M_InsDal: Lcom/fsck/k9/Account;--->getOutboxFolderName()Ljava/lang/String;
05-24 23:04:56.718 16059 16087 D M_InsDal: Lcom/fsck/k9/controller/MessagingControllerPushReceiver;--->setPushActive(Ljava/lang/String;Z)V
05-24 23:04:56.718 16059 16078 D M_InsDal: Lcom/fsck/k9/Account;--->getDescription()Ljava/lang/String;
05-24 23:04:56.718 16059 16087 D M_InsDal: Lcom/fsck/k9/controller/MessagingController;--->getListeners()Ljava/util/Set;
05-24 23:04:56.718 16059 16078 D M_InsDal: Lcom/fsck/k9/controller/imap/ImapSync;--->processPendingCommandsSynchronous(Lcom/fsck/k9/Account;)V
05-24 23:04:56.718 16059 16078 D M_InsDal: Lcom/fsck/k9/controller/MessagingController;--->processPendingCommandsSynchronous(Lcom/fsck/k9/Account;)V
05-24 23:04:56.718 16059 16078 D M_InsDal: Lcom/fsck/k9/Account;--->getLocalStore()Lcom/fsck/k9/mailstore/LocalStore;
05-24 23:04:56.718 16059 16078 D M_InsDal: Lcom/fsck/k9/mailstore/LocalStore;--->getInstance(Lcom/fsck/k9/Account;Landroid/content/Context;)Lcom/fsck/k9/mailstore/LocalStore;
05-24 23:04:56.718 16059 16078 D M_InsDal: Lcom/fsck/k9/Account;--->getUuid()Ljava/lang/String;
05-24 23:04:56.718 16059 16087 D M_InsDal: Lcom/fsck/k9/controller/MemorizingMessagingListener;--->setPushActive(Lcom/fsck/k9/Account;Ljava/lang/String;Z)V
05-24 23:04:56.718 16059 16087 D M_InsDal: Lcom/fsck/k9/controller/MemorizingMessagingListener;--->getMemory(Lcom/fsck/k9/Account;Ljava/lang/String;)Lcom/fsck/k9/controller/MemorizingMessagingListener$Memory;
05-24 23:04:56.718 16059 16087 D M_InsDal: Lcom/fsck/k9/controller/MemorizingMessagingListener;--->getMemoryKey(Lcom/fsck/k9/Account;Ljava/lang/String;)Ljava/lang/String;
05-24 23:04:56.718 16059 16078 D M_InsDal: Lcom/fsck/k9/mailstore/LocalStore;--->getPendingCommands()Ljava/util/List;
05-24 23:04:56.718 16059 16087 D M_InsDal: Lcom/fsck/k9/Account;--->getDescription()Ljava/lang/String;
05-24 23:04:56.718 16059 16078 D M_InsDal: Lcom/fsck/k9/mailstore/LocalStore$9;---><init>(Lcom/fsck/k9/mailstore/LocalStore;)V
05-24 23:04:56.718 16059 16078 D M_InsDal: Lcom/fsck/k9/mailstore/LockableDatabase;--->execute(ZLcom/fsck/k9/mailstore/LockableDatabase$DbCallback;)Ljava/lang/Object;
05-24 23:04:56.718 16059 16078 D M_InsDal: Lcom/fsck/k9/mailstore/LockableDatabase;--->lockRead()V
05-24 23:04:56.718 16059 16078 D M_InsDal: Lcom/fsck/k9/mailstore/LockableDatabase;--->getStorageManager()Lcom/fsck/k9/mailstore/StorageManager;
05-24 23:04:56.718 16059 16078 D M_InsDal: Lcom/fsck/k9/mailstore/StorageManager;--->getInstance(Landroid/content/Context;)Lcom/fsck/k9/mailstore/StorageManager;
05-24 23:04:56.718 16059 16087 D M_InsDal: Lcom/fsck/k9/controller/SimpleMessagingListener;--->setPushActive(Lcom/fsck/k9/Account;Ljava/lang/String;Z)V
05-24 23:04:56.718 16059 16078 D M_InsDal: Lcom/fsck/k9/mailstore/StorageManager;--->lockProvider(Ljava/lang/String;)V
05-24 23:04:56.718 16059 16087 D M_InsDal: Lcom/fsck/k9/controller/SimpleMessagingListener;--->setPushActive(Lcom/fsck/k9/Account;Ljava/lang/String;Z)V
