05-24 23:10:27.074 17426 17446 D M_InsDal: Lcom/fsck/k9/mail/internet/MimeHeader$Field;--->newRawField(Ljava/lang/String;Ljava/lang/String;)Lcom/fsck/k9/mail/internet/MimeHeader$Field;
05-24 23:10:27.074 17426 17446 D M_InsDal: Lcom/fsck/k9/mail/internet/MimeHeader$Field;---><init>(Ljava/lang/String;Ljava/lang/String;Ljava/lang/String;)V
05-24 23:10:27.074 17426 17446 D M_InsDal: Lcom/fsck/k9/mail/message/MessageHeaderParser$MessageHeaderParserContentHandler;--->field(Lorg/apache/james/mime4j/stream/Field;)V
05-24 23:10:27.074 17426 17446 D M_InsDal: Lcom/fsck/k9/mail/internet/MimeMessage;--->addRawHeader(Ljava/lang/String;Ljava/lang/String;)V
05-24 23:10:27.074 17426 17446 D M_InsDal: Lcom/fsck/k9/mail/internet/MimeHeader;--->addRawHeader(Ljava/lang/String;Ljava/lang/String;)V
05-24 23:10:27.074 17426 17446 D M_InsDal: Lcom/fsck/k9/mail/internet/MimeHeader$Field;--->newRawField(Ljava/lang/String;Ljava/lang/String;)Lcom/fsck/k9/mail/internet/MimeHeader$Field;
05-24 23:10:27.074 17426 17446 D M_InsDal: Lcom/fsck/k9/mail/internet/MimeHeader$Field;---><init>(Ljava/lang/String;Ljava/lang/String;Ljava/lang/String;)V
05-24 23:10:27.074 17426 17446 D M_InsDal: Lcom/fsck/k9/mail/message/MessageHeaderParser$MessageHeaderParserContentHandler;--->endHeader()V
05-24 23:10:27.074 17426 17446 D M_InsDal: Lcom/fsck/k9/mail/message/MessageHeaderParser$MessageHeaderParserContentHandler;--->body(Lorg/apache/james/mime4j/stream/BodyDescriptor;Ljava/io/InputStream;)V
05-24 23:10:27.074 17426 17446 D M_InsDal: Lcom/fsck/k9/mail/message/MessageHeaderParser$MessageHeaderParserContentHandler;--->endMessage()V
05-24 23:10:27.074 17426 17446 D M_InsDal: Lcom/fsck/k9/helper/Utility;--->closeQuietly(Landroid/database/Cursor;)V
05-24 23:10:27.074 17426 17446 D M_InsDal: Lcom/fsck/k9/mailstore/LockableDatabase;--->unlockRead()V
05-24 23:10:27.074 17426 17446 D M_InsDal: Lcom/fsck/k9/mailstore/LockableDatabase;--->getStorageManager()Lcom/fsck/k9/mailstore/StorageManager;
05-24 23:10:27.074 17426 17446 D M_InsDal: Lcom/fsck/k9/mailstore/StorageManager;--->getInstance(Landroid/content/Context;)Lcom/fsck/k9/mailstore/StorageManager;
05-24 23:10:27.074 17426 17446 D M_InsDal: Lcom/fsck/k9/mailstore/StorageManager;--->unlockProvider(Ljava/lang/String;)V
05-24 23:10:27.074 17426 17446 D M_InsDal: Lcom/fsck/k9/mailstore/StorageManager;--->getProvider(Ljava/lang/String;)Lcom/fsck/k9/mailstore/StorageManager$StorageProvider;
05-24 23:10:27.074 17426 17446 D M_InsDal: Lcom/fsck/k9/controller/imap/ImapSync;--->syncFlags(Lcom/fsck/k9/mailstore/LocalMessage;Lcom/fsck/k9/mail/Message;)Z
05-24 23:10:27.074 17426 17446 D M_InsDal: Lcom/fsck/k9/mail/Message;--->isSet(Lcom/fsck/k9/mail/Flag;)Z
05-24 23:10:27.074 17426 17446 D M_InsDal: Lcom/fsck/k9/mail/Message;--->isSet(Lcom/fsck/k9/mail/Flag;)Z
05-24 23:10:27.074 17426 17446 D M_InsDal: Lcom/fsck/k9/controller/imap/ImapSync;--->getListeners()Ljava/util/Set;
05-24 23:10:27.074 17426 17446 D M_InsDal: Lcom/fsck/k9/controller/MessagingController;--->getListeners()Ljava/util/Set;
05-24 23:10:27.074 17426 17446 D M_InsDal: Lcom/fsck/k9/controller/MemorizingMessagingListener;--->synchronizeMailboxProgress(Lcom/fsck/k9/Account;Ljava/lang/String;II)V
05-24 23:10:27.074 17426 17446 D M_InsDal: Lcom/fsck/k9/controller/MemorizingMessagingListener;--->getMemory(Lcom/fsck/k9/Account;Ljava/lang/String;)Lcom/fsck/k9/controller/MemorizingMessagingListener$Memory;
05-24 23:10:27.074 17426 17446 D M_InsDal: Lcom/fsck/k9/controller/MemorizingMessagingListener;--->getMemoryKey(Lcom/fsck/k9/Account;Ljava/lang/String;)Ljava/lang/String;
05-24 23:10:27.074 17426 17446 D M_InsDal: Lcom/fsck/k9/Account;--->getDescription()Ljava/lang/String;
05-24 23:10:27.074 17426 17446 D M_InsDal: Lcom/fsck/k9/controller/SimpleMessagingListener;--->synchronizeMailboxProgress(Lcom/fsck/k9/Account;Ljava/lang/String;II)V
05-24 23:10:27.074 17426 17446 D M_InsDal: Lcom/fsck/k9/controller/SimpleMessagingListener;--->synchronizeMailboxProgress(Lcom/fsck/k9/Account;Ljava/lang/String;II)V
05-24 23:10:27.074 17426 17446 D M_InsDal: Lcom/fsck/k9/controller/imap/ImapSync$1;---><init>(Lcom/fsck/k9/controller/imap/ImapSync;Lcom/fsck/k9/Account;Ljava/lang/String;)V
05-24 23:10:27.074 17426 17446 D M_InsDal: Lcom/fsck/k9/mailstore/LocalFolder;--->purgeToVisibleLimit(Lcom/fsck/k9/mailstore/MessageRemovalListener;)V
05-24 23:10:27.075 17426 17446 D M_InsDal: Lcom/fsck/k9/activity/Search;---><clinit>()V
05-24 23:10:27.075 17426 17446 D M_InsDal: Lcom/fsck/k9/activity/Search;--->isActive()Z
05-24 23:10:27.075 17426 17446 D M_InsDal: Lcom/fsck/k9/mailstore/LocalFolder;--->open(I)V
05-24 23:10:27.075 17426 17446 D M_InsDal: Lcom/fsck/k9/mailstore/LocalFolder;--->isOpen()Z
05-24 23:10:27.075 17426 17446 D M_InsDal: Lcom/fsck/k9/mailstore/LocalFolder;--->getMode()I
05-24 23:10:27.075 17426 17446 D M_InsDal: Lcom/fsck/k9/mailstore/LocalStore;--->getDatabase()Lcom/fsck/k9/mailstore/LockableDatabase;
05-24 23:10:27.075 17426 17446 D M_InsDal: Lcom/fsck/k9/mailstore/LocalFolder$6;---><init>(Lcom/fsck/k9/mailstore/LocalFolder;Lcom/fsck/k9/mailstore/MessageRemovalListener;)V
05-24 23:10:27.075 17426 17446 D M_InsDal: Lcom/fsck/k9/mailstore/LockableDatabase;--->execute(ZLcom/fsck/k9/mailstore/LockableDatabase$DbCallback;)Ljava/lang/Object;
05-24 23:10:27.075 17426 17446 D M_InsDal: Lcom/fsck/k9/mailstore/LockableDatabase;--->lockRead()V
05-24 23:10:27.075 17426 17446 D M_InsDal: Lcom/fsck/k9/mailstore/LockableDatabase;--->getStorageManager()Lcom/fsck/k9/mailstore/StorageManager;
05-24 23:10:27.075 17426 17446 D M_InsDal: Lcom/fsck/k9/mailstore/StorageManager;--->getInstance(Landroid/content/Context;)Lcom/fsck/k9/mailstore/StorageManager;
05-24 23:10:27.075 17426 17446 D M_InsDal: Lcom/fsck/k9/mailstore/StorageManager;--->lockProvider(Ljava/lang/String;)V
05-24 23:10:27.075 17426 17446 D M_InsDal: Lcom/fsck/k9/mailstore/StorageManager;--->getProvider(Ljava/lang/String;)Lcom/fsck/k9/mailstore/StorageManager$StorageProvider;
05-24 23:10:27.075 17426 17446 D M_InsDal: Lcom/fsck/k9/mailstore/StorageManager$InternalStorageProvider;--->isReady(Landroid/content/Context;)Z
05-24 23:10:27.075 17426 17446 D M_InsDal: Lcom/fsck/k9/K9;--->isDebug()Z
05-24 23:10:27.075 17426 17446 D M_InsDal: Lcom/fsck/k9/mailstore/LocalFolder$6;--->doDbWork(Landroid/database/sqlite/SQLiteDatabase;)Ljava/lang/Void;
05-24 23:10:27.075 17426 17446 D M_InsDal: Lcom/fsck/k9/mailstore/LocalFolder;--->getDatabaseId()J
05-24 23:10:27.075 17426 17446 D M_InsDal: Lcom/fsck/k9/helper/Utility;--->closeQuietly(Landroid/database/Cursor;)V
05-24 23:10:27.075 17426 17446 D M_InsDal: Lcom/fsck/k9/mailstore/LockableDatabase;--->unlockRead()V
05-24 23:10:27.075 17426 17446 D M_InsDal: Lcom/fsck/k9/mailstore/LockableDatabase;--->getStorageManager()Lcom/fsck/k9/mailstore/StorageManager;
05-24 23:10:27.075 17426 17446 D M_InsDal: Lcom/fsck/k9/mailstore/StorageManager;--->getInstance(Landroid/content/Context;)Lcom/fsck/k9/mailstore/StorageManager;
05-24 23:10:27.075 17426 17446 D M_InsDal: Lcom/fsck/k9/mailstore/StorageManager;--->unlockProvider(Ljava/lang/String;)V
05-24 23:10:27.075 17426 17446 D M_InsDal: Lcom/fsck/k9/mailstore/StorageManager;--->getProvider(Ljava/lang/String;)Lcom/fsck/k9/mailstore/StorageManager$StorageProvider;
05-24 23:10:27.075 17426 17446 D M_InsDal: Lcom/fsck/k9/mailstore/LocalFolder;--->getUnreadMessageCount()I
05-24 23:10:27.075 17426 17446 D M_InsDal: Lcom/fsck/k9/mailstore/LocalStore;--->getDatabase()Lcom/fsck/k9/mailstore/LockableDatabase;
05-24 23:10:27.075 17426 17446 D M_InsDal: Lcom/fsck/k9/mailstore/LocalFolder$4;---><init>(Lcom/fsck/k9/mailstore/LocalFolder;)V
05-24 23:10:27.075 17426 17446 D M_InsDal: Lcom/fsck/k9/mailstore/LockableDatabase;--->execute(ZLcom/fsck/k9/mailstore/LockableDatabase$DbCallback;)Ljava/lang/Object;
05-24 23:10:27.075 17426 17446 D M_InsDal: Lcom/fsck/k9/mailstore/LockableDatabase;--->lockRead()V
05-24 23:10:27.075 17426 17446 D M_InsDal: Lcom/fsck/k9/mailstore/LockableDatabase;--->getStorageManager()Lcom/fsck/k9/mailstore/StorageManager;
05-24 23:10:27.075 17426 17446 D M_InsDal: Lcom/fsck/k9/mailstore/StorageManager;--->getInstance(Landroid/content/Context;)Lcom/fsck/k9/mailstore/StorageManager;
05-24 23:10:27.075 17426 17446 D M_InsDal: Lcom/fsck/k9/mailstore/StorageManager;--->lockProvider(Ljava/lang/String;)V
05-24 23:10:27.075 17426 17446 D M_InsDal: Lcom/fsck/k9/mailstore/StorageManager;--->getProvider(Ljava/lang/String;)Lcom/fsck/k9/mailstore/StorageManager$StorageProvider;
05-24 23:10:27.075 17426 17446 D M_InsDal: Lcom/fsck/k9/mailstore/StorageManager$InternalStorageProvider;--->isReady(Landroid/content/Context;)Z
05-24 23:10:27.075 17426 17446 D M_InsDal: Lcom/fsck/k9/K9;--->isDebug()Z
05-24 23:10:27.075 17426 17446 D M_InsDal: Lcom/fsck/k9/mailstore/LocalFolder$4;--->doDbWork(Landroid/database/sqlite/SQLiteDatabase;)Ljava/lang/Integer;
05-24 23:10:27.075 17426 17446 D M_InsDal: Lcom/fsck/k9/mailstore/LockableDatabase;--->unlockRead()V
05-24 23:10:27.075 17426 17446 D M_InsDal: Lcom/fsck/k9/mailstore/LockableDatabase;--->getStorageManager()Lcom/fsck/k9/mailstore/StorageManager;
05-24 23:10:27.075 17426 17446 D M_InsDal: Lcom/fsck/k9/mailstore/StorageManager;--->getInstance(Landroid/content/Context;)Lcom/fsck/k9/mailstore/StorageManager;
05-24 23:10:27.075 17426 17446 D M_InsDal: Lcom/fsck/k9/mailstore/StorageManager;--->unlockProvider(Ljava/lang/String;)V
05-24 23:10:27.075 17426 17446 D M_InsDal: Lcom/fsck/k9/mailstore/StorageManager;--->getProvider(Ljava/lang/String;)Lcom/fsck/k9/mailstore/StorageManager$StorageProvider;
05-24 23:10:27.075 17426 17446 D M_InsDal: Lcom/fsck/k9/controller/imap/ImapSync;--->getListeners()Ljava/util/Set;
05-24 23:10:27.075 17426 17446 D M_InsDal: Lcom/fsck/k9/controller/MessagingController;--->getListeners()Ljava/util/Set;
05-24 23:10:27.075 17426 17446 D M_InsDal: Lcom/fsck/k9/controller/SimpleMessagingListener;--->folderStatusChanged(Lcom/fsck/k9/Account;Ljava/lang/String;I)V
05-24 23:10:27.075 17426 17446 D M_InsDal: Lcom/fsck/k9/K9$3;--->folderStatusChanged(Lcom/fsck/k9/Account;Ljava/lang/String;I)V
05-24 23:10:27.075 17426 17446 D M_InsDal: Lcom/fsck/k9/K9$3;--->updateUnreadWidget()V
05-24 23:10:27.075 17426 17446 D M_InsDal: Lcom/fsck/k9/provider/UnreadWidgetProvider;--->updateUnreadCount(Landroid/content/Context;)V
05-24 23:10:27.076 17426 17446 D M_InsDal: Lcom/fsck/k9/K9$3;--->updateMailListWidget()V
05-24 23:10:27.076 17426 17446 D M_InsDal: Lcom/fsck/k9/widget/list/MessageListWidgetProvider;--->triggerMessageListWidgetUpdate(Landroid/content/Context;)V
05-24 23:10:27.077 17426 17426 D M_InsDal: Lcom/fsck/k9/provider/UnreadWidgetProvider;---><init>()V
05-24 23:10:27.077 17426 17446 D M_InsDal: Lcom/fsck/k9/Account;--->getDescription()Ljava/lang/String;
05-24 23:10:27.077 17426 17446 D M_InsDal: Lcom/fsck/k9/provider/MessageProvider$1$1;--->folderStatusChanged(Lcom/fsck/k9/Account;Ljava/lang/String;I)V
05-24 23:10:27.077 17426 17426 D M_InsDal: Lcom/fsck/k9/widget/list/MessageListWidgetProvider;---><init>()V
05-24 23:10:27.077 17426 17426 D M_InsDal: Lcom/fsck/k9/widget/list/MessageListWidgetProvider;--->onReceive(Landroid/content/Context;Landroid/content/Intent;)V
05-24 23:10:27.077 17426 17446 D M_InsDal: Lcom/fsck/k9/mailstore/LocalFolder;--->setLastChecked(J)V
05-24 23:10:27.077 17426 17446 D M_InsDal: Lcom/fsck/k9/mailstore/LocalFolder;--->open(I)V
05-24 23:10:27.077 17426 17446 D M_InsDal: Lcom/fsck/k9/mailstore/LocalFolder;--->isOpen()Z
05-24 23:10:27.077 17426 17446 D M_InsDal: Lcom/fsck/k9/mailstore/LocalFolder;--->getMode()I
05-24 23:10:27.077 17426 17446 D M_InsDal: Lcom/fsck/k9/mail/Folder;--->setLastChecked(J)V
05-24 23:10:27.078 17426 17446 D M_InsDal: Lcom/fsck/k9/mailstore/LocalFolder;--->updateFolderColumn(Ljava/lang/String;Ljava/lang/Object;)V
05-24 23:10:27.078 17426 17446 D M_InsDal: Lcom/fsck/k9/mailstore/LocalStore;--->getDatabase()Lcom/fsck/k9/mailstore/LockableDatabase;
05-24 23:10:27.078 17426 17446 D M_InsDal: Lcom/fsck/k9/mailstore/LocalFolder$7;---><init>(Lcom/fsck/k9/mailstore/LocalFolder;Ljava/lang/String;Ljava/lang/Object;)V
05-24 23:10:27.078 17426 17446 D M_InsDal: Lcom/fsck/k9/mailstore/LockableDatabase;--->execute(ZLcom/fsck/k9/mailstore/LockableDatabase$DbCallback;)Ljava/lang/Object;
05-24 23:10:27.078 17426 17446 D M_InsDal: Lcom/fsck/k9/mailstore/LockableDatabase;--->lockRead()V
05-24 23:10:27.078 17426 17446 D M_InsDal: Lcom/fsck/k9/mailstore/LockableDatabase;--->getStorageManager()Lcom/fsck/k9/mailstore/StorageManager;
05-24 23:10:27.078 17426 17446 D M_InsDal: Lcom/fsck/k9/mailstore/StorageManager;--->getInstance(Landroid/content/Context;)Lcom/fsck/k9/mailstore/StorageManager;
05-24 23:10:27.078 17426 17446 D M_InsDal: Lcom/fsck/k9/mailstore/StorageManager;--->lockProvider(Ljava/lang/String;)V
05-24 23:10:27.078 17426 17446 D M_InsDal: Lcom/fsck/k9/mailstore/StorageManager;--->getProvider(Ljava/lang/String;)Lcom/fsck/k9/mailstore/StorageManager$StorageProvider;
05-24 23:10:27.078 17426 17446 D M_InsDal: Lcom/fsck/k9/mailstore/StorageManager$InternalStorageProvider;--->isReady(Landroid/content/Context;)Z
05-24 23:10:27.078 17426 17446 D M_InsDal: Lcom/fsck/k9/K9;--->isDebug()Z
05-24 23:10:27.078 17426 17446 D M_InsDal: Lcom/fsck/k9/mailstore/LocalFolder$7;--->doDbWork(Landroid/database/sqlite/SQLiteDatabase;)Ljava/lang/Void;
05-24 23:10:27.078 17426 17446 D M_InsDal: Lcom/fsck/k9/mailstore/LocalFolder;--->open(I)V
05-24 23:10:27.078 17426 17446 D M_InsDal: Lcom/fsck/k9/mailstore/LocalFolder;--->isOpen()Z
05-24 23:10:27.078 17426 17446 D M_InsDal: Lcom/fsck/k9/mailstore/LocalFolder;--->getMode()I
05-24 23:10:27.078 17426 17446 D M_InsDal: Lcom/fsck/k9/mailstore/LockableDatabase;--->unlockRead()V
05-24 23:10:27.078 17426 17446 D M_InsDal: Lcom/fsck/k9/mailstore/LockableDatabase;--->getStorageManager()Lcom/fsck/k9/mailstore/StorageManager;
05-24 23:10:27.078 17426 17446 D M_InsDal: Lcom/fsck/k9/mailstore/StorageManager;--->getInstance(Landroid/content/Context;)Lcom/fsck/k9/mailstore/StorageManager;
05-24 23:10:27.078 17426 17446 D M_InsDal: Lcom/fsck/k9/mailstore/StorageManager;--->unlockProvider(Ljava/lang/String;)V
05-24 23:10:27.078 17426 17446 D M_InsDal: Lcom/fsck/k9/mailstore/StorageManager;--->getProvider(Ljava/lang/String;)Lcom/fsck/k9/mailstore/StorageManager$StorageProvider;
05-24 23:10:27.078 17426 17446 D M_InsDal: Lcom/fsck/k9/mailstore/LocalFolder;--->setStatus(Ljava/lang/String;)V
05-24 23:10:27.078 17426 17446 D M_InsDal: Lcom/fsck/k9/mailstore/LocalFolder;--->updateFolderColumn(Ljava/lang/String;Ljava/lang/Object;)V
05-24 23:10:27.078 17426 17446 D M_InsDal: Lcom/fsck/k9/mailstore/LocalStore;--->getDatabase()Lcom/fsck/k9/mailstore/LockableDatabase;
05-24 23:10:27.078 17426 17446 D M_InsDal: Lcom/fsck/k9/mailstore/LocalFolder$7;---><init>(Lcom/fsck/k9/mailstore/LocalFolder;Ljava/lang/String;Ljava/lang/Object;)V
05-24 23:10:27.078 17426 17446 D M_InsDal: Lcom/fsck/k9/mailstore/LockableDatabase;--->execute(ZLcom/fsck/k9/mailstore/LockableDatabase$DbCallback;)Ljava/lang/Object;
05-24 23:10:27.078 17426 17446 D M_InsDal: Lcom/fsck/k9/mailstore/LockableDatabase;--->lockRead()V
05-24 23:10:27.078 17426 17446 D M_InsDal: Lcom/fsck/k9/mailstore/LockableDatabase;--->getStorageManager()Lcom/fsck/k9/mailstore/StorageManager;
05-24 23:10:27.078 17426 17446 D M_InsDal: Lcom/fsck/k9/mailstore/StorageManager;--->getInstance(Landroid/content/Context;)Lcom/fsck/k9/mailstore/StorageManager;
05-24 23:10:27.078 17426 17446 D M_InsDal: Lcom/fsck/k9/mailstore/StorageManager;--->lockProvider(Ljava/lang/String;)V
05-24 23:10:27.078 17426 17446 D M_InsDal: Lcom/fsck/k9/mailstore/StorageManager;--->getProvider(Ljava/lang/String;)Lcom/fsck/k9/mailstore/StorageManager$StorageProvider;
05-24 23:10:27.078 17426 17446 D M_InsDal: Lcom/fsck/k9/mailstore/StorageManager$InternalStorageProvider;--->isReady(Landroid/content/Context;)Z
05-24 23:10:27.078 17426 17446 D M_InsDal: Lcom/fsck/k9/K9;--->isDebug()Z
05-24 23:10:27.078 17426 17446 D M_InsDal: Lcom/fsck/k9/mailstore/LocalFolder$7;--->doDbWork(Landroid/database/sqlite/SQLiteDatabase;)Ljava/lang/Void;
05-24 23:10:27.078 17426 17446 D M_InsDal: Lcom/fsck/k9/mailstore/LocalFolder;--->open(I)V
05-24 23:10:27.078 17426 17446 D M_InsDal: Lcom/fsck/k9/mailstore/LocalFolder;--->isOpen()Z
05-24 23:10:27.078 17426 17446 D M_InsDal: Lcom/fsck/k9/mailstore/LocalFolder;--->getMode()I
05-24 23:10:27.078 17426 17446 D M_InsDal: Lcom/fsck/k9/mailstore/LockableDatabase;--->unlockRead()V
05-24 23:10:27.078 17426 17446 D M_InsDal: Lcom/fsck/k9/mailstore/LockableDatabase;--->getStorageManager()Lcom/fsck/k9/mailstore/StorageManager;
05-24 23:10:27.078 17426 17446 D M_InsDal: Lcom/fsck/k9/mailstore/StorageManager;--->getInstance(Landroid/content/Context;)Lcom/fsck/k9/mailstore/StorageManager;
05-24 23:10:27.078 17426 17446 D M_InsDal: Lcom/fsck/k9/mailstore/StorageManager;--->unlockProvider(Ljava/lang/String;)V
05-24 23:10:27.078 17426 17446 D M_InsDal: Lcom/fsck/k9/mailstore/StorageManager;--->getProvider(Ljava/lang/String;)Lcom/fsck/k9/mailstore/StorageManager$StorageProvider;
05-24 23:10:27.078 17426 17446 D M_InsDal: Lcom/fsck/k9/Account;--->getDescription()Ljava/lang/String;
05-24 23:10:27.078 17426 17446 D M_InsDal: Lcom/fsck/k9/controller/imap/ImapSync;--->getListeners(Lcom/fsck/k9/controller/MessagingListener;)Ljava/util/Set;
05-24 23:10:27.078 17426 17446 D M_InsDal: Lcom/fsck/k9/controller/MessagingController;--->getListeners(Lcom/fsck/k9/controller/MessagingListener;)Ljava/util/Set;
05-24 23:10:27.078 17426 17446 D M_InsDal: Lcom/fsck/k9/controller/MemorizingMessagingListener;--->synchronizeMailboxFinished(Lcom/fsck/k9/Account;Ljava/lang/String;II)V
05-24 23:10:27.078 17426 17446 D M_InsDal: Lcom/fsck/k9/controller/MemorizingMessagingListener;--->getMemory(Lcom/fsck/k9/Account;Ljava/lang/String;)Lcom/fsck/k9/controller/MemorizingMessagingListener$Memory;
05-24 23:10:27.078 17426 17446 D M_InsDal: Lcom/fsck/k9/controller/MemorizingMessagingListener;--->getMemoryKey(Lcom/fsck/k9/Account;Ljava/lang/String;)Ljava/lang/String;
05-24 23:10:27.078 17426 17446 D M_InsDal: Lcom/fsck/k9/Account;--->getDescription()Ljava/lang/String;
05-24 23:10:27.078 17426 17446 D M_InsDal: Lcom/fsck/k9/controller/SimpleMessagingListener;--->synchronizeMailboxFinished(Lcom/fsck/k9/Account;Ljava/lang/String;II)V
05-24 23:10:27.078 17426 17446 D M_InsDal: Lcom/fsck/k9/controller/SimpleMessagingListener;--->synchronizeMailboxFinished(Lcom/fsck/k9/Account;Ljava/lang/String;II)V
05-24 23:10:27.078 17426 17446 D M_InsDal: Lcom/fsck/k9/controller/MessagingControllerPushReceiver$1;--->synchronizeMailboxFinished(Lcom/fsck/k9/Account;Ljava/lang/String;II)V
05-24 23:10:27.078 17426 17446 D M_InsDal: Lcom/fsck/k9/Account;--->getDescription()Ljava/lang/String;
05-24 23:10:27.078 17426 17446 D M_InsDal: Lcom/fsck/k9/controller/imap/ImapSync;--->closeFolder(Lcom/fsck/k9/mail/Folder;)V
05-24 23:10:27.078 17426 17446 D M_InsDal: Lcom/fsck/k9/mailstore/LocalFolder;--->close()V
05-24 23:10:27.078 17426 17446 D M_InsDal: Lcom/fsck/k9/controller/MessagingController$9;--->run()V
05-24 23:10:27.078 17426 17452 D M_InsDal: Lcom/fsck/k9/mail/store/imap/ImapFolder;--->getName()Ljava/lang/String;
05-24 23:10:27.078 17426 17446 D M_InsDal: Lcom/fsck/k9/controller/MessagingController;--->synchronizeMailboxSynchronous(Lcom/fsck/k9/Account;Ljava/lang/String;Lcom/fsck/k9/controller/MessagingListener;Lcom/fsck/k9/mail/Folder;)V
05-24 23:10:27.078 17426 17446 D M_InsDal: Lcom/fsck/k9/controller/MessagingController;--->getRemoteMessageStore(Lcom/fsck/k9/Account;)Lcom/fsck/k9/controller/RemoteMessageStore;
05-24 23:10:27.078 17426 17446 D M_InsDal: Lcom/fsck/k9/Account;--->getStoreUri()Ljava/lang/String;
05-24 23:10:27.078 17426 17446 D M_InsDal: Lcom/fsck/k9/controller/MessagingController;--->getImapMessageStore()Lcom/fsck/k9/controller/imap/ImapMessageStore;
05-24 23:10:27.078 17426 17452 D M_InsDal: Lcom/fsck/k9/mail/store/imap/ImapFolderPusher$PushRunnable;--->getNewUidNext()J
05-24 23:10:27.078 17426 17446 D M_InsDal: Lcom/fsck/k9/controller/imap/ImapMessageStore;--->sync(Lcom/fsck/k9/Account;Ljava/lang/String;Lcom/fsck/k9/controller/MessagingListener;Lcom/fsck/k9/mail/Folder;)V
05-24 23:10:27.078 17426 17446 D M_InsDal: Lcom/fsck/k9/controller/imap/ImapSync;--->sync(Lcom/fsck/k9/Account;Ljava/lang/String;Lcom/fsck/k9/controller/MessagingListener;Lcom/fsck/k9/mail/Folder;)V
05-24 23:10:27.078 17426 17452 D M_InsDal: Lcom/fsck/k9/mail/store/imap/ImapFolderPusher$PushRunnable;--->getStartUid(JJ)J
05-24 23:10:27.078 17426 17446 D M_InsDal: Lcom/fsck/k9/controller/imap/ImapSync;--->synchronizeMailboxSynchronous(Lcom/fsck/k9/Account;Ljava/lang/String;Lcom/fsck/k9/controller/MessagingListener;Lcom/fsck/k9/mail/Folder;)V
05-24 23:10:27.078 17426 17452 D M_InsDal: Lcom/fsck/k9/mail/store/imap/ImapStore;--->getStoreConfig()Lcom/fsck/k9/mail/store/StoreConfig;
05-24 23:10:27.078 17426 17446 D M_InsDal: Lcom/fsck/k9/Account;--->getDescription()Ljava/lang/String;
05-24 23:10:27.078 17426 17446 D M_InsDal: Lcom/fsck/k9/controller/imap/ImapSync;--->getListeners(Lcom/fsck/k9/controller/MessagingListener;)Ljava/util/Set;
05-24 23:10:27.078 17426 17446 D M_InsDal: Lcom/fsck/k9/controller/MessagingController;--->getListeners(Lcom/fsck/k9/controller/MessagingListener;)Ljava/util/Set;
05-24 23:10:27.078 17426 17452 D M_InsDal: Lcom/fsck/k9/Account;--->getDisplayCount()I
05-24 23:10:27.078 17426 17452 D M_InsDal: Lcom/fsck/k9/mail/store/imap/ImapFolderPusher$PushRunnable;--->processStoredUntaggedResponses()V
05-24 23:10:27.078 17426 17446 D M_InsDal: Lcom/fsck/k9/controller/SimpleMessagingListener;--->synchronizeMailboxStarted(Lcom/fsck/k9/Account;Ljava/lang/String;)V
05-24 23:10:27.078 17426 17452 D M_InsDal: Lcom/fsck/k9/mail/store/imap/ImapFolderPusher$PushRunnable;--->getAndClearStoredUntaggedResponses()Ljava/util/List;
05-24 23:10:27.078 17426 17446 D M_InsDal: Lcom/fsck/k9/controller/MemorizingMessagingListener;--->synchronizeMailboxStarted(Lcom/fsck/k9/Account;Ljava/lang/String;)V
05-24 23:10:27.078 17426 17446 D M_InsDal: Lcom/fsck/k9/controller/MemorizingMessagingListener;--->getMemory(Lcom/fsck/k9/Account;Ljava/lang/String;)Lcom/fsck/k9/controller/MemorizingMessagingListener$Memory;
05-24 23:10:27.078 17426 17446 D M_InsDal: Lcom/fsck/k9/controller/MemorizingMessagingListener;--->getMemoryKey(Lcom/fsck/k9/Account;Ljava/lang/String;)Ljava/lang/String;
05-24 23:10:27.078 17426 17446 D M_InsDal: Lcom/fsck/k9/Account;--->getDescription()Ljava/lang/String;
05-24 23:10:27.078 17426 17452 D M_InsDal: Lcom/fsck/k9/mail/K9MailLib;--->isDebug()Z
05-24 23:10:27.078 17426 17452 D M_InsDal: Lcom/fsck/k9/K9$2;--->enabled()Z
05-24 23:10:27.078 17426 17446 D M_InsDal: Lcom/fsck/k9/controller/MemorizingMessagingListener$Memory;---><init>(Lcom/fsck/k9/Account;Ljava/lang/String;)V
05-24 23:10:27.078 17426 17446 D M_InsDal: Lcom/fsck/k9/controller/MemorizingMessagingListener;--->getMemoryKey(Lcom/fsck/k9/Account;Ljava/lang/String;)Ljava/lang/String;
05-24 23:10:27.078 17426 17452 D M_InsDal: Lcom/fsck/k9/mail/store/imap/ImapFolderPusher$PushRunnable;--->prepareForIdle()V
05-24 23:10:27.078 17426 17446 D M_InsDal: Lcom/fsck/k9/Account;--->getDescription()Ljava/lang/String;
05-24 23:10:27.078 17426 17452 D M_InsDal: Lcom/fsck/k9/mail/store/imap/ImapFolder;--->getName()Ljava/lang/String;
05-24 23:10:27.079 17426 17446 D M_InsDal: Lcom/fsck/k9/controller/SimpleMessagingListener;--->synchronizeMailboxStarted(Lcom/fsck/k9/Account;Ljava/lang/String;)V
05-24 23:10:27.079 17426 17446 D M_InsDal: Lcom/fsck/k9/controller/SimpleMessagingListener;--->synchronizeMailboxStarted(Lcom/fsck/k9/Account;Ljava/lang/String;)V
05-24 23:10:27.079 17426 17452 D M_InsDal: Lcom/fsck/k9/controller/MessagingControllerPushReceiver;--->setPushActive(Ljava/lang/String;Z)V
05-24 23:10:27.079 17426 17452 D M_InsDal: Lcom/fsck/k9/controller/MessagingController;--->getListeners()Ljava/util/Set;
05-24 23:10:27.079 17426 17446 D M_InsDal: Lcom/fsck/k9/Account;--->getOutboxFolderName()Ljava/lang/String;
05-24 23:10:27.079 17426 17446 D M_InsDal: Lcom/fsck/k9/Account;--->getDescription()Ljava/lang/String;
05-24 23:10:27.079 17426 17446 D M_InsDal: Lcom/fsck/k9/controller/imap/ImapSync;--->processPendingCommandsSynchronous(Lcom/fsck/k9/Account;)V
05-24 23:10:27.079 17426 17446 D M_InsDal: Lcom/fsck/k9/controller/MessagingController;--->processPendingCommandsSynchronous(Lcom/fsck/k9/Account;)V
05-24 23:10:27.079 17426 17452 D M_InsDal: Lcom/fsck/k9/controller/MemorizingMessagingListener;--->setPushActive(Lcom/fsck/k9/Account;Ljava/lang/String;Z)V
05-24 23:10:27.079 17426 17446 D M_InsDal: Lcom/fsck/k9/Account;--->getLocalStore()Lcom/fsck/k9/mailstore/LocalStore;
05-24 23:10:27.079 17426 17452 D M_InsDal: Lcom/fsck/k9/controller/MemorizingMessagingListener;--->getMemory(Lcom/fsck/k9/Account;Ljava/lang/String;)Lcom/fsck/k9/controller/MemorizingMessagingListener$Memory;
05-24 23:10:27.079 17426 17446 D M_InsDal: Lcom/fsck/k9/mailstore/LocalStore;--->getInstance(Lcom/fsck/k9/Account;Landroid/content/Context;)Lcom/fsck/k9/mailstore/LocalStore;
05-24 23:10:27.079 17426 17452 D M_InsDal: Lcom/fsck/k9/controller/MemorizingMessagingListener;--->getMemoryKey(Lcom/fsck/k9/Account;Ljava/lang/String;)Ljava/lang/String;
05-24 23:10:27.079 17426 17446 D M_InsDal: Lcom/fsck/k9/Account;--->getUuid()Ljava/lang/String;
05-24 23:10:27.079 17426 17452 D M_InsDal: Lcom/fsck/k9/Account;--->getDescription()Ljava/lang/String;
05-24 23:10:27.079 17426 17452 D M_InsDal: Lcom/fsck/k9/controller/SimpleMessagingListener;--->setPushActive(Lcom/fsck/k9/Account;Ljava/lang/String;Z)V
05-24 23:10:27.079 17426 17446 D M_InsDal: Lcom/fsck/k9/mailstore/LocalStore;--->getPendingCommands()Ljava/util/List;
05-24 23:10:27.079 17426 17452 D M_InsDal: Lcom/fsck/k9/controller/SimpleMessagingListener;--->setPushActive(Lcom/fsck/k9/Account;Ljava/lang/String;Z)V
05-24 23:10:27.079 17426 17446 D M_InsDal: Lcom/fsck/k9/mailstore/LocalStore$9;---><init>(Lcom/fsck/k9/mailstore/LocalStore;)V
05-24 23:10:27.079 17426 17446 D M_InsDal: Lcom/fsck/k9/mailstore/LockableDatabase;--->execute(ZLcom/fsck/k9/mailstore/LockableDatabase$DbCallback;)Ljava/lang/Object;
05-24 23:10:27.079 17426 17446 D M_InsDal: Lcom/fsck/k9/mailstore/LockableDatabase;--->lockRead()V
05-24 23:10:27.079 17426 17452 D M_InsDal: Lcom/fsck/k9/mail/store/imap/ImapFolderPusher$PushRunnable;--->setReadTimeoutForIdle(Lcom/fsck/k9/mail/store/imap/ImapConnection;)V
05-24 23:10:27.079 17426 17446 D M_InsDal: Lcom/fsck/k9/mailstore/LockableDatabase;--->getStorageManager()Lcom/fsck/k9/mailstore/StorageManager;
05-24 23:10:27.079 17426 17446 D M_InsDal: Lcom/fsck/k9/mailstore/StorageManager;--->getInstance(Landroid/content/Context;)Lcom/fsck/k9/mailstore/StorageManager;
05-24 23:10:27.079 17426 17452 D M_InsDal: Lcom/fsck/k9/mail/store/imap/ImapStore;--->getStoreConfig()Lcom/fsck/k9/mail/store/StoreConfig;
05-24 23:10:27.079 17426 17446 D M_InsDal: Lcom/fsck/k9/mailstore/StorageManager;--->lockProvider(Ljava/lang/String;)V
05-24 23:10:27.079 17426 17452 D M_InsDal: Lcom/fsck/k9/Account;--->getIdleRefreshMinutes()I
05-24 23:10:27.079 17426 17446 D M_InsDal: Lcom/fsck/k9/mailstore/StorageManager;--->getProvider(Ljava/lang/String;)Lcom/fsck/k9/mailstore/StorageManager$StorageProvider;
05-24 23:10:27.079 17426 17452 D M_InsDal: Lcom/fsck/k9/mail/store/imap/ImapConnection;--->setReadTimeout(I)V
05-24 23:10:27.079 17426 17446 D M_InsDal: Lcom/fsck/k9/mailstore/StorageManager$InternalStorageProvider;--->isReady(Landroid/content/Context;)Z
05-24 23:10:27.079 17426 17446 D M_InsDal: Lcom/fsck/k9/K9;--->isDebug()Z
05-24 23:10:27.079 17426 17452 D M_InsDal: Lcom/fsck/k9/mail/store/imap/ImapFolderPusher$PushRunnable;--->sendIdle(Lcom/fsck/k9/mail/store/imap/ImapConnection;)V
05-24 23:10:27.079 17426 17446 D M_InsDal: Lcom/fsck/k9/mailstore/LocalStore$9;--->doDbWork(Landroid/database/sqlite/SQLiteDatabase;)Ljava/util/List;
05-24 23:10:27.079 17426 17452 D M_InsDal: Lcom/fsck/k9/mail/store/imap/ImapConnection;--->sendCommand(Ljava/lang/String;Z)Ljava/lang/String;
05-24 23:10:27.079 17426 17452 D M_InsDal: Lcom/fsck/k9/mail/store/imap/ImapConnection;--->open()V
05-24 23:10:27.079 17426 17446 D M_InsDal: Lcom/fsck/k9/helper/Utility;--->closeQuietly(Landroid/database/Cursor;)V
05-24 23:10:27.079 17426 17446 D M_InsDal: Lcom/fsck/k9/mailstore/LockableDatabase;--->unlockRead()V
05-24 23:10:27.079 17426 17446 D M_InsDal: Lcom/fsck/k9/mailstore/LockableDatabase;--->getStorageManager()Lcom/fsck/k9/mailstore/StorageManager;
05-24 23:10:27.079 17426 17446 D M_InsDal: Lcom/fsck/k9/mailstore/StorageManager;--->getInstance(Landroid/content/Context;)Lcom/fsck/k9/mailstore/StorageManager;
05-24 23:10:27.079 17426 17446 D M_InsDal: Lcom/fsck/k9/mailstore/StorageManager;--->unlockProvider(Ljava/lang/String;)V
05-24 23:10:27.079 17426 17446 D M_InsDal: Lcom/fsck/k9/mailstore/StorageManager;--->getProvider(Ljava/lang/String;)Lcom/fsck/k9/mailstore/StorageManager$StorageProvider;
05-24 23:10:27.079 17426 17446 D M_InsDal: Lcom/fsck/k9/Account;--->getLocalStore()Lcom/fsck/k9/mailstore/LocalStore;
05-24 23:10:27.079 17426 17446 D M_InsDal: Lcom/fsck/k9/mailstore/LocalStore;--->getInstance(Lcom/fsck/k9/Account;Landroid/content/Context;)Lcom/fsck/k9/mailstore/LocalStore;
05-24 23:10:27.079 17426 17446 D M_InsDal: Lcom/fsck/k9/Account;--->getUuid()Ljava/lang/String;
05-24 23:10:27.079 17426 17446 D M_InsDal: Lcom/fsck/k9/mailstore/LocalStore;--->getFolder(Ljava/lang/String;)Lcom/fsck/k9/mailstore/LocalFolder;
05-24 23:10:27.079 17426 17446 D M_InsDal: Lcom/fsck/k9/mailstore/LocalFolder;---><init>(Lcom/fsck/k9/mailstore/LocalStore;Ljava/lang/String;)V
05-24 23:10:27.079 17426 17446 D M_InsDal: Lcom/fsck/k9/mail/Folder;---><init>()V
05-24 23:10:27.079 17426 17446 D M_InsDal: Lcom/fsck/k9/mailstore/LocalStore;--->getAttachmentInfoExtractor()Lcom/fsck/k9/message/extractors/AttachmentInfoExtractor;
05-24 23:10:27.079 17426 17446 D M_InsDal: Lcom/fsck/k9/mailstore/LocalFolder;--->getAccount()Lcom/fsck/k9/Account;
05-24 23:10:27.079 17426 17446 D M_InsDal: Lcom/fsck/k9/mailstore/LocalStore;--->getAccount()Lcom/fsck/k9/Account;
05-24 23:10:27.079 17426 17446 D M_InsDal: Lcom/fsck/k9/Account;--->getInboxFolderName()Ljava/lang/String;
05-24 23:10:27.079 17426 17446 D M_InsDal: Lcom/fsck/k9/mailstore/LocalFolder;--->getName()Ljava/lang/String;
05-24 23:10:27.079 17426 17446 D M_InsDal: Lcom/fsck/k9/mailstore/LocalFolder;--->open(I)V
05-24 23:10:27.079 17426 17446 D M_InsDal: Lcom/fsck/k9/mailstore/LocalFolder;--->isOpen()Z
05-24 23:10:27.079 17426 17446 D M_InsDal: Lcom/fsck/k9/mailstore/LocalFolder;--->isOpen()Z
05-24 23:10:27.079 17426 17446 D M_InsDal: Lcom/fsck/k9/mailstore/LocalStore;--->getDatabase()Lcom/fsck/k9/mailstore/LockableDatabase;
05-24 23:10:27.079 17426 17446 D M_InsDal: Lcom/fsck/k9/mailstore/LocalFolder$1;---><init>(Lcom/fsck/k9/mailstore/LocalFolder;I)V
05-24 23:10:27.079 17426 17446 D M_InsDal: Lcom/fsck/k9/mailstore/LockableDatabase;--->execute(ZLcom/fsck/k9/mailstore/LockableDatabase$DbCallback;)Ljava/lang/Object;
05-24 23:10:27.079 17426 17446 D M_InsDal: Lcom/fsck/k9/mailstore/LockableDatabase;--->lockRead()V
05-24 23:10:27.079 17426 17446 D M_InsDal: Lcom/fsck/k9/mailstore/LockableDatabase;--->getStorageManager()Lcom/fsck/k9/mailstore/StorageManager;
05-24 23:10:27.079 17426 17446 D M_InsDal: Lcom/fsck/k9/mailstore/StorageManager;--->getInstance(Landroid/content/Context;)Lcom/fsck/k9/mailstore/StorageManager;
05-24 23:10:27.079 17426 17446 D M_InsDal: Lcom/fsck/k9/mailstore/StorageManager;--->lockProvider(Ljava/lang/String;)V
05-24 23:10:27.079 17426 17446 D M_InsDal: Lcom/fsck/k9/mailstore/StorageManager;--->getProvider(Ljava/lang/String;)Lcom/fsck/k9/mailstore/StorageManager$StorageProvider;
05-24 23:10:27.079 17426 17446 D M_InsDal: Lcom/fsck/k9/mailstore/StorageManager$InternalStorageProvider;--->isReady(Landroid/content/Context;)Z
05-24 23:10:27.079 17426 17446 D M_InsDal: Lcom/fsck/k9/K9;--->isDebug()Z
05-24 23:10:27.079 17426 17446 D M_InsDal: Lcom/fsck/k9/mailstore/LocalFolder$1;--->doDbWork(Landroid/database/sqlite/SQLiteDatabase;)Ljava/lang/Void;
05-24 23:10:27.079 17426 17452 D M_InsDal: Lcom/fsck/k9/mail/K9MailLib;--->isDebug()Z
05-24 23:10:27.079 17426 17452 D M_InsDal: Lcom/fsck/k9/K9$2;--->enabled()Z
05-24 23:10:27.079 17426 17452 D M_InsDal: Lcom/fsck/k9/mail/store/imap/ImapConnection;--->readStatusResponse(Ljava/lang/String;Ljava/lang/String;Lcom/fsck/k9/mail/store/imap/UntaggedHandler;)Ljava/util/List;
05-24 23:10:27.079 17426 17452 D M_InsDal: Lcom/fsck/k9/mail/store/imap/ImapConnection;--->getLogId()Ljava/lang/String;
05-24 23:10:27.079 17426 17452 D M_InsDal: Lcom/fsck/k9/mail/store/imap/ImapResponseParser;--->readStatusResponse(Ljava/lang/String;Ljava/lang/String;Ljava/lang/String;Lcom/fsck/k9/mail/store/imap/UntaggedHandler;)Ljava/util/List;
05-24 23:10:27.079 17426 17452 D M_InsDal: Lcom/fsck/k9/mail/store/imap/ImapResponseParser;--->readResponse()Lcom/fsck/k9/mail/store/imap/ImapResponse;
05-24 23:10:27.079 17426 17446 D M_InsDal: Lcom/fsck/k9/mailstore/LocalFolder;--->open(Landroid/database/Cursor;)V
05-24 23:10:27.079 17426 17452 D M_InsDal: Lcom/fsck/k9/mail/store/imap/ImapResponseParser;--->readResponse(Lcom/fsck/k9/mail/store/imap/ImapResponseCallback;)Lcom/fsck/k9/mail/store/imap/ImapResponse;
05-24 23:10:27.079 17426 17452 D M_InsDal: Lcom/fsck/k9/mail/filter/PeekableInputStream;--->peek()I
05-24 23:10:27.079 17426 17446 D M_InsDal: Lcom/fsck/k9/mail/Folder;--->setStatus(Ljava/lang/String;)V
05-24 23:10:27.079 17426 17446 D M_InsDal: Lcom/fsck/k9/mail/Folder;--->setLastChecked(J)V
05-24 23:10:27.079 17426 17446 D M_InsDal: Lcom/fsck/k9/mail/Folder;--->setLastPush(J)V
05-24 23:10:27.079 17426 17446 D M_InsDal: Lcom/fsck/k9/mail/Folder$FolderClass;--->valueOf(Ljava/lang/String;)Lcom/fsck/k9/mail/Folder$FolderClass;
05-24 23:10:27.079 17426 17446 D M_InsDal: Lcom/fsck/k9/mail/Folder$FolderClass;--->valueOf(Ljava/lang/String;)Lcom/fsck/k9/mail/Folder$FolderClass;
05-24 23:10:27.079 17426 17446 D M_InsDal: Lcom/fsck/k9/mailstore/LocalFolder$MoreMessages;--->fromDatabaseName(Ljava/lang/String;)Lcom/fsck/k9/mailstore/LocalFolder$MoreMessages;
05-24 23:10:27.079 17426 17446 D M_InsDal: Lcom/fsck/k9/mailstore/LocalFolder$MoreMessages;--->values()[Lcom/fsck/k9/mailstore/LocalFolder$MoreMessages;
05-24 23:10:27.079 17426 17446 D M_InsDal: Lcom/fsck/k9/helper/Utility;--->closeQuietly(Landroid/database/Cursor;)V
05-24 23:10:27.079 17426 17446 D M_InsDal: Lcom/fsck/k9/mailstore/LockableDatabase;--->unlockRead()V
05-24 23:10:27.079 17426 17446 D M_InsDal: Lcom/fsck/k9/mailstore/LockableDatabase;--->getStorageManager()Lcom/fsck/k9/mailstore/StorageManager;
05-24 23:10:27.079 17426 17446 D M_InsDal: Lcom/fsck/k9/mailstore/StorageManager;--->getInstance(Landroid/content/Context;)Lcom/fsck/k9/mailstore/StorageManager;
05-24 23:10:27.079 17426 17446 D M_InsDal: Lcom/fsck/k9/mailstore/StorageManager;--->unlockProvider(Ljava/lang/String;)V
05-24 23:10:27.079 17426 17446 D M_InsDal: Lcom/fsck/k9/mailstore/StorageManager;--->getProvider(Ljava/lang/String;)Lcom/fsck/k9/mailstore/StorageManager$StorageProvider;
05-24 23:10:27.079 17426 17446 D M_InsDal: Lcom/fsck/k9/mailstore/LocalFolder;--->updateLastUid()V
05-24 23:10:27.079 17426 17446 D M_InsDal: Lcom/fsck/k9/mailstore/LocalStore;--->getDatabase()Lcom/fsck/k9/mailstore/LockableDatabase;
05-24 23:10:27.079 17426 17446 D M_InsDal: Lcom/fsck/k9/mailstore/LocalFolder$26;---><init>(Lcom/fsck/k9/mailstore/LocalFolder;)V
05-24 23:10:27.079 17426 17446 D M_InsDal: Lcom/fsck/k9/mailstore/LockableDatabase;--->execute(ZLcom/fsck/k9/mailstore/LockableDatabase$DbCallback;)Ljava/lang/Object;
05-24 23:10:27.079 17426 17446 D M_InsDal: Lcom/fsck/k9/mailstore/LockableDatabase;--->lockRead()V
05-24 23:10:27.079 17426 17446 D M_InsDal: Lcom/fsck/k9/mailstore/LockableDatabase;--->getStorageManager()Lcom/fsck/k9/mailstore/StorageManager;
05-24 23:10:27.079 17426 17446 D M_InsDal: Lcom/fsck/k9/mailstore/StorageManager;--->getInstance(Landroid/content/Context;)Lcom/fsck/k9/mailstore/StorageManager;
05-24 23:10:27.079 17426 17446 D M_InsDal: Lcom/fsck/k9/mailstore/StorageManager;--->lockProvider(Ljava/lang/String;)V
05-24 23:10:27.079 17426 17446 D M_InsDal: Lcom/fsck/k9/mailstore/StorageManager;--->getProvider(Ljava/lang/String;)Lcom/fsck/k9/mailstore/StorageManager$StorageProvider;
05-24 23:10:27.079 17426 17446 D M_InsDal: Lcom/fsck/k9/mailstore/StorageManager$InternalStorageProvider;--->isReady(Landroid/content/Context;)Z
05-24 23:10:27.079 17426 17446 D M_InsDal: Lcom/fsck/k9/K9;--->isDebug()Z
05-24 23:10:27.079 17426 17446 D M_InsDal: Lcom/fsck/k9/mailstore/LocalFolder$26;--->doDbWork(Landroid/database/sqlite/SQLiteDatabase;)Ljava/lang/Integer;
05-24 23:10:27.079 17426 17446 D M_InsDal: Lcom/fsck/k9/mailstore/LocalFolder;--->open(I)V
05-24 23:10:27.079 17426 17446 D M_InsDal: Lcom/fsck/k9/mailstore/LocalFolder;--->isOpen()Z
05-24 23:10:27.079 17426 17446 D M_InsDal: Lcom/fsck/k9/mailstore/LocalFolder;--->getMode()I
05-24 23:10:27.079 17426 17446 D M_InsDal: Lcom/fsck/k9/helper/Utility;--->closeQuietly(Landroid/database/Cursor;)V
05-24 23:10:27.079 17426 17446 D M_InsDal: Lcom/fsck/k9/mailstore/LockableDatabase;--->unlockRead()V
05-24 23:10:27.079 17426 17446 D M_InsDal: Lcom/fsck/k9/mailstore/LockableDatabase;--->getStorageManager()Lcom/fsck/k9/mailstore/StorageManager;
05-24 23:10:27.079 17426 17446 D M_InsDal: Lcom/fsck/k9/mailstore/StorageManager;--->getInstance(Landroid/content/Context;)Lcom/fsck/k9/mailstore/StorageManager;
05-24 23:10:27.079 17426 17446 D M_InsDal: Lcom/fsck/k9/mailstore/StorageManager;--->unlockProvider(Ljava/lang/String;)V
05-24 23:10:27.079 17426 17446 D M_InsDal: Lcom/fsck/k9/mailstore/StorageManager;--->getProvider(Ljava/lang/String;)Lcom/fsck/k9/mailstore/StorageManager$StorageProvider;
05-24 23:10:27.079 17426 17446 D M_InsDal: Lcom/fsck/k9/mailstore/LocalFolder;--->getAllMessagesAndEffectiveDates()Ljava/util/Map;
05-24 23:10:27.079 17426 17446 D M_InsDal: Lcom/fsck/k9/mailstore/LocalStore;--->getDatabase()Lcom/fsck/k9/mailstore/LockableDatabase;
05-24 23:10:27.079 17426 17446 D M_InsDal: Lcom/fsck/k9/mailstore/LocalFolder$11;---><init>(Lcom/fsck/k9/mailstore/LocalFolder;)V
05-24 23:10:27.079 17426 17446 D M_InsDal: Lcom/fsck/k9/mailstore/LockableDatabase;--->execute(ZLcom/fsck/k9/mailstore/LockableDatabase$DbCallback;)Ljava/lang/Object;
05-24 23:10:27.079 17426 17446 D M_InsDal: Lcom/fsck/k9/mailstore/LockableDatabase;--->lockRead()V
05-24 23:10:27.079 17426 17446 D M_InsDal: Lcom/fsck/k9/mailstore/LockableDatabase;--->getStorageManager()Lcom/fsck/k9/mailstore/StorageManager;
05-24 23:10:27.079 17426 17446 D M_InsDal: Lcom/fsck/k9/mailstore/StorageManager;--->getInstance(Landroid/content/Context;)Lcom/fsck/k9/mailstore/StorageManager;
05-24 23:10:27.079 17426 17446 D M_InsDal: Lcom/fsck/k9/mailstore/StorageManager;--->lockProvider(Ljava/lang/String;)V
05-24 23:10:27.079 17426 17446 D M_InsDal: Lcom/fsck/k9/mailstore/StorageManager;--->getProvider(Ljava/lang/String;)Lcom/fsck/k9/mailstore/StorageManager$StorageProvider;
05-24 23:10:27.079 17426 17446 D M_InsDal: Lcom/fsck/k9/mailstore/StorageManager$InternalStorageProvider;--->isReady(Landroid/content/Context;)Z
05-24 23:10:27.079 17426 17446 D M_InsDal: Lcom/fsck/k9/K9;--->isDebug()Z
05-24 23:10:27.079 17426 17446 D M_InsDal: Lcom/fsck/k9/mailstore/LocalFolder$11;--->doDbWork(Landroid/database/sqlite/SQLiteDatabase;)Ljava/util/Map;
05-24 23:10:27.079 17426 17446 D M_InsDal: Lcom/fsck/k9/mailstore/LocalFolder;--->open(I)V
05-24 23:10:27.079 17426 17446 D M_InsDal: Lcom/fsck/k9/mailstore/LocalFolder;--->isOpen()Z
05-24 23:10:27.079 17426 17446 D M_InsDal: Lcom/fsck/k9/mailstore/LocalFolder;--->getMode()I
05-24 23:10:27.079 17426 17446 D M_InsDal: Lcom/fsck/k9/helper/Utility;--->closeQuietly(Landroid/database/Cursor;)V
05-24 23:10:27.079 17426 17446 D M_InsDal: Lcom/fsck/k9/mailstore/LockableDatabase;--->unlockRead()V
05-24 23:10:27.079 17426 17446 D M_InsDal: Lcom/fsck/k9/mailstore/LockableDatabase;--->getStorageManager()Lcom/fsck/k9/mailstore/StorageManager;
05-24 23:10:27.079 17426 17446 D M_InsDal: Lcom/fsck/k9/mailstore/StorageManager;--->getInstance(Landroid/content/Context;)Lcom/fsck/k9/mailstore/StorageManager;
05-24 23:10:27.079 17426 17446 D M_InsDal: Lcom/fsck/k9/mailstore/StorageManager;--->unlockProvider(Ljava/lang/String;)V
05-24 23:10:27.079 17426 17446 D M_InsDal: Lcom/fsck/k9/mailstore/StorageManager;--->getProvider(Ljava/lang/String;)Lcom/fsck/k9/mailstore/StorageManager$StorageProvider;
05-24 23:10:27.079 17426 17446 D M_InsDal: Lcom/fsck/k9/notification/NotificationController;--->clearAuthenticationErrorNotification(Lcom/fsck/k9/Account;Z)V
05-24 23:10:27.079 17426 17446 D M_InsDal: Lcom/fsck/k9/notification/AuthenticationErrorNotifications;--->clearAuthenticationErrorNotification(Lcom/fsck/k9/Account;Z)V
05-24 23:10:27.079 17426 17446 D M_InsDal: Lcom/fsck/k9/notification/NotificationIds;--->getAuthenticationErrorNotificationId(Lcom/fsck/k9/Account;Z)I
05-24 23:10:27.079 17426 17446 D M_InsDal: Lcom/fsck/k9/notification/NotificationIds;--->getBaseNotificationId(Lcom/fsck/k9/Account;)I
05-24 23:10:27.079 17426 17446 D M_InsDal: Lcom/fsck/k9/Account;--->getAccountNumber()I
05-24 23:10:27.079 17426 17446 D M_InsDal: Lcom/fsck/k9/notification/AuthenticationErrorNotifications;--->getNotificationManager()Landroid/support/v4/app/NotificationManagerCompat;
05-24 23:10:27.079 17426 17446 D M_InsDal: Lcom/fsck/k9/notification/NotificationController;--->getNotificationManager()Landroid/support/v4/app/NotificationManagerCompat;
05-24 23:10:27.080 17426 17446 D M_InsDal: Lcom/fsck/k9/mail/store/imap/ImapFolder;--->getMessageCount()I
05-24 23:10:27.080 17426 17446 D M_InsDal: Lcom/fsck/k9/mailstore/LocalFolder;--->getVisibleLimit()I
05-24 23:10:27.080 17426 17446 D M_InsDal: Lcom/fsck/k9/mailstore/LocalFolder;--->open(I)V
05-24 23:10:27.080 17426 17446 D M_InsDal: Lcom/fsck/k9/mailstore/LocalFolder;--->isOpen()Z
05-24 23:10:27.080 17426 17446 D M_InsDal: Lcom/fsck/k9/mailstore/LocalFolder;--->getMode()I
05-24 23:10:27.080 17426 17446 D M_InsDal: Lcom/fsck/k9/Account;--->getEarliestPollDate()Ljava/util/Date;
05-24 23:10:27.080 17426 17446 D M_InsDal: Lcom/fsck/k9/Account;--->getMaximumPolledMessageAge()I
05-24 23:10:27.080 17426 17446 D M_InsDal: Lcom/fsck/k9/mailstore/LocalFolder;--->getMoreMessages()Lcom/fsck/k9/mailstore/LocalFolder$MoreMessages;
05-24 23:10:27.080 17426 17446 D M_InsDal: Lcom/fsck/k9/Account;--->syncRemoteDeletions()Z
05-24 23:10:27.080 17426 17446 D M_InsDal: Lcom/fsck/k9/mailstore/LocalFolder;--->getMessagesByUids(Ljava/util/List;)Ljava/util/List;
05-24 23:10:27.080 17426 17446 D M_InsDal: Lcom/fsck/k9/mailstore/LocalFolder;--->open(I)V
05-24 23:10:27.080 17426 17446 D M_InsDal: Lcom/fsck/k9/mailstore/LocalFolder;--->isOpen()Z
05-24 23:10:27.080 17426 17446 D M_InsDal: Lcom/fsck/k9/mailstore/LocalFolder;--->getMode()I
05-24 23:10:27.080 17426 17446 D M_InsDal: Lcom/fsck/k9/controller/imap/ImapSync;--->downloadMessages(Lcom/fsck/k9/Account;Lcom/fsck/k9/mail/Folder;Lcom/fsck/k9/mailstore/LocalFolder;Ljava/util/List;ZZ)I
05-24 23:10:27.080 17426 17446 D M_InsDal: Lcom/fsck/k9/Account;--->getEarliestPollDate()Ljava/util/Date;
05-24 23:10:27.080 17426 17446 D M_InsDal: Lcom/fsck/k9/Account;--->getMaximumPolledMessageAge()I
05-24 23:10:27.080 17426 17446 D M_InsDal: Lcom/fsck/k9/mail/store/imap/ImapFolder;--->getName()Ljava/lang/String;
05-24 23:10:27.080 17426 17446 D M_InsDal: Lcom/fsck/k9/Account;--->getStats(Landroid/content/Context;)Lcom/fsck/k9/AccountStats;
05-24 23:10:27.080 17426 17446 D M_InsDal: Lcom/fsck/k9/Account;--->isAvailable(Landroid/content/Context;)Z
05-24 23:10:27.080 17426 17446 D M_InsDal: Lcom/fsck/k9/Account;--->getLocalStorageProviderId()Ljava/lang/String;
05-24 23:10:27.080 17426 17446 D M_InsDal: Lcom/fsck/k9/mailstore/StorageManager;--->getInstance(Landroid/content/Context;)Lcom/fsck/k9/mailstore/StorageManager;
05-24 23:10:27.080 17426 17446 D M_InsDal: Lcom/fsck/k9/mailstore/StorageManager;--->isReady(Ljava/lang/String;)Z
05-24 23:10:27.080 17426 17446 D M_InsDal: Lcom/fsck/k9/mailstore/StorageManager;--->getProvider(Ljava/lang/String;)Lcom/fsck/k9/mailstore/StorageManager$StorageProvider;
05-24 23:10:27.080 17426 17446 D M_InsDal: Lcom/fsck/k9/mailstore/StorageManager$InternalStorageProvider;--->isReady(Landroid/content/Context;)Z
05-24 23:10:27.080 17426 17446 D M_InsDal: Lcom/fsck/k9/AccountStats;---><init>()V
05-24 23:10:27.080 17426 17446 D M_InsDal: Lcom/fsck/k9/Account;--->getUuid()Ljava/lang/String;
05-24 23:10:27.080 17426 17446 D M_InsDal: Lcom/fsck/k9/search/LocalSearch;---><init>()V
05-24 23:10:27.080 17426 17446 D M_InsDal: Lcom/fsck/k9/Account;--->excludeSpecialFolders(Lcom/fsck/k9/search/LocalSearch;)V
05-24 23:10:27.080 17426 17446 D M_InsDal: Lcom/fsck/k9/Account;--->getTrashFolderName()Ljava/lang/String;
05-24 23:10:27.080 17426 17446 D M_InsDal: Lcom/fsck/k9/Account;--->excludeSpecialFolder(Lcom/fsck/k9/search/LocalSearch;Ljava/lang/String;)V
05-24 23:10:27.080 17426 17446 D M_InsDal: Lcom/fsck/k9/search/LocalSearch;--->and(Lcom/fsck/k9/search/SearchSpecification$SearchField;Ljava/lang/String;Lcom/fsck/k9/search/SearchSpecification$Attribute;)V
05-24 23:10:27.080 17426 17446 D M_InsDal: Lcom/fsck/k9/search/SearchSpecification$SearchCondition;---><init>(Lcom/fsck/k9/search/SearchSpecification$SearchField;Lcom/fsck/k9/search/SearchSpecification$Attribute;Ljava/lang/String;)V
05-24 23:10:27.080 17426 17446 D M_InsDal: Lcom/fsck/k9/search/LocalSearch;--->and(Lcom/fsck/k9/search/SearchSpecification$SearchCondition;)Lcom/fsck/k9/search/ConditionsTreeNode;
05-24 23:10:27.080 17426 17446 D M_InsDal: Lcom/fsck/k9/search/ConditionsTreeNode;---><init>(Lcom/fsck/k9/search/SearchSpecification$SearchCondition;)V
05-24 23:10:27.080 17426 17446 D M_InsDal: Lcom/fsck/k9/search/LocalSearch;--->and(Lcom/fsck/k9/search/ConditionsTreeNode;)Lcom/fsck/k9/search/ConditionsTreeNode;
05-24 23:10:27.080 17426 17446 D M_InsDal: Lcom/fsck/k9/search/ConditionsTreeNode;--->getLeafSet()Ljava/util/Set;
05-24 23:10:27.080 17426 17446 D M_InsDal: Lcom/fsck/k9/search/ConditionsTreeNode;--->getLeafSet(Ljava/util/Set;)Ljava/util/Set;
05-24 23:10:27.080 17426 17446 D M_InsDal: Lcom/fsck/k9/Account;--->getDraftsFolderName()Ljava/lang/String;
05-24 23:10:27.080 17426 17446 D M_InsDal: Lcom/fsck/k9/Account;--->excludeSpecialFolder(Lcom/fsck/k9/search/LocalSearch;Ljava/lang/String;)V
05-24 23:10:27.080 17426 17446 D M_InsDal: Lcom/fsck/k9/search/LocalSearch;--->and(Lcom/fsck/k9/search/SearchSpecification$SearchField;Ljava/lang/String;Lcom/fsck/k9/search/SearchSpecification$Attribute;)V
05-24 23:10:27.080 17426 17446 D M_InsDal: Lcom/fsck/k9/search/SearchSpecification$SearchCondition;---><init>(Lcom/fsck/k9/search/SearchSpecification$SearchField;Lcom/fsck/k9/search/SearchSpecification$Attribute;Ljava/lang/String;)V
05-24 23:10:27.080 17426 17446 D M_InsDal: Lcom/fsck/k9/search/LocalSearch;--->and(Lcom/fsck/k9/search/SearchSpecification$SearchCondition;)Lcom/fsck/k9/search/ConditionsTreeNode;
05-24 23:10:27.080 17426 17446 D M_InsDal: Lcom/fsck/k9/search/ConditionsTreeNode;---><init>(Lcom/fsck/k9/search/SearchSpecification$SearchCondition;)V
05-24 23:10:27.080 17426 17446 D M_InsDal: Lcom/fsck/k9/search/LocalSearch;--->and(Lcom/fsck/k9/search/ConditionsTreeNode;)Lcom/fsck/k9/search/ConditionsTreeNode;
05-24 23:10:27.080 17426 17446 D M_InsDal: Lcom/fsck/k9/search/ConditionsTreeNode;--->getLeafSet()Ljava/util/Set;
05-24 23:10:27.080 17426 17446 D M_InsDal: Lcom/fsck/k9/search/ConditionsTreeNode;--->getLeafSet(Ljava/util/Set;)Ljava/util/Set;
05-24 23:10:27.080 17426 17446 D M_InsDal: Lcom/fsck/k9/search/ConditionsTreeNode;--->and(Lcom/fsck/k9/search/ConditionsTreeNode;)Lcom/fsck/k9/search/ConditionsTreeNode;
05-24 23:10:27.080 17426 17446 D M_InsDal: Lcom/fsck/k9/search/ConditionsTreeNode;--->add(Lcom/fsck/k9/search/ConditionsTreeNode;Lcom/fsck/k9/search/ConditionsTreeNode$Operator;)Lcom/fsck/k9/search/ConditionsTreeNode;
05-24 23:10:27.080 17426 17446 D M_InsDal: Lcom/fsck/k9/search/ConditionsTreeNode;---><init>(Lcom/fsck/k9/search/ConditionsTreeNode;Lcom/fsck/k9/search/ConditionsTreeNode$Operator;)V
05-24 23:10:27.080 17426 17446 D M_InsDal: Lcom/fsck/k9/Account;--->getSpamFolderName()Ljava/lang/String;
05-24 23:10:27.080 17426 17446 D M_InsDal: Lcom/fsck/k9/Account;--->excludeSpecialFolder(Lcom/fsck/k9/search/LocalSearch;Ljava/lang/String;)V
05-24 23:10:27.080 17426 17446 D M_InsDal: Lcom/fsck/k9/search/LocalSearch;--->and(Lcom/fsck/k9/search/SearchSpecification$SearchField;Ljava/lang/String;Lcom/fsck/k9/search/SearchSpecification$Attribute;)V
05-24 23:10:27.080 17426 17446 D M_InsDal: Lcom/fsck/k9/search/SearchSpecification$SearchCondition;---><init>(Lcom/fsck/k9/search/SearchSpecification$SearchField;Lcom/fsck/k9/search/SearchSpecification$Attribute;Ljava/lang/String;)V
05-24 23:10:27.080 17426 17446 D M_InsDal: Lcom/fsck/k9/search/LocalSearch;--->and(Lcom/fsck/k9/search/SearchSpecification$SearchCondition;)Lcom/fsck/k9/search/ConditionsTreeNode;
05-24 23:10:27.080 17426 17446 D M_InsDal: Lcom/fsck/k9/search/ConditionsTreeNode;---><init>(Lcom/fsck/k9/search/SearchSpecification$SearchCondition;)V
05-24 23:10:27.080 17426 17446 D M_InsDal: Lcom/fsck/k9/search/LocalSearch;--->and(Lcom/fsck/k9/search/ConditionsTreeNode;)Lcom/fsck/k9/search/ConditionsTreeNode;
05-24 23:10:27.080 17426 17446 D M_InsDal: Lcom/fsck/k9/search/ConditionsTreeNode;--->getLeafSet()Ljava/util/Set;
05-24 23:10:27.080 17426 17446 D M_InsDal: Lcom/fsck/k9/search/ConditionsTreeNode;--->getLeafSet(Ljava/util/Set;)Ljava/util/Set;
05-24 23:10:27.080 17426 17446 D M_InsDal: Lcom/fsck/k9/search/ConditionsTreeNode;--->and(Lcom/fsck/k9/search/ConditionsTreeNode;)Lcom/fsck/k9/search/ConditionsTreeNode;
