05-24 23:11:03.399 17571 17591 D M_InsDal: Lcom/fsck/k9/controller/imap/ImapSync$1;---><init>(Lcom/fsck/k9/controller/imap/ImapSync;Lcom/fsck/k9/Account;Ljava/lang/String;)V
05-24 23:11:03.399 17571 17591 D M_InsDal: Lcom/fsck/k9/mailstore/LocalFolder;--->purgeToVisibleLimit(Lcom/fsck/k9/mailstore/MessageRemovalListener;)V
05-24 23:11:03.399 17571 17591 D M_InsDal: Lcom/fsck/k9/activity/Search;---><clinit>()V
05-24 23:11:03.400 17571 17591 D M_InsDal: Lcom/fsck/k9/activity/Search;--->isActive()Z
05-24 23:11:03.400 17571 17591 D M_InsDal: Lcom/fsck/k9/mailstore/LocalFolder;--->open(I)V
05-24 23:11:03.400 17571 17591 D M_InsDal: Lcom/fsck/k9/mailstore/LocalFolder;--->isOpen()Z
05-24 23:11:03.400 17571 17591 D M_InsDal: Lcom/fsck/k9/mailstore/LocalFolder;--->getMode()I
05-24 23:11:03.400 17571 17591 D M_InsDal: Lcom/fsck/k9/mailstore/LocalStore;--->getDatabase()Lcom/fsck/k9/mailstore/LockableDatabase;
05-24 23:11:03.400 17571 17591 D M_InsDal: Lcom/fsck/k9/mailstore/LocalFolder$6;---><init>(Lcom/fsck/k9/mailstore/LocalFolder;Lcom/fsck/k9/mailstore/MessageRemovalListener;)V
05-24 23:11:03.400 17571 17591 D M_InsDal: Lcom/fsck/k9/mailstore/LockableDatabase;--->execute(ZLcom/fsck/k9/mailstore/LockableDatabase$DbCallback;)Ljava/lang/Object;
05-24 23:11:03.400 17571 17591 D M_InsDal: Lcom/fsck/k9/mailstore/LockableDatabase;--->lockRead()V
05-24 23:11:03.400 17571 17591 D M_InsDal: Lcom/fsck/k9/mailstore/LockableDatabase;--->getStorageManager()Lcom/fsck/k9/mailstore/StorageManager;
05-24 23:11:03.400 17571 17591 D M_InsDal: Lcom/fsck/k9/mailstore/StorageManager;--->getInstance(Landroid/content/Context;)Lcom/fsck/k9/mailstore/StorageManager;
05-24 23:11:03.400 17571 17591 D M_InsDal: Lcom/fsck/k9/mailstore/StorageManager;--->lockProvider(Ljava/lang/String;)V
05-24 23:11:03.400 17571 17591 D M_InsDal: Lcom/fsck/k9/mailstore/StorageManager;--->getProvider(Ljava/lang/String;)Lcom/fsck/k9/mailstore/StorageManager$StorageProvider;
05-24 23:11:03.400 17571 17591 D M_InsDal: Lcom/fsck/k9/mailstore/StorageManager$InternalStorageProvider;--->isReady(Landroid/content/Context;)Z
05-24 23:11:03.400 17571 17591 D M_InsDal: Lcom/fsck/k9/K9;--->isDebug()Z
05-24 23:11:03.400 17571 17591 D M_InsDal: Lcom/fsck/k9/mailstore/LocalFolder$6;--->doDbWork(Landroid/database/sqlite/SQLiteDatabase;)Ljava/lang/Void;
05-24 23:11:03.400 17571 17591 D M_InsDal: Lcom/fsck/k9/mailstore/LocalFolder;--->getDatabaseId()J
05-24 23:11:03.400 17571 17591 D M_InsDal: Lcom/fsck/k9/helper/Utility;--->closeQuietly(Landroid/database/Cursor;)V
05-24 23:11:03.400 17571 17591 D M_InsDal: Lcom/fsck/k9/mailstore/LockableDatabase;--->unlockRead()V
05-24 23:11:03.400 17571 17591 D M_InsDal: Lcom/fsck/k9/mailstore/LockableDatabase;--->getStorageManager()Lcom/fsck/k9/mailstore/StorageManager;
05-24 23:11:03.400 17571 17591 D M_InsDal: Lcom/fsck/k9/mailstore/StorageManager;--->getInstance(Landroid/content/Context;)Lcom/fsck/k9/mailstore/StorageManager;
05-24 23:11:03.400 17571 17591 D M_InsDal: Lcom/fsck/k9/mailstore/StorageManager;--->unlockProvider(Ljava/lang/String;)V
05-24 23:11:03.400 17571 17591 D M_InsDal: Lcom/fsck/k9/mailstore/StorageManager;--->getProvider(Ljava/lang/String;)Lcom/fsck/k9/mailstore/StorageManager$StorageProvider;
05-24 23:11:03.400 17571 17591 D M_InsDal: Lcom/fsck/k9/mailstore/LocalFolder;--->getUnreadMessageCount()I
05-24 23:11:03.400 17571 17591 D M_InsDal: Lcom/fsck/k9/mailstore/LocalStore;--->getDatabase()Lcom/fsck/k9/mailstore/LockableDatabase;
05-24 23:11:03.400 17571 17591 D M_InsDal: Lcom/fsck/k9/mailstore/LocalFolder$4;---><init>(Lcom/fsck/k9/mailstore/LocalFolder;)V
05-24 23:11:03.400 17571 17591 D M_InsDal: Lcom/fsck/k9/mailstore/LockableDatabase;--->execute(ZLcom/fsck/k9/mailstore/LockableDatabase$DbCallback;)Ljava/lang/Object;
05-24 23:11:03.400 17571 17591 D M_InsDal: Lcom/fsck/k9/mailstore/LockableDatabase;--->lockRead()V
05-24 23:11:03.400 17571 17591 D M_InsDal: Lcom/fsck/k9/mailstore/LockableDatabase;--->getStorageManager()Lcom/fsck/k9/mailstore/StorageManager;
05-24 23:11:03.400 17571 17591 D M_InsDal: Lcom/fsck/k9/mailstore/StorageManager;--->getInstance(Landroid/content/Context;)Lcom/fsck/k9/mailstore/StorageManager;
05-24 23:11:03.400 17571 17591 D M_InsDal: Lcom/fsck/k9/mailstore/StorageManager;--->lockProvider(Ljava/lang/String;)V
05-24 23:11:03.400 17571 17591 D M_InsDal: Lcom/fsck/k9/mailstore/StorageManager;--->getProvider(Ljava/lang/String;)Lcom/fsck/k9/mailstore/StorageManager$StorageProvider;
05-24 23:11:03.400 17571 17591 D M_InsDal: Lcom/fsck/k9/mailstore/StorageManager$InternalStorageProvider;--->isReady(Landroid/content/Context;)Z
05-24 23:11:03.400 17571 17591 D M_InsDal: Lcom/fsck/k9/K9;--->isDebug()Z
05-24 23:11:03.400 17571 17591 D M_InsDal: Lcom/fsck/k9/mailstore/LocalFolder$4;--->doDbWork(Landroid/database/sqlite/SQLiteDatabase;)Ljava/lang/Integer;
05-24 23:11:03.400 17571 17591 D M_InsDal: Lcom/fsck/k9/mailstore/LockableDatabase;--->unlockRead()V
05-24 23:11:03.400 17571 17591 D M_InsDal: Lcom/fsck/k9/mailstore/LockableDatabase;--->getStorageManager()Lcom/fsck/k9/mailstore/StorageManager;
05-24 23:11:03.400 17571 17591 D M_InsDal: Lcom/fsck/k9/mailstore/StorageManager;--->getInstance(Landroid/content/Context;)Lcom/fsck/k9/mailstore/StorageManager;
05-24 23:11:03.400 17571 17591 D M_InsDal: Lcom/fsck/k9/mailstore/StorageManager;--->unlockProvider(Ljava/lang/String;)V
05-24 23:11:03.400 17571 17591 D M_InsDal: Lcom/fsck/k9/mailstore/StorageManager;--->getProvider(Ljava/lang/String;)Lcom/fsck/k9/mailstore/StorageManager$StorageProvider;
05-24 23:11:03.400 17571 17597 D M_InsDal: Lcom/fsck/k9/mail/store/imap/ImapResponseParser;--->readTaggedResponse(Lcom/fsck/k9/mail/store/imap/ImapResponseCallback;)V
05-24 23:11:03.400 17571 17597 D M_InsDal: Lcom/fsck/k9/mail/store/imap/ImapResponseParser;--->parseTaggedResponse()Ljava/lang/String;
05-24 23:11:03.400 17571 17591 D M_InsDal: Lcom/fsck/k9/controller/imap/ImapSync;--->getListeners()Ljava/util/Set;
05-24 23:11:03.400 17571 17591 D M_InsDal: Lcom/fsck/k9/controller/MessagingController;--->getListeners()Ljava/util/Set;
05-24 23:11:03.400 17571 17597 D M_InsDal: Lcom/fsck/k9/mail/store/imap/ImapResponseParser;--->readStringUntil(C)Ljava/lang/String;
05-24 23:11:03.400 17571 17597 D M_InsDal: Lcom/fsck/k9/mail/filter/PeekableInputStream;--->read()I
05-24 23:11:03.400 17571 17597 D M_InsDal: Lcom/fsck/k9/mail/filter/PeekableInputStream;--->read()I
05-24 23:11:03.400 17571 17597 D M_InsDal: Lcom/fsck/k9/mail/store/imap/ImapResponse;--->newTaggedResponse(Lcom/fsck/k9/mail/store/imap/ImapResponseCallback;Ljava/lang/String;)Lcom/fsck/k9/mail/store/imap/ImapResponse;
05-24 23:11:03.400 17571 17597 D M_InsDal: Lcom/fsck/k9/mail/store/imap/ImapResponse;---><init>(Lcom/fsck/k9/mail/store/imap/ImapResponseCallback;ZLjava/lang/String;)V
05-24 23:11:03.400 17571 17591 D M_InsDal: Lcom/fsck/k9/controller/SimpleMessagingListener;--->folderStatusChanged(Lcom/fsck/k9/Account;Ljava/lang/String;I)V
05-24 23:11:03.400 17571 17597 D M_InsDal: Lcom/fsck/k9/mail/store/imap/ImapList;---><init>()V
05-24 23:11:03.400 17571 17597 D M_InsDal: Lcom/fsck/k9/mail/store/imap/ImapResponseParser;--->readTokens(Lcom/fsck/k9/mail/store/imap/ImapResponse;)V
05-24 23:11:03.400 17571 17591 D M_InsDal: Lcom/fsck/k9/K9$3;--->folderStatusChanged(Lcom/fsck/k9/Account;Ljava/lang/String;I)V
05-24 23:11:03.400 17571 17597 D M_InsDal: Lcom/fsck/k9/mail/store/imap/ImapResponseParser;--->readToken(Lcom/fsck/k9/mail/store/imap/ImapResponse;)Ljava/lang/Object;
05-24 23:11:03.400 17571 17597 D M_InsDal: Lcom/fsck/k9/mail/store/imap/ImapResponseParser;--->parseToken(Lcom/fsck/k9/mail/store/imap/ImapList;)Ljava/lang/Object;
05-24 23:11:03.400 17571 17597 D M_InsDal: Lcom/fsck/k9/mail/filter/PeekableInputStream;--->peek()I
05-24 23:11:03.400 17571 17591 D M_InsDal: Lcom/fsck/k9/K9$3;--->updateUnreadWidget()V
05-24 23:11:03.400 17571 17597 D M_InsDal: Lcom/fsck/k9/mail/store/imap/ImapResponseParser;--->parseBareString(Z)Ljava/lang/String;
05-24 23:11:03.400 17571 17597 D M_InsDal: Lcom/fsck/k9/mail/filter/PeekableInputStream;--->peek()I
05-24 23:11:03.400 17571 17597 D M_InsDal: Lcom/fsck/k9/mail/filter/PeekableInputStream;--->read()I
05-24 23:11:03.400 17571 17597 D M_InsDal: Lcom/fsck/k9/mail/filter/PeekableInputStream;--->peek()I
05-24 23:11:03.400 17571 17597 D M_InsDal: Lcom/fsck/k9/mail/filter/PeekableInputStream;--->read()I
05-24 23:11:03.400 17571 17597 D M_InsDal: Lcom/fsck/k9/mail/filter/PeekableInputStream;--->peek()I
05-24 23:11:03.400 17571 17597 D M_InsDal: Lcom/fsck/k9/mail/store/imap/ImapResponseParser;--->checkTokenIsString(Ljava/lang/Object;)V
05-24 23:11:03.400 17571 17597 D M_InsDal: Lcom/fsck/k9/mail/store/imap/ImapResponseParser;--->isStatusResponse(Ljava/lang/String;)Z
05-24 23:11:03.400 17571 17597 D M_InsDal: Lcom/fsck/k9/mail/store/imap/ImapResponseParser;--->parseResponseText(Lcom/fsck/k9/mail/store/imap/ImapResponse;)V
05-24 23:11:03.400 17571 17597 D M_InsDal: Lcom/fsck/k9/mail/store/imap/ImapResponseParser;--->skipIfSpace()V
05-24 23:11:03.400 17571 17597 D M_InsDal: Lcom/fsck/k9/mail/filter/PeekableInputStream;--->peek()I
05-24 23:11:03.400 17571 17597 D M_InsDal: Lcom/fsck/k9/mail/store/imap/ImapResponseParser;--->expect(C)V
05-24 23:11:03.401 17571 17597 D M_InsDal: Lcom/fsck/k9/mail/filter/PeekableInputStream;--->read()I
05-24 23:11:03.401 17571 17597 D M_InsDal: Lcom/fsck/k9/mail/filter/PeekableInputStream;--->peek()I
05-24 23:11:03.401 17571 17597 D M_InsDal: Lcom/fsck/k9/mail/store/imap/ImapResponseParser;--->readStringUntilEndOfLine()Ljava/lang/String;
05-24 23:11:03.401 17571 17597 D M_InsDal: Lcom/fsck/k9/mail/store/imap/ImapResponseParser;--->readStringUntil(C)Ljava/lang/String;
05-24 23:11:03.401 17571 17597 D M_InsDal: Lcom/fsck/k9/mail/filter/PeekableInputStream;--->read()I
05-24 23:11:03.401 17571 17597 D M_InsDal: Lcom/fsck/k9/mail/filter/PeekableInputStream;--->read()I
05-24 23:11:03.401 17571 17597 D M_InsDal: Lcom/fsck/k9/mail/store/imap/ImapResponseParser;--->expect(C)V
05-24 23:11:03.401 17571 17597 D M_InsDal: Lcom/fsck/k9/mail/filter/PeekableInputStream;--->read()I
05-24 23:11:03.401 17571 17597 D M_InsDal: Lcom/fsck/k9/mail/K9MailLib;--->isDebug()Z
05-24 23:11:03.401 17571 17597 D M_InsDal: Lcom/fsck/k9/K9$2;--->enabled()Z
05-24 23:11:03.401 17571 17597 D M_InsDal: Lcom/fsck/k9/mail/store/imap/ImapResponse;--->getTag()Ljava/lang/String;
05-24 23:11:03.401 17571 17597 D M_InsDal: Lcom/fsck/k9/mail/store/imap/ImapResponse;--->getTag()Ljava/lang/String;
05-24 23:11:03.401 17571 17591 D M_InsDal: Lcom/fsck/k9/provider/UnreadWidgetProvider;--->updateUnreadCount(Landroid/content/Context;)V
05-24 23:11:03.401 17571 17597 D M_InsDal: Lcom/fsck/k9/mail/store/imap/ImapResponse;--->getTag()Ljava/lang/String;
05-24 23:11:03.401 17571 17597 D M_InsDal: Lcom/fsck/k9/mail/store/imap/ImapResponseParser;--->equalsIgnoreCase(Ljava/lang/Object;Ljava/lang/String;)Z
05-24 23:11:03.401 17571 17597 D M_InsDal: Lcom/fsck/k9/mail/store/imap/ImapConnection;--->setUpStreamsAndParser(Ljava/io/InputStream;Ljava/io/OutputStream;)V
05-24 23:11:03.401 17571 17597 D M_InsDal: Lcom/fsck/k9/mail/filter/PeekableInputStream;---><init>(Ljava/io/InputStream;)V
05-24 23:11:03.401 17571 17597 D M_InsDal: Lcom/fsck/k9/mail/store/imap/ImapResponseParser;---><init>(Lcom/fsck/k9/mail/filter/PeekableInputStream;)V
05-24 23:11:03.401 17571 17597 D M_InsDal: Lcom/fsck/k9/mail/K9MailLib;--->isDebug()Z
05-24 23:11:03.401 17571 17597 D M_InsDal: Lcom/fsck/k9/K9$2;--->enabled()Z
05-24 23:11:03.401 17571 17597 D M_InsDal: Lcom/fsck/k9/mail/store/imap/ImapConnection;--->retrievePathPrefixIfNecessary()V
05-24 23:11:03.401 17571 17597 D M_InsDal: Lcom/fsck/k9/mail/store/imap/ImapStore$StoreImapSettings;--->getPathPrefix()Ljava/lang/String;
05-24 23:11:03.401 17571 17597 D M_InsDal: Lcom/fsck/k9/mail/store/imap/ImapConnection;--->retrievePathDelimiterIfNecessary()V
05-24 23:11:03.401 17571 17597 D M_InsDal: Lcom/fsck/k9/mail/store/imap/ImapStore$StoreImapSettings;--->getPathDelimiter()Ljava/lang/String;
05-24 23:11:03.401 17571 17597 D M_InsDal: Lcom/fsck/k9/mail/K9MailLib;--->isDebug()Z
05-24 23:11:03.401 17571 17597 D M_InsDal: Lcom/fsck/k9/K9$2;--->enabled()Z
05-24 23:11:03.401 17571 17597 D M_InsDal: Lcom/fsck/k9/mail/store/imap/ImapConnection;--->getLogId()Ljava/lang/String;
05-24 23:11:03.401 17571 17597 D M_InsDal: Lcom/fsck/k9/mail/store/imap/ImapResponseParser;--->readStatusResponse(Ljava/lang/String;Ljava/lang/String;Ljava/lang/String;Lcom/fsck/k9/mail/store/imap/UntaggedHandler;)Ljava/util/List;
05-24 23:11:03.401 17571 17597 D M_InsDal: Lcom/fsck/k9/mail/store/imap/ImapResponseParser;--->readResponse()Lcom/fsck/k9/mail/store/imap/ImapResponse;
05-24 23:11:03.401 17571 17597 D M_InsDal: Lcom/fsck/k9/mail/store/imap/ImapResponseParser;--->readResponse(Lcom/fsck/k9/mail/store/imap/ImapResponseCallback;)Lcom/fsck/k9/mail/store/imap/ImapResponse;
05-24 23:11:03.401 17571 17597 D M_InsDal: Lcom/fsck/k9/mail/filter/PeekableInputStream;--->peek()I
05-24 23:11:03.402 17571 17591 D M_InsDal: Lcom/fsck/k9/K9$3;--->updateMailListWidget()V
05-24 23:11:03.402 17571 17591 D M_InsDal: Lcom/fsck/k9/widget/list/MessageListWidgetProvider;--->triggerMessageListWidgetUpdate(Landroid/content/Context;)V
05-24 23:11:03.402 17571 17571 D M_InsDal: Lcom/fsck/k9/provider/UnreadWidgetProvider;---><init>()V
05-24 23:11:03.402 17571 17591 D M_InsDal: Lcom/fsck/k9/Account;--->getDescription()Ljava/lang/String;
05-24 23:11:03.403 17571 17571 D M_InsDal: Lcom/fsck/k9/widget/list/MessageListWidgetProvider;---><init>()V
05-24 23:11:03.403 17571 17571 D M_InsDal: Lcom/fsck/k9/widget/list/MessageListWidgetProvider;--->onReceive(Landroid/content/Context;Landroid/content/Intent;)V
05-24 23:11:03.403 17571 17591 D M_InsDal: Lcom/fsck/k9/provider/MessageProvider$1$1;--->folderStatusChanged(Lcom/fsck/k9/Account;Ljava/lang/String;I)V
05-24 23:11:03.403 17571 17591 D M_InsDal: Lcom/fsck/k9/mailstore/LocalFolder;--->setLastChecked(J)V
05-24 23:11:03.403 17571 17591 D M_InsDal: Lcom/fsck/k9/mailstore/LocalFolder;--->open(I)V
05-24 23:11:03.403 17571 17591 D M_InsDal: Lcom/fsck/k9/mailstore/LocalFolder;--->isOpen()Z
05-24 23:11:03.403 17571 17591 D M_InsDal: Lcom/fsck/k9/mailstore/LocalFolder;--->getMode()I
05-24 23:11:03.403 17571 17591 D M_InsDal: Lcom/fsck/k9/mail/Folder;--->setLastChecked(J)V
05-24 23:11:03.403 17571 17591 D M_InsDal: Lcom/fsck/k9/mailstore/LocalFolder;--->updateFolderColumn(Ljava/lang/String;Ljava/lang/Object;)V
05-24 23:11:03.403 17571 17591 D M_InsDal: Lcom/fsck/k9/mailstore/LocalStore;--->getDatabase()Lcom/fsck/k9/mailstore/LockableDatabase;
05-24 23:11:03.403 17571 17591 D M_InsDal: Lcom/fsck/k9/mailstore/LocalFolder$7;---><init>(Lcom/fsck/k9/mailstore/LocalFolder;Ljava/lang/String;Ljava/lang/Object;)V
05-24 23:11:03.403 17571 17591 D M_InsDal: Lcom/fsck/k9/mailstore/LockableDatabase;--->execute(ZLcom/fsck/k9/mailstore/LockableDatabase$DbCallback;)Ljava/lang/Object;
05-24 23:11:03.403 17571 17591 D M_InsDal: Lcom/fsck/k9/mailstore/LockableDatabase;--->lockRead()V
05-24 23:11:03.403 17571 17591 D M_InsDal: Lcom/fsck/k9/mailstore/LockableDatabase;--->getStorageManager()Lcom/fsck/k9/mailstore/StorageManager;
05-24 23:11:03.403 17571 17591 D M_InsDal: Lcom/fsck/k9/mailstore/StorageManager;--->getInstance(Landroid/content/Context;)Lcom/fsck/k9/mailstore/StorageManager;
05-24 23:11:03.403 17571 17591 D M_InsDal: Lcom/fsck/k9/mailstore/StorageManager;--->lockProvider(Ljava/lang/String;)V
05-24 23:11:03.403 17571 17591 D M_InsDal: Lcom/fsck/k9/mailstore/StorageManager;--->getProvider(Ljava/lang/String;)Lcom/fsck/k9/mailstore/StorageManager$StorageProvider;
05-24 23:11:03.403 17571 17591 D M_InsDal: Lcom/fsck/k9/mailstore/StorageManager$InternalStorageProvider;--->isReady(Landroid/content/Context;)Z
05-24 23:11:03.403 17571 17591 D M_InsDal: Lcom/fsck/k9/K9;--->isDebug()Z
05-24 23:11:03.403 17571 17591 D M_InsDal: Lcom/fsck/k9/mailstore/LocalFolder$7;--->doDbWork(Landroid/database/sqlite/SQLiteDatabase;)Ljava/lang/Void;
05-24 23:11:03.403 17571 17591 D M_InsDal: Lcom/fsck/k9/mailstore/LocalFolder;--->open(I)V
05-24 23:11:03.403 17571 17591 D M_InsDal: Lcom/fsck/k9/mailstore/LocalFolder;--->isOpen()Z
05-24 23:11:03.403 17571 17591 D M_InsDal: Lcom/fsck/k9/mailstore/LocalFolder;--->getMode()I
05-24 23:11:03.403 17571 17591 D M_InsDal: Lcom/fsck/k9/mailstore/LockableDatabase;--->unlockRead()V
05-24 23:11:03.403 17571 17591 D M_InsDal: Lcom/fsck/k9/mailstore/LockableDatabase;--->getStorageManager()Lcom/fsck/k9/mailstore/StorageManager;
05-24 23:11:03.403 17571 17591 D M_InsDal: Lcom/fsck/k9/mailstore/StorageManager;--->getInstance(Landroid/content/Context;)Lcom/fsck/k9/mailstore/StorageManager;
05-24 23:11:03.403 17571 17591 D M_InsDal: Lcom/fsck/k9/mailstore/StorageManager;--->unlockProvider(Ljava/lang/String;)V
05-24 23:11:03.403 17571 17591 D M_InsDal: Lcom/fsck/k9/mailstore/StorageManager;--->getProvider(Ljava/lang/String;)Lcom/fsck/k9/mailstore/StorageManager$StorageProvider;
05-24 23:11:03.403 17571 17591 D M_InsDal: Lcom/fsck/k9/mailstore/LocalFolder;--->setStatus(Ljava/lang/String;)V
05-24 23:11:03.403 17571 17591 D M_InsDal: Lcom/fsck/k9/mailstore/LocalFolder;--->updateFolderColumn(Ljava/lang/String;Ljava/lang/Object;)V
05-24 23:11:03.403 17571 17591 D M_InsDal: Lcom/fsck/k9/mailstore/LocalStore;--->getDatabase()Lcom/fsck/k9/mailstore/LockableDatabase;
05-24 23:11:03.403 17571 17591 D M_InsDal: Lcom/fsck/k9/mailstore/LocalFolder$7;---><init>(Lcom/fsck/k9/mailstore/LocalFolder;Ljava/lang/String;Ljava/lang/Object;)V
05-24 23:11:03.403 17571 17591 D M_InsDal: Lcom/fsck/k9/mailstore/LockableDatabase;--->execute(ZLcom/fsck/k9/mailstore/LockableDatabase$DbCallback;)Ljava/lang/Object;
05-24 23:11:03.403 17571 17591 D M_InsDal: Lcom/fsck/k9/mailstore/LockableDatabase;--->lockRead()V
05-24 23:11:03.403 17571 17591 D M_InsDal: Lcom/fsck/k9/mailstore/LockableDatabase;--->getStorageManager()Lcom/fsck/k9/mailstore/StorageManager;
05-24 23:11:03.403 17571 17591 D M_InsDal: Lcom/fsck/k9/mailstore/StorageManager;--->getInstance(Landroid/content/Context;)Lcom/fsck/k9/mailstore/StorageManager;
05-24 23:11:03.403 17571 17591 D M_InsDal: Lcom/fsck/k9/mailstore/StorageManager;--->lockProvider(Ljava/lang/String;)V
05-24 23:11:03.403 17571 17591 D M_InsDal: Lcom/fsck/k9/mailstore/StorageManager;--->getProvider(Ljava/lang/String;)Lcom/fsck/k9/mailstore/StorageManager$StorageProvider;
05-24 23:11:03.403 17571 17591 D M_InsDal: Lcom/fsck/k9/mailstore/StorageManager$InternalStorageProvider;--->isReady(Landroid/content/Context;)Z
05-24 23:11:03.403 17571 17591 D M_InsDal: Lcom/fsck/k9/K9;--->isDebug()Z
05-24 23:11:03.403 17571 17591 D M_InsDal: Lcom/fsck/k9/mailstore/LocalFolder$7;--->doDbWork(Landroid/database/sqlite/SQLiteDatabase;)Ljava/lang/Void;
05-24 23:11:03.403 17571 17591 D M_InsDal: Lcom/fsck/k9/mailstore/LocalFolder;--->open(I)V
05-24 23:11:03.403 17571 17591 D M_InsDal: Lcom/fsck/k9/mailstore/LocalFolder;--->isOpen()Z
05-24 23:11:03.403 17571 17591 D M_InsDal: Lcom/fsck/k9/mailstore/LocalFolder;--->getMode()I
05-24 23:11:03.403 17571 17591 D M_InsDal: Lcom/fsck/k9/mailstore/LockableDatabase;--->unlockRead()V
05-24 23:11:03.403 17571 17591 D M_InsDal: Lcom/fsck/k9/mailstore/LockableDatabase;--->getStorageManager()Lcom/fsck/k9/mailstore/StorageManager;
05-24 23:11:03.404 17571 17591 D M_InsDal: Lcom/fsck/k9/mailstore/StorageManager;--->getInstance(Landroid/content/Context;)Lcom/fsck/k9/mailstore/StorageManager;
05-24 23:11:03.404 17571 17591 D M_InsDal: Lcom/fsck/k9/mailstore/StorageManager;--->unlockProvider(Ljava/lang/String;)V
05-24 23:11:03.404 17571 17591 D M_InsDal: Lcom/fsck/k9/mailstore/StorageManager;--->getProvider(Ljava/lang/String;)Lcom/fsck/k9/mailstore/StorageManager$StorageProvider;
05-24 23:11:03.404 17571 17591 D M_InsDal: Lcom/fsck/k9/Account;--->getDescription()Ljava/lang/String;
05-24 23:11:03.404 17571 17591 D M_InsDal: Lcom/fsck/k9/controller/imap/ImapSync;--->getListeners(Lcom/fsck/k9/controller/MessagingListener;)Ljava/util/Set;
05-24 23:11:03.404 17571 17591 D M_InsDal: Lcom/fsck/k9/controller/MessagingController;--->getListeners(Lcom/fsck/k9/controller/MessagingListener;)Ljava/util/Set;
05-24 23:11:03.404 17571 17591 D M_InsDal: Lcom/fsck/k9/controller/SimpleMessagingListener;--->synchronizeMailboxFinished(Lcom/fsck/k9/Account;Ljava/lang/String;II)V
05-24 23:11:03.404 17571 17591 D M_InsDal: Lcom/fsck/k9/controller/MemorizingMessagingListener;--->synchronizeMailboxFinished(Lcom/fsck/k9/Account;Ljava/lang/String;II)V
05-24 23:11:03.404 17571 17591 D M_InsDal: Lcom/fsck/k9/controller/MemorizingMessagingListener;--->getMemory(Lcom/fsck/k9/Account;Ljava/lang/String;)Lcom/fsck/k9/controller/MemorizingMessagingListener$Memory;
05-24 23:11:03.404 17571 17591 D M_InsDal: Lcom/fsck/k9/controller/MemorizingMessagingListener;--->getMemoryKey(Lcom/fsck/k9/Account;Ljava/lang/String;)Ljava/lang/String;
05-24 23:11:03.404 17571 17591 D M_InsDal: Lcom/fsck/k9/Account;--->getDescription()Ljava/lang/String;
05-24 23:11:03.404 17571 17591 D M_InsDal: Lcom/fsck/k9/controller/SimpleMessagingListener;--->synchronizeMailboxFinished(Lcom/fsck/k9/Account;Ljava/lang/String;II)V
05-24 23:11:03.404 17571 17591 D M_InsDal: Lcom/fsck/k9/controller/MessagingControllerPushReceiver$1;--->synchronizeMailboxFinished(Lcom/fsck/k9/Account;Ljava/lang/String;II)V
05-24 23:11:03.404 17571 17591 D M_InsDal: Lcom/fsck/k9/Account;--->getDescription()Ljava/lang/String;
05-24 23:11:03.404 17571 17591 D M_InsDal: Lcom/fsck/k9/controller/imap/ImapSync;--->closeFolder(Lcom/fsck/k9/mail/Folder;)V
05-24 23:11:03.404 17571 17591 D M_InsDal: Lcom/fsck/k9/mailstore/LocalFolder;--->close()V
05-24 23:11:03.404 17571 17598 D M_InsDal: Lcom/fsck/k9/mail/store/imap/ImapFolder;--->getName()Ljava/lang/String;
05-24 23:11:03.404 17571 17598 D M_InsDal: Lcom/fsck/k9/mail/store/imap/ImapFolderPusher$PushRunnable;--->getNewUidNext()J
05-24 23:11:03.404 17571 17598 D M_InsDal: Lcom/fsck/k9/mail/store/imap/ImapFolderPusher$PushRunnable;--->getStartUid(JJ)J
05-24 23:11:03.404 17571 17598 D M_InsDal: Lcom/fsck/k9/mail/store/imap/ImapStore;--->getStoreConfig()Lcom/fsck/k9/mail/store/StoreConfig;
05-24 23:11:03.404 17571 17598 D M_InsDal: Lcom/fsck/k9/Account;--->getDisplayCount()I
05-24 23:11:03.404 17571 17598 D M_InsDal: Lcom/fsck/k9/mail/store/imap/ImapFolderPusher$PushRunnable;--->processStoredUntaggedResponses()V
05-24 23:11:03.404 17571 17598 D M_InsDal: Lcom/fsck/k9/mail/store/imap/ImapFolderPusher$PushRunnable;--->getAndClearStoredUntaggedResponses()Ljava/util/List;
05-24 23:11:03.404 17571 17598 D M_InsDal: Lcom/fsck/k9/mail/K9MailLib;--->isDebug()Z
05-24 23:11:03.404 17571 17598 D M_InsDal: Lcom/fsck/k9/K9$2;--->enabled()Z
05-24 23:11:03.404 17571 17598 D M_InsDal: Lcom/fsck/k9/mail/store/imap/ImapFolderPusher$PushRunnable;--->prepareForIdle()V
05-24 23:11:03.404 17571 17598 D M_InsDal: Lcom/fsck/k9/mail/store/imap/ImapFolder;--->getName()Ljava/lang/String;
05-24 23:11:03.404 17571 17598 D M_InsDal: Lcom/fsck/k9/controller/MessagingControllerPushReceiver;--->setPushActive(Ljava/lang/String;Z)V
05-24 23:11:03.404 17571 17598 D M_InsDal: Lcom/fsck/k9/controller/MessagingController;--->getListeners()Ljava/util/Set;
05-24 23:11:03.404 17571 17598 D M_InsDal: Lcom/fsck/k9/controller/MemorizingMessagingListener;--->setPushActive(Lcom/fsck/k9/Account;Ljava/lang/String;Z)V
05-24 23:11:03.404 17571 17598 D M_InsDal: Lcom/fsck/k9/controller/MemorizingMessagingListener;--->getMemory(Lcom/fsck/k9/Account;Ljava/lang/String;)Lcom/fsck/k9/controller/MemorizingMessagingListener$Memory;
05-24 23:11:03.404 17571 17598 D M_InsDal: Lcom/fsck/k9/controller/MemorizingMessagingListener;--->getMemoryKey(Lcom/fsck/k9/Account;Ljava/lang/String;)Ljava/lang/String;
05-24 23:11:03.404 17571 17598 D M_InsDal: Lcom/fsck/k9/Account;--->getDescription()Ljava/lang/String;
05-24 23:11:03.404 17571 17598 D M_InsDal: Lcom/fsck/k9/controller/SimpleMessagingListener;--->setPushActive(Lcom/fsck/k9/Account;Ljava/lang/String;Z)V
05-24 23:11:03.404 17571 17598 D M_InsDal: Lcom/fsck/k9/controller/SimpleMessagingListener;--->setPushActive(Lcom/fsck/k9/Account;Ljava/lang/String;Z)V
05-24 23:11:03.404 17571 17598 D M_InsDal: Lcom/fsck/k9/mail/store/imap/ImapFolderPusher$PushRunnable;--->setReadTimeoutForIdle(Lcom/fsck/k9/mail/store/imap/ImapConnection;)V
05-24 23:11:03.404 17571 17598 D M_InsDal: Lcom/fsck/k9/mail/store/imap/ImapStore;--->getStoreConfig()Lcom/fsck/k9/mail/store/StoreConfig;
05-24 23:11:03.404 17571 17598 D M_InsDal: Lcom/fsck/k9/Account;--->getIdleRefreshMinutes()I
05-24 23:11:03.404 17571 17598 D M_InsDal: Lcom/fsck/k9/mail/store/imap/ImapConnection;--->setReadTimeout(I)V
05-24 23:11:03.404 17571 17598 D M_InsDal: Lcom/fsck/k9/mail/store/imap/ImapFolderPusher$PushRunnable;--->sendIdle(Lcom/fsck/k9/mail/store/imap/ImapConnection;)V
05-24 23:11:03.404 17571 17598 D M_InsDal: Lcom/fsck/k9/mail/store/imap/ImapConnection;--->sendCommand(Ljava/lang/String;Z)Ljava/lang/String;
05-24 23:11:03.404 17571 17598 D M_InsDal: Lcom/fsck/k9/mail/store/imap/ImapConnection;--->open()V
05-24 23:11:03.404 17571 17598 D M_InsDal: Lcom/fsck/k9/mail/K9MailLib;--->isDebug()Z
05-24 23:11:03.404 17571 17598 D M_InsDal: Lcom/fsck/k9/K9$2;--->enabled()Z
05-24 23:11:03.404 17571 17598 D M_InsDal: Lcom/fsck/k9/mail/store/imap/ImapConnection;--->readStatusResponse(Ljava/lang/String;Ljava/lang/String;Lcom/fsck/k9/mail/store/imap/UntaggedHandler;)Ljava/util/List;
05-24 23:11:03.404 17571 17598 D M_InsDal: Lcom/fsck/k9/mail/store/imap/ImapConnection;--->getLogId()Ljava/lang/String;
05-24 23:11:03.404 17571 17598 D M_InsDal: Lcom/fsck/k9/mail/store/imap/ImapResponseParser;--->readStatusResponse(Ljava/lang/String;Ljava/lang/String;Ljava/lang/String;Lcom/fsck/k9/mail/store/imap/UntaggedHandler;)Ljava/util/List;
05-24 23:11:03.404 17571 17598 D M_InsDal: Lcom/fsck/k9/mail/store/imap/ImapResponseParser;--->readResponse()Lcom/fsck/k9/mail/store/imap/ImapResponse;
05-24 23:11:03.404 17571 17598 D M_InsDal: Lcom/fsck/k9/mail/store/imap/ImapResponseParser;--->readResponse(Lcom/fsck/k9/mail/store/imap/ImapResponseCallback;)Lcom/fsck/k9/mail/store/imap/ImapResponse;
05-24 23:11:03.404 17571 17598 D M_InsDal: Lcom/fsck/k9/mail/filter/PeekableInputStream;--->peek()I
05-24 23:11:03.444 17571 17598 D M_InsDal: Lcom/fsck/k9/mail/store/imap/ImapResponseParser;--->readContinuationRequest(Lcom/fsck/k9/mail/store/imap/ImapResponseCallback;)V
05-24 23:11:03.444 17571 17598 D M_InsDal: Lcom/fsck/k9/mail/store/imap/ImapResponseParser;--->parseCommandContinuationRequest()Z
05-24 23:11:03.444 17571 17598 D M_InsDal: Lcom/fsck/k9/mail/store/imap/ImapResponseParser;--->expect(C)V
05-24 23:11:03.444 17571 17598 D M_InsDal: Lcom/fsck/k9/mail/filter/PeekableInputStream;--->read()I
05-24 23:11:03.444 17571 17598 D M_InsDal: Lcom/fsck/k9/mail/store/imap/ImapResponse;--->newContinuationRequest(Lcom/fsck/k9/mail/store/imap/ImapResponseCallback;)Lcom/fsck/k9/mail/store/imap/ImapResponse;
05-24 23:11:03.444 17571 17598 D M_InsDal: Lcom/fsck/k9/mail/store/imap/ImapResponse;---><init>(Lcom/fsck/k9/mail/store/imap/ImapResponseCallback;ZLjava/lang/String;)V
05-24 23:11:03.444 17571 17598 D M_InsDal: Lcom/fsck/k9/mail/store/imap/ImapList;---><init>()V
05-24 23:11:03.444 17571 17598 D M_InsDal: Lcom/fsck/k9/mail/store/imap/ImapResponseParser;--->skipIfSpace()V
05-24 23:11:03.444 17571 17598 D M_InsDal: Lcom/fsck/k9/mail/filter/PeekableInputStream;--->peek()I
05-24 23:11:03.444 17571 17598 D M_InsDal: Lcom/fsck/k9/mail/store/imap/ImapResponseParser;--->expect(C)V
05-24 23:11:03.444 17571 17598 D M_InsDal: Lcom/fsck/k9/mail/filter/PeekableInputStream;--->read()I
05-24 23:11:03.444 17571 17598 D M_InsDal: Lcom/fsck/k9/mail/store/imap/ImapResponseParser;--->readStringUntilEndOfLine()Ljava/lang/String;
05-24 23:11:03.444 17571 17598 D M_InsDal: Lcom/fsck/k9/mail/store/imap/ImapResponseParser;--->readStringUntil(C)Ljava/lang/String;
05-24 23:11:03.444 17571 17598 D M_InsDal: Lcom/fsck/k9/mail/filter/PeekableInputStream;--->read()I
05-24 23:11:03.444 17571 17598 D M_InsDal: Lcom/fsck/k9/mail/filter/PeekableInputStream;--->read()I
05-24 23:11:03.444 17571 17598 D M_InsDal: Lcom/fsck/k9/mail/store/imap/ImapResponseParser;--->expect(C)V
05-24 23:11:03.444 17571 17598 D M_InsDal: Lcom/fsck/k9/mail/filter/PeekableInputStream;--->read()I
05-24 23:11:03.444 17571 17598 D M_InsDal: Lcom/fsck/k9/mail/K9MailLib;--->isDebug()Z
05-24 23:11:03.444 17571 17598 D M_InsDal: Lcom/fsck/k9/K9$2;--->enabled()Z
05-24 23:11:03.444 17571 17598 D M_InsDal: Lcom/fsck/k9/mail/store/imap/ImapResponse;--->getTag()Ljava/lang/String;
05-24 23:11:03.444 17571 17598 D M_InsDal: Lcom/fsck/k9/mail/store/imap/ImapResponse;--->getTag()Ljava/lang/String;
05-24 23:11:03.444 17571 17598 D M_InsDal: Lcom/fsck/k9/mail/store/imap/ImapFolderPusher$PushRunnable;--->handleAsyncUntaggedResponse(Lcom/fsck/k9/mail/store/imap/ImapResponse;)V
05-24 23:11:03.444 17571 17598 D M_InsDal: Lcom/fsck/k9/mail/K9MailLib;--->isDebug()Z
05-24 23:11:03.444 17571 17598 D M_InsDal: Lcom/fsck/k9/K9$2;--->enabled()Z
05-24 23:11:03.444 17571 17598 D M_InsDal: Lcom/fsck/k9/mail/store/imap/ImapResponse;--->getTag()Ljava/lang/String;
05-24 23:11:03.444 17571 17598 D M_InsDal: Lcom/fsck/k9/mail/store/imap/ImapResponse;--->isContinuationRequested()Z
05-24 23:11:03.444 17571 17598 D M_InsDal: Lcom/fsck/k9/mail/K9MailLib;--->isDebug()Z
05-24 23:11:03.444 17571 17598 D M_InsDal: Lcom/fsck/k9/K9$2;--->enabled()Z
05-24 23:11:03.444 17571 17598 D M_InsDal: Lcom/fsck/k9/mail/store/imap/ImapFolderPusher$IdleStopper;--->startAcceptingDoneContinuation(Lcom/fsck/k9/mail/store/imap/ImapConnection;)V
05-24 23:11:03.444 17571 17598 D M_InsDal: Lcom/fsck/k9/mail/power/TracingPowerManager$TracingWakeLock;--->release()V
05-24 23:11:03.444 17571 17598 D M_InsDal: Lcom/fsck/k9/mail/K9MailLib;--->isDebug()Z
05-24 23:11:03.444 17571 17598 D M_InsDal: Lcom/fsck/k9/K9$2;--->enabled()Z
05-24 23:11:03.444 17571 17598 D M_InsDal: Lcom/fsck/k9/mail/power/TracingPowerManager$TracingWakeLock;--->cancelNotification()V
05-24 23:11:03.445 17571 17598 D M_InsDal: Lcom/fsck/k9/mail/store/imap/ImapResponse;--->getTag()Ljava/lang/String;
05-24 23:11:03.445 17571 17598 D M_InsDal: Lcom/fsck/k9/mail/store/imap/ImapResponseParser;--->readResponse()Lcom/fsck/k9/mail/store/imap/ImapResponse;
05-24 23:11:03.445 17571 17598 D M_InsDal: Lcom/fsck/k9/mail/store/imap/ImapResponseParser;--->readResponse(Lcom/fsck/k9/mail/store/imap/ImapResponseCallback;)Lcom/fsck/k9/mail/store/imap/ImapResponse;
05-24 23:11:03.445 17571 17598 D M_InsDal: Lcom/fsck/k9/mail/filter/PeekableInputStream;--->peek()I
05-24 23:11:03.457 17571 17597 D M_InsDal: Lcom/fsck/k9/mail/store/imap/ImapResponseParser;--->readUntaggedResponse(Lcom/fsck/k9/mail/store/imap/ImapResponseCallback;)V
05-24 23:11:03.457 17571 17597 D M_InsDal: Lcom/fsck/k9/mail/store/imap/ImapResponseParser;--->parseUntaggedResponse()V
05-24 23:11:03.457 17571 17597 D M_InsDal: Lcom/fsck/k9/mail/store/imap/ImapResponseParser;--->expect(C)V
05-24 23:11:03.457 17571 17597 D M_InsDal: Lcom/fsck/k9/mail/filter/PeekableInputStream;--->read()I
05-24 23:11:03.457 17571 17597 D M_InsDal: Lcom/fsck/k9/mail/store/imap/ImapResponseParser;--->expect(C)V
05-24 23:11:03.457 17571 17597 D M_InsDal: Lcom/fsck/k9/mail/filter/PeekableInputStream;--->read()I
05-24 23:11:03.457 17571 17597 D M_InsDal: Lcom/fsck/k9/mail/store/imap/ImapResponse;--->newUntaggedResponse(Lcom/fsck/k9/mail/store/imap/ImapResponseCallback;)Lcom/fsck/k9/mail/store/imap/ImapResponse;
05-24 23:11:03.457 17571 17597 D M_InsDal: Lcom/fsck/k9/mail/store/imap/ImapResponse;---><init>(Lcom/fsck/k9/mail/store/imap/ImapResponseCallback;ZLjava/lang/String;)V
05-24 23:11:03.457 17571 17597 D M_InsDal: Lcom/fsck/k9/mail/store/imap/ImapList;---><init>()V
05-24 23:11:03.457 17571 17597 D M_InsDal: Lcom/fsck/k9/mail/store/imap/ImapResponseParser;--->readTokens(Lcom/fsck/k9/mail/store/imap/ImapResponse;)V
05-24 23:11:03.457 17571 17597 D M_InsDal: Lcom/fsck/k9/mail/store/imap/ImapResponseParser;--->readToken(Lcom/fsck/k9/mail/store/imap/ImapResponse;)Ljava/lang/Object;
05-24 23:11:03.457 17571 17597 D M_InsDal: Lcom/fsck/k9/mail/store/imap/ImapResponseParser;--->parseToken(Lcom/fsck/k9/mail/store/imap/ImapList;)Ljava/lang/Object;
05-24 23:11:03.457 17571 17597 D M_InsDal: Lcom/fsck/k9/mail/filter/PeekableInputStream;--->peek()I
05-24 23:11:03.457 17571 17597 D M_InsDal: Lcom/fsck/k9/mail/store/imap/ImapResponseParser;--->parseBareString(Z)Ljava/lang/String;
05-24 23:11:03.457 17571 17597 D M_InsDal: Lcom/fsck/k9/mail/filter/PeekableInputStream;--->peek()I
05-24 23:11:03.457 17571 17597 D M_InsDal: Lcom/fsck/k9/mail/filter/PeekableInputStream;--->read()I
05-24 23:11:03.457 17571 17597 D M_InsDal: Lcom/fsck/k9/mail/filter/PeekableInputStream;--->peek()I
05-24 23:11:03.457 17571 17597 D M_InsDal: Lcom/fsck/k9/mail/filter/PeekableInputStream;--->read()I
05-24 23:11:03.457 17571 17597 D M_InsDal: Lcom/fsck/k9/mail/filter/PeekableInputStream;--->peek()I
05-24 23:11:03.457 17571 17597 D M_InsDal: Lcom/fsck/k9/mail/store/imap/ImapResponseParser;--->checkTokenIsString(Ljava/lang/Object;)V
05-24 23:11:03.457 17571 17597 D M_InsDal: Lcom/fsck/k9/mail/store/imap/ImapResponseParser;--->isStatusResponse(Ljava/lang/String;)Z
05-24 23:11:03.458 17571 17597 D M_InsDal: Lcom/fsck/k9/mail/store/imap/ImapResponseParser;--->equalsIgnoreCase(Ljava/lang/Object;Ljava/lang/String;)Z
05-24 23:11:03.458 17571 17597 D M_InsDal: Lcom/fsck/k9/mail/store/imap/ImapResponseParser;--->equalsIgnoreCase(Ljava/lang/Object;Ljava/lang/String;)Z
05-24 23:11:03.458 17571 17597 D M_InsDal: Lcom/fsck/k9/mail/store/imap/ImapResponseParser;--->readToken(Lcom/fsck/k9/mail/store/imap/ImapResponse;)Ljava/lang/Object;
05-24 23:11:03.458 17571 17597 D M_InsDal: Lcom/fsck/k9/mail/store/imap/ImapResponseParser;--->parseToken(Lcom/fsck/k9/mail/store/imap/ImapList;)Ljava/lang/Object;
05-24 23:11:03.458 17571 17597 D M_InsDal: Lcom/fsck/k9/mail/filter/PeekableInputStream;--->peek()I
05-24 23:11:03.458 17571 17597 D M_InsDal: Lcom/fsck/k9/mail/store/imap/ImapResponseParser;--->expect(C)V
05-24 23:11:03.458 17571 17597 D M_InsDal: Lcom/fsck/k9/mail/filter/PeekableInputStream;--->read()I
05-24 23:11:03.458 17571 17597 D M_InsDal: Lcom/fsck/k9/mail/filter/PeekableInputStream;--->peek()I
05-24 23:11:03.458 17571 17597 D M_InsDal: Lcom/fsck/k9/mail/store/imap/ImapResponseParser;--->parseBareString(Z)Ljava/lang/String;
05-24 23:11:03.458 17571 17597 D M_InsDal: Lcom/fsck/k9/mail/filter/PeekableInputStream;--->peek()I
05-24 23:11:03.458 17571 17597 D M_InsDal: Lcom/fsck/k9/mail/filter/PeekableInputStream;--->read()I
05-24 23:11:03.458 17571 17597 D M_InsDal: Lcom/fsck/k9/mail/filter/PeekableInputStream;--->peek()I
05-24 23:11:03.458 17571 17597 D M_InsDal: Lcom/fsck/k9/mail/filter/PeekableInputStream;--->read()I
05-24 23:11:03.458 17571 17597 D M_InsDal: Lcom/fsck/k9/mail/filter/PeekableInputStream;--->peek()I
05-24 23:11:03.458 17571 17597 D M_InsDal: Lcom/fsck/k9/mail/filter/PeekableInputStream;--->read()I
05-24 23:11:03.458 17571 17597 D M_InsDal: Lcom/fsck/k9/mail/filter/PeekableInputStream;--->peek()I
05-24 23:11:03.458 17571 17597 D M_InsDal: Lcom/fsck/k9/mail/filter/PeekableInputStream;--->read()I
05-24 23:11:03.458 17571 17597 D M_InsDal: Lcom/fsck/k9/mail/filter/PeekableInputStream;--->peek()I
05-24 23:11:03.458 17571 17597 D M_InsDal: Lcom/fsck/k9/mail/filter/PeekableInputStream;--->read()I
05-24 23:11:03.458 17571 17597 D M_InsDal: Lcom/fsck/k9/mail/filter/PeekableInputStream;--->peek()I
05-24 23:11:03.458 17571 17597 D M_InsDal: Lcom/fsck/k9/mail/filter/PeekableInputStream;--->read()I
05-24 23:11:03.458 17571 17597 D M_InsDal: Lcom/fsck/k9/mail/filter/PeekableInputStream;--->peek()I
05-24 23:11:03.458 17571 17597 D M_InsDal: Lcom/fsck/k9/mail/store/imap/ImapResponseParser;--->readToken(Lcom/fsck/k9/mail/store/imap/ImapResponse;)Ljava/lang/Object;
05-24 23:11:03.458 17571 17597 D M_InsDal: Lcom/fsck/k9/mail/store/imap/ImapResponseParser;--->parseToken(Lcom/fsck/k9/mail/store/imap/ImapList;)Ljava/lang/Object;
05-24 23:11:03.458 17571 17597 D M_InsDal: Lcom/fsck/k9/mail/filter/PeekableInputStream;--->peek()I
05-24 23:11:03.458 17571 17597 D M_InsDal: Lcom/fsck/k9/mail/store/imap/ImapResponseParser;--->expect(C)V
05-24 23:11:03.458 17571 17597 D M_InsDal: Lcom/fsck/k9/mail/filter/PeekableInputStream;--->read()I
05-24 23:11:03.458 17571 17597 D M_InsDal: Lcom/fsck/k9/mail/store/imap/ImapResponseParser;--->expect(C)V
05-24 23:11:03.458 17571 17597 D M_InsDal: Lcom/fsck/k9/mail/filter/PeekableInputStream;--->read()I
05-24 23:11:03.458 17571 17597 D M_InsDal: Lcom/fsck/k9/mail/K9MailLib;--->isDebug()Z
05-24 23:11:03.458 17571 17597 D M_InsDal: Lcom/fsck/k9/K9$2;--->enabled()Z
05-24 23:11:03.458 17571 17597 D M_InsDal: Lcom/fsck/k9/mail/store/imap/ImapResponse;--->getTag()Ljava/lang/String;
05-24 23:11:03.458 17571 17597 D M_InsDal: Lcom/fsck/k9/mail/store/imap/ImapResponse;--->getTag()Ljava/lang/String;
05-24 23:11:03.458 17571 17597 D M_InsDal: Lcom/fsck/k9/mail/store/imap/ImapResponseParser;--->readResponse()Lcom/fsck/k9/mail/store/imap/ImapResponse;
05-24 23:11:03.458 17571 17597 D M_InsDal: Lcom/fsck/k9/mail/store/imap/ImapResponseParser;--->readResponse(Lcom/fsck/k9/mail/store/imap/ImapResponseCallback;)Lcom/fsck/k9/mail/store/imap/ImapResponse;
05-24 23:11:03.458 17571 17597 D M_InsDal: Lcom/fsck/k9/mail/filter/PeekableInputStream;--->peek()I
05-24 23:11:03.458 17571 17597 D M_InsDal: Lcom/fsck/k9/mail/store/imap/ImapResponseParser;--->readUntaggedResponse(Lcom/fsck/k9/mail/store/imap/ImapResponseCallback;)V
05-24 23:11:03.458 17571 17597 D M_InsDal: Lcom/fsck/k9/mail/store/imap/ImapResponseParser;--->parseUntaggedResponse()V
05-24 23:11:03.458 17571 17597 D M_InsDal: Lcom/fsck/k9/mail/store/imap/ImapResponseParser;--->expect(C)V
05-24 23:11:03.458 17571 17597 D M_InsDal: Lcom/fsck/k9/mail/filter/PeekableInputStream;--->read()I
05-24 23:11:03.458 17571 17597 D M_InsDal: Lcom/fsck/k9/mail/store/imap/ImapResponseParser;--->expect(C)V
05-24 23:11:03.458 17571 17597 D M_InsDal: Lcom/fsck/k9/mail/filter/PeekableInputStream;--->read()I
05-24 23:11:03.458 17571 17597 D M_InsDal: Lcom/fsck/k9/mail/store/imap/ImapResponse;--->newUntaggedResponse(Lcom/fsck/k9/mail/store/imap/ImapResponseCallback;)Lcom/fsck/k9/mail/store/imap/ImapResponse;
05-24 23:11:03.458 17571 17597 D M_InsDal: Lcom/fsck/k9/mail/store/imap/ImapResponse;---><init>(Lcom/fsck/k9/mail/store/imap/ImapResponseCallback;ZLjava/lang/String;)V
05-24 23:11:03.458 17571 17597 D M_InsDal: Lcom/fsck/k9/mail/store/imap/ImapList;---><init>()V
05-24 23:11:03.458 17571 17597 D M_InsDal: Lcom/fsck/k9/mail/store/imap/ImapResponseParser;--->readTokens(Lcom/fsck/k9/mail/store/imap/ImapResponse;)V
05-24 23:11:03.458 17571 17597 D M_InsDal: Lcom/fsck/k9/mail/store/imap/ImapResponseParser;--->readToken(Lcom/fsck/k9/mail/store/imap/ImapResponse;)Ljava/lang/Object;
05-24 23:11:03.458 17571 17597 D M_InsDal: Lcom/fsck/k9/mail/store/imap/ImapResponseParser;--->parseToken(Lcom/fsck/k9/mail/store/imap/ImapList;)Ljava/lang/Object;
05-24 23:11:03.458 17571 17597 D M_InsDal: Lcom/fsck/k9/mail/filter/PeekableInputStream;--->peek()I
05-24 23:11:03.458 17571 17597 D M_InsDal: Lcom/fsck/k9/mail/store/imap/ImapResponseParser;--->parseBareString(Z)Ljava/lang/String;
05-24 23:11:03.458 17571 17597 D M_InsDal: Lcom/fsck/k9/mail/filter/PeekableInputStream;--->peek()I
05-24 23:11:03.458 17571 17597 D M_InsDal: Lcom/fsck/k9/mail/filter/PeekableInputStream;--->read()I
05-24 23:11:03.458 17571 17597 D M_InsDal: Lcom/fsck/k9/mail/filter/PeekableInputStream;--->peek()I
05-24 23:11:03.458 17571 17597 D M_InsDal: Lcom/fsck/k9/mail/store/imap/ImapResponseParser;--->checkTokenIsString(Ljava/lang/Object;)V
05-24 23:11:03.458 17571 17597 D M_InsDal: Lcom/fsck/k9/mail/store/imap/ImapResponseParser;--->isStatusResponse(Ljava/lang/String;)Z
05-24 23:11:03.458 17571 17597 D M_InsDal: Lcom/fsck/k9/mail/store/imap/ImapResponseParser;--->equalsIgnoreCase(Ljava/lang/Object;Ljava/lang/String;)Z
05-24 23:11:03.458 17571 17597 D M_InsDal: Lcom/fsck/k9/mail/store/imap/ImapResponseParser;--->equalsIgnoreCase(Ljava/lang/Object;Ljava/lang/String;)Z
05-24 23:11:03.458 17571 17597 D M_InsDal: Lcom/fsck/k9/mail/store/imap/ImapResponseParser;--->readToken(Lcom/fsck/k9/mail/store/imap/ImapResponse;)Ljava/lang/Object;
05-24 23:11:03.458 17571 17597 D M_InsDal: Lcom/fsck/k9/mail/store/imap/ImapResponseParser;--->parseToken(Lcom/fsck/k9/mail/store/imap/ImapList;)Ljava/lang/Object;
05-24 23:11:03.458 17571 17597 D M_InsDal: Lcom/fsck/k9/mail/filter/PeekableInputStream;--->peek()I
05-24 23:11:03.458 17571 17597 D M_InsDal: Lcom/fsck/k9/mail/store/imap/ImapResponseParser;--->expect(C)V
05-24 23:11:03.458 17571 17597 D M_InsDal: Lcom/fsck/k9/mail/filter/PeekableInputStream;--->read()I
05-24 23:11:03.458 17571 17597 D M_InsDal: Lcom/fsck/k9/mail/filter/PeekableInputStream;--->peek()I
05-24 23:11:03.458 17571 17597 D M_InsDal: Lcom/fsck/k9/mail/store/imap/ImapResponseParser;--->parseBareString(Z)Ljava/lang/String;
05-24 23:11:03.458 17571 17597 D M_InsDal: Lcom/fsck/k9/mail/filter/PeekableInputStream;--->peek()I
05-24 23:11:03.458 17571 17597 D M_InsDal: Lcom/fsck/k9/mail/filter/PeekableInputStream;--->read()I
05-24 23:11:03.458 17571 17597 D M_InsDal: Lcom/fsck/k9/mail/filter/PeekableInputStream;--->peek()I
05-24 23:11:03.458 17571 17597 D M_InsDal: Lcom/fsck/k9/mail/filter/PeekableInputStream;--->read()I
05-24 23:11:03.458 17571 17597 D M_InsDal: Lcom/fsck/k9/mail/filter/PeekableInputStream;--->peek()I
05-24 23:11:03.458 17571 17597 D M_InsDal: Lcom/fsck/k9/mail/filter/PeekableInputStream;--->read()I
05-24 23:11:03.458 17571 17597 D M_InsDal: Lcom/fsck/k9/mail/filter/PeekableInputStream;--->peek()I
05-24 23:11:03.458 17571 17597 D M_InsDal: Lcom/fsck/k9/mail/filter/PeekableInputStream;--->read()I
05-24 23:11:03.458 17571 17597 D M_InsDal: Lcom/fsck/k9/mail/filter/PeekableInputStream;--->peek()I
05-24 23:11:03.459 17571 17597 D M_InsDal: Lcom/fsck/k9/mail/filter/PeekableInputStream;--->read()I
05-24 23:11:03.459 17571 17597 D M_InsDal: Lcom/fsck/k9/mail/filter/PeekableInputStream;--->peek()I
05-24 23:11:03.459 17571 17597 D M_InsDal: Lcom/fsck/k9/mail/filter/PeekableInputStream;--->read()I
05-24 23:11:03.459 17571 17597 D M_InsDal: Lcom/fsck/k9/mail/filter/PeekableInputStream;--->peek()I
05-24 23:11:03.459 17571 17597 D M_InsDal: Lcom/fsck/k9/mail/store/imap/ImapResponseParser;--->readToken(Lcom/fsck/k9/mail/store/imap/ImapResponse;)Ljava/lang/Object;
05-24 23:11:03.459 17571 17597 D M_InsDal: Lcom/fsck/k9/mail/store/imap/ImapResponseParser;--->parseToken(Lcom/fsck/k9/mail/store/imap/ImapList;)Ljava/lang/Object;
05-24 23:11:03.459 17571 17597 D M_InsDal: Lcom/fsck/k9/mail/filter/PeekableInputStream;--->peek()I
05-24 23:11:03.459 17571 17597 D M_InsDal: Lcom/fsck/k9/mail/store/imap/ImapResponseParser;--->expect(C)V
05-24 23:11:03.459 17571 17597 D M_InsDal: Lcom/fsck/k9/mail/filter/PeekableInputStream;--->read()I
05-24 23:11:03.459 17571 17597 D M_InsDal: Lcom/fsck/k9/mail/store/imap/ImapResponseParser;--->expect(C)V
05-24 23:11:03.459 17571 17597 D M_InsDal: Lcom/fsck/k9/mail/filter/PeekableInputStream;--->read()I
05-24 23:11:03.459 17571 17597 D M_InsDal: Lcom/fsck/k9/mail/K9MailLib;--->isDebug()Z
05-24 23:11:03.459 17571 17597 D M_InsDal: Lcom/fsck/k9/K9$2;--->enabled()Z
05-24 23:11:03.459 17571 17597 D M_InsDal: Lcom/fsck/k9/mail/store/imap/ImapResponse;--->getTag()Ljava/lang/String;
05-24 23:11:03.459 17571 17597 D M_InsDal: Lcom/fsck/k9/mail/store/imap/ImapResponse;--->getTag()Ljava/lang/String;
05-24 23:11:03.459 17571 17597 D M_InsDal: Lcom/fsck/k9/mail/store/imap/ImapResponseParser;--->readResponse()Lcom/fsck/k9/mail/store/imap/ImapResponse;
05-24 23:11:03.459 17571 17597 D M_InsDal: Lcom/fsck/k9/mail/store/imap/ImapResponseParser;--->readResponse(Lcom/fsck/k9/mail/store/imap/ImapResponseCallback;)Lcom/fsck/k9/mail/store/imap/ImapResponse;
05-24 23:11:03.459 17571 17597 D M_InsDal: Lcom/fsck/k9/mail/filter/PeekableInputStream;--->peek()I
05-24 23:11:03.459 17571 17597 D M_InsDal: Lcom/fsck/k9/mail/store/imap/ImapResponseParser;--->readUntaggedResponse(Lcom/fsck/k9/mail/store/imap/ImapResponseCallback;)V
05-24 23:11:03.459 17571 17597 D M_InsDal: Lcom/fsck/k9/mail/store/imap/ImapResponseParser;--->parseUntaggedResponse()V
05-24 23:11:03.459 17571 17597 D M_InsDal: Lcom/fsck/k9/mail/store/imap/ImapResponseParser;--->expect(C)V
05-24 23:11:03.459 17571 17597 D M_InsDal: Lcom/fsck/k9/mail/filter/PeekableInputStream;--->read()I
05-24 23:11:03.459 17571 17597 D M_InsDal: Lcom/fsck/k9/mail/store/imap/ImapResponseParser;--->expect(C)V
05-24 23:11:03.459 17571 17597 D M_InsDal: Lcom/fsck/k9/mail/filter/PeekableInputStream;--->read()I
05-24 23:11:03.459 17571 17597 D M_InsDal: Lcom/fsck/k9/mail/store/imap/ImapResponse;--->newUntaggedResponse(Lcom/fsck/k9/mail/store/imap/ImapResponseCallback;)Lcom/fsck/k9/mail/store/imap/ImapResponse;
05-24 23:11:03.459 17571 17597 D M_InsDal: Lcom/fsck/k9/mail/store/imap/ImapResponse;---><init>(Lcom/fsck/k9/mail/store/imap/ImapResponseCallback;ZLjava/lang/String;)V
05-24 23:11:03.459 17571 17597 D M_InsDal: Lcom/fsck/k9/mail/store/imap/ImapList;---><init>()V
05-24 23:11:03.459 17571 17597 D M_InsDal: Lcom/fsck/k9/mail/store/imap/ImapResponseParser;--->readTokens(Lcom/fsck/k9/mail/store/imap/ImapResponse;)V
05-24 23:11:03.459 17571 17597 D M_InsDal: Lcom/fsck/k9/mail/store/imap/ImapResponseParser;--->readToken(Lcom/fsck/k9/mail/store/imap/ImapResponse;)Ljava/lang/Object;
05-24 23:11:03.459 17571 17597 D M_InsDal: Lcom/fsck/k9/mail/store/imap/ImapResponseParser;--->parseToken(Lcom/fsck/k9/mail/store/imap/ImapList;)Ljava/lang/Object;
05-24 23:11:03.459 17571 17597 D M_InsDal: Lcom/fsck/k9/mail/filter/PeekableInputStream;--->peek()I
05-24 23:11:03.459 17571 17597 D M_InsDal: Lcom/fsck/k9/mail/store/imap/ImapResponseParser;--->parseBareString(Z)Ljava/lang/String;
05-24 23:11:03.459 17571 17597 D M_InsDal: Lcom/fsck/k9/mail/filter/PeekableInputStream;--->peek()I
05-24 23:11:03.459 17571 17597 D M_InsDal: Lcom/fsck/k9/mail/filter/PeekableInputStream;--->read()I
05-24 23:11:03.459 17571 17597 D M_InsDal: Lcom/fsck/k9/mail/filter/PeekableInputStream;--->peek()I
05-24 23:11:03.459 17571 17597 D M_InsDal: Lcom/fsck/k9/mail/filter/PeekableInputStream;--->read()I
05-24 23:11:03.459 17571 17597 D M_InsDal: Lcom/fsck/k9/mail/filter/PeekableInputStream;--->peek()I
05-24 23:11:03.459 17571 17597 D M_InsDal: Lcom/fsck/k9/mail/store/imap/ImapResponseParser;--->checkTokenIsString(Ljava/lang/Object;)V
05-24 23:11:03.459 17571 17597 D M_InsDal: Lcom/fsck/k9/mail/store/imap/ImapResponseParser;--->isStatusResponse(Ljava/lang/String;)Z
05-24 23:11:03.459 17571 17597 D M_InsDal: Lcom/fsck/k9/mail/store/imap/ImapResponseParser;--->parseResponseText(Lcom/fsck/k9/mail/store/imap/ImapResponse;)V
05-24 23:11:03.459 17571 17597 D M_InsDal: Lcom/fsck/k9/mail/store/imap/ImapResponseParser;--->skipIfSpace()V
05-24 23:11:03.459 17571 17597 D M_InsDal: Lcom/fsck/k9/mail/filter/PeekableInputStream;--->peek()I
05-24 23:11:03.459 17571 17597 D M_InsDal: Lcom/fsck/k9/mail/store/imap/ImapResponseParser;--->expect(C)V
05-24 23:11:03.459 17571 17597 D M_InsDal: Lcom/fsck/k9/mail/filter/PeekableInputStream;--->read()I
05-24 23:11:03.459 17571 17597 D M_InsDal: Lcom/fsck/k9/mail/filter/PeekableInputStream;--->peek()I
05-24 23:11:03.459 17571 17597 D M_InsDal: Lcom/fsck/k9/mail/store/imap/ImapResponseParser;--->parseList(Lcom/fsck/k9/mail/store/imap/ImapList;CC)Lcom/fsck/k9/mail/store/imap/ImapList;
05-24 23:11:03.459 17571 17597 D M_InsDal: Lcom/fsck/k9/mail/store/imap/ImapResponseParser;--->expect(C)V
05-24 23:11:03.459 17571 17597 D M_InsDal: Lcom/fsck/k9/mail/filter/PeekableInputStream;--->read()I
05-24 23:11:03.459 17571 17597 D M_InsDal: Lcom/fsck/k9/mail/store/imap/ImapList;---><init>()V
05-24 23:11:03.459 17571 17597 D M_InsDal: Lcom/fsck/k9/mail/store/imap/ImapResponseParser;--->parseToken(Lcom/fsck/k9/mail/store/imap/ImapList;)Ljava/lang/Object;
05-24 23:11:03.459 17571 17597 D M_InsDal: Lcom/fsck/k9/mail/filter/PeekableInputStream;--->peek()I
05-24 23:11:03.459 17571 17597 D M_InsDal: Lcom/fsck/k9/mail/store/imap/ImapResponseParser;--->parseBareString(Z)Ljava/lang/String;
05-24 23:11:03.459 17571 17597 D M_InsDal: Lcom/fsck/k9/mail/filter/PeekableInputStream;--->peek()I
05-24 23:11:03.459 17571 17597 D M_InsDal: Lcom/fsck/k9/mail/filter/PeekableInputStream;--->read()I
05-24 23:11:03.459 17571 17597 D M_InsDal: Lcom/fsck/k9/mail/filter/PeekableInputStream;--->peek()I
05-24 23:11:03.459 17571 17597 D M_InsDal: Lcom/fsck/k9/mail/filter/PeekableInputStream;--->read()I
05-24 23:11:03.459 17571 17597 D M_InsDal: Lcom/fsck/k9/mail/filter/PeekableInputStream;--->peek()I
05-24 23:11:03.459 17571 17597 D M_InsDal: Lcom/fsck/k9/mail/filter/PeekableInputStream;--->read()I
05-24 23:11:03.459 17571 17597 D M_InsDal: Lcom/fsck/k9/mail/filter/PeekableInputStream;--->peek()I
05-24 23:11:03.459 17571 17597 D M_InsDal: Lcom/fsck/k9/mail/filter/PeekableInputStream;--->read()I
05-24 23:11:03.459 17571 17597 D M_InsDal: Lcom/fsck/k9/mail/filter/PeekableInputStream;--->peek()I
05-24 23:11:03.459 17571 17597 D M_InsDal: Lcom/fsck/k9/mail/filter/PeekableInputStream;--->read()I
05-24 23:11:03.459 17571 17597 D M_InsDal: Lcom/fsck/k9/mail/filter/PeekableInputStream;--->peek()I
05-24 23:11:03.459 17571 17597 D M_InsDal: Lcom/fsck/k9/mail/filter/PeekableInputStream;--->read()I
05-24 23:11:03.459 17571 17597 D M_InsDal: Lcom/fsck/k9/mail/filter/PeekableInputStream;--->peek()I
05-24 23:11:03.459 17571 17597 D M_InsDal: Lcom/fsck/k9/mail/filter/PeekableInputStream;--->read()I
05-24 23:11:03.459 17571 17597 D M_InsDal: Lcom/fsck/k9/mail/filter/PeekableInputStream;--->peek()I
05-24 23:11:03.459 17571 17597 D M_InsDal: Lcom/fsck/k9/mail/filter/PeekableInputStream;--->read()I
05-24 23:11:03.459 17571 17597 D M_InsDal: Lcom/fsck/k9/mail/filter/PeekableInputStream;--->peek()I
