05-24 22:33:44.363  7510  7529 D M_InsDal: Lcom/fsck/k9/mail/internet/MimeMessage;--->addRawHeader(Ljava/lang/String;Ljava/lang/String;)V
05-24 22:33:44.363  7510  7529 D M_InsDal: Lcom/fsck/k9/mail/internet/MimeHeader;--->addRawHeader(Ljava/lang/String;Ljava/lang/String;)V
05-24 22:33:44.363  7510  7529 D M_InsDal: Lcom/fsck/k9/mail/internet/MimeHeader$Field;--->newRawField(Ljava/lang/String;Ljava/lang/String;)Lcom/fsck/k9/mail/internet/MimeHeader$Field;
05-24 22:33:44.363  7510  7529 D M_InsDal: Lcom/fsck/k9/mail/internet/MimeHeader$Field;---><init>(Ljava/lang/String;Ljava/lang/String;Ljava/lang/String;)V
05-24 22:33:44.363  7510  7529 D M_InsDal: Lcom/fsck/k9/mail/message/MessageHeaderParser$MessageHeaderParserContentHandler;--->field(Lorg/apache/james/mime4j/stream/Field;)V
05-24 22:33:44.363  7510  7529 D M_InsDal: Lcom/fsck/k9/mail/internet/MimeMessage;--->addRawHeader(Ljava/lang/String;Ljava/lang/String;)V
05-24 22:33:44.363  7510  7529 D M_InsDal: Lcom/fsck/k9/mail/internet/MimeHeader;--->addRawHeader(Ljava/lang/String;Ljava/lang/String;)V
05-24 22:33:44.363  7510  7529 D M_InsDal: Lcom/fsck/k9/mail/internet/MimeHeader$Field;--->newRawField(Ljava/lang/String;Ljava/lang/String;)Lcom/fsck/k9/mail/internet/MimeHeader$Field;
05-24 22:33:44.363  7510  7529 D M_InsDal: Lcom/fsck/k9/mail/internet/MimeHeader$Field;---><init>(Ljava/lang/String;Ljava/lang/String;Ljava/lang/String;)V
05-24 22:33:44.364  7510  7529 D M_InsDal: Lcom/fsck/k9/mail/message/MessageHeaderParser$MessageHeaderParserContentHandler;--->field(Lorg/apache/james/mime4j/stream/Field;)V
05-24 22:33:44.364  7510  7529 D M_InsDal: Lcom/fsck/k9/mail/internet/MimeMessage;--->addRawHeader(Ljava/lang/String;Ljava/lang/String;)V
05-24 22:33:44.364  7510  7529 D M_InsDal: Lcom/fsck/k9/mail/internet/MimeHeader;--->addRawHeader(Ljava/lang/String;Ljava/lang/String;)V
05-24 22:33:44.364  7510  7529 D M_InsDal: Lcom/fsck/k9/mail/internet/MimeHeader$Field;--->newRawField(Ljava/lang/String;Ljava/lang/String;)Lcom/fsck/k9/mail/internet/MimeHeader$Field;
05-24 22:33:44.364  7510  7529 D M_InsDal: Lcom/fsck/k9/mail/internet/MimeHeader$Field;---><init>(Ljava/lang/String;Ljava/lang/String;Ljava/lang/String;)V
05-24 22:33:44.364  7510  7510 D M_InsDal: Lcom/fsck/k9/activity/ActivityListener;--->getOperation(Landroid/content/Context;)Ljava/lang/String;
05-24 22:33:44.364  7510  7510 D M_InsDal: Lcom/fsck/k9/activity/ActivityListener;--->getActionInProgressOperation(Landroid/content/Context;)Ljava/lang/String;
05-24 22:33:44.364  7510  7510 D M_InsDal: Lcom/fsck/k9/Account;--->getInboxFolderName()Ljava/lang/String;
05-24 22:33:44.364  7510  7529 D M_InsDal: Lcom/fsck/k9/mail/message/MessageHeaderParser$MessageHeaderParserContentHandler;--->field(Lorg/apache/james/mime4j/stream/Field;)V
05-24 22:33:44.364  7510  7529 D M_InsDal: Lcom/fsck/k9/mail/internet/MimeMessage;--->addRawHeader(Ljava/lang/String;Ljava/lang/String;)V
05-24 22:33:44.364  7510  7529 D M_InsDal: Lcom/fsck/k9/mail/internet/MimeHeader;--->addRawHeader(Ljava/lang/String;Ljava/lang/String;)V
05-24 22:33:44.364  7510  7529 D M_InsDal: Lcom/fsck/k9/mail/internet/MimeHeader$Field;--->newRawField(Ljava/lang/String;Ljava/lang/String;)Lcom/fsck/k9/mail/internet/MimeHeader$Field;
05-24 22:33:44.364  7510  7529 D M_InsDal: Lcom/fsck/k9/mail/internet/MimeHeader$Field;---><init>(Ljava/lang/String;Ljava/lang/String;Ljava/lang/String;)V
05-24 22:33:44.364  7510  7510 D M_InsDal: Lcom/fsck/k9/activity/Accounts$AccountsHandler$1;--->run()V
05-24 22:33:44.364  7510  7510 D M_InsDal: Lcom/fsck/k9/activity/Accounts$AccountsHandler;--->setViewTitle()V
05-24 22:33:44.364  7510  7529 D M_InsDal: Lcom/fsck/k9/mail/message/MessageHeaderParser$MessageHeaderParserContentHandler;--->field(Lorg/apache/james/mime4j/stream/Field;)V
05-24 22:33:44.364  7510  7529 D M_InsDal: Lcom/fsck/k9/mail/internet/MimeMessage;--->addRawHeader(Ljava/lang/String;Ljava/lang/String;)V
05-24 22:33:44.364  7510  7510 D M_InsDal: Lcom/fsck/k9/activity/ActivityListener;--->getOperation(Landroid/content/Context;)Ljava/lang/String;
05-24 22:33:44.364  7510  7529 D M_InsDal: Lcom/fsck/k9/mail/internet/MimeHeader;--->addRawHeader(Ljava/lang/String;Ljava/lang/String;)V
05-24 22:33:44.364  7510  7510 D M_InsDal: Lcom/fsck/k9/activity/ActivityListener;--->getActionInProgressOperation(Landroid/content/Context;)Ljava/lang/String;
05-24 22:33:44.364  7510  7529 D M_InsDal: Lcom/fsck/k9/mail/internet/MimeHeader$Field;--->newRawField(Ljava/lang/String;Ljava/lang/String;)Lcom/fsck/k9/mail/internet/MimeHeader$Field;
05-24 22:33:44.364  7510  7510 D M_InsDal: Lcom/fsck/k9/Account;--->getInboxFolderName()Ljava/lang/String;
05-24 22:33:44.364  7510  7529 D M_InsDal: Lcom/fsck/k9/mail/internet/MimeHeader$Field;---><init>(Ljava/lang/String;Ljava/lang/String;Ljava/lang/String;)V
05-24 22:33:44.364  7510  7510 D M_InsDal: Lcom/fsck/k9/activity/Accounts$AccountsHandler$1;--->run()V
05-24 22:33:44.364  7510  7510 D M_InsDal: Lcom/fsck/k9/activity/Accounts$AccountsHandler;--->setViewTitle()V
05-24 22:33:44.364  7510  7510 D M_InsDal: Lcom/fsck/k9/activity/ActivityListener;--->getOperation(Landroid/content/Context;)Ljava/lang/String;
05-24 22:33:44.364  7510  7510 D M_InsDal: Lcom/fsck/k9/activity/ActivityListener;--->getActionInProgressOperation(Landroid/content/Context;)Ljava/lang/String;
05-24 22:33:44.364  7510  7510 D M_InsDal: Lcom/fsck/k9/Account;--->getInboxFolderName()Ljava/lang/String;
05-24 22:33:44.364  7510  7529 D M_InsDal: Lcom/fsck/k9/mail/message/MessageHeaderParser$MessageHeaderParserContentHandler;--->field(Lorg/apache/james/mime4j/stream/Field;)V
05-24 22:33:44.364  7510  7529 D M_InsDal: Lcom/fsck/k9/mail/internet/MimeMessage;--->addRawHeader(Ljava/lang/String;Ljava/lang/String;)V
05-24 22:33:44.364  7510  7529 D M_InsDal: Lcom/fsck/k9/mail/internet/MimeHeader;--->addRawHeader(Ljava/lang/String;Ljava/lang/String;)V
05-24 22:33:44.364  7510  7529 D M_InsDal: Lcom/fsck/k9/mail/internet/MimeHeader$Field;--->newRawField(Ljava/lang/String;Ljava/lang/String;)Lcom/fsck/k9/mail/internet/MimeHeader$Field;
05-24 22:33:44.364  7510  7529 D M_InsDal: Lcom/fsck/k9/mail/internet/MimeHeader$Field;---><init>(Ljava/lang/String;Ljava/lang/String;Ljava/lang/String;)V
05-24 22:33:44.364  7510  7529 D M_InsDal: Lcom/fsck/k9/mail/message/MessageHeaderParser$MessageHeaderParserContentHandler;--->endHeader()V
05-24 22:33:44.364  7510  7510 D M_InsDal: Lcom/fsck/k9/activity/Accounts$AccountsHandler$1;--->run()V
05-24 22:33:44.364  7510  7510 D M_InsDal: Lcom/fsck/k9/activity/Accounts$AccountsHandler;--->setViewTitle()V
05-24 22:33:44.364  7510  7529 D M_InsDal: Lcom/fsck/k9/mail/message/MessageHeaderParser$MessageHeaderParserContentHandler;--->body(Lorg/apache/james/mime4j/stream/BodyDescriptor;Ljava/io/InputStream;)V
05-24 22:33:44.364  7510  7510 D M_InsDal: Lcom/fsck/k9/activity/ActivityListener;--->getOperation(Landroid/content/Context;)Ljava/lang/String;
05-24 22:33:44.364  7510  7510 D M_InsDal: Lcom/fsck/k9/activity/ActivityListener;--->getActionInProgressOperation(Landroid/content/Context;)Ljava/lang/String;
05-24 22:33:44.364  7510  7510 D M_InsDal: Lcom/fsck/k9/Account;--->getInboxFolderName()Ljava/lang/String;
05-24 22:33:44.364  7510  7529 D M_InsDal: Lcom/fsck/k9/mail/message/MessageHeaderParser$MessageHeaderParserContentHandler;--->endMessage()V
05-24 22:33:44.364  7510  7529 D M_InsDal: Lcom/fsck/k9/helper/Utility;--->closeQuietly(Landroid/database/Cursor;)V
05-24 22:33:44.364  7510  7510 D M_InsDal: Lcom/fsck/k9/activity/Accounts$AccountsHandler$1;--->run()V
05-24 22:33:44.364  7510  7510 D M_InsDal: Lcom/fsck/k9/activity/Accounts$AccountsHandler;--->setViewTitle()V
05-24 22:33:44.364  7510  7510 D M_InsDal: Lcom/fsck/k9/activity/ActivityListener;--->getOperation(Landroid/content/Context;)Ljava/lang/String;
05-24 22:33:44.364  7510  7510 D M_InsDal: Lcom/fsck/k9/activity/ActivityListener;--->getActionInProgressOperation(Landroid/content/Context;)Ljava/lang/String;
05-24 22:33:44.364  7510  7510 D M_InsDal: Lcom/fsck/k9/Account;--->getInboxFolderName()Ljava/lang/String;
05-24 22:33:44.364  7510  7510 D M_InsDal: Lcom/fsck/k9/activity/Accounts$AccountsHandler$1;--->run()V
05-24 22:33:44.364  7510  7510 D M_InsDal: Lcom/fsck/k9/activity/Accounts$AccountsHandler;--->setViewTitle()V
05-24 22:33:44.364  7510  7510 D M_InsDal: Lcom/fsck/k9/activity/ActivityListener;--->getOperation(Landroid/content/Context;)Ljava/lang/String;
05-24 22:33:44.364  7510  7529 D M_InsDal: Lcom/fsck/k9/mailstore/LockableDatabase;--->unlockRead()V
05-24 22:33:44.364  7510  7510 D M_InsDal: Lcom/fsck/k9/activity/ActivityListener;--->getActionInProgressOperation(Landroid/content/Context;)Ljava/lang/String;
05-24 22:33:44.364  7510  7510 D M_InsDal: Lcom/fsck/k9/Account;--->getInboxFolderName()Ljava/lang/String;
05-24 22:33:44.364  7510  7529 D M_InsDal: Lcom/fsck/k9/mailstore/LockableDatabase;--->getStorageManager()Lcom/fsck/k9/mailstore/StorageManager;
05-24 22:33:44.364  7510  7529 D M_InsDal: Lcom/fsck/k9/mailstore/StorageManager;--->getInstance(Landroid/content/Context;)Lcom/fsck/k9/mailstore/StorageManager;
05-24 22:33:44.364  7510  7529 D M_InsDal: Lcom/fsck/k9/mailstore/StorageManager;--->unlockProvider(Ljava/lang/String;)V
05-24 22:33:44.364  7510  7529 D M_InsDal: Lcom/fsck/k9/mailstore/StorageManager;--->getProvider(Ljava/lang/String;)Lcom/fsck/k9/mailstore/StorageManager$StorageProvider;
05-24 22:33:44.364  7510  7510 D M_InsDal: Lcom/fsck/k9/activity/Accounts$AccountsHandler$1;--->run()V
05-24 22:33:44.364  7510  7510 D M_InsDal: Lcom/fsck/k9/activity/Accounts$AccountsHandler;--->setViewTitle()V
05-24 22:33:44.364  7510  7529 D M_InsDal: Lcom/fsck/k9/mail/Message;--->isSet(Lcom/fsck/k9/mail/Flag;)Z
05-24 22:33:44.364  7510  7510 D M_InsDal: Lcom/fsck/k9/activity/ActivityListener;--->getOperation(Landroid/content/Context;)Ljava/lang/String;
05-24 22:33:44.364  7510  7529 D M_InsDal: Lcom/fsck/k9/mail/Message;--->getUid()Ljava/lang/String;
05-24 22:33:44.364  7510  7510 D M_InsDal: Lcom/fsck/k9/activity/ActivityListener;--->getActionInProgressOperation(Landroid/content/Context;)Ljava/lang/String;
05-24 22:33:44.364  7510  7510 D M_InsDal: Lcom/fsck/k9/Account;--->getInboxFolderName()Ljava/lang/String;
05-24 22:33:44.364  7510  7529 D M_InsDal: Lcom/fsck/k9/mail/Message;--->isSet(Lcom/fsck/k9/mail/Flag;)Z
05-24 22:33:44.364  7510  7529 D M_InsDal: Lcom/fsck/k9/mailstore/LocalFolder;--->getPushState()Ljava/lang/String;
05-24 22:33:44.364  7510  7529 D M_InsDal: Lcom/fsck/k9/mail/store/imap/ImapFolder;--->getNewPushState(Ljava/lang/String;Lcom/fsck/k9/mail/Message;)Ljava/lang/String;
05-24 22:33:44.364  7510  7529 D M_InsDal: Lcom/fsck/k9/mail/Message;--->getUid()Ljava/lang/String;
05-24 22:33:44.364  7510  7510 D M_InsDal: Lcom/fsck/k9/activity/Accounts$AccountsHandler$1;--->run()V
05-24 22:33:44.364  7510  7529 D M_InsDal: Lcom/fsck/k9/mail/store/imap/ImapPushState;--->parse(Ljava/lang/String;)Lcom/fsck/k9/mail/store/imap/ImapPushState;
05-24 22:33:44.364  7510  7510 D M_InsDal: Lcom/fsck/k9/activity/Accounts$AccountsHandler;--->setViewTitle()V
05-24 22:33:44.364  7510  7510 D M_InsDal: Lcom/fsck/k9/activity/ActivityListener;--->getOperation(Landroid/content/Context;)Ljava/lang/String;
05-24 22:33:44.364  7510  7529 D M_InsDal: Lcom/fsck/k9/mail/store/imap/ImapPushState;---><init>(J)V
05-24 22:33:44.364  7510  7510 D M_InsDal: Lcom/fsck/k9/activity/ActivityListener;--->getActionInProgressOperation(Landroid/content/Context;)Ljava/lang/String;
05-24 22:33:44.364  7510  7510 D M_InsDal: Lcom/fsck/k9/Account;--->getInboxFolderName()Ljava/lang/String;
05-24 22:33:44.364  7510  7529 D M_InsDal: Lcom/fsck/k9/controller/imap/ImapSync;--->evaluateMessageForDownload(Lcom/fsck/k9/mail/Message;Ljava/lang/String;Lcom/fsck/k9/mailstore/LocalFolder;Lcom/fsck/k9/mail/Folder;Lcom/fsck/k9/Account;Ljava/util/List;Ljava/util/List;Z)V
05-24 22:33:44.364  7510  7529 D M_InsDal: Lcom/fsck/k9/mail/Message;--->isSet(Lcom/fsck/k9/mail/Flag;)Z
05-24 22:33:44.364  7510  7529 D M_InsDal: Lcom/fsck/k9/mail/Message;--->getUid()Ljava/lang/String;
05-24 22:33:44.364  7510  7529 D M_InsDal: Lcom/fsck/k9/mailstore/LocalFolder;--->getMessage(Ljava/lang/String;)Lcom/fsck/k9/mailstore/LocalMessage;
05-24 22:33:44.364  7510  7510 D M_InsDal: Lcom/fsck/k9/activity/Accounts$AccountsHandler$1;--->run()V
05-24 22:33:44.364  7510  7510 D M_InsDal: Lcom/fsck/k9/activity/Accounts$AccountsHandler;--->setViewTitle()V
05-24 22:33:44.364  7510  7529 D M_InsDal: Lcom/fsck/k9/mailstore/LocalStore;--->getDatabase()Lcom/fsck/k9/mailstore/LockableDatabase;
05-24 22:33:44.364  7510  7510 D M_InsDal: Lcom/fsck/k9/activity/ActivityListener;--->getOperation(Landroid/content/Context;)Ljava/lang/String;
05-24 22:33:44.364  7510  7529 D M_InsDal: Lcom/fsck/k9/mailstore/LocalFolder$10;---><init>(Lcom/fsck/k9/mailstore/LocalFolder;Ljava/lang/String;)V
05-24 22:33:44.364  7510  7510 D M_InsDal: Lcom/fsck/k9/activity/ActivityListener;--->getActionInProgressOperation(Landroid/content/Context;)Ljava/lang/String;
05-24 22:33:44.364  7510  7529 D M_InsDal: Lcom/fsck/k9/mailstore/LockableDatabase;--->execute(ZLcom/fsck/k9/mailstore/LockableDatabase$DbCallback;)Ljava/lang/Object;
05-24 22:33:44.364  7510  7510 D M_InsDal: Lcom/fsck/k9/Account;--->getInboxFolderName()Ljava/lang/String;
05-24 22:33:44.364  7510  7529 D M_InsDal: Lcom/fsck/k9/mailstore/LockableDatabase;--->lockRead()V
05-24 22:33:44.364  7510  7529 D M_InsDal: Lcom/fsck/k9/mailstore/LockableDatabase;--->getStorageManager()Lcom/fsck/k9/mailstore/StorageManager;
05-24 22:33:44.364  7510  7529 D M_InsDal: Lcom/fsck/k9/mailstore/StorageManager;--->getInstance(Landroid/content/Context;)Lcom/fsck/k9/mailstore/StorageManager;
05-24 22:33:44.364  7510  7529 D M_InsDal: Lcom/fsck/k9/mailstore/StorageManager;--->lockProvider(Ljava/lang/String;)V
05-24 22:33:44.364  7510  7510 D M_InsDal: Lcom/fsck/k9/activity/Accounts$AccountsHandler$1;--->run()V
05-24 22:33:44.364  7510  7529 D M_InsDal: Lcom/fsck/k9/mailstore/StorageManager;--->getProvider(Ljava/lang/String;)Lcom/fsck/k9/mailstore/StorageManager$StorageProvider;
05-24 22:33:44.364  7510  7510 D M_InsDal: Lcom/fsck/k9/activity/Accounts$AccountsHandler;--->setViewTitle()V
05-24 22:33:44.364  7510  7510 D M_InsDal: Lcom/fsck/k9/activity/ActivityListener;--->getOperation(Landroid/content/Context;)Ljava/lang/String;
05-24 22:33:44.364  7510  7510 D M_InsDal: Lcom/fsck/k9/activity/ActivityListener;--->getActionInProgressOperation(Landroid/content/Context;)Ljava/lang/String;
05-24 22:33:44.364  7510  7510 D M_InsDal: Lcom/fsck/k9/Account;--->getInboxFolderName()Ljava/lang/String;
05-24 22:33:44.364  7510  7529 D M_InsDal: Lcom/fsck/k9/mailstore/StorageManager$InternalStorageProvider;--->isReady(Landroid/content/Context;)Z
05-24 22:33:44.364  7510  7529 D M_InsDal: Lcom/fsck/k9/K9;--->isDebug()Z
05-24 22:33:44.364  7510  7529 D M_InsDal: Lcom/fsck/k9/mailstore/LocalFolder$10;--->doDbWork(Landroid/database/sqlite/SQLiteDatabase;)Lcom/fsck/k9/mailstore/LocalMessage;
05-24 22:33:44.364  7510  7510 D M_InsDal: Lcom/fsck/k9/activity/Accounts$AccountsHandler$1;--->run()V
05-24 22:33:44.364  7510  7510 D M_InsDal: Lcom/fsck/k9/activity/Accounts$AccountsHandler;--->setViewTitle()V
05-24 22:33:44.364  7510  7529 D M_InsDal: Lcom/fsck/k9/mailstore/LocalFolder;--->open(I)V
05-24 22:33:44.364  7510  7529 D M_InsDal: Lcom/fsck/k9/mailstore/LocalFolder;--->isOpen()Z
05-24 22:33:44.364  7510  7510 D M_InsDal: Lcom/fsck/k9/activity/ActivityListener;--->getOperation(Landroid/content/Context;)Ljava/lang/String;
05-24 22:33:44.364  7510  7529 D M_InsDal: Lcom/fsck/k9/mailstore/LocalFolder;--->getMode()I
05-24 22:33:44.364  7510  7510 D M_InsDal: Lcom/fsck/k9/activity/ActivityListener;--->getActionInProgressOperation(Landroid/content/Context;)Ljava/lang/String;
05-24 22:33:44.364  7510  7510 D M_InsDal: Lcom/fsck/k9/Account;--->getInboxFolderName()Ljava/lang/String;
05-24 22:33:44.364  7510  7529 D M_InsDal: Lcom/fsck/k9/mailstore/LocalMessage;---><init>(Lcom/fsck/k9/mailstore/LocalStore;Ljava/lang/String;Lcom/fsck/k9/mail/Folder;)V
05-24 22:33:44.364  7510  7529 D M_InsDal: Lcom/fsck/k9/mail/internet/MimeMessage;---><init>()V
05-24 22:33:44.364  7510  7529 D M_InsDal: Lcom/fsck/k9/mail/Message;---><init>()V
05-24 22:33:44.364  7510  7510 D M_InsDal: Lcom/fsck/k9/activity/Accounts$AccountsHandler$1;--->run()V
05-24 22:33:44.364  7510  7529 D M_InsDal: Lcom/fsck/k9/mail/internet/MimeHeader;---><init>()V
05-24 22:33:44.364  7510  7510 D M_InsDal: Lcom/fsck/k9/activity/Accounts$AccountsHandler;--->setViewTitle()V
05-24 22:33:44.364  7510  7529 D M_InsDal: Lcom/fsck/k9/mail/Message;--->getUid()Ljava/lang/String;
05-24 22:33:44.364  7510  7510 D M_InsDal: Lcom/fsck/k9/activity/ActivityListener;--->getOperation(Landroid/content/Context;)Ljava/lang/String;
05-24 22:33:44.364  7510  7510 D M_InsDal: Lcom/fsck/k9/activity/ActivityListener;--->getActionInProgressOperation(Landroid/content/Context;)Ljava/lang/String;
05-24 22:33:44.364  7510  7510 D M_InsDal: Lcom/fsck/k9/Account;--->getInboxFolderName()Ljava/lang/String;
05-24 22:33:44.364  7510  7510 D M_InsDal: Lcom/fsck/k9/activity/Accounts$AccountsHandler$1;--->run()V
05-24 22:33:44.364  7510  7510 D M_InsDal: Lcom/fsck/k9/activity/Accounts$AccountsHandler;--->setViewTitle()V
05-24 22:33:44.364  7510  7510 D M_InsDal: Lcom/fsck/k9/activity/ActivityListener;--->getOperation(Landroid/content/Context;)Ljava/lang/String;
05-24 22:33:44.364  7510  7510 D M_InsDal: Lcom/fsck/k9/activity/ActivityListener;--->getActionInProgressOperation(Landroid/content/Context;)Ljava/lang/String;
05-24 22:33:44.364  7510  7510 D M_InsDal: Lcom/fsck/k9/Account;--->getInboxFolderName()Ljava/lang/String;
05-24 22:33:44.364  7510  7510 D M_InsDal: Lcom/fsck/k9/activity/Accounts$AccountsHandler$1;--->run()V
05-24 22:33:44.364  7510  7510 D M_InsDal: Lcom/fsck/k9/activity/Accounts$AccountsHandler;--->setViewTitle()V
05-24 22:33:44.364  7510  7510 D M_InsDal: Lcom/fsck/k9/activity/ActivityListener;--->getOperation(Landroid/content/Context;)Ljava/lang/String;
05-24 22:33:44.364  7510  7510 D M_InsDal: Lcom/fsck/k9/activity/ActivityListener;--->getActionInProgressOperation(Landroid/content/Context;)Ljava/lang/String;
05-24 22:33:44.364  7510  7510 D M_InsDal: Lcom/fsck/k9/Account;--->getInboxFolderName()Ljava/lang/String;
05-24 22:33:44.364  7510  7510 D M_InsDal: Lcom/fsck/k9/activity/Accounts$AccountsHandler$1;--->run()V
05-24 22:33:44.364  7510  7510 D M_InsDal: Lcom/fsck/k9/activity/Accounts$AccountsHandler;--->setViewTitle()V
05-24 22:33:44.364  7510  7510 D M_InsDal: Lcom/fsck/k9/activity/ActivityListener;--->getOperation(Landroid/content/Context;)Ljava/lang/String;
05-24 22:33:44.364  7510  7510 D M_InsDal: Lcom/fsck/k9/activity/ActivityListener;--->getActionInProgressOperation(Landroid/content/Context;)Ljava/lang/String;
05-24 22:33:44.364  7510  7510 D M_InsDal: Lcom/fsck/k9/Account;--->getInboxFolderName()Ljava/lang/String;
05-24 22:33:44.364  7510  7510 D M_InsDal: Lcom/fsck/k9/activity/Accounts$AccountsHandler$1;--->run()V
05-24 22:33:44.364  7510  7510 D M_InsDal: Lcom/fsck/k9/activity/Accounts$AccountsHandler;--->setViewTitle()V
05-24 22:33:44.364  7510  7510 D M_InsDal: Lcom/fsck/k9/activity/ActivityListener;--->getOperation(Landroid/content/Context;)Ljava/lang/String;
05-24 22:33:44.364  7510  7510 D M_InsDal: Lcom/fsck/k9/activity/ActivityListener;--->getActionInProgressOperation(Landroid/content/Context;)Ljava/lang/String;
05-24 22:33:44.364  7510  7510 D M_InsDal: Lcom/fsck/k9/Account;--->getInboxFolderName()Ljava/lang/String;
05-24 22:33:44.364  7510  7510 D M_InsDal: Lcom/fsck/k9/activity/Accounts$AccountsHandler$1;--->run()V
05-24 22:33:44.364  7510  7510 D M_InsDal: Lcom/fsck/k9/activity/Accounts$AccountsHandler;--->setViewTitle()V
05-24 22:33:44.364  7510  7510 D M_InsDal: Lcom/fsck/k9/activity/ActivityListener;--->getOperation(Landroid/content/Context;)Ljava/lang/String;
05-24 22:33:44.364  7510  7510 D M_InsDal: Lcom/fsck/k9/activity/ActivityListener;--->getActionInProgressOperation(Landroid/content/Context;)Ljava/lang/String;
05-24 22:33:44.364  7510  7510 D M_InsDal: Lcom/fsck/k9/Account;--->getInboxFolderName()Ljava/lang/String;
05-24 22:33:44.364  7510  7510 D M_InsDal: Lcom/fsck/k9/activity/Accounts$AccountsHandler$1;--->run()V
05-24 22:33:44.364  7510  7510 D M_InsDal: Lcom/fsck/k9/activity/Accounts$AccountsHandler;--->setViewTitle()V
05-24 22:33:44.364  7510  7510 D M_InsDal: Lcom/fsck/k9/activity/ActivityListener;--->getOperation(Landroid/content/Context;)Ljava/lang/String;
05-24 22:33:44.364  7510  7510 D M_InsDal: Lcom/fsck/k9/activity/ActivityListener;--->getActionInProgressOperation(Landroid/content/Context;)Ljava/lang/String;
05-24 22:33:44.364  7510  7510 D M_InsDal: Lcom/fsck/k9/Account;--->getInboxFolderName()Ljava/lang/String;
05-24 22:33:44.364  7510  7510 D M_InsDal: Lcom/fsck/k9/activity/Accounts$AccountsHandler$1;--->run()V
05-24 22:33:44.364  7510  7510 D M_InsDal: Lcom/fsck/k9/activity/Accounts$AccountsHandler;--->setViewTitle()V
05-24 22:33:44.364  7510  7529 D M_InsDal: Lcom/fsck/k9/mailstore/LocalMessage;--->populateFromGetMessageCursor(Landroid/database/Cursor;)V
05-24 22:33:44.364  7510  7510 D M_InsDal: Lcom/fsck/k9/activity/ActivityListener;--->getOperation(Landroid/content/Context;)Ljava/lang/String;
05-24 22:33:44.364  7510  7510 D M_InsDal: Lcom/fsck/k9/activity/ActivityListener;--->getActionInProgressOperation(Landroid/content/Context;)Ljava/lang/String;
05-24 22:33:44.364  7510  7510 D M_InsDal: Lcom/fsck/k9/Account;--->getInboxFolderName()Ljava/lang/String;
05-24 22:33:44.364  7510  7529 D M_InsDal: Lcom/fsck/k9/mailstore/LocalMessage;--->setSubject(Ljava/lang/String;)V
05-24 22:33:44.364  7510  7529 D M_InsDal: Lcom/fsck/k9/mail/Address;--->unpack(Ljava/lang/String;)[Lcom/fsck/k9/mail/Address;
05-24 22:33:44.364  7510  7529 D M_InsDal: Lcom/fsck/k9/mail/Address;---><init>(Ljava/lang/String;Ljava/lang/String;Z)V
05-24 22:33:44.364  7510  7510 D M_InsDal: Lcom/fsck/k9/activity/Accounts$AccountsHandler$1;--->run()V
05-24 22:33:44.364  7510  7529 D M_InsDal: Lcom/fsck/k9/mailstore/LocalMessage;--->setFrom(Lcom/fsck/k9/mail/Address;)V
05-24 22:33:44.364  7510  7510 D M_InsDal: Lcom/fsck/k9/activity/Accounts$AccountsHandler;--->setViewTitle()V
05-24 22:33:44.364  7510  7510 D M_InsDal: Lcom/fsck/k9/activity/ActivityListener;--->getOperation(Landroid/content/Context;)Ljava/lang/String;
05-24 22:33:44.364  7510  7529 D M_InsDal: Lcom/fsck/k9/mail/internet/MimeMessage;--->setInternalSentDate(Ljava/util/Date;)V
05-24 22:33:44.364  7510  7510 D M_InsDal: Lcom/fsck/k9/activity/ActivityListener;--->getActionInProgressOperation(Landroid/content/Context;)Ljava/lang/String;
05-24 22:33:44.364  7510  7510 D M_InsDal: Lcom/fsck/k9/Account;--->getInboxFolderName()Ljava/lang/String;
05-24 22:33:44.364  7510  7529 D M_InsDal: Lcom/fsck/k9/mail/Message;--->setUid(Ljava/lang/String;)V
05-24 22:33:44.364  7510  7529 D M_InsDal: Lcom/fsck/k9/mailstore/LocalMessage;--->setUid(Ljava/lang/String;)V
05-24 22:33:44.364  7510  7529 D M_InsDal: Lcom/fsck/k9/mail/Flag;--->valueOf(Ljava/lang/String;)Lcom/fsck/k9/mail/Flag;
05-24 22:33:44.364  7510  7510 D M_InsDal: Lcom/fsck/k9/activity/Accounts$AccountsHandler$1;--->run()V
05-24 22:33:44.364  7510  7510 D M_InsDal: Lcom/fsck/k9/activity/Accounts$AccountsHandler;--->setViewTitle()V
05-24 22:33:44.364  7510  7529 D M_InsDal: Lcom/fsck/k9/mail/Message;--->setFlag(Lcom/fsck/k9/mail/Flag;Z)V
05-24 22:33:44.364  7510  7529 D M_InsDal: Lcom/fsck/k9/mailstore/LocalMessage;--->setFlagInternal(Lcom/fsck/k9/mail/Flag;Z)V
05-24 22:33:44.364  7510  7510 D M_InsDal: Lcom/fsck/k9/activity/ActivityListener;--->getOperation(Landroid/content/Context;)Ljava/lang/String;
05-24 22:33:44.364  7510  7529 D M_InsDal: Lcom/fsck/k9/mail/Address;--->unpack(Ljava/lang/String;)[Lcom/fsck/k9/mail/Address;
05-24 22:33:44.364  7510  7510 D M_InsDal: Lcom/fsck/k9/activity/ActivityListener;--->getActionInProgressOperation(Landroid/content/Context;)Ljava/lang/String;
05-24 22:33:44.364  7510  7510 D M_InsDal: Lcom/fsck/k9/Account;--->getInboxFolderName()Ljava/lang/String;
05-24 22:33:44.364  7510  7529 D M_InsDal: Lcom/fsck/k9/mail/Address;---><init>(Ljava/lang/String;Ljava/lang/String;Z)V
05-24 22:33:44.364  7510  7529 D M_InsDal: Lcom/fsck/k9/mailstore/LocalMessage;--->setRecipients(Lcom/fsck/k9/mail/Message$RecipientType;[Lcom/fsck/k9/mail/Address;)V
05-24 22:33:44.364  7510  7529 D M_InsDal: Lcom/fsck/k9/mail/Address;--->unpack(Ljava/lang/String;)[Lcom/fsck/k9/mail/Address;
05-24 22:33:44.364  7510  7529 D M_InsDal: Lcom/fsck/k9/mailstore/LocalMessage;--->setRecipients(Lcom/fsck/k9/mail/Message$RecipientType;[Lcom/fsck/k9/mail/Address;)V
05-24 22:33:44.364  7510  7529 D M_InsDal: Lcom/fsck/k9/mail/Address;--->unpack(Ljava/lang/String;)[Lcom/fsck/k9/mail/Address;
05-24 22:33:44.364  7510  7529 D M_InsDal: Lcom/fsck/k9/mailstore/LocalMessage;--->setRecipients(Lcom/fsck/k9/mail/Message$RecipientType;[Lcom/fsck/k9/mail/Address;)V
05-24 22:33:44.364  7510  7529 D M_InsDal: Lcom/fsck/k9/mail/Address;--->unpack(Ljava/lang/String;)[Lcom/fsck/k9/mail/Address;
05-24 22:33:44.364  7510  7529 D M_InsDal: Lcom/fsck/k9/mailstore/LocalMessage;--->setReplyTo([Lcom/fsck/k9/mail/Address;)V
05-24 22:33:44.364  7510  7529 D M_InsDal: Lcom/fsck/k9/mail/Message;--->setInternalDate(Ljava/util/Date;)V
05-24 22:33:44.364  7510  7529 D M_InsDal: Lcom/fsck/k9/mailstore/LocalMessage;--->setMessageId(Ljava/lang/String;)V
05-24 22:33:44.364  7510  7529 D M_InsDal: Lcom/fsck/k9/mailstore/DatabasePreviewType;--->fromDatabaseValue(Ljava/lang/String;)Lcom/fsck/k9/mailstore/DatabasePreviewType;
05-24 22:33:44.364  7510  7529 D M_InsDal: Lcom/fsck/k9/mailstore/DatabasePreviewType;--->values()[Lcom/fsck/k9/mailstore/DatabasePreviewType;
05-24 22:33:44.364  7510  7529 D M_InsDal: Lcom/fsck/k9/mailstore/DatabasePreviewType;--->getDatabaseValue()Ljava/lang/String;
05-24 22:33:44.364  7510  7529 D M_InsDal: Lcom/fsck/k9/mailstore/DatabasePreviewType;--->getDatabaseValue()Ljava/lang/String;
05-24 22:33:44.364  7510  7529 D M_InsDal: Lcom/fsck/k9/mailstore/DatabasePreviewType;--->getPreviewType()Lcom/fsck/k9/message/extractors/PreviewResult$PreviewType;
05-24 22:33:44.365  7510  7510 D M_InsDal: Lcom/fsck/k9/activity/Accounts$AccountsHandler$1;--->run()V
05-24 22:33:44.365  7510  7510 D M_InsDal: Lcom/fsck/k9/activity/Accounts$AccountsHandler;--->setViewTitle()V
05-24 22:33:44.365  7510  7510 D M_InsDal: Lcom/fsck/k9/activity/ActivityListener;--->getOperation(Landroid/content/Context;)Ljava/lang/String;
05-24 22:33:44.365  7510  7510 D M_InsDal: Lcom/fsck/k9/activity/ActivityListener;--->getActionInProgressOperation(Landroid/content/Context;)Ljava/lang/String;
05-24 22:33:44.365  7510  7510 D M_InsDal: Lcom/fsck/k9/Account;--->getInboxFolderName()Ljava/lang/String;
05-24 22:33:44.365  7510  7510 D M_InsDal: Lcom/fsck/k9/activity/Accounts$AccountsHandler$1;--->run()V
05-24 22:33:44.365  7510  7510 D M_InsDal: Lcom/fsck/k9/activity/Accounts$AccountsHandler;--->setViewTitle()V
05-24 22:33:44.365  7510  7510 D M_InsDal: Lcom/fsck/k9/activity/ActivityListener;--->getOperation(Landroid/content/Context;)Ljava/lang/String;
05-24 22:33:44.365  7510  7510 D M_InsDal: Lcom/fsck/k9/activity/ActivityListener;--->getActionInProgressOperation(Landroid/content/Context;)Ljava/lang/String;
05-24 22:33:44.365  7510  7510 D M_InsDal: Lcom/fsck/k9/Account;--->getInboxFolderName()Ljava/lang/String;
05-24 22:33:44.365  7510  7510 D M_InsDal: Lcom/fsck/k9/activity/Accounts$AccountsHandler$1;--->run()V
05-24 22:33:44.365  7510  7510 D M_InsDal: Lcom/fsck/k9/activity/Accounts$AccountsHandler;--->setViewTitle()V
05-24 22:33:44.365  7510  7510 D M_InsDal: Lcom/fsck/k9/activity/ActivityListener;--->getOperation(Landroid/content/Context;)Ljava/lang/String;
05-24 22:33:44.365  7510  7510 D M_InsDal: Lcom/fsck/k9/activity/ActivityListener;--->getActionInProgressOperation(Landroid/content/Context;)Ljava/lang/String;
05-24 22:33:44.365  7510  7510 D M_InsDal: Lcom/fsck/k9/Account;--->getInboxFolderName()Ljava/lang/String;
05-24 22:33:44.365  7510  7510 D M_InsDal: Lcom/fsck/k9/activity/Accounts$AccountsHandler$1;--->run()V
05-24 22:33:44.365  7510  7510 D M_InsDal: Lcom/fsck/k9/activity/Accounts$AccountsHandler;--->setViewTitle()V
05-24 22:33:44.365  7510  7510 D M_InsDal: Lcom/fsck/k9/activity/ActivityListener;--->getOperation(Landroid/content/Context;)Ljava/lang/String;
05-24 22:33:44.365  7510  7510 D M_InsDal: Lcom/fsck/k9/activity/ActivityListener;--->getActionInProgressOperation(Landroid/content/Context;)Ljava/lang/String;
05-24 22:33:44.365  7510  7510 D M_InsDal: Lcom/fsck/k9/Account;--->getInboxFolderName()Ljava/lang/String;
05-24 22:33:44.365  7510  7529 D M_InsDal: Lcom/fsck/k9/mail/Message;--->setFlag(Lcom/fsck/k9/mail/Flag;Z)V
05-24 22:33:44.365  7510  7529 D M_InsDal: Lcom/fsck/k9/mailstore/LocalMessage;--->setFlagInternal(Lcom/fsck/k9/mail/Flag;Z)V
05-24 22:33:44.365  7510  7529 D M_InsDal: Lcom/fsck/k9/mail/Message;--->setFlag(Lcom/fsck/k9/mail/Flag;Z)V
05-24 22:33:44.365  7510  7529 D M_InsDal: Lcom/fsck/k9/mailstore/LocalMessage;--->setFlagInternal(Lcom/fsck/k9/mail/Flag;Z)V
05-24 22:33:44.365  7510  7529 D M_InsDal: Lcom/fsck/k9/mail/Message;--->setFlag(Lcom/fsck/k9/mail/Flag;Z)V
05-24 22:33:44.365  7510  7529 D M_InsDal: Lcom/fsck/k9/mailstore/LocalMessage;--->setFlagInternal(Lcom/fsck/k9/mail/Flag;Z)V
05-24 22:33:44.365  7510  7529 D M_InsDal: Lcom/fsck/k9/mail/Message;--->setFlag(Lcom/fsck/k9/mail/Flag;Z)V
05-24 22:33:44.365  7510  7529 D M_InsDal: Lcom/fsck/k9/mailstore/LocalMessage;--->setFlagInternal(Lcom/fsck/k9/mail/Flag;Z)V
05-24 22:33:44.365  7510  7529 D M_InsDal: Lcom/fsck/k9/mail/Message;--->setFlag(Lcom/fsck/k9/mail/Flag;Z)V
05-24 22:33:44.365  7510  7529 D M_InsDal: Lcom/fsck/k9/mailstore/LocalMessage;--->setFlagInternal(Lcom/fsck/k9/mail/Flag;Z)V
05-24 22:33:44.365  7510  7529 D M_InsDal: Lcom/fsck/k9/mailstore/LocalMessage;--->setMessagePartId(J)V
05-24 22:33:44.365  7510  7529 D M_InsDal: Lcom/fsck/k9/mail/message/MessageHeaderParser;--->parse(Lcom/fsck/k9/mail/Part;Ljava/io/InputStream;)V
05-24 22:33:44.365  7510  7529 D M_InsDal: Lcom/fsck/k9/mail/message/MessageHeaderParser;--->getMimeStreamParser()Lorg/apache/james/mime4j/parser/MimeStreamParser;
05-24 22:33:44.365  7510  7529 D M_InsDal: Lcom/fsck/k9/mail/message/MessageHeaderParser$MessageHeaderParserContentHandler;---><init>(Lcom/fsck/k9/mail/Part;)V
05-24 22:33:44.365  7510  7529 D M_InsDal: Lcom/fsck/k9/mail/message/MessageHeaderParser$MessageHeaderParserContentHandler;--->startMessage()V
05-24 22:33:44.365  7510  7529 D M_InsDal: Lcom/fsck/k9/mail/message/MessageHeaderParser$MessageHeaderParserContentHandler;--->startHeader()V
05-24 22:33:44.365  7510  7529 D M_InsDal: Lcom/fsck/k9/mail/message/MessageHeaderParser$MessageHeaderParserContentHandler;--->field(Lorg/apache/james/mime4j/stream/Field;)V
05-24 22:33:44.365  7510  7529 D M_InsDal: Lcom/fsck/k9/mail/internet/MimeMessage;--->addRawHeader(Ljava/lang/String;Ljava/lang/String;)V
05-24 22:33:44.365  7510  7529 D M_InsDal: Lcom/fsck/k9/mail/internet/MimeHeader;--->addRawHeader(Ljava/lang/String;Ljava/lang/String;)V
05-24 22:33:44.365  7510  7529 D M_InsDal: Lcom/fsck/k9/mail/internet/MimeHeader$Field;--->newRawField(Ljava/lang/String;Ljava/lang/String;)Lcom/fsck/k9/mail/internet/MimeHeader$Field;
05-24 22:33:44.365  7510  7529 D M_InsDal: Lcom/fsck/k9/mail/internet/MimeHeader$Field;---><init>(Ljava/lang/String;Ljava/lang/String;Ljava/lang/String;)V
05-24 22:33:44.365  7510  7529 D M_InsDal: Lcom/fsck/k9/mail/message/MessageHeaderParser$MessageHeaderParserContentHandler;--->field(Lorg/apache/james/mime4j/stream/Field;)V
05-24 22:33:44.365  7510  7529 D M_InsDal: Lcom/fsck/k9/mail/internet/MimeMessage;--->addRawHeader(Ljava/lang/String;Ljava/lang/String;)V
05-24 22:33:44.365  7510  7529 D M_InsDal: Lcom/fsck/k9/mail/internet/MimeHeader;--->addRawHeader(Ljava/lang/String;Ljava/lang/String;)V
05-24 22:33:44.365  7510  7529 D M_InsDal: Lcom/fsck/k9/mail/internet/MimeHeader$Field;--->newRawField(Ljava/lang/String;Ljava/lang/String;)Lcom/fsck/k9/mail/internet/MimeHeader$Field;
05-24 22:33:44.365  7510  7529 D M_InsDal: Lcom/fsck/k9/mail/internet/MimeHeader$Field;---><init>(Ljava/lang/String;Ljava/lang/String;Ljava/lang/String;)V
05-24 22:33:44.365  7510  7529 D M_InsDal: Lcom/fsck/k9/mail/message/MessageHeaderParser$MessageHeaderParserContentHandler;--->field(Lorg/apache/james/mime4j/stream/Field;)V
05-24 22:33:44.365  7510  7529 D M_InsDal: Lcom/fsck/k9/mail/internet/MimeMessage;--->addRawHeader(Ljava/lang/String;Ljava/lang/String;)V
05-24 22:33:44.365  7510  7529 D M_InsDal: Lcom/fsck/k9/mail/internet/MimeHeader;--->addRawHeader(Ljava/lang/String;Ljava/lang/String;)V
05-24 22:33:44.365  7510  7529 D M_InsDal: Lcom/fsck/k9/mail/internet/MimeHeader$Field;--->newRawField(Ljava/lang/String;Ljava/lang/String;)Lcom/fsck/k9/mail/internet/MimeHeader$Field;
05-24 22:33:44.365  7510  7529 D M_InsDal: Lcom/fsck/k9/mail/internet/MimeHeader$Field;---><init>(Ljava/lang/String;Ljava/lang/String;Ljava/lang/String;)V
05-24 22:33:44.365  7510  7529 D M_InsDal: Lcom/fsck/k9/mail/message/MessageHeaderParser$MessageHeaderParserContentHandler;--->field(Lorg/apache/james/mime4j/stream/Field;)V
05-24 22:33:44.365  7510  7529 D M_InsDal: Lcom/fsck/k9/mail/internet/MimeMessage;--->addRawHeader(Ljava/lang/String;Ljava/lang/String;)V
05-24 22:33:44.365  7510  7529 D M_InsDal: Lcom/fsck/k9/mail/internet/MimeHeader;--->addRawHeader(Ljava/lang/String;Ljava/lang/String;)V
05-24 22:33:44.365  7510  7529 D M_InsDal: Lcom/fsck/k9/mail/internet/MimeHeader$Field;--->newRawField(Ljava/lang/String;Ljava/lang/String;)Lcom/fsck/k9/mail/internet/MimeHeader$Field;
05-24 22:33:44.365  7510  7529 D M_InsDal: Lcom/fsck/k9/mail/internet/MimeHeader$Field;---><init>(Ljava/lang/String;Ljava/lang/String;Ljava/lang/String;)V
05-24 22:33:44.365  7510  7529 D M_InsDal: Lcom/fsck/k9/mail/message/MessageHeaderParser$MessageHeaderParserContentHandler;--->field(Lorg/apache/james/mime4j/stream/Field;)V
05-24 22:33:44.365  7510  7529 D M_InsDal: Lcom/fsck/k9/mail/internet/MimeMessage;--->addRawHeader(Ljava/lang/String;Ljava/lang/String;)V
05-24 22:33:44.365  7510  7529 D M_InsDal: Lcom/fsck/k9/mail/internet/MimeHeader;--->addRawHeader(Ljava/lang/String;Ljava/lang/String;)V
05-24 22:33:44.366  7510  7529 D M_InsDal: Lcom/fsck/k9/mail/internet/MimeHeader$Field;--->newRawField(Ljava/lang/String;Ljava/lang/String;)Lcom/fsck/k9/mail/internet/MimeHeader$Field;
05-24 22:33:44.366  7510  7529 D M_InsDal: Lcom/fsck/k9/mail/internet/MimeHeader$Field;---><init>(Ljava/lang/String;Ljava/lang/String;Ljava/lang/String;)V
05-24 22:33:44.366  7510  7529 D M_InsDal: Lcom/fsck/k9/mail/message/MessageHeaderParser$MessageHeaderParserContentHandler;--->field(Lorg/apache/james/mime4j/stream/Field;)V
05-24 22:33:44.366  7510  7529 D M_InsDal: Lcom/fsck/k9/mail/internet/MimeMessage;--->addRawHeader(Ljava/lang/String;Ljava/lang/String;)V
05-24 22:33:44.366  7510  7529 D M_InsDal: Lcom/fsck/k9/mail/internet/MimeHeader;--->addRawHeader(Ljava/lang/String;Ljava/lang/String;)V
05-24 22:33:44.366  7510  7529 D M_InsDal: Lcom/fsck/k9/mail/internet/MimeHeader$Field;--->newRawField(Ljava/lang/String;Ljava/lang/String;)Lcom/fsck/k9/mail/internet/MimeHeader$Field;
05-24 22:33:44.366  7510  7529 D M_InsDal: Lcom/fsck/k9/mail/internet/MimeHeader$Field;---><init>(Ljava/lang/String;Ljava/lang/String;Ljava/lang/String;)V
05-24 22:33:44.366  7510  7529 D M_InsDal: Lcom/fsck/k9/mail/message/MessageHeaderParser$MessageHeaderParserContentHandler;--->field(Lorg/apache/james/mime4j/stream/Field;)V
05-24 22:33:44.366  7510  7529 D M_InsDal: Lcom/fsck/k9/mail/internet/MimeMessage;--->addRawHeader(Ljava/lang/String;Ljava/lang/String;)V
05-24 22:33:44.366  7510  7529 D M_InsDal: Lcom/fsck/k9/mail/internet/MimeHeader;--->addRawHeader(Ljava/lang/String;Ljava/lang/String;)V
05-24 22:33:44.366  7510  7529 D M_InsDal: Lcom/fsck/k9/mail/internet/MimeHeader$Field;--->newRawField(Ljava/lang/String;Ljava/lang/String;)Lcom/fsck/k9/mail/internet/MimeHeader$Field;
05-24 22:33:44.366  7510  7529 D M_InsDal: Lcom/fsck/k9/mail/internet/MimeHeader$Field;---><init>(Ljava/lang/String;Ljava/lang/String;Ljava/lang/String;)V
05-24 22:33:44.366  7510  7529 D M_InsDal: Lcom/fsck/k9/mail/message/MessageHeaderParser$MessageHeaderParserContentHandler;--->field(Lorg/apache/james/mime4j/stream/Field;)V
05-24 22:33:44.366  7510  7529 D M_InsDal: Lcom/fsck/k9/mail/internet/MimeMessage;--->addRawHeader(Ljava/lang/String;Ljava/lang/String;)V
05-24 22:33:44.366  7510  7529 D M_InsDal: Lcom/fsck/k9/mail/internet/MimeHeader;--->addRawHeader(Ljava/lang/String;Ljava/lang/String;)V
05-24 22:33:44.366  7510  7529 D M_InsDal: Lcom/fsck/k9/mail/internet/MimeHeader$Field;--->newRawField(Ljava/lang/String;Ljava/lang/String;)Lcom/fsck/k9/mail/internet/MimeHeader$Field;
05-24 22:33:44.366  7510  7529 D M_InsDal: Lcom/fsck/k9/mail/internet/MimeHeader$Field;---><init>(Ljava/lang/String;Ljava/lang/String;Ljava/lang/String;)V
05-24 22:33:44.366  7510  7529 D M_InsDal: Lcom/fsck/k9/mail/message/MessageHeaderParser$MessageHeaderParserContentHandler;--->field(Lorg/apache/james/mime4j/stream/Field;)V
05-24 22:33:44.366  7510  7529 D M_InsDal: Lcom/fsck/k9/mail/internet/MimeMessage;--->addRawHeader(Ljava/lang/String;Ljava/lang/String;)V
05-24 22:33:44.366  7510  7529 D M_InsDal: Lcom/fsck/k9/mail/internet/MimeHeader;--->addRawHeader(Ljava/lang/String;Ljava/lang/String;)V
05-24 22:33:44.366  7510  7529 D M_InsDal: Lcom/fsck/k9/mail/internet/MimeHeader$Field;--->newRawField(Ljava/lang/String;Ljava/lang/String;)Lcom/fsck/k9/mail/internet/MimeHeader$Field;
05-24 22:33:44.366  7510  7529 D M_InsDal: Lcom/fsck/k9/mail/internet/MimeHeader$Field;---><init>(Ljava/lang/String;Ljava/lang/String;Ljava/lang/String;)V
05-24 22:33:44.366  7510  7529 D M_InsDal: Lcom/fsck/k9/mail/message/MessageHeaderParser$MessageHeaderParserContentHandler;--->field(Lorg/apache/james/mime4j/stream/Field;)V
05-24 22:33:44.366  7510  7529 D M_InsDal: Lcom/fsck/k9/mail/internet/MimeMessage;--->addRawHeader(Ljava/lang/String;Ljava/lang/String;)V
05-24 22:33:44.366  7510  7529 D M_InsDal: Lcom/fsck/k9/mail/internet/MimeHeader;--->addRawHeader(Ljava/lang/String;Ljava/lang/String;)V
05-24 22:33:44.366  7510  7529 D M_InsDal: Lcom/fsck/k9/mail/internet/MimeHeader$Field;--->newRawField(Ljava/lang/String;Ljava/lang/String;)Lcom/fsck/k9/mail/internet/MimeHeader$Field;
05-24 22:33:44.366  7510  7529 D M_InsDal: Lcom/fsck/k9/mail/internet/MimeHeader$Field;---><init>(Ljava/lang/String;Ljava/lang/String;Ljava/lang/String;)V
05-24 22:33:44.366  7510  7529 D M_InsDal: Lcom/fsck/k9/mail/message/MessageHeaderParser$MessageHeaderParserContentHandler;--->field(Lorg/apache/james/mime4j/stream/Field;)V
05-24 22:33:44.366  7510  7529 D M_InsDal: Lcom/fsck/k9/mail/internet/MimeMessage;--->addRawHeader(Ljava/lang/String;Ljava/lang/String;)V
05-24 22:33:44.366  7510  7529 D M_InsDal: Lcom/fsck/k9/mail/internet/MimeHeader;--->addRawHeader(Ljava/lang/String;Ljava/lang/String;)V
05-24 22:33:44.366  7510  7529 D M_InsDal: Lcom/fsck/k9/mail/internet/MimeHeader$Field;--->newRawField(Ljava/lang/String;Ljava/lang/String;)Lcom/fsck/k9/mail/internet/MimeHeader$Field;
05-24 22:33:44.366  7510  7529 D M_InsDal: Lcom/fsck/k9/mail/internet/MimeHeader$Field;---><init>(Ljava/lang/String;Ljava/lang/String;Ljava/lang/String;)V
05-24 22:33:44.366  7510  7529 D M_InsDal: Lcom/fsck/k9/mail/message/MessageHeaderParser$MessageHeaderParserContentHandler;--->field(Lorg/apache/james/mime4j/stream/Field;)V
05-24 22:33:44.366  7510  7529 D M_InsDal: Lcom/fsck/k9/mail/internet/MimeMessage;--->addRawHeader(Ljava/lang/String;Ljava/lang/String;)V
05-24 22:33:44.366  7510  7529 D M_InsDal: Lcom/fsck/k9/mail/internet/MimeHeader;--->addRawHeader(Ljava/lang/String;Ljava/lang/String;)V
05-24 22:33:44.366  7510  7529 D M_InsDal: Lcom/fsck/k9/mail/internet/MimeHeader$Field;--->newRawField(Ljava/lang/String;Ljava/lang/String;)Lcom/fsck/k9/mail/internet/MimeHeader$Field;
05-24 22:33:44.366  7510  7529 D M_InsDal: Lcom/fsck/k9/mail/internet/MimeHeader$Field;---><init>(Ljava/lang/String;Ljava/lang/String;Ljava/lang/String;)V
05-24 22:33:44.366  7510  7529 D M_InsDal: Lcom/fsck/k9/mail/message/MessageHeaderParser$MessageHeaderParserContentHandler;--->field(Lorg/apache/james/mime4j/stream/Field;)V
05-24 22:33:44.366  7510  7529 D M_InsDal: Lcom/fsck/k9/mail/internet/MimeMessage;--->addRawHeader(Ljava/lang/String;Ljava/lang/String;)V
05-24 22:33:44.366  7510  7529 D M_InsDal: Lcom/fsck/k9/mail/internet/MimeHeader;--->addRawHeader(Ljava/lang/String;Ljava/lang/String;)V
05-24 22:33:44.366  7510  7529 D M_InsDal: Lcom/fsck/k9/mail/internet/MimeHeader$Field;--->newRawField(Ljava/lang/String;Ljava/lang/String;)Lcom/fsck/k9/mail/internet/MimeHeader$Field;
05-24 22:33:44.366  7510  7529 D M_InsDal: Lcom/fsck/k9/mail/internet/MimeHeader$Field;---><init>(Ljava/lang/String;Ljava/lang/String;Ljava/lang/String;)V
05-24 22:33:44.366  7510  7529 D M_InsDal: Lcom/fsck/k9/mail/message/MessageHeaderParser$MessageHeaderParserContentHandler;--->endHeader()V
05-24 22:33:44.366  7510  7529 D M_InsDal: Lcom/fsck/k9/mail/message/MessageHeaderParser$MessageHeaderParserContentHandler;--->body(Lorg/apache/james/mime4j/stream/BodyDescriptor;Ljava/io/InputStream;)V
05-24 22:33:44.366  7510  7529 D M_InsDal: Lcom/fsck/k9/mail/message/MessageHeaderParser$MessageHeaderParserContentHandler;--->endMessage()V
05-24 22:33:44.366  7510  7529 D M_InsDal: Lcom/fsck/k9/helper/Utility;--->closeQuietly(Landroid/database/Cursor;)V
05-24 22:33:44.366  7510  7529 D M_InsDal: Lcom/fsck/k9/mailstore/LockableDatabase;--->unlockRead()V
05-24 22:33:44.366  7510  7529 D M_InsDal: Lcom/fsck/k9/mailstore/LockableDatabase;--->getStorageManager()Lcom/fsck/k9/mailstore/StorageManager;
05-24 22:33:44.366  7510  7529 D M_InsDal: Lcom/fsck/k9/mailstore/StorageManager;--->getInstance(Landroid/content/Context;)Lcom/fsck/k9/mailstore/StorageManager;
05-24 22:33:44.366  7510  7529 D M_InsDal: Lcom/fsck/k9/mailstore/StorageManager;--->unlockProvider(Ljava/lang/String;)V
05-24 22:33:44.366  7510  7529 D M_InsDal: Lcom/fsck/k9/mailstore/StorageManager;--->getProvider(Ljava/lang/String;)Lcom/fsck/k9/mailstore/StorageManager$StorageProvider;
05-24 22:33:44.366  7510  7529 D M_InsDal: Lcom/fsck/k9/mail/Message;--->isSet(Lcom/fsck/k9/mail/Flag;)Z
05-24 22:33:44.366  7510  7529 D M_InsDal: Lcom/fsck/k9/mail/Message;--->getUid()Ljava/lang/String;
05-24 22:33:44.366  7510  7529 D M_InsDal: Lcom/fsck/k9/mail/Message;--->isSet(Lcom/fsck/k9/mail/Flag;)Z
05-24 22:33:44.366  7510  7529 D M_InsDal: Lcom/fsck/k9/mailstore/LocalFolder;--->getPushState()Ljava/lang/String;
05-24 22:33:44.366  7510  7529 D M_InsDal: Lcom/fsck/k9/mail/store/imap/ImapFolder;--->getNewPushState(Ljava/lang/String;Lcom/fsck/k9/mail/Message;)Ljava/lang/String;
05-24 22:33:44.366  7510  7529 D M_InsDal: Lcom/fsck/k9/mail/Message;--->getUid()Ljava/lang/String;
05-24 22:33:44.366  7510  7529 D M_InsDal: Lcom/fsck/k9/mail/store/imap/ImapPushState;--->parse(Ljava/lang/String;)Lcom/fsck/k9/mail/store/imap/ImapPushState;
05-24 22:33:44.366  7510  7529 D M_InsDal: Lcom/fsck/k9/mail/store/imap/ImapPushState;---><init>(J)V
05-24 22:33:44.366  7510  7529 D M_InsDal: Lcom/fsck/k9/controller/imap/ImapSync;--->evaluateMessageForDownload(Lcom/fsck/k9/mail/Message;Ljava/lang/String;Lcom/fsck/k9/mailstore/LocalFolder;Lcom/fsck/k9/mail/Folder;Lcom/fsck/k9/Account;Ljava/util/List;Ljava/util/List;Z)V
05-24 22:33:44.366  7510  7529 D M_InsDal: Lcom/fsck/k9/mail/Message;--->isSet(Lcom/fsck/k9/mail/Flag;)Z
05-24 22:33:44.366  7510  7529 D M_InsDal: Lcom/fsck/k9/mail/Message;--->getUid()Ljava/lang/String;
05-24 22:33:44.366  7510  7529 D M_InsDal: Lcom/fsck/k9/mailstore/LocalFolder;--->getMessage(Ljava/lang/String;)Lcom/fsck/k9/mailstore/LocalMessage;
05-24 22:33:44.366  7510  7529 D M_InsDal: Lcom/fsck/k9/mailstore/LocalStore;--->getDatabase()Lcom/fsck/k9/mailstore/LockableDatabase;
05-24 22:33:44.366  7510  7529 D M_InsDal: Lcom/fsck/k9/mailstore/LocalFolder$10;---><init>(Lcom/fsck/k9/mailstore/LocalFolder;Ljava/lang/String;)V
05-24 22:33:44.366  7510  7529 D M_InsDal: Lcom/fsck/k9/mailstore/LockableDatabase;--->execute(ZLcom/fsck/k9/mailstore/LockableDatabase$DbCallback;)Ljava/lang/Object;
05-24 22:33:44.366  7510  7529 D M_InsDal: Lcom/fsck/k9/mailstore/LockableDatabase;--->lockRead()V
05-24 22:33:44.366  7510  7529 D M_InsDal: Lcom/fsck/k9/mailstore/LockableDatabase;--->getStorageManager()Lcom/fsck/k9/mailstore/StorageManager;
05-24 22:33:44.366  7510  7529 D M_InsDal: Lcom/fsck/k9/mailstore/StorageManager;--->getInstance(Landroid/content/Context;)Lcom/fsck/k9/mailstore/StorageManager;
05-24 22:33:44.366  7510  7529 D M_InsDal: Lcom/fsck/k9/mailstore/StorageManager;--->lockProvider(Ljava/lang/String;)V
05-24 22:33:44.366  7510  7529 D M_InsDal: Lcom/fsck/k9/mailstore/StorageManager;--->getProvider(Ljava/lang/String;)Lcom/fsck/k9/mailstore/StorageManager$StorageProvider;
05-24 22:33:44.366  7510  7529 D M_InsDal: Lcom/fsck/k9/mailstore/StorageManager$InternalStorageProvider;--->isReady(Landroid/content/Context;)Z
05-24 22:33:44.366  7510  7529 D M_InsDal: Lcom/fsck/k9/K9;--->isDebug()Z
05-24 22:33:44.366  7510  7529 D M_InsDal: Lcom/fsck/k9/mailstore/LocalFolder$10;--->doDbWork(Landroid/database/sqlite/SQLiteDatabase;)Lcom/fsck/k9/mailstore/LocalMessage;
05-24 22:33:44.366  7510  7529 D M_InsDal: Lcom/fsck/k9/mailstore/LocalFolder;--->open(I)V
05-24 22:33:44.366  7510  7529 D M_InsDal: Lcom/fsck/k9/mailstore/LocalFolder;--->isOpen()Z
05-24 22:33:44.366  7510  7529 D M_InsDal: Lcom/fsck/k9/mailstore/LocalFolder;--->getMode()I
05-24 22:33:44.366  7510  7529 D M_InsDal: Lcom/fsck/k9/mailstore/LocalMessage;---><init>(Lcom/fsck/k9/mailstore/LocalStore;Ljava/lang/String;Lcom/fsck/k9/mail/Folder;)V
05-24 22:33:44.366  7510  7529 D M_InsDal: Lcom/fsck/k9/mail/internet/MimeMessage;---><init>()V
05-24 22:33:44.366  7510  7529 D M_InsDal: Lcom/fsck/k9/mail/Message;---><init>()V
05-24 22:33:44.367  7510  7529 D M_InsDal: Lcom/fsck/k9/mail/internet/MimeHeader;---><init>()V
05-24 22:33:44.367  7510  7529 D M_InsDal: Lcom/fsck/k9/mail/Message;--->getUid()Ljava/lang/String;
05-24 22:33:44.367  7510  7529 D M_InsDal: Lcom/fsck/k9/mailstore/LocalMessage;--->populateFromGetMessageCursor(Landroid/database/Cursor;)V
05-24 22:33:44.367  7510  7529 D M_InsDal: Lcom/fsck/k9/mailstore/LocalMessage;--->setSubject(Ljava/lang/String;)V
05-24 22:33:44.367  7510  7529 D M_InsDal: Lcom/fsck/k9/mail/Address;--->unpack(Ljava/lang/String;)[Lcom/fsck/k9/mail/Address;
05-24 22:33:44.367  7510  7529 D M_InsDal: Lcom/fsck/k9/mail/Address;---><init>(Ljava/lang/String;Ljava/lang/String;Z)V
05-24 22:33:44.367  7510  7529 D M_InsDal: Lcom/fsck/k9/mailstore/LocalMessage;--->setFrom(Lcom/fsck/k9/mail/Address;)V
05-24 22:33:44.367  7510  7529 D M_InsDal: Lcom/fsck/k9/mail/internet/MimeMessage;--->setInternalSentDate(Ljava/util/Date;)V
05-24 22:33:44.367  7510  7529 D M_InsDal: Lcom/fsck/k9/mail/Message;--->setUid(Ljava/lang/String;)V
05-24 22:33:44.367  7510  7529 D M_InsDal: Lcom/fsck/k9/mailstore/LocalMessage;--->setUid(Ljava/lang/String;)V
05-24 22:33:44.367  7510  7529 D M_InsDal: Lcom/fsck/k9/mail/Flag;--->valueOf(Ljava/lang/String;)Lcom/fsck/k9/mail/Flag;
05-24 22:33:44.367  7510  7529 D M_InsDal: Lcom/fsck/k9/mail/Message;--->setFlag(Lcom/fsck/k9/mail/Flag;Z)V
05-24 22:33:44.367  7510  7529 D M_InsDal: Lcom/fsck/k9/mailstore/LocalMessage;--->setFlagInternal(Lcom/fsck/k9/mail/Flag;Z)V
05-24 22:33:44.367  7510  7529 D M_InsDal: Lcom/fsck/k9/mail/Address;--->unpack(Ljava/lang/String;)[Lcom/fsck/k9/mail/Address;
05-24 22:33:44.367  7510  7529 D M_InsDal: Lcom/fsck/k9/mail/Address;---><init>(Ljava/lang/String;Ljava/lang/String;Z)V
05-24 22:33:44.367  7510  7529 D M_InsDal: Lcom/fsck/k9/mailstore/LocalMessage;--->setRecipients(Lcom/fsck/k9/mail/Message$RecipientType;[Lcom/fsck/k9/mail/Address;)V
05-24 22:33:44.367  7510  7529 D M_InsDal: Lcom/fsck/k9/mail/Address;--->unpack(Ljava/lang/String;)[Lcom/fsck/k9/mail/Address;
05-24 22:33:44.367  7510  7529 D M_InsDal: Lcom/fsck/k9/mailstore/LocalMessage;--->setRecipients(Lcom/fsck/k9/mail/Message$RecipientType;[Lcom/fsck/k9/mail/Address;)V
05-24 22:33:44.367  7510  7529 D M_InsDal: Lcom/fsck/k9/mail/Address;--->unpack(Ljava/lang/String;)[Lcom/fsck/k9/mail/Address;
05-24 22:33:44.367  7510  7529 D M_InsDal: Lcom/fsck/k9/mailstore/LocalMessage;--->setRecipients(Lcom/fsck/k9/mail/Message$RecipientType;[Lcom/fsck/k9/mail/Address;)V
05-24 22:33:44.367  7510  7529 D M_InsDal: Lcom/fsck/k9/mail/Address;--->unpack(Ljava/lang/String;)[Lcom/fsck/k9/mail/Address;
05-24 22:33:44.367  7510  7529 D M_InsDal: Lcom/fsck/k9/mailstore/LocalMessage;--->setReplyTo([Lcom/fsck/k9/mail/Address;)V
05-24 22:33:44.367  7510  7529 D M_InsDal: Lcom/fsck/k9/mail/Message;--->setInternalDate(Ljava/util/Date;)V
05-24 22:33:44.367  7510  7529 D M_InsDal: Lcom/fsck/k9/mailstore/LocalMessage;--->setMessageId(Ljava/lang/String;)V
05-24 22:33:44.367  7510  7529 D M_InsDal: Lcom/fsck/k9/mailstore/DatabasePreviewType;--->fromDatabaseValue(Ljava/lang/String;)Lcom/fsck/k9/mailstore/DatabasePreviewType;
05-24 22:33:44.367  7510  7529 D M_InsDal: Lcom/fsck/k9/mailstore/DatabasePreviewType;--->values()[Lcom/fsck/k9/mailstore/DatabasePreviewType;
05-24 22:33:44.367  7510  7529 D M_InsDal: Lcom/fsck/k9/mailstore/DatabasePreviewType;--->getDatabaseValue()Ljava/lang/String;
05-24 22:33:44.367  7510  7529 D M_InsDal: Lcom/fsck/k9/mailstore/DatabasePreviewType;--->getDatabaseValue()Ljava/lang/String;
05-24 22:33:44.367  7510  7529 D M_InsDal: Lcom/fsck/k9/mailstore/DatabasePreviewType;--->getPreviewType()Lcom/fsck/k9/message/extractors/PreviewResult$PreviewType;
05-24 22:33:44.367  7510  7529 D M_InsDal: Lcom/fsck/k9/mail/Message;--->setFlag(Lcom/fsck/k9/mail/Flag;Z)V
05-24 22:33:44.367  7510  7529 D M_InsDal: Lcom/fsck/k9/mailstore/LocalMessage;--->setFlagInternal(Lcom/fsck/k9/mail/Flag;Z)V
