05-24 22:39:05.736  8712  8712 D M_InsDal: Lcom/fsck/k9/notification/DeviceNotifications;---><init>(Lcom/fsck/k9/notification/NotificationController;Lcom/fsck/k9/notification/NotificationActionCreator;Lcom/fsck/k9/notification/LockScreenNotification;Lcom/fsck/k9/notification/WearNotifications;)V
05-24 22:39:05.736  8712  8712 D M_InsDal: Lcom/fsck/k9/notification/BaseNotifications;---><init>(Lcom/fsck/k9/notification/NotificationController;Lcom/fsck/k9/notification/NotificationActionCreator;)V
05-24 22:39:05.736  8712  8712 D M_InsDal: Lcom/fsck/k9/notification/NotificationController;--->getContext()Landroid/content/Context;
05-24 22:39:05.736  8712  8712 D M_InsDal: Lcom/fsck/k9/notification/NewMailNotifications;---><init>(Lcom/fsck/k9/notification/NotificationController;Lcom/fsck/k9/notification/NotificationContentCreator;Lcom/fsck/k9/notification/DeviceNotifications;Lcom/fsck/k9/notification/WearNotifications;)V
05-24 22:39:05.736  8712  8712 D M_InsDal: Lcom/fsck/k9/helper/Contacts;---><clinit>()V
05-24 22:39:05.736  8712  8712 D M_InsDal: Lcom/fsck/k9/helper/Contacts;--->getInstance(Landroid/content/Context;)Lcom/fsck/k9/helper/Contacts;
05-24 22:39:05.736  8712  8712 D M_InsDal: Lcom/fsck/k9/helper/Contacts;---><init>(Landroid/content/Context;)V
05-24 22:39:05.736  8712  8712 D M_InsDal: Lcom/fsck/k9/mail/TransportProvider;---><clinit>()V
05-24 22:39:05.736  8712  8712 D M_InsDal: Lcom/fsck/k9/mail/TransportProvider;---><init>()V
05-24 22:39:05.736  8712  8712 D M_InsDal: Lcom/fsck/k9/mail/TransportProvider;--->getInstance()Lcom/fsck/k9/mail/TransportProvider;
05-24 22:39:05.736  8712  8712 D M_InsDal: Lcom/fsck/k9/controller/MessagingController;---><init>(Landroid/content/Context;Lcom/fsck/k9/notification/NotificationController;Lcom/fsck/k9/helper/Contacts;Lcom/fsck/k9/mail/TransportProvider;)V
05-24 22:39:05.736  8712  8712 D M_InsDal: Lcom/fsck/k9/controller/MemorizingMessagingListener;---><init>()V
05-24 22:39:05.736  8712  8712 D M_InsDal: Lcom/fsck/k9/controller/SimpleMessagingListener;---><init>()V
05-24 22:39:05.736  8712  8712 D M_InsDal: Lcom/fsck/k9/controller/MessagingController$1;---><init>(Lcom/fsck/k9/controller/MessagingController;)V
05-24 22:39:05.736  8712  8712 D M_InsDal: Lcom/fsck/k9/controller/MessagingController;--->addListener(Lcom/fsck/k9/controller/MessagingListener;)V
05-24 22:39:05.736  8712  8712 D M_InsDal: Lcom/fsck/k9/controller/MessagingController;--->refreshListener(Lcom/fsck/k9/controller/MessagingListener;)V
05-24 22:39:05.736  8712  8712 D M_InsDal: Lcom/fsck/k9/controller/MemorizingMessagingListener;--->refreshOther(Lcom/fsck/k9/controller/MessagingListener;)V
05-24 22:39:05.736  8712  8712 D M_InsDal: Lcom/fsck/k9/K9$3;---><init>(Lcom/fsck/k9/K9;)V
05-24 22:39:05.736  8712  8712 D M_InsDal: Lcom/fsck/k9/controller/SimpleMessagingListener;---><init>()V
05-24 22:39:05.736  8712  8731 D M_InsDal: Lcom/fsck/k9/controller/MessagingController$1;--->run()V
05-24 22:39:05.736  8712  8712 D M_InsDal: Lcom/fsck/k9/controller/MessagingController;--->addListener(Lcom/fsck/k9/controller/MessagingListener;)V
05-24 22:39:05.736  8712  8712 D M_InsDal: Lcom/fsck/k9/controller/MessagingController;--->refreshListener(Lcom/fsck/k9/controller/MessagingListener;)V
05-24 22:39:05.736  8712  8712 D M_InsDal: Lcom/fsck/k9/controller/MemorizingMessagingListener;--->refreshOther(Lcom/fsck/k9/controller/MessagingListener;)V
05-24 22:39:05.736  8712  8712 D M_InsDal: Lcom/fsck/k9/K9;--->notifyObservers()V
05-24 22:39:05.736  8712  8731 D M_InsDal: Lcom/fsck/k9/controller/MessagingController;--->runInBackground()V
05-24 22:39:05.736  8712  8712 D M_InsDal: Lcom/fsck/k9/provider/MessageProvider$1;--->initializeComponent(Landroid/app/Application;)V
05-24 22:39:05.736  8712  8712 D M_InsDal: Lcom/fsck/k9/controller/MessagingController;--->getInstance(Landroid/content/Context;)Lcom/fsck/k9/controller/MessagingController;
05-24 22:39:05.736  8712  8712 D M_InsDal: Lcom/fsck/k9/provider/MessageProvider$1$1;---><init>(Lcom/fsck/k9/provider/MessageProvider$1;Landroid/app/Application;)V
05-24 22:39:05.736  8712  8712 D M_InsDal: Lcom/fsck/k9/controller/SimpleMessagingListener;---><init>()V
05-24 22:39:05.736  8712  8712 D M_InsDal: Lcom/fsck/k9/controller/MessagingController;--->addListener(Lcom/fsck/k9/controller/MessagingListener;)V
05-24 22:39:05.736  8712  8712 D M_InsDal: Lcom/fsck/k9/controller/MessagingController;--->refreshListener(Lcom/fsck/k9/controller/MessagingListener;)V
05-24 22:39:05.736  8712  8712 D M_InsDal: Lcom/fsck/k9/controller/MemorizingMessagingListener;--->refreshOther(Lcom/fsck/k9/controller/MessagingListener;)V
05-24 22:39:05.738  8712  8712 D M_InsDal: Lcom/fsck/k9/activity/MessageList;---><init>()V
05-24 22:39:05.738  8712  8712 D M_InsDal: Lcom/fsck/k9/activity/K9Activity;---><init>()V
05-24 22:39:05.738  8712  8712 D M_InsDal: Lcom/fsck/k9/activity/MessageList$StorageListenerImplementation;---><init>(Lcom/fsck/k9/activity/MessageList;)V
05-24 22:39:05.738  8712  8712 D M_InsDal: Lcom/fsck/k9/K9;--->messageViewShowNext()Z
05-24 22:39:05.739  8712  8712 D M_InsDal: Lcom/fsck/k9/activity/K9Activity;--->onCreate(Landroid/os/Bundle;)V
05-24 22:39:05.739  8712  8712 D M_InsDal: Lcom/fsck/k9/activity/K9ActivityCommon;--->newInstance(Landroid/app/Activity;)Lcom/fsck/k9/activity/K9ActivityCommon;
05-24 22:39:05.739  8712  8712 D M_InsDal: Lcom/fsck/k9/activity/K9ActivityCommon;---><init>(Landroid/app/Activity;)V
05-24 22:39:05.739  8712  8712 D M_InsDal: Lcom/fsck/k9/K9;--->getK9Language()Ljava/lang/String;
05-24 22:39:05.739  8712  8712 D M_InsDal: Lcom/fsck/k9/activity/K9ActivityCommon;--->setLanguage(Landroid/content/Context;Ljava/lang/String;)V
05-24 22:39:05.739  8712  8712 D M_InsDal: Lcom/fsck/k9/K9;--->getK9ThemeResourceId()I
05-24 22:39:05.739  8712  8712 D M_InsDal: Lcom/fsck/k9/K9;--->getK9ThemeResourceId(Lcom/fsck/k9/K9$Theme;)I
05-24 22:39:05.740  8712  8712 D M_InsDal: Lcom/fsck/k9/activity/MessageList;--->onCreate(Landroid/os/Bundle;)V
05-24 22:39:05.740  8712  8712 D M_InsDal: Lcom/fsck/k9/activity/UpgradeDatabases;--->actionUpgradeDatabases(Landroid/content/Context;Landroid/content/Intent;)Z
05-24 22:39:05.740  8712  8712 D M_InsDal: Lcom/fsck/k9/K9;--->areDatabasesUpToDate()Z
05-24 22:39:05.740  8712  8712 D M_InsDal: Lcom/fsck/k9/activity/MessageList;--->useSplitView()Z
05-24 22:39:05.740  8712  8712 D M_InsDal: Lcom/fsck/k9/K9;--->getSplitViewMode()Lcom/fsck/k9/K9$SplitViewMode;
05-24 22:39:05.746  8712  8712 D M_InsDal: Lcom/fsck/k9/view/ViewSwitcher;---><init>(Landroid/content/Context;Landroid/util/AttributeSet;)V
05-24 22:39:05.747  8712  8712 D M_InsDal: Lcom/fsck/k9/view/ViewSwitcher;--->setFirstInAnimation(Landroid/view/animation/Animation;)V
05-24 22:39:05.747  8712  8712 D M_InsDal: Lcom/fsck/k9/view/ViewSwitcher;--->setFirstOutAnimation(Landroid/view/animation/Animation;)V
05-24 22:39:05.747  8712  8712 D M_InsDal: Lcom/fsck/k9/view/ViewSwitcher;--->setSecondInAnimation(Landroid/view/animation/Animation;)V
05-24 22:39:05.747  8712  8712 D M_InsDal: Lcom/fsck/k9/view/ViewSwitcher;--->setSecondOutAnimation(Landroid/view/animation/Animation;)V
05-24 22:39:05.747  8712  8712 D M_InsDal: Lcom/fsck/k9/view/ViewSwitcher;--->setOnSwitchCompleteListener(Lcom/fsck/k9/view/ViewSwitcher$OnSwitchCompleteListener;)V
05-24 22:39:05.747  8712  8712 D M_InsDal: Lcom/fsck/k9/activity/MessageList;--->initializeActionBar()V
05-24 22:39:05.748  8712  8712 D M_InsDal: Lcom/fsck/k9/view/MessageTitleView;---><init>(Landroid/content/Context;Landroid/util/AttributeSet;)V
05-24 22:39:05.748  8712  8712 D M_InsDal: Lcom/fsck/k9/view/MessageTitleView;---><init>(Landroid/content/Context;Landroid/util/AttributeSet;I)V
05-24 22:39:05.748  8712  8712 D M_InsDal: Lcom/fsck/k9/view/MessageTitleView;--->onTextChanged(Ljava/lang/CharSequence;III)V
05-24 22:39:05.749  8712  8712 D M_InsDal: Lcom/fsck/k9/activity/MessageList;--->getActionButtonIndeterminateProgress()Landroid/view/View;
05-24 22:39:05.749  8712  8712 D M_InsDal: Lcom/fsck/k9/activity/K9Activity;--->setupGestureDetector(Lcom/fsck/k9/activity/misc/SwipeGestureDetector$OnSwipeGestureListener;)V
05-24 22:39:05.749  8712  8712 D M_InsDal: Lcom/fsck/k9/activity/K9ActivityCommon;--->setupGestureDetector(Lcom/fsck/k9/activity/misc/SwipeGestureDetector$OnSwipeGestureListener;)V
05-24 22:39:05.749  8712  8712 D M_InsDal: Lcom/fsck/k9/activity/misc/SwipeGestureDetector;---><init>(Landroid/content/Context;Lcom/fsck/k9/activity/misc/SwipeGestureDetector$OnSwipeGestureListener;)V
05-24 22:39:05.749  8712  8712 D M_InsDal: Lcom/fsck/k9/activity/MessageList;--->decodeExtras(Landroid/content/Intent;)Z
05-24 22:39:05.749  8712  8712 D M_InsDal: Lcom/fsck/k9/Preferences;--->getPreferences(Landroid/content/Context;)Lcom/fsck/k9/Preferences;
05-24 22:39:05.749  8712  8712 D M_InsDal: Lcom/fsck/k9/Preferences;--->getAvailableAccounts()Ljava/util/Collection;
05-24 22:39:05.749  8712  8712 D M_InsDal: Lcom/fsck/k9/Preferences;--->getAccounts()Ljava/util/List;
05-24 22:39:05.749  8712  8712 D M_InsDal: Lcom/fsck/k9/Account;--->isEnabled()Z
05-24 22:39:05.749  8712  8712 D M_InsDal: Lcom/fsck/k9/Account;--->isAvailable(Landroid/content/Context;)Z
05-24 22:39:05.749  8712  8712 D M_InsDal: Lcom/fsck/k9/Account;--->getLocalStorageProviderId()Ljava/lang/String;
05-24 22:39:05.749  8712  8712 D M_InsDal: Lcom/fsck/k9/mailstore/StorageManager;--->getInstance(Landroid/content/Context;)Lcom/fsck/k9/mailstore/StorageManager;
05-24 22:39:05.749  8712  8712 D M_InsDal: Lcom/fsck/k9/mailstore/StorageManager;--->isReady(Ljava/lang/String;)Z
05-24 22:39:05.749  8712  8712 D M_InsDal: Lcom/fsck/k9/mailstore/StorageManager;--->getProvider(Ljava/lang/String;)Lcom/fsck/k9/mailstore/StorageManager$StorageProvider;
05-24 22:39:05.749  8712  8712 D M_InsDal: Lcom/fsck/k9/mailstore/StorageManager$InternalStorageProvider;--->isReady(Landroid/content/Context;)Z
05-24 22:39:05.749  8712  8712 D M_InsDal: Lcom/fsck/k9/Account;--->getAccountNumber()I
05-24 22:39:05.749  8712  8712 D M_InsDal: Lcom/fsck/k9/activity/MessageReference;--->parse(Ljava/lang/String;)Lcom/fsck/k9/activity/MessageReference;
05-24 22:39:05.749  8712  8712 D M_InsDal: Lcom/fsck/k9/search/LocalSearch;---><clinit>()V
05-24 22:39:05.749  8712  8712 D M_InsDal: Lcom/fsck/k9/search/LocalSearch$1;---><init>()V
05-24 22:39:05.749  8712  8712 D M_InsDal: Lcom/fsck/k9/search/LocalSearch;---><init>(Ljava/lang/String;)V
05-24 22:39:05.749  8712  8712 D M_InsDal: Lcom/fsck/k9/search/LocalSearch;--->addAccountUuid(Ljava/lang/String;)V
05-24 22:39:05.749  8712  8712 D M_InsDal: Lcom/fsck/k9/Preferences;--->getPreferences(Landroid/content/Context;)Lcom/fsck/k9/Preferences;
05-24 22:39:05.749  8712  8712 D M_InsDal: Lcom/fsck/k9/search/LocalSearch;--->getAccountUuids()[Ljava/lang/String;
05-24 22:39:05.749  8712  8712 D M_InsDal: Lcom/fsck/k9/search/LocalSearch;--->searchAllAccounts()Z
05-24 22:39:05.749  8712  8712 D M_InsDal: Lcom/fsck/k9/Preferences;--->getAccount(Ljava/lang/String;)Lcom/fsck/k9/Account;
05-24 22:39:05.749  8712  8712 D M_InsDal: Lcom/fsck/k9/search/LocalSearch;--->getFolderNames()Ljava/util/List;
05-24 22:39:05.749  8712  8712 D M_InsDal: Lcom/fsck/k9/activity/MessageList;--->onAccountUnavailable()V
05-24 22:39:05.751  8712  8712 D M_InsDal: Lcom/fsck/k9/activity/Accounts;---><clinit>()V
05-24 22:39:05.752  8712  8712 D M_InsDal: Lcom/fsck/k9/activity/Accounts;--->listAccounts(Landroid/content/Context;)V
05-24 22:39:05.756  8712  8712 D M_InsDal: Lcom/fsck/k9/service/MailService;---><init>()V
05-24 22:39:05.756  8712  8712 D M_InsDal: Lcom/fsck/k9/service/CoreService;---><init>()V
05-24 22:39:05.756  8712  8712 D M_InsDal: Lcom/fsck/k9/service/CoreService;--->onCreate()V
05-24 22:39:05.757  8712  8712 D M_InsDal: Lcom/fsck/k9/service/MailService;--->onCreate()V
05-24 22:39:05.757  8712  8712 D M_InsDal: Lcom/fsck/k9/service/CoreService;--->onStartCommand(Landroid/content/Intent;II)I
05-24 22:39:05.757  8712  8712 D M_InsDal: Lcom/fsck/k9/service/CoreService;--->acquireWakeLock(Landroid/content/Context;Ljava/lang/String;J)Lcom/fsck/k9/mail/power/TracingPowerManager$TracingWakeLock;
05-24 22:39:05.757  8712  8712 D M_InsDal: Lcom/fsck/k9/mail/power/TracingPowerManager;--->getPowerManager(Landroid/content/Context;)Lcom/fsck/k9/mail/power/TracingPowerManager;
05-24 22:39:05.757  8712  8712 D M_InsDal: Lcom/fsck/k9/mail/power/TracingPowerManager;--->newWakeLock(ILjava/lang/String;)Lcom/fsck/k9/mail/power/TracingPowerManager$TracingWakeLock;
05-24 22:39:05.757  8712  8712 D M_InsDal: Lcom/fsck/k9/mail/power/TracingPowerManager$TracingWakeLock;---><init>(Lcom/fsck/k9/mail/power/TracingPowerManager;ILjava/lang/String;)V
05-24 22:39:05.757  8712  8712 D M_InsDal: Lcom/fsck/k9/mail/K9MailLib;--->isDebug()Z
05-24 22:39:05.757  8712  8712 D M_InsDal: Lcom/fsck/k9/K9$2;--->enabled()Z
05-24 22:39:05.757  8712  8712 D M_InsDal: Lcom/fsck/k9/mail/power/TracingPowerManager$TracingWakeLock;--->setReferenceCounted(Z)V
05-24 22:39:05.757  8712  8712 D M_InsDal: Lcom/fsck/k9/mail/power/TracingPowerManager$TracingWakeLock;--->acquire(J)V
05-24 22:39:05.757  8712  8712 D M_InsDal: Lcom/fsck/k9/mail/K9MailLib;--->isDebug()Z
05-24 22:39:05.757  8712  8712 D M_InsDal: Lcom/fsck/k9/K9$2;--->enabled()Z
05-24 22:39:05.757  8712  8712 D M_InsDal: Lcom/fsck/k9/mail/power/TracingPowerManager$TracingWakeLock;--->raiseNotification()V
05-24 22:39:05.757  8712  8712 D M_InsDal: Lcom/fsck/k9/mail/power/TracingPowerManager$TracingWakeLock;--->release()V
05-24 22:39:05.757  8712  8712 D M_InsDal: Lcom/fsck/k9/mail/K9MailLib;--->isDebug()Z
05-24 22:39:05.757  8712  8712 D M_InsDal: Lcom/fsck/k9/K9$2;--->enabled()Z
05-24 22:39:05.757  8712  8712 D M_InsDal: Lcom/fsck/k9/mail/power/TracingPowerManager$TracingWakeLock;--->cancelNotification()V
05-24 22:39:05.757  8712  8712 D M_InsDal: Lcom/fsck/k9/service/MailService;--->startService(Landroid/content/Intent;I)I
05-24 22:39:05.757  8712  8712 D M_InsDal: Lcom/fsck/k9/service/MailService;--->isSyncDisabled()Z
05-24 22:39:05.757  8712  8712 D M_InsDal: Lcom/fsck/k9/helper/Utility;--->hasConnectivity(Landroid/content/Context;)Z
05-24 22:39:05.758  8712  8712 D M_InsDal: Lcom/fsck/k9/K9;--->getBackgroundOps()Lcom/fsck/k9/K9$BACKGROUND_OPS;
05-24 22:39:05.758  8712  8712 D M_InsDal: Lcom/fsck/k9/service/MailService$5;---><clinit>()V
05-24 22:39:05.758  8712  8712 D M_InsDal: Lcom/fsck/k9/K9$BACKGROUND_OPS;--->values()[Lcom/fsck/k9/K9$BACKGROUND_OPS;
05-24 22:39:05.758  8712  8712 D M_InsDal: Lcom/fsck/k9/service/MailService;--->rescheduleAllInBackground(ZZLjava/lang/Integer;)V
05-24 22:39:05.758  8712  8712 D M_InsDal: Lcom/fsck/k9/service/MailService$1;---><init>(Lcom/fsck/k9/service/MailService;ZZ)V
05-24 22:39:05.758  8712  8712 D M_InsDal: Lcom/fsck/k9/service/CoreService;--->execute(Landroid/content/Context;Ljava/lang/Runnable;ILjava/lang/Integer;)V
05-24 22:39:05.758  8712  8712 D M_InsDal: Lcom/fsck/k9/service/CoreService;--->acquireWakeLock(Landroid/content/Context;Ljava/lang/String;J)Lcom/fsck/k9/mail/power/TracingPowerManager$TracingWakeLock;
05-24 22:39:05.758  8712  8712 D M_InsDal: Lcom/fsck/k9/mail/power/TracingPowerManager;--->getPowerManager(Landroid/content/Context;)Lcom/fsck/k9/mail/power/TracingPowerManager;
05-24 22:39:05.758  8712  8712 D M_InsDal: Lcom/fsck/k9/mail/power/TracingPowerManager;--->newWakeLock(ILjava/lang/String;)Lcom/fsck/k9/mail/power/TracingPowerManager$TracingWakeLock;
05-24 22:39:05.758  8712  8712 D M_InsDal: Lcom/fsck/k9/mail/power/TracingPowerManager$TracingWakeLock;---><init>(Lcom/fsck/k9/mail/power/TracingPowerManager;ILjava/lang/String;)V
05-24 22:39:05.758  8712  8712 D M_InsDal: Lcom/fsck/k9/mail/K9MailLib;--->isDebug()Z
05-24 22:39:05.758  8712  8712 D M_InsDal: Lcom/fsck/k9/K9$2;--->enabled()Z
05-24 22:39:05.758  8712  8712 D M_InsDal: Lcom/fsck/k9/mail/power/TracingPowerManager$TracingWakeLock;--->setReferenceCounted(Z)V
05-24 22:39:05.758  8712  8712 D M_InsDal: Lcom/fsck/k9/mail/power/TracingPowerManager$TracingWakeLock;--->acquire(J)V
05-24 22:39:05.758  8712  8712 D M_InsDal: Lcom/fsck/k9/mail/K9MailLib;--->isDebug()Z
05-24 22:39:05.758  8712  8712 D M_InsDal: Lcom/fsck/k9/K9$2;--->enabled()Z
05-24 22:39:05.758  8712  8712 D M_InsDal: Lcom/fsck/k9/mail/power/TracingPowerManager$TracingWakeLock;--->raiseNotification()V
05-24 22:39:05.758  8712  8712 D M_InsDal: Lcom/fsck/k9/service/CoreService$1;---><init>(Lcom/fsck/k9/service/CoreService;Ljava/lang/Runnable;Ljava/lang/Integer;Lcom/fsck/k9/mail/power/TracingPowerManager$TracingWakeLock;Z)V
05-24 22:39:05.758  8712  8712 D M_InsDal: Lcom/fsck/k9/service/MailService;--->isSyncDisabled()Z
05-24 22:39:05.758  8712  8712 D M_InsDal: Lcom/fsck/k9/mail/power/TracingPowerManager$TracingWakeLock;--->release()V
05-24 22:39:05.758  8712  8712 D M_InsDal: Lcom/fsck/k9/mail/K9MailLib;--->isDebug()Z
05-24 22:39:05.758  8712  8712 D M_InsDal: Lcom/fsck/k9/K9$2;--->enabled()Z
05-24 22:39:05.758  8712  8712 D M_InsDal: Lcom/fsck/k9/mail/power/TracingPowerManager$TracingWakeLock;--->cancelNotification()V
05-24 22:39:05.758  8712  8733 D M_InsDal: Lcom/fsck/k9/service/CoreService$1;--->run()V
05-24 22:39:05.758  8712  8733 D M_InsDal: Lcom/fsck/k9/service/MailService;--->isSyncDisabled()Z
05-24 22:39:05.758  8712  8733 D M_InsDal: Lcom/fsck/k9/service/MailService$1;--->run()V
05-24 22:39:05.758  8712  8733 D M_InsDal: Lcom/fsck/k9/service/MailService;--->reschedulePoll(ZZZ)V
05-24 22:39:05.758  8712  8733 D M_InsDal: Lcom/fsck/k9/Preferences;--->getPreferences(Landroid/content/Context;)Lcom/fsck/k9/Preferences;
05-24 22:39:05.758  8712  8733 D M_InsDal: Lcom/fsck/k9/Preferences;--->getStorage()Lcom/fsck/k9/preferences/Storage;
05-24 22:39:05.758  8712  8733 D M_InsDal: Lcom/fsck/k9/preferences/Storage;--->getInt(Ljava/lang/String;I)I
05-24 22:39:05.758  8712  8733 D M_InsDal: Lcom/fsck/k9/preferences/Storage;--->getLong(Ljava/lang/String;J)J
05-24 22:39:05.758  8712  8733 D M_InsDal: Lcom/fsck/k9/Preferences;--->getAvailableAccounts()Ljava/util/Collection;
05-24 22:39:05.758  8712  8733 D M_InsDal: Lcom/fsck/k9/Preferences;--->getAccounts()Ljava/util/List;
05-24 22:39:05.758  8712  8733 D M_InsDal: Lcom/fsck/k9/Account;--->isEnabled()Z
05-24 22:39:05.758  8712  8733 D M_InsDal: Lcom/fsck/k9/Account;--->isAvailable(Landroid/content/Context;)Z
05-24 22:39:05.758  8712  8733 D M_InsDal: Lcom/fsck/k9/Account;--->getLocalStorageProviderId()Ljava/lang/String;
05-24 22:39:05.759  8712  8733 D M_InsDal: Lcom/fsck/k9/mailstore/StorageManager;--->getInstance(Landroid/content/Context;)Lcom/fsck/k9/mailstore/StorageManager;
05-24 22:39:05.759  8712  8733 D M_InsDal: Lcom/fsck/k9/mailstore/StorageManager;--->isReady(Ljava/lang/String;)Z
05-24 22:39:05.759  8712  8733 D M_InsDal: Lcom/fsck/k9/mailstore/StorageManager;--->getProvider(Ljava/lang/String;)Lcom/fsck/k9/mailstore/StorageManager$StorageProvider;
05-24 22:39:05.759  8712  8733 D M_InsDal: Lcom/fsck/k9/mailstore/StorageManager$InternalStorageProvider;--->isReady(Landroid/content/Context;)Z
05-24 22:39:05.759  8712  8733 D M_InsDal: Lcom/fsck/k9/Account;--->getAutomaticCheckIntervalMinutes()I
05-24 22:39:05.759  8712  8733 D M_InsDal: Lcom/fsck/k9/preferences/Storage;--->edit()Lcom/fsck/k9/preferences/StorageEditor;
05-24 22:39:05.759  8712  8733 D M_InsDal: Lcom/fsck/k9/preferences/StorageEditor;---><init>(Lcom/fsck/k9/preferences/Storage;)V
05-24 22:39:05.759  8712  8733 D M_InsDal: Lcom/fsck/k9/preferences/Storage;--->getAll()Ljava/util/Map;
05-24 22:39:05.759  8712  8733 D M_InsDal: Lcom/fsck/k9/preferences/StorageEditor;--->putInt(Ljava/lang/String;I)Lcom/fsck/k9/preferences/StorageEditor;
05-24 22:39:05.759  8712  8733 D M_InsDal: Lcom/fsck/k9/preferences/StorageEditor;--->commit()Z
05-24 22:39:05.759  8712  8733 D M_InsDal: Lcom/fsck/k9/preferences/StorageEditor;--->commitChanges()V
05-24 22:39:05.759  8712  8733 D M_InsDal: Lcom/fsck/k9/preferences/StorageEditor$1;---><init>(Lcom/fsck/k9/preferences/StorageEditor;)V
05-24 22:39:05.759  8712  8733 D M_InsDal: Lcom/fsck/k9/preferences/Storage;--->doInTransaction(Ljava/lang/Runnable;)V
05-24 22:39:05.759  8712  8733 D M_InsDal: Lcom/fsck/k9/preferences/Storage;--->openDB()Landroid/database/sqlite/SQLiteDatabase;
05-24 22:39:05.760  8712  8733 D M_InsDal: Lcom/fsck/k9/preferences/StorageEditor$1;--->run()V
05-24 22:39:05.760  8712  8733 D M_InsDal: Lcom/fsck/k9/preferences/Storage;--->put(Ljava/util/Map;)V
05-24 22:39:05.760  8712  8733 D M_InsDal: Lcom/fsck/k9/service/MailService;--->cancel()V
05-24 22:39:05.761  8712  8733 D M_InsDal: Lcom/fsck/k9/service/CoreReceiver;---><clinit>()V
05-24 22:39:05.761  8712  8733 D M_InsDal: Lcom/fsck/k9/service/BootReceiver;--->cancelIntent(Landroid/content/Context;Landroid/content/Intent;)V
05-24 22:39:05.765  8712  8733 D M_InsDal: Lcom/fsck/k9/service/MailService;--->reschedulePushers(ZZ)V
05-24 22:39:05.765  8712  8733 D M_InsDal: Lcom/fsck/k9/service/MailService;--->stopPushers()V
05-24 22:39:05.765  8712  8733 D M_InsDal: Lcom/fsck/k9/controller/MessagingController;--->getInstance(Landroid/content/Context;)Lcom/fsck/k9/controller/MessagingController;
05-24 22:39:05.765  8712  8733 D M_InsDal: Lcom/fsck/k9/controller/MessagingController;--->stopAllPushing()V
05-24 22:39:05.765  8712  8712 D M_InsDal: Lcom/fsck/k9/activity/Accounts;---><init>()V
05-24 22:39:05.765  8712  8712 D M_InsDal: Lcom/fsck/k9/activity/K9ListActivity;---><init>()V
05-24 22:39:05.765  8712  8733 D M_InsDal: Lcom/fsck/k9/service/PushService;--->stopService(Landroid/content/Context;)V
05-24 22:39:05.765  8712  8733 D M_InsDal: Lcom/fsck/k9/service/CoreService;--->addWakeLock(Landroid/content/Context;Landroid/content/Intent;)V
05-24 22:39:05.765  8712  8733 D M_InsDal: Lcom/fsck/k9/service/CoreService;--->acquireWakeLock(Landroid/content/Context;Ljava/lang/String;J)Lcom/fsck/k9/mail/power/TracingPowerManager$TracingWakeLock;
05-24 22:39:05.765  8712  8712 D M_InsDal: Lcom/fsck/k9/activity/Accounts$AccountsHandler;---><init>(Lcom/fsck/k9/activity/Accounts;)V
05-24 22:39:05.765  8712  8733 D M_InsDal: Lcom/fsck/k9/mail/power/TracingPowerManager;--->getPowerManager(Landroid/content/Context;)Lcom/fsck/k9/mail/power/TracingPowerManager;
05-24 22:39:05.765  8712  8712 D M_InsDal: Lcom/fsck/k9/K9;--->getFontSizes()Lcom/fsck/k9/FontSizes;
05-24 22:39:05.765  8712  8733 D M_InsDal: Lcom/fsck/k9/mail/power/TracingPowerManager;--->newWakeLock(ILjava/lang/String;)Lcom/fsck/k9/mail/power/TracingPowerManager$TracingWakeLock;
05-24 22:39:05.765  8712  8733 D M_InsDal: Lcom/fsck/k9/mail/power/TracingPowerManager$TracingWakeLock;---><init>(Lcom/fsck/k9/mail/power/TracingPowerManager;ILjava/lang/String;)V
05-24 22:39:05.765  8712  8733 D M_InsDal: Lcom/fsck/k9/mail/K9MailLib;--->isDebug()Z
05-24 22:39:05.765  8712  8733 D M_InsDal: Lcom/fsck/k9/K9$2;--->enabled()Z
05-24 22:39:05.765  8712  8733 D M_InsDal: Lcom/fsck/k9/mail/power/TracingPowerManager$TracingWakeLock;--->setReferenceCounted(Z)V
05-24 22:39:05.765  8712  8733 D M_InsDal: Lcom/fsck/k9/mail/power/TracingPowerManager$TracingWakeLock;--->acquire(J)V
05-24 22:39:05.765  8712  8712 D M_InsDal: Lcom/fsck/k9/activity/Accounts$1;---><init>(Lcom/fsck/k9/activity/Accounts;)V
05-24 22:39:05.765  8712  8712 D M_InsDal: Lcom/fsck/k9/activity/ActivityListener;---><init>()V
05-24 22:39:05.765  8712  8712 D M_InsDal: Lcom/fsck/k9/controller/SimpleMessagingListener;---><init>()V
05-24 22:39:05.765  8712  8712 D M_InsDal: Lcom/fsck/k9/activity/ActivityListener$1;---><init>(Lcom/fsck/k9/activity/ActivityListener;)V
05-24 22:39:05.765  8712  8712 D M_InsDal: Lcom/fsck/k9/activity/Accounts$2;---><init>(Lcom/fsck/k9/activity/Accounts;)V
05-24 22:39:05.766  8712  8733 D M_InsDal: Lcom/fsck/k9/mail/K9MailLib;--->isDebug()Z
05-24 22:39:05.766  8712  8733 D M_InsDal: Lcom/fsck/k9/K9$2;--->enabled()Z
05-24 22:39:05.766  8712  8733 D M_InsDal: Lcom/fsck/k9/mail/power/TracingPowerManager$TracingWakeLock;--->raiseNotification()V
05-24 22:39:05.766  8712  8733 D M_InsDal: Lcom/fsck/k9/service/CoreService;--->registerWakeLock(Lcom/fsck/k9/mail/power/TracingPowerManager$TracingWakeLock;)Ljava/lang/Integer;
05-24 22:39:05.766  8712  8712 D M_InsDal: Lcom/fsck/k9/activity/K9ListActivity;--->onCreate(Landroid/os/Bundle;)V
05-24 22:39:05.766  8712  8712 D M_InsDal: Lcom/fsck/k9/activity/K9ActivityCommon;--->newInstance(Landroid/app/Activity;)Lcom/fsck/k9/activity/K9ActivityCommon;
05-24 22:39:05.766  8712  8712 D M_InsDal: Lcom/fsck/k9/activity/K9ActivityCommon;---><init>(Landroid/app/Activity;)V
05-24 22:39:05.766  8712  8712 D M_InsDal: Lcom/fsck/k9/K9;--->getK9Language()Ljava/lang/String;
05-24 22:39:05.766  8712  8712 D M_InsDal: Lcom/fsck/k9/activity/K9ActivityCommon;--->setLanguage(Landroid/content/Context;Ljava/lang/String;)V
05-24 22:39:05.766  8712  8712 D M_InsDal: Lcom/fsck/k9/K9;--->getK9ThemeResourceId()I
05-24 22:39:05.766  8712  8712 D M_InsDal: Lcom/fsck/k9/K9;--->getK9ThemeResourceId(Lcom/fsck/k9/K9$Theme;)I
05-24 22:39:05.766  8712  8733 D M_InsDal: Lcom/fsck/k9/service/MailService;--->setupPushers()V
05-24 22:39:05.766  8712  8733 D M_InsDal: Lcom/fsck/k9/Preferences;--->getPreferences(Landroid/content/Context;)Lcom/fsck/k9/Preferences;
05-24 22:39:05.766  8712  8712 D M_InsDal: Lcom/fsck/k9/activity/Accounts;--->onCreate(Landroid/os/Bundle;)V
05-24 22:39:05.766  8712  8712 D M_InsDal: Lcom/fsck/k9/K9;--->isHideSpecialAccounts()Z
05-24 22:39:05.766  8712  8712 D M_InsDal: Lcom/fsck/k9/activity/Accounts;--->createSpecialAccounts()V
05-24 22:39:05.766  8712  8733 D M_InsDal: Lcom/fsck/k9/Preferences;--->getAccounts()Ljava/util/List;
05-24 22:39:05.766  8712  8712 D M_InsDal: Lcom/fsck/k9/search/SearchAccount;--->createUnifiedInboxAccount(Landroid/content/Context;)Lcom/fsck/k9/search/SearchAccount;
05-24 22:39:05.766  8712  8733 D M_InsDal: Lcom/fsck/k9/Account;--->getDescription()Ljava/lang/String;
05-24 22:39:05.766  8712  8733 D M_InsDal: Lcom/fsck/k9/Account;--->isEnabled()Z
05-24 22:39:05.766  8712  8733 D M_InsDal: Lcom/fsck/k9/Account;--->isAvailable(Landroid/content/Context;)Z
05-24 22:39:05.766  8712  8733 D M_InsDal: Lcom/fsck/k9/Account;--->getLocalStorageProviderId()Ljava/lang/String;
05-24 22:39:05.766  8712  8733 D M_InsDal: Lcom/fsck/k9/mailstore/StorageManager;--->getInstance(Landroid/content/Context;)Lcom/fsck/k9/mailstore/StorageManager;
05-24 22:39:05.766  8712  8733 D M_InsDal: Lcom/fsck/k9/mailstore/StorageManager;--->isReady(Ljava/lang/String;)Z
05-24 22:39:05.766  8712  8712 D M_InsDal: Lcom/fsck/k9/search/LocalSearch;---><init>(Ljava/lang/String;)V
05-24 22:39:05.766  8712  8733 D M_InsDal: Lcom/fsck/k9/mailstore/StorageManager;--->getProvider(Ljava/lang/String;)Lcom/fsck/k9/mailstore/StorageManager$StorageProvider;
05-24 22:39:05.766  8712  8733 D M_InsDal: Lcom/fsck/k9/mailstore/StorageManager$InternalStorageProvider;--->isReady(Landroid/content/Context;)Z
05-24 22:39:05.766  8712  8733 D M_InsDal: Lcom/fsck/k9/controller/MessagingController;--->getInstance(Landroid/content/Context;)Lcom/fsck/k9/controller/MessagingController;
05-24 22:39:05.766  8712  8712 D M_InsDal: Lcom/fsck/k9/search/SearchSpecification$SearchField;---><clinit>()V
05-24 22:39:05.766  8712  8733 D M_InsDal: Lcom/fsck/k9/controller/MessagingController;--->setupPushing(Lcom/fsck/k9/Account;)Z
05-24 22:39:05.766  8712  8712 D M_InsDal: Lcom/fsck/k9/search/SearchSpecification$SearchField;---><init>(Ljava/lang/String;I)V
05-24 22:39:05.766  8712  8733 D M_InsDal: Lcom/fsck/k9/Account;--->hashCode()I
05-24 22:39:05.766  8712  8712 D M_InsDal: Lcom/fsck/k9/search/SearchSpecification$SearchField;---><init>(Ljava/lang/String;I)V
05-24 22:39:05.766  8712  8712 D M_InsDal: Lcom/fsck/k9/search/SearchSpecification$SearchField;---><init>(Ljava/lang/String;I)V
05-24 22:39:05.766  8712  8733 D M_InsDal: Lcom/fsck/k9/Account;--->getFolderDisplayMode()Lcom/fsck/k9/Account$FolderMode;
05-24 22:39:05.766  8712  8712 D M_InsDal: Lcom/fsck/k9/search/SearchSpecification$SearchField;---><init>(Ljava/lang/String;I)V
05-24 22:39:05.766  8712  8733 D M_InsDal: Lcom/fsck/k9/Account;--->getFolderPushMode()Lcom/fsck/k9/Account$FolderMode;
05-24 22:39:05.766  8712  8733 D M_InsDal: Lcom/fsck/k9/Account;--->getLocalStore()Lcom/fsck/k9/mailstore/LocalStore;
05-24 22:39:05.766  8712  8712 D M_InsDal: Lcom/fsck/k9/search/SearchSpecification$SearchField;---><init>(Ljava/lang/String;I)V
05-24 22:39:05.766  8712  8712 D M_InsDal: Lcom/fsck/k9/search/SearchSpecification$SearchField;---><init>(Ljava/lang/String;I)V
05-24 22:39:05.766  8712  8733 D M_InsDal: Lcom/fsck/k9/mailstore/LocalStore;---><clinit>()V
05-24 22:39:05.766  8712  8712 D M_InsDal: Lcom/fsck/k9/search/SearchSpecification$SearchField;---><init>(Ljava/lang/String;I)V
05-24 22:39:05.766  8712  8712 D M_InsDal: Lcom/fsck/k9/search/SearchSpecification$SearchField;---><init>(Ljava/lang/String;I)V
05-24 22:39:05.766  8712  8712 D M_InsDal: Lcom/fsck/k9/search/SearchSpecification$Attribute;---><clinit>()V
05-24 22:39:05.766  8712  8712 D M_InsDal: Lcom/fsck/k9/search/SearchSpecification$Attribute;---><init>(Ljava/lang/String;I)V
05-24 22:39:05.766  8712  8712 D M_InsDal: Lcom/fsck/k9/search/SearchSpecification$Attribute;---><init>(Ljava/lang/String;I)V
05-24 22:39:05.766  8712  8733 D M_InsDal: Lcom/fsck/k9/mailstore/LocalStore;--->getInstance(Lcom/fsck/k9/Account;Landroid/content/Context;)Lcom/fsck/k9/mailstore/LocalStore;
05-24 22:39:05.766  8712  8712 D M_InsDal: Lcom/fsck/k9/search/SearchSpecification$Attribute;---><init>(Ljava/lang/String;I)V
05-24 22:39:05.766  8712  8733 D M_InsDal: Lcom/fsck/k9/Account;--->getUuid()Ljava/lang/String;
05-24 22:39:05.766  8712  8712 D M_InsDal: Lcom/fsck/k9/search/SearchSpecification$Attribute;---><init>(Ljava/lang/String;I)V
05-24 22:39:05.766  8712  8712 D M_InsDal: Lcom/fsck/k9/search/SearchSpecification$Attribute;---><init>(Ljava/lang/String;I)V
05-24 22:39:05.766  8712  8733 D M_InsDal: Lcom/fsck/k9/mailstore/LocalStore;---><init>(Lcom/fsck/k9/Account;Landroid/content/Context;)V
05-24 22:39:05.766  8712  8733 D M_InsDal: Lcom/fsck/k9/mail/Store;---><init>()V
05-24 22:39:05.767  8712  8712 D M_InsDal: Lcom/fsck/k9/search/SearchSpecification$Attribute;---><init>(Ljava/lang/String;I)V
05-24 22:39:05.767  8712  8712 D M_InsDal: Lcom/fsck/k9/search/LocalSearch;--->and(Lcom/fsck/k9/search/SearchSpecification$SearchField;Ljava/lang/String;Lcom/fsck/k9/search/SearchSpecification$Attribute;)V
05-24 22:39:05.767  8712  8733 D M_InsDal: Lcom/fsck/k9/message/extractors/MessagePreviewCreator;--->newInstance()Lcom/fsck/k9/message/extractors/MessagePreviewCreator;
05-24 22:39:05.767  8712  8733 D M_InsDal: Lcom/fsck/k9/message/extractors/TextPartFinder;---><init>()V
05-24 22:39:05.767  8712  8712 D M_InsDal: Lcom/fsck/k9/search/SearchSpecification$SearchCondition;---><clinit>()V
05-24 22:39:05.767  8712  8733 D M_InsDal: Lcom/fsck/k9/message/extractors/PreviewTextExtractor;---><init>()V
05-24 22:39:05.767  8712  8733 D M_InsDal: Lcom/fsck/k9/message/extractors/EncryptionDetector;---><init>(Lcom/fsck/k9/message/extractors/TextPartFinder;)V
05-24 22:39:05.767  8712  8712 D M_InsDal: Lcom/fsck/k9/search/SearchSpecification$SearchCondition$1;---><init>()V
05-24 22:39:05.767  8712  8733 D M_InsDal: Lcom/fsck/k9/message/extractors/MessagePreviewCreator;---><init>(Lcom/fsck/k9/message/extractors/TextPartFinder;Lcom/fsck/k9/message/extractors/PreviewTextExtractor;Lcom/fsck/k9/message/extractors/EncryptionDetector;)V
05-24 22:39:05.767  8712  8712 D M_InsDal: Lcom/fsck/k9/search/SearchSpecification$SearchCondition;---><init>(Lcom/fsck/k9/search/SearchSpecification$SearchField;Lcom/fsck/k9/search/SearchSpecification$Attribute;Ljava/lang/String;)V
05-24 22:39:05.767  8712  8712 D M_InsDal: Lcom/fsck/k9/search/LocalSearch;--->and(Lcom/fsck/k9/search/SearchSpecification$SearchCondition;)Lcom/fsck/k9/search/ConditionsTreeNode;
05-24 22:39:05.767  8712  8733 D M_InsDal: Lcom/fsck/k9/message/extractors/MessageFulltextCreator;--->newInstance()Lcom/fsck/k9/message/extractors/MessageFulltextCreator;
05-24 22:39:05.767  8712  8733 D M_InsDal: Lcom/fsck/k9/message/extractors/TextPartFinder;---><init>()V
05-24 22:39:05.767  8712  8733 D M_InsDal: Lcom/fsck/k9/message/extractors/EncryptionDetector;---><init>(Lcom/fsck/k9/message/extractors/TextPartFinder;)V
05-24 22:39:05.767  8712  8733 D M_InsDal: Lcom/fsck/k9/message/extractors/MessageFulltextCreator;---><init>(Lcom/fsck/k9/message/extractors/TextPartFinder;Lcom/fsck/k9/message/extractors/EncryptionDetector;)V
05-24 22:39:05.767  8712  8712 D M_InsDal: Lcom/fsck/k9/search/ConditionsTreeNode;---><clinit>()V
05-24 22:39:05.767  8712  8733 D M_InsDal: Lcom/fsck/k9/message/extractors/AttachmentCounter;--->newInstance()Lcom/fsck/k9/message/extractors/AttachmentCounter;
05-24 22:39:05.767  8712  8733 D M_InsDal: Lcom/fsck/k9/message/extractors/TextPartFinder;---><init>()V
05-24 22:39:05.767  8712  8733 D M_InsDal: Lcom/fsck/k9/message/extractors/EncryptionDetector;---><init>(Lcom/fsck/k9/message/extractors/TextPartFinder;)V
05-24 22:39:05.767  8712  8733 D M_InsDal: Lcom/fsck/k9/message/extractors/AttachmentCounter;---><init>(Lcom/fsck/k9/message/extractors/EncryptionDetector;)V
05-24 22:39:05.767  8712  8712 D M_InsDal: Lcom/fsck/k9/search/ConditionsTreeNode$1;---><init>()V
05-24 22:39:05.767  8712  8712 D M_InsDal: Lcom/fsck/k9/search/ConditionsTreeNode;---><init>(Lcom/fsck/k9/search/SearchSpecification$SearchCondition;)V
05-24 22:39:05.767  8712  8733 D M_InsDal: Lcom/fsck/k9/controller/PendingCommandSerializer;---><clinit>()V
05-24 22:39:05.767  8712  8733 D M_InsDal: Lcom/fsck/k9/controller/PendingCommandSerializer;---><init>()V
05-24 22:39:05.767  8712  8712 D M_InsDal: Lcom/fsck/k9/search/ConditionsTreeNode$Operator;---><clinit>()V
05-24 22:39:05.767  8712  8712 D M_InsDal: Lcom/fsck/k9/search/ConditionsTreeNode$Operator;---><init>(Ljava/lang/String;I)V
05-24 22:39:05.767  8712  8712 D M_InsDal: Lcom/fsck/k9/search/ConditionsTreeNode$Operator;---><init>(Ljava/lang/String;I)V
05-24 22:39:05.767  8712  8712 D M_InsDal: Lcom/fsck/k9/search/LocalSearch;--->and(Lcom/fsck/k9/search/ConditionsTreeNode;)Lcom/fsck/k9/search/ConditionsTreeNode;
05-24 22:39:05.767  8712  8712 D M_InsDal: Lcom/fsck/k9/search/ConditionsTreeNode;--->getLeafSet()Ljava/util/Set;
05-24 22:39:05.767  8712  8712 D M_InsDal: Lcom/fsck/k9/search/ConditionsTreeNode;--->getLeafSet(Ljava/util/Set;)Ljava/util/Set;
05-24 22:39:05.767  8712  8712 D M_InsDal: Lcom/fsck/k9/search/SearchAccount;---><init>(Ljava/lang/String;Lcom/fsck/k9/search/LocalSearch;Ljava/lang/String;Ljava/lang/String;)V
05-24 22:39:05.767  8712  8712 D M_InsDal: Lcom/fsck/k9/search/SearchAccount;--->createAllMessagesAccount(Landroid/content/Context;)Lcom/fsck/k9/search/SearchAccount;
05-24 22:39:05.767  8712  8712 D M_InsDal: Lcom/fsck/k9/search/LocalSearch;---><init>(Ljava/lang/String;)V
05-24 22:39:05.767  8712  8712 D M_InsDal: Lcom/fsck/k9/search/LocalSearch;--->and(Lcom/fsck/k9/search/SearchSpecification$SearchField;Ljava/lang/String;Lcom/fsck/k9/search/SearchSpecification$Attribute;)V
05-24 22:39:05.767  8712  8712 D M_InsDal: Lcom/fsck/k9/search/SearchSpecification$SearchCondition;---><init>(Lcom/fsck/k9/search/SearchSpecification$SearchField;Lcom/fsck/k9/search/SearchSpecification$Attribute;Ljava/lang/String;)V
05-24 22:39:05.767  8712  8712 D M_InsDal: Lcom/fsck/k9/search/LocalSearch;--->and(Lcom/fsck/k9/search/SearchSpecification$SearchCondition;)Lcom/fsck/k9/search/ConditionsTreeNode;
05-24 22:39:05.767  8712  8712 D M_InsDal: Lcom/fsck/k9/search/ConditionsTreeNode;---><init>(Lcom/fsck/k9/search/SearchSpecification$SearchCondition;)V
05-24 22:39:05.767  8712  8712 D M_InsDal: Lcom/fsck/k9/search/LocalSearch;--->and(Lcom/fsck/k9/search/ConditionsTreeNode;)Lcom/fsck/k9/search/ConditionsTreeNode;
05-24 22:39:05.767  8712  8712 D M_InsDal: Lcom/fsck/k9/search/ConditionsTreeNode;--->getLeafSet()Ljava/util/Set;
05-24 22:39:05.767  8712  8712 D M_InsDal: Lcom/fsck/k9/search/ConditionsTreeNode;--->getLeafSet(Ljava/util/Set;)Ljava/util/Set;
05-24 22:39:05.767  8712  8712 D M_InsDal: Lcom/fsck/k9/search/SearchAccount;---><init>(Ljava/lang/String;Lcom/fsck/k9/search/LocalSearch;Ljava/lang/String;Ljava/lang/String;)V
05-24 22:39:05.767  8712  8712 D M_InsDal: Lcom/fsck/k9/Preferences;--->getPreferences(Landroid/content/Context;)Lcom/fsck/k9/Preferences;
05-24 22:39:05.767  8712  8712 D M_InsDal: Lcom/fsck/k9/Preferences;--->getAccounts()Ljava/util/List;
05-24 22:39:05.767  8712  8712 D M_InsDal: Lcom/fsck/k9/activity/UpgradeDatabases;--->actionUpgradeDatabases(Landroid/content/Context;Landroid/content/Intent;)Z
05-24 22:39:05.767  8712  8712 D M_InsDal: Lcom/fsck/k9/K9;--->areDatabasesUpToDate()Z
05-24 22:39:05.769  8712  8733 D M_InsDal: Lcom/fsck/k9/controller/PendingCommandSerializer;--->getInstance()Lcom/fsck/k9/controller/PendingCommandSerializer;
05-24 22:39:05.769  8712  8733 D M_InsDal: Lcom/fsck/k9/message/extractors/AttachmentInfoExtractor;--->getInstance()Lcom/fsck/k9/message/extractors/AttachmentInfoExtractor;
05-24 22:39:05.769  8712  8733 D M_InsDal: Lcom/fsck/k9/Globals;--->getContext()Landroid/content/Context;
05-24 22:39:05.769  8712  8733 D M_InsDal: Lcom/fsck/k9/message/extractors/AttachmentInfoExtractor;---><init>(Landroid/content/Context;)V
05-24 22:39:05.769  8712  8733 D M_InsDal: Lcom/fsck/k9/Account;--->getUuid()Ljava/lang/String;
05-24 22:39:05.769  8712  8733 D M_InsDal: Lcom/fsck/k9/mailstore/StoreSchemaDefinition;---><init>(Lcom/fsck/k9/mailstore/LocalStore;)V
05-24 22:39:05.769  8712  8733 D M_InsDal: Lcom/fsck/k9/mailstore/LockableDatabase;---><init>(Landroid/content/Context;Ljava/lang/String;Lcom/fsck/k9/mailstore/LockableDatabase$SchemaDefinition;)V
05-24 22:39:05.769  8712  8733 D M_InsDal: Lcom/fsck/k9/mailstore/LockableDatabase$StorageListener;---><init>(Lcom/fsck/k9/mailstore/LockableDatabase;)V
05-24 22:39:05.769  8712  8733 D M_InsDal: Lcom/fsck/k9/Account;--->getLocalStorageProviderId()Ljava/lang/String;
05-24 22:39:05.769  8712  8733 D M_InsDal: Lcom/fsck/k9/mailstore/LockableDatabase;--->setStorageProviderId(Ljava/lang/String;)V
05-24 22:39:05.769  8712  8733 D M_InsDal: Lcom/fsck/k9/mailstore/LockableDatabase;--->open()V
05-24 22:39:05.769  8712  8733 D M_InsDal: Lcom/fsck/k9/mailstore/LockableDatabase;--->lockWrite()V
05-24 22:39:05.769  8712  8733 D M_InsDal: Lcom/fsck/k9/mailstore/LockableDatabase;--->lockWrite(Ljava/lang/String;)V
05-24 22:39:05.769  8712  8733 D M_InsDal: Lcom/fsck/k9/mailstore/LockableDatabase;--->getStorageManager()Lcom/fsck/k9/mailstore/StorageManager;
05-24 22:39:05.769  8712  8733 D M_InsDal: Lcom/fsck/k9/mailstore/StorageManager;--->getInstance(Landroid/content/Context;)Lcom/fsck/k9/mailstore/StorageManager;
05-24 22:39:05.769  8712  8733 D M_InsDal: Lcom/fsck/k9/mailstore/StorageManager;--->lockProvider(Ljava/lang/String;)V
05-24 22:39:05.769  8712  8733 D M_InsDal: Lcom/fsck/k9/mailstore/StorageManager;--->getProvider(Ljava/lang/String;)Lcom/fsck/k9/mailstore/StorageManager$StorageProvider;
05-24 22:39:05.769  8712  8733 D M_InsDal: Lcom/fsck/k9/mailstore/StorageManager$InternalStorageProvider;--->isReady(Landroid/content/Context;)Z
05-24 22:39:05.769  8712  8733 D M_InsDal: Lcom/fsck/k9/mailstore/LockableDatabase;--->openOrCreateDataspace()V
05-24 22:39:05.769  8712  8733 D M_InsDal: Lcom/fsck/k9/mailstore/LockableDatabase;--->lockWrite()V
05-24 22:39:05.769  8712  8733 D M_InsDal: Lcom/fsck/k9/mailstore/LockableDatabase;--->lockWrite(Ljava/lang/String;)V
05-24 22:39:05.769  8712  8733 D M_InsDal: Lcom/fsck/k9/mailstore/LockableDatabase;--->getStorageManager()Lcom/fsck/k9/mailstore/StorageManager;
05-24 22:39:05.769  8712  8733 D M_InsDal: Lcom/fsck/k9/mailstore/StorageManager;--->getInstance(Landroid/content/Context;)Lcom/fsck/k9/mailstore/StorageManager;
05-24 22:39:05.770  8712  8733 D M_InsDal: Lcom/fsck/k9/mailstore/StorageManager;--->lockProvider(Ljava/lang/String;)V
05-24 22:39:05.770  8712  8733 D M_InsDal: Lcom/fsck/k9/mailstore/StorageManager;--->getProvider(Ljava/lang/String;)Lcom/fsck/k9/mailstore/StorageManager$StorageProvider;
05-24 22:39:05.770  8712  8733 D M_InsDal: Lcom/fsck/k9/mailstore/StorageManager$InternalStorageProvider;--->isReady(Landroid/content/Context;)Z
05-24 22:39:05.770  8712  8733 D M_InsDal: Lcom/fsck/k9/mailstore/LockableDatabase;--->prepareStorage(Ljava/lang/String;)Ljava/io/File;
05-24 22:39:05.770  8712  8733 D M_InsDal: Lcom/fsck/k9/mailstore/LockableDatabase;--->getStorageManager()Lcom/fsck/k9/mailstore/StorageManager;
05-24 22:39:05.770  8712  8733 D M_InsDal: Lcom/fsck/k9/mailstore/StorageManager;--->getInstance(Landroid/content/Context;)Lcom/fsck/k9/mailstore/StorageManager;
05-24 22:39:05.770  8712  8733 D M_InsDal: Lcom/fsck/k9/mailstore/StorageManager;--->getDatabase(Ljava/lang/String;Ljava/lang/String;)Ljava/io/File;
05-24 22:39:05.770  8712  8733 D M_InsDal: Lcom/fsck/k9/mailstore/StorageManager;--->getProvider(Ljava/lang/String;)Lcom/fsck/k9/mailstore/StorageManager$StorageProvider;
05-24 22:39:05.770  8712  8733 D M_InsDal: Lcom/fsck/k9/mailstore/StorageManager$InternalStorageProvider;--->getDatabase(Landroid/content/Context;Ljava/lang/String;)Ljava/io/File;
05-24 22:39:05.770  8712  8733 D M_InsDal: Lcom/fsck/k9/mailstore/StorageManager;--->getAttachmentDirectory(Ljava/lang/String;Ljava/lang/String;)Ljava/io/File;
05-24 22:39:05.770  8712  8733 D M_InsDal: Lcom/fsck/k9/mailstore/StorageManager;--->getProvider(Ljava/lang/String;)Lcom/fsck/k9/mailstore/StorageManager$StorageProvider;
05-24 22:39:05.770  8712  8733 D M_InsDal: Lcom/fsck/k9/mailstore/StorageManager$InternalStorageProvider;--->getAttachmentDirectory(Landroid/content/Context;Ljava/lang/String;)Ljava/io/File;
05-24 22:39:05.770  8712  8733 D M_InsDal: Lcom/fsck/k9/mailstore/LockableDatabase;--->doOpenOrCreateDb(Ljava/io/File;)V
05-24 22:39:05.770  8712  8733 D M_InsDal: Lcom/fsck/k9/mailstore/StoreSchemaDefinition;--->getVersion()I
05-24 22:39:05.771  8712  8733 D M_InsDal: Lcom/fsck/k9/mailstore/LockableDatabase;--->unlockWrite()V
05-24 22:39:05.771  8712  8733 D M_InsDal: Lcom/fsck/k9/mailstore/LockableDatabase;--->unlockWrite(Ljava/lang/String;)V
05-24 22:39:05.771  8712  8733 D M_InsDal: Lcom/fsck/k9/mailstore/LockableDatabase;--->getStorageManager()Lcom/fsck/k9/mailstore/StorageManager;
05-24 22:39:05.771  8712  8733 D M_InsDal: Lcom/fsck/k9/mailstore/StorageManager;--->getInstance(Landroid/content/Context;)Lcom/fsck/k9/mailstore/StorageManager;
05-24 22:39:05.771  8712  8733 D M_InsDal: Lcom/fsck/k9/mailstore/StorageManager;--->unlockProvider(Ljava/lang/String;)V
05-24 22:39:05.771  8712  8733 D M_InsDal: Lcom/fsck/k9/mailstore/StorageManager;--->getProvider(Ljava/lang/String;)Lcom/fsck/k9/mailstore/StorageManager$StorageProvider;
05-24 22:39:05.771  8712  8733 D M_InsDal: Lcom/fsck/k9/mailstore/LockableDatabase;--->unlockWrite()V
05-24 22:39:05.771  8712  8733 D M_InsDal: Lcom/fsck/k9/mailstore/LockableDatabase;--->unlockWrite(Ljava/lang/String;)V
05-24 22:39:05.771  8712  8733 D M_InsDal: Lcom/fsck/k9/mailstore/LockableDatabase;--->getStorageManager()Lcom/fsck/k9/mailstore/StorageManager;
05-24 22:39:05.771  8712  8733 D M_InsDal: Lcom/fsck/k9/mailstore/StorageManager;--->getInstance(Landroid/content/Context;)Lcom/fsck/k9/mailstore/StorageManager;
05-24 22:39:05.771  8712  8733 D M_InsDal: Lcom/fsck/k9/mailstore/StorageManager;--->unlockProvider(Ljava/lang/String;)V
05-24 22:39:05.771  8712  8733 D M_InsDal: Lcom/fsck/k9/mailstore/StorageManager;--->getProvider(Ljava/lang/String;)Lcom/fsck/k9/mailstore/StorageManager$StorageProvider;
05-24 22:39:05.771  8712  8733 D M_InsDal: Lcom/fsck/k9/mailstore/StorageManager;--->getInstance(Landroid/content/Context;)Lcom/fsck/k9/mailstore/StorageManager;
05-24 22:39:05.771  8712  8733 D M_InsDal: Lcom/fsck/k9/mailstore/StorageManager;--->addListener(Lcom/fsck/k9/mailstore/StorageManager$StorageListener;)V
05-24 22:39:05.771  8712  8733 D M_InsDal: Lcom/fsck/k9/mailstore/LocalStore;--->getPersonalNamespaces(Z)Ljava/util/List;
05-24 22:39:05.771  8712  8733 D M_InsDal: Lcom/fsck/k9/mailstore/LocalStore$6;---><init>(Lcom/fsck/k9/mailstore/LocalStore;Ljava/util/List;)V
05-24 22:39:05.771  8712  8733 D M_InsDal: Lcom/fsck/k9/mailstore/LockableDatabase;--->execute(ZLcom/fsck/k9/mailstore/LockableDatabase$DbCallback;)Ljava/lang/Object;
05-24 22:39:05.771  8712  8733 D M_InsDal: Lcom/fsck/k9/mailstore/LockableDatabase;--->lockRead()V
05-24 22:39:05.771  8712  8733 D M_InsDal: Lcom/fsck/k9/mailstore/LockableDatabase;--->getStorageManager()Lcom/fsck/k9/mailstore/StorageManager;
05-24 22:39:05.771  8712  8733 D M_InsDal: Lcom/fsck/k9/mailstore/StorageManager;--->getInstance(Landroid/content/Context;)Lcom/fsck/k9/mailstore/StorageManager;
05-24 22:39:05.771  8712  8733 D M_InsDal: Lcom/fsck/k9/mailstore/StorageManager;--->lockProvider(Ljava/lang/String;)V
05-24 22:39:05.771  8712  8733 D M_InsDal: Lcom/fsck/k9/mailstore/StorageManager;--->getProvider(Ljava/lang/String;)Lcom/fsck/k9/mailstore/StorageManager$StorageProvider;
05-24 22:39:05.771  8712  8733 D M_InsDal: Lcom/fsck/k9/mailstore/StorageManager$InternalStorageProvider;--->isReady(Landroid/content/Context;)Z
05-24 22:39:05.771  8712  8733 D M_InsDal: Lcom/fsck/k9/K9;--->isDebug()Z
05-24 22:39:05.771  8712  8733 D M_InsDal: Lcom/fsck/k9/mailstore/LocalStore$6;--->doDbWork(Landroid/database/sqlite/SQLiteDatabase;)Ljava/util/List;
05-24 22:39:05.771  8712  8733 D M_InsDal: Lcom/fsck/k9/mailstore/LocalFolder;---><init>(Lcom/fsck/k9/mailstore/LocalStore;Ljava/lang/String;)V
05-24 22:39:05.771  8712  8733 D M_InsDal: Lcom/fsck/k9/mail/Folder;---><init>()V
05-24 22:39:05.771  8712  8733 D M_InsDal: Lcom/fsck/k9/mail/Folder$FolderClass;---><clinit>()V
05-24 22:39:05.771  8712  8733 D M_InsDal: Lcom/fsck/k9/mail/Folder$FolderClass;---><init>(Ljava/lang/String;I)V
05-24 22:39:05.771  8712  8733 D M_InsDal: Lcom/fsck/k9/mail/Folder$FolderClass;---><init>(Ljava/lang/String;I)V
05-24 22:39:05.771  8712  8733 D M_InsDal: Lcom/fsck/k9/mailstore/LocalFolder$MoreMessages;---><clinit>()V
05-24 22:39:05.771  8712  8733 D M_InsDal: Lcom/fsck/k9/mailstore/LocalFolder$MoreMessages;---><init>(Ljava/lang/String;ILjava/lang/String;)V
05-24 22:39:05.771  8712  8733 D M_InsDal: Lcom/fsck/k9/mailstore/LocalFolder$MoreMessages;---><init>(Ljava/lang/String;ILjava/lang/String;)V
05-24 22:39:05.771  8712  8733 D M_InsDal: Lcom/fsck/k9/mailstore/LocalStore;--->getAttachmentInfoExtractor()Lcom/fsck/k9/message/extractors/AttachmentInfoExtractor;
05-24 22:39:05.771  8712  8733 D M_InsDal: Lcom/fsck/k9/mailstore/LocalFolder;--->getAccount()Lcom/fsck/k9/Account;
05-24 22:39:05.771  8712  8733 D M_InsDal: Lcom/fsck/k9/mailstore/LocalStore;--->getAccount()Lcom/fsck/k9/Account;
05-24 22:39:05.771  8712  8733 D M_InsDal: Lcom/fsck/k9/Account;--->getInboxFolderName()Ljava/lang/String;
05-24 22:39:05.771  8712  8733 D M_InsDal: Lcom/fsck/k9/mailstore/LocalFolder;--->getName()Ljava/lang/String;
05-24 22:39:05.771  8712  8733 D M_InsDal: Lcom/fsck/k9/mailstore/LocalFolder;--->open(Landroid/database/Cursor;)V
05-24 22:39:05.771  8712  8733 D M_InsDal: Lcom/fsck/k9/mail/Folder;--->setStatus(Ljava/lang/String;)V
05-24 22:39:05.771  8712  8733 D M_InsDal: Lcom/fsck/k9/mail/Folder;--->setLastChecked(J)V
05-24 22:39:05.771  8712  8733 D M_InsDal: Lcom/fsck/k9/mail/Folder;--->setLastPush(J)V
05-24 22:39:05.771  8712  8733 D M_InsDal: Lcom/fsck/k9/mail/Folder$FolderClass;--->valueOf(Ljava/lang/String;)Lcom/fsck/k9/mail/Folder$FolderClass;
05-24 22:39:05.771  8712  8733 D M_InsDal: Lcom/fsck/k9/mail/Folder$FolderClass;--->values()[Lcom/fsck/k9/mail/Folder$FolderClass;
05-24 22:39:05.771  8712  8733 D M_InsDal: Lcom/fsck/k9/mail/Folder$FolderClass;--->valueOf(Ljava/lang/String;)Lcom/fsck/k9/mail/Folder$FolderClass;
05-24 22:39:05.771  8712  8733 D M_InsDal: Lcom/fsck/k9/mail/Folder$FolderClass;--->valueOf(Ljava/lang/String;)Lcom/fsck/k9/mail/Folder$FolderClass;
05-24 22:39:05.771  8712  8733 D M_InsDal: Lcom/fsck/k9/mailstore/LocalFolder$MoreMessages;--->fromDatabaseName(Ljava/lang/String;)Lcom/fsck/k9/mailstore/LocalFolder$MoreMessages;
05-24 22:39:05.771  8712  8733 D M_InsDal: Lcom/fsck/k9/mailstore/LocalFolder$MoreMessages;--->values()[Lcom/fsck/k9/mailstore/LocalFolder$MoreMessages;
05-24 22:39:05.771  8712  8733 D M_InsDal: Lcom/fsck/k9/mailstore/LocalFolder;---><init>(Lcom/fsck/k9/mailstore/LocalStore;Ljava/lang/String;)V
05-24 22:39:05.771  8712  8733 D M_InsDal: Lcom/fsck/k9/mail/Folder;---><init>()V
05-24 22:39:05.771  8712  8733 D M_InsDal: Lcom/fsck/k9/mailstore/LocalStore;--->getAttachmentInfoExtractor()Lcom/fsck/k9/message/extractors/AttachmentInfoExtractor;
05-24 22:39:05.771  8712  8733 D M_InsDal: Lcom/fsck/k9/mailstore/LocalFolder;--->getAccount()Lcom/fsck/k9/Account;
05-24 22:39:05.771  8712  8733 D M_InsDal: Lcom/fsck/k9/mailstore/LocalStore;--->getAccount()Lcom/fsck/k9/Account;
05-24 22:39:05.771  8712  8733 D M_InsDal: Lcom/fsck/k9/Account;--->getInboxFolderName()Ljava/lang/String;
05-24 22:39:05.771  8712  8733 D M_InsDal: Lcom/fsck/k9/mailstore/LocalFolder;--->getName()Ljava/lang/String;
05-24 22:39:05.771  8712  8733 D M_InsDal: Lcom/fsck/k9/mailstore/LocalFolder;--->open(Landroid/database/Cursor;)V
05-24 22:39:05.771  8712  8733 D M_InsDal: Lcom/fsck/k9/mail/Folder;--->setStatus(Ljava/lang/String;)V
05-24 22:39:05.771  8712  8733 D M_InsDal: Lcom/fsck/k9/mail/Folder;--->setLastChecked(J)V
05-24 22:39:05.771  8712  8733 D M_InsDal: Lcom/fsck/k9/mail/Folder;--->setLastPush(J)V
05-24 22:39:05.771  8712  8733 D M_InsDal: Lcom/fsck/k9/mail/Folder$FolderClass;--->valueOf(Ljava/lang/String;)Lcom/fsck/k9/mail/Folder$FolderClass;
05-24 22:39:05.771  8712  8733 D M_InsDal: Lcom/fsck/k9/mail/Folder$FolderClass;--->valueOf(Ljava/lang/String;)Lcom/fsck/k9/mail/Folder$FolderClass;
05-24 22:39:05.771  8712  8733 D M_InsDal: Lcom/fsck/k9/mailstore/LocalFolder$MoreMessages;--->fromDatabaseName(Ljava/lang/String;)Lcom/fsck/k9/mailstore/LocalFolder$MoreMessages;
