--------- beginning of system
--------- beginning of main
06-09 10:42:45.501 26313 26313 D M_InsDal: Lfelixwiemuth/lincal/Main;---><clinit>()V
06-09 10:42:45.501 26313 26313 D M_InsDal: Lfelixwiemuth/lincal/Main;---><init>()V
06-09 10:42:45.501 26313 26313 D M_InsDal: Lfelixwiemuth/lincal/Main;--->attachBaseContext(Landroid/content/Context;)V
06-09 10:42:45.501 26313 26313 D M_InsDal: Lfelixwiemuth/lincal/LocaleHelper;--->onAttach(Landroid/content/Context;)Landroid/content/Context;
06-09 10:42:45.501 26313 26313 D M_InsDal: Lfelixwiemuth/lincal/LocaleHelper;--->getPersistedLocale(Landroid/content/Context;)Ljava/lang/String;
06-09 10:42:45.502 26313 26313 D M_InsDal: Lfelixwiemuth/lincal/LocaleHelper;--->setLocale(Landroid/content/Context;Ljava/lang/String;)Landroid/content/Context;
06-09 10:42:45.502 26313 26313 D M_InsDal: Lfelixwiemuth/lincal/LocaleHelper;--->updateResources(Landroid/content/Context;Ljava/util/Locale;)Landroid/content/Context;
06-09 10:42:45.503 26313 26313 D M_InsDal: Lfelixwiemuth/lincal/Main;--->onCreate()V
06-09 10:42:45.508 26313 26313 D M_InsDal: Lfelixwiemuth/lincal/ui/CalendarViewActivity;---><init>()V
06-09 10:42:45.508 26313 26313 D M_InsDal: Lfelixwiemuth/lincal/ui/LinCalMenuAppCompatActivity;---><init>()V
06-09 10:42:45.508 26313 26313 D M_InsDal: Lfelixwiemuth/lincal/ui/LinCalMenuAppCompatActivity;--->attachBaseContext(Landroid/content/Context;)V
06-09 10:42:45.508 26313 26313 D M_InsDal: Lfelixwiemuth/lincal/LocaleHelper;--->onAttach(Landroid/content/Context;)Landroid/content/Context;
06-09 10:42:45.508 26313 26313 D M_InsDal: Lfelixwiemuth/lincal/LocaleHelper;--->getPersistedLocale(Landroid/content/Context;)Ljava/lang/String;
06-09 10:42:45.508 26313 26313 D M_InsDal: Lfelixwiemuth/lincal/LocaleHelper;--->setLocale(Landroid/content/Context;Ljava/lang/String;)Landroid/content/Context;
06-09 10:42:45.508 26313 26313 D M_InsDal: Lfelixwiemuth/lincal/LocaleHelper;--->updateResources(Landroid/content/Context;Ljava/util/Locale;)Landroid/content/Context;
06-09 10:42:45.512 26313 26313 D M_InsDal: Lfelixwiemuth/lincal/ui/LinCalMenuAppCompatActivity;--->onCreate(Landroid/os/Bundle;)V
06-09 10:42:45.512 26313 26313 D M_InsDal: Lfelixwiemuth/lincal/LocaleHelper;--->getPersistedLocale(Landroid/content/Context;)Ljava/lang/String;
06-09 10:42:45.512 26313 26313 D M_InsDal: Lfelixwiemuth/lincal/ui/CalendarViewActivity;--->onCreate(Landroid/os/Bundle;)V
--------- beginning of crash
06-09 10:42:45.523 26313 26313 E AndroidRuntime: FATAL EXCEPTION: main
06-09 10:42:45.523 26313 26313 E AndroidRuntime: Process: felixwiemuth.lincal, PID: 26313
06-09 10:42:45.523 26313 26313 E AndroidRuntime: java.lang.RuntimeException: Unable to start activity ComponentInfo{felixwiemuth.lincal/felixwiemuth.lincal.ui.CalendarViewActivity}: java.lang.RuntimeException: Missing argument: CalendarViewFragment.ARG_CALENDAR_POS
06-09 10:42:45.523 26313 26313 E AndroidRuntime: 	at android.app.ActivityThread.performLaunchActivity(ActivityThread.java:2954)
06-09 10:42:45.523 26313 26313 E AndroidRuntime: 	at android.app.ActivityThread.handleLaunchActivity(ActivityThread.java:3089)
06-09 10:42:45.523 26313 26313 E AndroidRuntime: 	at android.app.servertransaction.LaunchActivityItem.execute(LaunchActivityItem.java:78)
06-09 10:42:45.523 26313 26313 E AndroidRuntime: 	at android.app.servertransaction.TransactionExecutor.executeCallbacks(TransactionExecutor.java:108)
06-09 10:42:45.523 26313 26313 E AndroidRuntime: 	at android.app.servertransaction.TransactionExecutor.execute(TransactionExecutor.java:68)
06-09 10:42:45.523 26313 26313 E AndroidRuntime: 	at android.app.ActivityThread$H.handleMessage(ActivityThread.java:1819)
06-09 10:42:45.523 26313 26313 E AndroidRuntime: 	at android.os.Handler.dispatchMessage(Handler.java:106)
06-09 10:42:45.523 26313 26313 E AndroidRuntime: 	at android.os.Looper.loop(Looper.java:193)
06-09 10:42:45.523 26313 26313 E AndroidRuntime: 	at android.app.ActivityThread.main(ActivityThread.java:6730)
06-09 10:42:45.523 26313 26313 E AndroidRuntime: 	at java.lang.reflect.Method.invoke(Native Method)
06-09 10:42:45.523 26313 26313 E AndroidRuntime: 	at com.android.internal.os.RuntimeInit$MethodAndArgsCaller.run(RuntimeInit.java:493)
06-09 10:42:45.523 26313 26313 E AndroidRuntime: 	at com.android.internal.os.ZygoteInit.main(ZygoteInit.java:860)
06-09 10:42:45.523 26313 26313 E AndroidRuntime: Caused by: java.lang.RuntimeException: Missing argument: CalendarViewFragment.ARG_CALENDAR_POS
06-09 10:42:45.523 26313 26313 E AndroidRuntime: 	at felixwiemuth.lincal.ui.CalendarViewActivity.onCreate(CalendarViewActivity.java:59)
06-09 10:42:45.523 26313 26313 E AndroidRuntime: 	at android.app.Activity.performCreate(Activity.java:7144)
06-09 10:42:45.523 26313 26313 E AndroidRuntime: 	at android.app.Activity.performCreate(Activity.java:7135)
06-09 10:42:45.523 26313 26313 E AndroidRuntime: 	at android.app.Instrumentation.callActivityOnCreate(Instrumentation.java:1271)
06-09 10:42:45.523 26313 26313 E AndroidRuntime: 	at android.app.ActivityThread.performLaunchActivity(ActivityThread.java:2934)
06-09 10:42:45.523 26313 26313 E AndroidRuntime: 	... 11 more
06-09 10:42:45.596 26335 26335 D M_InsDal: Lfelixwiemuth/lincal/Main;---><clinit>()V
06-09 10:42:45.596 26335 26335 D M_InsDal: Lfelixwiemuth/lincal/Main;---><init>()V
06-09 10:42:45.596 26335 26335 D M_InsDal: Lfelixwiemuth/lincal/Main;--->attachBaseContext(Landroid/content/Context;)V
06-09 10:42:45.596 26335 26335 D M_InsDal: Lfelixwiemuth/lincal/LocaleHelper;--->onAttach(Landroid/content/Context;)Landroid/content/Context;
06-09 10:42:45.596 26335 26335 D M_InsDal: Lfelixwiemuth/lincal/LocaleHelper;--->getPersistedLocale(Landroid/content/Context;)Ljava/lang/String;
06-09 10:42:45.597 26335 26335 D M_InsDal: Lfelixwiemuth/lincal/LocaleHelper;--->setLocale(Landroid/content/Context;Ljava/lang/String;)Landroid/content/Context;
06-09 10:42:45.597 26335 26335 D M_InsDal: Lfelixwiemuth/lincal/LocaleHelper;--->updateResources(Landroid/content/Context;Ljava/util/Locale;)Landroid/content/Context;
06-09 10:42:45.598 26335 26335 D M_InsDal: Lfelixwiemuth/lincal/Main;--->onCreate()V
06-09 10:42:46.181 26356 26356 D M_InsDal: Lcom/fsck/k9/K9;---><clinit>()V
06-09 10:42:46.181 26356 26356 D M_InsDal: Lcom/fsck/k9/K9$Theme;---><clinit>()V
06-09 10:42:46.181 26356 26356 D M_InsDal: Lcom/fsck/k9/K9$Theme;---><init>(Ljava/lang/String;I)V
06-09 10:42:46.181 26356 26356 D M_InsDal: Lcom/fsck/k9/K9$Theme;---><init>(Ljava/lang/String;I)V
06-09 10:42:46.181 26356 26356 D M_InsDal: Lcom/fsck/k9/FontSizes;---><init>()V
06-09 10:42:46.181 26356 26356 D M_InsDal: Lcom/fsck/k9/K9$BACKGROUND_OPS;---><clinit>()V
06-09 10:42:46.181 26356 26356 D M_InsDal: Lcom/fsck/k9/K9$BACKGROUND_OPS;---><init>(Ljava/lang/String;I)V
06-09 10:42:46.181 26356 26356 D M_InsDal: Lcom/fsck/k9/K9$BACKGROUND_OPS;---><init>(Ljava/lang/String;I)V
06-09 10:42:46.181 26356 26356 D M_InsDal: Lcom/fsck/k9/K9$NotificationHideSubject;---><clinit>()V
06-09 10:42:46.181 26356 26356 D M_InsDal: Lcom/fsck/k9/K9$NotificationHideSubject;---><init>(Ljava/lang/String;I)V
06-09 10:42:46.181 26356 26356 D M_InsDal: Lcom/fsck/k9/K9$NotificationHideSubject;---><init>(Ljava/lang/String;I)V
06-09 10:42:46.181 26356 26356 D M_InsDal: Lcom/fsck/k9/K9$NotificationQuickDelete;---><clinit>()V
06-09 10:42:46.181 26356 26356 D M_InsDal: Lcom/fsck/k9/K9$NotificationQuickDelete;---><init>(Ljava/lang/String;I)V
06-09 10:42:46.181 26356 26356 D M_InsDal: Lcom/fsck/k9/K9$NotificationQuickDelete;---><init>(Ljava/lang/String;I)V
06-09 10:42:46.181 26356 26356 D M_InsDal: Lcom/fsck/k9/K9$LockScreenNotificationVisibility;---><clinit>()V
06-09 10:42:46.181 26356 26356 D M_InsDal: Lcom/fsck/k9/K9$LockScreenNotificationVisibility;---><init>(Ljava/lang/String;I)V
06-09 10:42:46.181 26356 26356 D M_InsDal: Lcom/fsck/k9/K9$LockScreenNotificationVisibility;---><init>(Ljava/lang/String;I)V
06-09 10:42:46.181 26356 26356 D M_InsDal: Lcom/fsck/k9/K9$SplitViewMode;---><clinit>()V
06-09 10:42:46.181 26356 26356 D M_InsDal: Lcom/fsck/k9/K9$SplitViewMode;---><init>(Ljava/lang/String;I)V
06-09 10:42:46.181 26356 26356 D M_InsDal: Lcom/fsck/k9/K9$SplitViewMode;---><init>(Ljava/lang/String;I)V
06-09 10:42:46.181 26356 26356 D M_InsDal: Lcom/fsck/k9/K9;---><init>()V
06-09 10:42:46.181 26356 26356 D M_InsDal: Lcom/fsck/k9/provider/AttachmentTempFileProvider;---><clinit>()V
06-09 10:42:46.181 26356 26356 D M_InsDal: Lcom/fsck/k9/provider/AttachmentTempFileProvider;---><init>()V
06-09 10:42:46.182 26356 26356 D M_InsDal: Lcom/fsck/k9/provider/EmailProvider;---><clinit>()V
06-09 10:42:46.182 26356 26356 D M_InsDal: Lcom/fsck/k9/provider/EmailProvider;---><init>()V
06-09 10:42:46.182 26356 26356 D M_InsDal: Lcom/fsck/k9/provider/EmailProvider;--->onCreate()Z
06-09 10:42:46.182 26356 26356 D M_InsDal: Lcom/fsck/k9/provider/DecryptedFileProvider;---><clinit>()V
06-09 10:42:46.182 26356 26356 D M_InsDal: Lcom/fsck/k9/provider/DecryptedFileProvider;---><init>()V
06-09 10:42:46.182 26356 26356 D M_InsDal: Lcom/fsck/k9/provider/AttachmentProvider;---><clinit>()V
06-09 10:42:46.182 26356 26356 D M_InsDal: Lcom/fsck/k9/provider/AttachmentProvider;---><init>()V
06-09 10:42:46.182 26356 26356 D M_InsDal: Lcom/fsck/k9/provider/AttachmentProvider;--->onCreate()Z
06-09 10:42:46.182 26356 26356 D M_InsDal: Lcom/fsck/k9/provider/RawMessageProvider;---><clinit>()V
06-09 10:42:46.182 26356 26356 D M_InsDal: Lcom/fsck/k9/provider/RawMessageProvider;---><init>()V
06-09 10:42:46.182 26356 26356 D M_InsDal: Lcom/fsck/k9/provider/RawMessageProvider;--->onCreate()Z
06-09 10:42:46.182 26356 26356 D M_InsDal: Lcom/fsck/k9/provider/MessageProvider;---><clinit>()V
06-09 10:42:46.182 26356 26356 D M_InsDal: Lcom/fsck/k9/provider/MessageProvider;---><init>()V
06-09 10:42:46.182 26356 26356 D M_InsDal: Lcom/fsck/k9/provider/MessageProvider;--->onCreate()Z
06-09 10:42:46.183 26356 26356 D M_InsDal: Lcom/fsck/k9/helper/MessageHelper;--->getInstance(Landroid/content/Context;)Lcom/fsck/k9/helper/MessageHelper;
06-09 10:42:46.183 26356 26356 D M_InsDal: Lcom/fsck/k9/helper/MessageHelper;---><init>(Landroid/content/Context;)V
06-09 10:42:46.183 26356 26356 D M_InsDal: Lcom/fsck/k9/provider/MessageProvider$AccountsQueryHandler;---><init>(Lcom/fsck/k9/provider/MessageProvider;)V
06-09 10:42:46.183 26356 26356 D M_InsDal: Lcom/fsck/k9/provider/MessageProvider$ThrottlingQueryHandler;---><init>(Lcom/fsck/k9/provider/MessageProvider;Lcom/fsck/k9/provider/MessageProvider$QueryHandler;)V
06-09 10:42:46.183 26356 26356 D M_InsDal: Lcom/fsck/k9/provider/MessageProvider;--->registerQueryHandler(Lcom/fsck/k9/provider/MessageProvider$QueryHandler;)V
06-09 10:42:46.183 26356 26356 D M_InsDal: Lcom/fsck/k9/provider/MessageProvider$ThrottlingQueryHandler;--->getPath()Ljava/lang/String;
06-09 10:42:46.183 26356 26356 D M_InsDal: Lcom/fsck/k9/provider/MessageProvider$AccountsQueryHandler;--->getPath()Ljava/lang/String;
06-09 10:42:46.183 26356 26356 D M_InsDal: Lcom/fsck/k9/provider/MessageProvider$MessagesQueryHandler;---><init>(Lcom/fsck/k9/provider/MessageProvider;)V
06-09 10:42:46.183 26356 26356 D M_InsDal: Lcom/fsck/k9/provider/MessageProvider$ThrottlingQueryHandler;---><init>(Lcom/fsck/k9/provider/MessageProvider;Lcom/fsck/k9/provider/MessageProvider$QueryHandler;)V
06-09 10:42:46.183 26356 26356 D M_InsDal: Lcom/fsck/k9/provider/MessageProvider;--->registerQueryHandler(Lcom/fsck/k9/provider/MessageProvider$QueryHandler;)V
06-09 10:42:46.183 26356 26356 D M_InsDal: Lcom/fsck/k9/provider/MessageProvider$ThrottlingQueryHandler;--->getPath()Ljava/lang/String;
06-09 10:42:46.183 26356 26356 D M_InsDal: Lcom/fsck/k9/provider/MessageProvider$MessagesQueryHandler;--->getPath()Ljava/lang/String;
06-09 10:42:46.183 26356 26356 D M_InsDal: Lcom/fsck/k9/provider/MessageProvider$UnreadQueryHandler;---><init>(Lcom/fsck/k9/provider/MessageProvider;)V
06-09 10:42:46.183 26356 26356 D M_InsDal: Lcom/fsck/k9/provider/MessageProvider$ThrottlingQueryHandler;---><init>(Lcom/fsck/k9/provider/MessageProvider;Lcom/fsck/k9/provider/MessageProvider$QueryHandler;)V
06-09 10:42:46.183 26356 26356 D M_InsDal: Lcom/fsck/k9/provider/MessageProvider;--->registerQueryHandler(Lcom/fsck/k9/provider/MessageProvider$QueryHandler;)V
06-09 10:42:46.183 26356 26356 D M_InsDal: Lcom/fsck/k9/provider/MessageProvider$ThrottlingQueryHandler;--->getPath()Ljava/lang/String;
06-09 10:42:46.183 26356 26356 D M_InsDal: Lcom/fsck/k9/provider/MessageProvider$UnreadQueryHandler;--->getPath()Ljava/lang/String;
06-09 10:42:46.183 26356 26356 D M_InsDal: Lcom/fsck/k9/provider/MessageProvider$1;---><init>(Lcom/fsck/k9/provider/MessageProvider;)V
06-09 10:42:46.183 26356 26356 D M_InsDal: Lcom/fsck/k9/K9;--->registerApplicationAware(Lcom/fsck/k9/K9$ApplicationAware;)V
06-09 10:42:46.183 26356 26356 D M_InsDal: Lcom/fsck/k9/K9;--->onCreate()V
06-09 10:42:46.183 26356 26356 D M_InsDal: Lcom/fsck/k9/PRNGFixes;---><clinit>()V
06-09 10:42:46.183 26356 26356 D M_InsDal: Lcom/fsck/k9/PRNGFixes;--->getBuildFingerprintAndDeviceSerial()[B
06-09 10:42:46.183 26356 26356 D M_InsDal: Lcom/fsck/k9/PRNGFixes;--->getDeviceSerialNumber()Ljava/lang/String;
06-09 10:42:46.183 26356 26356 D M_InsDal: Lcom/fsck/k9/PRNGFixes;--->apply()V
06-09 10:42:46.183 26356 26356 D M_InsDal: Lcom/fsck/k9/PRNGFixes;--->applyOpenSSLFix()V
06-09 10:42:46.183 26356 26356 D M_InsDal: Lcom/fsck/k9/PRNGFixes;--->installLinuxPRNGSecureRandom()V
06-09 10:42:46.183 26356 26356 D M_InsDal: Lcom/fsck/k9/Globals;--->setContext(Landroid/content/Context;)V
06-09 10:42:46.183 26356 26356 D M_InsDal: Lcom/fsck/k9/K9$2;---><init>(Lcom/fsck/k9/K9;)V
06-09 10:42:46.183 26356 26356 D M_InsDal: Lcom/fsck/k9/mail/K9MailLib;---><clinit>()V
06-09 10:42:46.183 26356 26356 D M_InsDal: Lcom/fsck/k9/mail/K9MailLib$DefaultDebugStatus;---><init>()V
06-09 10:42:46.184 26356 26356 D M_InsDal: Lcom/fsck/k9/mail/K9MailLib;--->setDebugStatus(Lcom/fsck/k9/mail/K9MailLib$DebugStatus;)V
06-09 10:42:46.184 26356 26356 D M_InsDal: Lcom/fsck/k9/K9;--->checkCachedDatabaseVersion()V
06-09 10:42:46.184 26356 26356 D M_InsDal: Lcom/fsck/k9/K9;--->setDatabasesUpToDate(Z)V
06-09 10:42:46.184 26356 26356 D M_InsDal: Lcom/fsck/k9/Preferences;--->getPreferences(Landroid/content/Context;)Lcom/fsck/k9/Preferences;
06-09 10:42:46.184 26356 26356 D M_InsDal: Lcom/fsck/k9/Preferences;---><init>(Landroid/content/Context;)V
06-09 10:42:46.184 26356 26356 D M_InsDal: Lcom/fsck/k9/preferences/Storage;---><clinit>()V
06-09 10:42:46.184 26356 26356 D M_InsDal: Lcom/fsck/k9/preferences/Storage;--->getStorage(Landroid/content/Context;)Lcom/fsck/k9/preferences/Storage;
06-09 10:42:46.184 26356 26356 D M_InsDal: Lcom/fsck/k9/preferences/Storage;---><init>(Landroid/content/Context;)V
06-09 10:42:46.184 26356 26356 D M_InsDal: Lcom/fsck/k9/preferences/Storage;--->loadValues()V
06-09 10:42:46.184 26356 26356 D M_InsDal: Lcom/fsck/k9/preferences/Storage;--->openDB()Landroid/database/sqlite/SQLiteDatabase;
06-09 10:42:46.187 26356 26356 D M_InsDal: Lcom/fsck/k9/helper/Utility;---><clinit>()V
06-09 10:42:46.187 26356 26356 D M_InsDal: Lcom/fsck/k9/helper/Utility;--->closeQuietly(Landroid/database/Cursor;)V
06-09 10:42:46.188 26356 26356 D M_InsDal: Lcom/fsck/k9/preferences/Storage;--->isEmpty()Z
06-09 10:42:46.188 26356 26356 D M_InsDal: Lcom/fsck/k9/K9;--->loadPrefs(Lcom/fsck/k9/Preferences;)V
06-09 10:42:46.188 26356 26356 D M_InsDal: Lcom/fsck/k9/Preferences;--->getStorage()Lcom/fsck/k9/preferences/Storage;
06-09 10:42:46.188 26356 26356 D M_InsDal: Lcom/fsck/k9/preferences/Storage;--->getBoolean(Ljava/lang/String;Z)Z
06-09 10:42:46.188 26356 26356 D M_InsDal: Lcom/fsck/k9/K9;--->setDebug(Z)V
06-09 10:42:46.188 26356 26356 D M_InsDal: Lcom/fsck/k9/K9;--->updateLoggingStatus()V
06-09 10:42:46.188 26356 26356 D M_InsDal: Lcom/fsck/k9/preferences/Storage;--->getBoolean(Ljava/lang/String;Z)Z
06-09 10:42:46.188 26356 26356 D M_InsDal: Lcom/fsck/k9/preferences/Storage;--->getBoolean(Ljava/lang/String;Z)Z
06-09 10:42:46.188 26356 26356 D M_InsDal: Lcom/fsck/k9/preferences/Storage;--->getInt(Ljava/lang/String;I)I
06-09 10:42:46.188 26356 26356 D M_InsDal: Lcom/fsck/k9/preferences/Storage;--->getBoolean(Ljava/lang/String;Z)Z
06-09 10:42:46.188 26356 26356 D M_InsDal: Lcom/fsck/k9/preferences/Storage;--->getBoolean(Ljava/lang/String;Z)Z
06-09 10:42:46.188 26356 26356 D M_InsDal: Lcom/fsck/k9/preferences/Storage;--->getString(Ljava/lang/String;Ljava/lang/String;)Ljava/lang/String;
06-09 10:42:46.188 26356 26356 D M_InsDal: Lcom/fsck/k9/preferences/Storage;--->getString(Ljava/lang/String;Ljava/lang/String;)Ljava/lang/String;
06-09 10:42:46.188 26356 26356 D M_InsDal: Lcom/fsck/k9/preferences/Storage;--->getBoolean(Ljava/lang/String;Z)Z
06-09 10:42:46.188 26356 26356 D M_InsDal: Lcom/fsck/k9/preferences/Storage;--->getBoolean(Ljava/lang/String;Z)Z
06-09 10:42:46.188 26356 26356 D M_InsDal: Lcom/fsck/k9/preferences/Storage;--->getInt(Ljava/lang/String;I)I
06-09 10:42:46.188 26356 26356 D M_InsDal: Lcom/fsck/k9/preferences/Storage;--->getBoolean(Ljava/lang/String;Z)Z
06-09 10:42:46.188 26356 26356 D M_InsDal: Lcom/fsck/k9/preferences/Storage;--->getBoolean(Ljava/lang/String;Z)Z
06-09 10:42:46.188 26356 26356 D M_InsDal: Lcom/fsck/k9/preferences/Storage;--->getString(Ljava/lang/String;Ljava/lang/String;)Ljava/lang/String;
06-09 10:42:46.188 26356 26356 D M_InsDal: Lcom/fsck/k9/preferences/Storage;--->getBoolean(Ljava/lang/String;Z)Z
06-09 10:42:46.188 26356 26356 D M_InsDal: Lcom/fsck/k9/preferences/Storage;--->getBoolean(Ljava/lang/String;Z)Z
06-09 10:42:46.188 26356 26356 D M_InsDal: Lcom/fsck/k9/Account;---><clinit>()V
06-09 10:42:46.188 26356 26356 D M_InsDal: Lcom/fsck/k9/Account$MessageFormat;---><clinit>()V
06-09 10:42:46.188 26356 26356 D M_InsDal: Lcom/fsck/k9/Account$MessageFormat;---><init>(Ljava/lang/String;I)V
06-09 10:42:46.188 26356 26356 D M_InsDal: Lcom/fsck/k9/Account$MessageFormat;---><init>(Ljava/lang/String;I)V
06-09 10:42:46.188 26356 26356 D M_InsDal: Lcom/fsck/k9/Account$QuoteStyle;---><clinit>()V
06-09 10:42:46.188 26356 26356 D M_InsDal: Lcom/fsck/k9/Account$QuoteStyle;---><init>(Ljava/lang/String;I)V
06-09 10:42:46.188 26356 26356 D M_InsDal: Lcom/fsck/k9/Account$QuoteStyle;---><init>(Ljava/lang/String;I)V
06-09 10:42:46.188 26356 26356 D M_InsDal: Lcom/fsck/k9/Account$SortType;---><clinit>()V
06-09 10:42:46.188 26356 26356 D M_InsDal: Lcom/fsck/k9/Account$SortType;---><init>(Ljava/lang/String;IIIZ)V
06-09 10:42:46.188 26356 26356 D M_InsDal: Lcom/fsck/k9/Account$SortType;---><init>(Ljava/lang/String;IIIZ)V
06-09 10:42:46.188 26356 26356 D M_InsDal: Lcom/fsck/k9/preferences/Storage;--->getString(Ljava/lang/String;Ljava/lang/String;)Ljava/lang/String;
06-09 10:42:46.188 26356 26356 D M_InsDal: Lcom/fsck/k9/Account$SortType;--->valueOf(Ljava/lang/String;)Lcom/fsck/k9/Account$SortType;
06-09 10:42:46.188 26356 26356 D M_InsDal: Lcom/fsck/k9/Account$SortType;--->values()[Lcom/fsck/k9/Account$SortType;
06-09 10:42:46.188 26356 26356 D M_InsDal: Lcom/fsck/k9/preferences/Storage;--->getBoolean(Ljava/lang/String;Z)Z
06-09 10:42:46.188 26356 26356 D M_InsDal: Lcom/fsck/k9/preferences/Storage;--->getString(Ljava/lang/String;Ljava/lang/String;)Ljava/lang/String;
06-09 10:42:46.188 26356 26356 D M_InsDal: Lcom/fsck/k9/preferences/Storage;--->getBoolean(Ljava/lang/String;Z)Z
06-09 10:42:46.188 26356 26356 D M_InsDal: Lcom/fsck/k9/preferences/Storage;--->getString(Ljava/lang/String;Ljava/lang/String;)Ljava/lang/String;
06-09 10:42:46.189 26356 26356 D M_InsDal: Lcom/fsck/k9/preferences/Storage;--->getString(Ljava/lang/String;Ljava/lang/String;)Ljava/lang/String;
06-09 10:42:46.189 26356 26356 D M_InsDal: Lcom/fsck/k9/preferences/Storage;--->getBoolean(Ljava/lang/String;Z)Z
06-09 10:42:46.189 26356 26356 D M_InsDal: Lcom/fsck/k9/preferences/Storage;--->getBoolean(Ljava/lang/String;Z)Z
06-09 10:42:46.189 26356 26356 D M_InsDal: Lcom/fsck/k9/FontSizes;--->load(Lcom/fsck/k9/preferences/Storage;)V
06-09 10:42:46.189 26356 26356 D M_InsDal: Lcom/fsck/k9/preferences/Storage;--->getInt(Ljava/lang/String;I)I
06-09 10:42:46.189 26356 26356 D M_InsDal: Lcom/fsck/k9/preferences/Storage;--->getInt(Ljava/lang/String;I)I
06-09 10:42:46.189 26356 26356 D M_InsDal: Lcom/fsck/k9/FontSizes;--->loadMessageViewContentPercent(Lcom/fsck/k9/preferences/Storage;)V
06-09 10:42:46.189 26356 26356 D M_InsDal: Lcom/fsck/k9/preferences/Storage;--->contains(Ljava/lang/String;)Z
06-09 10:42:46.189 26356 26356 D M_InsDal: Lcom/fsck/k9/preferences/Storage;--->getInt(Ljava/lang/String;I)I
06-09 10:42:46.189 26356 26356 D M_InsDal: Lcom/fsck/k9/preferences/GlobalSettings$SettingsUpgraderV31;--->convertFromOldSize(I)I
06-09 10:42:46.189 26356 26356 D M_InsDal: Lcom/fsck/k9/preferences/Storage;--->getInt(Ljava/lang/String;I)I
06-09 10:42:46.189 26356 26356 D M_InsDal: Lcom/fsck/k9/FontSizes;--->setMessageViewContentAsPercent(I)V
06-09 10:42:46.189 26356 26356 D M_InsDal: Lcom/fsck/k9/preferences/Storage;--->getInt(Ljava/lang/String;I)I
06-09 10:42:46.189 26356 26356 D M_InsDal: Lcom/fsck/k9/preferences/Storage;--->getString(Ljava/lang/String;Ljava/lang/String;)Ljava/lang/String;
06-09 10:42:46.189 26356 26356 D M_InsDal: Lcom/fsck/k9/K9$BACKGROUND_OPS;--->valueOf(Ljava/lang/String;)Lcom/fsck/k9/K9$BACKGROUND_OPS;
06-09 10:42:46.189 26356 26356 D M_InsDal: Lcom/fsck/k9/K9$BACKGROUND_OPS;--->values()[Lcom/fsck/k9/K9$BACKGROUND_OPS;
06-09 10:42:46.189 26356 26356 D M_InsDal: Lcom/fsck/k9/K9;--->setBackgroundOps(Lcom/fsck/k9/K9$BACKGROUND_OPS;)Z
06-09 10:42:46.189 26356 26356 D M_InsDal: Lcom/fsck/k9/preferences/Storage;--->getBoolean(Ljava/lang/String;Z)Z
06-09 10:42:46.194 26356 26356 D M_InsDal: Lcom/fsck/k9/power/DeviceIdleReceiver;---><init>(Landroid/os/PowerManager;)V
06-09 10:42:46.194 26356 26356 D M_InsDal: Lcom/fsck/k9/power/DeviceIdleManager$RealDeviceIdleManager;--->registerReceiver()V
06-09 10:42:46.195 26356 26356 D M_InsDal: Lcom/fsck/k9/K9;--->registerReceivers()V
06-09 10:42:46.195 26356 26356 D M_InsDal: Lcom/fsck/k9/service/StorageGoneReceiver;---><init>()V
06-09 10:42:46.195 26356 26356 D M_InsDal: Lcom/fsck/k9/K9$1;---><init>(Lcom/fsck/k9/K9;Ljava/util/concurrent/BlockingQueue;)V
06-09 10:42:46.195 26356 26374 D M_InsDal: Lcom/fsck/k9/K9$1;--->run()V
06-09 10:42:46.498 26356 26356 D M_InsDal: Lcom/fsck/k9/activity/compose/RecipientMvpView;--->addTextChangedListener(Landroid/text/TextWatcher;)V
06-09 10:42:46.498 26356 26356 D M_InsDal: Lcom/fsck/k9/ui/compose/QuotedMessageMvpView;--->addTextChangedListener(Landroid/text/TextWatcher;)V
06-09 10:42:46.498 26356 26356 D M_InsDal: Lcom/fsck/k9/ui/compose/QuotedMessagePresenter;--->showOrHideQuotedText(Lcom/fsck/k9/message/QuotedTextMode;)V
06-09 10:42:46.498 26356 26356 D M_InsDal: Lcom/fsck/k9/ui/compose/QuotedMessageMvpView;--->showOrHideQuotedText(Lcom/fsck/k9/message/QuotedTextMode;Lcom/fsck/k9/message/SimpleMessageFormat;)V
06-09 10:42:46.498 26356 26356 D M_InsDal: Lcom/fsck/k9/ui/compose/QuotedMessageMvpView$3;---><clinit>()V
06-09 10:42:46.499 26356 26356 D M_InsDal: Lcom/fsck/k9/message/QuotedTextMode;--->values()[Lcom/fsck/k9/message/QuotedTextMode;
06-09 10:42:46.499 26356 26356 D M_InsDal: Lcom/fsck/k9/activity/MessageCompose;--->initFromIntent(Landroid/content/Intent;)Z
06-09 10:42:46.499 26356 26356 D M_InsDal: Lcom/fsck/k9/helper/MailTo;---><clinit>()V
06-09 10:42:46.499 26356 26356 D M_InsDal: Lcom/fsck/k9/helper/MailTo;--->isMailTo(Landroid/net/Uri;)Z
06-09 10:42:46.499 26356 26356 D M_InsDal: Lcom/fsck/k9/helper/MailTo;--->parse(Landroid/net/Uri;)Lcom/fsck/k9/helper/MailTo;
06-09 10:42:46.499 26356 26356 D M_InsDal: Lcom/fsck/k9/helper/MailTo;--->isMailTo(Landroid/net/Uri;)Z
06-09 10:42:46.499 26356 26356 D M_InsDal: Lcom/fsck/k9/helper/MailTo$CaseInsensitiveParamWrapper;---><init>(Landroid/net/Uri;)V
06-09 10:42:46.499 26356 26356 D M_InsDal: Lcom/fsck/k9/helper/MailTo$CaseInsensitiveParamWrapper;--->getQueryParameters(Ljava/lang/String;)Ljava/util/List;
06-09 10:42:46.499 26356 26356 D M_InsDal: Lcom/fsck/k9/helper/MailTo$CaseInsensitiveParamWrapper;--->getQueryParameters(Ljava/lang/String;)Ljava/util/List;
06-09 10:42:46.499 26356 26356 D M_InsDal: Lcom/fsck/k9/helper/MailTo;--->toAddressArray(Ljava/util/List;)[Lcom/fsck/k9/mail/Address;
06-09 10:42:46.499 26356 26356 D M_InsDal: Lcom/fsck/k9/helper/MailTo;--->toCommaSeparatedString(Ljava/util/List;)Ljava/lang/String;
06-09 10:42:46.499 26356 26356 D M_InsDal: Lcom/fsck/k9/mail/Address;---><clinit>()V
06-09 10:42:46.499 26356 26356 D M_InsDal: Lcom/fsck/k9/mail/Address;--->parse(Ljava/lang/String;)[Lcom/fsck/k9/mail/Address;
06-09 10:42:46.500 26356 26356 D M_InsDal: Lcom/fsck/k9/mail/Address;---><init>(Ljava/lang/String;Ljava/lang/String;Z)V
06-09 10:42:46.501 26356 26356 D M_InsDal: Lcom/fsck/k9/helper/MailTo;--->toAddressArray(Ljava/util/List;)[Lcom/fsck/k9/mail/Address;
06-09 10:42:46.501 26356 26356 D M_InsDal: Lcom/fsck/k9/helper/MailTo;--->toAddressArray(Ljava/util/List;)[Lcom/fsck/k9/mail/Address;
06-09 10:42:46.501 26356 26356 D M_InsDal: Lcom/fsck/k9/helper/MailTo;--->getFirstParameterValue(Lcom/fsck/k9/helper/MailTo$CaseInsensitiveParamWrapper;Ljava/lang/String;)Ljava/lang/String;
06-09 10:42:46.501 26356 26356 D M_InsDal: Lcom/fsck/k9/helper/MailTo$CaseInsensitiveParamWrapper;--->getQueryParameters(Ljava/lang/String;)Ljava/util/List;
06-09 10:42:46.502 26356 26356 D M_InsDal: Lcom/fsck/k9/helper/MailTo;--->getFirstParameterValue(Lcom/fsck/k9/helper/MailTo$CaseInsensitiveParamWrapper;Ljava/lang/String;)Ljava/lang/String;
06-09 10:42:46.502 26356 26356 D M_InsDal: Lcom/fsck/k9/helper/MailTo$CaseInsensitiveParamWrapper;--->getQueryParameters(Ljava/lang/String;)Ljava/util/List;
06-09 10:42:46.502 26356 26356 D M_InsDal: Lcom/fsck/k9/helper/MailTo;---><init>([Lcom/fsck/k9/mail/Address;[Lcom/fsck/k9/mail/Address;[Lcom/fsck/k9/mail/Address;Ljava/lang/String;Ljava/lang/String;)V
06-09 10:42:46.502 26356 26356 D M_InsDal: Lcom/fsck/k9/activity/MessageCompose;--->initializeFromMailto(Lcom/fsck/k9/helper/MailTo;)V
06-09 10:42:46.502 26356 26356 D M_InsDal: Lcom/fsck/k9/activity/compose/RecipientPresenter;--->initFromMailto(Lcom/fsck/k9/helper/MailTo;)V
06-09 10:42:46.502 26356 26356 D M_InsDal: Lcom/fsck/k9/helper/MailTo;--->getTo()[Lcom/fsck/k9/mail/Address;
06-09 10:42:46.502 26356 26356 D M_InsDal: Lcom/fsck/k9/activity/compose/RecipientPresenter;--->addToAddresses([Lcom/fsck/k9/mail/Address;)V
06-09 10:42:46.502 26356 26356 D M_InsDal: Lcom/fsck/k9/activity/compose/RecipientPresenter;--->addRecipientsFromAddresses(Lcom/fsck/k9/mail/Message$RecipientType;[Lcom/fsck/k9/mail/Address;)V
06-09 10:42:46.502 26356 26356 D M_InsDal: Lcom/fsck/k9/activity/compose/RecipientLoader;---><clinit>()V
06-09 10:42:46.502 26356 26356 D M_InsDal: Lcom/fsck/k9/activity/compose/RecipientPresenter$2;---><init>(Lcom/fsck/k9/activity/compose/RecipientPresenter;Landroid/content/Context;Ljava/lang/String;[Lcom/fsck/k9/mail/Address;Lcom/fsck/k9/mail/Message$RecipientType;)V
06-09 10:42:46.502 26356 26356 D M_InsDal: Lcom/fsck/k9/activity/compose/RecipientLoader;---><init>(Landroid/content/Context;Ljava/lang/String;[Lcom/fsck/k9/mail/Address;)V
06-09 10:42:46.502 26356 26356 D M_InsDal: Lcom/fsck/k9/helper/MailTo;--->getCc()[Lcom/fsck/k9/mail/Address;
06-09 10:42:46.502 26356 26356 D M_InsDal: Lcom/fsck/k9/activity/compose/RecipientPresenter;--->addCcAddresses([Lcom/fsck/k9/mail/Address;)V
06-09 10:42:46.502 26356 26356 D M_InsDal: Lcom/fsck/k9/helper/MailTo;--->getBcc()[Lcom/fsck/k9/mail/Address;
06-09 10:42:46.502 26356 26356 D M_InsDal: Lcom/fsck/k9/activity/compose/RecipientPresenter;--->addBccAddresses([Lcom/fsck/k9/mail/Address;)V
06-09 10:42:46.502 26356 26356 D M_InsDal: Lcom/fsck/k9/helper/MailTo;--->getSubject()Ljava/lang/String;
06-09 10:42:46.502 26356 26356 D M_InsDal: Lcom/fsck/k9/helper/MailTo;--->getBody()Ljava/lang/String;
06-09 10:42:46.502 26356 26356 D M_InsDal: Lcom/fsck/k9/ui/EolConvertingEditText;--->setCharacters(Ljava/lang/CharSequence;)V
06-09 10:42:46.502 26356 26356 D M_InsDal: Lcom/fsck/k9/helper/SimpleTextWatcher;--->beforeTextChanged(Ljava/lang/CharSequence;III)V
06-09 10:42:46.503 26356 26421 D M_InsDal: Lcom/fsck/k9/activity/compose/RecipientLoader;--->loadInBackground()Ljava/util/List;
06-09 10:42:46.503 26356 26421 D M_InsDal: Lcom/fsck/k9/activity/compose/RecipientLoader;--->fillContactDataFromAddresses([Lcom/fsck/k9/mail/Address;Ljava/util/List;Ljava/util/Map;)V
06-09 10:42:46.503 26356 26356 D M_InsDal: Lcom/fsck/k9/activity/MessageCompose$1;--->onTextChanged(Ljava/lang/CharSequence;III)V
06-09 10:42:46.503 26356 26356 D M_InsDal: Lcom/fsck/k9/helper/SimpleTextWatcher;--->afterTextChanged(Landroid/text/Editable;)V
06-09 10:42:46.503 26356 26356 D M_InsDal: Lcom/fsck/k9/helper/SimpleTextWatcher;--->beforeTextChanged(Ljava/lang/CharSequence;III)V
06-09 10:42:46.503 26356 26421 D M_InsDal: Lcom/fsck/k9/view/RecipientSelectView$Recipient;---><init>(Lcom/fsck/k9/mail/Address;)V
06-09 10:42:46.503 26356 26356 D M_InsDal: Lcom/fsck/k9/activity/MessageCompose$1;--->onTextChanged(Ljava/lang/CharSequence;III)V
06-09 10:42:46.503 26356 26421 D M_InsDal: Lcom/fsck/k9/view/RecipientSelectView$RecipientCryptoStatus;---><clinit>()V
06-09 10:42:46.503 26356 26356 D M_InsDal: Lcom/fsck/k9/helper/SimpleTextWatcher;--->afterTextChanged(Landroid/text/Editable;)V
06-09 10:42:46.503 26356 26421 D M_InsDal: Lcom/fsck/k9/view/RecipientSelectView$RecipientCryptoStatus;---><init>(Ljava/lang/String;I)V
06-09 10:42:46.503 26356 26356 D M_InsDal: Lcom/fsck/k9/activity/compose/RecipientPresenter;--->initFromSendOrViewIntent(Landroid/content/Intent;)V
06-09 10:42:46.503 26356 26421 D M_InsDal: Lcom/fsck/k9/view/RecipientSelectView$RecipientCryptoStatus;---><init>(Ljava/lang/String;I)V
06-09 10:42:46.503 26356 26421 D M_InsDal: Lcom/fsck/k9/view/RecipientSelectView$RecipientCryptoStatus;---><init>(Ljava/lang/String;I)V
06-09 10:42:46.503 26356 26356 D M_InsDal: Lcom/fsck/k9/activity/MessageCompose$Action;---><clinit>()V
06-09 10:42:46.503 26356 26356 D M_InsDal: Lcom/fsck/k9/activity/MessageCompose$Action;---><init>(Ljava/lang/String;II)V
06-09 10:42:46.503 26356 26421 D M_InsDal: Lcom/fsck/k9/mail/Address;--->getAddress()Ljava/lang/String;
06-09 10:42:46.503 26356 26356 D M_InsDal: Lcom/fsck/k9/activity/MessageCompose$Action;---><init>(Ljava/lang/String;II)V
06-09 10:42:46.503 26356 26356 D M_InsDal: Lcom/fsck/k9/activity/MessageCompose$Action;---><init>(Ljava/lang/String;II)V
06-09 10:42:46.503 26356 26356 D M_InsDal: Lcom/fsck/k9/Account;--->getIdentity(I)Lcom/fsck/k9/Identity;
06-09 10:42:46.503 26356 26356 D M_InsDal: Lcom/fsck/k9/Account;--->isSignatureBeforeQuotedText()Z
06-09 10:42:46.503 26356 26356 D M_InsDal: Lcom/fsck/k9/activity/MessageCompose;--->updateSignature()V
06-09 10:42:46.503 26356 26356 D M_InsDal: Lcom/fsck/k9/Identity;--->getSignatureUse()Z
06-09 10:42:46.503 26356 26356 D M_InsDal: Lcom/fsck/k9/Identity;--->getSignature()Ljava/lang/String;
06-09 10:42:46.503 26356 26356 D M_InsDal: Lcom/fsck/k9/ui/EolConvertingEditText;--->setCharacters(Ljava/lang/CharSequence;)V
06-09 10:42:46.503 26356 26356 D M_InsDal: Lcom/fsck/k9/Identity;--->getSignatureUse()Z
06-09 10:42:46.503 26356 26356 D M_InsDal: Lcom/fsck/k9/Account;--->isMessageReadReceiptAlways()Z
06-09 10:42:46.503 26356 26356 D M_InsDal: Lcom/fsck/k9/activity/MessageCompose;--->updateFrom()V
06-09 10:42:46.503 26356 26356 D M_InsDal: Lcom/fsck/k9/Identity;--->getEmail()Ljava/lang/String;
06-09 10:42:46.503 26356 26356 D M_InsDal: Lcom/fsck/k9/Account;--->getAlwaysBcc()Ljava/lang/String;
06-09 10:42:46.503 26356 26356 D M_InsDal: Lcom/fsck/k9/activity/compose/RecipientMvpView;--->requestFocusOnToField()V
06-09 10:42:46.503 26356 26356 D M_InsDal: Lcom/fsck/k9/activity/compose/RecipientMvpView;--->onFocusChange(Landroid/view/View;Z)V
06-09 10:42:46.503 26356 26356 D M_InsDal: Lcom/fsck/k9/activity/compose/RecipientPresenter;--->onToFocused()V
06-09 10:42:46.503 26356 26356 D M_InsDal: Lcom/fsck/k9/view/RecipientSelectView;--->onFocusChanged(ZILandroid/graphics/Rect;)V
06-09 10:42:46.503 26356 26356 D M_InsDal: Lcom/fsck/k9/view/RecipientSelectView;--->displayKeyboard()V
06-09 10:42:46.503 26356 26356 D M_InsDal: Lcom/fsck/k9/activity/MessageCompose;--->updateMessageFormat()V
06-09 10:42:46.503 26356 26356 D M_InsDal: Lcom/fsck/k9/Account;--->getMessageFormat()Lcom/fsck/k9/Account$MessageFormat;
06-09 10:42:46.503 26356 26356 D M_InsDal: Lcom/fsck/k9/ui/compose/QuotedMessagePresenter;--->isForcePlainText()Z
06-09 10:42:46.503 26356 26356 D M_InsDal: Lcom/fsck/k9/activity/compose/RecipientPresenter;--->isForceTextMessageFormat()Z
06-09 10:42:46.503 26356 26356 D M_InsDal: Lcom/fsck/k9/message/SimpleMessageFormat;---><clinit>()V
06-09 10:42:46.503 26356 26356 D M_InsDal: Lcom/fsck/k9/message/SimpleMessageFormat;---><init>(Ljava/lang/String;I)V
06-09 10:42:46.526 26356 26424 D M_InsDal: Lcom/fsck/k9/mailstore/StorageManager;--->getProvider(Ljava/lang/String;)Lcom/fsck/k9/mailstore/StorageManager$StorageProvider;
06-09 10:42:46.526 26356 26424 D M_InsDal: Lcom/fsck/k9/mailstore/StorageManager;--->getInstance(Landroid/content/Context;)Lcom/fsck/k9/mailstore/StorageManager;
06-09 10:42:46.526 26356 26424 D M_InsDal: Lcom/fsck/k9/mailstore/StorageManager;--->addListener(Lcom/fsck/k9/mailstore/StorageManager$StorageListener;)V
06-09 10:42:46.526 26356 26424 D M_InsDal: Lcom/fsck/k9/mailstore/LocalStore;--->getPersonalNamespaces(Z)Ljava/util/List;
06-09 10:42:46.526 26356 26424 D M_InsDal: Lcom/fsck/k9/mailstore/LocalStore$6;---><init>(Lcom/fsck/k9/mailstore/LocalStore;Ljava/util/List;)V
06-09 10:42:46.526 26356 26424 D M_InsDal: Lcom/fsck/k9/mailstore/LockableDatabase;--->execute(ZLcom/fsck/k9/mailstore/LockableDatabase$DbCallback;)Ljava/lang/Object;
06-09 10:42:46.526 26356 26424 D M_InsDal: Lcom/fsck/k9/mailstore/LockableDatabase;--->lockRead()V
06-09 10:42:46.526 26356 26424 D M_InsDal: Lcom/fsck/k9/mailstore/LockableDatabase;--->getStorageManager()Lcom/fsck/k9/mailstore/StorageManager;
06-09 10:42:46.526 26356 26424 D M_InsDal: Lcom/fsck/k9/mailstore/StorageManager;--->getInstance(Landroid/content/Context;)Lcom/fsck/k9/mailstore/StorageManager;
06-09 10:42:46.526 26356 26424 D M_InsDal: Lcom/fsck/k9/mailstore/StorageManager;--->lockProvider(Ljava/lang/String;)V
06-09 10:42:46.526 26356 26424 D M_InsDal: Lcom/fsck/k9/mailstore/StorageManager;--->getProvider(Ljava/lang/String;)Lcom/fsck/k9/mailstore/StorageManager$StorageProvider;
06-09 10:42:46.526 26356 26424 D M_InsDal: Lcom/fsck/k9/mailstore/StorageManager$InternalStorageProvider;--->isReady(Landroid/content/Context;)Z
06-09 10:42:46.526 26356 26424 D M_InsDal: Lcom/fsck/k9/K9;--->isDebug()Z
06-09 10:42:46.526 26356 26424 D M_InsDal: Lcom/fsck/k9/mailstore/LocalStore$6;--->doDbWork(Landroid/database/sqlite/SQLiteDatabase;)Ljava/util/List;
06-09 10:42:46.526 26356 26424 D M_InsDal: Lcom/fsck/k9/mailstore/LocalFolder;---><init>(Lcom/fsck/k9/mailstore/LocalStore;Ljava/lang/String;)V
06-09 10:42:46.526 26356 26424 D M_InsDal: Lcom/fsck/k9/mail/Folder;---><init>()V
06-09 10:42:46.526 26356 26424 D M_InsDal: Lcom/fsck/k9/mail/Folder$FolderClass;---><clinit>()V
06-09 10:42:46.526 26356 26424 D M_InsDal: Lcom/fsck/k9/mail/Folder$FolderClass;---><init>(Ljava/lang/String;I)V
06-09 10:42:46.527 26356 26424 D M_InsDal: Lcom/fsck/k9/mailstore/LocalFolder;--->getName()Ljava/lang/String;
06-09 10:42:46.527 26356 26424 D M_InsDal: Lcom/fsck/k9/Account;--->getOutboxFolderName()Ljava/lang/String;
06-09 10:42:46.527 26356 26424 D M_InsDal: Lcom/fsck/k9/mailstore/LocalFolder;--->open(I)V
06-09 10:42:46.527 26356 26424 D M_InsDal: Lcom/fsck/k9/mailstore/LocalFolder;--->isOpen()Z
06-09 10:42:46.527 26356 26424 D M_InsDal: Lcom/fsck/k9/mailstore/LocalFolder;--->getMode()I
06-09 10:42:46.527 26356 26424 D M_InsDal: Lcom/fsck/k9/mailstore/LocalFolder;--->getDisplayClass()Lcom/fsck/k9/mail/Folder$FolderClass;
06-09 10:42:46.527 26356 26424 D M_InsDal: Lcom/fsck/k9/mailstore/LocalFolder;--->getPushClass()Lcom/fsck/k9/mail/Folder$FolderClass;
06-09 10:42:46.527 26356 26424 D M_InsDal: Lcom/fsck/k9/mailstore/LocalFolder;--->getSyncClass()Lcom/fsck/k9/mail/Folder$FolderClass;
06-09 10:42:46.527 26356 26424 D M_InsDal: Lcom/fsck/k9/controller/MessagingController;--->modeMismatch(Lcom/fsck/k9/Account$FolderMode;Lcom/fsck/k9/mail/Folder$FolderClass;)Z
06-09 10:42:46.527 26356 26424 D M_InsDal: Lcom/fsck/k9/controller/MessagingController;--->modeMismatch(Lcom/fsck/k9/Account$FolderMode;Lcom/fsck/k9/mail/Folder$FolderClass;)Z
06-09 10:42:46.527 26356 26424 D M_InsDal: Lcom/fsck/k9/mailstore/LocalFolder;--->getName()Ljava/lang/String;
06-09 10:42:46.527 26356 26424 D M_InsDal: Lcom/fsck/k9/Account;--->getOutboxFolderName()Ljava/lang/String;
06-09 10:42:46.527 26356 26424 D M_InsDal: Lcom/fsck/k9/mailstore/LocalFolder;--->open(I)V
06-09 10:42:46.527 26356 26424 D M_InsDal: Lcom/fsck/k9/mailstore/LocalFolder;--->isOpen()Z
06-09 10:42:46.527 26356 26424 D M_InsDal: Lcom/fsck/k9/mailstore/LocalFolder;--->getMode()I
06-09 10:42:46.527 26356 26424 D M_InsDal: Lcom/fsck/k9/mailstore/LocalFolder;--->getDisplayClass()Lcom/fsck/k9/mail/Folder$FolderClass;
06-09 10:42:46.527 26356 26424 D M_InsDal: Lcom/fsck/k9/mailstore/LocalFolder;--->getPushClass()Lcom/fsck/k9/mail/Folder$FolderClass;
06-09 10:42:46.527 26356 26424 D M_InsDal: Lcom/fsck/k9/mailstore/LocalFolder;--->getSyncClass()Lcom/fsck/k9/mail/Folder$FolderClass;
06-09 10:42:46.527 26356 26424 D M_InsDal: Lcom/fsck/k9/controller/MessagingController;--->modeMismatch(Lcom/fsck/k9/Account$FolderMode;Lcom/fsck/k9/mail/Folder$FolderClass;)Z
06-09 10:42:46.530 26356 26424 D M_InsDal: Lcom/fsck/k9/mail/ssl/DefaultTrustedSocketFactory;--->hasWeakSslImplementation()Z
06-09 10:42:46.530 26356 26424 D M_InsDal: Lcom/fsck/k9/mail/ssl/DefaultTrustedSocketFactory;--->remove([Ljava/lang/String;[Ljava/lang/String;)[Ljava/lang/String;
06-09 10:42:46.530 26356 26424 D M_InsDal: Lcom/fsck/k9/mail/ssl/DefaultTrustedSocketFactory;--->remove([Ljava/lang/String;[Ljava/lang/String;)[Ljava/lang/String;
06-09 10:42:46.530 26356 26424 D M_InsDal: Lcom/fsck/k9/mail/ssl/DefaultTrustedSocketFactory;---><init>(Landroid/content/Context;)V
06-09 10:42:46.530 26356 26424 D M_InsDal: Lcom/fsck/k9/mail/store/imap/ImapStore;---><init>(Lcom/fsck/k9/mail/store/StoreConfig;Lcom/fsck/k9/mail/ssl/TrustedSocketFactory;Landroid/net/ConnectivityManager;Lcom/fsck/k9/mail/oauth/OAuth2TokenProvider;)V
06-09 10:42:46.530 26356 26424 D M_InsDal: Lcom/fsck/k9/mail/store/RemoteStore;---><init>(Lcom/fsck/k9/mail/store/StoreConfig;Lcom/fsck/k9/mail/ssl/TrustedSocketFactory;)V
06-09 10:42:46.530 26356 26424 D M_InsDal: Lcom/fsck/k9/mail/Store;---><init>()V
06-09 10:42:46.530 26356 26424 D M_InsDal: Lcom/fsck/k9/Account;--->getStoreUri()Ljava/lang/String;
06-09 10:42:46.530 26356 26424 D M_InsDal: Lcom/fsck/k9/mail/store/imap/ImapStore;--->decodeUri(Ljava/lang/String;)Lcom/fsck/k9/mail/store/imap/ImapStoreSettings;
06-09 10:42:46.530 26356 26424 D M_InsDal: Lcom/fsck/k9/mail/store/imap/ImapStoreUriDecoder;--->decode(Ljava/lang/String;)Lcom/fsck/k9/mail/store/imap/ImapStoreSettings;
06-09 10:42:46.530 26356 26424 D M_InsDal: Lcom/fsck/k9/mail/ConnectionSecurity;---><clinit>()V
06-09 10:42:46.530 26356 26424 D M_InsDal: Lcom/fsck/k9/mail/ConnectionSecurity;---><init>(Ljava/lang/String;I)V
06-09 10:42:46.530 26356 26424 D M_InsDal: Lcom/fsck/k9/mail/ConnectionSecurity;---><init>(Ljava/lang/String;I)V
06-09 10:42:46.530 26356 26424 D M_InsDal: Lcom/fsck/k9/mail/ServerSettings$Type;---><clinit>()V
06-09 10:42:46.530 26356 26424 D M_InsDal: Lcom/fsck/k9/mail/ServerSettings$Type;---><init>(Ljava/lang/String;III)V
06-09 10:42:46.530 26356 26424 D M_InsDal: Lcom/fsck/k9/mail/ServerSettings$Type;---><init>(Ljava/lang/String;III)V
06-09 10:42:46.530 26356 26424 D M_InsDal: Lcom/fsck/k9/mail/AuthType;---><clinit>()V
06-09 10:42:46.530 26356 26424 D M_InsDal: Lcom/fsck/k9/mail/AuthType;---><init>(Ljava/lang/String;I)V
06-09 10:42:46.555 26356 26356 D M_InsDal: Lcom/fsck/k9/K9$2;--->enabled()Z
06-09 10:42:46.555 26356 26356 D M_InsDal: Lcom/fsck/k9/mail/power/TracingPowerManager$TracingWakeLock;--->raiseNotification()V
06-09 10:42:46.555 26356 26356 D M_InsDal: Lcom/fsck/k9/service/BootReceiver;--->receive(Landroid/content/Context;Landroid/content/Intent;Ljava/lang/Integer;)Ljava/lang/Integer;
06-09 10:42:46.555 26356 26356 D M_InsDal: Lcom/fsck/k9/service/BootReceiver;--->buildPendingIntent(Landroid/content/Context;Landroid/content/Intent;)Landroid/app/PendingIntent;
06-09 10:42:46.555 26356 26356 D M_InsDal: Lcom/fsck/k9/helper/K9AlarmManager;--->getAlarmManager(Landroid/content/Context;)Lcom/fsck/k9/helper/K9AlarmManager;
06-09 10:42:46.555 26356 26356 D M_InsDal: Lcom/fsck/k9/power/DozeChecker;---><init>(Landroid/content/Context;)V
06-09 10:42:46.555 26356 26356 D M_InsDal: Lcom/fsck/k9/helper/K9AlarmManager;---><init>(Landroid/app/AlarmManager;Lcom/fsck/k9/power/DozeChecker;)V
06-09 10:42:46.555 26356 26356 D M_InsDal: Lcom/fsck/k9/helper/K9AlarmManager;--->cancel(Landroid/app/PendingIntent;)V
06-09 10:42:46.555 26356 26356 D M_InsDal: Lcom/fsck/k9/service/CoreReceiver;--->releaseWakeLock(Ljava/lang/Integer;)V
06-09 10:42:46.555 26356 26356 D M_InsDal: Lcom/fsck/k9/mail/power/TracingPowerManager$TracingWakeLock;--->release()V
06-09 10:42:46.555 26356 26356 D M_InsDal: Lcom/fsck/k9/mail/K9MailLib;--->isDebug()Z
06-09 10:42:46.555 26356 26356 D M_InsDal: Lcom/fsck/k9/K9$2;--->enabled()Z
06-09 10:42:46.555 26356 26356 D M_InsDal: Lcom/fsck/k9/mail/power/TracingPowerManager$TracingWakeLock;--->cancelNotification()V
06-09 10:42:46.555 26356 26356 D M_InsDal: Lcom/fsck/k9/service/PushService;---><init>()V
06-09 10:42:46.555 26356 26356 D M_InsDal: Lcom/fsck/k9/service/CoreService;---><init>()V
06-09 10:42:46.555 26356 26356 D M_InsDal: Lcom/fsck/k9/service/CoreService;--->onCreate()V
06-09 10:42:46.555 26356 26356 D M_InsDal: Lcom/fsck/k9/service/PushService;--->onCreate()V
06-09 10:42:46.555 26356 26356 D M_InsDal: Lcom/fsck/k9/service/CoreService;--->setAutoShutdown(Z)V
06-09 10:42:46.555 26356 26356 D M_InsDal: Lcom/fsck/k9/service/CoreService;--->onStartCommand(Landroid/content/Intent;II)I
06-09 10:42:46.555 26356 26356 D M_InsDal: Lcom/fsck/k9/service/CoreService;--->acquireWakeLock(Landroid/content/Context;Ljava/lang/String;J)Lcom/fsck/k9/mail/power/TracingPowerManager$TracingWakeLock;
06-09 10:42:46.555 26356 26356 D M_InsDal: Lcom/fsck/k9/mail/power/TracingPowerManager;--->getPowerManager(Landroid/content/Context;)Lcom/fsck/k9/mail/power/TracingPowerManager;
06-09 10:42:46.555 26356 26356 D M_InsDal: Lcom/fsck/k9/mail/power/TracingPowerManager;--->newWakeLock(ILjava/lang/String;)Lcom/fsck/k9/mail/power/TracingPowerManager$TracingWakeLock;
06-09 10:42:46.555 26356 26356 D M_InsDal: Lcom/fsck/k9/mail/power/TracingPowerManager$TracingWakeLock;---><init>(Lcom/fsck/k9/mail/power/TracingPowerManager;ILjava/lang/String;)V
06-09 10:42:46.555 26356 26356 D M_InsDal: Lcom/fsck/k9/mail/K9MailLib;--->isDebug()Z
06-09 10:42:46.555 26356 26356 D M_InsDal: Lcom/fsck/k9/K9$2;--->enabled()Z
06-09 10:42:46.555 26356 26356 D M_InsDal: Lcom/fsck/k9/mail/power/TracingPowerManager$TracingWakeLock;--->setReferenceCounted(Z)V
06-09 10:42:46.555 26356 26356 D M_InsDal: Lcom/fsck/k9/mail/power/TracingPowerManager$TracingWakeLock;--->acquire(J)V
06-09 10:42:46.556 26356 26356 D M_InsDal: Lcom/fsck/k9/mail/K9MailLib;--->isDebug()Z
06-09 10:42:46.556 26356 26356 D M_InsDal: Lcom/fsck/k9/K9$2;--->enabled()Z
06-09 10:42:46.556 26356 26356 D M_InsDal: Lcom/fsck/k9/mail/power/TracingPowerManager$TracingWakeLock;--->raiseNotification()V
06-09 10:42:46.556 26356 26356 D M_InsDal: Lcom/fsck/k9/mail/power/TracingPowerManager$TracingWakeLock;--->release()V
06-09 10:42:46.556 26356 26356 D M_InsDal: Lcom/fsck/k9/mail/K9MailLib;--->isDebug()Z
06-09 10:42:46.556 26356 26356 D M_InsDal: Lcom/fsck/k9/K9$2;--->enabled()Z
06-09 10:42:46.556 26356 26356 D M_InsDal: Lcom/fsck/k9/mail/power/TracingPowerManager$TracingWakeLock;--->cancelNotification()V
06-09 10:42:46.556 26356 26356 D M_InsDal: Lcom/fsck/k9/service/PushService;--->startService(Landroid/content/Intent;I)I
06-09 10:42:46.556 26356 26356 D M_InsDal: Lcom/fsck/k9/mail/power/TracingPowerManager$TracingWakeLock;--->release()V
06-09 10:42:46.556 26356 26356 D M_InsDal: Lcom/fsck/k9/mail/K9MailLib;--->isDebug()Z
06-09 10:42:46.556 26356 26356 D M_InsDal: Lcom/fsck/k9/K9$2;--->enabled()Z
06-09 10:42:46.557 26356 26356 D M_InsDal: Lcom/fsck/k9/mail/power/TracingPowerManager$TracingWakeLock;--->cancelNotification()V
06-09 10:42:46.558 26356 26356 D M_InsDal: Lcom/fsck/k9/activity/MessageCompose;--->onCreateOptionsMenu(Landroid/view/Menu;)Z
06-09 10:42:46.559 26356 26356 D M_InsDal: Lcom/fsck/k9/Account;--->hasDraftsFolder()Z
06-09 10:42:46.559 26356 26356 D M_InsDal: Lcom/fsck/k9/activity/MessageCompose;--->onPrepareOptionsMenu(Landroid/view/Menu;)Z
06-09 10:42:46.559 26356 26356 D M_InsDal: Lcom/fsck/k9/activity/compose/RecipientPresenter;--->onPrepareOptionsMenu(Landroid/view/Menu;)V
06-09 10:42:46.559 26356 26356 D M_InsDal: Lcom/fsck/k9/activity/compose/RecipientPresenter;--->getCurrentCachedCryptoStatus()Lcom/fsck/k9/activity/compose/ComposeCryptoStatus;
06-09 10:42:46.559 26356 26356 D M_InsDal: Lcom/fsck/k9/activity/compose/ComposeCryptoStatus;--->isProviderStateOk()Z
06-09 10:42:46.559 26356 26356 D M_InsDal: Lcom/fsck/k9/activity/compose/RecipientPresenter;--->hasContactPicker()Z
06-09 10:42:46.559 26356 26356 D M_InsDal: Lcom/fsck/k9/helper/Contacts;--->getInstance(Landroid/content/Context;)Lcom/fsck/k9/helper/Contacts;
06-09 10:42:46.559 26356 26356 D M_InsDal: Lcom/fsck/k9/helper/Contacts;---><init>(Landroid/content/Context;)V
06-09 10:42:46.559 26356 26356 D M_InsDal: Lcom/fsck/k9/helper/Contacts;--->contactPickerIntent()Landroid/content/Intent;
06-09 10:42:46.563 26356 26356 D M_InsDal: Lcom/fsck/k9/view/RecipientSelectView;--->buildSpanForObject(Lcom/fsck/k9/view/RecipientSelectView$Recipient;)Lcom/tokenautocomplete/TokenCompleteTextView$TokenImageSpan;
06-09 10:42:46.563 26356 26356 D M_InsDal: Lcom/fsck/k9/view/RecipientSelectView;--->getViewForObject(Lcom/fsck/k9/view/RecipientSelectView$Recipient;)Landroid/view/View;
06-09 10:42:46.563 26356 26356 D M_InsDal: Lcom/fsck/k9/view/RecipientSelectView;--->inflateLayout()Landroid/view/View;
06-09 10:42:46.563 26356 26356 D M_InsDal: Lcom/fsck/k9/view/RecipientSelectView$RecipientTokenViewHolder;---><init>(Landroid/view/View;)V
06-09 10:42:46.564 26356 26356 D M_InsDal: Lcom/fsck/k9/view/RecipientSelectView;--->bindObjectView(Lcom/fsck/k9/view/RecipientSelectView$Recipient;Landroid/view/View;)V
06-09 10:42:46.564 26356 26356 D M_InsDal: Lcom/fsck/k9/view/RecipientSelectView$Recipient;--->getDisplayNameOrAddress()Ljava/lang/String;
06-09 10:42:46.564 26356 26356 D M_InsDal: Lcom/fsck/k9/K9;--->showCorrespondentNames()Z
06-09 10:42:46.564 26356 26356 D M_InsDal: Lcom/fsck/k9/view/RecipientSelectView$Recipient;--->getDisplayName()Ljava/lang/String;
06-09 10:42:46.564 26356 26356 D M_InsDal: Lcom/fsck/k9/mail/Address;--->getPersonal()Ljava/lang/String;
06-09 10:42:46.564 26356 26356 D M_InsDal: Lcom/fsck/k9/mail/Address;--->getAddress()Ljava/lang/String;
06-09 10:42:46.564 26356 26356 D M_InsDal: Lcom/fsck/k9/activity/compose/RecipientAdapter;--->setContactPhotoOrPlaceholder(Landroid/content/Context;Landroid/widget/ImageView;Lcom/fsck/k9/view/RecipientSelectView$Recipient;)V
06-09 10:42:46.564 26356 26356 D M_InsDal: Lcom/fsck/k9/helper/ContactPicture;--->getContactPictureLoader(Landroid/content/Context;)Lcom/fsck/k9/activity/misc/ContactPictureLoader;
06-09 10:42:46.564 26356 26356 D M_InsDal: Lcom/fsck/k9/K9;--->isColorizeMissingContactPictures()Z
06-09 10:42:46.564 26356 26356 D M_InsDal: Lcom/fsck/k9/activity/misc/ContactPictureLoader;---><clinit>()V
06-09 10:42:46.566 26356 26356 D M_InsDal: Lcom/fsck/k9/activity/misc/ContactPictureLoader;---><init>(Landroid/content/Context;I)V
06-09 10:42:46.566 26356 26356 D M_InsDal: Lcom/fsck/k9/helper/Contacts;--->getInstance(Landroid/content/Context;)Lcom/fsck/k9/helper/Contacts;
06-09 10:42:46.566 26356 26356 D M_InsDal: Lcom/fsck/k9/helper/Contacts;---><init>(Landroid/content/Context;)V
06-09 10:42:46.566 26356 26356 D M_InsDal: Lcom/fsck/k9/activity/misc/ContactPictureLoader;--->loadContactPicture(Lcom/fsck/k9/view/RecipientSelectView$Recipient;Landroid/widget/ImageView;)V
06-09 10:42:46.566 26356 26356 D M_InsDal: Lcom/fsck/k9/activity/misc/ContactPictureLoader;--->loadContactPicture(Landroid/net/Uri;Lcom/fsck/k9/mail/Address;Landroid/widget/ImageView;)V
06-09 10:42:46.566 26356 26356 D M_InsDal: Lcom/fsck/k9/activity/misc/ContactPictureLoader;--->loadFallbackPicture(Lcom/fsck/k9/mail/Address;Landroid/widget/ImageView;)V
06-09 10:42:46.569 26356 26356 D M_InsDal: Lcom/fsck/k9/activity/misc/ContactPictureLoader$FallbackGlideModelLoader;---><init>(Lcom/fsck/k9/activity/misc/ContactPictureLoader;)V
06-09 10:42:46.569 26356 26356 D M_InsDal: Lcom/fsck/k9/activity/misc/ContactPictureLoader$FallbackGlideBitmapDecoder;---><init>(Lcom/fsck/k9/activity/misc/ContactPictureLoader;Landroid/content/Context;)V
06-09 10:42:46.569 26356 26356 D M_InsDal: Lcom/fsck/k9/activity/misc/ContactPictureLoader$FallbackGlideParams;---><init>(Lcom/fsck/k9/activity/misc/ContactPictureLoader;Lcom/fsck/k9/mail/Address;)V
06-09 10:42:46.570 26356 26356 D M_InsDal: Lcom/fsck/k9/view/RecipientSelectView$RecipientTokenViewHolder;--->hideCryptoState()V
06-09 10:42:46.570 26356 26356 D M_InsDal: Lcom/fsck/k9/view/RecipientSelectView$RecipientTokenSpan;---><init>(Lcom/fsck/k9/view/RecipientSelectView;Landroid/view/View;Lcom/fsck/k9/view/RecipientSelectView$Recipient;I)V
06-09 10:42:46.570 26356 26356 D M_InsDal: Lcom/fsck/k9/helper/SimpleTextWatcher;--->beforeTextChanged(Ljava/lang/CharSequence;III)V
06-09 10:42:46.570 26356 26356 D M_InsDal: Lcom/fsck/k9/activity/MessageCompose$1;--->onTextChanged(Ljava/lang/CharSequence;III)V
06-09 10:42:46.570 26356 26356 D M_InsDal: Lcom/fsck/k9/helper/SimpleTextWatcher;--->afterTextChanged(Landroid/text/Editable;)V
