06-05 18:18:53.146 10335 10407 D M_InsDal: Lcom/fsck/k9/mail/store/imap/ImapResponseParser;--->equalsIgnoreCase(Ljava/lang/Object;Ljava/lang/String;)Z
06-05 18:18:53.146 10335 10406 D M_InsDal: Lcom/fsck/k9/mail/store/imap/ImapResponseParser;--->parseToken(Lcom/fsck/k9/mail/store/imap/ImapList;)Ljava/lang/Object;
06-05 18:18:53.146 10335 10407 D M_InsDal: Lcom/fsck/k9/mail/K9MailLib;--->isDebug()Z
06-05 18:18:53.146 10335 10407 D M_InsDal: Lcom/fsck/k9/K9$2;--->enabled()Z
06-05 18:18:53.146 10335 10407 D M_InsDal: Lcom/fsck/k9/mail/store/imap/ImapFolder;--->handlePossibleUidNext(Lcom/fsck/k9/mail/store/imap/ImapResponse;)V
06-05 18:18:53.146 10335 10406 D M_InsDal: Lcom/fsck/k9/mail/filter/PeekableInputStream;--->peek()I
06-05 18:18:53.146 10335 10407 D M_InsDal: Lcom/fsck/k9/mail/store/imap/ImapFolderPusher;--->handleUntaggedResponse(Lcom/fsck/k9/mail/store/imap/ImapResponse;)V
06-05 18:18:53.146 10335 10406 D M_InsDal: Lcom/fsck/k9/mail/filter/PeekableInputStream;--->peek()I
06-05 18:18:53.146 10335 10407 D M_InsDal: Lcom/fsck/k9/mail/store/imap/ImapResponseParser;--->equalsIgnoreCase(Ljava/lang/Object;Ljava/lang/String;)Z
06-05 18:18:53.146 10335 10406 D M_InsDal: Lcom/fsck/k9/mail/filter/PeekableInputStream;--->read()I
06-05 18:18:53.146 10335 10406 D M_InsDal: Lcom/fsck/k9/mail/filter/PeekableInputStream;--->read()I
06-05 18:18:53.146 10335 10407 D M_InsDal: Lcom/fsck/k9/mail/store/imap/ImapFolder;--->handlePossibleUidNext(Lcom/fsck/k9/mail/store/imap/ImapResponse;)V
06-05 18:18:53.146 10335 10407 D M_InsDal: Lcom/fsck/k9/mail/store/imap/ImapResponseParser;--->equalsIgnoreCase(Ljava/lang/Object;Ljava/lang/String;)Z
06-05 18:18:53.146 10335 10407 D M_InsDal: Lcom/fsck/k9/mail/store/imap/ImapFolderPusher;--->handleUntaggedResponse(Lcom/fsck/k9/mail/store/imap/ImapResponse;)V
06-05 18:18:53.146 10335 10406 D M_InsDal: Lcom/fsck/k9/mail/store/imap/ImapResponseParser;--->checkTokenIsString(Ljava/lang/Object;)V
06-05 18:18:53.146 10335 10406 D M_InsDal: Lcom/fsck/k9/mail/store/imap/ImapResponseParser;--->isStatusResponse(Ljava/lang/String;)Z
06-05 18:18:53.146 10335 10407 D M_InsDal: Lcom/fsck/k9/mail/store/imap/ImapResponseParser;--->equalsIgnoreCase(Ljava/lang/Object;Ljava/lang/String;)Z
06-05 18:18:53.146 10335 10407 D M_InsDal: Lcom/fsck/k9/mail/store/imap/ImapResponseParser;--->equalsIgnoreCase(Ljava/lang/Object;Ljava/lang/String;)Z
06-05 18:18:53.146 10335 10406 D M_InsDal: Lcom/fsck/k9/mail/store/imap/ImapResponseParser;--->parseToken(Lcom/fsck/k9/mail/store/imap/ImapList;)Ljava/lang/Object;
06-05 18:18:53.146 10335 10406 D M_InsDal: Lcom/fsck/k9/mail/store/imap/ImapResponseParser;--->expect(C)V
06-05 18:18:53.146 10335 10407 D M_InsDal: Lcom/fsck/k9/mail/store/imap/ImapFolderPusher;--->handleUntaggedResponse(Lcom/fsck/k9/mail/store/imap/ImapResponse;)V
06-05 18:18:53.146 10335 10406 D M_InsDal: Lcom/fsck/k9/mail/store/imap/ImapResponseParser;--->expect(C)V
06-05 18:18:53.146 10335 10407 D M_InsDal: Lcom/fsck/k9/mail/store/imap/ImapResponseParser;--->equalsIgnoreCase(Ljava/lang/Object;Ljava/lang/String;)Z
06-05 18:18:53.146 10335 10406 D M_InsDal: Lcom/fsck/k9/mail/filter/PeekableInputStream;--->peek()I
06-05 18:18:53.146 10335 10407 D M_InsDal: Lcom/fsck/k9/mail/store/imap/ImapFolder;--->handlePossibleUidNext(Lcom/fsck/k9/mail/store/imap/ImapResponse;)V
06-05 18:18:53.146 10335 10406 D M_InsDal: Lcom/fsck/k9/mail/filter/PeekableInputStream;--->read()I
06-05 18:18:53.146 10335 10406 D M_InsDal: Lcom/fsck/k9/mail/filter/PeekableInputStream;--->read()I
06-05 18:18:53.146 10335 10406 D M_InsDal: Lcom/fsck/k9/mail/filter/PeekableInputStream;--->peek()I
06-05 18:18:53.146 10335 10406 D M_InsDal: Lcom/fsck/k9/mail/filter/PeekableInputStream;--->peek()I
06-05 18:18:53.146 10335 10407 D M_InsDal: Lcom/fsck/k9/mail/store/imap/ImapResponse;--->getTag()Ljava/lang/String;
06-05 18:18:53.146 10335 10407 D M_InsDal: Lcom/fsck/k9/mail/store/imap/ImapResponseParser;--->equalsIgnoreCase(Ljava/lang/Object;Ljava/lang/String;)Z
06-05 18:18:53.146 10335 10407 D M_InsDal: Lcom/fsck/k9/mail/store/imap/ImapResponseParser;--->equalsIgnoreCase(Ljava/lang/Object;Ljava/lang/String;)Z
06-05 18:18:53.146 10335 10406 D M_InsDal: Lcom/fsck/k9/mail/filter/PeekableInputStream;--->peek()I
06-05 18:18:53.146 10335 10407 D M_InsDal: Lcom/fsck/k9/mail/store/imap/ImapResponseParser;--->equalsIgnoreCase(Ljava/lang/Object;Ljava/lang/String;)Z
06-05 18:18:53.146 10335 10406 D M_InsDal: Lcom/fsck/k9/mail/filter/PeekableInputStream;--->peek()I
06-05 18:18:53.146 10335 10407 D M_InsDal: Lcom/fsck/k9/mail/store/imap/ImapFolderPusher;--->handleUntaggedResponse(Lcom/fsck/k9/mail/store/imap/ImapResponse;)V
06-05 18:18:53.146 10335 10406 D M_InsDal: Lcom/fsck/k9/mail/filter/PeekableInputStream;--->read()I
06-05 18:18:53.146 10335 10406 D M_InsDal: Lcom/fsck/k9/mail/filter/PeekableInputStream;--->peek()I
06-05 18:18:53.146 10335 10406 D M_InsDal: Lcom/fsck/k9/mail/filter/PeekableInputStream;--->read()I
06-05 18:18:53.146 10335 10406 D M_InsDal: Lcom/fsck/k9/mail/store/imap/ImapResponseParser;--->parseToken(Lcom/fsck/k9/mail/store/imap/ImapList;)Ljava/lang/Object;
06-05 18:18:53.146 10335 10406 D M_InsDal: Lcom/fsck/k9/mail/filter/PeekableInputStream;--->read()I
06-05 18:18:53.146 10335 10406 D M_InsDal: Lcom/fsck/k9/mail/store/imap/ImapResponseParser;--->parseBareString(Z)Ljava/lang/String;
06-05 18:18:53.146 10335 10406 D M_InsDal: Lcom/fsck/k9/mail/filter/PeekableInputStream;--->read()I
06-05 18:18:53.146 10335 10406 D M_InsDal: Lcom/fsck/k9/mail/filter/PeekableInputStream;--->read()I
06-05 18:18:53.146 10335 10406 D M_InsDal: Lcom/fsck/k9/mail/filter/PeekableInputStream;--->peek()I
06-05 18:18:53.146 10335 10406 D M_InsDal: Lcom/fsck/k9/mail/filter/PeekableInputStream;--->read()I
06-05 18:18:53.146 10335 10407 D M_InsDal: Lcom/fsck/k9/mail/store/imap/ImapFolderPusher;--->handleUntaggedResponse(Lcom/fsck/k9/mail/store/imap/ImapResponse;)V
06-05 18:18:53.146 10335 10406 D M_InsDal: Lcom/fsck/k9/mail/filter/PeekableInputStream;--->read()I
06-05 18:18:53.146 10335 10407 D M_InsDal: Lcom/fsck/k9/mail/store/imap/ImapFolder;--->handlePermanentFlags(Lcom/fsck/k9/mail/store/imap/ImapResponse;)V
06-05 18:18:53.146 10335 10406 D M_InsDal: Lcom/fsck/k9/mail/filter/PeekableInputStream;--->read()I
06-05 18:18:53.146 10335 10406 D M_InsDal: Lcom/fsck/k9/mail/filter/PeekableInputStream;--->read()I
06-05 18:18:53.146 10335 10406 D M_InsDal: Lcom/fsck/k9/mail/filter/PeekableInputStream;--->peek()I
06-05 18:18:53.146 10335 10407 D M_InsDal: Lcom/fsck/k9/mail/store/imap/ImapResponse;--->isTagged()Z
06-05 18:18:53.146 10335 10406 D M_InsDal: Lcom/fsck/k9/mail/filter/PeekableInputStream;--->peek()I
06-05 18:18:53.146 10335 10406 D M_InsDal: Lcom/fsck/k9/mail/filter/PeekableInputStream;--->read()I
06-05 18:18:53.146 10335 10406 D M_InsDal: Lcom/fsck/k9/mail/filter/PeekableInputStream;--->peek()I
06-05 18:18:53.146 10335 10407 D M_InsDal: Lcom/fsck/k9/mail/store/imap/ImapResponse;--->isTagged()Z
06-05 18:18:53.146 10335 10406 D M_InsDal: Lcom/fsck/k9/mail/store/imap/ImapResponseParser;--->parseBareString(Z)Ljava/lang/String;
06-05 18:18:53.146 10335 10407 D M_InsDal: Lcom/fsck/k9/mail/store/imap/PermanentFlagsResponse;--->parse(Lcom/fsck/k9/mail/store/imap/ImapResponse;)Lcom/fsck/k9/mail/store/imap/PermanentFlagsResponse;
06-05 18:18:53.146 10335 10407 D M_InsDal: Lcom/fsck/k9/mail/store/imap/ImapResponseParser;--->equalsIgnoreCase(Ljava/lang/Object;Ljava/lang/String;)Z
06-05 18:18:53.146 10335 10407 D M_InsDal: Lcom/fsck/k9/mail/store/imap/ImapList;--->isList(I)Z
06-05 18:18:53.146 10335 10406 D M_InsDal: Lcom/fsck/k9/mail/filter/PeekableInputStream;--->read()I
06-05 18:18:53.146 10335 10406 D M_InsDal: Lcom/fsck/k9/mail/filter/PeekableInputStream;--->read()I
06-05 18:18:53.146 10335 10407 D M_InsDal: Lcom/fsck/k9/mail/store/imap/ImapList;--->getList(I)Lcom/fsck/k9/mail/store/imap/ImapList;
06-05 18:18:53.146 10335 10406 D M_InsDal: Lcom/fsck/k9/mail/filter/PeekableInputStream;--->peek()I
06-05 18:18:53.146 10335 10407 D M_InsDal: Lcom/fsck/k9/mail/store/imap/ImapResponse;--->isTagged()Z
06-05 18:18:53.146 10335 10406 D M_InsDal: Lcom/fsck/k9/mail/filter/PeekableInputStream;--->peek()I
06-05 18:18:53.146 10335 10406 D M_InsDal: Lcom/fsck/k9/mail/store/imap/ImapResponseParser;--->parseToken(Lcom/fsck/k9/mail/store/imap/ImapList;)Ljava/lang/Object;
06-05 18:18:53.146 10335 10407 D M_InsDal: Lcom/fsck/k9/mail/store/imap/ImapList;--->getList(I)Lcom/fsck/k9/mail/store/imap/ImapList;
06-05 18:18:53.146 10335 10407 D M_InsDal: Lcom/fsck/k9/mail/store/imap/PermanentFlagsResponse;--->parse(Lcom/fsck/k9/mail/store/imap/ImapResponse;)Lcom/fsck/k9/mail/store/imap/PermanentFlagsResponse;
06-05 18:18:53.146 10335 10407 D M_InsDal: Lcom/fsck/k9/mail/store/imap/ImapResponse;--->isTagged()Z
06-05 18:18:53.146 10335 10406 D M_InsDal: Lcom/fsck/k9/mail/filter/PeekableInputStream;--->read()I
06-05 18:18:53.146 10335 10406 D M_InsDal: Lcom/fsck/k9/mail/filter/PeekableInputStream;--->read()I
06-05 18:18:53.146 10335 10407 D M_InsDal: Lcom/fsck/k9/mail/store/imap/ImapList;--->getList(I)Lcom/fsck/k9/mail/store/imap/ImapList;
06-05 18:18:53.146 10335 10406 D M_InsDal: Lcom/fsck/k9/mail/store/imap/ImapResponseParser;--->parseToken(Lcom/fsck/k9/mail/store/imap/ImapList;)Ljava/lang/Object;
06-05 18:18:53.146 10335 10407 D M_InsDal: Lcom/fsck/k9/mail/store/imap/ImapList;--->isList(I)Z
06-05 18:18:53.146 10335 10406 D M_InsDal: Lcom/fsck/k9/mail/store/imap/ImapResponseParser;--->expect(C)V
06-05 18:18:53.146 10335 10406 D M_InsDal: Lcom/fsck/k9/mail/filter/PeekableInputStream;--->peek()I
06-05 18:18:53.146 10335 10406 D M_InsDal: Lcom/fsck/k9/mail/store/imap/ImapResponseParser;--->parseBareString(Z)Ljava/lang/String;
06-05 18:18:53.146 10335 10406 D M_InsDal: Lcom/fsck/k9/mail/filter/PeekableInputStream;--->peek()I
06-05 18:18:53.146 10335 10407 D M_InsDal: Lcom/fsck/k9/mail/store/imap/ImapStore;--->getPermanentFlagsIndex()Ljava/util/Set;
06-05 18:18:53.146 10335 10406 D M_InsDal: Lcom/fsck/k9/mail/filter/PeekableInputStream;--->peek()I
06-05 18:18:53.146 10335 10406 D M_InsDal: Lcom/fsck/k9/mail/filter/PeekableInputStream;--->peek()I
06-05 18:18:53.146 10335 10406 D M_InsDal: Lcom/fsck/k9/mail/filter/PeekableInputStream;--->read()I
06-05 18:18:53.146 10335 10406 D M_InsDal: Lcom/fsck/k9/mail/filter/PeekableInputStream;--->peek()I
06-05 18:18:53.146 10335 10406 D M_InsDal: Lcom/fsck/k9/mail/filter/PeekableInputStream;--->read()I
06-05 18:18:53.146 10335 10406 D M_InsDal: Lcom/fsck/k9/mail/store/imap/ImapResponseParser;--->readToken(Lcom/fsck/k9/mail/store/imap/ImapResponse;)Ljava/lang/Object;
06-05 18:18:53.146 10335 10406 D M_InsDal: Lcom/fsck/k9/mail/store/imap/ImapResponseParser;--->expect(C)V
06-05 18:18:53.146 10335 10406 D M_InsDal: Lcom/fsck/k9/mail/filter/PeekableInputStream;--->read()I
06-05 18:18:53.146 10335 10406 D M_InsDal: Lcom/fsck/k9/mail/store/imap/ImapResponseParser;--->expect(C)V
06-05 18:18:53.146 10335 10407 D M_InsDal: Lcom/fsck/k9/mail/store/imap/ImapResponse;--->isTagged()Z
06-05 18:18:53.146 10335 10406 D M_InsDal: Lcom/fsck/k9/mail/store/imap/ImapResponse;--->getTag()Ljava/lang/String;
06-05 18:18:53.146 10335 10407 D M_InsDal: Lcom/fsck/k9/mail/store/imap/ImapResponse;--->isTagged()Z
06-05 18:18:53.146 10335 10406 D M_InsDal: Lcom/fsck/k9/mail/store/imap/ImapResponseParser;--->readResponse()Lcom/fsck/k9/mail/store/imap/ImapResponse;
06-05 18:18:53.146 10335 10406 D M_InsDal: Lcom/fsck/k9/mail/store/imap/ImapResponseParser;--->readResponse(Lcom/fsck/k9/mail/store/imap/ImapResponseCallback;)Lcom/fsck/k9/mail/store/imap/ImapResponse;
06-05 18:18:53.146 10335 10406 D M_InsDal: Lcom/fsck/k9/mail/store/imap/ImapResponseParser;--->parseUntaggedResponse()V
06-05 18:18:53.146 10335 10407 D M_InsDal: Lcom/fsck/k9/mail/store/imap/ImapList;--->inRange(I)Z
06-05 18:18:53.146 10335 10406 D M_InsDal: Lcom/fsck/k9/mail/store/imap/ImapResponse;--->newUntaggedResponse(Lcom/fsck/k9/mail/store/imap/ImapResponseCallback;)Lcom/fsck/k9/mail/store/imap/ImapResponse;
06-05 18:18:53.146 10335 10406 D M_InsDal: Lcom/fsck/k9/mail/store/imap/ImapResponse;---><init>(Lcom/fsck/k9/mail/store/imap/ImapResponseCallback;ZLjava/lang/String;)V
06-05 18:18:53.146 10335 10406 D M_InsDal: Lcom/fsck/k9/mail/store/imap/ImapList;---><init>()V
06-05 18:18:53.146 10335 10406 D M_InsDal: Lcom/fsck/k9/mail/store/imap/ImapResponseParser;--->readTokens(Lcom/fsck/k9/mail/store/imap/ImapResponse;)V
06-05 18:18:53.146 10335 10407 D M_InsDal: Lcom/fsck/k9/mail/store/imap/SelectOrExamineResponse;---><init>(Ljava/lang/Boolean;)V
06-05 18:18:53.146 10335 10406 D M_InsDal: Lcom/fsck/k9/mail/store/imap/ImapResponseParser;--->readToken(Lcom/fsck/k9/mail/store/imap/ImapResponse;)Ljava/lang/Object;
06-05 18:18:53.146 10335 10407 D M_InsDal: Lcom/fsck/k9/mail/store/imap/SelectOrExamineResponse;--->hasOpenMode()Z
06-05 18:18:53.146 10335 10406 D M_InsDal: Lcom/fsck/k9/mail/filter/PeekableInputStream;--->peek()I
06-05 18:18:53.146 10335 10406 D M_InsDal: Lcom/fsck/k9/mail/filter/PeekableInputStream;--->read()I
06-05 18:18:53.146 10335 10406 D M_InsDal: Lcom/fsck/k9/mail/filter/PeekableInputStream;--->peek()I
06-05 18:18:53.146 10335 10406 D M_InsDal: Lcom/fsck/k9/mail/filter/PeekableInputStream;--->peek()I
06-05 18:18:53.146 10335 10407 D M_InsDal: Lcom/fsck/k9/mail/store/imap/ImapFolderPusher$PushRunnable;--->checkConnectionIdleCapable(Lcom/fsck/k9/mail/store/imap/ImapConnection;)V
06-05 18:18:53.146 10335 10406 D M_InsDal: Lcom/fsck/k9/mail/store/imap/ImapResponseParser;--->isStatusResponse(Ljava/lang/String;)Z
06-05 18:18:53.146 10335 10407 D M_InsDal: Lcom/fsck/k9/mail/K9MailLib;--->isDebug()Z
06-05 18:18:53.146 10335 10406 D M_InsDal: Lcom/fsck/k9/mail/filter/PeekableInputStream;--->peek()I
06-05 18:18:53.146 10335 10406 D M_InsDal: Lcom/fsck/k9/mail/store/imap/ImapResponseParser;--->expect(C)V
06-05 18:18:53.146 10335 10407 D M_InsDal: Lcom/fsck/k9/mail/store/imap/ImapStore;--->getStoreConfig()Lcom/fsck/k9/mail/store/StoreConfig;
06-05 18:18:53.146 10335 10406 D M_InsDal: Lcom/fsck/k9/mail/store/imap/ImapResponseParser;--->expect(C)V
06-05 18:18:53.146 10335 10407 D M_InsDal: Lcom/fsck/k9/Account;--->isPushPollOnConnect()Z
06-05 18:18:53.146 10335 10406 D M_InsDal: Lcom/fsck/k9/mail/store/imap/ImapList;---><init>()V
06-05 18:18:53.146 10335 10407 D M_InsDal: Lcom/fsck/k9/mail/store/imap/ImapFolderPusher$PushRunnable;--->processStoredUntaggedResponses()V
06-05 18:18:53.146 10335 10406 D M_InsDal: Lcom/fsck/k9/mail/store/imap/ImapResponseParser;--->parseBareString(Z)Ljava/lang/String;
06-05 18:18:53.146 10335 10406 D M_InsDal: Lcom/fsck/k9/mail/filter/PeekableInputStream;--->peek()I
06-05 18:18:53.146 10335 10406 D M_InsDal: Lcom/fsck/k9/mail/filter/PeekableInputStream;--->peek()I
06-05 18:18:53.146 10335 10406 D M_InsDal: Lcom/fsck/k9/mail/filter/PeekableInputStream;--->read()I
06-05 18:18:53.146 10335 10407 D M_InsDal: Lcom/fsck/k9/mail/store/imap/ImapFolderPusher$PushRunnable;--->processUntaggedResponse(JLcom/fsck/k9/mail/store/imap/ImapResponse;Ljava/util/List;Ljava/util/List;)I
06-05 18:18:53.146 10335 10406 D M_InsDal: Lcom/fsck/k9/mail/filter/PeekableInputStream;--->peek()I
06-05 18:18:53.146 10335 10406 D M_InsDal: Lcom/fsck/k9/mail/filter/PeekableInputStream;--->peek()I
06-05 18:18:53.146 10335 10406 D M_InsDal: Lcom/fsck/k9/mail/filter/PeekableInputStream;--->read()I
06-05 18:18:53.146 10335 10406 D M_InsDal: Lcom/fsck/k9/mail/filter/PeekableInputStream;--->peek()I
06-05 18:18:53.146 10335 10407 D M_InsDal: Lcom/fsck/k9/mail/store/imap/ImapList;--->getNumber(I)I
06-05 18:18:53.146 10335 10406 D M_InsDal: Lcom/fsck/k9/mail/filter/PeekableInputStream;--->peek()I
06-05 18:18:53.146 10335 10406 D M_InsDal: Lcom/fsck/k9/mail/filter/PeekableInputStream;--->read()I
06-05 18:18:53.146 10335 10407 D M_InsDal: Lcom/fsck/k9/mail/store/imap/ImapFolder;--->handlePossibleUidNext(Lcom/fsck/k9/mail/store/imap/ImapResponse;)V
06-05 18:18:53.146 10335 10406 D M_InsDal: Lcom/fsck/k9/mail/filter/PeekableInputStream;--->read()I
06-05 18:18:53.146 10335 10406 D M_InsDal: Lcom/fsck/k9/mail/filter/PeekableInputStream;--->peek()I
06-05 18:18:53.146 10335 10406 D M_InsDal: Lcom/fsck/k9/mail/filter/PeekableInputStream;--->read()I
06-05 18:18:53.146 10335 10406 D M_InsDal: Lcom/fsck/k9/mail/filter/PeekableInputStream;--->peek()I
06-05 18:18:53.146 10335 10406 D M_InsDal: Lcom/fsck/k9/mail/filter/PeekableInputStream;--->read()I
06-05 18:18:53.146 10335 10406 D M_InsDal: Lcom/fsck/k9/mail/filter/PeekableInputStream;--->peek()I
06-05 18:18:53.146 10335 10406 D M_InsDal: Lcom/fsck/k9/mail/filter/PeekableInputStream;--->peek()I
06-05 18:18:53.146 10335 10406 D M_InsDal: Lcom/fsck/k9/mail/filter/PeekableInputStream;--->read()I
06-05 18:18:53.146 10335 10406 D M_InsDal: Lcom/fsck/k9/mail/filter/PeekableInputStream;--->peek()I
06-05 18:18:53.146 10335 10407 D M_InsDal: Lcom/fsck/k9/mail/store/imap/ImapFolderPusher;--->superHandleUntaggedResponse(Lcom/fsck/k9/mail/store/imap/ImapResponse;)V
06-05 18:18:53.146 10335 10406 D M_InsDal: Lcom/fsck/k9/mail/store/imap/ImapResponseParser;--->parseToken(Lcom/fsck/k9/mail/store/imap/ImapList;)Ljava/lang/Object;
06-05 18:18:53.146 10335 10407 D M_InsDal: Lcom/fsck/k9/mail/store/imap/ImapResponse;--->getTag()Ljava/lang/String;
06-05 18:18:53.146 10335 10406 D M_InsDal: Lcom/fsck/k9/mail/filter/PeekableInputStream;--->peek()I
06-05 18:18:53.146 10335 10407 D M_InsDal: Lcom/fsck/k9/mail/store/imap/ImapResponseParser;--->equalsIgnoreCase(Ljava/lang/Object;Ljava/lang/String;)Z
06-05 18:18:53.146 10335 10407 D M_InsDal: Lcom/fsck/k9/mail/store/imap/ImapResponseParser;--->equalsIgnoreCase(Ljava/lang/Object;Ljava/lang/String;)Z
06-05 18:18:53.146 10335 10406 D M_InsDal: Lcom/fsck/k9/mail/store/imap/ImapResponseParser;--->expect(C)V
06-05 18:18:53.146 10335 10406 D M_InsDal: Lcom/fsck/k9/mail/store/imap/ImapList;---><init>()V
06-05 18:18:53.146 10335 10406 D M_InsDal: Lcom/fsck/k9/mail/filter/PeekableInputStream;--->peek()I
06-05 18:18:53.146 10335 10407 D M_InsDal: Lcom/fsck/k9/controller/MessagingControllerPushReceiver;--->syncFolder(Lcom/fsck/k9/mail/Folder;)V
06-05 18:18:53.146 10335 10406 D M_InsDal: Lcom/fsck/k9/mail/filter/PeekableInputStream;--->peek()I
06-05 18:18:53.146 10335 10406 D M_InsDal: Lcom/fsck/k9/mail/filter/PeekableInputStream;--->read()I
06-05 18:18:53.146 10335 10406 D M_InsDal: Lcom/fsck/k9/mail/store/imap/ImapResponseParser;--->skipIfSpace()V
06-05 18:18:53.146 10335 10406 D M_InsDal: Lcom/fsck/k9/mail/filter/PeekableInputStream;--->peek()I
06-05 18:18:53.146 10335 10407 D M_InsDal: Lcom/fsck/k9/controller/SimpleMessagingListener;---><init>()V
06-05 18:18:53.146 10335 10406 D M_InsDal: Lcom/fsck/k9/mail/store/imap/ImapResponseParser;--->readStringUntilEndOfLine()Ljava/lang/String;
06-05 18:18:53.146 10335 10406 D M_InsDal: Lcom/fsck/k9/mail/store/imap/ImapResponseParser;--->readStringUntil(C)Ljava/lang/String;
06-05 18:18:53.146 10335 10406 D M_InsDal: Lcom/fsck/k9/mail/filter/PeekableInputStream;--->read()I
06-05 18:18:53.146 10335 10407 D M_InsDal: Lcom/fsck/k9/controller/MessagingController$9;---><init>(Lcom/fsck/k9/controller/MessagingController;Lcom/fsck/k9/Account;Ljava/lang/String;Lcom/fsck/k9/controller/MessagingListener;Lcom/fsck/k9/mail/Folder;)V
06-05 18:18:53.146 10335 10406 D M_InsDal: Lcom/fsck/k9/mail/filter/PeekableInputStream;--->read()I
06-05 18:18:53.146 10335 10406 D M_InsDal: Lcom/fsck/k9/mail/filter/PeekableInputStream;--->read()I
06-05 18:18:53.146 10335 10407 D M_InsDal: Lcom/fsck/k9/mail/store/imap/ImapFolder;--->getName()Ljava/lang/String;
06-05 18:18:53.146 10335 10406 D M_InsDal: Lcom/fsck/k9/mail/filter/PeekableInputStream;--->read()I
06-05 18:18:53.146 10335 10406 D M_InsDal: Lcom/fsck/k9/mail/filter/PeekableInputStream;--->read()I
06-05 18:18:53.146 10335 10406 D M_InsDal: Lcom/fsck/k9/mail/store/imap/ImapResponseParser;--->expect(C)V
06-05 18:18:53.146 10335 10406 D M_InsDal: Lcom/fsck/k9/mail/K9MailLib;--->isDebug()Z
06-05 18:18:53.146 10335 10406 D M_InsDal: Lcom/fsck/k9/K9$2;--->enabled()Z
06-05 18:18:53.146 10335 10406 D M_InsDal: Lcom/fsck/k9/mail/store/imap/ImapResponse;--->getTag()Ljava/lang/String;
06-05 18:18:53.146 10335 10406 D M_InsDal: Lcom/fsck/k9/mail/store/imap/ImapResponse;--->getTag()Ljava/lang/String;
06-05 18:18:53.146 10335 10406 D M_InsDal: Lcom/fsck/k9/mail/store/imap/ImapResponseParser;--->readResponse()Lcom/fsck/k9/mail/store/imap/ImapResponse;
06-05 18:18:53.146 10335 10406 D M_InsDal: Lcom/fsck/k9/mail/store/imap/ImapResponseParser;--->readTaggedResponse(Lcom/fsck/k9/mail/store/imap/ImapResponseCallback;)V
06-05 18:18:53.146 10335 10406 D M_InsDal: Lcom/fsck/k9/mail/store/imap/ImapResponseParser;--->parseTaggedResponse()Ljava/lang/String;
06-05 18:18:53.146 10335 10354 D M_InsDal: Lcom/fsck/k9/controller/MessagingController$9;--->run()V
06-05 18:18:53.146 10335 10406 D M_InsDal: Lcom/fsck/k9/mail/store/imap/ImapResponse;--->newTaggedResponse(Lcom/fsck/k9/mail/store/imap/ImapResponseCallback;Ljava/lang/String;)Lcom/fsck/k9/mail/store/imap/ImapResponse;
06-05 18:18:53.146 10335 10354 D M_InsDal: Lcom/fsck/k9/controller/MessagingController;--->synchronizeMailboxSynchronous(Lcom/fsck/k9/Account;Ljava/lang/String;Lcom/fsck/k9/controller/MessagingListener;Lcom/fsck/k9/mail/Folder;)V
06-05 18:18:53.146 10335 10406 D M_InsDal: Lcom/fsck/k9/mail/store/imap/ImapResponseParser;--->parseToken(Lcom/fsck/k9/mail/store/imap/ImapList;)Ljava/lang/Object;
06-05 18:18:53.146 10335 10406 D M_InsDal: Lcom/fsck/k9/mail/filter/PeekableInputStream;--->peek()I
06-05 18:18:53.146 10335 10406 D M_InsDal: Lcom/fsck/k9/mail/filter/PeekableInputStream;--->peek()I
06-05 18:18:53.147 10335 10354 D M_InsDal: Lcom/fsck/k9/controller/imap/ImapSync;--->sync(Lcom/fsck/k9/Account;Ljava/lang/String;Lcom/fsck/k9/controller/MessagingListener;Lcom/fsck/k9/mail/Folder;)V
06-05 18:18:53.147 10335 10354 D M_InsDal: Lcom/fsck/k9/Account;--->getDescription()Ljava/lang/String;
06-05 18:18:53.147 10335 10354 D M_InsDal: Lcom/fsck/k9/controller/imap/ImapSync;--->getListeners(Lcom/fsck/k9/controller/MessagingListener;)Ljava/util/Set;
06-05 18:18:53.147 10335 10406 D M_InsDal: Lcom/fsck/k9/mail/filter/PeekableInputStream;--->read()I
06-05 18:18:53.147 10335 10406 D M_InsDal: Lcom/fsck/k9/mail/store/imap/ImapResponseParser;--->parseList(Lcom/fsck/k9/mail/store/imap/ImapList;CC)Lcom/fsck/k9/mail/store/imap/ImapList;
06-05 18:18:53.147 10335 10406 D M_InsDal: Lcom/fsck/k9/mail/filter/PeekableInputStream;--->read()I
06-05 18:18:53.147 10335 10406 D M_InsDal: Lcom/fsck/k9/mail/filter/PeekableInputStream;--->peek()I
06-05 18:18:53.147 10335 10406 D M_InsDal: Lcom/fsck/k9/mail/store/imap/ImapResponseParser;--->parseBareString(Z)Ljava/lang/String;
06-05 18:18:53.147 10335 10406 D M_InsDal: Lcom/fsck/k9/mail/filter/PeekableInputStream;--->peek()I
06-05 18:18:53.147 10335 10406 D M_InsDal: Lcom/fsck/k9/mail/filter/PeekableInputStream;--->read()I
06-05 18:18:53.147 10335 10406 D M_InsDal: Lcom/fsck/k9/mail/filter/PeekableInputStream;--->peek()I
06-05 18:18:53.147 10335 10406 D M_InsDal: Lcom/fsck/k9/mail/filter/PeekableInputStream;--->read()I
06-05 18:18:53.147 10335 10354 D M_InsDal: Lcom/fsck/k9/Account;--->getOutboxFolderName()Ljava/lang/String;
06-05 18:18:53.147 10335 10406 D M_InsDal: Lcom/fsck/k9/mail/filter/PeekableInputStream;--->peek()I
06-05 18:18:53.147 10335 10406 D M_InsDal: Lcom/fsck/k9/mail/filter/PeekableInputStream;--->peek()I
06-05 18:18:53.147 10335 10406 D M_InsDal: Lcom/fsck/k9/mail/filter/PeekableInputStream;--->read()I
06-05 18:18:53.147 10335 10406 D M_InsDal: Lcom/fsck/k9/mail/store/imap/ImapResponseParser;--->parseToken(Lcom/fsck/k9/mail/store/imap/ImapList;)Ljava/lang/Object;
06-05 18:18:53.147 10335 10354 D M_InsDal: Lcom/fsck/k9/mailstore/LocalStore;--->getInstance(Lcom/fsck/k9/Account;Landroid/content/Context;)Lcom/fsck/k9/mailstore/LocalStore;
06-05 18:18:53.147 10335 10406 D M_InsDal: Lcom/fsck/k9/mail/store/imap/ImapResponseParser;--->skipIfSpace()V
06-05 18:18:53.147 10335 10354 D M_InsDal: Lcom/fsck/k9/mailstore/LocalStore;--->getPendingCommands()Ljava/util/List;
06-05 18:18:53.147 10335 10406 D M_InsDal: Lcom/fsck/k9/mail/filter/PeekableInputStream;--->peek()I
06-05 18:18:53.147 10335 10406 D M_InsDal: Lcom/fsck/k9/mail/filter/PeekableInputStream;--->read()I
06-05 18:18:53.147 10335 10354 D M_InsDal: Lcom/fsck/k9/mailstore/StorageManager$InternalStorageProvider;--->isReady(Landroid/content/Context;)Z
06-05 18:18:53.147 10335 10406 D M_InsDal: Lcom/fsck/k9/mail/filter/PeekableInputStream;--->read()I
06-05 18:18:53.147 10335 10406 D M_InsDal: Lcom/fsck/k9/mail/filter/PeekableInputStream;--->read()I
06-05 18:18:53.147 10335 10406 D M_InsDal: Lcom/fsck/k9/mail/store/imap/ImapResponseParser;--->expect(C)V
06-05 18:18:53.147 10335 10406 D M_InsDal: Lcom/fsck/k9/mail/filter/PeekableInputStream;--->read()I
06-05 18:18:53.147 10335 10406 D M_InsDal: Lcom/fsck/k9/K9$2;--->enabled()Z
06-05 18:18:53.147 10335 10406 D M_InsDal: Lcom/fsck/k9/mail/store/imap/ImapResponse;--->getTag()Ljava/lang/String;
06-05 18:18:53.147 10335 10406 D M_InsDal: Lcom/fsck/k9/mail/store/imap/ImapResponse;--->getTag()Ljava/lang/String;
06-05 18:18:53.147 10335 10406 D M_InsDal: Lcom/fsck/k9/mail/store/imap/ImapResponseParser;--->equalsIgnoreCase(Ljava/lang/Object;Ljava/lang/String;)Z
06-05 18:18:53.147 10335 10406 D M_InsDal: Lcom/fsck/k9/mail/store/imap/ImapFolder;--->handleUntaggedResponses(Ljava/util/List;)Ljava/util/List;
06-05 18:18:53.147 10335 10406 D M_InsDal: Lcom/fsck/k9/mail/store/imap/ImapFolderPusher;--->handleUntaggedResponse(Lcom/fsck/k9/mail/store/imap/ImapResponse;)V
06-05 18:18:53.147 10335 10406 D M_InsDal: Lcom/fsck/k9/mail/store/imap/ImapResponse;--->getTag()Ljava/lang/String;
06-05 18:18:53.147 10335 10406 D M_InsDal: Lcom/fsck/k9/mail/store/imap/ImapResponseParser;--->equalsIgnoreCase(Ljava/lang/Object;Ljava/lang/String;)Z
06-05 18:18:53.147 10335 10406 D M_InsDal: Lcom/fsck/k9/mail/store/imap/ImapResponseParser;--->equalsIgnoreCase(Ljava/lang/Object;Ljava/lang/String;)Z
06-05 18:18:53.147 10335 10406 D M_InsDal: Lcom/fsck/k9/mail/K9MailLib;--->isDebug()Z
06-05 18:18:53.147 10335 10406 D M_InsDal: Lcom/fsck/k9/K9$2;--->enabled()Z
06-05 18:18:53.147 10335 10406 D M_InsDal: Lcom/fsck/k9/mail/store/imap/ImapFolder;--->handlePossibleUidNext(Lcom/fsck/k9/mail/store/imap/ImapResponse;)V
06-05 18:18:53.147 10335 10406 D M_InsDal: Lcom/fsck/k9/mail/store/imap/ImapResponseParser;--->equalsIgnoreCase(Ljava/lang/Object;Ljava/lang/String;)Z
06-05 18:18:53.147 10335 10406 D M_InsDal: Lcom/fsck/k9/mail/store/imap/ImapFolderPusher;--->handleUntaggedResponse(Lcom/fsck/k9/mail/store/imap/ImapResponse;)V
06-05 18:18:53.147 10335 10406 D M_InsDal: Lcom/fsck/k9/mail/store/imap/ImapResponse;--->getTag()Ljava/lang/String;
06-05 18:18:53.147 10335 10406 D M_InsDal: Lcom/fsck/k9/mail/store/imap/ImapResponseParser;--->equalsIgnoreCase(Ljava/lang/Object;Ljava/lang/String;)Z
06-05 18:18:53.147 10335 10406 D M_InsDal: Lcom/fsck/k9/mail/store/imap/ImapResponseParser;--->equalsIgnoreCase(Ljava/lang/Object;Ljava/lang/String;)Z
06-05 18:18:53.147 10335 10406 D M_InsDal: Lcom/fsck/k9/mail/store/imap/ImapFolder;--->handlePossibleUidNext(Lcom/fsck/k9/mail/store/imap/ImapResponse;)V
06-05 18:18:53.147 10335 10406 D M_InsDal: Lcom/fsck/k9/mail/store/imap/ImapResponseParser;--->equalsIgnoreCase(Ljava/lang/Object;Ljava/lang/String;)Z
06-05 18:18:53.147 10335 10406 D M_InsDal: Lcom/fsck/k9/mail/store/imap/ImapFolderPusher;--->handleUntaggedResponse(Lcom/fsck/k9/mail/store/imap/ImapResponse;)V
06-05 18:18:53.147 10335 10406 D M_InsDal: Lcom/fsck/k9/mail/store/imap/ImapResponse;--->getTag()Ljava/lang/String;
06-05 18:18:53.147 10335 10406 D M_InsDal: Lcom/fsck/k9/mail/store/imap/ImapResponseParser;--->equalsIgnoreCase(Ljava/lang/Object;Ljava/lang/String;)Z
06-05 18:18:53.147 10335 10406 D M_InsDal: Lcom/fsck/k9/mail/store/imap/ImapFolder;--->handlePossibleUidNext(Lcom/fsck/k9/mail/store/imap/ImapResponse;)V
06-05 18:18:53.147 10335 10406 D M_InsDal: Lcom/fsck/k9/mail/store/imap/ImapFolderPusher;--->handleUntaggedResponse(Lcom/fsck/k9/mail/store/imap/ImapResponse;)V
06-05 18:18:53.147 10335 10406 D M_InsDal: Lcom/fsck/k9/mail/store/imap/ImapResponse;--->getTag()Ljava/lang/String;
06-05 18:18:53.147 10335 10406 D M_InsDal: Lcom/fsck/k9/mail/store/imap/ImapResponseParser;--->equalsIgnoreCase(Ljava/lang/Object;Ljava/lang/String;)Z
06-05 18:18:53.147 10335 10406 D M_InsDal: Lcom/fsck/k9/mail/store/imap/ImapResponseParser;--->equalsIgnoreCase(Ljava/lang/Object;Ljava/lang/String;)Z
06-05 18:18:53.147 10335 10406 D M_InsDal: Lcom/fsck/k9/mail/store/imap/ImapFolderPusher;--->handleUntaggedResponse(Lcom/fsck/k9/mail/store/imap/ImapResponse;)V
06-05 18:18:53.147 10335 10406 D M_InsDal: Lcom/fsck/k9/mail/store/imap/ImapResponse;--->getTag()Ljava/lang/String;
06-05 18:18:53.147 10335 10406 D M_InsDal: Lcom/fsck/k9/mail/store/imap/ImapResponseParser;--->equalsIgnoreCase(Ljava/lang/Object;Ljava/lang/String;)Z
06-05 18:18:53.147 10335 10406 D M_InsDal: Lcom/fsck/k9/mail/store/imap/ImapResponseParser;--->equalsIgnoreCase(Ljava/lang/Object;Ljava/lang/String;)Z
06-05 18:18:53.147 10335 10406 D M_InsDal: Lcom/fsck/k9/mail/store/imap/ImapFolder;--->handlePossibleUidNext(Lcom/fsck/k9/mail/store/imap/ImapResponse;)V
06-05 18:18:53.147 10335 10406 D M_InsDal: Lcom/fsck/k9/mail/store/imap/ImapResponseParser;--->equalsIgnoreCase(Ljava/lang/Object;Ljava/lang/String;)Z
06-05 18:18:53.147 10335 10406 D M_InsDal: Lcom/fsck/k9/mail/store/imap/ImapList;--->getLong(I)J
06-05 18:18:53.147 10335 10406 D M_InsDal: Lcom/fsck/k9/mail/K9MailLib;--->isDebug()Z
06-05 18:18:53.147 10335 10406 D M_InsDal: Lcom/fsck/k9/K9$2;--->enabled()Z
06-05 18:18:53.147 10335 10406 D M_InsDal: Lcom/fsck/k9/mail/store/imap/ImapFolderPusher;--->handleUntaggedResponse(Lcom/fsck/k9/mail/store/imap/ImapResponse;)V
06-05 18:18:53.147 10335 10406 D M_InsDal: Lcom/fsck/k9/mail/store/imap/ImapResponse;--->getTag()Ljava/lang/String;
06-05 18:18:53.147 10335 10406 D M_InsDal: Lcom/fsck/k9/mail/store/imap/ImapResponseParser;--->equalsIgnoreCase(Ljava/lang/Object;Ljava/lang/String;)Z
06-05 18:18:53.147 10335 10406 D M_InsDal: Lcom/fsck/k9/mail/store/imap/ImapResponseParser;--->equalsIgnoreCase(Ljava/lang/Object;Ljava/lang/String;)Z
06-05 18:18:53.147 10335 10406 D M_InsDal: Lcom/fsck/k9/mail/store/imap/ImapFolder;--->handlePossibleUidNext(Lcom/fsck/k9/mail/store/imap/ImapResponse;)V
06-05 18:18:53.147 10335 10406 D M_InsDal: Lcom/fsck/k9/mail/store/imap/ImapResponseParser;--->equalsIgnoreCase(Ljava/lang/Object;Ljava/lang/String;)Z
06-05 18:18:53.147 10335 10406 D M_InsDal: Lcom/fsck/k9/mail/store/imap/ImapFolderPusher;--->handleUntaggedResponse(Lcom/fsck/k9/mail/store/imap/ImapResponse;)V
06-05 18:18:53.147 10335 10406 D M_InsDal: Lcom/fsck/k9/mail/store/imap/ImapResponse;--->getTag()Ljava/lang/String;
06-05 18:18:53.147 10335 10354 D M_InsDal: Lcom/fsck/k9/helper/Utility;--->closeQuietly(Landroid/database/Cursor;)V
06-05 18:18:53.147 10335 10406 D M_InsDal: Lcom/fsck/k9/mail/store/imap/ImapResponseParser;--->equalsIgnoreCase(Ljava/lang/Object;Ljava/lang/String;)Z
06-05 18:18:53.147 10335 10406 D M_InsDal: Lcom/fsck/k9/mail/store/imap/ImapFolder;--->handlePossibleUidNext(Lcom/fsck/k9/mail/store/imap/ImapResponse;)V
06-05 18:18:53.147 10335 10406 D M_InsDal: Lcom/fsck/k9/mail/store/imap/ImapFolderPusher;--->handleUntaggedResponse(Lcom/fsck/k9/mail/store/imap/ImapResponse;)V
06-05 18:18:53.147 10335 10406 D M_InsDal: Lcom/fsck/k9/mail/store/imap/ImapResponse;--->getTag()Ljava/lang/String;
06-05 18:18:53.147 10335 10406 D M_InsDal: Lcom/fsck/k9/mail/store/imap/ImapFolder;--->handlePermanentFlags(Lcom/fsck/k9/mail/store/imap/ImapResponse;)V
06-05 18:18:53.147 10335 10406 D M_InsDal: Lcom/fsck/k9/mail/store/imap/PermanentFlagsResponse;--->parse(Lcom/fsck/k9/mail/store/imap/ImapResponse;)Lcom/fsck/k9/mail/store/imap/PermanentFlagsResponse;
06-05 18:18:53.147 10335 10406 D M_InsDal: Lcom/fsck/k9/mail/store/imap/ImapResponse;--->isTagged()Z
06-05 18:18:53.147 10335 10406 D M_InsDal: Lcom/fsck/k9/mail/store/imap/ImapResponseParser;--->equalsIgnoreCase(Ljava/lang/Object;Ljava/lang/String;)Z
06-05 18:18:53.147 10335 10406 D M_InsDal: Lcom/fsck/k9/mail/store/imap/ImapFolder;--->handlePermanentFlags(Lcom/fsck/k9/mail/store/imap/ImapResponse;)V
06-05 18:18:53.147 10335 10406 D M_InsDal: Lcom/fsck/k9/mail/store/imap/PermanentFlagsResponse;--->parse(Lcom/fsck/k9/mail/store/imap/ImapResponse;)Lcom/fsck/k9/mail/store/imap/PermanentFlagsResponse;
06-05 18:18:53.147 10335 10406 D M_InsDal: Lcom/fsck/k9/mail/store/imap/ImapResponse;--->isTagged()Z
06-05 18:18:53.147 10335 10406 D M_InsDal: Lcom/fsck/k9/mail/store/imap/ImapResponseParser;--->equalsIgnoreCase(Ljava/lang/Object;Ljava/lang/String;)Z
06-05 18:18:53.147 10335 10406 D M_InsDal: Lcom/fsck/k9/mail/store/imap/ImapFolder;--->handlePermanentFlags(Lcom/fsck/k9/mail/store/imap/ImapResponse;)V
06-05 18:18:53.147 10335 10354 D M_InsDal: Lcom/fsck/k9/mailstore/LockableDatabase;--->unlockRead()V
06-05 18:18:53.147 10335 10406 D M_InsDal: Lcom/fsck/k9/mail/store/imap/PermanentFlagsResponse;--->parse(Lcom/fsck/k9/mail/store/imap/ImapResponse;)Lcom/fsck/k9/mail/store/imap/PermanentFlagsResponse;
06-05 18:18:53.147 10335 10354 D M_InsDal: Lcom/fsck/k9/mailstore/LockableDatabase;--->getStorageManager()Lcom/fsck/k9/mailstore/StorageManager;
06-05 18:18:53.147 10335 10406 D M_InsDal: Lcom/fsck/k9/mail/store/imap/ImapResponse;--->isTagged()Z
06-05 18:18:53.147 10335 10354 D M_InsDal: Lcom/fsck/k9/mailstore/StorageManager;--->getInstance(Landroid/content/Context;)Lcom/fsck/k9/mailstore/StorageManager;
06-05 18:18:53.147 10335 10406 D M_InsDal: Lcom/fsck/k9/mail/store/imap/ImapResponseParser;--->equalsIgnoreCase(Ljava/lang/Object;Ljava/lang/String;)Z
06-05 18:18:53.147 10335 10406 D M_InsDal: Lcom/fsck/k9/mail/store/imap/ImapList;--->isList(I)Z
06-05 18:18:53.147 10335 10354 D M_InsDal: Lcom/fsck/k9/mailstore/StorageManager;--->unlockProvider(Ljava/lang/String;)V
06-05 18:18:53.147 10335 10406 D M_InsDal: Lcom/fsck/k9/mail/store/imap/ImapList;--->inRange(I)Z
06-05 18:18:53.147 10335 10354 D M_InsDal: Lcom/fsck/k9/mailstore/StorageManager;--->getProvider(Ljava/lang/String;)Lcom/fsck/k9/mailstore/StorageManager$StorageProvider;
06-05 18:18:53.147 10335 10406 D M_InsDal: Lcom/fsck/k9/mail/store/imap/ImapList;--->getList(I)Lcom/fsck/k9/mail/store/imap/ImapList;
06-05 18:18:53.147 10335 10406 D M_InsDal: Lcom/fsck/k9/mail/store/imap/ImapResponseParser;--->equalsIgnoreCase(Ljava/lang/Object;Ljava/lang/String;)Z
06-05 18:18:53.147 10335 10406 D M_InsDal: Lcom/fsck/k9/mail/store/imap/ImapFolder;--->handlePermanentFlags(Lcom/fsck/k9/mail/store/imap/ImapResponse;)V
06-05 18:18:53.147 10335 10406 D M_InsDal: Lcom/fsck/k9/mail/store/imap/PermanentFlagsResponse;--->parse(Lcom/fsck/k9/mail/store/imap/ImapResponse;)Lcom/fsck/k9/mail/store/imap/PermanentFlagsResponse;
06-05 18:18:53.147 10335 10354 D M_InsDal: Lcom/fsck/k9/Account;--->getLocalStore()Lcom/fsck/k9/mailstore/LocalStore;
06-05 18:18:53.147 10335 10406 D M_InsDal: Lcom/fsck/k9/mail/store/imap/ImapResponse;--->isTagged()Z
06-05 18:18:53.147 10335 10354 D M_InsDal: Lcom/fsck/k9/mailstore/LocalStore;--->getInstance(Lcom/fsck/k9/Account;Landroid/content/Context;)Lcom/fsck/k9/mailstore/LocalStore;
06-05 18:18:53.147 10335 10406 D M_InsDal: Lcom/fsck/k9/mail/store/imap/ImapResponseParser;--->equalsIgnoreCase(Ljava/lang/Object;Ljava/lang/String;)Z
06-05 18:18:53.147 10335 10354 D M_InsDal: Lcom/fsck/k9/Account;--->getUuid()Ljava/lang/String;
06-05 18:18:53.147 10335 10406 D M_InsDal: Lcom/fsck/k9/mail/store/imap/ImapList;--->isList(I)Z
06-05 18:18:53.147 10335 10406 D M_InsDal: Lcom/fsck/k9/mail/store/imap/ImapList;--->inRange(I)Z
06-05 18:18:53.147 10335 10406 D M_InsDal: Lcom/fsck/k9/mail/store/imap/ImapList;--->getList(I)Lcom/fsck/k9/mail/store/imap/ImapList;
06-05 18:18:53.147 10335 10354 D M_InsDal: Lcom/fsck/k9/mailstore/LocalStore;--->getFolder(Ljava/lang/String;)Lcom/fsck/k9/mailstore/LocalFolder;
06-05 18:18:53.147 10335 10406 D M_InsDal: Lcom/fsck/k9/mail/store/imap/ImapResponseParser;--->equalsIgnoreCase(Ljava/lang/Object;Ljava/lang/String;)Z
06-05 18:18:53.147 10335 10354 D M_InsDal: Lcom/fsck/k9/mailstore/LocalFolder;---><init>(Lcom/fsck/k9/mailstore/LocalStore;Ljava/lang/String;)V
06-05 18:18:53.147 10335 10406 D M_InsDal: Lcom/fsck/k9/mail/store/imap/ImapFolder;--->handlePermanentFlags(Lcom/fsck/k9/mail/store/imap/ImapResponse;)V
06-05 18:18:53.147 10335 10354 D M_InsDal: Lcom/fsck/k9/mail/Folder;---><init>()V
06-05 18:18:53.147 10335 10406 D M_InsDal: Lcom/fsck/k9/mail/store/imap/ImapResponse;--->isTagged()Z
06-05 18:18:53.147 10335 10406 D M_InsDal: Lcom/fsck/k9/mail/store/imap/ImapResponseParser;--->equalsIgnoreCase(Ljava/lang/Object;Ljava/lang/String;)Z
06-05 18:18:53.147 10335 10406 D M_InsDal: Lcom/fsck/k9/mail/store/imap/ImapList;--->inRange(I)Z
06-05 18:18:53.147 10335 10354 D M_InsDal: Lcom/fsck/k9/mailstore/LocalStore;--->getAccount()Lcom/fsck/k9/Account;
06-05 18:18:53.147 10335 10406 D M_InsDal: Lcom/fsck/k9/mail/store/imap/ImapResponseParser;--->equalsIgnoreCase(Ljava/lang/Object;Ljava/lang/String;)Z
06-05 18:18:53.147 10335 10406 D M_InsDal: Lcom/fsck/k9/mail/store/imap/ImapFolder;--->handlePermanentFlags(Lcom/fsck/k9/mail/store/imap/ImapResponse;)V
06-05 18:18:53.147 10335 10354 D M_InsDal: Lcom/fsck/k9/mailstore/LocalFolder;--->open(I)V
06-05 18:18:53.147 10335 10406 D M_InsDal: Lcom/fsck/k9/mail/store/imap/ImapResponse;--->isTagged()Z
06-05 18:18:53.147 10335 10354 D M_InsDal: Lcom/fsck/k9/mailstore/LocalFolder;--->isOpen()Z
06-05 18:18:53.147 10335 10406 D M_InsDal: Lcom/fsck/k9/mail/store/imap/ImapFolder;--->handlePermanentFlags(Lcom/fsck/k9/mail/store/imap/ImapResponse;)V
06-05 18:18:53.147 10335 10354 D M_InsDal: Lcom/fsck/k9/mailstore/LocalFolder$1;---><init>(Lcom/fsck/k9/mailstore/LocalFolder;I)V
06-05 18:18:53.147 10335 10354 D M_InsDal: Lcom/fsck/k9/mailstore/LockableDatabase;--->execute(ZLcom/fsck/k9/mailstore/LockableDatabase$DbCallback;)Ljava/lang/Object;
06-05 18:18:53.147 10335 10406 D M_InsDal: Lcom/fsck/k9/mail/store/imap/ImapResponseParser;--->equalsIgnoreCase(Ljava/lang/Object;Ljava/lang/String;)Z
06-05 18:18:53.147 10335 10354 D M_InsDal: Lcom/fsck/k9/mailstore/StorageManager;--->getInstance(Landroid/content/Context;)Lcom/fsck/k9/mailstore/StorageManager;
06-05 18:18:53.147 10335 10406 D M_InsDal: Lcom/fsck/k9/mail/store/imap/ImapList;--->getList(I)Lcom/fsck/k9/mail/store/imap/ImapList;
06-05 18:18:53.147 10335 10354 D M_InsDal: Lcom/fsck/k9/mailstore/StorageManager;--->lockProvider(Ljava/lang/String;)V
06-05 18:18:53.147 10335 10406 D M_InsDal: Lcom/fsck/k9/mail/store/imap/ImapList;--->inRange(I)Z
06-05 18:18:53.147 10335 10406 D M_InsDal: Lcom/fsck/k9/mail/store/imap/PermanentFlagsResponse;---><init>(Ljava/util/Set;Z)V
06-05 18:18:53.147 10335 10406 D M_InsDal: Lcom/fsck/k9/mail/store/imap/ImapStore;--->getPermanentFlagsIndex()Ljava/util/Set;
06-05 18:18:53.147 10335 10406 D M_InsDal: Lcom/fsck/k9/mail/store/imap/PermanentFlagsResponse;--->getFlags()Ljava/util/Set;
06-05 18:18:53.147 10335 10406 D M_InsDal: Lcom/fsck/k9/mail/store/imap/PermanentFlagsResponse;--->canCreateKeywords()Z
06-05 18:18:53.147 10335 10406 D M_InsDal: Lcom/fsck/k9/mail/store/imap/ImapFolder;--->handlePermanentFlags(Lcom/fsck/k9/mail/store/imap/ImapResponse;)V
06-05 18:18:53.147 10335 10406 D M_InsDal: Lcom/fsck/k9/mail/store/imap/PermanentFlagsResponse;--->parse(Lcom/fsck/k9/mail/store/imap/ImapResponse;)Lcom/fsck/k9/mail/store/imap/PermanentFlagsResponse;
06-05 18:18:53.147 10335 10406 D M_InsDal: Lcom/fsck/k9/mail/store/imap/ImapResponse;--->isTagged()Z
06-05 18:18:53.147 10335 10406 D M_InsDal: Lcom/fsck/k9/mail/store/imap/ImapUtility;--->getLastResponse(Ljava/util/List;)Lcom/fsck/k9/mail/store/imap/ImapResponse;
06-05 18:18:53.147 10335 10406 D M_InsDal: Lcom/fsck/k9/mail/store/imap/ImapFolder;--->handleSelectOrExamineOkResponse(Lcom/fsck/k9/mail/store/imap/ImapResponse;)V
06-05 18:18:53.147 10335 10406 D M_InsDal: Lcom/fsck/k9/mail/store/imap/SelectOrExamineResponse;--->parse(Lcom/fsck/k9/mail/store/imap/ImapResponse;)Lcom/fsck/k9/mail/store/imap/SelectOrExamineResponse;
06-05 18:18:53.147 10335 10406 D M_InsDal: Lcom/fsck/k9/mail/store/imap/ImapResponse;--->isTagged()Z
06-05 18:18:53.147 10335 10406 D M_InsDal: Lcom/fsck/k9/mail/store/imap/ImapResponseParser;--->equalsIgnoreCase(Ljava/lang/Object;Ljava/lang/String;)Z
06-05 18:18:53.147 10335 10406 D M_InsDal: Lcom/fsck/k9/mail/store/imap/ImapList;--->isList(I)Z
06-05 18:18:53.147 10335 10406 D M_InsDal: Lcom/fsck/k9/mail/store/imap/ImapList;--->inRange(I)Z
06-05 18:18:53.147 10335 10406 D M_InsDal: Lcom/fsck/k9/mail/store/imap/ImapList;--->getList(I)Lcom/fsck/k9/mail/store/imap/ImapList;
06-05 18:18:53.147 10335 10406 D M_InsDal: Lcom/fsck/k9/mail/store/imap/ImapList;--->isString(I)Z
06-05 18:18:53.147 10335 10406 D M_InsDal: Lcom/fsck/k9/mail/store/imap/ImapList;--->inRange(I)Z
06-05 18:18:53.147 10335 10406 D M_InsDal: Lcom/fsck/k9/mail/store/imap/ImapList;--->getString(I)Ljava/lang/String;
06-05 18:18:53.147 10335 10406 D M_InsDal: Lcom/fsck/k9/mail/store/imap/SelectOrExamineResponse;---><init>(Ljava/lang/Boolean;)V
06-05 18:18:53.147 10335 10406 D M_InsDal: Lcom/fsck/k9/mail/store/imap/SelectOrExamineResponse;--->hasOpenMode()Z
06-05 18:18:53.147 10335 10406 D M_InsDal: Lcom/fsck/k9/mail/store/imap/SelectOrExamineResponse;--->getOpenMode()I
06-05 18:18:53.147 10335 10406 D M_InsDal: Lcom/fsck/k9/mail/store/imap/SelectOrExamineResponse;--->hasOpenMode()Z
06-05 18:18:53.147 10335 10406 D M_InsDal: Lcom/fsck/k9/mail/store/imap/ImapFolderPusher$PushRunnable;--->checkConnectionNotNull(Lcom/fsck/k9/mail/store/imap/ImapConnection;)V
06-05 18:18:53.147 10335 10406 D M_InsDal: Lcom/fsck/k9/mail/store/imap/ImapFolderPusher$PushRunnable;--->checkConnectionIdleCapable(Lcom/fsck/k9/mail/store/imap/ImapConnection;)V
06-05 18:18:53.147 10335 10354 D M_InsDal: Lcom/fsck/k9/mailstore/LocalFolder;--->open(Landroid/database/Cursor;)V
06-05 18:18:53.147 10335 10406 D M_InsDal: Lcom/fsck/k9/mail/store/imap/ImapConnection;--->isIdleCapable()Z
06-05 18:18:53.147 10335 10354 D M_InsDal: Lcom/fsck/k9/mail/Folder;--->setStatus(Ljava/lang/String;)V
06-05 18:18:53.147 10335 10406 D M_InsDal: Lcom/fsck/k9/mail/K9MailLib;--->isDebug()Z
06-05 18:18:53.147 10335 10406 D M_InsDal: Lcom/fsck/k9/K9$2;--->enabled()Z
06-05 18:18:53.147 10335 10354 D M_InsDal: Lcom/fsck/k9/mail/Folder;--->setLastChecked(J)V
06-05 18:18:53.147 10335 10354 D M_InsDal: Lcom/fsck/k9/mail/Folder;--->setLastPush(J)V
06-05 18:18:53.147 10335 10406 D M_InsDal: Lcom/fsck/k9/mail/store/imap/ImapStore;--->getStoreConfig()Lcom/fsck/k9/mail/store/StoreConfig;
06-05 18:18:53.147 10335 10354 D M_InsDal: Lcom/fsck/k9/mail/Folder$FolderClass;--->valueOf(Ljava/lang/String;)Lcom/fsck/k9/mail/Folder$FolderClass;
06-05 18:18:53.147 10335 10406 D M_InsDal: Lcom/fsck/k9/Account;--->isPushPollOnConnect()Z
06-05 18:18:53.147 10335 10354 D M_InsDal: Lcom/fsck/k9/mail/Folder$FolderClass;--->valueOf(Ljava/lang/String;)Lcom/fsck/k9/mail/Folder$FolderClass;
06-05 18:18:53.147 10335 10406 D M_InsDal: Lcom/fsck/k9/mail/store/imap/ImapFolderPusher$PushRunnable;--->syncFolderOnConnect()V
06-05 18:18:53.147 10335 10354 D M_InsDal: Lcom/fsck/k9/mail/Folder$FolderClass;--->valueOf(Ljava/lang/String;)Lcom/fsck/k9/mail/Folder$FolderClass;
06-05 18:18:53.147 10335 10406 D M_InsDal: Lcom/fsck/k9/mail/store/imap/ImapFolderPusher$PushRunnable;--->processStoredUntaggedResponses()V
06-05 18:18:53.147 10335 10354 D M_InsDal: Lcom/fsck/k9/mail/Folder$FolderClass;--->valueOf(Ljava/lang/String;)Lcom/fsck/k9/mail/Folder$FolderClass;
06-05 18:18:53.147 10335 10406 D M_InsDal: Lcom/fsck/k9/mail/store/imap/ImapFolderPusher$PushRunnable;--->getAndClearStoredUntaggedResponses()Ljava/util/List;
06-05 18:18:53.147 10335 10354 D M_InsDal: Lcom/fsck/k9/mailstore/LocalFolder$MoreMessages;--->fromDatabaseName(Ljava/lang/String;)Lcom/fsck/k9/mailstore/LocalFolder$MoreMessages;
06-05 18:18:53.147 10335 10406 D M_InsDal: Lcom/fsck/k9/mail/K9MailLib;--->isDebug()Z
06-05 18:18:53.147 10335 10354 D M_InsDal: Lcom/fsck/k9/mailstore/LocalFolder$MoreMessages;--->values()[Lcom/fsck/k9/mailstore/LocalFolder$MoreMessages;
06-05 18:18:53.147 10335 10406 D M_InsDal: Lcom/fsck/k9/K9$2;--->enabled()Z
06-05 18:18:53.147 10335 10406 D M_InsDal: Lcom/fsck/k9/mail/store/imap/ImapFolderPusher$PushRunnable;--->processUntaggedResponses(Ljava/util/List;)V
06-05 18:18:53.147 10335 10354 D M_InsDal: Lcom/fsck/k9/helper/Utility;--->closeQuietly(Landroid/database/Cursor;)V
06-05 18:18:53.147 10335 10406 D M_InsDal: Lcom/fsck/k9/mail/store/imap/ImapFolderPusher$PushRunnable;--->processUntaggedResponse(JLcom/fsck/k9/mail/store/imap/ImapResponse;Ljava/util/List;Ljava/util/List;)I
06-05 18:18:53.147 10335 10406 D M_InsDal: Lcom/fsck/k9/mail/store/imap/ImapFolder;--->handleUntaggedResponse(Lcom/fsck/k9/mail/store/imap/ImapResponse;)V
06-05 18:18:53.147 10335 10406 D M_InsDal: Lcom/fsck/k9/mail/store/imap/ImapResponse;--->getTag()Ljava/lang/String;
06-05 18:18:53.147 10335 10406 D M_InsDal: Lcom/fsck/k9/mail/store/imap/ImapResponseParser;--->equalsIgnoreCase(Ljava/lang/Object;Ljava/lang/String;)Z
06-05 18:18:53.147 10335 10406 D M_InsDal: Lcom/fsck/k9/mail/store/imap/ImapList;--->getNumber(I)I
06-05 18:18:53.147 10335 10406 D M_InsDal: Lcom/fsck/k9/mail/store/imap/ImapList;--->getString(I)Ljava/lang/String;
06-05 18:18:53.147 10335 10406 D M_InsDal: Lcom/fsck/k9/mail/K9MailLib;--->isDebug()Z
06-05 18:18:53.147 10335 10406 D M_InsDal: Lcom/fsck/k9/K9$2;--->enabled()Z
06-05 18:18:53.147 10335 10406 D M_InsDal: Lcom/fsck/k9/mail/store/imap/ImapFolder;--->handlePossibleUidNext(Lcom/fsck/k9/mail/store/imap/ImapResponse;)V
06-05 18:18:53.147 10335 10406 D M_InsDal: Lcom/fsck/k9/mail/store/imap/ImapResponseParser;--->equalsIgnoreCase(Ljava/lang/Object;Ljava/lang/String;)Z
06-05 18:18:53.147 10335 10406 D M_InsDal: Lcom/fsck/k9/mail/store/imap/ImapResponseParser;--->equalsIgnoreCase(Ljava/lang/Object;Ljava/lang/String;)Z
06-05 18:18:53.147 10335 10406 D M_InsDal: Lcom/fsck/k9/mail/store/imap/ImapFolderPusher;--->superHandleUntaggedResponse(Lcom/fsck/k9/mail/store/imap/ImapResponse;)V
06-05 18:18:53.147 10335 10406 D M_InsDal: Lcom/fsck/k9/mail/store/imap/ImapResponse;--->getTag()Ljava/lang/String;
06-05 18:18:53.147 10335 10406 D M_InsDal: Lcom/fsck/k9/mail/store/imap/ImapResponseParser;--->equalsIgnoreCase(Ljava/lang/Object;Ljava/lang/String;)Z
06-05 18:18:53.147 10335 10406 D M_InsDal: Lcom/fsck/k9/mail/store/imap/ImapResponseParser;--->equalsIgnoreCase(Ljava/lang/Object;Ljava/lang/String;)Z
06-05 18:18:53.147 10335 10406 D M_InsDal: Lcom/fsck/k9/mail/K9MailLib;--->isDebug()Z
06-05 18:18:53.147 10335 10406 D M_InsDal: Lcom/fsck/k9/K9$2;--->enabled()Z
06-05 18:18:53.147 10335 10406 D M_InsDal: Lcom/fsck/k9/mail/store/imap/ImapFolderPusher$PushRunnable;--->getAndClearStoredUntaggedResponses()Ljava/util/List;
06-05 18:18:53.147 10335 10354 D M_InsDal: Lcom/fsck/k9/mailstore/LockableDatabase;--->unlockRead()V
06-05 18:18:53.147 10335 10354 D M_InsDal: Lcom/fsck/k9/mailstore/LockableDatabase;--->getStorageManager()Lcom/fsck/k9/mailstore/StorageManager;
06-05 18:18:53.147 10335 10406 D M_InsDal: Lcom/fsck/k9/controller/MessagingControllerPushReceiver;--->syncFolder(Lcom/fsck/k9/mail/Folder;)V
06-05 18:18:53.147 10335 10354 D M_InsDal: Lcom/fsck/k9/mailstore/StorageManager;--->getInstance(Landroid/content/Context;)Lcom/fsck/k9/mailstore/StorageManager;
06-05 18:18:53.147 10335 10406 D M_InsDal: Lcom/fsck/k9/mail/store/imap/ImapFolder;--->getName()Ljava/lang/String;
06-05 18:18:53.147 10335 10354 D M_InsDal: Lcom/fsck/k9/mailstore/StorageManager;--->unlockProvider(Ljava/lang/String;)V
06-05 18:18:53.147 10335 10354 D M_InsDal: Lcom/fsck/k9/mailstore/StorageManager;--->getProvider(Ljava/lang/String;)Lcom/fsck/k9/mailstore/StorageManager$StorageProvider;
06-05 18:18:53.147 10335 10406 D M_InsDal: Lcom/fsck/k9/mail/store/imap/ImapFolder;--->getName()Ljava/lang/String;
06-05 18:18:53.147 10335 10406 D M_InsDal: Lcom/fsck/k9/controller/MessagingControllerPushReceiver$1;---><init>(Lcom/fsck/k9/controller/MessagingControllerPushReceiver;Ljava/util/concurrent/CountDownLatch;)V
06-05 18:18:53.147 10335 10354 D M_InsDal: Lcom/fsck/k9/mailstore/LocalFolder;--->updateLastUid()V
06-05 18:18:53.147 10335 10406 D M_InsDal: Lcom/fsck/k9/controller/SimpleMessagingListener;---><init>()V
06-05 18:18:53.147 10335 10354 D M_InsDal: Lcom/fsck/k9/mailstore/LocalStore;--->getDatabase()Lcom/fsck/k9/mailstore/LockableDatabase;
06-05 18:18:53.147 10335 10406 D M_InsDal: Lcom/fsck/k9/controller/MessagingController;--->synchronizeMailbox(Lcom/fsck/k9/Account;Ljava/lang/String;Lcom/fsck/k9/controller/MessagingListener;Lcom/fsck/k9/mail/Folder;)V
06-05 18:18:53.147 10335 10354 D M_InsDal: Lcom/fsck/k9/mailstore/LocalFolder$26;---><init>(Lcom/fsck/k9/mailstore/LocalFolder;)V
06-05 18:18:53.147 10335 10406 D M_InsDal: Lcom/fsck/k9/controller/MessagingController$9;---><init>(Lcom/fsck/k9/controller/MessagingController;Lcom/fsck/k9/Account;Ljava/lang/String;Lcom/fsck/k9/controller/MessagingListener;Lcom/fsck/k9/mail/Folder;)V
06-05 18:18:53.147 10335 10354 D M_InsDal: Lcom/fsck/k9/mailstore/LockableDatabase;--->execute(ZLcom/fsck/k9/mailstore/LockableDatabase$DbCallback;)Ljava/lang/Object;
06-05 18:18:53.147 10335 10406 D M_InsDal: Lcom/fsck/k9/controller/MessagingController;--->putBackground(Ljava/lang/String;Lcom/fsck/k9/controller/MessagingListener;Ljava/lang/Runnable;)V
06-05 18:18:53.147 10335 10354 D M_InsDal: Lcom/fsck/k9/mailstore/LockableDatabase;--->lockRead()V
06-05 18:18:53.147 10335 10406 D M_InsDal: Lcom/fsck/k9/controller/MessagingController;--->putCommand(Ljava/util/concurrent/BlockingQueue;Ljava/lang/String;Lcom/fsck/k9/controller/MessagingListener;Ljava/lang/Runnable;Z)V
06-05 18:18:53.147 10335 10354 D M_InsDal: Lcom/fsck/k9/mailstore/LockableDatabase;--->getStorageManager()Lcom/fsck/k9/mailstore/StorageManager;
