--------- beginning of main
06-05 18:18:34.149 10335 10335 D M_InsDal: Lcom/fsck/k9/provider/AttachmentTempFileProvider;--->onTrimMemory(I)V
06-05 18:18:34.149 10335 10335 D M_InsDal: Lcom/fsck/k9/provider/DecryptedFileProvider;--->onTrimMemory(I)V
--------- beginning of system
06-05 18:18:41.244 28260 28260 D M_InsDal: Lorg/sufficientlysecure/keychain/KeychainApplication;--->onCreate()V
06-05 18:18:41.262 28260 28260 D M_InsDal: Lorg/sufficientlysecure/keychain/KeychainApplication;--->onTrimMemory(I)V
06-05 18:18:41.268 28260 28260 D M_InsDal: Lorg/sufficientlysecure/keychain/ui/UsbEventReceiverActivity;--->onResume()V
--------- beginning of crash
06-05 18:18:41.270 28260 28260 E AndroidRuntime: FATAL EXCEPTION: main
06-05 18:18:41.270 28260 28260 E AndroidRuntime: Process: org.sufficientlysecure.keychain:UsbEventReceiverActivityProcess, PID: 28260
06-05 18:18:41.270 28260 28260 E AndroidRuntime: java.lang.RuntimeException: Unable to resume activity {org.sufficientlysecure.keychain/org.sufficientlysecure.keychain.ui.UsbEventReceiverActivity}: java.lang.RuntimeException: Parcelable encountered ClassNotFoundException reading a Serializable object (name = qiu.org.sufficientlysecure.keychain.MySerializable)
06-05 18:18:41.270 28260 28260 E AndroidRuntime: 	at android.app.ActivityThread.performResumeActivity(ActivityThread.java:3825)
06-05 18:18:41.270 28260 28260 E AndroidRuntime: 	at android.app.ActivityThread.handleResumeActivity(ActivityThread.java:3857)
06-05 18:18:41.270 28260 28260 E AndroidRuntime: 	at android.app.servertransaction.ResumeActivityItem.execute(ResumeActivityItem.java:51)
06-05 18:18:41.270 28260 28260 E AndroidRuntime: 	at android.app.servertransaction.TransactionExecutor.executeLifecycleState(TransactionExecutor.java:145)
06-05 18:18:41.270 28260 28260 E AndroidRuntime: 	at android.app.servertransaction.TransactionExecutor.execute(TransactionExecutor.java:70)
06-05 18:18:41.270 28260 28260 E AndroidRuntime: 	at android.app.ActivityThread$H.handleMessage(ActivityThread.java:1819)
06-05 18:18:41.270 28260 28260 E AndroidRuntime: 	at android.os.Handler.dispatchMessage(Handler.java:106)
06-05 18:18:41.270 28260 28260 E AndroidRuntime: 	at android.os.Looper.loop(Looper.java:193)
06-05 18:18:41.270 28260 28260 E AndroidRuntime: 	at android.app.ActivityThread.main(ActivityThread.java:6730)
06-05 18:18:41.270 28260 28260 E AndroidRuntime: 	at java.lang.reflect.Method.invoke(Native Method)
06-05 18:18:41.270 28260 28260 E AndroidRuntime: 	at com.android.internal.os.RuntimeInit$MethodAndArgsCaller.run(RuntimeInit.java:493)
06-05 18:18:41.270 28260 28260 E AndroidRuntime: 	at com.android.internal.os.ZygoteInit.main(ZygoteInit.java:860)
06-05 18:18:41.270 28260 28260 E AndroidRuntime: Caused by: java.lang.RuntimeException: Parcelable encountered ClassNotFoundException reading a Serializable object (name = qiu.org.sufficientlysecure.keychain.MySerializable)
06-05 18:18:41.270 28260 28260 E AndroidRuntime: 	at android.os.Parcel.readSerializable(Parcel.java:2933)
06-05 18:18:41.270 28260 28260 E AndroidRuntime: 	at android.os.Parcel.readValue(Parcel.java:2719)
06-05 18:18:41.270 28260 28260 E AndroidRuntime: 	at android.os.Parcel.readArrayMapInternal(Parcel.java:3037)
06-05 18:18:41.270 28260 28260 E AndroidRuntime: 	at android.os.BaseBundle.initializeFromParcelLocked(BaseBundle.java:288)
06-05 18:18:41.270 28260 28260 E AndroidRuntime: 	at android.os.BaseBundle.unparcel(BaseBundle.java:232)
06-05 18:18:41.270 28260 28260 E AndroidRuntime: 	at android.os.BaseBundle.containsKey(BaseBundle.java:504)
06-05 18:18:41.270 28260 28260 E AndroidRuntime: 	at android.content.Intent.hasExtra(Intent.java:7257)
06-05 18:18:41.270 28260 28260 E AndroidRuntime: 	at android.app.Activity.finish(Activity.java:5620)
06-05 18:18:41.270 28260 28260 E AndroidRuntime: 	at android.app.Activity.finish(Activity.java:5632)
06-05 18:18:41.270 28260 28260 E AndroidRuntime: 	at org.sufficientlysecure.keychain.ui.UsbEventReceiverActivity.onResume(UsbEventReceiverActivity.java:43)
06-05 18:18:41.270 28260 28260 E AndroidRuntime: 	at android.app.Instrumentation.callActivityOnResume(Instrumentation.java:1412)
06-05 18:18:41.270 28260 28260 E AndroidRuntime: 	at android.app.Activity.performResume(Activity.java:7300)
06-05 18:18:41.270 28260 28260 E AndroidRuntime: 	at android.app.ActivityThread.performResumeActivity(ActivityThread.java:3817)
06-05 18:18:41.270 28260 28260 E AndroidRuntime: 	... 11 more
06-05 18:18:41.270 28260 28260 E AndroidRuntime: Caused by: java.lang.ClassNotFoundException: qiu.org.sufficientlysecure.keychain.MySerializable
06-05 18:18:41.270 28260 28260 E AndroidRuntime: 	at java.lang.Class.classForName(Native Method)
06-05 18:18:41.270 28260 28260 E AndroidRuntime: 	at java.lang.Class.forName(Class.java:453)
06-05 18:18:41.270 28260 28260 E AndroidRuntime: 	at android.os.Parcel$2.resolveClass(Parcel.java:2919)
06-05 18:18:41.270 28260 28260 E AndroidRuntime: 	at java.io.ObjectInputStream.readNonProxyDesc(ObjectInputStream.java:1615)
06-05 18:18:41.270 28260 28260 E AndroidRuntime: 	at java.io.ObjectInputStream.readClassDesc(ObjectInputStream.java:1520)
06-05 18:18:41.270 28260 28260 E AndroidRuntime: 	at java.io.ObjectInputStream.readOrdinaryObject(ObjectInputStream.java:1776)
06-05 18:18:41.270 28260 28260 E AndroidRuntime: 	at java.io.ObjectInputStream.readObject0(ObjectInputStream.java:1353)
06-05 18:18:41.270 28260 28260 E AndroidRuntime: 	at java.io.ObjectInputStream.readObject(ObjectInputStream.java:373)
06-05 18:18:41.270 28260 28260 E AndroidRuntime: 	at android.os.Parcel.readSerializable(Parcel.java:2927)
06-05 18:18:41.270 28260 28260 E AndroidRuntime: 	... 23 more
06-05 18:18:41.270 28260 28260 E AndroidRuntime: Caused by: java.lang.ClassNotFoundException: Didn't find class "qiu.org.sufficientlysecure.keychain.MySerializable" on path: DexPathList[[zip file "/data/app/org.sufficientlysecure.keychain-1zzvkxVSO_vwDL0Dd6Gykw==/base.apk"],nativeLibraryDirectories=[/data/app/org.sufficientlysecure.keychain-1zzvkxVSO_vwDL0Dd6Gykw==/lib/x86_64, /system/lib64, /system/vendor/lib64]]
06-05 18:18:41.270 28260 28260 E AndroidRuntime: 	at dalvik.system.BaseDexClassLoader.findClass(BaseDexClassLoader.java:134)
06-05 18:18:41.270 28260 28260 E AndroidRuntime: 	at java.lang.ClassLoader.loadClass(ClassLoader.java:379)
06-05 18:18:41.270 28260 28260 E AndroidRuntime: 	at java.lang.ClassLoader.loadClass(ClassLoader.java:312)
06-05 18:18:41.270 28260 28260 E AndroidRuntime: 	... 32 more
06-05 18:18:47.549 10335 10406 D M_InsDal: Lcom/fsck/k9/mail/store/imap/ImapFolderPusher$IdleStopper;--->stopAcceptingDoneContinuation()V
06-05 18:18:47.549 10335 10406 D M_InsDal: Lcom/fsck/k9/mail/store/imap/ImapConnection;--->close()V
06-05 18:18:47.550 10335 10406 D M_InsDal: Lcom/fsck/k9/mail/store/imap/ImapFolderPusher$PushRunnable;--->reacquireWakeLockAndCleanUp()V
06-05 18:18:47.550 10335 10406 D M_InsDal: Lcom/fsck/k9/mail/power/TracingPowerManager$TracingWakeLock;--->acquire(J)V
06-05 18:18:47.550 10335 10406 D M_InsDal: Lcom/fsck/k9/mail/K9MailLib;--->isDebug()Z
06-05 18:18:47.550 10335 10406 D M_InsDal: Lcom/fsck/k9/K9$2;--->enabled()Z
06-05 18:18:47.550 10335 10406 D M_InsDal: Lcom/fsck/k9/mail/power/TracingPowerManager$TracingWakeLock;--->raiseNotification()V
06-05 18:18:47.550 10335 10406 D M_InsDal: Lcom/fsck/k9/mail/store/imap/ImapFolderPusher$PushRunnable;--->clearStoredUntaggedResponses()V
06-05 18:18:47.550 10335 10406 D M_InsDal: Lcom/fsck/k9/mail/store/imap/ImapFolder;--->getName()Ljava/lang/String;
06-05 18:18:47.550 10335 10406 D M_InsDal: Lcom/fsck/k9/controller/MessagingControllerPushReceiver;--->setPushActive(Ljava/lang/String;Z)V
06-05 18:18:47.550 10335 10406 D M_InsDal: Lcom/fsck/k9/controller/MessagingController;--->getListeners()Ljava/util/Set;
06-05 18:18:47.550 10335 10406 D M_InsDal: Lcom/fsck/k9/controller/MemorizingMessagingListener;--->setPushActive(Lcom/fsck/k9/Account;Ljava/lang/String;Z)V
06-05 18:18:47.550 10335 10406 D M_InsDal: Lcom/fsck/k9/controller/MemorizingMessagingListener;--->getMemory(Lcom/fsck/k9/Account;Ljava/lang/String;)Lcom/fsck/k9/controller/MemorizingMessagingListener$Memory;
06-05 18:18:47.550 10335 10406 D M_InsDal: Lcom/fsck/k9/controller/MemorizingMessagingListener;--->getMemoryKey(Lcom/fsck/k9/Account;Ljava/lang/String;)Ljava/lang/String;
06-05 18:18:47.550 10335 10406 D M_InsDal: Lcom/fsck/k9/Account;--->getDescription()Ljava/lang/String;
06-05 18:18:47.550 10335 10406 D M_InsDal: Lcom/fsck/k9/controller/SimpleMessagingListener;--->setPushActive(Lcom/fsck/k9/Account;Ljava/lang/String;Z)V
06-05 18:18:47.550 10335 10406 D M_InsDal: Lcom/fsck/k9/controller/SimpleMessagingListener;--->setPushActive(Lcom/fsck/k9/Account;Ljava/lang/String;Z)V
06-05 18:18:47.550 10335 10406 D M_InsDal: Lcom/fsck/k9/mail/store/imap/ImapConnection;--->close()V
06-05 18:18:47.550 10335 10406 D M_InsDal: Lcom/fsck/k9/mail/store/imap/ImapFolder;--->getName()Ljava/lang/String;
06-05 18:18:47.550 10335 10406 D M_InsDal: Lcom/fsck/k9/controller/MessagingControllerPushReceiver;--->pushError(Ljava/lang/String;Ljava/lang/Exception;)V
06-05 18:18:47.550 10335 10406 D M_InsDal: Lcom/fsck/k9/controller/MessagingController;--->notifyUserIfCertificateProblem(Lcom/fsck/k9/Account;Ljava/lang/Exception;Z)V
06-05 18:18:47.550 10335 10406 D M_InsDal: Lcom/fsck/k9/mail/store/imap/ImapFolder;--->getLogId()Ljava/lang/String;
06-05 18:18:47.550 10335 10406 D M_InsDal: Lcom/fsck/k9/mail/store/imap/ImapStore;--->getStoreConfig()Lcom/fsck/k9/mail/store/StoreConfig;
06-05 18:18:47.550 10335 10406 D M_InsDal: Lcom/fsck/k9/Account;--->toString()Ljava/lang/String;
06-05 18:18:47.550 10335 10406 D M_InsDal: Lcom/fsck/k9/mail/store/imap/ImapFolder;--->getName()Ljava/lang/String;
06-05 18:18:47.550 10335 10406 D M_InsDal: Lcom/fsck/k9/controller/MessagingControllerPushReceiver;--->sleep(Lcom/fsck/k9/mail/power/TracingPowerManager$TracingWakeLock;J)V
06-05 18:18:47.550 10335 10406 D M_InsDal: Lcom/fsck/k9/service/SleepService;--->sleep(Landroid/content/Context;JLcom/fsck/k9/mail/power/TracingPowerManager$TracingWakeLock;J)V
06-05 18:18:47.550 10335 10406 D M_InsDal: Lcom/fsck/k9/service/SleepService$SleepDatum;---><init>()V
06-05 18:18:47.550 10335 10406 D M_InsDal: Lcom/fsck/k9/service/BootReceiver;--->scheduleIntent(Landroid/content/Context;JLandroid/content/Intent;)V
06-05 18:18:47.551 10335 10406 D M_InsDal: Lcom/fsck/k9/mail/power/TracingPowerManager$TracingWakeLock;--->release()V
06-05 18:18:47.551 10335 10406 D M_InsDal: Lcom/fsck/k9/mail/K9MailLib;--->isDebug()Z
06-05 18:18:47.551 10335 10406 D M_InsDal: Lcom/fsck/k9/K9$2;--->enabled()Z
06-05 18:18:47.551 10335 10406 D M_InsDal: Lcom/fsck/k9/mail/power/TracingPowerManager$TracingWakeLock;--->cancelNotification()V
06-05 18:18:47.551 10335 10335 D M_InsDal: Lcom/fsck/k9/service/BootReceiver;---><init>()V
06-05 18:18:47.551 10335 10335 D M_InsDal: Lcom/fsck/k9/service/CoreReceiver;---><init>()V
06-05 18:18:47.551 10335 10335 D M_InsDal: Lcom/fsck/k9/service/CoreReceiver;--->onReceive(Landroid/content/Context;Landroid/content/Intent;)V
06-05 18:18:47.551 10335 10335 D M_InsDal: Lcom/fsck/k9/service/CoreReceiver;--->getWakeLock(Landroid/content/Context;)Ljava/lang/Integer;
06-05 18:18:47.551 10335 10335 D M_InsDal: Lcom/fsck/k9/mail/power/TracingPowerManager;--->getPowerManager(Landroid/content/Context;)Lcom/fsck/k9/mail/power/TracingPowerManager;
06-05 18:18:47.551 10335 10335 D M_InsDal: Lcom/fsck/k9/mail/power/TracingPowerManager;--->newWakeLock(ILjava/lang/String;)Lcom/fsck/k9/mail/power/TracingPowerManager$TracingWakeLock;
06-05 18:18:47.551 10335 10335 D M_InsDal: Lcom/fsck/k9/mail/power/TracingPowerManager$TracingWakeLock;---><init>(Lcom/fsck/k9/mail/power/TracingPowerManager;ILjava/lang/String;)V
06-05 18:18:47.551 10335 10335 D M_InsDal: Lcom/fsck/k9/mail/K9MailLib;--->isDebug()Z
06-05 18:18:47.551 10335 10335 D M_InsDal: Lcom/fsck/k9/K9$2;--->enabled()Z
06-05 18:18:47.551 10335 10335 D M_InsDal: Lcom/fsck/k9/mail/power/TracingPowerManager$TracingWakeLock;--->setReferenceCounted(Z)V
06-05 18:18:47.551 10335 10335 D M_InsDal: Lcom/fsck/k9/mail/power/TracingPowerManager$TracingWakeLock;--->acquire(J)V
06-05 18:18:47.552 10335 10335 D M_InsDal: Lcom/fsck/k9/mail/K9MailLib;--->isDebug()Z
06-05 18:18:47.552 10335 10335 D M_InsDal: Lcom/fsck/k9/K9$2;--->enabled()Z
06-05 18:18:47.552 10335 10335 D M_InsDal: Lcom/fsck/k9/mail/power/TracingPowerManager$TracingWakeLock;--->raiseNotification()V
06-05 18:18:47.552 10335 10335 D M_InsDal: Lcom/fsck/k9/service/BootReceiver;--->receive(Landroid/content/Context;Landroid/content/Intent;Ljava/lang/Integer;)Ljava/lang/Integer;
06-05 18:18:47.552 10335 10335 D M_InsDal: Lcom/fsck/k9/service/BootReceiver;--->buildPendingIntent(Landroid/content/Context;Landroid/content/Intent;)Landroid/app/PendingIntent;
06-05 18:18:47.552 10335 10335 D M_InsDal: Lcom/fsck/k9/helper/K9AlarmManager;--->getAlarmManager(Landroid/content/Context;)Lcom/fsck/k9/helper/K9AlarmManager;
06-05 18:18:47.552 10335 10335 D M_InsDal: Lcom/fsck/k9/power/DozeChecker;---><init>(Landroid/content/Context;)V
06-05 18:18:47.552 10335 10335 D M_InsDal: Lcom/fsck/k9/helper/K9AlarmManager;---><init>(Landroid/app/AlarmManager;Lcom/fsck/k9/power/DozeChecker;)V
06-05 18:18:47.552 10335 10335 D M_InsDal: Lcom/fsck/k9/helper/K9AlarmManager;--->set(IJLandroid/app/PendingIntent;)V
06-05 18:18:47.552 10335 10335 D M_InsDal: Lcom/fsck/k9/power/DozeChecker;--->isDeviceIdleModeSupported()Z
06-05 18:18:47.552 10335 10335 D M_InsDal: Lcom/fsck/k9/power/DozeChecker;--->isAppWhitelisted()Z
06-05 18:18:47.553 10335 10335 D M_InsDal: Lcom/fsck/k9/service/CoreReceiver;--->releaseWakeLock(Ljava/lang/Integer;)V
06-05 18:18:47.553 10335 10335 D M_InsDal: Lcom/fsck/k9/mail/power/TracingPowerManager$TracingWakeLock;--->release()V
06-05 18:18:47.553 10335 10335 D M_InsDal: Lcom/fsck/k9/mail/K9MailLib;--->isDebug()Z
06-05 18:18:47.553 10335 10335 D M_InsDal: Lcom/fsck/k9/K9$2;--->enabled()Z
06-05 18:18:47.553 10335 10335 D M_InsDal: Lcom/fsck/k9/mail/power/TracingPowerManager$TracingWakeLock;--->cancelNotification()V
06-05 18:18:47.565 10335 10407 D M_InsDal: Lcom/fsck/k9/mail/store/imap/ImapFolderPusher$IdleStopper;--->stopAcceptingDoneContinuation()V
06-05 18:18:47.565 10335 10407 D M_InsDal: Lcom/fsck/k9/mail/store/imap/ImapConnection;--->close()V
06-05 18:18:47.565 10335 10407 D M_InsDal: Lcom/fsck/k9/mail/store/imap/ImapFolderPusher$PushRunnable;--->reacquireWakeLockAndCleanUp()V
06-05 18:18:47.565 10335 10407 D M_InsDal: Lcom/fsck/k9/mail/power/TracingPowerManager$TracingWakeLock;--->acquire(J)V
06-05 18:18:47.566 10335 10407 D M_InsDal: Lcom/fsck/k9/mail/K9MailLib;--->isDebug()Z
06-05 18:18:47.566 10335 10407 D M_InsDal: Lcom/fsck/k9/K9$2;--->enabled()Z
06-05 18:18:47.566 10335 10407 D M_InsDal: Lcom/fsck/k9/mail/power/TracingPowerManager$TracingWakeLock;--->raiseNotification()V
06-05 18:18:47.566 10335 10407 D M_InsDal: Lcom/fsck/k9/mail/store/imap/ImapFolderPusher$PushRunnable;--->clearStoredUntaggedResponses()V
06-05 18:18:47.566 10335 10407 D M_InsDal: Lcom/fsck/k9/mail/store/imap/ImapFolder;--->getName()Ljava/lang/String;
06-05 18:18:47.566 10335 10407 D M_InsDal: Lcom/fsck/k9/controller/MessagingControllerPushReceiver;--->setPushActive(Ljava/lang/String;Z)V
06-05 18:18:47.566 10335 10407 D M_InsDal: Lcom/fsck/k9/controller/MessagingController;--->getListeners()Ljava/util/Set;
06-05 18:18:47.566 10335 10407 D M_InsDal: Lcom/fsck/k9/controller/MemorizingMessagingListener;--->setPushActive(Lcom/fsck/k9/Account;Ljava/lang/String;Z)V
06-05 18:18:47.566 10335 10407 D M_InsDal: Lcom/fsck/k9/controller/MemorizingMessagingListener;--->getMemory(Lcom/fsck/k9/Account;Ljava/lang/String;)Lcom/fsck/k9/controller/MemorizingMessagingListener$Memory;
06-05 18:18:47.566 10335 10407 D M_InsDal: Lcom/fsck/k9/controller/MemorizingMessagingListener;--->getMemoryKey(Lcom/fsck/k9/Account;Ljava/lang/String;)Ljava/lang/String;
06-05 18:18:47.566 10335 10407 D M_InsDal: Lcom/fsck/k9/Account;--->getDescription()Ljava/lang/String;
06-05 18:18:47.566 10335 10407 D M_InsDal: Lcom/fsck/k9/controller/SimpleMessagingListener;--->setPushActive(Lcom/fsck/k9/Account;Ljava/lang/String;Z)V
06-05 18:18:47.566 10335 10407 D M_InsDal: Lcom/fsck/k9/controller/SimpleMessagingListener;--->setPushActive(Lcom/fsck/k9/Account;Ljava/lang/String;Z)V
06-05 18:18:47.566 10335 10407 D M_InsDal: Lcom/fsck/k9/mail/store/imap/ImapConnection;--->close()V
06-05 18:18:47.566 10335 10407 D M_InsDal: Lcom/fsck/k9/mail/store/imap/ImapFolder;--->getName()Ljava/lang/String;
06-05 18:18:47.566 10335 10407 D M_InsDal: Lcom/fsck/k9/controller/MessagingControllerPushReceiver;--->pushError(Ljava/lang/String;Ljava/lang/Exception;)V
06-05 18:18:47.566 10335 10407 D M_InsDal: Lcom/fsck/k9/controller/MessagingController;--->notifyUserIfCertificateProblem(Lcom/fsck/k9/Account;Ljava/lang/Exception;Z)V
06-05 18:18:47.566 10335 10407 D M_InsDal: Lcom/fsck/k9/mail/store/imap/ImapFolder;--->getLogId()Ljava/lang/String;
06-05 18:18:47.566 10335 10407 D M_InsDal: Lcom/fsck/k9/mail/store/imap/ImapStore;--->getStoreConfig()Lcom/fsck/k9/mail/store/StoreConfig;
06-05 18:18:47.566 10335 10407 D M_InsDal: Lcom/fsck/k9/Account;--->toString()Ljava/lang/String;
06-05 18:18:47.566 10335 10407 D M_InsDal: Lcom/fsck/k9/mail/store/imap/ImapFolder;--->getName()Ljava/lang/String;
06-05 18:18:47.566 10335 10407 D M_InsDal: Lcom/fsck/k9/controller/MessagingControllerPushReceiver;--->sleep(Lcom/fsck/k9/mail/power/TracingPowerManager$TracingWakeLock;J)V
06-05 18:18:47.566 10335 10407 D M_InsDal: Lcom/fsck/k9/service/SleepService;--->sleep(Landroid/content/Context;JLcom/fsck/k9/mail/power/TracingPowerManager$TracingWakeLock;J)V
06-05 18:18:47.566 10335 10407 D M_InsDal: Lcom/fsck/k9/service/SleepService$SleepDatum;---><init>()V
06-05 18:18:47.566 10335 10407 D M_InsDal: Lcom/fsck/k9/service/BootReceiver;--->scheduleIntent(Landroid/content/Context;JLandroid/content/Intent;)V
06-05 18:18:47.566 10335 10407 D M_InsDal: Lcom/fsck/k9/mail/power/TracingPowerManager$TracingWakeLock;--->release()V
06-05 18:18:47.566 10335 10407 D M_InsDal: Lcom/fsck/k9/mail/K9MailLib;--->isDebug()Z
06-05 18:18:47.566 10335 10407 D M_InsDal: Lcom/fsck/k9/K9$2;--->enabled()Z
06-05 18:18:47.566 10335 10407 D M_InsDal: Lcom/fsck/k9/mail/power/TracingPowerManager$TracingWakeLock;--->cancelNotification()V
06-05 18:18:47.567 10335 10335 D M_InsDal: Lcom/fsck/k9/service/BootReceiver;---><init>()V
06-05 18:18:47.567 10335 10335 D M_InsDal: Lcom/fsck/k9/service/CoreReceiver;---><init>()V
06-05 18:18:47.567 10335 10335 D M_InsDal: Lcom/fsck/k9/service/CoreReceiver;--->onReceive(Landroid/content/Context;Landroid/content/Intent;)V
06-05 18:18:47.567 10335 10335 D M_InsDal: Lcom/fsck/k9/service/CoreReceiver;--->getWakeLock(Landroid/content/Context;)Ljava/lang/Integer;
06-05 18:18:47.567 10335 10335 D M_InsDal: Lcom/fsck/k9/mail/power/TracingPowerManager;--->getPowerManager(Landroid/content/Context;)Lcom/fsck/k9/mail/power/TracingPowerManager;
06-05 18:18:47.567 10335 10335 D M_InsDal: Lcom/fsck/k9/mail/power/TracingPowerManager;--->newWakeLock(ILjava/lang/String;)Lcom/fsck/k9/mail/power/TracingPowerManager$TracingWakeLock;
06-05 18:18:47.567 10335 10335 D M_InsDal: Lcom/fsck/k9/mail/power/TracingPowerManager$TracingWakeLock;---><init>(Lcom/fsck/k9/mail/power/TracingPowerManager;ILjava/lang/String;)V
06-05 18:18:47.567 10335 10335 D M_InsDal: Lcom/fsck/k9/mail/K9MailLib;--->isDebug()Z
06-05 18:18:47.567 10335 10335 D M_InsDal: Lcom/fsck/k9/K9$2;--->enabled()Z
06-05 18:18:47.567 10335 10335 D M_InsDal: Lcom/fsck/k9/mail/power/TracingPowerManager$TracingWakeLock;--->setReferenceCounted(Z)V
06-05 18:18:47.567 10335 10335 D M_InsDal: Lcom/fsck/k9/mail/power/TracingPowerManager$TracingWakeLock;--->acquire(J)V
06-05 18:18:47.567 10335 10335 D M_InsDal: Lcom/fsck/k9/mail/K9MailLib;--->isDebug()Z
06-05 18:18:47.567 10335 10335 D M_InsDal: Lcom/fsck/k9/K9$2;--->enabled()Z
06-05 18:18:47.567 10335 10335 D M_InsDal: Lcom/fsck/k9/mail/power/TracingPowerManager$TracingWakeLock;--->raiseNotification()V
06-05 18:18:47.567 10335 10335 D M_InsDal: Lcom/fsck/k9/service/BootReceiver;--->receive(Landroid/content/Context;Landroid/content/Intent;Ljava/lang/Integer;)Ljava/lang/Integer;
06-05 18:18:47.567 10335 10335 D M_InsDal: Lcom/fsck/k9/service/BootReceiver;--->buildPendingIntent(Landroid/content/Context;Landroid/content/Intent;)Landroid/app/PendingIntent;
06-05 18:18:47.568 10335 10335 D M_InsDal: Lcom/fsck/k9/helper/K9AlarmManager;--->getAlarmManager(Landroid/content/Context;)Lcom/fsck/k9/helper/K9AlarmManager;
06-05 18:18:47.568 10335 10335 D M_InsDal: Lcom/fsck/k9/power/DozeChecker;---><init>(Landroid/content/Context;)V
06-05 18:18:47.568 10335 10335 D M_InsDal: Lcom/fsck/k9/helper/K9AlarmManager;---><init>(Landroid/app/AlarmManager;Lcom/fsck/k9/power/DozeChecker;)V
06-05 18:18:47.568 10335 10335 D M_InsDal: Lcom/fsck/k9/helper/K9AlarmManager;--->set(IJLandroid/app/PendingIntent;)V
06-05 18:18:47.568 10335 10335 D M_InsDal: Lcom/fsck/k9/power/DozeChecker;--->isDeviceIdleModeSupported()Z
06-05 18:18:47.568 10335 10335 D M_InsDal: Lcom/fsck/k9/power/DozeChecker;--->isAppWhitelisted()Z
06-05 18:18:47.568 10335 10335 D M_InsDal: Lcom/fsck/k9/service/CoreReceiver;--->releaseWakeLock(Ljava/lang/Integer;)V
06-05 18:18:47.568 10335 10335 D M_InsDal: Lcom/fsck/k9/mail/power/TracingPowerManager$TracingWakeLock;--->release()V
06-05 18:18:47.568 10335 10335 D M_InsDal: Lcom/fsck/k9/mail/K9MailLib;--->isDebug()Z
06-05 18:18:47.568 10335 10335 D M_InsDal: Lcom/fsck/k9/K9$2;--->enabled()Z
06-05 18:18:47.568 10335 10335 D M_InsDal: Lcom/fsck/k9/mail/power/TracingPowerManager$TracingWakeLock;--->cancelNotification()V
06-05 18:18:52.557 10335 10335 D M_InsDal: Lcom/fsck/k9/service/BootReceiver;---><init>()V
06-05 18:18:52.557 10335 10335 D M_InsDal: Lcom/fsck/k9/service/CoreReceiver;---><init>()V
06-05 18:18:52.557 10335 10335 D M_InsDal: Lcom/fsck/k9/service/CoreReceiver;--->onReceive(Landroid/content/Context;Landroid/content/Intent;)V
06-05 18:18:52.557 10335 10335 D M_InsDal: Lcom/fsck/k9/service/CoreReceiver;--->getWakeLock(Landroid/content/Context;)Ljava/lang/Integer;
06-05 18:18:52.557 10335 10335 D M_InsDal: Lcom/fsck/k9/mail/power/TracingPowerManager;--->getPowerManager(Landroid/content/Context;)Lcom/fsck/k9/mail/power/TracingPowerManager;
06-05 18:18:52.557 10335 10335 D M_InsDal: Lcom/fsck/k9/mail/power/TracingPowerManager;--->newWakeLock(ILjava/lang/String;)Lcom/fsck/k9/mail/power/TracingPowerManager$TracingWakeLock;
06-05 18:18:52.557 10335 10335 D M_InsDal: Lcom/fsck/k9/mail/power/TracingPowerManager$TracingWakeLock;---><init>(Lcom/fsck/k9/mail/power/TracingPowerManager;ILjava/lang/String;)V
06-05 18:18:52.557 10335 10335 D M_InsDal: Lcom/fsck/k9/mail/K9MailLib;--->isDebug()Z
06-05 18:18:52.557 10335 10335 D M_InsDal: Lcom/fsck/k9/K9$2;--->enabled()Z
06-05 18:18:52.557 10335 10335 D M_InsDal: Lcom/fsck/k9/mail/power/TracingPowerManager$TracingWakeLock;--->setReferenceCounted(Z)V
06-05 18:18:52.557 10335 10335 D M_InsDal: Lcom/fsck/k9/mail/power/TracingPowerManager$TracingWakeLock;--->acquire(J)V
06-05 18:18:52.557 10335 10335 D M_InsDal: Lcom/fsck/k9/mail/K9MailLib;--->isDebug()Z
06-05 18:18:52.557 10335 10335 D M_InsDal: Lcom/fsck/k9/K9$2;--->enabled()Z
06-05 18:18:52.557 10335 10335 D M_InsDal: Lcom/fsck/k9/mail/power/TracingPowerManager$TracingWakeLock;--->raiseNotification()V
06-05 18:18:52.557 10335 10335 D M_InsDal: Lcom/fsck/k9/service/BootReceiver;--->receive(Landroid/content/Context;Landroid/content/Intent;Ljava/lang/Integer;)Ljava/lang/Integer;
06-05 18:18:52.558 10335 10335 D M_InsDal: Lcom/fsck/k9/service/CoreReceiver;--->releaseWakeLock(Ljava/lang/Integer;)V
06-05 18:18:52.558 10335 10335 D M_InsDal: Lcom/fsck/k9/service/SleepService;---><init>()V
06-05 18:18:52.558 10335 10335 D M_InsDal: Lcom/fsck/k9/service/CoreService;---><init>()V
06-05 18:18:52.558 10335 10335 D M_InsDal: Lcom/fsck/k9/service/CoreService;--->onCreate()V
06-05 18:18:52.558 10335 10335 D M_InsDal: Lcom/fsck/k9/service/CoreService;--->onStartCommand(Landroid/content/Intent;II)I
06-05 18:18:52.558 10335 10335 D M_InsDal: Lcom/fsck/k9/service/CoreService;--->acquireWakeLock(Landroid/content/Context;Ljava/lang/String;J)Lcom/fsck/k9/mail/power/TracingPowerManager$TracingWakeLock;
06-05 18:18:52.558 10335 10335 D M_InsDal: Lcom/fsck/k9/mail/power/TracingPowerManager;--->getPowerManager(Landroid/content/Context;)Lcom/fsck/k9/mail/power/TracingPowerManager;
06-05 18:18:52.558 10335 10335 D M_InsDal: Lcom/fsck/k9/mail/power/TracingPowerManager;--->newWakeLock(ILjava/lang/String;)Lcom/fsck/k9/mail/power/TracingPowerManager$TracingWakeLock;
06-05 18:18:52.558 10335 10335 D M_InsDal: Lcom/fsck/k9/mail/power/TracingPowerManager$TracingWakeLock;---><init>(Lcom/fsck/k9/mail/power/TracingPowerManager;ILjava/lang/String;)V
06-05 18:18:52.558 10335 10335 D M_InsDal: Lcom/fsck/k9/mail/K9MailLib;--->isDebug()Z
06-05 18:18:52.558 10335 10335 D M_InsDal: Lcom/fsck/k9/K9$2;--->enabled()Z
06-05 18:18:52.558 10335 10335 D M_InsDal: Lcom/fsck/k9/mail/power/TracingPowerManager$TracingWakeLock;--->setReferenceCounted(Z)V
06-05 18:18:52.558 10335 10335 D M_InsDal: Lcom/fsck/k9/mail/power/TracingPowerManager$TracingWakeLock;--->acquire(J)V
06-05 18:18:52.558 10335 10335 D M_InsDal: Lcom/fsck/k9/mail/K9MailLib;--->isDebug()Z
06-05 18:18:52.558 10335 10335 D M_InsDal: Lcom/fsck/k9/K9$2;--->enabled()Z
06-05 18:18:52.558 10335 10335 D M_InsDal: Lcom/fsck/k9/mail/power/TracingPowerManager$TracingWakeLock;--->raiseNotification()V
06-05 18:18:52.558 10335 10335 D M_InsDal: Lcom/fsck/k9/service/CoreReceiver;--->releaseWakeLock(Landroid/content/Context;I)V
06-05 18:18:52.559 10335 10335 D M_InsDal: Lcom/fsck/k9/service/SleepService;--->startService(Landroid/content/Intent;I)I
06-05 18:18:52.559 10335 10335 D M_InsDal: Lcom/fsck/k9/service/SleepService;--->endSleep(Ljava/lang/Integer;)V
06-05 18:18:52.559 10335 10335 D M_InsDal: Lcom/fsck/k9/service/SleepService;--->reacquireWakeLock(Lcom/fsck/k9/service/SleepService$SleepDatum;)V
06-05 18:18:52.559 10335 10335 D M_InsDal: Lcom/fsck/k9/mail/power/TracingPowerManager$TracingWakeLock;--->acquire(J)V
06-05 18:18:52.559 10335 10335 D M_InsDal: Lcom/fsck/k9/mail/K9MailLib;--->isDebug()Z
06-05 18:18:52.559 10335 10335 D M_InsDal: Lcom/fsck/k9/K9$2;--->enabled()Z
06-05 18:18:52.559 10335 10335 D M_InsDal: Lcom/fsck/k9/mail/power/TracingPowerManager$TracingWakeLock;--->raiseNotification()V
06-05 18:18:52.559 10335 10406 D M_InsDal: Lcom/fsck/k9/mail/store/imap/ImapFolderPusher$PushRunnable;--->getOldUidNext()J
06-05 18:18:52.559 10335 10406 D M_InsDal: Lcom/fsck/k9/mail/store/imap/ImapFolder;--->getName()Ljava/lang/String;
06-05 18:18:52.559 10335 10406 D M_InsDal: Lcom/fsck/k9/controller/MessagingControllerPushReceiver;--->getPushState(Ljava/lang/String;)Ljava/lang/String;
06-05 18:18:52.559 10335 10406 D M_InsDal: Lcom/fsck/k9/Account;--->getLocalStore()Lcom/fsck/k9/mailstore/LocalStore;
06-05 18:18:52.559 10335 10406 D M_InsDal: Lcom/fsck/k9/mailstore/LocalStore;--->getInstance(Lcom/fsck/k9/Account;Landroid/content/Context;)Lcom/fsck/k9/mailstore/LocalStore;
06-05 18:18:52.559 10335 10406 D M_InsDal: Lcom/fsck/k9/Account;--->getUuid()Ljava/lang/String;
06-05 18:18:52.559 10335 10406 D M_InsDal: Lcom/fsck/k9/mailstore/LocalStore;--->getFolder(Ljava/lang/String;)Lcom/fsck/k9/mailstore/LocalFolder;
06-05 18:18:52.559 10335 10406 D M_InsDal: Lcom/fsck/k9/mailstore/LocalFolder;---><init>(Lcom/fsck/k9/mailstore/LocalStore;Ljava/lang/String;)V
06-05 18:18:52.559 10335 10406 D M_InsDal: Lcom/fsck/k9/mail/Folder;---><init>()V
06-05 18:18:52.559 10335 10406 D M_InsDal: Lcom/fsck/k9/mailstore/LocalStore;--->getAttachmentInfoExtractor()Lcom/fsck/k9/message/extractors/AttachmentInfoExtractor;
06-05 18:18:52.559 10335 10406 D M_InsDal: Lcom/fsck/k9/mailstore/LocalFolder;--->getAccount()Lcom/fsck/k9/Account;
06-05 18:18:52.559 10335 10406 D M_InsDal: Lcom/fsck/k9/mailstore/LocalStore;--->getAccount()Lcom/fsck/k9/Account;
06-05 18:18:52.559 10335 10406 D M_InsDal: Lcom/fsck/k9/Account;--->getInboxFolderName()Ljava/lang/String;
06-05 18:18:52.559 10335 10406 D M_InsDal: Lcom/fsck/k9/mailstore/LocalFolder;--->getName()Ljava/lang/String;
06-05 18:18:52.559 10335 10406 D M_InsDal: Lcom/fsck/k9/mailstore/LocalFolder;--->open(I)V
06-05 18:18:52.559 10335 10406 D M_InsDal: Lcom/fsck/k9/mailstore/LocalFolder;--->isOpen()Z
06-05 18:18:52.559 10335 10335 D M_InsDal: Lcom/fsck/k9/mail/power/TracingPowerManager$TracingWakeLock;--->release()V
06-05 18:18:52.559 10335 10406 D M_InsDal: Lcom/fsck/k9/mailstore/LocalFolder;--->isOpen()Z
06-05 18:18:52.559 10335 10406 D M_InsDal: Lcom/fsck/k9/mailstore/LocalStore;--->getDatabase()Lcom/fsck/k9/mailstore/LockableDatabase;
06-05 18:18:52.559 10335 10406 D M_InsDal: Lcom/fsck/k9/mailstore/LocalFolder$1;---><init>(Lcom/fsck/k9/mailstore/LocalFolder;I)V
06-05 18:18:52.559 10335 10335 D M_InsDal: Lcom/fsck/k9/mail/K9MailLib;--->isDebug()Z
06-05 18:18:52.559 10335 10335 D M_InsDal: Lcom/fsck/k9/K9$2;--->enabled()Z
06-05 18:18:52.559 10335 10406 D M_InsDal: Lcom/fsck/k9/mailstore/LockableDatabase;--->execute(ZLcom/fsck/k9/mailstore/LockableDatabase$DbCallback;)Ljava/lang/Object;
06-05 18:18:52.559 10335 10406 D M_InsDal: Lcom/fsck/k9/mailstore/LockableDatabase;--->lockRead()V
06-05 18:18:52.559 10335 10335 D M_InsDal: Lcom/fsck/k9/mail/power/TracingPowerManager$TracingWakeLock;--->cancelNotification()V
06-05 18:18:52.559 10335 10406 D M_InsDal: Lcom/fsck/k9/mailstore/LockableDatabase;--->getStorageManager()Lcom/fsck/k9/mailstore/StorageManager;
06-05 18:18:52.559 10335 10406 D M_InsDal: Lcom/fsck/k9/mailstore/StorageManager;--->getInstance(Landroid/content/Context;)Lcom/fsck/k9/mailstore/StorageManager;
06-05 18:18:52.559 10335 10406 D M_InsDal: Lcom/fsck/k9/mailstore/StorageManager;--->lockProvider(Ljava/lang/String;)V
06-05 18:18:52.559 10335 10406 D M_InsDal: Lcom/fsck/k9/mailstore/StorageManager;--->getProvider(Ljava/lang/String;)Lcom/fsck/k9/mailstore/StorageManager$StorageProvider;
06-05 18:18:52.559 10335 10406 D M_InsDal: Lcom/fsck/k9/mailstore/StorageManager$InternalStorageProvider;--->isReady(Landroid/content/Context;)Z
06-05 18:18:52.559 10335 10406 D M_InsDal: Lcom/fsck/k9/K9;--->isDebug()Z
06-05 18:18:52.559 10335 10406 D M_InsDal: Lcom/fsck/k9/mailstore/LocalFolder$1;--->doDbWork(Landroid/database/sqlite/SQLiteDatabase;)Ljava/lang/Void;
06-05 18:18:52.559 10335 10406 D M_InsDal: Lcom/fsck/k9/mailstore/LocalFolder;--->open(Landroid/database/Cursor;)V
06-05 18:18:52.559 10335 10406 D M_InsDal: Lcom/fsck/k9/mail/Folder;--->setStatus(Ljava/lang/String;)V
06-05 18:18:52.559 10335 10406 D M_InsDal: Lcom/fsck/k9/mail/Folder;--->setLastChecked(J)V
06-05 18:18:52.559 10335 10406 D M_InsDal: Lcom/fsck/k9/mail/Folder;--->setLastPush(J)V
06-05 18:18:52.559 10335 10406 D M_InsDal: Lcom/fsck/k9/mail/Folder$FolderClass;--->valueOf(Ljava/lang/String;)Lcom/fsck/k9/mail/Folder$FolderClass;
06-05 18:18:52.559 10335 10406 D M_InsDal: Lcom/fsck/k9/mail/Folder$FolderClass;--->valueOf(Ljava/lang/String;)Lcom/fsck/k9/mail/Folder$FolderClass;
06-05 18:18:52.559 10335 10406 D M_InsDal: Lcom/fsck/k9/mailstore/LocalFolder$MoreMessages;--->fromDatabaseName(Ljava/lang/String;)Lcom/fsck/k9/mailstore/LocalFolder$MoreMessages;
06-05 18:18:52.559 10335 10406 D M_InsDal: Lcom/fsck/k9/mailstore/LocalFolder$MoreMessages;--->values()[Lcom/fsck/k9/mailstore/LocalFolder$MoreMessages;
06-05 18:18:52.559 10335 10406 D M_InsDal: Lcom/fsck/k9/helper/Utility;--->closeQuietly(Landroid/database/Cursor;)V
06-05 18:18:52.559 10335 10335 D M_InsDal: Lcom/fsck/k9/service/CoreReceiver;---><init>()V
06-05 18:18:52.559 10335 10335 D M_InsDal: Lcom/fsck/k9/service/CoreReceiver;--->onReceive(Landroid/content/Context;Landroid/content/Intent;)V
06-05 18:18:52.559 10335 10335 D M_InsDal: Lcom/fsck/k9/service/CoreReceiver;--->getWakeLock(Landroid/content/Context;)Ljava/lang/Integer;
06-05 18:18:52.559 10335 10335 D M_InsDal: Lcom/fsck/k9/mail/power/TracingPowerManager;--->getPowerManager(Landroid/content/Context;)Lcom/fsck/k9/mail/power/TracingPowerManager;
06-05 18:18:52.560 10335 10335 D M_InsDal: Lcom/fsck/k9/mail/power/TracingPowerManager;--->newWakeLock(ILjava/lang/String;)Lcom/fsck/k9/mail/power/TracingPowerManager$TracingWakeLock;
06-05 18:18:52.560 10335 10335 D M_InsDal: Lcom/fsck/k9/mail/power/TracingPowerManager$TracingWakeLock;---><init>(Lcom/fsck/k9/mail/power/TracingPowerManager;ILjava/lang/String;)V
06-05 18:18:52.560 10335 10406 D M_InsDal: Lcom/fsck/k9/mailstore/LockableDatabase;--->unlockRead()V
06-05 18:18:52.560 10335 10406 D M_InsDal: Lcom/fsck/k9/mailstore/LockableDatabase;--->getStorageManager()Lcom/fsck/k9/mailstore/StorageManager;
06-05 18:18:52.560 10335 10335 D M_InsDal: Lcom/fsck/k9/mail/K9MailLib;--->isDebug()Z
06-05 18:18:52.560 10335 10335 D M_InsDal: Lcom/fsck/k9/K9$2;--->enabled()Z
06-05 18:18:52.560 10335 10406 D M_InsDal: Lcom/fsck/k9/mailstore/StorageManager;--->getInstance(Landroid/content/Context;)Lcom/fsck/k9/mailstore/StorageManager;
06-05 18:18:52.560 10335 10335 D M_InsDal: Lcom/fsck/k9/mail/power/TracingPowerManager$TracingWakeLock;--->setReferenceCounted(Z)V
06-05 18:18:52.560 10335 10406 D M_InsDal: Lcom/fsck/k9/mailstore/StorageManager;--->unlockProvider(Ljava/lang/String;)V
06-05 18:18:52.560 10335 10335 D M_InsDal: Lcom/fsck/k9/mail/power/TracingPowerManager$TracingWakeLock;--->acquire(J)V
06-05 18:18:52.560 10335 10406 D M_InsDal: Lcom/fsck/k9/mailstore/StorageManager;--->getProvider(Ljava/lang/String;)Lcom/fsck/k9/mailstore/StorageManager$StorageProvider;
06-05 18:18:52.560 10335 10406 D M_InsDal: Lcom/fsck/k9/mailstore/LocalFolder;--->getPushState()Ljava/lang/String;
06-05 18:18:52.560 10335 10406 D M_InsDal: Lcom/fsck/k9/mailstore/LocalFolder;--->close()V
06-05 18:18:52.560 10335 10406 D M_InsDal: Lcom/fsck/k9/mail/store/imap/ImapPushState;--->parse(Ljava/lang/String;)Lcom/fsck/k9/mail/store/imap/ImapPushState;
06-05 18:18:52.560 10335 10406 D M_InsDal: Lcom/fsck/k9/mail/store/imap/ImapPushState;---><init>(J)V
06-05 18:18:52.560 10335 10406 D M_InsDal: Lcom/fsck/k9/mail/K9MailLib;--->isDebug()Z
06-05 18:18:52.560 10335 10406 D M_InsDal: Lcom/fsck/k9/K9$2;--->enabled()Z
06-05 18:18:52.560 10335 10406 D M_InsDal: Lcom/fsck/k9/mail/store/imap/ImapFolderPusher$PushRunnable;--->openConnectionIfNecessary()Z
06-05 18:18:52.560 10335 10406 D M_InsDal: Lcom/fsck/k9/mail/store/imap/ImapFolder;--->internalOpen(I)Ljava/util/List;
06-05 18:18:52.560 10335 10406 D M_InsDal: Lcom/fsck/k9/mail/store/imap/ImapFolder;--->isOpen()Z
06-05 18:18:52.560 10335 10406 D M_InsDal: Lcom/fsck/k9/mail/store/imap/ImapStore;--->releaseConnection(Lcom/fsck/k9/mail/store/imap/ImapConnection;)V
06-05 18:18:52.560 10335 10406 D M_InsDal: Lcom/fsck/k9/mail/store/imap/ImapStore;--->getConnection()Lcom/fsck/k9/mail/store/imap/ImapConnection;
06-05 18:18:52.560 10335 10406 D M_InsDal: Lcom/fsck/k9/mail/store/imap/ImapStore;--->pollConnection()Lcom/fsck/k9/mail/store/imap/ImapConnection;
06-05 18:18:52.560 10335 10406 D M_InsDal: Lcom/fsck/k9/mail/store/imap/ImapStore;--->createImapConnection()Lcom/fsck/k9/mail/store/imap/ImapConnection;
06-05 18:18:52.560 10335 10406 D M_InsDal: Lcom/fsck/k9/mail/store/imap/ImapStore$StoreImapSettings;---><init>(Lcom/fsck/k9/mail/store/imap/ImapStore;)V
06-05 18:18:52.560 10335 10406 D M_InsDal: Lcom/fsck/k9/mail/store/imap/ImapConnection;---><init>(Lcom/fsck/k9/mail/store/imap/ImapSettings;Lcom/fsck/k9/mail/ssl/TrustedSocketFactory;Landroid/net/ConnectivityManager;Lcom/fsck/k9/mail/oauth/OAuth2TokenProvider;)V
06-05 18:18:52.560 10335 10406 D M_InsDal: Lcom/fsck/k9/mail/store/imap/ImapFolder;--->getPrefixedName()Ljava/lang/String;
06-05 18:18:52.560 10335 10406 D M_InsDal: Lcom/fsck/k9/mail/store/imap/ImapStore;--->getStoreConfig()Lcom/fsck/k9/mail/store/StoreConfig;
06-05 18:18:52.560 10335 10406 D M_InsDal: Lcom/fsck/k9/Account;--->getInboxFolderName()Ljava/lang/String;
06-05 18:18:52.560 10335 10406 D M_InsDal: Lcom/fsck/k9/mail/store/imap/FolderNameCodec;--->encode(Ljava/lang/String;)Ljava/lang/String;
06-05 18:18:52.560 10335 10406 D M_InsDal: Lcom/fsck/k9/mail/store/imap/ImapUtility;--->encodeString(Ljava/lang/String;)Ljava/lang/String;
06-05 18:18:52.560 10335 10406 D M_InsDal: Lcom/fsck/k9/mail/store/imap/ImapFolder;--->executeSimpleCommand(Ljava/lang/String;)Ljava/util/List;
06-05 18:18:52.560 10335 10406 D M_InsDal: Lcom/fsck/k9/mail/store/imap/ImapConnection;--->executeSimpleCommand(Ljava/lang/String;)Ljava/util/List;
06-05 18:18:52.560 10335 10406 D M_InsDal: Lcom/fsck/k9/mail/store/imap/ImapConnection;--->executeSimpleCommand(Ljava/lang/String;Z)Ljava/util/List;
06-05 18:18:52.560 10335 10406 D M_InsDal: Lcom/fsck/k9/mail/store/imap/ImapConnection;--->sendCommand(Ljava/lang/String;Z)Ljava/lang/String;
06-05 18:18:52.560 10335 10406 D M_InsDal: Lcom/fsck/k9/mail/store/imap/ImapConnection;--->open()V
06-05 18:18:52.560 10335 10406 D M_InsDal: Lcom/fsck/k9/mail/store/imap/ImapConnection;--->adjustDNSCacheTTL()V
06-05 18:18:52.560 10335 10406 D M_InsDal: Lcom/fsck/k9/mail/store/imap/ImapConnection;--->connect()Ljava/net/Socket;
06-05 18:18:52.560 10335 10406 D M_InsDal: Lcom/fsck/k9/mail/store/imap/ImapStore$StoreImapSettings;--->getHost()Ljava/lang/String;
06-05 18:18:52.560 10335 10335 D M_InsDal: Lcom/fsck/k9/mail/K9MailLib;--->isDebug()Z
06-05 18:18:52.560 10335 10335 D M_InsDal: Lcom/fsck/k9/K9$2;--->enabled()Z
06-05 18:18:52.560 10335 10335 D M_InsDal: Lcom/fsck/k9/mail/power/TracingPowerManager$TracingWakeLock;--->raiseNotification()V
06-05 18:18:52.560 10335 10335 D M_InsDal: Lcom/fsck/k9/service/CoreReceiver;--->releaseWakeLock(Ljava/lang/Integer;)V
06-05 18:18:52.560 10335 10335 D M_InsDal: Lcom/fsck/k9/mail/power/TracingPowerManager$TracingWakeLock;--->release()V
06-05 18:18:52.560 10335 10335 D M_InsDal: Lcom/fsck/k9/mail/K9MailLib;--->isDebug()Z
06-05 18:18:52.560 10335 10335 D M_InsDal: Lcom/fsck/k9/K9$2;--->enabled()Z
06-05 18:18:52.560 10335 10335 D M_InsDal: Lcom/fsck/k9/mail/power/TracingPowerManager$TracingWakeLock;--->cancelNotification()V
06-05 18:18:52.560 10335 10335 D M_InsDal: Lcom/fsck/k9/service/CoreReceiver;--->releaseWakeLock(Ljava/lang/Integer;)V
06-05 18:18:52.560 10335 10335 D M_InsDal: Lcom/fsck/k9/mail/power/TracingPowerManager$TracingWakeLock;--->release()V
06-05 18:18:52.560 10335 10335 D M_InsDal: Lcom/fsck/k9/mail/K9MailLib;--->isDebug()Z
06-05 18:18:52.560 10335 10335 D M_InsDal: Lcom/fsck/k9/K9$2;--->enabled()Z
06-05 18:18:52.560 10335 10335 D M_InsDal: Lcom/fsck/k9/mail/power/TracingPowerManager$TracingWakeLock;--->cancelNotification()V
06-05 18:18:52.560 10335 10335 D M_InsDal: Lcom/fsck/k9/service/CoreService;--->onDestroy()V
06-05 18:18:52.569 10335 10335 D M_InsDal: Lcom/fsck/k9/service/BootReceiver;---><init>()V
06-05 18:18:52.569 10335 10335 D M_InsDal: Lcom/fsck/k9/service/CoreReceiver;---><init>()V
06-05 18:18:52.569 10335 10335 D M_InsDal: Lcom/fsck/k9/service/CoreReceiver;--->onReceive(Landroid/content/Context;Landroid/content/Intent;)V
06-05 18:18:52.569 10335 10335 D M_InsDal: Lcom/fsck/k9/service/CoreReceiver;--->getWakeLock(Landroid/content/Context;)Ljava/lang/Integer;
06-05 18:18:52.569 10335 10335 D M_InsDal: Lcom/fsck/k9/mail/power/TracingPowerManager;--->getPowerManager(Landroid/content/Context;)Lcom/fsck/k9/mail/power/TracingPowerManager;
06-05 18:18:52.569 10335 10335 D M_InsDal: Lcom/fsck/k9/mail/power/TracingPowerManager;--->newWakeLock(ILjava/lang/String;)Lcom/fsck/k9/mail/power/TracingPowerManager$TracingWakeLock;
06-05 18:18:52.569 10335 10335 D M_InsDal: Lcom/fsck/k9/mail/power/TracingPowerManager$TracingWakeLock;---><init>(Lcom/fsck/k9/mail/power/TracingPowerManager;ILjava/lang/String;)V
06-05 18:18:52.569 10335 10335 D M_InsDal: Lcom/fsck/k9/mail/K9MailLib;--->isDebug()Z
06-05 18:18:52.569 10335 10335 D M_InsDal: Lcom/fsck/k9/K9$2;--->enabled()Z
06-05 18:18:52.569 10335 10335 D M_InsDal: Lcom/fsck/k9/mail/power/TracingPowerManager$TracingWakeLock;--->setReferenceCounted(Z)V
06-05 18:18:52.569 10335 10335 D M_InsDal: Lcom/fsck/k9/mail/power/TracingPowerManager$TracingWakeLock;--->acquire(J)V
06-05 18:18:52.569 10335 10335 D M_InsDal: Lcom/fsck/k9/mail/K9MailLib;--->isDebug()Z
06-05 18:18:52.569 10335 10335 D M_InsDal: Lcom/fsck/k9/K9$2;--->enabled()Z
06-05 18:18:52.569 10335 10335 D M_InsDal: Lcom/fsck/k9/mail/power/TracingPowerManager$TracingWakeLock;--->raiseNotification()V
06-05 18:18:52.569 10335 10335 D M_InsDal: Lcom/fsck/k9/service/BootReceiver;--->receive(Landroid/content/Context;Landroid/content/Intent;Ljava/lang/Integer;)Ljava/lang/Integer;
06-05 18:18:52.570 10335 10335 D M_InsDal: Lcom/fsck/k9/service/CoreReceiver;--->releaseWakeLock(Ljava/lang/Integer;)V
06-05 18:18:52.570 10335 10335 D M_InsDal: Lcom/fsck/k9/service/SleepService;---><init>()V
06-05 18:18:52.570 10335 10335 D M_InsDal: Lcom/fsck/k9/service/CoreService;---><init>()V
06-05 18:18:52.570 10335 10335 D M_InsDal: Lcom/fsck/k9/service/CoreService;--->onCreate()V
06-05 18:18:52.570 10335 10335 D M_InsDal: Lcom/fsck/k9/service/CoreService;--->onStartCommand(Landroid/content/Intent;II)I
06-05 18:18:52.570 10335 10335 D M_InsDal: Lcom/fsck/k9/service/CoreService;--->acquireWakeLock(Landroid/content/Context;Ljava/lang/String;J)Lcom/fsck/k9/mail/power/TracingPowerManager$TracingWakeLock;
06-05 18:18:52.570 10335 10335 D M_InsDal: Lcom/fsck/k9/mail/power/TracingPowerManager;--->getPowerManager(Landroid/content/Context;)Lcom/fsck/k9/mail/power/TracingPowerManager;
06-05 18:18:52.570 10335 10335 D M_InsDal: Lcom/fsck/k9/mail/power/TracingPowerManager;--->newWakeLock(ILjava/lang/String;)Lcom/fsck/k9/mail/power/TracingPowerManager$TracingWakeLock;
06-05 18:18:52.570 10335 10335 D M_InsDal: Lcom/fsck/k9/mail/power/TracingPowerManager$TracingWakeLock;---><init>(Lcom/fsck/k9/mail/power/TracingPowerManager;ILjava/lang/String;)V
06-05 18:18:52.570 10335 10335 D M_InsDal: Lcom/fsck/k9/mail/K9MailLib;--->isDebug()Z
06-05 18:18:52.570 10335 10335 D M_InsDal: Lcom/fsck/k9/K9$2;--->enabled()Z
06-05 18:18:52.570 10335 10335 D M_InsDal: Lcom/fsck/k9/mail/power/TracingPowerManager$TracingWakeLock;--->setReferenceCounted(Z)V
06-05 18:18:52.570 10335 10335 D M_InsDal: Lcom/fsck/k9/mail/power/TracingPowerManager$TracingWakeLock;--->acquire(J)V
06-05 18:18:52.570 10335 10335 D M_InsDal: Lcom/fsck/k9/mail/K9MailLib;--->isDebug()Z
06-05 18:18:52.570 10335 10335 D M_InsDal: Lcom/fsck/k9/K9$2;--->enabled()Z
06-05 18:18:52.570 10335 10335 D M_InsDal: Lcom/fsck/k9/mail/power/TracingPowerManager$TracingWakeLock;--->raiseNotification()V
06-05 18:18:52.570 10335 10335 D M_InsDal: Lcom/fsck/k9/service/CoreReceiver;--->releaseWakeLock(Landroid/content/Context;I)V
06-05 18:18:52.570 10335 10335 D M_InsDal: Lcom/fsck/k9/service/SleepService;--->startService(Landroid/content/Intent;I)I
06-05 18:18:52.570 10335 10335 D M_InsDal: Lcom/fsck/k9/service/SleepService;--->endSleep(Ljava/lang/Integer;)V
06-05 18:18:52.570 10335 10335 D M_InsDal: Lcom/fsck/k9/service/SleepService;--->reacquireWakeLock(Lcom/fsck/k9/service/SleepService$SleepDatum;)V
06-05 18:18:52.570 10335 10335 D M_InsDal: Lcom/fsck/k9/mail/power/TracingPowerManager$TracingWakeLock;--->acquire(J)V
06-05 18:18:52.571 10335 10335 D M_InsDal: Lcom/fsck/k9/mail/K9MailLib;--->isDebug()Z
06-05 18:18:52.571 10335 10335 D M_InsDal: Lcom/fsck/k9/K9$2;--->enabled()Z
06-05 18:18:52.571 10335 10335 D M_InsDal: Lcom/fsck/k9/mail/power/TracingPowerManager$TracingWakeLock;--->raiseNotification()V
06-05 18:18:52.571 10335 10407 D M_InsDal: Lcom/fsck/k9/mail/store/imap/ImapFolderPusher$PushRunnable;--->getOldUidNext()J
06-05 18:18:52.571 10335 10407 D M_InsDal: Lcom/fsck/k9/mail/store/imap/ImapFolder;--->getName()Ljava/lang/String;
06-05 18:18:52.571 10335 10407 D M_InsDal: Lcom/fsck/k9/controller/MessagingControllerPushReceiver;--->getPushState(Ljava/lang/String;)Ljava/lang/String;
06-05 18:18:52.571 10335 10407 D M_InsDal: Lcom/fsck/k9/Account;--->getLocalStore()Lcom/fsck/k9/mailstore/LocalStore;
06-05 18:18:52.571 10335 10407 D M_InsDal: Lcom/fsck/k9/mailstore/LocalStore;--->getInstance(Lcom/fsck/k9/Account;Landroid/content/Context;)Lcom/fsck/k9/mailstore/LocalStore;
06-05 18:18:52.571 10335 10407 D M_InsDal: Lcom/fsck/k9/Account;--->getUuid()Ljava/lang/String;
06-05 18:18:52.571 10335 10407 D M_InsDal: Lcom/fsck/k9/mailstore/LocalStore;--->getFolder(Ljava/lang/String;)Lcom/fsck/k9/mailstore/LocalFolder;
06-05 18:18:52.571 10335 10407 D M_InsDal: Lcom/fsck/k9/mailstore/LocalFolder;---><init>(Lcom/fsck/k9/mailstore/LocalStore;Ljava/lang/String;)V
06-05 18:18:52.571 10335 10407 D M_InsDal: Lcom/fsck/k9/mail/Folder;---><init>()V
06-05 18:18:52.571 10335 10407 D M_InsDal: Lcom/fsck/k9/mailstore/LocalStore;--->getAttachmentInfoExtractor()Lcom/fsck/k9/message/extractors/AttachmentInfoExtractor;
06-05 18:18:52.571 10335 10407 D M_InsDal: Lcom/fsck/k9/mailstore/LocalFolder;--->getAccount()Lcom/fsck/k9/Account;
06-05 18:18:52.571 10335 10407 D M_InsDal: Lcom/fsck/k9/mailstore/LocalStore;--->getAccount()Lcom/fsck/k9/Account;
06-05 18:18:52.571 10335 10407 D M_InsDal: Lcom/fsck/k9/Account;--->getInboxFolderName()Ljava/lang/String;
06-05 18:18:52.571 10335 10407 D M_InsDal: Lcom/fsck/k9/mailstore/LocalFolder;--->getName()Ljava/lang/String;
06-05 18:18:52.571 10335 10407 D M_InsDal: Lcom/fsck/k9/mailstore/LocalFolder;--->open(I)V
06-05 18:18:52.571 10335 10407 D M_InsDal: Lcom/fsck/k9/mailstore/LocalFolder;--->isOpen()Z
06-05 18:18:52.571 10335 10407 D M_InsDal: Lcom/fsck/k9/mailstore/LocalFolder;--->isOpen()Z
06-05 18:18:52.571 10335 10407 D M_InsDal: Lcom/fsck/k9/mailstore/LocalStore;--->getDatabase()Lcom/fsck/k9/mailstore/LockableDatabase;
06-05 18:18:52.571 10335 10407 D M_InsDal: Lcom/fsck/k9/mailstore/LocalFolder$1;---><init>(Lcom/fsck/k9/mailstore/LocalFolder;I)V
06-05 18:18:52.571 10335 10407 D M_InsDal: Lcom/fsck/k9/mailstore/LockableDatabase;--->execute(ZLcom/fsck/k9/mailstore/LockableDatabase$DbCallback;)Ljava/lang/Object;
06-05 18:18:52.571 10335 10407 D M_InsDal: Lcom/fsck/k9/mailstore/LockableDatabase;--->lockRead()V
06-05 18:18:52.571 10335 10407 D M_InsDal: Lcom/fsck/k9/mailstore/LockableDatabase;--->getStorageManager()Lcom/fsck/k9/mailstore/StorageManager;
06-05 18:18:52.571 10335 10407 D M_InsDal: Lcom/fsck/k9/mailstore/StorageManager;--->getInstance(Landroid/content/Context;)Lcom/fsck/k9/mailstore/StorageManager;
06-05 18:18:52.571 10335 10407 D M_InsDal: Lcom/fsck/k9/mailstore/StorageManager;--->lockProvider(Ljava/lang/String;)V
06-05 18:18:52.571 10335 10407 D M_InsDal: Lcom/fsck/k9/mailstore/StorageManager;--->getProvider(Ljava/lang/String;)Lcom/fsck/k9/mailstore/StorageManager$StorageProvider;
06-05 18:18:52.571 10335 10407 D M_InsDal: Lcom/fsck/k9/mailstore/StorageManager$InternalStorageProvider;--->isReady(Landroid/content/Context;)Z
06-05 18:18:52.571 10335 10335 D M_InsDal: Lcom/fsck/k9/mail/power/TracingPowerManager$TracingWakeLock;--->release()V
06-05 18:18:52.571 10335 10407 D M_InsDal: Lcom/fsck/k9/K9;--->isDebug()Z
06-05 18:18:52.571 10335 10407 D M_InsDal: Lcom/fsck/k9/mailstore/LocalFolder$1;--->doDbWork(Landroid/database/sqlite/SQLiteDatabase;)Ljava/lang/Void;
06-05 18:18:52.571 10335 10335 D M_InsDal: Lcom/fsck/k9/mail/K9MailLib;--->isDebug()Z
06-05 18:18:52.571 10335 10335 D M_InsDal: Lcom/fsck/k9/K9$2;--->enabled()Z
06-05 18:18:52.571 10335 10335 D M_InsDal: Lcom/fsck/k9/mail/power/TracingPowerManager$TracingWakeLock;--->cancelNotification()V
06-05 18:18:52.571 10335 10407 D M_InsDal: Lcom/fsck/k9/mailstore/LocalFolder;--->open(Landroid/database/Cursor;)V
06-05 18:18:52.571 10335 10407 D M_InsDal: Lcom/fsck/k9/mail/Folder;--->setStatus(Ljava/lang/String;)V
06-05 18:18:52.571 10335 10407 D M_InsDal: Lcom/fsck/k9/mail/Folder;--->setLastChecked(J)V
06-05 18:18:52.571 10335 10407 D M_InsDal: Lcom/fsck/k9/mail/Folder;--->setLastPush(J)V
06-05 18:18:52.571 10335 10407 D M_InsDal: Lcom/fsck/k9/mail/Folder$FolderClass;--->valueOf(Ljava/lang/String;)Lcom/fsck/k9/mail/Folder$FolderClass;
06-05 18:18:52.571 10335 10407 D M_InsDal: Lcom/fsck/k9/mail/Folder$FolderClass;--->valueOf(Ljava/lang/String;)Lcom/fsck/k9/mail/Folder$FolderClass;
06-05 18:18:52.571 10335 10407 D M_InsDal: Lcom/fsck/k9/mailstore/LocalFolder$MoreMessages;--->fromDatabaseName(Ljava/lang/String;)Lcom/fsck/k9/mailstore/LocalFolder$MoreMessages;
06-05 18:18:52.571 10335 10407 D M_InsDal: Lcom/fsck/k9/mailstore/LocalFolder$MoreMessages;--->values()[Lcom/fsck/k9/mailstore/LocalFolder$MoreMessages;
06-05 18:18:52.571 10335 10407 D M_InsDal: Lcom/fsck/k9/helper/Utility;--->closeQuietly(Landroid/database/Cursor;)V
06-05 18:18:52.571 10335 10407 D M_InsDal: Lcom/fsck/k9/mailstore/LockableDatabase;--->unlockRead()V
06-05 18:18:52.571 10335 10407 D M_InsDal: Lcom/fsck/k9/mailstore/LockableDatabase;--->getStorageManager()Lcom/fsck/k9/mailstore/StorageManager;
06-05 18:18:52.571 10335 10407 D M_InsDal: Lcom/fsck/k9/mailstore/StorageManager;--->getInstance(Landroid/content/Context;)Lcom/fsck/k9/mailstore/StorageManager;
06-05 18:18:52.571 10335 10407 D M_InsDal: Lcom/fsck/k9/mailstore/StorageManager;--->unlockProvider(Ljava/lang/String;)V
06-05 18:18:52.571 10335 10407 D M_InsDal: Lcom/fsck/k9/mailstore/StorageManager;--->getProvider(Ljava/lang/String;)Lcom/fsck/k9/mailstore/StorageManager$StorageProvider;
06-05 18:18:52.571 10335 10407 D M_InsDal: Lcom/fsck/k9/mailstore/LocalFolder;--->getPushState()Ljava/lang/String;
06-05 18:18:52.571 10335 10407 D M_InsDal: Lcom/fsck/k9/mailstore/LocalFolder;--->close()V
06-05 18:18:52.571 10335 10407 D M_InsDal: Lcom/fsck/k9/mail/store/imap/ImapPushState;--->parse(Ljava/lang/String;)Lcom/fsck/k9/mail/store/imap/ImapPushState;
06-05 18:18:52.571 10335 10407 D M_InsDal: Lcom/fsck/k9/mail/store/imap/ImapPushState;---><init>(J)V
06-05 18:18:52.571 10335 10407 D M_InsDal: Lcom/fsck/k9/mail/K9MailLib;--->isDebug()Z
06-05 18:18:52.571 10335 10407 D M_InsDal: Lcom/fsck/k9/K9$2;--->enabled()Z
