05-23 17:44:07.303 15520 15539 D M_InsDal: Lcom/fsck/k9/mailstore/StorageManager;--->lockProvider(Ljava/lang/String;)V
05-23 17:44:07.303 15520 15539 D M_InsDal: Lcom/fsck/k9/mailstore/StorageManager;--->getProvider(Ljava/lang/String;)Lcom/fsck/k9/mailstore/StorageManager$StorageProvider;
05-23 17:44:07.303 15520 15539 D M_InsDal: Lcom/fsck/k9/mailstore/StorageManager$InternalStorageProvider;--->isReady(Landroid/content/Context;)Z
05-23 17:44:07.303 15520 15539 D M_InsDal: Lcom/fsck/k9/K9;--->isDebug()Z
05-23 17:44:07.303 15520 15539 D M_InsDal: Lcom/fsck/k9/mailstore/LocalFolder$11;--->doDbWork(Landroid/database/sqlite/SQLiteDatabase;)Ljava/util/Map;
05-23 17:44:07.303 15520 15539 D M_InsDal: Lcom/fsck/k9/mailstore/LocalFolder;--->open(I)V
05-23 17:44:07.303 15520 15539 D M_InsDal: Lcom/fsck/k9/mailstore/LocalFolder;--->isOpen()Z
05-23 17:44:07.303 15520 15539 D M_InsDal: Lcom/fsck/k9/mailstore/LocalFolder;--->getMode()I
05-23 17:44:07.304 15520 15539 D M_InsDal: Lcom/fsck/k9/helper/Utility;--->closeQuietly(Landroid/database/Cursor;)V
05-23 17:44:07.304 15520 15539 D M_InsDal: Lcom/fsck/k9/mailstore/LockableDatabase;--->unlockRead()V
05-23 17:44:07.304 15520 15539 D M_InsDal: Lcom/fsck/k9/mailstore/LockableDatabase;--->getStorageManager()Lcom/fsck/k9/mailstore/StorageManager;
05-23 17:44:07.304 15520 15539 D M_InsDal: Lcom/fsck/k9/mailstore/StorageManager;--->getInstance(Landroid/content/Context;)Lcom/fsck/k9/mailstore/StorageManager;
05-23 17:44:07.304 15520 15539 D M_InsDal: Lcom/fsck/k9/mailstore/StorageManager;--->unlockProvider(Ljava/lang/String;)V
05-23 17:44:07.304 15520 15539 D M_InsDal: Lcom/fsck/k9/mailstore/StorageManager;--->getProvider(Ljava/lang/String;)Lcom/fsck/k9/mailstore/StorageManager$StorageProvider;
05-23 17:44:07.304 15520 15539 D M_InsDal: Lcom/fsck/k9/notification/NotificationController;--->clearAuthenticationErrorNotification(Lcom/fsck/k9/Account;Z)V
05-23 17:44:07.304 15520 15539 D M_InsDal: Lcom/fsck/k9/notification/AuthenticationErrorNotifications;--->clearAuthenticationErrorNotification(Lcom/fsck/k9/Account;Z)V
05-23 17:44:07.304 15520 15539 D M_InsDal: Lcom/fsck/k9/notification/NotificationIds;--->getAuthenticationErrorNotificationId(Lcom/fsck/k9/Account;Z)I
05-23 17:44:07.304 15520 15539 D M_InsDal: Lcom/fsck/k9/notification/NotificationIds;--->getBaseNotificationId(Lcom/fsck/k9/Account;)I
05-23 17:44:07.304 15520 15539 D M_InsDal: Lcom/fsck/k9/Account;--->getAccountNumber()I
05-23 17:44:07.304 15520 15539 D M_InsDal: Lcom/fsck/k9/notification/AuthenticationErrorNotifications;--->getNotificationManager()Landroid/support/v4/app/NotificationManagerCompat;
05-23 17:44:07.304 15520 15539 D M_InsDal: Lcom/fsck/k9/notification/NotificationController;--->getNotificationManager()Landroid/support/v4/app/NotificationManagerCompat;
05-23 17:44:07.304 15520 15544 D M_InsDal: Lcom/fsck/k9/mail/store/imap/ImapResponseParser;--->readUntaggedResponse(Lcom/fsck/k9/mail/store/imap/ImapResponseCallback;)V
05-23 17:44:07.304 15520 15544 D M_InsDal: Lcom/fsck/k9/mail/store/imap/ImapResponseParser;--->parseUntaggedResponse()V
05-23 17:44:07.304 15520 15544 D M_InsDal: Lcom/fsck/k9/mail/store/imap/ImapResponseParser;--->expect(C)V
05-23 17:44:07.304 15520 15544 D M_InsDal: Lcom/fsck/k9/mail/filter/PeekableInputStream;--->read()I
05-23 17:44:07.304 15520 15544 D M_InsDal: Lcom/fsck/k9/mail/store/imap/ImapResponseParser;--->expect(C)V
05-23 17:44:07.304 15520 15544 D M_InsDal: Lcom/fsck/k9/mail/filter/PeekableInputStream;--->read()I
05-23 17:44:07.304 15520 15539 D M_InsDal: Lcom/fsck/k9/mail/store/imap/ImapFolder;--->getMessageCount()I
05-23 17:44:07.304 15520 15544 D M_InsDal: Lcom/fsck/k9/mail/store/imap/ImapResponse;--->newUntaggedResponse(Lcom/fsck/k9/mail/store/imap/ImapResponseCallback;)Lcom/fsck/k9/mail/store/imap/ImapResponse;
05-23 17:44:07.304 15520 15544 D M_InsDal: Lcom/fsck/k9/mail/store/imap/ImapResponse;---><init>(Lcom/fsck/k9/mail/store/imap/ImapResponseCallback;ZLjava/lang/String;)V
05-23 17:44:07.304 15520 15539 D M_InsDal: Lcom/fsck/k9/mailstore/LocalFolder;--->getVisibleLimit()I
05-23 17:44:07.304 15520 15539 D M_InsDal: Lcom/fsck/k9/mailstore/LocalFolder;--->open(I)V
05-23 17:44:07.304 15520 15544 D M_InsDal: Lcom/fsck/k9/mail/store/imap/ImapList;---><init>()V
05-23 17:44:07.304 15520 15539 D M_InsDal: Lcom/fsck/k9/mailstore/LocalFolder;--->isOpen()Z
05-23 17:44:07.304 15520 15539 D M_InsDal: Lcom/fsck/k9/mailstore/LocalFolder;--->getMode()I
05-23 17:44:07.304 15520 15544 D M_InsDal: Lcom/fsck/k9/mail/store/imap/ImapResponseParser;--->readTokens(Lcom/fsck/k9/mail/store/imap/ImapResponse;)V
05-23 17:44:07.304 15520 15544 D M_InsDal: Lcom/fsck/k9/mail/store/imap/ImapResponseParser;--->readToken(Lcom/fsck/k9/mail/store/imap/ImapResponse;)Ljava/lang/Object;
05-23 17:44:07.304 15520 15544 D M_InsDal: Lcom/fsck/k9/mail/store/imap/ImapResponseParser;--->parseToken(Lcom/fsck/k9/mail/store/imap/ImapList;)Ljava/lang/Object;
05-23 17:44:07.304 15520 15544 D M_InsDal: Lcom/fsck/k9/mail/filter/PeekableInputStream;--->peek()I
05-23 17:44:07.304 15520 15539 D M_InsDal: Lcom/fsck/k9/Account;--->getEarliestPollDate()Ljava/util/Date;
05-23 17:44:07.304 15520 15544 D M_InsDal: Lcom/fsck/k9/mail/store/imap/ImapResponseParser;--->parseBareString(Z)Ljava/lang/String;
05-23 17:44:07.304 15520 15544 D M_InsDal: Lcom/fsck/k9/mail/filter/PeekableInputStream;--->peek()I
05-23 17:44:07.304 15520 15539 D M_InsDal: Lcom/fsck/k9/Account;--->getMaximumPolledMessageAge()I
05-23 17:44:07.304 15520 15544 D M_InsDal: Lcom/fsck/k9/mail/filter/PeekableInputStream;--->read()I
05-23 17:44:07.304 15520 15544 D M_InsDal: Lcom/fsck/k9/mail/filter/PeekableInputStream;--->peek()I
05-23 17:44:07.304 15520 15539 D M_InsDal: Lcom/fsck/k9/controller/imap/ImapSync;--->getListeners(Lcom/fsck/k9/controller/MessagingListener;)Ljava/util/Set;
05-23 17:44:07.304 15520 15539 D M_InsDal: Lcom/fsck/k9/controller/MessagingController;--->getListeners(Lcom/fsck/k9/controller/MessagingListener;)Ljava/util/Set;
05-23 17:44:07.304 15520 15544 D M_InsDal: Lcom/fsck/k9/mail/store/imap/ImapResponseParser;--->checkTokenIsString(Ljava/lang/Object;)V
05-23 17:44:07.304 15520 15544 D M_InsDal: Lcom/fsck/k9/mail/store/imap/ImapResponseParser;--->isStatusResponse(Ljava/lang/String;)Z
05-23 17:44:07.304 15520 15544 D M_InsDal: Lcom/fsck/k9/mail/store/imap/ImapResponseParser;--->equalsIgnoreCase(Ljava/lang/Object;Ljava/lang/String;)Z
05-23 17:44:07.304 15520 15544 D M_InsDal: Lcom/fsck/k9/mail/store/imap/ImapResponseParser;--->equalsIgnoreCase(Ljava/lang/Object;Ljava/lang/String;)Z
05-23 17:44:07.304 15520 15544 D M_InsDal: Lcom/fsck/k9/mail/store/imap/ImapResponseParser;--->readToken(Lcom/fsck/k9/mail/store/imap/ImapResponse;)Ljava/lang/Object;
05-23 17:44:07.304 15520 15539 D M_InsDal: Lcom/fsck/k9/controller/SimpleMessagingListener;--->synchronizeMailboxHeadersStarted(Lcom/fsck/k9/Account;Ljava/lang/String;)V
05-23 17:44:07.304 15520 15544 D M_InsDal: Lcom/fsck/k9/mail/store/imap/ImapResponseParser;--->parseToken(Lcom/fsck/k9/mail/store/imap/ImapList;)Ljava/lang/Object;
05-23 17:44:07.304 15520 15539 D M_InsDal: Lcom/fsck/k9/controller/SimpleMessagingListener;--->synchronizeMailboxHeadersStarted(Lcom/fsck/k9/Account;Ljava/lang/String;)V
05-23 17:44:07.304 15520 15539 D M_InsDal: Lcom/fsck/k9/controller/SimpleMessagingListener;--->synchronizeMailboxHeadersStarted(Lcom/fsck/k9/Account;Ljava/lang/String;)V
05-23 17:44:07.304 15520 15544 D M_InsDal: Lcom/fsck/k9/mail/filter/PeekableInputStream;--->peek()I
05-23 17:44:07.304 15520 15539 D M_InsDal: Lcom/fsck/k9/controller/SimpleMessagingListener;--->synchronizeMailboxHeadersStarted(Lcom/fsck/k9/Account;Ljava/lang/String;)V
05-23 17:44:07.304 15520 15544 D M_InsDal: Lcom/fsck/k9/mail/store/imap/ImapResponseParser;--->expect(C)V
05-23 17:44:07.304 15520 15539 D M_InsDal: Lcom/fsck/k9/mail/store/imap/ImapFolder;--->getMessages(IILjava/util/Date;Lcom/fsck/k9/mail/MessageRetrievalListener;)Ljava/util/List;
05-23 17:44:07.304 15520 15544 D M_InsDal: Lcom/fsck/k9/mail/filter/PeekableInputStream;--->read()I
05-23 17:44:07.304 15520 15539 D M_InsDal: Lcom/fsck/k9/mail/store/imap/ImapFolder;--->getMessages(IILjava/util/Date;ZLcom/fsck/k9/mail/MessageRetrievalListener;)Ljava/util/List;
05-23 17:44:07.304 15520 15544 D M_InsDal: Lcom/fsck/k9/mail/filter/PeekableInputStream;--->peek()I
05-23 17:44:07.304 15520 15539 D M_InsDal: Lcom/fsck/k9/mail/store/imap/ImapFolder;--->checkOpen()V
05-23 17:44:07.304 15520 15544 D M_InsDal: Lcom/fsck/k9/mail/store/imap/ImapResponseParser;--->parseBareString(Z)Ljava/lang/String;
05-23 17:44:07.304 15520 15539 D M_InsDal: Lcom/fsck/k9/mail/store/imap/ImapFolder;--->isOpen()Z
05-23 17:44:07.304 15520 15544 D M_InsDal: Lcom/fsck/k9/mail/filter/PeekableInputStream;--->peek()I
05-23 17:44:07.304 15520 15544 D M_InsDal: Lcom/fsck/k9/mail/filter/PeekableInputStream;--->read()I
05-23 17:44:07.304 15520 15539 D M_InsDal: Lcom/fsck/k9/mail/store/imap/ImapFolder;--->getDateSearchString(Ljava/util/Date;)Ljava/lang/String;
05-23 17:44:07.304 15520 15544 D M_InsDal: Lcom/fsck/k9/mail/filter/PeekableInputStream;--->peek()I
05-23 17:44:07.304 15520 15544 D M_InsDal: Lcom/fsck/k9/mail/filter/PeekableInputStream;--->read()I
05-23 17:44:07.304 15520 15544 D M_InsDal: Lcom/fsck/k9/mail/filter/PeekableInputStream;--->peek()I
05-23 17:44:07.304 15520 15544 D M_InsDal: Lcom/fsck/k9/mail/filter/PeekableInputStream;--->read()I
05-23 17:44:07.304 15520 15544 D M_InsDal: Lcom/fsck/k9/mail/filter/PeekableInputStream;--->peek()I
05-23 17:44:07.304 15520 15544 D M_InsDal: Lcom/fsck/k9/mail/filter/PeekableInputStream;--->read()I
05-23 17:44:07.304 15520 15544 D M_InsDal: Lcom/fsck/k9/mail/filter/PeekableInputStream;--->peek()I
05-23 17:44:07.304 15520 15544 D M_InsDal: Lcom/fsck/k9/mail/filter/PeekableInputStream;--->read()I
05-23 17:44:07.304 15520 15544 D M_InsDal: Lcom/fsck/k9/mail/filter/PeekableInputStream;--->peek()I
05-23 17:44:07.304 15520 15544 D M_InsDal: Lcom/fsck/k9/mail/filter/PeekableInputStream;--->read()I
05-23 17:44:07.304 15520 15539 D M_InsDal: Lcom/fsck/k9/mail/store/imap/ImapConnection;--->executeSimpleCommand(Ljava/lang/String;)Ljava/util/List;
05-23 17:44:07.304 15520 15539 D M_InsDal: Lcom/fsck/k9/mail/store/imap/ImapConnection;--->executeSimpleCommand(Ljava/lang/String;Z)Ljava/util/List;
05-23 17:44:07.304 15520 15544 D M_InsDal: Lcom/fsck/k9/mail/filter/PeekableInputStream;--->peek()I
05-23 17:44:07.304 15520 15539 D M_InsDal: Lcom/fsck/k9/mail/store/imap/ImapConnection;--->sendCommand(Ljava/lang/String;Z)Ljava/lang/String;
05-23 17:44:07.304 15520 15539 D M_InsDal: Lcom/fsck/k9/mail/store/imap/ImapConnection;--->open()V
05-23 17:44:07.304 15520 15544 D M_InsDal: Lcom/fsck/k9/mail/store/imap/ImapResponseParser;--->readToken(Lcom/fsck/k9/mail/store/imap/ImapResponse;)Ljava/lang/Object;
05-23 17:44:07.304 15520 15544 D M_InsDal: Lcom/fsck/k9/mail/store/imap/ImapResponseParser;--->parseToken(Lcom/fsck/k9/mail/store/imap/ImapList;)Ljava/lang/Object;
05-23 17:44:07.304 15520 15544 D M_InsDal: Lcom/fsck/k9/mail/filter/PeekableInputStream;--->peek()I
05-23 17:44:07.304 15520 15544 D M_InsDal: Lcom/fsck/k9/mail/store/imap/ImapResponseParser;--->expect(C)V
05-23 17:44:07.304 15520 15544 D M_InsDal: Lcom/fsck/k9/mail/filter/PeekableInputStream;--->read()I
05-23 17:44:07.304 15520 15544 D M_InsDal: Lcom/fsck/k9/mail/store/imap/ImapResponseParser;--->expect(C)V
05-23 17:44:07.304 15520 15544 D M_InsDal: Lcom/fsck/k9/mail/filter/PeekableInputStream;--->read()I
05-23 17:44:07.304 15520 15544 D M_InsDal: Lcom/fsck/k9/mail/K9MailLib;--->isDebug()Z
05-23 17:44:07.304 15520 15544 D M_InsDal: Lcom/fsck/k9/K9$2;--->enabled()Z
05-23 17:44:07.304 15520 15544 D M_InsDal: Lcom/fsck/k9/mail/store/imap/ImapResponse;--->getTag()Ljava/lang/String;
05-23 17:44:07.304 15520 15544 D M_InsDal: Lcom/fsck/k9/mail/store/imap/ImapResponse;--->getTag()Ljava/lang/String;
05-23 17:44:07.304 15520 15544 D M_InsDal: Lcom/fsck/k9/mail/store/imap/ImapResponseParser;--->readResponse()Lcom/fsck/k9/mail/store/imap/ImapResponse;
05-23 17:44:07.304 15520 15544 D M_InsDal: Lcom/fsck/k9/mail/store/imap/ImapResponseParser;--->readResponse(Lcom/fsck/k9/mail/store/imap/ImapResponseCallback;)Lcom/fsck/k9/mail/store/imap/ImapResponse;
05-23 17:44:07.304 15520 15544 D M_InsDal: Lcom/fsck/k9/mail/filter/PeekableInputStream;--->peek()I
05-23 17:44:07.304 15520 15544 D M_InsDal: Lcom/fsck/k9/mail/store/imap/ImapResponseParser;--->readUntaggedResponse(Lcom/fsck/k9/mail/store/imap/ImapResponseCallback;)V
05-23 17:44:07.304 15520 15544 D M_InsDal: Lcom/fsck/k9/mail/store/imap/ImapResponseParser;--->parseUntaggedResponse()V
05-23 17:44:07.304 15520 15544 D M_InsDal: Lcom/fsck/k9/mail/store/imap/ImapResponseParser;--->expect(C)V
05-23 17:44:07.304 15520 15544 D M_InsDal: Lcom/fsck/k9/mail/filter/PeekableInputStream;--->read()I
05-23 17:44:07.304 15520 15544 D M_InsDal: Lcom/fsck/k9/mail/store/imap/ImapResponseParser;--->expect(C)V
05-23 17:44:07.304 15520 15544 D M_InsDal: Lcom/fsck/k9/mail/filter/PeekableInputStream;--->read()I
05-23 17:44:07.304 15520 15544 D M_InsDal: Lcom/fsck/k9/mail/store/imap/ImapResponse;--->newUntaggedResponse(Lcom/fsck/k9/mail/store/imap/ImapResponseCallback;)Lcom/fsck/k9/mail/store/imap/ImapResponse;
05-23 17:44:07.304 15520 15544 D M_InsDal: Lcom/fsck/k9/mail/store/imap/ImapResponse;---><init>(Lcom/fsck/k9/mail/store/imap/ImapResponseCallback;ZLjava/lang/String;)V
05-23 17:44:07.304 15520 15544 D M_InsDal: Lcom/fsck/k9/mail/store/imap/ImapList;---><init>()V
05-23 17:44:07.304 15520 15544 D M_InsDal: Lcom/fsck/k9/mail/store/imap/ImapResponseParser;--->readTokens(Lcom/fsck/k9/mail/store/imap/ImapResponse;)V
05-23 17:44:07.304 15520 15544 D M_InsDal: Lcom/fsck/k9/mail/store/imap/ImapResponseParser;--->readToken(Lcom/fsck/k9/mail/store/imap/ImapResponse;)Ljava/lang/Object;
05-23 17:44:07.304 15520 15544 D M_InsDal: Lcom/fsck/k9/mail/store/imap/ImapResponseParser;--->parseToken(Lcom/fsck/k9/mail/store/imap/ImapList;)Ljava/lang/Object;
05-23 17:44:07.304 15520 15544 D M_InsDal: Lcom/fsck/k9/mail/filter/PeekableInputStream;--->peek()I
05-23 17:44:07.304 15520 15544 D M_InsDal: Lcom/fsck/k9/mail/store/imap/ImapResponseParser;--->parseBareString(Z)Ljava/lang/String;
05-23 17:44:07.304 15520 15544 D M_InsDal: Lcom/fsck/k9/mail/filter/PeekableInputStream;--->peek()I
05-23 17:44:07.304 15520 15544 D M_InsDal: Lcom/fsck/k9/mail/filter/PeekableInputStream;--->read()I
05-23 17:44:07.304 15520 15544 D M_InsDal: Lcom/fsck/k9/mail/filter/PeekableInputStream;--->peek()I
05-23 17:44:07.304 15520 15544 D M_InsDal: Lcom/fsck/k9/mail/store/imap/ImapResponseParser;--->checkTokenIsString(Ljava/lang/Object;)V
05-23 17:44:07.304 15520 15544 D M_InsDal: Lcom/fsck/k9/mail/store/imap/ImapResponseParser;--->isStatusResponse(Ljava/lang/String;)Z
05-23 17:44:07.304 15520 15544 D M_InsDal: Lcom/fsck/k9/mail/store/imap/ImapResponseParser;--->equalsIgnoreCase(Ljava/lang/Object;Ljava/lang/String;)Z
05-23 17:44:07.304 15520 15544 D M_InsDal: Lcom/fsck/k9/mail/store/imap/ImapResponseParser;--->equalsIgnoreCase(Ljava/lang/Object;Ljava/lang/String;)Z
05-23 17:44:07.304 15520 15544 D M_InsDal: Lcom/fsck/k9/mail/store/imap/ImapResponseParser;--->readToken(Lcom/fsck/k9/mail/store/imap/ImapResponse;)Ljava/lang/Object;
05-23 17:44:07.304 15520 15544 D M_InsDal: Lcom/fsck/k9/mail/store/imap/ImapResponseParser;--->parseToken(Lcom/fsck/k9/mail/store/imap/ImapList;)Ljava/lang/Object;
05-23 17:44:07.304 15520 15544 D M_InsDal: Lcom/fsck/k9/mail/filter/PeekableInputStream;--->peek()I
05-23 17:44:07.304 15520 15544 D M_InsDal: Lcom/fsck/k9/mail/store/imap/ImapResponseParser;--->expect(C)V
05-23 17:44:07.304 15520 15544 D M_InsDal: Lcom/fsck/k9/mail/filter/PeekableInputStream;--->read()I
05-23 17:44:07.304 15520 15544 D M_InsDal: Lcom/fsck/k9/mail/filter/PeekableInputStream;--->peek()I
05-23 17:44:07.304 15520 15544 D M_InsDal: Lcom/fsck/k9/mail/store/imap/ImapResponseParser;--->parseBareString(Z)Ljava/lang/String;
05-23 17:44:07.304 15520 15544 D M_InsDal: Lcom/fsck/k9/mail/filter/PeekableInputStream;--->peek()I
05-23 17:44:07.304 15520 15544 D M_InsDal: Lcom/fsck/k9/mail/filter/PeekableInputStream;--->read()I
05-23 17:44:07.304 15520 15544 D M_InsDal: Lcom/fsck/k9/mail/filter/PeekableInputStream;--->peek()I
05-23 17:44:07.304 15520 15544 D M_InsDal: Lcom/fsck/k9/mail/filter/PeekableInputStream;--->read()I
05-23 17:44:07.304 15520 15544 D M_InsDal: Lcom/fsck/k9/mail/filter/PeekableInputStream;--->peek()I
05-23 17:44:07.304 15520 15544 D M_InsDal: Lcom/fsck/k9/mail/filter/PeekableInputStream;--->read()I
05-23 17:44:07.304 15520 15544 D M_InsDal: Lcom/fsck/k9/mail/filter/PeekableInputStream;--->peek()I
05-23 17:44:07.304 15520 15544 D M_InsDal: Lcom/fsck/k9/mail/filter/PeekableInputStream;--->read()I
05-23 17:44:07.304 15520 15544 D M_InsDal: Lcom/fsck/k9/mail/filter/PeekableInputStream;--->peek()I
05-23 17:44:07.304 15520 15544 D M_InsDal: Lcom/fsck/k9/mail/filter/PeekableInputStream;--->read()I
05-23 17:44:07.304 15520 15544 D M_InsDal: Lcom/fsck/k9/mail/filter/PeekableInputStream;--->peek()I
05-23 17:44:07.304 15520 15544 D M_InsDal: Lcom/fsck/k9/mail/filter/PeekableInputStream;--->read()I
05-23 17:44:07.304 15520 15544 D M_InsDal: Lcom/fsck/k9/mail/filter/PeekableInputStream;--->peek()I
05-23 17:44:07.305 15520 15544 D M_InsDal: Lcom/fsck/k9/mail/store/imap/ImapResponseParser;--->readToken(Lcom/fsck/k9/mail/store/imap/ImapResponse;)Ljava/lang/Object;
05-23 17:44:07.305 15520 15544 D M_InsDal: Lcom/fsck/k9/mail/store/imap/ImapResponseParser;--->parseToken(Lcom/fsck/k9/mail/store/imap/ImapList;)Ljava/lang/Object;
05-23 17:44:07.305 15520 15544 D M_InsDal: Lcom/fsck/k9/mail/filter/PeekableInputStream;--->peek()I
05-23 17:44:07.305 15520 15544 D M_InsDal: Lcom/fsck/k9/mail/store/imap/ImapResponseParser;--->expect(C)V
05-23 17:44:07.305 15520 15544 D M_InsDal: Lcom/fsck/k9/mail/filter/PeekableInputStream;--->read()I
05-23 17:44:07.305 15520 15544 D M_InsDal: Lcom/fsck/k9/mail/store/imap/ImapResponseParser;--->expect(C)V
05-23 17:44:07.305 15520 15544 D M_InsDal: Lcom/fsck/k9/mail/filter/PeekableInputStream;--->read()I
05-23 17:44:07.305 15520 15544 D M_InsDal: Lcom/fsck/k9/mail/K9MailLib;--->isDebug()Z
05-23 17:44:07.305 15520 15539 D M_InsDal: Lcom/fsck/k9/mail/K9MailLib;--->isDebug()Z
05-23 17:44:07.305 15520 15544 D M_InsDal: Lcom/fsck/k9/K9$2;--->enabled()Z
05-23 17:44:07.305 15520 15539 D M_InsDal: Lcom/fsck/k9/K9$2;--->enabled()Z
05-23 17:44:07.305 15520 15544 D M_InsDal: Lcom/fsck/k9/mail/store/imap/ImapResponse;--->getTag()Ljava/lang/String;
05-23 17:44:07.305 15520 15539 D M_InsDal: Lcom/fsck/k9/mail/store/imap/ImapConnection;--->getLogId()Ljava/lang/String;
05-23 17:44:07.305 15520 15544 D M_InsDal: Lcom/fsck/k9/mail/store/imap/ImapResponse;--->getTag()Ljava/lang/String;
05-23 17:44:07.305 15520 15539 D M_InsDal: Lcom/fsck/k9/mail/store/imap/ImapResponseParser;--->readStatusResponse(Ljava/lang/String;Ljava/lang/String;Ljava/lang/String;Lcom/fsck/k9/mail/store/imap/UntaggedHandler;)Ljava/util/List;
05-23 17:44:07.305 15520 15544 D M_InsDal: Lcom/fsck/k9/mail/store/imap/ImapResponse;--->getTag()Ljava/lang/String;
05-23 17:44:07.305 15520 15539 D M_InsDal: Lcom/fsck/k9/mail/store/imap/ImapResponseParser;--->readResponse()Lcom/fsck/k9/mail/store/imap/ImapResponse;
05-23 17:44:07.305 15520 15544 D M_InsDal: Lcom/fsck/k9/mail/store/imap/ImapResponseParser;--->readResponse()Lcom/fsck/k9/mail/store/imap/ImapResponse;
05-23 17:44:07.305 15520 15539 D M_InsDal: Lcom/fsck/k9/mail/store/imap/ImapResponseParser;--->readResponse(Lcom/fsck/k9/mail/store/imap/ImapResponseCallback;)Lcom/fsck/k9/mail/store/imap/ImapResponse;
05-23 17:44:07.305 15520 15544 D M_InsDal: Lcom/fsck/k9/mail/store/imap/ImapResponseParser;--->readResponse(Lcom/fsck/k9/mail/store/imap/ImapResponseCallback;)Lcom/fsck/k9/mail/store/imap/ImapResponse;
05-23 17:44:07.305 15520 15539 D M_InsDal: Lcom/fsck/k9/mail/filter/PeekableInputStream;--->peek()I
05-23 17:44:07.305 15520 15544 D M_InsDal: Lcom/fsck/k9/mail/filter/PeekableInputStream;--->peek()I
05-23 17:44:07.305 15520 15544 D M_InsDal: Lcom/fsck/k9/mail/store/imap/ImapResponseParser;--->readUntaggedResponse(Lcom/fsck/k9/mail/store/imap/ImapResponseCallback;)V
05-23 17:44:07.305 15520 15544 D M_InsDal: Lcom/fsck/k9/mail/store/imap/ImapResponseParser;--->parseUntaggedResponse()V
05-23 17:44:07.305 15520 15544 D M_InsDal: Lcom/fsck/k9/mail/store/imap/ImapResponseParser;--->expect(C)V
05-23 17:44:07.305 15520 15544 D M_InsDal: Lcom/fsck/k9/mail/filter/PeekableInputStream;--->read()I
05-23 17:44:07.305 15520 15544 D M_InsDal: Lcom/fsck/k9/mail/store/imap/ImapResponseParser;--->expect(C)V
05-23 17:44:07.305 15520 15544 D M_InsDal: Lcom/fsck/k9/mail/filter/PeekableInputStream;--->read()I
05-23 17:44:07.305 15520 15544 D M_InsDal: Lcom/fsck/k9/mail/store/imap/ImapResponse;--->newUntaggedResponse(Lcom/fsck/k9/mail/store/imap/ImapResponseCallback;)Lcom/fsck/k9/mail/store/imap/ImapResponse;
05-23 17:44:07.305 15520 15544 D M_InsDal: Lcom/fsck/k9/mail/store/imap/ImapResponse;---><init>(Lcom/fsck/k9/mail/store/imap/ImapResponseCallback;ZLjava/lang/String;)V
05-23 17:44:07.305 15520 15544 D M_InsDal: Lcom/fsck/k9/mail/store/imap/ImapList;---><init>()V
05-23 17:44:07.305 15520 15544 D M_InsDal: Lcom/fsck/k9/mail/store/imap/ImapResponseParser;--->readTokens(Lcom/fsck/k9/mail/store/imap/ImapResponse;)V
05-23 17:44:07.305 15520 15544 D M_InsDal: Lcom/fsck/k9/mail/store/imap/ImapResponseParser;--->readToken(Lcom/fsck/k9/mail/store/imap/ImapResponse;)Ljava/lang/Object;
05-23 17:44:07.305 15520 15544 D M_InsDal: Lcom/fsck/k9/mail/store/imap/ImapResponseParser;--->parseToken(Lcom/fsck/k9/mail/store/imap/ImapList;)Ljava/lang/Object;
05-23 17:44:07.305 15520 15544 D M_InsDal: Lcom/fsck/k9/mail/filter/PeekableInputStream;--->peek()I
05-23 17:44:07.305 15520 15544 D M_InsDal: Lcom/fsck/k9/mail/store/imap/ImapResponseParser;--->parseBareString(Z)Ljava/lang/String;
05-23 17:44:07.305 15520 15544 D M_InsDal: Lcom/fsck/k9/mail/filter/PeekableInputStream;--->peek()I
05-23 17:44:07.305 15520 15544 D M_InsDal: Lcom/fsck/k9/mail/filter/PeekableInputStream;--->read()I
05-23 17:44:07.305 15520 15544 D M_InsDal: Lcom/fsck/k9/mail/filter/PeekableInputStream;--->peek()I
05-23 17:44:07.305 15520 15544 D M_InsDal: Lcom/fsck/k9/mail/filter/PeekableInputStream;--->read()I
05-23 17:44:07.305 15520 15544 D M_InsDal: Lcom/fsck/k9/mail/filter/PeekableInputStream;--->peek()I
05-23 17:44:07.305 15520 15544 D M_InsDal: Lcom/fsck/k9/mail/store/imap/ImapResponseParser;--->checkTokenIsString(Ljava/lang/Object;)V
05-23 17:44:07.305 15520 15544 D M_InsDal: Lcom/fsck/k9/mail/store/imap/ImapResponseParser;--->isStatusResponse(Ljava/lang/String;)Z
05-23 17:44:07.305 15520 15544 D M_InsDal: Lcom/fsck/k9/mail/store/imap/ImapResponseParser;--->parseResponseText(Lcom/fsck/k9/mail/store/imap/ImapResponse;)V
05-23 17:44:07.305 15520 15544 D M_InsDal: Lcom/fsck/k9/mail/store/imap/ImapResponseParser;--->skipIfSpace()V
05-23 17:44:07.305 15520 15544 D M_InsDal: Lcom/fsck/k9/mail/filter/PeekableInputStream;--->peek()I
05-23 17:44:07.305 15520 15544 D M_InsDal: Lcom/fsck/k9/mail/store/imap/ImapResponseParser;--->expect(C)V
05-23 17:44:07.305 15520 15544 D M_InsDal: Lcom/fsck/k9/mail/filter/PeekableInputStream;--->read()I
05-23 17:44:07.305 15520 15544 D M_InsDal: Lcom/fsck/k9/mail/filter/PeekableInputStream;--->peek()I
05-23 17:44:07.305 15520 15544 D M_InsDal: Lcom/fsck/k9/mail/store/imap/ImapResponseParser;--->parseList(Lcom/fsck/k9/mail/store/imap/ImapList;CC)Lcom/fsck/k9/mail/store/imap/ImapList;
05-23 17:44:07.305 15520 15544 D M_InsDal: Lcom/fsck/k9/mail/store/imap/ImapResponseParser;--->expect(C)V
05-23 17:44:07.305 15520 15544 D M_InsDal: Lcom/fsck/k9/mail/filter/PeekableInputStream;--->read()I
05-23 17:44:07.305 15520 15544 D M_InsDal: Lcom/fsck/k9/mail/store/imap/ImapList;---><init>()V
05-23 17:44:07.305 15520 15544 D M_InsDal: Lcom/fsck/k9/mail/store/imap/ImapResponseParser;--->parseToken(Lcom/fsck/k9/mail/store/imap/ImapList;)Ljava/lang/Object;
05-23 17:44:07.305 15520 15544 D M_InsDal: Lcom/fsck/k9/mail/filter/PeekableInputStream;--->peek()I
05-23 17:44:07.305 15520 15544 D M_InsDal: Lcom/fsck/k9/mail/store/imap/ImapResponseParser;--->parseBareString(Z)Ljava/lang/String;
05-23 17:44:07.305 15520 15544 D M_InsDal: Lcom/fsck/k9/mail/filter/PeekableInputStream;--->peek()I
05-23 17:44:07.305 15520 15544 D M_InsDal: Lcom/fsck/k9/mail/filter/PeekableInputStream;--->read()I
05-23 17:44:07.305 15520 15544 D M_InsDal: Lcom/fsck/k9/mail/filter/PeekableInputStream;--->peek()I
05-23 17:44:07.305 15520 15544 D M_InsDal: Lcom/fsck/k9/mail/filter/PeekableInputStream;--->read()I
05-23 17:44:07.305 15520 15544 D M_InsDal: Lcom/fsck/k9/mail/filter/PeekableInputStream;--->peek()I
05-23 17:44:07.305 15520 15544 D M_InsDal: Lcom/fsck/k9/mail/filter/PeekableInputStream;--->read()I
05-23 17:44:07.305 15520 15544 D M_InsDal: Lcom/fsck/k9/mail/filter/PeekableInputStream;--->peek()I
05-23 17:44:07.305 15520 15544 D M_InsDal: Lcom/fsck/k9/mail/filter/PeekableInputStream;--->read()I
05-23 17:44:07.305 15520 15544 D M_InsDal: Lcom/fsck/k9/mail/filter/PeekableInputStream;--->peek()I
05-23 17:44:07.305 15520 15544 D M_InsDal: Lcom/fsck/k9/mail/filter/PeekableInputStream;--->read()I
05-23 17:44:07.305 15520 15544 D M_InsDal: Lcom/fsck/k9/mail/filter/PeekableInputStream;--->peek()I
05-23 17:44:07.305 15520 15544 D M_InsDal: Lcom/fsck/k9/mail/filter/PeekableInputStream;--->read()I
05-23 17:44:07.305 15520 15544 D M_InsDal: Lcom/fsck/k9/mail/filter/PeekableInputStream;--->peek()I
05-23 17:44:07.305 15520 15544 D M_InsDal: Lcom/fsck/k9/mail/filter/PeekableInputStream;--->read()I
05-23 17:44:07.305 15520 15544 D M_InsDal: Lcom/fsck/k9/mail/filter/PeekableInputStream;--->peek()I
05-23 17:44:07.305 15520 15544 D M_InsDal: Lcom/fsck/k9/mail/filter/PeekableInputStream;--->read()I
05-23 17:44:07.305 15520 15544 D M_InsDal: Lcom/fsck/k9/mail/filter/PeekableInputStream;--->peek()I
05-23 17:44:07.305 15520 15544 D M_InsDal: Lcom/fsck/k9/mail/filter/PeekableInputStream;--->read()I
05-23 17:44:07.305 15520 15544 D M_InsDal: Lcom/fsck/k9/mail/filter/PeekableInputStream;--->peek()I
05-23 17:44:07.305 15520 15544 D M_InsDal: Lcom/fsck/k9/mail/filter/PeekableInputStream;--->read()I
05-23 17:44:07.305 15520 15544 D M_InsDal: Lcom/fsck/k9/mail/filter/PeekableInputStream;--->peek()I
05-23 17:44:07.305 15520 15544 D M_InsDal: Lcom/fsck/k9/mail/filter/PeekableInputStream;--->read()I
05-23 17:44:07.305 15520 15544 D M_InsDal: Lcom/fsck/k9/mail/filter/PeekableInputStream;--->peek()I
05-23 17:44:07.305 15520 15544 D M_InsDal: Lcom/fsck/k9/mail/store/imap/ImapResponseParser;--->parseToken(Lcom/fsck/k9/mail/store/imap/ImapList;)Ljava/lang/Object;
05-23 17:44:07.305 15520 15544 D M_InsDal: Lcom/fsck/k9/mail/filter/PeekableInputStream;--->peek()I
05-23 17:44:07.305 15520 15544 D M_InsDal: Lcom/fsck/k9/mail/store/imap/ImapResponseParser;--->expect(C)V
05-23 17:44:07.305 15520 15544 D M_InsDal: Lcom/fsck/k9/mail/filter/PeekableInputStream;--->read()I
05-23 17:44:07.305 15520 15544 D M_InsDal: Lcom/fsck/k9/mail/filter/PeekableInputStream;--->peek()I
05-23 17:44:07.305 15520 15544 D M_InsDal: Lcom/fsck/k9/mail/store/imap/ImapResponseParser;--->parseBareString(Z)Ljava/lang/String;
05-23 17:44:07.305 15520 15544 D M_InsDal: Lcom/fsck/k9/mail/filter/PeekableInputStream;--->peek()I
05-23 17:44:07.305 15520 15544 D M_InsDal: Lcom/fsck/k9/mail/filter/PeekableInputStream;--->read()I
05-23 17:44:07.305 15520 15544 D M_InsDal: Lcom/fsck/k9/mail/filter/PeekableInputStream;--->peek()I
05-23 17:44:07.305 15520 15544 D M_InsDal: Lcom/fsck/k9/mail/filter/PeekableInputStream;--->read()I
05-23 17:44:07.305 15520 15544 D M_InsDal: Lcom/fsck/k9/mail/filter/PeekableInputStream;--->peek()I
05-23 17:44:07.305 15520 15544 D M_InsDal: Lcom/fsck/k9/mail/filter/PeekableInputStream;--->read()I
05-23 17:44:07.305 15520 15544 D M_InsDal: Lcom/fsck/k9/mail/filter/PeekableInputStream;--->peek()I
05-23 17:44:07.305 15520 15544 D M_InsDal: Lcom/fsck/k9/mail/filter/PeekableInputStream;--->read()I
05-23 17:44:07.305 15520 15544 D M_InsDal: Lcom/fsck/k9/mail/filter/PeekableInputStream;--->peek()I
05-23 17:44:07.305 15520 15544 D M_InsDal: Lcom/fsck/k9/mail/filter/PeekableInputStream;--->read()I
05-23 17:44:07.305 15520 15544 D M_InsDal: Lcom/fsck/k9/mail/filter/PeekableInputStream;--->peek()I
05-23 17:44:07.305 15520 15544 D M_InsDal: Lcom/fsck/k9/mail/filter/PeekableInputStream;--->read()I
05-23 17:44:07.305 15520 15544 D M_InsDal: Lcom/fsck/k9/mail/filter/PeekableInputStream;--->peek()I
05-23 17:44:07.305 15520 15544 D M_InsDal: Lcom/fsck/k9/mail/filter/PeekableInputStream;--->read()I
05-23 17:44:07.305 15520 15544 D M_InsDal: Lcom/fsck/k9/mail/filter/PeekableInputStream;--->peek()I
05-23 17:44:07.305 15520 15544 D M_InsDal: Lcom/fsck/k9/mail/filter/PeekableInputStream;--->read()I
05-23 17:44:07.305 15520 15544 D M_InsDal: Lcom/fsck/k9/mail/filter/PeekableInputStream;--->peek()I
05-23 17:44:07.305 15520 15544 D M_InsDal: Lcom/fsck/k9/mail/filter/PeekableInputStream;--->read()I
05-23 17:44:07.305 15520 15544 D M_InsDal: Lcom/fsck/k9/mail/filter/PeekableInputStream;--->peek()I
05-23 17:44:07.305 15520 15544 D M_InsDal: Lcom/fsck/k9/mail/filter/PeekableInputStream;--->read()I
05-23 17:44:07.305 15520 15544 D M_InsDal: Lcom/fsck/k9/mail/filter/PeekableInputStream;--->peek()I
05-23 17:44:07.305 15520 15544 D M_InsDal: Lcom/fsck/k9/mail/store/imap/ImapResponseParser;--->parseToken(Lcom/fsck/k9/mail/store/imap/ImapList;)Ljava/lang/Object;
05-23 17:44:07.305 15520 15544 D M_InsDal: Lcom/fsck/k9/mail/filter/PeekableInputStream;--->peek()I
05-23 17:44:07.305 15520 15544 D M_InsDal: Lcom/fsck/k9/mail/store/imap/ImapResponseParser;--->expect(C)V
05-23 17:44:07.305 15520 15544 D M_InsDal: Lcom/fsck/k9/mail/filter/PeekableInputStream;--->read()I
05-23 17:44:07.305 15520 15544 D M_InsDal: Lcom/fsck/k9/mail/store/imap/ImapResponseParser;--->skipIfSpace()V
05-23 17:44:07.305 15520 15544 D M_InsDal: Lcom/fsck/k9/mail/filter/PeekableInputStream;--->peek()I
05-23 17:44:07.305 15520 15544 D M_InsDal: Lcom/fsck/k9/mail/store/imap/ImapResponseParser;--->expect(C)V
05-23 17:44:07.305 15520 15544 D M_InsDal: Lcom/fsck/k9/mail/filter/PeekableInputStream;--->read()I
05-23 17:44:07.305 15520 15544 D M_InsDal: Lcom/fsck/k9/mail/store/imap/ImapResponseParser;--->readStringUntilEndOfLine()Ljava/lang/String;
05-23 17:44:07.305 15520 15544 D M_InsDal: Lcom/fsck/k9/mail/store/imap/ImapResponseParser;--->readStringUntil(C)Ljava/lang/String;
05-23 17:44:07.305 15520 15544 D M_InsDal: Lcom/fsck/k9/mail/filter/PeekableInputStream;--->read()I
05-23 17:44:07.305 15520 15544 D M_InsDal: Lcom/fsck/k9/mail/filter/PeekableInputStream;--->read()I
05-23 17:44:07.305 15520 15544 D M_InsDal: Lcom/fsck/k9/mail/store/imap/ImapResponseParser;--->expect(C)V
05-23 17:44:07.305 15520 15544 D M_InsDal: Lcom/fsck/k9/mail/filter/PeekableInputStream;--->read()I
05-23 17:44:07.305 15520 15544 D M_InsDal: Lcom/fsck/k9/mail/K9MailLib;--->isDebug()Z
05-23 17:44:07.305 15520 15544 D M_InsDal: Lcom/fsck/k9/K9$2;--->enabled()Z
05-23 17:44:07.305 15520 15544 D M_InsDal: Lcom/fsck/k9/mail/store/imap/ImapResponse;--->getTag()Ljava/lang/String;
05-23 17:44:07.305 15520 15544 D M_InsDal: Lcom/fsck/k9/mail/store/imap/ImapResponse;--->getTag()Ljava/lang/String;
05-23 17:44:07.305 15520 15544 D M_InsDal: Lcom/fsck/k9/mail/store/imap/ImapResponseParser;--->readResponse()Lcom/fsck/k9/mail/store/imap/ImapResponse;
05-23 17:44:07.305 15520 15544 D M_InsDal: Lcom/fsck/k9/mail/store/imap/ImapResponseParser;--->readResponse(Lcom/fsck/k9/mail/store/imap/ImapResponseCallback;)Lcom/fsck/k9/mail/store/imap/ImapResponse;
05-23 17:44:07.305 15520 15544 D M_InsDal: Lcom/fsck/k9/mail/filter/PeekableInputStream;--->peek()I
05-23 17:44:07.305 15520 15544 D M_InsDal: Lcom/fsck/k9/mail/store/imap/ImapResponseParser;--->readUntaggedResponse(Lcom/fsck/k9/mail/store/imap/ImapResponseCallback;)V
05-23 17:44:07.305 15520 15544 D M_InsDal: Lcom/fsck/k9/mail/store/imap/ImapResponseParser;--->parseUntaggedResponse()V
05-23 17:44:07.306 15520 15544 D M_InsDal: Lcom/fsck/k9/mail/store/imap/ImapResponseParser;--->expect(C)V
05-23 17:44:07.306 15520 15544 D M_InsDal: Lcom/fsck/k9/mail/filter/PeekableInputStream;--->read()I
05-23 17:44:07.306 15520 15544 D M_InsDal: Lcom/fsck/k9/mail/store/imap/ImapResponseParser;--->expect(C)V
05-23 17:44:07.306 15520 15544 D M_InsDal: Lcom/fsck/k9/mail/filter/PeekableInputStream;--->read()I
05-23 17:44:07.306 15520 15544 D M_InsDal: Lcom/fsck/k9/mail/store/imap/ImapResponse;--->newUntaggedResponse(Lcom/fsck/k9/mail/store/imap/ImapResponseCallback;)Lcom/fsck/k9/mail/store/imap/ImapResponse;
05-23 17:44:07.306 15520 15544 D M_InsDal: Lcom/fsck/k9/mail/store/imap/ImapResponse;---><init>(Lcom/fsck/k9/mail/store/imap/ImapResponseCallback;ZLjava/lang/String;)V
05-23 17:44:07.306 15520 15544 D M_InsDal: Lcom/fsck/k9/mail/store/imap/ImapList;---><init>()V
05-23 17:44:07.306 15520 15544 D M_InsDal: Lcom/fsck/k9/mail/store/imap/ImapResponseParser;--->readTokens(Lcom/fsck/k9/mail/store/imap/ImapResponse;)V
05-23 17:44:07.306 15520 15544 D M_InsDal: Lcom/fsck/k9/mail/store/imap/ImapResponseParser;--->readToken(Lcom/fsck/k9/mail/store/imap/ImapResponse;)Ljava/lang/Object;
05-23 17:44:07.306 15520 15544 D M_InsDal: Lcom/fsck/k9/mail/store/imap/ImapResponseParser;--->parseToken(Lcom/fsck/k9/mail/store/imap/ImapList;)Ljava/lang/Object;
05-23 17:44:07.306 15520 15544 D M_InsDal: Lcom/fsck/k9/mail/filter/PeekableInputStream;--->peek()I
05-23 17:44:07.306 15520 15544 D M_InsDal: Lcom/fsck/k9/mail/store/imap/ImapResponseParser;--->parseBareString(Z)Ljava/lang/String;
05-23 17:44:07.306 15520 15544 D M_InsDal: Lcom/fsck/k9/mail/filter/PeekableInputStream;--->peek()I
05-23 17:44:07.306 15520 15544 D M_InsDal: Lcom/fsck/k9/mail/filter/PeekableInputStream;--->read()I
05-23 17:44:07.306 15520 15544 D M_InsDal: Lcom/fsck/k9/mail/filter/PeekableInputStream;--->peek()I
05-23 17:44:07.306 15520 15544 D M_InsDal: Lcom/fsck/k9/mail/filter/PeekableInputStream;--->read()I
05-23 17:44:07.306 15520 15544 D M_InsDal: Lcom/fsck/k9/mail/filter/PeekableInputStream;--->peek()I
05-23 17:44:07.306 15520 15544 D M_InsDal: Lcom/fsck/k9/mail/store/imap/ImapResponseParser;--->checkTokenIsString(Ljava/lang/Object;)V
05-23 17:44:07.306 15520 15544 D M_InsDal: Lcom/fsck/k9/mail/store/imap/ImapResponseParser;--->isStatusResponse(Ljava/lang/String;)Z
05-23 17:44:07.306 15520 15544 D M_InsDal: Lcom/fsck/k9/mail/store/imap/ImapResponseParser;--->parseResponseText(Lcom/fsck/k9/mail/store/imap/ImapResponse;)V
05-23 17:44:07.306 15520 15544 D M_InsDal: Lcom/fsck/k9/mail/store/imap/ImapResponseParser;--->skipIfSpace()V
05-23 17:44:07.306 15520 15544 D M_InsDal: Lcom/fsck/k9/mail/filter/PeekableInputStream;--->peek()I
05-23 17:44:07.306 15520 15544 D M_InsDal: Lcom/fsck/k9/mail/store/imap/ImapResponseParser;--->expect(C)V
05-23 17:44:07.306 15520 15544 D M_InsDal: Lcom/fsck/k9/mail/filter/PeekableInputStream;--->read()I
05-23 17:44:07.306 15520 15544 D M_InsDal: Lcom/fsck/k9/mail/filter/PeekableInputStream;--->peek()I
05-23 17:44:07.306 15520 15544 D M_InsDal: Lcom/fsck/k9/mail/store/imap/ImapResponseParser;--->parseList(Lcom/fsck/k9/mail/store/imap/ImapList;CC)Lcom/fsck/k9/mail/store/imap/ImapList;
05-23 17:44:07.306 15520 15544 D M_InsDal: Lcom/fsck/k9/mail/store/imap/ImapResponseParser;--->expect(C)V
05-23 17:44:07.306 15520 15544 D M_InsDal: Lcom/fsck/k9/mail/filter/PeekableInputStream;--->read()I
05-23 17:44:07.306 15520 15544 D M_InsDal: Lcom/fsck/k9/mail/store/imap/ImapList;---><init>()V
05-23 17:44:07.306 15520 15544 D M_InsDal: Lcom/fsck/k9/mail/store/imap/ImapResponseParser;--->parseToken(Lcom/fsck/k9/mail/store/imap/ImapList;)Ljava/lang/Object;
05-23 17:44:07.306 15520 15544 D M_InsDal: Lcom/fsck/k9/mail/filter/PeekableInputStream;--->peek()I
05-23 17:44:07.306 15520 15544 D M_InsDal: Lcom/fsck/k9/mail/store/imap/ImapResponseParser;--->parseBareString(Z)Ljava/lang/String;
05-23 17:44:07.306 15520 15544 D M_InsDal: Lcom/fsck/k9/mail/filter/PeekableInputStream;--->peek()I
05-23 17:44:07.306 15520 15544 D M_InsDal: Lcom/fsck/k9/mail/filter/PeekableInputStream;--->read()I
05-23 17:44:07.306 15520 15544 D M_InsDal: Lcom/fsck/k9/mail/filter/PeekableInputStream;--->peek()I
05-23 17:44:07.306 15520 15544 D M_InsDal: Lcom/fsck/k9/mail/filter/PeekableInputStream;--->read()I
05-23 17:44:07.306 15520 15544 D M_InsDal: Lcom/fsck/k9/mail/filter/PeekableInputStream;--->peek()I
05-23 17:44:07.306 15520 15544 D M_InsDal: Lcom/fsck/k9/mail/filter/PeekableInputStream;--->read()I
05-23 17:44:07.306 15520 15544 D M_InsDal: Lcom/fsck/k9/mail/filter/PeekableInputStream;--->peek()I
05-23 17:44:07.306 15520 15544 D M_InsDal: Lcom/fsck/k9/mail/filter/PeekableInputStream;--->read()I
05-23 17:44:07.306 15520 15544 D M_InsDal: Lcom/fsck/k9/mail/filter/PeekableInputStream;--->peek()I
05-23 17:44:07.306 15520 15544 D M_InsDal: Lcom/fsck/k9/mail/filter/PeekableInputStream;--->read()I
05-23 17:44:07.306 15520 15544 D M_InsDal: Lcom/fsck/k9/mail/filter/PeekableInputStream;--->peek()I
05-23 17:44:07.306 15520 15544 D M_InsDal: Lcom/fsck/k9/mail/filter/PeekableInputStream;--->read()I
05-23 17:44:07.306 15520 15544 D M_InsDal: Lcom/fsck/k9/mail/filter/PeekableInputStream;--->peek()I
05-23 17:44:07.306 15520 15544 D M_InsDal: Lcom/fsck/k9/mail/filter/PeekableInputStream;--->read()I
05-23 17:44:07.306 15520 15544 D M_InsDal: Lcom/fsck/k9/mail/filter/PeekableInputStream;--->peek()I
05-23 17:44:07.306 15520 15544 D M_InsDal: Lcom/fsck/k9/mail/store/imap/ImapResponseParser;--->parseToken(Lcom/fsck/k9/mail/store/imap/ImapList;)Ljava/lang/Object;
05-23 17:44:07.306 15520 15544 D M_InsDal: Lcom/fsck/k9/mail/filter/PeekableInputStream;--->peek()I
05-23 17:44:07.306 15520 15544 D M_InsDal: Lcom/fsck/k9/mail/store/imap/ImapResponseParser;--->expect(C)V
05-23 17:44:07.306 15520 15544 D M_InsDal: Lcom/fsck/k9/mail/filter/PeekableInputStream;--->read()I
05-23 17:44:07.306 15520 15544 D M_InsDal: Lcom/fsck/k9/mail/filter/PeekableInputStream;--->peek()I
05-23 17:44:07.306 15520 15544 D M_InsDal: Lcom/fsck/k9/mail/store/imap/ImapResponseParser;--->parseBareString(Z)Ljava/lang/String;
05-23 17:44:07.306 15520 15544 D M_InsDal: Lcom/fsck/k9/mail/filter/PeekableInputStream;--->peek()I
05-23 17:44:07.306 15520 15544 D M_InsDal: Lcom/fsck/k9/mail/filter/PeekableInputStream;--->read()I
05-23 17:44:07.306 15520 15544 D M_InsDal: Lcom/fsck/k9/mail/filter/PeekableInputStream;--->peek()I
05-23 17:44:07.306 15520 15544 D M_InsDal: Lcom/fsck/k9/mail/store/imap/ImapResponseParser;--->parseToken(Lcom/fsck/k9/mail/store/imap/ImapList;)Ljava/lang/Object;
05-23 17:44:07.306 15520 15544 D M_InsDal: Lcom/fsck/k9/mail/filter/PeekableInputStream;--->peek()I
05-23 17:44:07.306 15520 15544 D M_InsDal: Lcom/fsck/k9/mail/store/imap/ImapResponseParser;--->expect(C)V
05-23 17:44:07.306 15520 15544 D M_InsDal: Lcom/fsck/k9/mail/filter/PeekableInputStream;--->read()I
05-23 17:44:07.306 15520 15544 D M_InsDal: Lcom/fsck/k9/mail/store/imap/ImapResponseParser;--->skipIfSpace()V
05-23 17:44:07.306 15520 15544 D M_InsDal: Lcom/fsck/k9/mail/filter/PeekableInputStream;--->peek()I
05-23 17:44:07.306 15520 15544 D M_InsDal: Lcom/fsck/k9/mail/store/imap/ImapResponseParser;--->expect(C)V
05-23 17:44:07.306 15520 15544 D M_InsDal: Lcom/fsck/k9/mail/filter/PeekableInputStream;--->read()I
05-23 17:44:07.306 15520 15544 D M_InsDal: Lcom/fsck/k9/mail/store/imap/ImapResponseParser;--->readStringUntilEndOfLine()Ljava/lang/String;
05-23 17:44:07.306 15520 15544 D M_InsDal: Lcom/fsck/k9/mail/store/imap/ImapResponseParser;--->readStringUntil(C)Ljava/lang/String;
05-23 17:44:07.306 15520 15544 D M_InsDal: Lcom/fsck/k9/mail/filter/PeekableInputStream;--->read()I
05-23 17:44:07.306 15520 15544 D M_InsDal: Lcom/fsck/k9/mail/filter/PeekableInputStream;--->read()I
05-23 17:44:07.306 15520 15544 D M_InsDal: Lcom/fsck/k9/mail/store/imap/ImapResponseParser;--->expect(C)V
05-23 17:44:07.306 15520 15544 D M_InsDal: Lcom/fsck/k9/mail/filter/PeekableInputStream;--->read()I
05-23 17:44:07.306 15520 15544 D M_InsDal: Lcom/fsck/k9/mail/K9MailLib;--->isDebug()Z
05-23 17:44:07.306 15520 15544 D M_InsDal: Lcom/fsck/k9/K9$2;--->enabled()Z
05-23 17:44:07.306 15520 15544 D M_InsDal: Lcom/fsck/k9/mail/store/imap/ImapResponse;--->getTag()Ljava/lang/String;
05-23 17:44:07.306 15520 15544 D M_InsDal: Lcom/fsck/k9/mail/store/imap/ImapResponse;--->getTag()Ljava/lang/String;
05-23 17:44:07.306 15520 15544 D M_InsDal: Lcom/fsck/k9/mail/store/imap/ImapResponseParser;--->readResponse()Lcom/fsck/k9/mail/store/imap/ImapResponse;
05-23 17:44:07.306 15520 15544 D M_InsDal: Lcom/fsck/k9/mail/store/imap/ImapResponseParser;--->readResponse(Lcom/fsck/k9/mail/store/imap/ImapResponseCallback;)Lcom/fsck/k9/mail/store/imap/ImapResponse;
05-23 17:44:07.306 15520 15544 D M_InsDal: Lcom/fsck/k9/mail/filter/PeekableInputStream;--->peek()I
05-23 17:44:07.306 15520 15544 D M_InsDal: Lcom/fsck/k9/mail/store/imap/ImapResponseParser;--->readUntaggedResponse(Lcom/fsck/k9/mail/store/imap/ImapResponseCallback;)V
05-23 17:44:07.306 15520 15544 D M_InsDal: Lcom/fsck/k9/mail/store/imap/ImapResponseParser;--->parseUntaggedResponse()V
05-23 17:44:07.306 15520 15544 D M_InsDal: Lcom/fsck/k9/mail/store/imap/ImapResponseParser;--->expect(C)V
05-23 17:44:07.306 15520 15544 D M_InsDal: Lcom/fsck/k9/mail/filter/PeekableInputStream;--->read()I
05-23 17:44:07.306 15520 15544 D M_InsDal: Lcom/fsck/k9/mail/store/imap/ImapResponseParser;--->expect(C)V
05-23 17:44:07.306 15520 15544 D M_InsDal: Lcom/fsck/k9/mail/filter/PeekableInputStream;--->read()I
05-23 17:44:07.306 15520 15544 D M_InsDal: Lcom/fsck/k9/mail/store/imap/ImapResponse;--->newUntaggedResponse(Lcom/fsck/k9/mail/store/imap/ImapResponseCallback;)Lcom/fsck/k9/mail/store/imap/ImapResponse;
05-23 17:44:07.306 15520 15544 D M_InsDal: Lcom/fsck/k9/mail/store/imap/ImapResponse;---><init>(Lcom/fsck/k9/mail/store/imap/ImapResponseCallback;ZLjava/lang/String;)V
05-23 17:44:07.306 15520 15544 D M_InsDal: Lcom/fsck/k9/mail/store/imap/ImapList;---><init>()V
05-23 17:44:07.306 15520 15544 D M_InsDal: Lcom/fsck/k9/mail/store/imap/ImapResponseParser;--->readTokens(Lcom/fsck/k9/mail/store/imap/ImapResponse;)V
05-23 17:44:07.306 15520 15544 D M_InsDal: Lcom/fsck/k9/mail/store/imap/ImapResponseParser;--->readToken(Lcom/fsck/k9/mail/store/imap/ImapResponse;)Ljava/lang/Object;
05-23 17:44:07.306 15520 15544 D M_InsDal: Lcom/fsck/k9/mail/store/imap/ImapResponseParser;--->parseToken(Lcom/fsck/k9/mail/store/imap/ImapList;)Ljava/lang/Object;
05-23 17:44:07.306 15520 15544 D M_InsDal: Lcom/fsck/k9/mail/filter/PeekableInputStream;--->peek()I
05-23 17:44:07.306 15520 15544 D M_InsDal: Lcom/fsck/k9/mail/store/imap/ImapResponseParser;--->parseBareString(Z)Ljava/lang/String;
05-23 17:44:07.306 15520 15544 D M_InsDal: Lcom/fsck/k9/mail/filter/PeekableInputStream;--->peek()I
05-23 17:44:07.306 15520 15544 D M_InsDal: Lcom/fsck/k9/mail/filter/PeekableInputStream;--->read()I
05-23 17:44:07.306 15520 15544 D M_InsDal: Lcom/fsck/k9/mail/filter/PeekableInputStream;--->peek()I
05-23 17:44:07.306 15520 15544 D M_InsDal: Lcom/fsck/k9/mail/filter/PeekableInputStream;--->read()I
05-23 17:44:07.306 15520 15544 D M_InsDal: Lcom/fsck/k9/mail/filter/PeekableInputStream;--->peek()I
05-23 17:44:07.306 15520 15544 D M_InsDal: Lcom/fsck/k9/mail/filter/PeekableInputStream;--->read()I
05-23 17:44:07.306 15520 15544 D M_InsDal: Lcom/fsck/k9/mail/filter/PeekableInputStream;--->peek()I
05-23 17:44:07.306 15520 15544 D M_InsDal: Lcom/fsck/k9/mail/filter/PeekableInputStream;--->read()I
05-23 17:44:07.306 15520 15544 D M_InsDal: Lcom/fsck/k9/mail/filter/PeekableInputStream;--->peek()I
05-23 17:44:07.306 15520 15544 D M_InsDal: Lcom/fsck/k9/mail/filter/PeekableInputStream;--->read()I
05-23 17:44:07.306 15520 15544 D M_InsDal: Lcom/fsck/k9/mail/filter/PeekableInputStream;--->peek()I
05-23 17:44:07.306 15520 15544 D M_InsDal: Lcom/fsck/k9/mail/store/imap/ImapResponseParser;--->checkTokenIsString(Ljava/lang/Object;)V
05-23 17:44:07.306 15520 15544 D M_InsDal: Lcom/fsck/k9/mail/store/imap/ImapResponseParser;--->isStatusResponse(Ljava/lang/String;)Z
05-23 17:44:07.306 15520 15544 D M_InsDal: Lcom/fsck/k9/mail/store/imap/ImapResponseParser;--->equalsIgnoreCase(Ljava/lang/Object;Ljava/lang/String;)Z
05-23 17:44:07.306 15520 15544 D M_InsDal: Lcom/fsck/k9/mail/store/imap/ImapResponseParser;--->equalsIgnoreCase(Ljava/lang/Object;Ljava/lang/String;)Z
05-23 17:44:07.306 15520 15544 D M_InsDal: Lcom/fsck/k9/mail/store/imap/ImapResponseParser;--->readToken(Lcom/fsck/k9/mail/store/imap/ImapResponse;)Ljava/lang/Object;
05-23 17:44:07.306 15520 15544 D M_InsDal: Lcom/fsck/k9/mail/store/imap/ImapResponseParser;--->parseToken(Lcom/fsck/k9/mail/store/imap/ImapList;)Ljava/lang/Object;
05-23 17:44:07.306 15520 15544 D M_InsDal: Lcom/fsck/k9/mail/filter/PeekableInputStream;--->peek()I
05-23 17:44:07.306 15520 15544 D M_InsDal: Lcom/fsck/k9/mail/store/imap/ImapResponseParser;--->expect(C)V
05-23 17:44:07.306 15520 15544 D M_InsDal: Lcom/fsck/k9/mail/filter/PeekableInputStream;--->read()I
05-23 17:44:07.306 15520 15544 D M_InsDal: Lcom/fsck/k9/mail/filter/PeekableInputStream;--->peek()I
05-23 17:44:07.306 15520 15544 D M_InsDal: Lcom/fsck/k9/mail/store/imap/ImapResponseParser;--->parseList(Lcom/fsck/k9/mail/store/imap/ImapList;CC)Lcom/fsck/k9/mail/store/imap/ImapList;
05-23 17:44:07.306 15520 15544 D M_InsDal: Lcom/fsck/k9/mail/store/imap/ImapResponseParser;--->expect(C)V
05-23 17:44:07.306 15520 15544 D M_InsDal: Lcom/fsck/k9/mail/filter/PeekableInputStream;--->read()I
05-23 17:44:07.306 15520 15544 D M_InsDal: Lcom/fsck/k9/mail/store/imap/ImapList;---><init>()V
05-23 17:44:07.306 15520 15544 D M_InsDal: Lcom/fsck/k9/mail/store/imap/ImapResponseParser;--->parseToken(Lcom/fsck/k9/mail/store/imap/ImapList;)Ljava/lang/Object;
05-23 17:44:07.306 15520 15544 D M_InsDal: Lcom/fsck/k9/mail/filter/PeekableInputStream;--->peek()I
05-23 17:44:07.306 15520 15544 D M_InsDal: Lcom/fsck/k9/mail/store/imap/ImapResponseParser;--->parseBareString(Z)Ljava/lang/String;
05-23 17:44:07.306 15520 15544 D M_InsDal: Lcom/fsck/k9/mail/filter/PeekableInputStream;--->peek()I
05-23 17:44:07.306 15520 15544 D M_InsDal: Lcom/fsck/k9/mail/filter/PeekableInputStream;--->read()I
05-23 17:44:07.306 15520 15544 D M_InsDal: Lcom/fsck/k9/mail/filter/PeekableInputStream;--->peek()I
05-23 17:44:07.306 15520 15544 D M_InsDal: Lcom/fsck/k9/mail/filter/PeekableInputStream;--->read()I
05-23 17:44:07.306 15520 15544 D M_InsDal: Lcom/fsck/k9/mail/filter/PeekableInputStream;--->peek()I
05-23 17:44:07.306 15520 15544 D M_InsDal: Lcom/fsck/k9/mail/filter/PeekableInputStream;--->read()I
05-23 17:44:07.306 15520 15544 D M_InsDal: Lcom/fsck/k9/mail/filter/PeekableInputStream;--->peek()I
05-23 17:44:07.306 15520 15544 D M_InsDal: Lcom/fsck/k9/mail/filter/PeekableInputStream;--->read()I
05-23 17:44:07.306 15520 15544 D M_InsDal: Lcom/fsck/k9/mail/filter/PeekableInputStream;--->peek()I
05-23 17:44:07.306 15520 15544 D M_InsDal: Lcom/fsck/k9/mail/filter/PeekableInputStream;--->read()I
05-23 17:44:07.306 15520 15544 D M_InsDal: Lcom/fsck/k9/mail/filter/PeekableInputStream;--->peek()I
05-23 17:44:07.306 15520 15544 D M_InsDal: Lcom/fsck/k9/mail/filter/PeekableInputStream;--->read()I
05-23 17:44:07.306 15520 15544 D M_InsDal: Lcom/fsck/k9/mail/filter/PeekableInputStream;--->peek()I
05-23 17:44:07.306 15520 15544 D M_InsDal: Lcom/fsck/k9/mail/filter/PeekableInputStream;--->read()I
05-23 17:44:07.306 15520 15544 D M_InsDal: Lcom/fsck/k9/mail/filter/PeekableInputStream;--->peek()I
05-23 17:44:07.306 15520 15544 D M_InsDal: Lcom/fsck/k9/mail/filter/PeekableInputStream;--->read()I
05-23 17:44:07.306 15520 15544 D M_InsDal: Lcom/fsck/k9/mail/filter/PeekableInputStream;--->peek()I
05-23 17:44:07.306 15520 15544 D M_InsDal: Lcom/fsck/k9/mail/filter/PeekableInputStream;--->read()I
05-23 17:44:07.306 15520 15544 D M_InsDal: Lcom/fsck/k9/mail/filter/PeekableInputStream;--->peek()I
05-23 17:44:07.306 15520 15544 D M_InsDal: Lcom/fsck/k9/mail/store/imap/ImapResponseParser;--->parseToken(Lcom/fsck/k9/mail/store/imap/ImapList;)Ljava/lang/Object;
05-23 17:44:07.306 15520 15544 D M_InsDal: Lcom/fsck/k9/mail/filter/PeekableInputStream;--->peek()I
05-23 17:44:07.306 15520 15544 D M_InsDal: Lcom/fsck/k9/mail/store/imap/ImapResponseParser;--->expect(C)V
05-23 17:44:07.306 15520 15544 D M_InsDal: Lcom/fsck/k9/mail/filter/PeekableInputStream;--->read()I
05-23 17:44:07.306 15520 15544 D M_InsDal: Lcom/fsck/k9/mail/filter/PeekableInputStream;--->peek()I
05-23 17:44:07.306 15520 15544 D M_InsDal: Lcom/fsck/k9/mail/store/imap/ImapResponseParser;--->parseBareString(Z)Ljava/lang/String;
05-23 17:44:07.306 15520 15544 D M_InsDal: Lcom/fsck/k9/mail/filter/PeekableInputStream;--->peek()I
05-23 17:44:07.306 15520 15544 D M_InsDal: Lcom/fsck/k9/mail/filter/PeekableInputStream;--->read()I
05-23 17:44:07.306 15520 15544 D M_InsDal: Lcom/fsck/k9/mail/filter/PeekableInputStream;--->peek()I
05-23 17:44:07.306 15520 15544 D M_InsDal: Lcom/fsck/k9/mail/filter/PeekableInputStream;--->read()I
05-23 17:44:07.306 15520 15544 D M_InsDal: Lcom/fsck/k9/mail/filter/PeekableInputStream;--->peek()I
05-23 17:44:07.306 15520 15544 D M_InsDal: Lcom/fsck/k9/mail/filter/PeekableInputStream;--->read()I
05-23 17:44:07.306 15520 15544 D M_InsDal: Lcom/fsck/k9/mail/filter/PeekableInputStream;--->peek()I
05-23 17:44:07.306 15520 15544 D M_InsDal: Lcom/fsck/k9/mail/filter/PeekableInputStream;--->read()I
05-23 17:44:07.306 15520 15544 D M_InsDal: Lcom/fsck/k9/mail/filter/PeekableInputStream;--->peek()I
05-23 17:44:07.306 15520 15544 D M_InsDal: Lcom/fsck/k9/mail/filter/PeekableInputStream;--->read()I
05-23 17:44:07.306 15520 15544 D M_InsDal: Lcom/fsck/k9/mail/filter/PeekableInputStream;--->peek()I
05-23 17:44:07.306 15520 15544 D M_InsDal: Lcom/fsck/k9/mail/filter/PeekableInputStream;--->read()I
05-23 17:44:07.306 15520 15544 D M_InsDal: Lcom/fsck/k9/mail/filter/PeekableInputStream;--->peek()I
